[LEFT ""]
[RIGHT ""]
MAP
197 15
-11110 -10882 -9997 -10622 -9406 -8838 -8589 -9670 -8506 -8900 -9497 -8098 -8208 -8074 -7619 -8637 -7385 -7408 -7003 -6976 -7654 -6554 -6558 -6428 -6169 -6708 -6156 -6695 -7122 -5734 -5973 -5512 -5365 -5298 -5317 -4967 -5252 -5102 -4935 -5133 -4737 -4825 -4498 -4292 -4890 -4067 -4225 -3858 -4170 -4043 -3876 -3731 -3784 -3720 -4113 -3500 -3470 -3216 -2975 -3185 -2760 -2757 -2850 -2823 -2707 -2527 -2692 -2787 -2561 -2683 -2485 -2272 -2133 -2276 -2108 -1878 -1408 -1736 -1687 -2121 -1327 -1482 -1340 -1347 -1209 -1292 -1215 -954 -825 -927 -167 -615 -755 -630 -250 -164 -160 -73 0 73 160 164 250 630 755 615 167 927 825 954 1215 1292 1209 1347 1340 1482 1327 2121 1687 1736 1408 1878 2108 2276 2133 2272 2485 2683 2561 2787 2692 2527 2707 2823 2850 2757 2760 3185 2975 3216 3470 3500 4113 3720 3784 3731 3876 4043 4170 3858 4225 4067 4890 4292 4498 4825 4737 5133 4935 5102 5252 4967 5317 5298 5365 5512 5973 5734 7122 6695 6156 6708 6169 6428 6558 6554 7654 6976 7003 7408 7385 8637 7619 8074 8208 8098 9497 8900 8506 9670 8589 8838 9406 10622 9997 10882 11110
795 -1811 -377 3724 1921 -925 905 -3533 2826 4593 -5845 37 -2193 -4374 -902 6285 1744 3355 -4137 -2063 -6899 3949 5412 64 2265 6828 -4904 -8507 8534 -1631 -3028 4774 3332 6003 -5714 7095 9606 -365 -3280 1245 -4462 -6612 5514 3793 -8602 29 2468 -7249 -2753 -1399 7922 4872 1270 -5963 -10030 -4555 6783 -2446 1904 -3589 5023 -6688 -251 2977 -8511 920 6036 8221 -5264 10494 -1532 -2913 -4215 4100 7180 -8057 8804 -6451 2021 -10727 -1511 -162 -3612 6411 -5219 5241 3809 2866 -2617 -7159 -10651 -8198 883 7765 -6422 1903 5466 -4022 0 4022 -5466 -1903 6422 -7765 -883 8198 10651 7159 2617 -2866 -3809 -5241 5219 -6411 3612 162 1511 10727 -2021 6451 -8804 8057 -7180 -4100 4215 2913 1532 -10494 5264 -8221 -6036 -920 8511 -2977 251 6688 -5023 3589 -1904 2446 -6783 4555 10030 5963 -1270 -4872 -7922 1399 2753 7249 -2468 -29 8602 -3793 -5514 6612 4462 -1245 3280 365 -9606 -7095 5714 -6003 -3332 -4774 3028 1631 -8534 8507 4904 -6828 -2265 -64 -5412 -3949 6899 2063 4137 -3355 -1744 -6285 902 4374 2193 -37 5845 -4593 -2826 3533 -905 925 -1921 -3724 377 1811 -795
STRONGHOLDS 1 10 24 58 61 72 79 98 117 124 135 138 172 186 195
4 1 2 3 4
5 0 2 5 7 12
6 0 1 4 5 6 11
5 0 4 8 9 15
5 0 2 3 6 8
5 1 2 11 12 14
5 2 4 8 11 16
4 1 10 12 13
6 3 4 6 9 16 17
6 3 8 15 17 21 22
3 7 13 20
6 2 5 6 14 16 23
7 1 5 7 13 14 18 19
6 7 10 12 18 20 26
6 5 11 12 19 23 29
5 3 9 22 25 28
6 6 8 11 17 23 24
5 8 9 16 21 24
5 12 13 19 26 30
5 12 14 18 29 30
6 10 13 26 27 34 41
6 9 17 22 24 31 32
6 9 15 21 25 31 33
7 11 14 16 24 29 37 39
7 16 17 21 23 32 39 46
5 15 22 28 33 35
7 13 18 20 30 34 38 40
4 20 41 44 54
4 15 25 35 36
8 14 19 23 30 37 38 48 49
5 18 19 26 29 38
6 21 22 32 33 42 43
5 21 24 31 43 46
5 22 25 31 35 42
5 20 26 40 41 53
7 25 28 33 36 42 50 56
4 28 35 50 69
5 23 29 39 45 49
6 26 29 30 40 48 59
6 23 24 37 45 46 52
6 26 34 38 53 55 59
6 20 27 34 44 47 53
7 31 33 35 43 51 56 66
7 31 32 42 46 51 63 73
5 27 41 47 54 64
6 37 39 49 52 62 65
7 24 32 39 43 52 58 63
5 41 44 53 61 64
5 29 38 49 57 59
7 29 37 45 48 57 62 70
5 35 36 56 67 69
5 42 43 60 66 73
5 39 45 46 58 65
7 34 40 41 47 55 61 68
4 27 44 64 79
5 40 53 59 68 72
6 35 42 50 66 67 74
5 48 49 59 70 71
5 46 52 63 65 78
7 38 40 48 55 57 71 72
4 51 66 73 85
6 47 53 64 68 75 77
5 45 49 65 70 81
7 43 46 58 73 78 86 87
6 44 47 54 61 75 79
7 45 52 58 62 78 81 92
7 42 51 56 60 74 83 85
5 50 56 69 74 76
6 53 55 61 72 77 84
5 36 50 67 76 106
6 49 57 62 71 80 81
7 57 59 70 72 80 82 88
6 55 59 68 71 82 84
6 43 51 60 63 85 86
6 56 66 67 76 83 93
6 61 64 77 79 89 91
6 67 69 74 93 105 106
6 61 68 75 84 89 94
6 58 63 65 87 92 95
5 54 64 75 90 91
6 70 71 81 88 98 101
6 62 65 70 80 92 98
5 71 72 84 88 97
6 66 74 85 93 96 102
7 68 72 77 82 94 97 100
7 60 66 73 83 86 96 99
5 63 73 85 87 99
6 63 78 86 95 99 108
6 71 80 82 97 101 109
5 75 77 91 94 103
4 79 91 120 127
6 75 79 89 90 103 120
5 65 78 81 95 98
6 74 76 83 102 105 107
6 77 84 89 100 103 113
6 78 87 92 98 108 116
5 83 85 99 102 112
7 82 84 88 100 109 110 111
8 80 81 92 95 101 104 115 116
7 85 86 87 96 108 112 114
5 84 94 97 111 113
6 80 88 98 104 109 118
6 83 93 96 107 112 119
6 89 91 94 113 120 122
5 98 101 115 118 131
6 76 93 106 107 117 121
4 69 76 105 117
5 93 102 105 119 121
6 87 95 99 114 116 125
6 88 97 101 110 118 133
5 97 109 111 123 133
7 97 100 110 113 123 130 136
7 96 99 102 114 119 124 128
6 94 100 103 111 122 130
5 99 108 112 124 125
6 98 104 116 126 131 134
6 95 98 108 115 125 126
5 105 106 121 132 142
6 101 104 109 131 133 138
6 102 107 112 121 128 135
6 90 91 103 122 127 129
6 105 107 117 119 132 135
6 103 113 120 129 130 140
6 110 111 133 136 145 153
6 112 114 125 128 137 141
7 108 114 116 124 126 137 139
6 115 116 125 134 139 147
5 90 120 129 146 160
6 112 119 124 135 141 143
5 120 122 127 140 146
7 111 113 122 136 140 145 154
7 104 115 118 134 138 144 151
6 117 121 135 142 149 152
7 109 110 118 123 138 150 153
5 115 126 131 147 151
6 119 121 128 132 143 149
4 111 123 130 145
7 124 125 139 141 148 156 158
5 118 131 133 144 150
5 125 126 137 147 148
6 122 129 130 146 154 161
5 124 128 137 143 156
4 117 132 152 169
7 128 135 141 149 155 156 162
5 131 138 150 151 157
5 123 130 136 153 154
5 127 129 140 160 161
7 126 134 139 148 151 159 167
5 137 139 147 158 167
5 132 135 143 152 155
7 133 138 144 153 157 164 172
6 131 134 144 147 157 159
5 132 142 149 155 169
7 123 133 145 150 154 164 165
7 130 140 145 153 161 163 165
6 143 149 152 162 169 176
6 137 141 143 158 162 170
6 144 150 151 159 172 173
6 137 148 156 166 167 170
5 147 151 157 167 173
4 127 146 161 168
7 140 146 154 160 163 168 171
5 143 155 156 170 176
5 154 161 165 171 174
5 150 153 165 172 175
6 153 154 163 164 174 175
5 158 167 170 177 178
8 147 148 158 159 166 173 177 182
4 160 161 171 181
4 142 152 155 176
7 156 158 162 166 176 178 183
5 161 163 168 174 181
7 150 157 164 173 175 179 180
7 157 159 167 172 180 182 185
6 163 165 171 175 181 187
6 164 165 172 174 179 187
6 155 162 169 170 183 186
5 166 167 178 182 184
5 166 170 177 183 184
5 172 175 180 187 188
6 172 173 179 185 188 190
5 168 171 174 187 193
6 167 173 177 184 185 191
6 170 176 178 184 186 189
7 177 178 182 183 189 191 195
6 173 180 182 190 191 194
3 176 183 189
6 174 175 179 181 188 193
6 179 180 187 190 192 193
4 183 184 186 195
5 180 185 188 192 194
5 182 184 185 194 195
5 188 190 193 194 196
5 181 187 188 192 196
6 185 190 191 192 195 196
5 184 189 191 194 196
4 192 193 194 195
END MAP
TURN 1
COMMAND LEFT START
MOVE A3 124
UPGRADE 0
COMMAND LEFT END
COMMAND RIGHT START
MOVE B1 195
MOVE B2 98
COMMAND RIGHT END
TURN 1 RESULT
TIME LEFT 63 5 RIGHT 1 5
UPGRADE A 0
MOVE A3 4
MOVE B1 195
MOVE B2 194
END TURN 1
TURN 2
COMMAND LEFT START
TRAIN 1
COMMAND LEFT END
COMMAND RIGHT START
UPGRADE 195
COMMAND RIGHT END
TURN 2 RESULT
TIME LEFT 1 5 RIGHT 0 5
UPGRADE B 195
TRAIN A4
MOVE A3 8
MOVE B2 185
END TURN 2
TURN 3
COMMAND LEFT START
MOVE A4 98
COMMAND LEFT END
COMMAND RIGHT START
COMMAND RIGHT END
TURN 3 RESULT
TIME LEFT 1 5 RIGHT 0 5
MOVE A3 17
MOVE A4 2
MOVE B2 173
END TURN 3
TURN 4
COMMAND LEFT START
COMMAND LEFT END
COMMAND RIGHT START
COMMAND RIGHT END
TURN 4 RESULT
TIME LEFT 0 5 RIGHT 0 5
MOVE A3 21
MOVE A4 11
MOVE B2 159
END TURN 4
TURN 5
COMMAND LEFT START
COMMAND LEFT END
COMMAND RIGHT START
COMMAND RIGHT END
TURN 5 RESULT
TIME LEFT 0 5 RIGHT 0 5
MOVE A3 32
MOVE A4 23
MOVE B2 151
END TURN 5
TURN 6
COMMAND LEFT START
TRAIN 1
COMMAND LEFT END
COMMAND RIGHT START
COMMAND RIGHT END
TURN 6 RESULT
TIME LEFT 0 5 RIGHT 0 5
TRAIN A5
MOVE A3 43
MOVE A4 37
MOVE B2 134
END TURN 6
TURN 7
COMMAND LEFT START
MOVE A5 98
COMMAND LEFT END
COMMAND RIGHT START
COMMAND RIGHT END
TURN 7 RESULT
TIME LEFT 1 5 RIGHT 0 5
MOVE A3 73
MOVE A4 45
MOVE A5 2
MOVE B2 115
END TURN 7
TURN 8
COMMAND LEFT START
COMMAND LEFT END
COMMAND RIGHT START
COMMAND RIGHT END
TURN 8 RESULT
TIME LEFT 0 5 RIGHT 0 5
MOVE A3 86
MOVE A4 62
MOVE A5 11
MOVE B2 98
END TURN 8
TURN 9
COMMAND LEFT START
COMMAND LEFT END
COMMAND RIGHT START
COMMAND RIGHT END
TURN 9 RESULT
TIME LEFT 0 5 RIGHT 0 5
MOVE A3 99
MOVE A4 81
MOVE A5 23
END TURN 9
TURN 10
COMMAND LEFT START
COMMAND LEFT END
COMMAND RIGHT START
COMMAND RIGHT END
TURN 10 RESULT
TIME LEFT 0 5 RIGHT 0 5
MOVE A3 114
MOVE A4 98
MOVE A5 37
DAMAGE COMBAT A4 1
DAMAGE COMBAT B2 1
END TURN 10
TURN 11
COMMAND LEFT START
MOVE A4 196
COMMAND LEFT END
COMMAND RIGHT START
COMMAND RIGHT END
TURN 11 RESULT
TIME LEFT 1 5 RIGHT 0 5
MOVE A3 124
MOVE A5 45
DAMAGE COMBAT A4 1
DAMAGE COMBAT B2 1
END TURN 11
TURN 12
COMMAND LEFT START
MOVE A3 196
COMMAND LEFT END
COMMAND RIGHT START
COMMAND RIGHT END
TURN 12 RESULT
TIME LEFT 1 5 RIGHT 0 5
MOVE A3 137
MOVE A5 62
DAMAGE COMBAT A4 1
DAMAGE COMBAT B2 1
END TURN 12
TURN 13
COMMAND LEFT START
COMMAND LEFT END
COMMAND RIGHT START
COMMAND RIGHT END
TURN 13 RESULT
TIME LEFT 0 5 RIGHT 0 5
MOVE A3 148
MOVE A5 81
DAMAGE COMBAT A4 1
DAMAGE COMBAT B2 1
END TURN 13
TURN 14
COMMAND LEFT START
TRAIN 1
COMMAND LEFT END
COMMAND RIGHT START
MOVE B3 98
TRAIN 1
COMMAND RIGHT END
TURN 14 RESULT
TIME LEFT 0 5 RIGHT 0 5
TRAIN A6 B4
MOVE A3 167
MOVE A4 115
MOVE A5 98
MOVE B3 194
END TURN 14
TURN 15
COMMAND LEFT START
MOVE A6 196
MOVE A5 196
COMMAND LEFT END
COMMAND RIGHT START
COMMAND RIGHT END
TURN 15 RESULT
TIME LEFT 1 5 RIGHT 0 5
MOVE A3 182
MOVE A4 134
MOVE A5 115
MOVE A6 2
MOVE B3 185
END TURN 15
TURN 16
COMMAND LEFT START
COMMAND LEFT END
COMMAND RIGHT START
COMMAND RIGHT END
TURN 16 RESULT
TIME LEFT 0 5 RIGHT 0 5
MOVE A3 191
MOVE A4 151
MOVE A5 134
MOVE A6 11
MOVE B3 173
END TURN 16
TURN 17
COMMAND LEFT START
COMMAND LEFT END
COMMAND RIGHT START
COMMAND RIGHT END
TURN 17 RESULT
TIME LEFT 1 5 RIGHT 0 5
MOVE A3 194
MOVE A4 159
MOVE A5 151
MOVE A6 23
MOVE B3 159
DAMAGE COMBAT A4 1
DAMAGE COMBAT B3 1
END TURN 17
TURN 18
COMMAND LEFT START
COMMAND LEFT END
COMMAND RIGHT START
COMMAND RIGHT END
TURN 18 RESULT
TIME LEFT 1 5 RIGHT 0 5
MOVE A3 196
MOVE A5 159
MOVE A6 37
MOVE B3 151
DAMAGE TURRET A3 1
DAMAGE COMBAT A3 1
DAMAGE COMBAT B4 1
END TURN 18
TURN 19
COMMAND LEFT START
COMMAND LEFT END
COMMAND RIGHT START
COMMAND RIGHT END
TURN 19 RESULT
TIME LEFT 1 5 RIGHT 0 5
MOVE A5 173
MOVE A6 45
MOVE B3 134
DAMAGE TURRET A3 1
DAMAGE COMBAT A3 1
DAMAGE COMBAT B4 1
END TURN 19
TURN 20
COMMAND LEFT START
COMMAND LEFT END
COMMAND RIGHT START
COMMAND RIGHT END
TURN 20 RESULT
TIME LEFT 1 5 RIGHT 0 5
MOVE A5 185
MOVE A6 62
MOVE B3 115
END TURN 20
TURN 21
COMMAND LEFT START
TRAIN 1
COMMAND LEFT END
COMMAND RIGHT START
COMMAND RIGHT END
TURN 21 RESULT
TIME LEFT 0 5 RIGHT 0 5
TRAIN A7
MOVE A5 194
MOVE A6 81
MOVE B3 98
END TURN 21
TURN 22
COMMAND LEFT START
MOVE A7 196
COMMAND LEFT END
COMMAND RIGHT START
UPGRADE 98
COMMAND RIGHT END
TURN 22 RESULT
TIME LEFT 1 5 RIGHT 0 5
UPGRADE B 98
MOVE A5 196
MOVE A6 98
MOVE A7 2
DAMAGE TURRET A5 1
DAMAGE TURRET A6 1
DAMAGE COMBAT A5 1
DAMAGE COMBAT A6 1
DAMAGE COMBAT B3 1
DAMAGE COMBAT B4 1
END TURN 22
TURN 23
COMMAND LEFT START
MOVE A5 0
COMMAND LEFT END
COMMAND RIGHT START
TRAIN 1
COMMAND RIGHT END
TURN 23 RESULT
TIME LEFT 1 5 RIGHT 0 5
TRAIN B5
MOVE A7 11
DAMAGE TURRET A5 1
DAMAGE TURRET A6 1
DAMAGE COMBAT A5 2
DAMAGE COMBAT A6 1
DAMAGE COMBAT B3 1
DAMAGE COMBAT B4 1
END TURN 23
TURN 24
COMMAND LEFT START
COMMAND LEFT END
COMMAND RIGHT START
COMMAND RIGHT END
TURN 24 RESULT
TIME LEFT 0 5 RIGHT 0 5
MOVE A7 23
DAMAGE TURRET A6 1
DAMAGE COMBAT B3 1
END TURN 24
TURN 25
COMMAND LEFT START
COMMAND LEFT END
COMMAND RIGHT START
COMMAND RIGHT END
TURN 25 RESULT
TIME LEFT 0 5 RIGHT 0 5
MOVE A7 37
END TURN 25
TURN 26
COMMAND LEFT START
COMMAND LEFT END
COMMAND RIGHT START
COMMAND RIGHT END
TURN 26 RESULT
TIME LEFT 0 5 RIGHT 0 5
MOVE A7 45
END TURN 26
TURN 27
COMMAND LEFT START
COMMAND LEFT END
COMMAND RIGHT START
TRAIN 1
COMMAND RIGHT END
TURN 27 RESULT
TIME LEFT 0 5 RIGHT 0 5
TRAIN B6
MOVE A7 62
END TURN 27
TURN 28
COMMAND LEFT START
TRAIN 1
COMMAND LEFT END
COMMAND RIGHT START
MOVE B5 98
COMMAND RIGHT END
TURN 28 RESULT
TIME LEFT 0 5 RIGHT 0 5
TRAIN A8
MOVE A7 81
MOVE B5 194
END TURN 28
TURN 29
COMMAND LEFT START
MOVE A8 98
COMMAND LEFT END
COMMAND RIGHT START
COMMAND RIGHT END
TURN 29 RESULT
TIME LEFT 1 5 RIGHT 0 5
MOVE A7 98
MOVE A8 2
MOVE B5 185
DAMAGE TURRET A7 1
SIEGE B 98 1
END TURN 29
TURN 30
COMMAND LEFT START
COMMAND LEFT END
COMMAND RIGHT START
COMMAND RIGHT END
TURN 30 RESULT
TIME LEFT 0 5 RIGHT 0 5
MOVE A7 115
MOVE A8 11
MOVE B5 173
END TURN 30
TURN 31
COMMAND LEFT START
COMMAND LEFT END
COMMAND RIGHT START
COMMAND RIGHT END
TURN 31 RESULT
TIME LEFT 1 5 RIGHT 0 5
MOVE A7 134
MOVE A8 23
MOVE B5 159
END TURN 31
TURN 32
COMMAND LEFT START
COMMAND LEFT END
COMMAND RIGHT START
COMMAND RIGHT END
TURN 32 RESULT
TIME LEFT 0 5 RIGHT 0 5
MOVE A7 151
MOVE A8 37
MOVE B5 151
DAMAGE COMBAT A7 1
DAMAGE COMBAT B5 1
END TURN 32
TURN 33
COMMAND LEFT START
TRAIN 1
COMMAND LEFT END
COMMAND RIGHT START
COMMAND RIGHT END
TURN 33 RESULT
TIME LEFT 0 5 RIGHT 0 5
TRAIN A9
MOVE A8 45
DAMAGE COMBAT A7 1
DAMAGE COMBAT B5 1
END TURN 33
TURN 34
COMMAND LEFT START
MOVE A9 98
COMMAND LEFT END
COMMAND RIGHT START
COMMAND RIGHT END
TURN 34 RESULT
TIME LEFT 1 5 RIGHT 0 5
MOVE A8 62
MOVE A9 2
DAMAGE COMBAT A7 1
DAMAGE COMBAT B5 1
END TURN 34
TURN 35
COMMAND LEFT START
COMMAND LEFT END
COMMAND RIGHT START
COMMAND RIGHT END
TURN 35 RESULT
TIME LEFT 0 5 RIGHT 0 5
MOVE A8 81
MOVE A9 11
DAMAGE COMBAT A7 1
DAMAGE COMBAT B5 1
END TURN 35
TURN 36
COMMAND LEFT START
COMMAND LEFT END
COMMAND RIGHT START
TRAIN 1
COMMAND RIGHT END
TURN 36 RESULT
TIME LEFT 0 5 RIGHT 0 5
TRAIN B7
MOVE A8 98
MOVE A9 23
DAMAGE TURRET A8 1
SIEGE B 98 1
END TURN 36
TURN 37
COMMAND LEFT START
COMMAND LEFT END
COMMAND RIGHT START
TRAIN 1
COMMAND RIGHT END
TURN 37 RESULT
TIME LEFT 1 5 RIGHT 0 5
TRAIN B8
MOVE A9 37
DAMAGE TURRET A8 1
SIEGE B 98 1
END TURN 37
TURN 38
COMMAND LEFT START
COMMAND LEFT END
COMMAND RIGHT START
COMMAND RIGHT END
TURN 38 RESULT
TIME LEFT 1 5 RIGHT 0 5
MOVE A9 45
DAMAGE TURRET A8 1
SIEGE B 98 1
END TURN 38
TURN 39
COMMAND LEFT START
COMMAND LEFT END
COMMAND RIGHT START
COMMAND RIGHT END
TURN 39 RESULT
TIME LEFT 1 5 RIGHT 0 5
MOVE A9 62
DAMAGE TURRET A8 1
SIEGE B 98 1
END TURN 39
TURN 40
COMMAND LEFT START
COMMAND LEFT END
COMMAND RIGHT START
COMMAND RIGHT END
TURN 40 RESULT
TIME LEFT 1 5 RIGHT 0 5
MOVE A9 81
DAMAGE TURRET A8 1
SIEGE B 98 1
END TURN 40
TURN 41
COMMAND LEFT START
TRAIN 1
COMMAND LEFT END
COMMAND RIGHT START
COMMAND RIGHT END
TURN 41 RESULT
TIME LEFT 0 5 RIGHT 0 5
TRAIN A10
MOVE A9 98
END TURN 41
TURN 42
COMMAND LEFT START
MOVE A10 196
MOVE A9 138
COMMAND LEFT END
COMMAND RIGHT START
COMMAND RIGHT END
TURN 42 RESULT
TIME LEFT 1 5 RIGHT 0 5
MOVE A9 104
MOVE A10 2
END TURN 42
TURN 43
COMMAND LEFT START
COMMAND LEFT END
COMMAND RIGHT START
COMMAND RIGHT END
TURN 43 RESULT
TIME LEFT 0 5 RIGHT 0 5
MOVE A9 118
MOVE A10 11
END TURN 43
TURN 44
COMMAND LEFT START
COMMAND LEFT END
COMMAND RIGHT START
COMMAND RIGHT END
TURN 44 RESULT
TIME LEFT 0 5 RIGHT 0 5
MOVE A9 138
MOVE A10 23
END TURN 44
TURN 45
COMMAND LEFT START
MOVE A9 195
COMMAND LEFT END
COMMAND RIGHT START
COMMAND RIGHT END
TURN 45 RESULT
TIME LEFT 1 5 RIGHT 0 5
MOVE A9 144
MOVE A10 37
END TURN 45
TURN 46
COMMAND LEFT START
TRAIN 1
COMMAND LEFT END
COMMAND RIGHT START
COMMAND RIGHT END
TURN 46 RESULT
TIME LEFT 0 5 RIGHT 0 5
TRAIN A11
MOVE A9 157
MOVE A10 45
END TURN 46
TURN 47
COMMAND LEFT START
MOVE A11 196
COMMAND LEFT END
COMMAND RIGHT START
COMMAND RIGHT END
TURN 47 RESULT
TIME LEFT 1 5 RIGHT 0 5
MOVE A9 173
MOVE A10 62
MOVE A11 2
END TURN 47
TURN 48
COMMAND LEFT START
COMMAND LEFT END
COMMAND RIGHT START
COMMAND RIGHT END
TURN 48 RESULT
TIME LEFT 0 5 RIGHT 0 5
MOVE A9 182
MOVE A10 81
MOVE A11 11
END TURN 48
TURN 49
COMMAND LEFT START
COMMAND LEFT END
COMMAND RIGHT START
COMMAND RIGHT END
TURN 49 RESULT
TIME LEFT 0 5 RIGHT 0 5
MOVE A9 191
MOVE A10 98
MOVE A11 23
END TURN 49
TURN 50
COMMAND LEFT START
COMMAND LEFT END
COMMAND RIGHT START
COMMAND RIGHT END
TURN 50 RESULT
TIME LEFT 0 5 RIGHT 0 5
MOVE A9 195
MOVE A10 115
MOVE A11 37
DAMAGE TURRET A9 1
DAMAGE COMBAT A9 1
DAMAGE COMBAT B1 1
END TURN 50
TURN 51
COMMAND LEFT START
MOVE A9 0
COMMAND LEFT END
COMMAND RIGHT START
COMMAND RIGHT END
TURN 51 RESULT
TIME LEFT 1 5 RIGHT 0 5
MOVE A10 134
MOVE A11 45
DAMAGE TURRET A9 1
DAMAGE COMBAT A9 1
DAMAGE COMBAT B1 1
END TURN 51
TURN 52
COMMAND LEFT START
TRAIN 1
COMMAND LEFT END
COMMAND RIGHT START
COMMAND RIGHT END
TURN 52 RESULT
TIME LEFT 0 5 RIGHT 0 5
TRAIN A12
MOVE A10 151
MOVE A11 62
DAMAGE TURRET A9 1
DAMAGE COMBAT B1 1
END TURN 52
TURN 53
COMMAND LEFT START
COMMAND LEFT END
COMMAND RIGHT START
COMMAND RIGHT END
TURN 53 RESULT
TIME LEFT 1 5 RIGHT 0 5
MOVE A10 159
MOVE A11 81
END TURN 53
TURN 54
COMMAND LEFT START
MOVE A12 24
COMMAND LEFT END
COMMAND RIGHT START
COMMAND RIGHT END
TURN 54 RESULT
TIME LEFT 1 5 RIGHT 0 5
MOVE A10 173
MOVE A11 98
MOVE A12 4
END TURN 54
TURN 55
COMMAND LEFT START
COMMAND LEFT END
COMMAND RIGHT START
COMMAND RIGHT END
TURN 55 RESULT
TIME LEFT 0 5 RIGHT 0 5
MOVE A10 185
MOVE A11 115
MOVE A12 6
END TURN 55
TURN 56
COMMAND LEFT START
COMMAND LEFT END
COMMAND RIGHT START
COMMAND RIGHT END
TURN 56 RESULT
TIME LEFT 0 5 RIGHT 0 5
MOVE A10 194
MOVE A11 134
MOVE A12 16
END TURN 56
TURN 57
COMMAND LEFT START
COMMAND LEFT END
COMMAND RIGHT START
COMMAND RIGHT END
TURN 57 RESULT
TIME LEFT 0 5 RIGHT 0 5
MOVE A10 196
MOVE A11 151
MOVE A12 24
DAMAGE TURRET A10 1
DAMAGE COMBAT A10 3
DAMAGE COMBAT B6 1
END TURN 57
TURN 58
COMMAND LEFT START
MOVE A12 172
MOVE A10 0
COMMAND LEFT END
COMMAND RIGHT START
COMMAND RIGHT END
TURN 58 RESULT
TIME LEFT 1 5 RIGHT 0 5
MOVE A11 159
MOVE A12 39
DAMAGE TURRET A10 1
DAMAGE COMBAT B6 1
END TURN 58
TURN 59
COMMAND LEFT START
TRAIN 1
COMMAND LEFT END
COMMAND RIGHT START
COMMAND RIGHT END
TURN 59 RESULT
TIME LEFT 0 5 RIGHT 0 5
TRAIN A13
MOVE A11 173
MOVE A12 52
END TURN 59
TURN 60
COMMAND LEFT START
COMMAND LEFT END
COMMAND RIGHT START
MOVE B8 172
COMMAND RIGHT END
TURN 60 RESULT
TIME LEFT 1 5 RIGHT 0 5
MOVE A11 185
MOVE A12 65
MOVE B8 192
END TURN 60
TURN 61
COMMAND LEFT START
MOVE A13 24
COMMAND LEFT END
COMMAND RIGHT START
COMMAND RIGHT END
TURN 61 RESULT
TIME LEFT 1 5 RIGHT 0 5
MOVE A11 194
MOVE A12 92
MOVE A13 4
MOVE B8 190
END TURN 61
TURN 62
COMMAND LEFT START
COMMAND LEFT END
COMMAND RIGHT START
COMMAND RIGHT END
TURN 62 RESULT
TIME LEFT 0 5 RIGHT 0 5
MOVE A11 196
MOVE A12 98
MOVE A13 6
MOVE B8 180
DAMAGE TURRET A11 1
DAMAGE COMBAT A11 2
DAMAGE COMBAT B6 1
END TURN 62
TURN 63
COMMAND LEFT START
MOVE A11 0
COMMAND LEFT END
COMMAND RIGHT START
COMMAND RIGHT END
TURN 63 RESULT
TIME LEFT 1 5 RIGHT 0 5
MOVE A12 104
MOVE A13 16
MOVE B8 172
DAMAGE TURRET A11 1
DAMAGE COMBAT A11 1
DAMAGE COMBAT B6 1
END TURN 63
TURN 64
COMMAND LEFT START
COMMAND LEFT END
COMMAND RIGHT START
UPGRADE 172
COMMAND RIGHT END
TURN 64 RESULT
TIME LEFT 0 5 RIGHT 0 5
UPGRADE B 172
MOVE A12 131
MOVE A13 24
END TURN 64
TURN 65
COMMAND LEFT START
MOVE A13 186
COMMAND LEFT END
COMMAND RIGHT START
COMMAND RIGHT END
TURN 65 RESULT
TIME LEFT 1 5 RIGHT 0 5
MOVE A12 144
MOVE A13 46
END TURN 65
TURN 66
COMMAND LEFT START
TRAIN 1
COMMAND LEFT END
COMMAND RIGHT START
COMMAND RIGHT END
TURN 66 RESULT
TIME LEFT 0 5 RIGHT 0 5
TRAIN A14
MOVE A12 157
MOVE A13 63
END TURN 66
TURN 67
COMMAND LEFT START
MOVE A14 1
COMMAND LEFT END
COMMAND RIGHT START
COMMAND RIGHT END
TURN 67 RESULT
TIME LEFT 1 5 RIGHT 0 5
MOVE A12 172
MOVE A13 87
MOVE A14 1
DAMAGE TURRET A12 1
DAMAGE COMBAT A12 1
DAMAGE COMBAT B8 1
END TURN 67
TURN 68
COMMAND LEFT START
MOVE A14 172
MOVE A12 138
COMMAND LEFT END
COMMAND RIGHT START
COMMAND RIGHT END
TURN 68 RESULT
TIME LEFT 1 5 RIGHT 0 5
MOVE A13 108
MOVE A14 12
DAMAGE TURRET A12 1
DAMAGE COMBAT A12 1
DAMAGE COMBAT B8 1
END TURN 68
TURN 69
COMMAND LEFT START
COMMAND LEFT END
COMMAND RIGHT START
COMMAND RIGHT END
TURN 69 RESULT
TIME LEFT 0 5 RIGHT 0 5
MOVE A13 125
MOVE A14 19
DAMAGE TURRET A12 1
DAMAGE COMBAT B8 1
END TURN 69
TURN 70
COMMAND LEFT START
COMMAND LEFT END
COMMAND RIGHT START
COMMAND RIGHT END
TURN 70 RESULT
TIME LEFT 0 5 RIGHT 0 5
MOVE A13 137
MOVE A14 29
END TURN 70
TURN 71
COMMAND LEFT START
COMMAND LEFT END
COMMAND RIGHT START
COMMAND RIGHT END
TURN 71 RESULT
TIME LEFT 0 5 RIGHT 0 5
MOVE A13 156
MOVE A14 49
END TURN 71
TURN 72
COMMAND LEFT START
COMMAND LEFT END
COMMAND RIGHT START
COMMAND RIGHT END
TURN 72 RESULT
TIME LEFT 0 5 RIGHT 0 5
MOVE A13 170
MOVE A14 70
END TURN 72
TURN 73
COMMAND LEFT START
TRAIN 1
COMMAND LEFT END
COMMAND RIGHT START
COMMAND RIGHT END
TURN 73 RESULT
TIME LEFT 0 5 RIGHT 0 5
TRAIN A15
MOVE A13 183
MOVE A14 80
END TURN 73
TURN 74
COMMAND LEFT START
MOVE A15 10
COMMAND LEFT END
COMMAND RIGHT START
COMMAND RIGHT END
TURN 74 RESULT
TIME LEFT 1 5 RIGHT 0 5
MOVE A13 186
MOVE A14 101
MOVE A15 1
END TURN 74
TURN 75
COMMAND LEFT START
MOVE A13 135
COMMAND LEFT END
COMMAND RIGHT START
COMMAND RIGHT END
TURN 75 RESULT
TIME LEFT 1 5 RIGHT 0 5
MOVE A13 176
MOVE A14 118
MOVE A15 7
END TURN 75
TURN 76
COMMAND LEFT START
COMMAND LEFT END
COMMAND RIGHT START
COMMAND RIGHT END
TURN 76 RESULT
TIME LEFT 0 5 RIGHT 0 5
MOVE A13 155
MOVE A14 138
MOVE A15 10
END TURN 76
TURN 77
COMMAND LEFT START
MOVE A15 172
COMMAND LEFT END
COMMAND RIGHT START
UPGRADE 196
COMMAND RIGHT END
TURN 77 RESULT
TIME LEFT 1 5 RIGHT 0 5
UPGRADE B 196
MOVE A13 149
MOVE A14 150
MOVE A15 13
END TURN 77
TURN 78
COMMAND LEFT START
COMMAND LEFT END
COMMAND RIGHT START
COMMAND RIGHT END
TURN 78 RESULT
TIME LEFT 1 5 RIGHT 0 5
MOVE A13 135
MOVE A14 172
MOVE A15 26
DAMAGE TURRET A14 1
DAMAGE COMBAT A14 1
DAMAGE COMBAT B8 1
END TURN 78
TURN 79
COMMAND LEFT START
MOVE A13 196
MOVE A14 138
COMMAND LEFT END
COMMAND RIGHT START
COMMAND RIGHT END
TURN 79 RESULT
TIME LEFT 1 5 RIGHT 0 5
MOVE A13 143
MOVE A14 150
MOVE A15 40
END TURN 79
TURN 80
COMMAND LEFT START
COMMAND LEFT END
COMMAND RIGHT START
COMMAND RIGHT END
TURN 80 RESULT
TIME LEFT 0 5 RIGHT 0 5
MOVE A13 162
MOVE A14 138
MOVE A15 59
END TURN 80
TURN 81
COMMAND LEFT START
TRAIN 1
COMMAND LEFT END
COMMAND RIGHT START
COMMAND RIGHT END
TURN 81 RESULT
TIME LEFT 1 5 RIGHT 0 5
TRAIN A16
MOVE A13 170
MOVE A15 71
END TURN 81
TURN 82
COMMAND LEFT START
MOVE A16 172
COMMAND LEFT END
COMMAND RIGHT START
TRAIN 1
COMMAND RIGHT END
TURN 82 RESULT
TIME LEFT 1 5 RIGHT 0 5
TRAIN B9
MOVE A13 178
MOVE A15 88
MOVE A16 2
END TURN 82
TURN 83
COMMAND LEFT START
COMMAND LEFT END
COMMAND RIGHT START
MOVE B7 172
COMMAND RIGHT END
TURN 83 RESULT
TIME LEFT 1 5 RIGHT 0 5
MOVE A13 184
MOVE A15 109
MOVE A16 5
MOVE B7 192
END TURN 83
TURN 84
COMMAND LEFT START
MOVE A14 172
COMMAND LEFT END
COMMAND RIGHT START
COMMAND RIGHT END
TURN 84 RESULT
TIME LEFT 1 5 RIGHT 0 5
MOVE A13 191
MOVE A14 150
MOVE A15 133
MOVE A16 14
MOVE B7 190
END TURN 84
TURN 85
COMMAND LEFT START
COMMAND LEFT END
COMMAND RIGHT START
COMMAND RIGHT END
TURN 85 RESULT
TIME LEFT 0 5 RIGHT 0 5
MOVE A13 194
MOVE A14 172
MOVE A15 150
MOVE A16 29
MOVE B7 180
DAMAGE TURRET A14 1
SIEGE B 172 1
END TURN 85
TURN 86
COMMAND LEFT START
MOVE A14 0
COMMAND LEFT END
COMMAND RIGHT START
TRAIN 1
COMMAND RIGHT END
TURN 86 RESULT
TIME LEFT 1 5 RIGHT 0 5
TRAIN B10
MOVE A13 196
MOVE A14 150
MOVE A15 172
MOVE A16 49
MOVE B7 172
DAMAGE TURRET A13 2
DAMAGE TURRET A15 1
DAMAGE COMBAT A13 2
DAMAGE COMBAT A15 1
DAMAGE COMBAT B7 1
DAMAGE COMBAT B9 1
END TURN 86
TURN 87
COMMAND LEFT START
MOVE A15 0
MOVE A13 98
COMMAND LEFT END
COMMAND RIGHT START
COMMAND RIGHT END
TURN 87 RESULT
TIME LEFT 1 5 RIGHT 0 5
MOVE A14 138
MOVE A16 70
DAMAGE TURRET A13 1
DAMAGE TURRET A15 1
DAMAGE COMBAT A15 1
DAMAGE COMBAT B7 1
DAMAGE COMBAT B9 1
END TURN 87
TURN 88
COMMAND LEFT START
COMMAND LEFT END
COMMAND RIGHT START
COMMAND RIGHT END
TURN 88 RESULT
TIME LEFT 0 5 RIGHT 0 5
MOVE A14 118
MOVE A16 80
DAMAGE TURRET A15 1
DAMAGE COMBAT B7 1
END TURN 88
TURN 89
COMMAND LEFT START
COMMAND LEFT END
COMMAND RIGHT START
COMMAND RIGHT END
TURN 89 RESULT
TIME LEFT 0 5 RIGHT 0 5
MOVE A14 101
MOVE A16 101
END TURN 89
TURN 90
COMMAND LEFT START
COMMAND LEFT END
COMMAND RIGHT START
COMMAND RIGHT END
TURN 90 RESULT
TIME LEFT 1 5 RIGHT 0 5
MOVE A14 80
MOVE A16 118
END TURN 90
TURN 91
COMMAND LEFT START
COMMAND LEFT END
COMMAND RIGHT START
COMMAND RIGHT END
TURN 91 RESULT
TIME LEFT 0 5 RIGHT 0 5
MOVE A14 70
MOVE A16 138
END TURN 91
TURN 92
COMMAND LEFT START
COMMAND LEFT END
COMMAND RIGHT START
COMMAND RIGHT END
TURN 92 RESULT
TIME LEFT 0 5 RIGHT 0 5
MOVE A14 49
MOVE A16 150
END TURN 92
TURN 93
COMMAND LEFT START
COMMAND LEFT END
COMMAND RIGHT START
COMMAND RIGHT END
TURN 93 RESULT
TIME LEFT 0 5 RIGHT 0 5
MOVE A14 29
MOVE A16 172
DAMAGE TURRET A16 1
DAMAGE COMBAT A16 1
DAMAGE COMBAT B7 1
END TURN 93
TURN 94
COMMAND LEFT START
COMMAND LEFT END
COMMAND RIGHT START
TRAIN 1
COMMAND RIGHT END
TURN 94 RESULT
TIME LEFT 1 5 RIGHT 0 5
TRAIN B11
MOVE A14 14
DAMAGE TURRET A16 1
SIEGE B 172 1
END TURN 94
TURN 95
COMMAND LEFT START
TRAIN 1
COMMAND LEFT END
COMMAND RIGHT START
TRAIN 1
COMMAND RIGHT END
TURN 95 RESULT
TIME LEFT 1 5 RIGHT 0 5
TRAIN A17 B12
MOVE A14 5
DAMAGE TURRET A16 1
SIEGE B 172 1
END TURN 95
TURN 96
COMMAND LEFT START
MOVE A17 24
COMMAND LEFT END
COMMAND RIGHT START
MOVE B9 172
MOVE B10 172
MOVE B11 172
COMMAND RIGHT END
TURN 96 RESULT
TIME LEFT 1 5 RIGHT 0 5
MOVE A14 2
MOVE A17 4
MOVE B9 192
MOVE B10 192
MOVE B11 192
DAMAGE TURRET A16 1
SIEGE B 172 1
END TURN 96
TURN 97
COMMAND LEFT START
COMMAND LEFT END
COMMAND RIGHT START
TRAIN 1
COMMAND RIGHT END
TURN 97 RESULT
TIME LEFT 0 5 RIGHT 0 5
TRAIN B13
MOVE A14 0
MOVE A17 6
MOVE B9 190
MOVE B10 190
MOVE B11 190
END TURN 97
TURN 98
COMMAND LEFT START
MOVE A2 58
COMMAND LEFT END
COMMAND RIGHT START
MOVE B12 172
COMMAND RIGHT END
TURN 98 RESULT
TIME LEFT 1 5 RIGHT 0 5
MOVE A2 2
MOVE A17 16
MOVE B9 180
MOVE B10 180
MOVE B11 180
MOVE B12 192
END TURN 98
TURN 99
COMMAND LEFT START
COMMAND LEFT END
COMMAND RIGHT START
TRAIN 1
COMMAND RIGHT END
TURN 99 RESULT
TIME LEFT 0 5 RIGHT 0 5
TRAIN B14
MOVE A2 11
MOVE A17 24
MOVE B9 172
MOVE B10 172
MOVE B11 172
MOVE B12 190
END TURN 99
TURN 100
COMMAND LEFT START
COMMAND LEFT END
COMMAND RIGHT START
MOVE B11 98
COMMAND RIGHT END
TURN 100 RESULT
TIME LEFT 1 5 RIGHT 0 5
MOVE A2 23
MOVE B11 157
MOVE B12 180
END TURN 100
TURN 101
COMMAND LEFT START
COMMAND LEFT END
COMMAND RIGHT START
COMMAND RIGHT END
TURN 101 RESULT
TIME LEFT 1 5 RIGHT 0 5
MOVE A2 39
MOVE B11 144
MOVE B12 172
END TURN 101
TURN 102
COMMAND LEFT START
COMMAND LEFT END
COMMAND RIGHT START
COMMAND RIGHT END
TURN 102 RESULT
TIME LEFT 1 5 RIGHT 0 5
MOVE A2 52
MOVE B11 131
END TURN 102
TURN 103
COMMAND LEFT START
COMMAND LEFT END
COMMAND RIGHT START
COMMAND RIGHT END
TURN 103 RESULT
TIME LEFT 1 5 RIGHT 0 5
MOVE A2 58
MOVE B11 104
END TURN 103
TURN 104
COMMAND LEFT START
COMMAND LEFT END
COMMAND RIGHT START
COMMAND RIGHT END
TURN 104 RESULT
TIME LEFT 1 5 RIGHT 0 5
MOVE B11 98
END TURN 104
TURN 105
COMMAND LEFT START
MOVE A17 58
COMMAND LEFT END
COMMAND RIGHT START
COMMAND RIGHT END
TURN 105 RESULT
TIME LEFT 1 5 RIGHT 0 5
MOVE A17 46
END TURN 105
TURN 106
COMMAND LEFT START
COMMAND LEFT END
COMMAND RIGHT START
COMMAND RIGHT END
TURN 106 RESULT
TIME LEFT 1 5 RIGHT 0 5
MOVE A17 58
END TURN 106
TURN 107
COMMAND LEFT START
COMMAND LEFT END
COMMAND RIGHT START
COMMAND RIGHT END
TURN 107 RESULT
TIME LEFT 1 5 RIGHT 0 5
END TURN 107
TURN 108
COMMAND LEFT START
COMMAND LEFT END
COMMAND RIGHT START
COMMAND RIGHT END
TURN 108 RESULT
TIME LEFT 1 5 RIGHT 0 5
END TURN 108
TURN 109
COMMAND LEFT START
COMMAND LEFT END
COMMAND RIGHT START
UPGRADE 98
COMMAND RIGHT END
TURN 109 RESULT
TIME LEFT 1 5 RIGHT 0 5
UPGRADE B 98
END TURN 109
TURN 110
COMMAND LEFT START
COMMAND LEFT END
COMMAND RIGHT START
COMMAND RIGHT END
TURN 110 RESULT
TIME LEFT 1 5 RIGHT 0 5
END TURN 110
TURN 111
COMMAND LEFT START
COMMAND LEFT END
COMMAND RIGHT START
COMMAND RIGHT END
TURN 111 RESULT
TIME LEFT 1 5 RIGHT 0 5
END TURN 111
TURN 112
COMMAND LEFT START
COMMAND LEFT END
COMMAND RIGHT START
COMMAND RIGHT END
TURN 112 RESULT
TIME LEFT 1 5 RIGHT 0 5
END TURN 112
TURN 113
COMMAND LEFT START
UPGRADE 58
COMMAND LEFT END
COMMAND RIGHT START
COMMAND RIGHT END
TURN 113 RESULT
TIME LEFT 0 5 RIGHT 0 5
UPGRADE A 58
END TURN 113
TURN 114
COMMAND LEFT START
COMMAND LEFT END
COMMAND RIGHT START
COMMAND RIGHT END
TURN 114 RESULT
TIME LEFT 1 5 RIGHT 0 5
END TURN 114
TURN 115
COMMAND LEFT START
COMMAND LEFT END
COMMAND RIGHT START
COMMAND RIGHT END
TURN 115 RESULT
TIME LEFT 1 5 RIGHT 0 5
END TURN 115
TURN 116
COMMAND LEFT START
MOVE A17 24
COMMAND LEFT END
COMMAND RIGHT START
COMMAND RIGHT END
TURN 116 RESULT
TIME LEFT 1 5 RIGHT 0 5
MOVE A17 46
END TURN 116
TURN 117
COMMAND LEFT START
COMMAND LEFT END
COMMAND RIGHT START
MOVE B12 186
COMMAND RIGHT END
TURN 117 RESULT
TIME LEFT 0 5 RIGHT 0 5
MOVE A17 24
MOVE B12 173
END TURN 117
TURN 118
COMMAND LEFT START
MOVE A17 58
COMMAND LEFT END
COMMAND RIGHT START
UPGRADE 195
COMMAND RIGHT END
TURN 118 RESULT
TIME LEFT 1 5 RIGHT 0 5
UPGRADE B 195
MOVE A17 46
MOVE B12 182
END TURN 118
TURN 119
COMMAND LEFT START
COMMAND LEFT END
COMMAND RIGHT START
MOVE B9 195
COMMAND RIGHT END
TURN 119 RESULT
TIME LEFT 0 5 RIGHT 0 5
MOVE A17 58
MOVE B9 180
MOVE B12 184
END TURN 119
TURN 120
COMMAND LEFT START
TRAIN 1
COMMAND LEFT END
COMMAND RIGHT START
COMMAND RIGHT END
TURN 120 RESULT
TIME LEFT 1 5 RIGHT 0 5
TRAIN A18
MOVE B9 190
MOVE B12 183
END TURN 120
TURN 121
COMMAND LEFT START
MOVE A18 58
COMMAND LEFT END
COMMAND RIGHT START
COMMAND RIGHT END
TURN 121 RESULT
TIME LEFT 1 5 RIGHT 0 5
MOVE A18 2
MOVE B9 194
MOVE B12 186
END TURN 121
TURN 122
COMMAND LEFT START
COMMAND LEFT END
COMMAND RIGHT START
COMMAND RIGHT END
TURN 122 RESULT
TIME LEFT 1 5 RIGHT 0 5
MOVE A18 11
MOVE B9 195
END TURN 122
TURN 123
COMMAND LEFT START
COMMAND LEFT END
COMMAND RIGHT START
COMMAND RIGHT END
TURN 123 RESULT
TIME LEFT 1 5 RIGHT 0 5
MOVE A18 23
END TURN 123
TURN 124
COMMAND LEFT START
COMMAND LEFT END
COMMAND RIGHT START
COMMAND RIGHT END
TURN 124 RESULT
TIME LEFT 1 5 RIGHT 0 5
MOVE A18 39
END TURN 124
TURN 125
COMMAND LEFT START
MOVE A17 24
COMMAND LEFT END
COMMAND RIGHT START
COMMAND RIGHT END
TURN 125 RESULT
TIME LEFT 1 5 RIGHT 0 5
MOVE A17 46
MOVE A18 52
END TURN 125
TURN 126
COMMAND LEFT START
COMMAND LEFT END
COMMAND RIGHT START
UPGRADE 186
COMMAND RIGHT END
TURN 126 RESULT
TIME LEFT 0 5 RIGHT 0 5
UPGRADE B 186
MOVE A17 24
MOVE A18 58
END TURN 126
TURN 127
COMMAND LEFT START
MOVE A18 24
COMMAND LEFT END
COMMAND RIGHT START
COMMAND RIGHT END
TURN 127 RESULT
TIME LEFT 1 5 RIGHT 0 5
MOVE A18 46
END TURN 127
TURN 128
COMMAND LEFT START
COMMAND LEFT END
COMMAND RIGHT START
COMMAND RIGHT END
TURN 128 RESULT
TIME LEFT 1 5 RIGHT 0 5
MOVE A18 24
END TURN 128
TURN 129
COMMAND LEFT START
COMMAND LEFT END
COMMAND RIGHT START
COMMAND RIGHT END
TURN 129 RESULT
TIME LEFT 1 5 RIGHT 0 5
END TURN 129
TURN 130
COMMAND LEFT START
COMMAND LEFT END
COMMAND RIGHT START
COMMAND RIGHT END
TURN 130 RESULT
TIME LEFT 1 5 RIGHT 0 5
END TURN 130
TURN 131
COMMAND LEFT START
MOVE A17 58
MOVE A18 58
COMMAND LEFT END
COMMAND RIGHT START
COMMAND RIGHT END
TURN 131 RESULT
TIME LEFT 1 5 RIGHT 0 5
MOVE A17 46
MOVE A18 46
END TURN 131
TURN 132
COMMAND LEFT START
COMMAND LEFT END
COMMAND RIGHT START
COMMAND RIGHT END
TURN 132 RESULT
TIME LEFT 0 5 RIGHT 0 5
MOVE A17 58
MOVE A18 58
END TURN 132
TURN 133
COMMAND LEFT START
COMMAND LEFT END
COMMAND RIGHT START
COMMAND RIGHT END
TURN 133 RESULT
TIME LEFT 1 5 RIGHT 0 5
END TURN 133
TURN 134
COMMAND LEFT START
COMMAND LEFT END
COMMAND RIGHT START
COMMAND RIGHT END
TURN 134 RESULT
TIME LEFT 1 5 RIGHT 0 5
END TURN 134
TURN 135
COMMAND LEFT START
UPGRADE 58
COMMAND LEFT END
COMMAND RIGHT START
COMMAND RIGHT END
TURN 135 RESULT
TIME LEFT 1 5 RIGHT 0 5
UPGRADE A 58
END TURN 135
TURN 136
COMMAND LEFT START
TRAIN 1
COMMAND LEFT END
COMMAND RIGHT START
COMMAND RIGHT END
TURN 136 RESULT
TIME LEFT 1 5 RIGHT 0 5
TRAIN A19
END TURN 136
TURN 137
COMMAND LEFT START
MOVE A19 24
COMMAND LEFT END
COMMAND RIGHT START
UPGRADE 196
COMMAND RIGHT END
TURN 137 RESULT
TIME LEFT 1 5 RIGHT 0 5
UPGRADE B 196
MOVE A19 4
END TURN 137
TURN 138
COMMAND LEFT START
COMMAND LEFT END
COMMAND RIGHT START
TRAIN 1
COMMAND RIGHT END
TURN 138 RESULT
TIME LEFT 1 5 RIGHT 0 5
TRAIN B15
MOVE A19 6
END TURN 138
TURN 139
COMMAND LEFT START
COMMAND LEFT END
COMMAND RIGHT START
COMMAND RIGHT END
TURN 139 RESULT
TIME LEFT 1 5 RIGHT 0 5
MOVE A19 16
END TURN 139
TURN 140
COMMAND LEFT START
COMMAND LEFT END
COMMAND RIGHT START
COMMAND RIGHT END
TURN 140 RESULT
TIME LEFT 1 5 RIGHT 0 5
MOVE A19 24
END TURN 140
TURN 141
COMMAND LEFT START
MOVE A19 58
MOVE A18 24
COMMAND LEFT END
COMMAND RIGHT START
COMMAND RIGHT END
TURN 141 RESULT
TIME LEFT 1 5 RIGHT 0 5
MOVE A18 46
MOVE A19 46
END TURN 141
TURN 142
COMMAND LEFT START
COMMAND LEFT END
COMMAND RIGHT START
COMMAND RIGHT END
TURN 142 RESULT
TIME LEFT 0 5 RIGHT 0 5
MOVE A18 24
MOVE A19 58
END TURN 142
TURN 143
COMMAND LEFT START
MOVE A19 24
COMMAND LEFT END
COMMAND RIGHT START
UPGRADE 186
COMMAND RIGHT END
TURN 143 RESULT
TIME LEFT 1 5 RIGHT 0 5
UPGRADE B 186
MOVE A19 46
END TURN 143
TURN 144
COMMAND LEFT START
MOVE A18 58
COMMAND LEFT END
COMMAND RIGHT START
COMMAND RIGHT END
TURN 144 RESULT
TIME LEFT 1 5 RIGHT 0 5
MOVE A18 46
MOVE A19 24
END TURN 144
TURN 145
COMMAND LEFT START
COMMAND LEFT END
COMMAND RIGHT START
TRAIN 1
COMMAND RIGHT END
TURN 145 RESULT
TIME LEFT 1 5 RIGHT 0 5
TRAIN B16
MOVE A18 58
END TURN 145
TURN 146
COMMAND LEFT START
MOVE A18 24
COMMAND LEFT END
COMMAND RIGHT START
MOVE B13 186
COMMAND RIGHT END
TURN 146 RESULT
TIME LEFT 1 5 RIGHT 0 5
MOVE A18 46
MOVE B13 195
END TURN 146
TURN 147
COMMAND LEFT START
UPGRADE 24
COMMAND LEFT END
COMMAND RIGHT START
COMMAND RIGHT END
TURN 147 RESULT
TIME LEFT 0 5 RIGHT 0 5
UPGRADE A 24
MOVE A18 24
MOVE B13 189
END TURN 147
TURN 148
COMMAND LEFT START
MOVE A19 58
COMMAND LEFT END
COMMAND RIGHT START
COMMAND RIGHT END
TURN 148 RESULT
TIME LEFT 1 5 RIGHT 0 5
MOVE A19 46
MOVE B13 186
END TURN 148
TURN 149
COMMAND LEFT START
COMMAND LEFT END
COMMAND RIGHT START
COMMAND RIGHT END
TURN 149 RESULT
TIME LEFT 0 5 RIGHT 0 5
MOVE A19 58
END TURN 149
TURN 150
COMMAND LEFT START
MOVE A19 24
COMMAND LEFT END
COMMAND RIGHT START
UPGRADE 172
COMMAND RIGHT END
TURN 150 RESULT
TIME LEFT 1 5 RIGHT 0 5
UPGRADE B 172
MOVE A19 46
END TURN 150
TURN 151
COMMAND LEFT START
COMMAND LEFT END
COMMAND RIGHT START
TRAIN 1
COMMAND RIGHT END
TURN 151 RESULT
TIME LEFT 0 5 RIGHT 0 5
TRAIN B17
MOVE A19 24
END TURN 151
TURN 152
COMMAND LEFT START
MOVE A19 58
COMMAND LEFT END
COMMAND RIGHT START
MOVE B14 172
COMMAND RIGHT END
TURN 152 RESULT
TIME LEFT 1 5 RIGHT 0 5
MOVE A19 46
MOVE B14 192
END TURN 152
TURN 153
COMMAND LEFT START
COMMAND LEFT END
COMMAND RIGHT START
COMMAND RIGHT END
TURN 153 RESULT
TIME LEFT 0 5 RIGHT 0 5
MOVE A19 58
MOVE B14 190
END TURN 153
TURN 154
COMMAND LEFT START
MOVE A19 24
COMMAND LEFT END
COMMAND RIGHT START
COMMAND RIGHT END
TURN 154 RESULT
TIME LEFT 1 5 RIGHT 0 5
MOVE A19 46
MOVE B14 180
END TURN 154
TURN 155
COMMAND LEFT START
COMMAND LEFT END
COMMAND RIGHT START
COMMAND RIGHT END
TURN 155 RESULT
TIME LEFT 0 5 RIGHT 0 5
MOVE A19 24
MOVE B14 172
END TURN 155
TURN 156
COMMAND LEFT START
UPGRADE 24
COMMAND LEFT END
COMMAND RIGHT START
UPGRADE 98
TRAIN 1
COMMAND RIGHT END
TURN 156 RESULT
TIME LEFT 0 5 RIGHT 0 5
UPGRADE A 24
UPGRADE B 98
TRAIN B18
END TURN 156
TURN 157
COMMAND LEFT START
COMMAND LEFT END
COMMAND RIGHT START
MOVE B15 98
COMMAND RIGHT END
TURN 157 RESULT
TIME LEFT 0 5 RIGHT 0 5
MOVE B15 194
END TURN 157
TURN 158
COMMAND LEFT START
COMMAND LEFT END
COMMAND RIGHT START
COMMAND RIGHT END
TURN 158 RESULT
TIME LEFT 0 5 RIGHT 0 5
MOVE B15 185
END TURN 158
TURN 159
COMMAND LEFT START
COMMAND LEFT END
COMMAND RIGHT START
COMMAND RIGHT END
TURN 159 RESULT
TIME LEFT 0 5 RIGHT 0 5
MOVE B15 173
END TURN 159
TURN 160
COMMAND LEFT START
COMMAND LEFT END
COMMAND RIGHT START
COMMAND RIGHT END
TURN 160 RESULT
TIME LEFT 0 5 RIGHT 0 5
MOVE B15 159
END TURN 160
TURN 161
COMMAND LEFT START
COMMAND LEFT END
COMMAND RIGHT START
UPGRADE 195
COMMAND RIGHT END
TURN 161 RESULT
TIME LEFT 0 5 RIGHT 0 5
UPGRADE B 195
MOVE B15 151
END TURN 161
TURN 162
COMMAND LEFT START
COMMAND LEFT END
COMMAND RIGHT START
TRAIN 1
COMMAND RIGHT END
TURN 162 RESULT
TIME LEFT 0 5 RIGHT 0 5
TRAIN B19
MOVE B15 134
END TURN 162
TURN 163
COMMAND LEFT START
COMMAND LEFT END
COMMAND RIGHT START
MOVE B16 195
COMMAND RIGHT END
TURN 163 RESULT
TIME LEFT 0 5 RIGHT 0 5
MOVE B15 115
MOVE B16 195
END TURN 163
TURN 164
COMMAND LEFT START
COMMAND LEFT END
COMMAND RIGHT START
COMMAND RIGHT END
TURN 164 RESULT
TIME LEFT 0 5 RIGHT 0 5
MOVE B15 98
END TURN 164
TURN 165
COMMAND LEFT START
COMMAND LEFT END
COMMAND RIGHT START
COMMAND RIGHT END
TURN 165 RESULT
TIME LEFT 0 5 RIGHT 0 5
END TURN 165
TURN 166
COMMAND LEFT START
COMMAND LEFT END
COMMAND RIGHT START
UPGRADE 186
COMMAND RIGHT END
TURN 166 RESULT
TIME LEFT 0 5 RIGHT 0 5
UPGRADE B 186
END TURN 166
TURN 167
COMMAND LEFT START
TRAIN 1
COMMAND LEFT END
COMMAND RIGHT START
TRAIN 1
COMMAND RIGHT END
TURN 167 RESULT
TIME LEFT 0 5 RIGHT 0 5
TRAIN A20 B20
END TURN 167
TURN 168
COMMAND LEFT START
MOVE A20 24
COMMAND LEFT END
COMMAND RIGHT START
MOVE B17 186
COMMAND RIGHT END
TURN 168 RESULT
TIME LEFT 1 5 RIGHT 0 5
MOVE A20 4
MOVE B17 195
END TURN 168
TURN 169
COMMAND LEFT START
COMMAND LEFT END
COMMAND RIGHT START
COMMAND RIGHT END
TURN 169 RESULT
TIME LEFT 0 5 RIGHT 0 5
MOVE A20 6
MOVE B17 189
END TURN 169
TURN 170
COMMAND LEFT START
TRAIN 1
COMMAND LEFT END
COMMAND RIGHT START
COMMAND RIGHT END
TURN 170 RESULT
TIME LEFT 0 5 RIGHT 0 5
TRAIN A21
MOVE A20 16
MOVE B17 186
END TURN 170
TURN 171
COMMAND LEFT START
MOVE A21 24
COMMAND LEFT END
COMMAND RIGHT START
UPGRADE 172
COMMAND RIGHT END
TURN 171 RESULT
TIME LEFT 1 5 RIGHT 0 5
UPGRADE B 172
MOVE A20 24
MOVE A21 4
END TURN 171
TURN 172
COMMAND LEFT START
MOVE A20 58
TRAIN 1
COMMAND LEFT END
COMMAND RIGHT START
TRAIN 1
COMMAND RIGHT END
TURN 172 RESULT
TIME LEFT 1 5 RIGHT 0 5
TRAIN A22 B21
MOVE A20 46
MOVE A21 6
END TURN 172
TURN 173
COMMAND LEFT START
COMMAND LEFT END
COMMAND RIGHT START
MOVE B18 172
COMMAND RIGHT END
TURN 173 RESULT
TIME LEFT 1 5 RIGHT 0 5
MOVE A20 58
MOVE A21 16
MOVE B18 192
END TURN 173
TURN 174
COMMAND LEFT START
MOVE A20 196
UPGRADE 0
COMMAND LEFT END
COMMAND RIGHT START
COMMAND RIGHT END
TURN 174 RESULT
TIME LEFT 1 5 RIGHT 0 5
UPGRADE A 0
MOVE A20 78
MOVE A21 24
MOVE B18 190
END TURN 174
TURN 175
COMMAND LEFT START
COMMAND LEFT END
COMMAND RIGHT START
UPGRADE 98
COMMAND RIGHT END
TURN 175 RESULT
TIME LEFT 1 5 RIGHT 0 5
UPGRADE B 98
MOVE A20 95
MOVE B18 180
END TURN 175
TURN 176
COMMAND LEFT START
MOVE A21 58
COMMAND LEFT END
COMMAND RIGHT START
TRAIN 1
COMMAND RIGHT END
TURN 176 RESULT
TIME LEFT 1 5 RIGHT 0 5
TRAIN B22
MOVE A20 116
MOVE A21 46
MOVE B18 172
END TURN 176
TURN 177
COMMAND LEFT START
COMMAND LEFT END
COMMAND RIGHT START
MOVE B19 98
COMMAND RIGHT END
TURN 177 RESULT
TIME LEFT 0 5 RIGHT 0 5
MOVE A20 126
MOVE A21 58
MOVE B19 194
END TURN 177
TURN 178
COMMAND LEFT START
COMMAND LEFT END
COMMAND RIGHT START
COMMAND RIGHT END
TURN 178 RESULT
TIME LEFT 1 5 RIGHT 0 5
MOVE A20 147
MOVE B19 185
END TURN 178
TURN 179
COMMAND LEFT START
MOVE A21 24
COMMAND LEFT END
COMMAND RIGHT START
TRAIN 1
COMMAND RIGHT END
TURN 179 RESULT
TIME LEFT 1 5 RIGHT 0 5
TRAIN B23
MOVE A20 167
MOVE A21 46
MOVE B19 173
END TURN 179
TURN 180
COMMAND LEFT START
COMMAND LEFT END
COMMAND RIGHT START
MOVE B23 98
TRAIN 1
COMMAND RIGHT END
TURN 180 RESULT
TIME LEFT 0 5 RIGHT 0 5
TRAIN B24
MOVE A20 182
MOVE A21 24
MOVE B19 159
MOVE B23 194
END TURN 180
TURN 181
COMMAND LEFT START
MOVE A21 58
COMMAND LEFT END
COMMAND RIGHT START
MOVE B24 98
TRAIN 2
COMMAND RIGHT END
TURN 181 RESULT
TIME LEFT 1 5 RIGHT 0 5
TRAIN B25 B26
MOVE A20 191
MOVE A21 46
MOVE B19 151
MOVE B23 185
MOVE B24 194
END TURN 181
TURN 182
COMMAND LEFT START
COMMAND LEFT END
COMMAND RIGHT START
MOVE B26 138
MOVE B25 98
COMMAND RIGHT END
TURN 182 RESULT
TIME LEFT 0 5 RIGHT 0 5
MOVE A20 194
MOVE A21 58
MOVE B19 134
MOVE B23 173
MOVE B24 185
MOVE B25 194
MOVE B26 194
DAMAGE COMBAT A20 2
DAMAGE COMBAT B25 1
END TURN 182
TURN 183
COMMAND LEFT START
COMMAND LEFT END
COMMAND RIGHT START
TRAIN 2
COMMAND RIGHT END
TURN 183 RESULT
TIME LEFT 1 5 RIGHT 0 5
TRAIN B27 B28
MOVE B19 115
MOVE B23 159
MOVE B24 173
DAMAGE COMBAT A20 2
DAMAGE COMBAT B25 1
END TURN 183
TURN 184
COMMAND LEFT START
MOVE A21 1
COMMAND LEFT END
COMMAND RIGHT START
TRAIN 2
COMMAND RIGHT END
TURN 184 RESULT
TIME LEFT 1 5 RIGHT 0 5
TRAIN B29 B30
MOVE A21 52
MOVE B19 98
MOVE B23 151
MOVE B24 159
DAMAGE COMBAT A20 1
DAMAGE COMBAT B25 1
END TURN 184
TURN 185
COMMAND LEFT START
TRAIN 2
COMMAND LEFT END
COMMAND RIGHT START
MOVE B30 98
MOVE B29 98
MOVE B28 98
MOVE B27 98
TRAIN 1
COMMAND RIGHT END
TURN 185 RESULT
TIME LEFT 0 5 RIGHT 0 5
TRAIN A23 A24 B31
MOVE A21 39
MOVE B23 134
MOVE B24 151
MOVE B25 185
MOVE B26 185
MOVE B27 194
MOVE B28 194
MOVE B29 194
MOVE B30 194
END TURN 185
TURN 186
COMMAND LEFT START
MOVE A23 1
MOVE A24 1
TRAIN 2
COMMAND LEFT END
COMMAND RIGHT START
MOVE B31 98
TRAIN 2
COMMAND RIGHT END
TURN 186 RESULT
TIME LEFT 1 5 RIGHT 0 5
TRAIN A25 A26 B32 B33
MOVE A21 23
MOVE A23 1
MOVE A24 1
MOVE B23 115
MOVE B24 134
MOVE B25 173
MOVE B26 173
MOVE B27 185
MOVE B28 185
MOVE B29 185
MOVE B30 185
MOVE B31 194
END TURN 186
TURN 187
COMMAND LEFT START
MOVE A25 1
MOVE A26 1
MOVE A24 24
UPGRADE 1
COMMAND LEFT END
COMMAND RIGHT START
MOVE B33 98
MOVE B32 98
TRAIN 1
COMMAND RIGHT END
TURN 187 RESULT
TIME LEFT 1 5 RIGHT 0 5
UPGRADE A 1
TRAIN B34
MOVE A21 14
MOVE A24 2
MOVE A25 1
MOVE A26 1
MOVE B23 98
MOVE B24 115
MOVE B25 159
MOVE B26 157
MOVE B27 173
MOVE B28 173
MOVE B29 173
MOVE B30 173
MOVE B31 185
MOVE B32 194
MOVE B33 194
END TURN 187
TURN 188
COMMAND LEFT START
MOVE A25 58
MOVE A26 58
COMMAND LEFT END
COMMAND RIGHT START
MOVE B34 98
TRAIN 2
COMMAND RIGHT END
TURN 188 RESULT
TIME LEFT 1 5 RIGHT 0 5
TRAIN B35 B36
MOVE A21 5
MOVE A24 6
MOVE A25 5
MOVE A26 5
MOVE B24 98
MOVE B25 151
MOVE B26 144
MOVE B27 159
MOVE B28 159
MOVE B29 159
MOVE B30 159
MOVE B31 173
MOVE B32 185
MOVE B33 185
MOVE B34 194
END TURN 188
TURN 189
COMMAND LEFT START
COMMAND LEFT END
COMMAND RIGHT START
MOVE B36 98
MOVE B35 98
TRAIN 1
COMMAND RIGHT END
TURN 189 RESULT
TIME LEFT 0 5 RIGHT 0 5
TRAIN B37
MOVE A21 1
MOVE A24 16
MOVE A25 14
MOVE A26 14
MOVE B25 134
MOVE B26 138
MOVE B27 151
MOVE B28 151
MOVE B29 151
MOVE B30 151
MOVE B31 159
MOVE B32 173
MOVE B33 173
MOVE B34 185
MOVE B35 194
MOVE B36 194
END TURN 189
TURN 190
COMMAND LEFT START
COMMAND LEFT END
COMMAND RIGHT START
MOVE B37 98
UPGRADE 138
COMMAND RIGHT END
TURN 190 RESULT
TIME LEFT 1 5 RIGHT 0 5
UPGRADE B 138
MOVE A24 24
MOVE A25 23
MOVE A26 23
MOVE B25 115
MOVE B27 134
MOVE B28 134
MOVE B29 134
MOVE B30 134
MOVE B31 151
MOVE B32 159
MOVE B33 159
MOVE B34 173
MOVE B35 185
MOVE B36 185
MOVE B37 194
END TURN 190
TURN 191
COMMAND LEFT START
MOVE A24 58
COMMAND LEFT END
COMMAND RIGHT START
COMMAND RIGHT END
TURN 191 RESULT
TIME LEFT 1 5 RIGHT 0 5
MOVE A24 46
MOVE A25 39
MOVE A26 39
MOVE B25 98
MOVE B27 115
MOVE B28 115
MOVE B29 115
MOVE B30 115
MOVE B31 134
MOVE B32 151
MOVE B33 151
MOVE B34 159
MOVE B35 173
MOVE B36 173
MOVE B37 185
END TURN 191
TURN 192
COMMAND LEFT START
MOVE A23 58
TRAIN 2
COMMAND LEFT END
COMMAND RIGHT START
MOVE B25 124
COMMAND RIGHT END
TURN 192 RESULT
TIME LEFT 1 5 RIGHT 0 5
TRAIN A27 A28
MOVE A23 5
MOVE A24 58
MOVE A25 52
MOVE A26 52
MOVE B25 116
MOVE B27 98
MOVE B28 98
MOVE B29 98
MOVE B30 98
MOVE B31 115
MOVE B32 134
MOVE B33 134
MOVE B34 151
MOVE B35 159
MOVE B36 159
MOVE B37 173
END TURN 192
TURN 193
COMMAND LEFT START
MOVE A27 58
MOVE A28 58
COMMAND LEFT END
COMMAND RIGHT START
UPGRADE 138
COMMAND RIGHT END
TURN 193 RESULT
TIME LEFT 1 5 RIGHT 0 5
UPGRADE B 138
MOVE A23 14
MOVE A25 58
MOVE A26 58
MOVE A27 2
MOVE A28 2
MOVE B25 125
MOVE B31 98
MOVE B32 115
MOVE B33 115
MOVE B34 134
MOVE B35 151
MOVE B36 151
MOVE B37 159
END TURN 193
TURN 194
COMMAND LEFT START
TRAIN 2
COMMAND LEFT END
COMMAND RIGHT START
MOVE B11 138
COMMAND RIGHT END
TURN 194 RESULT
TIME LEFT 1 5 RIGHT 0 5
TRAIN A29 A30
MOVE A23 23
MOVE A27 11
MOVE A28 11
MOVE B11 104
MOVE B25 124
MOVE B32 98
MOVE B33 98
MOVE B34 115
MOVE B35 134
MOVE B36 134
MOVE B37 151
END TURN 194
TURN 195
COMMAND LEFT START
MOVE A29 58
MOVE A30 58
COMMAND LEFT END
COMMAND RIGHT START
UPGRADE 124
COMMAND RIGHT END
TURN 195 RESULT
TIME LEFT 1 5 RIGHT 0 5
UPGRADE B 124
MOVE A23 39
MOVE A27 23
MOVE A28 23
MOVE A29 2
MOVE A30 2
MOVE B11 118
MOVE B34 98
MOVE B35 115
MOVE B36 115
MOVE B37 134
END TURN 195
TURN 196
COMMAND LEFT START
COMMAND LEFT END
COMMAND RIGHT START
COMMAND RIGHT END
TURN 196 RESULT
TIME LEFT 1 5 RIGHT 0 5
MOVE A23 52
MOVE A27 39
MOVE A28 39
MOVE A29 11
MOVE A30 11
MOVE B11 138
MOVE B35 98
MOVE B36 98
MOVE B37 115
END TURN 196
TURN 197
COMMAND LEFT START
COMMAND LEFT END
COMMAND RIGHT START
COMMAND RIGHT END
TURN 197 RESULT
TIME LEFT 1 5 RIGHT 0 5
MOVE A23 58
MOVE A27 52
MOVE A28 52
MOVE A29 23
MOVE A30 23
MOVE B37 98
END TURN 197
TURN 198
COMMAND LEFT START
TRAIN 2
COMMAND LEFT END
COMMAND RIGHT START
MOVE B37 135
COMMAND RIGHT END
TURN 198 RESULT
TIME LEFT 1 5 RIGHT 0 5
TRAIN A31 A32
MOVE A27 58
MOVE A28 58
MOVE A29 39
MOVE A30 39
MOVE B37 116
END TURN 198
TURN 199
COMMAND LEFT START
MOVE A31 1
MOVE A32 1
COMMAND LEFT END
COMMAND RIGHT START
UPGRADE 124
COMMAND RIGHT END
TURN 199 RESULT
TIME LEFT 1 5 RIGHT 0 5
UPGRADE B 124
MOVE A29 52
MOVE A30 52
MOVE A31 1
MOVE A32 1
MOVE B37 125
END TURN 199
TURN 200
COMMAND LEFT START
TRAIN 2
COMMAND LEFT END
COMMAND RIGHT START
MOVE B15 124
COMMAND RIGHT END
TURN 200 RESULT
TIME LEFT 1 5 RIGHT 0 5
TRAIN A33 A34
MOVE A29 58
MOVE A30 58
MOVE B15 116
MOVE B37 124
END TURN 200
TURN 201
COMMAND LEFT START
MOVE A33 24
MOVE A34 24
MOVE A31 58
MOVE A32 58
MOVE A23 98
MOVE A24 98
MOVE A25 98
MOVE A26 98
MOVE A27 98
MOVE A28 98
MOVE A29 98
MOVE A30 98
COMMAND LEFT END
COMMAND RIGHT START
UPGRADE 138
COMMAND RIGHT END
TURN 201 RESULT
TIME LEFT 2 5 RIGHT 0 5
UPGRADE B 138
MOVE A23 78
MOVE A24 78
MOVE A25 78
MOVE A26 78
MOVE A27 78
MOVE A28 78
MOVE A29 78
MOVE A30 78
MOVE A31 5
MOVE A32 5
MOVE A33 4
MOVE A34 4
MOVE B15 125
MOVE B37 128
END TURN 201
TURN 202
COMMAND LEFT START
COMMAND LEFT END
COMMAND RIGHT START
MOVE B19 138
COMMAND RIGHT END
TURN 202 RESULT
TIME LEFT 0 5 RIGHT 0 5
MOVE A23 92
MOVE A24 92
MOVE A25 92
MOVE A26 92
MOVE A27 92
MOVE A28 92
MOVE A29 92
MOVE A30 92
MOVE A31 14
MOVE A32 14
MOVE A33 6
MOVE A34 6
MOVE B15 124
MOVE B19 104
MOVE B37 135
END TURN 202
TURN 203
COMMAND LEFT START
TRAIN 2
COMMAND LEFT END
COMMAND RIGHT START
UPGRADE 135
COMMAND RIGHT END
TURN 203 RESULT
TIME LEFT 0 5 RIGHT 0 5
UPGRADE B 135
TRAIN A35 A36
MOVE A23 98
MOVE A24 98
MOVE A25 98
MOVE A26 98
MOVE A27 98
MOVE A28 98
MOVE A29 98
MOVE A30 98
MOVE A31 23
MOVE A32 23
MOVE A33 16
MOVE A34 16
MOVE B19 118
DAMAGE TURRET A23 2
DAMAGE COMBAT A23 4
DAMAGE COMBAT A24 6
DAMAGE COMBAT A25 2
DAMAGE COMBAT B23 6
DAMAGE COMBAT B24 2
END TURN 203
TURN 204
COMMAND LEFT START
MOVE A35 1
MOVE A36 1
MOVE A25 58
MOVE A26 58
MOVE A27 58
MOVE A28 58
MOVE A29 58
MOVE A30 58
TRAIN 2
COMMAND LEFT END
COMMAND RIGHT START
COMMAND RIGHT END
TURN 204 RESULT
TIME LEFT 1 5 RIGHT 0 5
TRAIN A37 A38
MOVE A31 39
MOVE A32 39
MOVE A33 24
MOVE A34 24
MOVE A35 1
MOVE A36 1
MOVE B19 138
DAMAGE TURRET A25 2
DAMAGE COMBAT A25 2
DAMAGE COMBAT A26 6
DAMAGE COMBAT A27 3
DAMAGE COMBAT B24 4
DAMAGE COMBAT B27 2
END TURN 204
TURN 205
COMMAND LEFT START
MOVE A37 58
MOVE A38 58
MOVE A35 58
MOVE A36 58
MOVE A33 58
MOVE A34 58
COMMAND LEFT END
COMMAND RIGHT START
UPGRADE 135
COMMAND RIGHT END
TURN 205 RESULT
TIME LEFT 1 5 RIGHT 0 5
UPGRADE B 135
MOVE A31 52
MOVE A32 52
MOVE A33 46
MOVE A34 46
MOVE A35 5
MOVE A36 5
MOVE A37 2
MOVE A38 2
DAMAGE TURRET A27 2
DAMAGE COMBAT A27 1
DAMAGE COMBAT A28 6
DAMAGE COMBAT A29 3
DAMAGE COMBAT B27 4
END TURN 205
TURN 206
COMMAND LEFT START
COMMAND LEFT END
COMMAND RIGHT START
TRAIN 1
COMMAND RIGHT END
TURN 206 RESULT
TIME LEFT 0 5 RIGHT 0 5
TRAIN B38
MOVE A31 58
MOVE A32 58
MOVE A33 58
MOVE A34 58
MOVE A35 14
MOVE A36 14
MOVE A37 11
MOVE A38 11
DAMAGE TURRET A29 2
DAMAGE COMBAT A29 1
DAMAGE COMBAT A30 6
DAMAGE COMBAT B28 2
END TURN 206
TURN 207
COMMAND LEFT START
COMMAND LEFT END
COMMAND RIGHT START
MOVE B28 135
MOVE B38 98
COMMAND RIGHT END
TURN 207 RESULT
TIME LEFT 1 5 RIGHT 0 5
MOVE A35 23
MOVE A36 23
MOVE A37 23
MOVE A38 23
MOVE B28 116
MOVE B38 194
END TURN 207
TURN 208
COMMAND LEFT START
COMMAND LEFT END
COMMAND RIGHT START
COMMAND RIGHT END
TURN 208 RESULT
TIME LEFT 1 5 RIGHT 0 5
MOVE A35 39
MOVE A36 39
MOVE A37 39
MOVE A38 39
MOVE B28 125
MOVE B38 185
END TURN 208
TURN 209
COMMAND LEFT START
COMMAND LEFT END
COMMAND RIGHT START
COMMAND RIGHT END
TURN 209 RESULT
TIME LEFT 1 5 RIGHT 0 5
MOVE A35 52
MOVE A36 52
MOVE A37 52
MOVE A38 52
MOVE B28 124
MOVE B38 173
END TURN 209
TURN 210
COMMAND LEFT START
COMMAND LEFT END
COMMAND RIGHT START
COMMAND RIGHT END
TURN 210 RESULT
TIME LEFT 1 5 RIGHT 0 5
MOVE A35 58
MOVE A36 58
MOVE A37 58
MOVE A38 58
MOVE B28 128
MOVE B38 159
END TURN 210
TURN 211
COMMAND LEFT START
MOVE A31 24
MOVE A32 24
MOVE A33 24
MOVE A34 24
MOVE A35 24
MOVE A36 24
MOVE A37 24
MOVE A38 24
TRAIN 2
COMMAND LEFT END
COMMAND RIGHT START
COMMAND RIGHT END
TURN 211 RESULT
TIME LEFT 1 5 RIGHT 0 5
TRAIN A39 A40
MOVE A31 46
MOVE A32 46
MOVE A33 46
MOVE A34 46
MOVE A35 46
MOVE A36 46
MOVE A37 46
MOVE A38 46
MOVE B28 135
MOVE B38 151
END TURN 211
TURN 212
COMMAND LEFT START
MOVE A39 58
MOVE A40 58
TRAIN 2
COMMAND LEFT END
COMMAND RIGHT START
COMMAND RIGHT END
TURN 212 RESULT
TIME LEFT 1 5 RIGHT 0 5
TRAIN A41 A42
MOVE A31 24
MOVE A32 24
MOVE A33 24
MOVE A34 24
MOVE A35 24
MOVE A36 24
MOVE A37 24
MOVE A38 24
MOVE A39 2
MOVE A40 2
MOVE B38 134
END TURN 212
TURN 213
COMMAND LEFT START
MOVE A41 58
MOVE A42 58
MOVE A31 58
MOVE A32 58
MOVE A33 58
MOVE A34 58
MOVE A35 58
MOVE A36 58
MOVE A37 58
MOVE A38 58
TRAIN 2
COMMAND LEFT END
COMMAND RIGHT START
MOVE B29 196
UPGRADE 196
COMMAND RIGHT END
TURN 213 RESULT
TIME LEFT 1 5 RIGHT 0 5
UPGRADE B 196
TRAIN A43 A44
MOVE A31 46
MOVE A32 46
MOVE A33 46
MOVE A34 46
MOVE A35 46
MOVE A36 46
MOVE A37 46
MOVE A38 46
MOVE A39 11
MOVE A40 11
MOVE A41 2
MOVE A42 2
MOVE B29 115
MOVE B38 115
END TURN 213
TURN 214
COMMAND LEFT START
MOVE A43 58
MOVE A44 58
COMMAND LEFT END
COMMAND RIGHT START
COMMAND RIGHT END
TURN 214 RESULT
TIME LEFT 1 5 RIGHT 0 5
MOVE A31 58
MOVE A32 58
MOVE A33 58
MOVE A34 58
MOVE A35 58
MOVE A36 58
MOVE A37 58
MOVE A38 58
MOVE A39 23
MOVE A40 23
MOVE A41 11
MOVE A42 11
MOVE A43 2
MOVE A44 2
MOVE B29 134
MOVE B38 98
END TURN 214
TURN 215
COMMAND LEFT START
COMMAND LEFT END
COMMAND RIGHT START
MOVE B38 72
COMMAND RIGHT END
TURN 215 RESULT
TIME LEFT 1 5 RIGHT 0 5
MOVE A39 39
MOVE A40 39
MOVE A41 23
MOVE A42 23
MOVE A43 11
MOVE A44 11
MOVE B29 151
MOVE B38 80
END TURN 215
TURN 216
COMMAND LEFT START
COMMAND LEFT END
COMMAND RIGHT START
UPGRADE 135
COMMAND RIGHT END
TURN 216 RESULT
TIME LEFT 1 5 RIGHT 0 5
UPGRADE B 135
MOVE A39 52
MOVE A40 52
MOVE A41 39
MOVE A42 39
MOVE A43 23
MOVE A44 23
MOVE B29 159
MOVE B38 71
END TURN 216
TURN 217
COMMAND LEFT START
COMMAND LEFT END
COMMAND RIGHT START
MOVE B30 135
COMMAND RIGHT END
TURN 217 RESULT
TIME LEFT 1 5 RIGHT 0 5
MOVE A39 58
MOVE A40 58
MOVE A41 52
MOVE A42 52
MOVE A43 39
MOVE A44 39
MOVE B29 173
MOVE B30 116
MOVE B38 72
END TURN 217
TURN 218
COMMAND LEFT START
COMMAND LEFT END
COMMAND RIGHT START
UPGRADE 72
COMMAND RIGHT END
TURN 218 RESULT
TIME LEFT 1 5 RIGHT 0 5
UPGRADE B 72
MOVE A41 58
MOVE A42 58
MOVE A43 52
MOVE A44 52
MOVE B29 185
MOVE B30 125
END TURN 218
TURN 219
COMMAND LEFT START
COMMAND LEFT END
COMMAND RIGHT START
MOVE B36 58
COMMAND RIGHT END
TURN 219 RESULT
TIME LEFT 1 5 RIGHT 0 5
MOVE A43 58
MOVE A44 58
MOVE B29 194
MOVE B30 124
MOVE B36 92
END TURN 219
TURN 220
COMMAND LEFT START
TRAIN 2
COMMAND LEFT END
COMMAND RIGHT START
UPGRADE 72
COMMAND RIGHT END
TURN 220 RESULT
TIME LEFT 1 5 RIGHT 0 5
UPGRADE B 72
TRAIN A45 A46
MOVE B29 196
MOVE B30 128
MOVE B36 78
END TURN 220
TURN 221
COMMAND LEFT START
MOVE A45 58
MOVE A46 58
COMMAND LEFT END
COMMAND RIGHT START
MOVE B31 72
UPGRADE 124
COMMAND RIGHT END
TURN 221 RESULT
TIME LEFT 1 5 RIGHT 0 5
UPGRADE B 124
MOVE A45 2
MOVE A46 2
MOVE B30 135
MOVE B31 80
MOVE B36 58
DAMAGE TURRET B36 1
DAMAGE COMBAT A2 1
DAMAGE COMBAT B36 5
END TURN 221
TURN 222
COMMAND LEFT START
MOVE A31 172
MOVE A32 172
MOVE A33 172
MOVE A34 172
MOVE A35 172
MOVE A36 172
MOVE A37 172
MOVE A38 172
MOVE A39 172
MOVE A40 172
MOVE A41 172
MOVE A42 172
MOVE A43 172
MOVE A44 172
COMMAND LEFT END
COMMAND RIGHT START
MOVE B32 124
COMMAND RIGHT END
TURN 222 RESULT
TIME LEFT 1 5 RIGHT 0 5
MOVE A31 78
MOVE A32 78
MOVE A33 78
MOVE A34 78
MOVE A35 78
MOVE A36 78
MOVE A37 78
MOVE A38 78
MOVE A39 78
MOVE A40 78
MOVE A41 78
MOVE A42 78
MOVE A43 78
MOVE A44 78
MOVE A45 11
MOVE A46 11
MOVE B31 71
MOVE B32 116
END TURN 222
TURN 223
COMMAND LEFT START
COMMAND LEFT END
COMMAND RIGHT START
UPGRADE 72
COMMAND RIGHT END
TURN 223 RESULT
TIME LEFT 1 5 RIGHT 0 5
UPGRADE B 72
MOVE A31 92
MOVE A32 92
MOVE A33 92
MOVE A34 92
MOVE A35 92
MOVE A36 92
MOVE A37 92
MOVE A38 92
MOVE A39 92
MOVE A40 92
MOVE A41 92
MOVE A42 92
MOVE A43 92
MOVE A44 92
MOVE A45 23
MOVE A46 23
MOVE B31 72
MOVE B32 125
END TURN 223
TURN 224
COMMAND LEFT START
COMMAND LEFT END
COMMAND RIGHT START
TRAIN 1
COMMAND RIGHT END
TURN 224 RESULT
TIME LEFT 0 5 RIGHT 0 5
TRAIN B39
MOVE A31 98
MOVE A32 98
MOVE A33 98
MOVE A34 98
MOVE A35 98
MOVE A36 98
MOVE A37 98
MOVE A38 98
MOVE A39 98
MOVE A40 98
MOVE A41 98
MOVE A42 98
MOVE A43 98
MOVE A44 98
MOVE A45 39
MOVE A46 39
MOVE B32 124
DAMAGE TURRET A31 2
DAMAGE COMBAT A31 3
DAMAGE COMBAT B33 6
DAMAGE COMBAT B34 6
DAMAGE COMBAT B35 2
END TURN 224
TURN 225
COMMAND LEFT START
COMMAND LEFT END
COMMAND RIGHT START
MOVE B20 72
TRAIN 2
COMMAND RIGHT END
TURN 225 RESULT
TIME LEFT 0 5 RIGHT 0 5
TRAIN B40 B41
MOVE A45 52
MOVE A46 52
MOVE B20 192
DAMAGE TURRET A31 1
DAMAGE TURRET A32 1
DAMAGE COMBAT A32 1
DAMAGE COMBAT B35 4
SIEGE B 98 10
END TURN 225
TURN 226
COMMAND LEFT START
COMMAND LEFT END
COMMAND RIGHT START
MOVE B41 138
MOVE B40 138
TRAIN 2
COMMAND RIGHT END
TURN 226 RESULT
TIME LEFT 0 5 RIGHT 0 5
TRAIN B42 B43
MOVE A32 104
MOVE A33 104
MOVE A34 104
MOVE A35 104
MOVE A36 104
MOVE A37 104
MOVE A38 104
MOVE A39 104
MOVE A40 104
MOVE A41 104
MOVE A42 104
MOVE A43 104
MOVE A44 104
MOVE A45 58
MOVE A46 58
MOVE B20 188
MOVE B40 194
MOVE B41 194
END TURN 226
TURN 227
COMMAND LEFT START
TRAIN 2
COMMAND LEFT END
COMMAND RIGHT START
MOVE B21 98
MOVE B22 98
TRAIN 1
COMMAND RIGHT END
TURN 227 RESULT
TIME LEFT 1 5 RIGHT 0 5
TRAIN A47 A48 B44
MOVE A32 131
MOVE A33 131
MOVE A34 131
MOVE A35 131
MOVE A36 131
MOVE A37 131
MOVE A38 131
MOVE A39 131
MOVE A40 131
MOVE A41 131
MOVE A42 131
MOVE A43 131
MOVE A44 131
MOVE B20 179
MOVE B21 194
MOVE B22 194
MOVE B40 185
MOVE B41 185
END TURN 227
TURN 228
COMMAND LEFT START
MOVE A47 1
MOVE A48 1
MOVE A45 24
MOVE A46 24
COMMAND LEFT END
COMMAND RIGHT START
MOVE B29 98
TRAIN 2
COMMAND RIGHT END
TURN 228 RESULT
TIME LEFT 1 5 RIGHT 0 5
TRAIN B45 B46
MOVE A32 144
MOVE A33 144
MOVE A34 144
MOVE A35 144
MOVE A36 144
MOVE A37 144
MOVE A38 144
MOVE A39 144
MOVE A40 144
MOVE A41 144
MOVE A42 144
MOVE A43 144
MOVE A44 144
MOVE A45 46
MOVE A46 46
MOVE A47 1
MOVE A48 1
MOVE B20 175
MOVE B21 185
MOVE B22 185
MOVE B29 194
MOVE B40 173
MOVE B41 173
END TURN 228
TURN 229
COMMAND LEFT START
COMMAND LEFT END
COMMAND RIGHT START
MOVE B39 98
MOVE B46 98
TRAIN 2
COMMAND RIGHT END
TURN 229 RESULT
TIME LEFT 1 5 RIGHT 0 5
TRAIN B47 B48
MOVE A32 157
MOVE A33 157
MOVE A34 157
MOVE A35 157
MOVE A36 157
MOVE A37 157
MOVE A38 157
MOVE A39 157
MOVE A40 157
MOVE A41 157
MOVE A42 157
MOVE A43 157
MOVE A44 157
MOVE A45 24
MOVE A46 24
MOVE B20 164
MOVE B21 173
MOVE B22 173
MOVE B29 185
MOVE B39 194
MOVE B40 157
MOVE B41 157
MOVE B46 194
DAMAGE COMBAT A32 2
DAMAGE COMBAT B40 7
DAMAGE COMBAT B41 6
END TURN 229
TURN 230
COMMAND LEFT START
MOVE A45 58
MOVE A46 58
TRAIN 2
COMMAND LEFT END
COMMAND RIGHT START
MOVE B42 98
MOVE B48 98
TRAIN 2
COMMAND RIGHT END
TURN 230 RESULT
TIME LEFT 1 5 RIGHT 0 5
TRAIN A49 A50 B49 B50
MOVE A45 46
MOVE A46 46
MOVE B20 153
MOVE B21 159
MOVE B22 159
MOVE B29 173
MOVE B39 185
MOVE B42 194
MOVE B46 185
MOVE B48 194
DAMAGE COMBAT A32 1
DAMAGE COMBAT B41 1
END TURN 230
TURN 231
COMMAND LEFT START
MOVE A49 1
MOVE A50 1
MOVE A47 24
MOVE A48 24
TRAIN 2
COMMAND LEFT END
COMMAND RIGHT START
MOVE B43 98
MOVE B50 98
TRAIN 2
COMMAND RIGHT END
TURN 231 RESULT
TIME LEFT 1 5 RIGHT 0 5
TRAIN A51 A52 B51 B52
MOVE A32 172
MOVE A33 172
MOVE A34 172
MOVE A35 172
MOVE A36 172
MOVE A37 172
MOVE A38 172
MOVE A39 172
MOVE A40 172
MOVE A41 172
MOVE A42 172
MOVE A43 172
MOVE A44 172
MOVE A45 58
MOVE A46 58
MOVE A47 2
MOVE A48 2
MOVE A49 1
MOVE A50 1
MOVE B20 123
MOVE B21 151
MOVE B22 151
MOVE B29 159
MOVE B39 173
MOVE B42 185
MOVE B43 194
MOVE B46 173
MOVE B48 185
MOVE B50 194
DAMAGE TURRET A32 1
DAMAGE TURRET A33 1
DAMAGE COMBAT A33 3
DAMAGE COMBAT B10 5
DAMAGE COMBAT B14 5
DAMAGE COMBAT B18 3
END TURN 231
TURN 232
COMMAND LEFT START
MOVE A51 1
MOVE A52 1
MOVE A45 98
MOVE A46 98
TRAIN 2
COMMAND LEFT END
COMMAND RIGHT START
MOVE B44 98
MOVE B52 98
TRAIN 2
COMMAND RIGHT END
TURN 232 RESULT
TIME LEFT 1 5 RIGHT 0 5
TRAIN A53 A54 B53 B54
MOVE A45 78
MOVE A46 78
MOVE A47 6
MOVE A48 6
MOVE A51 1
MOVE A52 1
MOVE B20 110
MOVE B21 134
MOVE B22 134
MOVE B29 151
MOVE B39 159
MOVE B42 173
MOVE B43 185
MOVE B44 194
MOVE B46 159
MOVE B48 173
MOVE B50 185
MOVE B52 194
DAMAGE TURRET A33 2
DAMAGE COMBAT A34 1
DAMAGE COMBAT B18 3
SIEGE B 172 9
END TURN 232
TURN 233
COMMAND LEFT START
MOVE A53 98
MOVE A54 98
MOVE A49 98
MOVE A50 98
MOVE A51 98
MOVE A52 98
COMMAND LEFT END
COMMAND RIGHT START
MOVE B45 98
MOVE B54 98
TRAIN 2
COMMAND RIGHT END
TURN 233 RESULT
TIME LEFT 1 5 RIGHT 0 5
TRAIN B55 B56
MOVE A45 92
MOVE A46 92
MOVE A47 16
MOVE A48 16
MOVE A49 12
MOVE A50 12
MOVE A51 12
MOVE A52 12
MOVE A53 2
MOVE A54 2
MOVE B20 97
MOVE B21 115
MOVE B22 115
MOVE B29 134
MOVE B39 151
MOVE B42 159
MOVE B43 173
MOVE B44 185
MOVE B45 194
MOVE B46 151
MOVE B48 159
MOVE B50 173
MOVE B52 185
MOVE B54 194
DAMAGE TURRET A34 2
SIEGE B 172 9
END TURN 233
TURN 234
COMMAND LEFT START
MOVE A34 98
MOVE A35 98
MOVE A36 98
MOVE A37 98
MOVE A38 98
MOVE A39 98
MOVE A40 98
MOVE A41 98
MOVE A42 98
MOVE A43 98
MOVE A44 98
COMMAND LEFT END
COMMAND RIGHT START
MOVE B11 98
MOVE B19 98
MOVE B31 98
MOVE B47 138
MOVE B49 138
TRAIN 1
COMMAND RIGHT END
TURN 234 RESULT
TIME LEFT 1 5 RIGHT 0 5
TRAIN B57
MOVE A34 157
MOVE A35 157
MOVE A36 157
MOVE A37 157
MOVE A38 157
MOVE A39 157
MOVE A40 157
MOVE A41 157
MOVE A42 157
MOVE A43 157
MOVE A44 157
MOVE A45 98
MOVE A46 98
MOVE A47 24
MOVE A48 24
MOVE A49 19
MOVE A50 19
MOVE A51 19
MOVE A52 19
MOVE A53 11
MOVE A54 11
MOVE B11 118
MOVE B19 118
MOVE B20 82
MOVE B21 98
MOVE B22 98
MOVE B29 115
MOVE B31 71
MOVE B39 134
MOVE B42 151
MOVE B43 159
MOVE B44 173
MOVE B45 185
MOVE B46 134
MOVE B47 194
MOVE B48 151
MOVE B49 194
MOVE B50 159
MOVE B52 173
MOVE B54 185
DAMAGE TURRET A45 2
DAMAGE COMBAT A45 2
DAMAGE COMBAT B21 2
END TURN 234
TURN 235
COMMAND LEFT START
MOVE A47 98
MOVE A48 98
COMMAND LEFT END
COMMAND RIGHT START
MOVE B15 98
MOVE B25 98
MOVE B28 98
MOVE B51 124
TRAIN 2
COMMAND RIGHT END
TURN 235 RESULT
TIME LEFT 1 5 RIGHT 0 5
TRAIN B58 B59
MOVE A34 144
MOVE A35 144
MOVE A36 144
MOVE A37 144
MOVE A38 144
MOVE A39 144
MOVE A40 144
MOVE A41 144
MOVE A42 144
MOVE A43 144
MOVE A44 144
MOVE A47 39
MOVE A48 39
MOVE A49 29
MOVE A50 29
MOVE A51 29
MOVE A52 29
MOVE A53 23
MOVE A54 23
MOVE B11 104
MOVE B15 125
MOVE B19 104
MOVE B20 72
MOVE B25 125
MOVE B28 128
MOVE B29 98
MOVE B31 80
MOVE B39 115
MOVE B42 134
MOVE B43 151
MOVE B44 159
MOVE B45 173
MOVE B46 115
MOVE B47 185
MOVE B48 134
MOVE B49 185
MOVE B50 151
MOVE B51 194
MOVE B52 159
MOVE B54 173
DAMAGE TURRET A45 2
DAMAGE COMBAT A46 3
DAMAGE COMBAT B21 2
END TURN 235
TURN 236
COMMAND LEFT START
COMMAND LEFT END
COMMAND RIGHT START
MOVE B20 98
MOVE B30 98
MOVE B1 98
MOVE B53 135
MOVE B55 135
TRAIN 2
COMMAND RIGHT END
TURN 236 RESULT
TIME LEFT 1 5 RIGHT 0 5
TRAIN B60 B61
MOVE A34 131
MOVE A35 131
MOVE A36 131
MOVE A37 131
MOVE A38 131
MOVE A39 131
MOVE A40 131
MOVE A41 131
MOVE A42 131
MOVE A43 131
MOVE A44 131
MOVE A47 52
MOVE A48 52
MOVE A49 49
MOVE A50 49
MOVE A51 49
MOVE A52 49
MOVE A53 37
MOVE A54 37
MOVE B1 184
MOVE B11 98
MOVE B15 116
MOVE B19 98
MOVE B20 71
MOVE B25 116
MOVE B28 124
MOVE B30 128
MOVE B31 98
MOVE B39 98
MOVE B42 115
MOVE B43 134
MOVE B44 151
MOVE B45 159
MOVE B46 98
MOVE B47 173
MOVE B48 115
MOVE B49 173
MOVE B50 134
MOVE B51 191
MOVE B52 151
MOVE B53 194
MOVE B54 159
MOVE B55 194
DAMAGE TURRET A46 2
DAMAGE COMBAT A46 1
DAMAGE COMBAT B21 1
END TURN 236
TURN 237
COMMAND LEFT START
COMMAND LEFT END
COMMAND RIGHT START
MOVE B11 72
MOVE B19 72
MOVE B56 195
MOVE B61 98
TRAIN 1
COMMAND RIGHT END
TURN 237 RESULT
TIME LEFT 0 5 RIGHT 0 5
TRAIN B62
MOVE A34 104
MOVE A35 104
MOVE A36 104
MOVE A37 104
MOVE A38 104
MOVE A39 104
MOVE A40 104
MOVE A41 104
MOVE A42 104
MOVE A43 104
MOVE A44 104
MOVE A47 65
MOVE A48 65
MOVE A49 62
MOVE A50 62
MOVE A51 62
MOVE A52 62
MOVE A53 45
MOVE A54 45
MOVE B1 177
MOVE B11 80
MOVE B15 98
MOVE B19 80
MOVE B20 80
MOVE B25 98
MOVE B28 125
MOVE B30 124
MOVE B42 98
MOVE B43 115
MOVE B44 134
MOVE B45 151
MOVE B47 157
MOVE B48 98
MOVE B49 157
MOVE B50 115
MOVE B51 182
MOVE B52 134
MOVE B53 191
MOVE B54 151
MOVE B55 191
MOVE B56 195
MOVE B61 194
END TURN 237
TURN 238
COMMAND LEFT START
COMMAND LEFT END
COMMAND RIGHT START
MOVE B9 98
MOVE B16 98
MOVE B57 98
MOVE B15 195
MOVE B21 195
MOVE B22 124
MOVE B48 58
TRAIN 1
COMMAND RIGHT END
TURN 238 RESULT
TIME LEFT 0 5 RIGHT 0 5
TRAIN B63
MOVE A34 98
MOVE A35 98
MOVE A36 98
MOVE A37 98
MOVE A38 98
MOVE A39 98
MOVE A40 98
MOVE A41 98
MOVE A42 98
MOVE A43 98
MOVE A44 98
MOVE A47 92
MOVE A48 92
MOVE A49 81
MOVE A50 81
MOVE A51 81
MOVE A52 81
MOVE A53 62
MOVE A54 62
MOVE B1 167
MOVE B9 184
MOVE B11 71
MOVE B15 115
MOVE B16 184
MOVE B19 71
MOVE B20 98
MOVE B21 115
MOVE B22 116
MOVE B28 116
MOVE B30 125
MOVE B43 98
MOVE B44 115
MOVE B45 134
MOVE B47 144
MOVE B48 92
MOVE B49 144
MOVE B50 98
MOVE B51 167
MOVE B52 115
MOVE B53 184
MOVE B54 134
MOVE B55 184
MOVE B57 194
MOVE B61 185
DAMAGE TURRET A34 2
DAMAGE COMBAT A34 1
DAMAGE COMBAT A35 6
DAMAGE COMBAT A36 2
DAMAGE COMBAT A47 1
DAMAGE COMBAT B20 6
DAMAGE COMBAT B25 3
DAMAGE COMBAT B29 2
DAMAGE COMBAT B48 2
END TURN 238
TURN 239
COMMAND LEFT START
COMMAND LEFT END
COMMAND RIGHT START
MOVE B58 98
MOVE B59 98
MOVE B60 98
TRAIN 2
COMMAND RIGHT END
TURN 239 RESULT
TIME LEFT 1 5 RIGHT 0 5
TRAIN B64 B65
MOVE A49 98
MOVE A50 98
MOVE A51 98
MOVE A52 98
MOVE A53 81
MOVE A54 81
MOVE B1 147
MOVE B9 177
MOVE B11 72
MOVE B15 134
MOVE B16 177
MOVE B19 72
MOVE B21 134
MOVE B22 125
MOVE B28 98
MOVE B30 116
MOVE B44 98
MOVE B45 115
MOVE B47 138
MOVE B49 138
MOVE B51 148
MOVE B52 98
MOVE B53 178
MOVE B54 115
MOVE B55 178
MOVE B57 185
MOVE B58 194
MOVE B59 194
MOVE B60 194
MOVE B61 173
DAMAGE TURRET A36 2
DAMAGE COMBAT A36 2
DAMAGE COMBAT A37 6
DAMAGE COMBAT A38 2
DAMAGE COMBAT A47 1
DAMAGE COMBAT B28 4
DAMAGE COMBAT B29 4
DAMAGE COMBAT B31 5
DAMAGE COMBAT B48 2
END TURN 239
TURN 240
COMMAND LEFT START
COMMAND LEFT END
COMMAND RIGHT START
MOVE B26 98
MOVE B47 98
MOVE B11 98
TRAIN 2
COMMAND RIGHT END
TURN 240 RESULT
TIME LEFT 1 5 RIGHT 0 5
TRAIN B66 B67
MOVE A53 98
MOVE A54 98
MOVE B1 134
MOVE B9 167
MOVE B11 71
MOVE B15 147
MOVE B16 167
MOVE B21 147
MOVE B22 124
MOVE B26 118
MOVE B30 98
MOVE B45 98
MOVE B47 118
MOVE B51 137
MOVE B53 170
MOVE B54 98
MOVE B55 170
MOVE B57 173
MOVE B58 185
MOVE B59 185
MOVE B60 185
MOVE B61 159
DAMAGE TURRET A38 2
DAMAGE COMBAT A38 2
DAMAGE COMBAT A39 6
DAMAGE COMBAT A40 3
DAMAGE COMBAT A47 1
DAMAGE COMBAT B30 6
DAMAGE COMBAT B31 1
DAMAGE COMBAT B39 6
DAMAGE COMBAT B48 2
END TURN 240
TURN 241
COMMAND LEFT START
COMMAND LEFT END
COMMAND RIGHT START
MOVE B19 98
MOVE B22 98
MOVE B62 98
MOVE B63 138
TRAIN 2
COMMAND RIGHT END
TURN 241 RESULT
TIME LEFT 1 5 RIGHT 0 5
TRAIN B68 B69
MOVE B1 115
MOVE B9 147
MOVE B11 80
MOVE B15 167
MOVE B16 147
MOVE B19 71
MOVE B21 167
MOVE B22 125
MOVE B26 104
MOVE B47 104
MOVE B51 124
MOVE B53 162
MOVE B55 162
MOVE B57 159
MOVE B58 173
MOVE B59 173
MOVE B60 173
MOVE B61 151
MOVE B62 194
MOVE B63 194
DAMAGE TURRET A40 2
DAMAGE COMBAT A40 1
DAMAGE COMBAT A41 6
DAMAGE COMBAT A42 2
DAMAGE COMBAT A47 1
DAMAGE COMBAT B39 1
DAMAGE COMBAT B42 7
DAMAGE COMBAT B43 3
DAMAGE COMBAT B48 1
END TURN 241
TURN 242
COMMAND LEFT START
TRAIN 2
COMMAND LEFT END
COMMAND RIGHT START
MOVE B32 98
MOVE B64 98
MOVE B65 98
TRAIN 2
COMMAND RIGHT END
TURN 242 RESULT
TIME LEFT 1 5 RIGHT 0 5
TRAIN A55 A56 B70 B71
MOVE A47 98
MOVE A48 98
MOVE B1 98
MOVE B9 134
MOVE B11 98
MOVE B15 177
MOVE B16 134
MOVE B19 80
MOVE B21 177
MOVE B22 116
MOVE B26 98
MOVE B32 125
MOVE B47 98
MOVE B53 143
MOVE B55 143
MOVE B57 151
MOVE B58 159
MOVE B59 159
MOVE B60 159
MOVE B61 134
MOVE B62 185
MOVE B63 185
MOVE B64 194
MOVE B65 194
DAMAGE TURRET A47 2
DAMAGE COMBAT A42 4
DAMAGE COMBAT A43 6
DAMAGE COMBAT A44 1
DAMAGE COMBAT B1 1
DAMAGE COMBAT B11 5
DAMAGE COMBAT B26 1
DAMAGE COMBAT B43 4
END TURN 242
TURN 243
COMMAND LEFT START
MOVE A55 58
MOVE A56 58
TRAIN 1
COMMAND LEFT END
COMMAND RIGHT START
MOVE B66 98
MOVE B67 98
MOVE B68 98
TRAIN 2
COMMAND RIGHT END
TURN 243 RESULT
TIME LEFT 1 5 RIGHT 0 5
TRAIN A57 B72 B73
MOVE A55 2
MOVE A56 2
MOVE B9 115
MOVE B15 184
MOVE B16 115
MOVE B19 98
MOVE B21 184
MOVE B22 98
MOVE B32 116
MOVE B53 135
MOVE B55 135
MOVE B57 134
MOVE B58 151
MOVE B59 151
MOVE B60 151
MOVE B61 115
MOVE B62 173
MOVE B63 173
MOVE B64 185
MOVE B65 185
MOVE B66 194
MOVE B67 194
MOVE B68 194
DAMAGE TURRET A44 2
DAMAGE COMBAT A44 3
DAMAGE COMBAT A48 6
DAMAGE COMBAT A49 1
DAMAGE COMBAT B19 3
DAMAGE COMBAT B26 5
END TURN 243
TURN 244
COMMAND LEFT START
MOVE A57 58
MOVE A49 58
MOVE A50 58
MOVE A51 58
MOVE A52 58
MOVE A53 58
MOVE A54 58
TRAIN 2
COMMAND LEFT END
COMMAND RIGHT START
MOVE B37 98
MOVE B53 98
MOVE B69 98
TRAIN 2
COMMAND RIGHT END
TURN 244 RESULT
TIME LEFT 1 5 RIGHT 0 5
TRAIN A58 A59 B74 B75
MOVE A55 11
MOVE A56 11
MOVE A57 2
MOVE B9 98
MOVE B15 195
MOVE B16 98
MOVE B21 195
MOVE B32 98
MOVE B37 128
MOVE B53 128
MOVE B57 115
MOVE B58 134
MOVE B59 134
MOVE B60 134
MOVE B61 98
MOVE B62 159
MOVE B63 157
MOVE B64 173
MOVE B65 173
MOVE B66 185
MOVE B67 185
MOVE B68 185
MOVE B69 194
DAMAGE TURRET A49 2
DAMAGE COMBAT A49 3
DAMAGE COMBAT A50 6
DAMAGE COMBAT A51 4
DAMAGE COMBAT B9 3
DAMAGE COMBAT B19 3
END TURN 244
TURN 245
COMMAND LEFT START
MOVE A58 58
MOVE A59 58
COMMAND LEFT END
COMMAND RIGHT START
MOVE B15 98
MOVE B21 98
MOVE B70 98
MOVE B71 195
TRAIN 2
COMMAND RIGHT END
TURN 245 RESULT
TIME LEFT 1 5 RIGHT 0 5
TRAIN B76 B77
MOVE A55 23
MOVE A56 23
MOVE A57 11
MOVE A58 2
MOVE A59 2
MOVE B15 184
MOVE B21 184
MOVE B37 124
MOVE B53 124
MOVE B57 98
MOVE B58 115
MOVE B59 115
MOVE B60 115
MOVE B62 151
MOVE B63 144
MOVE B64 159
MOVE B65 159
MOVE B66 173
MOVE B67 173
MOVE B68 173
MOVE B69 185
MOVE B70 194
MOVE B71 195
DAMAGE TURRET A51 2
DAMAGE COMBAT A52 6
DAMAGE COMBAT A53 6
DAMAGE COMBAT B16 4
END TURN 245
TURN 246
COMMAND LEFT START
TRAIN 2
COMMAND LEFT END
COMMAND RIGHT START
MOVE B56 98
MOVE B72 98
MOVE B73 98
TRAIN 2
COMMAND RIGHT END
TURN 246 RESULT
TIME LEFT 0 5 RIGHT 0 5
TRAIN A60 A61 B78 B79
MOVE A55 39
MOVE A56 39
MOVE A57 23
MOVE A58 11
MOVE A59 11
MOVE B15 177
MOVE B21 177
MOVE B37 125
MOVE B53 125
MOVE B56 184
MOVE B58 98
MOVE B59 98
MOVE B60 98
MOVE B62 134
MOVE B63 138
MOVE B64 151
MOVE B65 151
MOVE B66 159
MOVE B67 159
MOVE B68 159
MOVE B69 173
MOVE B70 185
MOVE B72 194
MOVE B73 194
DAMAGE TURRET A54 2
DAMAGE COMBAT A54 4
DAMAGE COMBAT B16 1
END TURN 246
TURN 247
COMMAND LEFT START
MOVE A60 58
MOVE A61 58
COMMAND LEFT END
COMMAND RIGHT START
MOVE B74 195
MOVE B75 195
MOVE B16 135
MOVE B22 135
TRAIN 2
COMMAND RIGHT END
TURN 247 RESULT
TIME LEFT 1 5 RIGHT 0 5
TRAIN B80 B81
MOVE A55 52
MOVE A56 52
MOVE A57 39
MOVE A58 23
MOVE A59 23
MOVE A60 2
MOVE A61 2
MOVE B15 167
MOVE B16 116
MOVE B21 167
MOVE B22 116
MOVE B37 116
MOVE B53 116
MOVE B56 177
MOVE B62 115
MOVE B64 134
MOVE B65 134
MOVE B66 151
MOVE B67 151
MOVE B68 151
MOVE B69 159
MOVE B70 173
MOVE B72 185
MOVE B73 185
MOVE B74 195
MOVE B75 195
END TURN 247
TURN 248
COMMAND LEFT START
COMMAND LEFT END
COMMAND RIGHT START
MOVE B32 124
MOVE B44 124
MOVE B45 72
MOVE B46 72
TRAIN 1
COMMAND RIGHT END
TURN 248 RESULT
TIME LEFT 0 5 RIGHT 0 5
TRAIN B82
MOVE A55 58
MOVE A56 58
MOVE A57 52
MOVE A58 39
MOVE A59 39
MOVE A60 11
MOVE A61 11
MOVE B15 147
MOVE B16 125
MOVE B21 147
MOVE B22 125
MOVE B32 116
MOVE B37 98
MOVE B44 116
MOVE B45 80
MOVE B46 80
MOVE B53 98
MOVE B56 167
MOVE B62 98
MOVE B64 115
MOVE B65 115
MOVE B66 134
MOVE B67 134
MOVE B68 134
MOVE B69 151
MOVE B70 159
MOVE B72 173
MOVE B73 173
END TURN 248
TURN 249
COMMAND LEFT START
COMMAND LEFT END
COMMAND RIGHT START
MOVE B37 138
MOVE B82 172
COMMAND RIGHT END
TURN 249 RESULT
TIME LEFT 1 5 RIGHT 0 5
MOVE A57 58
MOVE A58 52
MOVE A59 52
MOVE A60 23
MOVE A61 23
MOVE B15 134
MOVE B16 124
MOVE B21 134
MOVE B22 124
MOVE B32 125
MOVE B37 104
MOVE B44 125
MOVE B45 71
MOVE B46 71
MOVE B56 147
MOVE B64 98
MOVE B65 98
MOVE B66 115
MOVE B67 115
MOVE B68 115
MOVE B69 134
MOVE B70 151
MOVE B72 159
MOVE B73 159
MOVE B82 192
END TURN 249
TURN 250
COMMAND LEFT START
TRAIN 2
COMMAND LEFT END
COMMAND RIGHT START
TRAIN 2
COMMAND RIGHT END
TURN 250 RESULT
TIME LEFT 1 5 RIGHT 0 5
TRAIN A62 A63 B83 B84
MOVE A58 58
MOVE A59 58
MOVE A60 39
MOVE A61 39
MOVE B15 115
MOVE B16 128
MOVE B21 115
MOVE B22 128
MOVE B32 124
MOVE B37 118
MOVE B44 124
MOVE B45 72
MOVE B46 72
MOVE B56 134
MOVE B66 98
MOVE B67 98
MOVE B68 98
MOVE B69 115
MOVE B70 134
MOVE B72 151
MOVE B73 151
MOVE B82 190
END TURN 250
TURN 251
COMMAND LEFT START
MOVE A62 58
MOVE A63 58
COMMAND LEFT END
COMMAND RIGHT START
TRAIN 2
COMMAND RIGHT END
TURN 251 RESULT
TIME LEFT 1 5 RIGHT 0 5
TRAIN B85 B86
MOVE A60 52
MOVE A61 52
MOVE A62 2
MOVE A63 2
MOVE B15 98
MOVE B16 135
MOVE B21 98
MOVE B22 135
MOVE B37 138
MOVE B56 115
MOVE B69 98
MOVE B70 115
MOVE B72 134
MOVE B73 134
MOVE B82 180
END TURN 251
TURN 252
COMMAND LEFT START
COMMAND LEFT END
COMMAND RIGHT START
TRAIN 2
COMMAND RIGHT END
TURN 252 RESULT
TIME LEFT 1 5 RIGHT 0 5
TRAIN B87 B88
MOVE A60 58
MOVE A61 58
MOVE A62 11
MOVE A63 11
MOVE B56 98
MOVE B70 98
MOVE B72 115
MOVE B73 115
MOVE B82 172
END TURN 252
TURN 253
COMMAND LEFT START
UPGRADE 1
COMMAND LEFT END
COMMAND RIGHT START
UPGRADE 172
COMMAND RIGHT END
TURN 253 RESULT
TIME LEFT 0 5 RIGHT 0 5
UPGRADE A 1
UPGRADE B 172
MOVE A62 23
MOVE A63 23
MOVE B72 98
MOVE B73 98
END TURN 253
TURN 254
COMMAND LEFT START
COMMAND LEFT END
COMMAND RIGHT START
MOVE B73 58
COMMAND RIGHT END
TURN 254 RESULT
TIME LEFT 1 5 RIGHT 0 5
MOVE A62 39
MOVE A63 39
MOVE B73 92
END TURN 254
TURN 255
COMMAND LEFT START
COMMAND LEFT END
COMMAND RIGHT START
MOVE B88 98
MOVE B87 98
MOVE B86 98
MOVE B85 98
MOVE B84 98
MOVE B83 98
MOVE B81 98
MOVE B80 98
UPGRADE 172
COMMAND RIGHT END
TURN 255 RESULT
TIME LEFT 1 5 RIGHT 0 5
UPGRADE B 172
MOVE A62 52
MOVE A63 52
MOVE B73 78
MOVE B80 194
MOVE B81 194
MOVE B83 194
MOVE B84 194
MOVE B85 194
MOVE B86 194
MOVE B87 194
MOVE B88 194
END TURN 255
TURN 256
COMMAND LEFT START
COMMAND LEFT END
COMMAND RIGHT START
MOVE B15 172
UPGRADE 172
COMMAND RIGHT END
TURN 256 RESULT
TIME LEFT 1 5 RIGHT 0 5
UPGRADE B 172
MOVE A62 58
MOVE A63 58
MOVE B15 104
MOVE B73 58
MOVE B80 185
MOVE B81 185
MOVE B83 185
MOVE B84 185
MOVE B85 185
MOVE B86 185
MOVE B87 185
MOVE B88 185
DAMAGE TURRET B73 1
DAMAGE COMBAT A2 1
DAMAGE COMBAT B73 6
END TURN 256
TURN 257
COMMAND LEFT START
COMMAND LEFT END
COMMAND RIGHT START
MOVE B21 172
COMMAND RIGHT END
TURN 257 RESULT
TIME LEFT 1 5 RIGHT 0 5
MOVE B15 131
MOVE B21 104
MOVE B80 173
MOVE B81 173
MOVE B83 173
MOVE B84 173
MOVE B85 173
MOVE B86 173
MOVE B87 173
MOVE B88 173
END TURN 257
TURN 258
COMMAND LEFT START
TRAIN 1
COMMAND LEFT END
COMMAND RIGHT START
MOVE B72 58
COMMAND RIGHT END
TURN 258 RESULT
TIME LEFT 1 5 RIGHT 0 5
TRAIN A64
MOVE B15 144
MOVE B21 131
MOVE B72 92
MOVE B80 159
MOVE B81 159
MOVE B83 159
MOVE B84 159
MOVE B85 159
MOVE B86 159
MOVE B87 159
MOVE B88 159
END TURN 258
TURN 259
COMMAND LEFT START
MOVE A64 58
TRAIN 2
COMMAND LEFT END
COMMAND RIGHT START
MOVE B70 117
COMMAND RIGHT END
TURN 259 RESULT
TIME LEFT 1 5 RIGHT 0 5
TRAIN A65 A66
MOVE A64 2
MOVE B15 157
MOVE B21 144
MOVE B70 95
MOVE B72 78
MOVE B80 151
MOVE B81 151
MOVE B83 151
MOVE B84 151
MOVE B85 151
MOVE B86 151
MOVE B87 151
MOVE B88 151
END TURN 259
TURN 260
COMMAND LEFT START
MOVE A65 58
MOVE A66 58
COMMAND LEFT END
COMMAND RIGHT START
TRAIN 2
COMMAND RIGHT END
TURN 260 RESULT
TIME LEFT 1 5 RIGHT 0 5
TRAIN B89 B90
MOVE A64 11
MOVE A65 2
MOVE A66 2
MOVE B15 172
MOVE B21 157
MOVE B70 108
MOVE B72 58
MOVE B80 134
MOVE B81 134
MOVE B83 134
MOVE B84 134
MOVE B85 134
MOVE B86 134
MOVE B87 134
MOVE B88 134
DAMAGE TURRET B72 1
DAMAGE COMBAT A2 1
DAMAGE COMBAT B72 6
END TURN 260
TURN 261
COMMAND LEFT START
COMMAND LEFT END
COMMAND RIGHT START
TRAIN 2
COMMAND RIGHT END
TURN 261 RESULT
TIME LEFT 1 5 RIGHT 0 5
TRAIN B91 B92
MOVE A64 23
MOVE A65 11
MOVE A66 11
MOVE B21 172
MOVE B70 114
MOVE B80 115
MOVE B81 115
MOVE B83 115
MOVE B84 115
MOVE B85 115
MOVE B86 115
MOVE B87 115
MOVE B88 115
END TURN 261
TURN 262
COMMAND LEFT START
TRAIN 2
COMMAND LEFT END
COMMAND RIGHT START
TRAIN 2
COMMAND RIGHT END
TURN 262 RESULT
TIME LEFT 1 5 RIGHT 0 5
TRAIN A67 A68 B93 B94
MOVE A64 39
MOVE A65 23
MOVE A66 23
MOVE B70 112
MOVE B80 98
MOVE B81 98
MOVE B83 98
MOVE B84 98
MOVE B85 98
MOVE B86 98
MOVE B87 98
MOVE B88 98
END TURN 262
TURN 263
COMMAND LEFT START
MOVE A67 58
MOVE A68 58
TRAIN 1
COMMAND LEFT END
COMMAND RIGHT START
TRAIN 2
COMMAND RIGHT END
TURN 263 RESULT
TIME LEFT 1 5 RIGHT 0 5
TRAIN A69 B95 B96
MOVE A64 52
MOVE A65 39
MOVE A66 39
MOVE A67 2
MOVE A68 2
MOVE B70 119
END TURN 263
TURN 264
COMMAND LEFT START
MOVE A69 58
COMMAND LEFT END
COMMAND RIGHT START
TRAIN 2
COMMAND RIGHT END
TURN 264 RESULT
TIME LEFT 1 5 RIGHT 0 5
TRAIN B97 B98
MOVE A64 58
MOVE A65 52
MOVE A66 52
MOVE A67 11
MOVE A68 11
MOVE A69 2
MOVE B70 121
END TURN 264
TURN 265
COMMAND LEFT START
COMMAND LEFT END
COMMAND RIGHT START
TRAIN 2
COMMAND RIGHT END
TURN 265 RESULT
TIME LEFT 1 5 RIGHT 0 5
TRAIN B99 B100
MOVE A65 58
MOVE A66 58
MOVE A67 23
MOVE A68 23
MOVE A69 11
MOVE B70 117
END TURN 265
TURN 266
COMMAND LEFT START
COMMAND LEFT END
COMMAND RIGHT START
MOVE B88 58
UPGRADE 117
COMMAND RIGHT END
TURN 266 RESULT
TIME LEFT 1 5 RIGHT 0 5
UPGRADE B 117
MOVE A67 39
MOVE A68 39
MOVE A69 23
MOVE B88 92
END TURN 266
TURN 267
COMMAND LEFT START
COMMAND LEFT END
COMMAND RIGHT START
MOVE B87 0
MOVE B86 0
MOVE B85 0
MOVE B84 0
MOVE B83 0
MOVE B81 0
MOVE B80 0
MOVE B69 0
MOVE B68 0
MOVE B67 0
MOVE B66 0
MOVE B65 0
MOVE B64 0
MOVE B62 0
MOVE B61 0
MOVE B60 0
MOVE B59 0
MOVE B58 0
MOVE B57 0
MOVE B56 0
MOVE B54 0
MOVE B53 0
MOVE B52 0
COMMAND RIGHT END
TURN 267 RESULT
TIME LEFT 1 5 RIGHT 0 5
MOVE A67 52
MOVE A68 52
MOVE A69 39
MOVE B52 81
MOVE B53 81
MOVE B54 81
MOVE B56 81
MOVE B57 81
MOVE B58 81
MOVE B59 81
MOVE B60 81
MOVE B61 81
MOVE B62 81
MOVE B64 81
MOVE B65 81
MOVE B66 81
MOVE B67 81
MOVE B68 81
MOVE B69 81
MOVE B80 81
MOVE B81 81
MOVE B83 81
MOVE B84 81
MOVE B85 81
MOVE B86 81
MOVE B87 81
MOVE B88 78
END TURN 267
TURN 268
COMMAND LEFT START
COMMAND LEFT END
COMMAND RIGHT START
MOVE B76 98
MOVE B100 98
MOVE B99 98
MOVE B98 98
MOVE B97 98
MOVE B96 98
MOVE B95 98
MOVE B94 98
MOVE B93 98
UPGRADE 117
COMMAND RIGHT END
TURN 268 RESULT
TIME LEFT 1 5 RIGHT 0 5
UPGRADE B 117
MOVE A67 58
MOVE A68 58
MOVE A69 52
MOVE B52 62
MOVE B53 62
MOVE B54 62
MOVE B56 62
MOVE B57 62
MOVE B58 62
MOVE B59 62
MOVE B60 62
MOVE B61 62
MOVE B62 62
MOVE B64 62
MOVE B65 62
MOVE B66 62
MOVE B67 62
MOVE B68 62
MOVE B69 62
MOVE B76 194
MOVE B80 62
MOVE B81 62
MOVE B83 62
MOVE B84 62
MOVE B85 62
MOVE B86 62
MOVE B87 62
MOVE B88 58
MOVE B93 194
MOVE B94 194
MOVE B95 194
MOVE B96 194
MOVE B97 194
MOVE B98 194
MOVE B99 194
MOVE B100 194
DAMAGE TURRET B88 1
DAMAGE COMBAT A2 1
DAMAGE COMBAT B88 6
END TURN 268
TURN 269
COMMAND LEFT START
MOVE A56 98
MOVE A57 98
MOVE A58 98
MOVE A59 98
MOVE A60 98
MOVE A61 98
MOVE A62 98
MOVE A63 98
MOVE A64 98
MOVE A65 98
MOVE A66 98
MOVE A67 98
MOVE A68 98
COMMAND LEFT END
COMMAND RIGHT START
MOVE B77 117
MOVE B92 98
MOVE B91 98
UPGRADE 117
COMMAND RIGHT END
TURN 269 RESULT
TIME LEFT 1 5 RIGHT 0 5
UPGRADE B 117
MOVE A56 78
MOVE A57 78
MOVE A58 78
MOVE A59 78
MOVE A60 78
MOVE A61 78
MOVE A62 78
MOVE A63 78
MOVE A64 78
MOVE A65 78
MOVE A66 78
MOVE A67 78
MOVE A68 78
MOVE A69 58
MOVE B52 45
MOVE B53 45
MOVE B54 45
MOVE B56 45
MOVE B57 45
MOVE B58 45
MOVE B59 45
MOVE B60 45
MOVE B61 45
MOVE B62 45
MOVE B64 45
MOVE B65 45
MOVE B66 45
MOVE B67 45
MOVE B68 45
MOVE B69 45
MOVE B76 185
MOVE B77 194
MOVE B80 45
MOVE B81 45
MOVE B83 45
MOVE B84 45
MOVE B85 45
MOVE B86 45
MOVE B87 45
MOVE B91 194
MOVE B92 194
MOVE B93 185
MOVE B94 185
MOVE B95 185
MOVE B96 185
MOVE B97 185
MOVE B98 185
MOVE B99 185
MOVE B100 185
END TURN 269
TURN 270
COMMAND LEFT START
MOVE A69 0
COMMAND LEFT END
COMMAND RIGHT START
TRAIN 1
COMMAND RIGHT END
TURN 270 RESULT
TIME LEFT 1 5 RIGHT 0 5
TRAIN B101
MOVE A56 92
MOVE A57 92
MOVE A58 92
MOVE A59 92
MOVE A60 92
MOVE A61 92
MOVE A62 92
MOVE A63 92
MOVE A64 92
MOVE A65 92
MOVE A66 92
MOVE A67 92
MOVE A68 92
MOVE A69 52
MOVE B52 37
MOVE B53 37
MOVE B54 37
MOVE B56 37
MOVE B57 37
MOVE B58 37
MOVE B59 37
MOVE B60 37
MOVE B61 37
MOVE B62 37
MOVE B64 37
MOVE B65 37
MOVE B66 37
MOVE B67 37
MOVE B68 37
MOVE B69 37
MOVE B76 173
MOVE B77 191
MOVE B80 37
MOVE B81 37
MOVE B83 37
MOVE B84 37
MOVE B85 37
MOVE B86 37
MOVE B87 37
MOVE B91 185
MOVE B92 185
MOVE B93 173
MOVE B94 173
MOVE B95 173
MOVE B96 173
MOVE B97 173
MOVE B98 173
MOVE B99 173
MOVE B100 173
END TURN 270
TURN 271
COMMAND LEFT START
TRAIN 2
COMMAND LEFT END
COMMAND RIGHT START
MOVE B37 98
MOVE B49 98
MOVE B38 98
MOVE B45 98
MOVE B32 98
MOVE B78 138
TRAIN 2
COMMAND RIGHT END
TURN 271 RESULT
TIME LEFT 0 5 RIGHT 0 5
TRAIN A70 A71 B102 B103
MOVE A56 98
MOVE A57 98
MOVE A58 98
MOVE A59 98
MOVE A60 98
MOVE A61 98
MOVE A62 98
MOVE A63 98
MOVE A64 98
MOVE A65 98
MOVE A66 98
MOVE A67 98
MOVE A68 98
MOVE A69 39
MOVE B32 125
MOVE B37 118
MOVE B38 71
MOVE B45 71
MOVE B49 118
MOVE B52 23
MOVE B53 23
MOVE B54 23
MOVE B56 23
MOVE B57 23
MOVE B58 23
MOVE B59 23
MOVE B60 23
MOVE B61 23
MOVE B62 23
MOVE B64 23
MOVE B65 23
MOVE B66 23
MOVE B67 23
MOVE B68 23
MOVE B69 23
MOVE B76 159
MOVE B77 184
MOVE B78 194
MOVE B80 23
MOVE B81 23
MOVE B83 23
MOVE B84 23
MOVE B85 23
MOVE B86 23
MOVE B87 23
MOVE B91 173
MOVE B92 173
MOVE B93 159
MOVE B94 159
MOVE B95 159
MOVE B96 159
MOVE B97 159
MOVE B98 159
MOVE B99 159
MOVE B100 159
DAMAGE TURRET A56 2
DAMAGE COMBAT A56 2
DAMAGE COMBAT B47 7
DAMAGE COMBAT B50 6
END TURN 271
TURN 272
COMMAND LEFT START
COMMAND LEFT END
COMMAND RIGHT START
MOVE B79 72
MOVE B89 72
TRAIN 2
COMMAND RIGHT END
TURN 272 RESULT
TIME LEFT 1 5 RIGHT 0 5
TRAIN B104 B105
MOVE A69 23
MOVE B32 116
MOVE B37 104
MOVE B38 80
MOVE B45 80
MOVE B49 104
MOVE B52 11
MOVE B53 11
MOVE B54 11
MOVE B56 11
MOVE B57 11
MOVE B58 11
MOVE B59 11
MOVE B60 11
MOVE B61 11
MOVE B62 11
MOVE B64 11
MOVE B65 11
MOVE B66 11
MOVE B67 11
MOVE B68 11
MOVE B69 11
MOVE B76 151
MOVE B77 178
MOVE B78 185
MOVE B79 192
MOVE B80 11
MOVE B81 11
MOVE B83 11
MOVE B84 11
MOVE B85 11
MOVE B86 11
MOVE B87 11
MOVE B89 192
MOVE B91 159
MOVE B92 159
MOVE B93 151
MOVE B94 151
MOVE B95 151
MOVE B96 151
MOVE B97 151
MOVE B98 151
MOVE B99 151
MOVE B100 151
DAMAGE TURRET A56 2
DAMAGE COMBAT A57 1
DAMAGE COMBAT B50 1
SIEGE B 98 8
END TURN 272
TURN 273
COMMAND LEFT START
TRAIN 1
COMMAND LEFT END
COMMAND RIGHT START
MOVE B90 138
MOVE B101 124
TRAIN 1
COMMAND RIGHT END
TURN 273 RESULT
TIME LEFT 1 5 RIGHT 0 5
TRAIN A72 B106
MOVE A69 11
MOVE B32 98
MOVE B37 98
MOVE B38 98
MOVE B45 98
MOVE B49 98
MOVE B52 2
MOVE B53 2
MOVE B54 2
MOVE B56 2
MOVE B57 2
MOVE B58 2
MOVE B59 2
MOVE B60 2
MOVE B61 2
MOVE B62 2
MOVE B64 2
MOVE B65 2
MOVE B66 2
MOVE B67 2
MOVE B68 2
MOVE B69 2
MOVE B76 134
MOVE B77 170
MOVE B78 173
MOVE B79 188
MOVE B80 2
MOVE B81 2
MOVE B83 2
MOVE B84 2
MOVE B85 2
MOVE B86 2
MOVE B87 2
MOVE B89 188
MOVE B90 194
MOVE B91 151
MOVE B92 151
MOVE B93 134
MOVE B94 134
MOVE B95 134
MOVE B96 134
MOVE B97 134
MOVE B98 134
MOVE B99 134
MOVE B100 134
MOVE B101 194
DAMAGE COMBAT A57 5
DAMAGE COMBAT B32 6
DAMAGE COMBAT B37 6
END TURN 273
TURN 274
COMMAND LEFT START
TRAIN 1
COMMAND LEFT END
COMMAND RIGHT START
MOVE B102 117
MOVE B38 138
MOVE B45 138
TRAIN 2
COMMAND RIGHT END
TURN 274 RESULT
TIME LEFT 1 5 RIGHT 0 5
TRAIN A73 B107 B108
MOVE A69 2
MOVE B52 0
MOVE B53 0
MOVE B54 0
MOVE B56 0
MOVE B57 0
MOVE B58 0
MOVE B59 0
MOVE B60 0
MOVE B61 0
MOVE B62 0
MOVE B64 0
MOVE B65 0
MOVE B66 0
MOVE B67 0
MOVE B68 0
MOVE B69 0
MOVE B76 115
MOVE B77 162
MOVE B78 157
MOVE B79 179
MOVE B80 0
MOVE B81 0
MOVE B83 0
MOVE B84 0
MOVE B85 0
MOVE B86 0
MOVE B87 0
MOVE B89 179
MOVE B90 185
MOVE B91 134
MOVE B92 134
MOVE B93 115
MOVE B94 115
MOVE B95 115
MOVE B96 115
MOVE B97 115
MOVE B98 115
MOVE B99 115
MOVE B100 115
MOVE B101 191
MOVE B102 194
DAMAGE TURRET B52 2
DAMAGE COMBAT A1 4
DAMAGE COMBAT A14 2
DAMAGE COMBAT A22 5
DAMAGE COMBAT A58 3
DAMAGE COMBAT A70 6
DAMAGE COMBAT A71 6
DAMAGE COMBAT B38 6
DAMAGE COMBAT B45 5
DAMAGE COMBAT B52 5
DAMAGE COMBAT B53 2
END TURN 274
TURN 275
COMMAND LEFT START
TRAIN 2
COMMAND LEFT END
COMMAND RIGHT START
MOVE B108 138
MOVE B107 138
TRAIN 2
COMMAND RIGHT END
TURN 275 RESULT
TIME LEFT 1 5 RIGHT 0 5
TRAIN A74 A75 B109 B110
MOVE A69 0
MOVE B76 98
MOVE B77 155
MOVE B78 144
MOVE B79 175
MOVE B89 175
MOVE B90 173
MOVE B91 115
MOVE B92 115
MOVE B93 98
MOVE B94 98
MOVE B95 98
MOVE B96 98
MOVE B97 98
MOVE B98 98
MOVE B99 98
MOVE B100 98
MOVE B101 182
MOVE B102 191
MOVE B107 194
MOVE B108 194
DAMAGE TURRET B53 2
DAMAGE COMBAT A58 3
DAMAGE COMBAT A59 6
DAMAGE COMBAT A60 2
DAMAGE COMBAT A69 6
DAMAGE COMBAT A72 6
DAMAGE COMBAT A73 6
DAMAGE COMBAT A74 4
DAMAGE COMBAT B45 2
DAMAGE COMBAT B49 7
DAMAGE COMBAT B53 3
DAMAGE COMBAT B54 2
DAMAGE COMBAT B76 2
END TURN 275
TURN 276
COMMAND LEFT START
TRAIN 2
COMMAND LEFT END
COMMAND RIGHT START
MOVE B76 138
MOVE B93 138
MOVE B94 138
MOVE B95 138
MOVE B96 138
MOVE B97 138
MOVE B98 138
MOVE B99 138
MOVE B110 138
MOVE B109 138
TRAIN 2
COMMAND RIGHT END
TURN 276 RESULT
TIME LEFT 1 5 RIGHT 0 5
TRAIN A76 A77 B111 B112
MOVE B77 149
MOVE B78 138
MOVE B79 164
MOVE B89 164
MOVE B90 157
MOVE B91 98
MOVE B92 98
MOVE B101 167
MOVE B102 184
MOVE B107 185
MOVE B108 185
MOVE B109 194
MOVE B110 194
DAMAGE TURRET B54 2
DAMAGE COMBAT A60 4
DAMAGE COMBAT A61 6
DAMAGE COMBAT A62 1
DAMAGE COMBAT A74 2
DAMAGE COMBAT A75 6
DAMAGE COMBAT A76 6
DAMAGE COMBAT A77 6
DAMAGE COMBAT B54 3
DAMAGE COMBAT B56 1
DAMAGE COMBAT B76 5
DAMAGE COMBAT B91 4
SIEGE A 0 1
END TURN 276
TURN 277
COMMAND LEFT START
COMMAND LEFT END
COMMAND RIGHT START
MOVE B91 138
MOVE B92 138
MOVE B112 138
MOVE B111 138
TRAIN 2
COMMAND RIGHT END
TURN 277 RESULT
TIME LEFT 0 5 RIGHT 0 5
TRAIN B113 B114
MOVE B77 132
MOVE B79 153
MOVE B89 153
MOVE B90 144
MOVE B101 148
MOVE B102 178
MOVE B107 173
MOVE B108 173
MOVE B109 185
MOVE B110 185
MOVE B111 194
MOVE B112 194
DAMAGE TURRET B56 2
DAMAGE COMBAT A62 5
DAMAGE COMBAT A63 5
DAMAGE COMBAT B91 3
DAMAGE COMBAT B92 4
SIEGE A 0 19
END TURN 277
RESULT RIGHT_WIN HQ_DESTROYED
