[LEFT ""]
[RIGHT ""]
MAP
243 19
-10992 -10798 -10265 -10258 -10147 -8672 -8790 -9319 -9813 -8768 -8314 -8982 -7939 -8880 -7709 -7836 -7585 -7492 -8263 -7339 -7384 -7147 -7214 -7927 -7096 -7125 -6990 -6789 -7265 -6378 -6446 -6481 -6353 -6224 -6325 -6126 -6332 -5649 -5620 -5500 -5723 -5726 -5263 -5299 -5363 -5752 -5129 -5761 -5110 -5001 -4986 -4783 -4967 -4707 -4661 -4298 -4284 -4378 -4302 -3976 -4253 -4062 -3912 -4099 -3848 -3954 -3870 -3719 -4055 -3423 -3241 -3168 -3179 -3142 -2998 -3294 -3181 -3046 -2726 -2815 -2782 -2960 -2838 -2660 -2410 -2460 -2282 -2062 -2257 -2119 -2018 -2050 -1771 -1795 -2087 -1852 -1724 -1485 -1468 -1401 -1414 -1414 -1185 -1142 -1062 -948 -889 -698 -956 -940 -551 -631 -485 -613 -559 -444 -266 -279 -135 -45 81 0 -81 45 135 279 266 444 559 613 485 631 551 940 956 698 889 948 1062 1142 1185 1414 1414 1401 1468 1485 1724 1852 2087 1795 1771 2050 2018 2119 2257 2062 2282 2460 2410 2660 2838 2960 2782 2815 2726 3046 3181 3294 2998 3142 3179 3168 3241 3423 4055 3719 3870 3954 3848 4099 3912 4062 4253 3976 4302 4378 4284 4298 4661 4707 4967 4783 4986 5001 5110 5761 5129 5752 5363 5299 5263 5726 5723 5500 5620 5649 6332 6126 6325 6224 6353 6481 6446 6378 7265 6789 6990 7125 7096 7927 7214 7147 7384 7339 8263 7492 7585 7836 7709 8880 7939 8982 8314 8768 9813 9319 8790 8672 10147 10258 10265 10798 10992
1011 -660 2768 -2200 -4726 1318 -888 -3230 4881 3501 344 -6393 -2580 6271 -536 -4457 3458 -3502 7257 2432 -1551 4777 428 -7784 -5899 -4990 1396 -2528 8287 -3546 -167 3608 -4549 -1235 6201 -5687 -7503 -2330 5225 3950 877 2458 6649 -4555 -299 9568 -7319 -9379 7673 -3368 -1202 -5581 1835 882 -6526 2688 29 3794 -1683 1644 5496 -4313 7535 -2531 6547 -9424 -7369 -779 9594 4763 -3548 832 -6683 -2695 -1664 -5841 3593 -4995 -506 -7818 5842 10611 1946 7059 8262 2909 -4064 -2486 4834 -5900 3940 -8577 1934 -7396 -10871 439 6611 -4811 5520 7656 -6460 -757 3117 10707 4290 867 -8944 6377 -1756 -3640 -5526 2150 -6676 -7906 8387 -2657 4940 7352 3792 -1147 10030 0 -10030 1147 -3792 -7352 -4940 2657 -8387 7906 6676 -2150 5526 3640 1756 -6377 8944 -867 -4290 -10707 -3117 757 6460 -7656 -5520 4811 -6611 -439 10871 7396 -1934 8577 -3940 5900 -4834 2486 4064 -2909 -8262 -7059 -1946 -10611 -5842 7818 506 4995 -3593 5841 1664 2695 6683 -832 3548 -4763 -9594 779 7369 9424 -6547 2531 -7535 4313 -5496 -1644 1683 -3794 -29 -2688 6526 -882 -1835 5581 1202 3368 -7673 9379 7319 -9568 299 4555 -6649 -2458 -877 -3950 -5225 2330 7503 5687 -6201 1235 4549 -3608 167 3546 -8287 2528 -1396 4990 5899 7784 -428 -4777 1551 -2432 -7257 3502 -3458 4457 536 -6271 2580 6393 -344 -3501 -4881 3230 888 -1318 4726 2200 -2768 660 -1011
STRONGHOLDS 6 31 36 44 45 65 88 112 114 121 128 130 154 177 197 198 206 211 236
4 1 2 5 10
4 0 3 6 10
4 0 5 8 9
4 1 4 6 7
4 3 7 11 15
6 0 2 9 10 19 26
7 1 3 7 10 12 14 20
6 3 4 6 12 15 17
4 2 9 13 21
6 2 5 8 16 19 21
7 0 1 5 6 14 22 26
4 4 15 23 24
5 6 7 17 20 27
4 8 18 21 34
6 6 10 20 22 30 33
6 4 7 11 17 24 25
4 9 19 21 31
7 7 12 15 25 27 29 32
3 13 28 34
6 5 9 16 26 31 41
5 6 12 14 27 33
8 8 9 13 16 31 34 38 39
5 10 14 26 30 40
4 11 24 36 47
6 11 15 23 25 35 36
5 15 17 24 32 35
6 5 10 19 22 40 41
6 12 17 20 29 33 37
4 18 34 45 48
6 17 27 32 37 43 49
5 14 22 33 40 44
5 16 19 21 39 41
5 17 25 29 35 43
7 14 20 27 30 37 44 50
7 13 18 21 28 38 42 48
8 24 25 32 36 43 46 51 54
5 23 24 35 46 47
7 27 29 33 49 50 58 63
6 21 34 39 42 57 60
6 21 31 38 41 55 57
7 22 26 30 41 44 52 53
7 19 26 31 39 40 52 55
6 34 38 48 60 62 64
6 29 32 35 49 51 61
6 30 33 40 50 53 56
4 28 48 68 81
6 35 36 47 54 65 66
4 23 36 46 65
6 28 34 42 45 62 68
6 29 37 43 61 63 70
6 33 37 44 56 58 67
5 35 43 54 61 75
5 40 41 53 55 59
6 40 44 52 56 59 71
6 35 46 51 66 72 75
7 39 41 52 57 59 76 82
5 44 50 53 67 71
6 38 39 55 60 69 76
5 37 50 63 67 74
5 52 53 55 71 82
6 38 42 57 64 69 80
6 43 49 51 70 75 77
6 42 48 64 68 83 84
6 37 49 58 70 73 74
5 42 60 62 80 83
6 46 47 66 79 91 94
5 46 54 65 72 79
6 50 56 58 71 74 78
5 45 48 62 81 84
5 57 60 76 80 88
7 49 61 63 73 77 86 87
7 53 56 59 67 78 82 95
6 54 66 75 79 89 93
4 63 70 74 87
7 58 63 67 73 78 87 101
6 51 54 61 72 77 89
7 55 57 69 82 85 88 90
6 61 70 75 86 89 97
5 67 71 74 95 101
5 65 66 72 91 93
7 60 64 69 83 88 96 98
4 45 68 84 103
7 55 59 71 76 85 92 95
6 62 64 80 84 96 99
7 62 68 81 83 99 103 114
5 76 82 90 92 102
5 70 77 87 97 109
8 70 73 74 86 101 108 109 115
6 69 76 80 90 98 104
7 72 75 77 93 97 100 110
5 76 85 88 102 104
6 65 79 93 94 106 113
6 82 85 95 102 105 111
7 72 79 89 91 100 112 113
5 65 91 106 122 139
6 71 78 82 92 101 105
5 80 83 98 99 107
6 77 86 89 109 110 126
6 80 88 96 104 107 116
6 83 84 96 107 114 117
4 89 93 110 112
8 74 78 87 95 105 108 119 121
7 85 90 92 104 111 118 127
5 81 84 114 120 148
6 88 90 98 102 116 118
6 92 95 101 111 121 123
5 91 94 113 122 128
7 96 98 99 116 117 130 132
4 87 101 115 119
6 86 87 97 115 124 126
6 89 97 100 112 126 135
5 92 102 105 123 127
6 93 100 110 113 125 135
6 91 93 106 112 125 128
7 84 99 103 117 120 129 136
7 87 108 109 119 124 131 140
7 98 104 107 118 132 133 145
5 99 107 114 129 130
5 102 104 116 127 133
6 101 108 115 121 131 137
4 103 114 136 148
6 101 105 119 123 137 141
4 94 106 128 139
6 105 111 121 127 134 141
5 109 115 126 138 140
5 112 113 128 135 143
7 97 109 110 124 135 138 144
7 102 111 118 123 133 134 155
7 106 113 122 125 139 143 158
6 114 117 130 136 149 151
6 107 117 129 132 142 149
5 115 119 137 140 150
6 107 116 130 142 145 153
6 116 118 127 145 155 156
4 123 127 141 155
7 110 112 125 126 143 144 146
5 114 120 129 148 151
6 119 121 131 141 147 150
6 124 126 140 144 152 154
5 94 122 128 158 161
7 115 124 131 138 150 152 157
8 121 123 134 137 147 155 164 168
4 130 132 149 153
6 125 128 135 146 158 159
6 126 135 138 146 154 162
6 116 132 133 153 156 165
5 135 143 144 159 162
6 137 141 150 160 164 171
5 103 120 136 151 177
7 129 130 142 151 153 163 170
6 131 137 140 147 157 160
6 129 136 148 149 163 177
5 138 140 154 157 166
7 132 142 145 149 165 167 170
6 138 144 152 162 166 173
8 127 133 134 141 156 168 169 172
5 133 145 155 165 172
5 140 150 152 160 166
7 128 139 143 159 161 174 180
6 143 146 158 162 178 180
7 147 150 157 166 171 183 187
4 139 158 174 197
7 144 146 154 159 173 178 182
5 149 151 170 176 177
5 141 147 168 171 175
6 145 153 156 167 172 181
7 152 154 157 160 173 185 187
6 153 165 170 181 188 191
7 141 155 164 169 175 179 184
4 155 168 172 179
6 149 153 163 167 176 188
7 147 160 164 175 183 186 189
7 155 156 165 169 179 181 193
5 154 162 166 182 185
5 158 161 180 194 197
6 164 168 171 184 186 192
5 163 170 177 188 196
6 148 151 163 176 195 196
5 159 162 180 182 200
6 168 169 172 184 193 205
6 158 159 174 178 194 200
6 165 167 172 191 193 199
6 162 173 178 185 200 204
5 160 171 187 189 190
5 168 175 179 192 205
6 166 173 182 187 203 204
5 171 175 189 192 198
7 160 166 183 185 190 201 203
6 167 170 176 191 196 207
6 171 183 186 190 198 202
5 183 187 189 201 202
5 167 181 188 199 207
6 175 184 186 198 205 209
6 172 179 181 199 205 213
6 174 180 197 200 208 214
4 177 196 206 219
6 176 177 188 195 206 207
4 161 174 194 214
6 186 189 192 202 209 212
6 181 191 193 207 210 213
6 178 180 182 194 204 208
7 187 190 202 203 211 216 223
7 189 190 198 201 212 216 220
6 185 187 201 204 211 221
6 182 185 200 203 208 221
7 179 184 192 193 209 213 215
5 195 196 207 218 219
8 188 191 196 199 206 210 217 218
7 194 200 204 214 221 224 229
7 192 198 205 212 215 222 228
5 199 207 213 217 225
5 201 203 221 223 226
5 198 202 209 220 228
6 193 199 205 210 215 225
4 194 197 208 224
6 205 209 213 222 225 230
6 201 202 220 223 232 237
5 207 210 218 225 227
6 206 207 217 219 227 231
4 195 206 218 231
5 202 212 216 228 232
8 203 204 208 211 226 229 233 234
5 209 215 228 230 236
6 201 211 216 226 233 237
3 208 214 229
7 210 213 215 217 227 230 235
4 211 221 223 233
6 217 218 225 231 235 238
6 209 212 220 222 232 236
4 208 221 224 234
5 215 222 225 235 236
4 218 219 227 238
7 216 220 228 236 237 241 242
6 221 223 226 234 237 240
4 221 229 233 240
6 225 227 230 236 238 239
7 222 228 230 232 235 239 241
6 216 223 232 233 240 242
4 227 231 235 239
4 235 236 238 241
4 233 234 237 242
4 232 236 239 242
4 232 237 240 241
END MAP
TURN 1
COMMAND LEFT START
MOVE A2 6
COMMAND LEFT END
COMMAND RIGHT START
MOVE B1 236
MOVE B2 121
COMMAND RIGHT END
TURN 1 RESULT
TIME LEFT 65 5 RIGHT 1 5
MOVE A2 1
MOVE B1 241
MOVE B2 237
END TURN 1
TURN 2
COMMAND LEFT START
COMMAND LEFT END
COMMAND RIGHT START
COMMAND RIGHT END
TURN 2 RESULT
TIME LEFT 0 5 RIGHT 0 5
MOVE A2 6
MOVE B1 236
MOVE B2 216
END TURN 2
TURN 3
COMMAND LEFT START
MOVE A3 31
UPGRADE 6
COMMAND LEFT END
COMMAND RIGHT START
UPGRADE 236
COMMAND RIGHT END
TURN 3 RESULT
TIME LEFT 1 5 RIGHT 0 5
UPGRADE A 6
UPGRADE B 236
MOVE A3 5
MOVE B2 202
END TURN 3
TURN 4
COMMAND LEFT START
COMMAND LEFT END
COMMAND RIGHT START
COMMAND RIGHT END
TURN 4 RESULT
TIME LEFT 0 5 RIGHT 0 5
MOVE A3 19
MOVE B2 189
END TURN 4
TURN 5
COMMAND LEFT START
COMMAND LEFT END
COMMAND RIGHT START
COMMAND RIGHT END
TURN 5 RESULT
TIME LEFT 0 5 RIGHT 0 5
MOVE A3 31
MOVE B2 171
END TURN 5
TURN 6
COMMAND LEFT START
COMMAND LEFT END
COMMAND RIGHT START
COMMAND RIGHT END
TURN 6 RESULT
TIME LEFT 0 5 RIGHT 0 5
MOVE B2 147
END TURN 6
TURN 7
COMMAND LEFT START
COMMAND LEFT END
COMMAND RIGHT START
COMMAND RIGHT END
TURN 7 RESULT
TIME LEFT 0 5 RIGHT 0 5
MOVE B2 137
END TURN 7
TURN 8
COMMAND LEFT START
COMMAND LEFT END
COMMAND RIGHT START
COMMAND RIGHT END
TURN 8 RESULT
TIME LEFT 0 5 RIGHT 0 5
MOVE B2 121
END TURN 8
TURN 9
COMMAND LEFT START
COMMAND LEFT END
COMMAND RIGHT START
COMMAND RIGHT END
TURN 9 RESULT
TIME LEFT 0 5 RIGHT 0 5
END TURN 9
TURN 10
COMMAND LEFT START
COMMAND LEFT END
COMMAND RIGHT START
COMMAND RIGHT END
TURN 10 RESULT
TIME LEFT 0 5 RIGHT 0 5
END TURN 10
TURN 11
COMMAND LEFT START
COMMAND LEFT END
COMMAND RIGHT START
COMMAND RIGHT END
TURN 11 RESULT
TIME LEFT 1 5 RIGHT 0 5
END TURN 11
TURN 12
COMMAND LEFT START
COMMAND LEFT END
COMMAND RIGHT START
COMMAND RIGHT END
TURN 12 RESULT
TIME LEFT 1 5 RIGHT 0 5
END TURN 12
TURN 13
COMMAND LEFT START
COMMAND LEFT END
COMMAND RIGHT START
COMMAND RIGHT END
TURN 13 RESULT
TIME LEFT 0 5 RIGHT 0 5
END TURN 13
TURN 14
COMMAND LEFT START
UPGRADE 31
COMMAND LEFT END
COMMAND RIGHT START
UPGRADE 121
COMMAND RIGHT END
TURN 14 RESULT
TIME LEFT 1 5 RIGHT 0 5
UPGRADE A 31
UPGRADE B 121
END TURN 14
TURN 15
COMMAND LEFT START
COMMAND LEFT END
COMMAND RIGHT START
COMMAND RIGHT END
TURN 15 RESULT
TIME LEFT 1 5 RIGHT 0 5
END TURN 15
TURN 16
COMMAND LEFT START
COMMAND LEFT END
COMMAND RIGHT START
COMMAND RIGHT END
TURN 16 RESULT
TIME LEFT 1 5 RIGHT 0 5
END TURN 16
TURN 17
COMMAND LEFT START
COMMAND LEFT END
COMMAND RIGHT START
TRAIN 1
COMMAND RIGHT END
TURN 17 RESULT
TIME LEFT 1 5 RIGHT 0 5
TRAIN B4
END TURN 17
TURN 18
COMMAND LEFT START
COMMAND LEFT END
COMMAND RIGHT START
COMMAND RIGHT END
TURN 18 RESULT
TIME LEFT 1 5 RIGHT 0 5
END TURN 18
TURN 19
COMMAND LEFT START
COMMAND LEFT END
COMMAND RIGHT START
COMMAND RIGHT END
TURN 19 RESULT
TIME LEFT 1 5 RIGHT 0 5
END TURN 19
TURN 20
COMMAND LEFT START
COMMAND LEFT END
COMMAND RIGHT START
COMMAND RIGHT END
TURN 20 RESULT
TIME LEFT 1 5 RIGHT 0 5
END TURN 20
TURN 21
COMMAND LEFT START
COMMAND LEFT END
COMMAND RIGHT START
COMMAND RIGHT END
TURN 21 RESULT
TIME LEFT 1 5 RIGHT 0 5
END TURN 21
TURN 22
COMMAND LEFT START
COMMAND LEFT END
COMMAND RIGHT START
COMMAND RIGHT END
TURN 22 RESULT
TIME LEFT 2 5 RIGHT 0 5
END TURN 22
TURN 23
COMMAND LEFT START
COMMAND LEFT END
COMMAND RIGHT START
COMMAND RIGHT END
TURN 23 RESULT
TIME LEFT 1 5 RIGHT 0 5
END TURN 23
TURN 24
COMMAND LEFT START
TRAIN 1
COMMAND LEFT END
COMMAND RIGHT START
COMMAND RIGHT END
TURN 24 RESULT
TIME LEFT 1 5 RIGHT 0 5
TRAIN A4
END TURN 24
TURN 25
COMMAND LEFT START
MOVE A4 88
COMMAND LEFT END
COMMAND RIGHT START
COMMAND RIGHT END
TURN 25 RESULT
TIME LEFT 0 5 RIGHT 0 5
MOVE A4 5
END TURN 25
TURN 26
COMMAND LEFT START
COMMAND LEFT END
COMMAND RIGHT START
COMMAND RIGHT END
TURN 26 RESULT
TIME LEFT 0 5 RIGHT 0 5
MOVE A4 26
END TURN 26
TURN 27
COMMAND LEFT START
COMMAND LEFT END
COMMAND RIGHT START
COMMAND RIGHT END
TURN 27 RESULT
TIME LEFT 0 5 RIGHT 0 5
MOVE A4 41
END TURN 27
TURN 28
COMMAND LEFT START
COMMAND LEFT END
COMMAND RIGHT START
MOVE B3 211
COMMAND RIGHT END
TURN 28 RESULT
TIME LEFT 0 5 RIGHT 0 5
MOVE A4 55
MOVE B3 237
END TURN 28
TURN 29
COMMAND LEFT START
COMMAND LEFT END
COMMAND RIGHT START
COMMAND RIGHT END
TURN 29 RESULT
TIME LEFT 0 5 RIGHT 0 5
MOVE A4 76
MOVE B3 223
END TURN 29
TURN 30
COMMAND LEFT START
COMMAND LEFT END
COMMAND RIGHT START
COMMAND RIGHT END
TURN 30 RESULT
TIME LEFT 0 5 RIGHT 0 5
MOVE A4 88
MOVE B3 211
END TURN 30
TURN 31
COMMAND LEFT START
UPGRADE 88
COMMAND LEFT END
COMMAND RIGHT START
UPGRADE 211
COMMAND RIGHT END
TURN 31 RESULT
TIME LEFT 1 5 RIGHT 0 5
UPGRADE A 88
UPGRADE B 211
END TURN 31
TURN 32
COMMAND LEFT START
COMMAND LEFT END
COMMAND RIGHT START
COMMAND RIGHT END
TURN 32 RESULT
TIME LEFT 1 5 RIGHT 0 5
END TURN 32
TURN 33
COMMAND LEFT START
COMMAND LEFT END
COMMAND RIGHT START
TRAIN 1
COMMAND RIGHT END
TURN 33 RESULT
TIME LEFT 1 5 RIGHT 0 5
TRAIN B5
END TURN 33
TURN 34
COMMAND LEFT START
COMMAND LEFT END
COMMAND RIGHT START
COMMAND RIGHT END
TURN 34 RESULT
TIME LEFT 1 5 RIGHT 0 5
END TURN 34
TURN 35
COMMAND LEFT START
COMMAND LEFT END
COMMAND RIGHT START
COMMAND RIGHT END
TURN 35 RESULT
TIME LEFT 5 5 RIGHT 4 5
END TURN 35
TURN 36
COMMAND LEFT START
TRAIN 1
COMMAND LEFT END
COMMAND RIGHT START
COMMAND RIGHT END
TURN 36 RESULT
TIME LEFT 1 5 RIGHT 0 5
TRAIN A5
END TURN 36
TURN 37
COMMAND LEFT START
MOVE A5 36
COMMAND LEFT END
COMMAND RIGHT START
COMMAND RIGHT END
TURN 37 RESULT
TIME LEFT 0 5 RIGHT 0 5
MOVE A5 1
END TURN 37
TURN 38
COMMAND LEFT START
COMMAND LEFT END
COMMAND RIGHT START
COMMAND RIGHT END
TURN 38 RESULT
TIME LEFT 0 5 RIGHT 0 5
MOVE A5 3
END TURN 38
TURN 39
COMMAND LEFT START
COMMAND LEFT END
COMMAND RIGHT START
COMMAND RIGHT END
TURN 39 RESULT
TIME LEFT 0 5 RIGHT 0 5
MOVE A5 7
END TURN 39
TURN 40
COMMAND LEFT START
COMMAND LEFT END
COMMAND RIGHT START
MOVE B5 198
COMMAND RIGHT END
TURN 40 RESULT
TIME LEFT 0 5 RIGHT 0 5
MOVE A5 15
MOVE B5 232
END TURN 40
TURN 41
COMMAND LEFT START
COMMAND LEFT END
COMMAND RIGHT START
COMMAND RIGHT END
TURN 41 RESULT
TIME LEFT 1 5 RIGHT 0 5
MOVE A5 24
MOVE B5 220
END TURN 41
TURN 42
COMMAND LEFT START
COMMAND LEFT END
COMMAND RIGHT START
COMMAND RIGHT END
TURN 42 RESULT
TIME LEFT 0 5 RIGHT 0 5
MOVE A5 36
MOVE B5 212
END TURN 42
TURN 43
COMMAND LEFT START
UPGRADE 36
COMMAND LEFT END
COMMAND RIGHT START
COMMAND RIGHT END
TURN 43 RESULT
TIME LEFT 1 5 RIGHT 0 5
UPGRADE A 36
MOVE B5 198
END TURN 43
TURN 44
COMMAND LEFT START
COMMAND LEFT END
COMMAND RIGHT START
UPGRADE 198
COMMAND RIGHT END
TURN 44 RESULT
TIME LEFT 1 5 RIGHT 0 5
UPGRADE B 198
END TURN 44
TURN 45
COMMAND LEFT START
COMMAND LEFT END
COMMAND RIGHT START
COMMAND RIGHT END
TURN 45 RESULT
TIME LEFT 2 5 RIGHT 0 5
END TURN 45
TURN 46
COMMAND LEFT START
TRAIN 1
COMMAND LEFT END
COMMAND RIGHT START
TRAIN 1
COMMAND RIGHT END
TURN 46 RESULT
TIME LEFT 1 5 RIGHT 0 5
TRAIN A6 B6
END TURN 46
TURN 47
COMMAND LEFT START
MOVE A6 45
COMMAND LEFT END
COMMAND RIGHT START
COMMAND RIGHT END
TURN 47 RESULT
TIME LEFT 0 5 RIGHT 0 5
MOVE A6 2
END TURN 47
TURN 48
COMMAND LEFT START
COMMAND LEFT END
COMMAND RIGHT START
COMMAND RIGHT END
TURN 48 RESULT
TIME LEFT 0 5 RIGHT 0 5
MOVE A6 8
END TURN 48
TURN 49
COMMAND LEFT START
COMMAND LEFT END
COMMAND RIGHT START
COMMAND RIGHT END
TURN 49 RESULT
TIME LEFT 0 5 RIGHT 0 5
MOVE A6 13
END TURN 49
TURN 50
COMMAND LEFT START
COMMAND LEFT END
COMMAND RIGHT START
COMMAND RIGHT END
TURN 50 RESULT
TIME LEFT 0 5 RIGHT 0 5
MOVE A6 18
END TURN 50
TURN 51
COMMAND LEFT START
COMMAND LEFT END
COMMAND RIGHT START
COMMAND RIGHT END
TURN 51 RESULT
TIME LEFT 0 5 RIGHT 0 5
MOVE A6 28
END TURN 51
TURN 52
COMMAND LEFT START
COMMAND LEFT END
COMMAND RIGHT START
COMMAND RIGHT END
TURN 52 RESULT
TIME LEFT 0 5 RIGHT 0 5
MOVE A6 45
END TURN 52
TURN 53
COMMAND LEFT START
UPGRADE 45
COMMAND LEFT END
COMMAND RIGHT START
COMMAND RIGHT END
TURN 53 RESULT
TIME LEFT 1 5 RIGHT 0 5
UPGRADE A 45
END TURN 53
TURN 54
COMMAND LEFT START
COMMAND LEFT END
COMMAND RIGHT START
COMMAND RIGHT END
TURN 54 RESULT
TIME LEFT 2 5 RIGHT 0 5
END TURN 54
TURN 55
COMMAND LEFT START
TRAIN 1
COMMAND LEFT END
COMMAND RIGHT START
UPGRADE 242
COMMAND RIGHT END
TURN 55 RESULT
TIME LEFT 1 5 RIGHT 0 5
UPGRADE B 242
TRAIN A7
END TURN 55
TURN 56
COMMAND LEFT START
MOVE A7 121
COMMAND LEFT END
COMMAND RIGHT START
COMMAND RIGHT END
TURN 56 RESULT
TIME LEFT 0 5 RIGHT 0 5
MOVE A7 5
END TURN 56
TURN 57
COMMAND LEFT START
COMMAND LEFT END
COMMAND RIGHT START
COMMAND RIGHT END
TURN 57 RESULT
TIME LEFT 0 5 RIGHT 0 5
MOVE A7 26
END TURN 57
TURN 58
COMMAND LEFT START
COMMAND LEFT END
COMMAND RIGHT START
COMMAND RIGHT END
TURN 58 RESULT
TIME LEFT 0 5 RIGHT 0 5
MOVE A7 40
END TURN 58
TURN 59
COMMAND LEFT START
COMMAND LEFT END
COMMAND RIGHT START
COMMAND RIGHT END
TURN 59 RESULT
TIME LEFT 0 5 RIGHT 0 5
MOVE A7 53
END TURN 59
TURN 60
COMMAND LEFT START
COMMAND LEFT END
COMMAND RIGHT START
COMMAND RIGHT END
TURN 60 RESULT
TIME LEFT 0 5 RIGHT 0 5
MOVE A7 71
END TURN 60
TURN 61
COMMAND LEFT START
COMMAND LEFT END
COMMAND RIGHT START
COMMAND RIGHT END
TURN 61 RESULT
TIME LEFT 0 5 RIGHT 0 5
MOVE A7 95
END TURN 61
TURN 62
COMMAND LEFT START
TRAIN 1
COMMAND LEFT END
COMMAND RIGHT START
UPGRADE 236
COMMAND RIGHT END
TURN 62 RESULT
TIME LEFT 1 5 RIGHT 0 5
UPGRADE B 236
TRAIN A8
MOVE A7 105
END TURN 62
TURN 63
COMMAND LEFT START
MOVE A8 44
COMMAND LEFT END
COMMAND RIGHT START
COMMAND RIGHT END
TURN 63 RESULT
TIME LEFT 0 5 RIGHT 0 5
MOVE A7 121
MOVE A8 10
DAMAGE TURRET A7 1
DAMAGE COMBAT A7 1
DAMAGE COMBAT B2 1
END TURN 63
TURN 64
COMMAND LEFT START
COMMAND LEFT END
COMMAND RIGHT START
TRAIN 1
COMMAND RIGHT END
TURN 64 RESULT
TIME LEFT 1 5 RIGHT 0 5
TRAIN B7
MOVE A8 22
DAMAGE TURRET A7 1
DAMAGE COMBAT A7 1
DAMAGE COMBAT B2 1
END TURN 64
TURN 65
COMMAND LEFT START
COMMAND LEFT END
COMMAND RIGHT START
MOVE B4 236
COMMAND RIGHT END
TURN 65 RESULT
TIME LEFT 1 5 RIGHT 0 5
MOVE A8 30
MOVE B4 241
END TURN 65
TURN 66
COMMAND LEFT START
UPGRADE 0
COMMAND LEFT END
COMMAND RIGHT START
COMMAND RIGHT END
TURN 66 RESULT
TIME LEFT 0 5 RIGHT 0 5
UPGRADE A 0
MOVE A8 44
MOVE B4 236
END TURN 66
TURN 67
COMMAND LEFT START
COMMAND LEFT END
COMMAND RIGHT START
COMMAND RIGHT END
TURN 67 RESULT
TIME LEFT 0 5 RIGHT 0 5
END TURN 67
TURN 68
COMMAND LEFT START
COMMAND LEFT END
COMMAND RIGHT START
COMMAND RIGHT END
TURN 68 RESULT
TIME LEFT 0 5 RIGHT 0 5
END TURN 68
TURN 69
COMMAND LEFT START
COMMAND LEFT END
COMMAND RIGHT START
COMMAND RIGHT END
TURN 69 RESULT
TIME LEFT 4 5 RIGHT 4 5
END TURN 69
TURN 70
COMMAND LEFT START
COMMAND LEFT END
COMMAND RIGHT START
COMMAND RIGHT END
TURN 70 RESULT
TIME LEFT 0 5 RIGHT 0 5
END TURN 70
TURN 71
COMMAND LEFT START
UPGRADE 44
COMMAND LEFT END
COMMAND RIGHT START
COMMAND RIGHT END
TURN 71 RESULT
TIME LEFT 0 5 RIGHT 0 5
UPGRADE A 44
END TURN 71
TURN 72
COMMAND LEFT START
COMMAND LEFT END
COMMAND RIGHT START
COMMAND RIGHT END
TURN 72 RESULT
TIME LEFT 0 5 RIGHT 0 5
END TURN 72
TURN 73
COMMAND LEFT START
COMMAND LEFT END
COMMAND RIGHT START
COMMAND RIGHT END
TURN 73 RESULT
TIME LEFT 0 5 RIGHT 0 5
END TURN 73
TURN 74
COMMAND LEFT START
COMMAND LEFT END
COMMAND RIGHT START
COMMAND RIGHT END
TURN 74 RESULT
TIME LEFT 0 5 RIGHT 0 5
END TURN 74
TURN 75
COMMAND LEFT START
COMMAND LEFT END
COMMAND RIGHT START
UPGRADE 242
COMMAND RIGHT END
TURN 75 RESULT
TIME LEFT 0 5 RIGHT 0 5
UPGRADE B 242
END TURN 75
TURN 76
COMMAND LEFT START
COMMAND LEFT END
COMMAND RIGHT START
COMMAND RIGHT END
TURN 76 RESULT
TIME LEFT 1 5 RIGHT 0 5
END TURN 76
TURN 77
COMMAND LEFT START
COMMAND LEFT END
COMMAND RIGHT START
TRAIN 1
COMMAND RIGHT END
TURN 77 RESULT
TIME LEFT 0 5 RIGHT 0 5
TRAIN B8
END TURN 77
TURN 78
COMMAND LEFT START
COMMAND LEFT END
COMMAND RIGHT START
COMMAND RIGHT END
TURN 78 RESULT
TIME LEFT 0 5 RIGHT 0 5
END TURN 78
TURN 79
COMMAND LEFT START
COMMAND LEFT END
COMMAND RIGHT START
COMMAND RIGHT END
TURN 79 RESULT
TIME LEFT 0 5 RIGHT 0 5
END TURN 79
TURN 80
COMMAND LEFT START
COMMAND LEFT END
COMMAND RIGHT START
COMMAND RIGHT END
TURN 80 RESULT
TIME LEFT 0 5 RIGHT 0 5
END TURN 80
TURN 81
COMMAND LEFT START
COMMAND LEFT END
COMMAND RIGHT START
COMMAND RIGHT END
TURN 81 RESULT
TIME LEFT 1 5 RIGHT 0 5
END TURN 81
TURN 82
COMMAND LEFT START
UPGRADE 0
COMMAND LEFT END
COMMAND RIGHT START
UPGRADE 211
COMMAND RIGHT END
TURN 82 RESULT
TIME LEFT 0 5 RIGHT 0 5
UPGRADE A 0
UPGRADE B 211
END TURN 82
TURN 83
COMMAND LEFT START
COMMAND LEFT END
COMMAND RIGHT START
TRAIN 1
COMMAND RIGHT END
TURN 83 RESULT
TIME LEFT 1 5 RIGHT 0 5
TRAIN B9
END TURN 83
TURN 84
COMMAND LEFT START
TRAIN 1
COMMAND LEFT END
COMMAND RIGHT START
MOVE B6 211
COMMAND RIGHT END
TURN 84 RESULT
TIME LEFT 1 5 RIGHT 0 5
TRAIN A9
MOVE B6 237
END TURN 84
TURN 85
COMMAND LEFT START
TRAIN 1
COMMAND LEFT END
COMMAND RIGHT START
COMMAND RIGHT END
TURN 85 RESULT
TIME LEFT 0 5 RIGHT 0 5
TRAIN A10
MOVE B6 223
END TURN 85
TURN 86
COMMAND LEFT START
TRAIN 1
COMMAND LEFT END
COMMAND RIGHT START
COMMAND RIGHT END
TURN 86 RESULT
TIME LEFT 1 5 RIGHT 0 5
TRAIN A11
MOVE B6 211
END TURN 86
TURN 87
COMMAND LEFT START
MOVE A11 95
TRAIN 1
COMMAND LEFT END
COMMAND RIGHT START
COMMAND RIGHT END
TURN 87 RESULT
TIME LEFT 1 5 RIGHT 0 5
TRAIN A12
MOVE A11 5
END TURN 87
TURN 88
COMMAND LEFT START
MOVE A12 146
TRAIN 1
COMMAND LEFT END
COMMAND RIGHT START
UPGRADE 198
COMMAND RIGHT END
TURN 88 RESULT
TIME LEFT 2 5 RIGHT 0 5
UPGRADE B 198
TRAIN A13
MOVE A11 26
MOVE A12 10
END TURN 88
TURN 89
COMMAND LEFT START
MOVE A13 44
TRAIN 1
COMMAND LEFT END
COMMAND RIGHT START
TRAIN 1
COMMAND RIGHT END
TURN 89 RESULT
TIME LEFT 1 5 RIGHT 0 5
TRAIN A14 B10
MOVE A11 40
MOVE A12 14
MOVE A13 10
END TURN 89
TURN 90
COMMAND LEFT START
MOVE A14 44
TRAIN 1
COMMAND LEFT END
COMMAND RIGHT START
MOVE B7 198
COMMAND RIGHT END
TURN 90 RESULT
TIME LEFT 1 5 RIGHT 0 5
TRAIN A15
MOVE A11 53
MOVE A12 33
MOVE A13 22
MOVE A14 10
MOVE B7 232
END TURN 90
TURN 91
COMMAND LEFT START
MOVE A15 44
TRAIN 1
COMMAND LEFT END
COMMAND RIGHT START
COMMAND RIGHT END
TURN 91 RESULT
TIME LEFT 1 5 RIGHT 0 5
TRAIN A16
MOVE A11 71
MOVE A12 37
MOVE A13 30
MOVE A14 22
MOVE A15 10
MOVE B7 220
END TURN 91
TURN 92
COMMAND LEFT START
MOVE A16 44
COMMAND LEFT END
COMMAND RIGHT START
COMMAND RIGHT END
TURN 92 RESULT
TIME LEFT 1 5 RIGHT 0 5
MOVE A11 95
MOVE A12 63
MOVE A13 44
MOVE A14 30
MOVE A15 22
MOVE A16 10
MOVE B7 212
END TURN 92
TURN 93
COMMAND LEFT START
MOVE A11 44
TRAIN 1
COMMAND LEFT END
COMMAND RIGHT START
COMMAND RIGHT END
TURN 93 RESULT
TIME LEFT 1 5 RIGHT 0 5
TRAIN A17
MOVE A11 71
MOVE A12 70
MOVE A14 44
MOVE A15 30
MOVE A16 22
MOVE B7 198
END TURN 93
TURN 94
COMMAND LEFT START
MOVE A13 216
MOVE A17 44
TRAIN 1
COMMAND LEFT END
COMMAND RIGHT START
UPGRADE 121
COMMAND RIGHT END
TURN 94 RESULT
TIME LEFT 1 5 RIGHT 0 5
UPGRADE B 121
TRAIN A18
MOVE A11 56
MOVE A12 86
MOVE A13 56
MOVE A15 44
MOVE A16 30
MOVE A17 10
END TURN 94
TURN 95
COMMAND LEFT START
MOVE A18 44
TRAIN 1
COMMAND LEFT END
COMMAND RIGHT START
TRAIN 1
COMMAND RIGHT END
TURN 95 RESULT
TIME LEFT 1 5 RIGHT 0 5
TRAIN A19 B11
MOVE A11 44
MOVE A12 97
MOVE A13 67
MOVE A16 44
MOVE A17 22
MOVE A18 10
END TURN 95
TURN 96
COMMAND LEFT START
MOVE A19 44
TRAIN 1
COMMAND LEFT END
COMMAND RIGHT START
MOVE B8 121
COMMAND RIGHT END
TURN 96 RESULT
TIME LEFT 1 5 RIGHT 0 5
TRAIN A20
MOVE A12 110
MOVE A13 78
MOVE A17 30
MOVE A18 22
MOVE A19 10
MOVE B8 237
END TURN 96
TURN 97
COMMAND LEFT START
MOVE A20 44
TRAIN 1
COMMAND LEFT END
COMMAND RIGHT START
COMMAND RIGHT END
TURN 97 RESULT
TIME LEFT 1 5 RIGHT 0 5
TRAIN A21
MOVE A12 135
MOVE A13 101
MOVE A17 44
MOVE A18 30
MOVE A19 22
MOVE A20 10
MOVE B8 216
END TURN 97
TURN 98
COMMAND LEFT START
MOVE A21 44
COMMAND LEFT END
COMMAND RIGHT START
COMMAND RIGHT END
TURN 98 RESULT
TIME LEFT 4 5 RIGHT 0 5
MOVE A12 146
MOVE A13 119
MOVE A18 44
MOVE A19 30
MOVE A20 22
MOVE A21 10
MOVE B8 202
END TURN 98
TURN 99
COMMAND LEFT START
MOVE A11 121
MOVE A14 121
MOVE A15 121
MOVE A16 121
MOVE A17 121
MOVE A18 121
MOVE A12 103
TRAIN 1
COMMAND LEFT END
COMMAND RIGHT START
COMMAND RIGHT END
TURN 99 RESULT
TIME LEFT 6 5 RIGHT 0 5
TRAIN A22
MOVE A11 56
MOVE A12 144
MOVE A13 137
MOVE A14 56
MOVE A15 56
MOVE A16 56
MOVE A17 56
MOVE A18 56
MOVE A19 44
MOVE A20 30
MOVE A21 22
MOVE B8 189
END TURN 99
TURN 100
COMMAND LEFT START
MOVE A22 44
COMMAND LEFT END
COMMAND RIGHT START
UPGRADE 236
COMMAND RIGHT END
TURN 100 RESULT
TIME LEFT 1 5 RIGHT 0 5
UPGRADE B 236
MOVE A11 67
MOVE A12 138
MOVE A13 147
MOVE A14 67
MOVE A15 67
MOVE A16 67
MOVE A17 67
MOVE A18 67
MOVE A20 44
MOVE A21 30
MOVE A22 10
MOVE B8 171
END TURN 100
TURN 101
COMMAND LEFT START
TRAIN 1
COMMAND LEFT END
COMMAND RIGHT START
TRAIN 1
COMMAND RIGHT END
TURN 101 RESULT
TIME LEFT 1 5 RIGHT 0 5
TRAIN A23 B12
MOVE A11 78
MOVE A12 140
MOVE A13 171
MOVE A14 78
MOVE A15 78
MOVE A16 78
MOVE A17 78
MOVE A18 78
MOVE A21 44
MOVE A22 22
MOVE B8 147
END TURN 101
TURN 102
COMMAND LEFT START
MOVE A23 44
TRAIN 1
COMMAND LEFT END
COMMAND RIGHT START
MOVE B9 236
COMMAND RIGHT END
TURN 102 RESULT
TIME LEFT 1 5 RIGHT 0 5
TRAIN A24
MOVE A11 101
MOVE A12 131
MOVE A13 189
MOVE A14 101
MOVE A15 101
MOVE A16 101
MOVE A17 101
MOVE A18 101
MOVE A22 30
MOVE A23 10
MOVE B8 137
MOVE B9 241
END TURN 102
TURN 103
COMMAND LEFT START
MOVE A24 44
TRAIN 1
COMMAND LEFT END
COMMAND RIGHT START
MOVE B1 198
MOVE B3 198
MOVE B10 198
TRAIN 2
COMMAND RIGHT END
TURN 103 RESULT
TIME LEFT 1 5 RIGHT 0 5
TRAIN A25 B13 B14
MOVE A11 121
MOVE A12 119
MOVE A13 202
MOVE A14 121
MOVE A15 121
MOVE A16 121
MOVE A17 121
MOVE A18 121
MOVE A22 44
MOVE A23 22
MOVE A24 10
MOVE B1 228
MOVE B3 201
MOVE B8 121
MOVE B9 236
MOVE B10 232
DAMAGE TURRET A11 1
DAMAGE COMBAT A11 2
DAMAGE COMBAT B2 2
DAMAGE COMBAT B8 4
END TURN 103
TURN 104
COMMAND LEFT START
MOVE A25 44
COMMAND LEFT END
COMMAND RIGHT START
MOVE B4 198
MOVE B11 236
TRAIN 2
COMMAND RIGHT END
TURN 104 RESULT
TIME LEFT 1 5 RIGHT 0 5
TRAIN B15 B16
MOVE A12 121
MOVE A13 216
MOVE A23 30
MOVE A24 22
MOVE A25 10
MOVE B1 212
MOVE B3 202
MOVE B4 228
MOVE B10 220
MOVE B11 241
DAMAGE TURRET A11 1
DAMAGE COMBAT A11 1
DAMAGE COMBAT B8 2
SIEGE B 121 5
END TURN 104
TURN 105
COMMAND LEFT START
MOVE A13 88
TRAIN 1
COMMAND LEFT END
COMMAND RIGHT START
MOVE B12 198
MOVE B13 236
COMMAND RIGHT END
TURN 105 RESULT
TIME LEFT 1 5 RIGHT 0 5
TRAIN A26
MOVE A12 123
MOVE A13 202
MOVE A23 44
MOVE A24 30
MOVE A25 22
MOVE B1 198
MOVE B3 198
MOVE B4 212
MOVE B10 212
MOVE B11 236
MOVE B12 232
MOVE B13 241
DAMAGE TURRET A11 1
SIEGE B 121 6
END TURN 105
TURN 106
COMMAND LEFT START
MOVE A19 209
MOVE A26 44
TRAIN 1
COMMAND LEFT END
COMMAND RIGHT START
TRAIN 1
COMMAND RIGHT END
TURN 106 RESULT
TIME LEFT 1 5 RIGHT 0 5
TRAIN A27 B17
MOVE A12 127
MOVE A13 189
MOVE A19 56
MOVE A24 44
MOVE A25 30
MOVE A26 10
MOVE B4 198
MOVE B10 198
MOVE B12 220
MOVE B13 236
DAMAGE TURRET A14 1
SIEGE B 121 1
END TURN 106
TURN 107
COMMAND LEFT START
MOVE A14 44
MOVE A15 44
MOVE A16 44
MOVE A17 44
MOVE A18 44
MOVE A27 44
COMMAND LEFT END
COMMAND RIGHT START
MOVE B1 211
COMMAND RIGHT END
TURN 107 RESULT
TIME LEFT 2 5 RIGHT 0 5
MOVE A12 118
MOVE A13 186
MOVE A14 101
MOVE A15 101
MOVE A16 101
MOVE A17 101
MOVE A18 101
MOVE A19 71
MOVE A25 44
MOVE A26 22
MOVE A27 10
MOVE B1 202
MOVE B12 212
END TURN 107
TURN 108
COMMAND LEFT START
TRAIN 1
COMMAND LEFT END
COMMAND RIGHT START
COMMAND RIGHT END
TURN 108 RESULT
TIME LEFT 2 5 RIGHT 0 5
TRAIN A28
MOVE A12 116
MOVE A13 175
MOVE A14 78
MOVE A15 78
MOVE A16 78
MOVE A17 78
MOVE A18 78
MOVE A19 95
MOVE A26 30
MOVE A27 22
MOVE B1 201
MOVE B12 198
END TURN 108
TURN 109
COMMAND LEFT START
MOVE A28 44
TRAIN 1
COMMAND LEFT END
COMMAND RIGHT START
COMMAND RIGHT END
TURN 109 RESULT
TIME LEFT 1 5 RIGHT 0 5
TRAIN A29
MOVE A12 107
MOVE A13 168
MOVE A14 67
MOVE A15 67
MOVE A16 67
MOVE A17 67
MOVE A18 67
MOVE A19 105
MOVE A26 44
MOVE A27 30
MOVE A28 10
MOVE B1 211
END TURN 109
TURN 110
COMMAND LEFT START
MOVE A29 44
COMMAND LEFT END
COMMAND RIGHT START
COMMAND RIGHT END
TURN 110 RESULT
TIME LEFT 1 5 RIGHT 0 5
MOVE A12 117
MOVE A13 155
MOVE A14 56
MOVE A15 56
MOVE A16 56
MOVE A17 56
MOVE A18 56
MOVE A19 123
MOVE A27 44
MOVE A28 22
MOVE A29 10
END TURN 110
TURN 111
COMMAND LEFT START
TRAIN 1
COMMAND LEFT END
COMMAND RIGHT START
MOVE B12 206
COMMAND RIGHT END
TURN 111 RESULT
TIME LEFT 1 5 RIGHT 0 5
TRAIN A30
MOVE A12 114
MOVE A13 133
MOVE A14 44
MOVE A15 44
MOVE A16 44
MOVE A17 44
MOVE A18 44
MOVE A19 141
MOVE A28 30
MOVE A29 22
MOVE B12 192
END TURN 111
TURN 112
COMMAND LEFT START
MOVE A15 198
MOVE A16 198
MOVE A17 198
MOVE A18 198
MOVE A20 198
MOVE A21 198
MOVE A22 198
MOVE A23 198
MOVE A24 198
MOVE A25 198
MOVE A26 198
MOVE A27 198
MOVE A14 198
MOVE A30 44
COMMAND LEFT END
COMMAND RIGHT START
UPGRADE 211
COMMAND RIGHT END
TURN 112 RESULT
TIME LEFT 4 5 RIGHT 0 5
UPGRADE B 211
MOVE A12 103
MOVE A13 118
MOVE A14 56
MOVE A15 56
MOVE A16 56
MOVE A17 56
MOVE A18 56
MOVE A19 164
MOVE A20 56
MOVE A21 56
MOVE A22 56
MOVE A23 56
MOVE A24 56
MOVE A25 56
MOVE A26 56
MOVE A27 56
MOVE A28 44
MOVE A29 30
MOVE A30 10
MOVE B12 205
END TURN 112
TURN 113
COMMAND LEFT START
MOVE A12 0
COMMAND LEFT END
COMMAND RIGHT START
MOVE B3 211
COMMAND RIGHT END
TURN 113 RESULT
TIME LEFT 1 5 RIGHT 0 5
MOVE A12 84
MOVE A13 104
MOVE A14 67
MOVE A15 67
MOVE A16 67
MOVE A17 67
MOVE A18 67
MOVE A19 175
MOVE A20 67
MOVE A21 67
MOVE A22 67
MOVE A23 67
MOVE A24 67
MOVE A25 67
MOVE A26 67
MOVE A27 67
MOVE A29 44
MOVE A30 22
MOVE B3 202
MOVE B12 213
END TURN 113
TURN 114
COMMAND LEFT START
TRAIN 1
COMMAND LEFT END
COMMAND RIGHT START
COMMAND RIGHT END
TURN 114 RESULT
TIME LEFT 1 5 RIGHT 0 5
TRAIN A31
MOVE A12 62
MOVE A13 88
MOVE A14 78
MOVE A15 78
MOVE A16 78
MOVE A17 78
MOVE A18 78
MOVE A19 192
MOVE A20 78
MOVE A21 78
MOVE A22 78
MOVE A23 78
MOVE A24 78
MOVE A25 78
MOVE A26 78
MOVE A27 78
MOVE A30 30
MOVE B3 201
MOVE B12 210
END TURN 114
TURN 115
COMMAND LEFT START
MOVE A31 44
MOVE A13 44
TRAIN 1
COMMAND LEFT END
COMMAND RIGHT START
COMMAND RIGHT END
TURN 115 RESULT
TIME LEFT 1 5 RIGHT 0 5
TRAIN A32
MOVE A12 42
MOVE A13 76
MOVE A14 101
MOVE A15 101
MOVE A16 101
MOVE A17 101
MOVE A18 101
MOVE A19 209
MOVE A20 101
MOVE A21 101
MOVE A22 101
MOVE A23 101
MOVE A24 101
MOVE A25 101
MOVE A26 101
MOVE A27 101
MOVE A30 44
MOVE A31 10
MOVE B3 211
MOVE B12 207
END TURN 115
TURN 116
COMMAND LEFT START
MOVE A19 88
MOVE A32 44
COMMAND LEFT END
COMMAND RIGHT START
UPGRADE 198
COMMAND RIGHT END
TURN 116 RESULT
TIME LEFT 1 5 RIGHT 0 5
UPGRADE B 198
MOVE A12 34
MOVE A13 55
MOVE A14 119
MOVE A15 119
MOVE A16 119
MOVE A17 119
MOVE A18 119
MOVE A19 192
MOVE A20 119
MOVE A21 119
MOVE A22 119
MOVE A23 119
MOVE A24 119
MOVE A25 119
MOVE A26 119
MOVE A27 119
MOVE A31 22
MOVE A32 10
MOVE B12 206
END TURN 116
TURN 117
COMMAND LEFT START
MOVE A28 185
TRAIN 1
COMMAND LEFT END
COMMAND RIGHT START
COMMAND RIGHT END
TURN 117 RESULT
TIME LEFT 1 5 RIGHT 0 5
TRAIN A33
MOVE A12 21
MOVE A13 52
MOVE A14 137
MOVE A15 137
MOVE A16 137
MOVE A17 137
MOVE A18 137
MOVE A19 184
MOVE A20 137
MOVE A21 137
MOVE A22 137
MOVE A23 137
MOVE A24 137
MOVE A25 137
MOVE A26 137
MOVE A27 137
MOVE A28 50
MOVE A31 30
MOVE A32 22
END TURN 117
TURN 118
COMMAND LEFT START
MOVE A33 44
COMMAND LEFT END
COMMAND RIGHT START
COMMAND RIGHT END
TURN 118 RESULT
TIME LEFT 2 5 RIGHT 0 5
MOVE A12 9
MOVE A13 53
MOVE A14 147
MOVE A15 147
MOVE A16 147
MOVE A17 147
MOVE A18 147
MOVE A19 168
MOVE A20 147
MOVE A21 147
MOVE A22 147
MOVE A23 147
MOVE A24 147
MOVE A25 147
MOVE A26 147
MOVE A27 147
MOVE A28 58
MOVE A31 44
MOVE A32 30
MOVE A33 10
END TURN 118
TURN 119
COMMAND LEFT START
TRAIN 1
COMMAND LEFT END
COMMAND RIGHT START
COMMAND RIGHT END
TURN 119 RESULT
TIME LEFT 1 5 RIGHT 0 5
TRAIN A34
MOVE A12 2
MOVE A13 44
MOVE A14 171
MOVE A15 171
MOVE A16 171
MOVE A17 171
MOVE A18 171
MOVE A19 155
MOVE A20 171
MOVE A21 171
MOVE A22 171
MOVE A23 171
MOVE A24 171
MOVE A25 171
MOVE A26 171
MOVE A27 171
MOVE A28 74
MOVE A32 44
MOVE A33 22
END TURN 119
TURN 120
COMMAND LEFT START
MOVE A34 44
TRAIN 1
COMMAND LEFT END
COMMAND RIGHT START
UPGRADE 206
COMMAND RIGHT END
TURN 120 RESULT
TIME LEFT 1 5 RIGHT 0 5
UPGRADE B 206
TRAIN A35
MOVE A12 0
MOVE A14 186
MOVE A15 186
MOVE A16 186
MOVE A17 186
MOVE A18 186
MOVE A19 133
MOVE A20 186
MOVE A21 186
MOVE A22 186
MOVE A23 186
MOVE A24 186
MOVE A25 186
MOVE A26 186
MOVE A27 186
MOVE A28 87
MOVE A33 30
MOVE A34 10
END TURN 120
TURN 121
COMMAND LEFT START
MOVE A12 44
MOVE A35 44
COMMAND LEFT END
COMMAND RIGHT START
COMMAND RIGHT END
TURN 121 RESULT
TIME LEFT 5 5 RIGHT 0 5
MOVE A12 10
MOVE A14 198
MOVE A15 198
MOVE A16 198
MOVE A17 198
MOVE A18 198
MOVE A19 118
MOVE A20 198
MOVE A21 198
MOVE A22 198
MOVE A23 198
MOVE A24 198
MOVE A25 198
MOVE A26 198
MOVE A27 198
MOVE A28 115
MOVE A33 44
MOVE A34 22
MOVE A35 10
DAMAGE TURRET A14 2
DAMAGE COMBAT A14 3
DAMAGE COMBAT A15 1
DAMAGE COMBAT B4 4
DAMAGE COMBAT B5 4
DAMAGE COMBAT B7 5
END TURN 121
TURN 122
COMMAND LEFT START
TRAIN 1
COMMAND LEFT END
COMMAND RIGHT START
TRAIN 2
COMMAND RIGHT END
TURN 122 RESULT
TIME LEFT 1 5 RIGHT 0 5
TRAIN A36 B18 B19
MOVE A12 22
MOVE A19 104
MOVE A28 140
MOVE A34 30
MOVE A35 22
DAMAGE TURRET A15 2
DAMAGE COMBAT A15 1
DAMAGE COMBAT B10 6
SIEGE B 198 6
END TURN 122
TURN 123
COMMAND LEFT START
MOVE A36 44
COMMAND LEFT END
COMMAND RIGHT START
TRAIN 2
COMMAND RIGHT END
TURN 123 RESULT
TIME LEFT 1 5 RIGHT 0 5
TRAIN B20 B21
MOVE A12 30
MOVE A19 88
MOVE A28 157
MOVE A34 44
MOVE A35 30
MOVE A36 10
DAMAGE TURRET A15 2
SIEGE B 198 12
END TURN 123
TURN 124
COMMAND LEFT START
MOVE A16 211
MOVE A17 211
MOVE A18 211
MOVE A20 211
MOVE A21 211
MOVE A22 211
MOVE A23 211
MOVE A24 211
MOVE A25 211
MOVE A26 211
MOVE A27 211
MOVE A19 44
COMMAND LEFT END
COMMAND RIGHT START
COMMAND RIGHT END
TURN 124 RESULT
TIME LEFT 3 5 RIGHT 0 5
MOVE A12 44
MOVE A16 202
MOVE A17 202
MOVE A18 202
MOVE A19 76
MOVE A20 202
MOVE A21 202
MOVE A22 202
MOVE A23 202
MOVE A24 202
MOVE A25 202
MOVE A26 202
MOVE A27 202
MOVE A28 166
MOVE A35 44
MOVE A36 22
END TURN 124
TURN 125
COMMAND LEFT START
TRAIN 1
COMMAND LEFT END
COMMAND RIGHT START
MOVE B9 242
TRAIN 2
COMMAND RIGHT END
TURN 125 RESULT
TIME LEFT 1 5 RIGHT 0 5
TRAIN A37 B22 B23
MOVE A16 201
MOVE A17 201
MOVE A18 201
MOVE A19 55
MOVE A20 201
MOVE A21 201
MOVE A22 201
MOVE A23 201
MOVE A24 201
MOVE A25 201
MOVE A26 201
MOVE A27 201
MOVE A28 185
MOVE A36 30
MOVE B9 241
END TURN 125
TURN 126
COMMAND LEFT START
MOVE A28 44
MOVE A37 44
COMMAND LEFT END
COMMAND RIGHT START
MOVE B14 236
COMMAND RIGHT END
TURN 126 RESULT
TIME LEFT 2 5 RIGHT 1 5
MOVE A16 211
MOVE A17 211
MOVE A18 211
MOVE A19 52
MOVE A20 211
MOVE A21 211
MOVE A22 211
MOVE A23 211
MOVE A24 211
MOVE A25 211
MOVE A26 211
MOVE A27 211
MOVE A28 166
MOVE A36 44
MOVE A37 10
MOVE B9 242
MOVE B14 241
DAMAGE TURRET A16 2
DAMAGE COMBAT A16 3
DAMAGE COMBAT B1 4
DAMAGE COMBAT B3 4
DAMAGE COMBAT B6 3
END TURN 126
TURN 127
COMMAND LEFT START
MOVE A12 209
TRAIN 1
COMMAND LEFT END
COMMAND RIGHT START
TRAIN 1
COMMAND RIGHT END
TURN 127 RESULT
TIME LEFT 2 5 RIGHT 0 5
TRAIN A38 B24
MOVE A12 56
MOVE A19 53
MOVE A28 157
MOVE A37 22
MOVE B14 236
DAMAGE TURRET A16 1
DAMAGE TURRET A17 1
DAMAGE COMBAT A17 1
DAMAGE COMBAT B6 1
SIEGE B 211 10
END TURN 127
TURN 128
COMMAND LEFT START
MOVE A38 44
COMMAND LEFT END
COMMAND RIGHT START
TRAIN 1
COMMAND RIGHT END
TURN 128 RESULT
TIME LEFT 1 5 RIGHT 0 5
TRAIN B25
MOVE A12 71
MOVE A19 44
MOVE A28 140
MOVE A37 30
MOVE A38 10
DAMAGE TURRET A17 2
SIEGE B 211 8
END TURN 128
TURN 129
COMMAND LEFT START
MOVE A17 236
MOVE A18 236
MOVE A20 236
MOVE A21 236
MOVE A22 236
MOVE A23 236
MOVE A24 236
MOVE A25 236
MOVE A26 236
MOVE A27 236
COMMAND LEFT END
COMMAND RIGHT START
COMMAND RIGHT END
TURN 129 RESULT
TIME LEFT 4 5 RIGHT 0 5
MOVE A12 95
MOVE A17 223
MOVE A18 223
MOVE A20 223
MOVE A21 223
MOVE A22 223
MOVE A23 223
MOVE A24 223
MOVE A25 223
MOVE A26 223
MOVE A27 223
MOVE A28 115
MOVE A37 44
MOVE A38 22
END TURN 129
TURN 130
COMMAND LEFT START
TRAIN 1
COMMAND LEFT END
COMMAND RIGHT START
COMMAND RIGHT END
TURN 130 RESULT
TIME LEFT 2 5 RIGHT 0 5
TRAIN A39
MOVE A12 105
MOVE A17 237
MOVE A18 237
MOVE A20 237
MOVE A21 237
MOVE A22 237
MOVE A23 237
MOVE A24 237
MOVE A25 237
MOVE A26 237
MOVE A27 237
MOVE A28 87
MOVE A38 30
END TURN 130
TURN 131
COMMAND LEFT START
MOVE A39 151
COMMAND LEFT END
COMMAND RIGHT START
COMMAND RIGHT END
TURN 131 RESULT
TIME LEFT 3 5 RIGHT 0 5
MOVE A12 123
MOVE A17 232
MOVE A18 232
MOVE A20 232
MOVE A21 232
MOVE A22 232
MOVE A23 232
MOVE A24 232
MOVE A25 232
MOVE A26 232
MOVE A27 232
MOVE A28 74
MOVE A38 44
MOVE A39 5
END TURN 131
TURN 132
COMMAND LEFT START
TRAIN 1
COMMAND LEFT END
COMMAND RIGHT START
COMMAND RIGHT END
TURN 132 RESULT
TIME LEFT 2 5 RIGHT 0 5
TRAIN A40
MOVE A12 141
MOVE A17 236
MOVE A18 236
MOVE A20 236
MOVE A21 236
MOVE A22 236
MOVE A23 236
MOVE A24 236
MOVE A25 236
MOVE A26 236
MOVE A27 236
MOVE A28 58
MOVE A39 26
DAMAGE TURRET A17 2
DAMAGE COMBAT A18 3
DAMAGE COMBAT B11 6
DAMAGE COMBAT B13 4
END TURN 132
TURN 133
COMMAND LEFT START
MOVE A40 44
COMMAND LEFT END
COMMAND RIGHT START
COMMAND RIGHT END
TURN 133 RESULT
TIME LEFT 2 5 RIGHT 0 5
MOVE A12 164
MOVE A28 50
MOVE A39 41
MOVE A40 10
DAMAGE TURRET A18 2
DAMAGE COMBAT A18 1
DAMAGE COMBAT A20 1
DAMAGE COMBAT B13 2
DAMAGE COMBAT B14 6
SIEGE B 236 1
END TURN 133
TURN 134
COMMAND LEFT START
TRAIN 1
COMMAND LEFT END
COMMAND RIGHT START
COMMAND RIGHT END
TURN 134 RESULT
TIME LEFT 2 5 RIGHT 0 5
TRAIN A41
MOVE A12 175
MOVE A28 44
MOVE A39 55
MOVE A40 22
DAMAGE TURRET A20 2
SIEGE B 236 8
END TURN 134
TURN 135
COMMAND LEFT START
MOVE A41 44
COMMAND LEFT END
COMMAND RIGHT START
COMMAND RIGHT END
TURN 135 RESULT
TIME LEFT 2 5 RIGHT 0 5
MOVE A12 192
MOVE A39 76
MOVE A40 30
MOVE A41 10
DAMAGE TURRET A20 2
SIEGE B 236 8
END TURN 135
TURN 136
COMMAND LEFT START
TRAIN 1
COMMAND LEFT END
COMMAND RIGHT START
COMMAND RIGHT END
TURN 136 RESULT
TIME LEFT 6 5 RIGHT 0 5
TRAIN A42
MOVE A12 209
MOVE A39 88
MOVE A40 44
MOVE A41 22
DAMAGE TURRET A20 1
DAMAGE TURRET A21 1
SIEGE B 236 1
END TURN 136
TURN 137
COMMAND LEFT START
MOVE A12 202
MOVE A21 88
MOVE A22 88
MOVE A23 88
MOVE A24 88
MOVE A25 88
MOVE A26 88
MOVE A27 88
MOVE A13 121
MOVE A42 44
COMMAND LEFT END
COMMAND RIGHT START
COMMAND RIGHT END
TURN 137 RESULT
TIME LEFT 5 5 RIGHT 0 5
MOVE A12 212
MOVE A13 56
MOVE A21 222
MOVE A22 222
MOVE A23 222
MOVE A24 222
MOVE A25 222
MOVE A26 222
MOVE A27 222
MOVE A39 98
MOVE A41 30
MOVE A42 10
END TURN 137
TURN 138
COMMAND LEFT START
COMMAND LEFT END
COMMAND RIGHT START
MOVE B25 236
COMMAND RIGHT END
TURN 138 RESULT
TIME LEFT 2 5 RIGHT 0 5
MOVE A12 202
MOVE A13 67
MOVE A21 209
MOVE A22 209
MOVE A23 209
MOVE A24 209
MOVE A25 209
MOVE A26 209
MOVE A27 209
MOVE A39 107
MOVE A41 44
MOVE A42 22
MOVE B25 241
END TURN 138
TURN 139
COMMAND LEFT START
MOVE A12 216
COMMAND LEFT END
COMMAND RIGHT START
UPGRADE 206
COMMAND RIGHT END
TURN 139 RESULT
TIME LEFT 3 5 RIGHT 0 5
UPGRADE B 206
MOVE A12 216
MOVE A13 78
MOVE A21 192
MOVE A22 192
MOVE A23 192
MOVE A24 192
MOVE A25 192
MOVE A26 192
MOVE A27 192
MOVE A39 117
MOVE A42 30
MOVE B25 236
END TURN 139
TURN 140
COMMAND LEFT START
MOVE A12 88
COMMAND LEFT END
COMMAND RIGHT START
MOVE B9 206
COMMAND RIGHT END
TURN 140 RESULT
TIME LEFT 2 5 RIGHT 0 5
MOVE A12 202
MOVE A13 101
MOVE A21 184
MOVE A22 184
MOVE A23 184
MOVE A24 184
MOVE A25 184
MOVE A26 184
MOVE A27 184
MOVE A39 129
MOVE A42 44
MOVE B9 241
END TURN 140
TURN 141
COMMAND LEFT START
COMMAND LEFT END
COMMAND RIGHT START
MOVE B24 206
MOVE B23 206
MOVE B22 206
MOVE B21 206
MOVE B20 206
MOVE B19 206
MOVE B18 206
COMMAND RIGHT END
TURN 141 RESULT
TIME LEFT 2 5 RIGHT 0 5
MOVE A12 189
MOVE A13 121
MOVE A21 168
MOVE A22 168
MOVE A23 168
MOVE A24 168
MOVE A25 168
MOVE A26 168
MOVE A27 168
MOVE A39 151
MOVE B9 239
MOVE B18 241
MOVE B19 241
MOVE B20 241
MOVE B21 241
MOVE B22 241
MOVE B23 241
MOVE B24 241
END TURN 141
TURN 142
COMMAND LEFT START
MOVE A39 93
COMMAND LEFT END
COMMAND RIGHT START
COMMAND RIGHT END
TURN 142 RESULT
TIME LEFT 2 5 RIGHT 0 5
MOVE A12 186
MOVE A21 155
MOVE A22 155
MOVE A23 155
MOVE A24 155
MOVE A25 155
MOVE A26 155
MOVE A27 155
MOVE A39 149
MOVE B9 235
MOVE B18 239
MOVE B19 239
MOVE B20 239
MOVE B21 239
MOVE B22 239
MOVE B23 239
MOVE B24 239
END TURN 142
TURN 143
COMMAND LEFT START
COMMAND LEFT END
COMMAND RIGHT START
COMMAND RIGHT END
TURN 143 RESULT
TIME LEFT 2 5 RIGHT 0 5
MOVE A12 175
MOVE A21 133
MOVE A22 133
MOVE A23 133
MOVE A24 133
MOVE A25 133
MOVE A26 133
MOVE A27 133
MOVE A39 153
MOVE B9 227
MOVE B18 235
MOVE B19 235
MOVE B20 235
MOVE B21 235
MOVE B22 235
MOVE B23 235
MOVE B24 235
END TURN 143
TURN 144
COMMAND LEFT START
MOVE A19 130
MOVE A28 121
MOVE A29 121
MOVE A30 121
MOVE A31 121
MOVE A32 121
MOVE A33 121
MOVE A34 121
MOVE A35 121
MOVE A36 121
MOVE A37 121
MOVE A38 121
MOVE A40 121
MOVE A41 121
MOVE A42 121
UPGRADE 121
COMMAND LEFT END
COMMAND RIGHT START
COMMAND RIGHT END
TURN 144 RESULT
TIME LEFT 6 5 RIGHT 0 5
UPGRADE A 121
MOVE A12 168
MOVE A19 53
MOVE A21 118
MOVE A22 118
MOVE A23 118
MOVE A24 118
MOVE A25 118
MOVE A26 118
MOVE A27 118
MOVE A28 56
MOVE A29 56
MOVE A30 56
MOVE A31 56
MOVE A32 56
MOVE A33 56
MOVE A34 56
MOVE A35 56
MOVE A36 56
MOVE A37 56
MOVE A38 56
MOVE A39 145
MOVE A40 56
MOVE A41 56
MOVE A42 56
MOVE B9 218
MOVE B18 227
MOVE B19 227
MOVE B20 227
MOVE B21 227
MOVE B22 227
MOVE B23 227
MOVE B24 227
END TURN 144
TURN 145
COMMAND LEFT START
COMMAND LEFT END
COMMAND RIGHT START
COMMAND RIGHT END
TURN 145 RESULT
TIME LEFT 1 5 RIGHT 0 5
MOVE A12 155
MOVE A19 52
MOVE A21 104
MOVE A22 104
MOVE A23 104
MOVE A24 104
MOVE A25 104
MOVE A26 104
MOVE A27 104
MOVE A28 67
MOVE A29 67
MOVE A30 67
MOVE A31 67
MOVE A32 67
MOVE A33 67
MOVE A34 67
MOVE A35 67
MOVE A36 67
MOVE A37 67
MOVE A38 67
MOVE A39 133
MOVE A40 67
MOVE A41 67
MOVE A42 67
MOVE B9 206
MOVE B18 218
MOVE B19 218
MOVE B20 218
MOVE B21 218
MOVE B22 218
MOVE B23 218
MOVE B24 218
END TURN 145
TURN 146
COMMAND LEFT START
COMMAND LEFT END
COMMAND RIGHT START
COMMAND RIGHT END
TURN 146 RESULT
TIME LEFT 1 5 RIGHT 0 5
MOVE A12 133
MOVE A19 55
MOVE A21 88
MOVE A22 88
MOVE A23 88
MOVE A24 88
MOVE A25 88
MOVE A26 88
MOVE A27 88
MOVE A28 78
MOVE A29 78
MOVE A30 78
MOVE A31 78
MOVE A32 78
MOVE A33 78
MOVE A34 78
MOVE A35 78
MOVE A36 78
MOVE A37 78
MOVE A38 78
MOVE A39 127
MOVE A40 78
MOVE A41 78
MOVE A42 78
MOVE B18 206
MOVE B19 206
MOVE B20 206
MOVE B21 206
MOVE B22 206
MOVE B23 206
MOVE B24 206
END TURN 146
TURN 147
COMMAND LEFT START
MOVE A21 121
MOVE A22 121
MOVE A23 121
MOVE A24 121
MOVE A25 121
MOVE A26 121
MOVE A27 121
COMMAND LEFT END
COMMAND RIGHT START
MOVE B24 121
COMMAND RIGHT END
TURN 147 RESULT
TIME LEFT 2 5 RIGHT 0 5
MOVE A12 118
MOVE A19 76
MOVE A21 90
MOVE A22 90
MOVE A23 90
MOVE A24 90
MOVE A25 90
MOVE A26 90
MOVE A27 90
MOVE A28 101
MOVE A29 101
MOVE A30 101
MOVE A31 101
MOVE A32 101
MOVE A33 101
MOVE A34 101
MOVE A35 101
MOVE A36 101
MOVE A37 101
MOVE A38 101
MOVE A39 123
MOVE A40 101
MOVE A41 101
MOVE A42 101
MOVE B24 207
END TURN 147
TURN 148
COMMAND LEFT START
COMMAND LEFT END
COMMAND RIGHT START
COMMAND RIGHT END
TURN 148 RESULT
TIME LEFT 1 5 RIGHT 0 5
MOVE A12 104
MOVE A19 88
MOVE A21 102
MOVE A22 102
MOVE A23 102
MOVE A24 102
MOVE A25 102
MOVE A26 102
MOVE A27 102
MOVE A28 121
MOVE A29 121
MOVE A30 121
MOVE A31 121
MOVE A32 121
MOVE A33 121
MOVE A34 121
MOVE A35 121
MOVE A36 121
MOVE A37 121
MOVE A38 121
MOVE A39 121
MOVE A40 121
MOVE A41 121
MOVE A42 121
MOVE B24 199
END TURN 148
TURN 149
COMMAND LEFT START
MOVE A28 242
MOVE A29 242
MOVE A30 242
MOVE A31 242
MOVE A32 242
MOVE A33 242
MOVE A34 242
MOVE A35 242
MOVE A36 242
MOVE A37 242
MOVE A38 242
MOVE A40 242
MOVE A41 242
MOVE A42 242
COMMAND LEFT END
COMMAND RIGHT START
COMMAND RIGHT END
TURN 149 RESULT
TIME LEFT 7 5 RIGHT 0 5
MOVE A12 88
MOVE A19 98
MOVE A21 111
MOVE A22 111
MOVE A23 111
MOVE A24 111
MOVE A25 111
MOVE A26 111
MOVE A27 111
MOVE A28 137
MOVE A29 137
MOVE A30 137
MOVE A31 137
MOVE A32 137
MOVE A33 137
MOVE A34 137
MOVE A35 137
MOVE A36 137
MOVE A37 137
MOVE A38 137
MOVE A39 119
MOVE A40 137
MOVE A41 137
MOVE A42 137
MOVE B24 193
END TURN 149
TURN 150
COMMAND LEFT START
MOVE A12 121
COMMAND LEFT END
COMMAND RIGHT START
UPGRADE 236
COMMAND RIGHT END
TURN 150 RESULT
TIME LEFT 1 5 RIGHT 0 5
UPGRADE B 236
MOVE A12 90
MOVE A19 107
MOVE A21 123
MOVE A22 123
MOVE A23 123
MOVE A24 123
MOVE A25 123
MOVE A26 123
MOVE A27 123
MOVE A28 147
MOVE A29 147
MOVE A30 147
MOVE A31 147
MOVE A32 147
MOVE A33 147
MOVE A34 147
MOVE A35 147
MOVE A36 147
MOVE A37 147
MOVE A38 147
MOVE A39 115
MOVE A40 147
MOVE A41 147
MOVE A42 147
MOVE B24 179
END TURN 150
TURN 151
COMMAND LEFT START
COMMAND LEFT END
COMMAND RIGHT START
COMMAND RIGHT END
TURN 151 RESULT
TIME LEFT 1 5 RIGHT 0 5
MOVE A12 102
MOVE A19 130
MOVE A21 121
MOVE A22 121
MOVE A23 121
MOVE A24 121
MOVE A25 121
MOVE A26 121
MOVE A27 121
MOVE A28 171
MOVE A29 171
MOVE A30 171
MOVE A31 171
MOVE A32 171
MOVE A33 171
MOVE A34 171
MOVE A35 171
MOVE A36 171
MOVE A37 171
MOVE A38 171
MOVE A39 109
MOVE A40 171
MOVE A41 171
MOVE A42 171
MOVE B24 168
END TURN 151
TURN 152
COMMAND LEFT START
UPGRADE 130
COMMAND LEFT END
COMMAND RIGHT START
MOVE B23 236
MOVE B22 236
MOVE B21 236
MOVE B20 236
MOVE B19 236
MOVE B18 236
TRAIN 1
COMMAND RIGHT END
TURN 152 RESULT
TIME LEFT 1 5 RIGHT 0 5
UPGRADE A 130
TRAIN B26
MOVE A12 111
MOVE A28 189
MOVE A29 189
MOVE A30 189
MOVE A31 189
MOVE A32 189
MOVE A33 189
MOVE A34 189
MOVE A35 189
MOVE A36 189
MOVE A37 189
MOVE A38 189
MOVE A39 97
MOVE A40 189
MOVE A41 189
MOVE A42 189
MOVE B18 218
MOVE B19 218
MOVE B20 218
MOVE B21 218
MOVE B22 218
MOVE B23 218
MOVE B24 141
END TURN 152
TURN 153
COMMAND LEFT START
MOVE A21 140
TRAIN 1
COMMAND LEFT END
COMMAND RIGHT START
MOVE B26 236
COMMAND RIGHT END
TURN 153 RESULT
TIME LEFT 1 5 RIGHT 0 5
TRAIN A43
MOVE A12 123
MOVE A21 119
MOVE A28 202
MOVE A29 202
MOVE A30 202
MOVE A31 202
MOVE A32 202
MOVE A33 202
MOVE A34 202
MOVE A35 202
MOVE A36 202
MOVE A37 202
MOVE A38 202
MOVE A39 89
MOVE A40 202
MOVE A41 202
MOVE A42 202
MOVE B18 217
MOVE B19 217
MOVE B20 217
MOVE B21 217
MOVE B22 217
MOVE B23 217
MOVE B24 121
MOVE B26 241
DAMAGE TURRET B24 1
DAMAGE COMBAT A13 1
DAMAGE COMBAT B24 5
END TURN 153
TURN 154
COMMAND LEFT START
MOVE A43 121
COMMAND LEFT END
COMMAND RIGHT START
COMMAND RIGHT END
TURN 154 RESULT
TIME LEFT 1 5 RIGHT 0 5
MOVE A12 121
MOVE A21 131
MOVE A28 216
MOVE A29 216
MOVE A30 216
MOVE A31 216
MOVE A32 216
MOVE A33 216
MOVE A34 216
MOVE A35 216
MOVE A36 216
MOVE A37 216
MOVE A38 216
MOVE A39 93
MOVE A40 216
MOVE A41 216
MOVE A42 216
MOVE A43 5
MOVE B18 225
MOVE B19 225
MOVE B20 225
MOVE B21 225
MOVE B22 225
MOVE B23 225
MOVE B26 236
END TURN 154
TURN 155
COMMAND LEFT START
MOVE A39 0
TRAIN 1
COMMAND LEFT END
COMMAND RIGHT START
MOVE B25 242
MOVE B26 242
MOVE B9 242
MOVE B12 242
TRAIN 1
COMMAND RIGHT END
TURN 155 RESULT
TIME LEFT 1 5 RIGHT 0 5
TRAIN A44 B27
MOVE A21 140
MOVE A28 237
MOVE A29 237
MOVE A30 237
MOVE A31 237
MOVE A32 237
MOVE A33 237
MOVE A34 237
MOVE A35 237
MOVE A36 237
MOVE A37 237
MOVE A38 237
MOVE A39 89
MOVE A40 237
MOVE A41 237
MOVE A42 237
MOVE A43 26
MOVE B9 218
MOVE B12 218
MOVE B18 230
MOVE B19 230
MOVE B20 230
MOVE B21 230
MOVE B22 230
MOVE B23 230
MOVE B25 241
MOVE B26 241
END TURN 155
TURN 156
COMMAND LEFT START
MOVE A21 180
MOVE A44 121
TRAIN 1
COMMAND LEFT END
COMMAND RIGHT START
COMMAND RIGHT END
TURN 156 RESULT
TIME LEFT 2 5 RIGHT 0 5
TRAIN A45
MOVE A21 152
MOVE A28 242
MOVE A29 242
MOVE A30 242
MOVE A31 242
MOVE A32 242
MOVE A33 242
MOVE A34 242
MOVE A35 242
MOVE A36 242
MOVE A37 242
MOVE A38 242
MOVE A39 77
MOVE A40 242
MOVE A41 242
MOVE A42 242
MOVE A43 40
MOVE A44 5
MOVE B9 227
MOVE B12 227
MOVE B18 236
MOVE B19 236
MOVE B20 236
MOVE B21 236
MOVE B22 236
MOVE B23 236
MOVE B25 242
MOVE B26 242
DAMAGE TURRET A28 2
DAMAGE COMBAT A28 4
DAMAGE COMBAT A29 2
DAMAGE COMBAT B15 6
DAMAGE COMBAT B16 6
DAMAGE COMBAT B17 2
END TURN 156
TURN 157
COMMAND LEFT START
MOVE A45 121
TRAIN 1
COMMAND LEFT END
COMMAND RIGHT START
MOVE B18 242
MOVE B19 242
MOVE B20 242
MOVE B21 242
MOVE B22 242
MOVE B23 242
TRAIN 1
COMMAND RIGHT END
TURN 157 RESULT
TIME LEFT 2 5 RIGHT 0 5
TRAIN A46 B28
MOVE A21 154
MOVE A39 61
MOVE A43 53
MOVE A44 26
MOVE A45 5
MOVE B9 235
MOVE B12 235
MOVE B18 241
MOVE B19 241
MOVE B20 241
MOVE B21 241
MOVE B22 241
MOVE B23 241
DAMAGE TURRET A29 2
DAMAGE COMBAT A29 2
DAMAGE COMBAT A30 3
DAMAGE COMBAT B17 4
DAMAGE COMBAT B25 6
DAMAGE COMBAT B26 3
END TURN 157
TURN 158
COMMAND LEFT START
MOVE A46 121
COMMAND LEFT END
COMMAND RIGHT START
COMMAND RIGHT END
TURN 158 RESULT
TIME LEFT 2 5 RIGHT 0 5
MOVE A21 162
MOVE A39 49
MOVE A43 71
MOVE A44 40
MOVE A45 26
MOVE A46 5
MOVE B9 239
MOVE B12 239
MOVE B18 242
MOVE B19 242
MOVE B20 242
MOVE B21 242
MOVE B22 242
MOVE B23 242
DAMAGE TURRET A30 2
DAMAGE COMBAT A30 1
DAMAGE COMBAT A31 6
DAMAGE COMBAT A32 2
DAMAGE COMBAT B18 6
DAMAGE COMBAT B19 3
DAMAGE COMBAT B26 3
END TURN 158
TURN 159
COMMAND LEFT START
TRAIN 1
COMMAND LEFT END
COMMAND RIGHT START
COMMAND RIGHT END
TURN 159 RESULT
TIME LEFT 2 5 RIGHT 0 5
TRAIN A47
MOVE A21 178
MOVE A39 37
MOVE A43 95
MOVE A44 53
MOVE A45 40
MOVE A46 26
MOVE B9 241
MOVE B12 241
DAMAGE TURRET A32 2
DAMAGE COMBAT A32 2
DAMAGE COMBAT A33 5
DAMAGE COMBAT B19 3
DAMAGE COMBAT B20 6
DAMAGE COMBAT B21 1
END TURN 159
TURN 160
COMMAND LEFT START
MOVE A47 121
TRAIN 1
COMMAND LEFT END
COMMAND RIGHT START
COMMAND RIGHT END
TURN 160 RESULT
TIME LEFT 2 5 RIGHT 0 5
TRAIN A48
MOVE A21 180
MOVE A39 33
MOVE A43 105
MOVE A44 71
MOVE A45 53
MOVE A46 40
MOVE A47 5
MOVE B9 242
MOVE B12 242
DAMAGE TURRET A33 1
DAMAGE TURRET A34 1
DAMAGE COMBAT A34 5
DAMAGE COMBAT A35 2
DAMAGE COMBAT B9 4
DAMAGE COMBAT B21 5
END TURN 160
TURN 161
COMMAND LEFT START
MOVE A21 204
MOVE A48 121
TRAIN 1
COMMAND LEFT END
COMMAND RIGHT START
TRAIN 1
COMMAND RIGHT END
TURN 161 RESULT
TIME LEFT 2 5 RIGHT 0 5
TRAIN A49 B29
MOVE A21 200
MOVE A39 14
MOVE A43 121
MOVE A44 95
MOVE A45 71
MOVE A46 53
MOVE A47 26
MOVE A48 5
DAMAGE TURRET A35 2
DAMAGE COMBAT A35 2
DAMAGE COMBAT A36 5
DAMAGE COMBAT B9 2
DAMAGE COMBAT B12 5
END TURN 161
TURN 162
COMMAND LEFT START
MOVE A49 121
TRAIN 1
COMMAND LEFT END
COMMAND RIGHT START
COMMAND RIGHT END
TURN 162 RESULT
TIME LEFT 2 5 RIGHT 0 5
TRAIN A50
MOVE A21 204
MOVE A39 10
MOVE A44 105
MOVE A45 95
MOVE A46 71
MOVE A47 40
MOVE A48 26
MOVE A49 5
DAMAGE TURRET A36 1
DAMAGE TURRET A37 1
DAMAGE COMBAT A37 5
DAMAGE COMBAT A38 1
DAMAGE COMBAT B12 1
DAMAGE COMBAT B22 5
END TURN 162
TURN 163
COMMAND LEFT START
MOVE A21 201
MOVE A50 121
COMMAND LEFT END
COMMAND RIGHT START
COMMAND RIGHT END
TURN 163 RESULT
TIME LEFT 2 5 RIGHT 0 5
MOVE A21 203
MOVE A39 0
MOVE A44 121
MOVE A45 105
MOVE A46 95
MOVE A47 53
MOVE A48 40
MOVE A49 26
MOVE A50 5
DAMAGE TURRET A38 2
DAMAGE COMBAT A38 3
DAMAGE COMBAT A40 2
DAMAGE COMBAT B22 1
DAMAGE COMBAT B23 3
END TURN 163
TURN 164
COMMAND LEFT START
MOVE A22 236
MOVE A23 236
MOVE A24 236
MOVE A25 236
MOVE A26 236
MOVE A27 236
MOVE A43 236
MOVE A44 236
MOVE A13 236
MOVE A39 121
TRAIN 1
COMMAND LEFT END
COMMAND RIGHT START
COMMAND RIGHT END
TURN 164 RESULT
TIME LEFT 3 5 RIGHT 0 5
TRAIN A51
MOVE A13 141
MOVE A21 201
MOVE A22 141
MOVE A23 141
MOVE A24 141
MOVE A25 141
MOVE A26 141
MOVE A27 141
MOVE A39 5
MOVE A43 141
MOVE A44 141
MOVE A45 121
MOVE A46 105
MOVE A47 71
MOVE A48 53
MOVE A49 40
MOVE A50 26
DAMAGE TURRET A40 2
DAMAGE COMBAT A40 2
DAMAGE COMBAT A41 2
DAMAGE COMBAT B23 3
END TURN 164
TURN 165
COMMAND LEFT START
MOVE A21 187
MOVE A51 121
COMMAND LEFT END
COMMAND RIGHT START
COMMAND RIGHT END
TURN 165 RESULT
TIME LEFT 1 5 RIGHT 0 5
MOVE A13 164
MOVE A21 187
MOVE A22 164
MOVE A23 164
MOVE A24 164
MOVE A25 164
MOVE A26 164
MOVE A27 164
MOVE A39 26
MOVE A43 164
MOVE A44 164
MOVE A46 121
MOVE A47 95
MOVE A48 71
MOVE A49 53
MOVE A50 40
MOVE A51 5
DAMAGE TURRET A41 2
DAMAGE COMBAT A41 2
DAMAGE COMBAT A42 1
DAMAGE COMBAT B27 2
END TURN 165
TURN 166
COMMAND LEFT START
MOVE A21 200
TRAIN 1
COMMAND LEFT END
COMMAND RIGHT START
COMMAND RIGHT END
TURN 166 RESULT
TIME LEFT 5 5 RIGHT 0 5
TRAIN A52
MOVE A13 175
MOVE A21 185
MOVE A22 175
MOVE A23 175
MOVE A24 175
MOVE A25 175
MOVE A26 175
MOVE A27 175
MOVE A39 40
MOVE A43 175
MOVE A44 175
MOVE A47 105
MOVE A48 95
MOVE A49 71
MOVE A50 53
MOVE A51 26
DAMAGE TURRET A42 2
DAMAGE COMBAT A42 3
DAMAGE COMBAT B27 1
END TURN 166
TURN 167
COMMAND LEFT START
MOVE A52 121
TRAIN 1
COMMAND LEFT END
COMMAND RIGHT START
MOVE B27 236
MOVE B28 206
TRAIN 1
COMMAND RIGHT END
TURN 167 RESULT
TIME LEFT 1 5 RIGHT 0 5
TRAIN A53 B30
MOVE A13 192
MOVE A21 182
MOVE A22 192
MOVE A23 192
MOVE A24 192
MOVE A25 192
MOVE A26 192
MOVE A27 192
MOVE A39 53
MOVE A43 192
MOVE A44 192
MOVE A47 121
MOVE A48 105
MOVE A49 95
MOVE A50 71
MOVE A51 40
MOVE A52 5
MOVE B27 241
MOVE B28 241
END TURN 167
TURN 168
COMMAND LEFT START
MOVE A53 121
TRAIN 1
COMMAND LEFT END
COMMAND RIGHT START
MOVE B29 236
TRAIN 1
COMMAND RIGHT END
TURN 168 RESULT
TIME LEFT 1 5 RIGHT 0 5
TRAIN A54 B31
MOVE A13 209
MOVE A21 200
MOVE A22 209
MOVE A23 209
MOVE A24 209
MOVE A25 209
MOVE A26 209
MOVE A27 209
MOVE A39 71
MOVE A43 209
MOVE A44 209
MOVE A48 121
MOVE A49 105
MOVE A50 95
MOVE A51 53
MOVE A52 26
MOVE A53 5
MOVE B27 236
MOVE B28 239
MOVE B29 241
END TURN 168
TURN 169
COMMAND LEFT START
MOVE A21 233
MOVE A54 121
TRAIN 1
COMMAND LEFT END
COMMAND RIGHT START
MOVE B30 206
COMMAND RIGHT END
TURN 169 RESULT
TIME LEFT 3 5 RIGHT 0 5
TRAIN A55
MOVE A13 222
MOVE A21 208
MOVE A22 222
MOVE A23 222
MOVE A24 222
MOVE A25 222
MOVE A26 222
MOVE A27 222
MOVE A39 95
MOVE A43 222
MOVE A44 222
MOVE A49 121
MOVE A50 105
MOVE A51 71
MOVE A52 40
MOVE A53 26
MOVE A54 5
MOVE B28 235
MOVE B29 236
MOVE B30 241
END TURN 169
TURN 170
COMMAND LEFT START
MOVE A55 121
COMMAND LEFT END
COMMAND RIGHT START
MOVE B27 206
COMMAND RIGHT END
TURN 170 RESULT
TIME LEFT 1 5 RIGHT 0 5
MOVE A13 236
MOVE A21 221
MOVE A22 236
MOVE A23 236
MOVE A24 236
MOVE A25 236
MOVE A26 236
MOVE A27 236
MOVE A39 105
MOVE A43 236
MOVE A44 236
MOVE A50 121
MOVE A51 95
MOVE A52 53
MOVE A53 40
MOVE A54 26
MOVE A55 5
MOVE B27 230
MOVE B28 227
MOVE B30 239
DAMAGE TURRET A13 1
DAMAGE COMBAT A13 1
DAMAGE COMBAT B29 6
SIEGE B 236 3
END TURN 170
TURN 171
COMMAND LEFT START
TRAIN 1
COMMAND LEFT END
COMMAND RIGHT START
COMMAND RIGHT END
TURN 171 RESULT
TIME LEFT 2 5 RIGHT 0 5
TRAIN A56
MOVE A21 233
MOVE A39 121
MOVE A51 105
MOVE A52 71
MOVE A53 53
MOVE A54 40
MOVE A55 26
MOVE B27 225
MOVE B28 218
MOVE B30 235
DAMAGE TURRET A13 1
SIEGE B 236 3
END TURN 171
TURN 172
COMMAND LEFT START
MOVE A21 121
MOVE A13 242
MOVE A22 242
MOVE A23 242
MOVE A24 242
MOVE A25 242
MOVE A26 242
MOVE A27 242
MOVE A43 242
MOVE A44 242
MOVE A56 121
COMMAND LEFT END
COMMAND RIGHT START
COMMAND RIGHT END
TURN 172 RESULT
TIME LEFT 3 5 RIGHT 0 5
MOVE A13 241
MOVE A21 223
MOVE A22 241
MOVE A23 241
MOVE A24 241
MOVE A25 241
MOVE A26 241
MOVE A27 241
MOVE A43 241
MOVE A44 241
MOVE A51 121
MOVE A52 95
MOVE A53 71
MOVE A54 53
MOVE A55 40
MOVE A56 5
MOVE B27 217
MOVE B28 206
MOVE B30 227
END TURN 172
TURN 173
COMMAND LEFT START
MOVE A39 140
TRAIN 1
COMMAND LEFT END
COMMAND RIGHT START
COMMAND RIGHT END
TURN 173 RESULT
TIME LEFT 2 5 RIGHT 0 5
TRAIN A57
MOVE A13 242
MOVE A21 201
MOVE A22 242
MOVE A23 242
MOVE A24 242
MOVE A25 242
MOVE A26 242
MOVE A27 242
MOVE A39 119
MOVE A43 242
MOVE A44 242
MOVE A52 105
MOVE A53 95
MOVE A54 71
MOVE A55 53
MOVE A56 26
MOVE B27 218
MOVE B30 218
DAMAGE TURRET A13 2
DAMAGE COMBAT A22 1
DAMAGE COMBAT B31 6
SIEGE B 242 3
END TURN 173
TURN 174
COMMAND LEFT START
MOVE A45 143
MOVE A57 121
TRAIN 1
COMMAND LEFT END
COMMAND RIGHT START
MOVE B28 242
COMMAND RIGHT END
TURN 174 RESULT
TIME LEFT 3 5 RIGHT 0 5
TRAIN A58
MOVE A21 187
MOVE A39 131
MOVE A45 119
MOVE A52 121
MOVE A53 105
MOVE A54 95
MOVE A55 71
MOVE A56 40
MOVE A57 5
MOVE B27 206
MOVE B28 218
MOVE B30 206
DAMAGE TURRET A22 2
SIEGE B 242 8
END TURN 174
TURN 175
COMMAND LEFT START
MOVE A58 121
TRAIN 1
COMMAND LEFT END
COMMAND RIGHT START
MOVE B27 242
MOVE B30 242
TRAIN 1
COMMAND RIGHT END
TURN 175 RESULT
TIME LEFT 1 5 RIGHT 0 5
TRAIN A59 B32
MOVE A21 160
MOVE A39 140
MOVE A45 115
MOVE A53 121
MOVE A54 105
MOVE A55 95
MOVE A56 53
MOVE A57 26
MOVE A58 5
MOVE B27 218
MOVE B28 227
MOVE B30 218
DAMAGE TURRET A22 2
DAMAGE COMBAT A22 1
DAMAGE COMBAT B32 6
SIEGE B 242 2
END TURN 175
TURN 176
COMMAND LEFT START
MOVE A39 126
MOVE A59 121
COMMAND LEFT END
COMMAND RIGHT START
COMMAND RIGHT END
TURN 176 RESULT
TIME LEFT 2 5 RIGHT 0 5
MOVE A21 150
MOVE A39 138
MOVE A45 124
MOVE A54 121
MOVE A55 105
MOVE A56 71
MOVE A57 40
MOVE A58 26
MOVE A59 5
MOVE B27 227
MOVE B28 235
MOVE B30 227
DAMAGE TURRET A23 2
SIEGE B 242 7
END TURN 176
RESULT LEFT_WIN HQ_DESTROYED
