[LEFT ""]
[RIGHT ""]
MAP
209 17
-11199 -10682 -10063 -10478 -9417 -8963 -9300 -9405 -8332 -8174 -8014 -8018 -8981 -8010 -7902 -8214 -7225 -7033 -7074 -7151 -8171 -7087 -6971 -6972 -6861 -6349 -6413 -6189 -7211 -6865 -6218 -5875 -5754 -6016 -5891 -5433 -5364 -5469 -5521 -5418 -5380 -5294 -5361 -5201 -4729 -4721 -4641 -4318 -4509 -4421 -4380 -4246 -4382 -4245 -4084 -3989 -4112 -3491 -3507 -3693 -3408 -3268 -4054 -3330 -2843 -3057 -3007 -2796 -2943 -2654 -3344 -2695 -2550 -2398 -2266 -2041 -2080 -2051 -1804 -1727 -1725 -1822 -1596 -1566 -1664 -1330 -1803 -1355 -1135 -1006 -1177 -969 -680 -651 -578 -678 -489 -546 -766 -433 -372 -40 -140 245 0 -245 140 40 372 433 766 546 489 678 578 651 680 969 1177 1006 1135 1355 1803 1330 1664 1566 1596 1822 1725 1727 1804 2051 2080 2041 2266 2398 2550 2695 3344 2654 2943 2796 3007 3057 2843 3330 4054 3268 3408 3693 3507 3491 4112 3989 4084 4245 4382 4246 4380 4421 4509 4318 4641 4721 4729 5201 5361 5294 5380 5418 5521 5469 5364 5433 5891 6016 5754 5875 6218 6865 7211 6189 6413 6349 6861 6972 6971 7087 8171 7151 7074 7033 7225 8214 7902 8010 8981 8018 8014 8174 8332 9405 9300 8963 9417 10478 10063 10682 11199
-31 3224 -1648 -3598 1724 137 -4597 5007 976 -705 -2960 -1980 -6348 2723 -4552 5879 1461 -1053 4535 222 7281 -4168 3114 -5929 -6910 5676 -2267 -3469 -8512 8597 -4920 871 -300 1899 3517 5638 -4158 -5734 -9088 4532 6982 2565 -1806 9304 1584 6318 -6505 -5160 -2493 3870 2900 -7536 -1009 -3818 4951 7199 344 6178 -2008 8446 2033 3341 -9176 -6600 827 -3180 -984 -5513 -10598 -7843 10072 5036 -4401 7781 3955 -465 -1940 6757 -6681 -3313 5849 2956 -8370 8706 1677 4642 10859 -4763 7801 -2258 428 -1076 2799 6814 -6600 -5512 -3095 8783 -9205 5343 -7876 -4072 1480 11019 0 -11019 -1480 4072 7876 -5343 9205 -8783 3095 5512 6600 -6814 -2799 1076 -428 2258 -7801 4763 -10859 -4642 -1677 -8706 8370 -2956 -5849 3313 6681 -6757 1940 465 -3955 -7781 4401 -5036 -10072 7843 10598 5513 984 3180 -827 6600 9176 -3341 -2033 -8446 2008 -6178 -344 -7199 -4951 3818 1009 7536 -2900 -3870 2493 5160 6505 -6318 -1584 -9304 1806 -2565 -6982 -4532 9088 5734 4158 -5638 -3517 -1899 300 -871 4920 -8597 8512 3469 2267 -5676 6910 5929 -3114 4168 -7281 -222 -4535 1053 -1461 -5879 4552 -2723 6348 1980 2960 705 -976 -5007 4597 -137 -1724 3598 1648 -3224 31
STRONGHOLDS 20 26 52 69 72 80 86 100 104 108 122 128 136 139 156 182 188
5 1 2 3 4 5
4 0 4 7 13
6 0 3 5 9 10 11
4 0 2 6 10
5 0 1 5 8 13
5 0 2 4 8 9
4 3 10 12 14
5 1 13 15 18 20
6 4 5 9 13 16 19
6 2 5 8 11 17 19
8 2 3 6 11 14 21 26 27
5 2 9 10 17 26
5 6 14 23 24 28
7 1 4 7 8 16 18 22
5 6 10 12 21 23
4 7 18 20 25
6 8 13 19 22 31 33
6 9 11 19 26 32 42
7 7 13 15 22 25 34 39
6 8 9 16 17 31 32
5 7 15 25 29 40
5 10 14 23 27 30
5 13 16 18 33 34
6 12 14 21 24 30 37
7 12 23 28 37 38 46 51
6 15 18 20 35 39 40
5 10 11 17 27 42
7 10 21 26 30 36 42 48
3 12 24 38
3 20 40 43
5 21 23 27 36 37
6 16 19 32 33 44 56
6 17 19 31 42 52 56
6 16 22 31 34 41 44
6 18 22 33 39 41 49
5 25 39 40 45 54
6 27 30 37 47 48 53
6 23 24 30 36 46 47
5 24 28 51 62 68
6 18 25 34 35 49 54
8 20 25 29 35 43 45 55 59
5 33 34 44 49 50
6 17 26 27 32 48 52
4 29 40 59 70
6 31 33 41 50 56 60
5 35 40 54 55 57
5 24 37 47 51 63
7 36 37 46 53 63 67 72
7 27 36 42 52 53 58 65
6 34 39 41 50 54 61
5 41 44 49 60 61
6 24 38 46 62 63 69
6 32 42 48 56 58 66
5 36 47 48 65 72
7 35 39 45 49 57 61 71
5 40 45 57 59 73
7 31 32 44 52 60 64 66
7 45 54 55 71 73 77 80
5 48 52 65 66 76
6 40 43 55 70 73 83
7 44 50 56 61 64 81 84
7 49 50 54 60 71 74 81
5 38 51 68 69 82
6 46 47 51 67 69 78
6 56 60 66 75 84 90
6 48 53 58 72 76 79
6 52 56 58 64 75 76
5 47 63 72 78 87
5 38 62 82 98 105
5 51 62 63 78 82
4 43 59 83 86
6 54 57 61 74 80 85
6 47 53 65 67 79 87
6 55 57 59 77 83 88
4 61 71 81 85
5 64 66 76 90 91
7 58 65 66 75 79 89 91
5 57 73 80 88 93
8 63 67 69 82 87 94 95 100
6 65 72 76 87 89 96
6 57 71 77 85 93 99
6 60 61 74 84 85 92
6 62 68 69 78 98 100
6 59 70 73 86 88 97
6 60 64 81 90 92 102
7 71 74 80 81 92 99 107
4 70 83 97 103
7 67 72 78 79 95 96 101
6 73 77 83 93 97 108
5 76 79 91 96 106
6 64 75 84 91 102 104
6 75 76 89 90 104 106
6 81 84 85 102 107 112
6 77 80 88 99 108 114
5 78 95 100 109 115
5 78 87 94 101 109
6 79 87 89 101 106 116
6 83 86 88 103 108 110
5 68 82 100 105 111
6 80 85 93 107 113 114
7 78 82 94 98 111 115 120
6 87 95 96 109 116 123
7 84 90 92 104 112 117 119
4 86 97 110 140
6 90 91 102 106 117 118
4 68 98 111 122
7 89 91 96 104 116 118 124
6 85 92 99 112 113 121
7 88 93 97 110 114 126 130
6 94 95 101 115 123 128
5 97 103 108 126 140
6 98 100 105 120 122 125
6 92 102 107 119 121 129
5 99 107 114 121 130
5 93 99 108 113 130
6 94 100 109 120 128 131
6 96 101 106 123 124 127
6 102 104 118 119 132 133
6 104 106 117 124 133 144
5 102 112 117 129 132
6 100 111 115 125 131 135
7 107 112 113 129 130 136 141
4 105 111 125 138
7 101 109 116 127 128 134 137
6 106 116 118 127 144 148
6 111 120 122 135 138 149
6 108 110 130 139 140 146
6 116 123 124 134 147 148
6 109 115 123 131 137 151
6 112 119 121 132 136 143
8 108 113 114 121 126 139 141 145
5 115 120 128 135 151
7 117 119 129 133 142 143 150
5 117 118 132 142 144
4 123 127 137 147
6 120 125 131 149 151 153
6 121 129 141 143 155 161
6 123 128 134 147 151 154
4 122 125 149 165
5 126 130 145 146 157
5 103 110 126 146 170
5 121 130 136 145 161
6 132 133 144 150 152 156
6 129 132 136 150 155 160
6 118 124 133 142 148 152
6 130 139 141 157 161 162
5 126 139 140 157 170
7 127 134 137 148 154 158 159
7 124 127 144 147 152 158 164
6 125 135 138 153 165 168
5 132 142 143 156 160
7 128 131 135 137 153 154 163
7 142 144 148 156 164 176 177
5 135 149 151 163 168
7 137 147 151 159 163 169 173
5 136 143 160 161 172
6 142 150 152 160 166 176
6 139 145 146 162 170 184
5 147 148 159 164 167
6 147 154 158 167 169 174
7 143 150 155 156 166 172 181
7 136 141 145 155 162 171 172
5 145 157 161 171 184
5 151 153 154 168 173
6 148 152 158 167 175 177
4 138 149 168 179
6 156 160 176 181 182 191
5 158 159 164 174 175
8 149 153 163 165 173 179 183 188
6 154 159 173 174 183 190
5 140 146 157 180 184
6 161 162 172 178 184 185
6 155 160 161 171 178 181
5 154 163 168 169 183
6 159 167 169 175 186 190
6 164 167 174 177 186 192
6 152 156 166 177 189 191
6 152 164 175 176 189 192
5 171 172 181 185 187
3 165 168 188
3 170 184 196
7 160 166 172 178 182 187 198
5 166 181 191 197 198
6 168 169 173 188 190 193
7 157 162 170 171 180 185 196
6 171 178 184 187 194 196
5 174 175 190 192 195
5 178 181 185 194 198
5 168 179 183 193 201
6 176 177 191 192 199 200
7 169 174 183 186 193 195 201
6 166 176 182 189 197 199
6 175 177 186 189 195 200
4 183 188 190 201
5 185 187 196 198 202
7 186 190 192 200 201 204 207
5 180 184 185 194 202
5 182 191 198 199 206
8 181 182 187 194 197 202 205 206
6 189 191 197 200 203 206
6 189 192 195 199 203 204
5 188 190 193 195 207
4 194 196 198 205
5 199 200 204 206 208
5 195 200 203 207 208
4 198 202 206 208
6 197 198 199 203 205 208
4 195 201 204 208
5 203 204 205 206 207
END MAP
TURN 1
COMMAND LEFT START
MOVE A3 104
MOVE A1 104
UPGRADE 0
TRAIN 1
COMMAND LEFT END
COMMAND RIGHT START
MOVE B1 182
MOVE B2 104
COMMAND RIGHT END
TURN 1 RESULT
TIME LEFT 32 5 RIGHT 6 5
UPGRADE A 0
TRAIN A4
MOVE A1 5
MOVE A3 5
MOVE B1 206
MOVE B2 203
END TURN 1
TURN 2
COMMAND LEFT START
COMMAND LEFT END
COMMAND RIGHT START
COMMAND RIGHT END
TURN 2 RESULT
TIME LEFT 0 5 RIGHT 0 5
MOVE A1 8
MOVE A3 8
MOVE B1 197
MOVE B2 200
END TURN 2
TURN 3
COMMAND LEFT START
COMMAND LEFT END
COMMAND RIGHT START
COMMAND RIGHT END
TURN 3 RESULT
TIME LEFT 0 5 RIGHT 0 5
MOVE A1 16
MOVE A3 16
MOVE B1 182
MOVE B2 192
END TURN 3
TURN 4
COMMAND LEFT START
COMMAND LEFT END
COMMAND RIGHT START
UPGRADE 182
COMMAND RIGHT END
TURN 4 RESULT
TIME LEFT 0 5 RIGHT 0 5
UPGRADE B 182
MOVE A1 31
MOVE A3 31
MOVE B2 177
END TURN 4
TURN 5
COMMAND LEFT START
COMMAND LEFT END
COMMAND RIGHT START
COMMAND RIGHT END
TURN 5 RESULT
TIME LEFT 0 5 RIGHT 0 5
MOVE A1 56
MOVE A3 56
MOVE B2 152
END TURN 5
TURN 6
COMMAND LEFT START
COMMAND LEFT END
COMMAND RIGHT START
COMMAND RIGHT END
TURN 6 RESULT
TIME LEFT 0 5 RIGHT 0 5
MOVE A1 64
MOVE A3 64
MOVE B2 144
END TURN 6
TURN 7
COMMAND LEFT START
COMMAND LEFT END
COMMAND RIGHT START
COMMAND RIGHT END
TURN 7 RESULT
TIME LEFT 0 5 RIGHT 0 5
MOVE A1 90
MOVE A3 90
MOVE B2 118
END TURN 7
TURN 8
COMMAND LEFT START
COMMAND LEFT END
COMMAND RIGHT START
COMMAND RIGHT END
TURN 8 RESULT
TIME LEFT 0 5 RIGHT 0 5
MOVE A1 104
MOVE A3 104
MOVE B2 104
DAMAGE COMBAT A1 1
DAMAGE COMBAT B2 2
END TURN 8
TURN 9
COMMAND LEFT START
COMMAND LEFT END
COMMAND RIGHT START
COMMAND RIGHT END
TURN 9 RESULT
TIME LEFT 0 5 RIGHT 0 5
DAMAGE COMBAT A1 1
DAMAGE COMBAT B2 2
END TURN 9
TURN 10
COMMAND LEFT START
COMMAND LEFT END
COMMAND RIGHT START
MOVE B3 104
TRAIN 1
COMMAND RIGHT END
TURN 10 RESULT
TIME LEFT 0 5 RIGHT 0 5
TRAIN B4
MOVE B3 203
END TURN 10
TURN 11
COMMAND LEFT START
COMMAND LEFT END
COMMAND RIGHT START
COMMAND RIGHT END
TURN 11 RESULT
TIME LEFT 0 5 RIGHT 0 5
MOVE B3 200
END TURN 11
TURN 12
COMMAND LEFT START
COMMAND LEFT END
COMMAND RIGHT START
COMMAND RIGHT END
TURN 12 RESULT
TIME LEFT 0 5 RIGHT 0 5
MOVE B3 192
END TURN 12
TURN 13
COMMAND LEFT START
COMMAND LEFT END
COMMAND RIGHT START
COMMAND RIGHT END
TURN 13 RESULT
TIME LEFT 0 5 RIGHT 0 5
MOVE B3 177
END TURN 13
TURN 14
COMMAND LEFT START
COMMAND LEFT END
COMMAND RIGHT START
COMMAND RIGHT END
TURN 14 RESULT
TIME LEFT 0 5 RIGHT 0 5
MOVE B3 152
END TURN 14
TURN 15
COMMAND LEFT START
COMMAND LEFT END
COMMAND RIGHT START
COMMAND RIGHT END
TURN 15 RESULT
TIME LEFT 0 5 RIGHT 0 5
MOVE B3 144
END TURN 15
TURN 16
COMMAND LEFT START
COMMAND LEFT END
COMMAND RIGHT START
COMMAND RIGHT END
TURN 16 RESULT
TIME LEFT 0 5 RIGHT 0 5
MOVE B3 118
END TURN 16
TURN 17
COMMAND LEFT START
COMMAND LEFT END
COMMAND RIGHT START
COMMAND RIGHT END
TURN 17 RESULT
TIME LEFT 0 5 RIGHT 0 5
MOVE B3 104
DAMAGE COMBAT A1 1
DAMAGE COMBAT B3 2
END TURN 17
TURN 18
COMMAND LEFT START
COMMAND LEFT END
COMMAND RIGHT START
COMMAND RIGHT END
TURN 18 RESULT
TIME LEFT 0 5 RIGHT 0 5
DAMAGE COMBAT A1 1
DAMAGE COMBAT B3 2
END TURN 18
TURN 19
COMMAND LEFT START
COMMAND LEFT END
COMMAND RIGHT START
TRAIN 1
COMMAND RIGHT END
TURN 19 RESULT
TIME LEFT 0 5 RIGHT 0 5
TRAIN B5
END TURN 19
TURN 20
COMMAND LEFT START
COMMAND LEFT END
COMMAND RIGHT START
MOVE B4 156
COMMAND RIGHT END
TURN 20 RESULT
TIME LEFT 0 5 RIGHT 0 5
MOVE B4 203
END TURN 20
TURN 21
COMMAND LEFT START
COMMAND LEFT END
COMMAND RIGHT START
COMMAND RIGHT END
TURN 21 RESULT
TIME LEFT 0 5 RIGHT 0 5
MOVE B4 199
END TURN 21
TURN 22
COMMAND LEFT START
COMMAND LEFT END
COMMAND RIGHT START
COMMAND RIGHT END
TURN 22 RESULT
TIME LEFT 0 5 RIGHT 0 5
MOVE B4 191
END TURN 22
TURN 23
COMMAND LEFT START
UPGRADE 104
COMMAND LEFT END
COMMAND RIGHT START
COMMAND RIGHT END
TURN 23 RESULT
TIME LEFT 0 5 RIGHT 0 5
UPGRADE A 104
MOVE B4 176
END TURN 23
TURN 24
COMMAND LEFT START
COMMAND LEFT END
COMMAND RIGHT START
COMMAND RIGHT END
TURN 24 RESULT
TIME LEFT 0 5 RIGHT 0 5
MOVE B4 156
END TURN 24
TURN 25
COMMAND LEFT START
COMMAND LEFT END
COMMAND RIGHT START
UPGRADE 156
COMMAND RIGHT END
TURN 25 RESULT
TIME LEFT 0 5 RIGHT 0 5
UPGRADE B 156
END TURN 25
TURN 26
COMMAND LEFT START
COMMAND LEFT END
COMMAND RIGHT START
COMMAND RIGHT END
TURN 26 RESULT
TIME LEFT 0 5 RIGHT 0 5
END TURN 26
TURN 27
COMMAND LEFT START
MOVE A2 26
TRAIN 1
COMMAND LEFT END
COMMAND RIGHT START
COMMAND RIGHT END
TURN 27 RESULT
TIME LEFT 0 5 RIGHT 0 5
TRAIN A5
MOVE A2 2
END TURN 27
TURN 28
COMMAND LEFT START
COMMAND LEFT END
COMMAND RIGHT START
TRAIN 1
COMMAND RIGHT END
TURN 28 RESULT
TIME LEFT 0 5 RIGHT 0 5
TRAIN B6
MOVE A2 11
END TURN 28
TURN 29
COMMAND LEFT START
COMMAND LEFT END
COMMAND RIGHT START
COMMAND RIGHT END
TURN 29 RESULT
TIME LEFT 0 5 RIGHT 0 5
MOVE A2 26
END TURN 29
TURN 30
COMMAND LEFT START
COMMAND LEFT END
COMMAND RIGHT START
COMMAND RIGHT END
TURN 30 RESULT
TIME LEFT 0 5 RIGHT 0 5
END TURN 30
TURN 31
COMMAND LEFT START
COMMAND LEFT END
COMMAND RIGHT START
COMMAND RIGHT END
TURN 31 RESULT
TIME LEFT 0 5 RIGHT 0 5
END TURN 31
TURN 32
COMMAND LEFT START
COMMAND LEFT END
COMMAND RIGHT START
COMMAND RIGHT END
TURN 32 RESULT
TIME LEFT 0 5 RIGHT 0 5
END TURN 32
TURN 33
COMMAND LEFT START
COMMAND LEFT END
COMMAND RIGHT START
COMMAND RIGHT END
TURN 33 RESULT
TIME LEFT 0 5 RIGHT 0 5
END TURN 33
TURN 34
COMMAND LEFT START
COMMAND LEFT END
COMMAND RIGHT START
COMMAND RIGHT END
TURN 34 RESULT
TIME LEFT 0 5 RIGHT 0 5
END TURN 34
TURN 35
COMMAND LEFT START
COMMAND LEFT END
COMMAND RIGHT START
COMMAND RIGHT END
TURN 35 RESULT
TIME LEFT 0 5 RIGHT 0 5
END TURN 35
TURN 36
COMMAND LEFT START
COMMAND LEFT END
COMMAND RIGHT START
COMMAND RIGHT END
TURN 36 RESULT
TIME LEFT 0 5 RIGHT 0 5
END TURN 36
TURN 37
COMMAND LEFT START
COMMAND LEFT END
COMMAND RIGHT START
COMMAND RIGHT END
TURN 37 RESULT
TIME LEFT 0 5 RIGHT 0 5
END TURN 37
TURN 38
COMMAND LEFT START
COMMAND LEFT END
COMMAND RIGHT START
COMMAND RIGHT END
TURN 38 RESULT
TIME LEFT 0 5 RIGHT 0 5
END TURN 38
TURN 39
COMMAND LEFT START
COMMAND LEFT END
COMMAND RIGHT START
MOVE B6 188
COMMAND RIGHT END
TURN 39 RESULT
TIME LEFT 0 5 RIGHT 0 5
MOVE B6 207
END TURN 39
TURN 40
COMMAND LEFT START
UPGRADE 26
COMMAND LEFT END
COMMAND RIGHT START
COMMAND RIGHT END
TURN 40 RESULT
TIME LEFT 0 5 RIGHT 0 5
UPGRADE A 26
MOVE B6 201
END TURN 40
TURN 41
COMMAND LEFT START
COMMAND LEFT END
COMMAND RIGHT START
COMMAND RIGHT END
TURN 41 RESULT
TIME LEFT 0 5 RIGHT 0 5
MOVE B6 188
END TURN 41
TURN 42
COMMAND LEFT START
COMMAND LEFT END
COMMAND RIGHT START
UPGRADE 188
COMMAND RIGHT END
TURN 42 RESULT
TIME LEFT 0 5 RIGHT 0 5
UPGRADE B 188
END TURN 42
TURN 43
COMMAND LEFT START
TRAIN 1
COMMAND LEFT END
COMMAND RIGHT START
COMMAND RIGHT END
TURN 43 RESULT
TIME LEFT 0 5 RIGHT 0 5
TRAIN A6
END TURN 43
TURN 44
COMMAND LEFT START
COMMAND LEFT END
COMMAND RIGHT START
COMMAND RIGHT END
TURN 44 RESULT
TIME LEFT 0 5 RIGHT 0 5
END TURN 44
TURN 45
COMMAND LEFT START
COMMAND LEFT END
COMMAND RIGHT START
TRAIN 1
COMMAND RIGHT END
TURN 45 RESULT
TIME LEFT 0 5 RIGHT 0 5
TRAIN B7
END TURN 45
TURN 46
COMMAND LEFT START
COMMAND LEFT END
COMMAND RIGHT START
COMMAND RIGHT END
TURN 46 RESULT
TIME LEFT 1 5 RIGHT 1 5
END TURN 46
TURN 47
COMMAND LEFT START
COMMAND LEFT END
COMMAND RIGHT START
COMMAND RIGHT END
TURN 47 RESULT
TIME LEFT 0 5 RIGHT 0 5
END TURN 47
TURN 48
COMMAND LEFT START
MOVE A6 52
COMMAND LEFT END
COMMAND RIGHT START
COMMAND RIGHT END
TURN 48 RESULT
TIME LEFT 0 5 RIGHT 0 5
MOVE A6 5
END TURN 48
TURN 49
COMMAND LEFT START
COMMAND LEFT END
COMMAND RIGHT START
COMMAND RIGHT END
TURN 49 RESULT
TIME LEFT 0 5 RIGHT 0 5
MOVE A6 9
END TURN 49
TURN 50
COMMAND LEFT START
COMMAND LEFT END
COMMAND RIGHT START
COMMAND RIGHT END
TURN 50 RESULT
TIME LEFT 0 5 RIGHT 0 5
MOVE A6 17
END TURN 50
TURN 51
COMMAND LEFT START
COMMAND LEFT END
COMMAND RIGHT START
COMMAND RIGHT END
TURN 51 RESULT
TIME LEFT 0 5 RIGHT 0 5
MOVE A6 32
END TURN 51
TURN 52
COMMAND LEFT START
COMMAND LEFT END
COMMAND RIGHT START
COMMAND RIGHT END
TURN 52 RESULT
TIME LEFT 0 5 RIGHT 0 5
MOVE A6 52
END TURN 52
TURN 53
COMMAND LEFT START
UPGRADE 52
COMMAND LEFT END
COMMAND RIGHT START
COMMAND RIGHT END
TURN 53 RESULT
TIME LEFT 0 5 RIGHT 0 5
UPGRADE A 52
END TURN 53
TURN 54
COMMAND LEFT START
COMMAND LEFT END
COMMAND RIGHT START
COMMAND RIGHT END
TURN 54 RESULT
TIME LEFT 0 5 RIGHT 0 5
END TURN 54
TURN 55
COMMAND LEFT START
COMMAND LEFT END
COMMAND RIGHT START
COMMAND RIGHT END
TURN 55 RESULT
TIME LEFT 0 5 RIGHT 0 5
END TURN 55
TURN 56
COMMAND LEFT START
MOVE A4 72
TRAIN 1
COMMAND LEFT END
COMMAND RIGHT START
COMMAND RIGHT END
TURN 56 RESULT
TIME LEFT 0 5 RIGHT 0 5
TRAIN A7
MOVE A4 2
END TURN 56
TURN 57
COMMAND LEFT START
COMMAND LEFT END
COMMAND RIGHT START
UPGRADE 208
COMMAND RIGHT END
TURN 57 RESULT
TIME LEFT 0 5 RIGHT 0 5
UPGRADE B 208
MOVE A4 10
END TURN 57
TURN 58
COMMAND LEFT START
COMMAND LEFT END
COMMAND RIGHT START
COMMAND RIGHT END
TURN 58 RESULT
TIME LEFT 0 5 RIGHT 0 5
MOVE A4 27
END TURN 58
TURN 59
COMMAND LEFT START
COMMAND LEFT END
COMMAND RIGHT START
COMMAND RIGHT END
TURN 59 RESULT
TIME LEFT 0 5 RIGHT 0 5
MOVE A4 36
END TURN 59
TURN 60
COMMAND LEFT START
COMMAND LEFT END
COMMAND RIGHT START
COMMAND RIGHT END
TURN 60 RESULT
TIME LEFT 0 5 RIGHT 0 5
MOVE A4 53
END TURN 60
TURN 61
COMMAND LEFT START
COMMAND LEFT END
COMMAND RIGHT START
COMMAND RIGHT END
TURN 61 RESULT
TIME LEFT 0 5 RIGHT 0 5
MOVE A4 72
END TURN 61
TURN 62
COMMAND LEFT START
COMMAND LEFT END
COMMAND RIGHT START
COMMAND RIGHT END
TURN 62 RESULT
TIME LEFT 0 5 RIGHT 0 5
END TURN 62
TURN 63
COMMAND LEFT START
UPGRADE 72
COMMAND LEFT END
COMMAND RIGHT START
COMMAND RIGHT END
TURN 63 RESULT
TIME LEFT 0 5 RIGHT 0 5
UPGRADE A 72
END TURN 63
TURN 64
COMMAND LEFT START
COMMAND LEFT END
COMMAND RIGHT START
COMMAND RIGHT END
TURN 64 RESULT
TIME LEFT 0 5 RIGHT 0 5
END TURN 64
TURN 65
COMMAND LEFT START
MOVE A5 80
TRAIN 1
COMMAND LEFT END
COMMAND RIGHT START
UPGRADE 188
COMMAND RIGHT END
TURN 65 RESULT
TIME LEFT 0 5 RIGHT 0 5
UPGRADE B 188
TRAIN A8
MOVE A5 4
END TURN 65
TURN 66
COMMAND LEFT START
COMMAND LEFT END
COMMAND RIGHT START
COMMAND RIGHT END
TURN 66 RESULT
TIME LEFT 0 5 RIGHT 0 5
MOVE A5 13
END TURN 66
TURN 67
COMMAND LEFT START
COMMAND LEFT END
COMMAND RIGHT START
TRAIN 1
COMMAND RIGHT END
TURN 67 RESULT
TIME LEFT 0 5 RIGHT 0 5
TRAIN B8
MOVE A5 22
END TURN 67
TURN 68
COMMAND LEFT START
COMMAND LEFT END
COMMAND RIGHT START
MOVE B5 188
COMMAND RIGHT END
TURN 68 RESULT
TIME LEFT 0 5 RIGHT 0 5
MOVE A5 34
MOVE B5 207
END TURN 68
TURN 69
COMMAND LEFT START
COMMAND LEFT END
COMMAND RIGHT START
COMMAND RIGHT END
TURN 69 RESULT
TIME LEFT 0 5 RIGHT 0 5
MOVE A5 39
MOVE B5 201
END TURN 69
TURN 70
COMMAND LEFT START
COMMAND LEFT END
COMMAND RIGHT START
COMMAND RIGHT END
TURN 70 RESULT
TIME LEFT 0 5 RIGHT 0 5
MOVE A5 54
MOVE B5 188
END TURN 70
TURN 71
COMMAND LEFT START
COMMAND LEFT END
COMMAND RIGHT START
COMMAND RIGHT END
TURN 71 RESULT
TIME LEFT 0 5 RIGHT 0 5
MOVE A5 71
END TURN 71
TURN 72
COMMAND LEFT START
COMMAND LEFT END
COMMAND RIGHT START
COMMAND RIGHT END
TURN 72 RESULT
TIME LEFT 0 5 RIGHT 0 5
MOVE A5 80
END TURN 72
TURN 73
COMMAND LEFT START
UPGRADE 80
COMMAND LEFT END
COMMAND RIGHT START
COMMAND RIGHT END
TURN 73 RESULT
TIME LEFT 0 5 RIGHT 0 5
UPGRADE A 80
END TURN 73
TURN 74
COMMAND LEFT START
COMMAND LEFT END
COMMAND RIGHT START
COMMAND RIGHT END
TURN 74 RESULT
TIME LEFT 0 5 RIGHT 0 5
END TURN 74
TURN 75
COMMAND LEFT START
MOVE A7 20
TRAIN 1
COMMAND LEFT END
COMMAND RIGHT START
UPGRADE 182
COMMAND RIGHT END
TURN 75 RESULT
TIME LEFT 0 5 RIGHT 0 5
UPGRADE B 182
TRAIN A9
MOVE A7 1
END TURN 75
TURN 76
COMMAND LEFT START
COMMAND LEFT END
COMMAND RIGHT START
TRAIN 1
COMMAND RIGHT END
TURN 76 RESULT
TIME LEFT 0 5 RIGHT 0 5
TRAIN B9
MOVE A7 7
END TURN 76
TURN 77
COMMAND LEFT START
COMMAND LEFT END
COMMAND RIGHT START
MOVE B7 182
COMMAND RIGHT END
TURN 77 RESULT
TIME LEFT 0 5 RIGHT 0 5
MOVE A7 20
MOVE B7 206
END TURN 77
TURN 78
COMMAND LEFT START
COMMAND LEFT END
COMMAND RIGHT START
COMMAND RIGHT END
TURN 78 RESULT
TIME LEFT 0 5 RIGHT 0 5
MOVE B7 197
END TURN 78
TURN 79
COMMAND LEFT START
UPGRADE 20
COMMAND LEFT END
COMMAND RIGHT START
COMMAND RIGHT END
TURN 79 RESULT
TIME LEFT 0 5 RIGHT 0 5
UPGRADE A 20
MOVE B7 182
END TURN 79
TURN 80
COMMAND LEFT START
MOVE A8 69
TRAIN 1
COMMAND LEFT END
COMMAND RIGHT START
COMMAND RIGHT END
TURN 80 RESULT
TIME LEFT 0 5 RIGHT 0 5
TRAIN A10
MOVE A8 2
END TURN 80
TURN 81
COMMAND LEFT START
COMMAND LEFT END
COMMAND RIGHT START
COMMAND RIGHT END
TURN 81 RESULT
TIME LEFT 0 5 RIGHT 0 5
MOVE A8 10
END TURN 81
TURN 82
COMMAND LEFT START
COMMAND LEFT END
COMMAND RIGHT START
COMMAND RIGHT END
TURN 82 RESULT
TIME LEFT 0 5 RIGHT 0 5
MOVE A8 27
END TURN 82
TURN 83
COMMAND LEFT START
COMMAND LEFT END
COMMAND RIGHT START
COMMAND RIGHT END
TURN 83 RESULT
TIME LEFT 0 5 RIGHT 0 5
MOVE A8 36
END TURN 83
TURN 84
COMMAND LEFT START
COMMAND LEFT END
COMMAND RIGHT START
COMMAND RIGHT END
TURN 84 RESULT
TIME LEFT 0 5 RIGHT 0 5
MOVE A8 47
END TURN 84
TURN 85
COMMAND LEFT START
COMMAND LEFT END
COMMAND RIGHT START
COMMAND RIGHT END
TURN 85 RESULT
TIME LEFT 0 5 RIGHT 0 5
MOVE A8 63
END TURN 85
TURN 86
COMMAND LEFT START
COMMAND LEFT END
COMMAND RIGHT START
COMMAND RIGHT END
TURN 86 RESULT
TIME LEFT 0 5 RIGHT 0 5
MOVE A8 69
END TURN 86
TURN 87
COMMAND LEFT START
UPGRADE 69
COMMAND LEFT END
COMMAND RIGHT START
COMMAND RIGHT END
TURN 87 RESULT
TIME LEFT 0 5 RIGHT 0 5
UPGRADE A 69
END TURN 87
TURN 88
COMMAND LEFT START
MOVE A9 104
TRAIN 1
COMMAND LEFT END
COMMAND RIGHT START
UPGRADE 208
COMMAND RIGHT END
TURN 88 RESULT
TIME LEFT 0 5 RIGHT 0 5
UPGRADE B 208
TRAIN A11
MOVE A9 5
END TURN 88
TURN 89
COMMAND LEFT START
MOVE A10 104
TRAIN 1
COMMAND LEFT END
COMMAND RIGHT START
TRAIN 1
COMMAND RIGHT END
TURN 89 RESULT
TIME LEFT 0 5 RIGHT 0 5
TRAIN A12 B10
MOVE A9 8
MOVE A10 5
END TURN 89
TURN 90
COMMAND LEFT START
MOVE A11 104
TRAIN 1
COMMAND LEFT END
COMMAND RIGHT START
COMMAND RIGHT END
TURN 90 RESULT
TIME LEFT 0 5 RIGHT 0 5
TRAIN A13
MOVE A9 16
MOVE A10 8
MOVE A11 5
END TURN 90
TURN 91
COMMAND LEFT START
MOVE A12 104
TRAIN 1
COMMAND LEFT END
COMMAND RIGHT START
COMMAND RIGHT END
TURN 91 RESULT
TIME LEFT 0 5 RIGHT 0 5
TRAIN A14
MOVE A9 31
MOVE A10 16
MOVE A11 8
MOVE A12 5
END TURN 91
TURN 92
COMMAND LEFT START
MOVE A13 104
TRAIN 1
COMMAND LEFT END
COMMAND RIGHT START
COMMAND RIGHT END
TURN 92 RESULT
TIME LEFT 0 5 RIGHT 0 5
TRAIN A15
MOVE A9 56
MOVE A10 31
MOVE A11 16
MOVE A12 8
MOVE A13 5
END TURN 92
TURN 93
COMMAND LEFT START
COMMAND LEFT END
COMMAND RIGHT START
COMMAND RIGHT END
TURN 93 RESULT
TIME LEFT 0 5 RIGHT 0 5
MOVE A9 64
MOVE A10 56
MOVE A11 31
MOVE A12 16
MOVE A13 8
END TURN 93
TURN 94
COMMAND LEFT START
COMMAND LEFT END
COMMAND RIGHT START
UPGRADE 156
COMMAND RIGHT END
TURN 94 RESULT
TIME LEFT 0 5 RIGHT 0 5
UPGRADE B 156
MOVE A9 90
MOVE A10 64
MOVE A11 56
MOVE A12 31
MOVE A13 16
END TURN 94
TURN 95
COMMAND LEFT START
COMMAND LEFT END
COMMAND RIGHT START
COMMAND RIGHT END
TURN 95 RESULT
TIME LEFT 0 5 RIGHT 0 5
MOVE A9 104
MOVE A10 90
MOVE A11 64
MOVE A12 56
MOVE A13 31
END TURN 95
TURN 96
COMMAND LEFT START
COMMAND LEFT END
COMMAND RIGHT START
TRAIN 1
COMMAND RIGHT END
TURN 96 RESULT
TIME LEFT 0 5 RIGHT 0 5
TRAIN B11
MOVE A10 104
MOVE A11 90
MOVE A12 64
MOVE A13 56
END TURN 96
TURN 97
COMMAND LEFT START
COMMAND LEFT END
COMMAND RIGHT START
MOVE B8 156
COMMAND RIGHT END
TURN 97 RESULT
TIME LEFT 4 5 RIGHT 4 5
MOVE A11 104
MOVE A12 90
MOVE A13 64
MOVE B8 203
END TURN 97
TURN 98
COMMAND LEFT START
COMMAND LEFT END
COMMAND RIGHT START
COMMAND RIGHT END
TURN 98 RESULT
TIME LEFT 0 5 RIGHT 0 5
MOVE A12 104
MOVE A13 90
MOVE B8 199
END TURN 98
TURN 99
COMMAND LEFT START
COMMAND LEFT END
COMMAND RIGHT START
COMMAND RIGHT END
TURN 99 RESULT
TIME LEFT 0 5 RIGHT 0 5
MOVE A13 104
MOVE B8 191
END TURN 99
TURN 100
COMMAND LEFT START
MOVE A14 100
TRAIN 1
COMMAND LEFT END
COMMAND RIGHT START
COMMAND RIGHT END
TURN 100 RESULT
TIME LEFT 0 5 RIGHT 0 5
TRAIN A16
MOVE A14 2
MOVE B8 176
END TURN 100
TURN 101
COMMAND LEFT START
COMMAND LEFT END
COMMAND RIGHT START
COMMAND RIGHT END
TURN 101 RESULT
TIME LEFT 0 5 RIGHT 0 5
MOVE A14 10
MOVE B8 156
END TURN 101
TURN 102
COMMAND LEFT START
MOVE A9 0
MOVE A15 104
UPGRADE 0
TRAIN 1
COMMAND LEFT END
COMMAND RIGHT START
UPGRADE 188
COMMAND RIGHT END
TURN 102 RESULT
TIME LEFT 0 5 RIGHT 0 5
UPGRADE A 0
UPGRADE B 188
TRAIN A17
MOVE A9 90
MOVE A14 27
MOVE A15 5
END TURN 102
TURN 103
COMMAND LEFT START
MOVE A16 104
TRAIN 1
COMMAND LEFT END
COMMAND RIGHT START
TRAIN 1
COMMAND RIGHT END
TURN 103 RESULT
TIME LEFT 0 5 RIGHT 0 5
TRAIN A18 B12
MOVE A9 64
MOVE A14 36
MOVE A15 8
MOVE A16 5
END TURN 103
TURN 104
COMMAND LEFT START
MOVE A17 104
TRAIN 1
COMMAND LEFT END
COMMAND RIGHT START
MOVE B9 188
COMMAND RIGHT END
TURN 104 RESULT
TIME LEFT 0 5 RIGHT 0 5
TRAIN A19
MOVE A9 56
MOVE A14 47
MOVE A15 16
MOVE A16 8
MOVE A17 5
MOVE B9 207
END TURN 104
TURN 105
COMMAND LEFT START
COMMAND LEFT END
COMMAND RIGHT START
COMMAND RIGHT END
TURN 105 RESULT
TIME LEFT 0 5 RIGHT 0 5
MOVE A9 31
MOVE A14 67
MOVE A15 31
MOVE A16 16
MOVE A17 8
MOVE B9 201
END TURN 105
TURN 106
COMMAND LEFT START
MOVE A18 104
TRAIN 1
COMMAND LEFT END
COMMAND RIGHT START
COMMAND RIGHT END
TURN 106 RESULT
TIME LEFT 0 5 RIGHT 0 5
TRAIN A20
MOVE A9 16
MOVE A14 78
MOVE A15 56
MOVE A16 31
MOVE A17 16
MOVE A18 5
MOVE B9 188
END TURN 106
TURN 107
COMMAND LEFT START
MOVE A19 104
TRAIN 1
COMMAND LEFT END
COMMAND RIGHT START
COMMAND RIGHT END
TURN 107 RESULT
TIME LEFT 0 5 RIGHT 0 5
TRAIN A21
MOVE A9 8
MOVE A14 100
MOVE A15 64
MOVE A16 56
MOVE A17 31
MOVE A18 8
MOVE A19 5
END TURN 107
TURN 108
COMMAND LEFT START
MOVE A20 104
TRAIN 1
COMMAND LEFT END
COMMAND RIGHT START
UPGRADE 182
COMMAND RIGHT END
TURN 108 RESULT
TIME LEFT 0 5 RIGHT 0 5
UPGRADE B 182
TRAIN A22
MOVE A9 5
MOVE A15 90
MOVE A16 64
MOVE A17 56
MOVE A18 16
MOVE A19 8
MOVE A20 5
END TURN 108
TURN 109
COMMAND LEFT START
MOVE A21 104
TRAIN 1
COMMAND LEFT END
COMMAND RIGHT START
TRAIN 1
COMMAND RIGHT END
TURN 109 RESULT
TIME LEFT 0 5 RIGHT 0 5
TRAIN A23 B13
MOVE A9 0
MOVE A15 104
MOVE A16 90
MOVE A17 64
MOVE A18 31
MOVE A19 16
MOVE A20 8
MOVE A21 5
END TURN 109
TURN 110
COMMAND LEFT START
MOVE A9 104
TRAIN 1
COMMAND LEFT END
COMMAND RIGHT START
MOVE B10 182
COMMAND RIGHT END
TURN 110 RESULT
TIME LEFT 0 5 RIGHT 0 5
TRAIN A24
MOVE A9 5
MOVE A16 104
MOVE A17 90
MOVE A18 56
MOVE A19 31
MOVE A20 16
MOVE A21 8
MOVE B10 206
END TURN 110
TURN 111
COMMAND LEFT START
COMMAND LEFT END
COMMAND RIGHT START
COMMAND RIGHT END
TURN 111 RESULT
TIME LEFT 0 5 RIGHT 0 5
MOVE A9 8
MOVE A17 104
MOVE A18 64
MOVE A19 56
MOVE A20 31
MOVE A21 16
MOVE B10 197
END TURN 111
TURN 112
COMMAND LEFT START
MOVE A22 104
TRAIN 1
COMMAND LEFT END
COMMAND RIGHT START
COMMAND RIGHT END
TURN 112 RESULT
TIME LEFT 0 5 RIGHT 0 5
TRAIN A25
MOVE A9 16
MOVE A18 90
MOVE A19 64
MOVE A20 56
MOVE A21 31
MOVE A22 5
MOVE B10 182
END TURN 112
TURN 113
COMMAND LEFT START
MOVE A23 104
TRAIN 1
COMMAND LEFT END
COMMAND RIGHT START
UPGRADE 156
COMMAND RIGHT END
TURN 113 RESULT
TIME LEFT 0 5 RIGHT 0 5
UPGRADE B 156
TRAIN A26
MOVE A9 31
MOVE A18 104
MOVE A19 90
MOVE A20 64
MOVE A21 56
MOVE A22 8
MOVE A23 5
END TURN 113
TURN 114
COMMAND LEFT START
MOVE A24 104
TRAIN 1
COMMAND LEFT END
COMMAND RIGHT START
TRAIN 1
COMMAND RIGHT END
TURN 114 RESULT
TIME LEFT 0 5 RIGHT 0 5
TRAIN A27 B14
MOVE A9 56
MOVE A19 104
MOVE A20 90
MOVE A21 64
MOVE A22 16
MOVE A23 8
MOVE A24 5
END TURN 114
TURN 115
COMMAND LEFT START
MOVE A25 104
TRAIN 1
COMMAND LEFT END
COMMAND RIGHT START
MOVE B11 156
COMMAND RIGHT END
TURN 115 RESULT
TIME LEFT 0 5 RIGHT 0 5
TRAIN A28
MOVE A9 64
MOVE A20 104
MOVE A21 90
MOVE A22 31
MOVE A23 16
MOVE A24 8
MOVE A25 5
MOVE B11 203
END TURN 115
TURN 116
COMMAND LEFT START
MOVE A26 104
TRAIN 1
COMMAND LEFT END
COMMAND RIGHT START
COMMAND RIGHT END
TURN 116 RESULT
TIME LEFT 0 5 RIGHT 0 5
TRAIN A29
MOVE A9 90
MOVE A21 104
MOVE A22 56
MOVE A23 31
MOVE A24 16
MOVE A25 8
MOVE A26 5
MOVE B11 199
END TURN 116
TURN 117
COMMAND LEFT START
COMMAND LEFT END
COMMAND RIGHT START
COMMAND RIGHT END
TURN 117 RESULT
TIME LEFT 0 5 RIGHT 0 5
MOVE A9 104
MOVE A22 64
MOVE A23 56
MOVE A24 31
MOVE A25 16
MOVE A26 8
MOVE B11 191
END TURN 117
TURN 118
COMMAND LEFT START
MOVE A27 104
TRAIN 1
COMMAND LEFT END
COMMAND RIGHT START
TRAIN 1
COMMAND RIGHT END
TURN 118 RESULT
TIME LEFT 0 5 RIGHT 0 5
TRAIN A30 B15
MOVE A22 90
MOVE A23 64
MOVE A24 56
MOVE A25 31
MOVE A26 16
MOVE A27 5
MOVE B11 176
END TURN 118
TURN 119
COMMAND LEFT START
MOVE A28 104
TRAIN 1
COMMAND LEFT END
COMMAND RIGHT START
TRAIN 1
COMMAND RIGHT END
TURN 119 RESULT
TIME LEFT 0 5 RIGHT 0 5
TRAIN A31 B16
MOVE A22 104
MOVE A23 90
MOVE A24 64
MOVE A25 56
MOVE A26 31
MOVE A27 8
MOVE A28 5
MOVE B11 156
END TURN 119
TURN 120
COMMAND LEFT START
MOVE A9 208
MOVE A10 208
MOVE A11 208
MOVE A12 208
MOVE A13 208
MOVE A15 208
MOVE A16 208
MOVE A17 208
MOVE A18 208
MOVE A19 208
MOVE A20 208
MOVE A21 208
MOVE A22 208
COMMAND LEFT END
COMMAND RIGHT START
MOVE B16 136
COMMAND RIGHT END
TURN 120 RESULT
TIME LEFT 0 5 RIGHT 0 5
MOVE A9 118
MOVE A10 118
MOVE A11 118
MOVE A12 118
MOVE A13 118
MOVE A15 118
MOVE A16 118
MOVE A17 118
MOVE A18 118
MOVE A19 118
MOVE A20 118
MOVE A21 118
MOVE A22 118
MOVE A23 104
MOVE A24 90
MOVE A25 64
MOVE A26 56
MOVE A27 16
MOVE A28 8
MOVE B16 206
END TURN 120
TURN 121
COMMAND LEFT START
COMMAND LEFT END
COMMAND RIGHT START
TRAIN 2
COMMAND RIGHT END
TURN 121 RESULT
TIME LEFT 0 5 RIGHT 0 5
TRAIN B17 B18
MOVE A9 144
MOVE A10 144
MOVE A11 144
MOVE A12 144
MOVE A13 144
MOVE A15 144
MOVE A16 144
MOVE A17 144
MOVE A18 144
MOVE A19 144
MOVE A20 144
MOVE A21 144
MOVE A22 144
MOVE A24 104
MOVE A25 90
MOVE A26 64
MOVE A27 31
MOVE A28 16
MOVE B16 198
END TURN 121
TURN 122
COMMAND LEFT START
MOVE A23 208
MOVE A29 104
TRAIN 1
COMMAND LEFT END
COMMAND RIGHT START
MOVE B18 128
COMMAND RIGHT END
TURN 122 RESULT
TIME LEFT 0 5 RIGHT 0 5
TRAIN A32
MOVE A9 152
MOVE A10 152
MOVE A11 152
MOVE A12 152
MOVE A13 152
MOVE A15 152
MOVE A16 152
MOVE A17 152
MOVE A18 152
MOVE A19 152
MOVE A20 152
MOVE A21 152
MOVE A22 152
MOVE A23 118
MOVE A25 104
MOVE A26 90
MOVE A27 56
MOVE A28 31
MOVE A29 5
MOVE B16 181
MOVE B18 204
END TURN 122
TURN 123
COMMAND LEFT START
MOVE A30 104
TRAIN 1
COMMAND LEFT END
COMMAND RIGHT START
MOVE B17 139
COMMAND RIGHT END
TURN 123 RESULT
TIME LEFT 0 5 RIGHT 0 5
TRAIN A33
MOVE A9 177
MOVE A10 177
MOVE A11 177
MOVE A12 177
MOVE A13 177
MOVE A15 177
MOVE A16 177
MOVE A17 177
MOVE A18 177
MOVE A19 177
MOVE A20 177
MOVE A21 177
MOVE A22 177
MOVE A23 144
MOVE A26 104
MOVE A27 64
MOVE A28 56
MOVE A29 8
MOVE A30 5
MOVE B16 172
MOVE B17 206
MOVE B18 195
END TURN 123
TURN 124
COMMAND LEFT START
COMMAND LEFT END
COMMAND RIGHT START
TRAIN 2
COMMAND RIGHT END
TURN 124 RESULT
TIME LEFT 0 5 RIGHT 0 5
TRAIN B19 B20
MOVE A9 192
MOVE A10 192
MOVE A11 192
MOVE A12 192
MOVE A13 192
MOVE A15 192
MOVE A16 192
MOVE A17 192
MOVE A18 192
MOVE A19 192
MOVE A20 192
MOVE A21 192
MOVE A22 192
MOVE A23 152
MOVE A27 90
MOVE A28 64
MOVE A29 16
MOVE A30 8
MOVE B16 155
MOVE B17 198
MOVE B18 186
END TURN 124
TURN 125
COMMAND LEFT START
MOVE A31 104
TRAIN 1
COMMAND LEFT END
COMMAND RIGHT START
MOVE B1 208
MOVE B7 208
MOVE B10 208
MOVE B5 208
MOVE B6 208
MOVE B9 208
TRAIN 2
COMMAND RIGHT END
TURN 125 RESULT
TIME LEFT 0 5 RIGHT 0 5
TRAIN A34 B21 B22
MOVE A9 200
MOVE A10 200
MOVE A11 200
MOVE A12 200
MOVE A13 200
MOVE A15 200
MOVE A16 200
MOVE A17 200
MOVE A18 200
MOVE A19 200
MOVE A20 200
MOVE A21 200
MOVE A22 200
MOVE A23 177
MOVE A27 104
MOVE A28 90
MOVE A29 31
MOVE A30 16
MOVE A31 5
MOVE B1 197
MOVE B5 201
MOVE B6 201
MOVE B7 197
MOVE B9 201
MOVE B10 197
MOVE B16 136
MOVE B17 181
MOVE B18 174
END TURN 125
TURN 126
COMMAND LEFT START
MOVE A32 104
TRAIN 1
COMMAND LEFT END
COMMAND RIGHT START
COMMAND RIGHT END
TURN 126 RESULT
TIME LEFT 0 5 RIGHT 0 5
TRAIN A35
MOVE A9 203
MOVE A10 203
MOVE A11 203
MOVE A12 203
MOVE A13 203
MOVE A15 203
MOVE A16 203
MOVE A17 203
MOVE A18 203
MOVE A19 203
MOVE A20 203
MOVE A21 203
MOVE A22 203
MOVE A23 192
MOVE A28 104
MOVE A29 56
MOVE A30 31
MOVE A31 8
MOVE A32 5
MOVE B1 206
MOVE B5 207
MOVE B6 207
MOVE B7 206
MOVE B9 207
MOVE B10 206
MOVE B17 172
MOVE B18 169
END TURN 126
TURN 127
COMMAND LEFT START
MOVE A33 104
TRAIN 1
COMMAND LEFT END
COMMAND RIGHT START
TRAIN 1
COMMAND RIGHT END
TURN 127 RESULT
TIME LEFT 0 5 RIGHT 0 5
TRAIN A36 B23
MOVE A9 208
MOVE A10 208
MOVE A11 208
MOVE A12 208
MOVE A13 208
MOVE A15 208
MOVE A16 208
MOVE A17 208
MOVE A18 208
MOVE A19 208
MOVE A20 208
MOVE A21 208
MOVE A22 208
MOVE A23 200
MOVE A29 64
MOVE A30 56
MOVE A31 16
MOVE A32 8
MOVE A33 5
MOVE B1 208
MOVE B5 208
MOVE B6 208
MOVE B7 208
MOVE B9 208
MOVE B10 208
MOVE B17 161
MOVE B18 154
DAMAGE TURRET A9 2
DAMAGE COMBAT A9 3
DAMAGE COMBAT A10 5
DAMAGE COMBAT A11 5
DAMAGE COMBAT A12 2
DAMAGE COMBAT B1 4
DAMAGE COMBAT B5 4
DAMAGE COMBAT B6 4
DAMAGE COMBAT B7 1
END TURN 127
TURN 128
COMMAND LEFT START
COMMAND LEFT END
COMMAND RIGHT START
COMMAND RIGHT END
TURN 128 RESULT
TIME LEFT 0 5 RIGHT 0 5
MOVE A23 203
MOVE A29 90
MOVE A30 64
MOVE A31 31
MOVE A32 16
MOVE A33 8
MOVE B17 145
MOVE B18 137
DAMAGE TURRET A12 2
DAMAGE COMBAT A12 1
DAMAGE COMBAT A13 5
DAMAGE COMBAT A15 5
DAMAGE COMBAT A16 1
DAMAGE COMBAT B7 3
DAMAGE COMBAT B9 5
DAMAGE COMBAT B10 2
END TURN 128
TURN 129
COMMAND LEFT START
MOVE A34 104
TRAIN 1
COMMAND LEFT END
COMMAND RIGHT START
COMMAND RIGHT END
TURN 129 RESULT
TIME LEFT 0 5 RIGHT 0 5
TRAIN A37
MOVE A23 208
MOVE A29 104
MOVE A30 90
MOVE A31 56
MOVE A32 31
MOVE A33 16
MOVE A34 5
MOVE B17 139
MOVE B18 128
DAMAGE TURRET A16 2
DAMAGE COMBAT A16 2
DAMAGE COMBAT A17 6
DAMAGE COMBAT A18 2
DAMAGE COMBAT B10 4
DAMAGE COMBAT B12 4
END TURN 129
TURN 130
COMMAND LEFT START
MOVE A35 104
TRAIN 1
COMMAND LEFT END
COMMAND RIGHT START
COMMAND RIGHT END
TURN 130 RESULT
TIME LEFT 0 5 RIGHT 0 5
TRAIN A38
MOVE A30 104
MOVE A31 64
MOVE A32 56
MOVE A33 31
MOVE A34 8
MOVE A35 5
DAMAGE TURRET A18 2
DAMAGE COMBAT A18 2
DAMAGE COMBAT A19 6
DAMAGE COMBAT A20 1
DAMAGE COMBAT B12 2
DAMAGE COMBAT B13 4
END TURN 130
TURN 131
COMMAND LEFT START
MOVE A36 104
TRAIN 1
COMMAND LEFT END
COMMAND RIGHT START
COMMAND RIGHT END
TURN 131 RESULT
TIME LEFT 0 5 RIGHT 0 5
TRAIN A39
MOVE A31 90
MOVE A32 64
MOVE A33 56
MOVE A34 16
MOVE A35 8
MOVE A36 5
DAMAGE TURRET A20 2
DAMAGE COMBAT A20 3
DAMAGE COMBAT A21 5
DAMAGE COMBAT B13 2
DAMAGE COMBAT B14 2
END TURN 131
TURN 132
COMMAND LEFT START
COMMAND LEFT END
COMMAND RIGHT START
COMMAND RIGHT END
TURN 132 RESULT
TIME LEFT 0 5 RIGHT 0 5
MOVE A31 104
MOVE A32 90
MOVE A33 64
MOVE A34 31
MOVE A35 16
MOVE A36 8
DAMAGE TURRET A21 1
DAMAGE TURRET A22 1
DAMAGE COMBAT A22 5
DAMAGE COMBAT A23 2
DAMAGE COMBAT B14 3
END TURN 132
TURN 133
COMMAND LEFT START
MOVE A37 104
TRAIN 1
COMMAND LEFT END
COMMAND RIGHT START
COMMAND RIGHT END
TURN 133 RESULT
TIME LEFT 0 5 RIGHT 0 5
TRAIN A40
MOVE A32 104
MOVE A33 90
MOVE A34 56
MOVE A35 31
MOVE A36 16
MOVE A37 5
DAMAGE TURRET A23 2
DAMAGE COMBAT A23 2
DAMAGE COMBAT B14 1
END TURN 133
TURN 134
COMMAND LEFT START
MOVE A24 156
MOVE A25 156
MOVE A26 156
MOVE A27 156
MOVE A28 156
MOVE A29 156
MOVE A30 156
MOVE A31 156
MOVE A32 156
COMMAND LEFT END
COMMAND RIGHT START
MOVE B15 182
MOVE B19 188
MOVE B20 188
MOVE B16 182
MOVE B18 188
MOVE B17 182
UPGRADE 136
TRAIN 2
COMMAND RIGHT END
TURN 134 RESULT
TIME LEFT 0 5 RIGHT 0 5
UPGRADE B 136
TRAIN B24 B25
MOVE A24 118
MOVE A25 118
MOVE A26 118
MOVE A27 118
MOVE A28 118
MOVE A29 118
MOVE A30 118
MOVE A31 118
MOVE A32 118
MOVE A33 104
MOVE A34 64
MOVE A35 56
MOVE A36 31
MOVE A37 8
MOVE B15 206
MOVE B16 143
MOVE B17 145
MOVE B18 151
MOVE B19 207
MOVE B20 207
END TURN 134
TURN 135
COMMAND LEFT START
MOVE A38 104
TRAIN 1
COMMAND LEFT END
COMMAND RIGHT START
MOVE B21 182
MOVE B22 188
MOVE B4 136
TRAIN 1
COMMAND RIGHT END
TURN 135 RESULT
TIME LEFT 0 5 RIGHT 0 5
TRAIN A41 B26
MOVE A24 133
MOVE A25 133
MOVE A26 133
MOVE A27 133
MOVE A28 133
MOVE A29 133
MOVE A30 133
MOVE A31 133
MOVE A32 133
MOVE A34 90
MOVE A35 64
MOVE A36 56
MOVE A37 16
MOVE A38 5
MOVE B4 150
MOVE B15 197
MOVE B16 160
MOVE B17 161
MOVE B18 163
MOVE B19 201
MOVE B20 201
MOVE B21 206
MOVE B22 207
END TURN 135
TURN 136
COMMAND LEFT START
MOVE A39 104
TRAIN 1
COMMAND LEFT END
COMMAND RIGHT START
MOVE B23 182
MOVE B24 188
MOVE B8 136
TRAIN 2
COMMAND RIGHT END
TURN 136 RESULT
TIME LEFT 0 5 RIGHT 0 5
TRAIN A42 B27 B28
MOVE A24 142
MOVE A25 142
MOVE A26 142
MOVE A27 142
MOVE A28 142
MOVE A29 142
MOVE A30 142
MOVE A31 142
MOVE A32 142
MOVE A34 104
MOVE A35 90
MOVE A36 64
MOVE A37 31
MOVE A38 8
MOVE A39 5
MOVE B4 143
MOVE B8 150
MOVE B15 182
MOVE B16 166
MOVE B17 172
MOVE B18 168
MOVE B19 188
MOVE B20 188
MOVE B21 197
MOVE B22 201
MOVE B23 206
MOVE B24 207
END TURN 136
TURN 137
COMMAND LEFT START
MOVE A40 104
TRAIN 1
COMMAND LEFT END
COMMAND RIGHT START
MOVE B25 182
MOVE B26 136
TRAIN 1
COMMAND RIGHT END
TURN 137 RESULT
TIME LEFT 0 5 RIGHT 0 5
TRAIN A43 B29
MOVE A24 156
MOVE A25 156
MOVE A26 156
MOVE A27 156
MOVE A28 156
MOVE A29 156
MOVE A30 156
MOVE A31 156
MOVE A32 156
MOVE A35 104
MOVE A36 90
MOVE A37 56
MOVE A38 16
MOVE A39 8
MOVE A40 5
MOVE B4 136
MOVE B8 143
MOVE B16 182
MOVE B17 181
MOVE B18 188
MOVE B21 182
MOVE B22 188
MOVE B23 197
MOVE B24 201
MOVE B25 206
MOVE B26 206
DAMAGE TURRET A24 2
DAMAGE COMBAT A24 1
DAMAGE COMBAT B11 6
SIEGE B 156 3
END TURN 137
TURN 138
COMMAND LEFT START
MOVE A41 104
TRAIN 1
COMMAND LEFT END
COMMAND RIGHT START
TRAIN 1
COMMAND RIGHT END
TURN 138 RESULT
TIME LEFT 0 5 RIGHT 0 5
TRAIN A44 B30
MOVE A36 104
MOVE A37 64
MOVE A38 31
MOVE A39 16
MOVE A40 8
MOVE A41 5
MOVE B8 136
MOVE B17 182
MOVE B23 182
MOVE B24 188
MOVE B25 197
MOVE B26 198
DAMAGE TURRET A24 2
SIEGE B 156 9
END TURN 138
TURN 139
COMMAND LEFT START
COMMAND LEFT END
COMMAND RIGHT START
TRAIN 1
COMMAND RIGHT END
TURN 139 RESULT
TIME LEFT 0 5 RIGHT 0 5
TRAIN B31
MOVE A37 90
MOVE A38 56
MOVE A39 31
MOVE A40 16
MOVE A41 8
MOVE B25 182
MOVE B26 181
DAMAGE TURRET A24 1
DAMAGE TURRET A25 1
SIEGE B 156 6
END TURN 139
TURN 140
COMMAND LEFT START
MOVE A25 104
MOVE A26 104
MOVE A27 104
MOVE A28 104
MOVE A29 104
MOVE A30 104
MOVE A31 104
MOVE A32 104
MOVE A42 104
TRAIN 1
COMMAND LEFT END
COMMAND RIGHT START
COMMAND RIGHT END
TURN 140 RESULT
TIME LEFT 1 5 RIGHT 0 5
TRAIN A45
MOVE A25 142
MOVE A26 142
MOVE A27 142
MOVE A28 142
MOVE A29 142
MOVE A30 142
MOVE A31 142
MOVE A32 142
MOVE A37 104
MOVE A38 64
MOVE A39 56
MOVE A40 31
MOVE A41 16
MOVE A42 5
MOVE B26 172
END TURN 140
TURN 141
COMMAND LEFT START
MOVE A43 104
TRAIN 1
COMMAND LEFT END
COMMAND RIGHT START
MOVE B31 136
MOVE B30 136
COMMAND RIGHT END
TURN 141 RESULT
TIME LEFT 0 5 RIGHT 0 5
TRAIN A46
MOVE A25 133
MOVE A26 133
MOVE A27 133
MOVE A28 133
MOVE A29 133
MOVE A30 133
MOVE A31 133
MOVE A32 133
MOVE A38 90
MOVE A39 64
MOVE A40 56
MOVE A41 31
MOVE A42 8
MOVE A43 5
MOVE B26 155
MOVE B30 206
MOVE B31 206
END TURN 141
TURN 142
COMMAND LEFT START
MOVE A44 104
TRAIN 1
COMMAND LEFT END
COMMAND RIGHT START
COMMAND RIGHT END
TURN 142 RESULT
TIME LEFT 0 5 RIGHT 0 5
TRAIN A47
MOVE A25 118
MOVE A26 118
MOVE A27 118
MOVE A28 118
MOVE A29 118
MOVE A30 118
MOVE A31 118
MOVE A32 118
MOVE A38 104
MOVE A39 90
MOVE A40 64
MOVE A41 56
MOVE A42 16
MOVE A43 8
MOVE A44 5
MOVE B26 136
MOVE B30 198
MOVE B31 198
END TURN 142
TURN 143
COMMAND LEFT START
COMMAND LEFT END
COMMAND RIGHT START
COMMAND RIGHT END
TURN 143 RESULT
TIME LEFT 0 5 RIGHT 0 5
MOVE A25 104
MOVE A26 104
MOVE A27 104
MOVE A28 104
MOVE A29 104
MOVE A30 104
MOVE A31 104
MOVE A32 104
MOVE A39 104
MOVE A40 90
MOVE A41 64
MOVE A42 31
MOVE A43 16
MOVE A44 8
MOVE B30 181
MOVE B31 181
END TURN 143
TURN 144
COMMAND LEFT START
MOVE A45 104
TRAIN 1
COMMAND LEFT END
COMMAND RIGHT START
MOVE B25 156
MOVE B23 136
MOVE B21 136
MOVE B24 136
MOVE B22 136
COMMAND RIGHT END
TURN 144 RESULT
TIME LEFT 1 5 RIGHT 0 5
TRAIN A48
MOVE A40 104
MOVE A41 90
MOVE A42 56
MOVE A43 31
MOVE A44 16
MOVE A45 5
MOVE B21 166
MOVE B22 193
MOVE B23 166
MOVE B24 193
MOVE B25 166
MOVE B30 172
MOVE B31 172
END TURN 144
TURN 145
COMMAND LEFT START
MOVE A46 104
TRAIN 1
COMMAND LEFT END
COMMAND RIGHT START
UPGRADE 136
COMMAND RIGHT END
TURN 145 RESULT
TIME LEFT 1 5 RIGHT 0 5
UPGRADE B 136
TRAIN A49
MOVE A41 104
MOVE A42 64
MOVE A43 56
MOVE A44 31
MOVE A45 8
MOVE A46 5
MOVE B21 160
MOVE B22 190
MOVE B23 160
MOVE B24 190
MOVE B25 156
MOVE B30 155
MOVE B31 155
END TURN 145
TURN 146
COMMAND LEFT START
MOVE A47 104
TRAIN 1
COMMAND LEFT END
COMMAND RIGHT START
COMMAND RIGHT END
TURN 146 RESULT
TIME LEFT 1 5 RIGHT 0 5
TRAIN A50
MOVE A42 90
MOVE A43 64
MOVE A44 56
MOVE A45 16
MOVE A46 8
MOVE A47 5
MOVE B21 143
MOVE B22 174
MOVE B23 143
MOVE B24 174
MOVE B30 136
MOVE B31 136
END TURN 146
TURN 147
COMMAND LEFT START
COMMAND LEFT END
COMMAND RIGHT START
COMMAND RIGHT END
TURN 147 RESULT
TIME LEFT 1 5 RIGHT 0 5
MOVE A42 104
MOVE A43 90
MOVE A44 64
MOVE A45 31
MOVE A46 16
MOVE A47 8
MOVE B21 136
MOVE B22 167
MOVE B23 136
MOVE B24 167
END TURN 147
TURN 148
COMMAND LEFT START
MOVE A48 104
TRAIN 1
COMMAND LEFT END
COMMAND RIGHT START
UPGRADE 156
COMMAND RIGHT END
TURN 148 RESULT
TIME LEFT 1 5 RIGHT 0 5
UPGRADE B 156
TRAIN A51
MOVE A43 104
MOVE A44 90
MOVE A45 56
MOVE A46 31
MOVE A47 16
MOVE A48 5
MOVE B22 164
MOVE B24 164
END TURN 148
TURN 149
COMMAND LEFT START
MOVE A49 104
TRAIN 1
COMMAND LEFT END
COMMAND RIGHT START
MOVE B31 156
MOVE B30 156
MOVE B26 156
MOVE B23 156
MOVE B21 156
COMMAND RIGHT END
TURN 149 RESULT
TIME LEFT 1 5 RIGHT 0 5
TRAIN A52
MOVE A44 104
MOVE A45 64
MOVE A46 56
MOVE A47 31
MOVE A48 8
MOVE A49 5
MOVE B21 143
MOVE B22 152
MOVE B23 143
MOVE B24 152
MOVE B26 143
MOVE B30 143
MOVE B31 143
END TURN 149
TURN 150
COMMAND LEFT START
COMMAND LEFT END
COMMAND RIGHT START
COMMAND RIGHT END
TURN 150 RESULT
TIME LEFT 2 5 RIGHT 0 5
MOVE A45 90
MOVE A46 64
MOVE A47 56
MOVE A48 16
MOVE A49 8
MOVE B21 150
MOVE B22 156
MOVE B23 150
MOVE B24 156
MOVE B26 150
MOVE B30 150
MOVE B31 150
END TURN 150
TURN 151
COMMAND LEFT START
MOVE A50 104
TRAIN 1
COMMAND LEFT END
COMMAND RIGHT START
COMMAND RIGHT END
TURN 151 RESULT
TIME LEFT 2 5 RIGHT 0 5
TRAIN A53
MOVE A45 104
MOVE A46 90
MOVE A47 64
MOVE A48 31
MOVE A49 16
MOVE A50 5
MOVE B21 156
MOVE B22 150
MOVE B23 156
MOVE B24 150
MOVE B26 156
MOVE B30 156
MOVE B31 156
END TURN 151
TURN 152
COMMAND LEFT START
COMMAND LEFT END
COMMAND RIGHT START
MOVE B31 128
COMMAND RIGHT END
TURN 152 RESULT
TIME LEFT 2 5 RIGHT 0 5
MOVE A46 104
MOVE A47 90
MOVE A48 56
MOVE A49 31
MOVE A50 8
MOVE B22 143
MOVE B24 143
MOVE B31 152
END TURN 152
TURN 153
COMMAND LEFT START
COMMAND LEFT END
COMMAND RIGHT START
UPGRADE 156
COMMAND RIGHT END
TURN 153 RESULT
TIME LEFT 2 5 RIGHT 0 5
UPGRADE B 156
MOVE A47 104
MOVE A48 64
MOVE A49 56
MOVE A50 16
MOVE B22 136
MOVE B24 136
MOVE B31 148
END TURN 153
TURN 154
COMMAND LEFT START
MOVE A26 182
MOVE A27 182
MOVE A28 182
MOVE A29 182
MOVE A30 182
MOVE A31 182
MOVE A32 182
MOVE A33 182
MOVE A34 182
MOVE A35 182
MOVE A36 182
MOVE A37 182
MOVE A38 182
MOVE A39 182
MOVE A40 182
MOVE A41 182
MOVE A42 182
MOVE A43 182
MOVE A44 182
MOVE A45 182
MOVE A46 182
COMMAND LEFT END
COMMAND RIGHT START
MOVE B24 156
MOVE B22 156
COMMAND RIGHT END
TURN 154 RESULT
TIME LEFT 2 5 RIGHT 0 5
MOVE A26 118
MOVE A27 118
MOVE A28 118
MOVE A29 118
MOVE A30 118
MOVE A31 118
MOVE A32 118
MOVE A33 118
MOVE A34 118
MOVE A35 118
MOVE A36 118
MOVE A37 118
MOVE A38 118
MOVE A39 118
MOVE A40 118
MOVE A41 118
MOVE A42 118
MOVE A43 118
MOVE A44 118
MOVE A45 118
MOVE A46 118
MOVE A48 90
MOVE A49 64
MOVE A50 31
MOVE B22 143
MOVE B24 143
MOVE B31 147
END TURN 154
TURN 155
COMMAND LEFT START
MOVE A51 104
TRAIN 1
COMMAND LEFT END
COMMAND RIGHT START
COMMAND RIGHT END
TURN 155 RESULT
TIME LEFT 0 5 RIGHT 0 5
TRAIN A54
MOVE A26 133
MOVE A27 133
MOVE A28 133
MOVE A29 133
MOVE A30 133
MOVE A31 133
MOVE A32 133
MOVE A33 133
MOVE A34 133
MOVE A35 133
MOVE A36 133
MOVE A37 133
MOVE A38 133
MOVE A39 133
MOVE A40 133
MOVE A41 133
MOVE A42 133
MOVE A43 133
MOVE A44 133
MOVE A45 133
MOVE A46 133
MOVE A48 104
MOVE A49 90
MOVE A50 56
MOVE A51 5
MOVE B22 150
MOVE B24 150
MOVE B31 137
END TURN 155
TURN 156
COMMAND LEFT START
COMMAND LEFT END
COMMAND RIGHT START
TRAIN 2
COMMAND RIGHT END
TURN 156 RESULT
TIME LEFT 0 5 RIGHT 0 5
TRAIN B32 B33
MOVE A26 142
MOVE A27 142
MOVE A28 142
MOVE A29 142
MOVE A30 142
MOVE A31 142
MOVE A32 142
MOVE A33 142
MOVE A34 142
MOVE A35 142
MOVE A36 142
MOVE A37 142
MOVE A38 142
MOVE A39 142
MOVE A40 142
MOVE A41 142
MOVE A42 142
MOVE A43 142
MOVE A44 142
MOVE A45 142
MOVE A46 142
MOVE A49 104
MOVE A50 64
MOVE A51 8
MOVE B22 156
MOVE B24 156
MOVE B31 128
END TURN 156
TURN 157
COMMAND LEFT START
MOVE A52 104
TRAIN 1
COMMAND LEFT END
COMMAND RIGHT START
MOVE B33 156
MOVE B32 156
MOVE B23 100
MOVE B24 100
MOVE B25 100
MOVE B26 100
MOVE B30 100
TRAIN 1
COMMAND RIGHT END
TURN 157 RESULT
TIME LEFT 0 5 RIGHT 0 5
TRAIN A55 B34
MOVE A26 156
MOVE A27 156
MOVE A28 156
MOVE A29 156
MOVE A30 156
MOVE A31 156
MOVE A32 156
MOVE A33 156
MOVE A34 156
MOVE A35 156
MOVE A36 156
MOVE A37 156
MOVE A38 156
MOVE A39 156
MOVE A40 156
MOVE A41 156
MOVE A42 156
MOVE A43 156
MOVE A44 156
MOVE A45 156
MOVE A46 156
MOVE A50 90
MOVE A51 16
MOVE A52 5
MOVE B23 152
MOVE B24 152
MOVE B25 152
MOVE B26 152
MOVE B30 152
MOVE B32 203
MOVE B33 203
DAMAGE TURRET A26 1
DAMAGE COMBAT A26 2
DAMAGE COMBAT B21 6
DAMAGE COMBAT B22 6
SIEGE B 156 9
END TURN 157
TURN 158
COMMAND LEFT START
MOVE A25 69
MOVE A47 69
MOVE A48 69
MOVE A49 69
COMMAND LEFT END
COMMAND RIGHT START
MOVE B34 136
TRAIN 2
COMMAND RIGHT END
TURN 158 RESULT
TIME LEFT 0 5 RIGHT 0 5
TRAIN B35 B36
MOVE A25 106
MOVE A26 166
MOVE A27 166
MOVE A28 166
MOVE A29 166
MOVE A30 166
MOVE A31 166
MOVE A32 166
MOVE A33 166
MOVE A34 166
MOVE A35 166
MOVE A36 166
MOVE A37 166
MOVE A38 166
MOVE A39 166
MOVE A40 166
MOVE A41 166
MOVE A42 166
MOVE A43 166
MOVE A44 166
MOVE A45 166
MOVE A46 166
MOVE A47 106
MOVE A48 106
MOVE A49 106
MOVE A50 104
MOVE A51 31
MOVE A52 8
MOVE B23 148
MOVE B24 148
MOVE B25 148
MOVE B26 148
MOVE B30 148
MOVE B32 199
MOVE B33 199
MOVE B34 206
END TURN 158
TURN 159
COMMAND LEFT START
MOVE A53 104
TRAIN 1
COMMAND LEFT END
COMMAND RIGHT START
MOVE B27 156
MOVE B36 156
TRAIN 2
COMMAND RIGHT END
TURN 159 RESULT
TIME LEFT 0 5 RIGHT 0 5
TRAIN A56 B37 B38
MOVE A25 96
MOVE A26 182
MOVE A27 182
MOVE A28 182
MOVE A29 182
MOVE A30 182
MOVE A31 182
MOVE A32 182
MOVE A33 182
MOVE A34 182
MOVE A35 182
MOVE A36 182
MOVE A37 182
MOVE A38 182
MOVE A39 182
MOVE A40 182
MOVE A41 182
MOVE A42 182
MOVE A43 182
MOVE A44 182
MOVE A45 182
MOVE A46 182
MOVE A47 96
MOVE A48 96
MOVE A49 96
MOVE A51 56
MOVE A52 16
MOVE A53 5
MOVE B23 147
MOVE B24 147
MOVE B25 147
MOVE B26 147
MOVE B27 203
MOVE B30 147
MOVE B32 191
MOVE B33 191
MOVE B34 198
MOVE B36 203
DAMAGE TURRET A26 2
DAMAGE COMBAT A26 1
DAMAGE COMBAT A27 2
DAMAGE COMBAT B15 6
DAMAGE COMBAT B16 6
DAMAGE COMBAT B17 6
SIEGE B 182 3
END TURN 159
TURN 160
COMMAND LEFT START
MOVE A54 104
TRAIN 1
COMMAND LEFT END
COMMAND RIGHT START
MOVE B18 208
MOVE B19 208
MOVE B20 208
MOVE B4 208
MOVE B8 208
MOVE B31 208
TRAIN 2
COMMAND RIGHT END
TURN 160 RESULT
TIME LEFT 0 5 RIGHT 0 5
TRAIN A57 B39 B40
MOVE A25 87
MOVE A47 87
MOVE A48 87
MOVE A49 87
MOVE A51 64
MOVE A52 31
MOVE A53 8
MOVE A54 5
MOVE B4 155
MOVE B8 155
MOVE B18 201
MOVE B19 201
MOVE B20 201
MOVE B23 137
MOVE B24 137
MOVE B25 137
MOVE B26 137
MOVE B27 199
MOVE B30 137
MOVE B31 137
MOVE B32 176
MOVE B33 176
MOVE B34 181
MOVE B36 199
DAMAGE TURRET A27 2
DAMAGE HUNGER B40 1
SIEGE B 182 15
END TURN 160
TURN 161
COMMAND LEFT START
MOVE A28 156
MOVE A29 156
MOVE A30 156
MOVE A31 156
MOVE A32 156
MOVE A33 156
MOVE A34 156
COMMAND LEFT END
COMMAND RIGHT START
MOVE B28 156
MOVE B29 188
MOVE B35 136
MOVE B37 188
COMMAND RIGHT END
TURN 161 RESULT
TIME LEFT 2 5 RIGHT 0 5
MOVE A25 78
MOVE A28 166
MOVE A29 166
MOVE A30 166
MOVE A31 166
MOVE A32 166
MOVE A33 166
MOVE A34 166
MOVE A47 78
MOVE A48 78
MOVE A49 78
MOVE A51 90
MOVE A52 56
MOVE A53 16
MOVE A54 8
MOVE B4 172
MOVE B8 172
MOVE B18 207
MOVE B19 207
MOVE B20 207
MOVE B23 128
MOVE B24 128
MOVE B25 128
MOVE B26 128
MOVE B27 191
MOVE B28 203
MOVE B29 207
MOVE B30 128
MOVE B31 154
MOVE B32 156
MOVE B33 156
MOVE B34 172
MOVE B35 206
MOVE B36 191
MOVE B37 207
END TURN 161
TURN 162
COMMAND LEFT START
MOVE A27 156
MOVE A35 156
MOVE A36 156
MOVE A37 156
MOVE A38 156
MOVE A39 156
MOVE A40 104
MOVE A41 104
MOVE A42 104
MOVE A43 104
MOVE A44 104
MOVE A45 104
MOVE A46 104
COMMAND LEFT END
COMMAND RIGHT START
MOVE B38 188
MOVE B32 136
COMMAND RIGHT END
TURN 162 RESULT
TIME LEFT 0 5 RIGHT 0 5
MOVE A25 69
MOVE A27 166
MOVE A28 156
MOVE A29 156
MOVE A30 156
MOVE A31 156
MOVE A32 156
MOVE A33 156
MOVE A34 156
MOVE A35 166
MOVE A36 166
MOVE A37 166
MOVE A38 166
MOVE A39 166
MOVE A40 166
MOVE A41 166
MOVE A42 166
MOVE A43 166
MOVE A44 166
MOVE A45 166
MOVE A46 166
MOVE A47 69
MOVE A48 69
MOVE A49 69
MOVE A51 104
MOVE A52 64
MOVE A53 31
MOVE A54 16
MOVE B4 181
MOVE B8 181
MOVE B18 208
MOVE B19 208
MOVE B20 208
MOVE B23 115
MOVE B24 115
MOVE B25 115
MOVE B26 115
MOVE B27 176
MOVE B28 199
MOVE B29 201
MOVE B30 115
MOVE B31 169
MOVE B32 150
MOVE B34 155
MOVE B35 198
MOVE B36 176
MOVE B37 201
MOVE B38 207
DAMAGE TURRET A28 1
DAMAGE COMBAT A28 1
DAMAGE COMBAT B33 6
SIEGE B 156 1
END TURN 162
TURN 163
COMMAND LEFT START
COMMAND LEFT END
COMMAND RIGHT START
MOVE B18 188
MOVE B19 136
COMMAND RIGHT END
TURN 163 RESULT
TIME LEFT 0 5 RIGHT 0 5
MOVE A27 156
MOVE A35 156
MOVE A36 156
MOVE A37 156
MOVE A38 156
MOVE A39 156
MOVE A40 156
MOVE A41 156
MOVE A42 156
MOVE A43 156
MOVE A44 156
MOVE A45 156
MOVE A46 156
MOVE A52 90
MOVE A53 56
MOVE A54 31
MOVE B4 198
MOVE B8 198
MOVE B18 207
MOVE B19 206
MOVE B23 100
MOVE B24 100
MOVE B25 100
MOVE B26 100
MOVE B27 156
MOVE B28 191
MOVE B29 188
MOVE B30 100
MOVE B31 174
MOVE B32 143
MOVE B34 136
MOVE B35 181
MOVE B36 156
MOVE B37 188
MOVE B38 201
DAMAGE TURRET A27 1
DAMAGE COMBAT A14 5
DAMAGE COMBAT A27 1
DAMAGE COMBAT A28 1
DAMAGE COMBAT B23 1
DAMAGE COMBAT B27 6
DAMAGE COMBAT B36 6
SIEGE B 156 2
END TURN 163
TURN 164
COMMAND LEFT START
MOVE A25 104
MOVE A47 104
MOVE A48 104
MOVE A49 104
MOVE A28 104
MOVE A29 104
MOVE A30 104
MOVE A31 104
MOVE A32 104
MOVE A33 104
MOVE A34 104
MOVE A35 104
MOVE A36 104
MOVE A37 104
MOVE A38 104
MOVE A39 104
MOVE A55 104
TRAIN 1
COMMAND LEFT END
COMMAND RIGHT START
MOVE B23 136
MOVE B24 136
MOVE B25 136
MOVE B26 136
COMMAND RIGHT END
TURN 164 RESULT
TIME LEFT 0 5 RIGHT 0 5
TRAIN A58
MOVE A25 78
MOVE A28 142
MOVE A29 142
MOVE A30 142
MOVE A31 142
MOVE A32 142
MOVE A33 142
MOVE A34 142
MOVE A35 142
MOVE A36 142
MOVE A37 142
MOVE A38 142
MOVE A39 142
MOVE A40 142
MOVE A41 142
MOVE A42 142
MOVE A43 142
MOVE A44 142
MOVE A45 142
MOVE A46 142
MOVE A47 78
MOVE A48 78
MOVE A49 78
MOVE A52 104
MOVE A53 64
MOVE A54 56
MOVE A55 5
MOVE B4 206
MOVE B8 206
MOVE B18 201
MOVE B19 198
MOVE B23 94
MOVE B24 94
MOVE B25 94
MOVE B26 94
MOVE B28 176
MOVE B31 186
MOVE B32 136
MOVE B35 172
MOVE B38 188
END TURN 164
TURN 165
COMMAND LEFT START
MOVE A56 104
TRAIN 1
COMMAND LEFT END
COMMAND RIGHT START
TRAIN 1
COMMAND RIGHT END
TURN 165 RESULT
TIME LEFT 0 5 RIGHT 0 5
TRAIN A59 B41
MOVE A25 87
MOVE A28 133
MOVE A29 133
MOVE A30 133
MOVE A31 133
MOVE A32 133
MOVE A33 133
MOVE A34 133
MOVE A35 133
MOVE A36 133
MOVE A37 133
MOVE A38 133
MOVE A39 133
MOVE A40 133
MOVE A41 133
MOVE A42 133
MOVE A43 133
MOVE A44 133
MOVE A45 133
MOVE A46 133
MOVE A47 87
MOVE A48 87
MOVE A49 87
MOVE A53 90
MOVE A54 64
MOVE A55 8
MOVE A56 5
MOVE B4 208
MOVE B8 208
MOVE B18 188
MOVE B19 181
MOVE B23 95
MOVE B24 95
MOVE B25 95
MOVE B26 95
MOVE B28 156
MOVE B31 195
MOVE B35 155
END TURN 165
TURN 166
COMMAND LEFT START
COMMAND LEFT END
COMMAND RIGHT START
MOVE B30 136
MOVE B41 136
MOVE B40 136
MOVE B39 136
MOVE B38 136
COMMAND RIGHT END
TURN 166 RESULT
TIME LEFT 0 5 RIGHT 0 5
MOVE A25 96
MOVE A28 118
MOVE A29 118
MOVE A30 118
MOVE A31 118
MOVE A32 118
MOVE A33 118
MOVE A34 118
MOVE A35 118
MOVE A36 118
MOVE A37 118
MOVE A38 118
MOVE A39 118
MOVE A40 118
MOVE A41 118
MOVE A42 118
MOVE A43 118
MOVE A44 118
MOVE A45 118
MOVE A46 118
MOVE A47 96
MOVE A48 96
MOVE A49 96
MOVE A53 104
MOVE A54 90
MOVE A55 16
MOVE A56 8
MOVE B19 172
MOVE B23 101
MOVE B24 101
MOVE B25 101
MOVE B26 101
MOVE B30 94
MOVE B31 204
MOVE B35 136
MOVE B38 193
MOVE B39 206
MOVE B40 206
MOVE B41 206
END TURN 166
TURN 167
COMMAND LEFT START
MOVE A57 104
TRAIN 1
COMMAND LEFT END
COMMAND RIGHT START
COMMAND RIGHT END
TURN 167 RESULT
TIME LEFT 0 5 RIGHT 0 5
TRAIN A60
MOVE A25 106
MOVE A28 104
MOVE A29 104
MOVE A30 104
MOVE A31 104
MOVE A32 104
MOVE A33 104
MOVE A34 104
MOVE A35 104
MOVE A36 104
MOVE A37 104
MOVE A38 104
MOVE A39 104
MOVE A40 104
MOVE A41 104
MOVE A42 104
MOVE A43 104
MOVE A44 104
MOVE A45 104
MOVE A46 104
MOVE A47 106
MOVE A48 106
MOVE A49 106
MOVE A54 104
MOVE A55 31
MOVE A56 16
MOVE A57 5
MOVE B19 155
MOVE B23 96
MOVE B24 96
MOVE B25 96
MOVE B26 96
MOVE B30 95
MOVE B31 208
MOVE B38 190
MOVE B39 198
MOVE B40 198
MOVE B41 198
END TURN 167
TURN 168
COMMAND LEFT START
COMMAND LEFT END
COMMAND RIGHT START
MOVE B31 136
TRAIN 2
COMMAND RIGHT END
TURN 168 RESULT
TIME LEFT 0 5 RIGHT 0 5
TRAIN B42 B43
MOVE A25 104
MOVE A47 104
MOVE A48 104
MOVE A49 104
MOVE A55 56
MOVE A56 31
MOVE A57 8
MOVE B19 136
MOVE B23 106
MOVE B24 106
MOVE B25 106
MOVE B26 106
MOVE B30 101
MOVE B31 206
MOVE B38 174
MOVE B39 181
MOVE B40 181
MOVE B41 181
END TURN 168
TURN 169
COMMAND LEFT START
MOVE A58 104
TRAIN 1
COMMAND LEFT END
COMMAND RIGHT START
MOVE B43 136
MOVE B42 136
COMMAND RIGHT END
TURN 169 RESULT
TIME LEFT 0 5 RIGHT 0 5
TRAIN A61
MOVE A55 64
MOVE A56 56
MOVE A57 16
MOVE A58 5
MOVE B23 104
MOVE B24 104
MOVE B25 104
MOVE B26 104
MOVE B30 96
MOVE B31 198
MOVE B38 167
MOVE B39 172
MOVE B40 172
MOVE B41 172
MOVE B42 206
MOVE B43 206
DAMAGE TURRET B23 1
DAMAGE COMBAT A3 1
DAMAGE COMBAT A28 3
DAMAGE COMBAT B23 4
DAMAGE COMBAT B24 6
DAMAGE COMBAT B25 6
DAMAGE COMBAT B26 6
END TURN 169
TURN 170
COMMAND LEFT START
MOVE A50 86
COMMAND LEFT END
COMMAND RIGHT START
TRAIN 1
COMMAND RIGHT END
TURN 170 RESULT
TIME LEFT 0 5 RIGHT 0 5
TRAIN B44
MOVE A50 102
MOVE A55 90
MOVE A56 64
MOVE A57 31
MOVE A58 8
MOVE B30 106
MOVE B31 181
MOVE B38 164
MOVE B39 155
MOVE B40 155
MOVE B41 155
MOVE B42 198
MOVE B43 198
END TURN 170
TURN 171
COMMAND LEFT START
MOVE A59 104
TRAIN 1
COMMAND LEFT END
COMMAND RIGHT START
MOVE B44 136
TRAIN 1
COMMAND RIGHT END
TURN 171 RESULT
TIME LEFT 0 5 RIGHT 0 5
TRAIN A62 B45
MOVE A50 112
MOVE A55 104
MOVE A56 90
MOVE A57 56
MOVE A58 16
MOVE A59 5
MOVE B30 104
MOVE B31 172
MOVE B38 152
MOVE B39 136
MOVE B40 136
MOVE B41 136
MOVE B42 181
MOVE B43 181
MOVE B44 206
DAMAGE TURRET B30 1
DAMAGE COMBAT A3 1
DAMAGE COMBAT B30 5
END TURN 171
TURN 172
COMMAND LEFT START
COMMAND LEFT END
COMMAND RIGHT START
MOVE B45 136
COMMAND RIGHT END
TURN 172 RESULT
TIME LEFT 1 5 RIGHT 0 5
MOVE A50 107
MOVE A56 104
MOVE A57 64
MOVE A58 31
MOVE A59 8
MOVE B31 155
MOVE B38 156
MOVE B42 172
MOVE B43 172
MOVE B44 198
MOVE B45 206
END TURN 172
TURN 173
COMMAND LEFT START
MOVE A29 136
MOVE A30 136
MOVE A31 136
MOVE A32 136
MOVE A33 136
MOVE A34 136
MOVE A35 136
MOVE A36 136
MOVE A37 136
MOVE A38 136
MOVE A39 136
MOVE A40 136
MOVE A41 136
MOVE A42 136
MOVE A43 136
MOVE A44 136
MOVE A45 136
COMMAND LEFT END
COMMAND RIGHT START
COMMAND RIGHT END
TURN 173 RESULT
TIME LEFT 1 5 RIGHT 0 5
MOVE A29 117
MOVE A30 117
MOVE A31 117
MOVE A32 117
MOVE A33 117
MOVE A34 117
MOVE A35 117
MOVE A36 117
MOVE A37 117
MOVE A38 117
MOVE A39 117
MOVE A40 117
MOVE A41 117
MOVE A42 117
MOVE A43 117
MOVE A44 117
MOVE A45 117
MOVE A50 99
MOVE A57 90
MOVE A58 56
MOVE A59 16
MOVE B31 136
MOVE B38 150
MOVE B42 155
MOVE B43 155
MOVE B44 181
MOVE B45 198
END TURN 173
TURN 174
COMMAND LEFT START
COMMAND LEFT END
COMMAND RIGHT START
COMMAND RIGHT END
TURN 174 RESULT
TIME LEFT 0 5 RIGHT 0 5
MOVE A29 119
MOVE A30 119
MOVE A31 119
MOVE A32 119
MOVE A33 119
MOVE A34 119
MOVE A35 119
MOVE A36 119
MOVE A37 119
MOVE A38 119
MOVE A39 119
MOVE A40 119
MOVE A41 119
MOVE A42 119
MOVE A43 119
MOVE A44 119
MOVE A45 119
MOVE A50 93
MOVE A57 104
MOVE A58 64
MOVE A59 31
MOVE B38 143
MOVE B42 136
MOVE B43 136
MOVE B44 172
MOVE B45 181
END TURN 174
TURN 175
COMMAND LEFT START
MOVE A25 136
MOVE A46 136
MOVE A60 104
TRAIN 1
COMMAND LEFT END
COMMAND RIGHT START
COMMAND RIGHT END
TURN 175 RESULT
TIME LEFT 0 5 RIGHT 0 5
TRAIN A63
MOVE A25 117
MOVE A29 129
MOVE A30 129
MOVE A31 129
MOVE A32 129
MOVE A33 129
MOVE A34 129
MOVE A35 129
MOVE A36 129
MOVE A37 129
MOVE A38 129
MOVE A39 129
MOVE A40 129
MOVE A41 129
MOVE A42 129
MOVE A43 129
MOVE A44 129
MOVE A45 129
MOVE A46 117
MOVE A50 88
MOVE A58 90
MOVE A59 56
MOVE A60 5
MOVE B38 136
MOVE B44 155
MOVE B45 172
END TURN 175
TURN 176
COMMAND LEFT START
COMMAND LEFT END
COMMAND RIGHT START
COMMAND RIGHT END
TURN 176 RESULT
TIME LEFT 0 5 RIGHT 0 5
MOVE A25 119
MOVE A29 136
MOVE A30 136
MOVE A31 136
MOVE A32 136
MOVE A33 136
MOVE A34 136
MOVE A35 136
MOVE A36 136
MOVE A37 136
MOVE A38 136
MOVE A39 136
MOVE A40 136
MOVE A41 136
MOVE A42 136
MOVE A43 136
MOVE A44 136
MOVE A45 136
MOVE A46 119
MOVE A50 83
MOVE A58 104
MOVE A59 64
MOVE A60 8
MOVE B44 136
MOVE B45 155
DAMAGE TURRET A29 1
DAMAGE COMBAT A29 5
DAMAGE COMBAT A30 6
DAMAGE COMBAT A31 1
DAMAGE COMBAT B19 6
DAMAGE COMBAT B31 6
DAMAGE COMBAT B40 5
END TURN 176
TURN 177
COMMAND LEFT START
MOVE A61 104
TRAIN 1
COMMAND LEFT END
COMMAND RIGHT START
UPGRADE 156
COMMAND RIGHT END
TURN 177 RESULT
TIME LEFT 0 5 RIGHT 0 5
UPGRADE B 156
TRAIN A64
MOVE A25 129
MOVE A46 129
MOVE A50 86
MOVE A59 90
MOVE A60 16
MOVE A61 5
MOVE B45 136
DAMAGE TURRET A31 1
DAMAGE COMBAT A31 4
DAMAGE COMBAT A32 6
DAMAGE COMBAT B32 6
DAMAGE COMBAT B34 6
DAMAGE COMBAT B35 3
END TURN 177
TURN 178
COMMAND LEFT START
COMMAND LEFT END
COMMAND RIGHT START
COMMAND RIGHT END
TURN 178 RESULT
TIME LEFT 0 5 RIGHT 0 5
MOVE A25 136
MOVE A46 136
MOVE A59 104
MOVE A60 31
MOVE A61 8
DAMAGE TURRET A25 1
DAMAGE COMBAT A25 4
DAMAGE COMBAT A33 4
DAMAGE COMBAT B35 3
DAMAGE COMBAT B38 6
DAMAGE COMBAT B39 6
END TURN 178
TURN 179
COMMAND LEFT START
MOVE A62 104
TRAIN 1
COMMAND LEFT END
COMMAND RIGHT START
TRAIN 1
COMMAND RIGHT END
TURN 179 RESULT
TIME LEFT 0 5 RIGHT 0 5
TRAIN A65 B46
MOVE A60 56
MOVE A61 16
MOVE A62 5
DAMAGE TURRET A33 1
DAMAGE COMBAT A33 1
DAMAGE COMBAT A34 4
DAMAGE COMBAT B41 6
DAMAGE COMBAT B42 6
DAMAGE COMBAT B43 2
END TURN 179
TURN 180
COMMAND LEFT START
COMMAND LEFT END
COMMAND RIGHT START
MOVE B46 156
TRAIN 1
COMMAND RIGHT END
TURN 180 RESULT
TIME LEFT 0 5 RIGHT 0 5
TRAIN B47
MOVE A60 64
MOVE A61 31
MOVE A62 8
MOVE B46 203
DAMAGE TURRET A34 1
DAMAGE COMBAT A34 1
DAMAGE COMBAT A35 2
DAMAGE COMBAT B43 4
DAMAGE COMBAT B44 6
DAMAGE COMBAT B45 3
END TURN 180
TURN 181
COMMAND LEFT START
MOVE A63 104
TRAIN 1
COMMAND LEFT END
COMMAND RIGHT START
MOVE B47 156
TRAIN 1
COMMAND RIGHT END
TURN 181 RESULT
TIME LEFT 0 5 RIGHT 0 5
TRAIN A66 B48
MOVE A60 90
MOVE A61 56
MOVE A62 16
MOVE A63 5
MOVE B46 199
MOVE B47 203
DAMAGE TURRET A35 1
DAMAGE COMBAT A35 1
DAMAGE COMBAT B45 3
SIEGE B 136 9
END TURN 181
TURN 182
COMMAND LEFT START
MOVE A64 104
TRAIN 1
COMMAND LEFT END
COMMAND RIGHT START
MOVE B48 156
TRAIN 1
COMMAND RIGHT END
TURN 182 RESULT
TIME LEFT 0 5 RIGHT 0 5
TRAIN A67 B49
MOVE A60 104
MOVE A61 64
MOVE A62 31
MOVE A63 8
MOVE A64 5
MOVE B46 191
MOVE B47 199
MOVE B48 203
DAMAGE TURRET A35 1
SIEGE B 136 3
END TURN 182
TURN 183
COMMAND LEFT START
MOVE A35 104
MOVE A36 104
MOVE A37 104
MOVE A38 104
MOVE A39 104
MOVE A40 104
MOVE A41 104
MOVE A42 104
MOVE A43 104
MOVE A44 104
MOVE A45 104
MOVE A46 104
COMMAND LEFT END
COMMAND RIGHT START
MOVE B49 156
COMMAND RIGHT END
TURN 183 RESULT
TIME LEFT 1 5 RIGHT 0 5
MOVE A35 129
MOVE A36 129
MOVE A37 129
MOVE A38 129
MOVE A39 129
MOVE A40 129
MOVE A41 129
MOVE A42 129
MOVE A43 129
MOVE A44 129
MOVE A45 129
MOVE A46 129
MOVE A61 90
MOVE A62 56
MOVE A63 16
MOVE A64 8
MOVE B46 176
MOVE B47 191
MOVE B48 199
MOVE B49 203
END TURN 183
TURN 184
COMMAND LEFT START
MOVE A65 104
TRAIN 1
COMMAND LEFT END
COMMAND RIGHT START
COMMAND RIGHT END
TURN 184 RESULT
TIME LEFT 0 5 RIGHT 0 5
TRAIN A68
MOVE A35 119
MOVE A36 119
MOVE A37 119
MOVE A38 119
MOVE A39 119
MOVE A40 119
MOVE A41 119
MOVE A42 119
MOVE A43 119
MOVE A44 119
MOVE A45 119
MOVE A46 119
MOVE A61 104
MOVE A62 64
MOVE A63 31
MOVE A64 16
MOVE A65 5
MOVE B46 156
MOVE B47 176
MOVE B48 191
MOVE B49 199
END TURN 184
TURN 185
COMMAND LEFT START
COMMAND LEFT END
COMMAND RIGHT START
COMMAND RIGHT END
TURN 185 RESULT
TIME LEFT 0 5 RIGHT 0 5
MOVE A35 117
MOVE A36 117
MOVE A37 117
MOVE A38 117
MOVE A39 117
MOVE A40 117
MOVE A41 117
MOVE A42 117
MOVE A43 117
MOVE A44 117
MOVE A45 117
MOVE A46 117
MOVE A62 90
MOVE A63 56
MOVE A64 31
MOVE A65 8
MOVE B47 156
MOVE B48 176
MOVE B49 191
END TURN 185
TURN 186
COMMAND LEFT START
MOVE A66 104
TRAIN 1
COMMAND LEFT END
COMMAND RIGHT START
COMMAND RIGHT END
TURN 186 RESULT
TIME LEFT 0 5 RIGHT 0 5
TRAIN A69
MOVE A35 104
MOVE A36 104
MOVE A37 104
MOVE A38 104
MOVE A39 104
MOVE A40 104
MOVE A41 104
MOVE A42 104
MOVE A43 104
MOVE A44 104
MOVE A45 104
MOVE A46 104
MOVE A62 104
MOVE A63 64
MOVE A64 56
MOVE A65 16
MOVE A66 5
MOVE B48 156
MOVE B49 176
END TURN 186
TURN 187
COMMAND LEFT START
COMMAND LEFT END
COMMAND RIGHT START
COMMAND RIGHT END
TURN 187 RESULT
TIME LEFT 0 5 RIGHT 0 5
MOVE A63 90
MOVE A64 64
MOVE A65 31
MOVE A66 8
MOVE B49 156
END TURN 187
TURN 188
COMMAND LEFT START
MOVE A67 104
TRAIN 1
COMMAND LEFT END
COMMAND RIGHT START
MOVE B49 182
COMMAND RIGHT END
TURN 188 RESULT
TIME LEFT 0 5 RIGHT 0 5
TRAIN A70
MOVE A63 104
MOVE A64 90
MOVE A65 56
MOVE A66 16
MOVE A67 5
MOVE B49 166
END TURN 188
TURN 189
COMMAND LEFT START
MOVE A68 104
TRAIN 1
COMMAND LEFT END
COMMAND RIGHT START
UPGRADE 156
COMMAND RIGHT END
TURN 189 RESULT
TIME LEFT 0 5 RIGHT 0 5
UPGRADE B 156
TRAIN A71
MOVE A64 104
MOVE A65 64
MOVE A66 31
MOVE A67 8
MOVE A68 5
MOVE B49 182
END TURN 189
TURN 190
COMMAND LEFT START
COMMAND LEFT END
COMMAND RIGHT START
COMMAND RIGHT END
TURN 190 RESULT
TIME LEFT 0 5 RIGHT 0 5
MOVE A65 90
MOVE A66 56
MOVE A67 16
MOVE A68 8
END TURN 190
TURN 191
COMMAND LEFT START
MOVE A69 104
TRAIN 1
COMMAND LEFT END
COMMAND RIGHT START
COMMAND RIGHT END
TURN 191 RESULT
TIME LEFT 1 5 RIGHT 0 5
TRAIN A72
MOVE A65 104
MOVE A66 64
MOVE A67 31
MOVE A68 16
MOVE A69 5
END TURN 191
TURN 192
COMMAND LEFT START
COMMAND LEFT END
COMMAND RIGHT START
COMMAND RIGHT END
TURN 192 RESULT
TIME LEFT 0 5 RIGHT 0 5
MOVE A66 90
MOVE A67 56
MOVE A68 31
MOVE A69 8
END TURN 192
TURN 193
COMMAND LEFT START
MOVE A70 104
TRAIN 1
COMMAND LEFT END
COMMAND RIGHT START
COMMAND RIGHT END
TURN 193 RESULT
TIME LEFT 0 5 RIGHT 0 5
TRAIN A73
MOVE A66 104
MOVE A67 64
MOVE A68 56
MOVE A69 16
MOVE A70 5
END TURN 193
TURN 194
COMMAND LEFT START
COMMAND LEFT END
COMMAND RIGHT START
UPGRADE 182
COMMAND RIGHT END
TURN 194 RESULT
TIME LEFT 0 5 RIGHT 0 5
UPGRADE B 182
MOVE A67 90
MOVE A68 64
MOVE A69 31
MOVE A70 8
END TURN 194
TURN 195
COMMAND LEFT START
MOVE A71 104
TRAIN 1
COMMAND LEFT END
COMMAND RIGHT START
COMMAND RIGHT END
TURN 195 RESULT
TIME LEFT 0 5 RIGHT 0 5
TRAIN A74
MOVE A67 104
MOVE A68 90
MOVE A69 56
MOVE A70 16
MOVE A71 5
END TURN 195
TURN 196
COMMAND LEFT START
COMMAND LEFT END
COMMAND RIGHT START
COMMAND RIGHT END
TURN 196 RESULT
TIME LEFT 0 5 RIGHT 0 5
MOVE A68 104
MOVE A69 64
MOVE A70 31
MOVE A71 8
END TURN 196
TURN 197
COMMAND LEFT START
COMMAND LEFT END
COMMAND RIGHT START
COMMAND RIGHT END
TURN 197 RESULT
TIME LEFT 0 5 RIGHT 0 5
MOVE A69 90
MOVE A70 56
MOVE A71 16
END TURN 197
TURN 198
COMMAND LEFT START
MOVE A72 104
TRAIN 1
COMMAND LEFT END
COMMAND RIGHT START
MOVE B48 136
COMMAND RIGHT END
TURN 198 RESULT
TIME LEFT 0 5 RIGHT 0 5
TRAIN A75
MOVE A69 104
MOVE A70 64
MOVE A71 31
MOVE A72 5
MOVE B48 150
END TURN 198
TURN 199
COMMAND LEFT START
COMMAND LEFT END
COMMAND RIGHT START
UPGRADE 182
COMMAND RIGHT END
TURN 199 RESULT
TIME LEFT 4 5 RIGHT 4 5
UPGRADE B 182
MOVE A70 90
MOVE A71 56
MOVE A72 8
MOVE B48 143
END TURN 199
TURN 200
COMMAND LEFT START
COMMAND LEFT END
COMMAND RIGHT START
MOVE B28 182
COMMAND RIGHT END
TURN 200 RESULT
TIME LEFT 2 5 RIGHT 0 5
MOVE A70 104
MOVE A71 64
MOVE A72 16
MOVE B28 166
MOVE B48 136
END TURN 200
TURN 201
COMMAND LEFT START
COMMAND LEFT END
COMMAND RIGHT START
COMMAND RIGHT END
TURN 201 RESULT
TIME LEFT 0 5 RIGHT 0 5
MOVE A71 90
MOVE A72 31
MOVE B28 182
END TURN 201
TURN 202
COMMAND LEFT START
COMMAND LEFT END
COMMAND RIGHT START
COMMAND RIGHT END
TURN 202 RESULT
TIME LEFT 0 5 RIGHT 0 5
MOVE A71 104
MOVE A72 56
END TURN 202
TURN 203
COMMAND LEFT START
COMMAND LEFT END
COMMAND RIGHT START
UPGRADE 136
COMMAND RIGHT END
TURN 203 RESULT
TIME LEFT 0 5 RIGHT 0 5
UPGRADE B 136
MOVE A72 64
END TURN 203
TURN 204
COMMAND LEFT START
COMMAND LEFT END
COMMAND RIGHT START
COMMAND RIGHT END
TURN 204 RESULT
TIME LEFT 0 5 RIGHT 0 5
MOVE A72 90
END TURN 204
TURN 205
COMMAND LEFT START
MOVE A35 208
MOVE A36 208
MOVE A37 208
MOVE A38 208
MOVE A39 208
MOVE A40 208
MOVE A41 208
MOVE A42 208
MOVE A43 208
MOVE A44 208
MOVE A45 208
MOVE A46 208
MOVE A47 208
MOVE A48 208
MOVE A49 208
MOVE A50 208
MOVE A51 208
MOVE A52 208
MOVE A53 208
MOVE A54 208
MOVE A55 208
MOVE A56 208
MOVE A57 208
MOVE A58 208
MOVE A59 208
MOVE A60 208
MOVE A61 208
MOVE A62 208
MOVE A63 208
MOVE A64 208
MOVE A65 208
MOVE A66 208
MOVE A67 208
MOVE A68 208
MOVE A69 208
MOVE A70 208
MOVE A71 208
COMMAND LEFT END
COMMAND RIGHT START
COMMAND RIGHT END
TURN 205 RESULT
TIME LEFT 0 5 RIGHT 0 5
MOVE A35 118
MOVE A36 118
MOVE A37 118
MOVE A38 118
MOVE A39 118
MOVE A40 118
MOVE A41 118
MOVE A42 118
MOVE A43 118
MOVE A44 118
MOVE A45 118
MOVE A46 118
MOVE A47 118
MOVE A48 118
MOVE A49 118
MOVE A50 97
MOVE A51 118
MOVE A52 118
MOVE A53 118
MOVE A54 118
MOVE A55 118
MOVE A56 118
MOVE A57 118
MOVE A58 118
MOVE A59 118
MOVE A60 118
MOVE A61 118
MOVE A62 118
MOVE A63 118
MOVE A64 118
MOVE A65 118
MOVE A66 118
MOVE A67 118
MOVE A68 118
MOVE A69 118
MOVE A70 118
MOVE A71 118
MOVE A72 104
END TURN 205
TURN 206
COMMAND LEFT START
COMMAND LEFT END
COMMAND RIGHT START
COMMAND RIGHT END
TURN 206 RESULT
TIME LEFT 0 5 RIGHT 0 5
MOVE A35 144
MOVE A36 144
MOVE A37 144
MOVE A38 144
MOVE A39 144
MOVE A40 144
MOVE A41 144
MOVE A42 144
MOVE A43 144
MOVE A44 144
MOVE A45 144
MOVE A46 144
MOVE A47 144
MOVE A48 144
MOVE A49 144
MOVE A50 108
MOVE A51 144
MOVE A52 144
MOVE A53 144
MOVE A54 144
MOVE A55 144
MOVE A56 144
MOVE A57 144
MOVE A58 144
MOVE A59 144
MOVE A60 144
MOVE A61 144
MOVE A62 144
MOVE A63 144
MOVE A64 144
MOVE A65 144
MOVE A66 144
MOVE A67 144
MOVE A68 144
MOVE A69 144
MOVE A70 144
MOVE A71 144
END TURN 206
TURN 207
COMMAND LEFT START
COMMAND LEFT END
COMMAND RIGHT START
TRAIN 2
COMMAND RIGHT END
TURN 207 RESULT
TIME LEFT 2 5 RIGHT 0 5
TRAIN B50 B51
MOVE A35 152
MOVE A36 152
MOVE A37 152
MOVE A38 152
MOVE A39 152
MOVE A40 152
MOVE A41 152
MOVE A42 152
MOVE A43 152
MOVE A44 152
MOVE A45 152
MOVE A46 152
MOVE A47 152
MOVE A48 152
MOVE A49 152
MOVE A50 130
MOVE A51 152
MOVE A52 152
MOVE A53 152
MOVE A54 152
MOVE A55 152
MOVE A56 152
MOVE A57 152
MOVE A58 152
MOVE A59 152
MOVE A60 152
MOVE A61 152
MOVE A62 152
MOVE A63 152
MOVE A64 152
MOVE A65 152
MOVE A66 152
MOVE A67 152
MOVE A68 152
MOVE A69 152
MOVE A70 152
MOVE A71 152
END TURN 207
TURN 208
COMMAND LEFT START
COMMAND LEFT END
COMMAND RIGHT START
MOVE B51 156
MOVE B50 156
TRAIN 2
COMMAND RIGHT END
TURN 208 RESULT
TIME LEFT 0 5 RIGHT 0 5
TRAIN B52 B53
MOVE A35 177
MOVE A36 177
MOVE A37 177
MOVE A38 177
MOVE A39 177
MOVE A40 177
MOVE A41 177
MOVE A42 177
MOVE A43 177
MOVE A44 177
MOVE A45 177
MOVE A46 177
MOVE A47 177
MOVE A48 177
MOVE A49 177
MOVE A50 141
MOVE A51 177
MOVE A52 177
MOVE A53 177
MOVE A54 177
MOVE A55 177
MOVE A56 177
MOVE A57 177
MOVE A58 177
MOVE A59 177
MOVE A60 177
MOVE A61 177
MOVE A62 177
MOVE A63 177
MOVE A64 177
MOVE A65 177
MOVE A66 177
MOVE A67 177
MOVE A68 177
MOVE A69 177
MOVE A70 177
MOVE A71 177
MOVE B50 203
MOVE B51 203
END TURN 208
TURN 209
COMMAND LEFT START
COMMAND LEFT END
COMMAND RIGHT START
MOVE B53 156
MOVE B52 156
TRAIN 2
COMMAND RIGHT END
TURN 209 RESULT
TIME LEFT 0 5 RIGHT 0 5
TRAIN B54 B55
MOVE A35 192
MOVE A36 192
MOVE A37 192
MOVE A38 192
MOVE A39 192
MOVE A40 192
MOVE A41 192
MOVE A42 192
MOVE A43 192
MOVE A44 192
MOVE A45 192
MOVE A46 192
MOVE A47 192
MOVE A48 192
MOVE A49 192
MOVE A50 161
MOVE A51 192
MOVE A52 192
MOVE A53 192
MOVE A54 192
MOVE A55 192
MOVE A56 192
MOVE A57 192
MOVE A58 192
MOVE A59 192
MOVE A60 192
MOVE A61 192
MOVE A62 192
MOVE A63 192
MOVE A64 192
MOVE A65 192
MOVE A66 192
MOVE A67 192
MOVE A68 192
MOVE A69 192
MOVE A70 192
MOVE A71 192
MOVE B50 199
MOVE B51 199
MOVE B52 203
MOVE B53 203
END TURN 209
TURN 210
COMMAND LEFT START
COMMAND LEFT END
COMMAND RIGHT START
MOVE B28 208
MOVE B49 208
MOVE B18 208
MOVE B29 208
MOVE B37 208
MOVE B46 208
MOVE B47 208
MOVE B48 208
TRAIN 2
COMMAND RIGHT END
TURN 210 RESULT
TIME LEFT 0 5 RIGHT 0 5
TRAIN B56 B57
MOVE A35 200
MOVE A36 200
MOVE A37 200
MOVE A38 200
MOVE A39 200
MOVE A40 200
MOVE A41 200
MOVE A42 200
MOVE A43 200
MOVE A44 200
MOVE A45 200
MOVE A46 200
MOVE A47 200
MOVE A48 200
MOVE A49 200
MOVE A50 172
MOVE A51 200
MOVE A52 200
MOVE A53 200
MOVE A54 200
MOVE A55 200
MOVE A56 200
MOVE A57 200
MOVE A58 200
MOVE A59 200
MOVE A60 200
MOVE A61 200
MOVE A62 200
MOVE A63 200
MOVE A64 200
MOVE A65 200
MOVE A66 200
MOVE A67 200
MOVE A68 200
MOVE A69 200
MOVE A70 200
MOVE A71 200
MOVE B18 201
MOVE B28 197
MOVE B29 201
MOVE B37 201
MOVE B46 176
MOVE B47 176
MOVE B48 155
MOVE B49 197
MOVE B50 191
MOVE B51 191
MOVE B52 199
MOVE B53 199
END TURN 210
TURN 211
COMMAND LEFT START
MOVE A72 208
COMMAND LEFT END
COMMAND RIGHT START
COMMAND RIGHT END
TURN 211 RESULT
TIME LEFT 0 5 RIGHT 0 5
MOVE A35 203
MOVE A36 203
MOVE A37 203
MOVE A38 203
MOVE A39 203
MOVE A40 203
MOVE A41 203
MOVE A42 203
MOVE A43 203
MOVE A44 203
MOVE A45 203
MOVE A46 203
MOVE A47 203
MOVE A48 203
MOVE A49 203
MOVE A50 181
MOVE A51 203
MOVE A52 203
MOVE A53 203
MOVE A54 203
MOVE A55 203
MOVE A56 203
MOVE A57 203
MOVE A58 203
MOVE A59 203
MOVE A60 203
MOVE A61 203
MOVE A62 203
MOVE A63 203
MOVE A64 203
MOVE A65 203
MOVE A66 203
MOVE A67 203
MOVE A68 203
MOVE A69 203
MOVE A70 203
MOVE A71 203
MOVE A72 118
MOVE B18 207
MOVE B28 206
MOVE B29 207
MOVE B37 207
MOVE B46 191
MOVE B47 191
MOVE B48 172
MOVE B49 206
MOVE B50 176
MOVE B51 176
MOVE B52 191
MOVE B53 191
END TURN 211
TURN 212
COMMAND LEFT START
COMMAND LEFT END
COMMAND RIGHT START
COMMAND RIGHT END
TURN 212 RESULT
TIME LEFT 0 5 RIGHT 0 5
MOVE A35 208
MOVE A36 208
MOVE A37 208
MOVE A38 208
MOVE A39 208
MOVE A40 208
MOVE A41 208
MOVE A42 208
MOVE A43 208
MOVE A44 208
MOVE A45 208
MOVE A46 208
MOVE A47 208
MOVE A48 208
MOVE A49 208
MOVE A50 198
MOVE A51 208
MOVE A52 208
MOVE A53 208
MOVE A54 208
MOVE A55 208
MOVE A56 208
MOVE A57 208
MOVE A58 208
MOVE A59 208
MOVE A60 208
MOVE A61 208
MOVE A62 208
MOVE A63 208
MOVE A64 208
MOVE A65 208
MOVE A66 208
MOVE A67 208
MOVE A68 208
MOVE A69 208
MOVE A70 208
MOVE A71 208
MOVE A72 144
MOVE B18 208
MOVE B28 208
MOVE B29 208
MOVE B37 208
MOVE B46 199
MOVE B47 199
MOVE B48 181
MOVE B49 208
MOVE B50 156
MOVE B51 156
MOVE B52 176
MOVE B53 176
DAMAGE TURRET A35 1
DAMAGE TURRET A36 1
DAMAGE COMBAT A36 5
DAMAGE COMBAT A37 6
DAMAGE COMBAT A38 1
DAMAGE COMBAT B4 4
DAMAGE COMBAT B8 5
DAMAGE COMBAT B18 6
DAMAGE COMBAT B20 6
DAMAGE COMBAT B28 6
DAMAGE COMBAT B29 6
DAMAGE COMBAT B37 3
END TURN 212
TURN 213
COMMAND LEFT START
MOVE A73 208
MOVE A74 208
TRAIN 2
COMMAND LEFT END
COMMAND RIGHT START
MOVE B50 208
MOVE B51 208
TRAIN 1
COMMAND RIGHT END
TURN 213 RESULT
TIME LEFT 0 5 RIGHT 0 5
TRAIN A76 A77 B58
MOVE A50 206
MOVE A72 152
MOVE A73 5
MOVE A74 5
MOVE B46 203
MOVE B47 203
MOVE B48 198
MOVE B50 176
MOVE B51 176
MOVE B52 156
MOVE B53 156
DAMAGE TURRET A38 2
DAMAGE COMBAT A38 3
DAMAGE COMBAT A39 4
DAMAGE COMBAT B37 3
DAMAGE COMBAT B49 6
DAMAGE COMBAT B54 6
DAMAGE COMBAT B55 6
DAMAGE COMBAT B56 6
DAMAGE COMBAT B57 6
END TURN 213
TURN 214
COMMAND LEFT START
MOVE A75 208
TRAIN 1
COMMAND LEFT END
COMMAND RIGHT START
MOVE B52 208
MOVE B53 208
COMMAND RIGHT END
TURN 214 RESULT
TIME LEFT 0 5 RIGHT 0 5
TRAIN A78
MOVE A50 208
MOVE A72 177
MOVE A73 8
MOVE A74 8
MOVE A75 5
MOVE B46 208
MOVE B47 208
MOVE B48 206
MOVE B50 191
MOVE B51 191
MOVE B52 176
MOVE B53 176
DAMAGE TURRET A39 2
DAMAGE COMBAT A40 3
DAMAGE COMBAT B46 6
DAMAGE COMBAT B47 6
DAMAGE COMBAT B58 6
SIEGE B 208 15
END TURN 214
TURN 215
COMMAND LEFT START
MOVE A76 208
TRAIN 1
COMMAND LEFT END
COMMAND RIGHT START
COMMAND RIGHT END
TURN 215 RESULT
TIME LEFT 0 5 RIGHT 0 5
TRAIN A79
MOVE A72 192
MOVE A73 16
MOVE A74 16
MOVE A75 8
MOVE A76 5
MOVE B48 208
MOVE B50 199
MOVE B51 199
MOVE B52 191
MOVE B53 191
DAMAGE TURRET A40 2
DAMAGE COMBAT A40 1
DAMAGE COMBAT B48 6
SIEGE B 208 5
END TURN 215
RESULT LEFT_WIN HQ_DESTROYED
