[LEFT ""]
[RIGHT ""]
MAP
209 15
-10994 -11164 -10848 -10293 -9114 -9102 -10164 -8726 -9539 -9369 -8406 -8180 -9322 -7862 -8021 -7752 -7508 -7701 -7531 -7429 -7505 -7293 -7624 -8195 -6962 -7693 -6792 -6581 -6552 -7071 -6543 -6269 -6167 -6174 -6191 -6019 -6166 -5805 -5429 -5902 -5418 -5468 -5119 -5085 -5714 -4729 -4930 -4799 -4912 -4551 -4641 -4295 -4581 -4479 -4814 -4023 -4023 -3825 -3935 -3804 -3672 -3592 -3608 -3159 -3138 -2974 -2889 -2927 -2761 -2921 -2671 -2722 -2911 -2632 -2565 -2452 -2420 -1992 -1950 -1576 -1688 -1725 -1657 -1704 -1551 -1869 -1363 -1422 -1452 -1203 -1311 -1265 -1022 -814 -579 -659 -441 -985 -506 -595 -758 -386 -394 -103 0 103 394 386 758 595 506 985 441 659 579 814 1022 1265 1311 1203 1452 1422 1363 1869 1551 1704 1657 1725 1688 1576 1950 1992 2420 2452 2565 2632 2911 2722 2671 2921 2761 2927 2889 2974 3138 3159 3608 3592 3672 3804 3935 3825 4023 4023 4814 4479 4581 4295 4641 4551 4912 4799 4930 4729 5714 5085 5119 5468 5418 5902 5429 5805 6166 6019 6191 6174 6167 6269 6543 7071 6552 6581 6792 7693 6962 8195 7624 7293 7505 7429 7531 7701 7508 7752 8021 7862 9322 8180 8406 9369 9539 8726 10164 9102 9114 10293 10848 11164 10994
527 -1089 -2715 2277 -443 -2451 4300 -1306 -3748 6096 136 3725 -5204 -2392 2590 -1458 -3300 1576 579 5217 -5230 -436 6517 -6752 3784 8167 -3785 2728 -1415 -7864 1241 5993 -505 -4532 4823 494 -2407 1980 6571 8523 -3281 -5312 3893 84 -9525 5117 2515 -987 -7555 -1863 1326 -3107 -6308 -4708 9632 -33 5966 2687 -10137 7197 -7202 1039 -4777 -2084 4769 -775 -5521 3761 302 -3797 -7223 -9383 10462 5955 1433 2718 7392 -2115 -6485 -3331 77 -4573 2157 8001 5814 -9879 4668 -5570 9070 1103 3399 -856 -7830 6575 7355 -1845 8355 -10841 1888 -6338 10863 -4573 5627 3220 0 -3220 -5627 4573 -10863 6338 -1888 10841 -8355 1845 -7355 -6575 7830 856 -3399 -1103 -9070 5570 -4668 9879 -5814 -8001 -2157 4573 -77 3331 6485 2115 -7392 -2718 -1433 -5955 -10462 9383 7223 3797 -302 -3761 5521 775 -4769 2084 4777 -1039 7202 -7197 10137 -2687 -5966 33 -9632 4708 6308 3107 -1326 1863 7555 987 -2515 -5117 9525 -84 -3893 5312 3281 -8523 -6571 -1980 2407 -494 -4823 4532 505 -5993 -1241 7864 1415 -2728 3785 -8167 -3784 6752 -6517 436 5230 -5217 -579 -1576 3300 1458 -2590 2392 5204 -3725 -136 -6096 3748 1306 -4300 2451 443 -2277 2715 1089 -527
STRONGHOLDS 9 29 47 52 72 77 97 104 111 131 136 156 161 179 199
4 1 3 4 10
5 0 2 4 5 7
4 1 5 8 12
6 0 6 10 11 14 17
4 0 1 7 10
6 1 2 7 8 13 16
3 3 9 11
6 1 4 5 10 13 15
5 2 5 12 16 20
5 6 11 19 22 25
8 0 3 4 7 15 17 18 21
6 3 6 9 14 19 24
4 2 8 20 23
6 5 7 15 16 28 36
5 3 11 17 24 27
5 7 10 13 21 28
6 5 8 13 20 26 36
6 3 10 14 18 27 30
5 10 17 21 30 35
6 9 11 22 24 31 34
8 8 12 16 23 26 29 33 41
6 10 15 18 28 32 35
6 9 19 25 31 38 39
3 12 20 29
6 11 14 19 27 34 42
3 9 22 39
5 16 20 33 36 40
7 14 17 24 30 37 42 46
6 13 15 21 32 36 47
5 20 23 41 44 48
5 17 18 27 35 37
5 19 22 34 38 45
5 21 28 35 43 47
5 20 26 40 41 53
5 19 24 31 42 45
7 18 21 30 32 37 43 50
7 13 16 26 28 40 47 49
5 27 30 35 46 50
6 22 31 39 45 56 59
5 22 25 38 54 59
6 26 33 36 49 51 53
6 20 29 33 48 52 53
8 24 27 34 45 46 57 64 67
5 32 35 47 50 55
3 29 48 58
6 31 34 38 42 56 64
5 27 37 42 50 57
7 28 32 36 43 49 55 65
7 29 41 44 52 58 60 71
6 36 40 47 51 63 65
7 35 37 43 46 55 57 61
6 40 49 53 62 63 69
6 41 48 53 60 62 66
6 33 40 41 51 52 62
3 39 59 72
6 43 47 50 61 65 68
5 38 45 59 64 73
7 42 46 50 61 67 74 75
5 44 48 71 85 97
7 38 39 54 56 72 73 76
5 48 52 66 70 71
5 50 55 57 68 74
5 51 52 53 66 69
5 49 51 65 69 77
6 42 45 56 67 73 86
8 47 49 55 63 68 77 80 91
8 52 60 62 69 70 78 81 87
6 42 57 64 75 86 90
5 55 61 65 74 80
7 51 62 63 66 77 79 81
5 60 66 71 78 92
6 48 58 60 70 85 92
6 54 59 76 83 88 100
6 56 59 64 76 84 86
7 57 61 68 75 80 82 89
5 57 67 74 82 90
6 59 72 73 83 84 93
6 63 65 69 79 91 95
5 66 70 87 92 99
6 69 77 81 95 101 105
6 65 68 74 89 91 104
5 66 69 79 87 101
5 74 75 89 90 98
6 72 76 88 93 94 96
5 73 76 86 93 102
5 58 71 92 97 112
8 64 67 73 84 90 102 103 107
5 66 78 81 99 101
4 72 83 96 100
5 74 80 82 98 104
6 67 75 82 86 98 103
5 65 77 80 95 104
7 70 71 78 85 99 112 114
6 76 83 84 94 102 109
5 83 93 96 109 116
6 77 79 91 104 105 110
7 83 88 94 100 111 116 123
4 58 85 108 112
6 82 89 90 103 104 113
7 78 87 92 101 106 114 115
4 72 88 96 111
7 79 81 87 99 105 106 122
5 84 86 93 107 109
6 86 90 98 107 113 129
10 80 89 91 95 98 110 113 117 119 128
6 79 95 101 110 118 122
5 99 101 115 122 124
7 86 102 103 109 121 127 129
4 97 112 120 136
7 93 94 102 107 116 121 130
6 95 104 105 118 119 126
4 96 100 123 150
7 85 92 97 108 114 120 125
6 98 103 104 117 129 131
5 92 99 112 115 125
6 99 106 114 124 125 132
7 94 96 109 123 130 137 138
5 104 113 128 131 143
6 105 110 122 126 133 141
5 104 110 126 128 134
4 108 112 125 136
5 107 109 127 130 142
8 101 105 106 118 124 135 141 144
5 96 111 116 137 150
5 106 115 122 132 135
6 112 114 115 120 132 136
5 110 118 119 133 134
5 107 121 129 139 142
6 104 117 119 134 140 143
6 103 107 113 127 131 139
5 109 116 121 138 142
6 113 117 129 139 143 145
6 115 124 125 135 136 149
5 118 126 134 141 151
7 119 126 128 133 140 147 151
6 122 124 132 144 149 152
6 108 120 125 132 149 154
6 116 123 138 148 150 160
5 116 130 137 142 148
7 127 129 131 142 145 146 157
5 128 134 143 147 153
6 118 122 133 144 151 166
8 121 127 130 138 139 146 148 156
8 117 128 131 140 145 153 159 161
6 122 135 141 152 163 166
5 131 139 143 157 159
5 139 142 155 156 157
5 134 140 151 153 158
5 137 138 142 156 160
7 132 135 136 152 154 169 170
5 111 123 137 160 164
7 133 134 141 147 158 162 166
5 135 144 149 163 170
6 140 143 147 158 161 165
3 136 149 169
6 146 156 157 167 168 175
6 142 146 148 155 160 167
6 139 145 146 155 159 168
7 147 151 153 162 165 171 173
6 143 145 157 161 168 172
7 137 148 150 156 164 167 179
7 143 153 159 165 172 176 180
5 151 158 166 171 181
6 144 152 166 170 174 177
3 150 160 179
5 153 158 161 173 176
8 141 144 151 162 163 174 181 184
6 155 156 160 175 179 188
6 155 157 159 172 175 182
5 149 154 170 183 186
6 149 152 163 169 177 186
5 158 162 173 178 181
7 159 161 168 180 182 192 195
7 158 165 171 176 178 187 190
5 163 166 177 184 189
5 155 167 168 182 188
5 161 165 173 180 187
5 163 170 174 186 189
5 171 173 181 190 191
5 160 164 167 185 188
6 161 172 176 187 193 195
7 162 166 171 178 184 191 194
5 168 172 175 188 192
3 169 186 199
6 166 174 181 189 194 197
3 179 188 196
6 169 170 177 183 189 199
6 173 176 180 190 193 198
8 167 175 179 182 185 192 196 200
6 174 177 184 186 197 199
5 173 178 187 191 198
6 178 181 190 194 198 205
6 172 182 188 195 200 203
5 180 187 195 198 201
5 181 184 191 197 205
6 172 180 192 193 201 203
4 185 188 200 206
6 184 189 194 199 202 205
8 187 190 191 193 201 204 205 208
5 183 186 189 197 202
5 188 192 196 203 206
6 193 195 198 203 204 207
3 197 199 205
6 192 195 200 201 206 207
4 198 201 207 208
6 191 194 197 198 202 208
4 196 200 203 207
5 201 203 204 206 208
4 198 204 205 207
END MAP
TURN 1
COMMAND LEFT START
MOVE A1 104
MOVE A2 9
TRAIN 1
COMMAND LEFT END
COMMAND RIGHT START
MOVE B1 199
MOVE B2 104
COMMAND RIGHT END
TURN 1 RESULT
TIME LEFT 6 5 RIGHT 6 5
TRAIN A4
MOVE A1 10
MOVE A2 3
MOVE B1 205
MOVE B2 198
END TURN 1
TURN 2
COMMAND LEFT START
MOVE A4 10
COMMAND LEFT END
COMMAND RIGHT START
COMMAND RIGHT END
TURN 2 RESULT
TIME LEFT 0 5 RIGHT 0 5
MOVE A1 18
MOVE A2 6
MOVE A4 10
MOVE B1 202
MOVE B2 190
END TURN 2
TURN 3
COMMAND LEFT START
MOVE A4 43
COMMAND LEFT END
COMMAND RIGHT START
COMMAND RIGHT END
TURN 3 RESULT
TIME LEFT 0 5 RIGHT 0 5
MOVE A1 35
MOVE A2 9
MOVE A4 18
MOVE B1 199
MOVE B2 173
END TURN 3
TURN 4
COMMAND LEFT START
UPGRADE 9
COMMAND LEFT END
COMMAND RIGHT START
UPGRADE 199
COMMAND RIGHT END
TURN 4 RESULT
TIME LEFT 0 5 RIGHT 0 5
UPGRADE A 9
UPGRADE B 199
MOVE A1 43
MOVE A4 35
MOVE B2 165
END TURN 4
TURN 5
COMMAND LEFT START
COMMAND LEFT END
COMMAND RIGHT START
COMMAND RIGHT END
TURN 5 RESULT
TIME LEFT 0 5 RIGHT 0 5
MOVE A1 55
MOVE A4 43
MOVE B2 153
END TURN 5
TURN 6
COMMAND LEFT START
MOVE A4 80
COMMAND LEFT END
COMMAND RIGHT START
COMMAND RIGHT END
TURN 6 RESULT
TIME LEFT 0 5 RIGHT 0 5
MOVE A1 68
MOVE A4 55
MOVE B2 140
END TURN 6
TURN 7
COMMAND LEFT START
COMMAND LEFT END
COMMAND RIGHT START
COMMAND RIGHT END
TURN 7 RESULT
TIME LEFT 0 5 RIGHT 0 5
MOVE A1 80
MOVE A4 68
MOVE B2 128
END TURN 7
TURN 8
COMMAND LEFT START
COMMAND LEFT END
COMMAND RIGHT START
COMMAND RIGHT END
TURN 8 RESULT
TIME LEFT 0 5 RIGHT 0 5
MOVE A1 104
MOVE A4 80
MOVE B2 104
DAMAGE COMBAT A1 1
DAMAGE COMBAT B2 1
END TURN 8
TURN 9
COMMAND LEFT START
MOVE A4 65
COMMAND LEFT END
COMMAND RIGHT START
COMMAND RIGHT END
TURN 9 RESULT
TIME LEFT 0 5 RIGHT 0 5
MOVE A4 65
DAMAGE COMBAT A1 1
DAMAGE COMBAT B2 1
END TURN 9
TURN 10
COMMAND LEFT START
COMMAND LEFT END
COMMAND RIGHT START
COMMAND RIGHT END
TURN 10 RESULT
TIME LEFT 0 5 RIGHT 0 5
DAMAGE COMBAT A1 1
DAMAGE COMBAT B2 1
END TURN 10
TURN 11
COMMAND LEFT START
COMMAND LEFT END
COMMAND RIGHT START
COMMAND RIGHT END
TURN 11 RESULT
TIME LEFT 0 5 RIGHT 0 5
DAMAGE COMBAT A1 1
DAMAGE COMBAT B2 1
END TURN 11
TURN 12
COMMAND LEFT START
COMMAND LEFT END
COMMAND RIGHT START
MOVE B3 104
TRAIN 1
COMMAND RIGHT END
TURN 12 RESULT
TIME LEFT 0 5 RIGHT 0 5
TRAIN B4
MOVE B3 198
END TURN 12
TURN 13
COMMAND LEFT START
COMMAND LEFT END
COMMAND RIGHT START
COMMAND RIGHT END
TURN 13 RESULT
TIME LEFT 0 5 RIGHT 0 5
MOVE B3 190
END TURN 13
TURN 14
COMMAND LEFT START
COMMAND LEFT END
COMMAND RIGHT START
COMMAND RIGHT END
TURN 14 RESULT
TIME LEFT 0 5 RIGHT 0 5
MOVE B3 173
END TURN 14
TURN 15
COMMAND LEFT START
COMMAND LEFT END
COMMAND RIGHT START
COMMAND RIGHT END
TURN 15 RESULT
TIME LEFT 0 5 RIGHT 0 5
MOVE B3 165
END TURN 15
TURN 16
COMMAND LEFT START
COMMAND LEFT END
COMMAND RIGHT START
COMMAND RIGHT END
TURN 16 RESULT
TIME LEFT 0 5 RIGHT 0 5
MOVE B3 153
END TURN 16
TURN 17
COMMAND LEFT START
COMMAND LEFT END
COMMAND RIGHT START
COMMAND RIGHT END
TURN 17 RESULT
TIME LEFT 0 5 RIGHT 0 5
MOVE B3 140
END TURN 17
TURN 18
COMMAND LEFT START
COMMAND LEFT END
COMMAND RIGHT START
COMMAND RIGHT END
TURN 18 RESULT
TIME LEFT 0 5 RIGHT 0 5
MOVE B3 128
END TURN 18
TURN 19
COMMAND LEFT START
COMMAND LEFT END
COMMAND RIGHT START
COMMAND RIGHT END
TURN 19 RESULT
TIME LEFT 0 5 RIGHT 0 5
MOVE B3 104
END TURN 19
TURN 20
COMMAND LEFT START
COMMAND LEFT END
COMMAND RIGHT START
UPGRADE 104
COMMAND RIGHT END
TURN 20 RESULT
TIME LEFT 0 5 RIGHT 0 5
UPGRADE B 104
END TURN 20
TURN 21
COMMAND LEFT START
COMMAND LEFT END
COMMAND RIGHT START
COMMAND RIGHT END
TURN 21 RESULT
TIME LEFT 0 5 RIGHT 0 5
END TURN 21
TURN 22
COMMAND LEFT START
COMMAND LEFT END
COMMAND RIGHT START
COMMAND RIGHT END
TURN 22 RESULT
TIME LEFT 0 5 RIGHT 0 5
END TURN 22
TURN 23
COMMAND LEFT START
COMMAND LEFT END
COMMAND RIGHT START
TRAIN 1
COMMAND RIGHT END
TURN 23 RESULT
TIME LEFT 0 5 RIGHT 0 5
TRAIN B5
END TURN 23
TURN 24
COMMAND LEFT START
COMMAND LEFT END
COMMAND RIGHT START
COMMAND RIGHT END
TURN 24 RESULT
TIME LEFT 0 5 RIGHT 0 5
END TURN 24
TURN 25
COMMAND LEFT START
COMMAND LEFT END
COMMAND RIGHT START
COMMAND RIGHT END
TURN 25 RESULT
TIME LEFT 0 5 RIGHT 0 5
END TURN 25
TURN 26
COMMAND LEFT START
COMMAND LEFT END
COMMAND RIGHT START
COMMAND RIGHT END
TURN 26 RESULT
TIME LEFT 0 5 RIGHT 0 5
END TURN 26
TURN 27
COMMAND LEFT START
TRAIN 1
COMMAND LEFT END
COMMAND RIGHT START
COMMAND RIGHT END
TURN 27 RESULT
TIME LEFT 0 5 RIGHT 0 5
TRAIN A5
END TURN 27
TURN 28
COMMAND LEFT START
MOVE A3 47
COMMAND LEFT END
COMMAND RIGHT START
COMMAND RIGHT END
TURN 28 RESULT
TIME LEFT 0 5 RIGHT 0 5
MOVE A3 10
END TURN 28
TURN 29
COMMAND LEFT START
COMMAND LEFT END
COMMAND RIGHT START
COMMAND RIGHT END
TURN 29 RESULT
TIME LEFT 0 5 RIGHT 0 5
MOVE A3 21
END TURN 29
TURN 30
COMMAND LEFT START
COMMAND LEFT END
COMMAND RIGHT START
COMMAND RIGHT END
TURN 30 RESULT
TIME LEFT 0 5 RIGHT 0 5
MOVE A3 32
END TURN 30
TURN 31
COMMAND LEFT START
COMMAND LEFT END
COMMAND RIGHT START
COMMAND RIGHT END
TURN 31 RESULT
TIME LEFT 0 5 RIGHT 0 5
MOVE A3 47
END TURN 31
TURN 32
COMMAND LEFT START
UPGRADE 47
COMMAND LEFT END
COMMAND RIGHT START
COMMAND RIGHT END
TURN 32 RESULT
TIME LEFT 0 5 RIGHT 0 5
UPGRADE A 47
END TURN 32
TURN 33
COMMAND LEFT START
COMMAND LEFT END
COMMAND RIGHT START
MOVE B5 161
COMMAND RIGHT END
TURN 33 RESULT
TIME LEFT 0 5 RIGHT 0 5
MOVE B5 198
END TURN 33
TURN 34
COMMAND LEFT START
COMMAND LEFT END
COMMAND RIGHT START
COMMAND RIGHT END
TURN 34 RESULT
TIME LEFT 0 5 RIGHT 0 5
MOVE B5 187
END TURN 34
TURN 35
COMMAND LEFT START
COMMAND LEFT END
COMMAND RIGHT START
COMMAND RIGHT END
TURN 35 RESULT
TIME LEFT 0 5 RIGHT 0 5
MOVE B5 176
END TURN 35
TURN 36
COMMAND LEFT START
COMMAND LEFT END
COMMAND RIGHT START
COMMAND RIGHT END
TURN 36 RESULT
TIME LEFT 0 5 RIGHT 0 5
MOVE B5 161
END TURN 36
TURN 37
COMMAND LEFT START
COMMAND LEFT END
COMMAND RIGHT START
UPGRADE 161
COMMAND RIGHT END
TURN 37 RESULT
TIME LEFT 0 5 RIGHT 0 5
UPGRADE B 161
END TURN 37
TURN 38
COMMAND LEFT START
COMMAND LEFT END
COMMAND RIGHT START
COMMAND RIGHT END
TURN 38 RESULT
TIME LEFT 0 5 RIGHT 0 5
END TURN 38
TURN 39
COMMAND LEFT START
COMMAND LEFT END
COMMAND RIGHT START
TRAIN 1
COMMAND RIGHT END
TURN 39 RESULT
TIME LEFT 0 5 RIGHT 0 5
TRAIN B6
END TURN 39
TURN 40
COMMAND LEFT START
COMMAND LEFT END
COMMAND RIGHT START
COMMAND RIGHT END
TURN 40 RESULT
TIME LEFT 0 5 RIGHT 0 5
END TURN 40
TURN 41
COMMAND LEFT START
COMMAND LEFT END
COMMAND RIGHT START
COMMAND RIGHT END
TURN 41 RESULT
TIME LEFT 0 5 RIGHT 0 5
END TURN 41
TURN 42
COMMAND LEFT START
COMMAND LEFT END
COMMAND RIGHT START
COMMAND RIGHT END
TURN 42 RESULT
TIME LEFT 0 5 RIGHT 0 5
END TURN 42
TURN 43
COMMAND LEFT START
COMMAND LEFT END
COMMAND RIGHT START
COMMAND RIGHT END
TURN 43 RESULT
TIME LEFT 0 5 RIGHT 0 5
END TURN 43
TURN 44
COMMAND LEFT START
COMMAND LEFT END
COMMAND RIGHT START
COMMAND RIGHT END
TURN 44 RESULT
TIME LEFT 0 5 RIGHT 0 5
END TURN 44
TURN 45
COMMAND LEFT START
COMMAND LEFT END
COMMAND RIGHT START
MOVE B6 179
COMMAND RIGHT END
TURN 45 RESULT
TIME LEFT 0 5 RIGHT 0 5
MOVE B6 207
END TURN 45
TURN 46
COMMAND LEFT START
UPGRADE 0
COMMAND LEFT END
COMMAND RIGHT START
COMMAND RIGHT END
TURN 46 RESULT
TIME LEFT 0 5 RIGHT 0 5
UPGRADE A 0
MOVE B6 206
END TURN 46
TURN 47
COMMAND LEFT START
COMMAND LEFT END
COMMAND RIGHT START
COMMAND RIGHT END
TURN 47 RESULT
TIME LEFT 0 5 RIGHT 0 5
MOVE B6 196
END TURN 47
TURN 48
COMMAND LEFT START
COMMAND LEFT END
COMMAND RIGHT START
COMMAND RIGHT END
TURN 48 RESULT
TIME LEFT 0 5 RIGHT 0 5
MOVE B6 185
END TURN 48
TURN 49
COMMAND LEFT START
COMMAND LEFT END
COMMAND RIGHT START
COMMAND RIGHT END
TURN 49 RESULT
TIME LEFT 0 5 RIGHT 0 5
MOVE B6 179
END TURN 49
TURN 50
COMMAND LEFT START
COMMAND LEFT END
COMMAND RIGHT START
UPGRADE 179
COMMAND RIGHT END
TURN 50 RESULT
TIME LEFT 0 5 RIGHT 0 5
UPGRADE B 179
END TURN 50
TURN 51
COMMAND LEFT START
COMMAND LEFT END
COMMAND RIGHT START
COMMAND RIGHT END
TURN 51 RESULT
TIME LEFT 0 5 RIGHT 0 5
END TURN 51
TURN 52
COMMAND LEFT START
COMMAND LEFT END
COMMAND RIGHT START
COMMAND RIGHT END
TURN 52 RESULT
TIME LEFT 0 5 RIGHT 0 5
END TURN 52
TURN 53
COMMAND LEFT START
COMMAND LEFT END
COMMAND RIGHT START
COMMAND RIGHT END
TURN 53 RESULT
TIME LEFT 0 5 RIGHT 0 5
END TURN 53
TURN 54
COMMAND LEFT START
COMMAND LEFT END
COMMAND RIGHT START
COMMAND RIGHT END
TURN 54 RESULT
TIME LEFT 0 5 RIGHT 0 5
END TURN 54
TURN 55
COMMAND LEFT START
COMMAND LEFT END
COMMAND RIGHT START
COMMAND RIGHT END
TURN 55 RESULT
TIME LEFT 0 5 RIGHT 0 5
END TURN 55
TURN 56
COMMAND LEFT START
COMMAND LEFT END
COMMAND RIGHT START
COMMAND RIGHT END
TURN 56 RESULT
TIME LEFT 0 5 RIGHT 0 5
END TURN 56
TURN 57
COMMAND LEFT START
COMMAND LEFT END
COMMAND RIGHT START
COMMAND RIGHT END
TURN 57 RESULT
TIME LEFT 0 5 RIGHT 0 5
END TURN 57
TURN 58
COMMAND LEFT START
COMMAND LEFT END
COMMAND RIGHT START
COMMAND RIGHT END
TURN 58 RESULT
TIME LEFT 0 5 RIGHT 0 5
END TURN 58
TURN 59
COMMAND LEFT START
COMMAND LEFT END
COMMAND RIGHT START
UPGRADE 208
COMMAND RIGHT END
TURN 59 RESULT
TIME LEFT 0 5 RIGHT 0 5
UPGRADE B 208
END TURN 59
TURN 60
COMMAND LEFT START
COMMAND LEFT END
COMMAND RIGHT START
COMMAND RIGHT END
TURN 60 RESULT
TIME LEFT 0 5 RIGHT 0 5
END TURN 60
TURN 61
COMMAND LEFT START
COMMAND LEFT END
COMMAND RIGHT START
TRAIN 1
COMMAND RIGHT END
TURN 61 RESULT
TIME LEFT 0 5 RIGHT 0 5
TRAIN B7
END TURN 61
TURN 62
COMMAND LEFT START
COMMAND LEFT END
COMMAND RIGHT START
COMMAND RIGHT END
TURN 62 RESULT
TIME LEFT 0 5 RIGHT 0 5
END TURN 62
TURN 63
COMMAND LEFT START
TRAIN 1
COMMAND LEFT END
COMMAND RIGHT START
COMMAND RIGHT END
TURN 63 RESULT
TIME LEFT 0 5 RIGHT 0 5
TRAIN A6
END TURN 63
TURN 64
COMMAND LEFT START
COMMAND LEFT END
COMMAND RIGHT START
COMMAND RIGHT END
TURN 64 RESULT
TIME LEFT 0 5 RIGHT 0 5
END TURN 64
TURN 65
COMMAND LEFT START
TRAIN 1
COMMAND LEFT END
COMMAND RIGHT START
COMMAND RIGHT END
TURN 65 RESULT
TIME LEFT 0 5 RIGHT 0 5
TRAIN A7
END TURN 65
TURN 66
COMMAND LEFT START
MOVE A5 29
COMMAND LEFT END
COMMAND RIGHT START
COMMAND RIGHT END
TURN 66 RESULT
TIME LEFT 0 5 RIGHT 0 5
MOVE A5 1
END TURN 66
TURN 67
COMMAND LEFT START
COMMAND LEFT END
COMMAND RIGHT START
COMMAND RIGHT END
TURN 67 RESULT
TIME LEFT 0 5 RIGHT 0 5
MOVE A5 2
END TURN 67
TURN 68
COMMAND LEFT START
TRAIN 1
COMMAND LEFT END
COMMAND RIGHT START
UPGRADE 199
COMMAND RIGHT END
TURN 68 RESULT
TIME LEFT 0 5 RIGHT 0 5
UPGRADE B 199
TRAIN A8
MOVE A5 12
END TURN 68
TURN 69
COMMAND LEFT START
COMMAND LEFT END
COMMAND RIGHT START
COMMAND RIGHT END
TURN 69 RESULT
TIME LEFT 0 5 RIGHT 0 5
MOVE A5 23
END TURN 69
TURN 70
COMMAND LEFT START
TRAIN 1
COMMAND LEFT END
COMMAND RIGHT START
TRAIN 1
COMMAND RIGHT END
TURN 70 RESULT
TIME LEFT 0 5 RIGHT 0 5
TRAIN A9 B8
MOVE A5 29
END TURN 70
TURN 71
COMMAND LEFT START
MOVE A6 77
UPGRADE 29
COMMAND LEFT END
COMMAND RIGHT START
MOVE B4 199
COMMAND RIGHT END
TURN 71 RESULT
TIME LEFT 0 5 RIGHT 0 5
UPGRADE A 29
MOVE A6 10
MOVE B4 205
END TURN 71
TURN 72
COMMAND LEFT START
COMMAND LEFT END
COMMAND RIGHT START
COMMAND RIGHT END
TURN 72 RESULT
TIME LEFT 0 5 RIGHT 0 5
MOVE A6 21
MOVE B4 202
END TURN 72
TURN 73
COMMAND LEFT START
COMMAND LEFT END
COMMAND RIGHT START
COMMAND RIGHT END
TURN 73 RESULT
TIME LEFT 0 5 RIGHT 0 5
MOVE A6 32
MOVE B4 199
END TURN 73
TURN 74
COMMAND LEFT START
COMMAND LEFT END
COMMAND RIGHT START
COMMAND RIGHT END
TURN 74 RESULT
TIME LEFT 0 5 RIGHT 0 5
MOVE A6 47
END TURN 74
TURN 75
COMMAND LEFT START
COMMAND LEFT END
COMMAND RIGHT START
COMMAND RIGHT END
TURN 75 RESULT
TIME LEFT 0 5 RIGHT 0 5
MOVE A6 49
END TURN 75
TURN 76
COMMAND LEFT START
COMMAND LEFT END
COMMAND RIGHT START
COMMAND RIGHT END
TURN 76 RESULT
TIME LEFT 0 5 RIGHT 0 5
MOVE A6 63
END TURN 76
TURN 77
COMMAND LEFT START
COMMAND LEFT END
COMMAND RIGHT START
COMMAND RIGHT END
TURN 77 RESULT
TIME LEFT 0 5 RIGHT 0 5
MOVE A6 77
END TURN 77
TURN 78
COMMAND LEFT START
COMMAND LEFT END
COMMAND RIGHT START
COMMAND RIGHT END
TURN 78 RESULT
TIME LEFT 0 5 RIGHT 0 5
END TURN 78
TURN 79
COMMAND LEFT START
UPGRADE 77
COMMAND LEFT END
COMMAND RIGHT START
COMMAND RIGHT END
TURN 79 RESULT
TIME LEFT 0 5 RIGHT 0 5
UPGRADE A 77
END TURN 79
TURN 80
COMMAND LEFT START
MOVE A7 52
COMMAND LEFT END
COMMAND RIGHT START
COMMAND RIGHT END
TURN 80 RESULT
TIME LEFT 0 5 RIGHT 0 5
MOVE A7 4
END TURN 80
TURN 81
COMMAND LEFT START
COMMAND LEFT END
COMMAND RIGHT START
UPGRADE 208
COMMAND RIGHT END
TURN 81 RESULT
TIME LEFT 0 5 RIGHT 0 5
UPGRADE B 208
MOVE A7 7
END TURN 81
TURN 82
COMMAND LEFT START
COMMAND LEFT END
COMMAND RIGHT START
COMMAND RIGHT END
TURN 82 RESULT
TIME LEFT 0 5 RIGHT 0 5
MOVE A7 13
END TURN 82
TURN 83
COMMAND LEFT START
COMMAND LEFT END
COMMAND RIGHT START
TRAIN 1
COMMAND RIGHT END
TURN 83 RESULT
TIME LEFT 0 5 RIGHT 0 5
TRAIN B9
MOVE A7 16
END TURN 83
TURN 84
COMMAND LEFT START
COMMAND LEFT END
COMMAND RIGHT START
COMMAND RIGHT END
TURN 84 RESULT
TIME LEFT 0 5 RIGHT 0 5
MOVE A7 26
END TURN 84
TURN 85
COMMAND LEFT START
COMMAND LEFT END
COMMAND RIGHT START
COMMAND RIGHT END
TURN 85 RESULT
TIME LEFT 0 5 RIGHT 0 5
MOVE A7 33
END TURN 85
TURN 86
COMMAND LEFT START
COMMAND LEFT END
COMMAND RIGHT START
COMMAND RIGHT END
TURN 86 RESULT
TIME LEFT 0 5 RIGHT 0 5
MOVE A7 41
END TURN 86
TURN 87
COMMAND LEFT START
COMMAND LEFT END
COMMAND RIGHT START
COMMAND RIGHT END
TURN 87 RESULT
TIME LEFT 0 5 RIGHT 0 5
MOVE A7 52
END TURN 87
TURN 88
COMMAND LEFT START
UPGRADE 52
COMMAND LEFT END
COMMAND RIGHT START
UPGRADE 179
COMMAND RIGHT END
TURN 88 RESULT
TIME LEFT 0 5 RIGHT 0 5
UPGRADE A 52
UPGRADE B 179
END TURN 88
TURN 89
COMMAND LEFT START
COMMAND LEFT END
COMMAND RIGHT START
TRAIN 1
COMMAND RIGHT END
TURN 89 RESULT
TIME LEFT 0 5 RIGHT 0 5
TRAIN B10
END TURN 89
TURN 90
COMMAND LEFT START
COMMAND LEFT END
COMMAND RIGHT START
MOVE B7 179
COMMAND RIGHT END
TURN 90 RESULT
TIME LEFT 0 5 RIGHT 0 5
MOVE B7 207
END TURN 90
TURN 91
COMMAND LEFT START
COMMAND LEFT END
COMMAND RIGHT START
COMMAND RIGHT END
TURN 91 RESULT
TIME LEFT 0 5 RIGHT 0 5
MOVE B7 206
END TURN 91
TURN 92
COMMAND LEFT START
COMMAND LEFT END
COMMAND RIGHT START
COMMAND RIGHT END
TURN 92 RESULT
TIME LEFT 0 5 RIGHT 0 5
MOVE B7 196
END TURN 92
TURN 93
COMMAND LEFT START
COMMAND LEFT END
COMMAND RIGHT START
COMMAND RIGHT END
TURN 93 RESULT
TIME LEFT 0 5 RIGHT 0 5
MOVE B7 185
END TURN 93
TURN 94
COMMAND LEFT START
TRAIN 1
COMMAND LEFT END
COMMAND RIGHT START
UPGRADE 161
COMMAND RIGHT END
TURN 94 RESULT
TIME LEFT 0 5 RIGHT 0 5
UPGRADE B 161
TRAIN A10
MOVE B7 179
END TURN 94
TURN 95
COMMAND LEFT START
MOVE A8 72
TRAIN 1
COMMAND LEFT END
COMMAND RIGHT START
COMMAND RIGHT END
TURN 95 RESULT
TIME LEFT 0 5 RIGHT 0 5
TRAIN A11
MOVE A8 3
END TURN 95
TURN 96
COMMAND LEFT START
TRAIN 1
COMMAND LEFT END
COMMAND RIGHT START
TRAIN 1
COMMAND RIGHT END
TURN 96 RESULT
TIME LEFT 0 5 RIGHT 0 5
TRAIN A12 B11
MOVE A8 11
END TURN 96
TURN 97
COMMAND LEFT START
COMMAND LEFT END
COMMAND RIGHT START
MOVE B8 161
COMMAND RIGHT END
TURN 97 RESULT
TIME LEFT 0 5 RIGHT 0 5
MOVE A8 19
MOVE B8 198
END TURN 97
TURN 98
COMMAND LEFT START
TRAIN 1
COMMAND LEFT END
COMMAND RIGHT START
COMMAND RIGHT END
TURN 98 RESULT
TIME LEFT 0 5 RIGHT 0 5
TRAIN A13
MOVE A8 31
MOVE B8 187
END TURN 98
TURN 99
COMMAND LEFT START
TRAIN 1
COMMAND LEFT END
COMMAND RIGHT START
COMMAND RIGHT END
TURN 99 RESULT
TIME LEFT 0 5 RIGHT 1 5
TRAIN A14
MOVE A8 38
MOVE B8 176
END TURN 99
TURN 100
COMMAND LEFT START
COMMAND LEFT END
COMMAND RIGHT START
UPGRADE 104
COMMAND RIGHT END
TURN 100 RESULT
TIME LEFT 0 5 RIGHT 0 5
UPGRADE B 104
MOVE A8 59
MOVE B8 161
END TURN 100
TURN 101
COMMAND LEFT START
TRAIN 1
COMMAND LEFT END
COMMAND RIGHT START
TRAIN 1
COMMAND RIGHT END
TURN 101 RESULT
TIME LEFT 0 5 RIGHT 0 5
TRAIN A15 B12
MOVE A8 72
END TURN 101
TURN 102
COMMAND LEFT START
MOVE A9 111
UPGRADE 72
COMMAND LEFT END
COMMAND RIGHT START
MOVE B9 104
COMMAND RIGHT END
TURN 102 RESULT
TIME LEFT 0 5 RIGHT 0 5
UPGRADE A 72
MOVE A9 3
MOVE B9 198
END TURN 102
TURN 103
COMMAND LEFT START
COMMAND LEFT END
COMMAND RIGHT START
COMMAND RIGHT END
TURN 103 RESULT
TIME LEFT 0 5 RIGHT 0 5
MOVE A9 11
MOVE B9 190
END TURN 103
TURN 104
COMMAND LEFT START
COMMAND LEFT END
COMMAND RIGHT START
COMMAND RIGHT END
TURN 104 RESULT
TIME LEFT 0 5 RIGHT 0 5
MOVE A9 19
MOVE B9 173
END TURN 104
TURN 105
COMMAND LEFT START
COMMAND LEFT END
COMMAND RIGHT START
COMMAND RIGHT END
TURN 105 RESULT
TIME LEFT 0 5 RIGHT 0 5
MOVE A9 31
MOVE B9 165
END TURN 105
TURN 106
COMMAND LEFT START
COMMAND LEFT END
COMMAND RIGHT START
UPGRADE 199
COMMAND RIGHT END
TURN 106 RESULT
TIME LEFT 0 5 RIGHT 0 5
UPGRADE B 199
MOVE A9 38
MOVE B9 153
END TURN 106
TURN 107
COMMAND LEFT START
COMMAND LEFT END
COMMAND RIGHT START
TRAIN 1
COMMAND RIGHT END
TURN 107 RESULT
TIME LEFT 0 5 RIGHT 0 5
TRAIN B13
MOVE A9 59
MOVE B9 140
END TURN 107
TURN 108
COMMAND LEFT START
TRAIN 1
COMMAND LEFT END
COMMAND RIGHT START
MOVE B10 199
COMMAND RIGHT END
TURN 108 RESULT
TIME LEFT 0 5 RIGHT 0 5
TRAIN A16
MOVE A9 76
MOVE B9 128
MOVE B10 205
END TURN 108
TURN 109
COMMAND LEFT START
TRAIN 1
COMMAND LEFT END
COMMAND RIGHT START
COMMAND RIGHT END
TURN 109 RESULT
TIME LEFT 0 5 RIGHT 0 5
TRAIN A17
MOVE A9 83
MOVE B9 104
MOVE B10 202
END TURN 109
TURN 110
COMMAND LEFT START
COMMAND LEFT END
COMMAND RIGHT START
COMMAND RIGHT END
TURN 110 RESULT
TIME LEFT 0 5 RIGHT 0 5
MOVE A9 96
MOVE B10 199
END TURN 110
TURN 111
COMMAND LEFT START
TRAIN 1
COMMAND LEFT END
COMMAND RIGHT START
UPGRADE 179
COMMAND RIGHT END
TURN 111 RESULT
TIME LEFT 0 5 RIGHT 0 5
UPGRADE B 179
TRAIN A18
MOVE A9 111
END TURN 111
TURN 112
COMMAND LEFT START
UPGRADE 111
COMMAND LEFT END
COMMAND RIGHT START
TRAIN 1
COMMAND RIGHT END
TURN 112 RESULT
TIME LEFT 0 5 RIGHT 0 5
UPGRADE A 111
TRAIN B14
END TURN 112
TURN 113
COMMAND LEFT START
COMMAND LEFT END
COMMAND RIGHT START
MOVE B11 179
COMMAND RIGHT END
TURN 113 RESULT
TIME LEFT 0 5 RIGHT 0 5
MOVE B11 207
END TURN 113
TURN 114
COMMAND LEFT START
COMMAND LEFT END
COMMAND RIGHT START
COMMAND RIGHT END
TURN 114 RESULT
TIME LEFT 0 5 RIGHT 0 5
MOVE B11 206
END TURN 114
TURN 115
COMMAND LEFT START
COMMAND LEFT END
COMMAND RIGHT START
COMMAND RIGHT END
TURN 115 RESULT
TIME LEFT 0 5 RIGHT 0 5
MOVE B11 196
END TURN 115
TURN 116
COMMAND LEFT START
UPGRADE 9
COMMAND LEFT END
COMMAND RIGHT START
UPGRADE 161
COMMAND RIGHT END
TURN 116 RESULT
TIME LEFT 0 5 RIGHT 0 5
UPGRADE A 9
UPGRADE B 161
MOVE B11 185
END TURN 116
TURN 117
COMMAND LEFT START
COMMAND LEFT END
COMMAND RIGHT START
TRAIN 1
COMMAND RIGHT END
TURN 117 RESULT
TIME LEFT 0 5 RIGHT 0 5
TRAIN B15
MOVE B11 179
END TURN 117
TURN 118
COMMAND LEFT START
COMMAND LEFT END
COMMAND RIGHT START
MOVE B12 161
COMMAND RIGHT END
TURN 118 RESULT
TIME LEFT 0 5 RIGHT 0 5
MOVE B12 198
END TURN 118
TURN 119
COMMAND LEFT START
COMMAND LEFT END
COMMAND RIGHT START
COMMAND RIGHT END
TURN 119 RESULT
TIME LEFT 0 5 RIGHT 0 5
MOVE B12 187
END TURN 119
TURN 120
COMMAND LEFT START
COMMAND LEFT END
COMMAND RIGHT START
UPGRADE 104
COMMAND RIGHT END
TURN 120 RESULT
TIME LEFT 0 5 RIGHT 0 5
UPGRADE B 104
MOVE B12 176
END TURN 120
TURN 121
COMMAND LEFT START
COMMAND LEFT END
COMMAND RIGHT START
TRAIN 1
COMMAND RIGHT END
TURN 121 RESULT
TIME LEFT 0 5 RIGHT 0 5
TRAIN B16
MOVE B12 161
END TURN 121
TURN 122
COMMAND LEFT START
UPGRADE 29
COMMAND LEFT END
COMMAND RIGHT START
MOVE B13 104
COMMAND RIGHT END
TURN 122 RESULT
TIME LEFT 0 5 RIGHT 0 5
UPGRADE A 29
MOVE B13 198
END TURN 122
TURN 123
COMMAND LEFT START
COMMAND LEFT END
COMMAND RIGHT START
COMMAND RIGHT END
TURN 123 RESULT
TIME LEFT 0 5 RIGHT 0 5
MOVE B13 190
END TURN 123
TURN 124
COMMAND LEFT START
COMMAND LEFT END
COMMAND RIGHT START
COMMAND RIGHT END
TURN 124 RESULT
TIME LEFT 0 5 RIGHT 0 5
MOVE B13 173
END TURN 124
TURN 125
COMMAND LEFT START
COMMAND LEFT END
COMMAND RIGHT START
TRAIN 2
COMMAND RIGHT END
TURN 125 RESULT
TIME LEFT 0 5 RIGHT 0 5
TRAIN B17 B18
MOVE B13 165
END TURN 125
TURN 126
COMMAND LEFT START
COMMAND LEFT END
COMMAND RIGHT START
MOVE B18 156
MOVE B17 104
COMMAND RIGHT END
TURN 126 RESULT
TIME LEFT 0 5 RIGHT 0 5
MOVE B13 153
MOVE B17 198
MOVE B18 204
END TURN 126
TURN 127
COMMAND LEFT START
UPGRADE 47
COMMAND LEFT END
COMMAND RIGHT START
TRAIN 2
COMMAND RIGHT END
TURN 127 RESULT
TIME LEFT 0 5 RIGHT 0 5
UPGRADE A 47
TRAIN B19 B20
MOVE B13 140
MOVE B17 190
MOVE B18 201
END TURN 127
TURN 128
COMMAND LEFT START
COMMAND LEFT END
COMMAND RIGHT START
MOVE B20 131
MOVE B19 104
COMMAND RIGHT END
TURN 128 RESULT
TIME LEFT 0 5 RIGHT 0 5
MOVE B13 128
MOVE B17 173
MOVE B18 195
MOVE B19 198
MOVE B20 198
END TURN 128
TURN 129
COMMAND LEFT START
COMMAND LEFT END
COMMAND RIGHT START
TRAIN 2
COMMAND RIGHT END
TURN 129 RESULT
TIME LEFT 0 5 RIGHT 0 5
TRAIN B21 B22
MOVE B13 104
MOVE B17 165
MOVE B18 192
MOVE B19 190
MOVE B20 187
END TURN 129
TURN 130
COMMAND LEFT START
COMMAND LEFT END
COMMAND RIGHT START
MOVE B22 136
MOVE B21 104
COMMAND RIGHT END
TURN 130 RESULT
TIME LEFT 0 5 RIGHT 0 5
MOVE B17 153
MOVE B18 182
MOVE B19 173
MOVE B20 176
MOVE B21 198
MOVE B22 205
END TURN 130
TURN 131
COMMAND LEFT START
COMMAND LEFT END
COMMAND RIGHT START
COMMAND RIGHT END
TURN 131 RESULT
TIME LEFT 0 5 RIGHT 1 5
MOVE B17 140
MOVE B18 175
MOVE B19 165
MOVE B20 161
MOVE B21 190
MOVE B22 197
END TURN 131
TURN 132
COMMAND LEFT START
COMMAND LEFT END
COMMAND RIGHT START
COMMAND RIGHT END
TURN 132 RESULT
TIME LEFT 0 5 RIGHT 0 5
MOVE B17 128
MOVE B18 167
MOVE B19 153
MOVE B20 159
MOVE B21 173
MOVE B22 189
END TURN 132
TURN 133
COMMAND LEFT START
UPGRADE 52
COMMAND LEFT END
COMMAND RIGHT START
COMMAND RIGHT END
TURN 133 RESULT
TIME LEFT 0 5 RIGHT 0 5
UPGRADE A 52
MOVE B17 104
MOVE B18 156
MOVE B19 140
MOVE B20 145
MOVE B21 165
MOVE B22 177
END TURN 133
TURN 134
COMMAND LEFT START
COMMAND LEFT END
COMMAND RIGHT START
COMMAND RIGHT END
TURN 134 RESULT
TIME LEFT 0 5 RIGHT 0 5
MOVE B19 128
MOVE B20 131
MOVE B21 153
MOVE B22 170
END TURN 134
TURN 135
COMMAND LEFT START
COMMAND LEFT END
COMMAND RIGHT START
COMMAND RIGHT END
TURN 135 RESULT
TIME LEFT 0 5 RIGHT 0 5
MOVE B19 104
MOVE B21 140
MOVE B22 149
END TURN 135
TURN 136
COMMAND LEFT START
COMMAND LEFT END
COMMAND RIGHT START
MOVE B3 208
UPGRADE 208
COMMAND RIGHT END
TURN 136 RESULT
TIME LEFT 0 5 RIGHT 0 5
UPGRADE B 208
MOVE B3 128
MOVE B21 128
MOVE B22 136
END TURN 136
TURN 137
COMMAND LEFT START
COMMAND LEFT END
COMMAND RIGHT START
COMMAND RIGHT END
TURN 137 RESULT
TIME LEFT 0 5 RIGHT 0 5
MOVE B3 140
MOVE B21 104
END TURN 137
TURN 138
COMMAND LEFT START
UPGRADE 72
COMMAND LEFT END
COMMAND RIGHT START
COMMAND RIGHT END
TURN 138 RESULT
TIME LEFT 0 5 RIGHT 0 5
UPGRADE A 72
MOVE B3 153
END TURN 138
TURN 139
COMMAND LEFT START
COMMAND LEFT END
COMMAND RIGHT START
UPGRADE 156
COMMAND RIGHT END
TURN 139 RESULT
TIME LEFT 0 5 RIGHT 0 5
UPGRADE B 156
MOVE B3 165
END TURN 139
TURN 140
COMMAND LEFT START
COMMAND LEFT END
COMMAND RIGHT START
COMMAND RIGHT END
TURN 140 RESULT
TIME LEFT 0 5 RIGHT 0 5
MOVE B3 173
END TURN 140
TURN 141
COMMAND LEFT START
COMMAND LEFT END
COMMAND RIGHT START
COMMAND RIGHT END
TURN 141 RESULT
TIME LEFT 0 5 RIGHT 0 5
MOVE B3 190
END TURN 141
TURN 142
COMMAND LEFT START
COMMAND LEFT END
COMMAND RIGHT START
UPGRADE 131
COMMAND RIGHT END
TURN 142 RESULT
TIME LEFT 0 5 RIGHT 0 5
UPGRADE B 131
MOVE B3 198
END TURN 142
TURN 143
COMMAND LEFT START
COMMAND LEFT END
COMMAND RIGHT START
COMMAND RIGHT END
TURN 143 RESULT
TIME LEFT 0 5 RIGHT 0 5
MOVE B3 208
END TURN 143
TURN 144
COMMAND LEFT START
UPGRADE 77
COMMAND LEFT END
COMMAND RIGHT START
UPGRADE 136
COMMAND RIGHT END
TURN 144 RESULT
TIME LEFT 0 5 RIGHT 0 5
UPGRADE A 77
UPGRADE B 136
END TURN 144
TURN 145
COMMAND LEFT START
COMMAND LEFT END
COMMAND RIGHT START
COMMAND RIGHT END
TURN 145 RESULT
TIME LEFT 0 5 RIGHT 0 5
END TURN 145
TURN 146
COMMAND LEFT START
COMMAND LEFT END
COMMAND RIGHT START
MOVE B21 111
COMMAND RIGHT END
TURN 146 RESULT
TIME LEFT 0 5 RIGHT 0 5
MOVE B21 98
END TURN 146
TURN 147
COMMAND LEFT START
COMMAND LEFT END
COMMAND RIGHT START
UPGRADE 156
COMMAND RIGHT END
TURN 147 RESULT
TIME LEFT 0 5 RIGHT 0 5
UPGRADE B 156
MOVE B21 103
END TURN 147
TURN 148
COMMAND LEFT START
COMMAND LEFT END
COMMAND RIGHT START
MOVE B9 156
COMMAND RIGHT END
TURN 148 RESULT
TIME LEFT 0 5 RIGHT 0 5
MOVE B9 117
MOVE B21 107
END TURN 148
TURN 149
COMMAND LEFT START
UPGRADE 111
COMMAND LEFT END
COMMAND RIGHT START
UPGRADE 136
COMMAND RIGHT END
TURN 149 RESULT
TIME LEFT 0 5 RIGHT 0 5
UPGRADE A 111
UPGRADE B 136
MOVE B9 131
MOVE B21 109
END TURN 149
TURN 150
COMMAND LEFT START
COMMAND LEFT END
COMMAND RIGHT START
TRAIN 1
COMMAND RIGHT END
TURN 150 RESULT
TIME LEFT 0 5 RIGHT 0 5
TRAIN B23
MOVE B9 139
MOVE B21 116
END TURN 150
TURN 151
COMMAND LEFT START
COMMAND LEFT END
COMMAND RIGHT START
MOVE B3 136
UPGRADE 131
COMMAND RIGHT END
TURN 151 RESULT
TIME LEFT 0 5 RIGHT 0 5
UPGRADE B 131
MOVE B3 205
MOVE B9 146
MOVE B21 123
END TURN 151
TURN 152
COMMAND LEFT START
MOVE A10 111
COMMAND LEFT END
COMMAND RIGHT START
TRAIN 1
COMMAND RIGHT END
TURN 152 RESULT
TIME LEFT 0 5 RIGHT 0 5
TRAIN B24
MOVE A10 3
MOVE B3 197
MOVE B9 156
MOVE B21 111
DAMAGE TURRET B21 1
DAMAGE COMBAT A9 1
DAMAGE COMBAT B21 1
END TURN 152
TURN 153
COMMAND LEFT START
COMMAND LEFT END
COMMAND RIGHT START
MOVE B14 131
COMMAND RIGHT END
TURN 153 RESULT
TIME LEFT 0 5 RIGHT 0 5
MOVE A10 11
MOVE B3 189
MOVE B14 198
DAMAGE TURRET B21 1
DAMAGE COMBAT A9 1
DAMAGE COMBAT B21 1
END TURN 153
TURN 154
COMMAND LEFT START
COMMAND LEFT END
COMMAND RIGHT START
UPGRADE 156
COMMAND RIGHT END
TURN 154 RESULT
TIME LEFT 0 5 RIGHT 0 5
UPGRADE B 156
MOVE A10 19
MOVE B3 177
MOVE B14 187
DAMAGE TURRET B21 1
DAMAGE COMBAT A9 1
DAMAGE COMBAT B21 1
END TURN 154
TURN 155
COMMAND LEFT START
UPGRADE 9
COMMAND LEFT END
COMMAND RIGHT START
TRAIN 1
COMMAND RIGHT END
TURN 155 RESULT
TIME LEFT 0 5 RIGHT 0 5
UPGRADE A 9
TRAIN B25
MOVE A10 31
MOVE B3 170
MOVE B14 176
END TURN 155
TURN 156
COMMAND LEFT START
COMMAND LEFT END
COMMAND RIGHT START
MOVE B15 156
COMMAND RIGHT END
TURN 156 RESULT
TIME LEFT 0 5 RIGHT 0 5
MOVE A10 38
MOVE B3 149
MOVE B14 161
MOVE B15 204
END TURN 156
TURN 157
COMMAND LEFT START
COMMAND LEFT END
COMMAND RIGHT START
UPGRADE 136
COMMAND RIGHT END
TURN 157 RESULT
TIME LEFT 0 5 RIGHT 0 5
UPGRADE B 136
MOVE A10 59
MOVE B3 136
MOVE B14 159
MOVE B15 201
END TURN 157
TURN 158
COMMAND LEFT START
COMMAND LEFT END
COMMAND RIGHT START
TRAIN 1
COMMAND RIGHT END
TURN 158 RESULT
TIME LEFT 0 5 RIGHT 0 5
TRAIN B26
MOVE A10 76
MOVE B14 145
MOVE B15 195
END TURN 158
TURN 159
COMMAND LEFT START
COMMAND LEFT END
COMMAND RIGHT START
MOVE B16 136
COMMAND RIGHT END
TURN 159 RESULT
TIME LEFT 0 5 RIGHT 0 5
MOVE A10 83
MOVE B14 131
MOVE B15 192
MOVE B16 205
END TURN 159
TURN 160
COMMAND LEFT START
COMMAND LEFT END
COMMAND RIGHT START
UPGRADE 131
TRAIN 1
COMMAND RIGHT END
TURN 160 RESULT
TIME LEFT 0 5 RIGHT 0 5
UPGRADE B 131
TRAIN B27
MOVE A10 96
MOVE B15 182
MOVE B16 197
END TURN 160
TURN 161
COMMAND LEFT START
UPGRADE 29
COMMAND LEFT END
COMMAND RIGHT START
MOVE B23 131
COMMAND RIGHT END
TURN 161 RESULT
TIME LEFT 0 5 RIGHT 0 5
UPGRADE A 29
MOVE A10 111
MOVE B15 175
MOVE B16 189
MOVE B23 198
END TURN 161
TURN 162
COMMAND LEFT START
COMMAND LEFT END
COMMAND RIGHT START
COMMAND RIGHT END
TURN 162 RESULT
TIME LEFT 0 5 RIGHT 0 5
MOVE B15 167
MOVE B16 177
MOVE B23 187
END TURN 162
TURN 163
COMMAND LEFT START
COMMAND LEFT END
COMMAND RIGHT START
TRAIN 2
COMMAND RIGHT END
TURN 163 RESULT
TIME LEFT 0 5 RIGHT 0 5
TRAIN B28 B29
MOVE B15 156
MOVE B16 170
MOVE B23 176
END TURN 163
TURN 164
COMMAND LEFT START
COMMAND LEFT END
COMMAND RIGHT START
MOVE B29 111
MOVE B28 104
COMMAND RIGHT END
TURN 164 RESULT
TIME LEFT 0 5 RIGHT 0 5
MOVE B16 149
MOVE B23 161
MOVE B28 198
MOVE B29 204
END TURN 164
TURN 165
COMMAND LEFT START
COMMAND LEFT END
COMMAND RIGHT START
TRAIN 2
COMMAND RIGHT END
TURN 165 RESULT
TIME LEFT 0 5 RIGHT 0 5
TRAIN B30 B31
MOVE B16 136
MOVE B23 159
MOVE B28 190
MOVE B29 201
END TURN 165
TURN 166
COMMAND LEFT START
UPGRADE 47
COMMAND LEFT END
COMMAND RIGHT START
MOVE B31 104
MOVE B30 104
TRAIN 2
COMMAND RIGHT END
TURN 166 RESULT
TIME LEFT 0 5 RIGHT 0 5
UPGRADE A 47
TRAIN B32 B33
MOVE B23 145
MOVE B28 173
MOVE B29 195
MOVE B30 198
MOVE B31 198
END TURN 166
TURN 167
COMMAND LEFT START
COMMAND LEFT END
COMMAND RIGHT START
MOVE B33 104
MOVE B32 104
TRAIN 2
COMMAND RIGHT END
TURN 167 RESULT
TIME LEFT 0 5 RIGHT 0 5
TRAIN B34 B35
MOVE B23 131
MOVE B28 165
MOVE B29 192
MOVE B30 190
MOVE B31 190
MOVE B32 198
MOVE B33 198
END TURN 167
TURN 168
COMMAND LEFT START
COMMAND LEFT END
COMMAND RIGHT START
MOVE B35 104
MOVE B34 104
TRAIN 2
COMMAND RIGHT END
TURN 168 RESULT
TIME LEFT 0 5 RIGHT 0 5
TRAIN B36 B37
MOVE B28 153
MOVE B29 182
MOVE B30 173
MOVE B31 173
MOVE B32 190
MOVE B33 190
MOVE B34 198
MOVE B35 198
END TURN 168
TURN 169
COMMAND LEFT START
COMMAND LEFT END
COMMAND RIGHT START
COMMAND RIGHT END
TURN 169 RESULT
TIME LEFT 0 5 RIGHT 0 5
MOVE B28 140
MOVE B29 175
MOVE B30 165
MOVE B31 165
MOVE B32 173
MOVE B33 173
MOVE B34 190
MOVE B35 190
END TURN 169
TURN 170
COMMAND LEFT START
COMMAND LEFT END
COMMAND RIGHT START
COMMAND RIGHT END
TURN 170 RESULT
TIME LEFT 0 5 RIGHT 0 5
MOVE B28 128
MOVE B29 167
MOVE B30 153
MOVE B31 153
MOVE B32 165
MOVE B33 165
MOVE B34 173
MOVE B35 173
END TURN 170
TURN 171
COMMAND LEFT START
UPGRADE 52
COMMAND LEFT END
COMMAND RIGHT START
COMMAND RIGHT END
TURN 171 RESULT
TIME LEFT 0 5 RIGHT 0 5
UPGRADE A 52
MOVE B28 104
MOVE B29 156
MOVE B30 140
MOVE B31 140
MOVE B32 153
MOVE B33 153
MOVE B34 165
MOVE B35 165
END TURN 171
TURN 172
COMMAND LEFT START
COMMAND LEFT END
COMMAND RIGHT START
COMMAND RIGHT END
TURN 172 RESULT
TIME LEFT 0 5 RIGHT 0 5
MOVE B29 148
MOVE B30 128
MOVE B31 128
MOVE B32 140
MOVE B33 140
MOVE B34 153
MOVE B35 153
END TURN 172
TURN 173
COMMAND LEFT START
COMMAND LEFT END
COMMAND RIGHT START
COMMAND RIGHT END
TURN 173 RESULT
TIME LEFT 0 5 RIGHT 0 5
MOVE B29 137
MOVE B30 104
MOVE B31 104
MOVE B32 128
MOVE B33 128
MOVE B34 140
MOVE B35 140
END TURN 173
TURN 174
COMMAND LEFT START
TRAIN 1
COMMAND LEFT END
COMMAND RIGHT START
MOVE B37 104
UPGRADE 208
COMMAND RIGHT END
TURN 174 RESULT
TIME LEFT 0 5 RIGHT 0 5
UPGRADE B 208
TRAIN A19
MOVE B29 123
MOVE B32 104
MOVE B33 104
MOVE B34 128
MOVE B35 128
MOVE B37 198
END TURN 174
TURN 175
COMMAND LEFT START
TRAIN 1
COMMAND LEFT END
COMMAND RIGHT START
COMMAND RIGHT END
TURN 175 RESULT
TIME LEFT 0 5 RIGHT 0 5
TRAIN A20
MOVE B29 111
MOVE B34 104
MOVE B35 104
MOVE B37 190
DAMAGE TURRET B29 1
DAMAGE COMBAT A9 1
DAMAGE COMBAT B29 2
END TURN 175
TURN 176
COMMAND LEFT START
TRAIN 1
COMMAND LEFT END
COMMAND RIGHT START
TRAIN 1
COMMAND RIGHT END
TURN 176 RESULT
TIME LEFT 0 5 RIGHT 0 5
TRAIN A21 B38
MOVE B37 173
DAMAGE TURRET B29 1
DAMAGE COMBAT A9 1
DAMAGE COMBAT B29 2
END TURN 176
TURN 177
COMMAND LEFT START
MOVE A11 111
TRAIN 1
COMMAND LEFT END
COMMAND RIGHT START
MOVE B38 104
TRAIN 2
COMMAND RIGHT END
TURN 177 RESULT
TIME LEFT 0 5 RIGHT 0 5
TRAIN A22 B39 B40
MOVE A11 3
MOVE B37 165
MOVE B38 198
DAMAGE TURRET B29 1
DAMAGE COMBAT A10 1
END TURN 177
TURN 178
COMMAND LEFT START
TRAIN 1
COMMAND LEFT END
COMMAND RIGHT START
MOVE B35 111
MOVE B40 104
MOVE B39 104
COMMAND RIGHT END
TURN 178 RESULT
TIME LEFT 0 5 RIGHT 0 5
TRAIN A23
MOVE A11 11
MOVE B35 98
MOVE B37 153
MOVE B38 190
MOVE B39 198
MOVE B40 198
END TURN 178
TURN 179
COMMAND LEFT START
TRAIN 1
COMMAND LEFT END
COMMAND RIGHT START
TRAIN 1
COMMAND RIGHT END
TURN 179 RESULT
TIME LEFT 0 5 RIGHT 0 5
TRAIN A24 B41
MOVE A11 19
MOVE B35 103
MOVE B37 140
MOVE B38 173
MOVE B39 190
MOVE B40 190
END TURN 179
TURN 180
COMMAND LEFT START
TRAIN 1
COMMAND LEFT END
COMMAND RIGHT START
MOVE B41 104
TRAIN 3
COMMAND RIGHT END
TURN 180 RESULT
TIME LEFT 0 5 RIGHT 0 5
TRAIN A25 B42 B43 B44
MOVE A11 31
MOVE B35 107
MOVE B37 128
MOVE B38 165
MOVE B39 173
MOVE B40 173
MOVE B41 198
END TURN 180
TURN 181
COMMAND LEFT START
COMMAND LEFT END
COMMAND RIGHT START
MOVE B44 104
MOVE B43 104
MOVE B42 104
TRAIN 3
COMMAND RIGHT END
TURN 181 RESULT
TIME LEFT 0 5 RIGHT 0 5
TRAIN B45 B46 B47
MOVE A11 38
MOVE B35 109
MOVE B37 104
MOVE B38 153
MOVE B39 165
MOVE B40 165
MOVE B41 190
MOVE B42 198
MOVE B43 198
MOVE B44 198
END TURN 181
TURN 182
COMMAND LEFT START
TRAIN 1
COMMAND LEFT END
COMMAND RIGHT START
MOVE B47 104
MOVE B46 104
MOVE B45 104
TRAIN 2
COMMAND RIGHT END
TURN 182 RESULT
TIME LEFT 0 5 RIGHT 0 5
TRAIN A26 B48 B49
MOVE A11 59
MOVE B35 116
MOVE B38 140
MOVE B39 153
MOVE B40 153
MOVE B41 173
MOVE B42 190
MOVE B43 190
MOVE B44 190
MOVE B45 198
MOVE B46 198
MOVE B47 198
END TURN 182
TURN 183
COMMAND LEFT START
TRAIN 1
COMMAND LEFT END
COMMAND RIGHT START
MOVE B49 104
MOVE B48 104
TRAIN 3
COMMAND RIGHT END
TURN 183 RESULT
TIME LEFT 0 5 RIGHT 0 5
TRAIN A27 B50 B51 B52
MOVE A11 76
MOVE B35 123
MOVE B38 128
MOVE B39 140
MOVE B40 140
MOVE B41 165
MOVE B42 173
MOVE B43 173
MOVE B44 173
MOVE B45 190
MOVE B46 190
MOVE B47 190
MOVE B48 198
MOVE B49 198
END TURN 183
TURN 184
COMMAND LEFT START
COMMAND LEFT END
COMMAND RIGHT START
MOVE B52 104
MOVE B51 104
MOVE B50 104
TRAIN 2
COMMAND RIGHT END
TURN 184 RESULT
TIME LEFT 0 5 RIGHT 0 5
TRAIN B53 B54
MOVE A11 83
MOVE B35 111
MOVE B38 104
MOVE B39 128
MOVE B40 128
MOVE B41 153
MOVE B42 165
MOVE B43 165
MOVE B44 165
MOVE B45 173
MOVE B46 173
MOVE B47 173
MOVE B48 190
MOVE B49 190
MOVE B50 198
MOVE B51 198
MOVE B52 198
DAMAGE TURRET B35 1
DAMAGE COMBAT A10 1
DAMAGE COMBAT B35 1
END TURN 184
TURN 185
COMMAND LEFT START
TRAIN 1
COMMAND LEFT END
COMMAND RIGHT START
TRAIN 3
COMMAND RIGHT END
TURN 185 RESULT
TIME LEFT 0 5 RIGHT 0 5
TRAIN A28 B55 B56 B57
MOVE A11 96
MOVE B39 104
MOVE B40 104
MOVE B41 140
MOVE B42 153
MOVE B43 153
MOVE B44 153
MOVE B45 165
MOVE B46 165
MOVE B47 165
MOVE B48 173
MOVE B49 173
MOVE B50 190
MOVE B51 190
MOVE B52 190
DAMAGE TURRET B35 1
DAMAGE COMBAT A10 1
DAMAGE COMBAT B35 1
END TURN 185
TURN 186
COMMAND LEFT START
TRAIN 1
COMMAND LEFT END
COMMAND RIGHT START
TRAIN 2
COMMAND RIGHT END
TURN 186 RESULT
TIME LEFT 0 5 RIGHT 0 5
TRAIN A29 B58 B59
MOVE A11 111
MOVE B41 128
MOVE B42 140
MOVE B43 140
MOVE B44 140
MOVE B45 153
MOVE B46 153
MOVE B47 153
MOVE B48 165
MOVE B49 165
MOVE B50 173
MOVE B51 173
MOVE B52 173
DAMAGE TURRET B35 1
DAMAGE COMBAT A10 1
DAMAGE COMBAT B35 2
END TURN 186
TURN 187
COMMAND LEFT START
TRAIN 1
COMMAND LEFT END
COMMAND RIGHT START
MOVE B40 111
TRAIN 2
COMMAND RIGHT END
TURN 187 RESULT
TIME LEFT 0 5 RIGHT 0 5
TRAIN A30 B60 B61
MOVE B40 98
MOVE B41 104
MOVE B42 128
MOVE B43 128
MOVE B44 128
MOVE B45 140
MOVE B46 140
MOVE B47 140
MOVE B48 153
MOVE B49 153
MOVE B50 165
MOVE B51 165
MOVE B52 165
END TURN 187
TURN 188
COMMAND LEFT START
TRAIN 1
COMMAND LEFT END
COMMAND RIGHT START
MOVE B61 104
TRAIN 2
COMMAND RIGHT END
TURN 188 RESULT
TIME LEFT 0 5 RIGHT 0 5
TRAIN A31 B62 B63
MOVE B40 103
MOVE B42 104
MOVE B43 104
MOVE B44 104
MOVE B45 128
MOVE B46 128
MOVE B47 128
MOVE B48 140
MOVE B49 140
MOVE B50 153
MOVE B51 153
MOVE B52 153
MOVE B61 198
END TURN 188
TURN 189
COMMAND LEFT START
TRAIN 1
COMMAND LEFT END
COMMAND RIGHT START
TRAIN 3
COMMAND RIGHT END
TURN 189 RESULT
TIME LEFT 0 5 RIGHT 0 5
TRAIN A32 B64 B65 B66
MOVE B40 107
MOVE B45 104
MOVE B46 104
MOVE B47 104
MOVE B48 128
MOVE B49 128
MOVE B50 140
MOVE B51 140
MOVE B52 140
MOVE B61 190
END TURN 189
TURN 190
COMMAND LEFT START
TRAIN 1
COMMAND LEFT END
COMMAND RIGHT START
TRAIN 2
COMMAND RIGHT END
TURN 190 RESULT
TIME LEFT 0 5 RIGHT 0 5
TRAIN A33 B67 B68
MOVE B40 109
MOVE B48 104
MOVE B49 104
MOVE B50 128
MOVE B51 128
MOVE B52 128
MOVE B61 173
END TURN 190
TURN 191
COMMAND LEFT START
TRAIN 1
COMMAND LEFT END
COMMAND RIGHT START
TRAIN 2
COMMAND RIGHT END
TURN 191 RESULT
TIME LEFT 0 5 RIGHT 0 5
TRAIN A34 B69 B70
MOVE B40 116
MOVE B50 104
MOVE B51 104
MOVE B52 104
MOVE B61 165
END TURN 191
TURN 192
COMMAND LEFT START
COMMAND LEFT END
COMMAND RIGHT START
TRAIN 2
COMMAND RIGHT END
TURN 192 RESULT
TIME LEFT 0 5 RIGHT 0 5
TRAIN B71 B72
MOVE B40 123
MOVE B61 153
END TURN 192
TURN 193
COMMAND LEFT START
TRAIN 1
COMMAND LEFT END
COMMAND RIGHT START
TRAIN 2
COMMAND RIGHT END
TURN 193 RESULT
TIME LEFT 0 5 RIGHT 0 5
TRAIN A35 B73 B74
MOVE B40 111
MOVE B61 140
DAMAGE TURRET B40 1
DAMAGE COMBAT A10 1
DAMAGE COMBAT B40 2
END TURN 193
TURN 194
COMMAND LEFT START
MOVE A12 111
TRAIN 1
COMMAND LEFT END
COMMAND RIGHT START
TRAIN 2
COMMAND RIGHT END
TURN 194 RESULT
TIME LEFT 0 5 RIGHT 0 5
TRAIN A36 B75 B76
MOVE A12 3
MOVE B61 128
DAMAGE TURRET B40 1
DAMAGE COMBAT A11 1
DAMAGE COMBAT B40 1
END TURN 194
TURN 195
COMMAND LEFT START
COMMAND LEFT END
COMMAND RIGHT START
TRAIN 2
COMMAND RIGHT END
TURN 195 RESULT
TIME LEFT 0 5 RIGHT 0 5
TRAIN B77 B78
MOVE A12 11
MOVE B61 104
DAMAGE TURRET B40 1
DAMAGE COMBAT A11 1
DAMAGE COMBAT B40 1
END TURN 195
TURN 196
COMMAND LEFT START
TRAIN 1
COMMAND LEFT END
COMMAND RIGHT START
TRAIN 2
COMMAND RIGHT END
TURN 196 RESULT
TIME LEFT 0 5 RIGHT 0 5
TRAIN A37 B79 B80
MOVE A12 19
DAMAGE TURRET B40 1
DAMAGE COMBAT A11 1
END TURN 196
TURN 197
COMMAND LEFT START
COMMAND LEFT END
COMMAND RIGHT START
MOVE B61 111
TRAIN 2
COMMAND RIGHT END
TURN 197 RESULT
TIME LEFT 0 5 RIGHT 0 5
TRAIN B81 B82
MOVE A12 31
MOVE B61 98
END TURN 197
TURN 198
COMMAND LEFT START
TRAIN 1
COMMAND LEFT END
COMMAND RIGHT START
MOVE B82 104
TRAIN 2
COMMAND RIGHT END
TURN 198 RESULT
TIME LEFT 0 5 RIGHT 2 5
TRAIN A38 B83 B84
MOVE A12 38
MOVE B61 103
MOVE B82 198
END TURN 198
TURN 199
COMMAND LEFT START
TRAIN 1
COMMAND LEFT END
COMMAND RIGHT START
TRAIN 2
COMMAND RIGHT END
TURN 199 RESULT
TIME LEFT 0 5 RIGHT 0 5
TRAIN A39 B85 B86
MOVE A12 59
MOVE B61 107
MOVE B82 190
END TURN 199
TURN 200
COMMAND LEFT START
COMMAND LEFT END
COMMAND RIGHT START
TRAIN 2
COMMAND RIGHT END
TURN 200 RESULT
TIME LEFT 0 5 RIGHT 0 5
TRAIN B87 B88
MOVE A12 76
MOVE B61 109
MOVE B82 173
END TURN 200
TURN 201
COMMAND LEFT START
TRAIN 1
COMMAND LEFT END
COMMAND RIGHT START
TRAIN 2
COMMAND RIGHT END
TURN 201 RESULT
TIME LEFT 0 5 RIGHT 1 5
TRAIN A40 B89 B90
MOVE A12 83
MOVE B61 116
MOVE B82 165
END TURN 201
TURN 202
COMMAND LEFT START
COMMAND LEFT END
COMMAND RIGHT START
TRAIN 2
COMMAND RIGHT END
TURN 202 RESULT
TIME LEFT 0 5 RIGHT 0 5
TRAIN B91 B92
MOVE A12 96
MOVE B61 123
MOVE B82 153
END TURN 202
TURN 203
COMMAND LEFT START
TRAIN 1
COMMAND LEFT END
COMMAND RIGHT START
TRAIN 2
COMMAND RIGHT END
TURN 203 RESULT
TIME LEFT 0 5 RIGHT 0 5
TRAIN A41 B93 B94
MOVE A12 111
MOVE B61 111
MOVE B82 140
DAMAGE TURRET B61 1
DAMAGE COMBAT A11 1
DAMAGE COMBAT B61 2
END TURN 203
TURN 204
COMMAND LEFT START
COMMAND LEFT END
COMMAND RIGHT START
TRAIN 1
COMMAND RIGHT END
TURN 204 RESULT
TIME LEFT 0 5 RIGHT 0 5
TRAIN B95
MOVE B82 128
DAMAGE TURRET B61 1
DAMAGE COMBAT A11 1
DAMAGE COMBAT B61 2
END TURN 204
TURN 205
COMMAND LEFT START
MOVE A13 111
TRAIN 1
COMMAND LEFT END
COMMAND RIGHT START
TRAIN 2
COMMAND RIGHT END
TURN 205 RESULT
TIME LEFT 0 5 RIGHT 0 5
TRAIN A42 B96 B97
MOVE A13 3
MOVE B82 104
DAMAGE TURRET B61 1
DAMAGE COMBAT A12 1
DAMAGE COMBAT B61 1
END TURN 205
TURN 206
COMMAND LEFT START
COMMAND LEFT END
COMMAND RIGHT START
MOVE B82 111
TRAIN 2
COMMAND RIGHT END
TURN 206 RESULT
TIME LEFT 0 5 RIGHT 1 5
TRAIN B98 B99
MOVE A13 11
MOVE B82 98
END TURN 206
TURN 207
COMMAND LEFT START
TRAIN 1
COMMAND LEFT END
COMMAND RIGHT START
MOVE B99 104
TRAIN 2
COMMAND RIGHT END
TURN 207 RESULT
TIME LEFT 0 5 RIGHT 0 5
TRAIN A43 B100 B101
MOVE A13 19
MOVE B82 103
MOVE B99 198
END TURN 207
TURN 208
COMMAND LEFT START
COMMAND LEFT END
COMMAND RIGHT START
TRAIN 1
COMMAND RIGHT END
TURN 208 RESULT
TIME LEFT 0 5 RIGHT 0 5
TRAIN B102
MOVE A13 31
MOVE B82 107
MOVE B99 190
END TURN 208
TURN 209
COMMAND LEFT START
TRAIN 1
COMMAND LEFT END
COMMAND RIGHT START
TRAIN 2
COMMAND RIGHT END
TURN 209 RESULT
TIME LEFT 0 5 RIGHT 0 5
TRAIN A44 B103 B104
MOVE A13 38
MOVE B82 109
MOVE B99 173
END TURN 209
TURN 210
COMMAND LEFT START
COMMAND LEFT END
COMMAND RIGHT START
TRAIN 2
COMMAND RIGHT END
TURN 210 RESULT
TIME LEFT 0 5 RIGHT 0 5
TRAIN B105 B106
MOVE A13 59
MOVE B82 116
MOVE B99 165
END TURN 210
TURN 211
COMMAND LEFT START
TRAIN 1
COMMAND LEFT END
COMMAND RIGHT START
TRAIN 1
COMMAND RIGHT END
TURN 211 RESULT
TIME LEFT 0 5 RIGHT 0 5
TRAIN A45 B107
MOVE A13 76
MOVE B82 123
MOVE B99 153
END TURN 211
TURN 212
COMMAND LEFT START
COMMAND LEFT END
COMMAND RIGHT START
TRAIN 2
COMMAND RIGHT END
TURN 212 RESULT
TIME LEFT 0 5 RIGHT 0 5
TRAIN B108 B109
MOVE A13 83
MOVE B82 111
MOVE B99 140
DAMAGE TURRET B82 1
DAMAGE COMBAT A12 1
DAMAGE COMBAT B82 1
END TURN 212
TURN 213
COMMAND LEFT START
COMMAND LEFT END
COMMAND RIGHT START
TRAIN 1
COMMAND RIGHT END
TURN 213 RESULT
TIME LEFT 0 5 RIGHT 0 5
TRAIN B110
MOVE A13 96
MOVE B99 128
DAMAGE TURRET B82 1
DAMAGE COMBAT A12 1
DAMAGE COMBAT B82 1
END TURN 213
TURN 214
COMMAND LEFT START
TRAIN 1
COMMAND LEFT END
COMMAND RIGHT START
TRAIN 2
COMMAND RIGHT END
TURN 214 RESULT
TIME LEFT 0 5 RIGHT 0 5
TRAIN A46 B111 B112
MOVE A13 111
MOVE B99 104
DAMAGE TURRET B82 1
DAMAGE COMBAT A12 1
DAMAGE COMBAT B82 2
END TURN 214
TURN 215
COMMAND LEFT START
COMMAND LEFT END
COMMAND RIGHT START
TRAIN 1
COMMAND RIGHT END
TURN 215 RESULT
TIME LEFT 0 5 RIGHT 0 5
TRAIN B113
DAMAGE TURRET B82 1
DAMAGE COMBAT A12 1
END TURN 215
TURN 216
COMMAND LEFT START
TRAIN 1
COMMAND LEFT END
COMMAND RIGHT START
MOVE B99 111
TRAIN 2
COMMAND RIGHT END
TURN 216 RESULT
TIME LEFT 0 5 RIGHT 1 5
TRAIN A47 B114 B115
MOVE B99 98
END TURN 216
TURN 217
COMMAND LEFT START
COMMAND LEFT END
COMMAND RIGHT START
MOVE B115 104
TRAIN 1
COMMAND RIGHT END
TURN 217 RESULT
TIME LEFT 0 5 RIGHT 0 5
TRAIN B116
MOVE B99 103
MOVE B115 198
END TURN 217
TURN 218
COMMAND LEFT START
TRAIN 1
COMMAND LEFT END
COMMAND RIGHT START
TRAIN 1
COMMAND RIGHT END
TURN 218 RESULT
TIME LEFT 0 5 RIGHT 0 5
TRAIN A48 B117
MOVE B99 107
MOVE B115 190
END TURN 218
TURN 219
COMMAND LEFT START
COMMAND LEFT END
COMMAND RIGHT START
TRAIN 2
COMMAND RIGHT END
TURN 219 RESULT
TIME LEFT 0 5 RIGHT 0 5
TRAIN B118 B119
MOVE B99 109
MOVE B115 173
END TURN 219
TURN 220
COMMAND LEFT START
TRAIN 1
COMMAND LEFT END
COMMAND RIGHT START
TRAIN 1
COMMAND RIGHT END
TURN 220 RESULT
TIME LEFT 0 5 RIGHT 0 5
TRAIN A49 B120
MOVE B99 116
MOVE B115 165
END TURN 220
TURN 221
COMMAND LEFT START
COMMAND LEFT END
COMMAND RIGHT START
TRAIN 2
COMMAND RIGHT END
TURN 221 RESULT
TIME LEFT 0 5 RIGHT 0 5
TRAIN B121 B122
MOVE B99 123
MOVE B115 153
END TURN 221
TURN 222
COMMAND LEFT START
MOVE A14 111
COMMAND LEFT END
COMMAND RIGHT START
TRAIN 1
COMMAND RIGHT END
TURN 222 RESULT
TIME LEFT 0 5 RIGHT 0 5
TRAIN B123
MOVE A14 3
MOVE B99 111
MOVE B115 140
DAMAGE TURRET B99 1
DAMAGE COMBAT A13 1
DAMAGE COMBAT B99 1
END TURN 222
TURN 223
COMMAND LEFT START
TRAIN 1
COMMAND LEFT END
COMMAND RIGHT START
TRAIN 1
COMMAND RIGHT END
TURN 223 RESULT
TIME LEFT 0 5 RIGHT 0 5
TRAIN A50 B124
MOVE A14 11
MOVE B115 128
DAMAGE TURRET B99 1
DAMAGE COMBAT A13 1
DAMAGE COMBAT B99 1
END TURN 223
TURN 224
COMMAND LEFT START
COMMAND LEFT END
COMMAND RIGHT START
TRAIN 2
COMMAND RIGHT END
TURN 224 RESULT
TIME LEFT 0 5 RIGHT 0 5
TRAIN B125 B126
MOVE A14 19
MOVE B115 104
DAMAGE TURRET B99 1
DAMAGE COMBAT A13 1
DAMAGE COMBAT B99 1
END TURN 224
TURN 225
COMMAND LEFT START
COMMAND LEFT END
COMMAND RIGHT START
TRAIN 1
COMMAND RIGHT END
TURN 225 RESULT
TIME LEFT 0 5 RIGHT 1 5
TRAIN B127
MOVE A14 31
DAMAGE TURRET B99 1
DAMAGE COMBAT A13 1
DAMAGE COMBAT B99 1
END TURN 225
TURN 226
COMMAND LEFT START
TRAIN 1
COMMAND LEFT END
COMMAND RIGHT START
MOVE B115 111
TRAIN 1
COMMAND RIGHT END
TURN 226 RESULT
TIME LEFT 0 5 RIGHT 0 5
TRAIN A51 B128
MOVE A14 38
MOVE B115 98
END TURN 226
TURN 227
COMMAND LEFT START
COMMAND LEFT END
COMMAND RIGHT START
MOVE B128 104
TRAIN 1
COMMAND RIGHT END
TURN 227 RESULT
TIME LEFT 0 5 RIGHT 0 5
TRAIN B129
MOVE A14 59
MOVE B115 103
MOVE B128 198
END TURN 227
TURN 228
COMMAND LEFT START
TRAIN 1
COMMAND LEFT END
COMMAND RIGHT START
TRAIN 2
COMMAND RIGHT END
TURN 228 RESULT
TIME LEFT 0 5 RIGHT 0 5
TRAIN A52 B130 B131
MOVE A14 76
MOVE B115 107
MOVE B128 190
END TURN 228
TURN 229
COMMAND LEFT START
COMMAND LEFT END
COMMAND RIGHT START
TRAIN 1
COMMAND RIGHT END
TURN 229 RESULT
TIME LEFT 0 5 RIGHT 0 5
TRAIN B132
MOVE A14 83
MOVE B115 109
MOVE B128 173
END TURN 229
TURN 230
COMMAND LEFT START
COMMAND LEFT END
COMMAND RIGHT START
TRAIN 1
COMMAND RIGHT END
TURN 230 RESULT
TIME LEFT 0 5 RIGHT 1 5
TRAIN B133
MOVE A14 96
MOVE B115 116
MOVE B128 165
END TURN 230
TURN 231
COMMAND LEFT START
TRAIN 1
COMMAND LEFT END
COMMAND RIGHT START
TRAIN 1
COMMAND RIGHT END
TURN 231 RESULT
TIME LEFT 0 5 RIGHT 0 5
TRAIN A53 B134
MOVE A14 111
MOVE B115 123
MOVE B128 153
END TURN 231
TURN 232
COMMAND LEFT START
COMMAND LEFT END
COMMAND RIGHT START
TRAIN 1
COMMAND RIGHT END
TURN 232 RESULT
TIME LEFT 0 5 RIGHT 0 5
TRAIN B135
MOVE B115 111
MOVE B128 140
DAMAGE TURRET B115 1
DAMAGE COMBAT A13 1
DAMAGE COMBAT B115 2
END TURN 232
TURN 233
COMMAND LEFT START
MOVE A15 111
COMMAND LEFT END
COMMAND RIGHT START
TRAIN 1
COMMAND RIGHT END
TURN 233 RESULT
TIME LEFT 0 5 RIGHT 0 5
TRAIN B136
MOVE A15 3
MOVE B128 128
DAMAGE TURRET B115 1
DAMAGE COMBAT A14 1
DAMAGE COMBAT B115 1
END TURN 233
TURN 234
COMMAND LEFT START
TRAIN 1
COMMAND LEFT END
COMMAND RIGHT START
TRAIN 1
COMMAND RIGHT END
TURN 234 RESULT
TIME LEFT 0 5 RIGHT 0 5
TRAIN A54 B137
MOVE A15 11
MOVE B128 104
DAMAGE TURRET B115 1
DAMAGE COMBAT A14 1
DAMAGE COMBAT B115 1
END TURN 234
TURN 235
COMMAND LEFT START
COMMAND LEFT END
COMMAND RIGHT START
TRAIN 2
COMMAND RIGHT END
TURN 235 RESULT
TIME LEFT 0 5 RIGHT 0 5
TRAIN B138 B139
MOVE A15 19
DAMAGE TURRET B115 1
DAMAGE COMBAT A14 1
END TURN 235
TURN 236
COMMAND LEFT START
COMMAND LEFT END
COMMAND RIGHT START
MOVE B128 111
COMMAND RIGHT END
TURN 236 RESULT
TIME LEFT 0 5 RIGHT 0 5
MOVE A15 31
MOVE B128 98
END TURN 236
TURN 237
COMMAND LEFT START
TRAIN 1
COMMAND LEFT END
COMMAND RIGHT START
MOVE B139 104
TRAIN 2
COMMAND RIGHT END
TURN 237 RESULT
TIME LEFT 0 5 RIGHT 0 5
TRAIN A55 B140 B141
MOVE A15 38
MOVE B128 103
MOVE B139 198
END TURN 237
TURN 238
COMMAND LEFT START
COMMAND LEFT END
COMMAND RIGHT START
TRAIN 1
COMMAND RIGHT END
TURN 238 RESULT
TIME LEFT 0 5 RIGHT 0 5
TRAIN B142
MOVE A15 59
MOVE B128 107
MOVE B139 190
END TURN 238
TURN 239
COMMAND LEFT START
COMMAND LEFT END
COMMAND RIGHT START
TRAIN 1
COMMAND RIGHT END
TURN 239 RESULT
TIME LEFT 0 5 RIGHT 0 5
TRAIN B143
MOVE A15 76
MOVE B128 109
MOVE B139 173
END TURN 239
TURN 240
COMMAND LEFT START
COMMAND LEFT END
COMMAND RIGHT START
TRAIN 1
COMMAND RIGHT END
TURN 240 RESULT
TIME LEFT 0 5 RIGHT 0 5
TRAIN B144
MOVE A15 83
MOVE B128 116
MOVE B139 165
END TURN 240
TURN 241
COMMAND LEFT START
COMMAND LEFT END
COMMAND RIGHT START
TRAIN 1
COMMAND RIGHT END
TURN 241 RESULT
TIME LEFT 0 5 RIGHT 2 5
TRAIN B145
MOVE A15 96
MOVE B128 123
MOVE B139 153
END TURN 241
TURN 242
COMMAND LEFT START
COMMAND LEFT END
COMMAND RIGHT START
TRAIN 1
COMMAND RIGHT END
TURN 242 RESULT
TIME LEFT 0 5 RIGHT 0 5
TRAIN B146
MOVE A15 111
MOVE B128 111
MOVE B139 140
DAMAGE TURRET B128 1
DAMAGE COMBAT A14 1
DAMAGE COMBAT B128 2
END TURN 242
TURN 243
COMMAND LEFT START
TRAIN 1
COMMAND LEFT END
COMMAND RIGHT START
TRAIN 1
COMMAND RIGHT END
TURN 243 RESULT
TIME LEFT 0 5 RIGHT 0 5
TRAIN A56 B147
MOVE B139 128
DAMAGE TURRET B128 1
DAMAGE COMBAT A14 1
DAMAGE COMBAT B128 2
END TURN 243
TURN 244
COMMAND LEFT START
MOVE A16 111
COMMAND LEFT END
COMMAND RIGHT START
TRAIN 1
COMMAND RIGHT END
TURN 244 RESULT
TIME LEFT 0 5 RIGHT 0 5
TRAIN B148
MOVE A16 3
MOVE B139 104
DAMAGE TURRET B128 1
DAMAGE COMBAT A15 1
DAMAGE COMBAT B128 1
END TURN 244
TURN 245
COMMAND LEFT START
TRAIN 1
COMMAND LEFT END
COMMAND RIGHT START
MOVE B139 111
COMMAND RIGHT END
TURN 245 RESULT
TIME LEFT 0 5 RIGHT 1 5
TRAIN A57
MOVE A16 11
MOVE B139 98
END TURN 245
TURN 246
COMMAND LEFT START
COMMAND LEFT END
COMMAND RIGHT START
MOVE B148 104
TRAIN 1
COMMAND RIGHT END
TURN 246 RESULT
TIME LEFT 0 5 RIGHT 0 5
TRAIN B149
MOVE A16 19
MOVE B139 103
MOVE B148 198
END TURN 246
TURN 247
COMMAND LEFT START
COMMAND LEFT END
COMMAND RIGHT START
TRAIN 1
COMMAND RIGHT END
TURN 247 RESULT
TIME LEFT 0 5 RIGHT 0 5
TRAIN B150
MOVE A16 31
MOVE B139 107
MOVE B148 190
END TURN 247
TURN 248
COMMAND LEFT START
COMMAND LEFT END
COMMAND RIGHT START
TRAIN 1
COMMAND RIGHT END
TURN 248 RESULT
TIME LEFT 0 5 RIGHT 0 5
TRAIN B151
MOVE A16 38
MOVE B139 109
MOVE B148 173
END TURN 248
TURN 249
COMMAND LEFT START
COMMAND LEFT END
COMMAND RIGHT START
TRAIN 1
COMMAND RIGHT END
TURN 249 RESULT
TIME LEFT 0 5 RIGHT 0 5
TRAIN B152
MOVE A16 59
MOVE B139 116
MOVE B148 165
END TURN 249
TURN 250
COMMAND LEFT START
COMMAND LEFT END
COMMAND RIGHT START
TRAIN 1
COMMAND RIGHT END
TURN 250 RESULT
TIME LEFT 0 5 RIGHT 0 5
TRAIN B153
MOVE A16 76
MOVE B139 123
MOVE B148 153
END TURN 250
TURN 251
COMMAND LEFT START
COMMAND LEFT END
COMMAND RIGHT START
TRAIN 1
COMMAND RIGHT END
TURN 251 RESULT
TIME LEFT 0 5 RIGHT 0 5
TRAIN B154
MOVE A16 83
MOVE B139 111
MOVE B148 140
DAMAGE TURRET B139 1
DAMAGE COMBAT A15 1
DAMAGE COMBAT B139 1
END TURN 251
TURN 252
COMMAND LEFT START
COMMAND LEFT END
COMMAND RIGHT START
TRAIN 1
COMMAND RIGHT END
TURN 252 RESULT
TIME LEFT 0 5 RIGHT 0 5
TRAIN B155
MOVE A16 96
MOVE B148 128
DAMAGE TURRET B139 1
DAMAGE COMBAT A15 1
DAMAGE COMBAT B139 1
END TURN 252
TURN 253
COMMAND LEFT START
COMMAND LEFT END
COMMAND RIGHT START
TRAIN 1
COMMAND RIGHT END
TURN 253 RESULT
TIME LEFT 0 5 RIGHT 0 5
TRAIN B156
MOVE A16 111
MOVE B148 104
DAMAGE TURRET B139 1
DAMAGE COMBAT A15 1
DAMAGE COMBAT B139 2
END TURN 253
TURN 254
COMMAND LEFT START
TRAIN 1
COMMAND LEFT END
COMMAND RIGHT START
TRAIN 3
COMMAND RIGHT END
TURN 254 RESULT
TIME LEFT 0 5 RIGHT 0 5
TRAIN A58 B157 B158 B159
DAMAGE TURRET B139 1
DAMAGE COMBAT A15 1
END TURN 254
TURN 255
COMMAND LEFT START
COMMAND LEFT END
COMMAND RIGHT START
MOVE B148 111
COMMAND RIGHT END
TURN 255 RESULT
TIME LEFT 0 5 RIGHT 1 5
MOVE B148 98
END TURN 255
TURN 256
COMMAND LEFT START
COMMAND LEFT END
COMMAND RIGHT START
MOVE B159 104
TRAIN 3
COMMAND RIGHT END
TURN 256 RESULT
TIME LEFT 0 5 RIGHT 1 5
TRAIN B160 B161 B162
MOVE B148 103
MOVE B159 198
END TURN 256
TURN 257
COMMAND LEFT START
COMMAND LEFT END
COMMAND RIGHT START
TRAIN 1
COMMAND RIGHT END
TURN 257 RESULT
TIME LEFT 0 5 RIGHT 0 5
TRAIN B163
MOVE B148 107
MOVE B159 190
END TURN 257
TURN 258
COMMAND LEFT START
COMMAND LEFT END
COMMAND RIGHT START
COMMAND RIGHT END
TURN 258 RESULT
TIME LEFT 0 5 RIGHT 0 5
MOVE B148 109
MOVE B159 173
END TURN 258
TURN 259
COMMAND LEFT START
COMMAND LEFT END
COMMAND RIGHT START
TRAIN 1
COMMAND RIGHT END
TURN 259 RESULT
TIME LEFT 0 5 RIGHT 0 5
TRAIN B164
MOVE B148 116
MOVE B159 165
END TURN 259
TURN 260
COMMAND LEFT START
COMMAND LEFT END
COMMAND RIGHT START
TRAIN 1
COMMAND RIGHT END
TURN 260 RESULT
TIME LEFT 0 5 RIGHT 0 5
TRAIN B165
MOVE B148 123
MOVE B159 153
END TURN 260
TURN 261
COMMAND LEFT START
MOVE A17 111
COMMAND LEFT END
COMMAND RIGHT START
TRAIN 1
COMMAND RIGHT END
TURN 261 RESULT
TIME LEFT 0 5 RIGHT 0 5
TRAIN B166
MOVE A17 3
MOVE B148 111
MOVE B159 140
DAMAGE TURRET B148 1
DAMAGE COMBAT A16 1
DAMAGE COMBAT B148 1
END TURN 261
TURN 262
COMMAND LEFT START
COMMAND LEFT END
COMMAND RIGHT START
COMMAND RIGHT END
TURN 262 RESULT
TIME LEFT 0 5 RIGHT 0 5
MOVE A17 11
MOVE B159 128
DAMAGE TURRET B148 1
DAMAGE COMBAT A16 1
DAMAGE COMBAT B148 1
END TURN 262
TURN 263
COMMAND LEFT START
UPGRADE 72
COMMAND LEFT END
COMMAND RIGHT START
TRAIN 1
COMMAND RIGHT END
TURN 263 RESULT
TIME LEFT 0 5 RIGHT 1 5
UPGRADE A 72
TRAIN B167
MOVE A17 19
MOVE B159 104
DAMAGE TURRET B148 1
DAMAGE COMBAT A16 1
DAMAGE COMBAT B148 1
END TURN 263
TURN 264
COMMAND LEFT START
COMMAND LEFT END
COMMAND RIGHT START
TRAIN 1
COMMAND RIGHT END
TURN 264 RESULT
TIME LEFT 0 5 RIGHT 0 5
TRAIN B168
MOVE A17 31
DAMAGE TURRET B148 1
DAMAGE COMBAT A16 1
DAMAGE COMBAT B148 1
END TURN 264
TURN 265
COMMAND LEFT START
COMMAND LEFT END
COMMAND RIGHT START
MOVE B159 111
COMMAND RIGHT END
TURN 265 RESULT
TIME LEFT 0 5 RIGHT 1 5
MOVE A17 38
MOVE B159 98
END TURN 265
TURN 266
COMMAND LEFT START
COMMAND LEFT END
COMMAND RIGHT START
MOVE B168 104
TRAIN 1
COMMAND RIGHT END
TURN 266 RESULT
TIME LEFT 0 5 RIGHT 0 5
TRAIN B169
MOVE A17 59
MOVE B159 103
MOVE B168 198
END TURN 266
TURN 267
COMMAND LEFT START
COMMAND LEFT END
COMMAND RIGHT START
COMMAND RIGHT END
TURN 267 RESULT
TIME LEFT 0 5 RIGHT 0 5
MOVE A17 76
MOVE B159 107
MOVE B168 190
END TURN 267
TURN 268
COMMAND LEFT START
COMMAND LEFT END
COMMAND RIGHT START
TRAIN 1
COMMAND RIGHT END
TURN 268 RESULT
TIME LEFT 0 5 RIGHT 0 5
TRAIN B170
MOVE A17 83
MOVE B159 109
MOVE B168 173
END TURN 268
TURN 269
COMMAND LEFT START
COMMAND LEFT END
COMMAND RIGHT START
TRAIN 1
COMMAND RIGHT END
TURN 269 RESULT
TIME LEFT 0 5 RIGHT 0 5
TRAIN B171
MOVE A17 96
MOVE B159 116
MOVE B168 165
END TURN 269
TURN 270
COMMAND LEFT START
COMMAND LEFT END
COMMAND RIGHT START
COMMAND RIGHT END
TURN 270 RESULT
TIME LEFT 0 5 RIGHT 0 5
MOVE A17 111
MOVE B159 123
MOVE B168 153
END TURN 270
TURN 271
COMMAND LEFT START
TRAIN 1
COMMAND LEFT END
COMMAND RIGHT START
TRAIN 1
COMMAND RIGHT END
TURN 271 RESULT
TIME LEFT 0 5 RIGHT 0 5
TRAIN A59 B172
MOVE B159 111
MOVE B168 140
DAMAGE TURRET B159 1
DAMAGE COMBAT A16 1
DAMAGE COMBAT B159 2
END TURN 271
TURN 272
COMMAND LEFT START
MOVE A18 111
COMMAND LEFT END
COMMAND RIGHT START
COMMAND RIGHT END
TURN 272 RESULT
TIME LEFT 0 5 RIGHT 0 5
MOVE A18 3
MOVE B168 128
DAMAGE TURRET B159 1
DAMAGE COMBAT A17 1
DAMAGE COMBAT B159 1
END TURN 272
TURN 273
COMMAND LEFT START
COMMAND LEFT END
COMMAND RIGHT START
TRAIN 1
COMMAND RIGHT END
TURN 273 RESULT
TIME LEFT 0 5 RIGHT 1 5
TRAIN B173
MOVE A18 11
MOVE B168 104
DAMAGE TURRET B159 1
DAMAGE COMBAT A17 1
DAMAGE COMBAT B159 1
END TURN 273
TURN 274
COMMAND LEFT START
TRAIN 1
COMMAND LEFT END
COMMAND RIGHT START
TRAIN 1
COMMAND RIGHT END
TURN 274 RESULT
TIME LEFT 0 5 RIGHT 0 5
TRAIN A60 B174
MOVE A18 19
DAMAGE TURRET B159 1
DAMAGE COMBAT A17 1
END TURN 274
TURN 275
COMMAND LEFT START
COMMAND LEFT END
COMMAND RIGHT START
MOVE B168 111
COMMAND RIGHT END
TURN 275 RESULT
TIME LEFT 0 5 RIGHT 0 5
MOVE A18 31
MOVE B168 98
END TURN 275
TURN 276
COMMAND LEFT START
COMMAND LEFT END
COMMAND RIGHT START
MOVE B174 104
TRAIN 1
COMMAND RIGHT END
TURN 276 RESULT
TIME LEFT 0 5 RIGHT 1 5
TRAIN B175
MOVE A18 38
MOVE B168 103
MOVE B174 198
END TURN 276
TURN 277
COMMAND LEFT START
COMMAND LEFT END
COMMAND RIGHT START
COMMAND RIGHT END
TURN 277 RESULT
TIME LEFT 0 5 RIGHT 0 5
MOVE A18 59
MOVE B168 107
MOVE B174 190
END TURN 277
TURN 278
COMMAND LEFT START
COMMAND LEFT END
COMMAND RIGHT START
TRAIN 1
COMMAND RIGHT END
TURN 278 RESULT
TIME LEFT 0 5 RIGHT 1 5
TRAIN B176
MOVE A18 76
MOVE B168 109
MOVE B174 173
END TURN 278
TURN 279
COMMAND LEFT START
COMMAND LEFT END
COMMAND RIGHT START
COMMAND RIGHT END
TURN 279 RESULT
TIME LEFT 0 5 RIGHT 0 5
MOVE A18 83
MOVE B168 116
MOVE B174 165
END TURN 279
TURN 280
COMMAND LEFT START
COMMAND LEFT END
COMMAND RIGHT START
TRAIN 1
COMMAND RIGHT END
TURN 280 RESULT
TIME LEFT 0 5 RIGHT 0 5
TRAIN B177
MOVE A18 96
MOVE B168 123
MOVE B174 153
END TURN 280
TURN 281
COMMAND LEFT START
COMMAND LEFT END
COMMAND RIGHT START
COMMAND RIGHT END
TURN 281 RESULT
TIME LEFT 0 5 RIGHT 0 5
MOVE A18 111
MOVE B168 111
MOVE B174 140
DAMAGE TURRET B168 1
DAMAGE COMBAT A17 1
DAMAGE COMBAT B168 2
END TURN 281
TURN 282
COMMAND LEFT START
COMMAND LEFT END
COMMAND RIGHT START
TRAIN 1
COMMAND RIGHT END
TURN 282 RESULT
TIME LEFT 0 5 RIGHT 1 5
TRAIN B178
MOVE B174 128
DAMAGE TURRET B168 1
DAMAGE COMBAT A17 1
DAMAGE COMBAT B168 2
END TURN 282
TURN 283
COMMAND LEFT START
MOVE A19 111
COMMAND LEFT END
COMMAND RIGHT START
COMMAND RIGHT END
TURN 283 RESULT
TIME LEFT 0 5 RIGHT 0 5
MOVE A19 3
MOVE B174 104
DAMAGE TURRET B168 1
DAMAGE COMBAT A18 1
DAMAGE COMBAT B168 1
END TURN 283
TURN 284
COMMAND LEFT START
TRAIN 1
COMMAND LEFT END
COMMAND RIGHT START
MOVE B174 111
COMMAND RIGHT END
TURN 284 RESULT
TIME LEFT 0 5 RIGHT 0 5
TRAIN A61
MOVE A19 11
MOVE B174 98
END TURN 284
TURN 285
COMMAND LEFT START
COMMAND LEFT END
COMMAND RIGHT START
MOVE B178 104
TRAIN 1
COMMAND RIGHT END
TURN 285 RESULT
TIME LEFT 0 5 RIGHT 1 5
TRAIN B179
MOVE A19 19
MOVE B174 103
MOVE B178 198
END TURN 285
TURN 286
COMMAND LEFT START
COMMAND LEFT END
COMMAND RIGHT START
TRAIN 1
COMMAND RIGHT END
TURN 286 RESULT
TIME LEFT 0 5 RIGHT 0 5
TRAIN B180
MOVE A19 31
MOVE B174 107
MOVE B178 190
END TURN 286
TURN 287
COMMAND LEFT START
COMMAND LEFT END
COMMAND RIGHT START
COMMAND RIGHT END
TURN 287 RESULT
TIME LEFT 0 5 RIGHT 0 5
MOVE A19 38
MOVE B174 109
MOVE B178 173
END TURN 287
TURN 288
COMMAND LEFT START
COMMAND LEFT END
COMMAND RIGHT START
TRAIN 1
COMMAND RIGHT END
TURN 288 RESULT
TIME LEFT 0 5 RIGHT 1 5
TRAIN B181
MOVE A19 59
MOVE B174 116
MOVE B178 165
END TURN 288
TURN 289
COMMAND LEFT START
COMMAND LEFT END
COMMAND RIGHT START
COMMAND RIGHT END
TURN 289 RESULT
TIME LEFT 0 5 RIGHT 0 5
MOVE A19 76
MOVE B174 123
MOVE B178 153
END TURN 289
TURN 290
COMMAND LEFT START
UPGRADE 77
COMMAND LEFT END
COMMAND RIGHT START
TRAIN 1
COMMAND RIGHT END
TURN 290 RESULT
TIME LEFT 0 5 RIGHT 1 5
UPGRADE A 77
TRAIN B182
MOVE A19 83
MOVE B174 111
MOVE B178 140
DAMAGE TURRET B174 1
DAMAGE COMBAT A18 1
DAMAGE COMBAT B174 1
END TURN 290
TURN 291
COMMAND LEFT START
COMMAND LEFT END
COMMAND RIGHT START
MOVE B182 104
MOVE B181 104
MOVE B180 104
MOVE B179 104
COMMAND RIGHT END
TURN 291 RESULT
TIME LEFT 0 5 RIGHT 0 5
MOVE A19 96
MOVE B178 128
MOVE B179 198
MOVE B180 198
MOVE B181 198
MOVE B182 198
DAMAGE TURRET B174 1
DAMAGE COMBAT A18 1
DAMAGE COMBAT B174 1
END TURN 291
TURN 292
COMMAND LEFT START
COMMAND LEFT END
COMMAND RIGHT START
TRAIN 1
COMMAND RIGHT END
TURN 292 RESULT
TIME LEFT 0 5 RIGHT 0 5
TRAIN B183
MOVE A19 111
MOVE B178 104
MOVE B179 190
MOVE B180 190
MOVE B181 190
MOVE B182 190
DAMAGE TURRET B174 1
DAMAGE COMBAT A18 1
DAMAGE COMBAT B174 2
END TURN 292
TURN 293
COMMAND LEFT START
TRAIN 1
COMMAND LEFT END
COMMAND RIGHT START
COMMAND RIGHT END
TURN 293 RESULT
TIME LEFT 0 5 RIGHT 0 5
TRAIN A62
MOVE B179 173
MOVE B180 173
MOVE B181 173
MOVE B182 173
DAMAGE TURRET B174 1
DAMAGE COMBAT A18 1
END TURN 293
TURN 294
COMMAND LEFT START
COMMAND LEFT END
COMMAND RIGHT START
MOVE B178 111
COMMAND RIGHT END
TURN 294 RESULT
TIME LEFT 0 5 RIGHT 0 5
MOVE B178 98
MOVE B179 165
MOVE B180 165
MOVE B181 165
MOVE B182 165
END TURN 294
TURN 295
COMMAND LEFT START
COMMAND LEFT END
COMMAND RIGHT START
MOVE B183 104
TRAIN 1
COMMAND RIGHT END
TURN 295 RESULT
TIME LEFT 0 5 RIGHT 0 5
TRAIN B184
MOVE B178 103
MOVE B179 153
MOVE B180 153
MOVE B181 153
MOVE B182 153
MOVE B183 198
END TURN 295
TURN 296
COMMAND LEFT START
COMMAND LEFT END
COMMAND RIGHT START
COMMAND RIGHT END
TURN 296 RESULT
TIME LEFT 0 5 RIGHT 0 5
MOVE B178 107
MOVE B179 140
MOVE B180 140
MOVE B181 140
MOVE B182 140
MOVE B183 190
END TURN 296
TURN 297
COMMAND LEFT START
COMMAND LEFT END
COMMAND RIGHT START
TRAIN 1
COMMAND RIGHT END
TURN 297 RESULT
TIME LEFT 0 5 RIGHT 0 5
TRAIN B185
MOVE B178 109
MOVE B179 128
MOVE B180 128
MOVE B181 128
MOVE B182 128
MOVE B183 173
END TURN 297
TURN 298
COMMAND LEFT START
COMMAND LEFT END
COMMAND RIGHT START
COMMAND RIGHT END
TURN 298 RESULT
TIME LEFT 0 5 RIGHT 0 5
MOVE B178 116
MOVE B179 104
MOVE B180 104
MOVE B181 104
MOVE B182 104
MOVE B183 165
END TURN 298
TURN 299
COMMAND LEFT START
TRAIN 1
COMMAND LEFT END
COMMAND RIGHT START
TRAIN 1
COMMAND RIGHT END
TURN 299 RESULT
TIME LEFT 0 5 RIGHT 0 5
TRAIN A63 B186
MOVE B178 123
MOVE B183 153
END TURN 299
TURN 300
COMMAND LEFT START
MOVE A20 111
COMMAND LEFT END
COMMAND RIGHT START
COMMAND RIGHT END
TURN 300 RESULT
TIME LEFT 0 5 RIGHT 0 5
MOVE A20 3
MOVE B178 111
MOVE B183 140
DAMAGE TURRET B178 1
DAMAGE COMBAT A19 1
DAMAGE COMBAT B178 1
END TURN 300
TURN 301
COMMAND LEFT START
TRAIN 1
COMMAND LEFT END
COMMAND RIGHT START
COMMAND RIGHT END
TURN 301 RESULT
TIME LEFT 0 5 RIGHT 0 5
TRAIN A64
MOVE A20 11
MOVE B183 128
DAMAGE TURRET B178 1
DAMAGE COMBAT A19 1
DAMAGE COMBAT B178 1
END TURN 301
TURN 302
COMMAND LEFT START
COMMAND LEFT END
COMMAND RIGHT START
TRAIN 1
COMMAND RIGHT END
TURN 302 RESULT
TIME LEFT 0 5 RIGHT 0 5
TRAIN B187
MOVE A20 19
MOVE B183 104
DAMAGE TURRET B178 1
DAMAGE COMBAT A19 1
DAMAGE COMBAT B178 1
END TURN 302
TURN 303
COMMAND LEFT START
COMMAND LEFT END
COMMAND RIGHT START
COMMAND RIGHT END
TURN 303 RESULT
TIME LEFT 0 5 RIGHT 0 5
MOVE A20 31
DAMAGE TURRET B178 1
DAMAGE COMBAT A19 1
DAMAGE COMBAT B178 1
END TURN 303
TURN 304
COMMAND LEFT START
COMMAND LEFT END
COMMAND RIGHT START
MOVE B183 111
COMMAND RIGHT END
TURN 304 RESULT
TIME LEFT 0 5 RIGHT 0 5
MOVE A20 38
MOVE B183 98
END TURN 304
TURN 305
COMMAND LEFT START
TRAIN 1
COMMAND LEFT END
COMMAND RIGHT START
MOVE B187 104
TRAIN 1
COMMAND RIGHT END
TURN 305 RESULT
TIME LEFT 0 5 RIGHT 2 5
TRAIN A65 B188
MOVE A20 59
MOVE B183 103
MOVE B187 198
END TURN 305
TURN 306
COMMAND LEFT START
COMMAND LEFT END
COMMAND RIGHT START
COMMAND RIGHT END
TURN 306 RESULT
TIME LEFT 0 5 RIGHT 0 5
MOVE A20 76
MOVE B183 107
MOVE B187 190
END TURN 306
TURN 307
COMMAND LEFT START
COMMAND LEFT END
COMMAND RIGHT START
TRAIN 1
COMMAND RIGHT END
TURN 307 RESULT
TIME LEFT 0 5 RIGHT 1 5
TRAIN B189
MOVE A20 83
MOVE B183 109
MOVE B187 173
END TURN 307
TURN 308
COMMAND LEFT START
COMMAND LEFT END
COMMAND RIGHT START
COMMAND RIGHT END
TURN 308 RESULT
TIME LEFT 0 5 RIGHT 0 5
MOVE A20 96
MOVE B183 116
MOVE B187 165
END TURN 308
TURN 309
COMMAND LEFT START
TRAIN 1
COMMAND LEFT END
COMMAND RIGHT START
COMMAND RIGHT END
TURN 309 RESULT
TIME LEFT 0 5 RIGHT 1 5
TRAIN A66
MOVE A20 111
MOVE B183 123
MOVE B187 153
END TURN 309
TURN 310
COMMAND LEFT START
COMMAND LEFT END
COMMAND RIGHT START
TRAIN 1
COMMAND RIGHT END
TURN 310 RESULT
TIME LEFT 0 5 RIGHT 0 5
TRAIN B190
MOVE B183 111
MOVE B187 140
DAMAGE TURRET B183 1
DAMAGE COMBAT A19 1
DAMAGE COMBAT B183 2
END TURN 310
TURN 311
COMMAND LEFT START
MOVE A21 111
COMMAND LEFT END
COMMAND RIGHT START
COMMAND RIGHT END
TURN 311 RESULT
TIME LEFT 0 5 RIGHT 0 5
MOVE A21 3
MOVE B187 128
DAMAGE TURRET B183 1
DAMAGE COMBAT A20 1
DAMAGE COMBAT B183 1
END TURN 311
TURN 312
COMMAND LEFT START
COMMAND LEFT END
COMMAND RIGHT START
COMMAND RIGHT END
TURN 312 RESULT
TIME LEFT 0 5 RIGHT 1 5
MOVE A21 11
MOVE B187 104
DAMAGE TURRET B183 1
DAMAGE COMBAT A20 1
DAMAGE COMBAT B183 1
END TURN 312
TURN 313
COMMAND LEFT START
TRAIN 1
COMMAND LEFT END
COMMAND RIGHT START
TRAIN 1
COMMAND RIGHT END
TURN 313 RESULT
TIME LEFT 0 5 RIGHT 0 5
TRAIN A67 B191
MOVE A21 19
DAMAGE TURRET B183 1
DAMAGE COMBAT A20 1
END TURN 313
TURN 314
COMMAND LEFT START
COMMAND LEFT END
COMMAND RIGHT START
MOVE B187 111
COMMAND RIGHT END
TURN 314 RESULT
TIME LEFT 1 5 RIGHT 1 5
MOVE A21 31
MOVE B187 98
END TURN 314
TURN 315
COMMAND LEFT START
COMMAND LEFT END
COMMAND RIGHT START
MOVE B191 104
COMMAND RIGHT END
TURN 315 RESULT
TIME LEFT 0 5 RIGHT 0 5
MOVE A21 38
MOVE B187 103
MOVE B191 198
END TURN 315
TURN 316
COMMAND LEFT START
COMMAND LEFT END
COMMAND RIGHT START
TRAIN 1
COMMAND RIGHT END
TURN 316 RESULT
TIME LEFT 0 5 RIGHT 0 5
TRAIN B192
MOVE A21 59
MOVE B187 107
MOVE B191 190
END TURN 316
TURN 317
COMMAND LEFT START
COMMAND LEFT END
COMMAND RIGHT START
COMMAND RIGHT END
TURN 317 RESULT
TIME LEFT 0 5 RIGHT 0 5
MOVE A21 76
MOVE B187 109
MOVE B191 173
END TURN 317
TURN 318
COMMAND LEFT START
TRAIN 1
COMMAND LEFT END
COMMAND RIGHT START
COMMAND RIGHT END
TURN 318 RESULT
TIME LEFT 0 5 RIGHT 0 5
TRAIN A68
MOVE A21 83
MOVE B187 116
MOVE B191 165
END TURN 318
TURN 319
COMMAND LEFT START
COMMAND LEFT END
COMMAND RIGHT START
TRAIN 1
COMMAND RIGHT END
TURN 319 RESULT
TIME LEFT 0 5 RIGHT 1 5
TRAIN B193
MOVE A21 96
MOVE B187 123
MOVE B191 153
END TURN 319
TURN 320
COMMAND LEFT START
COMMAND LEFT END
COMMAND RIGHT START
COMMAND RIGHT END
TURN 320 RESULT
TIME LEFT 0 5 RIGHT 1 5
MOVE A21 111
MOVE B187 111
MOVE B191 140
DAMAGE TURRET B187 1
DAMAGE COMBAT A20 1
DAMAGE COMBAT B187 2
END TURN 320
TURN 321
COMMAND LEFT START
COMMAND LEFT END
COMMAND RIGHT START
COMMAND RIGHT END
TURN 321 RESULT
TIME LEFT 0 5 RIGHT 0 5
MOVE B191 128
DAMAGE TURRET B187 1
DAMAGE COMBAT A20 1
DAMAGE COMBAT B187 2
END TURN 321
TURN 322
COMMAND LEFT START
MOVE A22 111
TRAIN 1
COMMAND LEFT END
COMMAND RIGHT START
TRAIN 1
COMMAND RIGHT END
TURN 322 RESULT
TIME LEFT 0 5 RIGHT 1 5
TRAIN A69 B194
MOVE A22 3
MOVE B191 104
DAMAGE TURRET B187 1
DAMAGE COMBAT A21 1
DAMAGE COMBAT B187 1
END TURN 322
TURN 323
COMMAND LEFT START
COMMAND LEFT END
COMMAND RIGHT START
MOVE B191 111
COMMAND RIGHT END
TURN 323 RESULT
TIME LEFT 0 5 RIGHT 0 5
MOVE A22 11
MOVE B191 98
END TURN 323
TURN 324
COMMAND LEFT START
COMMAND LEFT END
COMMAND RIGHT START
MOVE B194 104
COMMAND RIGHT END
TURN 324 RESULT
TIME LEFT 0 5 RIGHT 1 5
MOVE A22 19
MOVE B191 103
MOVE B194 198
END TURN 324
TURN 325
COMMAND LEFT START
COMMAND LEFT END
COMMAND RIGHT START
TRAIN 1
COMMAND RIGHT END
TURN 325 RESULT
TIME LEFT 0 5 RIGHT 0 5
TRAIN B195
MOVE A22 31
MOVE B191 107
MOVE B194 190
END TURN 325
TURN 326
COMMAND LEFT START
COMMAND LEFT END
COMMAND RIGHT START
COMMAND RIGHT END
TURN 326 RESULT
TIME LEFT 0 5 RIGHT 1 5
MOVE A22 38
MOVE B191 109
MOVE B194 173
END TURN 326
TURN 327
COMMAND LEFT START
COMMAND LEFT END
COMMAND RIGHT START
COMMAND RIGHT END
TURN 327 RESULT
TIME LEFT 0 5 RIGHT 0 5
MOVE A22 59
MOVE B191 116
MOVE B194 165
END TURN 327
TURN 328
COMMAND LEFT START
TRAIN 1
COMMAND LEFT END
COMMAND RIGHT START
COMMAND RIGHT END
TURN 328 RESULT
TIME LEFT 0 5 RIGHT 1 5
TRAIN A70
MOVE A22 76
MOVE B191 123
MOVE B194 153
END TURN 328
TURN 329
COMMAND LEFT START
COMMAND LEFT END
COMMAND RIGHT START
TRAIN 1
COMMAND RIGHT END
TURN 329 RESULT
TIME LEFT 0 5 RIGHT 0 5
TRAIN B196
MOVE A22 83
MOVE B191 111
MOVE B194 140
DAMAGE TURRET B191 1
DAMAGE COMBAT A21 1
DAMAGE COMBAT B191 1
END TURN 329
TURN 330
COMMAND LEFT START
COMMAND LEFT END
COMMAND RIGHT START
COMMAND RIGHT END
TURN 330 RESULT
TIME LEFT 0 5 RIGHT 0 5
MOVE A22 96
MOVE B194 128
DAMAGE TURRET B191 1
DAMAGE COMBAT A21 1
DAMAGE COMBAT B191 1
END TURN 330
TURN 331
COMMAND LEFT START
COMMAND LEFT END
COMMAND RIGHT START
COMMAND RIGHT END
TURN 331 RESULT
TIME LEFT 0 5 RIGHT 0 5
MOVE A22 111
MOVE B194 104
DAMAGE TURRET B191 1
DAMAGE COMBAT A21 1
DAMAGE COMBAT B191 2
END TURN 331
TURN 332
COMMAND LEFT START
COMMAND LEFT END
COMMAND RIGHT START
TRAIN 1
COMMAND RIGHT END
TURN 332 RESULT
TIME LEFT 0 5 RIGHT 0 5
TRAIN B197
DAMAGE TURRET B191 1
DAMAGE COMBAT A21 1
END TURN 332
TURN 333
COMMAND LEFT START
TRAIN 1
COMMAND LEFT END
COMMAND RIGHT START
MOVE B194 111
COMMAND RIGHT END
TURN 333 RESULT
TIME LEFT 0 5 RIGHT 0 5
TRAIN A71
MOVE B194 98
END TURN 333
TURN 334
COMMAND LEFT START
COMMAND LEFT END
COMMAND RIGHT START
MOVE B197 104
COMMAND RIGHT END
TURN 334 RESULT
TIME LEFT 0 5 RIGHT 1 5
MOVE B194 103
MOVE B197 198
END TURN 334
TURN 335
COMMAND LEFT START
COMMAND LEFT END
COMMAND RIGHT START
COMMAND RIGHT END
TURN 335 RESULT
TIME LEFT 0 5 RIGHT 1 5
MOVE B194 107
MOVE B197 190
END TURN 335
TURN 336
COMMAND LEFT START
COMMAND LEFT END
COMMAND RIGHT START
TRAIN 1
COMMAND RIGHT END
TURN 336 RESULT
TIME LEFT 0 5 RIGHT 1 5
TRAIN B198
MOVE B194 109
MOVE B197 173
END TURN 336
TURN 337
COMMAND LEFT START
COMMAND LEFT END
COMMAND RIGHT START
COMMAND RIGHT END
TURN 337 RESULT
TIME LEFT 0 5 RIGHT 0 5
MOVE B194 116
MOVE B197 165
END TURN 337
TURN 338
COMMAND LEFT START
TRAIN 1
COMMAND LEFT END
COMMAND RIGHT START
COMMAND RIGHT END
TURN 338 RESULT
TIME LEFT 0 5 RIGHT 1 5
TRAIN A72
MOVE B194 123
MOVE B197 153
END TURN 338
TURN 339
COMMAND LEFT START
MOVE A23 111
COMMAND LEFT END
COMMAND RIGHT START
COMMAND RIGHT END
TURN 339 RESULT
TIME LEFT 0 5 RIGHT 0 5
MOVE A23 3
MOVE B194 111
MOVE B197 140
DAMAGE TURRET B194 1
DAMAGE COMBAT A22 1
DAMAGE COMBAT B194 1
END TURN 339
TURN 340
COMMAND LEFT START
COMMAND LEFT END
COMMAND RIGHT START
TRAIN 1
COMMAND RIGHT END
TURN 340 RESULT
TIME LEFT 0 5 RIGHT 0 5
TRAIN B199
MOVE A23 11
MOVE B197 128
DAMAGE TURRET B194 1
DAMAGE COMBAT A22 1
DAMAGE COMBAT B194 1
END TURN 340
TURN 341
COMMAND LEFT START
COMMAND LEFT END
COMMAND RIGHT START
COMMAND RIGHT END
TURN 341 RESULT
TIME LEFT 0 5 RIGHT 0 5
MOVE A23 19
MOVE B197 104
DAMAGE TURRET B194 1
DAMAGE COMBAT A22 1
DAMAGE COMBAT B194 1
END TURN 341
TURN 342
COMMAND LEFT START
COMMAND LEFT END
COMMAND RIGHT START
COMMAND RIGHT END
TURN 342 RESULT
TIME LEFT 0 5 RIGHT 1 5
MOVE A23 31
DAMAGE TURRET B194 1
DAMAGE COMBAT A22 1
DAMAGE COMBAT B194 1
END TURN 342
TURN 343
COMMAND LEFT START
COMMAND LEFT END
COMMAND RIGHT START
MOVE B197 111
COMMAND RIGHT END
TURN 343 RESULT
TIME LEFT 0 5 RIGHT 0 5
MOVE A23 38
MOVE B197 98
END TURN 343
TURN 344
COMMAND LEFT START
COMMAND LEFT END
COMMAND RIGHT START
MOVE B199 104
TRAIN 1
COMMAND RIGHT END
TURN 344 RESULT
TIME LEFT 0 5 RIGHT 0 5
TRAIN B200
MOVE A23 59
MOVE B197 103
MOVE B199 198
END TURN 344
TURN 345
COMMAND LEFT START
TRAIN 1
COMMAND LEFT END
COMMAND RIGHT START
COMMAND RIGHT END
TURN 345 RESULT
TIME LEFT 0 5 RIGHT 1 5
TRAIN A73
MOVE A23 76
MOVE B197 107
MOVE B199 190
END TURN 345
TURN 346
COMMAND LEFT START
COMMAND LEFT END
COMMAND RIGHT START
COMMAND RIGHT END
TURN 346 RESULT
TIME LEFT 0 5 RIGHT 0 5
MOVE A23 83
MOVE B197 109
MOVE B199 173
END TURN 346
TURN 347
COMMAND LEFT START
COMMAND LEFT END
COMMAND RIGHT START
COMMAND RIGHT END
TURN 347 RESULT
TIME LEFT 0 5 RIGHT 0 5
MOVE A23 96
MOVE B197 116
MOVE B199 165
END TURN 347
TURN 348
COMMAND LEFT START
COMMAND LEFT END
COMMAND RIGHT START
MOVE B200 104
MOVE B198 104
MOVE B196 104
MOVE B195 104
TRAIN 3
COMMAND RIGHT END
TURN 348 RESULT
TIME LEFT 0 5 RIGHT 1 5
TRAIN B201 B202 B203
MOVE A23 111
MOVE B195 198
MOVE B196 198
MOVE B197 123
MOVE B198 198
MOVE B199 153
MOVE B200 198
END TURN 348
TURN 349
COMMAND LEFT START
COMMAND LEFT END
COMMAND RIGHT START
TRAIN 2
COMMAND RIGHT END
TURN 349 RESULT
TIME LEFT 0 5 RIGHT 0 5
TRAIN B204 B205
MOVE B195 190
MOVE B196 190
MOVE B197 111
MOVE B198 190
MOVE B199 140
MOVE B200 190
DAMAGE TURRET B197 1
DAMAGE COMBAT A22 1
DAMAGE COMBAT B197 2
END TURN 349
TURN 350
COMMAND LEFT START
MOVE A24 111
TRAIN 1
COMMAND LEFT END
COMMAND RIGHT START
COMMAND RIGHT END
TURN 350 RESULT
TIME LEFT 0 5 RIGHT 0 5
TRAIN A74
MOVE A24 3
MOVE B195 173
MOVE B196 173
MOVE B198 173
MOVE B199 128
MOVE B200 173
DAMAGE TURRET B197 1
DAMAGE COMBAT A23 1
DAMAGE COMBAT B197 1
END TURN 350
TURN 351
COMMAND LEFT START
COMMAND LEFT END
COMMAND RIGHT START
COMMAND RIGHT END
TURN 351 RESULT
TIME LEFT 0 5 RIGHT 0 5
MOVE A24 11
MOVE B195 165
MOVE B196 165
MOVE B198 165
MOVE B199 104
MOVE B200 165
DAMAGE TURRET B197 1
DAMAGE COMBAT A23 1
DAMAGE COMBAT B197 1
END TURN 351
TURN 352
COMMAND LEFT START
COMMAND LEFT END
COMMAND RIGHT START
COMMAND RIGHT END
TURN 352 RESULT
TIME LEFT 0 5 RIGHT 1 5
MOVE A24 19
MOVE B195 153
MOVE B196 153
MOVE B198 153
MOVE B200 153
DAMAGE TURRET B197 1
DAMAGE COMBAT A23 1
END TURN 352
TURN 353
COMMAND LEFT START
COMMAND LEFT END
COMMAND RIGHT START
COMMAND RIGHT END
TURN 353 RESULT
TIME LEFT 0 5 RIGHT 0 5
MOVE A24 31
MOVE B195 140
MOVE B196 140
MOVE B198 140
MOVE B200 140
END TURN 353
TURN 354
COMMAND LEFT START
COMMAND LEFT END
COMMAND RIGHT START
COMMAND RIGHT END
TURN 354 RESULT
TIME LEFT 0 5 RIGHT 0 5
MOVE A24 38
MOVE B195 128
MOVE B196 128
MOVE B198 128
MOVE B200 128
END TURN 354
TURN 355
COMMAND LEFT START
COMMAND LEFT END
COMMAND RIGHT START
TRAIN 1
COMMAND RIGHT END
TURN 355 RESULT
TIME LEFT 0 5 RIGHT 0 5
TRAIN B206
MOVE A24 59
MOVE B195 104
MOVE B196 104
MOVE B198 104
MOVE B200 104
END TURN 355
TURN 356
COMMAND LEFT START
COMMAND LEFT END
COMMAND RIGHT START
COMMAND RIGHT END
TURN 356 RESULT
TIME LEFT 0 5 RIGHT 1 5
MOVE A24 76
END TURN 356
TURN 357
COMMAND LEFT START
COMMAND LEFT END
COMMAND RIGHT START
COMMAND RIGHT END
TURN 357 RESULT
TIME LEFT 0 5 RIGHT 0 5
MOVE A24 83
END TURN 357
TURN 358
COMMAND LEFT START
TRAIN 1
COMMAND LEFT END
COMMAND RIGHT START
COMMAND RIGHT END
TURN 358 RESULT
TIME LEFT 0 5 RIGHT 0 5
TRAIN A75
MOVE A24 96
END TURN 358
TURN 359
COMMAND LEFT START
COMMAND LEFT END
COMMAND RIGHT START
COMMAND RIGHT END
TURN 359 RESULT
TIME LEFT 0 5 RIGHT 0 5
MOVE A24 111
END TURN 359
TURN 360
COMMAND LEFT START
COMMAND LEFT END
COMMAND RIGHT START
COMMAND RIGHT END
TURN 360 RESULT
TIME LEFT 0 5 RIGHT 0 5
END TURN 360
TURN 361
COMMAND LEFT START
COMMAND LEFT END
COMMAND RIGHT START
COMMAND RIGHT END
TURN 361 RESULT
TIME LEFT 0 5 RIGHT 0 5
END TURN 361
TURN 362
COMMAND LEFT START
TRAIN 1
COMMAND LEFT END
COMMAND RIGHT START
COMMAND RIGHT END
TURN 362 RESULT
TIME LEFT 0 5 RIGHT 0 5
TRAIN A76
END TURN 362
TURN 363
COMMAND LEFT START
COMMAND LEFT END
COMMAND RIGHT START
COMMAND RIGHT END
TURN 363 RESULT
TIME LEFT 0 5 RIGHT 1 5
END TURN 363
TURN 364
COMMAND LEFT START
COMMAND LEFT END
COMMAND RIGHT START
COMMAND RIGHT END
TURN 364 RESULT
TIME LEFT 0 5 RIGHT 0 5
END TURN 364
TURN 365
COMMAND LEFT START
COMMAND LEFT END
COMMAND RIGHT START
COMMAND RIGHT END
TURN 365 RESULT
TIME LEFT 0 5 RIGHT 0 5
END TURN 365
TURN 366
COMMAND LEFT START
COMMAND LEFT END
COMMAND RIGHT START
COMMAND RIGHT END
TURN 366 RESULT
TIME LEFT 0 5 RIGHT 0 5
END TURN 366
TURN 367
COMMAND LEFT START
TRAIN 1
COMMAND LEFT END
COMMAND RIGHT START
COMMAND RIGHT END
TURN 367 RESULT
TIME LEFT 0 5 RIGHT 1 5
TRAIN A77
END TURN 367
TURN 368
COMMAND LEFT START
COMMAND LEFT END
COMMAND RIGHT START
COMMAND RIGHT END
TURN 368 RESULT
TIME LEFT 0 5 RIGHT 1 5
END TURN 368
TURN 369
COMMAND LEFT START
COMMAND LEFT END
COMMAND RIGHT START
COMMAND RIGHT END
TURN 369 RESULT
TIME LEFT 0 5 RIGHT 0 5
END TURN 369
TURN 370
COMMAND LEFT START
COMMAND LEFT END
COMMAND RIGHT START
COMMAND RIGHT END
TURN 370 RESULT
TIME LEFT 0 5 RIGHT 1 5
END TURN 370
TURN 371
COMMAND LEFT START
TRAIN 1
COMMAND LEFT END
COMMAND RIGHT START
COMMAND RIGHT END
TURN 371 RESULT
TIME LEFT 0 5 RIGHT 1 5
TRAIN A78
END TURN 371
TURN 372
COMMAND LEFT START
COMMAND LEFT END
COMMAND RIGHT START
COMMAND RIGHT END
TURN 372 RESULT
TIME LEFT 0 5 RIGHT 0 5
END TURN 372
TURN 373
COMMAND LEFT START
COMMAND LEFT END
COMMAND RIGHT START
COMMAND RIGHT END
TURN 373 RESULT
TIME LEFT 0 5 RIGHT 1 5
END TURN 373
TURN 374
COMMAND LEFT START
COMMAND LEFT END
COMMAND RIGHT START
COMMAND RIGHT END
TURN 374 RESULT
TIME LEFT 0 5 RIGHT 0 5
END TURN 374
TURN 375
COMMAND LEFT START
COMMAND LEFT END
COMMAND RIGHT START
COMMAND RIGHT END
TURN 375 RESULT
TIME LEFT 0 5 RIGHT 1 5
END TURN 375
TURN 376
COMMAND LEFT START
TRAIN 1
COMMAND LEFT END
COMMAND RIGHT START
COMMAND RIGHT END
TURN 376 RESULT
TIME LEFT 0 5 RIGHT 1 5
TRAIN A79
END TURN 376
TURN 377
COMMAND LEFT START
COMMAND LEFT END
COMMAND RIGHT START
MOVE B200 111
COMMAND RIGHT END
TURN 377 RESULT
TIME LEFT 0 5 RIGHT 1 5
MOVE B200 98
END TURN 377
TURN 378
COMMAND LEFT START
COMMAND LEFT END
COMMAND RIGHT START
MOVE B206 104
COMMAND RIGHT END
TURN 378 RESULT
TIME LEFT 0 5 RIGHT 1 5
MOVE B200 103
MOVE B206 198
END TURN 378
TURN 379
COMMAND LEFT START
COMMAND LEFT END
COMMAND RIGHT START
COMMAND RIGHT END
TURN 379 RESULT
TIME LEFT 0 5 RIGHT 0 5
MOVE B200 107
MOVE B206 190
END TURN 379
TURN 380
COMMAND LEFT START
COMMAND LEFT END
COMMAND RIGHT START
COMMAND RIGHT END
TURN 380 RESULT
TIME LEFT 0 5 RIGHT 1 5
MOVE B200 109
MOVE B206 173
END TURN 380
TURN 381
COMMAND LEFT START
COMMAND LEFT END
COMMAND RIGHT START
COMMAND RIGHT END
TURN 381 RESULT
TIME LEFT 0 5 RIGHT 1 5
MOVE B200 116
MOVE B206 165
END TURN 381
TURN 382
COMMAND LEFT START
TRAIN 1
COMMAND LEFT END
COMMAND RIGHT START
COMMAND RIGHT END
TURN 382 RESULT
TIME LEFT 0 5 RIGHT 1 5
TRAIN A80
MOVE B200 123
MOVE B206 153
END TURN 382
TURN 383
COMMAND LEFT START
COMMAND LEFT END
COMMAND RIGHT START
COMMAND RIGHT END
TURN 383 RESULT
TIME LEFT 0 5 RIGHT 1 5
MOVE B200 111
MOVE B206 140
DAMAGE TURRET B200 1
DAMAGE COMBAT A23 1
DAMAGE COMBAT B200 2
END TURN 383
TURN 384
COMMAND LEFT START
COMMAND LEFT END
COMMAND RIGHT START
COMMAND RIGHT END
TURN 384 RESULT
TIME LEFT 0 5 RIGHT 0 5
MOVE B206 128
DAMAGE TURRET B200 1
DAMAGE COMBAT A23 1
DAMAGE COMBAT B200 2
END TURN 384
TURN 385
COMMAND LEFT START
MOVE A25 111
COMMAND LEFT END
COMMAND RIGHT START
COMMAND RIGHT END
TURN 385 RESULT
TIME LEFT 0 5 RIGHT 0 5
MOVE A25 3
MOVE B206 104
DAMAGE TURRET B200 1
DAMAGE COMBAT A24 1
DAMAGE COMBAT B200 1
END TURN 385
TURN 386
COMMAND LEFT START
COMMAND LEFT END
COMMAND RIGHT START
COMMAND RIGHT END
TURN 386 RESULT
TIME LEFT 0 5 RIGHT 0 5
MOVE A25 11
END TURN 386
TURN 387
COMMAND LEFT START
COMMAND LEFT END
COMMAND RIGHT START
COMMAND RIGHT END
TURN 387 RESULT
TIME LEFT 0 5 RIGHT 0 5
MOVE A25 19
END TURN 387
TURN 388
COMMAND LEFT START
COMMAND LEFT END
COMMAND RIGHT START
COMMAND RIGHT END
TURN 388 RESULT
TIME LEFT 0 5 RIGHT 0 5
MOVE A25 31
END TURN 388
TURN 389
COMMAND LEFT START
COMMAND LEFT END
COMMAND RIGHT START
COMMAND RIGHT END
TURN 389 RESULT
TIME LEFT 0 5 RIGHT 0 5
MOVE A25 38
END TURN 389
TURN 390
COMMAND LEFT START
COMMAND LEFT END
COMMAND RIGHT START
COMMAND RIGHT END
TURN 390 RESULT
TIME LEFT 0 5 RIGHT 0 5
MOVE A25 59
END TURN 390
TURN 391
COMMAND LEFT START
COMMAND LEFT END
COMMAND RIGHT START
COMMAND RIGHT END
TURN 391 RESULT
TIME LEFT 0 5 RIGHT 0 5
MOVE A25 76
END TURN 391
TURN 392
COMMAND LEFT START
COMMAND LEFT END
COMMAND RIGHT START
COMMAND RIGHT END
TURN 392 RESULT
TIME LEFT 0 5 RIGHT 0 5
MOVE A25 83
END TURN 392
TURN 393
COMMAND LEFT START
TRAIN 1
COMMAND LEFT END
COMMAND RIGHT START
COMMAND RIGHT END
TURN 393 RESULT
TIME LEFT 0 5 RIGHT 0 5
TRAIN A81
MOVE A25 96
END TURN 393
TURN 394
COMMAND LEFT START
COMMAND LEFT END
COMMAND RIGHT START
COMMAND RIGHT END
TURN 394 RESULT
TIME LEFT 0 5 RIGHT 0 5
MOVE A25 111
END TURN 394
TURN 395
COMMAND LEFT START
COMMAND LEFT END
COMMAND RIGHT START
COMMAND RIGHT END
TURN 395 RESULT
TIME LEFT 0 5 RIGHT 0 5
END TURN 395
TURN 396
COMMAND LEFT START
COMMAND LEFT END
COMMAND RIGHT START
COMMAND RIGHT END
TURN 396 RESULT
TIME LEFT 0 5 RIGHT 0 5
END TURN 396
TURN 397
COMMAND LEFT START
COMMAND LEFT END
COMMAND RIGHT START
COMMAND RIGHT END
TURN 397 RESULT
TIME LEFT 0 5 RIGHT 0 5
END TURN 397
TURN 398
COMMAND LEFT START
COMMAND LEFT END
COMMAND RIGHT START
COMMAND RIGHT END
TURN 398 RESULT
TIME LEFT 0 5 RIGHT 0 5
END TURN 398
TURN 399
COMMAND LEFT START
COMMAND LEFT END
COMMAND RIGHT START
COMMAND RIGHT END
TURN 399 RESULT
TIME LEFT 0 5 RIGHT 0 5
END TURN 399
TURN 400
COMMAND LEFT START
TRAIN 1
COMMAND LEFT END
COMMAND RIGHT START
TRAIN 3
COMMAND RIGHT END
TURN 400 RESULT
TIME LEFT 0 5 RIGHT 0 5
TRAIN A82 B207 B208 B209
END TURN 400
RESULT RIGHT_WIN TURN_LIMIT
