[LEFT ""]
[RIGHT ""]
MAP
225 17
-10956 -10651 -10960 -10667 -10094 -10549 -10455 -8842 -8744 -8743 -9691 -8411 -8937 -8348 -8355 -8231 -8862 -7773 -7757 -7777 -7424 -8268 -7198 -7168 -7077 -7099 -8059 -6787 -6726 -6722 -7499 -6309 -6773 -6141 -5970 -6038 -6019 -5983 -5868 -5785 -5695 -5625 -5292 -5297 -5240 -6201 -5270 -5044 -4878 -4799 -4832 -4741 -4581 -4598 -4588 -4429 -4415 -4414 -4059 -4097 -4499 -4104 -3915 -3874 -3938 -3626 -3629 -3502 -3393 -3492 -3359 -3091 -3007 -3081 -3025 -3073 -2801 -3022 -2872 -2768 -2573 -2864 -2362 -2241 -2023 -2143 -2004 -2163 -2025 -1888 -1863 -1839 -1877 -1405 -1531 -1644 -1264 -1316 -1420 -997 -838 -973 -862 -577 -829 -918 -621 -668 -320 -334 -223 -263 0 263 223 334 320 668 621 918 829 577 862 973 838 997 1420 1316 1264 1644 1531 1405 1877 1839 1863 1888 2025 2163 2004 2143 2023 2241 2362 2864 2573 2768 2872 3022 2801 3073 3025 3081 3007 3091 3359 3492 3393 3502 3629 3626 3938 3874 3915 4104 4499 4097 4059 4414 4415 4429 4588 4598 4581 4741 4832 4799 4878 5044 5270 6201 5240 5297 5292 5625 5695 5785 5868 5983 6019 6038 5970 6141 6773 6309 7499 6722 6726 6787 8059 7099 7077 7168 7198 8268 7424 7777 7757 7773 8862 8231 8355 8348 8937 8411 9691 8743 8744 8842 10455 10549 10094 10667 10960 10651 10956
1907 418 -1422 -2479 -552 -3772 4152 2766 -2682 1672 -5117 -1210 4877 -3717 -26 -2009 -6234 -2804 2487 1160 4070 6235 -1731 -317 -5976 -3492 -7592 -4776 1504 2984 7680 -2008 -8880 4098 421 2157 -3357 -6739 -758 7282 -5659 5486 -2461 1708 3117 9180 -4061 -8186 -6755 -1629 -448 4214 -5615 6758 -4646 9955 1349 5403 7692 2504 -10130 -2765 -780 -6469 635 5973 -3993 -4894 3268 4689 -7917 -5665 -3312 -885 208 6916 -6854 -2240 1457 -9759 4413 9134 5665 -1446 -5523 -3878 7115 3203 -496 460 -2485 1527 -8282 4386 -7114 9230 -4582 2675 -10415 -564 7864 6233 5176 -8140 -3475 11051 1810 -2134 888 -5193 -6773 3379 0 -3379 6773 5193 -888 2134 -1810 -11051 3475 8140 -5176 -6233 -7864 564 10415 -2675 4582 -9230 7114 -4386 8282 -1527 2485 -460 496 -3203 -7115 3878 5523 1446 -5665 -9134 -4413 9759 -1457 2240 6854 -6916 -208 885 3312 5665 7917 -4689 -3268 4894 3993 -5973 -635 6469 780 2765 10130 -2504 -7692 -5403 -1349 -9955 4646 -6758 5615 -4214 448 1629 6755 8186 4061 -9180 -3117 -1708 2461 -5486 5659 -7282 758 6739 3357 -2157 -421 -4098 8880 2008 -7680 -2984 -1504 4776 7592 3492 5976 317 1731 -6235 -4070 -1160 -2487 2804 6234 2009 26 3717 -4877 1210 5117 -1672 2682 -2766 -4152 3772 552 2479 1422 -418 -1907
STRONGHOLDS 27 35 47 51 65 74 85 95 112 129 139 150 159 173 177 189 197
4 1 6 7 9
5 0 2 4 9 14
3 1 3 4
4 2 4 5 8
6 1 2 3 8 11 14
4 3 8 10 13
4 0 7 12 21
6 0 6 9 12 18 20
7 3 4 5 11 13 15 17
6 0 1 7 14 18 19
3 5 13 16
6 4 8 14 15 22 23
4 6 7 20 21
7 5 8 10 16 17 25 27
6 1 4 9 11 19 23
4 8 11 17 22
5 10 13 24 26 27
6 8 13 15 22 25 31
6 7 9 19 20 28 29
5 9 14 18 23 28
7 7 12 18 21 29 33 41
6 6 12 20 30 39 41
6 11 15 17 23 31 38
7 11 14 19 22 28 34 38
5 16 26 27 37 40
5 13 17 27 31 36
4 16 24 32 37
7 13 16 24 25 36 40 46
7 18 19 23 29 34 35 43
6 18 20 28 33 35 44
3 21 39 45
7 17 22 25 36 38 42 49
4 26 37 47 60
5 20 29 41 44 51
6 23 28 38 43 50 56
4 28 29 43 44
5 25 27 31 42 46
6 24 26 32 40 47 48
6 22 23 31 34 49 50
6 21 30 41 45 53 58
7 24 27 37 46 48 52 54
7 20 21 33 39 51 53 57
5 31 36 46 49 61
6 28 34 35 44 56 59
6 29 33 35 43 51 59
4 30 39 55 58
7 27 36 40 42 54 61 66
5 32 37 48 60 70
6 37 40 47 52 63 70
7 31 38 42 50 61 62 77
6 34 38 49 56 62 64
7 33 41 44 57 59 68 69
6 40 48 54 63 67 71
6 39 41 57 58 65 75
5 40 46 52 66 67
4 45 58 81 105
6 34 43 50 59 64 78
5 41 51 53 65 69
6 39 45 53 55 75 81
6 43 44 51 56 68 78
4 32 47 70 79
6 42 46 49 66 72 77
6 49 50 64 73 74 77
5 48 52 70 71 76
5 50 56 62 74 78
5 53 57 69 75 82
6 46 54 61 67 72 85
6 52 54 66 71 84 85
6 51 59 69 78 80 87
6 51 57 65 68 80 82
7 47 48 60 63 76 79 92
5 52 63 67 76 84
5 61 66 77 85 90
5 62 74 77 83 88
6 62 64 73 78 88 89
6 53 58 65 81 82 86
6 63 70 71 84 92 94
7 49 61 62 72 73 83 90
8 56 59 64 68 74 87 89 91
4 60 70 92 98
5 68 69 82 87 93
6 55 58 75 86 95 105
8 65 69 75 80 86 93 101 102
6 73 77 88 90 99 107
8 67 71 76 85 94 96 109 110
7 66 67 72 84 90 96 104
6 75 81 82 95 100 101
6 68 78 80 91 93 97
5 73 74 83 89 99
6 74 78 88 91 99 108
6 72 77 83 85 104 107
6 78 87 89 97 106 108
6 70 76 79 94 98 103
6 80 82 87 97 102 111
5 76 84 92 103 110
5 81 86 100 105 121
4 84 85 104 109
5 87 91 93 106 111
4 79 92 103 119
7 83 88 89 107 108 112 116
5 86 95 101 114 121
6 82 86 100 102 114 115
5 82 93 101 111 115
7 92 94 98 110 119 124 129
6 85 90 96 107 109 113
5 55 81 95 121 126
5 91 97 108 111 117
7 83 90 99 104 113 116 118
7 89 91 99 106 112 117 125
7 84 96 104 110 113 122 123
6 84 94 103 109 123 124
7 93 97 102 106 115 117 120
4 99 108 116 125
7 104 107 109 118 122 127 131
6 100 101 115 121 130 140
7 101 102 111 114 120 128 140
7 99 107 112 118 125 133 135
7 106 108 111 120 125 134 141
5 107 113 116 127 133
5 98 103 129 143 169
6 111 115 117 128 134 139
7 95 100 105 114 126 130 132
5 109 113 123 131 142
6 109 110 122 124 138 142
5 103 110 123 129 138
7 108 112 116 117 135 136 141
4 105 121 132 145
5 113 118 131 133 137
4 115 120 139 140
5 103 119 124 138 143
5 114 121 132 140 148
6 113 122 127 137 142 144
6 121 126 130 145 148 154
6 116 118 127 135 137 146
6 117 120 139 141 147 152
6 116 125 133 136 146 150
5 125 135 141 150 151
6 127 131 133 144 146 156
6 123 124 129 142 143 149
7 120 128 134 140 152 157 158
8 114 115 128 130 139 148 153 157
6 117 125 134 136 147 151
8 122 123 131 138 144 149 155 159
6 119 129 138 149 166 169
5 131 137 142 155 156
4 126 132 154 164
8 133 135 137 150 156 160 165 168
7 134 141 151 152 162 163 175
6 130 132 140 153 154 161
6 138 142 143 159 166 171
6 135 136 146 151 160 162
5 136 141 147 150 162
5 134 139 147 158 163
5 140 148 157 161 172
7 132 145 148 161 164 176 177
6 142 144 156 159 167 173
6 137 144 146 155 165 173
6 139 140 153 158 170 172
6 139 152 157 163 170 178
5 142 149 155 167 171
5 146 150 162 168 174
5 148 153 154 172 176
6 147 150 151 160 174 175
6 147 152 158 175 178 182
4 145 154 177 192
6 146 156 168 173 180 181
6 143 149 169 171 179 185
5 155 159 171 173 183
6 146 160 165 174 181 190
4 119 143 166 179
5 157 158 172 178 184
6 149 159 166 167 183 185
6 153 157 161 170 176 184
7 155 156 165 167 180 183 191
6 160 162 168 175 186 190
7 147 162 163 174 182 186 193
6 154 161 172 177 184 187
5 154 164 176 187 192
7 158 163 170 182 184 188 197
4 166 169 185 194
6 165 173 181 189 191 195
6 165 168 180 189 190 196
5 163 175 178 188 193
7 167 171 173 185 191 203 204
7 170 172 176 178 187 197 200
6 166 171 179 183 194 203
6 174 175 190 193 201 202
6 176 177 184 192 198 200
5 178 182 193 197 199
4 180 181 195 196
6 168 174 181 186 196 201
5 173 180 183 195 204
4 164 177 187 198
7 175 182 186 188 199 202 207
3 179 185 203
6 180 189 191 196 204 206
7 181 189 190 195 201 205 206
7 178 184 188 199 200 208 211
4 187 192 200 208
5 188 193 197 207 211
5 184 187 197 198 208
7 186 190 196 202 205 210 213
6 186 193 201 207 209 213
6 183 185 194 204 212 218
7 183 191 195 203 206 212 217
5 196 201 206 210 215
6 195 196 204 205 215 217
6 193 199 202 209 211 216
5 197 198 200 211 214
4 202 207 213 216
6 201 205 213 215 220 223
7 197 199 207 208 214 216 219
4 203 204 217 218
6 201 202 209 210 216 220
3 208 211 219
6 205 206 210 217 223 224
7 207 209 211 213 219 220 221
6 204 206 212 215 218 224
4 203 212 217 224
4 211 214 216 221
6 210 213 216 221 222 223
4 216 219 220 222
3 220 221 223
5 210 215 220 222 224
4 215 217 218 223
END MAP
TURN 1
COMMAND LEFT START
MOVE A1 35
MOVE A3 112
COMMAND LEFT END
COMMAND RIGHT START
MOVE B1 189
MOVE B2 112
COMMAND RIGHT END
TURN 1 RESULT
TIME LEFT 0 5 RIGHT 1 5
MOVE A1 9
MOVE A3 9
MOVE B1 215
MOVE B2 215
END TURN 1
TURN 2
COMMAND LEFT START
COMMAND LEFT END
COMMAND RIGHT START
COMMAND RIGHT END
TURN 2 RESULT
TIME LEFT 0 5 RIGHT 0 5
MOVE A1 19
MOVE A3 19
MOVE B1 205
MOVE B2 205
END TURN 2
TURN 3
COMMAND LEFT START
COMMAND LEFT END
COMMAND RIGHT START
COMMAND RIGHT END
TURN 3 RESULT
TIME LEFT 0 5 RIGHT 0 5
MOVE A1 28
MOVE A3 28
MOVE B1 196
MOVE B2 196
END TURN 3
TURN 4
COMMAND LEFT START
COMMAND LEFT END
COMMAND RIGHT START
COMMAND RIGHT END
TURN 4 RESULT
TIME LEFT 0 5 RIGHT 0 5
MOVE A1 35
MOVE A3 43
MOVE B1 189
MOVE B2 181
END TURN 4
TURN 5
COMMAND LEFT START
UPGRADE 35
COMMAND LEFT END
COMMAND RIGHT START
UPGRADE 189
COMMAND RIGHT END
TURN 5 RESULT
TIME LEFT 0 5 RIGHT 0 5
UPGRADE A 35
UPGRADE B 189
MOVE A3 56
MOVE B2 168
END TURN 5
TURN 6
COMMAND LEFT START
COMMAND LEFT END
COMMAND RIGHT START
COMMAND RIGHT END
TURN 6 RESULT
TIME LEFT 0 5 RIGHT 0 5
MOVE A3 78
MOVE B2 146
END TURN 6
TURN 7
COMMAND LEFT START
COMMAND LEFT END
COMMAND RIGHT START
COMMAND RIGHT END
TURN 7 RESULT
TIME LEFT 0 5 RIGHT 0 5
MOVE A3 91
MOVE B2 133
END TURN 7
TURN 8
COMMAND LEFT START
COMMAND LEFT END
COMMAND RIGHT START
COMMAND RIGHT END
TURN 8 RESULT
TIME LEFT 0 5 RIGHT 0 5
MOVE A3 108
MOVE B2 116
END TURN 8
TURN 9
COMMAND LEFT START
COMMAND LEFT END
COMMAND RIGHT START
COMMAND RIGHT END
TURN 9 RESULT
TIME LEFT 0 5 RIGHT 0 5
MOVE A3 112
MOVE B2 112
DAMAGE COMBAT A3 1
DAMAGE COMBAT B2 1
END TURN 9
TURN 10
COMMAND LEFT START
COMMAND LEFT END
COMMAND RIGHT START
COMMAND RIGHT END
TURN 10 RESULT
TIME LEFT 0 5 RIGHT 0 5
DAMAGE COMBAT A3 1
DAMAGE COMBAT B2 1
END TURN 10
TURN 11
COMMAND LEFT START
COMMAND LEFT END
COMMAND RIGHT START
COMMAND RIGHT END
TURN 11 RESULT
TIME LEFT 0 5 RIGHT 0 5
DAMAGE COMBAT A3 1
DAMAGE COMBAT B2 1
END TURN 11
TURN 12
COMMAND LEFT START
COMMAND LEFT END
COMMAND RIGHT START
COMMAND RIGHT END
TURN 12 RESULT
TIME LEFT 0 5 RIGHT 0 5
DAMAGE COMBAT A3 1
DAMAGE COMBAT B2 1
END TURN 12
TURN 13
COMMAND LEFT START
MOVE A1 112
COMMAND LEFT END
COMMAND RIGHT START
MOVE B3 112
TRAIN 1
COMMAND RIGHT END
TURN 13 RESULT
TIME LEFT 0 5 RIGHT 0 5
TRAIN B4
MOVE A1 43
MOVE B3 215
END TURN 13
TURN 14
COMMAND LEFT START
COMMAND LEFT END
COMMAND RIGHT START
COMMAND RIGHT END
TURN 14 RESULT
TIME LEFT 0 5 RIGHT 0 5
MOVE A1 56
MOVE B3 205
END TURN 14
TURN 15
COMMAND LEFT START
COMMAND LEFT END
COMMAND RIGHT START
COMMAND RIGHT END
TURN 15 RESULT
TIME LEFT 0 5 RIGHT 0 5
MOVE A1 78
MOVE B3 196
END TURN 15
TURN 16
COMMAND LEFT START
COMMAND LEFT END
COMMAND RIGHT START
COMMAND RIGHT END
TURN 16 RESULT
TIME LEFT 0 5 RIGHT 0 5
MOVE A1 91
MOVE B3 181
END TURN 16
TURN 17
COMMAND LEFT START
COMMAND LEFT END
COMMAND RIGHT START
COMMAND RIGHT END
TURN 17 RESULT
TIME LEFT 0 5 RIGHT 0 5
MOVE A1 108
MOVE B3 168
END TURN 17
TURN 18
COMMAND LEFT START
COMMAND LEFT END
COMMAND RIGHT START
COMMAND RIGHT END
TURN 18 RESULT
TIME LEFT 0 5 RIGHT 0 5
MOVE A1 112
MOVE B3 146
END TURN 18
TURN 19
COMMAND LEFT START
UPGRADE 112
COMMAND LEFT END
COMMAND RIGHT START
COMMAND RIGHT END
TURN 19 RESULT
TIME LEFT 0 5 RIGHT 0 5
UPGRADE A 112
MOVE B3 133
END TURN 19
TURN 20
COMMAND LEFT START
COMMAND LEFT END
COMMAND RIGHT START
TRAIN 1
COMMAND RIGHT END
TURN 20 RESULT
TIME LEFT 0 5 RIGHT 0 5
TRAIN B5
MOVE B3 116
END TURN 20
TURN 21
COMMAND LEFT START
COMMAND LEFT END
COMMAND RIGHT START
COMMAND RIGHT END
TURN 21 RESULT
TIME LEFT 0 5 RIGHT 0 5
MOVE B3 112
DAMAGE TURRET B3 1
DAMAGE COMBAT A1 1
DAMAGE COMBAT B3 1
END TURN 21
TURN 22
COMMAND LEFT START
COMMAND LEFT END
COMMAND RIGHT START
MOVE B4 173
COMMAND RIGHT END
TURN 22 RESULT
TIME LEFT 0 5 RIGHT 0 5
MOVE B4 217
DAMAGE TURRET B3 1
DAMAGE COMBAT A1 1
DAMAGE COMBAT B3 1
END TURN 22
TURN 23
COMMAND LEFT START
COMMAND LEFT END
COMMAND RIGHT START
COMMAND RIGHT END
TURN 23 RESULT
TIME LEFT 0 5 RIGHT 0 5
MOVE B4 204
END TURN 23
TURN 24
COMMAND LEFT START
TRAIN 1
COMMAND LEFT END
COMMAND RIGHT START
COMMAND RIGHT END
TURN 24 RESULT
TIME LEFT 0 5 RIGHT 0 5
TRAIN A4
MOVE B4 191
END TURN 24
TURN 25
COMMAND LEFT START
MOVE A4 35
COMMAND LEFT END
COMMAND RIGHT START
COMMAND RIGHT END
TURN 25 RESULT
TIME LEFT 0 5 RIGHT 0 5
MOVE A4 9
MOVE B4 173
END TURN 25
TURN 26
COMMAND LEFT START
COMMAND LEFT END
COMMAND RIGHT START
UPGRADE 173
COMMAND RIGHT END
TURN 26 RESULT
TIME LEFT 0 5 RIGHT 0 5
UPGRADE B 173
MOVE A4 19
END TURN 26
TURN 27
COMMAND LEFT START
COMMAND LEFT END
COMMAND RIGHT START
COMMAND RIGHT END
TURN 27 RESULT
TIME LEFT 1 5 RIGHT 1 5
MOVE A4 28
END TURN 27
TURN 28
COMMAND LEFT START
COMMAND LEFT END
COMMAND RIGHT START
COMMAND RIGHT END
TURN 28 RESULT
TIME LEFT 0 5 RIGHT 0 5
MOVE A4 35
END TURN 28
TURN 29
COMMAND LEFT START
TRAIN 1
COMMAND LEFT END
COMMAND RIGHT START
TRAIN 1
COMMAND RIGHT END
TURN 29 RESULT
TIME LEFT 0 5 RIGHT 0 5
TRAIN A5 B6
END TURN 29
TURN 30
COMMAND LEFT START
MOVE A5 150
COMMAND LEFT END
COMMAND RIGHT START
COMMAND RIGHT END
TURN 30 RESULT
TIME LEFT 0 5 RIGHT 0 5
MOVE A5 9
END TURN 30
TURN 31
COMMAND LEFT START
COMMAND LEFT END
COMMAND RIGHT START
COMMAND RIGHT END
TURN 31 RESULT
TIME LEFT 0 5 RIGHT 0 5
MOVE A5 19
END TURN 31
TURN 32
COMMAND LEFT START
COMMAND LEFT END
COMMAND RIGHT START
COMMAND RIGHT END
TURN 32 RESULT
TIME LEFT 0 5 RIGHT 0 5
MOVE A5 28
END TURN 32
TURN 33
COMMAND LEFT START
COMMAND LEFT END
COMMAND RIGHT START
COMMAND RIGHT END
TURN 33 RESULT
TIME LEFT 0 5 RIGHT 0 5
MOVE A5 43
END TURN 33
TURN 34
COMMAND LEFT START
COMMAND LEFT END
COMMAND RIGHT START
COMMAND RIGHT END
TURN 34 RESULT
TIME LEFT 0 5 RIGHT 0 5
MOVE A5 56
END TURN 34
TURN 35
COMMAND LEFT START
COMMAND LEFT END
COMMAND RIGHT START
COMMAND RIGHT END
TURN 35 RESULT
TIME LEFT 0 5 RIGHT 0 5
MOVE A5 78
END TURN 35
TURN 36
COMMAND LEFT START
COMMAND LEFT END
COMMAND RIGHT START
COMMAND RIGHT END
TURN 36 RESULT
TIME LEFT 0 5 RIGHT 0 5
MOVE A5 91
END TURN 36
TURN 37
COMMAND LEFT START
COMMAND LEFT END
COMMAND RIGHT START
COMMAND RIGHT END
TURN 37 RESULT
TIME LEFT 0 5 RIGHT 0 5
MOVE A5 108
END TURN 37
TURN 38
COMMAND LEFT START
COMMAND LEFT END
COMMAND RIGHT START
MOVE B6 197
COMMAND RIGHT END
TURN 38 RESULT
TIME LEFT 0 5 RIGHT 0 5
MOVE A5 125
MOVE B6 223
END TURN 38
TURN 39
COMMAND LEFT START
COMMAND LEFT END
COMMAND RIGHT START
COMMAND RIGHT END
TURN 39 RESULT
TIME LEFT 0 5 RIGHT 0 5
MOVE A5 136
MOVE B6 220
END TURN 39
TURN 40
COMMAND LEFT START
COMMAND LEFT END
COMMAND RIGHT START
COMMAND RIGHT END
TURN 40 RESULT
TIME LEFT 0 5 RIGHT 0 5
MOVE A5 150
MOVE B6 216
END TURN 40
TURN 41
COMMAND LEFT START
COMMAND LEFT END
COMMAND RIGHT START
COMMAND RIGHT END
TURN 41 RESULT
TIME LEFT 0 5 RIGHT 0 5
MOVE B6 211
END TURN 41
TURN 42
COMMAND LEFT START
UPGRADE 150
COMMAND LEFT END
COMMAND RIGHT START
COMMAND RIGHT END
TURN 42 RESULT
TIME LEFT 0 5 RIGHT 0 5
UPGRADE A 150
MOVE B6 197
END TURN 42
TURN 43
COMMAND LEFT START
COMMAND LEFT END
COMMAND RIGHT START
UPGRADE 197
COMMAND RIGHT END
TURN 43 RESULT
TIME LEFT 0 5 RIGHT 0 5
UPGRADE B 197
END TURN 43
TURN 44
COMMAND LEFT START
COMMAND LEFT END
COMMAND RIGHT START
COMMAND RIGHT END
TURN 44 RESULT
TIME LEFT 0 5 RIGHT 0 5
END TURN 44
TURN 45
COMMAND LEFT START
TRAIN 1
COMMAND LEFT END
COMMAND RIGHT START
COMMAND RIGHT END
TURN 45 RESULT
TIME LEFT 0 5 RIGHT 0 5
TRAIN A6
END TURN 45
TURN 46
COMMAND LEFT START
MOVE A6 139
COMMAND LEFT END
COMMAND RIGHT START
TRAIN 1
COMMAND RIGHT END
TURN 46 RESULT
TIME LEFT 0 5 RIGHT 0 5
TRAIN B7
MOVE A6 9
END TURN 46
TURN 47
COMMAND LEFT START
COMMAND LEFT END
COMMAND RIGHT START
COMMAND RIGHT END
TURN 47 RESULT
TIME LEFT 0 5 RIGHT 0 5
MOVE A6 19
END TURN 47
TURN 48
COMMAND LEFT START
COMMAND LEFT END
COMMAND RIGHT START
COMMAND RIGHT END
TURN 48 RESULT
TIME LEFT 0 5 RIGHT 0 5
MOVE A6 28
END TURN 48
TURN 49
COMMAND LEFT START
COMMAND LEFT END
COMMAND RIGHT START
COMMAND RIGHT END
TURN 49 RESULT
TIME LEFT 0 5 RIGHT 0 5
MOVE A6 43
END TURN 49
TURN 50
COMMAND LEFT START
COMMAND LEFT END
COMMAND RIGHT START
COMMAND RIGHT END
TURN 50 RESULT
TIME LEFT 0 5 RIGHT 0 5
MOVE A6 59
END TURN 50
TURN 51
COMMAND LEFT START
COMMAND LEFT END
COMMAND RIGHT START
COMMAND RIGHT END
TURN 51 RESULT
TIME LEFT 0 5 RIGHT 0 5
MOVE A6 68
END TURN 51
TURN 52
COMMAND LEFT START
COMMAND LEFT END
COMMAND RIGHT START
COMMAND RIGHT END
TURN 52 RESULT
TIME LEFT 0 5 RIGHT 0 5
MOVE A6 87
END TURN 52
TURN 53
COMMAND LEFT START
COMMAND LEFT END
COMMAND RIGHT START
COMMAND RIGHT END
TURN 53 RESULT
TIME LEFT 0 5 RIGHT 0 5
MOVE A6 97
END TURN 53
TURN 54
COMMAND LEFT START
COMMAND LEFT END
COMMAND RIGHT START
COMMAND RIGHT END
TURN 54 RESULT
TIME LEFT 0 5 RIGHT 0 5
MOVE A6 111
END TURN 54
TURN 55
COMMAND LEFT START
COMMAND LEFT END
COMMAND RIGHT START
COMMAND RIGHT END
TURN 55 RESULT
TIME LEFT 0 5 RIGHT 0 5
MOVE A6 120
END TURN 55
TURN 56
COMMAND LEFT START
COMMAND LEFT END
COMMAND RIGHT START
COMMAND RIGHT END
TURN 56 RESULT
TIME LEFT 0 5 RIGHT 0 5
MOVE A6 139
END TURN 56
TURN 57
COMMAND LEFT START
UPGRADE 139
COMMAND LEFT END
COMMAND RIGHT START
COMMAND RIGHT END
TURN 57 RESULT
TIME LEFT 0 5 RIGHT 0 5
UPGRADE A 139
END TURN 57
TURN 58
COMMAND LEFT START
TRAIN 1
COMMAND LEFT END
COMMAND RIGHT START
UPGRADE 224
COMMAND RIGHT END
TURN 58 RESULT
TIME LEFT 0 5 RIGHT 0 5
UPGRADE B 224
TRAIN A7
END TURN 58
TURN 59
COMMAND LEFT START
MOVE A7 173
TRAIN 1
COMMAND LEFT END
COMMAND RIGHT START
COMMAND RIGHT END
TURN 59 RESULT
TIME LEFT 0 5 RIGHT 0 5
TRAIN A8
MOVE A7 9
END TURN 59
TURN 60
COMMAND LEFT START
MOVE A8 112
COMMAND LEFT END
COMMAND RIGHT START
COMMAND RIGHT END
TURN 60 RESULT
TIME LEFT 0 5 RIGHT 0 5
MOVE A7 19
MOVE A8 9
END TURN 60
TURN 61
COMMAND LEFT START
COMMAND LEFT END
COMMAND RIGHT START
COMMAND RIGHT END
TURN 61 RESULT
TIME LEFT 0 5 RIGHT 0 5
MOVE A7 28
MOVE A8 19
END TURN 61
TURN 62
COMMAND LEFT START
COMMAND LEFT END
COMMAND RIGHT START
COMMAND RIGHT END
TURN 62 RESULT
TIME LEFT 0 5 RIGHT 0 5
MOVE A7 34
MOVE A8 28
END TURN 62
TURN 63
COMMAND LEFT START
COMMAND LEFT END
COMMAND RIGHT START
COMMAND RIGHT END
TURN 63 RESULT
TIME LEFT 0 5 RIGHT 0 5
MOVE A7 50
MOVE A8 43
END TURN 63
TURN 64
COMMAND LEFT START
COMMAND LEFT END
COMMAND RIGHT START
COMMAND RIGHT END
TURN 64 RESULT
TIME LEFT 0 5 RIGHT 0 5
MOVE A7 62
MOVE A8 56
END TURN 64
TURN 65
COMMAND LEFT START
COMMAND LEFT END
COMMAND RIGHT START
COMMAND RIGHT END
TURN 65 RESULT
TIME LEFT 0 5 RIGHT 0 5
MOVE A7 73
MOVE A8 78
END TURN 65
TURN 66
COMMAND LEFT START
COMMAND LEFT END
COMMAND RIGHT START
UPGRADE 197
COMMAND RIGHT END
TURN 66 RESULT
TIME LEFT 0 5 RIGHT 0 5
UPGRADE B 197
MOVE A7 83
MOVE A8 91
END TURN 66
TURN 67
COMMAND LEFT START
COMMAND LEFT END
COMMAND RIGHT START
COMMAND RIGHT END
TURN 67 RESULT
TIME LEFT 0 5 RIGHT 0 5
MOVE A7 107
MOVE A8 108
END TURN 67
TURN 68
COMMAND LEFT START
COMMAND LEFT END
COMMAND RIGHT START
TRAIN 1
COMMAND RIGHT END
TURN 68 RESULT
TIME LEFT 0 5 RIGHT 0 5
TRAIN B8
MOVE A7 118
MOVE A8 112
END TURN 68
TURN 69
COMMAND LEFT START
TRAIN 1
COMMAND LEFT END
COMMAND RIGHT START
MOVE B5 197
COMMAND RIGHT END
TURN 69 RESULT
TIME LEFT 0 5 RIGHT 0 5
TRAIN A9
MOVE A7 127
MOVE B5 223
END TURN 69
TURN 70
COMMAND LEFT START
MOVE A9 112
COMMAND LEFT END
COMMAND RIGHT START
COMMAND RIGHT END
TURN 70 RESULT
TIME LEFT 0 5 RIGHT 0 5
MOVE A7 137
MOVE A9 9
MOVE B5 220
END TURN 70
TURN 71
COMMAND LEFT START
TRAIN 1
COMMAND LEFT END
COMMAND RIGHT START
COMMAND RIGHT END
TURN 71 RESULT
TIME LEFT 0 5 RIGHT 0 5
TRAIN A10
MOVE A7 156
MOVE A9 19
MOVE B5 216
END TURN 71
TURN 72
COMMAND LEFT START
MOVE A10 112
COMMAND LEFT END
COMMAND RIGHT START
COMMAND RIGHT END
TURN 72 RESULT
TIME LEFT 0 5 RIGHT 0 5
MOVE A7 173
MOVE A9 28
MOVE A10 9
MOVE B5 211
DAMAGE TURRET A7 1
DAMAGE COMBAT A7 1
DAMAGE COMBAT B4 1
END TURN 72
TURN 73
COMMAND LEFT START
COMMAND LEFT END
COMMAND RIGHT START
COMMAND RIGHT END
TURN 73 RESULT
TIME LEFT 0 5 RIGHT 0 5
MOVE A9 43
MOVE A10 19
MOVE B5 197
DAMAGE TURRET A7 1
DAMAGE COMBAT A7 1
DAMAGE COMBAT B4 1
END TURN 73
TURN 74
COMMAND LEFT START
MOVE A8 197
TRAIN 1
COMMAND LEFT END
COMMAND RIGHT START
COMMAND RIGHT END
TURN 74 RESULT
TIME LEFT 0 5 RIGHT 0 5
TRAIN A11
MOVE A8 125
MOVE A9 56
MOVE A10 28
END TURN 74
TURN 75
COMMAND LEFT START
MOVE A11 112
COMMAND LEFT END
COMMAND RIGHT START
COMMAND RIGHT END
TURN 75 RESULT
TIME LEFT 0 5 RIGHT 0 5
MOVE A8 141
MOVE A9 78
MOVE A10 43
MOVE A11 9
END TURN 75
TURN 76
COMMAND LEFT START
TRAIN 1
COMMAND LEFT END
COMMAND RIGHT START
UPGRADE 189
COMMAND RIGHT END
TURN 76 RESULT
TIME LEFT 0 5 RIGHT 0 5
UPGRADE B 189
TRAIN A12
MOVE A8 147
MOVE A9 91
MOVE A10 56
MOVE A11 19
END TURN 76
TURN 77
COMMAND LEFT START
MOVE A12 112
COMMAND LEFT END
COMMAND RIGHT START
COMMAND RIGHT END
TURN 77 RESULT
TIME LEFT 0 5 RIGHT 0 5
MOVE A8 163
MOVE A9 108
MOVE A10 78
MOVE A11 28
MOVE A12 9
END TURN 77
TURN 78
COMMAND LEFT START
TRAIN 1
COMMAND LEFT END
COMMAND RIGHT START
TRAIN 1
COMMAND RIGHT END
TURN 78 RESULT
TIME LEFT 0 5 RIGHT 0 5
TRAIN A13 B9
MOVE A8 178
MOVE A9 112
MOVE A10 91
MOVE A11 43
MOVE A12 19
END TURN 78
TURN 79
COMMAND LEFT START
COMMAND LEFT END
COMMAND RIGHT START
MOVE B7 189
COMMAND RIGHT END
TURN 79 RESULT
TIME LEFT 0 5 RIGHT 0 5
MOVE A8 197
MOVE A10 108
MOVE A11 56
MOVE A12 28
MOVE B7 215
DAMAGE TURRET A8 1
DAMAGE COMBAT A8 2
DAMAGE COMBAT B5 1
END TURN 79
TURN 80
COMMAND LEFT START
TRAIN 1
COMMAND LEFT END
COMMAND RIGHT START
COMMAND RIGHT END
TURN 80 RESULT
TIME LEFT 0 5 RIGHT 0 5
TRAIN A14
MOVE A10 112
MOVE A11 78
MOVE A12 43
MOVE B7 205
DAMAGE TURRET A8 1
DAMAGE COMBAT B5 1
END TURN 80
TURN 81
COMMAND LEFT START
MOVE A9 129
TRAIN 1
COMMAND LEFT END
COMMAND RIGHT START
COMMAND RIGHT END
TURN 81 RESULT
TIME LEFT 0 5 RIGHT 0 5
TRAIN A15
MOVE A9 116
MOVE A11 91
MOVE A12 56
MOVE B7 196
END TURN 81
TURN 82
COMMAND LEFT START
MOVE A13 112
COMMAND LEFT END
COMMAND RIGHT START
COMMAND RIGHT END
TURN 82 RESULT
TIME LEFT 0 5 RIGHT 0 5
MOVE A9 118
MOVE A11 108
MOVE A12 78
MOVE A13 9
MOVE B7 189
END TURN 82
TURN 83
COMMAND LEFT START
COMMAND LEFT END
COMMAND RIGHT START
COMMAND RIGHT END
TURN 83 RESULT
TIME LEFT 0 5 RIGHT 0 5
MOVE A9 113
MOVE A11 112
MOVE A12 91
MOVE A13 19
END TURN 83
TURN 84
COMMAND LEFT START
COMMAND LEFT END
COMMAND RIGHT START
COMMAND RIGHT END
TURN 84 RESULT
TIME LEFT 0 5 RIGHT 0 5
MOVE A9 122
MOVE A12 108
MOVE A13 28
END TURN 84
TURN 85
COMMAND LEFT START
TRAIN 1
COMMAND LEFT END
COMMAND RIGHT START
COMMAND RIGHT END
TURN 85 RESULT
TIME LEFT 0 5 RIGHT 0 5
TRAIN A16
MOVE A9 123
MOVE A12 112
MOVE A13 43
END TURN 85
TURN 86
COMMAND LEFT START
COMMAND LEFT END
COMMAND RIGHT START
COMMAND RIGHT END
TURN 86 RESULT
TIME LEFT 0 5 RIGHT 0 5
MOVE A9 124
MOVE A13 56
END TURN 86
TURN 87
COMMAND LEFT START
TRAIN 1
COMMAND LEFT END
COMMAND RIGHT START
COMMAND RIGHT END
TURN 87 RESULT
TIME LEFT 0 5 RIGHT 0 5
TRAIN A17
MOVE A9 129
MOVE A13 78
END TURN 87
TURN 88
COMMAND LEFT START
MOVE A10 129
UPGRADE 129
COMMAND LEFT END
COMMAND RIGHT START
COMMAND RIGHT END
TURN 88 RESULT
TIME LEFT 0 5 RIGHT 0 5
UPGRADE A 129
MOVE A10 116
MOVE A13 91
END TURN 88
TURN 89
COMMAND LEFT START
MOVE A11 159
MOVE A14 112
COMMAND LEFT END
COMMAND RIGHT START
UPGRADE 224
COMMAND RIGHT END
TURN 89 RESULT
TIME LEFT 0 5 RIGHT 0 5
UPGRADE B 224
MOVE A10 118
MOVE A11 116
MOVE A13 108
MOVE A14 9
END TURN 89
TURN 90
COMMAND LEFT START
MOVE A15 112
COMMAND LEFT END
COMMAND RIGHT START
COMMAND RIGHT END
TURN 90 RESULT
TIME LEFT 0 5 RIGHT 0 5
MOVE A10 113
MOVE A11 118
MOVE A13 112
MOVE A14 19
MOVE A15 9
END TURN 90
TURN 91
COMMAND LEFT START
COMMAND LEFT END
COMMAND RIGHT START
TRAIN 1
COMMAND RIGHT END
TURN 91 RESULT
TIME LEFT 0 5 RIGHT 0 5
TRAIN B10
MOVE A10 122
MOVE A11 127
MOVE A14 28
MOVE A15 19
END TURN 91
TURN 92
COMMAND LEFT START
COMMAND LEFT END
COMMAND RIGHT START
COMMAND RIGHT END
TURN 92 RESULT
TIME LEFT 0 5 RIGHT 0 5
MOVE A10 123
MOVE A11 137
MOVE A14 43
MOVE A15 28
END TURN 92
TURN 93
COMMAND LEFT START
COMMAND LEFT END
COMMAND RIGHT START
COMMAND RIGHT END
TURN 93 RESULT
TIME LEFT 0 5 RIGHT 0 5
MOVE A10 124
MOVE A11 144
MOVE A14 56
MOVE A15 43
END TURN 93
TURN 94
COMMAND LEFT START
COMMAND LEFT END
COMMAND RIGHT START
COMMAND RIGHT END
TURN 94 RESULT
TIME LEFT 0 5 RIGHT 0 5
MOVE A10 129
MOVE A11 155
MOVE A14 78
MOVE A15 56
END TURN 94
TURN 95
COMMAND LEFT START
COMMAND LEFT END
COMMAND RIGHT START
COMMAND RIGHT END
TURN 95 RESULT
TIME LEFT 0 5 RIGHT 0 5
MOVE A11 159
MOVE A14 91
MOVE A15 78
END TURN 95
TURN 96
COMMAND LEFT START
UPGRADE 159
COMMAND LEFT END
COMMAND RIGHT START
UPGRADE 173
COMMAND RIGHT END
TURN 96 RESULT
TIME LEFT 0 5 RIGHT 0 5
UPGRADE A 159
UPGRADE B 173
MOVE A14 108
MOVE A15 91
END TURN 96
TURN 97
COMMAND LEFT START
COMMAND LEFT END
COMMAND RIGHT START
TRAIN 1
COMMAND RIGHT END
TURN 97 RESULT
TIME LEFT 0 5 RIGHT 0 5
TRAIN B11
MOVE A14 112
MOVE A15 108
END TURN 97
TURN 98
COMMAND LEFT START
TRAIN 1
COMMAND LEFT END
COMMAND RIGHT START
MOVE B8 173
COMMAND RIGHT END
TURN 98 RESULT
TIME LEFT 0 5 RIGHT 0 5
TRAIN A18
MOVE A15 112
MOVE B8 217
END TURN 98
TURN 99
COMMAND LEFT START
MOVE A12 173
MOVE A13 173
MOVE A14 173
MOVE A15 173
MOVE A16 112
MOVE A17 112
MOVE A18 112
COMMAND LEFT END
COMMAND RIGHT START
COMMAND RIGHT END
TURN 99 RESULT
TIME LEFT 0 5 RIGHT 0 5
MOVE A12 116
MOVE A13 116
MOVE A14 116
MOVE A15 116
MOVE A16 9
MOVE A17 9
MOVE A18 9
MOVE B8 204
END TURN 99
TURN 100
COMMAND LEFT START
COMMAND LEFT END
COMMAND RIGHT START
COMMAND RIGHT END
TURN 100 RESULT
TIME LEFT 0 5 RIGHT 0 5
MOVE A12 118
MOVE A13 118
MOVE A14 118
MOVE A15 118
MOVE A16 19
MOVE A17 19
MOVE A18 19
MOVE B8 191
END TURN 100
TURN 101
COMMAND LEFT START
COMMAND LEFT END
COMMAND RIGHT START
COMMAND RIGHT END
TURN 101 RESULT
TIME LEFT 0 5 RIGHT 0 5
MOVE A12 127
MOVE A13 127
MOVE A14 127
MOVE A15 127
MOVE A16 28
MOVE A17 28
MOVE A18 28
MOVE B8 173
END TURN 101
TURN 102
COMMAND LEFT START
COMMAND LEFT END
COMMAND RIGHT START
COMMAND RIGHT END
TURN 102 RESULT
TIME LEFT 0 5 RIGHT 0 5
MOVE A12 137
MOVE A13 137
MOVE A14 137
MOVE A15 137
MOVE A16 43
MOVE A17 43
MOVE A18 43
END TURN 102
TURN 103
COMMAND LEFT START
COMMAND LEFT END
COMMAND RIGHT START
UPGRADE 197
COMMAND RIGHT END
TURN 103 RESULT
TIME LEFT 0 5 RIGHT 0 5
UPGRADE B 197
MOVE A12 156
MOVE A13 156
MOVE A14 156
MOVE A15 156
MOVE A16 56
MOVE A17 56
MOVE A18 56
END TURN 103
TURN 104
COMMAND LEFT START
COMMAND LEFT END
COMMAND RIGHT START
MOVE B1 173
MOVE B9 173
MOVE B10 173
TRAIN 1
COMMAND RIGHT END
TURN 104 RESULT
TIME LEFT 0 5 RIGHT 0 5
TRAIN B12
MOVE A12 173
MOVE A13 173
MOVE A14 173
MOVE A15 173
MOVE A16 78
MOVE A17 78
MOVE A18 78
MOVE B1 180
MOVE B9 217
MOVE B10 217
DAMAGE TURRET A12 1
DAMAGE COMBAT A12 2
DAMAGE COMBAT B4 2
DAMAGE COMBAT B8 2
END TURN 104
TURN 105
COMMAND LEFT START
COMMAND LEFT END
COMMAND RIGHT START
TRAIN 1
COMMAND RIGHT END
TURN 105 RESULT
TIME LEFT 0 5 RIGHT 0 5
TRAIN B13
MOVE A16 91
MOVE A17 91
MOVE A18 91
MOVE B1 173
MOVE B9 204
MOVE B10 204
DAMAGE TURRET A12 1
DAMAGE COMBAT A13 2
DAMAGE COMBAT B1 1
DAMAGE COMBAT B8 3
END TURN 105
TURN 106
COMMAND LEFT START
TRAIN 1
COMMAND LEFT END
COMMAND RIGHT START
COMMAND RIGHT END
TURN 106 RESULT
TIME LEFT 0 5 RIGHT 0 5
TRAIN A19
MOVE A16 108
MOVE A17 108
MOVE A18 108
MOVE B9 191
MOVE B10 191
DAMAGE TURRET A13 1
DAMAGE COMBAT A13 1
DAMAGE COMBAT B1 3
END TURN 106
TURN 107
COMMAND LEFT START
MOVE A14 112
MOVE A15 112
TRAIN 1
COMMAND LEFT END
COMMAND RIGHT START
TRAIN 1
COMMAND RIGHT END
TURN 107 RESULT
TIME LEFT 0 5 RIGHT 0 5
TRAIN A20 B14
MOVE A14 156
MOVE A15 156
MOVE A16 112
MOVE A17 112
MOVE A18 112
MOVE B9 173
MOVE B10 173
END TURN 107
TURN 108
COMMAND LEFT START
TRAIN 1
COMMAND LEFT END
COMMAND RIGHT START
MOVE B11 197
TRAIN 1
COMMAND RIGHT END
TURN 108 RESULT
TIME LEFT 0 5 RIGHT 0 5
TRAIN A21 B15
MOVE A14 137
MOVE A15 137
MOVE B11 223
END TURN 108
TURN 109
COMMAND LEFT START
TRAIN 1
COMMAND LEFT END
COMMAND RIGHT START
MOVE B12 189
COMMAND RIGHT END
TURN 109 RESULT
TIME LEFT 0 5 RIGHT 0 5
TRAIN A22
MOVE A14 127
MOVE A15 127
MOVE B11 220
MOVE B12 215
END TURN 109
TURN 110
COMMAND LEFT START
COMMAND LEFT END
COMMAND RIGHT START
COMMAND RIGHT END
TURN 110 RESULT
TIME LEFT 0 5 RIGHT 0 5
MOVE A14 118
MOVE A15 118
MOVE B11 216
MOVE B12 205
END TURN 110
TURN 111
COMMAND LEFT START
COMMAND LEFT END
COMMAND RIGHT START
COMMAND RIGHT END
TURN 111 RESULT
TIME LEFT 0 5 RIGHT 0 5
MOVE A14 116
MOVE A15 116
MOVE B11 211
MOVE B12 196
END TURN 111
TURN 112
COMMAND LEFT START
UPGRADE 112
COMMAND LEFT END
COMMAND RIGHT START
COMMAND RIGHT END
TURN 112 RESULT
TIME LEFT 0 5 RIGHT 0 5
UPGRADE A 112
MOVE A14 112
MOVE A15 112
MOVE B11 197
MOVE B12 189
END TURN 112
TURN 113
COMMAND LEFT START
COMMAND LEFT END
COMMAND RIGHT START
COMMAND RIGHT END
TURN 113 RESULT
TIME LEFT 0 5 RIGHT 0 5
END TURN 113
TURN 114
COMMAND LEFT START
TRAIN 1
COMMAND LEFT END
COMMAND RIGHT START
UPGRADE 189
COMMAND RIGHT END
TURN 114 RESULT
TIME LEFT 0 5 RIGHT 0 5
UPGRADE B 189
TRAIN A23
END TURN 114
TURN 115
COMMAND LEFT START
COMMAND LEFT END
COMMAND RIGHT START
TRAIN 1
COMMAND RIGHT END
TURN 115 RESULT
TIME LEFT 0 5 RIGHT 0 5
TRAIN B16
END TURN 115
TURN 116
COMMAND LEFT START
COMMAND LEFT END
COMMAND RIGHT START
MOVE B13 189
COMMAND RIGHT END
TURN 116 RESULT
TIME LEFT 0 5 RIGHT 0 5
MOVE B13 215
END TURN 116
TURN 117
COMMAND LEFT START
COMMAND LEFT END
COMMAND RIGHT START
COMMAND RIGHT END
TURN 117 RESULT
TIME LEFT 0 5 RIGHT 0 5
MOVE B13 205
END TURN 117
TURN 118
COMMAND LEFT START
COMMAND LEFT END
COMMAND RIGHT START
COMMAND RIGHT END
TURN 118 RESULT
TIME LEFT 0 5 RIGHT 0 5
MOVE B13 196
END TURN 118
TURN 119
COMMAND LEFT START
COMMAND LEFT END
COMMAND RIGHT START
UPGRADE 173
COMMAND RIGHT END
TURN 119 RESULT
TIME LEFT 0 5 RIGHT 0 5
UPGRADE B 173
MOVE B13 189
END TURN 119
TURN 120
COMMAND LEFT START
COMMAND LEFT END
COMMAND RIGHT START
TRAIN 1
COMMAND RIGHT END
TURN 120 RESULT
TIME LEFT 0 5 RIGHT 0 5
TRAIN B17
END TURN 120
TURN 121
COMMAND LEFT START
UPGRADE 112
COMMAND LEFT END
COMMAND RIGHT START
MOVE B14 173
COMMAND RIGHT END
TURN 121 RESULT
TIME LEFT 0 5 RIGHT 0 5
UPGRADE A 112
MOVE B14 217
END TURN 121
TURN 122
COMMAND LEFT START
MOVE A19 112
TRAIN 1
COMMAND LEFT END
COMMAND RIGHT START
COMMAND RIGHT END
TURN 122 RESULT
TIME LEFT 0 5 RIGHT 0 5
TRAIN A24
MOVE A19 9
MOVE B14 204
END TURN 122
TURN 123
COMMAND LEFT START
COMMAND LEFT END
COMMAND RIGHT START
COMMAND RIGHT END
TURN 123 RESULT
TIME LEFT 0 5 RIGHT 0 5
MOVE A19 19
MOVE B14 191
END TURN 123
TURN 124
COMMAND LEFT START
COMMAND LEFT END
COMMAND RIGHT START
COMMAND RIGHT END
TURN 124 RESULT
TIME LEFT 0 5 RIGHT 0 5
MOVE A19 28
MOVE B14 173
END TURN 124
TURN 125
COMMAND LEFT START
COMMAND LEFT END
COMMAND RIGHT START
TRAIN 2
COMMAND RIGHT END
TURN 125 RESULT
TIME LEFT 0 5 RIGHT 0 5
TRAIN B18 B19
MOVE A19 43
END TURN 125
TURN 126
COMMAND LEFT START
COMMAND LEFT END
COMMAND RIGHT START
MOVE B19 150
MOVE B18 173
COMMAND RIGHT END
TURN 126 RESULT
TIME LEFT 2 5 RIGHT 0 5
MOVE A19 56
MOVE B18 217
MOVE B19 215
END TURN 126
TURN 127
COMMAND LEFT START
COMMAND LEFT END
COMMAND RIGHT START
TRAIN 2
COMMAND RIGHT END
TURN 127 RESULT
TIME LEFT 0 5 RIGHT 0 5
TRAIN B20 B21
MOVE A19 78
MOVE B18 204
MOVE B19 205
END TURN 127
TURN 128
COMMAND LEFT START
UPGRADE 150
COMMAND LEFT END
COMMAND RIGHT START
MOVE B21 173
MOVE B20 173
TRAIN 1
COMMAND RIGHT END
TURN 128 RESULT
TIME LEFT 0 5 RIGHT 0 5
UPGRADE A 150
TRAIN B22
MOVE A19 91
MOVE B18 191
MOVE B19 196
MOVE B20 217
MOVE B21 217
END TURN 128
TURN 129
COMMAND LEFT START
MOVE A16 150
TRAIN 1
COMMAND LEFT END
COMMAND RIGHT START
MOVE B22 173
TRAIN 1
COMMAND RIGHT END
TURN 129 RESULT
TIME LEFT 0 5 RIGHT 0 5
TRAIN A25 B23
MOVE A16 125
MOVE A19 108
MOVE B18 173
MOVE B19 181
MOVE B20 204
MOVE B21 204
MOVE B22 217
END TURN 129
TURN 130
COMMAND LEFT START
MOVE A20 112
COMMAND LEFT END
COMMAND RIGHT START
MOVE B23 173
TRAIN 2
COMMAND RIGHT END
TURN 130 RESULT
TIME LEFT 0 5 RIGHT 0 5
TRAIN B24 B25
MOVE A16 136
MOVE A19 112
MOVE A20 9
MOVE B19 168
MOVE B20 191
MOVE B21 191
MOVE B22 204
MOVE B23 217
END TURN 130
TURN 131
COMMAND LEFT START
COMMAND LEFT END
COMMAND RIGHT START
MOVE B25 139
MOVE B24 173
COMMAND RIGHT END
TURN 131 RESULT
TIME LEFT 0 5 RIGHT 0 5
MOVE A16 150
MOVE A20 19
MOVE B19 160
MOVE B20 173
MOVE B21 173
MOVE B22 191
MOVE B23 204
MOVE B24 217
MOVE B25 215
END TURN 131
TURN 132
COMMAND LEFT START
COMMAND LEFT END
COMMAND RIGHT START
MOVE B21 159
MOVE B20 159
MOVE B18 159
MOVE B14 159
COMMAND RIGHT END
TURN 132 RESULT
TIME LEFT 0 5 RIGHT 0 5
MOVE A20 28
MOVE B14 167
MOVE B18 167
MOVE B19 150
MOVE B20 167
MOVE B21 167
MOVE B22 173
MOVE B23 191
MOVE B24 204
MOVE B25 205
DAMAGE TURRET B19 1
DAMAGE COMBAT A5 1
DAMAGE COMBAT B19 2
END TURN 132
TURN 133
COMMAND LEFT START
COMMAND LEFT END
COMMAND RIGHT START
TRAIN 2
COMMAND RIGHT END
TURN 133 RESULT
TIME LEFT 0 5 RIGHT 0 5
TRAIN B26 B27
MOVE A20 43
MOVE B14 159
MOVE B18 159
MOVE B20 159
MOVE B21 159
MOVE B23 173
MOVE B24 191
MOVE B25 201
DAMAGE TURRET B14 1
DAMAGE TURRET B19 1
DAMAGE COMBAT A5 1
DAMAGE COMBAT A11 4
DAMAGE COMBAT B14 1
DAMAGE COMBAT B19 2
END TURN 133
TURN 134
COMMAND LEFT START
MOVE A17 159
TRAIN 1
COMMAND LEFT END
COMMAND RIGHT START
TRAIN 2
COMMAND RIGHT END
TURN 134 RESULT
TIME LEFT 0 5 RIGHT 0 5
TRAIN A26 B28 B29
MOVE A17 116
MOVE A20 56
MOVE B24 173
MOVE B25 186
DAMAGE TURRET B14 1
SIEGE A 159 4
END TURN 134
TURN 135
COMMAND LEFT START
MOVE A21 112
COMMAND LEFT END
COMMAND RIGHT START
TRAIN 1
COMMAND RIGHT END
TURN 135 RESULT
TIME LEFT 0 5 RIGHT 0 5
TRAIN B30
MOVE A17 118
MOVE A20 78
MOVE A21 9
MOVE B25 175
DAMAGE TURRET B14 1
SIEGE A 159 2
END TURN 135
TURN 136
COMMAND LEFT START
MOVE A18 159
COMMAND LEFT END
COMMAND RIGHT START
MOVE B14 173
MOVE B18 173
MOVE B20 173
MOVE B30 173
MOVE B29 173
MOVE B28 173
MOVE B27 173
MOVE B26 173
UPGRADE 159
COMMAND RIGHT END
TURN 136 RESULT
TIME LEFT 0 5 RIGHT 0 5
UPGRADE B 159
MOVE A17 127
MOVE A18 116
MOVE A20 91
MOVE A21 19
MOVE B14 167
MOVE B18 167
MOVE B20 167
MOVE B25 163
MOVE B26 217
MOVE B27 217
MOVE B28 217
MOVE B29 217
MOVE B30 217
END TURN 136
TURN 137
COMMAND LEFT START
MOVE A22 112
COMMAND LEFT END
COMMAND RIGHT START
COMMAND RIGHT END
TURN 137 RESULT
TIME LEFT 0 5 RIGHT 0 5
MOVE A17 137
MOVE A18 118
MOVE A20 108
MOVE A21 28
MOVE A22 9
MOVE B14 173
MOVE B18 173
MOVE B20 173
MOVE B25 152
MOVE B26 204
MOVE B27 204
MOVE B28 204
MOVE B29 204
MOVE B30 204
END TURN 137
TURN 138
COMMAND LEFT START
COMMAND LEFT END
COMMAND RIGHT START
COMMAND RIGHT END
TURN 138 RESULT
TIME LEFT 0 5 RIGHT 0 5
MOVE A17 144
MOVE A18 127
MOVE A20 112
MOVE A21 43
MOVE A22 19
MOVE B25 139
MOVE B26 191
MOVE B27 191
MOVE B28 191
MOVE B29 191
MOVE B30 191
DAMAGE TURRET B25 1
DAMAGE COMBAT A6 1
DAMAGE COMBAT B25 1
END TURN 138
TURN 139
COMMAND LEFT START
COMMAND LEFT END
COMMAND RIGHT START
MOVE B24 150
COMMAND RIGHT END
TURN 139 RESULT
TIME LEFT 0 5 RIGHT 0 5
MOVE A17 155
MOVE A18 137
MOVE A21 56
MOVE A22 28
MOVE B24 165
MOVE B26 173
MOVE B27 173
MOVE B28 173
MOVE B29 173
MOVE B30 173
DAMAGE TURRET B25 1
DAMAGE COMBAT A6 1
DAMAGE COMBAT B25 1
END TURN 139
TURN 140
COMMAND LEFT START
TRAIN 1
COMMAND LEFT END
COMMAND RIGHT START
UPGRADE 159
COMMAND RIGHT END
TURN 140 RESULT
TIME LEFT 0 5 RIGHT 0 5
UPGRADE B 159
TRAIN A27
MOVE A17 159
MOVE A18 144
MOVE A21 78
MOVE A22 43
MOVE B24 146
DAMAGE TURRET A17 1
DAMAGE TURRET B25 1
DAMAGE COMBAT A6 1
DAMAGE COMBAT A17 1
DAMAGE COMBAT B21 1
DAMAGE COMBAT B25 1
END TURN 140
TURN 141
COMMAND LEFT START
TRAIN 1
COMMAND LEFT END
COMMAND RIGHT START
TRAIN 1
COMMAND RIGHT END
TURN 141 RESULT
TIME LEFT 0 5 RIGHT 0 5
TRAIN A28 B31
MOVE A18 155
MOVE A21 91
MOVE A22 56
MOVE B24 150
DAMAGE TURRET A17 1
DAMAGE TURRET B24 1
DAMAGE COMBAT A5 1
DAMAGE COMBAT A17 1
DAMAGE COMBAT B21 1
DAMAGE COMBAT B24 2
END TURN 141
TURN 142
COMMAND LEFT START
TRAIN 1
COMMAND LEFT END
COMMAND RIGHT START
MOVE B9 159
MOVE B31 173
COMMAND RIGHT END
TURN 142 RESULT
TIME LEFT 0 5 RIGHT 0 5
TRAIN A29
MOVE A18 159
MOVE A21 108
MOVE A22 78
MOVE B9 167
MOVE B31 217
DAMAGE TURRET A18 1
DAMAGE TURRET B24 1
DAMAGE COMBAT A5 1
DAMAGE COMBAT A18 1
DAMAGE COMBAT B21 1
DAMAGE COMBAT B24 2
END TURN 142
TURN 143
COMMAND LEFT START
MOVE A19 150
TRAIN 1
COMMAND LEFT END
COMMAND RIGHT START
MOVE B30 150
COMMAND RIGHT END
TURN 143 RESULT
TIME LEFT 0 5 RIGHT 0 5
TRAIN A30
MOVE A19 125
MOVE A21 112
MOVE A22 91
MOVE B9 159
MOVE B30 165
MOVE B31 204
DAMAGE TURRET A18 1
DAMAGE COMBAT A18 1
DAMAGE COMBAT B21 1
END TURN 143
TURN 144
COMMAND LEFT START
MOVE A20 177
MOVE A23 112
UPGRADE 150
COMMAND LEFT END
COMMAND RIGHT START
MOVE B29 139
COMMAND RIGHT END
TURN 144 RESULT
TIME LEFT 0 5 RIGHT 0 5
UPGRADE A 150
MOVE A19 136
MOVE A20 125
MOVE A22 108
MOVE A23 9
MOVE B29 165
MOVE B30 146
MOVE B31 191
END TURN 144
TURN 145
COMMAND LEFT START
MOVE A21 150
MOVE A24 112
COMMAND LEFT END
COMMAND RIGHT START
UPGRADE 159
COMMAND RIGHT END
TURN 145 RESULT
TIME LEFT 0 5 RIGHT 0 5
UPGRADE B 159
MOVE A19 150
MOVE A20 141
MOVE A21 125
MOVE A22 112
MOVE A23 19
MOVE A24 9
MOVE B29 168
MOVE B30 150
MOVE B31 173
DAMAGE TURRET B30 2
DAMAGE COMBAT A16 1
DAMAGE COMBAT B30 2
END TURN 145
TURN 146
COMMAND LEFT START
MOVE A25 112
COMMAND LEFT END
COMMAND RIGHT START
MOVE B10 159
COMMAND RIGHT END
TURN 146 RESULT
TIME LEFT 0 5 RIGHT 0 5
MOVE A20 147
MOVE A21 136
MOVE A23 28
MOVE A24 19
MOVE A25 9
MOVE B10 167
MOVE B29 160
DAMAGE TURRET B30 2
DAMAGE COMBAT A16 1
END TURN 146
TURN 147
COMMAND LEFT START
COMMAND LEFT END
COMMAND RIGHT START
MOVE B31 150
MOVE B28 150
MOVE B27 150
MOVE B26 150
MOVE B23 150
MOVE B22 150
MOVE B20 150
COMMAND RIGHT END
TURN 147 RESULT
TIME LEFT 0 5 RIGHT 0 5
MOVE A20 152
MOVE A21 150
MOVE A23 43
MOVE A24 28
MOVE A25 19
MOVE B10 159
MOVE B20 165
MOVE B22 165
MOVE B23 165
MOVE B26 165
MOVE B27 165
MOVE B28 165
MOVE B29 162
MOVE B31 165
END TURN 147
TURN 148
COMMAND LEFT START
COMMAND LEFT END
COMMAND RIGHT START
TRAIN 1
COMMAND RIGHT END
TURN 148 RESULT
TIME LEFT 0 5 RIGHT 0 5
TRAIN B32
MOVE A20 158
MOVE A23 56
MOVE A24 43
MOVE A25 28
MOVE B20 146
MOVE B22 146
MOVE B23 146
MOVE B26 146
MOVE B27 146
MOVE B28 146
MOVE B29 147
MOVE B31 146
END TURN 148
TURN 149
COMMAND LEFT START
COMMAND LEFT END
COMMAND RIGHT START
MOVE B15 173
TRAIN 1
COMMAND RIGHT END
TURN 149 RESULT
TIME LEFT 0 5 RIGHT 0 5
TRAIN B33
MOVE A20 170
MOVE A23 78
MOVE A24 56
MOVE A25 43
MOVE B15 217
MOVE B20 150
MOVE B22 150
MOVE B23 150
MOVE B26 150
MOVE B27 150
MOVE B28 150
MOVE B29 152
MOVE B31 150
DAMAGE TURRET B20 2
DAMAGE COMBAT A16 2
DAMAGE COMBAT A19 4
DAMAGE COMBAT A21 1
DAMAGE COMBAT B20 3
END TURN 149
TURN 150
COMMAND LEFT START
MOVE A22 150
MOVE A26 150
TRAIN 1
COMMAND LEFT END
COMMAND RIGHT START
MOVE B33 173
TRAIN 2
COMMAND RIGHT END
TURN 150 RESULT
TIME LEFT 0 5 RIGHT 0 5
TRAIN A31 B34 B35
MOVE A20 172
MOVE A22 125
MOVE A23 91
MOVE A24 78
MOVE A25 56
MOVE A26 9
MOVE B15 204
MOVE B29 139
MOVE B33 217
DAMAGE TURRET B20 1
DAMAGE TURRET B22 1
DAMAGE TURRET B29 1
DAMAGE COMBAT A6 1
DAMAGE COMBAT A21 3
DAMAGE COMBAT B22 1
DAMAGE COMBAT B29 1
SIEGE A 150 4
END TURN 150
TURN 151
COMMAND LEFT START
MOVE A27 139
MOVE A28 150
TRAIN 1
COMMAND LEFT END
COMMAND RIGHT START
MOVE B29 197
MOVE B35 112
MOVE B34 173
COMMAND RIGHT END
TURN 151 RESULT
TIME LEFT 0 5 RIGHT 0 5
TRAIN A32
MOVE A20 176
MOVE A22 136
MOVE A23 108
MOVE A24 91
MOVE A25 78
MOVE A26 19
MOVE A27 9
MOVE A28 9
MOVE B15 191
MOVE B29 158
MOVE B33 204
MOVE B34 217
MOVE B35 215
DAMAGE TURRET B22 2
SIEGE A 150 6
END TURN 151
TURN 152
COMMAND LEFT START
MOVE A29 112
TRAIN 1
COMMAND LEFT END
COMMAND RIGHT START
TRAIN 2
COMMAND RIGHT END
TURN 152 RESULT
TIME LEFT 0 5 RIGHT 0 5
TRAIN A33 B36 B37
MOVE A20 177
MOVE A22 150
MOVE A23 112
MOVE A24 108
MOVE A25 91
MOVE A26 28
MOVE A27 19
MOVE A28 19
MOVE A29 9
MOVE B15 173
MOVE B29 178
MOVE B33 191
MOVE B34 204
MOVE B35 205
DAMAGE TURRET B22 2
DAMAGE COMBAT A22 4
DAMAGE COMBAT B23 1
SIEGE A 150 2
END TURN 152
TURN 153
COMMAND LEFT START
MOVE A23 177
MOVE A30 150
UPGRADE 177
COMMAND LEFT END
COMMAND RIGHT START
MOVE B37 173
MOVE B36 173
TRAIN 2
COMMAND RIGHT END
TURN 153 RESULT
TIME LEFT 0 5 RIGHT 0 5
UPGRADE A 177
TRAIN B38 B39
MOVE A23 125
MOVE A24 112
MOVE A25 108
MOVE A26 43
MOVE A27 28
MOVE A28 28
MOVE A29 19
MOVE A30 9
MOVE B29 197
MOVE B33 173
MOVE B34 191
MOVE B35 196
MOVE B36 217
MOVE B37 217
DAMAGE TURRET B23 2
SIEGE A 150 5
END TURN 153
TURN 154
COMMAND LEFT START
MOVE A24 74
MOVE A31 112
TRAIN 1
COMMAND LEFT END
COMMAND RIGHT START
MOVE B39 173
MOVE B38 173
MOVE B29 173
TRAIN 1
COMMAND RIGHT END
TURN 154 RESULT
TIME LEFT 0 5 RIGHT 0 5
TRAIN A34 B40
MOVE A23 141
MOVE A24 99
MOVE A25 112
MOVE A26 56
MOVE A27 43
MOVE A28 43
MOVE A29 28
MOVE A30 19
MOVE A31 9
MOVE B29 188
MOVE B34 173
MOVE B35 181
MOVE B36 204
MOVE B37 204
MOVE B38 217
MOVE B39 217
DAMAGE TURRET B23 2
SIEGE A 150 1
END TURN 154
TURN 155
COMMAND LEFT START
MOVE A32 112
COMMAND LEFT END
COMMAND RIGHT START
MOVE B23 173
MOVE B26 173
MOVE B27 173
MOVE B28 173
MOVE B40 173
UPGRADE 150
COMMAND RIGHT END
TURN 155 RESULT
TIME LEFT 0 5 RIGHT 0 5
UPGRADE B 150
MOVE A23 147
MOVE A24 88
MOVE A26 78
MOVE A27 59
MOVE A28 56
MOVE A29 43
MOVE A30 28
MOVE A31 19
MOVE A32 9
MOVE B23 146
MOVE B26 146
MOVE B27 146
MOVE B28 146
MOVE B29 193
MOVE B35 168
MOVE B36 191
MOVE B37 191
MOVE B38 204
MOVE B39 204
MOVE B40 217
END TURN 155
TURN 156
COMMAND LEFT START
COMMAND LEFT END
COMMAND RIGHT START
MOVE B34 150
MOVE B33 150
COMMAND RIGHT END
TURN 156 RESULT
TIME LEFT 0 5 RIGHT 0 5
MOVE A23 152
MOVE A24 74
MOVE A26 91
MOVE A27 68
MOVE A28 78
MOVE A29 56
MOVE A30 43
MOVE A31 28
MOVE A32 19
MOVE B23 165
MOVE B26 165
MOVE B27 165
MOVE B28 165
MOVE B29 186
MOVE B33 165
MOVE B34 165
MOVE B35 146
MOVE B36 173
MOVE B37 173
MOVE B38 191
MOVE B39 191
MOVE B40 204
END TURN 156
TURN 157
COMMAND LEFT START
COMMAND LEFT END
COMMAND RIGHT START
MOVE B37 150
MOVE B36 150
UPGRADE 150
COMMAND RIGHT END
TURN 157 RESULT
TIME LEFT 0 5 RIGHT 0 5
UPGRADE B 150
MOVE A23 158
MOVE A26 108
MOVE A27 87
MOVE A28 91
MOVE A29 78
MOVE A30 56
MOVE A31 43
MOVE A32 28
MOVE B23 173
MOVE B26 173
MOVE B27 173
MOVE B28 173
MOVE B29 190
MOVE B33 146
MOVE B34 146
MOVE B35 133
MOVE B36 165
MOVE B37 165
MOVE B38 173
MOVE B39 173
MOVE B40 191
END TURN 157
TURN 158
COMMAND LEFT START
COMMAND LEFT END
COMMAND RIGHT START
MOVE B39 150
MOVE B38 150
MOVE B28 150
MOVE B27 150
MOVE B26 150
MOVE B23 150
COMMAND RIGHT END
TURN 158 RESULT
TIME LEFT 0 5 RIGHT 0 5
MOVE A23 170
MOVE A26 125
MOVE A27 97
MOVE A28 108
MOVE A29 91
MOVE A30 78
MOVE A31 56
MOVE A32 43
MOVE B23 165
MOVE B26 165
MOVE B27 165
MOVE B28 165
MOVE B29 181
MOVE B33 150
MOVE B34 150
MOVE B35 116
MOVE B36 146
MOVE B37 146
MOVE B38 165
MOVE B39 165
MOVE B40 173
END TURN 158
TURN 159
COMMAND LEFT START
COMMAND LEFT END
COMMAND RIGHT START
MOVE B40 150
COMMAND RIGHT END
TURN 159 RESULT
TIME LEFT 0 5 RIGHT 0 5
MOVE A23 172
MOVE A26 136
MOVE A27 111
MOVE A28 125
MOVE A29 108
MOVE A30 91
MOVE A31 78
MOVE A32 56
MOVE B23 146
MOVE B26 146
MOVE B27 146
MOVE B28 146
MOVE B29 180
MOVE B35 112
MOVE B36 150
MOVE B37 150
MOVE B38 146
MOVE B39 146
MOVE B40 165
DAMAGE TURRET B35 2
DAMAGE COMBAT A1 1
DAMAGE COMBAT B35 4
END TURN 159
TURN 160
COMMAND LEFT START
COMMAND LEFT END
COMMAND RIGHT START
MOVE B37 139
COMMAND RIGHT END
TURN 160 RESULT
TIME LEFT 0 5 RIGHT 0 5
MOVE A23 176
MOVE A26 150
MOVE A27 120
MOVE A28 136
MOVE A29 112
MOVE A30 108
MOVE A31 91
MOVE A32 78
MOVE B23 150
MOVE B26 150
MOVE B27 150
MOVE B28 150
MOVE B29 173
MOVE B37 151
MOVE B38 150
MOVE B39 150
MOVE B40 146
DAMAGE TURRET A26 1
DAMAGE COMBAT A26 3
DAMAGE COMBAT B23 1
END TURN 160
TURN 161
COMMAND LEFT START
COMMAND LEFT END
COMMAND RIGHT START
MOVE B29 150
UPGRADE 150
COMMAND RIGHT END
TURN 161 RESULT
TIME LEFT 0 5 RIGHT 0 5
UPGRADE B 150
MOVE A23 177
MOVE A27 139
MOVE A28 150
MOVE A30 125
MOVE A31 108
MOVE A32 91
MOVE B29 165
MOVE B37 147
MOVE B40 150
DAMAGE TURRET A28 2
DAMAGE COMBAT A28 2
DAMAGE COMBAT B26 1
END TURN 161
TURN 162
COMMAND LEFT START
UPGRADE 74
COMMAND LEFT END
COMMAND RIGHT START
COMMAND RIGHT END
TURN 162 RESULT
TIME LEFT 0 5 RIGHT 0 5
UPGRADE A 74
MOVE A30 136
MOVE A31 112
MOVE A32 108
MOVE B29 146
MOVE B37 152
END TURN 162
TURN 163
COMMAND LEFT START
TRAIN 1
COMMAND LEFT END
COMMAND RIGHT START
MOVE B40 129
COMMAND RIGHT END
TURN 163 RESULT
TIME LEFT 0 5 RIGHT 0 5
TRAIN A35
MOVE A30 150
MOVE A32 112
MOVE B29 150
MOVE B37 139
MOVE B40 146
DAMAGE TURRET A30 2
DAMAGE TURRET B37 1
DAMAGE COMBAT A27 1
DAMAGE COMBAT A30 2
DAMAGE COMBAT B29 1
DAMAGE COMBAT B37 1
END TURN 163
TURN 164
COMMAND LEFT START
MOVE A25 85
TRAIN 1
COMMAND LEFT END
COMMAND RIGHT START
TRAIN 2
COMMAND RIGHT END
TURN 164 RESULT
TIME LEFT 0 5 RIGHT 0 5
TRAIN A36 B41 B42
MOVE A25 99
MOVE B40 137
DAMAGE TURRET B37 1
DAMAGE COMBAT A27 1
DAMAGE COMBAT B37 1
END TURN 164
TURN 165
COMMAND LEFT START
MOVE A33 112
COMMAND LEFT END
COMMAND RIGHT START
MOVE B42 150
MOVE B41 150
TRAIN 2
COMMAND RIGHT END
TURN 165 RESULT
TIME LEFT 0 5 RIGHT 0 5
TRAIN B43 B44
MOVE A25 83
MOVE A33 9
MOVE B40 144
MOVE B41 215
MOVE B42 215
DAMAGE TURRET B37 1
DAMAGE COMBAT A27 1
DAMAGE COMBAT B37 1
END TURN 165
TURN 166
COMMAND LEFT START
COMMAND LEFT END
COMMAND RIGHT START
MOVE B44 150
MOVE B43 150
TRAIN 2
COMMAND RIGHT END
TURN 166 RESULT
TIME LEFT 2 5 RIGHT 2 5
TRAIN B45 B46
MOVE A25 90
MOVE A33 19
MOVE B40 142
MOVE B41 205
MOVE B42 205
MOVE B43 215
MOVE B44 215
END TURN 166
TURN 167
COMMAND LEFT START
COMMAND LEFT END
COMMAND RIGHT START
MOVE B39 139
MOVE B46 150
MOVE B45 150
COMMAND RIGHT END
TURN 167 RESULT
TIME LEFT 0 5 RIGHT 0 5
MOVE A25 85
MOVE A33 28
MOVE B39 151
MOVE B40 138
MOVE B41 196
MOVE B42 196
MOVE B43 205
MOVE B44 205
MOVE B45 215
MOVE B46 215
END TURN 167
TURN 168
COMMAND LEFT START
COMMAND LEFT END
COMMAND RIGHT START
COMMAND RIGHT END
TURN 168 RESULT
TIME LEFT 0 5 RIGHT 0 5
MOVE A33 43
MOVE B39 147
MOVE B40 129
MOVE B41 181
MOVE B42 181
MOVE B43 196
MOVE B44 196
MOVE B45 205
MOVE B46 205
DAMAGE TURRET B40 1
DAMAGE COMBAT A9 1
DAMAGE COMBAT B40 2
END TURN 168
TURN 169
COMMAND LEFT START
COMMAND LEFT END
COMMAND RIGHT START
COMMAND RIGHT END
TURN 169 RESULT
TIME LEFT 0 5 RIGHT 0 5
MOVE A33 56
MOVE B39 152
MOVE B41 168
MOVE B42 168
MOVE B43 181
MOVE B44 181
MOVE B45 196
MOVE B46 196
DAMAGE TURRET B40 1
DAMAGE COMBAT A9 1
DAMAGE COMBAT B40 2
END TURN 169
TURN 170
COMMAND LEFT START
MOVE A29 85
UPGRADE 85
COMMAND LEFT END
COMMAND RIGHT START
COMMAND RIGHT END
TURN 170 RESULT
TIME LEFT 0 5 RIGHT 0 5
UPGRADE A 85
MOVE A29 99
MOVE A33 78
MOVE B39 139
MOVE B41 160
MOVE B42 160
MOVE B43 168
MOVE B44 168
MOVE B45 181
MOVE B46 181
DAMAGE TURRET B39 1
DAMAGE COMBAT A27 1
DAMAGE COMBAT B39 1
END TURN 170
TURN 171
COMMAND LEFT START
MOVE A34 27
MOVE A31 139
MOVE A35 112
TRAIN 1
COMMAND LEFT END
COMMAND RIGHT START
MOVE B39 150
COMMAND RIGHT END
TURN 171 RESULT
TIME LEFT 0 5 RIGHT 0 5
TRAIN A37
MOVE A29 83
MOVE A31 125
MOVE A33 91
MOVE A34 1
MOVE A35 9
MOVE B39 152
MOVE B41 150
MOVE B42 150
MOVE B43 160
MOVE B44 160
MOVE B45 168
MOVE B46 168
END TURN 171
TURN 172
COMMAND LEFT START
MOVE A36 112
COMMAND LEFT END
COMMAND RIGHT START
COMMAND RIGHT END
TURN 172 RESULT
TIME LEFT 0 5 RIGHT 0 5
MOVE A29 90
MOVE A31 141
MOVE A33 108
MOVE A34 4
MOVE A35 19
MOVE A36 9
MOVE B39 147
MOVE B43 150
MOVE B44 150
MOVE B45 160
MOVE B46 160
END TURN 172
TURN 173
COMMAND LEFT START
COMMAND LEFT END
COMMAND RIGHT START
MOVE B26 224
UPGRADE 224
COMMAND RIGHT END
TURN 173 RESULT
TIME LEFT 0 5 RIGHT 0 5
UPGRADE B 224
MOVE A29 85
MOVE A31 134
MOVE A33 112
MOVE A34 8
MOVE A35 28
MOVE A36 19
MOVE B26 160
MOVE B39 151
MOVE B45 150
MOVE B46 150
END TURN 173
TURN 174
COMMAND LEFT START
COMMAND LEFT END
COMMAND RIGHT START
COMMAND RIGHT END
TURN 174 RESULT
TIME LEFT 0 5 RIGHT 0 5
MOVE A31 139
MOVE A34 13
MOVE A35 43
MOVE A36 28
MOVE B26 168
MOVE B39 150
END TURN 174
TURN 175
COMMAND LEFT START
COMMAND LEFT END
COMMAND RIGHT START
COMMAND RIGHT END
TURN 175 RESULT
TIME LEFT 0 5 RIGHT 0 5
MOVE A34 27
MOVE A35 56
MOVE A36 43
MOVE B26 181
END TURN 175
TURN 176
COMMAND LEFT START
MOVE A37 27
UPGRADE 27
COMMAND LEFT END
COMMAND RIGHT START
MOVE B46 139
COMMAND RIGHT END
TURN 176 RESULT
TIME LEFT 0 5 RIGHT 0 5
UPGRADE A 27
MOVE A35 78
MOVE A36 56
MOVE A37 1
MOVE B26 196
MOVE B46 151
END TURN 176
TURN 177
COMMAND LEFT START
MOVE A32 51
TRAIN 1
COMMAND LEFT END
COMMAND RIGHT START
TRAIN 2
COMMAND RIGHT END
TURN 177 RESULT
TIME LEFT 0 5 RIGHT 0 5
TRAIN A38 B47 B48
MOVE A32 108
MOVE A35 91
MOVE A36 78
MOVE A37 4
MOVE B26 205
MOVE B46 147
END TURN 177
TURN 178
COMMAND LEFT START
MOVE A38 112
COMMAND LEFT END
COMMAND RIGHT START
MOVE B45 112
MOVE B48 150
COMMAND RIGHT END
TURN 178 RESULT
TIME LEFT 0 5 RIGHT 0 5
MOVE A32 106
MOVE A35 108
MOVE A36 91
MOVE A37 8
MOVE A38 9
MOVE B26 215
MOVE B45 136
MOVE B46 152
MOVE B48 215
END TURN 178
TURN 179
COMMAND LEFT START
COMMAND LEFT END
COMMAND RIGHT START
MOVE B44 129
COMMAND RIGHT END
TURN 179 RESULT
TIME LEFT 0 5 RIGHT 0 5
MOVE A32 97
MOVE A35 112
MOVE A36 108
MOVE A37 13
MOVE A38 19
MOVE B26 224
MOVE B44 146
MOVE B45 125
MOVE B46 139
MOVE B48 205
DAMAGE TURRET B46 1
DAMAGE COMBAT A31 1
DAMAGE COMBAT B46 1
END TURN 179
TURN 180
COMMAND LEFT START
COMMAND LEFT END
COMMAND RIGHT START
MOVE B47 150
TRAIN 2
COMMAND RIGHT END
TURN 180 RESULT
TIME LEFT 0 5 RIGHT 0 5
TRAIN B49 B50
MOVE A32 87
MOVE A36 112
MOVE A37 27
MOVE A38 28
MOVE B44 137
MOVE B45 112
MOVE B47 215
MOVE B48 196
DAMAGE TURRET B45 2
DAMAGE TURRET B46 1
DAMAGE COMBAT A1 1
DAMAGE COMBAT A31 1
DAMAGE COMBAT B45 4
DAMAGE COMBAT B46 1
END TURN 180
TURN 181
COMMAND LEFT START
COMMAND LEFT END
COMMAND RIGHT START
MOVE B50 150
MOVE B49 150
TRAIN 2
COMMAND RIGHT END
TURN 181 RESULT
TIME LEFT 0 5 RIGHT 0 5
TRAIN B51 B52
MOVE A32 68
MOVE A38 43
MOVE B44 144
MOVE B47 205
MOVE B48 181
MOVE B49 215
MOVE B50 215
DAMAGE TURRET B46 1
DAMAGE COMBAT A31 1
DAMAGE COMBAT B46 1
END TURN 181
TURN 182
COMMAND LEFT START
TRAIN 1
COMMAND LEFT END
COMMAND RIGHT START
MOVE B52 150
MOVE B51 150
TRAIN 2
COMMAND RIGHT END
TURN 182 RESULT
TIME LEFT 0 5 RIGHT 0 5
TRAIN A39 B53 B54
MOVE A32 51
MOVE A38 56
MOVE B44 142
MOVE B47 196
MOVE B48 168
MOVE B49 205
MOVE B50 205
MOVE B51 215
MOVE B52 215
END TURN 182
TURN 183
COMMAND LEFT START
MOVE A39 51
UPGRADE 51
COMMAND LEFT END
COMMAND RIGHT START
MOVE B43 139
MOVE B54 150
MOVE B53 150
TRAIN 1
COMMAND RIGHT END
TURN 183 RESULT
TIME LEFT 0 5 RIGHT 0 5
UPGRADE A 51
TRAIN B55
MOVE A38 78
MOVE A39 7
MOVE B43 151
MOVE B44 138
MOVE B47 181
MOVE B48 160
MOVE B49 196
MOVE B50 196
MOVE B51 205
MOVE B52 205
MOVE B53 215
MOVE B54 215
END TURN 183
TURN 184
COMMAND LEFT START
MOVE A35 65
TRAIN 1
COMMAND LEFT END
COMMAND RIGHT START
MOVE B55 150
TRAIN 2
COMMAND RIGHT END
TURN 184 RESULT
TIME LEFT 0 5 RIGHT 0 5
TRAIN A40 B56 B57
MOVE A35 108
MOVE A38 91
MOVE A39 20
MOVE B43 147
MOVE B44 129
MOVE B47 168
MOVE B48 150
MOVE B49 181
MOVE B50 181
MOVE B51 196
MOVE B52 196
MOVE B53 205
MOVE B54 205
MOVE B55 215
DAMAGE TURRET B44 1
DAMAGE COMBAT A9 1
DAMAGE COMBAT B44 2
END TURN 184
TURN 185
COMMAND LEFT START
MOVE A40 112
COMMAND LEFT END
COMMAND RIGHT START
MOVE B48 112
MOVE B57 150
MOVE B56 150
TRAIN 1
COMMAND RIGHT END
TURN 185 RESULT
TIME LEFT 0 5 RIGHT 0 5
TRAIN B58
MOVE A35 106
MOVE A38 108
MOVE A39 33
MOVE A40 9
MOVE B43 152
MOVE B47 160
MOVE B48 136
MOVE B49 168
MOVE B50 168
MOVE B51 181
MOVE B52 181
MOVE B53 196
MOVE B54 196
MOVE B55 205
MOVE B56 215
MOVE B57 215
DAMAGE TURRET B44 1
DAMAGE COMBAT A9 1
DAMAGE COMBAT B44 2
END TURN 185
TURN 186
COMMAND LEFT START
MOVE A36 129
COMMAND LEFT END
COMMAND RIGHT START
MOVE B42 129
MOVE B58 150
TRAIN 2
COMMAND RIGHT END
TURN 186 RESULT
TIME LEFT 0 5 RIGHT 0 5
TRAIN B59 B60
MOVE A35 97
MOVE A36 116
MOVE A38 112
MOVE A39 51
MOVE A40 19
MOVE B42 146
MOVE B43 139
MOVE B47 150
MOVE B48 125
MOVE B49 160
MOVE B50 160
MOVE B51 168
MOVE B52 168
MOVE B53 181
MOVE B54 181
MOVE B55 196
MOVE B56 205
MOVE B57 205
MOVE B58 215
DAMAGE TURRET B43 1
DAMAGE COMBAT A31 1
DAMAGE COMBAT B43 1
END TURN 186
TURN 187
COMMAND LEFT START
MOVE A38 139
TRAIN 1
COMMAND LEFT END
COMMAND RIGHT START
MOVE B43 150
TRAIN 2
COMMAND RIGHT END
TURN 187 RESULT
TIME LEFT 0 5 RIGHT 0 5
TRAIN A41 B61 B62
MOVE A35 87
MOVE A36 118
MOVE A38 125
MOVE A40 28
MOVE B42 137
MOVE B43 152
MOVE B48 112
MOVE B49 150
MOVE B50 150
MOVE B51 160
MOVE B52 160
MOVE B53 168
MOVE B54 168
MOVE B55 181
MOVE B56 196
MOVE B57 196
MOVE B58 205
DAMAGE TURRET B48 2
DAMAGE COMBAT A14 1
DAMAGE COMBAT B48 3
END TURN 187
TURN 188
COMMAND LEFT START
MOVE A41 112
TRAIN 1
COMMAND LEFT END
COMMAND RIGHT START
MOVE B50 139
MOVE B49 139
MOVE B47 139
MOVE B41 139
MOVE B39 139
MOVE B38 139
MOVE B36 139
MOVE B34 139
MOVE B33 139
MOVE B31 139
MOVE B29 139
COMMAND RIGHT END
TURN 188 RESULT
TIME LEFT 0 5 RIGHT 0 5
TRAIN A42
MOVE A35 80
MOVE A36 113
MOVE A38 141
MOVE A40 43
MOVE A41 9
MOVE B29 151
MOVE B31 151
MOVE B33 151
MOVE B34 151
MOVE B36 151
MOVE B38 151
MOVE B39 151
MOVE B41 151
MOVE B42 144
MOVE B43 147
MOVE B47 151
MOVE B49 151
MOVE B50 151
MOVE B51 150
MOVE B52 150
MOVE B53 160
MOVE B54 160
MOVE B55 168
MOVE B56 181
MOVE B57 181
MOVE B58 196
DAMAGE TURRET B48 2
DAMAGE COMBAT A14 1
END TURN 188
TURN 189
COMMAND LEFT START
MOVE A42 112
TRAIN 1
COMMAND LEFT END
COMMAND RIGHT START
MOVE B62 150
MOVE B61 150
MOVE B60 150
MOVE B59 150
TRAIN 2
COMMAND RIGHT END
TURN 189 RESULT
TIME LEFT 0 5 RIGHT 0 5
TRAIN A43 B63 B64
MOVE A35 69
MOVE A36 122
MOVE A38 134
MOVE A40 56
MOVE A41 19
MOVE A42 9
MOVE B29 147
MOVE B31 147
MOVE B33 147
MOVE B34 147
MOVE B36 147
MOVE B38 147
MOVE B39 147
MOVE B41 147
MOVE B42 142
MOVE B43 151
MOVE B47 147
MOVE B49 147
MOVE B50 147
MOVE B53 150
MOVE B54 150
MOVE B55 160
MOVE B56 168
MOVE B57 168
MOVE B58 181
MOVE B59 215
MOVE B60 215
MOVE B61 215
MOVE B62 215
END TURN 189
TURN 190
COMMAND LEFT START
MOVE A43 112
TRAIN 1
COMMAND LEFT END
COMMAND RIGHT START
MOVE B54 112
MOVE B64 150
MOVE B63 150
TRAIN 1
COMMAND RIGHT END
TURN 190 RESULT
TIME LEFT 0 5 RIGHT 0 5
TRAIN A44 B65
MOVE A35 65
MOVE A36 123
MOVE A38 139
MOVE A40 78
MOVE A41 28
MOVE A42 19
MOVE A43 9
MOVE B29 152
MOVE B31 152
MOVE B33 152
MOVE B34 152
MOVE B36 152
MOVE B38 152
MOVE B39 152
MOVE B41 152
MOVE B42 138
MOVE B43 150
MOVE B47 152
MOVE B49 152
MOVE B50 152
MOVE B54 136
MOVE B55 150
MOVE B56 160
MOVE B57 160
MOVE B58 168
MOVE B59 205
MOVE B60 205
MOVE B61 205
MOVE B62 205
MOVE B63 215
MOVE B64 215
END TURN 190
TURN 191
COMMAND LEFT START
UPGRADE 65
COMMAND LEFT END
COMMAND RIGHT START
MOVE B55 177
MOVE B65 150
TRAIN 2
COMMAND RIGHT END
TURN 191 RESULT
TIME LEFT 0 5 RIGHT 0 5
UPGRADE A 65
TRAIN B66 B67
MOVE A36 124
MOVE A40 91
MOVE A41 43
MOVE A42 28
MOVE A43 19
MOVE B29 139
MOVE B31 139
MOVE B33 139
MOVE B34 139
MOVE B36 139
MOVE B38 139
MOVE B39 139
MOVE B41 139
MOVE B42 129
MOVE B47 139
MOVE B49 139
MOVE B50 139
MOVE B54 125
MOVE B55 151
MOVE B56 150
MOVE B57 150
MOVE B58 160
MOVE B59 196
MOVE B60 196
MOVE B61 196
MOVE B62 196
MOVE B63 205
MOVE B64 205
MOVE B65 215
DAMAGE TURRET B29 1
DAMAGE TURRET B42 1
DAMAGE COMBAT A10 1
DAMAGE COMBAT A38 4
DAMAGE COMBAT B29 1
DAMAGE COMBAT B42 1
SIEGE A 139 6
END TURN 191
TURN 192
COMMAND LEFT START
MOVE A44 139
COMMAND LEFT END
COMMAND RIGHT START
MOVE B29 150
MOVE B31 150
MOVE B33 150
MOVE B34 150
MOVE B36 150
MOVE B38 150
MOVE B39 150
MOVE B41 150
MOVE B47 150
MOVE B49 150
MOVE B67 150
MOVE B66 150
UPGRADE 139
TRAIN 1
COMMAND RIGHT END
TURN 192 RESULT
TIME LEFT 0 5 RIGHT 0 5
UPGRADE B 139
TRAIN B68
MOVE A36 129
MOVE A40 108
MOVE A41 56
MOVE A42 43
MOVE A43 28
MOVE A44 9
MOVE B29 152
MOVE B31 152
MOVE B33 152
MOVE B34 152
MOVE B36 152
MOVE B38 152
MOVE B39 152
MOVE B41 152
MOVE B47 152
MOVE B49 152
MOVE B54 112
MOVE B55 147
MOVE B58 150
MOVE B59 181
MOVE B60 181
MOVE B61 181
MOVE B62 181
MOVE B63 196
MOVE B64 196
MOVE B65 205
MOVE B66 215
MOVE B67 215
DAMAGE TURRET B42 1
DAMAGE TURRET B54 2
DAMAGE COMBAT A10 1
DAMAGE COMBAT A14 1
DAMAGE COMBAT B42 2
DAMAGE COMBAT B54 3
END TURN 192
TURN 193
COMMAND LEFT START
COMMAND LEFT END
COMMAND RIGHT START
MOVE B68 150
UPGRADE 139
COMMAND RIGHT END
TURN 193 RESULT
TIME LEFT 2 5 RIGHT 2 5
UPGRADE B 139
MOVE A40 112
MOVE A41 78
MOVE A42 56
MOVE A43 43
MOVE A44 19
MOVE B29 147
MOVE B31 147
MOVE B33 147
MOVE B34 147
MOVE B36 147
MOVE B38 147
MOVE B39 147
MOVE B41 147
MOVE B47 147
MOVE B49 147
MOVE B55 152
MOVE B59 168
MOVE B60 168
MOVE B61 168
MOVE B62 168
MOVE B63 181
MOVE B64 181
MOVE B65 196
MOVE B66 205
MOVE B67 205
MOVE B68 215
DAMAGE TURRET B42 1
DAMAGE TURRET B54 2
DAMAGE COMBAT A10 1
DAMAGE COMBAT A14 1
END TURN 193
TURN 194
COMMAND LEFT START
COMMAND LEFT END
COMMAND RIGHT START
MOVE B27 139
COMMAND RIGHT END
TURN 194 RESULT
TIME LEFT 0 5 RIGHT 0 5
MOVE A41 91
MOVE A42 78
MOVE A43 56
MOVE A44 28
MOVE B27 151
MOVE B29 151
MOVE B31 151
MOVE B33 151
MOVE B34 151
MOVE B36 151
MOVE B38 151
MOVE B39 151
MOVE B41 151
MOVE B47 151
MOVE B49 151
MOVE B55 158
MOVE B59 160
MOVE B60 160
MOVE B61 160
MOVE B62 160
MOVE B63 168
MOVE B64 168
MOVE B65 181
MOVE B66 196
MOVE B67 196
MOVE B68 205
END TURN 194
TURN 195
COMMAND LEFT START
TRAIN 1
COMMAND LEFT END
COMMAND RIGHT START
UPGRADE 139
COMMAND RIGHT END
TURN 195 RESULT
TIME LEFT 0 5 RIGHT 0 5
UPGRADE B 139
TRAIN A45
MOVE A41 108
MOVE A42 91
MOVE A43 78
MOVE A44 43
MOVE B27 147
MOVE B29 150
MOVE B31 150
MOVE B33 150
MOVE B34 150
MOVE B36 150
MOVE B38 150
MOVE B39 150
MOVE B41 150
MOVE B47 150
MOVE B49 150
MOVE B55 170
MOVE B59 150
MOVE B60 150
MOVE B61 150
MOVE B62 150
MOVE B63 160
MOVE B64 160
MOVE B65 168
MOVE B66 181
MOVE B67 181
MOVE B68 196
END TURN 195
TURN 196
COMMAND LEFT START
MOVE A45 112
COMMAND LEFT END
COMMAND RIGHT START
MOVE B28 139
COMMAND RIGHT END
TURN 196 RESULT
TIME LEFT 0 5 RIGHT 0 5
MOVE A41 112
MOVE A42 108
MOVE A43 91
MOVE A44 59
MOVE A45 9
MOVE B27 152
MOVE B28 151
MOVE B55 172
MOVE B63 150
MOVE B64 150
MOVE B65 160
MOVE B66 168
MOVE B67 168
MOVE B68 181
END TURN 196
TURN 197
COMMAND LEFT START
COMMAND LEFT END
COMMAND RIGHT START
COMMAND RIGHT END
TURN 197 RESULT
TIME LEFT 0 5 RIGHT 0 5
MOVE A42 112
MOVE A43 108
MOVE A44 68
MOVE A45 19
MOVE B27 139
MOVE B28 147
MOVE B55 176
MOVE B65 150
MOVE B66 160
MOVE B67 160
MOVE B68 168
END TURN 197
TURN 198
COMMAND LEFT START
COMMAND LEFT END
COMMAND RIGHT START
MOVE B65 112
COMMAND RIGHT END
TURN 198 RESULT
TIME LEFT 0 5 RIGHT 0 5
MOVE A43 112
MOVE A44 87
MOVE A45 28
MOVE B28 152
MOVE B55 177
MOVE B65 136
MOVE B66 150
MOVE B67 150
MOVE B68 160
DAMAGE TURRET B55 1
DAMAGE COMBAT A20 1
DAMAGE COMBAT B55 2
END TURN 198
TURN 199
COMMAND LEFT START
UPGRADE 129
COMMAND LEFT END
COMMAND RIGHT START
MOVE B67 0
MOVE B66 0
MOVE B64 0
MOVE B63 0
MOVE B62 0
MOVE B61 0
MOVE B60 0
MOVE B59 0
MOVE B58 0
MOVE B57 0
MOVE B56 0
MOVE B53 0
MOVE B52 0
MOVE B51 0
MOVE B49 0
MOVE B47 0
MOVE B43 0
MOVE B41 0
MOVE B39 0
MOVE B38 0
MOVE B36 0
MOVE B34 0
MOVE B33 0
COMMAND RIGHT END
TURN 199 RESULT
TIME LEFT 0 5 RIGHT 0 5
UPGRADE A 129
MOVE A44 97
MOVE A45 43
MOVE B28 139
MOVE B33 136
MOVE B34 136
MOVE B36 136
MOVE B38 136
MOVE B39 136
MOVE B41 136
MOVE B43 136
MOVE B47 136
MOVE B49 136
MOVE B51 136
MOVE B52 136
MOVE B53 136
MOVE B56 136
MOVE B57 136
MOVE B58 136
MOVE B59 136
MOVE B60 136
MOVE B61 136
MOVE B62 136
MOVE B63 136
MOVE B64 136
MOVE B65 125
MOVE B66 136
MOVE B67 136
MOVE B68 150
DAMAGE TURRET B55 1
DAMAGE COMBAT A20 1
DAMAGE COMBAT B55 2
END TURN 199
TURN 200
COMMAND LEFT START
MOVE A41 129
TRAIN 1
COMMAND LEFT END
COMMAND RIGHT START
TRAIN 2
COMMAND RIGHT END
TURN 200 RESULT
TIME LEFT 0 5 RIGHT 0 5
TRAIN A46 B69 B70
MOVE A41 116
MOVE A44 111
MOVE A45 56
MOVE B33 125
MOVE B34 125
MOVE B36 125
MOVE B38 125
MOVE B39 125
MOVE B41 125
MOVE B43 125
MOVE B47 125
MOVE B49 125
MOVE B51 125
MOVE B52 125
MOVE B53 125
MOVE B56 125
MOVE B57 125
MOVE B58 125
MOVE B59 125
MOVE B60 125
MOVE B61 125
MOVE B62 125
MOVE B63 125
MOVE B64 125
MOVE B65 112
MOVE B66 125
MOVE B67 125
DAMAGE TURRET B55 1
DAMAGE TURRET B65 2
DAMAGE COMBAT A15 1
DAMAGE COMBAT A20 1
DAMAGE COMBAT B65 5
END TURN 200
TURN 201
COMMAND LEFT START
MOVE A46 112
TRAIN 1
COMMAND LEFT END
COMMAND RIGHT START
MOVE B70 150
MOVE B69 150
TRAIN 2
COMMAND RIGHT END
TURN 201 RESULT
TIME LEFT 0 5 RIGHT 0 5
TRAIN A47 B71 B72
MOVE A41 118
MOVE A44 120
MOVE A45 78
MOVE A46 9
MOVE B33 108
MOVE B34 108
MOVE B36 108
MOVE B38 108
MOVE B39 108
MOVE B41 108
MOVE B43 108
MOVE B47 108
MOVE B49 108
MOVE B51 108
MOVE B52 108
MOVE B53 108
MOVE B56 108
MOVE B57 108
MOVE B58 108
MOVE B59 108
MOVE B60 108
MOVE B61 108
MOVE B62 108
MOVE B63 108
MOVE B64 108
MOVE B66 108
MOVE B67 108
MOVE B69 215
MOVE B70 215
END TURN 201
TURN 202
COMMAND LEFT START
TRAIN 1
COMMAND LEFT END
COMMAND RIGHT START
MOVE B72 150
MOVE B71 150
TRAIN 2
COMMAND RIGHT END
TURN 202 RESULT
TIME LEFT 0 5 RIGHT 0 5
TRAIN A48 B73 B74
MOVE A41 113
MOVE A44 139
MOVE A45 91
MOVE A46 19
MOVE B33 91
MOVE B34 91
MOVE B36 91
MOVE B38 91
MOVE B39 91
MOVE B41 91
MOVE B43 91
MOVE B47 91
MOVE B49 91
MOVE B51 91
MOVE B52 91
MOVE B53 91
MOVE B56 91
MOVE B57 91
MOVE B58 91
MOVE B59 91
MOVE B60 91
MOVE B61 91
MOVE B62 91
MOVE B63 91
MOVE B64 91
MOVE B66 91
MOVE B67 91
MOVE B69 205
MOVE B70 205
MOVE B71 215
MOVE B72 215
DAMAGE TURRET A44 2
DAMAGE COMBAT A44 2
DAMAGE COMBAT A45 4
DAMAGE COMBAT B27 1
DAMAGE COMBAT B39 1
END TURN 202
TURN 203
COMMAND LEFT START
MOVE A42 95
MOVE A47 112
UPGRADE 129
TRAIN 1
COMMAND LEFT END
COMMAND RIGHT START
MOVE B74 150
MOVE B73 150
TRAIN 2
COMMAND RIGHT END
TURN 203 RESULT
TIME LEFT 0 5 RIGHT 0 5
UPGRADE A 129
TRAIN A49 B75 B76
MOVE A41 122
MOVE A42 108
MOVE A46 28
MOVE A47 9
MOVE B33 78
MOVE B34 78
MOVE B36 78
MOVE B38 78
MOVE B39 78
MOVE B41 78
MOVE B43 78
MOVE B47 78
MOVE B49 78
MOVE B51 78
MOVE B52 78
MOVE B53 78
MOVE B56 78
MOVE B57 78
MOVE B58 78
MOVE B59 78
MOVE B60 78
MOVE B61 78
MOVE B62 78
MOVE B63 78
MOVE B64 78
MOVE B66 78
MOVE B67 78
MOVE B69 196
MOVE B70 196
MOVE B71 205
MOVE B72 205
MOVE B73 215
MOVE B74 215
END TURN 203
TURN 204
COMMAND LEFT START
MOVE A43 129
MOVE A48 112
COMMAND LEFT END
COMMAND RIGHT START
MOVE B76 112
MOVE B75 150
COMMAND RIGHT END
TURN 204 RESULT
TIME LEFT 0 5 RIGHT 0 5
MOVE A41 123
MOVE A42 106
MOVE A43 116
MOVE A46 43
MOVE A47 19
MOVE A48 9
MOVE B33 56
MOVE B34 56
MOVE B36 56
MOVE B38 56
MOVE B39 56
MOVE B41 56
MOVE B43 56
MOVE B47 56
MOVE B49 56
MOVE B51 56
MOVE B52 56
MOVE B53 56
MOVE B56 56
MOVE B57 56
MOVE B58 56
MOVE B59 56
MOVE B60 56
MOVE B61 56
MOVE B62 56
MOVE B63 56
MOVE B64 56
MOVE B66 56
MOVE B67 56
MOVE B69 181
MOVE B70 181
MOVE B71 196
MOVE B72 196
MOVE B73 205
MOVE B74 205
MOVE B75 215
MOVE B76 215
END TURN 204
TURN 205
COMMAND LEFT START
MOVE A49 112
COMMAND LEFT END
COMMAND RIGHT START
TRAIN 2
COMMAND RIGHT END
TURN 205 RESULT
TIME LEFT 3 5 RIGHT 3 5
TRAIN B77 B78
MOVE A41 124
MOVE A42 111
MOVE A43 118
MOVE A46 56
MOVE A47 28
MOVE A48 19
MOVE A49 9
MOVE B33 43
MOVE B34 43
MOVE B36 43
MOVE B38 43
MOVE B39 43
MOVE B41 43
MOVE B43 43
MOVE B47 43
MOVE B49 43
MOVE B51 43
MOVE B52 43
MOVE B53 43
MOVE B56 43
MOVE B57 43
MOVE B58 43
MOVE B59 43
MOVE B60 43
MOVE B61 43
MOVE B62 43
MOVE B63 43
MOVE B64 43
MOVE B66 43
MOVE B67 43
MOVE B69 168
MOVE B70 168
MOVE B71 181
MOVE B72 181
MOVE B73 196
MOVE B74 196
MOVE B75 205
MOVE B76 205
END TURN 205
TURN 206
COMMAND LEFT START
COMMAND LEFT END
COMMAND RIGHT START
MOVE B78 150
MOVE B77 150
TRAIN 2
COMMAND RIGHT END
TURN 206 RESULT
TIME LEFT 0 5 RIGHT 0 5
TRAIN B79 B80
MOVE A41 129
MOVE A42 102
MOVE A43 113
MOVE A46 78
MOVE A47 43
MOVE A48 28
MOVE A49 19
MOVE B33 28
MOVE B34 28
MOVE B36 28
MOVE B38 28
MOVE B39 28
MOVE B41 28
MOVE B43 28
MOVE B47 28
MOVE B49 28
MOVE B51 28
MOVE B52 28
MOVE B53 28
MOVE B56 28
MOVE B57 28
MOVE B58 28
MOVE B59 28
MOVE B60 28
MOVE B61 28
MOVE B62 28
MOVE B63 28
MOVE B64 28
MOVE B66 28
MOVE B67 28
MOVE B69 160
MOVE B70 160
MOVE B71 168
MOVE B72 168
MOVE B73 181
MOVE B74 181
MOVE B75 196
MOVE B76 196
MOVE B77 215
MOVE B78 215
DAMAGE COMBAT A48 4
DAMAGE COMBAT B39 1
END TURN 206
TURN 207
COMMAND LEFT START
TRAIN 1
COMMAND LEFT END
COMMAND RIGHT START
MOVE B80 150
MOVE B79 150
TRAIN 2
COMMAND RIGHT END
TURN 207 RESULT
TIME LEFT 0 5 RIGHT 0 5
TRAIN A50 B81 B82
MOVE A42 101
MOVE A43 122
MOVE A46 91
MOVE A47 56
MOVE A49 28
MOVE B33 19
MOVE B34 19
MOVE B36 19
MOVE B38 19
MOVE B39 19
MOVE B41 19
MOVE B43 19
MOVE B47 19
MOVE B49 19
MOVE B51 19
MOVE B52 19
MOVE B53 19
MOVE B56 19
MOVE B57 19
MOVE B58 19
MOVE B59 19
MOVE B60 19
MOVE B61 19
MOVE B62 19
MOVE B63 19
MOVE B64 19
MOVE B66 19
MOVE B67 19
MOVE B69 150
MOVE B70 150
MOVE B71 160
MOVE B72 160
MOVE B73 168
MOVE B74 168
MOVE B75 181
MOVE B76 181
MOVE B77 205
MOVE B78 205
MOVE B79 215
MOVE B80 215
END TURN 207
TURN 208
COMMAND LEFT START
MOVE A50 112
TRAIN 1
COMMAND LEFT END
COMMAND RIGHT START
MOVE B82 150
MOVE B81 150
TRAIN 2
COMMAND RIGHT END
TURN 208 RESULT
TIME LEFT 0 5 RIGHT 0 5
TRAIN A51 B83 B84
MOVE A42 100
MOVE A43 123
MOVE A46 108
MOVE A47 78
MOVE A49 43
MOVE A50 9
MOVE B33 9
MOVE B34 9
MOVE B36 9
MOVE B38 9
MOVE B39 9
MOVE B41 9
MOVE B43 9
MOVE B47 9
MOVE B49 9
MOVE B51 9
MOVE B52 9
MOVE B53 9
MOVE B56 9
MOVE B57 9
MOVE B58 9
MOVE B59 9
MOVE B60 9
MOVE B61 9
MOVE B62 9
MOVE B63 9
MOVE B64 9
MOVE B66 9
MOVE B67 9
MOVE B71 150
MOVE B72 150
MOVE B73 160
MOVE B74 160
MOVE B75 168
MOVE B76 168
MOVE B77 196
MOVE B78 196
MOVE B79 205
MOVE B80 205
MOVE B81 215
MOVE B82 215
DAMAGE COMBAT A50 4
DAMAGE COMBAT B39 1
END TURN 208
TURN 209
COMMAND LEFT START
MOVE A51 112
TRAIN 1
COMMAND LEFT END
COMMAND RIGHT START
TRAIN 2
COMMAND RIGHT END
TURN 209 RESULT
TIME LEFT 0 5 RIGHT 0 5
TRAIN A52 B85 B86
MOVE A42 95
MOVE A43 124
MOVE A46 112
MOVE A47 91
MOVE A49 56
MOVE A51 9
MOVE B33 0
MOVE B34 0
MOVE B36 0
MOVE B38 0
MOVE B39 0
MOVE B41 0
MOVE B43 0
MOVE B47 0
MOVE B49 0
MOVE B51 0
MOVE B52 0
MOVE B53 0
MOVE B56 0
MOVE B57 0
MOVE B58 0
MOVE B59 0
MOVE B60 0
MOVE B61 0
MOVE B62 0
MOVE B63 0
MOVE B64 0
MOVE B66 0
MOVE B67 0
MOVE B73 150
MOVE B74 150
MOVE B75 160
MOVE B76 146
MOVE B77 181
MOVE B78 181
MOVE B79 196
MOVE B80 196
MOVE B81 205
MOVE B82 205
DAMAGE TURRET B39 1
DAMAGE COMBAT A2 4
DAMAGE COMBAT A52 4
DAMAGE COMBAT B43 2
SIEGE A 0 10
END TURN 209
RESULT RIGHT_WIN HQ_DESTROYED
