[LEFT ""]
[RIGHT ""]
MAP
233 17
-11096 -10909 -10370 -10488 -9609 -10125 -8741 -8429 -9556 -8248 -8407 -8010 -9009 -7890 -7738 -7746 -7637 -7454 -7447 -7082 -7082 -7315 -8032 -6938 -6665 -6560 -7427 -6431 -6477 -6440 -6183 -6156 -7169 -5963 -5934 -6412 -5890 -5595 -5474 -5518 -5433 -5177 -5355 -5275 -4977 -4793 -4826 -5225 -4960 -4610 -4751 -4618 -4433 -4415 -4147 -4166 -4273 -4185 -4388 -4137 -3869 -3800 -4139 -3801 -3618 -3229 -3218 -3111 -3366 -3042 -2890 -2873 -2775 -2802 -2785 -2935 -3032 -3087 -2678 -2525 -2660 -2308 -2290 -2189 -1997 -2035 -1936 -1926 -1762 -1337 -1666 -1440 -1464 -1448 -1413 -1376 -1407 -1423 -1307 -1226 -1080 -1047 -906 -659 -807 -548 -613 -543 -438 -210 -402 -381 -397 -253 -158 7 0 -7 158 253 397 381 402 210 438 543 613 548 807 659 906 1047 1080 1226 1307 1423 1407 1376 1413 1448 1464 1440 1666 1337 1762 1926 1936 2035 1997 2189 2290 2308 2660 2525 2678 3087 3032 2935 2785 2802 2775 2873 2890 3042 3366 3111 3218 3229 3618 3801 4139 3800 3869 4137 4388 4185 4273 4166 4147 4415 4433 4618 4751 4610 4960 5225 4826 4793 4977 5275 5355 5177 5433 5518 5474 5595 5890 6412 5934 5963 7169 6156 6183 6440 6477 6431 7427 6560 6665 6938 8032 7315 7082 7082 7447 7454 7637 7746 7738 7890 9009 8010 8407 8248 9556 8429 8741 10125 9609 10488 10370 10909 11096
-1212 1077 -2671 2832 -67 -4496 -1290 2398 4923 -3107 1076 -1834 -6479 3252 252 -4313 -684 4338 1427 -5029 -2318 -6396 6391 2004 2982 -1203 -7841 574 -3398 4207 -5760 5313 8252 1878 -4289 -9204 6456 -1703 3986 -16 2774 5095 -5117 -6524 -7588 -3829 6092 9398 1474 7289 -2750 -462 4250 3240 -4949 -6166 -1817 2278 -8507 831 -7393 -968 -10390 6066 4682 487 1800 2892 -3414 -553 -8585 -7196 5531 -2296 3814 6877 8010 10625 -6126 -1407 -4927 4720 -3596 1830 -151 880 6275 -7846 7913 10347 2780 -4498 4839 -10886 -1713 -3089 3581 -6654 -8447 6988 -5567 1984 -655 9261 865 3956 6207 5360 -3471 -9713 -7953 -6554 7502 -4661 -1507 2514 0 -2514 1507 4661 -7502 6554 7953 9713 3471 -5360 -6207 -3956 -865 -9261 655 -1984 5567 -6988 8447 6654 -3581 3089 1713 10886 -4839 4498 -2780 -10347 -7913 7846 -6275 -880 151 -1830 3596 -4720 4927 1407 6126 -10625 -8010 -6877 -3814 2296 -5531 7196 8585 553 3414 -2892 -1800 -487 -4682 -6066 10390 968 7393 -831 8507 -2278 1817 6166 4949 -3240 -4250 462 2750 -7289 -1474 -9398 -6092 3829 7588 6524 5117 -5095 -2774 16 -3986 1703 -6456 9204 4289 -1878 -8252 -5313 5760 -4207 3398 -574 7841 1203 -2982 -2004 -6391 6396 2318 5029 -1427 -4338 684 4313 -252 -3252 6479 1834 -1076 3107 -4923 -2398 1290 4496 67 -2832 2671 -1077 1212
STRONGHOLDS 3 16 34 38 50 60 94 105 116 127 138 172 182 194 198 216 229
4 1 2 4 6
4 0 3 4 10
4 0 5 6 9
5 1 7 8 10 13
5 0 1 6 10 14
4 2 9 12 15
7 0 2 4 9 11 14 16
5 3 10 13 18 23
4 3 13 17 22
7 2 5 6 11 15 20 28
6 1 3 4 7 14 18
5 6 9 16 20 25
5 5 15 19 21 26
6 3 7 8 17 23 24
6 4 6 10 16 18 27
5 5 9 12 19 28
5 6 11 14 25 27
6 8 13 22 24 29 31
5 7 10 14 23 27
6 12 15 21 28 30 34
5 9 11 25 28 37
5 12 19 26 30 43
5 8 17 31 32 36
6 7 13 18 24 27 33
7 13 17 23 29 33 38 40
6 11 16 20 27 37 39
5 12 21 35 43 44
8 14 16 18 23 25 33 39 48
8 9 15 19 20 34 37 45 50
4 17 24 31 38
5 19 21 34 42 43
6 17 22 29 36 38 41
4 22 36 47 49
5 23 24 27 40 48
5 19 28 30 42 45
4 26 44 58 62
6 22 31 32 41 46 49
7 20 25 28 39 50 51 56
7 24 29 31 40 41 52 53
6 25 27 37 48 51 59
6 24 33 38 48 53 57
7 31 36 38 46 52 63 64
6 30 34 43 45 54 55
6 21 26 30 42 44 55
6 26 35 43 55 58 60
6 28 34 42 50 54 68
4 36 41 49 63
4 32 49 76 77
6 27 33 39 40 57 59
7 32 36 46 47 63 75 76
5 28 37 45 56 68
6 37 39 56 59 61 65
5 38 41 53 64 74
6 38 40 52 57 67 74
6 42 45 55 68 78 80
7 42 43 44 54 60 71 78
6 37 50 51 61 68 73
6 40 48 53 59 66 67
5 35 44 60 62 70
6 39 48 51 57 65 66
5 44 55 58 70 71
6 51 56 65 69 73 79
4 35 58 70 93
6 41 46 49 64 72 75
6 41 52 63 72 74 81
7 51 59 61 66 69 84 85
6 57 59 65 67 83 85
6 53 57 66 74 83 90
7 45 50 54 56 73 80 82
4 61 65 79 84
7 58 60 62 71 87 93 98
6 55 60 70 78 87 97
6 63 64 75 81 86 92
7 56 61 68 79 82 94 95
7 52 53 64 67 81 90 96
6 49 63 72 76 86 88
6 47 49 75 77 88 89
3 47 76 89
6 54 55 71 80 97 100
5 61 69 73 84 94
6 54 68 78 82 91 100
5 64 72 74 92 96
5 68 73 80 91 95
5 66 67 85 90 101
7 65 69 79 85 94 102 104
6 65 66 83 84 101 104
7 72 75 88 92 99 106 107
5 70 71 97 98 110
7 75 76 86 89 99 103 112
6 76 77 88 103 123 139
6 67 74 83 96 101 115
6 80 82 95 100 108 113
6 72 81 86 96 105 107
5 62 70 98 109 143
7 73 79 84 95 102 114 117
6 73 82 91 94 108 117
6 74 81 90 92 105 115
6 71 78 87 100 110 111
5 70 87 93 109 110
4 86 88 106 112
7 78 80 91 97 111 113 125
6 83 85 90 104 115 118
5 84 94 104 114 116
5 88 89 112 122 123
6 84 85 101 102 116 118
6 92 96 107 115 119 124
5 86 99 107 112 121
7 86 92 105 106 119 121 132
5 91 95 113 117 127
5 93 98 110 129 143
7 87 97 98 109 111 120 129
6 97 100 110 120 125 126
6 88 99 103 106 121 122
5 91 100 108 125 127
6 94 102 116 117 128 131
8 90 96 101 105 118 124 137 138
6 102 104 114 118 128 130
8 94 95 108 114 127 131 136 142
6 101 104 115 116 130 138
5 105 107 124 132 141
6 110 111 126 129 133 144
6 106 107 112 122 132 135
7 103 112 121 123 134 135 145
5 89 103 122 134 139
5 105 115 119 137 141
7 100 111 113 126 127 140 146
5 111 120 125 133 146
6 108 113 117 125 136 140
6 114 116 130 131 147 148
5 109 110 120 143 144
5 116 118 128 138 148
6 114 117 128 142 147 149
7 107 119 121 135 141 152 154
4 120 126 144 146
5 122 123 139 145 162
6 121 122 132 145 154 161
6 117 127 140 142 151 158
6 115 124 138 141 150 159
7 115 118 130 137 148 153 159
5 89 123 134 162 170
6 125 127 136 146 151 160
6 119 124 132 137 150 152
6 117 131 136 149 158 165
6 93 109 129 144 155 156
7 120 129 133 143 146 156 157
5 122 134 135 161 162
7 125 126 133 140 144 157 160
6 128 131 148 149 166 167
7 128 130 138 147 153 163 167
5 131 142 147 165 166
5 137 141 152 159 164
5 136 140 158 160 168
6 132 141 150 154 164 178
5 138 148 159 163 171
6 132 135 152 161 177 178
3 143 156 185
6 143 144 155 157 183 185
6 144 146 156 160 169 183
7 136 142 151 165 168 179 180
7 137 138 150 153 164 171 176
6 140 146 151 157 168 169
6 135 145 154 162 172 177
7 134 139 145 161 170 172 174
4 148 153 167 171
7 150 152 159 176 178 182 187
6 142 149 158 166 175 179
6 147 149 165 167 173 175
7 147 148 163 166 171 173 181
6 151 158 160 169 180 191
6 157 160 168 183 186 191
4 139 162 174 197
6 153 159 163 167 176 181
5 161 162 174 177 188
6 166 167 175 181 184 193
5 162 170 172 188 197
6 165 166 173 179 184 192
6 159 164 171 181 182 195
7 154 161 172 178 188 189 190
6 152 154 164 177 187 190
6 158 165 175 180 192 194
5 158 168 179 191 194
6 167 171 173 176 193 195
5 164 176 187 195 204
7 156 157 169 185 186 196 200
6 173 175 192 193 199 205
4 155 156 183 200
4 169 183 191 196
6 164 178 182 190 198 204
6 172 174 177 189 197 206
6 177 188 190 202 206 211
6 177 178 187 189 198 202
7 168 169 180 186 194 196 201
6 175 179 184 194 199 208
6 173 181 184 195 205 207
7 179 180 191 192 201 203 208
7 176 181 182 193 204 207 212
6 183 186 191 200 201 210
4 170 174 188 206
5 187 190 202 204 213
5 184 192 205 208 209
4 183 185 196 210
6 191 194 196 203 210 215
5 189 190 198 211 213
4 194 201 208 215
8 182 187 195 198 212 213 217 223
8 184 193 199 207 209 214 216 218
5 188 189 197 211 220
6 193 195 205 212 216 221
7 192 194 199 203 209 215 219
6 199 205 208 214 219 225
5 196 200 201 215 224
5 189 202 206 213 220
5 195 204 207 221 223
6 198 202 204 211 217 220
5 205 209 218 222 225
6 201 203 208 210 219 224
5 205 207 218 221 226
5 204 213 220 223 227
6 205 214 216 222 226 228
6 208 209 215 224 225 229
5 206 211 213 217 227
5 207 212 216 223 226
6 214 218 225 228 229 231
7 204 212 217 221 226 227 230
4 210 215 219 229
5 209 214 219 222 229
7 216 218 221 223 228 230 232
4 217 220 223 230
5 218 222 226 231 232
5 219 222 224 225 231
4 223 226 227 232
4 222 228 229 232
4 226 228 230 231
END MAP
TURN 1
COMMAND LEFT START
TRAIN 1
COMMAND LEFT END
COMMAND RIGHT START
MOVE B1 216
MOVE B2 116
COMMAND RIGHT END
TURN 1 RESULT
TIME LEFT 0 5 RIGHT 1 5
TRAIN A4
MOVE B1 226
MOVE B2 228
END TURN 1
TURN 2
COMMAND LEFT START
TRAIN 1
COMMAND LEFT END
COMMAND RIGHT START
COMMAND RIGHT END
TURN 2 RESULT
TIME LEFT 0 5 RIGHT 0 5
TRAIN A5
MOVE B1 216
MOVE B2 218
END TURN 2
TURN 3
COMMAND LEFT START
TRAIN 1
COMMAND LEFT END
COMMAND RIGHT START
UPGRADE 216
COMMAND RIGHT END
TURN 3 RESULT
TIME LEFT 0 5 RIGHT 0 5
UPGRADE B 216
TRAIN A6
MOVE B2 205
END TURN 3
TURN 4
COMMAND LEFT START
TRAIN 1
COMMAND LEFT END
COMMAND RIGHT START
COMMAND RIGHT END
TURN 4 RESULT
TIME LEFT 0 5 RIGHT 0 5
TRAIN A7
MOVE B2 193
END TURN 4
TURN 5
COMMAND LEFT START
TRAIN 1
COMMAND LEFT END
COMMAND RIGHT START
COMMAND RIGHT END
TURN 5 RESULT
TIME LEFT 0 5 RIGHT 0 5
TRAIN A8
MOVE B2 173
END TURN 5
TURN 6
COMMAND LEFT START
MOVE A2 232
MOVE A3 232
MOVE A4 232
MOVE A5 232
MOVE A6 232
MOVE A7 232
MOVE A8 232
COMMAND LEFT END
COMMAND RIGHT START
COMMAND RIGHT END
TURN 6 RESULT
TIME LEFT 0 5 RIGHT 0 5
MOVE A2 4
MOVE A3 4
MOVE A4 4
MOVE A5 4
MOVE A6 4
MOVE A7 4
MOVE A8 4
MOVE B2 167
END TURN 6
TURN 7
COMMAND LEFT START
COMMAND LEFT END
COMMAND RIGHT START
COMMAND RIGHT END
TURN 7 RESULT
TIME LEFT 0 5 RIGHT 0 5
MOVE A2 14
MOVE A3 14
MOVE A4 14
MOVE A5 14
MOVE A6 14
MOVE A7 14
MOVE A8 14
MOVE B2 147
END TURN 7
TURN 8
COMMAND LEFT START
COMMAND LEFT END
COMMAND RIGHT START
COMMAND RIGHT END
TURN 8 RESULT
TIME LEFT 0 5 RIGHT 0 5
MOVE A2 27
MOVE A3 27
MOVE A4 27
MOVE A5 27
MOVE A6 27
MOVE A7 27
MOVE A8 27
MOVE B2 128
END TURN 8
TURN 9
COMMAND LEFT START
COMMAND LEFT END
COMMAND RIGHT START
COMMAND RIGHT END
TURN 9 RESULT
TIME LEFT 0 5 RIGHT 0 5
MOVE A2 39
MOVE A3 39
MOVE A4 39
MOVE A5 39
MOVE A6 39
MOVE A7 39
MOVE A8 39
MOVE B2 116
END TURN 9
TURN 10
COMMAND LEFT START
COMMAND LEFT END
COMMAND RIGHT START
COMMAND RIGHT END
TURN 10 RESULT
TIME LEFT 0 5 RIGHT 0 5
MOVE A2 59
MOVE A3 59
MOVE A4 59
MOVE A5 59
MOVE A6 59
MOVE A7 59
MOVE A8 59
END TURN 10
TURN 11
COMMAND LEFT START
COMMAND LEFT END
COMMAND RIGHT START
COMMAND RIGHT END
TURN 11 RESULT
TIME LEFT 0 5 RIGHT 0 5
MOVE A2 65
MOVE A3 65
MOVE A4 65
MOVE A5 65
MOVE A6 65
MOVE A7 65
MOVE A8 65
END TURN 11
TURN 12
COMMAND LEFT START
COMMAND LEFT END
COMMAND RIGHT START
COMMAND RIGHT END
TURN 12 RESULT
TIME LEFT 0 5 RIGHT 0 5
MOVE A2 85
MOVE A3 85
MOVE A4 85
MOVE A5 85
MOVE A6 85
MOVE A7 85
MOVE A8 85
END TURN 12
TURN 13
COMMAND LEFT START
COMMAND LEFT END
COMMAND RIGHT START
TRAIN 1
COMMAND RIGHT END
TURN 13 RESULT
TIME LEFT 0 5 RIGHT 0 5
TRAIN B4
MOVE A2 104
MOVE A3 104
MOVE A4 104
MOVE A5 104
MOVE A6 104
MOVE A7 104
MOVE A8 104
END TURN 13
TURN 14
COMMAND LEFT START
COMMAND LEFT END
COMMAND RIGHT START
TRAIN 1
COMMAND RIGHT END
TURN 14 RESULT
TIME LEFT 0 5 RIGHT 0 5
TRAIN B5
MOVE A2 118
MOVE A3 118
MOVE A4 118
MOVE A5 118
MOVE A6 118
MOVE A7 118
MOVE A8 118
END TURN 14
TURN 15
COMMAND LEFT START
COMMAND LEFT END
COMMAND RIGHT START
TRAIN 1
COMMAND RIGHT END
TURN 15 RESULT
TIME LEFT 0 5 RIGHT 0 5
TRAIN B6
MOVE A2 138
MOVE A3 138
MOVE A4 138
MOVE A5 138
MOVE A6 138
MOVE A7 138
MOVE A8 138
END TURN 15
TURN 16
COMMAND LEFT START
COMMAND LEFT END
COMMAND RIGHT START
TRAIN 1
COMMAND RIGHT END
TURN 16 RESULT
TIME LEFT 0 5 RIGHT 0 5
TRAIN B7
MOVE A2 159
MOVE A3 159
MOVE A4 159
MOVE A5 159
MOVE A6 159
MOVE A7 159
MOVE A8 159
END TURN 16
TURN 17
COMMAND LEFT START
COMMAND LEFT END
COMMAND RIGHT START
COMMAND RIGHT END
TURN 17 RESULT
TIME LEFT 0 5 RIGHT 0 5
MOVE A2 176
MOVE A3 176
MOVE A4 176
MOVE A5 176
MOVE A6 176
MOVE A7 176
MOVE A8 176
END TURN 17
TURN 18
COMMAND LEFT START
COMMAND LEFT END
COMMAND RIGHT START
COMMAND RIGHT END
TURN 18 RESULT
TIME LEFT 0 5 RIGHT 0 5
MOVE A2 195
MOVE A3 195
MOVE A4 195
MOVE A5 195
MOVE A6 195
MOVE A7 195
MOVE A8 195
END TURN 18
TURN 19
COMMAND LEFT START
COMMAND LEFT END
COMMAND RIGHT START
COMMAND RIGHT END
TURN 19 RESULT
TIME LEFT 0 5 RIGHT 0 5
MOVE A2 207
MOVE A3 207
MOVE A4 207
MOVE A5 207
MOVE A6 207
MOVE A7 207
MOVE A8 207
END TURN 19
TURN 20
COMMAND LEFT START
COMMAND LEFT END
COMMAND RIGHT START
MOVE B1 232
TRAIN 1
COMMAND RIGHT END
TURN 20 RESULT
TIME LEFT 0 5 RIGHT 0 5
TRAIN B8
MOVE A2 216
MOVE A3 216
MOVE A4 216
MOVE A5 216
MOVE A6 216
MOVE A7 216
MOVE A8 216
MOVE B1 226
DAMAGE TURRET A2 1
SIEGE B 216 6
END TURN 20
TURN 21
COMMAND LEFT START
COMMAND LEFT END
COMMAND RIGHT START
COMMAND RIGHT END
TURN 21 RESULT
TIME LEFT 0 5 RIGHT 0 5
MOVE A2 226
MOVE A3 226
MOVE A4 226
MOVE A5 226
MOVE A6 226
MOVE A7 226
MOVE A8 226
MOVE B1 232
END TURN 21
TURN 22
COMMAND LEFT START
COMMAND LEFT END
COMMAND RIGHT START
COMMAND RIGHT END
TURN 22 RESULT
TIME LEFT 0 5 RIGHT 0 5
MOVE A2 232
MOVE A3 232
MOVE A4 232
MOVE A5 232
MOVE A6 232
MOVE A7 232
MOVE A8 232
DAMAGE TURRET A2 1
DAMAGE COMBAT A2 2
DAMAGE COMBAT A3 4
DAMAGE COMBAT A4 1
DAMAGE COMBAT B1 4
DAMAGE COMBAT B3 3
END TURN 22
TURN 23
COMMAND LEFT START
COMMAND LEFT END
COMMAND RIGHT START
COMMAND RIGHT END
TURN 23 RESULT
TIME LEFT 0 5 RIGHT 0 5
DAMAGE TURRET A4 1
DAMAGE COMBAT A4 2
DAMAGE COMBAT A5 4
DAMAGE COMBAT B3 1
DAMAGE COMBAT B4 4
END TURN 23
TURN 24
COMMAND LEFT START
COMMAND LEFT END
COMMAND RIGHT START
COMMAND RIGHT END
TURN 24 RESULT
TIME LEFT 0 5 RIGHT 0 5
DAMAGE TURRET A6 1
DAMAGE COMBAT A6 3
DAMAGE COMBAT A7 1
DAMAGE COMBAT B5 3
END TURN 24
TURN 25
COMMAND LEFT START
COMMAND LEFT END
COMMAND RIGHT START
COMMAND RIGHT END
TURN 25 RESULT
TIME LEFT 0 5 RIGHT 0 5
DAMAGE TURRET A7 1
DAMAGE COMBAT A7 2
DAMAGE COMBAT A8 2
DAMAGE COMBAT B5 1
DAMAGE COMBAT B6 1
END TURN 25
TURN 26
COMMAND LEFT START
COMMAND LEFT END
COMMAND RIGHT START
COMMAND RIGHT END
TURN 26 RESULT
TIME LEFT 0 5 RIGHT 0 5
DAMAGE TURRET A8 1
DAMAGE COMBAT A8 1
DAMAGE COMBAT B6 1
END TURN 26
TURN 27
COMMAND LEFT START
COMMAND LEFT END
COMMAND RIGHT START
COMMAND RIGHT END
TURN 27 RESULT
TIME LEFT 0 5 RIGHT 0 5
END TURN 27
TURN 28
COMMAND LEFT START
COMMAND LEFT END
COMMAND RIGHT START
COMMAND RIGHT END
TURN 28 RESULT
TIME LEFT 0 5 RIGHT 0 5
END TURN 28
TURN 29
COMMAND LEFT START
COMMAND LEFT END
COMMAND RIGHT START
COMMAND RIGHT END
TURN 29 RESULT
TIME LEFT 0 5 RIGHT 0 5
END TURN 29
TURN 30
COMMAND LEFT START
COMMAND LEFT END
COMMAND RIGHT START
COMMAND RIGHT END
TURN 30 RESULT
TIME LEFT 0 5 RIGHT 0 5
END TURN 30
TURN 31
COMMAND LEFT START
COMMAND LEFT END
COMMAND RIGHT START
COMMAND RIGHT END
TURN 31 RESULT
TIME LEFT 0 5 RIGHT 0 5
END TURN 31
TURN 32
COMMAND LEFT START
COMMAND LEFT END
COMMAND RIGHT START
COMMAND RIGHT END
TURN 32 RESULT
TIME LEFT 0 5 RIGHT 0 5
END TURN 32
TURN 33
COMMAND LEFT START
COMMAND LEFT END
COMMAND RIGHT START
COMMAND RIGHT END
TURN 33 RESULT
TIME LEFT 0 5 RIGHT 0 5
END TURN 33
TURN 34
COMMAND LEFT START
COMMAND LEFT END
COMMAND RIGHT START
COMMAND RIGHT END
TURN 34 RESULT
TIME LEFT 0 5 RIGHT 0 5
END TURN 34
TURN 35
COMMAND LEFT START
COMMAND LEFT END
COMMAND RIGHT START
COMMAND RIGHT END
TURN 35 RESULT
TIME LEFT 0 5 RIGHT 0 5
END TURN 35
TURN 36
COMMAND LEFT START
COMMAND LEFT END
COMMAND RIGHT START
COMMAND RIGHT END
TURN 36 RESULT
TIME LEFT 0 5 RIGHT 0 5
END TURN 36
TURN 37
COMMAND LEFT START
COMMAND LEFT END
COMMAND RIGHT START
COMMAND RIGHT END
TURN 37 RESULT
TIME LEFT 0 5 RIGHT 0 5
END TURN 37
TURN 38
COMMAND LEFT START
COMMAND LEFT END
COMMAND RIGHT START
COMMAND RIGHT END
TURN 38 RESULT
TIME LEFT 0 5 RIGHT 0 5
END TURN 38
TURN 39
COMMAND LEFT START
COMMAND LEFT END
COMMAND RIGHT START
COMMAND RIGHT END
TURN 39 RESULT
TIME LEFT 0 5 RIGHT 0 5
END TURN 39
TURN 40
COMMAND LEFT START
COMMAND LEFT END
COMMAND RIGHT START
COMMAND RIGHT END
TURN 40 RESULT
TIME LEFT 0 5 RIGHT 0 5
END TURN 40
TURN 41
COMMAND LEFT START
COMMAND LEFT END
COMMAND RIGHT START
COMMAND RIGHT END
TURN 41 RESULT
TIME LEFT 0 5 RIGHT 0 5
END TURN 41
TURN 42
COMMAND LEFT START
COMMAND LEFT END
COMMAND RIGHT START
COMMAND RIGHT END
TURN 42 RESULT
TIME LEFT 0 5 RIGHT 0 5
END TURN 42
TURN 43
COMMAND LEFT START
COMMAND LEFT END
COMMAND RIGHT START
COMMAND RIGHT END
TURN 43 RESULT
TIME LEFT 0 5 RIGHT 0 5
END TURN 43
TURN 44
COMMAND LEFT START
COMMAND LEFT END
COMMAND RIGHT START
COMMAND RIGHT END
TURN 44 RESULT
TIME LEFT 0 5 RIGHT 0 5
END TURN 44
TURN 45
COMMAND LEFT START
COMMAND LEFT END
COMMAND RIGHT START
COMMAND RIGHT END
TURN 45 RESULT
TIME LEFT 0 5 RIGHT 0 5
END TURN 45
TURN 46
COMMAND LEFT START
COMMAND LEFT END
COMMAND RIGHT START
COMMAND RIGHT END
TURN 46 RESULT
TIME LEFT 0 5 RIGHT 0 5
END TURN 46
TURN 47
COMMAND LEFT START
COMMAND LEFT END
COMMAND RIGHT START
COMMAND RIGHT END
TURN 47 RESULT
TIME LEFT 0 5 RIGHT 0 5
END TURN 47
TURN 48
COMMAND LEFT START
COMMAND LEFT END
COMMAND RIGHT START
COMMAND RIGHT END
TURN 48 RESULT
TIME LEFT 0 5 RIGHT 0 5
END TURN 48
TURN 49
COMMAND LEFT START
COMMAND LEFT END
COMMAND RIGHT START
COMMAND RIGHT END
TURN 49 RESULT
TIME LEFT 0 5 RIGHT 0 5
END TURN 49
TURN 50
COMMAND LEFT START
COMMAND LEFT END
COMMAND RIGHT START
COMMAND RIGHT END
TURN 50 RESULT
TIME LEFT 0 5 RIGHT 0 5
END TURN 50
TURN 51
COMMAND LEFT START
COMMAND LEFT END
COMMAND RIGHT START
COMMAND RIGHT END
TURN 51 RESULT
TIME LEFT 0 5 RIGHT 0 5
END TURN 51
TURN 52
COMMAND LEFT START
COMMAND LEFT END
COMMAND RIGHT START
COMMAND RIGHT END
TURN 52 RESULT
TIME LEFT 0 5 RIGHT 0 5
END TURN 52
TURN 53
COMMAND LEFT START
COMMAND LEFT END
COMMAND RIGHT START
COMMAND RIGHT END
TURN 53 RESULT
TIME LEFT 0 5 RIGHT 0 5
END TURN 53
TURN 54
COMMAND LEFT START
COMMAND LEFT END
COMMAND RIGHT START
COMMAND RIGHT END
TURN 54 RESULT
TIME LEFT 0 5 RIGHT 0 5
END TURN 54
TURN 55
COMMAND LEFT START
COMMAND LEFT END
COMMAND RIGHT START
COMMAND RIGHT END
TURN 55 RESULT
TIME LEFT 0 5 RIGHT 0 5
END TURN 55
TURN 56
COMMAND LEFT START
COMMAND LEFT END
COMMAND RIGHT START
COMMAND RIGHT END
TURN 56 RESULT
TIME LEFT 0 5 RIGHT 0 5
END TURN 56
TURN 57
COMMAND LEFT START
COMMAND LEFT END
COMMAND RIGHT START
COMMAND RIGHT END
TURN 57 RESULT
TIME LEFT 0 5 RIGHT 0 5
END TURN 57
TURN 58
COMMAND LEFT START
COMMAND LEFT END
COMMAND RIGHT START
COMMAND RIGHT END
TURN 58 RESULT
TIME LEFT 0 5 RIGHT 0 5
END TURN 58
TURN 59
COMMAND LEFT START
COMMAND LEFT END
COMMAND RIGHT START
COMMAND RIGHT END
TURN 59 RESULT
TIME LEFT 0 5 RIGHT 0 5
END TURN 59
TURN 60
COMMAND LEFT START
COMMAND LEFT END
COMMAND RIGHT START
COMMAND RIGHT END
TURN 60 RESULT
TIME LEFT 0 5 RIGHT 0 5
END TURN 60
TURN 61
COMMAND LEFT START
COMMAND LEFT END
COMMAND RIGHT START
COMMAND RIGHT END
TURN 61 RESULT
TIME LEFT 0 5 RIGHT 0 5
END TURN 61
TURN 62
COMMAND LEFT START
COMMAND LEFT END
COMMAND RIGHT START
COMMAND RIGHT END
TURN 62 RESULT
TIME LEFT 0 5 RIGHT 0 5
END TURN 62
TURN 63
COMMAND LEFT START
COMMAND LEFT END
COMMAND RIGHT START
COMMAND RIGHT END
TURN 63 RESULT
TIME LEFT 0 5 RIGHT 0 5
END TURN 63
TURN 64
COMMAND LEFT START
COMMAND LEFT END
COMMAND RIGHT START
COMMAND RIGHT END
TURN 64 RESULT
TIME LEFT 0 5 RIGHT 0 5
END TURN 64
TURN 65
COMMAND LEFT START
COMMAND LEFT END
COMMAND RIGHT START
COMMAND RIGHT END
TURN 65 RESULT
TIME LEFT 0 5 RIGHT 0 5
END TURN 65
TURN 66
COMMAND LEFT START
COMMAND LEFT END
COMMAND RIGHT START
COMMAND RIGHT END
TURN 66 RESULT
TIME LEFT 0 5 RIGHT 0 5
END TURN 66
TURN 67
COMMAND LEFT START
COMMAND LEFT END
COMMAND RIGHT START
COMMAND RIGHT END
TURN 67 RESULT
TIME LEFT 0 5 RIGHT 0 5
END TURN 67
TURN 68
COMMAND LEFT START
COMMAND LEFT END
COMMAND RIGHT START
COMMAND RIGHT END
TURN 68 RESULT
TIME LEFT 0 5 RIGHT 0 5
END TURN 68
TURN 69
COMMAND LEFT START
COMMAND LEFT END
COMMAND RIGHT START
COMMAND RIGHT END
TURN 69 RESULT
TIME LEFT 0 5 RIGHT 0 5
END TURN 69
TURN 70
COMMAND LEFT START
COMMAND LEFT END
COMMAND RIGHT START
COMMAND RIGHT END
TURN 70 RESULT
TIME LEFT 0 5 RIGHT 0 5
END TURN 70
TURN 71
COMMAND LEFT START
COMMAND LEFT END
COMMAND RIGHT START
COMMAND RIGHT END
TURN 71 RESULT
TIME LEFT 0 5 RIGHT 0 5
END TURN 71
TURN 72
COMMAND LEFT START
COMMAND LEFT END
COMMAND RIGHT START
COMMAND RIGHT END
TURN 72 RESULT
TIME LEFT 0 5 RIGHT 0 5
END TURN 72
TURN 73
COMMAND LEFT START
COMMAND LEFT END
COMMAND RIGHT START
COMMAND RIGHT END
TURN 73 RESULT
TIME LEFT 0 5 RIGHT 0 5
END TURN 73
TURN 74
COMMAND LEFT START
COMMAND LEFT END
COMMAND RIGHT START
COMMAND RIGHT END
TURN 74 RESULT
TIME LEFT 0 5 RIGHT 0 5
END TURN 74
TURN 75
COMMAND LEFT START
COMMAND LEFT END
COMMAND RIGHT START
COMMAND RIGHT END
TURN 75 RESULT
TIME LEFT 0 5 RIGHT 0 5
END TURN 75
TURN 76
COMMAND LEFT START
COMMAND LEFT END
COMMAND RIGHT START
COMMAND RIGHT END
TURN 76 RESULT
TIME LEFT 0 5 RIGHT 0 5
END TURN 76
TURN 77
COMMAND LEFT START
COMMAND LEFT END
COMMAND RIGHT START
COMMAND RIGHT END
TURN 77 RESULT
TIME LEFT 0 5 RIGHT 0 5
END TURN 77
TURN 78
COMMAND LEFT START
COMMAND LEFT END
COMMAND RIGHT START
COMMAND RIGHT END
TURN 78 RESULT
TIME LEFT 0 5 RIGHT 0 5
END TURN 78
TURN 79
COMMAND LEFT START
COMMAND LEFT END
COMMAND RIGHT START
COMMAND RIGHT END
TURN 79 RESULT
TIME LEFT 0 5 RIGHT 0 5
END TURN 79
TURN 80
COMMAND LEFT START
COMMAND LEFT END
COMMAND RIGHT START
COMMAND RIGHT END
TURN 80 RESULT
TIME LEFT 0 5 RIGHT 0 5
END TURN 80
TURN 81
COMMAND LEFT START
COMMAND LEFT END
COMMAND RIGHT START
COMMAND RIGHT END
TURN 81 RESULT
TIME LEFT 0 5 RIGHT 0 5
END TURN 81
TURN 82
COMMAND LEFT START
COMMAND LEFT END
COMMAND RIGHT START
COMMAND RIGHT END
TURN 82 RESULT
TIME LEFT 0 5 RIGHT 0 5
END TURN 82
TURN 83
COMMAND LEFT START
COMMAND LEFT END
COMMAND RIGHT START
COMMAND RIGHT END
TURN 83 RESULT
TIME LEFT 0 5 RIGHT 0 5
END TURN 83
TURN 84
COMMAND LEFT START
COMMAND LEFT END
COMMAND RIGHT START
COMMAND RIGHT END
TURN 84 RESULT
TIME LEFT 0 5 RIGHT 0 5
END TURN 84
TURN 85
COMMAND LEFT START
COMMAND LEFT END
COMMAND RIGHT START
COMMAND RIGHT END
TURN 85 RESULT
TIME LEFT 0 5 RIGHT 0 5
END TURN 85
TURN 86
COMMAND LEFT START
COMMAND LEFT END
COMMAND RIGHT START
COMMAND RIGHT END
TURN 86 RESULT
TIME LEFT 0 5 RIGHT 0 5
END TURN 86
TURN 87
COMMAND LEFT START
COMMAND LEFT END
COMMAND RIGHT START
COMMAND RIGHT END
TURN 87 RESULT
TIME LEFT 0 5 RIGHT 0 5
END TURN 87
TURN 88
COMMAND LEFT START
COMMAND LEFT END
COMMAND RIGHT START
COMMAND RIGHT END
TURN 88 RESULT
TIME LEFT 0 5 RIGHT 0 5
END TURN 88
TURN 89
COMMAND LEFT START
COMMAND LEFT END
COMMAND RIGHT START
COMMAND RIGHT END
TURN 89 RESULT
TIME LEFT 0 5 RIGHT 0 5
END TURN 89
TURN 90
COMMAND LEFT START
COMMAND LEFT END
COMMAND RIGHT START
COMMAND RIGHT END
TURN 90 RESULT
TIME LEFT 0 5 RIGHT 0 5
END TURN 90
TURN 91
COMMAND LEFT START
COMMAND LEFT END
COMMAND RIGHT START
COMMAND RIGHT END
TURN 91 RESULT
TIME LEFT 0 5 RIGHT 0 5
END TURN 91
TURN 92
COMMAND LEFT START
COMMAND LEFT END
COMMAND RIGHT START
COMMAND RIGHT END
TURN 92 RESULT
TIME LEFT 0 5 RIGHT 0 5
END TURN 92
TURN 93
COMMAND LEFT START
COMMAND LEFT END
COMMAND RIGHT START
COMMAND RIGHT END
TURN 93 RESULT
TIME LEFT 0 5 RIGHT 0 5
END TURN 93
TURN 94
COMMAND LEFT START
COMMAND LEFT END
COMMAND RIGHT START
COMMAND RIGHT END
TURN 94 RESULT
TIME LEFT 0 5 RIGHT 0 5
END TURN 94
TURN 95
COMMAND LEFT START
COMMAND LEFT END
COMMAND RIGHT START
COMMAND RIGHT END
TURN 95 RESULT
TIME LEFT 0 5 RIGHT 0 5
END TURN 95
TURN 96
COMMAND LEFT START
COMMAND LEFT END
COMMAND RIGHT START
COMMAND RIGHT END
TURN 96 RESULT
TIME LEFT 0 5 RIGHT 0 5
END TURN 96
TURN 97
COMMAND LEFT START
COMMAND LEFT END
COMMAND RIGHT START
COMMAND RIGHT END
TURN 97 RESULT
TIME LEFT 0 5 RIGHT 0 5
END TURN 97
TURN 98
COMMAND LEFT START
COMMAND LEFT END
COMMAND RIGHT START
COMMAND RIGHT END
TURN 98 RESULT
TIME LEFT 0 5 RIGHT 0 5
END TURN 98
TURN 99
COMMAND LEFT START
COMMAND LEFT END
COMMAND RIGHT START
COMMAND RIGHT END
TURN 99 RESULT
TIME LEFT 0 5 RIGHT 0 5
END TURN 99
TURN 100
COMMAND LEFT START
COMMAND LEFT END
COMMAND RIGHT START
COMMAND RIGHT END
TURN 100 RESULT
TIME LEFT 0 5 RIGHT 0 5
END TURN 100
TURN 101
COMMAND LEFT START
COMMAND LEFT END
COMMAND RIGHT START
COMMAND RIGHT END
TURN 101 RESULT
TIME LEFT 0 5 RIGHT 0 5
END TURN 101
TURN 102
COMMAND LEFT START
COMMAND LEFT END
COMMAND RIGHT START
COMMAND RIGHT END
TURN 102 RESULT
TIME LEFT 0 5 RIGHT 0 5
END TURN 102
TURN 103
COMMAND LEFT START
COMMAND LEFT END
COMMAND RIGHT START
COMMAND RIGHT END
TURN 103 RESULT
TIME LEFT 0 5 RIGHT 0 5
END TURN 103
TURN 104
COMMAND LEFT START
COMMAND LEFT END
COMMAND RIGHT START
COMMAND RIGHT END
TURN 104 RESULT
TIME LEFT 0 5 RIGHT 0 5
END TURN 104
TURN 105
COMMAND LEFT START
COMMAND LEFT END
COMMAND RIGHT START
COMMAND RIGHT END
TURN 105 RESULT
TIME LEFT 0 5 RIGHT 0 5
END TURN 105
TURN 106
COMMAND LEFT START
COMMAND LEFT END
COMMAND RIGHT START
COMMAND RIGHT END
TURN 106 RESULT
TIME LEFT 0 5 RIGHT 0 5
END TURN 106
TURN 107
COMMAND LEFT START
COMMAND LEFT END
COMMAND RIGHT START
COMMAND RIGHT END
TURN 107 RESULT
TIME LEFT 0 5 RIGHT 0 5
END TURN 107
TURN 108
COMMAND LEFT START
COMMAND LEFT END
COMMAND RIGHT START
UPGRADE 232
COMMAND RIGHT END
TURN 108 RESULT
TIME LEFT 0 5 RIGHT 0 5
UPGRADE B 232
END TURN 108
TURN 109
COMMAND LEFT START
COMMAND LEFT END
COMMAND RIGHT START
COMMAND RIGHT END
TURN 109 RESULT
TIME LEFT 0 5 RIGHT 0 5
END TURN 109
TURN 110
COMMAND LEFT START
COMMAND LEFT END
COMMAND RIGHT START
COMMAND RIGHT END
TURN 110 RESULT
TIME LEFT 0 5 RIGHT 0 5
END TURN 110
TURN 111
COMMAND LEFT START
COMMAND LEFT END
COMMAND RIGHT START
COMMAND RIGHT END
TURN 111 RESULT
TIME LEFT 0 5 RIGHT 0 5
END TURN 111
TURN 112
COMMAND LEFT START
COMMAND LEFT END
COMMAND RIGHT START
COMMAND RIGHT END
TURN 112 RESULT
TIME LEFT 0 5 RIGHT 0 5
END TURN 112
TURN 113
COMMAND LEFT START
COMMAND LEFT END
COMMAND RIGHT START
COMMAND RIGHT END
TURN 113 RESULT
TIME LEFT 0 5 RIGHT 0 5
END TURN 113
TURN 114
COMMAND LEFT START
COMMAND LEFT END
COMMAND RIGHT START
COMMAND RIGHT END
TURN 114 RESULT
TIME LEFT 0 5 RIGHT 0 5
END TURN 114
TURN 115
COMMAND LEFT START
COMMAND LEFT END
COMMAND RIGHT START
COMMAND RIGHT END
TURN 115 RESULT
TIME LEFT 0 5 RIGHT 0 5
END TURN 115
TURN 116
COMMAND LEFT START
COMMAND LEFT END
COMMAND RIGHT START
COMMAND RIGHT END
TURN 116 RESULT
TIME LEFT 0 5 RIGHT 0 5
END TURN 116
TURN 117
COMMAND LEFT START
COMMAND LEFT END
COMMAND RIGHT START
COMMAND RIGHT END
TURN 117 RESULT
TIME LEFT 0 5 RIGHT 0 5
END TURN 117
TURN 118
COMMAND LEFT START
COMMAND LEFT END
COMMAND RIGHT START
COMMAND RIGHT END
TURN 118 RESULT
TIME LEFT 0 5 RIGHT 0 5
END TURN 118
TURN 119
COMMAND LEFT START
COMMAND LEFT END
COMMAND RIGHT START
COMMAND RIGHT END
TURN 119 RESULT
TIME LEFT 0 5 RIGHT 0 5
END TURN 119
TURN 120
COMMAND LEFT START
COMMAND LEFT END
COMMAND RIGHT START
COMMAND RIGHT END
TURN 120 RESULT
TIME LEFT 0 5 RIGHT 0 5
END TURN 120
TURN 121
COMMAND LEFT START
COMMAND LEFT END
COMMAND RIGHT START
COMMAND RIGHT END
TURN 121 RESULT
TIME LEFT 0 5 RIGHT 0 5
END TURN 121
TURN 122
COMMAND LEFT START
COMMAND LEFT END
COMMAND RIGHT START
COMMAND RIGHT END
TURN 122 RESULT
TIME LEFT 0 5 RIGHT 0 5
END TURN 122
TURN 123
COMMAND LEFT START
COMMAND LEFT END
COMMAND RIGHT START
COMMAND RIGHT END
TURN 123 RESULT
TIME LEFT 0 5 RIGHT 0 5
END TURN 123
TURN 124
COMMAND LEFT START
COMMAND LEFT END
COMMAND RIGHT START
COMMAND RIGHT END
TURN 124 RESULT
TIME LEFT 0 5 RIGHT 0 5
END TURN 124
TURN 125
COMMAND LEFT START
COMMAND LEFT END
COMMAND RIGHT START
COMMAND RIGHT END
TURN 125 RESULT
TIME LEFT 0 5 RIGHT 0 5
END TURN 125
TURN 126
COMMAND LEFT START
COMMAND LEFT END
COMMAND RIGHT START
COMMAND RIGHT END
TURN 126 RESULT
TIME LEFT 0 5 RIGHT 0 5
END TURN 126
TURN 127
COMMAND LEFT START
COMMAND LEFT END
COMMAND RIGHT START
COMMAND RIGHT END
TURN 127 RESULT
TIME LEFT 0 5 RIGHT 0 5
END TURN 127
TURN 128
COMMAND LEFT START
COMMAND LEFT END
COMMAND RIGHT START
COMMAND RIGHT END
TURN 128 RESULT
TIME LEFT 0 5 RIGHT 0 5
END TURN 128
TURN 129
COMMAND LEFT START
COMMAND LEFT END
COMMAND RIGHT START
COMMAND RIGHT END
TURN 129 RESULT
TIME LEFT 0 5 RIGHT 0 5
END TURN 129
TURN 130
COMMAND LEFT START
COMMAND LEFT END
COMMAND RIGHT START
COMMAND RIGHT END
TURN 130 RESULT
TIME LEFT 0 5 RIGHT 0 5
END TURN 130
TURN 131
COMMAND LEFT START
COMMAND LEFT END
COMMAND RIGHT START
UPGRADE 116
COMMAND RIGHT END
TURN 131 RESULT
TIME LEFT 0 5 RIGHT 0 5
UPGRADE B 116
END TURN 131
TURN 132
COMMAND LEFT START
COMMAND LEFT END
COMMAND RIGHT START
MOVE B8 116
COMMAND RIGHT END
TURN 132 RESULT
TIME LEFT 0 5 RIGHT 1 5
MOVE B8 228
END TURN 132
TURN 133
COMMAND LEFT START
COMMAND LEFT END
COMMAND RIGHT START
COMMAND RIGHT END
TURN 133 RESULT
TIME LEFT 0 5 RIGHT 0 5
MOVE B8 218
END TURN 133
TURN 134
COMMAND LEFT START
COMMAND LEFT END
COMMAND RIGHT START
COMMAND RIGHT END
TURN 134 RESULT
TIME LEFT 0 5 RIGHT 0 5
MOVE B8 205
END TURN 134
TURN 135
COMMAND LEFT START
COMMAND LEFT END
COMMAND RIGHT START
COMMAND RIGHT END
TURN 135 RESULT
TIME LEFT 0 5 RIGHT 0 5
MOVE B8 193
END TURN 135
TURN 136
COMMAND LEFT START
COMMAND LEFT END
COMMAND RIGHT START
COMMAND RIGHT END
TURN 136 RESULT
TIME LEFT 0 5 RIGHT 0 5
MOVE B8 173
END TURN 136
TURN 137
COMMAND LEFT START
COMMAND LEFT END
COMMAND RIGHT START
COMMAND RIGHT END
TURN 137 RESULT
TIME LEFT 0 5 RIGHT 0 5
MOVE B8 167
END TURN 137
TURN 138
COMMAND LEFT START
COMMAND LEFT END
COMMAND RIGHT START
COMMAND RIGHT END
TURN 138 RESULT
TIME LEFT 0 5 RIGHT 0 5
MOVE B8 147
END TURN 138
TURN 139
COMMAND LEFT START
COMMAND LEFT END
COMMAND RIGHT START
COMMAND RIGHT END
TURN 139 RESULT
TIME LEFT 0 5 RIGHT 0 5
MOVE B8 128
END TURN 139
TURN 140
COMMAND LEFT START
COMMAND LEFT END
COMMAND RIGHT START
COMMAND RIGHT END
TURN 140 RESULT
TIME LEFT 0 5 RIGHT 0 5
MOVE B8 116
END TURN 140
TURN 141
COMMAND LEFT START
COMMAND LEFT END
COMMAND RIGHT START
COMMAND RIGHT END
TURN 141 RESULT
TIME LEFT 0 5 RIGHT 0 5
END TURN 141
TURN 142
COMMAND LEFT START
COMMAND LEFT END
COMMAND RIGHT START
COMMAND RIGHT END
TURN 142 RESULT
TIME LEFT 0 5 RIGHT 0 5
END TURN 142
TURN 143
COMMAND LEFT START
COMMAND LEFT END
COMMAND RIGHT START
COMMAND RIGHT END
TURN 143 RESULT
TIME LEFT 0 5 RIGHT 0 5
END TURN 143
TURN 144
COMMAND LEFT START
COMMAND LEFT END
COMMAND RIGHT START
COMMAND RIGHT END
TURN 144 RESULT
TIME LEFT 0 5 RIGHT 0 5
END TURN 144
TURN 145
COMMAND LEFT START
COMMAND LEFT END
COMMAND RIGHT START
COMMAND RIGHT END
TURN 145 RESULT
TIME LEFT 0 5 RIGHT 0 5
END TURN 145
TURN 146
COMMAND LEFT START
COMMAND LEFT END
COMMAND RIGHT START
UPGRADE 116
COMMAND RIGHT END
TURN 146 RESULT
TIME LEFT 0 5 RIGHT 0 5
UPGRADE B 116
END TURN 146
TURN 147
COMMAND LEFT START
COMMAND LEFT END
COMMAND RIGHT START
COMMAND RIGHT END
TURN 147 RESULT
TIME LEFT 0 5 RIGHT 0 5
END TURN 147
TURN 148
COMMAND LEFT START
COMMAND LEFT END
COMMAND RIGHT START
COMMAND RIGHT END
TURN 148 RESULT
TIME LEFT 0 5 RIGHT 0 5
END TURN 148
TURN 149
COMMAND LEFT START
COMMAND LEFT END
COMMAND RIGHT START
COMMAND RIGHT END
TURN 149 RESULT
TIME LEFT 0 5 RIGHT 0 5
END TURN 149
TURN 150
COMMAND LEFT START
COMMAND LEFT END
COMMAND RIGHT START
COMMAND RIGHT END
TURN 150 RESULT
TIME LEFT 0 5 RIGHT 0 5
END TURN 150
TURN 151
COMMAND LEFT START
COMMAND LEFT END
COMMAND RIGHT START
COMMAND RIGHT END
TURN 151 RESULT
TIME LEFT 0 5 RIGHT 0 5
END TURN 151
TURN 152
COMMAND LEFT START
COMMAND LEFT END
COMMAND RIGHT START
COMMAND RIGHT END
TURN 152 RESULT
TIME LEFT 0 5 RIGHT 0 5
END TURN 152
TURN 153
COMMAND LEFT START
COMMAND LEFT END
COMMAND RIGHT START
COMMAND RIGHT END
TURN 153 RESULT
TIME LEFT 0 5 RIGHT 0 5
END TURN 153
TURN 154
COMMAND LEFT START
COMMAND LEFT END
COMMAND RIGHT START
COMMAND RIGHT END
TURN 154 RESULT
TIME LEFT 0 5 RIGHT 0 5
END TURN 154
TURN 155
COMMAND LEFT START
COMMAND LEFT END
COMMAND RIGHT START
COMMAND RIGHT END
TURN 155 RESULT
TIME LEFT 0 5 RIGHT 0 5
END TURN 155
TURN 156
COMMAND LEFT START
COMMAND LEFT END
COMMAND RIGHT START
COMMAND RIGHT END
TURN 156 RESULT
TIME LEFT 0 5 RIGHT 0 5
END TURN 156
TURN 157
COMMAND LEFT START
COMMAND LEFT END
COMMAND RIGHT START
COMMAND RIGHT END
TURN 157 RESULT
TIME LEFT 0 5 RIGHT 0 5
END TURN 157
TURN 158
COMMAND LEFT START
COMMAND LEFT END
COMMAND RIGHT START
UPGRADE 116
COMMAND RIGHT END
TURN 158 RESULT
TIME LEFT 0 5 RIGHT 0 5
UPGRADE B 116
END TURN 158
TURN 159
COMMAND LEFT START
COMMAND LEFT END
COMMAND RIGHT START
COMMAND RIGHT END
TURN 159 RESULT
TIME LEFT 0 5 RIGHT 0 5
END TURN 159
TURN 160
COMMAND LEFT START
COMMAND LEFT END
COMMAND RIGHT START
TRAIN 1
COMMAND RIGHT END
TURN 160 RESULT
TIME LEFT 0 5 RIGHT 0 5
TRAIN B9
END TURN 160
TURN 161
COMMAND LEFT START
COMMAND LEFT END
COMMAND RIGHT START
MOVE B6 116
COMMAND RIGHT END
TURN 161 RESULT
TIME LEFT 0 5 RIGHT 0 5
MOVE B6 228
END TURN 161
TURN 162
COMMAND LEFT START
COMMAND LEFT END
COMMAND RIGHT START
COMMAND RIGHT END
TURN 162 RESULT
TIME LEFT 0 5 RIGHT 0 5
MOVE B6 218
END TURN 162
TURN 163
COMMAND LEFT START
COMMAND LEFT END
COMMAND RIGHT START
COMMAND RIGHT END
TURN 163 RESULT
TIME LEFT 0 5 RIGHT 0 5
MOVE B6 205
END TURN 163
TURN 164
COMMAND LEFT START
COMMAND LEFT END
COMMAND RIGHT START
COMMAND RIGHT END
TURN 164 RESULT
TIME LEFT 0 5 RIGHT 0 5
MOVE B6 193
END TURN 164
TURN 165
COMMAND LEFT START
COMMAND LEFT END
COMMAND RIGHT START
COMMAND RIGHT END
TURN 165 RESULT
TIME LEFT 0 5 RIGHT 0 5
MOVE B6 173
END TURN 165
TURN 166
COMMAND LEFT START
COMMAND LEFT END
COMMAND RIGHT START
COMMAND RIGHT END
TURN 166 RESULT
TIME LEFT 0 5 RIGHT 0 5
MOVE B6 167
END TURN 166
TURN 167
COMMAND LEFT START
COMMAND LEFT END
COMMAND RIGHT START
COMMAND RIGHT END
TURN 167 RESULT
TIME LEFT 0 5 RIGHT 0 5
MOVE B6 147
END TURN 167
TURN 168
COMMAND LEFT START
COMMAND LEFT END
COMMAND RIGHT START
COMMAND RIGHT END
TURN 168 RESULT
TIME LEFT 0 5 RIGHT 0 5
MOVE B6 128
END TURN 168
TURN 169
COMMAND LEFT START
COMMAND LEFT END
COMMAND RIGHT START
COMMAND RIGHT END
TURN 169 RESULT
TIME LEFT 0 5 RIGHT 0 5
MOVE B6 116
END TURN 169
TURN 170
COMMAND LEFT START
COMMAND LEFT END
COMMAND RIGHT START
COMMAND RIGHT END
TURN 170 RESULT
TIME LEFT 0 5 RIGHT 0 5
END TURN 170
TURN 171
COMMAND LEFT START
COMMAND LEFT END
COMMAND RIGHT START
COMMAND RIGHT END
TURN 171 RESULT
TIME LEFT 0 5 RIGHT 0 5
END TURN 171
TURN 172
COMMAND LEFT START
COMMAND LEFT END
COMMAND RIGHT START
TRAIN 1
COMMAND RIGHT END
TURN 172 RESULT
TIME LEFT 0 5 RIGHT 0 5
TRAIN B10
END TURN 172
TURN 173
COMMAND LEFT START
COMMAND LEFT END
COMMAND RIGHT START
MOVE B10 116
COMMAND RIGHT END
TURN 173 RESULT
TIME LEFT 0 5 RIGHT 0 5
MOVE B10 228
END TURN 173
TURN 174
COMMAND LEFT START
COMMAND LEFT END
COMMAND RIGHT START
TRAIN 1
COMMAND RIGHT END
TURN 174 RESULT
TIME LEFT 0 5 RIGHT 0 5
TRAIN B11
MOVE B10 218
END TURN 174
TURN 175
COMMAND LEFT START
COMMAND LEFT END
COMMAND RIGHT START
MOVE B11 116
COMMAND RIGHT END
TURN 175 RESULT
TIME LEFT 0 5 RIGHT 0 5
MOVE B10 205
MOVE B11 228
END TURN 175
TURN 176
COMMAND LEFT START
COMMAND LEFT END
COMMAND RIGHT START
TRAIN 1
COMMAND RIGHT END
TURN 176 RESULT
TIME LEFT 0 5 RIGHT 0 5
TRAIN B12
MOVE B10 193
MOVE B11 218
END TURN 176
TURN 177
COMMAND LEFT START
COMMAND LEFT END
COMMAND RIGHT START
MOVE B12 116
COMMAND RIGHT END
TURN 177 RESULT
TIME LEFT 0 5 RIGHT 0 5
MOVE B10 173
MOVE B11 205
MOVE B12 228
END TURN 177
TURN 178
COMMAND LEFT START
COMMAND LEFT END
COMMAND RIGHT START
TRAIN 1
COMMAND RIGHT END
TURN 178 RESULT
TIME LEFT 0 5 RIGHT 0 5
TRAIN B13
MOVE B10 167
MOVE B11 193
MOVE B12 218
END TURN 178
TURN 179
COMMAND LEFT START
COMMAND LEFT END
COMMAND RIGHT START
MOVE B13 116
COMMAND RIGHT END
TURN 179 RESULT
TIME LEFT 0 5 RIGHT 0 5
MOVE B10 147
MOVE B11 173
MOVE B12 205
MOVE B13 228
END TURN 179
TURN 180
COMMAND LEFT START
COMMAND LEFT END
COMMAND RIGHT START
TRAIN 1
COMMAND RIGHT END
TURN 180 RESULT
TIME LEFT 0 5 RIGHT 0 5
TRAIN B14
MOVE B10 128
MOVE B11 167
MOVE B12 193
MOVE B13 218
END TURN 180
TURN 181
COMMAND LEFT START
COMMAND LEFT END
COMMAND RIGHT START
MOVE B14 116
COMMAND RIGHT END
TURN 181 RESULT
TIME LEFT 0 5 RIGHT 0 5
MOVE B10 116
MOVE B11 147
MOVE B12 173
MOVE B13 205
MOVE B14 228
END TURN 181
TURN 182
COMMAND LEFT START
COMMAND LEFT END
COMMAND RIGHT START
TRAIN 1
COMMAND RIGHT END
TURN 182 RESULT
TIME LEFT 0 5 RIGHT 0 5
TRAIN B15
MOVE B11 128
MOVE B12 167
MOVE B13 193
MOVE B14 218
END TURN 182
TURN 183
COMMAND LEFT START
COMMAND LEFT END
COMMAND RIGHT START
MOVE B15 116
COMMAND RIGHT END
TURN 183 RESULT
TIME LEFT 0 5 RIGHT 5 5
MOVE B11 116
MOVE B12 147
MOVE B13 173
MOVE B14 205
MOVE B15 228
END TURN 183
TURN 184
COMMAND LEFT START
COMMAND LEFT END
COMMAND RIGHT START
MOVE B11 216
COMMAND RIGHT END
TURN 184 RESULT
TIME LEFT 4 5 RIGHT 4 5
MOVE B11 130
MOVE B12 128
MOVE B13 167
MOVE B14 193
MOVE B15 218
END TURN 184
TURN 185
COMMAND LEFT START
COMMAND LEFT END
COMMAND RIGHT START
TRAIN 1
COMMAND RIGHT END
TURN 185 RESULT
TIME LEFT 0 5 RIGHT 0 5
TRAIN B16
MOVE B11 148
MOVE B12 116
MOVE B13 147
MOVE B14 173
MOVE B15 205
END TURN 185
TURN 186
COMMAND LEFT START
COMMAND LEFT END
COMMAND RIGHT START
MOVE B16 116
COMMAND RIGHT END
TURN 186 RESULT
TIME LEFT 0 5 RIGHT 0 5
MOVE B11 163
MOVE B13 128
MOVE B14 167
MOVE B15 193
MOVE B16 228
END TURN 186
TURN 187
COMMAND LEFT START
COMMAND LEFT END
COMMAND RIGHT START
TRAIN 1
COMMAND RIGHT END
TURN 187 RESULT
TIME LEFT 0 5 RIGHT 0 5
TRAIN B17
MOVE B11 171
MOVE B13 116
MOVE B14 147
MOVE B15 173
MOVE B16 218
END TURN 187
TURN 188
COMMAND LEFT START
COMMAND LEFT END
COMMAND RIGHT START
MOVE B17 116
COMMAND RIGHT END
TURN 188 RESULT
TIME LEFT 0 5 RIGHT 0 5
MOVE B11 176
MOVE B14 128
MOVE B15 167
MOVE B16 205
MOVE B17 228
END TURN 188
TURN 189
COMMAND LEFT START
COMMAND LEFT END
COMMAND RIGHT START
TRAIN 1
COMMAND RIGHT END
TURN 189 RESULT
TIME LEFT 0 5 RIGHT 0 5
TRAIN B18
MOVE B11 195
MOVE B14 116
MOVE B15 147
MOVE B16 193
MOVE B17 218
END TURN 189
TURN 190
COMMAND LEFT START
COMMAND LEFT END
COMMAND RIGHT START
MOVE B18 116
COMMAND RIGHT END
TURN 190 RESULT
TIME LEFT 0 5 RIGHT 0 5
MOVE B11 207
MOVE B15 128
MOVE B16 173
MOVE B17 205
MOVE B18 228
END TURN 190
TURN 191
COMMAND LEFT START
COMMAND LEFT END
COMMAND RIGHT START
COMMAND RIGHT END
TURN 191 RESULT
TIME LEFT 0 5 RIGHT 0 5
MOVE B11 216
MOVE B15 116
MOVE B16 167
MOVE B17 193
MOVE B18 218
END TURN 191
TURN 192
COMMAND LEFT START
COMMAND LEFT END
COMMAND RIGHT START
UPGRADE 216
COMMAND RIGHT END
TURN 192 RESULT
TIME LEFT 0 5 RIGHT 0 5
UPGRADE B 216
MOVE B16 147
MOVE B17 173
MOVE B18 205
END TURN 192
TURN 193
COMMAND LEFT START
COMMAND LEFT END
COMMAND RIGHT START
COMMAND RIGHT END
TURN 193 RESULT
TIME LEFT 0 5 RIGHT 0 5
MOVE B16 128
MOVE B17 167
MOVE B18 193
END TURN 193
TURN 194
COMMAND LEFT START
COMMAND LEFT END
COMMAND RIGHT START
COMMAND RIGHT END
TURN 194 RESULT
TIME LEFT 0 5 RIGHT 0 5
MOVE B16 116
MOVE B17 147
MOVE B18 173
END TURN 194
TURN 195
COMMAND LEFT START
COMMAND LEFT END
COMMAND RIGHT START
COMMAND RIGHT END
TURN 195 RESULT
TIME LEFT 0 5 RIGHT 0 5
MOVE B17 128
MOVE B18 167
END TURN 195
TURN 196
COMMAND LEFT START
COMMAND LEFT END
COMMAND RIGHT START
COMMAND RIGHT END
TURN 196 RESULT
TIME LEFT 0 5 RIGHT 0 5
MOVE B17 116
MOVE B18 147
END TURN 196
TURN 197
COMMAND LEFT START
COMMAND LEFT END
COMMAND RIGHT START
COMMAND RIGHT END
TURN 197 RESULT
TIME LEFT 0 5 RIGHT 0 5
MOVE B18 128
END TURN 197
TURN 198
COMMAND LEFT START
COMMAND LEFT END
COMMAND RIGHT START
MOVE B17 229
COMMAND RIGHT END
TURN 198 RESULT
TIME LEFT 0 5 RIGHT 0 5
MOVE B17 128
MOVE B18 116
END TURN 198
TURN 199
COMMAND LEFT START
COMMAND LEFT END
COMMAND RIGHT START
UPGRADE 216
COMMAND RIGHT END
TURN 199 RESULT
TIME LEFT 0 5 RIGHT 0 5
UPGRADE B 216
MOVE B17 147
END TURN 199
TURN 200
COMMAND LEFT START
COMMAND LEFT END
COMMAND RIGHT START
MOVE B2 216
COMMAND RIGHT END
TURN 200 RESULT
TIME LEFT 0 5 RIGHT 0 5
MOVE B2 130
MOVE B17 167
END TURN 200
TURN 201
COMMAND LEFT START
COMMAND LEFT END
COMMAND RIGHT START
COMMAND RIGHT END
TURN 201 RESULT
TIME LEFT 0 5 RIGHT 0 5
MOVE B2 148
MOVE B17 173
END TURN 201
TURN 202
COMMAND LEFT START
COMMAND LEFT END
COMMAND RIGHT START
COMMAND RIGHT END
TURN 202 RESULT
TIME LEFT 0 5 RIGHT 0 5
MOVE B2 163
MOVE B17 184
END TURN 202
TURN 203
COMMAND LEFT START
COMMAND LEFT END
COMMAND RIGHT START
COMMAND RIGHT END
TURN 203 RESULT
TIME LEFT 0 5 RIGHT 0 5
MOVE B2 171
MOVE B17 199
END TURN 203
TURN 204
COMMAND LEFT START
COMMAND LEFT END
COMMAND RIGHT START
COMMAND RIGHT END
TURN 204 RESULT
TIME LEFT 0 5 RIGHT 0 5
MOVE B2 176
MOVE B17 209
END TURN 204
TURN 205
COMMAND LEFT START
COMMAND LEFT END
COMMAND RIGHT START
COMMAND RIGHT END
TURN 205 RESULT
TIME LEFT 0 5 RIGHT 3 5
MOVE B2 195
MOVE B17 225
END TURN 205
TURN 206
COMMAND LEFT START
COMMAND LEFT END
COMMAND RIGHT START
COMMAND RIGHT END
TURN 206 RESULT
TIME LEFT 0 5 RIGHT 0 5
MOVE B2 207
MOVE B17 229
END TURN 206
TURN 207
COMMAND LEFT START
COMMAND LEFT END
COMMAND RIGHT START
UPGRADE 229
COMMAND RIGHT END
TURN 207 RESULT
TIME LEFT 0 5 RIGHT 0 5
UPGRADE B 229
MOVE B2 216
END TURN 207
TURN 208
COMMAND LEFT START
COMMAND LEFT END
COMMAND RIGHT START
COMMAND RIGHT END
TURN 208 RESULT
TIME LEFT 0 5 RIGHT 0 5
END TURN 208
TURN 209
COMMAND LEFT START
COMMAND LEFT END
COMMAND RIGHT START
COMMAND RIGHT END
TURN 209 RESULT
TIME LEFT 0 5 RIGHT 0 5
END TURN 209
TURN 210
COMMAND LEFT START
COMMAND LEFT END
COMMAND RIGHT START
COMMAND RIGHT END
TURN 210 RESULT
TIME LEFT 0 5 RIGHT 0 5
END TURN 210
TURN 211
COMMAND LEFT START
COMMAND LEFT END
COMMAND RIGHT START
COMMAND RIGHT END
TURN 211 RESULT
TIME LEFT 0 5 RIGHT 0 5
END TURN 211
TURN 212
COMMAND LEFT START
COMMAND LEFT END
COMMAND RIGHT START
COMMAND RIGHT END
TURN 212 RESULT
TIME LEFT 0 5 RIGHT 0 5
END TURN 212
TURN 213
COMMAND LEFT START
COMMAND LEFT END
COMMAND RIGHT START
COMMAND RIGHT END
TURN 213 RESULT
TIME LEFT 0 5 RIGHT 0 5
END TURN 213
TURN 214
COMMAND LEFT START
COMMAND LEFT END
COMMAND RIGHT START
COMMAND RIGHT END
TURN 214 RESULT
TIME LEFT 0 5 RIGHT 0 5
END TURN 214
TURN 215
COMMAND LEFT START
COMMAND LEFT END
COMMAND RIGHT START
COMMAND RIGHT END
TURN 215 RESULT
TIME LEFT 0 5 RIGHT 0 5
END TURN 215
TURN 216
COMMAND LEFT START
COMMAND LEFT END
COMMAND RIGHT START
COMMAND RIGHT END
TURN 216 RESULT
TIME LEFT 0 5 RIGHT 0 5
END TURN 216
TURN 217
COMMAND LEFT START
COMMAND LEFT END
COMMAND RIGHT START
COMMAND RIGHT END
TURN 217 RESULT
TIME LEFT 0 5 RIGHT 0 5
END TURN 217
TURN 218
COMMAND LEFT START
COMMAND LEFT END
COMMAND RIGHT START
MOVE B6 232
UPGRADE 232
COMMAND RIGHT END
TURN 218 RESULT
TIME LEFT 0 5 RIGHT 0 5
UPGRADE B 232
MOVE B6 128
END TURN 218
TURN 219
COMMAND LEFT START
COMMAND LEFT END
COMMAND RIGHT START
COMMAND RIGHT END
TURN 219 RESULT
TIME LEFT 0 5 RIGHT 0 5
MOVE B6 147
END TURN 219
TURN 220
COMMAND LEFT START
COMMAND LEFT END
COMMAND RIGHT START
COMMAND RIGHT END
TURN 220 RESULT
TIME LEFT 0 5 RIGHT 0 5
MOVE B6 167
END TURN 220
TURN 221
COMMAND LEFT START
COMMAND LEFT END
COMMAND RIGHT START
COMMAND RIGHT END
TURN 221 RESULT
TIME LEFT 0 5 RIGHT 0 5
MOVE B6 173
END TURN 221
TURN 222
COMMAND LEFT START
COMMAND LEFT END
COMMAND RIGHT START
COMMAND RIGHT END
TURN 222 RESULT
TIME LEFT 0 5 RIGHT 0 5
MOVE B6 193
END TURN 222
TURN 223
COMMAND LEFT START
COMMAND LEFT END
COMMAND RIGHT START
COMMAND RIGHT END
TURN 223 RESULT
TIME LEFT 0 5 RIGHT 0 5
MOVE B6 205
END TURN 223
TURN 224
COMMAND LEFT START
COMMAND LEFT END
COMMAND RIGHT START
MOVE B18 198
COMMAND RIGHT END
TURN 224 RESULT
TIME LEFT 0 5 RIGHT 0 5
MOVE B6 218
MOVE B18 130
END TURN 224
TURN 225
COMMAND LEFT START
COMMAND LEFT END
COMMAND RIGHT START
UPGRADE 229
COMMAND RIGHT END
TURN 225 RESULT
TIME LEFT 0 5 RIGHT 0 5
UPGRADE B 229
MOVE B6 228
MOVE B18 138
END TURN 225
TURN 226
COMMAND LEFT START
COMMAND LEFT END
COMMAND RIGHT START
MOVE B8 229
COMMAND RIGHT END
TURN 226 RESULT
TIME LEFT 0 5 RIGHT 0 5
MOVE B6 232
MOVE B8 128
MOVE B18 159
END TURN 226
TURN 227
COMMAND LEFT START
COMMAND LEFT END
COMMAND RIGHT START
COMMAND RIGHT END
TURN 227 RESULT
TIME LEFT 0 5 RIGHT 0 5
MOVE B8 147
MOVE B18 164
END TURN 227
TURN 228
COMMAND LEFT START
COMMAND LEFT END
COMMAND RIGHT START
COMMAND RIGHT END
TURN 228 RESULT
TIME LEFT 0 5 RIGHT 0 5
MOVE B8 167
MOVE B18 187
END TURN 228
TURN 229
COMMAND LEFT START
COMMAND LEFT END
COMMAND RIGHT START
COMMAND RIGHT END
TURN 229 RESULT
TIME LEFT 0 5 RIGHT 0 5
MOVE B8 173
MOVE B18 198
END TURN 229
TURN 230
COMMAND LEFT START
COMMAND LEFT END
COMMAND RIGHT START
UPGRADE 198
COMMAND RIGHT END
TURN 230 RESULT
TIME LEFT 0 5 RIGHT 0 5
UPGRADE B 198
MOVE B8 184
END TURN 230
TURN 231
COMMAND LEFT START
COMMAND LEFT END
COMMAND RIGHT START
COMMAND RIGHT END
TURN 231 RESULT
TIME LEFT 0 5 RIGHT 0 5
MOVE B8 199
END TURN 231
TURN 232
COMMAND LEFT START
COMMAND LEFT END
COMMAND RIGHT START
COMMAND RIGHT END
TURN 232 RESULT
TIME LEFT 0 5 RIGHT 0 5
MOVE B8 209
END TURN 232
TURN 233
COMMAND LEFT START
COMMAND LEFT END
COMMAND RIGHT START
MOVE B16 182
COMMAND RIGHT END
TURN 233 RESULT
TIME LEFT 0 5 RIGHT 0 5
MOVE B8 225
MOVE B16 130
END TURN 233
TURN 234
COMMAND LEFT START
COMMAND LEFT END
COMMAND RIGHT START
UPGRADE 198
COMMAND RIGHT END
TURN 234 RESULT
TIME LEFT 0 5 RIGHT 0 5
UPGRADE B 198
MOVE B8 229
MOVE B16 148
END TURN 234
TURN 235
COMMAND LEFT START
COMMAND LEFT END
COMMAND RIGHT START
MOVE B10 198
COMMAND RIGHT END
TURN 235 RESULT
TIME LEFT 0 5 RIGHT 0 5
MOVE B10 130
MOVE B16 163
END TURN 235
TURN 236
COMMAND LEFT START
COMMAND LEFT END
COMMAND RIGHT START
COMMAND RIGHT END
TURN 236 RESULT
TIME LEFT 0 5 RIGHT 0 5
MOVE B10 138
MOVE B16 171
END TURN 236
TURN 237
COMMAND LEFT START
COMMAND LEFT END
COMMAND RIGHT START
COMMAND RIGHT END
TURN 237 RESULT
TIME LEFT 0 5 RIGHT 0 5
MOVE B10 159
MOVE B16 176
END TURN 237
TURN 238
COMMAND LEFT START
COMMAND LEFT END
COMMAND RIGHT START
UPGRADE 229
COMMAND RIGHT END
TURN 238 RESULT
TIME LEFT 0 5 RIGHT 0 5
UPGRADE B 229
MOVE B10 164
MOVE B16 182
END TURN 238
TURN 239
COMMAND LEFT START
COMMAND LEFT END
COMMAND RIGHT START
MOVE B12 229
COMMAND RIGHT END
TURN 239 RESULT
TIME LEFT 0 5 RIGHT 0 5
MOVE B10 187
MOVE B12 128
END TURN 239
TURN 240
COMMAND LEFT START
COMMAND LEFT END
COMMAND RIGHT START
COMMAND RIGHT END
TURN 240 RESULT
TIME LEFT 0 5 RIGHT 0 5
MOVE B10 198
MOVE B12 147
END TURN 240
TURN 241
COMMAND LEFT START
COMMAND LEFT END
COMMAND RIGHT START
COMMAND RIGHT END
TURN 241 RESULT
TIME LEFT 0 5 RIGHT 0 5
MOVE B12 167
END TURN 241
TURN 242
COMMAND LEFT START
COMMAND LEFT END
COMMAND RIGHT START
UPGRADE 182
COMMAND RIGHT END
TURN 242 RESULT
TIME LEFT 0 5 RIGHT 0 5
UPGRADE B 182
MOVE B12 173
END TURN 242
TURN 243
COMMAND LEFT START
COMMAND LEFT END
COMMAND RIGHT START
COMMAND RIGHT END
TURN 243 RESULT
TIME LEFT 0 5 RIGHT 0 5
MOVE B12 184
END TURN 243
TURN 244
COMMAND LEFT START
COMMAND LEFT END
COMMAND RIGHT START
COMMAND RIGHT END
TURN 244 RESULT
TIME LEFT 0 5 RIGHT 0 5
MOVE B12 199
END TURN 244
TURN 245
COMMAND LEFT START
COMMAND LEFT END
COMMAND RIGHT START
UPGRADE 182
COMMAND RIGHT END
TURN 245 RESULT
TIME LEFT 0 5 RIGHT 0 5
UPGRADE B 182
MOVE B12 209
END TURN 245
TURN 246
COMMAND LEFT START
COMMAND LEFT END
COMMAND RIGHT START
TRAIN 1
COMMAND RIGHT END
TURN 246 RESULT
TIME LEFT 0 5 RIGHT 0 5
TRAIN B19
MOVE B12 225
END TURN 246
TURN 247
COMMAND LEFT START
COMMAND LEFT END
COMMAND RIGHT START
MOVE B6 182
COMMAND RIGHT END
TURN 247 RESULT
TIME LEFT 0 5 RIGHT 0 5
MOVE B6 226
MOVE B12 229
END TURN 247
TURN 248
COMMAND LEFT START
COMMAND LEFT END
COMMAND RIGHT START
COMMAND RIGHT END
TURN 248 RESULT
TIME LEFT 0 5 RIGHT 0 5
MOVE B6 216
END TURN 248
TURN 249
COMMAND LEFT START
COMMAND LEFT END
COMMAND RIGHT START
UPGRADE 216
COMMAND RIGHT END
TURN 249 RESULT
TIME LEFT 0 5 RIGHT 0 5
UPGRADE B 216
MOVE B6 207
END TURN 249
TURN 250
COMMAND LEFT START
COMMAND LEFT END
COMMAND RIGHT START
TRAIN 1
COMMAND RIGHT END
TURN 250 RESULT
TIME LEFT 0 5 RIGHT 0 5
TRAIN B20
MOVE B6 195
END TURN 250
TURN 251
COMMAND LEFT START
COMMAND LEFT END
COMMAND RIGHT START
MOVE B7 216
COMMAND RIGHT END
TURN 251 RESULT
TIME LEFT 0 5 RIGHT 0 5
MOVE B6 182
MOVE B7 226
END TURN 251
TURN 252
COMMAND LEFT START
COMMAND LEFT END
COMMAND RIGHT START
COMMAND RIGHT END
TURN 252 RESULT
TIME LEFT 0 5 RIGHT 0 5
MOVE B7 216
END TURN 252
TURN 253
COMMAND LEFT START
COMMAND LEFT END
COMMAND RIGHT START
UPGRADE 198
COMMAND RIGHT END
TURN 253 RESULT
TIME LEFT 0 5 RIGHT 0 5
UPGRADE B 198
END TURN 253
TURN 254
COMMAND LEFT START
COMMAND LEFT END
COMMAND RIGHT START
TRAIN 1
COMMAND RIGHT END
TURN 254 RESULT
TIME LEFT 0 5 RIGHT 0 5
TRAIN B21
END TURN 254
TURN 255
COMMAND LEFT START
COMMAND LEFT END
COMMAND RIGHT START
MOVE B9 198
COMMAND RIGHT END
TURN 255 RESULT
TIME LEFT 0 5 RIGHT 0 5
MOVE B9 226
END TURN 255
TURN 256
COMMAND LEFT START
COMMAND LEFT END
COMMAND RIGHT START
COMMAND RIGHT END
TURN 256 RESULT
TIME LEFT 0 5 RIGHT 0 5
MOVE B9 221
END TURN 256
TURN 257
COMMAND LEFT START
COMMAND LEFT END
COMMAND RIGHT START
UPGRADE 182
TRAIN 1
COMMAND RIGHT END
TURN 257 RESULT
TIME LEFT 0 5 RIGHT 0 5
UPGRADE B 182
TRAIN B22
MOVE B9 212
END TURN 257
TURN 258
COMMAND LEFT START
COMMAND LEFT END
COMMAND RIGHT START
MOVE B19 182
COMMAND RIGHT END
TURN 258 RESULT
TIME LEFT 0 5 RIGHT 0 5
MOVE B9 204
MOVE B19 226
END TURN 258
TURN 259
COMMAND LEFT START
COMMAND LEFT END
COMMAND RIGHT START
COMMAND RIGHT END
TURN 259 RESULT
TIME LEFT 0 5 RIGHT 0 5
MOVE B9 198
MOVE B19 216
END TURN 259
TURN 260
COMMAND LEFT START
COMMAND LEFT END
COMMAND RIGHT START
TRAIN 1
COMMAND RIGHT END
TURN 260 RESULT
TIME LEFT 0 5 RIGHT 0 5
TRAIN B23
MOVE B19 207
END TURN 260
TURN 261
COMMAND LEFT START
COMMAND LEFT END
COMMAND RIGHT START
MOVE B23 116
TRAIN 2
COMMAND RIGHT END
TURN 261 RESULT
TIME LEFT 0 5 RIGHT 0 5
TRAIN B24 B25
MOVE B19 195
MOVE B23 228
END TURN 261
TURN 262
COMMAND LEFT START
COMMAND LEFT END
COMMAND RIGHT START
MOVE B25 194
MOVE B24 116
COMMAND RIGHT END
TURN 262 RESULT
TIME LEFT 0 5 RIGHT 0 5
MOVE B19 182
MOVE B23 218
MOVE B24 228
MOVE B25 228
END TURN 262
TURN 263
COMMAND LEFT START
COMMAND LEFT END
COMMAND RIGHT START
TRAIN 2
COMMAND RIGHT END
TURN 263 RESULT
TIME LEFT 0 5 RIGHT 0 5
TRAIN B26 B27
MOVE B23 205
MOVE B24 218
MOVE B25 222
END TURN 263
TURN 264
COMMAND LEFT START
COMMAND LEFT END
COMMAND RIGHT START
TRAIN 2
COMMAND RIGHT END
TURN 264 RESULT
TIME LEFT 0 5 RIGHT 0 5
TRAIN B28 B29
MOVE B23 193
MOVE B24 205
MOVE B25 214
END TURN 264
TURN 265
COMMAND LEFT START
COMMAND LEFT END
COMMAND RIGHT START
TRAIN 2
COMMAND RIGHT END
TURN 265 RESULT
TIME LEFT 0 5 RIGHT 0 5
TRAIN B30 B31
MOVE B23 173
MOVE B24 193
MOVE B25 209
END TURN 265
TURN 266
COMMAND LEFT START
COMMAND LEFT END
COMMAND RIGHT START
MOVE B31 116
MOVE B30 116
MOVE B29 116
MOVE B28 116
MOVE B27 116
MOVE B26 116
TRAIN 2
COMMAND RIGHT END
TURN 266 RESULT
TIME LEFT 0 5 RIGHT 0 5
TRAIN B32 B33
MOVE B23 167
MOVE B24 173
MOVE B25 208
MOVE B26 228
MOVE B27 228
MOVE B28 228
MOVE B29 228
MOVE B30 228
MOVE B31 228
END TURN 266
TURN 267
COMMAND LEFT START
COMMAND LEFT END
COMMAND RIGHT START
MOVE B33 116
MOVE B32 116
TRAIN 2
COMMAND RIGHT END
TURN 267 RESULT
TIME LEFT 0 5 RIGHT 0 5
TRAIN B34 B35
MOVE B23 147
MOVE B24 167
MOVE B25 194
MOVE B26 218
MOVE B27 218
MOVE B28 218
MOVE B29 218
MOVE B30 218
MOVE B31 218
MOVE B32 228
MOVE B33 228
END TURN 267
TURN 268
COMMAND LEFT START
COMMAND LEFT END
COMMAND RIGHT START
UPGRADE 194
COMMAND RIGHT END
TURN 268 RESULT
TIME LEFT 0 5 RIGHT 0 5
UPGRADE B 194
MOVE B23 128
MOVE B24 147
MOVE B26 205
MOVE B27 205
MOVE B28 205
MOVE B29 205
MOVE B30 205
MOVE B31 205
MOVE B32 218
MOVE B33 218
END TURN 268
TURN 269
COMMAND LEFT START
COMMAND LEFT END
COMMAND RIGHT START
MOVE B35 138
COMMAND RIGHT END
TURN 269 RESULT
TIME LEFT 0 5 RIGHT 0 5
MOVE B23 116
MOVE B24 128
MOVE B26 193
MOVE B27 193
MOVE B28 193
MOVE B29 193
MOVE B30 193
MOVE B31 193
MOVE B32 205
MOVE B33 205
MOVE B35 226
END TURN 269
TURN 270
COMMAND LEFT START
COMMAND LEFT END
COMMAND RIGHT START
UPGRADE 194
COMMAND RIGHT END
TURN 270 RESULT
TIME LEFT 0 5 RIGHT 0 5
UPGRADE B 194
MOVE B24 116
MOVE B26 173
MOVE B27 173
MOVE B28 173
MOVE B29 173
MOVE B30 173
MOVE B31 173
MOVE B32 193
MOVE B33 193
MOVE B35 216
END TURN 270
TURN 271
COMMAND LEFT START
COMMAND LEFT END
COMMAND RIGHT START
MOVE B13 194
COMMAND RIGHT END
TURN 271 RESULT
TIME LEFT 0 5 RIGHT 0 5
MOVE B13 128
MOVE B26 167
MOVE B27 167
MOVE B28 167
MOVE B29 167
MOVE B30 167
MOVE B31 167
MOVE B32 173
MOVE B33 173
MOVE B35 207
END TURN 271
TURN 272
COMMAND LEFT START
COMMAND LEFT END
COMMAND RIGHT START
MOVE B34 116
UPGRADE 194
COMMAND RIGHT END
TURN 272 RESULT
TIME LEFT 0 5 RIGHT 0 5
UPGRADE B 194
MOVE B13 147
MOVE B26 147
MOVE B27 147
MOVE B28 147
MOVE B29 147
MOVE B30 147
MOVE B31 147
MOVE B32 167
MOVE B33 167
MOVE B34 228
MOVE B35 195
END TURN 272
TURN 273
COMMAND LEFT START
COMMAND LEFT END
COMMAND RIGHT START
MOVE B14 194
COMMAND RIGHT END
TURN 273 RESULT
TIME LEFT 0 5 RIGHT 0 5
MOVE B13 166
MOVE B14 128
MOVE B26 128
MOVE B27 128
MOVE B28 128
MOVE B29 128
MOVE B30 128
MOVE B31 128
MOVE B32 147
MOVE B33 147
MOVE B34 218
MOVE B35 176
END TURN 273
TURN 274
COMMAND LEFT START
COMMAND LEFT END
COMMAND RIGHT START
COMMAND RIGHT END
TURN 274 RESULT
TIME LEFT 0 5 RIGHT 0 5
MOVE B13 175
MOVE B14 147
MOVE B26 116
MOVE B27 116
MOVE B28 116
MOVE B29 116
MOVE B30 116
MOVE B31 116
MOVE B32 128
MOVE B33 128
MOVE B34 205
MOVE B35 159
END TURN 274
TURN 275
COMMAND LEFT START
COMMAND LEFT END
COMMAND RIGHT START
TRAIN 2
COMMAND RIGHT END
TURN 275 RESULT
TIME LEFT 0 5 RIGHT 0 5
TRAIN B36 B37
MOVE B13 179
MOVE B14 166
MOVE B32 116
MOVE B33 116
MOVE B34 193
MOVE B35 138
END TURN 275
TURN 276
COMMAND LEFT START
COMMAND LEFT END
COMMAND RIGHT START
MOVE B37 116
UPGRADE 138
COMMAND RIGHT END
TURN 276 RESULT
TIME LEFT 0 5 RIGHT 0 5
UPGRADE B 138
MOVE B13 194
MOVE B14 175
MOVE B34 173
MOVE B37 228
END TURN 276
TURN 277
COMMAND LEFT START
COMMAND LEFT END
COMMAND RIGHT START
COMMAND RIGHT END
TURN 277 RESULT
TIME LEFT 0 5 RIGHT 0 5
MOVE B14 179
MOVE B34 167
MOVE B37 218
END TURN 277
TURN 278
COMMAND LEFT START
COMMAND LEFT END
COMMAND RIGHT START
MOVE B33 172
COMMAND RIGHT END
TURN 278 RESULT
TIME LEFT 0 5 RIGHT 0 5
MOVE B14 194
MOVE B33 130
MOVE B34 147
MOVE B37 205
END TURN 278
TURN 279
COMMAND LEFT START
COMMAND LEFT END
COMMAND RIGHT START
TRAIN 2
COMMAND RIGHT END
TURN 279 RESULT
TIME LEFT 0 5 RIGHT 0 5
TRAIN B38 B39
MOVE B33 138
MOVE B34 128
MOVE B37 193
END TURN 279
TURN 280
COMMAND LEFT START
COMMAND LEFT END
COMMAND RIGHT START
COMMAND RIGHT END
TURN 280 RESULT
TIME LEFT 0 5 RIGHT 0 5
MOVE B33 159
MOVE B34 116
MOVE B37 173
END TURN 280
TURN 281
COMMAND LEFT START
COMMAND LEFT END
COMMAND RIGHT START
COMMAND RIGHT END
TURN 281 RESULT
TIME LEFT 0 5 RIGHT 0 5
MOVE B33 164
MOVE B37 167
END TURN 281
TURN 282
COMMAND LEFT START
COMMAND LEFT END
COMMAND RIGHT START
COMMAND RIGHT END
TURN 282 RESULT
TIME LEFT 0 5 RIGHT 0 5
MOVE B33 178
MOVE B37 147
END TURN 282
TURN 283
COMMAND LEFT START
COMMAND LEFT END
COMMAND RIGHT START
COMMAND RIGHT END
TURN 283 RESULT
TIME LEFT 0 5 RIGHT 0 5
MOVE B33 177
MOVE B37 128
END TURN 283
TURN 284
COMMAND LEFT START
COMMAND LEFT END
COMMAND RIGHT START
MOVE B39 116
UPGRADE 232
COMMAND RIGHT END
TURN 284 RESULT
TIME LEFT 0 5 RIGHT 0 5
UPGRADE B 232
MOVE B33 172
MOVE B37 116
MOVE B39 228
END TURN 284
TURN 285
COMMAND LEFT START
COMMAND LEFT END
COMMAND RIGHT START
COMMAND RIGHT END
TURN 285 RESULT
TIME LEFT 0 5 RIGHT 0 5
MOVE B39 218
END TURN 285
TURN 286
COMMAND LEFT START
COMMAND LEFT END
COMMAND RIGHT START
COMMAND RIGHT END
TURN 286 RESULT
TIME LEFT 0 5 RIGHT 0 5
MOVE B39 205
END TURN 286
TURN 287
COMMAND LEFT START
COMMAND LEFT END
COMMAND RIGHT START
COMMAND RIGHT END
TURN 287 RESULT
TIME LEFT 0 5 RIGHT 0 5
MOVE B39 193
END TURN 287
TURN 288
COMMAND LEFT START
COMMAND LEFT END
COMMAND RIGHT START
COMMAND RIGHT END
TURN 288 RESULT
TIME LEFT 0 5 RIGHT 0 5
MOVE B39 173
END TURN 288
TURN 289
COMMAND LEFT START
COMMAND LEFT END
COMMAND RIGHT START
COMMAND RIGHT END
TURN 289 RESULT
TIME LEFT 0 5 RIGHT 0 5
MOVE B39 167
END TURN 289
TURN 290
COMMAND LEFT START
COMMAND LEFT END
COMMAND RIGHT START
COMMAND RIGHT END
TURN 290 RESULT
TIME LEFT 0 5 RIGHT 0 5
MOVE B39 147
END TURN 290
TURN 291
COMMAND LEFT START
COMMAND LEFT END
COMMAND RIGHT START
COMMAND RIGHT END
TURN 291 RESULT
TIME LEFT 0 5 RIGHT 0 5
MOVE B39 128
END TURN 291
TURN 292
COMMAND LEFT START
COMMAND LEFT END
COMMAND RIGHT START
COMMAND RIGHT END
TURN 292 RESULT
TIME LEFT 0 5 RIGHT 0 5
MOVE B39 116
END TURN 292
TURN 293
COMMAND LEFT START
COMMAND LEFT END
COMMAND RIGHT START
COMMAND RIGHT END
TURN 293 RESULT
TIME LEFT 0 5 RIGHT 0 5
END TURN 293
TURN 294
COMMAND LEFT START
COMMAND LEFT END
COMMAND RIGHT START
COMMAND RIGHT END
TURN 294 RESULT
TIME LEFT 0 5 RIGHT 0 5
END TURN 294
TURN 295
COMMAND LEFT START
COMMAND LEFT END
COMMAND RIGHT START
UPGRADE 232
COMMAND RIGHT END
TURN 295 RESULT
TIME LEFT 0 5 RIGHT 0 5
UPGRADE B 232
END TURN 295
TURN 296
COMMAND LEFT START
COMMAND LEFT END
COMMAND RIGHT START
COMMAND RIGHT END
TURN 296 RESULT
TIME LEFT 0 5 RIGHT 0 5
END TURN 296
TURN 297
COMMAND LEFT START
COMMAND LEFT END
COMMAND RIGHT START
UPGRADE 172
COMMAND RIGHT END
TURN 297 RESULT
TIME LEFT 0 5 RIGHT 0 5
UPGRADE B 172
END TURN 297
TURN 298
COMMAND LEFT START
COMMAND LEFT END
COMMAND RIGHT START
COMMAND RIGHT END
TURN 298 RESULT
TIME LEFT 0 5 RIGHT 0 5
END TURN 298
TURN 299
COMMAND LEFT START
COMMAND LEFT END
COMMAND RIGHT START
MOVE B39 127
COMMAND RIGHT END
TURN 299 RESULT
TIME LEFT 0 5 RIGHT 0 5
MOVE B39 114
END TURN 299
TURN 300
COMMAND LEFT START
COMMAND LEFT END
COMMAND RIGHT START
UPGRADE 172
COMMAND RIGHT END
TURN 300 RESULT
TIME LEFT 0 5 RIGHT 0 5
UPGRADE B 172
MOVE B39 117
END TURN 300
TURN 301
COMMAND LEFT START
COMMAND LEFT END
COMMAND RIGHT START
MOVE B15 172
UPGRADE 138
COMMAND RIGHT END
TURN 301 RESULT
TIME LEFT 0 5 RIGHT 0 5
UPGRADE B 138
MOVE B15 130
MOVE B39 127
END TURN 301
TURN 302
COMMAND LEFT START
COMMAND LEFT END
COMMAND RIGHT START
MOVE B23 138
UPGRADE 127
COMMAND RIGHT END
TURN 302 RESULT
TIME LEFT 0 5 RIGHT 0 5
UPGRADE B 127
MOVE B15 138
MOVE B23 130
END TURN 302
TURN 303
COMMAND LEFT START
COMMAND LEFT END
COMMAND RIGHT START
COMMAND RIGHT END
TURN 303 RESULT
TIME LEFT 0 5 RIGHT 0 5
MOVE B15 159
MOVE B23 138
END TURN 303
TURN 304
COMMAND LEFT START
COMMAND LEFT END
COMMAND RIGHT START
MOVE B37 105
COMMAND RIGHT END
TURN 304 RESULT
TIME LEFT 0 5 RIGHT 0 5
MOVE B15 164
MOVE B37 118
END TURN 304
TURN 305
COMMAND LEFT START
COMMAND LEFT END
COMMAND RIGHT START
UPGRADE 127
COMMAND RIGHT END
TURN 305 RESULT
TIME LEFT 0 5 RIGHT 0 5
UPGRADE B 127
MOVE B15 178
MOVE B37 115
END TURN 305
TURN 306
COMMAND LEFT START
COMMAND LEFT END
COMMAND RIGHT START
MOVE B24 127
UPGRADE 172
COMMAND RIGHT END
TURN 306 RESULT
TIME LEFT 0 5 RIGHT 0 5
UPGRADE B 172
MOVE B15 177
MOVE B24 114
MOVE B37 105
END TURN 306
TURN 307
COMMAND LEFT START
COMMAND LEFT END
COMMAND RIGHT START
MOVE B26 172
UPGRADE 105
COMMAND RIGHT END
TURN 307 RESULT
TIME LEFT 0 5 RIGHT 0 5
UPGRADE B 105
MOVE B15 172
MOVE B24 117
MOVE B26 130
END TURN 307
TURN 308
COMMAND LEFT START
COMMAND LEFT END
COMMAND RIGHT START
COMMAND RIGHT END
TURN 308 RESULT
TIME LEFT 0 5 RIGHT 0 5
MOVE B24 127
MOVE B26 138
END TURN 308
TURN 309
COMMAND LEFT START
COMMAND LEFT END
COMMAND RIGHT START
MOVE B34 94
COMMAND RIGHT END
TURN 309 RESULT
TIME LEFT 0 5 RIGHT 0 5
MOVE B26 159
MOVE B34 102
END TURN 309
TURN 310
COMMAND LEFT START
COMMAND LEFT END
COMMAND RIGHT START
UPGRADE 105
COMMAND RIGHT END
TURN 310 RESULT
TIME LEFT 0 5 RIGHT 0 5
UPGRADE B 105
MOVE B26 164
MOVE B34 94
END TURN 310
TURN 311
COMMAND LEFT START
COMMAND LEFT END
COMMAND RIGHT START
MOVE B27 105
MOVE B32 50
UPGRADE 94
COMMAND RIGHT END
TURN 311 RESULT
TIME LEFT 0 5 RIGHT 0 5
UPGRADE B 94
MOVE B26 178
MOVE B27 118
MOVE B32 102
END TURN 311
TURN 312
COMMAND LEFT START
COMMAND LEFT END
COMMAND RIGHT START
UPGRADE 94
COMMAND RIGHT END
TURN 312 RESULT
TIME LEFT 0 5 RIGHT 0 5
UPGRADE B 94
MOVE B26 177
MOVE B27 115
MOVE B32 84
END TURN 312
TURN 313
COMMAND LEFT START
COMMAND LEFT END
COMMAND RIGHT START
MOVE B28 94
UPGRADE 138
COMMAND RIGHT END
TURN 313 RESULT
TIME LEFT 0 5 RIGHT 0 5
UPGRADE B 138
MOVE B26 172
MOVE B27 105
MOVE B28 102
MOVE B32 69
END TURN 313
TURN 314
COMMAND LEFT START
COMMAND LEFT END
COMMAND RIGHT START
TRAIN 1
COMMAND RIGHT END
TURN 314 RESULT
TIME LEFT 0 5 RIGHT 0 5
TRAIN B40
MOVE B28 94
MOVE B32 61
END TURN 314
TURN 315
COMMAND LEFT START
COMMAND LEFT END
COMMAND RIGHT START
MOVE B20 138
UPGRADE 127
COMMAND RIGHT END
TURN 315 RESULT
TIME LEFT 0 5 RIGHT 0 5
UPGRADE B 127
MOVE B20 226
MOVE B32 56
END TURN 315
TURN 316
COMMAND LEFT START
COMMAND LEFT END
COMMAND RIGHT START
TRAIN 1
COMMAND RIGHT END
TURN 316 RESULT
TIME LEFT 0 5 RIGHT 0 5
TRAIN B41
MOVE B20 216
MOVE B32 50
END TURN 316
TURN 317
COMMAND LEFT START
COMMAND LEFT END
COMMAND RIGHT START
MOVE B21 127
UPGRADE 50
COMMAND RIGHT END
TURN 317 RESULT
TIME LEFT 0 5 RIGHT 0 5
UPGRADE B 50
MOVE B20 207
MOVE B21 228
END TURN 317
TURN 318
COMMAND LEFT START
COMMAND LEFT END
COMMAND RIGHT START
UPGRADE 50
TRAIN 1
COMMAND RIGHT END
TURN 318 RESULT
TIME LEFT 0 5 RIGHT 0 5
UPGRADE B 50
TRAIN B42
MOVE B20 195
MOVE B21 218
END TURN 318
TURN 319
COMMAND LEFT START
COMMAND LEFT END
COMMAND RIGHT START
MOVE B22 50
UPGRADE 105
TRAIN 1
COMMAND RIGHT END
TURN 319 RESULT
TIME LEFT 0 5 RIGHT 0 5
UPGRADE B 105
TRAIN B43
MOVE B20 176
MOVE B21 205
MOVE B22 228
END TURN 319
TURN 320
COMMAND LEFT START
COMMAND LEFT END
COMMAND RIGHT START
MOVE B36 105
COMMAND RIGHT END
TURN 320 RESULT
TIME LEFT 0 5 RIGHT 0 5
MOVE B20 159
MOVE B21 184
MOVE B22 218
MOVE B36 226
END TURN 320
TURN 321
COMMAND LEFT START
COMMAND LEFT END
COMMAND RIGHT START
UPGRADE 94
TRAIN 1
COMMAND RIGHT END
TURN 321 RESULT
TIME LEFT 0 5 RIGHT 0 5
UPGRADE B 94
TRAIN B44
MOVE B20 138
MOVE B21 175
MOVE B22 205
MOVE B36 216
END TURN 321
TURN 322
COMMAND LEFT START
COMMAND LEFT END
COMMAND RIGHT START
MOVE B38 94
UPGRADE 50
COMMAND RIGHT END
TURN 322 RESULT
TIME LEFT 0 5 RIGHT 0 5
UPGRADE B 50
MOVE B21 165
MOVE B22 184
MOVE B36 207
MOVE B38 228
END TURN 322
TURN 323
COMMAND LEFT START
COMMAND LEFT END
COMMAND RIGHT START
TRAIN 1
COMMAND RIGHT END
TURN 323 RESULT
TIME LEFT 0 5 RIGHT 0 5
TRAIN B45
MOVE B21 142
MOVE B22 175
MOVE B36 195
MOVE B38 218
END TURN 323
TURN 324
COMMAND LEFT START
COMMAND LEFT END
COMMAND RIGHT START
MOVE B40 50
TRAIN 3
COMMAND RIGHT END
TURN 324 RESULT
TIME LEFT 0 5 RIGHT 0 5
TRAIN B46 B47 B48
MOVE B21 136
MOVE B22 165
MOVE B36 176
MOVE B38 205
MOVE B40 228
END TURN 324
TURN 325
COMMAND LEFT START
COMMAND LEFT END
COMMAND RIGHT START
MOVE B48 38
MOVE B47 116
MOVE B46 116
COMMAND RIGHT END
TURN 325 RESULT
TIME LEFT 0 5 RIGHT 0 5
MOVE B21 127
MOVE B22 142
MOVE B36 159
MOVE B38 193
MOVE B40 218
MOVE B46 228
MOVE B47 228
MOVE B48 226
END TURN 325
TURN 326
COMMAND LEFT START
COMMAND LEFT END
COMMAND RIGHT START
TRAIN 3
COMMAND RIGHT END
TURN 326 RESULT
TIME LEFT 0 5 RIGHT 0 5
TRAIN B49 B50 B51
MOVE B22 117
MOVE B36 137
MOVE B38 173
MOVE B40 205
MOVE B46 218
MOVE B47 218
MOVE B48 216
END TURN 326
TURN 327
COMMAND LEFT START
COMMAND LEFT END
COMMAND RIGHT START
MOVE B51 116
MOVE B50 116
MOVE B49 116
TRAIN 3
COMMAND RIGHT END
TURN 327 RESULT
TIME LEFT 0 5 RIGHT 0 5
TRAIN B52 B53 B54
MOVE B22 95
MOVE B36 124
MOVE B38 167
MOVE B40 184
MOVE B46 205
MOVE B47 205
MOVE B48 207
MOVE B49 228
MOVE B50 228
MOVE B51 228
END TURN 327
TURN 328
COMMAND LEFT START
COMMAND LEFT END
COMMAND RIGHT START
MOVE B54 116
MOVE B53 116
MOVE B52 116
TRAIN 3
COMMAND RIGHT END
TURN 328 RESULT
TIME LEFT 0 5 RIGHT 0 5
TRAIN B55 B56 B57
MOVE B22 82
MOVE B36 105
MOVE B38 147
MOVE B40 175
MOVE B46 193
MOVE B47 193
MOVE B48 195
MOVE B49 218
MOVE B50 218
MOVE B51 218
MOVE B52 228
MOVE B53 228
MOVE B54 228
END TURN 328
TURN 329
COMMAND LEFT START
COMMAND LEFT END
COMMAND RIGHT START
MOVE B57 116
MOVE B56 116
TRAIN 3
COMMAND RIGHT END
TURN 329 RESULT
TIME LEFT 0 5 RIGHT 0 5
TRAIN B58 B59 B60
MOVE B22 68
MOVE B38 128
MOVE B40 165
MOVE B46 173
MOVE B47 173
MOVE B48 176
MOVE B49 205
MOVE B50 205
MOVE B51 205
MOVE B52 218
MOVE B53 218
MOVE B54 218
MOVE B56 228
MOVE B57 228
END TURN 329
TURN 330
COMMAND LEFT START
COMMAND LEFT END
COMMAND RIGHT START
TRAIN 3
COMMAND RIGHT END
TURN 330 RESULT
TIME LEFT 0 5 RIGHT 0 5
TRAIN B61 B62 B63
MOVE B22 50
MOVE B38 114
MOVE B40 142
MOVE B46 167
MOVE B47 167
MOVE B48 159
MOVE B49 193
MOVE B50 193
MOVE B51 193
MOVE B52 205
MOVE B53 205
MOVE B54 205
MOVE B56 218
MOVE B57 218
END TURN 330
TURN 331
COMMAND LEFT START
COMMAND LEFT END
COMMAND RIGHT START
TRAIN 3
COMMAND RIGHT END
TURN 331 RESULT
TIME LEFT 0 5 RIGHT 0 5
TRAIN B64 B65 B66
MOVE B38 94
MOVE B40 117
MOVE B46 147
MOVE B47 147
MOVE B48 137
MOVE B49 173
MOVE B50 173
MOVE B51 173
MOVE B52 193
MOVE B53 193
MOVE B54 193
MOVE B56 205
MOVE B57 205
END TURN 331
TURN 332
COMMAND LEFT START
COMMAND LEFT END
COMMAND RIGHT START
TRAIN 3
COMMAND RIGHT END
TURN 332 RESULT
TIME LEFT 0 5 RIGHT 0 5
TRAIN B67 B68 B69
MOVE B40 95
MOVE B46 128
MOVE B47 128
MOVE B48 124
MOVE B49 167
MOVE B50 167
MOVE B51 167
MOVE B52 173
MOVE B53 173
MOVE B54 173
MOVE B56 193
MOVE B57 193
END TURN 332
TURN 333
COMMAND LEFT START
COMMAND LEFT END
COMMAND RIGHT START
TRAIN 3
COMMAND RIGHT END
TURN 333 RESULT
TIME LEFT 0 5 RIGHT 0 5
TRAIN B70 B71 B72
MOVE B40 82
MOVE B46 116
MOVE B47 116
MOVE B48 105
MOVE B49 147
MOVE B50 147
MOVE B51 147
MOVE B52 167
MOVE B53 167
MOVE B54 167
MOVE B56 173
MOVE B57 173
END TURN 333
TURN 334
COMMAND LEFT START
COMMAND LEFT END
COMMAND RIGHT START
TRAIN 3
COMMAND RIGHT END
TURN 334 RESULT
TIME LEFT 0 5 RIGHT 0 5
TRAIN B73 B74 B75
MOVE B40 68
MOVE B48 96
MOVE B49 128
MOVE B50 128
MOVE B51 128
MOVE B52 147
MOVE B53 147
MOVE B54 147
MOVE B56 167
MOVE B57 167
END TURN 334
TURN 335
COMMAND LEFT START
COMMAND LEFT END
COMMAND RIGHT START
TRAIN 3
COMMAND RIGHT END
TURN 335 RESULT
TIME LEFT 0 5 RIGHT 0 5
TRAIN B76 B77 B78
MOVE B40 50
MOVE B48 74
MOVE B49 116
MOVE B50 116
MOVE B51 116
MOVE B52 128
MOVE B53 128
MOVE B54 128
MOVE B56 147
MOVE B57 147
END TURN 335
TURN 336
COMMAND LEFT START
COMMAND LEFT END
COMMAND RIGHT START
TRAIN 3
COMMAND RIGHT END
TURN 336 RESULT
TIME LEFT 0 5 RIGHT 0 5
TRAIN B79 B80 B81
MOVE B48 52
MOVE B52 116
MOVE B53 116
MOVE B54 116
MOVE B56 128
MOVE B57 128
END TURN 336
TURN 337
COMMAND LEFT START
COMMAND LEFT END
COMMAND RIGHT START
TRAIN 3
COMMAND RIGHT END
TURN 337 RESULT
TIME LEFT 0 5 RIGHT 0 5
TRAIN B82 B83 B84
MOVE B48 38
MOVE B56 116
MOVE B57 116
END TURN 337
TURN 338
COMMAND LEFT START
COMMAND LEFT END
COMMAND RIGHT START
MOVE B57 60
UPGRADE 38
TRAIN 3
COMMAND RIGHT END
TURN 338 RESULT
TIME LEFT 0 5 RIGHT 0 5
UPGRADE B 38
TRAIN B85 B86 B87
MOVE B57 102
END TURN 338
TURN 339
COMMAND LEFT START
COMMAND LEFT END
COMMAND RIGHT START
MOVE B87 116
UPGRADE 38
TRAIN 3
COMMAND RIGHT END
TURN 339 RESULT
TIME LEFT 0 5 RIGHT 0 5
UPGRADE B 38
TRAIN B88 B89 B90
MOVE B57 94
MOVE B87 228
END TURN 339
TURN 340
COMMAND LEFT START
COMMAND LEFT END
COMMAND RIGHT START
MOVE B29 38
UPGRADE 38
TRAIN 1
COMMAND RIGHT END
TURN 340 RESULT
TIME LEFT 0 5 RIGHT 0 5
UPGRADE B 38
TRAIN B91
MOVE B29 104
MOVE B57 73
MOVE B87 218
END TURN 340
TURN 341
COMMAND LEFT START
COMMAND LEFT END
COMMAND RIGHT START
MOVE B30 38
MOVE B91 116
TRAIN 3
COMMAND RIGHT END
TURN 341 RESULT
TIME LEFT 0 5 RIGHT 0 5
TRAIN B92 B93 B94
MOVE B29 85
MOVE B30 104
MOVE B57 68
MOVE B87 205
MOVE B91 228
END TURN 341
TURN 342
COMMAND LEFT START
COMMAND LEFT END
COMMAND RIGHT START
MOVE B94 116
TRAIN 3
COMMAND RIGHT END
TURN 342 RESULT
TIME LEFT 0 5 RIGHT 0 5
TRAIN B95 B96 B97
MOVE B29 66
MOVE B30 85
MOVE B57 54
MOVE B87 193
MOVE B91 218
MOVE B94 228
END TURN 342
TURN 343
COMMAND LEFT START
COMMAND LEFT END
COMMAND RIGHT START
TRAIN 3
COMMAND RIGHT END
TURN 343 RESULT
TIME LEFT 0 5 RIGHT 0 5
TRAIN B98 B99 B100
MOVE B29 57
MOVE B30 66
MOVE B57 55
MOVE B87 173
MOVE B91 205
MOVE B94 218
END TURN 343
TURN 344
COMMAND LEFT START
COMMAND LEFT END
COMMAND RIGHT START
TRAIN 3
COMMAND RIGHT END
TURN 344 RESULT
TIME LEFT 0 5 RIGHT 0 5
TRAIN B101 B102 B103
MOVE B29 53
MOVE B30 57
MOVE B57 60
MOVE B87 167
MOVE B91 193
MOVE B94 205
END TURN 344
TURN 345
COMMAND LEFT START
COMMAND LEFT END
COMMAND RIGHT START
MOVE B56 34
MOVE B103 116
MOVE B102 116
MOVE B101 116
MOVE B100 116
MOVE B99 116
MOVE B98 116
MOVE B97 116
MOVE B96 116
MOVE B95 116
MOVE B93 116
MOVE B92 116
UPGRADE 60
TRAIN 2
COMMAND RIGHT END
TURN 345 RESULT
TIME LEFT 0 5 RIGHT 1 5
UPGRADE B 60
TRAIN B104 B105
MOVE B29 38
MOVE B30 53
MOVE B56 102
MOVE B87 147
MOVE B91 173
MOVE B92 228
MOVE B93 228
MOVE B94 193
MOVE B95 228
MOVE B96 228
MOVE B97 228
MOVE B98 228
MOVE B99 228
MOVE B100 228
MOVE B101 228
MOVE B102 228
MOVE B103 228
END TURN 345
TURN 346
COMMAND LEFT START
COMMAND LEFT END
COMMAND RIGHT START
MOVE B105 116
MOVE B104 116
MOVE B90 116
MOVE B89 116
MOVE B88 116
MOVE B86 116
MOVE B85 116
MOVE B84 116
MOVE B83 116
MOVE B82 116
MOVE B81 116
UPGRADE 60
TRAIN 3
COMMAND RIGHT END
TURN 346 RESULT
TIME LEFT 0 5 RIGHT 1 5
UPGRADE B 60
TRAIN B106 B107 B108
MOVE B30 38
MOVE B56 94
MOVE B81 228
MOVE B82 228
MOVE B83 228
MOVE B84 228
MOVE B85 228
MOVE B86 228
MOVE B87 128
MOVE B88 228
MOVE B89 228
MOVE B90 228
MOVE B91 167
MOVE B92 218
MOVE B93 218
MOVE B94 173
MOVE B95 218
MOVE B96 218
MOVE B97 218
MOVE B98 218
MOVE B99 218
MOVE B100 218
MOVE B101 218
MOVE B102 218
MOVE B103 218
MOVE B104 228
MOVE B105 228
END TURN 346
TURN 347
COMMAND LEFT START
COMMAND LEFT END
COMMAND RIGHT START
MOVE B31 60
MOVE B108 116
MOVE B107 116
MOVE B106 116
MOVE B80 116
MOVE B79 116
MOVE B78 116
MOVE B77 116
MOVE B76 116
MOVE B75 116
MOVE B74 116
MOVE B73 116
UPGRADE 60
COMMAND RIGHT END
TURN 347 RESULT
TIME LEFT 0 5 RIGHT 0 5
UPGRADE B 60
MOVE B31 102
MOVE B56 73
MOVE B73 228
MOVE B74 228
MOVE B75 228
MOVE B76 228
MOVE B77 228
MOVE B78 228
MOVE B79 228
MOVE B80 228
MOVE B81 218
MOVE B82 218
MOVE B83 218
MOVE B84 218
MOVE B85 218
MOVE B86 218
MOVE B87 116
MOVE B88 218
MOVE B89 218
MOVE B90 218
MOVE B91 147
MOVE B92 205
MOVE B93 205
MOVE B94 167
MOVE B95 205
MOVE B96 205
MOVE B97 205
MOVE B98 205
MOVE B99 205
MOVE B100 205
MOVE B101 205
MOVE B102 205
MOVE B103 205
MOVE B104 218
MOVE B105 218
MOVE B106 228
MOVE B107 228
MOVE B108 228
END TURN 347
TURN 348
COMMAND LEFT START
COMMAND LEFT END
COMMAND RIGHT START
MOVE B46 60
MOVE B72 116
MOVE B71 116
MOVE B70 116
MOVE B69 116
MOVE B68 116
MOVE B67 116
MOVE B66 116
MOVE B65 116
MOVE B64 116
MOVE B63 116
MOVE B62 116
TRAIN 3
COMMAND RIGHT END
TURN 348 RESULT
TIME LEFT 0 5 RIGHT 0 5
TRAIN B109 B110 B111
MOVE B31 94
MOVE B46 102
MOVE B56 68
MOVE B62 228
MOVE B63 228
MOVE B64 228
MOVE B65 228
MOVE B66 228
MOVE B67 228
MOVE B68 228
MOVE B69 228
MOVE B70 228
MOVE B71 228
MOVE B72 228
MOVE B73 218
MOVE B74 218
MOVE B75 218
MOVE B76 218
MOVE B77 218
MOVE B78 218
MOVE B79 218
MOVE B80 218
MOVE B81 205
MOVE B82 205
MOVE B83 205
MOVE B84 205
MOVE B85 205
MOVE B86 205
MOVE B88 205
MOVE B89 205
MOVE B90 205
MOVE B91 128
MOVE B92 193
MOVE B93 193
MOVE B94 147
MOVE B95 193
MOVE B96 193
MOVE B97 193
MOVE B98 193
MOVE B99 193
MOVE B100 193
MOVE B101 193
MOVE B102 193
MOVE B103 193
MOVE B104 205
MOVE B105 205
MOVE B106 218
MOVE B107 218
MOVE B108 218
END TURN 348
TURN 349
COMMAND LEFT START
COMMAND LEFT END
COMMAND RIGHT START
MOVE B111 116
MOVE B110 116
MOVE B109 116
MOVE B61 116
MOVE B60 116
MOVE B59 116
MOVE B58 116
MOVE B55 116
TRAIN 3
COMMAND RIGHT END
TURN 349 RESULT
TIME LEFT 0 5 RIGHT 0 5
TRAIN B112 B113 B114
MOVE B31 73
MOVE B46 94
MOVE B55 228
MOVE B56 45
MOVE B58 228
MOVE B59 228
MOVE B60 228
MOVE B61 228
MOVE B62 218
MOVE B63 218
MOVE B64 218
MOVE B65 218
MOVE B66 218
MOVE B67 218
MOVE B68 218
MOVE B69 218
MOVE B70 218
MOVE B71 218
MOVE B72 218
MOVE B73 205
MOVE B74 205
MOVE B75 205
MOVE B76 205
MOVE B77 205
MOVE B78 205
MOVE B79 205
MOVE B80 205
MOVE B81 193
MOVE B82 193
MOVE B83 193
MOVE B84 193
MOVE B85 193
MOVE B86 193
MOVE B88 193
MOVE B89 193
MOVE B90 193
MOVE B91 116
MOVE B92 173
MOVE B93 173
MOVE B94 128
MOVE B95 173
MOVE B96 173
MOVE B97 173
MOVE B98 173
MOVE B99 173
MOVE B100 173
MOVE B101 173
MOVE B102 173
MOVE B103 173
MOVE B104 193
MOVE B105 193
MOVE B106 205
MOVE B107 205
MOVE B108 205
MOVE B109 228
MOVE B110 228
MOVE B111 228
END TURN 349
TURN 350
COMMAND LEFT START
COMMAND LEFT END
COMMAND RIGHT START
MOVE B114 116
MOVE B113 116
MOVE B112 116
TRAIN 1
COMMAND RIGHT END
TURN 350 RESULT
TIME LEFT 0 5 RIGHT 0 5
TRAIN B115
MOVE B31 68
MOVE B46 73
MOVE B55 218
MOVE B56 34
MOVE B58 218
MOVE B59 218
MOVE B60 218
MOVE B61 218
MOVE B62 205
MOVE B63 205
MOVE B64 205
MOVE B65 205
MOVE B66 205
MOVE B67 205
MOVE B68 205
MOVE B69 205
MOVE B70 205
MOVE B71 205
MOVE B72 205
MOVE B73 193
MOVE B74 193
MOVE B75 193
MOVE B76 193
MOVE B77 193
MOVE B78 193
MOVE B79 193
MOVE B80 193
MOVE B81 173
MOVE B82 173
MOVE B83 173
MOVE B84 173
MOVE B85 173
MOVE B86 173
MOVE B88 173
MOVE B89 173
MOVE B90 173
MOVE B92 167
MOVE B93 167
MOVE B94 116
MOVE B95 167
MOVE B96 167
MOVE B97 167
MOVE B98 167
MOVE B99 167
MOVE B100 167
MOVE B101 167
MOVE B102 167
MOVE B103 167
MOVE B104 173
MOVE B105 173
MOVE B106 193
MOVE B107 193
MOVE B108 193
MOVE B109 218
MOVE B110 218
MOVE B111 218
MOVE B112 228
MOVE B113 228
MOVE B114 228
END TURN 350
TURN 351
COMMAND LEFT START
COMMAND LEFT END
COMMAND RIGHT START
MOVE B94 16
MOVE B115 116
UPGRADE 34
TRAIN 3
COMMAND RIGHT END
TURN 351 RESULT
TIME LEFT 0 5 RIGHT 0 5
UPGRADE B 34
TRAIN B116 B117 B118
MOVE B31 54
MOVE B46 68
MOVE B55 205
MOVE B58 205
MOVE B59 205
MOVE B60 205
MOVE B61 205
MOVE B62 193
MOVE B63 193
MOVE B64 193
MOVE B65 193
MOVE B66 193
MOVE B67 193
MOVE B68 193
MOVE B69 193
MOVE B70 193
MOVE B71 193
MOVE B72 193
MOVE B73 173
MOVE B74 173
MOVE B75 173
MOVE B76 173
MOVE B77 173
MOVE B78 173
MOVE B79 173
MOVE B80 173
MOVE B81 167
MOVE B82 167
MOVE B83 167
MOVE B84 167
MOVE B85 167
MOVE B86 167
MOVE B88 167
MOVE B89 167
MOVE B90 167
MOVE B92 147
MOVE B93 147
MOVE B94 102
MOVE B95 147
MOVE B96 147
MOVE B97 147
MOVE B98 147
MOVE B99 147
MOVE B100 147
MOVE B101 147
MOVE B102 147
MOVE B103 147
MOVE B104 167
MOVE B105 167
MOVE B106 173
MOVE B107 173
MOVE B108 173
MOVE B109 205
MOVE B110 205
MOVE B111 205
MOVE B112 218
MOVE B113 218
MOVE B114 218
MOVE B115 228
END TURN 351
TURN 352
COMMAND LEFT START
COMMAND LEFT END
COMMAND RIGHT START
MOVE B118 116
MOVE B117 116
MOVE B116 116
UPGRADE 34
TRAIN 3
COMMAND RIGHT END
TURN 352 RESULT
TIME LEFT 0 5 RIGHT 0 5
UPGRADE B 34
TRAIN B119 B120 B121
MOVE B31 55
MOVE B46 54
MOVE B55 193
MOVE B58 193
MOVE B59 193
MOVE B60 193
MOVE B61 193
MOVE B62 173
MOVE B63 173
MOVE B64 173
MOVE B65 173
MOVE B66 173
MOVE B67 173
MOVE B68 173
MOVE B69 173
MOVE B70 173
MOVE B71 173
MOVE B72 173
MOVE B73 167
MOVE B74 167
MOVE B75 167
MOVE B76 167
MOVE B77 167
MOVE B78 167
MOVE B79 167
MOVE B80 167
MOVE B81 147
MOVE B82 147
MOVE B83 147
MOVE B84 147
MOVE B85 147
MOVE B86 147
MOVE B88 147
MOVE B89 147
MOVE B90 147
MOVE B92 128
MOVE B93 128
MOVE B94 84
MOVE B95 128
MOVE B96 128
MOVE B97 128
MOVE B98 128
MOVE B99 128
MOVE B100 128
MOVE B101 128
MOVE B102 128
MOVE B103 128
MOVE B104 147
MOVE B105 147
MOVE B106 167
MOVE B107 167
MOVE B108 167
MOVE B109 193
MOVE B110 193
MOVE B111 193
MOVE B112 205
MOVE B113 205
MOVE B114 205
MOVE B115 218
MOVE B116 228
MOVE B117 228
MOVE B118 228
END TURN 352
TURN 353
COMMAND LEFT START
COMMAND LEFT END
COMMAND RIGHT START
MOVE B47 34
MOVE B121 116
MOVE B120 116
MOVE B119 116
UPGRADE 34
COMMAND RIGHT END
TURN 353 RESULT
TIME LEFT 0 5 RIGHT 0 5
UPGRADE B 34
MOVE B31 60
MOVE B46 55
MOVE B47 102
MOVE B55 173
MOVE B58 173
MOVE B59 173
MOVE B60 173
MOVE B61 173
MOVE B62 167
MOVE B63 167
MOVE B64 167
MOVE B65 167
MOVE B66 167
MOVE B67 167
MOVE B68 167
MOVE B69 167
MOVE B70 167
MOVE B71 167
MOVE B72 167
MOVE B73 147
MOVE B74 147
MOVE B75 147
MOVE B76 147
MOVE B77 147
MOVE B78 147
MOVE B79 147
MOVE B80 147
MOVE B81 128
MOVE B82 128
MOVE B83 128
MOVE B84 128
MOVE B85 128
MOVE B86 128
MOVE B88 128
MOVE B89 128
MOVE B90 128
MOVE B92 116
MOVE B93 116
MOVE B94 69
MOVE B95 116
MOVE B96 116
MOVE B97 116
MOVE B98 116
MOVE B99 116
MOVE B100 116
MOVE B101 116
MOVE B102 116
MOVE B103 116
MOVE B104 128
MOVE B105 128
MOVE B106 147
MOVE B107 147
MOVE B108 147
MOVE B109 173
MOVE B110 173
MOVE B111 173
MOVE B112 193
MOVE B113 193
MOVE B114 193
MOVE B115 205
MOVE B116 218
MOVE B117 218
MOVE B118 218
MOVE B119 228
MOVE B120 228
MOVE B121 228
END TURN 353
TURN 354
COMMAND LEFT START
COMMAND LEFT END
COMMAND RIGHT START
MOVE B49 34
TRAIN 3
COMMAND RIGHT END
TURN 354 RESULT
TIME LEFT 0 5 RIGHT 0 5
TRAIN B122 B123 B124
MOVE B46 60
MOVE B47 94
MOVE B49 102
MOVE B55 167
MOVE B58 167
MOVE B59 167
MOVE B60 167
MOVE B61 167
MOVE B62 147
MOVE B63 147
MOVE B64 147
MOVE B65 147
MOVE B66 147
MOVE B67 147
MOVE B68 147
MOVE B69 147
MOVE B70 147
MOVE B71 147
MOVE B72 147
MOVE B73 128
MOVE B74 128
MOVE B75 128
MOVE B76 128
MOVE B77 128
MOVE B78 128
MOVE B79 128
MOVE B80 128
MOVE B81 116
MOVE B82 116
MOVE B83 116
MOVE B84 116
MOVE B85 116
MOVE B86 116
MOVE B88 116
MOVE B89 116
MOVE B90 116
MOVE B94 61
MOVE B104 116
MOVE B105 116
MOVE B106 128
MOVE B107 128
MOVE B108 128
MOVE B109 167
MOVE B110 167
MOVE B111 167
MOVE B112 173
MOVE B113 173
MOVE B114 173
MOVE B115 193
MOVE B116 205
MOVE B117 205
MOVE B118 205
MOVE B119 218
MOVE B120 218
MOVE B121 218
END TURN 354
TURN 355
COMMAND LEFT START
COMMAND LEFT END
COMMAND RIGHT START
MOVE B124 116
MOVE B123 116
MOVE B122 116
TRAIN 3
COMMAND RIGHT END
TURN 355 RESULT
TIME LEFT 0 5 RIGHT 0 5
TRAIN B125 B126 B127
MOVE B47 73
MOVE B49 94
MOVE B55 147
MOVE B58 147
MOVE B59 147
MOVE B60 147
MOVE B61 147
MOVE B62 128
MOVE B63 128
MOVE B64 128
MOVE B65 128
MOVE B66 128
MOVE B67 128
MOVE B68 128
MOVE B69 128
MOVE B70 128
MOVE B71 128
MOVE B72 128
MOVE B73 116
MOVE B74 116
MOVE B75 116
MOVE B76 116
MOVE B77 116
MOVE B78 116
MOVE B79 116
MOVE B80 116
MOVE B94 56
MOVE B106 116
MOVE B107 116
MOVE B108 116
MOVE B109 147
MOVE B110 147
MOVE B111 147
MOVE B112 167
MOVE B113 167
MOVE B114 167
MOVE B115 173
MOVE B116 193
MOVE B117 193
MOVE B118 193
MOVE B119 205
MOVE B120 205
MOVE B121 205
MOVE B122 228
MOVE B123 228
MOVE B124 228
END TURN 355
TURN 356
COMMAND LEFT START
COMMAND LEFT END
COMMAND RIGHT START
MOVE B108 0
MOVE B107 0
MOVE B106 0
MOVE B105 0
MOVE B104 0
MOVE B103 0
MOVE B102 0
MOVE B101 0
MOVE B100 0
MOVE B99 0
MOVE B98 0
MOVE B97 0
MOVE B96 0
MOVE B95 0
MOVE B93 0
MOVE B92 0
MOVE B91 0
MOVE B90 0
MOVE B89 0
MOVE B88 0
MOVE B87 0
MOVE B86 0
MOVE B85 0
MOVE B84 0
MOVE B83 0
MOVE B82 0
MOVE B81 0
MOVE B80 0
MOVE B79 0
MOVE B78 0
MOVE B77 0
MOVE B76 0
MOVE B75 0
MOVE B74 0
MOVE B73 0
MOVE B54 0
MOVE B53 0
MOVE B52 0
COMMAND RIGHT END
TURN 356 RESULT
TIME LEFT 0 5 RIGHT 1 5
MOVE B47 68
MOVE B49 73
MOVE B52 104
MOVE B53 104
MOVE B54 104
MOVE B55 128
MOVE B58 128
MOVE B59 128
MOVE B60 128
MOVE B61 128
MOVE B62 116
MOVE B63 116
MOVE B64 116
MOVE B65 116
MOVE B66 116
MOVE B67 116
MOVE B68 116
MOVE B69 116
MOVE B70 116
MOVE B71 116
MOVE B72 116
MOVE B73 104
MOVE B74 104
MOVE B75 104
MOVE B76 104
MOVE B77 104
MOVE B78 104
MOVE B79 104
MOVE B80 104
MOVE B81 104
MOVE B82 104
MOVE B83 104
MOVE B84 104
MOVE B85 104
MOVE B86 104
MOVE B87 104
MOVE B88 104
MOVE B89 104
MOVE B90 104
MOVE B91 104
MOVE B92 104
MOVE B93 104
MOVE B94 37
MOVE B95 104
MOVE B96 104
MOVE B97 104
MOVE B98 104
MOVE B99 104
MOVE B100 104
MOVE B101 104
MOVE B102 104
MOVE B103 104
MOVE B104 104
MOVE B105 104
MOVE B106 104
MOVE B107 104
MOVE B108 104
MOVE B109 128
MOVE B110 128
MOVE B111 128
MOVE B112 147
MOVE B113 147
MOVE B114 147
MOVE B115 167
MOVE B116 173
MOVE B117 173
MOVE B118 173
MOVE B119 193
MOVE B120 193
MOVE B121 193
MOVE B122 218
MOVE B123 218
MOVE B124 218
END TURN 356
TURN 357
COMMAND LEFT START
COMMAND LEFT END
COMMAND RIGHT START
TRAIN 3
COMMAND RIGHT END
TURN 357 RESULT
TIME LEFT 0 5 RIGHT 0 5
TRAIN B128 B129 B130
MOVE B47 45
MOVE B49 68
MOVE B52 85
MOVE B53 85
MOVE B54 85
MOVE B55 116
MOVE B58 116
MOVE B59 116
MOVE B60 116
MOVE B61 116
MOVE B73 85
MOVE B74 85
MOVE B75 85
MOVE B76 85
MOVE B77 85
MOVE B78 85
MOVE B79 85
MOVE B80 85
MOVE B81 85
MOVE B82 85
MOVE B83 85
MOVE B84 85
MOVE B85 85
MOVE B86 85
MOVE B87 85
MOVE B88 85
MOVE B89 85
MOVE B90 85
MOVE B91 85
MOVE B92 85
MOVE B93 85
MOVE B94 25
MOVE B95 85
MOVE B96 85
MOVE B97 85
MOVE B98 85
MOVE B99 85
MOVE B100 85
MOVE B101 85
MOVE B102 85
MOVE B103 85
MOVE B104 85
MOVE B105 85
MOVE B106 85
MOVE B107 85
MOVE B108 85
MOVE B109 116
MOVE B110 116
MOVE B111 116
MOVE B112 128
MOVE B113 128
MOVE B114 128
MOVE B115 147
MOVE B116 167
MOVE B117 167
MOVE B118 167
MOVE B119 173
MOVE B120 173
MOVE B121 173
MOVE B122 205
MOVE B123 205
MOVE B124 205
END TURN 357
TURN 358
COMMAND LEFT START
COMMAND LEFT END
COMMAND RIGHT START
TRAIN 3
COMMAND RIGHT END
TURN 358 RESULT
TIME LEFT 0 5 RIGHT 0 5
TRAIN B131 B132 B133
MOVE B47 34
MOVE B49 45
MOVE B52 65
MOVE B53 65
MOVE B54 65
MOVE B73 65
MOVE B74 65
MOVE B75 65
MOVE B76 65
MOVE B77 65
MOVE B78 65
MOVE B79 65
MOVE B80 65
MOVE B81 65
MOVE B82 65
MOVE B83 65
MOVE B84 65
MOVE B85 65
MOVE B86 65
MOVE B87 65
MOVE B88 65
MOVE B89 65
MOVE B90 65
MOVE B91 65
MOVE B92 65
MOVE B93 65
MOVE B94 16
MOVE B95 65
MOVE B96 65
MOVE B97 65
MOVE B98 65
MOVE B99 65
MOVE B100 65
MOVE B101 65
MOVE B102 65
MOVE B103 65
MOVE B104 65
MOVE B105 65
MOVE B106 65
MOVE B107 65
MOVE B108 65
MOVE B112 116
MOVE B113 116
MOVE B114 116
MOVE B115 128
MOVE B116 147
MOVE B117 147
MOVE B118 147
MOVE B119 167
MOVE B120 167
MOVE B121 167
MOVE B122 193
MOVE B123 193
MOVE B124 193
END TURN 358
TURN 359
COMMAND LEFT START
COMMAND LEFT END
COMMAND RIGHT START
MOVE B114 3
UPGRADE 16
COMMAND RIGHT END
TURN 359 RESULT
TIME LEFT 0 5 RIGHT 0 5
UPGRADE B 16
MOVE B49 34
MOVE B52 59
MOVE B53 59
MOVE B54 59
MOVE B73 59
MOVE B74 59
MOVE B75 59
MOVE B76 59
MOVE B77 59
MOVE B78 59
MOVE B79 59
MOVE B80 59
MOVE B81 59
MOVE B82 59
MOVE B83 59
MOVE B84 59
MOVE B85 59
MOVE B86 59
MOVE B87 59
MOVE B88 59
MOVE B89 59
MOVE B90 59
MOVE B91 59
MOVE B92 59
MOVE B93 59
MOVE B95 59
MOVE B96 59
MOVE B97 59
MOVE B98 59
MOVE B99 59
MOVE B100 59
MOVE B101 59
MOVE B102 59
MOVE B103 59
MOVE B104 59
MOVE B105 59
MOVE B106 59
MOVE B107 59
MOVE B108 59
MOVE B114 104
MOVE B115 116
MOVE B116 128
MOVE B117 128
MOVE B118 128
MOVE B119 147
MOVE B120 147
MOVE B121 147
MOVE B122 173
MOVE B123 173
MOVE B124 173
END TURN 359
TURN 360
COMMAND LEFT START
COMMAND LEFT END
COMMAND RIGHT START
UPGRADE 16
TRAIN 3
COMMAND RIGHT END
TURN 360 RESULT
TIME LEFT 0 5 RIGHT 0 5
UPGRADE B 16
TRAIN B134 B135 B136
MOVE B52 39
MOVE B53 39
MOVE B54 39
MOVE B73 39
MOVE B74 39
MOVE B75 39
MOVE B76 39
MOVE B77 39
MOVE B78 39
MOVE B79 39
MOVE B80 39
MOVE B81 39
MOVE B82 39
MOVE B83 39
MOVE B84 39
MOVE B85 39
MOVE B86 39
MOVE B87 39
MOVE B88 39
MOVE B89 39
MOVE B90 39
MOVE B91 39
MOVE B92 39
MOVE B93 39
MOVE B95 39
MOVE B96 39
MOVE B97 39
MOVE B98 39
MOVE B99 39
MOVE B100 39
MOVE B101 39
MOVE B102 39
MOVE B103 39
MOVE B104 39
MOVE B105 39
MOVE B106 39
MOVE B107 39
MOVE B108 39
MOVE B114 85
MOVE B116 116
MOVE B117 116
MOVE B118 116
MOVE B119 128
MOVE B120 128
MOVE B121 128
MOVE B122 167
MOVE B123 167
MOVE B124 167
END TURN 360
TURN 361
COMMAND LEFT START
COMMAND LEFT END
COMMAND RIGHT START
MOVE B50 16
UPGRADE 16
COMMAND RIGHT END
TURN 361 RESULT
TIME LEFT 0 5 RIGHT 0 5
UPGRADE B 16
MOVE B50 102
MOVE B52 27
MOVE B53 27
MOVE B54 27
MOVE B73 27
MOVE B74 27
MOVE B75 27
MOVE B76 27
MOVE B77 27
MOVE B78 27
MOVE B79 27
MOVE B80 27
MOVE B81 27
MOVE B82 27
MOVE B83 27
MOVE B84 27
MOVE B85 27
MOVE B86 27
MOVE B87 27
MOVE B88 27
MOVE B89 27
MOVE B90 27
MOVE B91 27
MOVE B92 27
MOVE B93 27
MOVE B95 27
MOVE B96 27
MOVE B97 27
MOVE B98 27
MOVE B99 27
MOVE B100 27
MOVE B101 27
MOVE B102 27
MOVE B103 27
MOVE B104 27
MOVE B105 27
MOVE B106 27
MOVE B107 27
MOVE B108 27
MOVE B114 65
MOVE B119 116
MOVE B120 116
MOVE B121 116
MOVE B122 147
MOVE B123 147
MOVE B124 147
END TURN 361
TURN 362
COMMAND LEFT START
COMMAND LEFT END
COMMAND RIGHT START
MOVE B51 16
MOVE B136 116
TRAIN 3
COMMAND RIGHT END
TURN 362 RESULT
TIME LEFT 0 5 RIGHT 0 5
TRAIN B137 B138 B139
MOVE B50 84
MOVE B51 102
MOVE B52 14
MOVE B53 14
MOVE B54 14
MOVE B73 14
MOVE B74 14
MOVE B75 14
MOVE B76 14
MOVE B77 14
MOVE B78 14
MOVE B79 14
MOVE B80 14
MOVE B81 14
MOVE B82 14
MOVE B83 14
MOVE B84 14
MOVE B85 14
MOVE B86 14
MOVE B87 14
MOVE B88 14
MOVE B89 14
MOVE B90 14
MOVE B91 14
MOVE B92 14
MOVE B93 14
MOVE B95 14
MOVE B96 14
MOVE B97 14
MOVE B98 14
MOVE B99 14
MOVE B100 14
MOVE B101 14
MOVE B102 14
MOVE B103 14
MOVE B104 14
MOVE B105 14
MOVE B106 14
MOVE B107 14
MOVE B108 14
MOVE B114 59
MOVE B122 128
MOVE B123 128
MOVE B124 128
MOVE B136 228
END TURN 362
TURN 363
COMMAND LEFT START
COMMAND LEFT END
COMMAND RIGHT START
MOVE B139 116
TRAIN 3
COMMAND RIGHT END
TURN 363 RESULT
TIME LEFT 0 5 RIGHT 0 5
TRAIN B140 B141 B142
MOVE B50 69
MOVE B51 84
MOVE B52 4
MOVE B53 4
MOVE B54 4
MOVE B73 4
MOVE B74 4
MOVE B75 4
MOVE B76 4
MOVE B77 4
MOVE B78 4
MOVE B79 4
MOVE B80 4
MOVE B81 4
MOVE B82 4
MOVE B83 4
MOVE B84 4
MOVE B85 4
MOVE B86 4
MOVE B87 4
MOVE B88 4
MOVE B89 4
MOVE B90 4
MOVE B91 4
MOVE B92 4
MOVE B93 4
MOVE B95 4
MOVE B96 4
MOVE B97 4
MOVE B98 4
MOVE B99 4
MOVE B100 4
MOVE B101 4
MOVE B102 4
MOVE B103 4
MOVE B104 4
MOVE B105 4
MOVE B106 4
MOVE B107 4
MOVE B108 4
MOVE B114 48
MOVE B122 116
MOVE B123 116
MOVE B124 116
MOVE B136 218
MOVE B139 228
END TURN 363
TURN 364
COMMAND LEFT START
COMMAND LEFT END
COMMAND RIGHT START
TRAIN 3
COMMAND RIGHT END
TURN 364 RESULT
TIME LEFT 0 5 RIGHT 0 5
TRAIN B143 B144 B145
MOVE B50 61
MOVE B51 69
MOVE B52 0
MOVE B53 0
MOVE B54 0
MOVE B73 0
MOVE B74 0
MOVE B75 0
MOVE B76 0
MOVE B77 0
MOVE B78 0
MOVE B79 0
MOVE B80 0
MOVE B81 0
MOVE B82 0
MOVE B83 0
MOVE B84 0
MOVE B85 0
MOVE B86 0
MOVE B87 0
MOVE B88 0
MOVE B89 0
MOVE B90 0
MOVE B91 0
MOVE B92 0
MOVE B93 0
MOVE B95 0
MOVE B96 0
MOVE B97 0
MOVE B98 0
MOVE B99 0
MOVE B100 0
MOVE B101 0
MOVE B102 0
MOVE B103 0
MOVE B104 0
MOVE B105 0
MOVE B106 0
MOVE B107 0
MOVE B108 0
MOVE B114 33
MOVE B136 205
MOVE B139 218
DAMAGE TURRET B52 1
DAMAGE COMBAT A1 4
DAMAGE COMBAT B52 1
SIEGE A 0 10
END TURN 364
RESULT RIGHT_WIN HQ_DESTROYED
