[LEFT ""]
[RIGHT ""]
MAP
219 17
-10998 -10923 -9875 -8799 -9281 -10067 -8579 -8915 -8340 -9015 -9319 -8182 -7598 -7483 -7443 -8590 -8075 -7406 -7147 -6790 -6970 -7062 -7521 -7782 -6989 -6515 -6376 -6219 -6319 -6201 -6084 -5989 -5987 -5830 -5765 -5895 -5318 -5371 -5319 -5145 -5079 -5528 -5652 -5027 -4909 -4973 -4957 -4463 -4401 -4362 -4310 -4442 -4325 -4340 -4039 -4270 -3898 -3919 -3577 -3757 -3720 -3819 -3384 -3275 -3297 -3404 -3136 -3149 -3099 -2703 -2848 -2772 -2698 -2964 -2818 -2706 -2771 -2249 -2411 -2217 -2229 -1933 -1768 -1893 -1788 -1801 -1931 -1636 -1527 -1642 -1390 -1453 -1379 -966 -1278 -794 -759 -982 -476 -607 -687 -512 -288 -687 -571 -609 -302 -388 -479 0 479 388 302 609 571 687 288 512 687 607 476 982 759 794 1278 966 1379 1453 1390 1642 1527 1636 1931 1801 1788 1893 1768 1933 2229 2217 2411 2249 2771 2706 2818 2964 2698 2772 2848 2703 3099 3149 3136 3404 3297 3275 3384 3819 3720 3757 3577 3919 3898 4270 4039 4340 4325 4442 4310 4362 4401 4463 4957 4973 4909 5027 5652 5528 5079 5145 5319 5371 5318 5895 5765 5830 5987 5989 6084 6201 6319 6219 6376 6515 6989 7782 7521 7062 6970 6790 7147 7406 8075 8590 7443 7483 7598 8182 9319 9015 8340 8915 8579 10067 9281 8799 9875 10923 10998
-1568 2221 34 1206 3280 -4436 -1638 -2893 -282 -5724 5412 3995 -2673 226 -4168 6862 -6228 2572 -1806 -3324 5298 1441 8184 -7721 -883 4275 5946 -5753 3062 -4430 294 -2258 1941 -1037 6746 -7586 3154 5471 4208 -4680 -3004 -9682 9495 1911 6996 807 -6189 -5423 -1415 -7145 7751 -208 3780 5715 2742 4753 1659 -3678 543 6542 -4816 8716 5185 3884 -6079 -9497 -3117 10638 -7196 8296 7300 6082 -5019 -1297 -2185 -312 1992 4903 3245 905 -9578 -6225 6390 -2698 -7489 -1360 -4041 1938 -5209 9305 -192 2971 7586 -3001 4066 -1633 -3979 -10404 2225 1119 10401 -4959 3187 5557 -7419 -6198 8101 4442 6687 0 -6687 -4442 -8101 6198 7419 -5557 -3187 4959 -10401 -1119 -2225 10404 3979 1633 -4066 3001 -7586 -2971 192 -9305 5209 -1938 4041 1360 7489 2698 -6390 6225 9578 -905 -3245 -4903 -1992 312 2185 1297 5019 -6082 -7300 -8296 7196 -10638 3117 9497 6079 -3884 -5185 -8716 4816 -6542 -543 3678 -1659 -4753 -2742 -5715 -3780 208 -7751 7145 1415 5423 6189 -807 -6996 -1911 -9495 9682 3004 4680 -4208 -5471 -3154 7586 -6746 1037 -1941 2258 -294 4430 -3062 5753 -5946 -4275 883 7721 -8184 -1441 -5298 3324 1806 -2572 6228 -6862 4168 -226 2673 -3995 -5412 5724 282 2893 1638 4436 -3280 -1206 -34 -2221 1568
STRONGHOLDS 1 12 25 26 57 61 76 88 109 130 142 157 161 192 193 206 217
5 1 2 5 6 7
5 0 2 3 4 10
5 0 1 3 6 8
7 1 2 4 8 13 17 21
5 1 3 10 11 17
4 0 7 9 14
7 0 2 7 8 12 18 24
5 0 5 6 12 14
5 2 3 6 13 24
4 5 14 16 23
5 1 4 11 15 20
5 4 10 17 20 25
5 6 7 14 18 19
5 3 8 21 24 30
8 5 7 9 12 16 19 27 29
4 10 20 22 26
4 9 14 23 27
7 3 4 11 21 25 28 32
6 6 12 19 24 31 33
6 12 14 18 29 31 40
6 10 11 15 25 26 37
5 3 13 17 30 32
4 15 26 34 42
5 9 16 27 35 41
6 6 8 13 18 30 33
6 11 17 20 28 37 38
5 15 20 22 34 37
7 14 16 23 29 35 39 46
5 17 25 32 36 38
5 14 19 27 39 40
7 13 21 24 32 33 45 51
5 18 19 33 40 48
7 17 21 28 30 36 43 45
6 18 24 30 31 48 51
5 22 26 37 42 44
5 23 27 41 46 49
6 28 32 38 43 52 54
8 20 25 26 34 38 44 53 55
6 25 28 36 37 52 55
7 27 29 40 46 47 57 60
7 19 29 31 39 48 57 66
4 23 35 49 65
6 22 34 44 50 61 67
5 32 36 45 54 56
6 34 37 42 50 53 59
6 30 32 43 51 56 58
6 27 35 39 47 49 64
4 39 46 60 64
7 31 33 40 51 66 73 74
6 35 41 46 64 65 68
6 42 44 59 61 69 70
7 30 33 45 48 58 73 75
5 36 38 54 55 63
5 37 44 55 59 62
7 36 43 52 56 63 76 78
6 37 38 52 53 62 63
5 43 45 54 58 76
5 39 40 60 66 72
6 45 51 56 75 76 79
6 44 50 53 62 70 71
5 39 47 57 64 72
4 42 50 67 69
6 53 55 59 63 71 77
6 52 54 55 62 77 78
7 46 47 49 60 68 72 81
4 41 49 68 80
7 40 48 57 72 74 83 86
5 42 61 69 89 100
6 49 64 65 80 81 84
6 50 61 67 70 89 92
6 50 59 69 71 82 92
5 59 62 70 77 82
7 57 60 64 66 81 86 88
5 48 51 74 75 85
5 48 66 73 83 85
6 51 58 73 79 85 90
6 54 56 58 78 79 87
7 62 63 71 78 82 94 103
7 54 63 76 77 87 91 94
6 58 75 76 87 90 99
6 65 68 84 97 104 112
6 64 68 72 84 88 105
6 70 71 77 92 103 108
6 66 74 85 86 93 95
5 68 80 81 104 105
6 73 74 75 83 90 95
6 66 72 83 88 93 96
6 76 78 79 91 98 99
6 72 81 86 96 101 105
5 67 69 92 100 106
6 75 79 85 95 99 109
5 78 87 94 98 102
6 69 70 82 89 106 108
6 83 86 95 96 116 120
6 77 78 91 102 103 107
7 83 85 90 93 109 119 120
6 86 88 93 101 111 116
3 80 112 118
6 87 91 99 102 123 125
6 79 87 90 98 109 123
4 67 89 106 121
5 88 96 105 111 115
6 91 94 98 107 122 125
7 77 82 94 107 108 113 117
5 80 84 105 110 112
7 81 84 88 101 104 110 115
7 89 92 100 108 114 121 138
5 94 102 103 117 122
6 82 92 103 106 113 114
6 90 95 99 119 123 128
6 104 105 112 115 126 136
5 96 101 115 116 124
7 80 97 104 110 118 126 129
7 103 108 114 117 130 134 137
5 106 108 113 134 138
7 101 105 110 111 124 136 141
6 93 96 111 120 124 127
5 103 107 113 122 130
4 97 112 129 151
6 95 109 120 128 131 139
6 93 95 116 119 127 131
3 100 106 138
6 102 107 117 125 130 132
7 98 99 109 125 128 133 135
6 111 115 116 127 140 141
6 98 102 122 123 132 135
6 110 112 129 136 148 149
5 116 120 124 131 140
6 109 119 123 133 139 143
5 112 118 126 149 151
6 113 117 122 132 137 146
6 119 120 127 139 140 142
6 122 125 130 135 146 152
6 123 128 135 143 144 145
5 113 114 137 138 150
6 123 125 132 133 144 152
6 110 115 126 141 147 148
6 113 130 134 146 150 154
6 106 114 121 134 150 153
6 119 128 131 142 143 160
7 124 127 131 141 142 155 164
7 115 124 136 140 147 155 156
6 131 139 140 160 162 164
6 128 133 139 145 160 167
5 133 135 145 152 170
5 133 143 144 167 170
7 130 132 137 152 154 158 161
5 136 141 148 156 159
6 126 136 147 149 159 168
6 126 129 148 151 157 168
6 134 137 138 153 154 169
5 118 129 149 157 176
7 132 135 144 146 161 170 178
4 138 150 169 177
7 137 146 150 158 169 171 172
6 140 141 156 163 164 166
6 141 147 155 159 163 165
4 149 151 168 176
5 146 154 161 171 179
6 147 148 156 165 168 174
6 139 142 143 162 167 173
5 146 152 158 178 179
5 142 160 164 173 175
6 155 156 165 166 180 181
7 140 142 155 162 166 175 182
5 156 159 163 174 181
5 155 163 164 180 182
7 143 145 160 170 173 185 188
6 148 149 157 159 174 176
6 150 153 154 172 177 183
7 144 145 152 167 178 185 187
4 154 158 172 179
6 154 169 171 179 183 191
6 160 162 167 175 186 188
6 159 165 168 176 181 184
5 162 164 173 182 186
6 151 157 168 174 184 196
4 153 169 183 195
7 152 161 170 179 187 189 199
7 158 161 171 172 178 189 191
6 163 166 181 182 190 193
8 163 165 174 180 184 192 193 198
6 164 166 175 180 186 190
5 169 172 177 191 195
5 174 176 181 192 196
6 167 170 187 188 194 200
7 173 175 182 188 190 197 201
5 170 178 185 199 200
7 167 173 185 186 194 197 205
5 178 179 191 199 204
5 180 182 186 193 201
7 172 179 183 189 195 202 204
5 181 184 196 198 203
6 180 181 190 198 201 207
6 185 188 200 205 210 212
5 177 183 191 202 209
4 176 184 192 203
5 186 188 201 205 215
6 181 192 193 203 207 208
6 178 187 189 200 204 206
6 185 187 194 199 206 212
7 186 190 193 197 207 214 215
4 191 195 204 209
4 192 196 198 208
8 189 191 199 202 206 209 211 213
5 188 194 197 210 215
5 199 200 204 211 212
5 193 198 201 208 214
5 198 203 207 214 217
4 195 202 204 213
5 194 205 212 215 216
5 204 206 212 213 218
7 194 200 206 210 211 216 218
4 204 209 211 218
5 201 207 208 215 217
7 197 201 205 210 214 216 217
5 210 212 215 217 218
5 208 214 215 216 218
5 211 212 213 216 217
END MAP
TURN 1
COMMAND LEFT START
MOVE A3 109
MOVE A1 109
UPGRADE 0
TRAIN 1
COMMAND LEFT END
COMMAND RIGHT START
MOVE B1 217
MOVE B2 109
COMMAND RIGHT END
TURN 1 RESULT
TIME LEFT 37 5 RIGHT 6 5
UPGRADE A 0
TRAIN A4
MOVE A1 6
MOVE A3 6
MOVE B1 217
MOVE B2 212
END TURN 1
TURN 2
COMMAND LEFT START
COMMAND LEFT END
COMMAND RIGHT START
UPGRADE 217
COMMAND RIGHT END
TURN 2 RESULT
TIME LEFT 0 5 RIGHT 0 5
UPGRADE B 217
MOVE A1 24
MOVE A3 24
MOVE B2 194
END TURN 2
TURN 3
COMMAND LEFT START
COMMAND LEFT END
COMMAND RIGHT START
COMMAND RIGHT END
TURN 3 RESULT
TIME LEFT 0 5 RIGHT 0 5
MOVE A1 33
MOVE A3 33
MOVE B2 185
END TURN 3
TURN 4
COMMAND LEFT START
COMMAND LEFT END
COMMAND RIGHT START
COMMAND RIGHT END
TURN 4 RESULT
TIME LEFT 0 5 RIGHT 0 5
MOVE A1 51
MOVE A3 51
MOVE B2 167
END TURN 4
TURN 5
COMMAND LEFT START
COMMAND LEFT END
COMMAND RIGHT START
COMMAND RIGHT END
TURN 5 RESULT
TIME LEFT 0 5 RIGHT 0 5
MOVE A1 75
MOVE A3 75
MOVE B2 143
END TURN 5
TURN 6
COMMAND LEFT START
COMMAND LEFT END
COMMAND RIGHT START
COMMAND RIGHT END
TURN 6 RESULT
TIME LEFT 0 5 RIGHT 0 5
MOVE A1 90
MOVE A3 90
MOVE B2 128
END TURN 6
TURN 7
COMMAND LEFT START
COMMAND LEFT END
COMMAND RIGHT START
COMMAND RIGHT END
TURN 7 RESULT
TIME LEFT 0 5 RIGHT 0 5
MOVE A1 109
MOVE A3 109
MOVE B2 109
DAMAGE COMBAT A1 1
DAMAGE COMBAT B2 2
END TURN 7
TURN 8
COMMAND LEFT START
COMMAND LEFT END
COMMAND RIGHT START
COMMAND RIGHT END
TURN 8 RESULT
TIME LEFT 0 5 RIGHT 0 5
DAMAGE COMBAT A1 1
DAMAGE COMBAT B2 2
END TURN 8
TURN 9
COMMAND LEFT START
COMMAND LEFT END
COMMAND RIGHT START
MOVE B3 109
TRAIN 1
COMMAND RIGHT END
TURN 9 RESULT
TIME LEFT 0 5 RIGHT 0 5
TRAIN B4
MOVE B3 212
END TURN 9
TURN 10
COMMAND LEFT START
COMMAND LEFT END
COMMAND RIGHT START
COMMAND RIGHT END
TURN 10 RESULT
TIME LEFT 0 5 RIGHT 0 5
MOVE B3 194
END TURN 10
TURN 11
COMMAND LEFT START
COMMAND LEFT END
COMMAND RIGHT START
COMMAND RIGHT END
TURN 11 RESULT
TIME LEFT 0 5 RIGHT 0 5
MOVE B3 185
END TURN 11
TURN 12
COMMAND LEFT START
COMMAND LEFT END
COMMAND RIGHT START
COMMAND RIGHT END
TURN 12 RESULT
TIME LEFT 0 5 RIGHT 0 5
MOVE B3 167
END TURN 12
TURN 13
COMMAND LEFT START
COMMAND LEFT END
COMMAND RIGHT START
COMMAND RIGHT END
TURN 13 RESULT
TIME LEFT 0 5 RIGHT 0 5
MOVE B3 143
END TURN 13
TURN 14
COMMAND LEFT START
COMMAND LEFT END
COMMAND RIGHT START
COMMAND RIGHT END
TURN 14 RESULT
TIME LEFT 0 5 RIGHT 0 5
MOVE B3 128
END TURN 14
TURN 15
COMMAND LEFT START
COMMAND LEFT END
COMMAND RIGHT START
COMMAND RIGHT END
TURN 15 RESULT
TIME LEFT 0 5 RIGHT 0 5
MOVE B3 109
DAMAGE COMBAT A1 1
DAMAGE COMBAT B3 2
END TURN 15
TURN 16
COMMAND LEFT START
COMMAND LEFT END
COMMAND RIGHT START
COMMAND RIGHT END
TURN 16 RESULT
TIME LEFT 0 5 RIGHT 0 5
DAMAGE COMBAT A1 1
DAMAGE COMBAT B3 2
END TURN 16
TURN 17
COMMAND LEFT START
COMMAND LEFT END
COMMAND RIGHT START
TRAIN 1
COMMAND RIGHT END
TURN 17 RESULT
TIME LEFT 0 5 RIGHT 0 5
TRAIN B5
END TURN 17
TURN 18
COMMAND LEFT START
COMMAND LEFT END
COMMAND RIGHT START
COMMAND RIGHT END
TURN 18 RESULT
TIME LEFT 0 5 RIGHT 0 5
END TURN 18
TURN 19
COMMAND LEFT START
COMMAND LEFT END
COMMAND RIGHT START
COMMAND RIGHT END
TURN 19 RESULT
TIME LEFT 0 5 RIGHT 0 5
END TURN 19
TURN 20
COMMAND LEFT START
COMMAND LEFT END
COMMAND RIGHT START
COMMAND RIGHT END
TURN 20 RESULT
TIME LEFT 0 5 RIGHT 0 5
END TURN 20
TURN 21
COMMAND LEFT START
COMMAND LEFT END
COMMAND RIGHT START
COMMAND RIGHT END
TURN 21 RESULT
TIME LEFT 0 5 RIGHT 0 5
END TURN 21
TURN 22
COMMAND LEFT START
COMMAND LEFT END
COMMAND RIGHT START
MOVE B4 206
COMMAND RIGHT END
TURN 22 RESULT
TIME LEFT 0 5 RIGHT 0 5
MOVE B4 211
END TURN 22
TURN 23
COMMAND LEFT START
UPGRADE 109
COMMAND LEFT END
COMMAND RIGHT START
COMMAND RIGHT END
TURN 23 RESULT
TIME LEFT 0 5 RIGHT 0 5
UPGRADE A 109
MOVE B4 206
END TURN 23
TURN 24
COMMAND LEFT START
COMMAND LEFT END
COMMAND RIGHT START
UPGRADE 206
COMMAND RIGHT END
TURN 24 RESULT
TIME LEFT 0 5 RIGHT 0 5
UPGRADE B 206
END TURN 24
TURN 25
COMMAND LEFT START
COMMAND LEFT END
COMMAND RIGHT START
COMMAND RIGHT END
TURN 25 RESULT
TIME LEFT 0 5 RIGHT 0 5
END TURN 25
TURN 26
COMMAND LEFT START
COMMAND LEFT END
COMMAND RIGHT START
COMMAND RIGHT END
TURN 26 RESULT
TIME LEFT 0 5 RIGHT 0 5
END TURN 26
TURN 27
COMMAND LEFT START
MOVE A2 1
TRAIN 1
COMMAND LEFT END
COMMAND RIGHT START
TRAIN 1
COMMAND RIGHT END
TURN 27 RESULT
TIME LEFT 0 5 RIGHT 0 5
TRAIN A5 B6
MOVE A2 1
END TURN 27
TURN 28
COMMAND LEFT START
COMMAND LEFT END
COMMAND RIGHT START
COMMAND RIGHT END
TURN 28 RESULT
TIME LEFT 0 5 RIGHT 0 5
END TURN 28
TURN 29
COMMAND LEFT START
COMMAND LEFT END
COMMAND RIGHT START
COMMAND RIGHT END
TURN 29 RESULT
TIME LEFT 0 5 RIGHT 0 5
END TURN 29
TURN 30
COMMAND LEFT START
COMMAND LEFT END
COMMAND RIGHT START
COMMAND RIGHT END
TURN 30 RESULT
TIME LEFT 0 5 RIGHT 0 5
END TURN 30
TURN 31
COMMAND LEFT START
COMMAND LEFT END
COMMAND RIGHT START
COMMAND RIGHT END
TURN 31 RESULT
TIME LEFT 0 5 RIGHT 0 5
END TURN 31
TURN 32
COMMAND LEFT START
COMMAND LEFT END
COMMAND RIGHT START
COMMAND RIGHT END
TURN 32 RESULT
TIME LEFT 0 5 RIGHT 0 5
END TURN 32
TURN 33
COMMAND LEFT START
COMMAND LEFT END
COMMAND RIGHT START
COMMAND RIGHT END
TURN 33 RESULT
TIME LEFT 0 5 RIGHT 0 5
END TURN 33
TURN 34
COMMAND LEFT START
COMMAND LEFT END
COMMAND RIGHT START
COMMAND RIGHT END
TURN 34 RESULT
TIME LEFT 0 5 RIGHT 0 5
END TURN 34
TURN 35
COMMAND LEFT START
COMMAND LEFT END
COMMAND RIGHT START
COMMAND RIGHT END
TURN 35 RESULT
TIME LEFT 0 5 RIGHT 0 5
END TURN 35
TURN 36
COMMAND LEFT START
COMMAND LEFT END
COMMAND RIGHT START
COMMAND RIGHT END
TURN 36 RESULT
TIME LEFT 0 5 RIGHT 0 5
END TURN 36
TURN 37
COMMAND LEFT START
COMMAND LEFT END
COMMAND RIGHT START
MOVE B6 193
COMMAND RIGHT END
TURN 37 RESULT
TIME LEFT 0 5 RIGHT 0 5
MOVE B6 216
END TURN 37
TURN 38
COMMAND LEFT START
COMMAND LEFT END
COMMAND RIGHT START
COMMAND RIGHT END
TURN 38 RESULT
TIME LEFT 0 5 RIGHT 0 5
MOVE B6 215
END TURN 38
TURN 39
COMMAND LEFT START
COMMAND LEFT END
COMMAND RIGHT START
COMMAND RIGHT END
TURN 39 RESULT
TIME LEFT 0 5 RIGHT 0 5
MOVE B6 201
END TURN 39
TURN 40
COMMAND LEFT START
UPGRADE 1
COMMAND LEFT END
COMMAND RIGHT START
COMMAND RIGHT END
TURN 40 RESULT
TIME LEFT 0 5 RIGHT 0 5
UPGRADE A 1
MOVE B6 193
END TURN 40
TURN 41
COMMAND LEFT START
COMMAND LEFT END
COMMAND RIGHT START
UPGRADE 193
COMMAND RIGHT END
TURN 41 RESULT
TIME LEFT 0 5 RIGHT 0 5
UPGRADE B 193
END TURN 41
TURN 42
COMMAND LEFT START
COMMAND LEFT END
COMMAND RIGHT START
COMMAND RIGHT END
TURN 42 RESULT
TIME LEFT 0 5 RIGHT 0 5
END TURN 42
TURN 43
COMMAND LEFT START
TRAIN 1
COMMAND LEFT END
COMMAND RIGHT START
TRAIN 1
COMMAND RIGHT END
TURN 43 RESULT
TIME LEFT 0 5 RIGHT 0 5
TRAIN A6 B7
END TURN 43
TURN 44
COMMAND LEFT START
COMMAND LEFT END
COMMAND RIGHT START
COMMAND RIGHT END
TURN 44 RESULT
TIME LEFT 0 5 RIGHT 0 5
END TURN 44
TURN 45
COMMAND LEFT START
COMMAND LEFT END
COMMAND RIGHT START
COMMAND RIGHT END
TURN 45 RESULT
TIME LEFT 0 5 RIGHT 0 5
END TURN 45
TURN 46
COMMAND LEFT START
COMMAND LEFT END
COMMAND RIGHT START
COMMAND RIGHT END
TURN 46 RESULT
TIME LEFT 0 5 RIGHT 0 5
END TURN 46
TURN 47
COMMAND LEFT START
COMMAND LEFT END
COMMAND RIGHT START
COMMAND RIGHT END
TURN 47 RESULT
TIME LEFT 0 5 RIGHT 0 5
END TURN 47
TURN 48
COMMAND LEFT START
MOVE A6 57
COMMAND LEFT END
COMMAND RIGHT START
COMMAND RIGHT END
TURN 48 RESULT
TIME LEFT 0 5 RIGHT 0 5
MOVE A6 6
END TURN 48
TURN 49
COMMAND LEFT START
COMMAND LEFT END
COMMAND RIGHT START
COMMAND RIGHT END
TURN 49 RESULT
TIME LEFT 0 5 RIGHT 0 5
MOVE A6 18
END TURN 49
TURN 50
COMMAND LEFT START
COMMAND LEFT END
COMMAND RIGHT START
COMMAND RIGHT END
TURN 50 RESULT
TIME LEFT 0 5 RIGHT 0 5
MOVE A6 31
END TURN 50
TURN 51
COMMAND LEFT START
COMMAND LEFT END
COMMAND RIGHT START
COMMAND RIGHT END
TURN 51 RESULT
TIME LEFT 0 5 RIGHT 0 5
MOVE A6 40
END TURN 51
TURN 52
COMMAND LEFT START
COMMAND LEFT END
COMMAND RIGHT START
COMMAND RIGHT END
TURN 52 RESULT
TIME LEFT 0 5 RIGHT 0 5
MOVE A6 57
END TURN 52
TURN 53
COMMAND LEFT START
UPGRADE 57
COMMAND LEFT END
COMMAND RIGHT START
COMMAND RIGHT END
TURN 53 RESULT
TIME LEFT 0 5 RIGHT 0 5
UPGRADE A 57
END TURN 53
TURN 54
COMMAND LEFT START
COMMAND LEFT END
COMMAND RIGHT START
COMMAND RIGHT END
TURN 54 RESULT
TIME LEFT 0 5 RIGHT 0 5
END TURN 54
TURN 55
COMMAND LEFT START
COMMAND LEFT END
COMMAND RIGHT START
UPGRADE 218
COMMAND RIGHT END
TURN 55 RESULT
TIME LEFT 0 5 RIGHT 0 5
UPGRADE B 218
END TURN 55
TURN 56
COMMAND LEFT START
MOVE A4 76
TRAIN 1
COMMAND LEFT END
COMMAND RIGHT START
COMMAND RIGHT END
TURN 56 RESULT
TIME LEFT 0 5 RIGHT 0 5
TRAIN A7
MOVE A4 6
END TURN 56
TURN 57
COMMAND LEFT START
COMMAND LEFT END
COMMAND RIGHT START
COMMAND RIGHT END
TURN 57 RESULT
TIME LEFT 0 5 RIGHT 0 5
MOVE A4 24
END TURN 57
TURN 58
COMMAND LEFT START
COMMAND LEFT END
COMMAND RIGHT START
COMMAND RIGHT END
TURN 58 RESULT
TIME LEFT 0 5 RIGHT 0 5
MOVE A4 30
END TURN 58
TURN 59
COMMAND LEFT START
COMMAND LEFT END
COMMAND RIGHT START
COMMAND RIGHT END
TURN 59 RESULT
TIME LEFT 0 5 RIGHT 0 5
MOVE A4 45
END TURN 59
TURN 60
COMMAND LEFT START
COMMAND LEFT END
COMMAND RIGHT START
COMMAND RIGHT END
TURN 60 RESULT
TIME LEFT 0 5 RIGHT 0 5
MOVE A4 56
END TURN 60
TURN 61
COMMAND LEFT START
COMMAND LEFT END
COMMAND RIGHT START
COMMAND RIGHT END
TURN 61 RESULT
TIME LEFT 0 5 RIGHT 0 5
MOVE A4 76
END TURN 61
TURN 62
COMMAND LEFT START
COMMAND LEFT END
COMMAND RIGHT START
COMMAND RIGHT END
TURN 62 RESULT
TIME LEFT 0 5 RIGHT 0 5
END TURN 62
TURN 63
COMMAND LEFT START
UPGRADE 76
COMMAND LEFT END
COMMAND RIGHT START
COMMAND RIGHT END
TURN 63 RESULT
TIME LEFT 0 5 RIGHT 0 5
UPGRADE A 76
END TURN 63
TURN 64
COMMAND LEFT START
COMMAND LEFT END
COMMAND RIGHT START
UPGRADE 217
COMMAND RIGHT END
TURN 64 RESULT
TIME LEFT 0 5 RIGHT 0 5
UPGRADE B 217
END TURN 64
TURN 65
COMMAND LEFT START
MOVE A5 88
TRAIN 1
COMMAND LEFT END
COMMAND RIGHT START
COMMAND RIGHT END
TURN 65 RESULT
TIME LEFT 0 5 RIGHT 0 5
TRAIN A8
MOVE A5 7
END TURN 65
TURN 66
COMMAND LEFT START
COMMAND LEFT END
COMMAND RIGHT START
TRAIN 1
COMMAND RIGHT END
TURN 66 RESULT
TIME LEFT 0 5 RIGHT 0 5
TRAIN B8
MOVE A5 14
END TURN 66
TURN 67
COMMAND LEFT START
COMMAND LEFT END
COMMAND RIGHT START
MOVE B5 217
COMMAND RIGHT END
TURN 67 RESULT
TIME LEFT 0 5 RIGHT 0 5
MOVE A5 29
MOVE B5 217
END TURN 67
TURN 68
COMMAND LEFT START
COMMAND LEFT END
COMMAND RIGHT START
COMMAND RIGHT END
TURN 68 RESULT
TIME LEFT 0 5 RIGHT 0 5
MOVE A5 39
END TURN 68
TURN 69
COMMAND LEFT START
COMMAND LEFT END
COMMAND RIGHT START
COMMAND RIGHT END
TURN 69 RESULT
TIME LEFT 0 5 RIGHT 0 5
MOVE A5 60
END TURN 69
TURN 70
COMMAND LEFT START
COMMAND LEFT END
COMMAND RIGHT START
COMMAND RIGHT END
TURN 70 RESULT
TIME LEFT 0 5 RIGHT 0 5
MOVE A5 72
END TURN 70
TURN 71
COMMAND LEFT START
COMMAND LEFT END
COMMAND RIGHT START
COMMAND RIGHT END
TURN 71 RESULT
TIME LEFT 0 5 RIGHT 0 5
MOVE A5 88
END TURN 71
TURN 72
COMMAND LEFT START
UPGRADE 88
COMMAND LEFT END
COMMAND RIGHT START
COMMAND RIGHT END
TURN 72 RESULT
TIME LEFT 0 5 RIGHT 0 5
UPGRADE A 88
END TURN 72
TURN 73
COMMAND LEFT START
COMMAND LEFT END
COMMAND RIGHT START
UPGRADE 206
COMMAND RIGHT END
TURN 73 RESULT
TIME LEFT 0 5 RIGHT 0 5
UPGRADE B 206
END TURN 73
TURN 74
COMMAND LEFT START
COMMAND LEFT END
COMMAND RIGHT START
COMMAND RIGHT END
TURN 74 RESULT
TIME LEFT 0 5 RIGHT 0 5
END TURN 74
TURN 75
COMMAND LEFT START
MOVE A7 12
TRAIN 1
COMMAND LEFT END
COMMAND RIGHT START
TRAIN 1
COMMAND RIGHT END
TURN 75 RESULT
TIME LEFT 0 5 RIGHT 0 5
TRAIN A9 B9
MOVE A7 7
END TURN 75
TURN 76
COMMAND LEFT START
COMMAND LEFT END
COMMAND RIGHT START
MOVE B7 206
COMMAND RIGHT END
TURN 76 RESULT
TIME LEFT 0 5 RIGHT 0 5
MOVE A7 12
MOVE B7 211
END TURN 76
TURN 77
COMMAND LEFT START
COMMAND LEFT END
COMMAND RIGHT START
COMMAND RIGHT END
TURN 77 RESULT
TIME LEFT 0 5 RIGHT 0 5
MOVE B7 206
END TURN 77
TURN 78
COMMAND LEFT START
UPGRADE 12
COMMAND LEFT END
COMMAND RIGHT START
COMMAND RIGHT END
TURN 78 RESULT
TIME LEFT 0 5 RIGHT 0 5
UPGRADE A 12
END TURN 78
TURN 79
COMMAND LEFT START
COMMAND LEFT END
COMMAND RIGHT START
COMMAND RIGHT END
TURN 79 RESULT
TIME LEFT 0 5 RIGHT 0 5
END TURN 79
TURN 80
COMMAND LEFT START
MOVE A8 25
TRAIN 1
COMMAND LEFT END
COMMAND RIGHT START
COMMAND RIGHT END
TURN 80 RESULT
TIME LEFT 0 5 RIGHT 0 5
TRAIN A10
MOVE A8 2
END TURN 80
TURN 81
COMMAND LEFT START
COMMAND LEFT END
COMMAND RIGHT START
COMMAND RIGHT END
TURN 81 RESULT
TIME LEFT 0 5 RIGHT 0 5
MOVE A8 3
END TURN 81
TURN 82
COMMAND LEFT START
COMMAND LEFT END
COMMAND RIGHT START
COMMAND RIGHT END
TURN 82 RESULT
TIME LEFT 0 5 RIGHT 0 5
MOVE A8 17
END TURN 82
TURN 83
COMMAND LEFT START
COMMAND LEFT END
COMMAND RIGHT START
COMMAND RIGHT END
TURN 83 RESULT
TIME LEFT 0 5 RIGHT 0 5
MOVE A8 25
END TURN 83
TURN 84
COMMAND LEFT START
UPGRADE 25
COMMAND LEFT END
COMMAND RIGHT START
COMMAND RIGHT END
TURN 84 RESULT
TIME LEFT 0 5 RIGHT 0 5
UPGRADE A 25
END TURN 84
TURN 85
COMMAND LEFT START
COMMAND LEFT END
COMMAND RIGHT START
COMMAND RIGHT END
TURN 85 RESULT
TIME LEFT 0 5 RIGHT 0 5
END TURN 85
TURN 86
COMMAND LEFT START
MOVE A9 109
TRAIN 1
COMMAND LEFT END
COMMAND RIGHT START
UPGRADE 218
COMMAND RIGHT END
TURN 86 RESULT
TIME LEFT 0 5 RIGHT 0 5
UPGRADE B 218
TRAIN A11
MOVE A9 6
END TURN 86
TURN 87
COMMAND LEFT START
MOVE A10 109
TRAIN 1
COMMAND LEFT END
COMMAND RIGHT START
TRAIN 1
COMMAND RIGHT END
TURN 87 RESULT
TIME LEFT 0 5 RIGHT 0 5
TRAIN A12 B10
MOVE A9 24
MOVE A10 6
END TURN 87
TURN 88
COMMAND LEFT START
MOVE A11 109
TRAIN 1
COMMAND LEFT END
COMMAND RIGHT START
COMMAND RIGHT END
TURN 88 RESULT
TIME LEFT 0 5 RIGHT 0 5
TRAIN A13
MOVE A9 33
MOVE A10 24
MOVE A11 6
END TURN 88
TURN 89
COMMAND LEFT START
MOVE A12 109
TRAIN 1
COMMAND LEFT END
COMMAND RIGHT START
COMMAND RIGHT END
TURN 89 RESULT
TIME LEFT 0 5 RIGHT 0 5
TRAIN A14
MOVE A9 51
MOVE A10 33
MOVE A11 24
MOVE A12 6
END TURN 89
TURN 90
COMMAND LEFT START
MOVE A13 109
TRAIN 1
COMMAND LEFT END
COMMAND RIGHT START
COMMAND RIGHT END
TURN 90 RESULT
TIME LEFT 0 5 RIGHT 0 5
TRAIN A15
MOVE A9 75
MOVE A10 51
MOVE A11 33
MOVE A12 24
MOVE A13 6
END TURN 90
TURN 91
COMMAND LEFT START
COMMAND LEFT END
COMMAND RIGHT START
COMMAND RIGHT END
TURN 91 RESULT
TIME LEFT 0 5 RIGHT 0 5
MOVE A9 90
MOVE A10 75
MOVE A11 51
MOVE A12 33
MOVE A13 24
END TURN 91
TURN 92
COMMAND LEFT START
COMMAND LEFT END
COMMAND RIGHT START
COMMAND RIGHT END
TURN 92 RESULT
TIME LEFT 0 5 RIGHT 0 5
MOVE A9 109
MOVE A10 90
MOVE A11 75
MOVE A12 51
MOVE A13 33
END TURN 92
TURN 93
COMMAND LEFT START
COMMAND LEFT END
COMMAND RIGHT START
UPGRADE 193
COMMAND RIGHT END
TURN 93 RESULT
TIME LEFT 0 5 RIGHT 0 5
UPGRADE B 193
MOVE A10 109
MOVE A11 90
MOVE A12 75
MOVE A13 51
END TURN 93
TURN 94
COMMAND LEFT START
COMMAND LEFT END
COMMAND RIGHT START
TRAIN 1
COMMAND RIGHT END
TURN 94 RESULT
TIME LEFT 0 5 RIGHT 0 5
TRAIN B11
MOVE A11 109
MOVE A12 90
MOVE A13 75
END TURN 94
TURN 95
COMMAND LEFT START
COMMAND LEFT END
COMMAND RIGHT START
MOVE B8 193
COMMAND RIGHT END
TURN 95 RESULT
TIME LEFT 0 5 RIGHT 0 5
MOVE A12 109
MOVE A13 90
MOVE B8 216
END TURN 95
TURN 96
COMMAND LEFT START
COMMAND LEFT END
COMMAND RIGHT START
COMMAND RIGHT END
TURN 96 RESULT
TIME LEFT 0 5 RIGHT 0 5
MOVE A13 109
MOVE B8 215
END TURN 96
TURN 97
COMMAND LEFT START
MOVE A14 26
TRAIN 1
COMMAND LEFT END
COMMAND RIGHT START
COMMAND RIGHT END
TURN 97 RESULT
TIME LEFT 0 5 RIGHT 0 5
TRAIN A16
MOVE A14 2
MOVE B8 201
END TURN 97
TURN 98
COMMAND LEFT START
COMMAND LEFT END
COMMAND RIGHT START
COMMAND RIGHT END
TURN 98 RESULT
TIME LEFT 0 5 RIGHT 0 5
MOVE A14 3
MOVE B8 193
END TURN 98
TURN 99
COMMAND LEFT START
COMMAND LEFT END
COMMAND RIGHT START
COMMAND RIGHT END
TURN 99 RESULT
TIME LEFT 0 5 RIGHT 0 5
MOVE A14 17
END TURN 99
TURN 100
COMMAND LEFT START
COMMAND LEFT END
COMMAND RIGHT START
UPGRADE 217
COMMAND RIGHT END
TURN 100 RESULT
TIME LEFT 0 5 RIGHT 0 5
UPGRADE B 217
MOVE A14 25
END TURN 100
TURN 101
COMMAND LEFT START
MOVE A9 0
MOVE A15 109
UPGRADE 0
TRAIN 1
COMMAND LEFT END
COMMAND RIGHT START
TRAIN 1
COMMAND RIGHT END
TURN 101 RESULT
TIME LEFT 0 5 RIGHT 0 5
UPGRADE A 0
TRAIN A17 B12
MOVE A9 90
MOVE A14 20
MOVE A15 6
END TURN 101
TURN 102
COMMAND LEFT START
COMMAND LEFT END
COMMAND RIGHT START
MOVE B9 217
COMMAND RIGHT END
TURN 102 RESULT
TIME LEFT 0 5 RIGHT 0 5
MOVE A9 75
MOVE A14 26
MOVE A15 24
MOVE B9 217
END TURN 102
TURN 103
COMMAND LEFT START
MOVE A16 109
TRAIN 1
COMMAND LEFT END
COMMAND RIGHT START
COMMAND RIGHT END
TURN 103 RESULT
TIME LEFT 0 5 RIGHT 0 5
TRAIN A18
MOVE A9 51
MOVE A15 33
MOVE A16 6
END TURN 103
TURN 104
COMMAND LEFT START
MOVE A17 109
TRAIN 1
COMMAND LEFT END
COMMAND RIGHT START
COMMAND RIGHT END
TURN 104 RESULT
TIME LEFT 0 5 RIGHT 0 5
TRAIN A19
MOVE A9 33
MOVE A15 51
MOVE A16 24
MOVE A17 6
END TURN 104
TURN 105
COMMAND LEFT START
MOVE A18 109
TRAIN 1
COMMAND LEFT END
COMMAND RIGHT START
UPGRADE 206
COMMAND RIGHT END
TURN 105 RESULT
TIME LEFT 0 5 RIGHT 0 5
UPGRADE B 206
TRAIN A20
MOVE A9 24
MOVE A15 75
MOVE A16 33
MOVE A17 24
MOVE A18 6
END TURN 105
TURN 106
COMMAND LEFT START
MOVE A19 109
TRAIN 1
COMMAND LEFT END
COMMAND RIGHT START
TRAIN 1
COMMAND RIGHT END
TURN 106 RESULT
TIME LEFT 0 5 RIGHT 0 5
TRAIN A21 B13
MOVE A9 6
MOVE A15 90
MOVE A16 51
MOVE A17 33
MOVE A18 24
MOVE A19 6
END TURN 106
TURN 107
COMMAND LEFT START
MOVE A20 109
TRAIN 1
COMMAND LEFT END
COMMAND RIGHT START
MOVE B10 206
COMMAND RIGHT END
TURN 107 RESULT
TIME LEFT 0 5 RIGHT 0 5
TRAIN A22
MOVE A9 0
MOVE A15 109
MOVE A16 75
MOVE A17 51
MOVE A18 33
MOVE A19 24
MOVE A20 6
MOVE B10 211
END TURN 107
TURN 108
COMMAND LEFT START
COMMAND LEFT END
COMMAND RIGHT START
COMMAND RIGHT END
TURN 108 RESULT
TIME LEFT 0 5 RIGHT 0 5
MOVE A16 90
MOVE A17 75
MOVE A18 51
MOVE A19 33
MOVE A20 24
MOVE B10 206
END TURN 108
TURN 109
COMMAND LEFT START
MOVE A9 109
TRAIN 1
COMMAND LEFT END
COMMAND RIGHT START
COMMAND RIGHT END
TURN 109 RESULT
TIME LEFT 0 5 RIGHT 0 5
TRAIN A23
MOVE A9 6
MOVE A16 109
MOVE A17 90
MOVE A18 75
MOVE A19 51
MOVE A20 33
END TURN 109
TURN 110
COMMAND LEFT START
MOVE A21 109
TRAIN 1
COMMAND LEFT END
COMMAND RIGHT START
COMMAND RIGHT END
TURN 110 RESULT
TIME LEFT 0 5 RIGHT 0 5
TRAIN A24
MOVE A9 24
MOVE A17 109
MOVE A18 90
MOVE A19 75
MOVE A20 51
MOVE A21 6
END TURN 110
TURN 111
COMMAND LEFT START
MOVE A22 109
TRAIN 1
COMMAND LEFT END
COMMAND RIGHT START
UPGRADE 193
COMMAND RIGHT END
TURN 111 RESULT
TIME LEFT 0 5 RIGHT 0 5
UPGRADE B 193
TRAIN A25
MOVE A9 33
MOVE A18 109
MOVE A19 90
MOVE A20 75
MOVE A21 24
MOVE A22 6
END TURN 111
TURN 112
COMMAND LEFT START
MOVE A23 109
TRAIN 1
COMMAND LEFT END
COMMAND RIGHT START
TRAIN 1
COMMAND RIGHT END
TURN 112 RESULT
TIME LEFT 0 5 RIGHT 0 5
TRAIN A26 B14
MOVE A9 51
MOVE A19 109
MOVE A20 90
MOVE A21 33
MOVE A22 24
MOVE A23 6
END TURN 112
TURN 113
COMMAND LEFT START
MOVE A24 109
TRAIN 1
COMMAND LEFT END
COMMAND RIGHT START
MOVE B11 193
COMMAND RIGHT END
TURN 113 RESULT
TIME LEFT 0 5 RIGHT 0 5
TRAIN A27
MOVE A9 75
MOVE A20 109
MOVE A21 51
MOVE A22 33
MOVE A23 24
MOVE A24 6
MOVE B11 216
END TURN 113
TURN 114
COMMAND LEFT START
MOVE A25 109
TRAIN 1
COMMAND LEFT END
COMMAND RIGHT START
COMMAND RIGHT END
TURN 114 RESULT
TIME LEFT 0 5 RIGHT 0 5
TRAIN A28
MOVE A9 90
MOVE A21 75
MOVE A22 51
MOVE A23 33
MOVE A24 24
MOVE A25 6
MOVE B11 215
END TURN 114
TURN 115
COMMAND LEFT START
COMMAND LEFT END
COMMAND RIGHT START
COMMAND RIGHT END
TURN 115 RESULT
TIME LEFT 0 5 RIGHT 0 5
MOVE A9 109
MOVE A21 90
MOVE A22 75
MOVE A23 51
MOVE A24 33
MOVE A25 24
MOVE B11 201
END TURN 115
TURN 116
COMMAND LEFT START
MOVE A26 109
TRAIN 1
COMMAND LEFT END
COMMAND RIGHT START
TRAIN 1
COMMAND RIGHT END
TURN 116 RESULT
TIME LEFT 0 5 RIGHT 0 5
TRAIN A29 B15
MOVE A21 109
MOVE A22 90
MOVE A23 75
MOVE A24 51
MOVE A25 33
MOVE A26 6
MOVE B11 193
END TURN 116
TURN 117
COMMAND LEFT START
MOVE A9 218
MOVE A10 218
MOVE A11 218
MOVE A12 218
MOVE A13 218
MOVE A15 218
MOVE A16 218
MOVE A17 218
MOVE A18 218
MOVE A19 218
MOVE A20 218
MOVE A21 218
COMMAND LEFT END
COMMAND RIGHT START
TRAIN 1
COMMAND RIGHT END
TURN 117 RESULT
TIME LEFT 0 5 RIGHT 0 5
TRAIN B16
MOVE A9 128
MOVE A10 128
MOVE A11 128
MOVE A12 128
MOVE A13 128
MOVE A15 128
MOVE A16 128
MOVE A17 128
MOVE A18 128
MOVE A19 128
MOVE A20 128
MOVE A21 128
MOVE A22 109
MOVE A23 90
MOVE A24 75
MOVE A25 51
MOVE A26 24
END TURN 117
TURN 118
COMMAND LEFT START
MOVE A27 109
TRAIN 1
COMMAND LEFT END
COMMAND RIGHT START
MOVE B16 161
COMMAND RIGHT END
TURN 118 RESULT
TIME LEFT 0 5 RIGHT 0 5
TRAIN A30
MOVE A9 143
MOVE A10 143
MOVE A11 143
MOVE A12 143
MOVE A13 143
MOVE A15 143
MOVE A16 143
MOVE A17 143
MOVE A18 143
MOVE A19 143
MOVE A20 143
MOVE A21 143
MOVE A23 109
MOVE A24 90
MOVE A25 75
MOVE A26 33
MOVE A27 6
MOVE B16 212
END TURN 118
TURN 119
COMMAND LEFT START
COMMAND LEFT END
COMMAND RIGHT START
TRAIN 2
COMMAND RIGHT END
TURN 119 RESULT
TIME LEFT 0 5 RIGHT 0 5
TRAIN B17 B18
MOVE A9 167
MOVE A10 167
MOVE A11 167
MOVE A12 167
MOVE A13 167
MOVE A15 167
MOVE A16 167
MOVE A17 167
MOVE A18 167
MOVE A19 167
MOVE A20 167
MOVE A21 167
MOVE A24 109
MOVE A25 90
MOVE A26 51
MOVE A27 24
MOVE B16 200
END TURN 119
TURN 120
COMMAND LEFT START
MOVE A28 109
TRAIN 1
COMMAND LEFT END
COMMAND RIGHT START
MOVE B18 192
COMMAND RIGHT END
TURN 120 RESULT
TIME LEFT 0 5 RIGHT 0 5
TRAIN A31
MOVE A9 185
MOVE A10 185
MOVE A11 185
MOVE A12 185
MOVE A13 185
MOVE A15 185
MOVE A16 185
MOVE A17 185
MOVE A18 185
MOVE A19 185
MOVE A20 185
MOVE A21 185
MOVE A25 109
MOVE A26 75
MOVE A27 33
MOVE A28 6
MOVE B16 187
MOVE B18 216
END TURN 120
TURN 121
COMMAND LEFT START
MOVE A29 109
TRAIN 1
COMMAND LEFT END
COMMAND RIGHT START
MOVE B1 218
MOVE B5 218
MOVE B9 218
MOVE B4 218
MOVE B7 218
MOVE B10 218
TRAIN 2
COMMAND RIGHT END
TURN 121 RESULT
TIME LEFT 0 5 RIGHT 0 5
TRAIN A32 B19 B20
MOVE A9 194
MOVE A10 194
MOVE A11 194
MOVE A12 194
MOVE A13 194
MOVE A15 194
MOVE A16 194
MOVE A17 194
MOVE A18 194
MOVE A19 194
MOVE A20 194
MOVE A21 194
MOVE A26 90
MOVE A27 51
MOVE A28 24
MOVE A29 6
MOVE B1 218
MOVE B4 211
MOVE B5 218
MOVE B7 211
MOVE B9 218
MOVE B10 211
MOVE B16 178
MOVE B18 215
END TURN 121
TURN 122
COMMAND LEFT START
MOVE A30 109
TRAIN 1
COMMAND LEFT END
COMMAND RIGHT START
COMMAND RIGHT END
TURN 122 RESULT
TIME LEFT 0 5 RIGHT 0 5
TRAIN A33
MOVE A9 212
MOVE A10 212
MOVE A11 212
MOVE A12 212
MOVE A13 212
MOVE A15 212
MOVE A16 212
MOVE A17 212
MOVE A18 212
MOVE A19 212
MOVE A20 212
MOVE A21 212
MOVE A26 109
MOVE A27 75
MOVE A28 33
MOVE A29 24
MOVE A30 6
MOVE B4 218
MOVE B7 218
MOVE B10 218
MOVE B16 161
MOVE B18 201
END TURN 122
TURN 123
COMMAND LEFT START
COMMAND LEFT END
COMMAND RIGHT START
COMMAND RIGHT END
TURN 123 RESULT
TIME LEFT 0 5 RIGHT 0 5
MOVE A9 218
MOVE A10 218
MOVE A11 218
MOVE A12 218
MOVE A13 218
MOVE A15 218
MOVE A16 218
MOVE A17 218
MOVE A18 218
MOVE A19 218
MOVE A20 218
MOVE A21 218
MOVE A27 90
MOVE A28 51
MOVE A29 33
MOVE A30 24
MOVE B18 193
DAMAGE TURRET A9 2
DAMAGE COMBAT A9 3
DAMAGE COMBAT A10 5
DAMAGE COMBAT A11 5
DAMAGE COMBAT B1 4
DAMAGE COMBAT B4 4
DAMAGE COMBAT B5 4
END TURN 123
TURN 124
COMMAND LEFT START
MOVE A31 109
TRAIN 1
COMMAND LEFT END
COMMAND RIGHT START
COMMAND RIGHT END
TURN 124 RESULT
TIME LEFT 0 5 RIGHT 0 5
TRAIN A34
MOVE A27 109
MOVE A28 75
MOVE A29 51
MOVE A30 33
MOVE A31 6
MOVE B18 198
DAMAGE TURRET A12 2
DAMAGE COMBAT A12 3
DAMAGE COMBAT A13 5
DAMAGE COMBAT A15 2
DAMAGE COMBAT B7 4
DAMAGE COMBAT B9 5
END TURN 124
TURN 125
COMMAND LEFT START
MOVE A32 109
TRAIN 1
COMMAND LEFT END
COMMAND RIGHT START
COMMAND RIGHT END
TURN 125 RESULT
TIME LEFT 0 5 RIGHT 0 5
TRAIN A35
MOVE A28 90
MOVE A29 75
MOVE A30 51
MOVE A31 24
MOVE A32 6
MOVE B18 192
DAMAGE TURRET A15 2
DAMAGE COMBAT A15 1
DAMAGE COMBAT A16 5
DAMAGE COMBAT A17 2
DAMAGE COMBAT B10 6
DAMAGE COMBAT B12 1
END TURN 125
TURN 126
COMMAND LEFT START
MOVE A33 109
TRAIN 1
COMMAND LEFT END
COMMAND RIGHT START
COMMAND RIGHT END
TURN 126 RESULT
TIME LEFT 0 5 RIGHT 0 5
TRAIN A36
MOVE A28 109
MOVE A29 90
MOVE A30 75
MOVE A31 33
MOVE A32 24
MOVE A33 6
DAMAGE TURRET A17 2
DAMAGE COMBAT A17 2
DAMAGE COMBAT A18 5
DAMAGE COMBAT B12 5
END TURN 126
TURN 127
COMMAND LEFT START
MOVE A34 109
TRAIN 1
COMMAND LEFT END
COMMAND RIGHT START
COMMAND RIGHT END
TURN 127 RESULT
TIME LEFT 0 5 RIGHT 0 5
TRAIN A37
MOVE A29 109
MOVE A30 90
MOVE A31 51
MOVE A32 33
MOVE A33 24
MOVE A34 6
DAMAGE TURRET A18 1
DAMAGE TURRET A19 1
DAMAGE COMBAT A19 5
DAMAGE COMBAT A20 1
DAMAGE COMBAT B13 4
END TURN 127
TURN 128
COMMAND LEFT START
COMMAND LEFT END
COMMAND RIGHT START
COMMAND RIGHT END
TURN 128 RESULT
TIME LEFT 0 5 RIGHT 0 5
MOVE A30 109
MOVE A31 75
MOVE A32 51
MOVE A33 33
MOVE A34 24
DAMAGE TURRET A20 2
DAMAGE COMBAT A20 3
DAMAGE COMBAT A21 3
DAMAGE COMBAT B13 2
END TURN 128
TURN 129
COMMAND LEFT START
MOVE A35 109
TRAIN 1
COMMAND LEFT END
COMMAND RIGHT START
COMMAND RIGHT END
TURN 129 RESULT
TIME LEFT 0 5 RIGHT 0 5
TRAIN A38
MOVE A31 90
MOVE A32 75
MOVE A33 51
MOVE A34 33
MOVE A35 6
DAMAGE TURRET A21 2
DAMAGE COMBAT A21 1
DAMAGE COMBAT B14 1
END TURN 129
TURN 130
COMMAND LEFT START
MOVE A36 109
TRAIN 1
COMMAND LEFT END
COMMAND RIGHT START
MOVE B14 217
MOVE B15 206
MOVE B16 206
MOVE B18 217
TRAIN 2
COMMAND RIGHT END
TURN 130 RESULT
TIME LEFT 1 5 RIGHT 0 5
TRAIN A39 B21 B22
MOVE A31 109
MOVE A32 90
MOVE A33 75
MOVE A34 51
MOVE A35 24
MOVE A36 6
MOVE B14 217
MOVE B15 211
MOVE B16 178
MOVE B18 198
END TURN 130
TURN 131
COMMAND LEFT START
MOVE A37 109
TRAIN 1
COMMAND LEFT END
COMMAND RIGHT START
MOVE B17 206
MOVE B19 217
TRAIN 2
COMMAND RIGHT END
TURN 131 RESULT
TIME LEFT 1 5 RIGHT 0 5
TRAIN A40 B23 B24
MOVE A32 109
MOVE A33 90
MOVE A34 75
MOVE A35 33
MOVE A36 24
MOVE A37 6
MOVE B15 206
MOVE B16 199
MOVE B17 211
MOVE B18 207
MOVE B19 217
END TURN 131
TURN 132
COMMAND LEFT START
MOVE A38 109
TRAIN 1
COMMAND LEFT END
COMMAND RIGHT START
MOVE B24 161
COMMAND RIGHT END
TURN 132 RESULT
TIME LEFT 1 5 RIGHT 0 5
TRAIN A41
MOVE A33 109
MOVE A34 90
MOVE A35 51
MOVE A36 33
MOVE A37 24
MOVE A38 6
MOVE B16 206
MOVE B17 206
MOVE B18 214
MOVE B24 212
END TURN 132
TURN 133
COMMAND LEFT START
COMMAND LEFT END
COMMAND RIGHT START
TRAIN 2
COMMAND RIGHT END
TURN 133 RESULT
TIME LEFT 1 5 RIGHT 0 5
TRAIN B25 B26
MOVE A34 109
MOVE A35 75
MOVE A36 51
MOVE A37 33
MOVE A38 24
MOVE B18 217
MOVE B24 200
END TURN 133
TURN 134
COMMAND LEFT START
MOVE A39 109
TRAIN 1
COMMAND LEFT END
COMMAND RIGHT START
TRAIN 2
COMMAND RIGHT END
TURN 134 RESULT
TIME LEFT 1 5 RIGHT 0 5
TRAIN A42 B27 B28
MOVE A35 90
MOVE A36 75
MOVE A37 51
MOVE A38 33
MOVE A39 6
MOVE B24 187
END TURN 134
TURN 135
COMMAND LEFT START
MOVE A40 109
TRAIN 1
COMMAND LEFT END
COMMAND RIGHT START
TRAIN 2
COMMAND RIGHT END
TURN 135 RESULT
TIME LEFT 1 5 RIGHT 0 5
TRAIN A43 B29 B30
MOVE A35 109
MOVE A36 90
MOVE A37 75
MOVE A38 51
MOVE A39 24
MOVE A40 6
MOVE B24 178
END TURN 135
TURN 136
COMMAND LEFT START
MOVE A41 109
TRAIN 1
COMMAND LEFT END
COMMAND RIGHT START
TRAIN 2
COMMAND RIGHT END
TURN 136 RESULT
TIME LEFT 2 5 RIGHT 0 5
TRAIN A44 B31 B32
MOVE A36 109
MOVE A37 90
MOVE A38 75
MOVE A39 33
MOVE A40 24
MOVE A41 6
MOVE B24 161
END TURN 136
TURN 137
COMMAND LEFT START
MOVE A42 109
TRAIN 1
COMMAND LEFT END
COMMAND RIGHT START
UPGRADE 161
COMMAND RIGHT END
TURN 137 RESULT
TIME LEFT 2 5 RIGHT 0 5
UPGRADE B 161
TRAIN A45
MOVE A37 109
MOVE A38 90
MOVE A39 51
MOVE A40 33
MOVE A41 24
MOVE A42 6
END TURN 137
TURN 138
COMMAND LEFT START
COMMAND LEFT END
COMMAND RIGHT START
COMMAND RIGHT END
TURN 138 RESULT
TIME LEFT 2 5 RIGHT 0 5
MOVE A38 109
MOVE A39 75
MOVE A40 51
MOVE A41 33
MOVE A42 24
END TURN 138
TURN 139
COMMAND LEFT START
MOVE A43 109
TRAIN 1
COMMAND LEFT END
COMMAND RIGHT START
MOVE B32 192
COMMAND RIGHT END
TURN 139 RESULT
TIME LEFT 2 5 RIGHT 0 5
TRAIN A46
MOVE A39 90
MOVE A40 75
MOVE A41 51
MOVE A42 33
MOVE A43 6
MOVE B32 216
END TURN 139
TURN 140
COMMAND LEFT START
MOVE A44 109
TRAIN 1
COMMAND LEFT END
COMMAND RIGHT START
UPGRADE 161
COMMAND RIGHT END
TURN 140 RESULT
TIME LEFT 2 5 RIGHT 0 5
UPGRADE B 161
TRAIN A47
MOVE A39 109
MOVE A40 90
MOVE A41 75
MOVE A42 51
MOVE A43 24
MOVE A44 6
MOVE B32 215
END TURN 140
TURN 141
COMMAND LEFT START
COMMAND LEFT END
COMMAND RIGHT START
MOVE B20 161
MOVE B31 161
MOVE B30 161
MOVE B29 161
MOVE B28 161
MOVE B27 161
MOVE B26 161
MOVE B25 161
COMMAND RIGHT END
TURN 141 RESULT
TIME LEFT 3 5 RIGHT 0 5
MOVE A40 109
MOVE A41 90
MOVE A42 75
MOVE A43 33
MOVE A44 24
MOVE B20 212
MOVE B25 212
MOVE B26 212
MOVE B27 212
MOVE B28 212
MOVE B29 212
MOVE B30 212
MOVE B31 212
MOVE B32 201
END TURN 141
TURN 142
COMMAND LEFT START
MOVE A45 109
TRAIN 1
COMMAND LEFT END
COMMAND RIGHT START
COMMAND RIGHT END
TURN 142 RESULT
TIME LEFT 3 5 RIGHT 0 5
TRAIN A48
MOVE A41 109
MOVE A42 90
MOVE A43 51
MOVE A44 33
MOVE A45 6
MOVE B20 200
MOVE B25 200
MOVE B26 200
MOVE B27 200
MOVE B28 200
MOVE B29 200
MOVE B30 200
MOVE B31 200
MOVE B32 193
END TURN 142
TURN 143
COMMAND LEFT START
MOVE A46 109
TRAIN 1
COMMAND LEFT END
COMMAND RIGHT START
COMMAND RIGHT END
TURN 143 RESULT
TIME LEFT 3 5 RIGHT 0 5
TRAIN A49
MOVE A42 109
MOVE A43 75
MOVE A44 51
MOVE A45 24
MOVE A46 6
MOVE B20 187
MOVE B25 187
MOVE B26 187
MOVE B27 187
MOVE B28 187
MOVE B29 187
MOVE B30 187
MOVE B31 187
MOVE B32 198
END TURN 143
TURN 144
COMMAND LEFT START
COMMAND LEFT END
COMMAND RIGHT START
UPGRADE 161
COMMAND RIGHT END
TURN 144 RESULT
TIME LEFT 4 5 RIGHT 0 5
UPGRADE B 161
MOVE A43 90
MOVE A44 75
MOVE A45 33
MOVE A46 24
MOVE B20 178
MOVE B25 178
MOVE B26 178
MOVE B27 178
MOVE B28 178
MOVE B29 178
MOVE B30 178
MOVE B31 178
MOVE B32 192
END TURN 144
TURN 145
COMMAND LEFT START
MOVE A47 109
TRAIN 1
COMMAND LEFT END
COMMAND RIGHT START
COMMAND RIGHT END
TURN 145 RESULT
TIME LEFT 3 5 RIGHT 0 5
TRAIN A50
MOVE A43 109
MOVE A44 90
MOVE A45 51
MOVE A46 33
MOVE A47 6
MOVE B20 161
MOVE B25 161
MOVE B26 161
MOVE B27 161
MOVE B28 161
MOVE B29 161
MOVE B30 161
MOVE B31 161
END TURN 145
TURN 146
COMMAND LEFT START
MOVE A48 109
TRAIN 1
COMMAND LEFT END
COMMAND RIGHT START
COMMAND RIGHT END
TURN 146 RESULT
TIME LEFT 3 5 RIGHT 0 5
TRAIN A51
MOVE A44 109
MOVE A45 75
MOVE A46 51
MOVE A47 24
MOVE A48 6
END TURN 146
TURN 147
COMMAND LEFT START
COMMAND LEFT END
COMMAND RIGHT START
UPGRADE 192
COMMAND RIGHT END
TURN 147 RESULT
TIME LEFT 3 5 RIGHT 0 5
UPGRADE B 192
MOVE A45 90
MOVE A46 75
MOVE A47 33
MOVE A48 24
END TURN 147
TURN 148
COMMAND LEFT START
COMMAND LEFT END
COMMAND RIGHT START
COMMAND RIGHT END
TURN 148 RESULT
TIME LEFT 3 5 RIGHT 0 5
MOVE A45 109
MOVE A46 90
MOVE A47 51
MOVE A48 33
END TURN 148
TURN 149
COMMAND LEFT START
MOVE A22 206
MOVE A23 206
MOVE A24 206
MOVE A25 206
MOVE A26 206
MOVE A27 206
MOVE A28 206
MOVE A29 206
MOVE A30 206
MOVE A31 206
MOVE A32 206
MOVE A33 206
MOVE A34 206
MOVE A35 206
MOVE A36 206
MOVE A37 206
MOVE A38 206
MOVE A39 206
MOVE A40 206
MOVE A41 206
MOVE A42 206
MOVE A43 206
MOVE A44 206
COMMAND LEFT END
COMMAND RIGHT START
MOVE B31 142
COMMAND RIGHT END
TURN 149 RESULT
TIME LEFT 3 5 RIGHT 0 5
MOVE A22 128
MOVE A23 128
MOVE A24 128
MOVE A25 128
MOVE A26 128
MOVE A27 128
MOVE A28 128
MOVE A29 128
MOVE A30 128
MOVE A31 128
MOVE A32 128
MOVE A33 128
MOVE A34 128
MOVE A35 128
MOVE A36 128
MOVE A37 128
MOVE A38 128
MOVE A39 128
MOVE A40 128
MOVE A41 128
MOVE A42 128
MOVE A43 128
MOVE A44 128
MOVE A46 109
MOVE A47 75
MOVE A48 51
MOVE B31 152
END TURN 149
TURN 150
COMMAND LEFT START
COMMAND LEFT END
COMMAND RIGHT START
UPGRADE 192
COMMAND RIGHT END
TURN 150 RESULT
TIME LEFT 0 5 RIGHT 0 5
UPGRADE B 192
MOVE A22 143
MOVE A23 143
MOVE A24 143
MOVE A25 143
MOVE A26 143
MOVE A27 143
MOVE A28 143
MOVE A29 143
MOVE A30 143
MOVE A31 143
MOVE A32 143
MOVE A33 143
MOVE A34 143
MOVE A35 143
MOVE A36 143
MOVE A37 143
MOVE A38 143
MOVE A39 143
MOVE A40 143
MOVE A41 143
MOVE A42 143
MOVE A43 143
MOVE A44 143
MOVE A47 90
MOVE A48 75
MOVE B31 144
END TURN 150
TURN 151
COMMAND LEFT START
MOVE A49 109
TRAIN 1
COMMAND LEFT END
COMMAND RIGHT START
MOVE B20 192
TRAIN 1
COMMAND RIGHT END
TURN 151 RESULT
TIME LEFT 0 5 RIGHT 0 5
TRAIN A52 B33
MOVE A22 167
MOVE A23 167
MOVE A24 167
MOVE A25 167
MOVE A26 167
MOVE A27 167
MOVE A28 167
MOVE A29 167
MOVE A30 167
MOVE A31 167
MOVE A32 167
MOVE A33 167
MOVE A34 167
MOVE A35 167
MOVE A36 167
MOVE A37 167
MOVE A38 167
MOVE A39 167
MOVE A40 167
MOVE A41 167
MOVE A42 167
MOVE A43 167
MOVE A44 167
MOVE A47 109
MOVE A48 90
MOVE A49 6
MOVE B20 178
MOVE B31 145
END TURN 151
TURN 152
COMMAND LEFT START
COMMAND LEFT END
COMMAND RIGHT START
MOVE B33 161
COMMAND RIGHT END
TURN 152 RESULT
TIME LEFT 0 5 RIGHT 0 5
MOVE A22 185
MOVE A23 185
MOVE A24 185
MOVE A25 185
MOVE A26 185
MOVE A27 185
MOVE A28 185
MOVE A29 185
MOVE A30 185
MOVE A31 185
MOVE A32 185
MOVE A33 185
MOVE A34 185
MOVE A35 185
MOVE A36 185
MOVE A37 185
MOVE A38 185
MOVE A39 185
MOVE A40 185
MOVE A41 185
MOVE A42 185
MOVE A43 185
MOVE A44 185
MOVE A48 109
MOVE A49 24
MOVE B20 187
MOVE B31 143
MOVE B33 212
END TURN 152
TURN 153
COMMAND LEFT START
MOVE A50 109
TRAIN 1
COMMAND LEFT END
COMMAND RIGHT START
MOVE B14 218
MOVE B18 218
MOVE B19 218
MOVE B15 218
MOVE B16 218
MOVE B17 218
MOVE B6 218
MOVE B8 218
MOVE B11 218
MOVE B24 218
MOVE B25 218
MOVE B26 218
MOVE B27 218
MOVE B28 218
MOVE B29 218
MOVE B30 218
MOVE B32 218
TRAIN 2
COMMAND RIGHT END
TURN 153 RESULT
TIME LEFT 0 5 RIGHT 0 5
TRAIN A53 B34 B35
MOVE A22 200
MOVE A23 200
MOVE A24 200
MOVE A25 200
MOVE A26 200
MOVE A27 200
MOVE A28 200
MOVE A29 200
MOVE A30 200
MOVE A31 200
MOVE A32 200
MOVE A33 200
MOVE A34 200
MOVE A35 200
MOVE A36 200
MOVE A37 200
MOVE A38 200
MOVE A39 200
MOVE A40 200
MOVE A41 200
MOVE A42 200
MOVE A43 200
MOVE A44 200
MOVE A49 33
MOVE A50 6
MOVE B6 201
MOVE B8 201
MOVE B11 201
MOVE B14 218
MOVE B15 211
MOVE B16 211
MOVE B17 211
MOVE B18 218
MOVE B19 218
MOVE B20 185
MOVE B24 178
MOVE B25 178
MOVE B26 178
MOVE B27 178
MOVE B28 178
MOVE B29 178
MOVE B30 178
MOVE B31 139
MOVE B32 198
MOVE B33 200
DAMAGE COMBAT A22 1
DAMAGE COMBAT B33 6
END TURN 153
TURN 154
COMMAND LEFT START
MOVE A51 109
TRAIN 1
COMMAND LEFT END
COMMAND RIGHT START
TRAIN 2
COMMAND RIGHT END
TURN 154 RESULT
TIME LEFT 0 5 RIGHT 0 5
TRAIN A54 B36 B37
MOVE A22 206
MOVE A23 206
MOVE A24 206
MOVE A25 206
MOVE A26 206
MOVE A27 206
MOVE A28 206
MOVE A29 206
MOVE A30 206
MOVE A31 206
MOVE A32 206
MOVE A33 206
MOVE A34 206
MOVE A35 206
MOVE A36 206
MOVE A37 206
MOVE A38 206
MOVE A39 206
MOVE A40 206
MOVE A41 206
MOVE A42 206
MOVE A43 206
MOVE A44 206
MOVE A49 51
MOVE A50 24
MOVE A51 6
MOVE B6 215
MOVE B8 215
MOVE B11 215
MOVE B15 218
MOVE B16 218
MOVE B17 218
MOVE B20 188
MOVE B24 187
MOVE B25 187
MOVE B26 187
MOVE B27 187
MOVE B28 187
MOVE B29 187
MOVE B30 187
MOVE B31 142
MOVE B32 193
DAMAGE TURRET A22 2
SIEGE B 206 18
END TURN 154
TURN 155
COMMAND LEFT START
MOVE A22 109
MOVE A23 109
MOVE A24 109
MOVE A25 109
MOVE A26 109
MOVE A27 109
MOVE A28 109
MOVE A29 109
MOVE A30 109
MOVE A31 109
MOVE A32 109
MOVE A33 109
MOVE A34 109
MOVE A35 109
MOVE A36 109
MOVE A37 109
MOVE A38 109
MOVE A39 109
MOVE A40 109
MOVE A41 109
MOVE A42 109
MOVE A43 109
MOVE A44 109
COMMAND LEFT END
COMMAND RIGHT START
COMMAND RIGHT END
TURN 155 RESULT
TIME LEFT 5 5 RIGHT 0 5
MOVE A22 200
MOVE A23 200
MOVE A24 200
MOVE A25 200
MOVE A26 200
MOVE A27 200
MOVE A28 200
MOVE A29 200
MOVE A30 200
MOVE A31 200
MOVE A32 200
MOVE A33 200
MOVE A34 200
MOVE A35 200
MOVE A36 200
MOVE A37 200
MOVE A38 200
MOVE A39 200
MOVE A40 200
MOVE A41 200
MOVE A42 200
MOVE A43 200
MOVE A44 200
MOVE A49 75
MOVE A50 33
MOVE A51 24
MOVE B6 216
MOVE B8 216
MOVE B11 216
MOVE B20 186
MOVE B24 200
MOVE B25 200
MOVE B26 200
MOVE B27 200
MOVE B28 200
MOVE B29 200
MOVE B30 200
MOVE B32 201
DAMAGE COMBAT A22 3
DAMAGE COMBAT A23 4
DAMAGE COMBAT B24 6
DAMAGE COMBAT B25 6
DAMAGE COMBAT B26 6
DAMAGE COMBAT B27 5
END TURN 155
TURN 156
COMMAND LEFT START
MOVE A52 109
TRAIN 1
COMMAND LEFT END
COMMAND RIGHT START
MOVE B31 218
TRAIN 1
COMMAND RIGHT END
TURN 156 RESULT
TIME LEFT 0 5 RIGHT 0 5
TRAIN A55 B38
MOVE A49 90
MOVE A50 51
MOVE A51 33
MOVE A52 6
MOVE B6 218
MOVE B8 218
MOVE B11 218
MOVE B20 190
MOVE B31 162
MOVE B32 215
DAMAGE COMBAT A23 2
DAMAGE COMBAT A24 2
DAMAGE COMBAT B27 1
DAMAGE COMBAT B28 6
DAMAGE COMBAT B29 6
DAMAGE COMBAT B30 6
END TURN 156
TURN 157
COMMAND LEFT START
COMMAND LEFT END
COMMAND RIGHT START
COMMAND RIGHT END
TURN 157 RESULT
TIME LEFT 0 5 RIGHT 0 5
MOVE A24 185
MOVE A25 185
MOVE A26 185
MOVE A27 185
MOVE A28 185
MOVE A29 185
MOVE A30 185
MOVE A31 185
MOVE A32 185
MOVE A33 185
MOVE A34 185
MOVE A35 185
MOVE A36 185
MOVE A37 185
MOVE A38 185
MOVE A39 185
MOVE A40 185
MOVE A41 185
MOVE A42 185
MOVE A43 185
MOVE A44 185
MOVE A49 109
MOVE A50 75
MOVE A51 51
MOVE A52 24
MOVE B20 193
MOVE B31 173
MOVE B32 216
END TURN 157
TURN 158
COMMAND LEFT START
MOVE A53 109
TRAIN 1
COMMAND LEFT END
COMMAND RIGHT START
MOVE B6 217
MOVE B8 193
MOVE B11 161
MOVE B14 192
MOVE B15 217
MOVE B16 217
MOVE B17 193
MOVE B18 193
MOVE B38 161
MOVE B37 161
MOVE B36 161
MOVE B35 161
MOVE B34 161
MOVE B23 161
COMMAND RIGHT END
TURN 158 RESULT
TIME LEFT 0 5 RIGHT 0 5
TRAIN A56
MOVE A24 167
MOVE A25 167
MOVE A26 167
MOVE A27 167
MOVE A28 167
MOVE A29 167
MOVE A30 167
MOVE A31 167
MOVE A32 167
MOVE A33 167
MOVE A34 167
MOVE A35 167
MOVE A36 167
MOVE A37 167
MOVE A38 167
MOVE A39 167
MOVE A40 167
MOVE A41 167
MOVE A42 167
MOVE A43 167
MOVE A44 167
MOVE A50 90
MOVE A51 75
MOVE A52 33
MOVE A53 6
MOVE B6 217
MOVE B8 216
MOVE B11 212
MOVE B14 216
MOVE B15 217
MOVE B16 217
MOVE B17 216
MOVE B18 216
MOVE B20 198
MOVE B23 212
MOVE B31 188
MOVE B32 218
MOVE B34 212
MOVE B35 212
MOVE B36 212
MOVE B37 212
MOVE B38 212
END TURN 158
TURN 159
COMMAND LEFT START
COMMAND LEFT END
COMMAND RIGHT START
MOVE B19 193
MOVE B21 161
MOVE B6 192
COMMAND RIGHT END
TURN 159 RESULT
TIME LEFT 0 5 RIGHT 0 5
MOVE A24 143
MOVE A25 143
MOVE A26 143
MOVE A27 143
MOVE A28 143
MOVE A29 143
MOVE A30 143
MOVE A31 143
MOVE A32 143
MOVE A33 143
MOVE A34 143
MOVE A35 143
MOVE A36 143
MOVE A37 143
MOVE A38 143
MOVE A39 143
MOVE A40 143
MOVE A41 143
MOVE A42 143
MOVE A43 143
MOVE A44 143
MOVE A50 109
MOVE A51 90
MOVE A52 51
MOVE A53 24
MOVE B6 214
MOVE B8 215
MOVE B11 200
MOVE B14 215
MOVE B17 215
MOVE B18 215
MOVE B19 216
MOVE B20 192
MOVE B21 212
MOVE B23 200
MOVE B31 194
MOVE B34 200
MOVE B35 200
MOVE B36 200
MOVE B37 200
MOVE B38 200
END TURN 159
TURN 160
COMMAND LEFT START
MOVE A54 109
TRAIN 1
COMMAND LEFT END
COMMAND RIGHT START
MOVE B15 193
MOVE B22 161
TRAIN 1
COMMAND RIGHT END
TURN 160 RESULT
TIME LEFT 0 5 RIGHT 0 5
TRAIN A57 B39
MOVE A24 128
MOVE A25 128
MOVE A26 128
MOVE A27 128
MOVE A28 128
MOVE A29 128
MOVE A30 128
MOVE A31 128
MOVE A32 128
MOVE A33 128
MOVE A34 128
MOVE A35 128
MOVE A36 128
MOVE A37 128
MOVE A38 128
MOVE A39 128
MOVE A40 128
MOVE A41 128
MOVE A42 128
MOVE A43 128
MOVE A44 128
MOVE A51 109
MOVE A52 75
MOVE A53 33
MOVE A54 6
MOVE B6 207
MOVE B8 201
MOVE B11 187
MOVE B14 201
MOVE B15 214
MOVE B17 201
MOVE B18 201
MOVE B19 215
MOVE B21 200
MOVE B22 212
MOVE B23 187
MOVE B31 212
MOVE B34 187
MOVE B35 187
MOVE B36 187
MOVE B37 187
MOVE B38 187
END TURN 160
TURN 161
COMMAND LEFT START
MOVE A55 109
TRAIN 1
COMMAND LEFT END
COMMAND RIGHT START
MOVE B32 193
COMMAND RIGHT END
TURN 161 RESULT
TIME LEFT 0 5 RIGHT 0 5
TRAIN A58
MOVE A24 109
MOVE A25 109
MOVE A26 109
MOVE A27 109
MOVE A28 109
MOVE A29 109
MOVE A30 109
MOVE A31 109
MOVE A32 109
MOVE A33 109
MOVE A34 109
MOVE A35 109
MOVE A36 109
MOVE A37 109
MOVE A38 109
MOVE A39 109
MOVE A40 109
MOVE A41 109
MOVE A42 109
MOVE A43 109
MOVE A44 109
MOVE A52 90
MOVE A53 51
MOVE A54 24
MOVE A55 6
MOVE B6 198
MOVE B8 193
MOVE B11 178
MOVE B14 193
MOVE B15 207
MOVE B17 193
MOVE B18 193
MOVE B19 201
MOVE B21 187
MOVE B22 200
MOVE B23 178
MOVE B31 218
MOVE B32 216
MOVE B34 178
MOVE B35 178
MOVE B36 178
MOVE B37 178
MOVE B38 178
END TURN 161
TURN 162
COMMAND LEFT START
COMMAND LEFT END
COMMAND RIGHT START
MOVE B31 161
COMMAND RIGHT END
TURN 162 RESULT
TIME LEFT 1 5 RIGHT 0 5
MOVE A52 109
MOVE A53 75
MOVE A54 33
MOVE A55 24
MOVE B6 192
MOVE B11 161
MOVE B14 198
MOVE B15 193
MOVE B19 193
MOVE B21 178
MOVE B22 187
MOVE B23 161
MOVE B31 212
MOVE B32 215
MOVE B34 161
MOVE B35 161
MOVE B36 161
MOVE B37 161
MOVE B38 161
END TURN 162
TURN 163
COMMAND LEFT START
COMMAND LEFT END
COMMAND RIGHT START
MOVE B8 218
MOVE B15 218
MOVE B11 217
MOVE B23 217
COMMAND RIGHT END
TURN 163 RESULT
TIME LEFT 1 5 RIGHT 0 5
MOVE A53 90
MOVE A54 51
MOVE A55 33
MOVE B8 201
MOVE B11 178
MOVE B14 192
MOVE B15 201
MOVE B21 161
MOVE B22 178
MOVE B23 178
MOVE B31 200
MOVE B32 201
END TURN 163
TURN 164
COMMAND LEFT START
COMMAND LEFT END
COMMAND RIGHT START
COMMAND RIGHT END
TURN 164 RESULT
TIME LEFT 2 5 RIGHT 0 5
MOVE A53 109
MOVE A54 75
MOVE A55 51
MOVE B8 215
MOVE B11 187
MOVE B15 215
MOVE B22 161
MOVE B23 187
MOVE B31 187
MOVE B32 193
END TURN 164
TURN 165
COMMAND LEFT START
COMMAND LEFT END
COMMAND RIGHT START
COMMAND RIGHT END
TURN 165 RESULT
TIME LEFT 2 5 RIGHT 0 5
MOVE A54 90
MOVE A55 75
MOVE B8 216
MOVE B11 200
MOVE B15 216
MOVE B23 200
MOVE B31 178
END TURN 165
TURN 166
COMMAND LEFT START
MOVE A24 218
MOVE A25 218
MOVE A26 218
MOVE A27 218
MOVE A28 218
MOVE A29 218
MOVE A30 218
MOVE A31 218
MOVE A32 218
MOVE A33 218
MOVE A34 218
MOVE A35 218
MOVE A36 218
MOVE A37 218
MOVE A38 218
MOVE A39 218
MOVE A40 218
MOVE A41 218
MOVE A42 218
MOVE A43 218
MOVE A44 218
MOVE A45 218
MOVE A46 218
MOVE A47 218
MOVE A48 218
MOVE A49 218
MOVE A50 218
MOVE A51 218
MOVE A52 218
MOVE A53 218
COMMAND LEFT END
COMMAND RIGHT START
MOVE B38 206
COMMAND RIGHT END
TURN 166 RESULT
TIME LEFT 0 5 RIGHT 0 5
MOVE A24 128
MOVE A25 128
MOVE A26 128
MOVE A27 128
MOVE A28 128
MOVE A29 128
MOVE A30 128
MOVE A31 128
MOVE A32 128
MOVE A33 128
MOVE A34 128
MOVE A35 128
MOVE A36 128
MOVE A37 128
MOVE A38 128
MOVE A39 128
MOVE A40 128
MOVE A41 128
MOVE A42 128
MOVE A43 128
MOVE A44 128
MOVE A45 128
MOVE A46 128
MOVE A47 128
MOVE A48 128
MOVE A49 128
MOVE A50 128
MOVE A51 128
MOVE A52 128
MOVE A53 128
MOVE A54 109
MOVE A55 90
MOVE B8 218
MOVE B11 212
MOVE B15 218
MOVE B23 212
MOVE B31 161
MOVE B38 178
END TURN 166
TURN 167
COMMAND LEFT START
COMMAND LEFT END
COMMAND RIGHT START
UPGRADE 192
COMMAND RIGHT END
TURN 167 RESULT
TIME LEFT 0 5 RIGHT 0 5
UPGRADE B 192
MOVE A24 143
MOVE A25 143
MOVE A26 143
MOVE A27 143
MOVE A28 143
MOVE A29 143
MOVE A30 143
MOVE A31 143
MOVE A32 143
MOVE A33 143
MOVE A34 143
MOVE A35 143
MOVE A36 143
MOVE A37 143
MOVE A38 143
MOVE A39 143
MOVE A40 143
MOVE A41 143
MOVE A42 143
MOVE A43 143
MOVE A44 143
MOVE A45 143
MOVE A46 143
MOVE A47 143
MOVE A48 143
MOVE A49 143
MOVE A50 143
MOVE A51 143
MOVE A52 143
MOVE A53 143
MOVE A55 109
MOVE B11 216
MOVE B23 216
MOVE B38 199
END TURN 167
TURN 168
COMMAND LEFT START
MOVE A56 109
TRAIN 1
COMMAND LEFT END
COMMAND RIGHT START
COMMAND RIGHT END
TURN 168 RESULT
TIME LEFT 0 5 RIGHT 0 5
TRAIN A59
MOVE A24 167
MOVE A25 167
MOVE A26 167
MOVE A27 167
MOVE A28 167
MOVE A29 167
MOVE A30 167
MOVE A31 167
MOVE A32 167
MOVE A33 167
MOVE A34 167
MOVE A35 167
MOVE A36 167
MOVE A37 167
MOVE A38 167
MOVE A39 167
MOVE A40 167
MOVE A41 167
MOVE A42 167
MOVE A43 167
MOVE A44 167
MOVE A45 167
MOVE A46 167
MOVE A47 167
MOVE A48 167
MOVE A49 167
MOVE A50 167
MOVE A51 167
MOVE A52 167
MOVE A53 167
MOVE A56 6
MOVE B11 217
MOVE B23 217
MOVE B38 206
END TURN 168
TURN 169
COMMAND LEFT START
COMMAND LEFT END
COMMAND RIGHT START
COMMAND RIGHT END
TURN 169 RESULT
TIME LEFT 0 5 RIGHT 0 5
MOVE A24 185
MOVE A25 185
MOVE A26 185
MOVE A27 185
MOVE A28 185
MOVE A29 185
MOVE A30 185
MOVE A31 185
MOVE A32 185
MOVE A33 185
MOVE A34 185
MOVE A35 185
MOVE A36 185
MOVE A37 185
MOVE A38 185
MOVE A39 185
MOVE A40 185
MOVE A41 185
MOVE A42 185
MOVE A43 185
MOVE A44 185
MOVE A45 185
MOVE A46 185
MOVE A47 185
MOVE A48 185
MOVE A49 185
MOVE A50 185
MOVE A51 185
MOVE A52 185
MOVE A53 185
MOVE A56 24
END TURN 169
TURN 170
COMMAND LEFT START
MOVE A57 109
TRAIN 1
COMMAND LEFT END
COMMAND RIGHT START
TRAIN 2
COMMAND RIGHT END
TURN 170 RESULT
TIME LEFT 0 5 RIGHT 0 5
TRAIN A60 B40 B41
MOVE A24 194
MOVE A25 194
MOVE A26 194
MOVE A27 194
MOVE A28 194
MOVE A29 194
MOVE A30 194
MOVE A31 194
MOVE A32 194
MOVE A33 194
MOVE A34 194
MOVE A35 194
MOVE A36 194
MOVE A37 194
MOVE A38 194
MOVE A39 194
MOVE A40 194
MOVE A41 194
MOVE A42 194
MOVE A43 194
MOVE A44 194
MOVE A45 194
MOVE A46 194
MOVE A47 194
MOVE A48 194
MOVE A49 194
MOVE A50 194
MOVE A51 194
MOVE A52 194
MOVE A53 194
MOVE A56 33
MOVE A57 6
END TURN 170
TURN 171
COMMAND LEFT START
COMMAND LEFT END
COMMAND RIGHT START
MOVE B11 218
MOVE B16 218
MOVE B23 218
MOVE B17 218
MOVE B18 218
MOVE B19 218
MOVE B32 218
MOVE B21 218
MOVE B22 218
MOVE B31 218
MOVE B34 218
MOVE B35 218
MOVE B36 218
MOVE B37 218
MOVE B6 218
MOVE B14 218
MOVE B20 218
MOVE B38 218
TRAIN 2
COMMAND RIGHT END
TURN 171 RESULT
TIME LEFT 0 5 RIGHT 0 5
TRAIN B42 B43
MOVE A24 212
MOVE A25 212
MOVE A26 212
MOVE A27 212
MOVE A28 212
MOVE A29 212
MOVE A30 212
MOVE A31 212
MOVE A32 212
MOVE A33 212
MOVE A34 212
MOVE A35 212
MOVE A36 212
MOVE A37 212
MOVE A38 212
MOVE A39 212
MOVE A40 212
MOVE A41 212
MOVE A42 212
MOVE A43 212
MOVE A44 212
MOVE A45 212
MOVE A46 212
MOVE A47 212
MOVE A48 212
MOVE A49 212
MOVE A50 212
MOVE A51 212
MOVE A52 212
MOVE A53 212
MOVE A56 51
MOVE A57 24
MOVE B6 198
MOVE B11 218
MOVE B14 198
MOVE B16 218
MOVE B17 201
MOVE B18 201
MOVE B19 201
MOVE B20 198
MOVE B21 178
MOVE B22 178
MOVE B23 218
MOVE B31 178
MOVE B32 201
MOVE B34 178
MOVE B35 178
MOVE B36 178
MOVE B37 178
MOVE B38 211
END TURN 171
TURN 172
COMMAND LEFT START
MOVE A58 109
TRAIN 1
COMMAND LEFT END
COMMAND RIGHT START
TRAIN 2
COMMAND RIGHT END
TURN 172 RESULT
TIME LEFT 0 5 RIGHT 0 5
TRAIN A61 B44 B45
MOVE A24 218
MOVE A25 218
MOVE A26 218
MOVE A27 218
MOVE A28 218
MOVE A29 218
MOVE A30 218
MOVE A31 218
MOVE A32 218
MOVE A33 218
MOVE A34 218
MOVE A35 218
MOVE A36 218
MOVE A37 218
MOVE A38 218
MOVE A39 218
MOVE A40 218
MOVE A41 218
MOVE A42 218
MOVE A43 218
MOVE A44 218
MOVE A45 218
MOVE A46 218
MOVE A47 218
MOVE A48 218
MOVE A49 218
MOVE A50 218
MOVE A51 218
MOVE A52 218
MOVE A53 218
MOVE A56 75
MOVE A57 33
MOVE A58 6
MOVE B6 193
MOVE B14 193
MOVE B17 215
MOVE B18 215
MOVE B19 215
MOVE B20 193
MOVE B21 187
MOVE B22 187
MOVE B31 187
MOVE B32 215
MOVE B34 187
MOVE B35 187
MOVE B36 187
MOVE B37 187
MOVE B38 218
DAMAGE TURRET A24 2
DAMAGE COMBAT A24 2
DAMAGE COMBAT A25 6
DAMAGE COMBAT A26 5
DAMAGE COMBAT B8 5
DAMAGE COMBAT B11 6
DAMAGE COMBAT B15 6
DAMAGE COMBAT B16 6
DAMAGE COMBAT B23 6
DAMAGE COMBAT B38 1
END TURN 172
TURN 173
COMMAND LEFT START
MOVE A54 218
COMMAND LEFT END
COMMAND RIGHT START
COMMAND RIGHT END
TURN 173 RESULT
TIME LEFT 0 5 RIGHT 0 5
MOVE A54 128
MOVE A56 90
MOVE A57 51
MOVE A58 24
MOVE B6 201
MOVE B14 201
MOVE B17 216
MOVE B18 216
MOVE B19 216
MOVE B20 201
MOVE B21 200
MOVE B22 200
MOVE B31 200
MOVE B32 216
MOVE B34 200
MOVE B35 200
MOVE B36 200
MOVE B37 200
DAMAGE TURRET A26 1
DAMAGE TURRET A27 1
DAMAGE COMBAT A27 5
DAMAGE COMBAT A28 3
DAMAGE COMBAT B38 5
DAMAGE COMBAT B39 6
DAMAGE COMBAT B40 6
DAMAGE COMBAT B41 6
DAMAGE COMBAT B42 5
END TURN 173
TURN 174
COMMAND LEFT START
MOVE A59 109
TRAIN 1
COMMAND LEFT END
COMMAND RIGHT START
COMMAND RIGHT END
TURN 174 RESULT
TIME LEFT 0 5 RIGHT 0 5
TRAIN A62
MOVE A54 143
MOVE A56 109
MOVE A57 75
MOVE A58 33
MOVE A59 6
MOVE B6 215
MOVE B14 215
MOVE B17 218
MOVE B18 218
MOVE B19 218
MOVE B20 215
MOVE B21 212
MOVE B22 212
MOVE B31 212
MOVE B32 218
MOVE B34 212
MOVE B35 212
MOVE B36 212
MOVE B37 212
DAMAGE TURRET A28 2
DAMAGE COMBAT A28 1
DAMAGE COMBAT A29 6
DAMAGE COMBAT A30 1
DAMAGE COMBAT B17 6
DAMAGE COMBAT B18 6
DAMAGE COMBAT B19 6
DAMAGE COMBAT B32 6
DAMAGE COMBAT B42 1
DAMAGE COMBAT B43 1
END TURN 174
TURN 175
COMMAND LEFT START
COMMAND LEFT END
COMMAND RIGHT START
COMMAND RIGHT END
TURN 175 RESULT
TIME LEFT 0 5 RIGHT 0 5
MOVE A54 167
MOVE A57 90
MOVE A58 51
MOVE A59 24
MOVE B6 216
MOVE B14 216
MOVE B20 216
MOVE B21 218
MOVE B22 218
MOVE B31 218
MOVE B34 218
MOVE B35 218
MOVE B36 218
MOVE B37 218
DAMAGE TURRET A30 2
DAMAGE COMBAT A30 3
DAMAGE COMBAT A31 6
DAMAGE COMBAT A32 1
DAMAGE COMBAT B21 6
DAMAGE COMBAT B22 6
DAMAGE COMBAT B31 6
DAMAGE COMBAT B34 1
DAMAGE COMBAT B43 5
END TURN 175
TURN 176
COMMAND LEFT START
MOVE A60 109
TRAIN 1
COMMAND LEFT END
COMMAND RIGHT START
TRAIN 1
COMMAND RIGHT END
TURN 176 RESULT
TIME LEFT 0 5 RIGHT 0 5
TRAIN A63 B46
MOVE A54 185
MOVE A57 109
MOVE A58 75
MOVE A59 33
MOVE A60 6
MOVE B6 218
MOVE B14 218
MOVE B20 218
DAMAGE TURRET A32 2
DAMAGE COMBAT A32 3
DAMAGE COMBAT A33 6
DAMAGE COMBAT A34 1
DAMAGE COMBAT B6 4
DAMAGE COMBAT B14 5
DAMAGE COMBAT B20 6
DAMAGE COMBAT B34 5
DAMAGE COMBAT B35 2
END TURN 176
TURN 177
COMMAND LEFT START
MOVE A61 109
TRAIN 1
COMMAND LEFT END
COMMAND RIGHT START
COMMAND RIGHT END
TURN 177 RESULT
TIME LEFT 0 5 RIGHT 0 5
TRAIN A64
MOVE A54 194
MOVE A58 90
MOVE A59 51
MOVE A60 24
MOVE A61 6
DAMAGE TURRET A34 2
DAMAGE COMBAT A34 3
DAMAGE COMBAT A35 3
DAMAGE COMBAT B35 4
DAMAGE COMBAT B36 6
DAMAGE COMBAT B37 6
DAMAGE COMBAT B44 4
END TURN 177
TURN 178
COMMAND LEFT START
COMMAND LEFT END
COMMAND RIGHT START
COMMAND RIGHT END
TURN 178 RESULT
TIME LEFT 0 5 RIGHT 0 5
MOVE A54 212
MOVE A58 109
MOVE A59 75
MOVE A60 33
MOVE A61 24
DAMAGE TURRET A35 2
DAMAGE COMBAT A35 1
DAMAGE COMBAT A36 2
DAMAGE COMBAT B44 2
DAMAGE COMBAT B45 6
DAMAGE COMBAT B46 6
SIEGE B 218 5
END TURN 178
TURN 179
COMMAND LEFT START
MOVE A62 109
TRAIN 1
COMMAND LEFT END
COMMAND RIGHT START
COMMAND RIGHT END
TURN 179 RESULT
TIME LEFT 0 5 RIGHT 0 5
TRAIN A65
MOVE A54 218
MOVE A59 90
MOVE A60 51
MOVE A61 33
MOVE A62 6
DAMAGE TURRET A36 2
SIEGE B 218 15
END TURN 179
RESULT LEFT_WIN HQ_DESTROYED
