[LEFT ""]
[RIGHT ""]
MAP
229 19
-11045 -10676 -10670 -10372 -10205 -9929 -9993 -9064 -8697 -8481 -8422 -8351 -9160 -8126 -8066 -7698 -8607 -7527 -7373 -7357 -7361 -7257 -7179 -7968 -8005 -6591 -6522 -6362 -7288 -6472 -6366 -6347 -6237 -6022 -6116 -6907 -5813 -5595 -6510 -5606 -5632 -5512 -5413 -5318 -5296 -5086 -4925 -5193 -4944 -4610 -4671 -4849 -4804 -4470 -4403 -4408 -4431 -4366 -4170 -3883 -3805 -3782 -3819 -3652 -3578 -3691 -3272 -3363 -3328 -3100 -3026 -3656 -2977 -2970 -2835 -2820 -2372 -2512 -2427 -2254 -2126 -2098 -2141 -2057 -1960 -1859 -2010 -2077 -1425 -1520 -1585 -1417 -1378 -1657 -1699 -1200 -1287 -996 -1048 -1033 -935 -1075 -864 -548 -576 -571 -530 -477 -20 -181 -300 -136 -83 -39 0 39 83 136 300 181 20 477 530 571 576 548 864 1075 935 1033 1048 996 1287 1200 1699 1657 1378 1417 1585 1520 1425 2077 2010 1859 1960 2057 2141 2098 2126 2254 2427 2512 2372 2820 2835 2970 2977 3656 3026 3100 3328 3363 3272 3691 3578 3652 3819 3782 3805 3883 4170 4366 4431 4408 4403 4470 4804 4849 4671 4610 4944 5193 4925 5086 5296 5318 5413 5512 5632 5606 6510 5595 5813 6907 6116 6022 6237 6347 6366 6472 7288 6362 6522 6591 8005 7968 7179 7257 7361 7357 7373 7527 8607 7698 8066 8126 9160 8351 8422 8481 8697 9064 9993 9929 10205 10372 10670 10676 11045
984 3254 -565 -4389 -2448 -1281 4788 2023 233 1170 3466 -3935 5887 -1607 2499 -220 -5854 5123 -2365 3518 1227 -3590 2324 -7021 6750 -13 5124 2778 7618 -4675 -1277 1540 3915 -6011 -2837 -8752 6040 -3672 8828 4988 941 2251 -6955 -37 -1969 -4468 3493 -9052 6420 4824 2045 9836 -5546 886 -820 -7067 7403 -2597 -6363 -8110 5283 -4321 6480 -5376 1739 2854 8727 545 -2040 -6247 6892 -10114 -3340 3659 5205 -416 2365 -7047 -1600 -5353 6068 7211 -8074 -3872 4317 55 1202 10696 5437 -2458 -8979 -1339 -6959 8411 -11154 -4438 3384 -3393 6921 -472 849 2197 -5383 4733 7837 -8611 9028 -7354 -10770 3743 -1935 6058 -979 2761 0 -2761 979 -6058 1935 -3743 10770 7354 -9028 8611 -7837 -4733 5383 -2197 -849 472 -6921 3393 -3384 4438 11154 -8411 6959 1339 8979 2458 -5437 -10696 -1202 -55 -4317 3872 8074 -7211 -6068 5353 1600 7047 -2365 416 -5205 -3659 3340 10114 -6892 6247 2040 -545 -8727 -2854 -1739 5376 -6480 4321 -5283 8110 6363 2597 -7403 7067 820 -886 5546 -9836 -2045 -4824 -6420 9052 -3493 4468 1969 37 6955 -2251 -941 -4988 -8828 3672 -6040 8752 2837 6011 -3915 -1540 1277 4675 -7618 -2778 -5124 13 -6750 7021 -2324 3590 -1227 -3518 2365 -5123 5854 220 -2499 1607 -5887 3935 -3466 -1170 -233 -2023 -4788 1281 2448 4389 565 -3254 -984
STRONGHOLDS 3 13 14 24 79 85 93 96 108 114 120 132 135 143 149 204 214 215 225
4 1 2 7 8
4 0 6 7 10
4 0 4 5 8
3 4 11 16
5 2 3 5 11 13
4 2 4 8 13
3 1 10 12
6 0 1 8 9 10 14
7 0 2 5 7 9 13 15
5 7 8 14 15 20
7 1 6 7 12 14 17 19
7 3 4 13 16 18 21 29
4 6 10 17 24
7 4 5 8 11 15 18 30
6 7 9 10 19 20 22
6 8 9 13 20 25 30
5 3 11 23 29 33
6 10 12 19 24 26 32
5 11 13 21 30 34
6 10 14 17 22 27 32
6 9 14 15 22 25 31
5 11 18 29 34 37
5 14 19 20 27 31
4 16 33 35 42
5 12 17 26 28 36
6 15 20 30 31 40 43
5 17 24 32 36 39
6 19 22 31 32 41 46
5 24 36 38 48 56
6 11 16 21 33 37 45
7 13 15 18 25 34 43 44
6 20 22 25 27 40 41
6 17 19 26 27 39 46
6 16 23 29 42 45 52
5 18 21 30 37 44
3 23 42 47
5 24 26 28 39 48
6 21 29 34 44 45 57
3 28 51 56
6 26 32 36 46 48 49
6 25 31 41 43 50 53
5 27 31 40 46 50
7 23 33 35 47 52 55 58
6 25 30 40 44 53 54
6 30 34 37 43 54 57
6 29 33 37 52 57 61
8 27 32 39 41 49 50 65 73
5 35 42 55 59 71
7 28 36 39 49 56 60 62
5 39 46 48 60 73
6 40 41 46 53 64 65
4 38 56 66 87
6 33 42 45 58 61 63
6 40 43 50 54 64 67
7 43 44 53 57 67 68 75
6 42 47 58 59 69 77
7 28 38 48 51 62 66 70
7 37 44 45 54 61 68 72
5 42 52 55 63 69
5 47 55 71 77 82
5 48 49 62 73 74
7 45 52 57 63 72 79 83
5 48 56 60 70 74
5 52 58 61 69 79
6 50 53 65 67 76 86
5 46 50 64 73 76
6 51 56 70 81 87 93
6 53 54 64 75 85 86
5 54 57 72 75 78
5 55 58 63 77 79
6 56 62 66 74 80 81
5 47 59 82 90 94
6 57 61 68 78 83 89
8 46 49 60 65 74 76 84 96
7 60 62 70 73 80 84 88
6 54 67 68 78 85 91
6 64 65 73 86 96 101
6 55 59 69 79 82 92
5 68 72 75 89 91
8 61 63 69 77 83 92 95 102
5 70 74 81 88 98
5 66 70 80 93 98
7 59 71 77 90 92 105 107
6 61 72 79 89 95 97
5 73 74 88 96 103
6 67 75 86 91 99 100
6 64 67 76 85 100 101
5 51 66 93 106 120
6 74 80 84 98 103 111
7 72 78 83 91 97 110 115
5 71 82 94 105 108
7 75 78 85 89 99 110 112
6 77 79 82 102 107 117
6 66 81 87 98 104 106
3 71 90 108
6 79 83 97 102 119 125
7 73 76 84 101 103 109 113
5 83 89 95 115 119
7 80 81 88 93 104 111 121
5 85 91 100 112 114
6 85 86 99 101 114 116
7 76 86 96 100 113 116 118
5 79 92 95 117 125
7 84 88 96 109 111 126 133
5 93 98 106 121 123
6 82 90 107 108 122 124
5 87 93 104 120 123
6 82 92 105 117 124 130
5 90 94 105 122 141
5 96 103 113 131 133
5 89 91 112 115 127
6 88 98 103 121 126 136
6 91 99 110 114 127 128
6 96 101 109 118 131 139
6 99 100 112 116 128 129
6 89 97 110 119 127 132
6 100 101 114 118 129 137
6 92 102 107 125 130 140
5 101 113 116 137 139
5 95 97 115 125 132
5 87 106 123 134 138
6 98 104 111 123 136 146
5 105 108 124 135 141
6 104 106 120 121 138 146
5 105 107 122 130 135
7 95 102 117 119 132 140 144
5 103 111 133 136 149
7 110 112 115 128 132 142 152
6 112 114 127 129 142 143
5 114 116 128 137 143
7 107 117 124 135 140 147 148
5 109 113 133 139 145
7 115 119 125 127 144 152 155
6 103 109 126 131 145 149
3 120 138 157
6 122 124 130 141 147 162
6 111 121 126 146 149 151
7 116 118 129 139 143 150 153
5 120 123 134 146 157
7 113 118 131 137 145 150 156
6 117 125 130 144 148 154
5 108 122 135 162 177
6 127 128 143 152 161 164
6 128 129 137 142 153 161
5 125 132 140 154 155
6 131 133 139 149 156 167
7 121 123 136 138 151 157 169
5 130 135 148 158 162
5 130 140 147 154 158
8 126 133 136 145 151 159 165 167
5 137 139 153 156 160
6 136 146 149 159 169 173
6 127 132 142 155 163 164
6 137 143 150 160 161 174
7 140 144 148 155 158 166 168
8 132 144 152 154 163 168 179 182
6 139 145 150 160 167 171
5 134 138 146 169 181
6 147 148 154 162 166 172
5 149 151 165 170 173
5 150 153 156 171 174
6 142 143 153 164 174 175
6 135 141 147 158 172 177
5 152 155 164 178 182
6 142 152 161 163 175 178
5 149 159 167 170 176
5 154 158 168 172 180
7 145 149 156 165 171 176 183
5 154 155 166 179 180
5 146 151 157 173 181
5 159 165 173 176 186
7 156 160 167 174 183 184 191
7 158 162 166 177 180 190 200
6 151 159 169 170 181 186
7 153 160 161 171 175 184 185
6 161 164 174 178 185 188
6 165 167 170 183 186 195
4 141 162 172 190
6 163 164 175 182 187 188
5 155 168 180 182 189
7 166 168 172 179 189 192 200
5 157 169 173 186 193
8 155 163 178 179 187 189 196 201
6 167 171 176 191 195 199
6 171 174 185 191 194 198
6 174 175 184 188 198 203
7 170 173 176 181 193 195 205
5 178 182 188 197 201
6 175 178 185 187 197 203
6 179 180 182 192 196 202
3 172 177 200
6 171 183 184 194 199 207
5 180 189 200 202 204
3 181 186 205
5 184 191 198 207 210
6 176 183 186 199 205 212
6 182 189 201 202 209 211
6 187 188 201 203 206 208
7 184 185 194 203 210 213 215
6 183 191 195 207 212 217
5 172 180 190 192 204
6 182 187 196 197 206 209
5 189 192 196 204 211
6 185 188 197 198 208 213
5 192 200 202 211 216
4 186 193 195 212
5 197 201 208 209 214
5 191 194 199 210 217
6 197 203 206 213 214 219
6 196 201 206 211 214 218
5 194 198 207 215 217
6 196 202 204 209 216 218
5 195 199 205 217 225
6 198 203 208 215 219 220
6 206 208 209 218 219 221
7 198 210 213 217 220 223 224
4 204 211 218 222
7 199 207 210 212 215 224 225
7 209 211 214 216 221 222 227
5 208 213 214 220 221
7 213 215 219 221 223 226 228
6 214 218 219 220 227 228
3 216 218 227
4 215 220 224 226
5 215 217 223 225 226
3 212 217 224
4 220 223 224 228
4 218 221 222 228
4 220 221 226 227
END MAP
TURN 1
COMMAND LEFT START
MOVE A3 114
MOVE A1 114
UPGRADE 0
TRAIN 1
COMMAND LEFT END
COMMAND RIGHT START
MOVE B1 214
MOVE B2 114
COMMAND RIGHT END
TURN 1 RESULT
TIME LEFT 41 5 RIGHT 7 5
UPGRADE A 0
TRAIN A4
MOVE A1 8
MOVE A3 8
MOVE B1 221
MOVE B2 220
END TURN 1
TURN 2
COMMAND LEFT START
COMMAND LEFT END
COMMAND RIGHT START
COMMAND RIGHT END
TURN 2 RESULT
TIME LEFT 0 5 RIGHT 0 5
MOVE A1 15
MOVE A3 15
MOVE B1 214
MOVE B2 213
END TURN 2
TURN 3
COMMAND LEFT START
COMMAND LEFT END
COMMAND RIGHT START
UPGRADE 214
COMMAND RIGHT END
TURN 3 RESULT
TIME LEFT 0 5 RIGHT 0 5
UPGRADE B 214
MOVE A1 25
MOVE A3 25
MOVE B2 203
END TURN 3
TURN 4
COMMAND LEFT START
COMMAND LEFT END
COMMAND RIGHT START
COMMAND RIGHT END
TURN 4 RESULT
TIME LEFT 0 5 RIGHT 0 5
MOVE A1 43
MOVE A3 43
MOVE B2 185
END TURN 4
TURN 5
COMMAND LEFT START
COMMAND LEFT END
COMMAND RIGHT START
COMMAND RIGHT END
TURN 5 RESULT
TIME LEFT 0 5 RIGHT 0 5
MOVE A1 54
MOVE A3 54
MOVE B2 174
END TURN 5
TURN 6
COMMAND LEFT START
COMMAND LEFT END
COMMAND RIGHT START
COMMAND RIGHT END
TURN 6 RESULT
TIME LEFT 0 5 RIGHT 0 5
MOVE A1 75
MOVE A3 75
MOVE B2 153
END TURN 6
TURN 7
COMMAND LEFT START
COMMAND LEFT END
COMMAND RIGHT START
COMMAND RIGHT END
TURN 7 RESULT
TIME LEFT 0 5 RIGHT 0 5
MOVE A1 85
MOVE A3 85
MOVE B2 143
END TURN 7
TURN 8
COMMAND LEFT START
COMMAND LEFT END
COMMAND RIGHT START
COMMAND RIGHT END
TURN 8 RESULT
TIME LEFT 0 5 RIGHT 0 5
MOVE A1 99
MOVE A3 99
MOVE B2 129
END TURN 8
TURN 9
COMMAND LEFT START
COMMAND LEFT END
COMMAND RIGHT START
COMMAND RIGHT END
TURN 9 RESULT
TIME LEFT 0 5 RIGHT 0 5
MOVE A1 114
MOVE A3 114
MOVE B2 114
DAMAGE COMBAT A1 1
DAMAGE COMBAT B2 2
END TURN 9
TURN 10
COMMAND LEFT START
COMMAND LEFT END
COMMAND RIGHT START
COMMAND RIGHT END
TURN 10 RESULT
TIME LEFT 0 5 RIGHT 0 5
DAMAGE COMBAT A1 1
DAMAGE COMBAT B2 2
END TURN 10
TURN 11
COMMAND LEFT START
COMMAND LEFT END
COMMAND RIGHT START
MOVE B3 114
TRAIN 1
COMMAND RIGHT END
TURN 11 RESULT
TIME LEFT 0 5 RIGHT 0 5
TRAIN B4
MOVE B3 220
END TURN 11
TURN 12
COMMAND LEFT START
COMMAND LEFT END
COMMAND RIGHT START
COMMAND RIGHT END
TURN 12 RESULT
TIME LEFT 0 5 RIGHT 0 5
MOVE B3 213
END TURN 12
TURN 13
COMMAND LEFT START
COMMAND LEFT END
COMMAND RIGHT START
COMMAND RIGHT END
TURN 13 RESULT
TIME LEFT 0 5 RIGHT 0 5
MOVE B3 203
END TURN 13
TURN 14
COMMAND LEFT START
COMMAND LEFT END
COMMAND RIGHT START
COMMAND RIGHT END
TURN 14 RESULT
TIME LEFT 0 5 RIGHT 0 5
MOVE B3 185
END TURN 14
TURN 15
COMMAND LEFT START
COMMAND LEFT END
COMMAND RIGHT START
COMMAND RIGHT END
TURN 15 RESULT
TIME LEFT 0 5 RIGHT 0 5
MOVE B3 174
END TURN 15
TURN 16
COMMAND LEFT START
COMMAND LEFT END
COMMAND RIGHT START
COMMAND RIGHT END
TURN 16 RESULT
TIME LEFT 0 5 RIGHT 0 5
MOVE B3 153
END TURN 16
TURN 17
COMMAND LEFT START
COMMAND LEFT END
COMMAND RIGHT START
COMMAND RIGHT END
TURN 17 RESULT
TIME LEFT 0 5 RIGHT 0 5
MOVE B3 143
END TURN 17
TURN 18
COMMAND LEFT START
COMMAND LEFT END
COMMAND RIGHT START
COMMAND RIGHT END
TURN 18 RESULT
TIME LEFT 0 5 RIGHT 0 5
MOVE B3 129
END TURN 18
TURN 19
COMMAND LEFT START
COMMAND LEFT END
COMMAND RIGHT START
COMMAND RIGHT END
TURN 19 RESULT
TIME LEFT 0 5 RIGHT 0 5
MOVE B3 114
DAMAGE COMBAT A1 1
DAMAGE COMBAT B3 2
END TURN 19
TURN 20
COMMAND LEFT START
COMMAND LEFT END
COMMAND RIGHT START
COMMAND RIGHT END
TURN 20 RESULT
TIME LEFT 0 5 RIGHT 0 5
DAMAGE COMBAT A1 1
DAMAGE COMBAT B3 2
END TURN 20
TURN 21
COMMAND LEFT START
COMMAND LEFT END
COMMAND RIGHT START
TRAIN 1
COMMAND RIGHT END
TURN 21 RESULT
TIME LEFT 0 5 RIGHT 0 5
TRAIN B5
END TURN 21
TURN 22
COMMAND LEFT START
COMMAND LEFT END
COMMAND RIGHT START
COMMAND RIGHT END
TURN 22 RESULT
TIME LEFT 0 5 RIGHT 0 5
END TURN 22
TURN 23
COMMAND LEFT START
UPGRADE 114
COMMAND LEFT END
COMMAND RIGHT START
MOVE B4 215
COMMAND RIGHT END
TURN 23 RESULT
TIME LEFT 0 5 RIGHT 0 5
UPGRADE A 114
MOVE B4 220
END TURN 23
TURN 24
COMMAND LEFT START
COMMAND LEFT END
COMMAND RIGHT START
COMMAND RIGHT END
TURN 24 RESULT
TIME LEFT 0 5 RIGHT 0 5
MOVE B4 215
END TURN 24
TURN 25
COMMAND LEFT START
COMMAND LEFT END
COMMAND RIGHT START
UPGRADE 215
COMMAND RIGHT END
TURN 25 RESULT
TIME LEFT 0 5 RIGHT 0 5
UPGRADE B 215
END TURN 25
TURN 26
COMMAND LEFT START
COMMAND LEFT END
COMMAND RIGHT START
COMMAND RIGHT END
TURN 26 RESULT
TIME LEFT 0 5 RIGHT 0 5
END TURN 26
TURN 27
COMMAND LEFT START
MOVE A2 14
TRAIN 1
COMMAND LEFT END
COMMAND RIGHT START
COMMAND RIGHT END
TURN 27 RESULT
TIME LEFT 0 5 RIGHT 0 5
TRAIN A5
MOVE A2 7
END TURN 27
TURN 28
COMMAND LEFT START
COMMAND LEFT END
COMMAND RIGHT START
TRAIN 1
COMMAND RIGHT END
TURN 28 RESULT
TIME LEFT 0 5 RIGHT 0 5
TRAIN B6
MOVE A2 14
END TURN 28
TURN 29
COMMAND LEFT START
COMMAND LEFT END
COMMAND RIGHT START
COMMAND RIGHT END
TURN 29 RESULT
TIME LEFT 0 5 RIGHT 0 5
END TURN 29
TURN 30
COMMAND LEFT START
COMMAND LEFT END
COMMAND RIGHT START
COMMAND RIGHT END
TURN 30 RESULT
TIME LEFT 0 5 RIGHT 0 5
END TURN 30
TURN 31
COMMAND LEFT START
COMMAND LEFT END
COMMAND RIGHT START
COMMAND RIGHT END
TURN 31 RESULT
TIME LEFT 0 5 RIGHT 0 5
END TURN 31
TURN 32
COMMAND LEFT START
COMMAND LEFT END
COMMAND RIGHT START
COMMAND RIGHT END
TURN 32 RESULT
TIME LEFT 0 5 RIGHT 0 5
END TURN 32
TURN 33
COMMAND LEFT START
COMMAND LEFT END
COMMAND RIGHT START
COMMAND RIGHT END
TURN 33 RESULT
TIME LEFT 0 5 RIGHT 0 5
END TURN 33
TURN 34
COMMAND LEFT START
COMMAND LEFT END
COMMAND RIGHT START
COMMAND RIGHT END
TURN 34 RESULT
TIME LEFT 0 5 RIGHT 0 5
END TURN 34
TURN 35
COMMAND LEFT START
COMMAND LEFT END
COMMAND RIGHT START
COMMAND RIGHT END
TURN 35 RESULT
TIME LEFT 0 5 RIGHT 0 5
END TURN 35
TURN 36
COMMAND LEFT START
COMMAND LEFT END
COMMAND RIGHT START
COMMAND RIGHT END
TURN 36 RESULT
TIME LEFT 0 5 RIGHT 0 5
END TURN 36
TURN 37
COMMAND LEFT START
COMMAND LEFT END
COMMAND RIGHT START
COMMAND RIGHT END
TURN 37 RESULT
TIME LEFT 0 5 RIGHT 0 5
END TURN 37
TURN 38
COMMAND LEFT START
COMMAND LEFT END
COMMAND RIGHT START
COMMAND RIGHT END
TURN 38 RESULT
TIME LEFT 0 5 RIGHT 0 5
END TURN 38
TURN 39
COMMAND LEFT START
COMMAND LEFT END
COMMAND RIGHT START
MOVE B6 225
COMMAND RIGHT END
TURN 39 RESULT
TIME LEFT 0 5 RIGHT 0 5
MOVE B6 226
END TURN 39
TURN 40
COMMAND LEFT START
UPGRADE 14
COMMAND LEFT END
COMMAND RIGHT START
COMMAND RIGHT END
TURN 40 RESULT
TIME LEFT 0 5 RIGHT 0 5
UPGRADE A 14
MOVE B6 224
END TURN 40
TURN 41
COMMAND LEFT START
COMMAND LEFT END
COMMAND RIGHT START
COMMAND RIGHT END
TURN 41 RESULT
TIME LEFT 0 5 RIGHT 0 5
MOVE B6 225
END TURN 41
TURN 42
COMMAND LEFT START
COMMAND LEFT END
COMMAND RIGHT START
UPGRADE 225
COMMAND RIGHT END
TURN 42 RESULT
TIME LEFT 0 5 RIGHT 0 5
UPGRADE B 225
END TURN 42
TURN 43
COMMAND LEFT START
TRAIN 1
COMMAND LEFT END
COMMAND RIGHT START
COMMAND RIGHT END
TURN 43 RESULT
TIME LEFT 0 5 RIGHT 0 5
TRAIN A6
END TURN 43
TURN 44
COMMAND LEFT START
COMMAND LEFT END
COMMAND RIGHT START
TRAIN 1
COMMAND RIGHT END
TURN 44 RESULT
TIME LEFT 0 5 RIGHT 0 5
TRAIN B7
END TURN 44
TURN 45
COMMAND LEFT START
COMMAND LEFT END
COMMAND RIGHT START
COMMAND RIGHT END
TURN 45 RESULT
TIME LEFT 0 5 RIGHT 0 5
END TURN 45
TURN 46
COMMAND LEFT START
COMMAND LEFT END
COMMAND RIGHT START
COMMAND RIGHT END
TURN 46 RESULT
TIME LEFT 0 5 RIGHT 0 5
END TURN 46
TURN 47
COMMAND LEFT START
COMMAND LEFT END
COMMAND RIGHT START
COMMAND RIGHT END
TURN 47 RESULT
TIME LEFT 0 5 RIGHT 0 5
END TURN 47
TURN 48
COMMAND LEFT START
COMMAND LEFT END
COMMAND RIGHT START
COMMAND RIGHT END
TURN 48 RESULT
TIME LEFT 0 5 RIGHT 0 5
END TURN 48
TURN 49
COMMAND LEFT START
COMMAND LEFT END
COMMAND RIGHT START
COMMAND RIGHT END
TURN 49 RESULT
TIME LEFT 0 5 RIGHT 0 5
END TURN 49
TURN 50
COMMAND LEFT START
COMMAND LEFT END
COMMAND RIGHT START
COMMAND RIGHT END
TURN 50 RESULT
TIME LEFT 0 5 RIGHT 0 5
END TURN 50
TURN 51
COMMAND LEFT START
MOVE A6 13
COMMAND LEFT END
COMMAND RIGHT START
COMMAND RIGHT END
TURN 51 RESULT
TIME LEFT 0 5 RIGHT 0 5
MOVE A6 8
END TURN 51
TURN 52
COMMAND LEFT START
COMMAND LEFT END
COMMAND RIGHT START
COMMAND RIGHT END
TURN 52 RESULT
TIME LEFT 0 5 RIGHT 0 5
MOVE A6 13
END TURN 52
TURN 53
COMMAND LEFT START
UPGRADE 13
COMMAND LEFT END
COMMAND RIGHT START
COMMAND RIGHT END
TURN 53 RESULT
TIME LEFT 0 5 RIGHT 0 5
UPGRADE A 13
END TURN 53
TURN 54
COMMAND LEFT START
COMMAND LEFT END
COMMAND RIGHT START
COMMAND RIGHT END
TURN 54 RESULT
TIME LEFT 0 5 RIGHT 0 5
END TURN 54
TURN 55
COMMAND LEFT START
COMMAND LEFT END
COMMAND RIGHT START
COMMAND RIGHT END
TURN 55 RESULT
TIME LEFT 0 5 RIGHT 0 5
END TURN 55
TURN 56
COMMAND LEFT START
COMMAND LEFT END
COMMAND RIGHT START
UPGRADE 228
COMMAND RIGHT END
TURN 56 RESULT
TIME LEFT 0 5 RIGHT 0 5
UPGRADE B 228
END TURN 56
TURN 57
COMMAND LEFT START
COMMAND LEFT END
COMMAND RIGHT START
COMMAND RIGHT END
TURN 57 RESULT
TIME LEFT 0 5 RIGHT 0 5
END TURN 57
TURN 58
COMMAND LEFT START
COMMAND LEFT END
COMMAND RIGHT START
COMMAND RIGHT END
TURN 58 RESULT
TIME LEFT 0 5 RIGHT 0 5
END TURN 58
TURN 59
COMMAND LEFT START
MOVE A4 3
TRAIN 1
COMMAND LEFT END
COMMAND RIGHT START
COMMAND RIGHT END
TURN 59 RESULT
TIME LEFT 0 5 RIGHT 0 5
TRAIN A7
MOVE A4 2
END TURN 59
TURN 60
COMMAND LEFT START
COMMAND LEFT END
COMMAND RIGHT START
COMMAND RIGHT END
TURN 60 RESULT
TIME LEFT 0 5 RIGHT 0 5
MOVE A4 4
END TURN 60
TURN 61
COMMAND LEFT START
COMMAND LEFT END
COMMAND RIGHT START
COMMAND RIGHT END
TURN 61 RESULT
TIME LEFT 0 5 RIGHT 0 5
MOVE A4 3
END TURN 61
TURN 62
COMMAND LEFT START
COMMAND LEFT END
COMMAND RIGHT START
COMMAND RIGHT END
TURN 62 RESULT
TIME LEFT 0 5 RIGHT 0 5
END TURN 62
TURN 63
COMMAND LEFT START
UPGRADE 3
COMMAND LEFT END
COMMAND RIGHT START
COMMAND RIGHT END
TURN 63 RESULT
TIME LEFT 0 5 RIGHT 0 5
UPGRADE A 3
END TURN 63
TURN 64
COMMAND LEFT START
COMMAND LEFT END
COMMAND RIGHT START
COMMAND RIGHT END
TURN 64 RESULT
TIME LEFT 0 5 RIGHT 0 5
END TURN 64
TURN 65
COMMAND LEFT START
COMMAND LEFT END
COMMAND RIGHT START
UPGRADE 225
COMMAND RIGHT END
TURN 65 RESULT
TIME LEFT 0 5 RIGHT 0 5
UPGRADE B 225
END TURN 65
TURN 66
COMMAND LEFT START
COMMAND LEFT END
COMMAND RIGHT START
COMMAND RIGHT END
TURN 66 RESULT
TIME LEFT 0 5 RIGHT 0 5
END TURN 66
TURN 67
COMMAND LEFT START
COMMAND LEFT END
COMMAND RIGHT START
TRAIN 1
COMMAND RIGHT END
TURN 67 RESULT
TIME LEFT 0 5 RIGHT 0 5
TRAIN B8
END TURN 67
TURN 68
COMMAND LEFT START
COMMAND LEFT END
COMMAND RIGHT START
MOVE B5 225
COMMAND RIGHT END
TURN 68 RESULT
TIME LEFT 0 5 RIGHT 0 5
MOVE B5 226
END TURN 68
TURN 69
COMMAND LEFT START
COMMAND LEFT END
COMMAND RIGHT START
COMMAND RIGHT END
TURN 69 RESULT
TIME LEFT 0 5 RIGHT 0 5
MOVE B5 224
END TURN 69
TURN 70
COMMAND LEFT START
COMMAND LEFT END
COMMAND RIGHT START
COMMAND RIGHT END
TURN 70 RESULT
TIME LEFT 0 5 RIGHT 0 5
MOVE B5 225
END TURN 70
TURN 71
COMMAND LEFT START
COMMAND LEFT END
COMMAND RIGHT START
COMMAND RIGHT END
TURN 71 RESULT
TIME LEFT 0 5 RIGHT 0 5
END TURN 71
TURN 72
COMMAND LEFT START
COMMAND LEFT END
COMMAND RIGHT START
COMMAND RIGHT END
TURN 72 RESULT
TIME LEFT 0 5 RIGHT 0 5
END TURN 72
TURN 73
COMMAND LEFT START
COMMAND LEFT END
COMMAND RIGHT START
COMMAND RIGHT END
TURN 73 RESULT
TIME LEFT 0 5 RIGHT 0 5
END TURN 73
TURN 74
COMMAND LEFT START
COMMAND LEFT END
COMMAND RIGHT START
UPGRADE 215
COMMAND RIGHT END
TURN 74 RESULT
TIME LEFT 0 5 RIGHT 0 5
UPGRADE B 215
END TURN 74
TURN 75
COMMAND LEFT START
COMMAND LEFT END
COMMAND RIGHT START
COMMAND RIGHT END
TURN 75 RESULT
TIME LEFT 0 5 RIGHT 0 5
END TURN 75
TURN 76
COMMAND LEFT START
UPGRADE 0
COMMAND LEFT END
COMMAND RIGHT START
TRAIN 1
COMMAND RIGHT END
TURN 76 RESULT
TIME LEFT 0 5 RIGHT 0 5
UPGRADE A 0
TRAIN B9
END TURN 76
TURN 77
COMMAND LEFT START
MOVE A5 3
TRAIN 1
COMMAND LEFT END
COMMAND RIGHT START
MOVE B7 215
COMMAND RIGHT END
TURN 77 RESULT
TIME LEFT 0 5 RIGHT 0 5
TRAIN A8
MOVE A5 2
MOVE B7 220
END TURN 77
TURN 78
COMMAND LEFT START
COMMAND LEFT END
COMMAND RIGHT START
COMMAND RIGHT END
TURN 78 RESULT
TIME LEFT 0 5 RIGHT 0 5
MOVE A5 4
MOVE B7 215
END TURN 78
TURN 79
COMMAND LEFT START
MOVE A4 228
TRAIN 1
COMMAND LEFT END
COMMAND RIGHT START
COMMAND RIGHT END
TURN 79 RESULT
TIME LEFT 0 5 RIGHT 0 5
TRAIN A9
MOVE A4 11
MOVE A5 3
END TURN 79
TURN 80
COMMAND LEFT START
COMMAND LEFT END
COMMAND RIGHT START
COMMAND RIGHT END
TURN 80 RESULT
TIME LEFT 0 5 RIGHT 0 5
MOVE A4 29
END TURN 80
TURN 81
COMMAND LEFT START
COMMAND LEFT END
COMMAND RIGHT START
COMMAND RIGHT END
TURN 81 RESULT
TIME LEFT 0 5 RIGHT 0 5
MOVE A4 45
END TURN 81
TURN 82
COMMAND LEFT START
COMMAND LEFT END
COMMAND RIGHT START
COMMAND RIGHT END
TURN 82 RESULT
TIME LEFT 0 5 RIGHT 0 5
MOVE A4 61
END TURN 82
TURN 83
COMMAND LEFT START
COMMAND LEFT END
COMMAND RIGHT START
COMMAND RIGHT END
TURN 83 RESULT
TIME LEFT 0 5 RIGHT 0 5
MOVE A4 83
END TURN 83
TURN 84
COMMAND LEFT START
COMMAND LEFT END
COMMAND RIGHT START
COMMAND RIGHT END
TURN 84 RESULT
TIME LEFT 0 5 RIGHT 0 5
MOVE A4 97
END TURN 84
TURN 85
COMMAND LEFT START
UPGRADE 14
COMMAND LEFT END
COMMAND RIGHT START
COMMAND RIGHT END
TURN 85 RESULT
TIME LEFT 0 5 RIGHT 0 5
UPGRADE A 14
MOVE A4 119
END TURN 85
TURN 86
COMMAND LEFT START
COMMAND LEFT END
COMMAND RIGHT START
COMMAND RIGHT END
TURN 86 RESULT
TIME LEFT 0 5 RIGHT 0 5
MOVE A4 132
END TURN 86
TURN 87
COMMAND LEFT START
MOVE A7 14
TRAIN 1
COMMAND LEFT END
COMMAND RIGHT START
UPGRADE 228
COMMAND RIGHT END
TURN 87 RESULT
TIME LEFT 0 5 RIGHT 0 5
UPGRADE B 228
TRAIN A10
MOVE A4 155
MOVE A7 7
END TURN 87
TURN 88
COMMAND LEFT START
COMMAND LEFT END
COMMAND RIGHT START
COMMAND RIGHT END
TURN 88 RESULT
TIME LEFT 0 5 RIGHT 0 5
MOVE A4 182
MOVE A7 14
END TURN 88
TURN 89
COMMAND LEFT START
COMMAND LEFT END
COMMAND RIGHT START
TRAIN 1
COMMAND RIGHT END
TURN 89 RESULT
TIME LEFT 0 5 RIGHT 0 5
TRAIN B10
MOVE A4 201
END TURN 89
TURN 90
COMMAND LEFT START
COMMAND LEFT END
COMMAND RIGHT START
COMMAND RIGHT END
TURN 90 RESULT
TIME LEFT 0 5 RIGHT 0 5
MOVE A4 206
END TURN 90
TURN 91
COMMAND LEFT START
COMMAND LEFT END
COMMAND RIGHT START
COMMAND RIGHT END
TURN 91 RESULT
TIME LEFT 0 5 RIGHT 0 5
MOVE A4 214
DAMAGE TURRET A4 1
DAMAGE COMBAT A4 1
DAMAGE COMBAT B1 1
END TURN 91
TURN 92
COMMAND LEFT START
UPGRADE 13
COMMAND LEFT END
COMMAND RIGHT START
COMMAND RIGHT END
TURN 92 RESULT
TIME LEFT 0 5 RIGHT 0 5
UPGRADE A 13
DAMAGE TURRET A4 1
DAMAGE COMBAT A4 1
DAMAGE COMBAT B1 1
END TURN 92
TURN 93
COMMAND LEFT START
MOVE A8 13
TRAIN 1
COMMAND LEFT END
COMMAND RIGHT START
COMMAND RIGHT END
TURN 93 RESULT
TIME LEFT 0 5 RIGHT 0 5
TRAIN A11
MOVE A8 8
DAMAGE TURRET A4 1
DAMAGE COMBAT B1 1
END TURN 93
TURN 94
COMMAND LEFT START
COMMAND LEFT END
COMMAND RIGHT START
UPGRADE 214
COMMAND RIGHT END
TURN 94 RESULT
TIME LEFT 0 5 RIGHT 0 5
UPGRADE B 214
MOVE A8 13
END TURN 94
TURN 95
COMMAND LEFT START
MOVE A9 228
TRAIN 1
COMMAND LEFT END
COMMAND RIGHT START
TRAIN 1
COMMAND RIGHT END
TURN 95 RESULT
TIME LEFT 0 5 RIGHT 0 5
TRAIN A12 B11
MOVE A9 7
END TURN 95
TURN 96
COMMAND LEFT START
COMMAND LEFT END
COMMAND RIGHT START
MOVE B8 214
COMMAND RIGHT END
TURN 96 RESULT
TIME LEFT 0 5 RIGHT 0 5
MOVE A9 14
MOVE B8 221
END TURN 96
TURN 97
COMMAND LEFT START
COMMAND LEFT END
COMMAND RIGHT START
COMMAND RIGHT END
TURN 97 RESULT
TIME LEFT 0 5 RIGHT 0 5
MOVE A9 22
MOVE B8 214
END TURN 97
TURN 98
COMMAND LEFT START
COMMAND LEFT END
COMMAND RIGHT START
COMMAND RIGHT END
TURN 98 RESULT
TIME LEFT 0 5 RIGHT 0 5
MOVE A9 27
END TURN 98
TURN 99
COMMAND LEFT START
UPGRADE 3
COMMAND LEFT END
COMMAND RIGHT START
COMMAND RIGHT END
TURN 99 RESULT
TIME LEFT 0 5 RIGHT 0 5
UPGRADE A 3
MOVE A9 41
END TURN 99
TURN 100
COMMAND LEFT START
MOVE A10 3
TRAIN 1
COMMAND LEFT END
COMMAND RIGHT START
COMMAND RIGHT END
TURN 100 RESULT
TIME LEFT 0 5 RIGHT 0 5
TRAIN A13
MOVE A9 50
MOVE A10 2
END TURN 100
TURN 101
COMMAND LEFT START
COMMAND LEFT END
COMMAND RIGHT START
UPGRADE 225
COMMAND RIGHT END
TURN 101 RESULT
TIME LEFT 0 5 RIGHT 0 5
UPGRADE B 225
MOVE A9 64
MOVE A10 4
END TURN 101
TURN 102
COMMAND LEFT START
COMMAND LEFT END
COMMAND RIGHT START
TRAIN 1
COMMAND RIGHT END
TURN 102 RESULT
TIME LEFT 0 5 RIGHT 0 5
TRAIN B12
MOVE A9 86
MOVE A10 3
END TURN 102
TURN 103
COMMAND LEFT START
COMMAND LEFT END
COMMAND RIGHT START
MOVE B9 225
COMMAND RIGHT END
TURN 103 RESULT
TIME LEFT 0 5 RIGHT 0 5
MOVE A9 100
MOVE B9 226
END TURN 103
TURN 104
COMMAND LEFT START
COMMAND LEFT END
COMMAND RIGHT START
COMMAND RIGHT END
TURN 104 RESULT
TIME LEFT 0 5 RIGHT 0 5
MOVE A9 116
MOVE B9 224
END TURN 104
TURN 105
COMMAND LEFT START
UPGRADE 114
COMMAND LEFT END
COMMAND RIGHT START
COMMAND RIGHT END
TURN 105 RESULT
TIME LEFT 0 5 RIGHT 0 5
UPGRADE A 114
MOVE A9 137
MOVE B9 225
END TURN 105
TURN 106
COMMAND LEFT START
MOVE A11 13
TRAIN 1
COMMAND LEFT END
COMMAND RIGHT START
COMMAND RIGHT END
TURN 106 RESULT
TIME LEFT 0 5 RIGHT 0 5
TRAIN A14
MOVE A9 153
MOVE A11 8
END TURN 106
TURN 107
COMMAND LEFT START
MOVE A8 114
COMMAND LEFT END
COMMAND RIGHT START
UPGRADE 215
COMMAND RIGHT END
TURN 107 RESULT
TIME LEFT 0 5 RIGHT 0 5
UPGRADE B 215
MOVE A8 30
MOVE A9 174
MOVE A11 13
END TURN 107
TURN 108
COMMAND LEFT START
MOVE A12 13
MOVE A13 114
TRAIN 2
COMMAND LEFT END
COMMAND RIGHT START
TRAIN 1
COMMAND RIGHT END
TURN 108 RESULT
TIME LEFT 0 5 RIGHT 0 5
TRAIN A15 A16 B13
MOVE A8 44
MOVE A9 185
MOVE A12 8
MOVE A13 8
END TURN 108
TURN 109
COMMAND LEFT START
MOVE A11 114
COMMAND LEFT END
COMMAND RIGHT START
MOVE B10 215
COMMAND RIGHT END
TURN 109 RESULT
TIME LEFT 0 5 RIGHT 0 5
MOVE A8 54
MOVE A9 203
MOVE A11 30
MOVE A12 13
MOVE A13 15
MOVE B10 220
END TURN 109
TURN 110
COMMAND LEFT START
MOVE A14 13
MOVE A15 114
TRAIN 2
COMMAND LEFT END
COMMAND RIGHT START
COMMAND RIGHT END
TURN 110 RESULT
TIME LEFT 0 5 RIGHT 0 5
TRAIN A17 A18
MOVE A8 75
MOVE A9 213
MOVE A11 44
MOVE A13 25
MOVE A14 8
MOVE A15 8
MOVE B10 215
END TURN 110
TURN 111
COMMAND LEFT START
MOVE A12 114
COMMAND LEFT END
COMMAND RIGHT START
COMMAND RIGHT END
TURN 111 RESULT
TIME LEFT 0 5 RIGHT 0 5
MOVE A8 85
MOVE A9 220
MOVE A11 54
MOVE A12 30
MOVE A13 43
MOVE A14 13
MOVE A15 15
END TURN 111
TURN 112
COMMAND LEFT START
MOVE A16 13
MOVE A17 114
TRAIN 2
COMMAND LEFT END
COMMAND RIGHT START
UPGRADE 214
COMMAND RIGHT END
TURN 112 RESULT
TIME LEFT 0 5 RIGHT 0 5
UPGRADE B 214
TRAIN A19 A20
MOVE A8 99
MOVE A9 228
MOVE A11 75
MOVE A12 44
MOVE A13 54
MOVE A15 25
MOVE A16 8
MOVE A17 8
DAMAGE TURRET A9 2
DAMAGE COMBAT A9 3
DAMAGE COMBAT B11 1
END TURN 112
TURN 113
COMMAND LEFT START
MOVE A14 114
COMMAND LEFT END
COMMAND RIGHT START
TRAIN 1
COMMAND RIGHT END
TURN 113 RESULT
TIME LEFT 0 5 RIGHT 0 5
TRAIN B14
MOVE A8 114
MOVE A11 85
MOVE A12 54
MOVE A13 75
MOVE A14 30
MOVE A15 43
MOVE A16 13
MOVE A17 15
DAMAGE TURRET A9 1
DAMAGE COMBAT B11 1
END TURN 113
TURN 114
COMMAND LEFT START
MOVE A18 228
MOVE A19 13
TRAIN 2
COMMAND LEFT END
COMMAND RIGHT START
MOVE B11 214
COMMAND RIGHT END
TURN 114 RESULT
TIME LEFT 0 5 RIGHT 0 5
TRAIN A21 A22
MOVE A11 99
MOVE A12 75
MOVE A13 85
MOVE A14 44
MOVE A15 54
MOVE A17 25
MOVE A18 7
MOVE A19 8
MOVE B11 221
END TURN 114
TURN 115
COMMAND LEFT START
MOVE A16 114
COMMAND LEFT END
COMMAND RIGHT START
COMMAND RIGHT END
TURN 115 RESULT
TIME LEFT 0 5 RIGHT 0 5
MOVE A11 114
MOVE A12 85
MOVE A13 99
MOVE A14 54
MOVE A15 75
MOVE A16 30
MOVE A17 43
MOVE A18 14
MOVE A19 13
MOVE B11 214
END TURN 115
TURN 116
COMMAND LEFT START
MOVE A20 13
MOVE A21 114
TRAIN 2
COMMAND LEFT END
COMMAND RIGHT START
COMMAND RIGHT END
TURN 116 RESULT
TIME LEFT 0 5 RIGHT 0 5
TRAIN A23 A24
MOVE A12 99
MOVE A13 114
MOVE A14 75
MOVE A15 85
MOVE A16 44
MOVE A17 54
MOVE A18 22
MOVE A20 8
MOVE A21 8
END TURN 116
TURN 117
COMMAND LEFT START
MOVE A19 114
COMMAND LEFT END
COMMAND RIGHT START
TRAIN 1
COMMAND RIGHT END
TURN 117 RESULT
TIME LEFT 0 5 RIGHT 0 5
TRAIN B15
MOVE A12 114
MOVE A14 85
MOVE A15 99
MOVE A16 54
MOVE A17 75
MOVE A18 27
MOVE A19 30
MOVE A20 13
MOVE A21 15
END TURN 117
TURN 118
COMMAND LEFT START
MOVE A22 13
MOVE A23 114
TRAIN 2
COMMAND LEFT END
COMMAND RIGHT START
TRAIN 1
COMMAND RIGHT END
TURN 118 RESULT
TIME LEFT 0 5 RIGHT 0 5
TRAIN A25 A26 B16
MOVE A14 99
MOVE A15 114
MOVE A16 75
MOVE A17 85
MOVE A18 41
MOVE A19 44
MOVE A21 25
MOVE A22 8
MOVE A23 8
END TURN 118
TURN 119
COMMAND LEFT START
MOVE A20 114
COMMAND LEFT END
COMMAND RIGHT START
MOVE B16 204
COMMAND RIGHT END
TURN 119 RESULT
TIME LEFT 0 5 RIGHT 0 5
MOVE A14 114
MOVE A16 85
MOVE A17 99
MOVE A18 50
MOVE A19 54
MOVE A20 30
MOVE A21 43
MOVE A22 13
MOVE A23 15
MOVE B16 227
END TURN 119
TURN 120
COMMAND LEFT START
MOVE A24 13
MOVE A25 114
TRAIN 2
COMMAND LEFT END
COMMAND RIGHT START
TRAIN 2
COMMAND RIGHT END
TURN 120 RESULT
TIME LEFT 0 5 RIGHT 0 5
TRAIN A27 A28 B17 B18
MOVE A16 99
MOVE A17 114
MOVE A18 64
MOVE A19 75
MOVE A20 44
MOVE A21 54
MOVE A23 25
MOVE A24 8
MOVE A25 8
MOVE B16 222
END TURN 120
TURN 121
COMMAND LEFT START
MOVE A22 114
COMMAND LEFT END
COMMAND RIGHT START
TRAIN 2
COMMAND RIGHT END
TURN 121 RESULT
TIME LEFT 0 5 RIGHT 0 5
TRAIN B19 B20
MOVE A16 114
MOVE A18 86
MOVE A19 85
MOVE A20 54
MOVE A21 75
MOVE A22 30
MOVE A23 43
MOVE A24 13
MOVE A25 15
MOVE B16 216
END TURN 121
TURN 122
COMMAND LEFT START
MOVE A26 13
MOVE A27 114
TRAIN 2
COMMAND LEFT END
COMMAND RIGHT START
TRAIN 1
COMMAND RIGHT END
TURN 122 RESULT
TIME LEFT 0 5 RIGHT 0 5
TRAIN A29 A30 B21
MOVE A18 100
MOVE A19 99
MOVE A20 75
MOVE A21 85
MOVE A22 44
MOVE A23 54
MOVE A25 25
MOVE A26 8
MOVE A27 8
MOVE B16 204
END TURN 122
TURN 123
COMMAND LEFT START
MOVE A24 114
COMMAND LEFT END
COMMAND RIGHT START
UPGRADE 204
COMMAND RIGHT END
TURN 123 RESULT
TIME LEFT 0 5 RIGHT 0 5
UPGRADE B 204
MOVE A18 116
MOVE A19 114
MOVE A20 85
MOVE A21 99
MOVE A22 54
MOVE A23 75
MOVE A24 30
MOVE A25 43
MOVE A26 13
MOVE A27 15
END TURN 123
TURN 124
COMMAND LEFT START
MOVE A28 13
MOVE A29 114
TRAIN 2
COMMAND LEFT END
COMMAND RIGHT START
COMMAND RIGHT END
TURN 124 RESULT
TIME LEFT 0 5 RIGHT 0 5
TRAIN A31 A32
MOVE A18 137
MOVE A20 99
MOVE A21 114
MOVE A22 75
MOVE A23 85
MOVE A24 44
MOVE A25 54
MOVE A27 25
MOVE A28 8
MOVE A29 8
END TURN 124
TURN 125
COMMAND LEFT START
MOVE A26 114
COMMAND LEFT END
COMMAND RIGHT START
MOVE B21 143
COMMAND RIGHT END
TURN 125 RESULT
TIME LEFT 0 5 RIGHT 0 5
MOVE A18 153
MOVE A20 114
MOVE A22 85
MOVE A23 99
MOVE A24 54
MOVE A25 75
MOVE A26 30
MOVE A27 43
MOVE A28 13
MOVE A29 15
MOVE B21 220
END TURN 125
TURN 126
COMMAND LEFT START
MOVE A11 214
MOVE A12 214
MOVE A13 214
MOVE A14 214
MOVE A15 214
MOVE A16 214
MOVE A17 214
MOVE A19 214
MOVE A20 214
MOVE A21 214
COMMAND LEFT END
COMMAND RIGHT START
UPGRADE 204
COMMAND RIGHT END
TURN 126 RESULT
TIME LEFT 0 5 RIGHT 0 5
UPGRADE B 204
MOVE A11 128
MOVE A12 128
MOVE A13 128
MOVE A14 128
MOVE A15 128
MOVE A16 128
MOVE A17 128
MOVE A18 174
MOVE A19 128
MOVE A20 128
MOVE A21 128
MOVE A22 99
MOVE A23 114
MOVE A24 75
MOVE A25 85
MOVE A26 44
MOVE A27 54
MOVE A29 25
MOVE B21 213
END TURN 126
TURN 127
COMMAND LEFT START
MOVE A30 13
MOVE A31 114
TRAIN 2
COMMAND LEFT END
COMMAND RIGHT START
MOVE B12 204
COMMAND RIGHT END
TURN 127 RESULT
TIME LEFT 0 5 RIGHT 0 5
TRAIN A33 A34
MOVE A11 142
MOVE A12 142
MOVE A13 142
MOVE A14 142
MOVE A15 142
MOVE A16 142
MOVE A17 142
MOVE A18 185
MOVE A19 142
MOVE A20 142
MOVE A21 142
MOVE A22 114
MOVE A24 85
MOVE A25 99
MOVE A26 54
MOVE A27 75
MOVE A29 43
MOVE A30 8
MOVE A31 8
MOVE B12 227
MOVE B21 203
END TURN 127
TURN 128
COMMAND LEFT START
MOVE A28 114
COMMAND LEFT END
COMMAND RIGHT START
COMMAND RIGHT END
TURN 128 RESULT
TIME LEFT 0 5 RIGHT 0 5
MOVE A11 164
MOVE A12 164
MOVE A13 164
MOVE A14 164
MOVE A15 164
MOVE A16 164
MOVE A17 164
MOVE A18 203
MOVE A19 164
MOVE A20 164
MOVE A21 164
MOVE A24 99
MOVE A25 114
MOVE A26 75
MOVE A27 85
MOVE A28 30
MOVE A29 54
MOVE A30 13
MOVE A31 15
MOVE B12 222
MOVE B21 185
END TURN 128
TURN 129
COMMAND LEFT START
MOVE A32 13
MOVE A33 114
TRAIN 2
COMMAND LEFT END
COMMAND RIGHT START
COMMAND RIGHT END
TURN 129 RESULT
TIME LEFT 0 5 RIGHT 0 5
TRAIN A35 A36
MOVE A11 178
MOVE A12 178
MOVE A13 178
MOVE A14 178
MOVE A15 178
MOVE A16 178
MOVE A17 178
MOVE A18 213
MOVE A19 178
MOVE A20 178
MOVE A21 178
MOVE A24 114
MOVE A26 85
MOVE A27 99
MOVE A28 44
MOVE A29 75
MOVE A31 25
MOVE A32 8
MOVE A33 8
MOVE B12 216
MOVE B21 174
END TURN 129
TURN 130
COMMAND LEFT START
MOVE A30 114
COMMAND LEFT END
COMMAND RIGHT START
UPGRADE 204
COMMAND RIGHT END
TURN 130 RESULT
TIME LEFT 0 5 RIGHT 0 5
UPGRADE B 204
MOVE A11 187
MOVE A12 187
MOVE A13 187
MOVE A14 187
MOVE A15 187
MOVE A16 187
MOVE A17 187
MOVE A18 220
MOVE A19 187
MOVE A20 187
MOVE A21 187
MOVE A26 99
MOVE A27 114
MOVE A28 54
MOVE A29 85
MOVE A30 30
MOVE A31 43
MOVE A32 13
MOVE A33 15
MOVE B12 204
MOVE B21 153
END TURN 130
TURN 131
COMMAND LEFT START
COMMAND LEFT END
COMMAND RIGHT START
MOVE B13 204
COMMAND RIGHT END
TURN 131 RESULT
TIME LEFT 0 5 RIGHT 0 5
MOVE A11 201
MOVE A12 201
MOVE A13 201
MOVE A14 201
MOVE A15 201
MOVE A16 201
MOVE A17 201
MOVE A18 228
MOVE A19 201
MOVE A20 201
MOVE A21 201
MOVE A26 114
MOVE A28 75
MOVE A29 99
MOVE A30 44
MOVE A31 54
MOVE A33 25
MOVE B13 227
MOVE B21 143
DAMAGE TURRET A18 2
DAMAGE COMBAT A18 4
DAMAGE COMBAT B14 1
END TURN 131
TURN 132
COMMAND LEFT START
MOVE A22 228
MOVE A34 13
MOVE A35 114
TRAIN 2
COMMAND LEFT END
COMMAND RIGHT START
MOVE B20 214
MOVE B19 214
MOVE B18 214
COMMAND RIGHT END
TURN 132 RESULT
TIME LEFT 0 5 RIGHT 0 5
TRAIN A37 A38
MOVE A11 206
MOVE A12 206
MOVE A13 206
MOVE A14 206
MOVE A15 206
MOVE A16 206
MOVE A17 206
MOVE A19 206
MOVE A20 206
MOVE A21 206
MOVE A22 129
MOVE A28 85
MOVE A29 114
MOVE A30 54
MOVE A31 75
MOVE A33 43
MOVE A34 8
MOVE A35 8
MOVE B13 222
MOVE B18 221
MOVE B19 221
MOVE B20 221
END TURN 132
TURN 133
COMMAND LEFT START
MOVE A32 114
COMMAND LEFT END
COMMAND RIGHT START
MOVE B1 228
MOVE B8 228
MOVE B11 228
MOVE B4 228
MOVE B7 228
MOVE B10 228
MOVE B5 228
MOVE B6 228
TRAIN 2
COMMAND RIGHT END
TURN 133 RESULT
TIME LEFT 0 5 RIGHT 0 5
TRAIN B22 B23
MOVE A11 214
MOVE A12 214
MOVE A13 214
MOVE A14 214
MOVE A15 214
MOVE A16 214
MOVE A17 214
MOVE A19 214
MOVE A20 214
MOVE A21 214
MOVE A22 143
MOVE A28 99
MOVE A30 75
MOVE A31 85
MOVE A32 30
MOVE A33 54
MOVE A34 13
MOVE A35 15
MOVE B1 221
MOVE B4 220
MOVE B5 224
MOVE B6 224
MOVE B7 220
MOVE B8 221
MOVE B10 220
MOVE B11 221
MOVE B13 216
MOVE B18 214
MOVE B19 214
MOVE B20 214
DAMAGE TURRET A11 2
DAMAGE COMBAT A11 3
DAMAGE COMBAT A22 1
DAMAGE COMBAT B18 6
DAMAGE COMBAT B19 4
DAMAGE COMBAT B21 1
END TURN 133
TURN 134
COMMAND LEFT START
MOVE A36 13
MOVE A37 114
TRAIN 2
COMMAND LEFT END
COMMAND RIGHT START
MOVE B14 215
MOVE B15 225
MOVE B21 215
TRAIN 2
COMMAND RIGHT END
TURN 134 RESULT
TIME LEFT 0 5 RIGHT 0 5
TRAIN A39 A40 B24 B25
MOVE A28 114
MOVE A30 85
MOVE A31 99
MOVE A32 44
MOVE A33 75
MOVE A35 25
MOVE A36 8
MOVE A37 8
MOVE B1 228
MOVE B4 228
MOVE B5 226
MOVE B6 226
MOVE B7 228
MOVE B8 228
MOVE B10 228
MOVE B11 228
MOVE B13 204
MOVE B14 220
MOVE B15 226
DAMAGE TURRET A11 1
DAMAGE TURRET A12 1
DAMAGE COMBAT A12 2
DAMAGE COMBAT A22 1
DAMAGE COMBAT B19 2
DAMAGE COMBAT B20 6
DAMAGE COMBAT B21 1
SIEGE B 214 2
END TURN 134
TURN 135
COMMAND LEFT START
MOVE A34 114
COMMAND LEFT END
COMMAND RIGHT START
MOVE B1 215
MOVE B4 225
MOVE B25 215
MOVE B24 215
MOVE B23 215
MOVE B22 215
MOVE B17 215
MOVE B11 215
TRAIN 2
COMMAND RIGHT END
TURN 135 RESULT
TIME LEFT 0 5 RIGHT 0 5
TRAIN B26 B27
MOVE A30 99
MOVE A31 114
MOVE A32 54
MOVE A33 85
MOVE A34 30
MOVE A35 43
MOVE A36 13
MOVE A37 15
MOVE B1 220
MOVE B4 226
MOVE B5 228
MOVE B6 228
MOVE B11 220
MOVE B14 215
MOVE B15 224
MOVE B17 220
MOVE B22 220
MOVE B23 220
MOVE B24 220
MOVE B25 220
DAMAGE TURRET A12 2
DAMAGE COMBAT A22 1
DAMAGE COMBAT B21 1
SIEGE B 214 9
END TURN 135
TURN 136
COMMAND LEFT START
COMMAND LEFT END
COMMAND RIGHT START
MOVE B14 228
MOVE B9 228
TRAIN 1
COMMAND RIGHT END
TURN 136 RESULT
TIME LEFT 0 5 RIGHT 0 5
TRAIN B28
MOVE A30 114
MOVE A32 75
MOVE A33 99
MOVE A34 44
MOVE A35 54
MOVE A37 25
MOVE B1 215
MOVE B4 224
MOVE B9 224
MOVE B11 215
MOVE B14 220
MOVE B15 225
MOVE B17 215
MOVE B22 215
MOVE B23 215
MOVE B24 215
MOVE B25 215
DAMAGE TURRET A12 1
DAMAGE TURRET A13 1
DAMAGE COMBAT A22 1
DAMAGE COMBAT B21 1
SIEGE B 214 7
END TURN 136
TURN 137
COMMAND LEFT START
MOVE A13 114
MOVE A14 114
MOVE A15 114
MOVE A16 114
MOVE A17 114
MOVE A19 114
MOVE A20 114
MOVE A21 114
MOVE A38 13
MOVE A39 114
TRAIN 2
COMMAND LEFT END
COMMAND RIGHT START
MOVE B1 225
MOVE B28 215
MOVE B27 215
MOVE B26 215
MOVE B10 215
MOVE B8 215
COMMAND RIGHT END
TURN 137 RESULT
TIME LEFT 0 5 RIGHT 0 5
TRAIN A41 A42
MOVE A13 206
MOVE A14 206
MOVE A15 206
MOVE A16 206
MOVE A17 206
MOVE A19 206
MOVE A20 206
MOVE A21 206
MOVE A32 85
MOVE A33 114
MOVE A34 54
MOVE A35 75
MOVE A37 43
MOVE A38 8
MOVE A39 8
MOVE B1 224
MOVE B4 225
MOVE B8 220
MOVE B9 226
MOVE B10 220
MOVE B14 228
MOVE B26 220
MOVE B27 220
MOVE B28 220
DAMAGE COMBAT A22 1
DAMAGE COMBAT B21 1
END TURN 137
TURN 138
COMMAND LEFT START
MOVE A23 215
MOVE A24 215
MOVE A25 215
MOVE A26 215
MOVE A27 215
MOVE A28 215
MOVE A29 215
MOVE A30 215
MOVE A31 215
MOVE A33 215
MOVE A36 114
COMMAND LEFT END
COMMAND RIGHT START
MOVE B14 215
COMMAND RIGHT END
TURN 138 RESULT
TIME LEFT 0 5 RIGHT 0 5
MOVE A13 201
MOVE A14 201
MOVE A15 201
MOVE A16 201
MOVE A17 201
MOVE A19 201
MOVE A20 201
MOVE A21 201
MOVE A23 129
MOVE A24 129
MOVE A25 129
MOVE A26 129
MOVE A27 129
MOVE A28 129
MOVE A29 129
MOVE A30 129
MOVE A31 129
MOVE A32 99
MOVE A33 129
MOVE A34 75
MOVE A35 85
MOVE A36 30
MOVE A37 54
MOVE A38 13
MOVE A39 15
MOVE B1 225
MOVE B8 215
MOVE B9 228
MOVE B10 215
MOVE B14 220
MOVE B26 215
MOVE B27 215
MOVE B28 215
DAMAGE COMBAT A22 1
DAMAGE COMBAT B21 1
END TURN 138
TURN 139
COMMAND LEFT START
MOVE A40 3
TRAIN 1
COMMAND LEFT END
COMMAND RIGHT START
COMMAND RIGHT END
TURN 139 RESULT
TIME LEFT 0 5 RIGHT 0 5
TRAIN A43
MOVE A13 187
MOVE A14 187
MOVE A15 187
MOVE A16 187
MOVE A17 187
MOVE A19 187
MOVE A20 187
MOVE A21 187
MOVE A23 143
MOVE A24 143
MOVE A25 143
MOVE A26 143
MOVE A27 143
MOVE A28 143
MOVE A29 143
MOVE A30 143
MOVE A31 143
MOVE A32 114
MOVE A33 143
MOVE A34 85
MOVE A35 99
MOVE A36 44
MOVE A37 75
MOVE A39 25
MOVE A40 2
MOVE B14 215
END TURN 139
TURN 140
COMMAND LEFT START
COMMAND LEFT END
COMMAND RIGHT START
MOVE B28 214
COMMAND RIGHT END
TURN 140 RESULT
TIME LEFT 0 5 RIGHT 0 5
MOVE A13 178
MOVE A14 178
MOVE A15 178
MOVE A16 178
MOVE A17 178
MOVE A19 178
MOVE A20 178
MOVE A21 178
MOVE A23 153
MOVE A24 153
MOVE A25 153
MOVE A26 153
MOVE A27 153
MOVE A28 153
MOVE A29 153
MOVE A30 153
MOVE A31 153
MOVE A33 153
MOVE A34 99
MOVE A35 114
MOVE A36 54
MOVE A37 85
MOVE A39 43
MOVE A40 4
MOVE B28 220
END TURN 140
TURN 141
COMMAND LEFT START
MOVE A10 228
COMMAND LEFT END
COMMAND RIGHT START
MOVE B9 215
TRAIN 1
COMMAND RIGHT END
TURN 141 RESULT
TIME LEFT 0 5 RIGHT 0 5
TRAIN B29
MOVE A10 11
MOVE A13 164
MOVE A14 164
MOVE A15 164
MOVE A16 164
MOVE A17 164
MOVE A19 164
MOVE A20 164
MOVE A21 164
MOVE A23 174
MOVE A24 174
MOVE A25 174
MOVE A26 174
MOVE A27 174
MOVE A28 174
MOVE A29 174
MOVE A30 174
MOVE A31 174
MOVE A33 174
MOVE A34 114
MOVE A36 75
MOVE A37 99
MOVE A39 54
MOVE A40 3
MOVE B9 220
MOVE B28 219
END TURN 141
TURN 142
COMMAND LEFT START
MOVE A41 13
MOVE A42 114
TRAIN 2
COMMAND LEFT END
COMMAND RIGHT START
MOVE B29 215
TRAIN 1
COMMAND RIGHT END
TURN 142 RESULT
TIME LEFT 0 5 RIGHT 0 5
TRAIN A44 A45 B30
MOVE A10 29
MOVE A13 142
MOVE A14 142
MOVE A15 142
MOVE A16 142
MOVE A17 142
MOVE A19 142
MOVE A20 142
MOVE A21 142
MOVE A23 184
MOVE A24 184
MOVE A25 184
MOVE A26 184
MOVE A27 184
MOVE A28 184
MOVE A29 184
MOVE A30 184
MOVE A31 184
MOVE A33 184
MOVE A36 85
MOVE A37 114
MOVE A39 75
MOVE A41 8
MOVE A42 8
MOVE B9 215
MOVE B28 214
MOVE B29 220
END TURN 142
TURN 143
COMMAND LEFT START
MOVE A38 114
COMMAND LEFT END
COMMAND RIGHT START
MOVE B30 215
UPGRADE 214
COMMAND RIGHT END
TURN 143 RESULT
TIME LEFT 0 5 RIGHT 0 5
UPGRADE B 214
MOVE A10 45
MOVE A13 128
MOVE A14 128
MOVE A15 128
MOVE A16 128
MOVE A17 128
MOVE A19 128
MOVE A20 128
MOVE A21 128
MOVE A23 198
MOVE A24 198
MOVE A25 198
MOVE A26 198
MOVE A27 198
MOVE A28 198
MOVE A29 198
MOVE A30 198
MOVE A31 198
MOVE A33 198
MOVE A36 99
MOVE A38 30
MOVE A39 85
MOVE A41 13
MOVE A42 15
MOVE B29 215
MOVE B30 220
END TURN 143
TURN 144
COMMAND LEFT START
COMMAND LEFT END
COMMAND RIGHT START
MOVE B28 228
MOVE B8 228
MOVE B9 228
MOVE B10 228
MOVE B11 228
MOVE B14 228
MOVE B17 228
TRAIN 2
COMMAND RIGHT END
TURN 144 RESULT
TIME LEFT 0 5 RIGHT 0 5
TRAIN B31 B32
MOVE A10 61
MOVE A13 114
MOVE A14 114
MOVE A15 114
MOVE A16 114
MOVE A17 114
MOVE A19 114
MOVE A20 114
MOVE A21 114
MOVE A23 215
MOVE A24 215
MOVE A25 215
MOVE A26 215
MOVE A27 215
MOVE A28 215
MOVE A29 215
MOVE A30 215
MOVE A31 215
MOVE A33 215
MOVE A36 114
MOVE A38 44
MOVE A39 99
MOVE A42 25
MOVE B8 220
MOVE B9 220
MOVE B10 220
MOVE B11 220
MOVE B14 220
MOVE B17 220
MOVE B28 221
MOVE B30 215
DAMAGE TURRET A23 2
DAMAGE COMBAT A23 4
DAMAGE COMBAT A24 4
DAMAGE COMBAT B22 6
DAMAGE COMBAT B23 4
END TURN 144
TURN 145
COMMAND LEFT START
MOVE A13 225
MOVE A14 225
MOVE A15 225
MOVE A16 225
MOVE A17 225
MOVE A19 225
MOVE A20 225
MOVE A21 225
MOVE A32 225
MOVE A34 225
COMMAND LEFT END
COMMAND RIGHT START
MOVE B5 214
MOVE B32 214
COMMAND RIGHT END
TURN 145 RESULT
TIME LEFT 0 5 RIGHT 0 5
MOVE A10 83
MOVE A13 129
MOVE A14 129
MOVE A15 129
MOVE A16 129
MOVE A17 129
MOVE A19 129
MOVE A20 129
MOVE A21 129
MOVE A32 129
MOVE A34 129
MOVE A38 54
MOVE A39 114
MOVE A42 43
MOVE B5 221
MOVE B8 228
MOVE B9 228
MOVE B10 228
MOVE B11 228
MOVE B14 228
MOVE B17 228
MOVE B28 228
MOVE B32 221
DAMAGE TURRET A24 2
DAMAGE COMBAT A25 6
DAMAGE COMBAT A26 1
DAMAGE COMBAT B23 2
DAMAGE COMBAT B24 6
DAMAGE COMBAT B25 1
END TURN 145
TURN 146
COMMAND LEFT START
MOVE A43 13
MOVE A44 114
TRAIN 2
COMMAND LEFT END
COMMAND RIGHT START
MOVE B6 214
MOVE B31 214
MOVE B28 214
MOVE B17 214
MOVE B14 214
MOVE B11 214
MOVE B10 214
COMMAND RIGHT END
TURN 146 RESULT
TIME LEFT 0 5 RIGHT 0 5
TRAIN A46 A47
MOVE A10 97
MOVE A13 137
MOVE A14 137
MOVE A15 137
MOVE A16 137
MOVE A17 137
MOVE A19 137
MOVE A20 137
MOVE A21 137
MOVE A32 137
MOVE A34 137
MOVE A38 75
MOVE A42 54
MOVE A43 8
MOVE A44 8
MOVE B5 214
MOVE B6 221
MOVE B10 221
MOVE B11 221
MOVE B14 221
MOVE B17 221
MOVE B28 221
MOVE B31 221
MOVE B32 214
DAMAGE TURRET A26 2
DAMAGE COMBAT A26 3
DAMAGE COMBAT A27 2
DAMAGE COMBAT B25 5
DAMAGE COMBAT B26 2
END TURN 146
TURN 147
COMMAND LEFT START
MOVE A35 3
MOVE A36 3
MOVE A37 3
MOVE A39 3
MOVE A41 114
COMMAND LEFT END
COMMAND RIGHT START
MOVE B5 228
MOVE B32 228
TRAIN 2
COMMAND RIGHT END
TURN 147 RESULT
TIME LEFT 0 5 RIGHT 0 5
TRAIN B33 B34
MOVE A10 119
MOVE A13 150
MOVE A14 150
MOVE A15 150
MOVE A16 150
MOVE A17 150
MOVE A19 150
MOVE A20 150
MOVE A21 150
MOVE A32 150
MOVE A34 150
MOVE A35 99
MOVE A36 99
MOVE A37 99
MOVE A38 85
MOVE A39 99
MOVE A41 30
MOVE A42 75
MOVE A43 13
MOVE A44 15
MOVE B5 221
MOVE B6 214
MOVE B10 214
MOVE B11 214
MOVE B14 214
MOVE B17 214
MOVE B28 214
MOVE B31 214
MOVE B32 221
DAMAGE TURRET A27 2
DAMAGE COMBAT A27 2
DAMAGE COMBAT A28 2
DAMAGE COMBAT B26 4
DAMAGE COMBAT B27 2
END TURN 147
TURN 148
COMMAND LEFT START
MOVE A45 13
MOVE A46 114
TRAIN 2
COMMAND LEFT END
COMMAND RIGHT START
MOVE B34 214
MOVE B33 214
COMMAND RIGHT END
TURN 148 RESULT
TIME LEFT 0 5 RIGHT 0 5
TRAIN A48 A49
MOVE A10 132
MOVE A13 160
MOVE A14 160
MOVE A15 160
MOVE A16 160
MOVE A17 160
MOVE A19 160
MOVE A20 160
MOVE A21 160
MOVE A32 160
MOVE A34 160
MOVE A35 91
MOVE A36 91
MOVE A37 91
MOVE A38 99
MOVE A39 91
MOVE A41 44
MOVE A42 85
MOVE A44 25
MOVE A45 8
MOVE A46 8
MOVE B5 228
MOVE B32 228
MOVE B33 221
MOVE B34 221
DAMAGE TURRET A28 2
DAMAGE COMBAT A28 2
DAMAGE COMBAT A29 1
DAMAGE COMBAT B27 4
DAMAGE COMBAT B29 1
END TURN 148
TURN 149
COMMAND LEFT START
MOVE A43 114
COMMAND LEFT END
COMMAND RIGHT START
MOVE B32 214
MOVE B9 214
TRAIN 1
COMMAND RIGHT END
TURN 149 RESULT
TIME LEFT 0 5 RIGHT 0 5
TRAIN B35
MOVE A10 155
MOVE A13 171
MOVE A14 171
MOVE A15 171
MOVE A16 171
MOVE A17 171
MOVE A19 171
MOVE A20 171
MOVE A21 171
MOVE A32 171
MOVE A34 171
MOVE A35 78
MOVE A36 78
MOVE A37 78
MOVE A38 114
MOVE A39 78
MOVE A41 54
MOVE A42 99
MOVE A43 30
MOVE A44 43
MOVE A45 13
MOVE A46 15
MOVE B9 221
MOVE B32 221
MOVE B33 214
MOVE B34 214
DAMAGE TURRET A29 2
DAMAGE COMBAT A29 2
DAMAGE COMBAT B29 4
END TURN 149
TURN 150
COMMAND LEFT START
COMMAND LEFT END
COMMAND RIGHT START
MOVE B35 214
TRAIN 1
COMMAND RIGHT END
TURN 150 RESULT
TIME LEFT 0 5 RIGHT 0 5
TRAIN B36
MOVE A10 182
MOVE A13 191
MOVE A14 191
MOVE A15 191
MOVE A16 191
MOVE A17 191
MOVE A19 191
MOVE A20 191
MOVE A21 191
MOVE A32 191
MOVE A34 191
MOVE A35 68
MOVE A36 68
MOVE A37 68
MOVE A39 68
MOVE A41 75
MOVE A42 114
MOVE A43 44
MOVE A44 54
MOVE A46 25
MOVE B9 214
MOVE B32 214
MOVE B35 221
DAMAGE TURRET A29 1
DAMAGE TURRET A30 1
DAMAGE COMBAT A30 2
DAMAGE COMBAT B29 1
DAMAGE COMBAT B30 3
END TURN 150
TURN 151
COMMAND LEFT START
MOVE A47 13
MOVE A48 114
TRAIN 2
COMMAND LEFT END
COMMAND RIGHT START
MOVE B36 214
TRAIN 2
COMMAND RIGHT END
TURN 151 RESULT
TIME LEFT 0 5 RIGHT 0 5
TRAIN A50 A51 B37 B38
MOVE A10 201
MOVE A13 207
MOVE A14 207
MOVE A15 207
MOVE A16 207
MOVE A17 207
MOVE A19 207
MOVE A20 207
MOVE A21 207
MOVE A32 207
MOVE A34 207
MOVE A35 57
MOVE A36 57
MOVE A37 57
MOVE A39 57
MOVE A41 85
MOVE A43 54
MOVE A44 75
MOVE A46 43
MOVE A47 8
MOVE A48 8
MOVE B35 214
MOVE B36 221
DAMAGE TURRET A30 2
DAMAGE COMBAT A30 1
DAMAGE COMBAT B30 3
END TURN 151
TURN 152
COMMAND LEFT START
MOVE A45 114
COMMAND LEFT END
COMMAND RIGHT START
MOVE B38 214
MOVE B37 214
TRAIN 2
COMMAND RIGHT END
TURN 152 RESULT
TIME LEFT 0 5 RIGHT 0 5
TRAIN B39 B40
MOVE A10 206
MOVE A13 217
MOVE A14 217
MOVE A15 217
MOVE A16 217
MOVE A17 217
MOVE A19 217
MOVE A20 217
MOVE A21 217
MOVE A32 217
MOVE A34 217
MOVE A35 37
MOVE A36 37
MOVE A37 37
MOVE A39 37
MOVE A41 99
MOVE A43 75
MOVE A44 85
MOVE A45 30
MOVE A46 54
MOVE A47 13
MOVE A48 15
MOVE B36 214
MOVE B37 221
MOVE B38 221
DAMAGE TURRET A31 2
SIEGE B 215 2
END TURN 152
TURN 153
COMMAND LEFT START
MOVE A49 13
MOVE A50 114
TRAIN 2
COMMAND LEFT END
COMMAND RIGHT START
MOVE B6 228
MOVE B9 228
MOVE B10 228
MOVE B11 228
MOVE B14 228
MOVE B17 228
TRAIN 2
COMMAND RIGHT END
TURN 153 RESULT
TIME LEFT 0 5 RIGHT 0 5
TRAIN A52 A53 B41 B42
MOVE A10 214
MOVE A13 225
MOVE A14 225
MOVE A15 225
MOVE A16 225
MOVE A17 225
MOVE A19 225
MOVE A20 225
MOVE A21 225
MOVE A32 225
MOVE A34 225
MOVE A35 21
MOVE A36 21
MOVE A37 21
MOVE A39 21
MOVE A41 114
MOVE A43 85
MOVE A44 99
MOVE A45 44
MOVE A46 75
MOVE A48 25
MOVE A49 8
MOVE A50 8
MOVE B6 221
MOVE B9 221
MOVE B10 221
MOVE B11 221
MOVE B14 221
MOVE B17 221
MOVE B37 214
MOVE B38 214
DAMAGE TURRET A10 1
DAMAGE TURRET A13 2
DAMAGE TURRET A31 2
DAMAGE COMBAT A10 5
DAMAGE COMBAT A13 3
DAMAGE COMBAT B1 1
DAMAGE COMBAT B4 4
DAMAGE COMBAT B15 5
DAMAGE COMBAT B28 1
SIEGE B 215 2
END TURN 153
TURN 154
COMMAND LEFT START
MOVE A38 228
MOVE A47 114
COMMAND LEFT END
COMMAND RIGHT START
MOVE B42 214
MOVE B41 214
MOVE B40 214
MOVE B39 214
TRAIN 1
COMMAND RIGHT END
TURN 154 RESULT
TIME LEFT 0 5 RIGHT 0 5
TRAIN B43
MOVE A35 11
MOVE A36 11
MOVE A37 11
MOVE A38 129
MOVE A39 11
MOVE A43 99
MOVE A44 114
MOVE A45 54
MOVE A46 85
MOVE A47 30
MOVE A48 43
MOVE A49 13
MOVE A50 15
MOVE B6 228
MOVE B9 228
MOVE B10 228
MOVE B11 228
MOVE B14 228
MOVE B17 228
MOVE B39 221
MOVE B40 221
MOVE B41 221
MOVE B42 221
DAMAGE TURRET A14 2
DAMAGE TURRET A31 2
DAMAGE COMBAT A14 1
DAMAGE COMBAT B15 1
SIEGE B 215 2
SIEGE B 225 8
END TURN 154
TURN 155
COMMAND LEFT START
COMMAND LEFT END
COMMAND RIGHT START
MOVE B43 214
MOVE B17 214
MOVE B14 214
MOVE B11 214
MOVE B10 214
MOVE B9 214
MOVE B8 214
COMMAND RIGHT END
TURN 155 RESULT
TIME LEFT 0 5 RIGHT 0 5
MOVE A35 3
MOVE A36 3
MOVE A37 3
MOVE A38 143
MOVE A39 3
MOVE A43 114
MOVE A45 75
MOVE A46 99
MOVE A47 44
MOVE A48 54
MOVE A50 25
MOVE B8 221
MOVE B9 221
MOVE B10 221
MOVE B11 221
MOVE B14 221
MOVE B17 221
MOVE B39 214
MOVE B40 214
MOVE B41 214
MOVE B42 214
MOVE B43 221
DAMAGE TURRET A14 2
DAMAGE TURRET A33 2
SIEGE B 215 1
SIEGE B 225 9
END TURN 155
TURN 156
COMMAND LEFT START
MOVE A35 13
MOVE A36 114
MOVE A37 114
MOVE A39 114
MOVE A51 114
MOVE A52 114
TRAIN 2
COMMAND LEFT END
COMMAND RIGHT START
COMMAND RIGHT END
TURN 156 RESULT
TIME LEFT 0 5 RIGHT 0 5
TRAIN A54 A55
MOVE A35 4
MOVE A36 11
MOVE A37 11
MOVE A38 153
MOVE A39 11
MOVE A45 85
MOVE A46 114
MOVE A47 54
MOVE A48 75
MOVE A50 43
MOVE A51 8
MOVE A52 8
MOVE B8 214
MOVE B9 214
MOVE B10 214
MOVE B11 214
MOVE B14 214
MOVE B17 214
MOVE B43 214
DAMAGE TURRET A14 1
DAMAGE TURRET A15 1
DAMAGE TURRET A33 2
SIEGE B 215 1
SIEGE B 225 1
END TURN 156
TURN 157
COMMAND LEFT START
MOVE A15 114
MOVE A16 114
MOVE A17 114
MOVE A19 114
MOVE A20 114
MOVE A21 114
MOVE A32 114
MOVE A34 114
MOVE A49 114
COMMAND LEFT END
COMMAND RIGHT START
MOVE B5 215
MOVE B6 215
MOVE B8 215
MOVE B9 228
MOVE B10 228
COMMAND RIGHT END
TURN 157 RESULT
TIME LEFT 0 5 RIGHT 0 5
MOVE A15 217
MOVE A16 217
MOVE A17 217
MOVE A19 217
MOVE A20 217
MOVE A21 217
MOVE A32 217
MOVE A34 217
MOVE A35 13
MOVE A36 21
MOVE A37 21
MOVE A38 174
MOVE A39 21
MOVE A45 99
MOVE A47 75
MOVE A48 85
MOVE A49 30
MOVE A50 54
MOVE A51 15
MOVE A52 15
MOVE B5 220
MOVE B6 220
MOVE B8 219
MOVE B9 221
MOVE B10 221
DAMAGE TURRET A33 2
SIEGE B 215 1
END TURN 157
TURN 158
COMMAND LEFT START
MOVE A53 13
MOVE A54 114
TRAIN 2
COMMAND LEFT END
COMMAND RIGHT START
MOVE B11 215
MOVE B14 215
MOVE B17 215
MOVE B28 215
MOVE B31 215
COMMAND RIGHT END
TURN 158 RESULT
TIME LEFT 0 5 RIGHT 0 5
TRAIN A56 A57
MOVE A15 207
MOVE A16 207
MOVE A17 207
MOVE A19 207
MOVE A20 207
MOVE A21 207
MOVE A32 207
MOVE A34 207
MOVE A36 37
MOVE A37 37
MOVE A38 185
MOVE A39 37
MOVE A45 114
MOVE A47 85
MOVE A48 99
MOVE A49 44
MOVE A50 75
MOVE A51 25
MOVE A52 25
MOVE A53 8
MOVE A54 8
MOVE B5 215
MOVE B6 215
MOVE B8 220
MOVE B9 228
MOVE B10 228
MOVE B11 219
MOVE B14 219
MOVE B17 219
MOVE B28 219
MOVE B31 219
END TURN 158
TURN 159
COMMAND LEFT START
MOVE A35 114
COMMAND LEFT END
COMMAND RIGHT START
COMMAND RIGHT END
TURN 159 RESULT
TIME LEFT 0 5 RIGHT 0 5
MOVE A15 191
MOVE A16 191
MOVE A17 191
MOVE A19 191
MOVE A20 191
MOVE A21 191
MOVE A32 191
MOVE A34 191
MOVE A35 30
MOVE A36 57
MOVE A37 57
MOVE A38 203
MOVE A39 57
MOVE A47 99
MOVE A48 114
MOVE A49 54
MOVE A50 85
MOVE A51 43
MOVE A52 43
MOVE A53 13
MOVE A54 15
MOVE B8 215
MOVE B11 220
MOVE B14 220
MOVE B17 220
MOVE B28 220
MOVE B31 220
END TURN 159
TURN 160
COMMAND LEFT START
COMMAND LEFT END
COMMAND RIGHT START
COMMAND RIGHT END
TURN 160 RESULT
TIME LEFT 0 5 RIGHT 0 5
MOVE A15 171
MOVE A16 171
MOVE A17 171
MOVE A19 171
MOVE A20 171
MOVE A21 171
MOVE A32 171
MOVE A34 171
MOVE A35 44
MOVE A36 68
MOVE A37 68
MOVE A38 213
MOVE A39 68
MOVE A47 114
MOVE A49 75
MOVE A50 99
MOVE A51 54
MOVE A52 54
MOVE A54 25
MOVE B11 215
MOVE B14 215
MOVE B17 215
MOVE B28 215
MOVE B31 215
END TURN 160
TURN 161
COMMAND LEFT START
MOVE A55 13
MOVE A56 114
TRAIN 2
COMMAND LEFT END
COMMAND RIGHT START
MOVE B7 215
MOVE B9 215
MOVE B32 215
MOVE B33 228
MOVE B34 228
COMMAND RIGHT END
TURN 161 RESULT
TIME LEFT 0 5 RIGHT 0 5
TRAIN A58 A59
MOVE A15 160
MOVE A16 160
MOVE A17 160
MOVE A19 160
MOVE A20 160
MOVE A21 160
MOVE A32 160
MOVE A34 160
MOVE A35 54
MOVE A36 78
MOVE A37 78
MOVE A38 220
MOVE A39 78
MOVE A49 85
MOVE A50 114
MOVE A51 75
MOVE A52 75
MOVE A54 43
MOVE A55 8
MOVE A56 8
MOVE B7 220
MOVE B9 220
MOVE B32 219
MOVE B33 221
MOVE B34 221
DAMAGE COMBAT A38 2
DAMAGE COMBAT B7 1
END TURN 161
TURN 162
COMMAND LEFT START
MOVE A53 114
COMMAND LEFT END
COMMAND RIGHT START
MOVE B31 225
COMMAND RIGHT END
TURN 162 RESULT
TIME LEFT 0 5 RIGHT 0 5
MOVE A15 150
MOVE A16 150
MOVE A17 150
MOVE A19 150
MOVE A20 150
MOVE A21 150
MOVE A32 150
MOVE A34 150
MOVE A35 75
MOVE A36 91
MOVE A37 91
MOVE A39 91
MOVE A49 99
MOVE A51 85
MOVE A52 85
MOVE A53 30
MOVE A54 54
MOVE A55 13
MOVE A56 15
MOVE B31 224
MOVE B32 220
MOVE B33 228
MOVE B34 228
DAMAGE COMBAT A38 3
DAMAGE COMBAT B7 1
END TURN 162
TURN 163
COMMAND LEFT START
COMMAND LEFT END
COMMAND RIGHT START
UPGRADE 214
COMMAND RIGHT END
TURN 163 RESULT
TIME LEFT 0 5 RIGHT 0 5
UPGRADE B 214
MOVE A15 137
MOVE A16 137
MOVE A17 137
MOVE A19 137
MOVE A20 137
MOVE A21 137
MOVE A32 137
MOVE A34 137
MOVE A35 85
MOVE A36 99
MOVE A37 99
MOVE A39 99
MOVE A49 114
MOVE A51 99
MOVE A52 99
MOVE A53 44
MOVE A54 75
MOVE A56 25
MOVE B31 225
DAMAGE COMBAT A38 1
DAMAGE COMBAT B7 1
END TURN 163
TURN 164
COMMAND LEFT START
MOVE A41 228
MOVE A57 13
MOVE A58 114
TRAIN 2
COMMAND LEFT END
COMMAND RIGHT START
MOVE B28 214
MOVE B17 214
MOVE B14 214
MOVE B11 214
COMMAND RIGHT END
TURN 164 RESULT
TIME LEFT 0 5 RIGHT 0 5
TRAIN A60 A61
MOVE A15 129
MOVE A16 129
MOVE A17 129
MOVE A19 129
MOVE A20 129
MOVE A21 129
MOVE A32 129
MOVE A34 129
MOVE A35 99
MOVE A36 114
MOVE A37 114
MOVE A39 114
MOVE A41 129
MOVE A51 114
MOVE A52 114
MOVE A53 54
MOVE A54 85
MOVE A56 43
MOVE A57 8
MOVE A58 8
MOVE B7 215
MOVE B9 215
MOVE B11 220
MOVE B14 220
MOVE B17 220
MOVE B28 220
MOVE B32 215
END TURN 164
TURN 165
COMMAND LEFT START
MOVE A36 214
MOVE A37 214
MOVE A39 214
MOVE A42 214
MOVE A43 214
MOVE A44 214
MOVE A45 214
MOVE A46 214
MOVE A47 214
MOVE A48 214
MOVE A55 114
COMMAND LEFT END
COMMAND RIGHT START
MOVE B32 214
MOVE B9 214
MOVE B8 214
COMMAND RIGHT END
TURN 165 RESULT
TIME LEFT 0 5 RIGHT 0 5
MOVE A15 114
MOVE A16 114
MOVE A17 114
MOVE A19 114
MOVE A20 114
MOVE A21 114
MOVE A32 114
MOVE A34 114
MOVE A35 114
MOVE A36 128
MOVE A37 128
MOVE A39 128
MOVE A41 143
MOVE A42 128
MOVE A43 128
MOVE A44 128
MOVE A45 128
MOVE A46 128
MOVE A47 128
MOVE A48 128
MOVE A53 75
MOVE A54 99
MOVE A55 30
MOVE A56 54
MOVE A57 13
MOVE A58 15
MOVE B8 220
MOVE B9 220
MOVE B11 219
MOVE B14 219
MOVE B17 219
MOVE B28 219
MOVE B32 220
END TURN 165
TURN 166
COMMAND LEFT START
MOVE A15 215
MOVE A16 215
MOVE A17 215
MOVE A19 215
MOVE A20 215
MOVE A21 215
MOVE A32 215
MOVE A34 215
MOVE A35 215
MOVE A49 215
COMMAND LEFT END
COMMAND RIGHT START
COMMAND RIGHT END
TURN 166 RESULT
TIME LEFT 0 5 RIGHT 0 5
MOVE A15 129
MOVE A16 129
MOVE A17 129
MOVE A19 129
MOVE A20 129
MOVE A21 129
MOVE A32 129
MOVE A34 129
MOVE A35 129
MOVE A36 142
MOVE A37 142
MOVE A39 142
MOVE A41 153
MOVE A42 142
MOVE A43 142
MOVE A44 142
MOVE A45 142
MOVE A46 142
MOVE A47 142
MOVE A48 142
MOVE A49 129
MOVE A53 85
MOVE A54 114
MOVE A55 44
MOVE A56 75
MOVE A58 25
MOVE B8 219
MOVE B9 219
MOVE B11 214
MOVE B14 214
MOVE B17 214
MOVE B28 214
MOVE B32 219
END TURN 166
TURN 167
COMMAND LEFT START
COMMAND LEFT END
COMMAND RIGHT START
UPGRADE 225
COMMAND RIGHT END
TURN 167 RESULT
TIME LEFT 0 5 RIGHT 0 5
UPGRADE B 225
MOVE A15 143
MOVE A16 143
MOVE A17 143
MOVE A19 143
MOVE A20 143
MOVE A21 143
MOVE A32 143
MOVE A34 143
MOVE A35 143
MOVE A36 164
MOVE A37 164
MOVE A39 164
MOVE A41 174
MOVE A42 164
MOVE A43 164
MOVE A44 164
MOVE A45 164
MOVE A46 164
MOVE A47 164
MOVE A48 164
MOVE A49 143
MOVE A53 99
MOVE A55 54
MOVE A56 85
MOVE A58 43
MOVE B8 214
MOVE B9 214
MOVE B32 214
END TURN 167
TURN 168
COMMAND LEFT START
COMMAND LEFT END
COMMAND RIGHT START
COMMAND RIGHT END
TURN 168 RESULT
TIME LEFT 0 5 RIGHT 0 5
MOVE A15 153
MOVE A16 153
MOVE A17 153
MOVE A19 153
MOVE A20 153
MOVE A21 153
MOVE A32 153
MOVE A34 153
MOVE A35 153
MOVE A36 178
MOVE A37 178
MOVE A39 178
MOVE A41 185
MOVE A42 178
MOVE A43 178
MOVE A44 178
MOVE A45 178
MOVE A46 178
MOVE A47 178
MOVE A48 178
MOVE A49 153
MOVE A53 114
MOVE A55 75
MOVE A56 99
MOVE A58 54
END TURN 168
TURN 169
COMMAND LEFT START
MOVE A59 13
MOVE A60 114
TRAIN 2
COMMAND LEFT END
COMMAND RIGHT START
COMMAND RIGHT END
TURN 169 RESULT
TIME LEFT 0 5 RIGHT 0 5
TRAIN A62 A63
MOVE A15 174
MOVE A16 174
MOVE A17 174
MOVE A19 174
MOVE A20 174
MOVE A21 174
MOVE A32 174
MOVE A34 174
MOVE A35 174
MOVE A36 187
MOVE A37 187
MOVE A39 187
MOVE A41 203
MOVE A42 187
MOVE A43 187
MOVE A44 187
MOVE A45 187
MOVE A46 187
MOVE A47 187
MOVE A48 187
MOVE A49 174
MOVE A55 85
MOVE A56 114
MOVE A58 75
MOVE A59 8
MOVE A60 8
END TURN 169
TURN 170
COMMAND LEFT START
MOVE A57 114
COMMAND LEFT END
COMMAND RIGHT START
COMMAND RIGHT END
TURN 170 RESULT
TIME LEFT 0 5 RIGHT 0 5
MOVE A15 184
MOVE A16 184
MOVE A17 184
MOVE A19 184
MOVE A20 184
MOVE A21 184
MOVE A32 184
MOVE A34 184
MOVE A35 184
MOVE A36 201
MOVE A37 201
MOVE A39 201
MOVE A41 213
MOVE A42 201
MOVE A43 201
MOVE A44 201
MOVE A45 201
MOVE A46 201
MOVE A47 201
MOVE A48 201
MOVE A49 184
MOVE A55 99
MOVE A57 30
MOVE A58 85
MOVE A59 13
MOVE A60 15
END TURN 170
TURN 171
COMMAND LEFT START
COMMAND LEFT END
COMMAND RIGHT START
MOVE B10 215
MOVE B33 215
MOVE B8 215
MOVE B9 228
MOVE B11 228
MOVE B43 143
COMMAND RIGHT END
TURN 171 RESULT
TIME LEFT 0 5 RIGHT 0 5
MOVE A15 198
MOVE A16 198
MOVE A17 198
MOVE A19 198
MOVE A20 198
MOVE A21 198
MOVE A32 198
MOVE A34 198
MOVE A35 198
MOVE A36 206
MOVE A37 206
MOVE A39 206
MOVE A41 220
MOVE A42 206
MOVE A43 206
MOVE A44 206
MOVE A45 206
MOVE A46 206
MOVE A47 206
MOVE A48 206
MOVE A49 198
MOVE A55 114
MOVE A57 44
MOVE A58 99
MOVE A60 25
MOVE B8 219
MOVE B9 221
MOVE B10 220
MOVE B11 221
MOVE B33 220
MOVE B43 206
DAMAGE COMBAT A36 1
DAMAGE COMBAT A41 2
DAMAGE COMBAT B10 1
DAMAGE COMBAT B43 6
END TURN 171
TURN 172
COMMAND LEFT START
MOVE A61 13
MOVE A62 114
TRAIN 2
COMMAND LEFT END
COMMAND RIGHT START
MOVE B14 228
MOVE B17 228
MOVE B28 228
MOVE B32 228
MOVE B35 228
MOVE B36 228
MOVE B37 228
MOVE B38 228
MOVE B39 228
MOVE B40 228
MOVE B41 228
MOVE B42 228
MOVE B31 228
MOVE B12 228
MOVE B13 228
MOVE B16 228
TRAIN 2
COMMAND RIGHT END
TURN 172 RESULT
TIME LEFT 0 5 RIGHT 0 5
TRAIN A64 A65 B44 B45
MOVE A15 215
MOVE A16 215
MOVE A17 215
MOVE A19 215
MOVE A20 215
MOVE A21 215
MOVE A32 215
MOVE A34 215
MOVE A35 215
MOVE A36 214
MOVE A37 214
MOVE A39 214
MOVE A42 214
MOVE A43 214
MOVE A44 214
MOVE A45 214
MOVE A46 214
MOVE A47 214
MOVE A48 214
MOVE A49 215
MOVE A57 54
MOVE A58 114
MOVE A60 43
MOVE A61 8
MOVE A62 8
MOVE B8 220
MOVE B9 228
MOVE B11 228
MOVE B12 216
MOVE B13 216
MOVE B14 221
MOVE B16 216
MOVE B17 221
MOVE B28 221
MOVE B31 224
MOVE B32 221
MOVE B35 221
MOVE B36 221
MOVE B37 221
MOVE B38 221
MOVE B39 221
MOVE B40 221
MOVE B41 221
MOVE B42 221
DAMAGE TURRET A15 2
DAMAGE TURRET A36 1
DAMAGE COMBAT A15 3
DAMAGE COMBAT A41 3
DAMAGE COMBAT B5 4
DAMAGE COMBAT B6 4
DAMAGE COMBAT B7 1
DAMAGE COMBAT B8 1
SIEGE B 214 10
SIEGE B 215 1
END TURN 172
TURN 173
COMMAND LEFT START
MOVE A59 114
COMMAND LEFT END
COMMAND RIGHT START
TRAIN 2
COMMAND RIGHT END
TURN 173 RESULT
TIME LEFT 0 5 RIGHT 0 5
TRAIN B46 B47
MOVE A57 75
MOVE A59 30
MOVE A60 54
MOVE A61 13
MOVE A62 15
MOVE B12 222
MOVE B13 222
MOVE B14 228
MOVE B16 222
MOVE B17 228
MOVE B28 228
MOVE B31 226
MOVE B32 228
MOVE B35 228
MOVE B36 228
MOVE B37 228
MOVE B38 228
MOVE B39 228
MOVE B40 228
MOVE B41 228
MOVE B42 228
DAMAGE TURRET A16 2
DAMAGE TURRET A36 1
DAMAGE COMBAT A41 1
DAMAGE COMBAT B8 1
SIEGE B 214 2
SIEGE B 215 8
END TURN 173
TURN 174
COMMAND LEFT START
MOVE A36 114
MOVE A37 114
MOVE A39 114
MOVE A42 114
MOVE A43 114
MOVE A44 114
MOVE A45 114
MOVE A46 114
MOVE A47 114
MOVE A48 114
MOVE A16 114
MOVE A17 114
MOVE A19 114
MOVE A20 114
MOVE A21 114
MOVE A32 114
MOVE A34 114
MOVE A35 114
MOVE A49 114
MOVE A50 228
COMMAND LEFT END
COMMAND RIGHT START
MOVE B9 225
MOVE B11 204
MOVE B14 204
MOVE B17 204
MOVE B35 214
MOVE B36 214
MOVE B37 214
MOVE B38 214
MOVE B39 214
MOVE B40 214
MOVE B41 214
MOVE B42 214
MOVE B44 214
MOVE B45 214
MOVE B46 214
MOVE B47 204
COMMAND RIGHT END
TURN 174 RESULT
TIME LEFT 0 5 RIGHT 0 5
MOVE A16 198
MOVE A17 198
MOVE A19 198
MOVE A20 198
MOVE A21 198
MOVE A32 198
MOVE A34 198
MOVE A35 198
MOVE A36 206
MOVE A37 206
MOVE A39 206
MOVE A42 206
MOVE A43 206
MOVE A44 206
MOVE A45 206
MOVE A46 206
MOVE A47 206
MOVE A48 206
MOVE A49 198
MOVE A50 129
MOVE A57 85
MOVE A59 44
MOVE A60 75
MOVE A62 25
MOVE B8 215
MOVE B9 226
MOVE B10 215
MOVE B11 227
MOVE B12 227
MOVE B13 227
MOVE B14 227
MOVE B16 227
MOVE B17 227
MOVE B31 228
MOVE B33 215
MOVE B35 221
MOVE B36 221
MOVE B37 221
MOVE B38 221
MOVE B39 221
MOVE B40 221
MOVE B41 221
MOVE B42 221
MOVE B44 221
MOVE B45 221
MOVE B46 221
MOVE B47 227
END TURN 174
TURN 175
COMMAND LEFT START
MOVE A51 13
MOVE A52 3
MOVE A53 3
MOVE A54 3
MOVE A55 3
MOVE A56 3
MOVE A58 3
MOVE A63 3
MOVE A64 3
TRAIN 2
COMMAND LEFT END
COMMAND RIGHT START
MOVE B28 225
MOVE B31 204
COMMAND RIGHT END
TURN 175 RESULT
TIME LEFT 0 5 RIGHT 0 5
TRAIN A66 A67
MOVE A16 184
MOVE A17 184
MOVE A19 184
MOVE A20 184
MOVE A21 184
MOVE A32 184
MOVE A34 184
MOVE A35 184
MOVE A36 201
MOVE A37 201
MOVE A39 201
MOVE A42 201
MOVE A43 201
MOVE A44 201
MOVE A45 201
MOVE A46 201
MOVE A47 201
MOVE A48 201
MOVE A49 184
MOVE A50 143
MOVE A51 99
MOVE A52 99
MOVE A53 99
MOVE A54 99
MOVE A55 99
MOVE A56 99
MOVE A57 99
MOVE A58 99
MOVE A59 54
MOVE A60 85
MOVE A62 43
MOVE A63 2
MOVE A64 2
MOVE B9 224
MOVE B11 222
MOVE B12 228
MOVE B13 228
MOVE B14 222
MOVE B16 228
MOVE B17 222
MOVE B28 226
MOVE B31 227
MOVE B35 214
MOVE B36 214
MOVE B37 214
MOVE B38 214
MOVE B39 214
MOVE B40 214
MOVE B41 214
MOVE B42 214
MOVE B44 214
MOVE B45 214
MOVE B46 214
MOVE B47 222
END TURN 175
TURN 176
COMMAND LEFT START
COMMAND LEFT END
COMMAND RIGHT START
MOVE B12 225
MOVE B13 204
MOVE B8 204
MOVE B10 204
MOVE B33 204
MOVE B35 204
MOVE B36 204
MOVE B37 204
MOVE B38 204
MOVE B39 204
MOVE B40 204
MOVE B41 204
MOVE B42 204
MOVE B44 204
MOVE B45 204
COMMAND RIGHT END
TURN 176 RESULT
TIME LEFT 0 5 RIGHT 0 5
MOVE A16 174
MOVE A17 174
MOVE A19 174
MOVE A20 174
MOVE A21 174
MOVE A32 174
MOVE A34 174
MOVE A35 174
MOVE A36 187
MOVE A37 187
MOVE A39 187
MOVE A42 187
MOVE A43 187
MOVE A44 187
MOVE A45 187
MOVE A46 187
MOVE A47 187
MOVE A48 187
MOVE A49 174
MOVE A50 153
MOVE A51 85
MOVE A52 91
MOVE A53 91
MOVE A54 91
MOVE A55 91
MOVE A56 91
MOVE A57 114
MOVE A58 91
MOVE A59 75
MOVE A60 99
MOVE A62 54
MOVE A63 4
MOVE A64 4
MOVE B8 213
MOVE B9 225
MOVE B10 213
MOVE B11 216
MOVE B12 226
MOVE B13 227
MOVE B14 216
MOVE B17 216
MOVE B28 224
MOVE B31 222
MOVE B33 213
MOVE B35 209
MOVE B36 209
MOVE B37 209
MOVE B38 209
MOVE B39 209
MOVE B40 209
MOVE B41 209
MOVE B42 209
MOVE B44 209
MOVE B45 209
MOVE B47 216
END TURN 176
TURN 177
COMMAND LEFT START
COMMAND LEFT END
COMMAND RIGHT START
MOVE B16 204
MOVE B46 228
COMMAND RIGHT END
TURN 177 RESULT
TIME LEFT 0 5 RIGHT 0 5
MOVE A16 153
MOVE A17 153
MOVE A19 153
MOVE A20 153
MOVE A21 153
MOVE A32 153
MOVE A34 153
MOVE A35 153
MOVE A36 178
MOVE A37 178
MOVE A39 178
MOVE A42 178
MOVE A43 178
MOVE A44 178
MOVE A45 178
MOVE A46 178
MOVE A47 178
MOVE A48 178
MOVE A49 153
MOVE A50 174
MOVE A51 75
MOVE A52 78
MOVE A53 78
MOVE A54 78
MOVE A55 78
MOVE A56 78
MOVE A58 78
MOVE A59 85
MOVE A60 114
MOVE A62 75
MOVE A63 3
MOVE A64 3
MOVE B8 208
MOVE B10 208
MOVE B11 204
MOVE B12 224
MOVE B13 222
MOVE B14 204
MOVE B16 227
MOVE B17 204
MOVE B28 225
MOVE B31 216
MOVE B33 208
MOVE B35 211
MOVE B36 211
MOVE B37 211
MOVE B38 211
MOVE B39 211
MOVE B40 211
MOVE B41 211
MOVE B42 211
MOVE B44 211
MOVE B45 211
MOVE B46 221
MOVE B47 204
END TURN 177
TURN 178
COMMAND LEFT START
MOVE A63 114
MOVE A64 114
MOVE A65 114
MOVE A66 114
TRAIN 2
COMMAND LEFT END
COMMAND RIGHT START
COMMAND RIGHT END
TURN 178 RESULT
TIME LEFT 0 5 RIGHT 0 5
TRAIN A68 A69
MOVE A16 143
MOVE A17 143
MOVE A19 143
MOVE A20 143
MOVE A21 143
MOVE A32 143
MOVE A34 143
MOVE A35 143
MOVE A36 164
MOVE A37 164
MOVE A39 164
MOVE A42 164
MOVE A43 164
MOVE A44 164
MOVE A45 164
MOVE A46 164
MOVE A47 164
MOVE A48 164
MOVE A49 143
MOVE A50 185
MOVE A51 54
MOVE A52 68
MOVE A53 68
MOVE A54 68
MOVE A55 68
MOVE A56 68
MOVE A58 68
MOVE A59 99
MOVE A62 85
MOVE A63 11
MOVE A64 11
MOVE A65 8
MOVE A66 8
MOVE B8 206
MOVE B10 206
MOVE B12 225
MOVE B13 216
MOVE B16 222
MOVE B31 204
MOVE B33 206
MOVE B35 204
MOVE B36 204
MOVE B37 204
MOVE B38 204
MOVE B39 204
MOVE B40 204
MOVE B41 204
MOVE B42 204
MOVE B44 204
MOVE B45 204
MOVE B46 228
END TURN 178
TURN 179
COMMAND LEFT START
COMMAND LEFT END
COMMAND RIGHT START
COMMAND RIGHT END
TURN 179 RESULT
TIME LEFT 0 5 RIGHT 0 5
MOVE A16 129
MOVE A17 129
MOVE A19 129
MOVE A20 129
MOVE A21 129
MOVE A32 129
MOVE A34 129
MOVE A35 129
MOVE A36 142
MOVE A37 142
MOVE A39 142
MOVE A42 142
MOVE A43 142
MOVE A44 142
MOVE A45 142
MOVE A46 142
MOVE A47 142
MOVE A48 142
MOVE A49 129
MOVE A50 203
MOVE A51 44
MOVE A52 57
MOVE A53 57
MOVE A54 57
MOVE A55 57
MOVE A56 57
MOVE A58 57
MOVE A59 114
MOVE A62 99
MOVE A63 21
MOVE A64 21
MOVE A65 15
MOVE A66 15
MOVE B8 209
MOVE B10 209
MOVE B13 204
MOVE B16 216
MOVE B33 209
END TURN 179
TURN 180
COMMAND LEFT START
COMMAND LEFT END
COMMAND RIGHT START
COMMAND RIGHT END
TURN 180 RESULT
TIME LEFT 0 5 RIGHT 0 5
MOVE A16 114
MOVE A17 114
MOVE A19 114
MOVE A20 114
MOVE A21 114
MOVE A32 114
MOVE A34 114
MOVE A35 114
MOVE A36 128
MOVE A37 128
MOVE A39 128
MOVE A42 128
MOVE A43 128
MOVE A44 128
MOVE A45 128
MOVE A46 128
MOVE A47 128
MOVE A48 128
MOVE A49 114
MOVE A50 213
MOVE A51 30
MOVE A52 37
MOVE A53 37
MOVE A54 37
MOVE A55 37
MOVE A56 37
MOVE A58 37
MOVE A62 114
MOVE A63 37
MOVE A64 37
MOVE A65 25
MOVE A66 25
MOVE B8 211
MOVE B10 211
MOVE B16 204
MOVE B33 211
END TURN 180
TURN 181
COMMAND LEFT START
MOVE A16 225
MOVE A17 225
MOVE A19 225
MOVE A20 225
MOVE A21 225
MOVE A32 225
MOVE A34 225
MOVE A35 225
MOVE A49 225
MOVE A57 225
MOVE A61 3
COMMAND LEFT END
COMMAND RIGHT START
COMMAND RIGHT END
TURN 181 RESULT
TIME LEFT 0 5 RIGHT 0 5
MOVE A16 129
MOVE A17 129
MOVE A19 129
MOVE A20 129
MOVE A21 129
MOVE A32 129
MOVE A34 129
MOVE A35 129
MOVE A36 114
MOVE A37 114
MOVE A39 114
MOVE A42 114
MOVE A43 114
MOVE A44 114
MOVE A45 114
MOVE A46 114
MOVE A47 114
MOVE A48 114
MOVE A49 129
MOVE A50 220
MOVE A51 13
MOVE A52 21
MOVE A53 21
MOVE A54 21
MOVE A55 21
MOVE A56 21
MOVE A57 129
MOVE A58 21
MOVE A61 4
MOVE A63 57
MOVE A64 57
MOVE A65 43
MOVE A66 43
MOVE B8 204
MOVE B10 204
MOVE B33 204
END TURN 181
TURN 182
COMMAND LEFT START
MOVE A36 225
MOVE A37 225
MOVE A39 225
MOVE A42 225
MOVE A43 225
MOVE A44 225
MOVE A45 225
MOVE A46 225
MOVE A47 225
MOVE A48 225
COMMAND LEFT END
COMMAND RIGHT START
COMMAND RIGHT END
TURN 182 RESULT
TIME LEFT 0 5 RIGHT 0 5
MOVE A16 137
MOVE A17 137
MOVE A19 137
MOVE A20 137
MOVE A21 137
MOVE A32 137
MOVE A34 137
MOVE A35 137
MOVE A36 129
MOVE A37 129
MOVE A39 129
MOVE A42 129
MOVE A43 129
MOVE A44 129
MOVE A45 129
MOVE A46 129
MOVE A47 129
MOVE A48 129
MOVE A49 137
MOVE A50 228
MOVE A52 11
MOVE A53 11
MOVE A54 11
MOVE A55 11
MOVE A56 11
MOVE A57 137
MOVE A58 11
MOVE A61 3
MOVE A63 68
MOVE A64 68
MOVE A65 54
MOVE A66 54
DAMAGE TURRET A50 2
DAMAGE COMBAT A50 3
DAMAGE COMBAT B32 1
END TURN 182
TURN 183
COMMAND LEFT START
MOVE A61 13
COMMAND LEFT END
COMMAND RIGHT START
COMMAND RIGHT END
TURN 183 RESULT
TIME LEFT 0 5 RIGHT 0 5
MOVE A16 150
MOVE A17 150
MOVE A19 150
MOVE A20 150
MOVE A21 150
MOVE A32 150
MOVE A34 150
MOVE A35 150
MOVE A36 137
MOVE A37 137
MOVE A39 137
MOVE A42 137
MOVE A43 137
MOVE A44 137
MOVE A45 137
MOVE A46 137
MOVE A47 137
MOVE A48 137
MOVE A49 150
MOVE A52 3
MOVE A53 3
MOVE A54 3
MOVE A55 3
MOVE A56 3
MOVE A57 150
MOVE A58 3
MOVE A61 4
MOVE A63 78
MOVE A64 78
MOVE A65 75
MOVE A66 75
DAMAGE TURRET A50 1
DAMAGE COMBAT B32 1
END TURN 183
TURN 184
COMMAND LEFT START
MOVE A52 114
MOVE A53 114
MOVE A54 114
MOVE A55 114
MOVE A56 114
MOVE A58 114
MOVE A59 228
MOVE A67 114
MOVE A68 114
MOVE A51 114
TRAIN 2
COMMAND LEFT END
COMMAND RIGHT START
COMMAND RIGHT END
TURN 184 RESULT
TIME LEFT 0 5 RIGHT 0 5
TRAIN A70 A71
MOVE A16 160
MOVE A17 160
MOVE A19 160
MOVE A20 160
MOVE A21 160
MOVE A32 160
MOVE A34 160
MOVE A35 160
MOVE A36 150
MOVE A37 150
MOVE A39 150
MOVE A42 150
MOVE A43 150
MOVE A44 150
MOVE A45 150
MOVE A46 150
MOVE A47 150
MOVE A48 150
MOVE A49 160
MOVE A51 30
MOVE A52 11
MOVE A53 11
MOVE A54 11
MOVE A55 11
MOVE A56 11
MOVE A57 160
MOVE A58 11
MOVE A59 129
MOVE A61 13
MOVE A63 91
MOVE A64 91
MOVE A65 85
MOVE A66 85
MOVE A67 8
MOVE A68 8
END TURN 184
TURN 185
COMMAND LEFT START
COMMAND LEFT END
COMMAND RIGHT START
MOVE B47 114
MOVE B28 204
MOVE B12 204
COMMAND RIGHT END
TURN 185 RESULT
TIME LEFT 0 5 RIGHT 0 5
MOVE A16 171
MOVE A17 171
MOVE A19 171
MOVE A20 171
MOVE A21 171
MOVE A32 171
MOVE A34 171
MOVE A35 171
MOVE A36 160
MOVE A37 160
MOVE A39 160
MOVE A42 160
MOVE A43 160
MOVE A44 160
MOVE A45 160
MOVE A46 160
MOVE A47 160
MOVE A48 160
MOVE A49 171
MOVE A51 44
MOVE A52 21
MOVE A53 21
MOVE A54 21
MOVE A55 21
MOVE A56 21
MOVE A57 171
MOVE A58 21
MOVE A59 143
MOVE A63 99
MOVE A64 99
MOVE A65 99
MOVE A66 99
MOVE A67 15
MOVE A68 15
MOVE B12 224
MOVE B28 224
MOVE B47 202
END TURN 185
TURN 186
COMMAND LEFT START
COMMAND LEFT END
COMMAND RIGHT START
COMMAND RIGHT END
TURN 186 RESULT
TIME LEFT 0 5 RIGHT 0 5
MOVE A16 191
MOVE A17 191
MOVE A19 191
MOVE A20 191
MOVE A21 191
MOVE A32 191
MOVE A34 191
MOVE A35 191
MOVE A36 171
MOVE A37 171
MOVE A39 171
MOVE A42 171
MOVE A43 171
MOVE A44 171
MOVE A45 171
MOVE A46 171
MOVE A47 171
MOVE A48 171
MOVE A49 191
MOVE A51 54
MOVE A52 37
MOVE A53 37
MOVE A54 37
MOVE A55 37
MOVE A56 37
MOVE A57 191
MOVE A58 37
MOVE A59 153
MOVE A63 114
MOVE A64 114
MOVE A65 114
MOVE A66 114
MOVE A67 25
MOVE A68 25
MOVE B12 223
MOVE B28 223
MOVE B47 189
END TURN 186
TURN 187
COMMAND LEFT START
COMMAND LEFT END
COMMAND RIGHT START
COMMAND RIGHT END
TURN 187 RESULT
TIME LEFT 0 5 RIGHT 0 5
MOVE A16 207
MOVE A17 207
MOVE A19 207
MOVE A20 207
MOVE A21 207
MOVE A32 207
MOVE A34 207
MOVE A35 207
MOVE A36 191
MOVE A37 191
MOVE A39 191
MOVE A42 191
MOVE A43 191
MOVE A44 191
MOVE A45 191
MOVE A46 191
MOVE A47 191
MOVE A48 191
MOVE A49 207
MOVE A51 75
MOVE A52 57
MOVE A53 57
MOVE A54 57
MOVE A55 57
MOVE A56 57
MOVE A57 207
MOVE A58 57
MOVE A59 174
MOVE A67 43
MOVE A68 43
MOVE B12 220
MOVE B28 220
MOVE B47 182
END TURN 187
TURN 188
COMMAND LEFT START
MOVE A69 13
MOVE A70 114
TRAIN 2
COMMAND LEFT END
COMMAND RIGHT START
UPGRADE 225
COMMAND RIGHT END
TURN 188 RESULT
TIME LEFT 0 5 RIGHT 0 5
UPGRADE B 225
TRAIN A72 A73
MOVE A16 217
MOVE A17 217
MOVE A19 217
MOVE A20 217
MOVE A21 217
MOVE A32 217
MOVE A34 217
MOVE A35 217
MOVE A36 207
MOVE A37 207
MOVE A39 207
MOVE A42 207
MOVE A43 207
MOVE A44 207
MOVE A45 207
MOVE A46 207
MOVE A47 207
MOVE A48 207
MOVE A49 217
MOVE A51 85
MOVE A52 68
MOVE A53 68
MOVE A54 68
MOVE A55 68
MOVE A56 68
MOVE A57 217
MOVE A58 68
MOVE A59 185
MOVE A67 54
MOVE A68 54
MOVE A69 8
MOVE A70 8
MOVE B12 219
MOVE B28 219
MOVE B47 163
END TURN 188
TURN 189
COMMAND LEFT START
MOVE A61 114
COMMAND LEFT END
COMMAND RIGHT START
MOVE B9 228
MOVE B8 228
MOVE B10 228
MOVE B11 228
MOVE B13 228
MOVE B14 228
MOVE B16 228
MOVE B17 228
MOVE B31 228
COMMAND RIGHT END
TURN 189 RESULT
TIME LEFT 0 5 RIGHT 0 5
MOVE A16 225
MOVE A17 225
MOVE A19 225
MOVE A20 225
MOVE A21 225
MOVE A32 225
MOVE A34 225
MOVE A35 225
MOVE A36 217
MOVE A37 217
MOVE A39 217
MOVE A42 217
MOVE A43 217
MOVE A44 217
MOVE A45 217
MOVE A46 217
MOVE A47 217
MOVE A48 217
MOVE A49 225
MOVE A51 99
MOVE A52 78
MOVE A53 78
MOVE A54 78
MOVE A55 78
MOVE A56 78
MOVE A57 225
MOVE A58 78
MOVE A59 203
MOVE A61 30
MOVE A67 75
MOVE A68 75
MOVE A69 13
MOVE A70 15
MOVE B8 216
MOVE B9 224
MOVE B10 216
MOVE B11 216
MOVE B12 214
MOVE B13 216
MOVE B14 216
MOVE B16 216
MOVE B17 216
MOVE B28 214
MOVE B31 216
MOVE B47 152
DAMAGE TURRET A16 1
SIEGE B 225 10
END TURN 189
TURN 190
COMMAND LEFT START
COMMAND LEFT END
COMMAND RIGHT START
COMMAND RIGHT END
TURN 190 RESULT
TIME LEFT 0 5 RIGHT 0 5
MOVE A36 225
MOVE A37 225
MOVE A39 225
MOVE A42 225
MOVE A43 225
MOVE A44 225
MOVE A45 225
MOVE A46 225
MOVE A47 225
MOVE A48 225
MOVE A51 114
MOVE A52 91
MOVE A53 91
MOVE A54 91
MOVE A55 91
MOVE A56 91
MOVE A58 91
MOVE A59 213
MOVE A61 44
MOVE A67 85
MOVE A68 85
MOVE A70 25
MOVE B8 222
MOVE B9 226
MOVE B10 222
MOVE B11 222
MOVE B12 209
MOVE B13 222
MOVE B14 222
MOVE B16 222
MOVE B17 222
MOVE B28 209
MOVE B31 222
MOVE B47 142
DAMAGE TURRET A16 1
SIEGE B 225 2
END TURN 190
TURN 191
COMMAND LEFT START
MOVE A16 114
MOVE A17 114
MOVE A19 114
MOVE A20 114
MOVE A21 114
MOVE A32 114
MOVE A34 114
MOVE A35 114
MOVE A49 114
MOVE A57 114
MOVE A36 114
MOVE A37 114
MOVE A39 114
MOVE A42 114
MOVE A43 114
MOVE A44 114
MOVE A45 114
MOVE A46 114
MOVE A47 114
MOVE A48 114
MOVE A71 13
MOVE A72 114
TRAIN 2
COMMAND LEFT END
COMMAND RIGHT START
TRAIN 1
COMMAND RIGHT END
TURN 191 RESULT
TIME LEFT 0 5 RIGHT 0 5
TRAIN A74 A75 B48
MOVE A16 217
MOVE A17 217
MOVE A19 217
MOVE A20 217
MOVE A21 217
MOVE A32 217
MOVE A34 217
MOVE A35 217
MOVE A36 217
MOVE A37 217
MOVE A39 217
MOVE A42 217
MOVE A43 217
MOVE A44 217
MOVE A45 217
MOVE A46 217
MOVE A47 217
MOVE A48 217
MOVE A49 217
MOVE A52 99
MOVE A53 99
MOVE A54 99
MOVE A55 99
MOVE A56 99
MOVE A57 217
MOVE A58 99
MOVE A59 220
MOVE A61 54
MOVE A67 99
MOVE A68 99
MOVE A70 43
MOVE A71 8
MOVE A72 8
MOVE B8 227
MOVE B9 228
MOVE B10 227
MOVE B11 227
MOVE B12 211
MOVE B13 227
MOVE B14 227
MOVE B16 227
MOVE B17 227
MOVE B28 211
MOVE B31 227
MOVE B47 128
END TURN 191
TURN 192
COMMAND LEFT START
MOVE A69 114
COMMAND LEFT END
COMMAND RIGHT START
MOVE B48 204
MOVE B46 204
COMMAND RIGHT END
TURN 192 RESULT
TIME LEFT 0 5 RIGHT 0 5
MOVE A16 207
MOVE A17 207
MOVE A19 207
MOVE A20 207
MOVE A21 207
MOVE A32 207
MOVE A34 207
MOVE A35 207
MOVE A36 207
MOVE A37 207
MOVE A39 207
MOVE A42 207
MOVE A43 207
MOVE A44 207
MOVE A45 207
MOVE A46 207
MOVE A47 207
MOVE A48 207
MOVE A49 207
MOVE A52 114
MOVE A53 114
MOVE A54 114
MOVE A55 114
MOVE A56 114
MOVE A57 207
MOVE A58 114
MOVE A59 228
MOVE A61 75
MOVE A67 114
MOVE A68 114
MOVE A69 30
MOVE A70 54
MOVE A71 13
MOVE A72 15
MOVE B8 228
MOVE B10 228
MOVE B11 228
MOVE B12 204
MOVE B13 228
MOVE B14 228
MOVE B16 228
MOVE B17 228
MOVE B28 204
MOVE B31 228
MOVE B46 227
MOVE B47 114
MOVE B48 227
DAMAGE TURRET A59 2
DAMAGE TURRET B47 1
DAMAGE COMBAT A3 1
DAMAGE COMBAT A59 4
DAMAGE COMBAT B8 1
DAMAGE COMBAT B47 5
END TURN 192
TURN 193
COMMAND LEFT START
MOVE A51 228
COMMAND LEFT END
COMMAND RIGHT START
COMMAND RIGHT END
TURN 193 RESULT
TIME LEFT 0 5 RIGHT 0 5
MOVE A16 191
MOVE A17 191
MOVE A19 191
MOVE A20 191
MOVE A21 191
MOVE A32 191
MOVE A34 191
MOVE A35 191
MOVE A36 191
MOVE A37 191
MOVE A39 191
MOVE A42 191
MOVE A43 191
MOVE A44 191
MOVE A45 191
MOVE A46 191
MOVE A47 191
MOVE A48 191
MOVE A49 191
MOVE A51 129
MOVE A57 191
MOVE A61 85
MOVE A69 44
MOVE A70 75
MOVE A72 25
MOVE B46 222
MOVE B48 222
END TURN 193
TURN 194
COMMAND LEFT START
COMMAND LEFT END
COMMAND RIGHT START
COMMAND RIGHT END
TURN 194 RESULT
TIME LEFT 0 5 RIGHT 0 5
MOVE A16 171
MOVE A17 171
MOVE A19 171
MOVE A20 171
MOVE A21 171
MOVE A32 171
MOVE A34 171
MOVE A35 171
MOVE A36 171
MOVE A37 171
MOVE A39 171
MOVE A42 171
MOVE A43 171
MOVE A44 171
MOVE A45 171
MOVE A46 171
MOVE A47 171
MOVE A48 171
MOVE A49 171
MOVE A51 143
MOVE A57 171
MOVE A61 99
MOVE A69 54
MOVE A70 85
MOVE A72 43
MOVE B46 216
MOVE B48 216
END TURN 194
TURN 195
COMMAND LEFT START
MOVE A73 13
MOVE A74 114
TRAIN 2
COMMAND LEFT END
COMMAND RIGHT START
COMMAND RIGHT END
TURN 195 RESULT
TIME LEFT 0 5 RIGHT 0 5
TRAIN A76 A77
MOVE A16 160
MOVE A17 160
MOVE A19 160
MOVE A20 160
MOVE A21 160
MOVE A32 160
MOVE A34 160
MOVE A35 160
MOVE A36 160
MOVE A37 160
MOVE A39 160
MOVE A42 160
MOVE A43 160
MOVE A44 160
MOVE A45 160
MOVE A46 160
MOVE A47 160
MOVE A48 160
MOVE A49 160
MOVE A51 153
MOVE A57 160
MOVE A61 114
MOVE A69 75
MOVE A70 99
MOVE A72 54
MOVE A73 8
MOVE A74 8
MOVE B46 204
MOVE B48 204
END TURN 195
TURN 196
COMMAND LEFT START
MOVE A71 114
COMMAND LEFT END
COMMAND RIGHT START
COMMAND RIGHT END
TURN 196 RESULT
TIME LEFT 0 5 RIGHT 0 5
MOVE A16 150
MOVE A17 150
MOVE A19 150
MOVE A20 150
MOVE A21 150
MOVE A32 150
MOVE A34 150
MOVE A35 150
MOVE A36 150
MOVE A37 150
MOVE A39 150
MOVE A42 150
MOVE A43 150
MOVE A44 150
MOVE A45 150
MOVE A46 150
MOVE A47 150
MOVE A48 150
MOVE A49 150
MOVE A51 174
MOVE A57 150
MOVE A69 85
MOVE A70 114
MOVE A71 30
MOVE A72 75
MOVE A73 13
MOVE A74 15
END TURN 196
TURN 197
COMMAND LEFT START
COMMAND LEFT END
COMMAND RIGHT START
COMMAND RIGHT END
TURN 197 RESULT
TIME LEFT 0 5 RIGHT 0 5
MOVE A16 137
MOVE A17 137
MOVE A19 137
MOVE A20 137
MOVE A21 137
MOVE A32 137
MOVE A34 137
MOVE A35 137
MOVE A36 137
MOVE A37 137
MOVE A39 137
MOVE A42 137
MOVE A43 137
MOVE A44 137
MOVE A45 137
MOVE A46 137
MOVE A47 137
MOVE A48 137
MOVE A49 137
MOVE A51 185
MOVE A57 137
MOVE A69 99
MOVE A71 44
MOVE A72 85
MOVE A74 25
END TURN 197
TURN 198
COMMAND LEFT START
COMMAND LEFT END
COMMAND RIGHT START
COMMAND RIGHT END
TURN 198 RESULT
TIME LEFT 0 5 RIGHT 0 5
MOVE A16 129
MOVE A17 129
MOVE A19 129
MOVE A20 129
MOVE A21 129
MOVE A32 129
MOVE A34 129
MOVE A35 129
MOVE A36 129
MOVE A37 129
MOVE A39 129
MOVE A42 129
MOVE A43 129
MOVE A44 129
MOVE A45 129
MOVE A46 129
MOVE A47 129
MOVE A48 129
MOVE A49 129
MOVE A51 203
MOVE A57 129
MOVE A69 114
MOVE A71 54
MOVE A72 99
MOVE A74 43
END TURN 198
TURN 199
COMMAND LEFT START
MOVE A75 13
MOVE A76 114
TRAIN 2
COMMAND LEFT END
COMMAND RIGHT START
COMMAND RIGHT END
TURN 199 RESULT
TIME LEFT 0 5 RIGHT 0 5
TRAIN A78 A79
MOVE A16 114
MOVE A17 114
MOVE A19 114
MOVE A20 114
MOVE A21 114
MOVE A32 114
MOVE A34 114
MOVE A35 114
MOVE A36 114
MOVE A37 114
MOVE A39 114
MOVE A42 114
MOVE A43 114
MOVE A44 114
MOVE A45 114
MOVE A46 114
MOVE A47 114
MOVE A48 114
MOVE A49 114
MOVE A51 213
MOVE A57 114
MOVE A71 75
MOVE A72 114
MOVE A74 54
MOVE A75 8
MOVE A76 8
END TURN 199
TURN 200
COMMAND LEFT START
MOVE A73 114
COMMAND LEFT END
COMMAND RIGHT START
MOVE B34 204
MOVE B32 204
MOVE B31 204
MOVE B17 204
MOVE B16 204
MOVE B14 204
MOVE B13 204
MOVE B11 204
COMMAND RIGHT END
TURN 200 RESULT
TIME LEFT 0 5 RIGHT 0 5
MOVE A51 220
MOVE A71 85
MOVE A73 30
MOVE A74 75
MOVE A75 13
MOVE A76 15
MOVE B11 227
MOVE B13 227
MOVE B14 227
MOVE B16 227
MOVE B17 227
MOVE B31 227
MOVE B32 227
MOVE B34 227
END TURN 200
TURN 201
COMMAND LEFT START
COMMAND LEFT END
COMMAND RIGHT START
COMMAND RIGHT END
TURN 201 RESULT
TIME LEFT 0 5 RIGHT 0 5
MOVE A51 228
MOVE A71 99
MOVE A73 44
MOVE A74 85
MOVE A76 25
MOVE B11 222
MOVE B13 222
MOVE B14 222
MOVE B16 222
MOVE B17 222
MOVE B31 222
MOVE B32 222
MOVE B34 222
DAMAGE TURRET A51 2
DAMAGE COMBAT A51 3
DAMAGE COMBAT B8 1
END TURN 201
TURN 202
COMMAND LEFT START
COMMAND LEFT END
COMMAND RIGHT START
COMMAND RIGHT END
TURN 202 RESULT
TIME LEFT 0 5 RIGHT 0 5
MOVE A71 114
MOVE A73 54
MOVE A74 99
MOVE A76 43
MOVE B11 216
MOVE B13 216
MOVE B14 216
MOVE B16 216
MOVE B17 216
MOVE B31 216
MOVE B32 216
MOVE B34 216
DAMAGE TURRET A51 1
DAMAGE COMBAT B8 1
END TURN 202
TURN 203
COMMAND LEFT START
MOVE A16 228
COMMAND LEFT END
COMMAND RIGHT START
MOVE B12 228
MOVE B48 3
COMMAND RIGHT END
TURN 203 RESULT
TIME LEFT 0 5 RIGHT 0 5
MOVE A16 129
MOVE A73 75
MOVE A74 114
MOVE A76 54
MOVE B11 204
MOVE B12 216
MOVE B13 204
MOVE B14 204
MOVE B16 204
MOVE B17 204
MOVE B31 204
MOVE B32 204
MOVE B34 204
MOVE B48 192
END TURN 203
TURN 204
COMMAND LEFT START
MOVE A17 228
MOVE A19 228
MOVE A20 228
MOVE A21 228
MOVE A32 228
MOVE A34 228
MOVE A35 228
MOVE A36 228
MOVE A37 228
MOVE A39 228
MOVE A42 228
MOVE A43 228
MOVE A44 228
MOVE A45 228
MOVE A46 228
MOVE A47 228
MOVE A48 228
MOVE A49 228
MOVE A52 228
MOVE A53 228
MOVE A54 228
MOVE A55 228
MOVE A56 228
MOVE A57 228
MOVE A58 228
COMMAND LEFT END
COMMAND RIGHT START
COMMAND RIGHT END
TURN 204 RESULT
TIME LEFT 0 5 RIGHT 0 5
MOVE A16 143
MOVE A17 129
MOVE A19 129
MOVE A20 129
MOVE A21 129
MOVE A32 129
MOVE A34 129
MOVE A35 129
MOVE A36 129
MOVE A37 129
MOVE A39 129
MOVE A42 129
MOVE A43 129
MOVE A44 129
MOVE A45 129
MOVE A46 129
MOVE A47 129
MOVE A48 129
MOVE A49 129
MOVE A52 129
MOVE A53 129
MOVE A54 129
MOVE A55 129
MOVE A56 129
MOVE A57 129
MOVE A58 129
MOVE A73 85
MOVE A76 75
MOVE B12 222
MOVE B48 180
END TURN 204
TURN 205
COMMAND LEFT START
COMMAND LEFT END
COMMAND RIGHT START
COMMAND RIGHT END
TURN 205 RESULT
TIME LEFT 0 5 RIGHT 0 5
MOVE A16 153
MOVE A17 143
MOVE A19 143
MOVE A20 143
MOVE A21 143
MOVE A32 143
MOVE A34 143
MOVE A35 143
MOVE A36 143
MOVE A37 143
MOVE A39 143
MOVE A42 143
MOVE A43 143
MOVE A44 143
MOVE A45 143
MOVE A46 143
MOVE A47 143
MOVE A48 143
MOVE A49 143
MOVE A52 143
MOVE A53 143
MOVE A54 143
MOVE A55 143
MOVE A56 143
MOVE A57 143
MOVE A58 143
MOVE A73 99
MOVE A76 85
MOVE B12 227
MOVE B48 168
END TURN 205
TURN 206
COMMAND LEFT START
COMMAND LEFT END
COMMAND RIGHT START
COMMAND RIGHT END
TURN 206 RESULT
TIME LEFT 0 5 RIGHT 0 5
MOVE A16 174
MOVE A17 153
MOVE A19 153
MOVE A20 153
MOVE A21 153
MOVE A32 153
MOVE A34 153
MOVE A35 153
MOVE A36 153
MOVE A37 153
MOVE A39 153
MOVE A42 153
MOVE A43 153
MOVE A44 153
MOVE A45 153
MOVE A46 153
MOVE A47 153
MOVE A48 153
MOVE A49 153
MOVE A52 153
MOVE A53 153
MOVE A54 153
MOVE A55 153
MOVE A56 153
MOVE A57 153
MOVE A58 153
MOVE A73 114
MOVE A76 99
MOVE B12 228
MOVE B48 154
END TURN 206
TURN 207
COMMAND LEFT START
COMMAND LEFT END
COMMAND RIGHT START
COMMAND RIGHT END
TURN 207 RESULT
TIME LEFT 0 5 RIGHT 0 5
MOVE A16 185
MOVE A17 174
MOVE A19 174
MOVE A20 174
MOVE A21 174
MOVE A32 174
MOVE A34 174
MOVE A35 174
MOVE A36 174
MOVE A37 174
MOVE A39 174
MOVE A42 174
MOVE A43 174
MOVE A44 174
MOVE A45 174
MOVE A46 174
MOVE A47 174
MOVE A48 174
MOVE A49 174
MOVE A52 174
MOVE A53 174
MOVE A54 174
MOVE A55 174
MOVE A56 174
MOVE A57 174
MOVE A58 174
MOVE A76 114
MOVE B48 140
END TURN 207
TURN 208
COMMAND LEFT START
MOVE A77 13
MOVE A78 114
TRAIN 2
COMMAND LEFT END
COMMAND RIGHT START
COMMAND RIGHT END
TURN 208 RESULT
TIME LEFT 0 5 RIGHT 0 5
TRAIN A80 A81
MOVE A16 203
MOVE A17 185
MOVE A19 185
MOVE A20 185
MOVE A21 185
MOVE A32 185
MOVE A34 185
MOVE A35 185
MOVE A36 185
MOVE A37 185
MOVE A39 185
MOVE A42 185
MOVE A43 185
MOVE A44 185
MOVE A45 185
MOVE A46 185
MOVE A47 185
MOVE A48 185
MOVE A49 185
MOVE A52 185
MOVE A53 185
MOVE A54 185
MOVE A55 185
MOVE A56 185
MOVE A57 185
MOVE A58 185
MOVE A77 8
MOVE A78 8
MOVE B48 125
END TURN 208
TURN 209
COMMAND LEFT START
MOVE A75 114
COMMAND LEFT END
COMMAND RIGHT START
TRAIN 1
COMMAND RIGHT END
TURN 209 RESULT
TIME LEFT 0 5 RIGHT 0 5
TRAIN B49
MOVE A16 213
MOVE A17 203
MOVE A19 203
MOVE A20 203
MOVE A21 203
MOVE A32 203
MOVE A34 203
MOVE A35 203
MOVE A36 203
MOVE A37 203
MOVE A39 203
MOVE A42 203
MOVE A43 203
MOVE A44 203
MOVE A45 203
MOVE A46 203
MOVE A47 203
MOVE A48 203
MOVE A49 203
MOVE A52 203
MOVE A53 203
MOVE A54 203
MOVE A55 203
MOVE A56 203
MOVE A57 203
MOVE A58 203
MOVE A75 30
MOVE A77 13
MOVE A78 15
MOVE B48 95
END TURN 209
TURN 210
COMMAND LEFT START
COMMAND LEFT END
COMMAND RIGHT START
MOVE B49 204
COMMAND RIGHT END
TURN 210 RESULT
TIME LEFT 0 5 RIGHT 0 5
MOVE A16 220
MOVE A17 213
MOVE A19 213
MOVE A20 213
MOVE A21 213
MOVE A32 213
MOVE A34 213
MOVE A35 213
MOVE A36 213
MOVE A37 213
MOVE A39 213
MOVE A42 213
MOVE A43 213
MOVE A44 213
MOVE A45 213
MOVE A46 213
MOVE A47 213
MOVE A48 213
MOVE A49 213
MOVE A52 213
MOVE A53 213
MOVE A54 213
MOVE A55 213
MOVE A56 213
MOVE A57 213
MOVE A58 213
MOVE A75 44
MOVE A78 25
MOVE B48 83
MOVE B49 227
END TURN 210
TURN 211
COMMAND LEFT START
COMMAND LEFT END
COMMAND RIGHT START
MOVE B11 228
MOVE B13 228
MOVE B14 228
MOVE B16 228
MOVE B17 228
MOVE B28 228
MOVE B31 228
MOVE B32 228
MOVE B33 228
MOVE B34 228
MOVE B35 228
MOVE B36 228
MOVE B37 228
MOVE B38 228
MOVE B39 228
MOVE B40 228
MOVE B41 228
MOVE B42 228
MOVE B44 228
MOVE B45 228
MOVE B46 228
TRAIN 2
COMMAND RIGHT END
TURN 211 RESULT
TIME LEFT 0 5 RIGHT 0 5
TRAIN B50 B51
MOVE A16 228
MOVE A17 220
MOVE A19 220
MOVE A20 220
MOVE A21 220
MOVE A32 220
MOVE A34 220
MOVE A35 220
MOVE A36 220
MOVE A37 220
MOVE A39 220
MOVE A42 220
MOVE A43 220
MOVE A44 220
MOVE A45 220
MOVE A46 220
MOVE A47 220
MOVE A48 220
MOVE A49 220
MOVE A52 220
MOVE A53 220
MOVE A54 220
MOVE A55 220
MOVE A56 220
MOVE A57 220
MOVE A58 220
MOVE A75 54
MOVE A78 43
MOVE B11 216
MOVE B13 216
MOVE B14 216
MOVE B16 216
MOVE B17 216
MOVE B28 216
MOVE B31 216
MOVE B32 216
MOVE B33 216
MOVE B34 216
MOVE B35 216
MOVE B36 216
MOVE B37 216
MOVE B38 216
MOVE B39 216
MOVE B40 216
MOVE B41 216
MOVE B42 216
MOVE B44 216
MOVE B45 216
MOVE B46 216
MOVE B48 61
MOVE B49 222
DAMAGE TURRET A16 2
DAMAGE COMBAT B9 1
END TURN 211
TURN 212
COMMAND LEFT START
MOVE A60 228
MOVE A79 13
MOVE A80 114
TRAIN 2
COMMAND LEFT END
COMMAND RIGHT START
TRAIN 2
COMMAND RIGHT END
TURN 212 RESULT
TIME LEFT 0 5 RIGHT 0 5
TRAIN A82 A83 B52 B53
MOVE A17 228
MOVE A19 228
MOVE A20 228
MOVE A21 228
MOVE A32 228
MOVE A34 228
MOVE A35 228
MOVE A36 228
MOVE A37 228
MOVE A39 228
MOVE A42 228
MOVE A43 228
MOVE A44 228
MOVE A45 228
MOVE A46 228
MOVE A47 228
MOVE A48 228
MOVE A49 228
MOVE A52 228
MOVE A53 228
MOVE A54 228
MOVE A55 228
MOVE A56 228
MOVE A57 228
MOVE A58 228
MOVE A60 129
MOVE A75 75
MOVE A78 54
MOVE A79 8
MOVE A80 8
MOVE B11 222
MOVE B13 222
MOVE B14 222
MOVE B16 222
MOVE B17 222
MOVE B28 222
MOVE B31 222
MOVE B32 222
MOVE B33 222
MOVE B34 222
MOVE B35 222
MOVE B36 222
MOVE B37 222
MOVE B38 222
MOVE B39 222
MOVE B40 222
MOVE B41 222
MOVE B42 222
MOVE B44 222
MOVE B45 222
MOVE B46 222
MOVE B48 45
MOVE B49 216
DAMAGE TURRET A36 2
DAMAGE COMBAT A17 6
DAMAGE COMBAT A36 1
DAMAGE COMBAT B9 4
DAMAGE COMBAT B10 5
DAMAGE COMBAT B12 6
DAMAGE COMBAT B50 6
DAMAGE COMBAT B51 4
END TURN 212
TURN 213
COMMAND LEFT START
MOVE A77 114
COMMAND LEFT END
COMMAND RIGHT START
TRAIN 1
COMMAND RIGHT END
TURN 213 RESULT
TIME LEFT 0 5 RIGHT 0 5
TRAIN B54
MOVE A60 143
MOVE A75 85
MOVE A77 30
MOVE A78 75
MOVE A79 13
MOVE A80 15
MOVE B11 227
MOVE B13 227
MOVE B14 227
MOVE B16 227
MOVE B17 227
MOVE B28 227
MOVE B31 227
MOVE B32 227
MOVE B33 227
MOVE B34 227
MOVE B35 227
MOVE B36 227
MOVE B37 227
MOVE B38 227
MOVE B39 227
MOVE B40 227
MOVE B41 227
MOVE B42 227
MOVE B44 227
MOVE B45 227
MOVE B46 227
MOVE B48 29
MOVE B49 204
DAMAGE TURRET A19 2
DAMAGE COMBAT A19 4
DAMAGE COMBAT B51 2
DAMAGE COMBAT B52 6
DAMAGE COMBAT B53 6
DAMAGE COMBAT B54 6
DAMAGE HUNGER B32 1
DAMAGE HUNGER B33 1
DAMAGE HUNGER B34 1
DAMAGE HUNGER B35 1
DAMAGE HUNGER B36 1
DAMAGE HUNGER B37 1
DAMAGE HUNGER B38 1
DAMAGE HUNGER B39 1
DAMAGE HUNGER B40 1
DAMAGE HUNGER B41 1
DAMAGE HUNGER B42 1
DAMAGE HUNGER B44 1
DAMAGE HUNGER B45 1
DAMAGE HUNGER B46 1
DAMAGE HUNGER B48 1
DAMAGE HUNGER B49 1
SIEGE B 228 3
END TURN 213
TURN 214
COMMAND LEFT START
COMMAND LEFT END
COMMAND RIGHT START
MOVE B49 228
COMMAND RIGHT END
TURN 214 RESULT
TIME LEFT 0 5 RIGHT 0 5
MOVE A60 153
MOVE A75 99
MOVE A77 44
MOVE A78 85
MOVE A80 25
MOVE B11 228
MOVE B13 228
MOVE B14 228
MOVE B16 228
MOVE B17 228
MOVE B28 228
MOVE B31 228
MOVE B32 228
MOVE B33 228
MOVE B34 228
MOVE B35 228
MOVE B36 228
MOVE B37 228
MOVE B38 228
MOVE B39 228
MOVE B40 228
MOVE B41 228
MOVE B42 228
MOVE B44 228
MOVE B45 228
MOVE B46 228
MOVE B48 11
MOVE B49 216
DAMAGE TURRET A20 2
DAMAGE COMBAT A20 4
DAMAGE COMBAT A21 6
DAMAGE COMBAT A32 6
DAMAGE COMBAT A34 5
DAMAGE COMBAT B11 4
DAMAGE COMBAT B14 5
DAMAGE COMBAT B28 5
DAMAGE COMBAT B32 3
DAMAGE COMBAT B33 5
END TURN 214
TURN 215
COMMAND LEFT START
COMMAND LEFT END
COMMAND RIGHT START
COMMAND RIGHT END
TURN 215 RESULT
TIME LEFT 0 5 RIGHT 0 5
MOVE A60 174
MOVE A75 114
MOVE A77 54
MOVE A78 99
MOVE A80 43
MOVE B48 3
MOVE B49 222
DAMAGE TURRET A34 1
DAMAGE TURRET A35 1
DAMAGE TURRET B48 1
DAMAGE COMBAT A5 1
DAMAGE COMBAT A35 5
DAMAGE COMBAT A37 6
DAMAGE COMBAT A39 5
DAMAGE COMBAT B34 5
DAMAGE COMBAT B35 5
DAMAGE COMBAT B36 5
DAMAGE COMBAT B37 4
DAMAGE COMBAT B48 2
END TURN 215
TURN 216
COMMAND LEFT START
MOVE A81 13
MOVE A82 114
TRAIN 2
COMMAND LEFT END
COMMAND RIGHT START
MOVE B48 228
COMMAND RIGHT END
TURN 216 RESULT
TIME LEFT 0 5 RIGHT 0 5
TRAIN A84 A85
MOVE A60 185
MOVE A77 75
MOVE A78 114
MOVE A80 54
MOVE A81 8
MOVE A82 8
MOVE B49 227
DAMAGE TURRET A39 1
DAMAGE TURRET A42 1
DAMAGE TURRET B48 1
DAMAGE COMBAT A5 1
DAMAGE COMBAT A42 5
DAMAGE COMBAT A43 6
DAMAGE COMBAT A44 2
DAMAGE COMBAT B37 1
DAMAGE COMBAT B38 5
DAMAGE COMBAT B39 5
DAMAGE COMBAT B40 5
DAMAGE COMBAT B48 1
END TURN 216
TURN 217
COMMAND LEFT START
MOVE A79 114
COMMAND LEFT END
COMMAND RIGHT START
COMMAND RIGHT END
TURN 217 RESULT
TIME LEFT 0 5 RIGHT 6 5
MOVE A60 203
MOVE A77 85
MOVE A79 30
MOVE A80 75
MOVE A81 13
MOVE A82 15
MOVE B49 228
DAMAGE TURRET A44 2
DAMAGE COMBAT A44 2
DAMAGE COMBAT A45 6
DAMAGE COMBAT A46 2
DAMAGE COMBAT B41 5
DAMAGE COMBAT B42 5
DAMAGE COMBAT B44 3
END TURN 217
TURN 218
COMMAND LEFT START
COMMAND LEFT END
COMMAND RIGHT START
COMMAND RIGHT END
TURN 218 RESULT
TIME LEFT 0 5 RIGHT 0 5
MOVE A60 213
MOVE A77 99
MOVE A79 44
MOVE A80 85
MOVE A82 25
DAMAGE TURRET A46 2
DAMAGE COMBAT A46 2
DAMAGE COMBAT A47 6
DAMAGE COMBAT B44 2
DAMAGE COMBAT B45 5
DAMAGE COMBAT B46 4
END TURN 218
TURN 219
COMMAND LEFT START
MOVE A83 13
MOVE A84 114
TRAIN 2
COMMAND LEFT END
COMMAND RIGHT START
COMMAND RIGHT END
TURN 219 RESULT
TIME LEFT 0 5 RIGHT 0 5
TRAIN A86 A87
MOVE A60 220
MOVE A77 114
MOVE A79 54
MOVE A80 99
MOVE A82 43
MOVE A83 8
MOVE A84 8
DAMAGE TURRET A48 2
DAMAGE COMBAT A48 4
DAMAGE COMBAT A49 2
DAMAGE COMBAT B13 3
DAMAGE COMBAT B46 1
DAMAGE COMBAT B49 5
END TURN 219
TURN 220
COMMAND LEFT START
MOVE A81 114
COMMAND LEFT END
COMMAND RIGHT START
TRAIN 1
COMMAND RIGHT END
TURN 220 RESULT
TIME LEFT 0 5 RIGHT 0 5
TRAIN B55
MOVE A60 228
MOVE A79 75
MOVE A80 114
MOVE A81 30
MOVE A82 54
MOVE A83 13
MOVE A84 15
DAMAGE TURRET A49 2
DAMAGE COMBAT A49 2
DAMAGE COMBAT A52 3
DAMAGE COMBAT B13 3
DAMAGE COMBAT B16 6
END TURN 220
TURN 221
COMMAND LEFT START
COMMAND LEFT END
COMMAND RIGHT START
COMMAND RIGHT END
TURN 221 RESULT
TIME LEFT 0 5 RIGHT 0 5
MOVE A79 85
MOVE A81 44
MOVE A82 75
MOVE A84 25
DAMAGE TURRET A52 2
DAMAGE COMBAT A52 1
DAMAGE COMBAT A53 2
DAMAGE COMBAT B17 6
DAMAGE COMBAT B31 2
END TURN 221
TURN 222
COMMAND LEFT START
MOVE A85 13
MOVE A86 114
TRAIN 2
COMMAND LEFT END
COMMAND RIGHT START
COMMAND RIGHT END
TURN 222 RESULT
TIME LEFT 0 5 RIGHT 0 5
TRAIN A88 A89
MOVE A79 99
MOVE A81 54
MOVE A82 85
MOVE A84 43
MOVE A85 8
MOVE A86 8
DAMAGE TURRET A53 2
DAMAGE COMBAT A53 2
DAMAGE COMBAT B31 4
DAMAGE COMBAT B55 3
END TURN 222
TURN 223
COMMAND LEFT START
MOVE A83 114
COMMAND LEFT END
COMMAND RIGHT START
COMMAND RIGHT END
TURN 223 RESULT
TIME LEFT 0 5 RIGHT 0 5
MOVE A79 114
MOVE A81 75
MOVE A82 99
MOVE A83 30
MOVE A84 54
MOVE A85 13
MOVE A86 15
DAMAGE TURRET A54 2
DAMAGE COMBAT A54 1
DAMAGE COMBAT B55 3
SIEGE B 228 3
END TURN 223
TURN 224
COMMAND LEFT START
COMMAND LEFT END
COMMAND RIGHT START
COMMAND RIGHT END
TURN 224 RESULT
TIME LEFT 0 5 RIGHT 0 5
MOVE A81 85
MOVE A82 114
MOVE A83 44
MOVE A84 75
MOVE A86 25
DAMAGE TURRET A54 2
SIEGE B 228 6
END TURN 224
TURN 225
COMMAND LEFT START
MOVE A87 13
MOVE A88 114
TRAIN 2
COMMAND LEFT END
COMMAND RIGHT START
COMMAND RIGHT END
TURN 225 RESULT
TIME LEFT 0 5 RIGHT 0 5
TRAIN A90 A91
MOVE A81 99
MOVE A83 54
MOVE A84 85
MOVE A86 43
MOVE A87 8
MOVE A88 8
DAMAGE TURRET A54 1
DAMAGE TURRET A55 1
SIEGE B 228 6
END TURN 225
TURN 226
COMMAND LEFT START
MOVE A85 114
COMMAND LEFT END
COMMAND RIGHT START
COMMAND RIGHT END
TURN 226 RESULT
TIME LEFT 0 5 RIGHT 0 5
MOVE A81 114
MOVE A83 75
MOVE A84 99
MOVE A85 30
MOVE A86 54
MOVE A87 13
MOVE A88 15
DAMAGE TURRET A55 2
SIEGE B 228 2
END TURN 226
RESULT LEFT_WIN HQ_DESTROYED
