[LEFT ""]
[RIGHT ""]
MAP
181 17
-10590 -10634 -10516 -9904 -8681 -9430 -9531 -8356 -8664 -7956 -7650 -7608 -7578 -8138 -8389 -7042 -6767 -7330 -6735 -6623 -6621 -6464 -6469 -6343 -6192 -5878 -5806 -5782 -6073 -5952 -5554 -5322 -5385 -4983 -5014 -4833 -4708 -5132 -4815 -4600 -4656 -4256 -5393 -4420 -4544 -4778 -4508 -4333 -3837 -3920 -3755 -3620 -3489 -3192 -3405 -3501 -3257 -2986 -2891 -2694 -2722 -2579 -2386 -2573 -2534 -2936 -2098 -2080 -2179 -2102 -1992 -1687 -1558 -1812 -1721 -1474 -1085 -896 -1042 -653 -1077 -839 -567 -678 -636 -590 -389 -411 -257 -381 0 381 257 411 389 590 636 678 567 839 1077 653 1042 896 1085 1474 1721 1812 1558 1687 1992 2102 2179 2080 2098 2936 2534 2573 2386 2579 2722 2694 2891 2986 3257 3501 3405 3192 3489 3620 3755 3920 3837 4333 4508 4778 4544 4420 5393 4256 4656 4600 4815 5132 4708 4833 5014 4983 5385 5322 5554 5952 6073 5782 5806 5878 6192 6343 6469 6464 6621 6623 6735 7330 6767 7042 8389 8138 7578 7608 7650 7956 8664 8356 9531 9430 8681 9904 10516 10634 10590
141 -1639 1981 5138 -1583 -3511 -5319 2210 3495 676 -626 -2201 4791 7332 -6986 -5292 460 -8222 1659 2731 3880 5455 -4553 -3213 -1311 -6558 525 -5516 6950 -8239 1647 3846 -4081 -970 5586 -5341 11 7245 2419 -6353 4686 1021 9562 -4539 -7403 -9851 -2263 -3543 7794 6529 4712 -7601 -5300 5620 2540 -1005 4029 -3083 -6700 -4155 6707 627 -747 -8467 -1968 10533 3788 -5211 8577 1972 7680 -6207 -2518 -10298 5721 6840 -813 1883 4680 11084 -7055 -4422 5564 3649 7823 -7928 -2772 6810 9004 -5983 0 5983 -9004 -6810 2772 7928 -7823 -3649 -5564 4422 7055 -11084 -4680 -1883 813 -6840 -5721 10298 2518 6207 -7680 -1972 -8577 5211 -3788 -10533 1968 8467 747 -627 -6707 4155 6700 3083 -4029 1005 -2540 -5620 5300 7601 -4712 -6529 -7794 3543 2263 9851 7403 4539 -9562 -1021 -4686 6353 -2419 -7245 -11 5341 -5586 970 4081 -3846 -1647 8239 -6950 5516 -525 6558 1311 3213 4553 -5455 -3880 -2731 -1659 8222 -460 5292 6986 -7332 -4791 2201 626 -676 -3495 -2210 5319 3511 1583 -5138 -1981 1639 -141
STRONGHOLDS 4 29 34 35 41 62 72 85 90 95 108 118 139 145 146 151 176
4 1 2 4 9
3 0 4 5
5 0 3 7 8 9
4 2 8 12 13
6 0 1 5 9 10 11
6 1 4 6 11 15 22
3 5 14 15
5 2 8 9 18 19
6 2 3 7 12 19 20
7 0 2 4 7 10 16 18
5 4 9 11 16 24
6 4 5 10 22 23 24
5 3 8 13 20 21
5 3 12 21 28 42
4 6 15 17 25
6 5 6 14 22 25 27
5 9 10 18 24 26
4 14 25 29 45
6 7 9 16 19 26 30
7 7 8 18 20 30 31 38
5 8 12 19 21 31
6 12 13 20 28 31 34
6 5 11 15 23 27 32
5 11 22 24 32 46
7 10 11 16 23 26 33 46
7 14 15 17 27 29 39 44
7 16 18 24 30 33 36 41
6 15 22 25 32 35 39
5 13 21 34 37 42
4 17 25 44 45
5 18 19 26 38 41
7 19 20 21 34 38 40 56
7 22 23 27 35 43 46 47
5 24 26 36 46 55
8 21 28 31 37 40 49 50 53
5 27 32 39 43 52
4 26 33 41 55
5 28 34 42 48 49
6 19 30 31 41 54 56
7 25 27 35 44 51 52 58
4 31 34 50 56
7 26 30 36 38 54 55 61
5 13 28 37 48 65
5 32 35 47 52 59
5 25 29 39 45 51
6 17 29 44 51 63 73
8 23 24 32 33 47 55 57 64
5 32 43 46 57 59
7 37 42 49 60 65 68 70
5 34 37 48 53 60
4 34 40 53 56
5 39 44 45 58 63
6 35 39 43 58 59 67
7 34 49 50 56 60 66 74
6 38 41 56 61 66 69
7 33 36 41 46 61 62 64
7 31 38 40 50 53 54 66
5 46 47 59 64 72
7 39 51 52 63 67 71 80
7 43 47 52 57 67 72 81
6 48 49 53 70 74 75
8 41 54 55 62 69 76 77 90
4 55 61 64 76
6 45 51 58 73 80 85
6 46 55 57 62 72 76
4 42 48 68 79
7 53 54 56 69 74 78 83
6 52 58 59 71 81 89
6 48 65 70 79 84 88
5 54 61 66 77 83
5 48 60 68 75 84
4 58 67 80 89
6 57 59 64 76 81 86
5 45 63 85 92 101
6 53 60 66 75 78 82
6 60 70 74 82 84 87
7 61 62 64 72 86 90 103
6 61 69 83 90 94 104
5 66 74 82 83 99
4 65 68 88 107
6 58 63 71 85 89 93
8 59 67 72 86 89 97 98 102
6 74 75 78 87 91 99
6 66 69 77 78 94 99
6 68 70 75 87 88 95
6 63 73 80 92 93 96
5 72 76 81 97 103
6 75 82 84 91 95 100
5 68 79 84 95 107
6 67 71 80 81 93 98
6 61 76 77 103 104 119
6 82 87 99 100 109 113
5 73 85 96 101 112
6 80 85 89 96 98 105
5 77 83 99 104 108
6 84 87 88 100 107 117
6 85 92 93 105 110 112
6 81 86 102 103 111 114
6 81 89 93 102 105 106
8 78 82 83 91 94 108 113 121
6 87 91 95 109 117 122
4 73 92 112 115
5 81 97 98 106 114
6 76 86 90 97 111 119
7 77 90 94 108 116 118 119
6 93 96 98 106 110 120
6 98 102 105 114 120 127
5 79 88 95 117 135
6 94 99 104 116 121 123
4 91 100 113 122
5 96 105 112 120 132
5 97 103 114 119 126
6 92 96 101 110 115 132
6 91 99 109 121 122 128
7 97 102 106 111 124 126 127
4 101 112 132 138
6 104 108 118 123 125 134
6 95 100 107 122 129 135
4 104 116 119 125
8 90 103 104 111 118 125 126 139
6 105 106 110 127 131 132
7 99 108 113 123 128 133 137
7 100 109 113 117 128 129 141
5 108 116 121 133 134
7 114 126 127 130 140 142 149
7 116 118 119 134 139 144 147
6 111 114 119 124 139 142
7 106 114 120 124 130 131 146
6 113 121 122 137 141 145
5 117 122 135 136 141
4 124 127 140 146
5 120 127 132 143 146
7 110 112 115 120 131 138 143
5 121 123 134 137 148
8 116 123 125 133 147 148 156 157
6 107 117 129 136 151 163
5 129 135 141 151 155
5 121 128 133 145 148
5 115 132 143 152 167
7 119 125 126 142 144 150 154
4 124 130 146 149
7 122 128 129 136 145 153 155
6 124 126 139 149 150 161
5 131 132 138 146 152
4 125 139 147 154
5 128 137 141 148 153
8 127 130 131 140 143 149 152 159
5 125 134 144 154 156
7 133 134 137 145 153 157 158
7 124 140 142 146 159 160 161
5 139 142 154 161 162
4 135 136 155 163
5 138 143 146 159 167
6 141 145 148 155 158 165
7 139 144 147 150 156 162 164
7 136 141 151 153 163 165 166
7 134 147 154 157 164 169 170
5 134 148 156 158 169
6 148 153 157 165 169 175
6 146 149 152 160 167 168
5 149 159 161 168 172
7 142 149 150 160 162 172 173
6 150 154 161 164 171 173
4 135 151 155 166
5 154 156 162 170 171
6 153 155 158 166 174 175
4 155 163 165 174
5 138 152 159 168 177
5 159 160 167 172 177
6 156 157 158 170 175 176
5 156 164 169 171 176
7 162 164 170 173 176 178 180
6 160 161 168 173 177 178
5 161 162 171 172 178
3 165 166 175
6 158 165 169 174 176 179
6 169 170 171 175 179 180
4 167 168 172 178
5 171 172 173 177 180
3 175 176 180
4 171 176 178 179
END MAP
TURN 1
COMMAND LEFT START
UPGRADE 0
COMMAND LEFT END
COMMAND RIGHT START
MOVE B1 176
MOVE B2 90
COMMAND RIGHT END
TURN 1 RESULT
TIME LEFT 0 5 RIGHT 1 5
UPGRADE A 0
MOVE B1 176
MOVE B2 171
END TURN 1
TURN 2
COMMAND LEFT START
COMMAND LEFT END
COMMAND RIGHT START
UPGRADE 176
COMMAND RIGHT END
TURN 2 RESULT
TIME LEFT 0 5 RIGHT 0 5
UPGRADE B 176
MOVE B2 164
END TURN 2
TURN 3
COMMAND LEFT START
COMMAND LEFT END
COMMAND RIGHT START
COMMAND RIGHT END
TURN 3 RESULT
TIME LEFT 0 5 RIGHT 0 5
MOVE B2 154
END TURN 3
TURN 4
COMMAND LEFT START
COMMAND LEFT END
COMMAND RIGHT START
COMMAND RIGHT END
TURN 4 RESULT
TIME LEFT 0 5 RIGHT 0 5
MOVE B2 139
END TURN 4
TURN 5
COMMAND LEFT START
COMMAND LEFT END
COMMAND RIGHT START
COMMAND RIGHT END
TURN 5 RESULT
TIME LEFT 0 5 RIGHT 0 5
MOVE B2 119
END TURN 5
TURN 6
COMMAND LEFT START
COMMAND LEFT END
COMMAND RIGHT START
COMMAND RIGHT END
TURN 6 RESULT
TIME LEFT 0 5 RIGHT 0 5
MOVE B2 90
END TURN 6
TURN 7
COMMAND LEFT START
COMMAND LEFT END
COMMAND RIGHT START
COMMAND RIGHT END
TURN 7 RESULT
TIME LEFT 0 5 RIGHT 0 5
END TURN 7
TURN 8
COMMAND LEFT START
COMMAND LEFT END
COMMAND RIGHT START
COMMAND RIGHT END
TURN 8 RESULT
TIME LEFT 0 5 RIGHT 0 5
END TURN 8
TURN 9
COMMAND LEFT START
COMMAND LEFT END
COMMAND RIGHT START
COMMAND RIGHT END
TURN 9 RESULT
TIME LEFT 0 5 RIGHT 0 5
END TURN 9
TURN 10
COMMAND LEFT START
COMMAND LEFT END
COMMAND RIGHT START
COMMAND RIGHT END
TURN 10 RESULT
TIME LEFT 0 5 RIGHT 0 5
END TURN 10
TURN 11
COMMAND LEFT START
COMMAND LEFT END
COMMAND RIGHT START
COMMAND RIGHT END
TURN 11 RESULT
TIME LEFT 0 5 RIGHT 0 5
END TURN 11
TURN 12
COMMAND LEFT START
COMMAND LEFT END
COMMAND RIGHT START
COMMAND RIGHT END
TURN 12 RESULT
TIME LEFT 0 5 RIGHT 0 5
END TURN 12
TURN 13
COMMAND LEFT START
COMMAND LEFT END
COMMAND RIGHT START
UPGRADE 90
COMMAND RIGHT END
TURN 13 RESULT
TIME LEFT 0 5 RIGHT 0 5
UPGRADE B 90
END TURN 13
TURN 14
COMMAND LEFT START
COMMAND LEFT END
COMMAND RIGHT START
COMMAND RIGHT END
TURN 14 RESULT
TIME LEFT 0 5 RIGHT 0 5
END TURN 14
TURN 15
COMMAND LEFT START
MOVE A1 4
COMMAND LEFT END
COMMAND RIGHT START
COMMAND RIGHT END
TURN 15 RESULT
TIME LEFT 0 5 RIGHT 0 5
MOVE A1 4
END TURN 15
TURN 16
COMMAND LEFT START
UPGRADE 4
COMMAND LEFT END
COMMAND RIGHT START
TRAIN 1
COMMAND RIGHT END
TURN 16 RESULT
TIME LEFT 0 5 RIGHT 0 5
UPGRADE A 4
TRAIN B4
END TURN 16
TURN 17
COMMAND LEFT START
COMMAND LEFT END
COMMAND RIGHT START
COMMAND RIGHT END
TURN 17 RESULT
TIME LEFT 0 5 RIGHT 0 5
END TURN 17
TURN 18
COMMAND LEFT START
COMMAND LEFT END
COMMAND RIGHT START
COMMAND RIGHT END
TURN 18 RESULT
TIME LEFT 0 5 RIGHT 0 5
END TURN 18
TURN 19
COMMAND LEFT START
COMMAND LEFT END
COMMAND RIGHT START
COMMAND RIGHT END
TURN 19 RESULT
TIME LEFT 0 5 RIGHT 0 5
END TURN 19
TURN 20
COMMAND LEFT START
TRAIN 1
COMMAND LEFT END
COMMAND RIGHT START
COMMAND RIGHT END
TURN 20 RESULT
TIME LEFT 0 5 RIGHT 0 5
TRAIN A4
END TURN 20
TURN 21
COMMAND LEFT START
COMMAND LEFT END
COMMAND RIGHT START
COMMAND RIGHT END
TURN 21 RESULT
TIME LEFT 0 5 RIGHT 0 5
END TURN 21
TURN 22
COMMAND LEFT START
COMMAND LEFT END
COMMAND RIGHT START
COMMAND RIGHT END
TURN 22 RESULT
TIME LEFT 0 5 RIGHT 0 5
END TURN 22
TURN 23
COMMAND LEFT START
TRAIN 1
COMMAND LEFT END
COMMAND RIGHT START
COMMAND RIGHT END
TURN 23 RESULT
TIME LEFT 0 5 RIGHT 0 5
TRAIN A5
END TURN 23
TURN 24
COMMAND LEFT START
COMMAND LEFT END
COMMAND RIGHT START
COMMAND RIGHT END
TURN 24 RESULT
TIME LEFT 0 5 RIGHT 0 5
END TURN 24
TURN 25
COMMAND LEFT START
COMMAND LEFT END
COMMAND RIGHT START
COMMAND RIGHT END
TURN 25 RESULT
TIME LEFT 0 5 RIGHT 0 5
END TURN 25
TURN 26
COMMAND LEFT START
TRAIN 1
COMMAND LEFT END
COMMAND RIGHT START
MOVE B3 139
COMMAND RIGHT END
TURN 26 RESULT
TIME LEFT 0 5 RIGHT 0 5
TRAIN A6
MOVE B3 171
END TURN 26
TURN 27
COMMAND LEFT START
COMMAND LEFT END
COMMAND RIGHT START
COMMAND RIGHT END
TURN 27 RESULT
TIME LEFT 0 5 RIGHT 0 5
MOVE B3 164
END TURN 27
TURN 28
COMMAND LEFT START
COMMAND LEFT END
COMMAND RIGHT START
COMMAND RIGHT END
TURN 28 RESULT
TIME LEFT 0 5 RIGHT 0 5
MOVE B3 154
END TURN 28
TURN 29
COMMAND LEFT START
COMMAND LEFT END
COMMAND RIGHT START
COMMAND RIGHT END
TURN 29 RESULT
TIME LEFT 0 5 RIGHT 0 5
MOVE B3 139
END TURN 29
TURN 30
COMMAND LEFT START
TRAIN 1
COMMAND LEFT END
COMMAND RIGHT START
UPGRADE 139
COMMAND RIGHT END
TURN 30 RESULT
TIME LEFT 0 5 RIGHT 0 5
UPGRADE B 139
TRAIN A7
END TURN 30
TURN 31
COMMAND LEFT START
MOVE A4 90
MOVE A5 90
MOVE A6 90
MOVE A7 90
MOVE A2 90
COMMAND LEFT END
COMMAND RIGHT START
COMMAND RIGHT END
TURN 31 RESULT
TIME LEFT 0 5 RIGHT 0 5
MOVE A2 9
MOVE A4 9
MOVE A5 9
MOVE A6 9
MOVE A7 9
END TURN 31
TURN 32
COMMAND LEFT START
COMMAND LEFT END
COMMAND RIGHT START
COMMAND RIGHT END
TURN 32 RESULT
TIME LEFT 0 5 RIGHT 0 5
MOVE A2 16
MOVE A4 16
MOVE A5 16
MOVE A6 16
MOVE A7 16
END TURN 32
TURN 33
COMMAND LEFT START
COMMAND LEFT END
COMMAND RIGHT START
TRAIN 1
COMMAND RIGHT END
TURN 33 RESULT
TIME LEFT 0 5 RIGHT 0 5
TRAIN B5
MOVE A2 26
MOVE A4 26
MOVE A5 26
MOVE A6 26
MOVE A7 26
END TURN 33
TURN 34
COMMAND LEFT START
COMMAND LEFT END
COMMAND RIGHT START
COMMAND RIGHT END
TURN 34 RESULT
TIME LEFT 0 5 RIGHT 0 5
MOVE A2 41
MOVE A4 41
MOVE A5 41
MOVE A6 41
MOVE A7 41
END TURN 34
TURN 35
COMMAND LEFT START
COMMAND LEFT END
COMMAND RIGHT START
COMMAND RIGHT END
TURN 35 RESULT
TIME LEFT 0 5 RIGHT 0 5
MOVE A2 61
MOVE A4 61
MOVE A5 61
MOVE A6 61
MOVE A7 61
END TURN 35
TURN 36
COMMAND LEFT START
COMMAND LEFT END
COMMAND RIGHT START
COMMAND RIGHT END
TURN 36 RESULT
TIME LEFT 0 5 RIGHT 0 5
MOVE A2 90
MOVE A4 90
MOVE A5 90
MOVE A6 90
MOVE A7 90
DAMAGE TURRET A2 1
DAMAGE COMBAT A2 1
DAMAGE COMBAT B2 4
SIEGE B 90 1
END TURN 36
TURN 37
COMMAND LEFT START
COMMAND LEFT END
COMMAND RIGHT START
TRAIN 1
COMMAND RIGHT END
TURN 37 RESULT
TIME LEFT 0 5 RIGHT 0 5
TRAIN B6
DAMAGE TURRET A2 1
SIEGE B 90 5
END TURN 37
TURN 38
COMMAND LEFT START
MOVE A4 139
MOVE A5 139
MOVE A6 139
MOVE A7 139
MOVE A2 139
COMMAND LEFT END
COMMAND RIGHT START
COMMAND RIGHT END
TURN 38 RESULT
TIME LEFT 0 5 RIGHT 0 5
MOVE A2 119
MOVE A4 119
MOVE A5 119
MOVE A6 119
MOVE A7 119
END TURN 38
TURN 39
COMMAND LEFT START
COMMAND LEFT END
COMMAND RIGHT START
MOVE B4 176
TRAIN 1
COMMAND RIGHT END
TURN 39 RESULT
TIME LEFT 0 5 RIGHT 0 5
TRAIN B7
MOVE A2 139
MOVE A4 139
MOVE A5 139
MOVE A6 139
MOVE A7 139
MOVE B4 176
DAMAGE TURRET A2 1
DAMAGE COMBAT A4 1
DAMAGE COMBAT B3 4
SIEGE B 139 1
END TURN 39
TURN 40
COMMAND LEFT START
COMMAND LEFT END
COMMAND RIGHT START
COMMAND RIGHT END
TURN 40 RESULT
TIME LEFT 0 5 RIGHT 0 5
DAMAGE TURRET A4 1
SIEGE B 139 4
END TURN 40
TURN 41
COMMAND LEFT START
COMMAND LEFT END
COMMAND RIGHT START
COMMAND RIGHT END
TURN 41 RESULT
TIME LEFT 0 5 RIGHT 0 5
DAMAGE TURRET A4 1
SIEGE B 139 1
END TURN 41
TURN 42
COMMAND LEFT START
MOVE A5 176
MOVE A6 176
MOVE A7 176
MOVE A4 176
COMMAND LEFT END
COMMAND RIGHT START
COMMAND RIGHT END
TURN 42 RESULT
TIME LEFT 0 5 RIGHT 0 5
MOVE A4 154
MOVE A5 154
MOVE A6 154
MOVE A7 154
END TURN 42
TURN 43
COMMAND LEFT START
COMMAND LEFT END
COMMAND RIGHT START
COMMAND RIGHT END
TURN 43 RESULT
TIME LEFT 0 5 RIGHT 0 5
MOVE A4 164
MOVE A5 164
MOVE A6 164
MOVE A7 164
END TURN 43
TURN 44
COMMAND LEFT START
TRAIN 1
COMMAND LEFT END
COMMAND RIGHT START
MOVE B1 180
TRAIN 1
COMMAND RIGHT END
TURN 44 RESULT
TIME LEFT 0 5 RIGHT 0 5
TRAIN A8 B8
MOVE A4 170
MOVE A5 170
MOVE A6 170
MOVE A7 170
MOVE B1 180
END TURN 44
TURN 45
COMMAND LEFT START
COMMAND LEFT END
COMMAND RIGHT START
MOVE B1 176
COMMAND RIGHT END
TURN 45 RESULT
TIME LEFT 0 5 RIGHT 0 5
MOVE A4 176
MOVE A5 176
MOVE A6 176
MOVE A7 176
MOVE B1 176
DAMAGE TURRET A4 1
DAMAGE COMBAT A4 1
DAMAGE COMBAT A5 1
DAMAGE COMBAT B1 4
END TURN 45
TURN 46
COMMAND LEFT START
COMMAND LEFT END
COMMAND RIGHT START
MOVE B5 176
COMMAND RIGHT END
TURN 46 RESULT
TIME LEFT 0 5 RIGHT 0 5
MOVE B5 176
DAMAGE TURRET A5 1
DAMAGE COMBAT A5 2
DAMAGE COMBAT B4 3
END TURN 46
TURN 47
COMMAND LEFT START
COMMAND LEFT END
COMMAND RIGHT START
COMMAND RIGHT END
TURN 47 RESULT
TIME LEFT 0 5 RIGHT 0 5
DAMAGE TURRET A5 1
DAMAGE COMBAT A6 2
DAMAGE COMBAT B4 1
DAMAGE COMBAT B5 2
END TURN 47
TURN 48
COMMAND LEFT START
TRAIN 1
COMMAND LEFT END
COMMAND RIGHT START
COMMAND RIGHT END
TURN 48 RESULT
TIME LEFT 0 5 RIGHT 0 5
TRAIN A9
DAMAGE TURRET A6 1
DAMAGE COMBAT A6 1
DAMAGE COMBAT B5 2
END TURN 48
TURN 49
COMMAND LEFT START
COMMAND LEFT END
COMMAND RIGHT START
COMMAND RIGHT END
TURN 49 RESULT
TIME LEFT 0 5 RIGHT 0 5
DAMAGE TURRET A6 1
SIEGE B 176 2
END TURN 49
TURN 50
COMMAND LEFT START
COMMAND LEFT END
COMMAND RIGHT START
COMMAND RIGHT END
TURN 50 RESULT
TIME LEFT 0 5 RIGHT 0 5
DAMAGE TURRET A7 1
SIEGE B 176 1
END TURN 50
TURN 51
COMMAND LEFT START
TRAIN 1
COMMAND LEFT END
COMMAND RIGHT START
COMMAND RIGHT END
TURN 51 RESULT
TIME LEFT 0 5 RIGHT 0 5
TRAIN A10
DAMAGE TURRET A7 1
SIEGE B 176 1
END TURN 51
TURN 52
COMMAND LEFT START
COMMAND LEFT END
COMMAND RIGHT START
MOVE B6 176
MOVE B7 176
COMMAND RIGHT END
TURN 52 RESULT
TIME LEFT 0 5 RIGHT 0 5
MOVE B6 176
MOVE B7 176
DAMAGE TURRET A7 1
DAMAGE COMBAT A7 2
DAMAGE COMBAT B6 1
END TURN 52
TURN 53
COMMAND LEFT START
COMMAND LEFT END
COMMAND RIGHT START
COMMAND RIGHT END
TURN 53 RESULT
TIME LEFT 0 5 RIGHT 0 5
END TURN 53
TURN 54
COMMAND LEFT START
COMMAND LEFT END
COMMAND RIGHT START
COMMAND RIGHT END
TURN 54 RESULT
TIME LEFT 0 5 RIGHT 0 5
END TURN 54
TURN 55
COMMAND LEFT START
TRAIN 1
COMMAND LEFT END
COMMAND RIGHT START
COMMAND RIGHT END
TURN 55 RESULT
TIME LEFT 0 5 RIGHT 0 5
TRAIN A11
END TURN 55
TURN 56
COMMAND LEFT START
COMMAND LEFT END
COMMAND RIGHT START
COMMAND RIGHT END
TURN 56 RESULT
TIME LEFT 0 5 RIGHT 0 5
END TURN 56
TURN 57
COMMAND LEFT START
COMMAND LEFT END
COMMAND RIGHT START
COMMAND RIGHT END
TURN 57 RESULT
TIME LEFT 0 5 RIGHT 0 5
END TURN 57
TURN 58
COMMAND LEFT START
TRAIN 1
COMMAND LEFT END
COMMAND RIGHT START
COMMAND RIGHT END
TURN 58 RESULT
TIME LEFT 0 5 RIGHT 0 5
TRAIN A12
END TURN 58
TURN 59
COMMAND LEFT START
COMMAND LEFT END
COMMAND RIGHT START
COMMAND RIGHT END
TURN 59 RESULT
TIME LEFT 0 5 RIGHT 0 5
END TURN 59
TURN 60
COMMAND LEFT START
MOVE A8 176
MOVE A9 176
MOVE A10 176
MOVE A11 176
MOVE A12 176
COMMAND LEFT END
COMMAND RIGHT START
COMMAND RIGHT END
TURN 60 RESULT
TIME LEFT 0 5 RIGHT 0 5
MOVE A8 9
MOVE A9 9
MOVE A10 9
MOVE A11 9
MOVE A12 9
END TURN 60
TURN 61
COMMAND LEFT START
COMMAND LEFT END
COMMAND RIGHT START
COMMAND RIGHT END
TURN 61 RESULT
TIME LEFT 0 5 RIGHT 0 5
MOVE A8 16
MOVE A9 16
MOVE A10 16
MOVE A11 16
MOVE A12 16
END TURN 61
TURN 62
COMMAND LEFT START
COMMAND LEFT END
COMMAND RIGHT START
COMMAND RIGHT END
TURN 62 RESULT
TIME LEFT 0 5 RIGHT 0 5
MOVE A8 26
MOVE A9 26
MOVE A10 26
MOVE A11 26
MOVE A12 26
END TURN 62
TURN 63
COMMAND LEFT START
COMMAND LEFT END
COMMAND RIGHT START
COMMAND RIGHT END
TURN 63 RESULT
TIME LEFT 0 5 RIGHT 0 5
MOVE A8 41
MOVE A9 41
MOVE A10 41
MOVE A11 41
MOVE A12 41
END TURN 63
TURN 64
COMMAND LEFT START
COMMAND LEFT END
COMMAND RIGHT START
COMMAND RIGHT END
TURN 64 RESULT
TIME LEFT 0 5 RIGHT 0 5
MOVE A8 61
MOVE A9 61
MOVE A10 61
MOVE A11 61
MOVE A12 61
END TURN 64
TURN 65
COMMAND LEFT START
COMMAND LEFT END
COMMAND RIGHT START
COMMAND RIGHT END
TURN 65 RESULT
TIME LEFT 0 5 RIGHT 0 5
MOVE A8 90
MOVE A9 90
MOVE A10 90
MOVE A11 90
MOVE A12 90
END TURN 65
TURN 66
COMMAND LEFT START
COMMAND LEFT END
COMMAND RIGHT START
COMMAND RIGHT END
TURN 66 RESULT
TIME LEFT 0 5 RIGHT 0 5
MOVE A8 104
MOVE A9 104
MOVE A10 104
MOVE A11 104
MOVE A12 104
END TURN 66
TURN 67
COMMAND LEFT START
TRAIN 1
COMMAND LEFT END
COMMAND RIGHT START
COMMAND RIGHT END
TURN 67 RESULT
TIME LEFT 0 5 RIGHT 0 5
TRAIN A13
MOVE A8 118
MOVE A9 118
MOVE A10 118
MOVE A11 118
MOVE A12 118
END TURN 67
TURN 68
COMMAND LEFT START
COMMAND LEFT END
COMMAND RIGHT START
COMMAND RIGHT END
TURN 68 RESULT
TIME LEFT 0 5 RIGHT 0 5
MOVE A8 125
MOVE A9 125
MOVE A10 125
MOVE A11 125
MOVE A12 125
END TURN 68
TURN 69
COMMAND LEFT START
COMMAND LEFT END
COMMAND RIGHT START
COMMAND RIGHT END
TURN 69 RESULT
TIME LEFT 0 5 RIGHT 0 5
MOVE A8 147
MOVE A9 147
MOVE A10 147
MOVE A11 147
MOVE A12 147
END TURN 69
TURN 70
COMMAND LEFT START
COMMAND LEFT END
COMMAND RIGHT START
COMMAND RIGHT END
TURN 70 RESULT
TIME LEFT 0 5 RIGHT 0 5
MOVE A8 156
MOVE A9 156
MOVE A10 156
MOVE A11 156
MOVE A12 156
END TURN 70
TURN 71
COMMAND LEFT START
TRAIN 1
COMMAND LEFT END
COMMAND RIGHT START
MOVE B6 180
UPGRADE 180
COMMAND RIGHT END
TURN 71 RESULT
TIME LEFT 0 5 RIGHT 0 5
UPGRADE B 180
TRAIN A14
MOVE A8 169
MOVE A9 169
MOVE A10 169
MOVE A11 169
MOVE A12 169
MOVE B6 180
END TURN 71
TURN 72
COMMAND LEFT START
COMMAND LEFT END
COMMAND RIGHT START
MOVE B7 180
COMMAND RIGHT END
TURN 72 RESULT
TIME LEFT 0 5 RIGHT 0 5
MOVE A8 176
MOVE A9 176
MOVE A10 176
MOVE A11 176
MOVE A12 176
MOVE B7 180
DAMAGE TURRET A8 1
SIEGE B 176 2
END TURN 72
TURN 73
COMMAND LEFT START
MOVE A9 180
MOVE A10 180
MOVE A11 180
MOVE A12 180
MOVE A8 180
COMMAND LEFT END
COMMAND RIGHT START
COMMAND RIGHT END
TURN 73 RESULT
TIME LEFT 0 5 RIGHT 0 5
MOVE A8 180
MOVE A9 180
MOVE A10 180
MOVE A11 180
MOVE A12 180
DAMAGE TURRET A8 2
DAMAGE COMBAT A8 2
DAMAGE COMBAT A9 1
DAMAGE COMBAT B6 3
DAMAGE COMBAT B7 2
END TURN 73
TURN 74
COMMAND LEFT START
COMMAND LEFT END
COMMAND RIGHT START
COMMAND RIGHT END
TURN 74 RESULT
TIME LEFT 0 5 RIGHT 0 5
DAMAGE TURRET A9 2
DAMAGE COMBAT A9 2
DAMAGE COMBAT B7 2
DAMAGE COMBAT B8 2
END TURN 74
TURN 75
COMMAND LEFT START
COMMAND LEFT END
COMMAND RIGHT START
COMMAND RIGHT END
TURN 75 RESULT
TIME LEFT 0 5 RIGHT 0 5
DAMAGE TURRET A10 2
DAMAGE COMBAT A10 1
DAMAGE COMBAT B8 2
SIEGE B 180 1
END TURN 75
TURN 76
COMMAND LEFT START
COMMAND LEFT END
COMMAND RIGHT START
COMMAND RIGHT END
TURN 76 RESULT
TIME LEFT 0 5 RIGHT 0 5
DAMAGE TURRET A10 2
SIEGE B 180 3
END TURN 76
TURN 77
COMMAND LEFT START
TRAIN 1
COMMAND LEFT END
COMMAND RIGHT START
COMMAND RIGHT END
TURN 77 RESULT
TIME LEFT 0 5 RIGHT 0 5
TRAIN A15
DAMAGE TURRET A11 2
SIEGE B 180 2
END TURN 77
TURN 78
COMMAND LEFT START
COMMAND LEFT END
COMMAND RIGHT START
COMMAND RIGHT END
TURN 78 RESULT
TIME LEFT 0 5 RIGHT 0 5
DAMAGE TURRET A11 2
SIEGE B 180 2
END TURN 78
TURN 79
COMMAND LEFT START
COMMAND LEFT END
COMMAND RIGHT START
COMMAND RIGHT END
TURN 79 RESULT
TIME LEFT 0 5 RIGHT 0 5
DAMAGE TURRET A11 1
DAMAGE TURRET A12 1
SIEGE B 180 2
END TURN 79
TURN 80
COMMAND LEFT START
COMMAND LEFT END
COMMAND RIGHT START
COMMAND RIGHT END
TURN 80 RESULT
TIME LEFT 0 5 RIGHT 0 5
DAMAGE TURRET A12 2
SIEGE B 180 1
END TURN 80
TURN 81
COMMAND LEFT START
TRAIN 1
COMMAND LEFT END
COMMAND RIGHT START
COMMAND RIGHT END
TURN 81 RESULT
TIME LEFT 0 5 RIGHT 0 5
TRAIN A16
DAMAGE TURRET A12 2
SIEGE B 180 1
END TURN 81
TURN 82
COMMAND LEFT START
COMMAND LEFT END
COMMAND RIGHT START
COMMAND RIGHT END
TURN 82 RESULT
TIME LEFT 0 5 RIGHT 0 5
END TURN 82
TURN 83
COMMAND LEFT START
COMMAND LEFT END
COMMAND RIGHT START
COMMAND RIGHT END
TURN 83 RESULT
TIME LEFT 0 5 RIGHT 0 5
END TURN 83
TURN 84
COMMAND LEFT START
TRAIN 1
COMMAND LEFT END
COMMAND RIGHT START
COMMAND RIGHT END
TURN 84 RESULT
TIME LEFT 0 5 RIGHT 0 5
TRAIN A17
END TURN 84
TURN 85
COMMAND LEFT START
COMMAND LEFT END
COMMAND RIGHT START
COMMAND RIGHT END
TURN 85 RESULT
TIME LEFT 0 5 RIGHT 0 5
END TURN 85
TURN 86
COMMAND LEFT START
MOVE A13 180
MOVE A14 180
MOVE A15 180
MOVE A16 180
MOVE A17 180
COMMAND LEFT END
COMMAND RIGHT START
COMMAND RIGHT END
TURN 86 RESULT
TIME LEFT 0 5 RIGHT 0 5
MOVE A13 9
MOVE A14 9
MOVE A15 9
MOVE A16 9
MOVE A17 9
END TURN 86
TURN 87
COMMAND LEFT START
COMMAND LEFT END
COMMAND RIGHT START
COMMAND RIGHT END
TURN 87 RESULT
TIME LEFT 0 5 RIGHT 0 5
MOVE A13 16
MOVE A14 16
MOVE A15 16
MOVE A16 16
MOVE A17 16
END TURN 87
TURN 88
COMMAND LEFT START
COMMAND LEFT END
COMMAND RIGHT START
COMMAND RIGHT END
TURN 88 RESULT
TIME LEFT 0 5 RIGHT 0 5
MOVE A13 26
MOVE A14 26
MOVE A15 26
MOVE A16 26
MOVE A17 26
END TURN 88
TURN 89
COMMAND LEFT START
COMMAND LEFT END
COMMAND RIGHT START
COMMAND RIGHT END
TURN 89 RESULT
TIME LEFT 0 5 RIGHT 0 5
MOVE A13 41
MOVE A14 41
MOVE A15 41
MOVE A16 41
MOVE A17 41
END TURN 89
TURN 90
COMMAND LEFT START
COMMAND LEFT END
COMMAND RIGHT START
COMMAND RIGHT END
TURN 90 RESULT
TIME LEFT 0 5 RIGHT 0 5
MOVE A13 61
MOVE A14 61
MOVE A15 61
MOVE A16 61
MOVE A17 61
END TURN 90
TURN 91
COMMAND LEFT START
COMMAND LEFT END
COMMAND RIGHT START
COMMAND RIGHT END
TURN 91 RESULT
TIME LEFT 0 5 RIGHT 0 5
MOVE A13 90
MOVE A14 90
MOVE A15 90
MOVE A16 90
MOVE A17 90
END TURN 91
TURN 92
COMMAND LEFT START
COMMAND LEFT END
COMMAND RIGHT START
COMMAND RIGHT END
TURN 92 RESULT
TIME LEFT 0 5 RIGHT 0 5
MOVE A13 119
MOVE A14 119
MOVE A15 119
MOVE A16 119
MOVE A17 119
END TURN 92
TURN 93
COMMAND LEFT START
TRAIN 1
COMMAND LEFT END
COMMAND RIGHT START
COMMAND RIGHT END
TURN 93 RESULT
TIME LEFT 0 5 RIGHT 0 5
TRAIN A18
MOVE A13 139
MOVE A14 139
MOVE A15 139
MOVE A16 139
MOVE A17 139
END TURN 93
TURN 94
COMMAND LEFT START
COMMAND LEFT END
COMMAND RIGHT START
COMMAND RIGHT END
TURN 94 RESULT
TIME LEFT 0 5 RIGHT 0 5
MOVE A13 154
MOVE A14 154
MOVE A15 154
MOVE A16 154
MOVE A17 154
END TURN 94
TURN 95
COMMAND LEFT START
COMMAND LEFT END
COMMAND RIGHT START
COMMAND RIGHT END
TURN 95 RESULT
TIME LEFT 0 5 RIGHT 0 5
MOVE A13 164
MOVE A14 164
MOVE A15 164
MOVE A16 164
MOVE A17 164
END TURN 95
TURN 96
COMMAND LEFT START
COMMAND LEFT END
COMMAND RIGHT START
COMMAND RIGHT END
TURN 96 RESULT
TIME LEFT 0 5 RIGHT 0 5
MOVE A13 171
MOVE A14 171
MOVE A15 171
MOVE A16 171
MOVE A17 171
END TURN 96
TURN 97
COMMAND LEFT START
TRAIN 1
COMMAND LEFT END
COMMAND RIGHT START
COMMAND RIGHT END
TURN 97 RESULT
TIME LEFT 0 5 RIGHT 0 5
TRAIN A19
MOVE A13 180
MOVE A14 180
MOVE A15 180
MOVE A16 180
MOVE A17 180
DAMAGE TURRET A13 2
SIEGE B 180 3
END TURN 97
RESULT LEFT_WIN HQ_DESTROYED
