[LEFT ""]
[RIGHT ""]
MAP
223 15
-10814 -10638 -10598 -10501 -10499 -10090 -8972 -8602 -9656 -8523 -8416 -9459 -8073 -8195 -8922 -7829 -7787 -7673 -8315 -7389 -7302 -7241 -7604 -6922 -6972 -7004 -6812 -7489 -6403 -6553 -6425 -6964 -6102 -6232 -5939 -5847 -5606 -5547 -5418 -5528 -5339 -5411 -5440 -5245 -5083 -5116 -5695 -5136 -4789 -4761 -4537 -4344 -4265 -4101 -4845 -4182 -4157 -4206 -4039 -4221 -3901 -3891 -3812 -3960 -3406 -3596 -3032 -3393 -3200 -3512 -3169 -2970 -3107 -3392 -2906 -2776 -2753 -2692 -2385 -2517 -2286 -2156 -2140 -2040 -2193 -1798 -1811 -1710 -1667 -1749 -1522 -1704 -1368 -1419 -1173 -1031 -995 -912 -834 -759 -1342 -785 -794 -295 -414 -467 -223 -20 59 384 145 0 -145 -384 -59 20 223 467 414 295 794 785 1342 759 834 912 995 1031 1173 1419 1368 1704 1522 1749 1667 1710 1811 1798 2193 2040 2140 2156 2286 2517 2385 2692 2753 2776 2906 3392 3107 2970 3169 3512 3200 3393 3032 3596 3406 3960 3812 3891 3901 4221 4039 4206 4157 4182 4845 4101 4265 4344 4537 4761 4789 5136 5695 5116 5083 5245 5440 5411 5339 5528 5418 5547 5606 5847 5939 6232 6102 6964 6425 6553 6403 7489 6812 7004 6972 6922 7604 7241 7302 7389 8315 7673 7787 7829 8922 8195 8073 9459 8416 8523 9656 8602 8972 10090 10499 10501 10598 10638 10814
1612 3615 247 -1008 -2607 -3928 3980 880 -4890 -116 2471 5816 -2948 -1588 -6104 4047 1500 -577 7246 -3854 5354 282 -6416 -1315 3234 -2392 2221 -8187 956 -4631 4425 8522 -6483 -2926 -319 5494 -1288 2135 -5667 -3595 -4554 7940 3422 6404 -2347 280 -9703 -7313 1420 4493 -3365 2923 -4328 -9970 9626 5816 -5480 7427 -7606 -1303 928 -196 3952 -6657 -3365 2442 -9592 7201 -4805 -2311 4556 -1175 5448 9644 -6503 1894 362 3166 7279 6129 -2304 -4503 -8287 3898 10850 693 -6142 8144 2422 5034 -3366 -983 -7236 6027 1536 4326 9156 -5124 3029 -674 -9490 -2152 6985 5696 -6964 740 1830 4433 -8133 10931 3347 0 -3347 -10931 8133 -4433 -1830 -740 6964 -5696 -6985 2152 9490 674 -3029 5124 -9156 -4326 -1536 -6027 7236 983 3366 -5034 -2422 -8144 6142 -693 -10850 -3898 8287 4503 2304 -6129 -7279 -3166 -362 -1894 6503 -9644 -5448 1175 -4556 2311 4805 -7201 9592 -2442 3365 6657 -3952 196 -928 1303 7606 -7427 5480 -5816 -9626 9970 4328 -2923 3365 -4493 -1420 7313 9703 -280 2347 -6404 -3422 -7940 4554 3595 5667 -2135 1288 -5494 319 2926 6483 -8522 -4425 4631 -956 8187 -2221 2392 -3234 1315 6416 -282 -5354 3854 -7246 577 -1500 -4047 6104 1588 2948 -5816 -2471 116 4890 -880 -3980 3928 2607 1008 -247 -3615 -1612
STRONGHOLDS 31 33 37 52 53 61 87 111 135 161 169 170 185 189 191
4 1 2 7 10
4 0 6 10 11
4 0 3 7 9
4 2 4 9 13
4 3 5 12 13
3 4 8 12
5 1 10 11 15 20
6 0 2 9 10 16 21
4 5 12 14 19
6 2 3 7 13 17 21
8 0 1 6 7 15 16 24 26
4 1 6 18 20
6 4 5 8 13 19 25
7 3 4 9 12 17 23 25
4 8 19 22 27
5 6 10 20 24 30
5 7 10 21 26 28
4 9 13 21 23
4 11 20 31 43
7 8 12 14 22 25 29 33
7 6 11 15 18 30 35 43
7 7 9 16 17 23 28 34
5 14 19 27 29 32
6 13 17 21 25 34 36
5 10 15 26 30 42
6 12 13 19 23 33 36
6 10 16 24 28 37 42
5 14 22 32 46 47
7 16 21 26 34 37 45 48
7 19 22 32 33 38 39 40
6 15 20 24 35 42 49
4 18 41 43 54
5 22 27 29 38 47
6 19 25 29 36 39 44
5 21 23 28 36 45
5 20 30 43 49 55
7 23 25 33 34 44 45 59
5 26 28 42 48 51
6 29 32 40 47 56 63
5 29 33 40 44 50
6 29 38 39 50 52 56
4 31 43 54 57
6 24 26 30 37 49 51
7 18 20 31 35 41 55 57
6 33 36 39 50 59 69
7 28 34 36 48 59 60 61
4 27 47 53 58
6 27 32 38 46 58 63
6 28 37 45 51 60 65
7 30 35 42 51 55 62 70
6 39 40 44 52 64 69
6 37 42 48 49 62 65
5 40 50 56 64 68
3 46 58 66
5 31 41 57 73 84
7 35 43 49 57 67 70 72
6 38 40 52 63 68 74
6 41 43 54 55 67 73
7 46 47 53 63 66 74 82
6 36 44 45 61 69 71
6 45 48 61 65 75 76
5 45 59 60 71 76
5 49 51 65 70 77
5 38 47 56 58 74
7 50 52 68 69 80 81 90
6 48 51 60 62 75 77
5 53 58 82 100 113
6 55 57 72 73 78 79
6 52 56 64 74 81 86
6 44 50 59 64 71 80
7 49 55 62 72 77 83 89
6 59 61 69 76 80 91
5 55 67 70 79 89
7 54 57 67 78 84 87 96
7 56 58 63 68 82 86 92
7 60 65 76 77 85 88 94
6 60 61 71 75 85 91
6 62 65 70 75 83 88
6 67 73 79 87 93 102
5 67 72 78 89 93
6 64 69 71 90 91 101
5 64 68 86 90 97
6 58 66 74 92 100 108
6 70 77 88 89 95 98
4 54 73 96 109
6 75 76 91 94 99 105
6 68 74 81 92 97 104
5 73 78 96 102 114
5 75 77 83 94 98
7 70 72 79 83 93 95 103
7 64 80 81 97 101 112 115
6 71 76 80 85 99 101
5 74 82 86 104 108
5 78 79 89 102 103
6 75 85 88 98 105 106
6 83 89 98 103 107 110
6 73 84 87 109 114 122
6 81 86 90 104 115 119
6 83 88 94 95 106 110
7 85 91 101 105 111 116 117
5 66 82 108 113 126
6 80 90 91 99 112 116
6 78 87 93 103 114 118
7 89 93 95 102 107 118 125
6 86 92 97 108 119 120
6 85 94 99 106 111 123
6 94 98 105 110 121 123
5 95 103 110 125 132
7 82 92 100 104 120 126 135
4 84 96 122 156
6 95 98 106 107 121 132
4 99 105 117 123
6 90 101 115 116 124 127
4 66 100 126 138
7 87 96 102 118 122 130 140
5 90 97 112 119 127
6 99 101 112 117 124 128
6 99 111 116 123 128 137
6 102 103 114 125 130 136
7 97 104 115 120 127 129 133
6 104 108 119 129 135 144
6 106 110 123 131 132 142
5 96 109 114 140 156
7 105 106 111 117 121 131 137
6 112 116 127 128 134 139
6 103 107 118 132 136 141
6 100 108 113 135 138 149
6 112 115 119 124 133 139
6 116 117 124 134 137 147
5 119 120 133 143 144
5 114 118 136 140 148
6 121 123 137 142 146 151
7 107 110 121 125 141 142 158
7 119 127 129 139 143 150 152
5 124 128 139 145 147
5 108 120 126 144 149
6 118 125 130 141 148 154
6 117 123 128 131 146 147
4 113 126 149 168
6 124 127 133 134 145 152
6 114 122 130 148 156 164
5 125 132 136 154 158
6 121 131 132 151 153 158
5 129 133 144 150 155
6 120 129 135 143 149 155
6 134 139 147 152 157 160
6 131 137 147 151 161 162
7 128 134 137 145 146 157 162
7 130 136 140 154 159 164 166
7 126 135 138 144 155 165 168
5 133 143 152 155 167
6 131 142 146 153 161 163
7 133 139 145 150 160 167 173
6 142 151 158 163 172 178
6 136 141 148 158 166 170
6 143 144 149 150 165 167
5 109 122 140 164 169
6 145 147 160 162 171 174
7 132 141 142 153 154 170 172
5 148 164 166 175 184
5 145 152 157 171 173
5 146 151 162 163 177
6 146 147 157 161 174 177
6 151 153 161 177 178 186
7 140 148 156 159 169 175 176
6 149 155 167 168 179 181
6 148 154 159 170 182 184
7 150 152 155 165 173 179 187
5 138 149 165 181 191
3 156 164 176
5 154 158 166 172 182
6 157 160 173 174 180 185
6 153 158 170 178 182 183
7 152 160 167 171 180 187 192
6 157 162 171 177 185 194
6 159 164 176 184 190 195
4 164 169 175 195
7 161 162 163 174 186 188 194
6 153 163 172 183 186 189
7 165 167 181 187 191 202 204
6 171 173 185 192 196 198
4 165 168 179 191
6 166 170 172 183 184 193
5 172 178 182 189 193
6 159 166 175 182 190 193
5 171 174 180 194 196
7 163 177 178 188 189 197 199
5 167 173 179 192 202
5 177 186 194 199 201
6 178 183 186 193 197 203
5 175 184 193 195 200
4 168 179 181 204
6 173 180 187 198 202 207
7 182 183 184 189 190 200 203
7 174 177 185 188 196 201 206
5 175 176 190 200 208
6 180 185 194 198 206 212
6 186 189 199 203 209 210
5 180 192 196 207 212
6 186 188 197 201 205 209
5 190 193 195 203 208
7 188 194 199 205 206 213 215
7 179 187 192 204 207 211 216
7 189 193 197 200 208 210 214
4 179 191 202 211
4 199 201 209 213
5 194 196 201 212 215
5 192 198 202 212 216
4 195 200 203 214
7 197 199 205 210 213 218 219
6 197 203 209 214 217 218
4 202 204 216 221
8 196 198 206 207 215 216 221 222
6 201 205 209 215 219 220
4 203 208 210 217
6 201 206 212 213 220 222
5 202 207 211 212 221
3 210 214 218
4 209 210 217 219
4 209 213 218 220
4 213 215 219 222
4 211 212 216 222
4 212 215 220 221
END MAP
TURN 1
COMMAND LEFT START
MOVE A2 111
MOVE A3 37
COMMAND LEFT END
COMMAND RIGHT START
MOVE B1 185
MOVE B2 111
COMMAND RIGHT END
TURN 1 RESULT
TIME LEFT 82 5 RIGHT 1 5
MOVE A2 10
MOVE A3 10
MOVE B1 212
MOVE B2 212
END TURN 1
TURN 2
COMMAND LEFT START
COMMAND LEFT END
COMMAND RIGHT START
COMMAND RIGHT END
TURN 2 RESULT
TIME LEFT 2 5 RIGHT 0 5
MOVE A2 26
MOVE A3 26
MOVE B1 196
MOVE B2 196
END TURN 2
TURN 3
COMMAND LEFT START
COMMAND LEFT END
COMMAND RIGHT START
COMMAND RIGHT END
TURN 3 RESULT
TIME LEFT 2 5 RIGHT 0 5
MOVE A2 37
MOVE A3 37
MOVE B1 185
MOVE B2 185
END TURN 3
TURN 4
COMMAND LEFT START
UPGRADE 37
COMMAND LEFT END
COMMAND RIGHT START
UPGRADE 185
COMMAND RIGHT END
TURN 4 RESULT
TIME LEFT 6 5 RIGHT 0 5
UPGRADE A 37
UPGRADE B 185
MOVE A2 48
MOVE B2 174
END TURN 4
TURN 5
COMMAND LEFT START
COMMAND LEFT END
COMMAND RIGHT START
COMMAND RIGHT END
TURN 5 RESULT
TIME LEFT 4 5 RIGHT 0 5
MOVE A2 60
MOVE B2 162
END TURN 5
TURN 6
COMMAND LEFT START
COMMAND LEFT END
COMMAND RIGHT START
COMMAND RIGHT END
TURN 6 RESULT
TIME LEFT 4 5 RIGHT 0 5
MOVE A2 76
MOVE B2 146
END TURN 6
TURN 7
COMMAND LEFT START
COMMAND LEFT END
COMMAND RIGHT START
COMMAND RIGHT END
TURN 7 RESULT
TIME LEFT 1 5 RIGHT 0 5
MOVE A2 85
MOVE B2 137
END TURN 7
TURN 8
COMMAND LEFT START
COMMAND LEFT END
COMMAND RIGHT START
COMMAND RIGHT END
TURN 8 RESULT
TIME LEFT 1 5 RIGHT 0 5
MOVE A2 105
MOVE B2 117
END TURN 8
TURN 9
COMMAND LEFT START
COMMAND LEFT END
COMMAND RIGHT START
COMMAND RIGHT END
TURN 9 RESULT
TIME LEFT 1 5 RIGHT 0 5
MOVE A2 111
MOVE B2 111
DAMAGE COMBAT A2 1
DAMAGE COMBAT B2 1
END TURN 9
TURN 10
COMMAND LEFT START
COMMAND LEFT END
COMMAND RIGHT START
COMMAND RIGHT END
TURN 10 RESULT
TIME LEFT 1 5 RIGHT 0 5
DAMAGE COMBAT A2 1
DAMAGE COMBAT B2 1
END TURN 10
TURN 11
COMMAND LEFT START
COMMAND LEFT END
COMMAND RIGHT START
COMMAND RIGHT END
TURN 11 RESULT
TIME LEFT 1 5 RIGHT 0 5
DAMAGE COMBAT A2 1
DAMAGE COMBAT B2 1
END TURN 11
TURN 12
COMMAND LEFT START
COMMAND LEFT END
COMMAND RIGHT START
COMMAND RIGHT END
TURN 12 RESULT
TIME LEFT 1 5 RIGHT 0 5
DAMAGE COMBAT A2 1
DAMAGE COMBAT B2 1
END TURN 12
TURN 13
COMMAND LEFT START
TRAIN 1
COMMAND LEFT END
COMMAND RIGHT START
MOVE B3 111
TRAIN 1
COMMAND RIGHT END
TURN 13 RESULT
TIME LEFT 4 5 RIGHT 0 5
TRAIN A4 B4
MOVE B3 212
END TURN 13
TURN 14
COMMAND LEFT START
MOVE A4 52
COMMAND LEFT END
COMMAND RIGHT START
COMMAND RIGHT END
TURN 14 RESULT
TIME LEFT 4 5 RIGHT 0 5
MOVE A4 7
MOVE B3 196
END TURN 14
TURN 15
COMMAND LEFT START
COMMAND LEFT END
COMMAND RIGHT START
COMMAND RIGHT END
TURN 15 RESULT
TIME LEFT 2 5 RIGHT 0 5
MOVE A4 21
MOVE B3 185
END TURN 15
TURN 16
COMMAND LEFT START
COMMAND LEFT END
COMMAND RIGHT START
COMMAND RIGHT END
TURN 16 RESULT
TIME LEFT 2 5 RIGHT 0 5
MOVE A4 34
MOVE B3 174
END TURN 16
TURN 17
COMMAND LEFT START
COMMAND LEFT END
COMMAND RIGHT START
COMMAND RIGHT END
TURN 17 RESULT
TIME LEFT 2 5 RIGHT 0 5
MOVE A4 36
MOVE B3 162
END TURN 17
TURN 18
COMMAND LEFT START
COMMAND LEFT END
COMMAND RIGHT START
COMMAND RIGHT END
TURN 18 RESULT
TIME LEFT 2 5 RIGHT 0 5
MOVE A4 44
MOVE B3 146
END TURN 18
TURN 19
COMMAND LEFT START
COMMAND LEFT END
COMMAND RIGHT START
COMMAND RIGHT END
TURN 19 RESULT
TIME LEFT 1 5 RIGHT 0 5
MOVE A4 50
MOVE B3 137
END TURN 19
TURN 20
COMMAND LEFT START
COMMAND LEFT END
COMMAND RIGHT START
COMMAND RIGHT END
TURN 20 RESULT
TIME LEFT 1 5 RIGHT 0 5
MOVE A4 52
MOVE B3 117
END TURN 20
TURN 21
COMMAND LEFT START
UPGRADE 52
COMMAND LEFT END
COMMAND RIGHT START
COMMAND RIGHT END
TURN 21 RESULT
TIME LEFT 7 5 RIGHT 0 5
UPGRADE A 52
MOVE B3 111
END TURN 21
TURN 22
COMMAND LEFT START
COMMAND LEFT END
COMMAND RIGHT START
UPGRADE 111
COMMAND RIGHT END
TURN 22 RESULT
TIME LEFT 4 5 RIGHT 0 5
UPGRADE B 111
END TURN 22
TURN 23
COMMAND LEFT START
COMMAND LEFT END
COMMAND RIGHT START
COMMAND RIGHT END
TURN 23 RESULT
TIME LEFT 3 5 RIGHT 0 5
END TURN 23
TURN 24
COMMAND LEFT START
COMMAND LEFT END
COMMAND RIGHT START
TRAIN 1
COMMAND RIGHT END
TURN 24 RESULT
TIME LEFT 5 5 RIGHT 0 5
TRAIN B5
END TURN 24
TURN 25
COMMAND LEFT START
COMMAND LEFT END
COMMAND RIGHT START
COMMAND RIGHT END
TURN 25 RESULT
TIME LEFT 3 5 RIGHT 0 5
END TURN 25
TURN 26
COMMAND LEFT START
COMMAND LEFT END
COMMAND RIGHT START
COMMAND RIGHT END
TURN 26 RESULT
TIME LEFT 6 5 RIGHT 0 5
END TURN 26
TURN 27
COMMAND LEFT START
COMMAND LEFT END
COMMAND RIGHT START
COMMAND RIGHT END
TURN 27 RESULT
TIME LEFT 4 5 RIGHT 0 5
END TURN 27
TURN 28
COMMAND LEFT START
COMMAND LEFT END
COMMAND RIGHT START
COMMAND RIGHT END
TURN 28 RESULT
TIME LEFT 3 5 RIGHT 0 5
END TURN 28
TURN 29
COMMAND LEFT START
COMMAND LEFT END
COMMAND RIGHT START
COMMAND RIGHT END
TURN 29 RESULT
TIME LEFT 3 5 RIGHT 0 5
END TURN 29
TURN 30
COMMAND LEFT START
COMMAND LEFT END
COMMAND RIGHT START
COMMAND RIGHT END
TURN 30 RESULT
TIME LEFT 3 5 RIGHT 0 5
END TURN 30
TURN 31
COMMAND LEFT START
TRAIN 1
COMMAND LEFT END
COMMAND RIGHT START
COMMAND RIGHT END
TURN 31 RESULT
TIME LEFT 2 5 RIGHT 0 5
TRAIN A5
END TURN 31
TURN 32
COMMAND LEFT START
MOVE A5 61
COMMAND LEFT END
COMMAND RIGHT START
COMMAND RIGHT END
TURN 32 RESULT
TIME LEFT 1 5 RIGHT 0 5
MOVE A5 7
END TURN 32
TURN 33
COMMAND LEFT START
COMMAND LEFT END
COMMAND RIGHT START
COMMAND RIGHT END
TURN 33 RESULT
TIME LEFT 1 5 RIGHT 0 5
MOVE A5 21
END TURN 33
TURN 34
COMMAND LEFT START
COMMAND LEFT END
COMMAND RIGHT START
MOVE B5 191
COMMAND RIGHT END
TURN 34 RESULT
TIME LEFT 2 5 RIGHT 0 5
MOVE A5 34
MOVE B5 221
END TURN 34
TURN 35
COMMAND LEFT START
COMMAND LEFT END
COMMAND RIGHT START
COMMAND RIGHT END
TURN 35 RESULT
TIME LEFT 1 5 RIGHT 0 5
MOVE A5 45
MOVE B5 211
END TURN 35
TURN 36
COMMAND LEFT START
COMMAND LEFT END
COMMAND RIGHT START
COMMAND RIGHT END
TURN 36 RESULT
TIME LEFT 1 5 RIGHT 0 5
MOVE A5 61
MOVE B5 204
END TURN 36
TURN 37
COMMAND LEFT START
UPGRADE 61
COMMAND LEFT END
COMMAND RIGHT START
COMMAND RIGHT END
TURN 37 RESULT
TIME LEFT 2 5 RIGHT 0 5
UPGRADE A 61
MOVE B5 191
END TURN 37
TURN 38
COMMAND LEFT START
COMMAND LEFT END
COMMAND RIGHT START
UPGRADE 191
COMMAND RIGHT END
TURN 38 RESULT
TIME LEFT 3 5 RIGHT 0 5
UPGRADE B 191
END TURN 38
TURN 39
COMMAND LEFT START
COMMAND LEFT END
COMMAND RIGHT START
COMMAND RIGHT END
TURN 39 RESULT
TIME LEFT 3 5 RIGHT 0 5
END TURN 39
TURN 40
COMMAND LEFT START
COMMAND LEFT END
COMMAND RIGHT START
TRAIN 1
COMMAND RIGHT END
TURN 40 RESULT
TIME LEFT 3 5 RIGHT 0 5
TRAIN B6
END TURN 40
TURN 41
COMMAND LEFT START
COMMAND LEFT END
COMMAND RIGHT START
COMMAND RIGHT END
TURN 41 RESULT
TIME LEFT 4 5 RIGHT 0 5
END TURN 41
TURN 42
COMMAND LEFT START
COMMAND LEFT END
COMMAND RIGHT START
COMMAND RIGHT END
TURN 42 RESULT
TIME LEFT 7 5 RIGHT 0 5
END TURN 42
TURN 43
COMMAND LEFT START
TRAIN 1
COMMAND LEFT END
COMMAND RIGHT START
COMMAND RIGHT END
TURN 43 RESULT
TIME LEFT 3 5 RIGHT 0 5
TRAIN A6
END TURN 43
TURN 44
COMMAND LEFT START
MOVE A6 33
COMMAND LEFT END
COMMAND RIGHT START
COMMAND RIGHT END
TURN 44 RESULT
TIME LEFT 2 5 RIGHT 0 5
MOVE A6 7
END TURN 44
TURN 45
COMMAND LEFT START
COMMAND LEFT END
COMMAND RIGHT START
MOVE B6 189
COMMAND RIGHT END
TURN 45 RESULT
TIME LEFT 2 5 RIGHT 0 5
MOVE A6 9
MOVE B6 215
END TURN 45
TURN 46
COMMAND LEFT START
COMMAND LEFT END
COMMAND RIGHT START
COMMAND RIGHT END
TURN 46 RESULT
TIME LEFT 1 5 RIGHT 0 5
MOVE A6 13
MOVE B6 213
END TURN 46
TURN 47
COMMAND LEFT START
COMMAND LEFT END
COMMAND RIGHT START
COMMAND RIGHT END
TURN 47 RESULT
TIME LEFT 1 5 RIGHT 0 5
MOVE A6 25
MOVE B6 209
END TURN 47
TURN 48
COMMAND LEFT START
COMMAND LEFT END
COMMAND RIGHT START
COMMAND RIGHT END
TURN 48 RESULT
TIME LEFT 1 5 RIGHT 0 5
MOVE A6 33
MOVE B6 197
END TURN 48
TURN 49
COMMAND LEFT START
UPGRADE 33
COMMAND LEFT END
COMMAND RIGHT START
COMMAND RIGHT END
TURN 49 RESULT
TIME LEFT 2 5 RIGHT 0 5
UPGRADE A 33
MOVE B6 189
END TURN 49
TURN 50
COMMAND LEFT START
COMMAND LEFT END
COMMAND RIGHT START
UPGRADE 189
COMMAND RIGHT END
TURN 50 RESULT
TIME LEFT 3 5 RIGHT 0 5
UPGRADE B 189
END TURN 50
TURN 51
COMMAND LEFT START
TRAIN 1
COMMAND LEFT END
COMMAND RIGHT START
COMMAND RIGHT END
TURN 51 RESULT
TIME LEFT 5 5 RIGHT 0 5
TRAIN A7
END TURN 51
TURN 52
COMMAND LEFT START
MOVE A7 87
COMMAND LEFT END
COMMAND RIGHT START
COMMAND RIGHT END
TURN 52 RESULT
TIME LEFT 4 5 RIGHT 0 5
MOVE A7 10
END TURN 52
TURN 53
COMMAND LEFT START
COMMAND LEFT END
COMMAND RIGHT START
COMMAND RIGHT END
TURN 53 RESULT
TIME LEFT 1 5 RIGHT 0 5
MOVE A7 24
END TURN 53
TURN 54
COMMAND LEFT START
COMMAND LEFT END
COMMAND RIGHT START
COMMAND RIGHT END
TURN 54 RESULT
TIME LEFT 2 5 RIGHT 0 5
MOVE A7 30
END TURN 54
TURN 55
COMMAND LEFT START
COMMAND LEFT END
COMMAND RIGHT START
COMMAND RIGHT END
TURN 55 RESULT
TIME LEFT 1 5 RIGHT 0 5
MOVE A7 35
END TURN 55
TURN 56
COMMAND LEFT START
COMMAND LEFT END
COMMAND RIGHT START
COMMAND RIGHT END
TURN 56 RESULT
TIME LEFT 2 5 RIGHT 0 5
MOVE A7 55
END TURN 56
TURN 57
COMMAND LEFT START
COMMAND LEFT END
COMMAND RIGHT START
COMMAND RIGHT END
TURN 57 RESULT
TIME LEFT 2 5 RIGHT 0 5
MOVE A7 67
END TURN 57
TURN 58
COMMAND LEFT START
COMMAND LEFT END
COMMAND RIGHT START
COMMAND RIGHT END
TURN 58 RESULT
TIME LEFT 1 5 RIGHT 0 5
MOVE A7 78
END TURN 58
TURN 59
COMMAND LEFT START
COMMAND LEFT END
COMMAND RIGHT START
COMMAND RIGHT END
TURN 59 RESULT
TIME LEFT 2 5 RIGHT 0 5
MOVE A7 87
END TURN 59
TURN 60
COMMAND LEFT START
UPGRADE 87
COMMAND LEFT END
COMMAND RIGHT START
UPGRADE 222
COMMAND RIGHT END
TURN 60 RESULT
TIME LEFT 2 5 RIGHT 0 5
UPGRADE A 87
UPGRADE B 222
END TURN 60
TURN 61
COMMAND LEFT START
COMMAND LEFT END
COMMAND RIGHT START
COMMAND RIGHT END
TURN 61 RESULT
TIME LEFT 2 5 RIGHT 0 5
END TURN 61
TURN 62
COMMAND LEFT START
COMMAND LEFT END
COMMAND RIGHT START
TRAIN 1
COMMAND RIGHT END
TURN 62 RESULT
TIME LEFT 2 5 RIGHT 0 5
TRAIN B7
END TURN 62
TURN 63
COMMAND LEFT START
TRAIN 1
COMMAND LEFT END
COMMAND RIGHT START
COMMAND RIGHT END
TURN 63 RESULT
TIME LEFT 3 5 RIGHT 0 5
TRAIN A8
END TURN 63
TURN 64
COMMAND LEFT START
MOVE A8 31
COMMAND LEFT END
COMMAND RIGHT START
COMMAND RIGHT END
TURN 64 RESULT
TIME LEFT 8 5 RIGHT 0 5
MOVE A8 1
END TURN 64
TURN 65
COMMAND LEFT START
COMMAND LEFT END
COMMAND RIGHT START
COMMAND RIGHT END
TURN 65 RESULT
TIME LEFT 1 5 RIGHT 0 5
MOVE A8 11
END TURN 65
TURN 66
COMMAND LEFT START
COMMAND LEFT END
COMMAND RIGHT START
COMMAND RIGHT END
TURN 66 RESULT
TIME LEFT 1 5 RIGHT 0 5
MOVE A8 18
END TURN 66
TURN 67
COMMAND LEFT START
COMMAND LEFT END
COMMAND RIGHT START
COMMAND RIGHT END
TURN 67 RESULT
TIME LEFT 2 5 RIGHT 0 5
MOVE A8 31
END TURN 67
TURN 68
COMMAND LEFT START
UPGRADE 31
COMMAND LEFT END
COMMAND RIGHT START
COMMAND RIGHT END
TURN 68 RESULT
TIME LEFT 1 5 RIGHT 0 5
UPGRADE A 31
END TURN 68
TURN 69
COMMAND LEFT START
COMMAND LEFT END
COMMAND RIGHT START
UPGRADE 191
COMMAND RIGHT END
TURN 69 RESULT
TIME LEFT 2 5 RIGHT 0 5
UPGRADE B 191
END TURN 69
TURN 70
COMMAND LEFT START
COMMAND LEFT END
COMMAND RIGHT START
TRAIN 1
COMMAND RIGHT END
TURN 70 RESULT
TIME LEFT 1 5 RIGHT 0 5
TRAIN B8
END TURN 70
TURN 71
COMMAND LEFT START
COMMAND LEFT END
COMMAND RIGHT START
MOVE B4 191
COMMAND RIGHT END
TURN 71 RESULT
TIME LEFT 1 5 RIGHT 0 5
MOVE B4 221
END TURN 71
TURN 72
COMMAND LEFT START
COMMAND LEFT END
COMMAND RIGHT START
COMMAND RIGHT END
TURN 72 RESULT
TIME LEFT 1 5 RIGHT 0 5
MOVE B4 211
END TURN 72
TURN 73
COMMAND LEFT START
COMMAND LEFT END
COMMAND RIGHT START
COMMAND RIGHT END
TURN 73 RESULT
TIME LEFT 1 5 RIGHT 0 5
MOVE B4 204
END TURN 73
TURN 74
COMMAND LEFT START
COMMAND LEFT END
COMMAND RIGHT START
COMMAND RIGHT END
TURN 74 RESULT
TIME LEFT 1 5 RIGHT 0 5
MOVE B4 191
END TURN 74
TURN 75
COMMAND LEFT START
UPGRADE 0
COMMAND LEFT END
COMMAND RIGHT START
COMMAND RIGHT END
TURN 75 RESULT
TIME LEFT 2 5 RIGHT 1 5
UPGRADE A 0
END TURN 75
TURN 76
COMMAND LEFT START
COMMAND LEFT END
COMMAND RIGHT START
COMMAND RIGHT END
TURN 76 RESULT
TIME LEFT 1 5 RIGHT 0 5
END TURN 76
TURN 77
COMMAND LEFT START
COMMAND LEFT END
COMMAND RIGHT START
COMMAND RIGHT END
TURN 77 RESULT
TIME LEFT 2 5 RIGHT 0 5
END TURN 77
TURN 78
COMMAND LEFT START
COMMAND LEFT END
COMMAND RIGHT START
COMMAND RIGHT END
TURN 78 RESULT
TIME LEFT 1 5 RIGHT 0 5
END TURN 78
TURN 79
COMMAND LEFT START
COMMAND LEFT END
COMMAND RIGHT START
COMMAND RIGHT END
TURN 79 RESULT
TIME LEFT 1 5 RIGHT 0 5
END TURN 79
TURN 80
COMMAND LEFT START
COMMAND LEFT END
COMMAND RIGHT START
COMMAND RIGHT END
TURN 80 RESULT
TIME LEFT 8 5 RIGHT 0 5
END TURN 80
TURN 81
COMMAND LEFT START
COMMAND LEFT END
COMMAND RIGHT START
COMMAND RIGHT END
TURN 81 RESULT
TIME LEFT 1 5 RIGHT 0 5
END TURN 81
TURN 82
COMMAND LEFT START
COMMAND LEFT END
COMMAND RIGHT START
UPGRADE 222
COMMAND RIGHT END
TURN 82 RESULT
TIME LEFT 3 5 RIGHT 0 5
UPGRADE B 222
END TURN 82
TURN 83
COMMAND LEFT START
COMMAND LEFT END
COMMAND RIGHT START
TRAIN 1
COMMAND RIGHT END
TURN 83 RESULT
TIME LEFT 1 5 RIGHT 0 5
TRAIN B9
END TURN 83
TURN 84
COMMAND LEFT START
COMMAND LEFT END
COMMAND RIGHT START
COMMAND RIGHT END
TURN 84 RESULT
TIME LEFT 1 5 RIGHT 0 5
END TURN 84
TURN 85
COMMAND LEFT START
COMMAND LEFT END
COMMAND RIGHT START
COMMAND RIGHT END
TURN 85 RESULT
TIME LEFT 7 5 RIGHT 0 5
END TURN 85
TURN 86
COMMAND LEFT START
UPGRADE 0
COMMAND LEFT END
COMMAND RIGHT START
COMMAND RIGHT END
TURN 86 RESULT
TIME LEFT 2 5 RIGHT 0 5
UPGRADE A 0
END TURN 86
TURN 87
COMMAND LEFT START
TRAIN 1
COMMAND LEFT END
COMMAND RIGHT START
COMMAND RIGHT END
TURN 87 RESULT
TIME LEFT 1 5 RIGHT 0 5
TRAIN A9
END TURN 87
TURN 88
COMMAND LEFT START
TRAIN 1
COMMAND LEFT END
COMMAND RIGHT START
COMMAND RIGHT END
TURN 88 RESULT
TIME LEFT 4 5 RIGHT 0 5
TRAIN A10
END TURN 88
TURN 89
COMMAND LEFT START
TRAIN 1
COMMAND LEFT END
COMMAND RIGHT START
UPGRADE 189
COMMAND RIGHT END
TURN 89 RESULT
TIME LEFT 1 5 RIGHT 0 5
UPGRADE B 189
TRAIN A11
END TURN 89
TURN 90
COMMAND LEFT START
MOVE A11 196
TRAIN 1
COMMAND LEFT END
COMMAND RIGHT START
TRAIN 1
COMMAND RIGHT END
TURN 90 RESULT
TIME LEFT 2 5 RIGHT 0 5
TRAIN A12 B10
MOVE A11 7
END TURN 90
TURN 91
COMMAND LEFT START
MOVE A12 61
TRAIN 1
COMMAND LEFT END
COMMAND RIGHT START
MOVE B7 189
COMMAND RIGHT END
TURN 91 RESULT
TIME LEFT 1 5 RIGHT 0 5
TRAIN A13
MOVE A11 21
MOVE A12 7
MOVE B7 215
END TURN 91
TURN 92
COMMAND LEFT START
MOVE A13 61
TRAIN 1
COMMAND LEFT END
COMMAND RIGHT START
COMMAND RIGHT END
TURN 92 RESULT
TIME LEFT 2 5 RIGHT 0 5
TRAIN A14
MOVE A11 34
MOVE A12 21
MOVE A13 7
MOVE B7 213
END TURN 92
TURN 93
COMMAND LEFT START
MOVE A14 61
TRAIN 1
COMMAND LEFT END
COMMAND RIGHT START
COMMAND RIGHT END
TURN 93 RESULT
TIME LEFT 2 5 RIGHT 0 5
TRAIN A15
MOVE A11 36
MOVE A12 34
MOVE A13 21
MOVE A14 7
MOVE B7 209
END TURN 93
TURN 94
COMMAND LEFT START
MOVE A15 61
COMMAND LEFT END
COMMAND RIGHT START
COMMAND RIGHT END
TURN 94 RESULT
TIME LEFT 2 5 RIGHT 0 5
MOVE A11 59
MOVE A12 45
MOVE A13 34
MOVE A14 21
MOVE A15 7
MOVE B7 197
END TURN 94
TURN 95
COMMAND LEFT START
TRAIN 1
COMMAND LEFT END
COMMAND RIGHT START
UPGRADE 185
COMMAND RIGHT END
TURN 95 RESULT
TIME LEFT 2 5 RIGHT 0 5
UPGRADE B 185
TRAIN A16
MOVE A11 71
MOVE A12 61
MOVE A13 45
MOVE A14 34
MOVE A15 21
MOVE B7 189
END TURN 95
TURN 96
COMMAND LEFT START
MOVE A16 61
TRAIN 1
COMMAND LEFT END
COMMAND RIGHT START
TRAIN 1
COMMAND RIGHT END
TURN 96 RESULT
TIME LEFT 2 5 RIGHT 0 5
TRAIN A17 B11
MOVE A11 91
MOVE A13 61
MOVE A14 45
MOVE A15 34
MOVE A16 7
END TURN 96
TURN 97
COMMAND LEFT START
MOVE A17 61
TRAIN 1
COMMAND LEFT END
COMMAND RIGHT START
MOVE B8 185
COMMAND RIGHT END
TURN 97 RESULT
TIME LEFT 3 5 RIGHT 0 5
TRAIN A18
MOVE A11 99
MOVE A14 61
MOVE A15 45
MOVE A16 21
MOVE A17 7
MOVE B8 212
END TURN 97
TURN 98
COMMAND LEFT START
MOVE A18 61
TRAIN 1
COMMAND LEFT END
COMMAND RIGHT START
COMMAND RIGHT END
TURN 98 RESULT
TIME LEFT 2 5 RIGHT 0 5
TRAIN A19
MOVE A11 117
MOVE A15 61
MOVE A16 34
MOVE A17 21
MOVE A18 7
MOVE B8 196
END TURN 98
TURN 99
COMMAND LEFT START
MOVE A19 61
TRAIN 1
COMMAND LEFT END
COMMAND RIGHT START
COMMAND RIGHT END
TURN 99 RESULT
TIME LEFT 2 5 RIGHT 0 5
TRAIN A20
MOVE A11 137
MOVE A16 45
MOVE A17 34
MOVE A18 21
MOVE A19 7
MOVE B8 185
END TURN 99
TURN 100
COMMAND LEFT START
MOVE A20 61
COMMAND LEFT END
COMMAND RIGHT START
COMMAND RIGHT END
TURN 100 RESULT
TIME LEFT 2 5 RIGHT 0 5
MOVE A11 146
MOVE A16 61
MOVE A17 45
MOVE A18 34
MOVE A19 21
MOVE A20 7
END TURN 100
TURN 101
COMMAND LEFT START
TRAIN 1
COMMAND LEFT END
COMMAND RIGHT START
UPGRADE 111
COMMAND RIGHT END
TURN 101 RESULT
TIME LEFT 2 5 RIGHT 0 5
UPGRADE B 111
TRAIN A21
MOVE A11 162
MOVE A17 61
MOVE A18 45
MOVE A19 34
MOVE A20 21
END TURN 101
TURN 102
COMMAND LEFT START
MOVE A12 111
MOVE A13 111
MOVE A14 111
MOVE A15 111
MOVE A16 111
MOVE A17 111
MOVE A21 61
TRAIN 1
COMMAND LEFT END
COMMAND RIGHT START
TRAIN 1
COMMAND RIGHT END
TURN 102 RESULT
TIME LEFT 5 5 RIGHT 0 5
TRAIN A22 B12
MOVE A11 174
MOVE A12 76
MOVE A13 76
MOVE A14 76
MOVE A15 76
MOVE A16 76
MOVE A17 76
MOVE A18 61
MOVE A19 45
MOVE A20 34
MOVE A21 7
END TURN 102
TURN 103
COMMAND LEFT START
MOVE A22 61
COMMAND LEFT END
COMMAND RIGHT START
TRAIN 1
COMMAND RIGHT END
TURN 103 RESULT
TIME LEFT 4 5 RIGHT 0 5
TRAIN B13
MOVE A11 185
MOVE A12 85
MOVE A13 85
MOVE A14 85
MOVE A15 85
MOVE A16 85
MOVE A17 85
MOVE A19 61
MOVE A20 45
MOVE A21 21
MOVE A22 7
DAMAGE TURRET A11 1
DAMAGE COMBAT A11 2
DAMAGE COMBAT B1 1
END TURN 103
TURN 104
COMMAND LEFT START
TRAIN 1
COMMAND LEFT END
COMMAND RIGHT START
TRAIN 1
COMMAND RIGHT END
TURN 104 RESULT
TIME LEFT 2 5 RIGHT 0 5
TRAIN A23 B14
MOVE A12 105
MOVE A13 105
MOVE A14 105
MOVE A15 105
MOVE A16 105
MOVE A17 105
MOVE A20 61
MOVE A21 34
MOVE A22 21
DAMAGE TURRET A11 1
DAMAGE COMBAT A11 2
DAMAGE COMBAT B1 1
END TURN 104
TURN 105
COMMAND LEFT START
MOVE A18 162
MOVE A23 61
TRAIN 1
COMMAND LEFT END
COMMAND RIGHT START
MOVE B9 185
MOVE B10 185
MOVE B11 185
TRAIN 1
COMMAND RIGHT END
TURN 105 RESULT
TIME LEFT 2 5 RIGHT 0 5
TRAIN A24 B15
MOVE A12 111
MOVE A13 111
MOVE A14 111
MOVE A15 111
MOVE A16 111
MOVE A17 111
MOVE A18 71
MOVE A21 45
MOVE A22 34
MOVE A23 7
MOVE B9 212
MOVE B10 212
MOVE B11 212
DAMAGE TURRET A12 1
DAMAGE COMBAT A12 1
DAMAGE COMBAT B3 4
SIEGE B 111 2
END TURN 105
TURN 106
COMMAND LEFT START
MOVE A24 61
TRAIN 1
COMMAND LEFT END
COMMAND RIGHT START
TRAIN 1
COMMAND RIGHT END
TURN 106 RESULT
TIME LEFT 6 5 RIGHT 0 5
TRAIN A25 B16
MOVE A18 91
MOVE A21 61
MOVE A22 45
MOVE A23 21
MOVE A24 7
MOVE B9 196
MOVE B10 196
MOVE B11 196
DAMAGE TURRET A12 1
SIEGE B 111 6
END TURN 106
TURN 107
COMMAND LEFT START
MOVE A25 61
COMMAND LEFT END
COMMAND RIGHT START
TRAIN 1
COMMAND RIGHT END
TURN 107 RESULT
TIME LEFT 2 5 RIGHT 0 5
TRAIN B17
MOVE A18 99
MOVE A22 61
MOVE A23 34
MOVE A24 21
MOVE A25 7
MOVE B9 185
MOVE B10 185
MOVE B11 185
DAMAGE TURRET A12 1
SIEGE B 111 4
END TURN 107
TURN 108
COMMAND LEFT START
MOVE A12 61
MOVE A13 61
MOVE A14 61
MOVE A15 61
MOVE A16 61
COMMAND LEFT END
COMMAND RIGHT START
COMMAND RIGHT END
TURN 108 RESULT
TIME LEFT 2 5 RIGHT 0 5
MOVE A12 105
MOVE A13 105
MOVE A14 105
MOVE A15 105
MOVE A16 105
MOVE A18 117
MOVE A23 45
MOVE A24 34
MOVE A25 21
END TURN 108
TURN 109
COMMAND LEFT START
COMMAND LEFT END
COMMAND RIGHT START
COMMAND RIGHT END
TURN 109 RESULT
TIME LEFT 1 5 RIGHT 0 5
MOVE A12 85
MOVE A13 85
MOVE A14 85
MOVE A15 85
MOVE A16 85
MOVE A18 137
MOVE A23 61
MOVE A24 45
MOVE A25 34
END TURN 109
TURN 110
COMMAND LEFT START
COMMAND LEFT END
COMMAND RIGHT START
COMMAND RIGHT END
TURN 110 RESULT
TIME LEFT 1 5 RIGHT 0 5
MOVE A12 76
MOVE A13 76
MOVE A14 76
MOVE A15 76
MOVE A16 76
MOVE A18 146
MOVE A24 61
MOVE A25 45
END TURN 110
TURN 111
COMMAND LEFT START
COMMAND LEFT END
COMMAND RIGHT START
MOVE B11 161
COMMAND RIGHT END
TURN 111 RESULT
TIME LEFT 2 5 RIGHT 0 5
MOVE A12 61
MOVE A13 61
MOVE A14 61
MOVE A15 61
MOVE A16 61
MOVE A18 162
MOVE A25 61
MOVE B11 174
END TURN 111
TURN 112
COMMAND LEFT START
MOVE A18 52
MOVE A12 111
MOVE A13 111
MOVE A14 111
MOVE A15 111
MOVE A16 111
MOVE A19 111
MOVE A20 111
MOVE A21 111
MOVE A22 111
MOVE A23 111
MOVE A24 111
MOVE A25 111
UPGRADE 111
COMMAND LEFT END
COMMAND RIGHT START
UPGRADE 191
COMMAND RIGHT END
TURN 112 RESULT
TIME LEFT 8 5 RIGHT 0 5
UPGRADE A 111
UPGRADE B 191
MOVE A12 76
MOVE A13 76
MOVE A14 76
MOVE A15 76
MOVE A16 76
MOVE A18 147
MOVE A19 76
MOVE A20 76
MOVE A21 76
MOVE A22 76
MOVE A23 76
MOVE A24 76
MOVE A25 76
MOVE B11 162
END TURN 112
TURN 113
COMMAND LEFT START
TRAIN 1
COMMAND LEFT END
COMMAND RIGHT START
MOVE B1 191
COMMAND RIGHT END
TURN 113 RESULT
TIME LEFT 2 5 RIGHT 0 5
TRAIN A26
MOVE A12 85
MOVE A13 85
MOVE A14 85
MOVE A15 85
MOVE A16 85
MOVE A18 134
MOVE A19 85
MOVE A20 85
MOVE A21 85
MOVE A22 85
MOVE A23 85
MOVE A24 85
MOVE A25 85
MOVE B1 180
MOVE B11 161
END TURN 113
TURN 114
COMMAND LEFT START
MOVE A26 180
TRAIN 1
COMMAND LEFT END
COMMAND RIGHT START
COMMAND RIGHT END
TURN 114 RESULT
TIME LEFT 7 5 RIGHT 0 5
TRAIN A27
MOVE A12 105
MOVE A13 105
MOVE A14 105
MOVE A15 105
MOVE A16 105
MOVE A18 124
MOVE A19 105
MOVE A20 105
MOVE A21 105
MOVE A22 105
MOVE A23 105
MOVE A24 105
MOVE A25 105
MOVE A26 7
MOVE B1 192
END TURN 114
TURN 115
COMMAND LEFT START
MOVE A27 111
COMMAND LEFT END
COMMAND RIGHT START
COMMAND RIGHT END
TURN 115 RESULT
TIME LEFT 5 5 RIGHT 0 5
MOVE A12 111
MOVE A13 111
MOVE A14 111
MOVE A15 111
MOVE A16 111
MOVE A18 112
MOVE A19 111
MOVE A20 111
MOVE A21 111
MOVE A22 111
MOVE A23 111
MOVE A24 111
MOVE A25 111
MOVE A26 21
MOVE A27 10
MOVE B1 187
END TURN 115
TURN 116
COMMAND LEFT START
MOVE A13 185
MOVE A14 185
MOVE A15 185
MOVE A16 185
MOVE A17 185
MOVE A19 185
MOVE A20 185
TRAIN 1
COMMAND LEFT END
COMMAND RIGHT START
COMMAND RIGHT END
TURN 116 RESULT
TIME LEFT 6 5 RIGHT 0 5
TRAIN A28
MOVE A13 117
MOVE A14 117
MOVE A15 117
MOVE A16 117
MOVE A17 117
MOVE A18 90
MOVE A19 117
MOVE A20 117
MOVE A26 34
MOVE A27 26
MOVE B1 179
END TURN 116
TURN 117
COMMAND LEFT START
MOVE A28 111
COMMAND LEFT END
COMMAND RIGHT START
UPGRADE 161
COMMAND RIGHT END
TURN 117 RESULT
TIME LEFT 3 5 RIGHT 0 5
UPGRADE B 161
MOVE A13 137
MOVE A14 137
MOVE A15 137
MOVE A16 137
MOVE A17 137
MOVE A18 64
MOVE A19 137
MOVE A20 137
MOVE A26 36
MOVE A27 37
MOVE A28 10
MOVE B1 191
END TURN 117
TURN 118
COMMAND LEFT START
TRAIN 1
COMMAND LEFT END
COMMAND RIGHT START
COMMAND RIGHT END
TURN 118 RESULT
TIME LEFT 4 5 RIGHT 0 5
TRAIN A29
MOVE A13 146
MOVE A14 146
MOVE A15 146
MOVE A16 146
MOVE A17 146
MOVE A18 52
MOVE A19 146
MOVE A20 146
MOVE A26 59
MOVE A27 48
MOVE A28 26
END TURN 118
TURN 119
COMMAND LEFT START
MOVE A29 111
MOVE A18 111
TRAIN 1
COMMAND LEFT END
COMMAND RIGHT START
MOVE B12 185
MOVE B13 185
MOVE B14 185
COMMAND RIGHT END
TURN 119 RESULT
TIME LEFT 2 5 RIGHT 0 5
TRAIN A30
MOVE A13 162
MOVE A14 162
MOVE A15 162
MOVE A16 162
MOVE A17 162
MOVE A18 64
MOVE A19 162
MOVE A20 162
MOVE A26 71
MOVE A27 60
MOVE A28 37
MOVE A29 10
MOVE B12 212
MOVE B13 212
MOVE B14 212
END TURN 119
TURN 120
COMMAND LEFT START
MOVE A30 111
TRAIN 1
COMMAND LEFT END
COMMAND RIGHT START
COMMAND RIGHT END
TURN 120 RESULT
TIME LEFT 2 5 RIGHT 0 5
TRAIN A31
MOVE A13 174
MOVE A14 174
MOVE A15 174
MOVE A16 174
MOVE A17 174
MOVE A18 80
MOVE A19 174
MOVE A20 174
MOVE A26 91
MOVE A27 76
MOVE A28 48
MOVE A29 26
MOVE A30 10
MOVE B12 196
MOVE B13 196
MOVE B14 196
END TURN 120
TURN 121
COMMAND LEFT START
MOVE A31 111
TRAIN 1
COMMAND LEFT END
COMMAND RIGHT START
UPGRADE 161
COMMAND RIGHT END
TURN 121 RESULT
TIME LEFT 4 5 RIGHT 0 5
UPGRADE B 161
TRAIN A32
MOVE A13 185
MOVE A14 185
MOVE A15 185
MOVE A16 185
MOVE A17 185
MOVE A18 91
MOVE A19 185
MOVE A20 185
MOVE A26 99
MOVE A27 85
MOVE A28 60
MOVE A29 37
MOVE A30 26
MOVE A31 10
MOVE B12 185
MOVE B13 185
MOVE B14 185
DAMAGE TURRET A13 1
DAMAGE COMBAT A13 5
DAMAGE COMBAT A14 1
DAMAGE COMBAT B8 5
DAMAGE COMBAT B9 2
END TURN 121
TURN 122
COMMAND LEFT START
MOVE A32 111
COMMAND LEFT END
COMMAND RIGHT START
MOVE B9 222
MOVE B10 222
MOVE B12 222
TRAIN 1
COMMAND RIGHT END
TURN 122 RESULT
TIME LEFT 2 5 RIGHT 0 5
TRAIN B18
MOVE A18 99
MOVE A26 117
MOVE A27 105
MOVE A28 76
MOVE A29 48
MOVE A30 37
MOVE A31 26
MOVE A32 10
DAMAGE TURRET A14 1
DAMAGE COMBAT A14 4
DAMAGE COMBAT A15 1
DAMAGE COMBAT B9 4
DAMAGE COMBAT B10 2
END TURN 122
TURN 123
COMMAND LEFT START
TRAIN 1
COMMAND LEFT END
COMMAND RIGHT START
MOVE B15 161
COMMAND RIGHT END
TURN 123 RESULT
TIME LEFT 5 5 RIGHT 0 5
TRAIN A33
MOVE A18 111
MOVE A26 128
MOVE A27 111
MOVE A28 85
MOVE A29 60
MOVE A30 48
MOVE A31 37
MOVE A32 26
MOVE B15 215
DAMAGE TURRET A15 1
DAMAGE COMBAT A15 4
DAMAGE COMBAT B10 4
DAMAGE COMBAT B12 1
END TURN 123
TURN 124
COMMAND LEFT START
MOVE A18 161
MOVE A21 161
MOVE A22 161
MOVE A23 161
MOVE A24 161
MOVE A25 161
MOVE A33 111
COMMAND LEFT END
COMMAND RIGHT START
COMMAND RIGHT END
TURN 124 RESULT
TIME LEFT 4 5 RIGHT 0 5
MOVE A18 117
MOVE A21 117
MOVE A22 117
MOVE A23 117
MOVE A24 117
MOVE A25 117
MOVE A26 147
MOVE A28 105
MOVE A29 76
MOVE A30 60
MOVE A31 48
MOVE A32 37
MOVE A33 10
MOVE B15 201
DAMAGE TURRET A16 1
DAMAGE COMBAT A16 3
DAMAGE COMBAT B12 4
END TURN 124
TURN 125
COMMAND LEFT START
TRAIN 1
COMMAND LEFT END
COMMAND RIGHT START
COMMAND RIGHT END
TURN 125 RESULT
TIME LEFT 4 5 RIGHT 0 5
TRAIN A34
MOVE A18 137
MOVE A21 137
MOVE A22 137
MOVE A23 137
MOVE A24 137
MOVE A25 137
MOVE A26 157
MOVE A28 111
MOVE A29 85
MOVE A30 76
MOVE A31 60
MOVE A32 48
MOVE A33 26
MOVE B15 188
DAMAGE TURRET A16 1
DAMAGE COMBAT A16 1
DAMAGE COMBAT A17 2
DAMAGE COMBAT B12 1
DAMAGE COMBAT B13 3
END TURN 125
TURN 126
COMMAND LEFT START
MOVE A34 111
TRAIN 1
COMMAND LEFT END
COMMAND RIGHT START
COMMAND RIGHT END
TURN 126 RESULT
TIME LEFT 6 5 RIGHT 0 5
TRAIN A35
MOVE A18 146
MOVE A21 146
MOVE A22 146
MOVE A23 146
MOVE A24 146
MOVE A25 146
MOVE A26 171
MOVE A29 105
MOVE A30 85
MOVE A31 76
MOVE A32 60
MOVE A33 37
MOVE A34 10
MOVE B15 177
DAMAGE TURRET A17 1
DAMAGE COMBAT A17 2
DAMAGE COMBAT B13 3
END TURN 126
TURN 127
COMMAND LEFT START
MOVE A35 111
TRAIN 1
COMMAND LEFT END
COMMAND RIGHT START
MOVE B16 185
MOVE B17 185
MOVE B6 185
MOVE B1 185
TRAIN 2
COMMAND RIGHT END
TURN 127 RESULT
TIME LEFT 2 5 RIGHT 0 5
TRAIN A36 B19 B20
MOVE A18 161
MOVE A21 161
MOVE A22 161
MOVE A23 161
MOVE A24 161
MOVE A25 161
MOVE A26 180
MOVE A29 111
MOVE A30 105
MOVE A31 85
MOVE A32 76
MOVE A33 48
MOVE A34 26
MOVE A35 10
MOVE B1 179
MOVE B6 186
MOVE B15 161
MOVE B16 212
MOVE B17 212
DAMAGE TURRET A17 1
DAMAGE TURRET A18 1
DAMAGE COMBAT A18 2
DAMAGE COMBAT A19 1
DAMAGE COMBAT B11 6
DAMAGE COMBAT B14 3
END TURN 127
TURN 128
COMMAND LEFT START
MOVE A26 198
MOVE A36 111
COMMAND LEFT END
COMMAND RIGHT START
TRAIN 2
COMMAND RIGHT END
TURN 128 RESULT
TIME LEFT 3 5 RIGHT 0 5
TRAIN B21 B22
MOVE A26 198
MOVE A30 111
MOVE A31 105
MOVE A32 85
MOVE A33 60
MOVE A34 37
MOVE A35 26
MOVE A36 10
MOVE B1 187
MOVE B6 188
MOVE B16 196
MOVE B17 196
DAMAGE TURRET A18 1
DAMAGE TURRET A19 1
DAMAGE COMBAT A18 1
DAMAGE COMBAT A19 1
DAMAGE COMBAT B14 2
DAMAGE COMBAT B15 6
END TURN 128
TURN 129
COMMAND LEFT START
MOVE A26 111
TRAIN 1
COMMAND LEFT END
COMMAND RIGHT START
MOVE B18 191
MOVE B19 189
TRAIN 2
COMMAND RIGHT END
TURN 129 RESULT
TIME LEFT 3 5 RIGHT 0 5
TRAIN A37 B23 B24
MOVE A26 180
MOVE A31 111
MOVE A32 105
MOVE A33 76
MOVE A34 48
MOVE A35 37
MOVE A36 26
MOVE B1 192
MOVE B6 194
MOVE B16 185
MOVE B17 185
MOVE B18 221
MOVE B19 215
DAMAGE TURRET A18 1
DAMAGE TURRET A19 1
DAMAGE COMBAT A19 2
DAMAGE COMBAT A20 1
DAMAGE COMBAT B14 1
DAMAGE COMBAT B16 1
SIEGE B 161 6
END TURN 129
TURN 130
COMMAND LEFT START
MOVE A27 142
MOVE A37 111
TRAIN 1
COMMAND LEFT END
COMMAND RIGHT START
TRAIN 2
COMMAND RIGHT END
TURN 130 RESULT
TIME LEFT 3 5 RIGHT 0 5
TRAIN A38 B25 B26
MOVE A26 171
MOVE A27 123
MOVE A32 111
MOVE A33 85
MOVE A34 60
MOVE A35 48
MOVE A36 37
MOVE A37 10
MOVE B1 180
MOVE B6 185
MOVE B18 211
MOVE B19 213
DAMAGE TURRET A20 1
DAMAGE TURRET A21 1
DAMAGE COMBAT A20 3
DAMAGE COMBAT B6 1
SIEGE B 161 5
END TURN 130
TURN 131
COMMAND LEFT START
MOVE A38 111
TRAIN 1
COMMAND LEFT END
COMMAND RIGHT START
MOVE B20 185
COMMAND RIGHT END
TURN 131 RESULT
TIME LEFT 2 5 RIGHT 0 5
TRAIN A39
MOVE A26 157
MOVE A27 131
MOVE A33 105
MOVE A34 76
MOVE A35 60
MOVE A36 48
MOVE A37 26
MOVE A38 10
MOVE B1 185
MOVE B18 204
MOVE B19 209
MOVE B20 212
DAMAGE TURRET A20 1
DAMAGE TURRET A21 1
DAMAGE COMBAT B1 1
SIEGE B 161 1
END TURN 131
TURN 132
COMMAND LEFT START
MOVE A21 111
MOVE A22 111
MOVE A23 111
MOVE A24 111
MOVE A25 111
MOVE A39 111
COMMAND LEFT END
COMMAND RIGHT START
COMMAND RIGHT END
TURN 132 RESULT
TIME LEFT 3 5 RIGHT 0 5
MOVE A21 146
MOVE A22 146
MOVE A23 146
MOVE A24 146
MOVE A25 146
MOVE A26 147
MOVE A27 142
MOVE A33 111
MOVE A34 85
MOVE A35 76
MOVE A36 60
MOVE A37 37
MOVE A38 26
MOVE A39 10
MOVE B18 191
MOVE B19 197
MOVE B20 196
END TURN 132
TURN 133
COMMAND LEFT START
MOVE A27 162
TRAIN 1
COMMAND LEFT END
COMMAND RIGHT START
COMMAND RIGHT END
TURN 133 RESULT
TIME LEFT 2 5 RIGHT 0 5
TRAIN A40
MOVE A21 137
MOVE A22 137
MOVE A23 137
MOVE A24 137
MOVE A25 137
MOVE A26 128
MOVE A27 151
MOVE A34 105
MOVE A35 85
MOVE A36 76
MOVE A37 48
MOVE A38 37
MOVE A39 26
MOVE B19 189
MOVE B20 185
END TURN 133
TURN 134
COMMAND LEFT START
MOVE A40 111
TRAIN 1
COMMAND LEFT END
COMMAND RIGHT START
COMMAND RIGHT END
TURN 134 RESULT
TIME LEFT 2 5 RIGHT 0 5
TRAIN A41
MOVE A21 117
MOVE A22 117
MOVE A23 117
MOVE A24 117
MOVE A25 117
MOVE A26 117
MOVE A27 161
MOVE A34 111
MOVE A35 105
MOVE A36 85
MOVE A37 60
MOVE A38 48
MOVE A39 37
MOVE A40 10
END TURN 134
TURN 135
COMMAND LEFT START
MOVE A41 111
TRAIN 1
COMMAND LEFT END
COMMAND RIGHT START
MOVE B20 161
COMMAND RIGHT END
TURN 135 RESULT
TIME LEFT 9 5 RIGHT 0 5
TRAIN A42
MOVE A21 111
MOVE A22 111
MOVE A23 111
MOVE A24 111
MOVE A25 111
MOVE A26 111
MOVE A27 162
MOVE A35 111
MOVE A36 105
MOVE A37 76
MOVE A38 60
MOVE A39 48
MOVE A40 26
MOVE A41 10
MOVE B20 174
END TURN 135
TURN 136
COMMAND LEFT START
MOVE A27 111
MOVE A42 111
COMMAND LEFT END
COMMAND RIGHT START
UPGRADE 189
COMMAND RIGHT END
TURN 136 RESULT
TIME LEFT 5 5 RIGHT 0 5
UPGRADE B 189
MOVE A27 146
MOVE A36 111
MOVE A37 85
MOVE A38 76
MOVE A39 60
MOVE A40 37
MOVE A41 26
MOVE A42 10
MOVE B20 162
END TURN 136
TURN 137
COMMAND LEFT START
MOVE A22 185
MOVE A23 185
MOVE A24 185
MOVE A25 185
MOVE A26 185
MOVE A28 185
MOVE A29 185
MOVE A30 185
MOVE A31 185
MOVE A21 180
COMMAND LEFT END
COMMAND RIGHT START
MOVE B1 189
COMMAND RIGHT END
TURN 137 RESULT
TIME LEFT 6 5 RIGHT 0 5
MOVE A21 117
MOVE A22 117
MOVE A23 117
MOVE A24 117
MOVE A25 117
MOVE A26 117
MOVE A27 137
MOVE A28 117
MOVE A29 117
MOVE A30 117
MOVE A31 117
MOVE A37 105
MOVE A38 85
MOVE A39 76
MOVE A40 48
MOVE A41 37
MOVE A42 26
MOVE B1 194
MOVE B20 161
END TURN 137
TURN 138
COMMAND LEFT START
TRAIN 1
COMMAND LEFT END
COMMAND RIGHT START
COMMAND RIGHT END
TURN 138 RESULT
TIME LEFT 1 5 RIGHT 0 5
TRAIN A43
MOVE A21 128
MOVE A22 137
MOVE A23 137
MOVE A24 137
MOVE A25 137
MOVE A26 137
MOVE A27 117
MOVE A28 137
MOVE A29 137
MOVE A30 137
MOVE A31 137
MOVE A37 111
MOVE A38 105
MOVE A39 85
MOVE A40 60
MOVE A41 48
MOVE A42 37
MOVE B1 188
END TURN 138
TURN 139
COMMAND LEFT START
MOVE A43 111
TRAIN 1
COMMAND LEFT END
COMMAND RIGHT START
COMMAND RIGHT END
TURN 139 RESULT
TIME LEFT 2 5 RIGHT 0 5
TRAIN A44
MOVE A21 147
MOVE A22 146
MOVE A23 146
MOVE A24 146
MOVE A25 146
MOVE A26 146
MOVE A27 111
MOVE A28 146
MOVE A29 146
MOVE A30 146
MOVE A31 146
MOVE A38 111
MOVE A39 105
MOVE A40 76
MOVE A41 60
MOVE A42 48
MOVE A43 10
MOVE B1 186
END TURN 139
TURN 140
COMMAND LEFT START
MOVE A44 111
COMMAND LEFT END
COMMAND RIGHT START
UPGRADE 161
COMMAND RIGHT END
TURN 140 RESULT
TIME LEFT 2 5 RIGHT 0 5
UPGRADE B 161
MOVE A21 157
MOVE A22 162
MOVE A23 162
MOVE A24 162
MOVE A25 162
MOVE A26 162
MOVE A28 162
MOVE A29 162
MOVE A30 162
MOVE A31 162
MOVE A39 111
MOVE A40 85
MOVE A41 76
MOVE A42 60
MOVE A43 26
MOVE A44 10
MOVE B1 189
END TURN 140
TURN 141
COMMAND LEFT START
MOVE A27 161
MOVE A32 161
MOVE A33 161
MOVE A34 161
MOVE A35 161
MOVE A36 161
MOVE A37 161
COMMAND LEFT END
COMMAND RIGHT START
MOVE B21 185
MOVE B22 185
MOVE B23 185
MOVE B24 185
MOVE B25 185
MOVE B6 222
TRAIN 1
COMMAND RIGHT END
TURN 141 RESULT
TIME LEFT 9 5 RIGHT 0 5
TRAIN B27
MOVE A21 171
MOVE A22 174
MOVE A23 174
MOVE A24 174
MOVE A25 174
MOVE A26 174
MOVE A27 117
MOVE A28 174
MOVE A29 174
MOVE A30 174
MOVE A31 174
MOVE A32 117
MOVE A33 117
MOVE A34 117
MOVE A35 117
MOVE A36 117
MOVE A37 117
MOVE A40 105
MOVE A41 85
MOVE A42 76
MOVE A43 37
MOVE A44 26
MOVE B6 196
MOVE B21 212
MOVE B22 212
MOVE B23 212
MOVE B24 212
MOVE B25 212
END TURN 141
TURN 142
COMMAND LEFT START
TRAIN 1
COMMAND LEFT END
COMMAND RIGHT START
MOVE B26 185
MOVE B1 185
MOVE B7 185
MOVE B4 185
MOVE B5 185
TRAIN 1
COMMAND RIGHT END
TURN 142 RESULT
TIME LEFT 3 5 RIGHT 0 5
TRAIN A45 B28
MOVE A21 180
MOVE A22 185
MOVE A23 185
MOVE A24 185
MOVE A25 185
MOVE A26 185
MOVE A27 137
MOVE A28 185
MOVE A29 185
MOVE A30 185
MOVE A31 185
MOVE A32 137
MOVE A33 137
MOVE A34 137
MOVE A35 137
MOVE A36 137
MOVE A37 137
MOVE A40 111
MOVE A41 105
MOVE A42 85
MOVE A43 48
MOVE A44 37
MOVE B1 186
MOVE B4 179
MOVE B5 179
MOVE B6 212
MOVE B7 186
MOVE B21 196
MOVE B22 196
MOVE B23 196
MOVE B24 196
MOVE B25 196
MOVE B26 212
DAMAGE TURRET A22 1
DAMAGE COMBAT A22 2
DAMAGE COMBAT B16 5
DAMAGE COMBAT B17 4
END TURN 142
TURN 143
COMMAND LEFT START
MOVE A21 198
MOVE A45 111
TRAIN 1
COMMAND LEFT END
COMMAND RIGHT START
MOVE B17 222
MOVE B18 222
MOVE B20 222
MOVE B19 222
TRAIN 1
COMMAND RIGHT END
TURN 143 RESULT
TIME LEFT 3 5 RIGHT 0 5
TRAIN A46 B29
MOVE A21 198
MOVE A27 146
MOVE A32 146
MOVE A33 146
MOVE A34 146
MOVE A35 146
MOVE A36 146
MOVE A37 146
MOVE A41 111
MOVE A42 105
MOVE A43 60
MOVE A44 48
MOVE A45 10
MOVE B1 188
MOVE B4 187
MOVE B5 187
MOVE B6 222
MOVE B7 188
MOVE B18 204
MOVE B19 197
MOVE B20 177
MOVE B21 185
MOVE B22 185
MOVE B23 185
MOVE B24 185
MOVE B25 185
MOVE B26 196
DAMAGE TURRET A22 1
DAMAGE COMBAT A22 2
DAMAGE COMBAT A23 4
DAMAGE COMBAT B17 2
DAMAGE COMBAT B21 6
DAMAGE COMBAT B22 1
END TURN 143
TURN 144
COMMAND LEFT START
MOVE A21 111
MOVE A46 111
COMMAND LEFT END
COMMAND RIGHT START
MOVE B6 189
MOVE B27 161
MOVE B28 191
COMMAND RIGHT END
TURN 144 RESULT
TIME LEFT 3 5 RIGHT 0 5
MOVE A21 180
MOVE A27 161
MOVE A32 161
MOVE A33 161
MOVE A34 161
MOVE A35 161
MOVE A36 161
MOVE A37 161
MOVE A42 111
MOVE A43 76
MOVE A44 60
MOVE A45 26
MOVE A46 10
MOVE B1 194
MOVE B4 192
MOVE B5 192
MOVE B6 215
MOVE B7 194
MOVE B18 211
MOVE B19 209
MOVE B20 188
MOVE B26 185
MOVE B27 215
MOVE B28 221
DAMAGE TURRET A23 1
DAMAGE TURRET A27 1
DAMAGE COMBAT A23 1
DAMAGE COMBAT A24 4
DAMAGE COMBAT B22 5
DAMAGE COMBAT B23 3
SIEGE B 161 6
END TURN 144
TURN 145
COMMAND LEFT START
MOVE A38 142
MOVE A27 111
MOVE A32 111
MOVE A33 111
MOVE A34 111
MOVE A35 111
MOVE A36 111
MOVE A37 111
TRAIN 1
COMMAND LEFT END
COMMAND RIGHT START
COMMAND RIGHT END
TURN 145 RESULT
TIME LEFT 4 5 RIGHT 0 5
TRAIN A47
MOVE A21 171
MOVE A27 146
MOVE A32 146
MOVE A33 146
MOVE A34 146
MOVE A35 146
MOVE A36 146
MOVE A37 146
MOVE A38 123
MOVE A43 85
MOVE A44 76
MOVE A45 37
MOVE A46 26
MOVE B1 185
MOVE B4 180
MOVE B5 180
MOVE B6 213
MOVE B7 185
MOVE B18 221
MOVE B19 213
MOVE B20 201
MOVE B27 201
MOVE B28 211
DAMAGE TURRET A24 1
DAMAGE COMBAT A24 1
DAMAGE COMBAT A25 5
DAMAGE COMBAT B1 1
DAMAGE COMBAT B7 3
DAMAGE COMBAT B23 3
END TURN 145
TURN 146
COMMAND LEFT START
MOVE A47 111
TRAIN 1
COMMAND LEFT END
COMMAND RIGHT START
COMMAND RIGHT END
TURN 146 RESULT
TIME LEFT 3 5 RIGHT 0 5
TRAIN A48
MOVE A21 157
MOVE A27 137
MOVE A32 137
MOVE A33 137
MOVE A34 137
MOVE A35 137
MOVE A36 137
MOVE A37 137
MOVE A38 131
MOVE A43 105
MOVE A44 85
MOVE A45 48
MOVE A46 37
MOVE A47 10
MOVE B4 185
MOVE B5 185
MOVE B6 209
MOVE B18 222
MOVE B19 215
MOVE B20 215
MOVE B27 188
MOVE B28 204
DAMAGE TURRET A25 1
DAMAGE COMBAT A26 6
DAMAGE COMBAT B4 4
DAMAGE COMBAT B7 2
END TURN 146
TURN 147
COMMAND LEFT START
MOVE A48 111
COMMAND LEFT END
COMMAND RIGHT START
MOVE B18 189
COMMAND RIGHT END
TURN 147 RESULT
TIME LEFT 2 5 RIGHT 0 5
MOVE A21 147
MOVE A27 117
MOVE A32 117
MOVE A33 117
MOVE A34 117
MOVE A35 117
MOVE A36 117
MOVE A37 117
MOVE A38 142
MOVE A43 111
MOVE A44 105
MOVE A45 60
MOVE A46 48
MOVE A47 26
MOVE A48 10
MOVE B6 197
MOVE B18 215
MOVE B19 222
MOVE B20 222
MOVE B27 177
MOVE B28 191
DAMAGE TURRET A28 1
DAMAGE COMBAT A28 4
DAMAGE COMBAT B5 4
END TURN 147
TURN 148
COMMAND LEFT START
MOVE A38 153
TRAIN 1
COMMAND LEFT END
COMMAND RIGHT START
MOVE B19 189
TRAIN 1
COMMAND RIGHT END
TURN 148 RESULT
TIME LEFT 2 5 RIGHT 0 5
TRAIN A49 B30
MOVE A21 128
MOVE A27 111
MOVE A32 111
MOVE A33 111
MOVE A34 111
MOVE A35 111
MOVE A36 111
MOVE A37 111
MOVE A38 153
MOVE A44 111
MOVE A45 76
MOVE A46 60
MOVE A47 37
MOVE A48 26
MOVE B6 189
MOVE B18 213
MOVE B19 215
MOVE B27 161
DAMAGE TURRET A28 1
DAMAGE COMBAT A29 3
DAMAGE COMBAT B24 4
END TURN 148
TURN 149
COMMAND LEFT START
MOVE A32 189
MOVE A33 189
MOVE A34 189
MOVE A35 189
MOVE A36 189
MOVE A37 189
MOVE A39 189
MOVE A40 189
MOVE A41 189
MOVE A38 111
MOVE A49 111
COMMAND LEFT END
COMMAND RIGHT START
MOVE B27 191
TRAIN 1
COMMAND RIGHT END
TURN 149 RESULT
TIME LEFT 4 5 RIGHT 0 5
TRAIN B31
MOVE A21 117
MOVE A32 123
MOVE A33 123
MOVE A34 123
MOVE A35 123
MOVE A36 123
MOVE A37 123
MOVE A38 151
MOVE A39 123
MOVE A40 123
MOVE A41 123
MOVE A45 85
MOVE A46 76
MOVE A47 48
MOVE A48 37
MOVE A49 10
MOVE B18 209
MOVE B19 213
MOVE B27 162
DAMAGE TURRET A29 1
DAMAGE COMBAT A29 2
DAMAGE COMBAT A30 1
DAMAGE COMBAT B24 2
DAMAGE COMBAT B25 1
END TURN 149
TURN 150
COMMAND LEFT START
MOVE A27 180
TRAIN 1
COMMAND LEFT END
COMMAND RIGHT START
MOVE B20 191
COMMAND RIGHT END
TURN 150 RESULT
TIME LEFT 4 5 RIGHT 0 5
TRAIN A50
MOVE A21 111
MOVE A27 117
MOVE A32 131
MOVE A33 131
MOVE A34 131
MOVE A35 131
MOVE A36 131
MOVE A37 131
MOVE A38 131
MOVE A39 131
MOVE A40 131
MOVE A41 131
MOVE A45 105
MOVE A46 85
MOVE A47 60
MOVE A48 48
MOVE A49 26
MOVE B18 197
MOVE B19 209
MOVE B20 221
MOVE B27 157
DAMAGE TURRET A30 1
DAMAGE COMBAT A30 2
DAMAGE COMBAT B25 2
END TURN 150
TURN 151
COMMAND LEFT START
MOVE A50 111
COMMAND LEFT END
COMMAND RIGHT START
COMMAND RIGHT END
TURN 151 RESULT
TIME LEFT 3 5 RIGHT 0 5
MOVE A27 128
MOVE A32 151
MOVE A33 151
MOVE A34 151
MOVE A35 151
MOVE A36 151
MOVE A37 151
MOVE A38 123
MOVE A39 151
MOVE A40 151
MOVE A41 151
MOVE A45 111
MOVE A46 105
MOVE A47 76
MOVE A48 60
MOVE A49 37
MOVE A50 10
MOVE B18 189
MOVE B19 197
MOVE B20 211
MOVE B27 171
DAMAGE TURRET A30 1
DAMAGE COMBAT A30 1
DAMAGE COMBAT A31 1
DAMAGE COMBAT B25 2
END TURN 151
TURN 152
COMMAND LEFT START
TRAIN 1
COMMAND LEFT END
COMMAND RIGHT START
COMMAND RIGHT END
TURN 152 RESULT
TIME LEFT 2 5 RIGHT 0 5
TRAIN A51
MOVE A27 147
MOVE A32 163
MOVE A33 163
MOVE A34 163
MOVE A35 163
MOVE A36 163
MOVE A37 163
MOVE A38 111
MOVE A39 163
MOVE A40 163
MOVE A41 163
MOVE A46 111
MOVE A47 85
MOVE A48 76
MOVE A49 48
MOVE A50 26
MOVE B19 189
MOVE B20 204
MOVE B27 173
DAMAGE TURRET A31 1
DAMAGE COMBAT A31 2
DAMAGE COMBAT B25 1
END TURN 152
TURN 153
COMMAND LEFT START
MOVE A51 111
TRAIN 1
COMMAND LEFT END
COMMAND RIGHT START
TRAIN 1
COMMAND RIGHT END
TURN 153 RESULT
TIME LEFT 7 5 RIGHT 0 5
TRAIN A52 B32
MOVE A27 157
MOVE A32 178
MOVE A33 178
MOVE A34 178
MOVE A35 178
MOVE A36 178
MOVE A37 178
MOVE A39 178
MOVE A40 178
MOVE A41 178
MOVE A47 105
MOVE A48 85
MOVE A49 60
MOVE A50 37
MOVE A51 10
MOVE B20 191
MOVE B27 187
DAMAGE TURRET A31 1
DAMAGE COMBAT A31 1
DAMAGE COMBAT B26 1
END TURN 153
TURN 154
COMMAND LEFT START
MOVE A52 111
COMMAND LEFT END
COMMAND RIGHT START
MOVE B29 185
COMMAND RIGHT END
TURN 154 RESULT
TIME LEFT 3 5 RIGHT 0 5
MOVE A27 171
MOVE A32 189
MOVE A33 189
MOVE A34 189
MOVE A35 189
MOVE A36 189
MOVE A37 189
MOVE A39 189
MOVE A40 189
MOVE A41 189
MOVE A47 111
MOVE A48 105
MOVE A49 76
MOVE A50 48
MOVE A51 26
MOVE A52 10
MOVE B27 179
MOVE B29 212
DAMAGE TURRET A32 2
DAMAGE COMBAT A32 3
DAMAGE COMBAT B6 3
DAMAGE COMBAT B18 6
END TURN 154
TURN 155
COMMAND LEFT START
TRAIN 1
COMMAND LEFT END
COMMAND RIGHT START
TRAIN 2
COMMAND RIGHT END
TURN 155 RESULT
TIME LEFT 4 5 RIGHT 0 5
TRAIN A53 B33 B34
MOVE A27 180
MOVE A48 111
MOVE A49 85
MOVE A50 60
MOVE A51 37
MOVE A52 26
MOVE B27 191
MOVE B29 196
DAMAGE TURRET A32 1
DAMAGE TURRET A33 1
DAMAGE COMBAT A33 1
DAMAGE COMBAT B19 6
SIEGE B 189 3
END TURN 155
TURN 156
COMMAND LEFT START
MOVE A38 189
MOVE A42 189
MOVE A43 189
MOVE A44 189
MOVE A45 189
MOVE A46 189
MOVE A47 189
MOVE A48 189
MOVE A21 189
MOVE A27 198
MOVE A53 111
COMMAND LEFT END
COMMAND RIGHT START
MOVE B30 185
MOVE B31 185
MOVE B32 185
MOVE B33 185
TRAIN 2
COMMAND RIGHT END
TURN 156 RESULT
TIME LEFT 5 5 RIGHT 0 5
TRAIN B35 B36
MOVE A21 123
MOVE A27 198
MOVE A38 123
MOVE A42 123
MOVE A43 123
MOVE A44 123
MOVE A45 123
MOVE A46 123
MOVE A47 123
MOVE A48 123
MOVE A49 105
MOVE A50 76
MOVE A51 48
MOVE A52 37
MOVE A53 10
MOVE B29 185
MOVE B30 212
MOVE B31 212
MOVE B32 212
MOVE B33 212
DAMAGE TURRET A33 2
SIEGE B 189 8
END TURN 156
TURN 157
COMMAND LEFT START
MOVE A27 111
TRAIN 1
COMMAND LEFT END
COMMAND RIGHT START
TRAIN 1
COMMAND RIGHT END
TURN 157 RESULT
TIME LEFT 2 5 RIGHT 0 5
TRAIN A54 B37
MOVE A21 131
MOVE A27 180
MOVE A38 131
MOVE A42 131
MOVE A43 131
MOVE A44 131
MOVE A45 131
MOVE A46 131
MOVE A47 131
MOVE A48 131
MOVE A49 111
MOVE A50 85
MOVE A51 60
MOVE A52 48
MOVE A53 26
MOVE B30 196
MOVE B31 196
MOVE B32 196
MOVE B33 196
DAMAGE TURRET A33 2
SIEGE B 189 7
END TURN 157
TURN 158
COMMAND LEFT START
MOVE A49 142
MOVE A34 111
MOVE A35 111
MOVE A36 111
MOVE A37 111
MOVE A39 111
MOVE A40 111
MOVE A41 111
MOVE A54 111
COMMAND LEFT END
COMMAND RIGHT START
MOVE B37 185
COMMAND RIGHT END
TURN 158 RESULT
TIME LEFT 4 5 RIGHT 0 5
MOVE A21 151
MOVE A27 171
MOVE A34 178
MOVE A35 178
MOVE A36 178
MOVE A37 178
MOVE A38 151
MOVE A39 178
MOVE A40 178
MOVE A41 178
MOVE A42 151
MOVE A43 151
MOVE A44 151
MOVE A45 151
MOVE A46 151
MOVE A47 151
MOVE A48 151
MOVE A49 123
MOVE A50 105
MOVE A51 76
MOVE A52 60
MOVE A53 37
MOVE A54 10
MOVE B30 185
MOVE B31 185
MOVE B32 185
MOVE B33 185
MOVE B37 212
END TURN 158
TURN 159
COMMAND LEFT START
TRAIN 1
COMMAND LEFT END
COMMAND RIGHT START
COMMAND RIGHT END
TURN 159 RESULT
TIME LEFT 1 5 RIGHT 0 5
TRAIN A55
MOVE A21 163
MOVE A27 157
MOVE A34 163
MOVE A35 163
MOVE A36 163
MOVE A37 163
MOVE A38 163
MOVE A39 163
MOVE A40 163
MOVE A41 163
MOVE A42 163
MOVE A43 163
MOVE A44 163
MOVE A45 163
MOVE A46 163
MOVE A47 163
MOVE A48 163
MOVE A49 131
MOVE A50 111
MOVE A51 85
MOVE A52 76
MOVE A53 48
MOVE A54 26
MOVE B37 196
END TURN 159
TURN 160
COMMAND LEFT START
MOVE A55 111
TRAIN 1
COMMAND LEFT END
COMMAND RIGHT START
COMMAND RIGHT END
TURN 160 RESULT
TIME LEFT 8 5 RIGHT 6 5
TRAIN A56
MOVE A21 178
MOVE A27 147
MOVE A34 151
MOVE A35 151
MOVE A36 151
MOVE A37 151
MOVE A38 178
MOVE A39 151
MOVE A40 151
MOVE A41 151
MOVE A42 178
MOVE A43 178
MOVE A44 178
MOVE A45 178
MOVE A46 178
MOVE A47 178
MOVE A48 178
MOVE A49 142
MOVE A51 105
MOVE A52 85
MOVE A53 60
MOVE A54 37
MOVE A55 10
MOVE B37 185
END TURN 160
TURN 161
COMMAND LEFT START
MOVE A49 162
MOVE A56 111
COMMAND LEFT END
COMMAND RIGHT START
COMMAND RIGHT END
TURN 161 RESULT
TIME LEFT 4 5 RIGHT 0 5
MOVE A21 189
MOVE A27 128
MOVE A34 131
MOVE A35 131
MOVE A36 131
MOVE A37 131
MOVE A38 189
MOVE A39 131
MOVE A40 131
MOVE A41 131
MOVE A42 189
MOVE A43 189
MOVE A44 189
MOVE A45 189
MOVE A46 189
MOVE A47 189
MOVE A48 189
MOVE A49 151
MOVE A51 111
MOVE A52 105
MOVE A53 76
MOVE A54 48
MOVE A55 26
MOVE A56 10
END TURN 161
TURN 162
COMMAND LEFT START
MOVE A21 185
MOVE A38 185
MOVE A42 185
MOVE A43 185
MOVE A44 185
MOVE A45 185
MOVE A46 185
MOVE A47 185
MOVE A48 185
COMMAND LEFT END
COMMAND RIGHT START
MOVE B37 189
COMMAND RIGHT END
TURN 162 RESULT
TIME LEFT 3 5 RIGHT 0 5
MOVE A21 186
MOVE A27 117
MOVE A34 123
MOVE A35 123
MOVE A36 123
MOVE A37 123
MOVE A38 186
MOVE A39 123
MOVE A40 123
MOVE A41 123
MOVE A42 186
MOVE A43 186
MOVE A44 186
MOVE A45 186
MOVE A46 186
MOVE A47 186
MOVE A48 186
MOVE A49 161
MOVE A52 111
MOVE A53 85
MOVE A54 60
MOVE A55 37
MOVE A56 26
MOVE B37 194
END TURN 162
TURN 163
COMMAND LEFT START
TRAIN 1
COMMAND LEFT END
COMMAND RIGHT START
UPGRADE 185
COMMAND RIGHT END
TURN 163 RESULT
TIME LEFT 1 5 RIGHT 0 5
UPGRADE B 185
TRAIN A57
MOVE A21 188
MOVE A27 111
MOVE A34 111
MOVE A35 111
MOVE A36 111
MOVE A37 111
MOVE A38 188
MOVE A39 111
MOVE A40 111
MOVE A41 111
MOVE A42 188
MOVE A43 188
MOVE A44 188
MOVE A45 188
MOVE A46 188
MOVE A47 188
MOVE A48 188
MOVE A49 162
MOVE A53 105
MOVE A54 76
MOVE A55 48
MOVE A56 37
MOVE B37 188
DAMAGE COMBAT A21 1
DAMAGE COMBAT B37 6
END TURN 163
TURN 164
COMMAND LEFT START
MOVE A49 111
MOVE A57 111
COMMAND LEFT END
COMMAND RIGHT START
MOVE B26 222
MOVE B29 222
MOVE B30 222
MOVE B31 222
MOVE B32 222
MOVE B33 222
COMMAND RIGHT END
TURN 164 RESULT
TIME LEFT 3 5 RIGHT 0 5
MOVE A21 194
MOVE A38 194
MOVE A42 194
MOVE A43 194
MOVE A44 194
MOVE A45 194
MOVE A46 194
MOVE A47 194
MOVE A48 194
MOVE A49 146
MOVE A53 111
MOVE A54 85
MOVE A55 60
MOVE A56 48
MOVE A57 10
MOVE B26 196
MOVE B29 196
MOVE B30 196
MOVE B31 196
MOVE B32 196
MOVE B33 196
END TURN 164
TURN 165
COMMAND LEFT START
MOVE A34 185
MOVE A35 185
MOVE A36 185
MOVE A37 185
MOVE A39 185
MOVE A40 185
MOVE A41 185
MOVE A50 185
MOVE A51 185
MOVE A27 180
COMMAND LEFT END
COMMAND RIGHT START
MOVE B34 185
TRAIN 1
COMMAND RIGHT END
TURN 165 RESULT
TIME LEFT 9 5 RIGHT 0 5
TRAIN B38
MOVE A21 185
MOVE A27 117
MOVE A34 117
MOVE A35 117
MOVE A36 117
MOVE A37 117
MOVE A38 185
MOVE A39 117
MOVE A40 117
MOVE A41 117
MOVE A42 185
MOVE A43 185
MOVE A44 185
MOVE A45 185
MOVE A46 185
MOVE A47 185
MOVE A48 185
MOVE A49 137
MOVE A50 117
MOVE A51 117
MOVE A54 105
MOVE A55 76
MOVE A56 60
MOVE A57 26
MOVE B26 212
MOVE B29 212
MOVE B30 212
MOVE B31 212
MOVE B32 212
MOVE B33 212
MOVE B34 212
DAMAGE TURRET A21 2
SIEGE B 185 9
END TURN 165
TURN 166
COMMAND LEFT START
TRAIN 1
COMMAND LEFT END
COMMAND RIGHT START
TRAIN 1
COMMAND RIGHT END
TURN 166 RESULT
TIME LEFT 2 5 RIGHT 0 5
TRAIN A58 B39
MOVE A27 128
MOVE A34 137
MOVE A35 137
MOVE A36 137
MOVE A37 137
MOVE A39 137
MOVE A40 137
MOVE A41 137
MOVE A49 117
MOVE A50 137
MOVE A51 137
MOVE A54 111
MOVE A55 85
MOVE A56 76
MOVE A57 37
MOVE B26 222
MOVE B29 222
MOVE B30 222
MOVE B31 222
MOVE B32 222
MOVE B33 222
MOVE B34 196
DAMAGE TURRET A21 1
DAMAGE TURRET A38 1
SIEGE B 185 9
END TURN 166
TURN 167
COMMAND LEFT START
MOVE A38 111
MOVE A42 111
MOVE A43 111
MOVE A44 111
MOVE A45 111
MOVE A46 111
MOVE A47 111
MOVE A48 111
MOVE A58 111
TRAIN 1
COMMAND LEFT END
COMMAND RIGHT START
MOVE B39 191
MOVE B38 191
MOVE B36 191
MOVE B35 191
MOVE B33 191
MOVE B32 191
MOVE B31 191
COMMAND RIGHT END
TURN 167 RESULT
TIME LEFT 2 5 RIGHT 0 5
TRAIN A59
MOVE A27 147
MOVE A34 146
MOVE A35 146
MOVE A36 146
MOVE A37 146
MOVE A38 174
MOVE A39 146
MOVE A40 146
MOVE A41 146
MOVE A42 174
MOVE A43 174
MOVE A44 174
MOVE A45 174
MOVE A46 174
MOVE A47 174
MOVE A48 174
MOVE A49 111
MOVE A50 146
MOVE A51 146
MOVE A55 105
MOVE A56 85
MOVE A57 48
MOVE A58 10
MOVE B31 221
MOVE B32 221
MOVE B33 221
MOVE B34 185
MOVE B35 221
MOVE B36 221
MOVE B38 221
MOVE B39 221
END TURN 167
TURN 168
COMMAND LEFT START
MOVE A59 111
COMMAND LEFT END
COMMAND RIGHT START
COMMAND RIGHT END
TURN 168 RESULT
TIME LEFT 2 5 RIGHT 0 5
MOVE A27 157
MOVE A34 162
MOVE A35 162
MOVE A36 162
MOVE A37 162
MOVE A38 162
MOVE A39 162
MOVE A40 162
MOVE A41 162
MOVE A42 162
MOVE A43 162
MOVE A44 162
MOVE A45 162
MOVE A46 162
MOVE A47 162
MOVE A48 162
MOVE A50 162
MOVE A51 162
MOVE A55 111
MOVE A56 105
MOVE A57 60
MOVE A58 26
MOVE A59 10
MOVE B31 211
MOVE B32 211
MOVE B33 211
MOVE B35 211
MOVE B36 211
MOVE B38 211
MOVE B39 211
END TURN 168
TURN 169
COMMAND LEFT START
TRAIN 1
COMMAND LEFT END
COMMAND RIGHT START
TRAIN 1
COMMAND RIGHT END
TURN 169 RESULT
TIME LEFT 3 5 RIGHT 0 5
TRAIN A60 B40
MOVE A27 171
MOVE A34 174
MOVE A35 174
MOVE A36 174
MOVE A37 174
MOVE A38 146
MOVE A39 174
MOVE A40 174
MOVE A41 174
MOVE A42 146
MOVE A43 146
MOVE A44 146
MOVE A45 146
MOVE A46 146
MOVE A47 146
MOVE A48 146
MOVE A50 174
MOVE A51 174
MOVE A56 111
MOVE A57 76
MOVE A58 37
MOVE A59 26
MOVE B31 204
MOVE B32 204
MOVE B33 204
MOVE B35 204
MOVE B36 204
MOVE B38 204
MOVE B39 204
END TURN 169
TURN 170
COMMAND LEFT START
MOVE A60 111
COMMAND LEFT END
COMMAND RIGHT START
MOVE B40 191
COMMAND RIGHT END
TURN 170 RESULT
TIME LEFT 6 5 RIGHT 0 5
MOVE A27 180
MOVE A34 185
MOVE A35 185
MOVE A36 185
MOVE A37 185
MOVE A38 137
MOVE A39 185
MOVE A40 185
MOVE A41 185
MOVE A42 137
MOVE A43 137
MOVE A44 137
MOVE A45 137
MOVE A46 137
MOVE A47 137
MOVE A48 137
MOVE A50 185
MOVE A51 185
MOVE A57 85
MOVE A58 48
MOVE A59 37
MOVE A60 10
MOVE B31 191
MOVE B32 191
MOVE B33 191
MOVE B35 191
MOVE B36 191
MOVE B38 191
MOVE B39 191
MOVE B40 221
DAMAGE COMBAT A34 1
DAMAGE COMBAT B34 6
END TURN 170
TURN 171
COMMAND LEFT START
MOVE A27 198
MOVE A34 222
MOVE A35 222
MOVE A36 222
MOVE A37 222
MOVE A39 222
MOVE A40 222
MOVE A41 222
MOVE A50 222
MOVE A51 222
COMMAND LEFT END
COMMAND RIGHT START
COMMAND RIGHT END
TURN 171 RESULT
TIME LEFT 7 5 RIGHT 0 5
MOVE A27 198
MOVE A34 196
MOVE A35 196
MOVE A36 196
MOVE A37 196
MOVE A38 117
MOVE A39 196
MOVE A40 196
MOVE A41 196
MOVE A42 117
MOVE A43 117
MOVE A44 117
MOVE A45 117
MOVE A46 117
MOVE A47 117
MOVE A48 117
MOVE A50 196
MOVE A51 196
MOVE A57 105
MOVE A58 60
MOVE A59 48
MOVE A60 26
MOVE B40 211
END TURN 171
TURN 172
COMMAND LEFT START
MOVE A27 111
TRAIN 1
COMMAND LEFT END
COMMAND RIGHT START
MOVE B20 222
MOVE B27 222
MOVE B28 222
MOVE B31 222
MOVE B32 222
TRAIN 2
COMMAND RIGHT END
TURN 172 RESULT
TIME LEFT 2 5 RIGHT 0 5
TRAIN A61 B41 B42
MOVE A27 180
MOVE A34 212
MOVE A35 212
MOVE A36 212
MOVE A37 212
MOVE A38 111
MOVE A39 212
MOVE A40 212
MOVE A41 212
MOVE A42 111
MOVE A43 111
MOVE A44 111
MOVE A45 111
MOVE A46 111
MOVE A47 111
MOVE A48 111
MOVE A50 212
MOVE A51 212
MOVE A57 111
MOVE A58 76
MOVE A59 60
MOVE A60 37
MOVE B20 204
MOVE B27 204
MOVE B28 204
MOVE B31 204
MOVE B32 204
MOVE B40 204
END TURN 172
TURN 173
COMMAND LEFT START
MOVE A38 142
MOVE A61 111
COMMAND LEFT END
COMMAND RIGHT START
MOVE B38 222
MOVE B39 222
COMMAND RIGHT END
TURN 173 RESULT
TIME LEFT 3 5 RIGHT 0 5
MOVE A27 171
MOVE A34 222
MOVE A35 222
MOVE A36 222
MOVE A37 222
MOVE A38 123
MOVE A39 222
MOVE A40 222
MOVE A41 222
MOVE A50 222
MOVE A51 222
MOVE A58 85
MOVE A59 76
MOVE A60 48
MOVE A61 10
MOVE B20 211
MOVE B27 211
MOVE B28 211
MOVE B31 211
MOVE B32 211
MOVE B38 204
MOVE B39 204
MOVE B40 191
DAMAGE TURRET A34 2
DAMAGE COMBAT A34 3
DAMAGE COMBAT A35 2
DAMAGE COMBAT B26 5
DAMAGE COMBAT B29 4
END TURN 173
TURN 174
COMMAND LEFT START
TRAIN 1
COMMAND LEFT END
COMMAND RIGHT START
TRAIN 1
COMMAND RIGHT END
TURN 174 RESULT
TIME LEFT 3 5 RIGHT 0 5
TRAIN A62 B43
MOVE A27 157
MOVE A38 131
MOVE A58 105
MOVE A59 85
MOVE A60 60
MOVE A61 26
MOVE B20 221
MOVE B27 221
MOVE B28 221
MOVE B31 221
MOVE B32 221
MOVE B38 211
MOVE B39 211
DAMAGE TURRET A35 2
DAMAGE COMBAT A35 2
DAMAGE COMBAT A36 3
DAMAGE COMBAT B29 2
DAMAGE COMBAT B30 6
END TURN 174
TURN 175
COMMAND LEFT START
MOVE A62 111
TRAIN 1
COMMAND LEFT END
COMMAND RIGHT START
COMMAND RIGHT END
TURN 175 RESULT
TIME LEFT 3 5 RIGHT 0 5
TRAIN A63
MOVE A27 147
MOVE A38 142
MOVE A58 111
MOVE A59 105
MOVE A60 76
MOVE A61 37
MOVE A62 10
MOVE B20 222
MOVE B27 222
MOVE B28 222
MOVE B31 222
MOVE B32 222
MOVE B38 221
MOVE B39 221
DAMAGE TURRET A36 2
DAMAGE COMBAT A36 1
DAMAGE COMBAT A37 6
DAMAGE COMBAT A39 1
DAMAGE COMBAT B20 6
DAMAGE COMBAT B27 1
END TURN 175
TURN 176
COMMAND LEFT START
MOVE A38 153
MOVE A63 111
COMMAND LEFT END
COMMAND RIGHT START
COMMAND RIGHT END
TURN 176 RESULT
TIME LEFT 3 5 RIGHT 1 5
MOVE A27 128
MOVE A38 153
MOVE A59 111
MOVE A60 85
MOVE A61 48
MOVE A62 26
MOVE A63 10
MOVE B38 222
MOVE B39 222
DAMAGE TURRET A39 2
DAMAGE COMBAT A39 3
DAMAGE COMBAT A40 6
DAMAGE COMBAT B27 5
END TURN 176
TURN 177
COMMAND LEFT START
MOVE A38 159
TRAIN 1
COMMAND LEFT END
COMMAND RIGHT START
COMMAND RIGHT END
TURN 177 RESULT
TIME LEFT 3 5 RIGHT 0 5
TRAIN A64
MOVE A27 117
MOVE A38 158
MOVE A60 105
MOVE A61 60
MOVE A62 37
MOVE A63 26
DAMAGE TURRET A41 2
DAMAGE COMBAT A41 4
DAMAGE COMBAT A50 4
DAMAGE COMBAT B28 3
END TURN 177
TURN 178
COMMAND LEFT START
MOVE A64 111
COMMAND LEFT END
COMMAND RIGHT START
COMMAND RIGHT END
TURN 178 RESULT
TIME LEFT 2 5 RIGHT 0 5
MOVE A27 111
MOVE A38 170
MOVE A60 111
MOVE A61 76
MOVE A62 48
MOVE A63 37
MOVE A64 10
DAMAGE TURRET A50 2
DAMAGE COMBAT A51 6
DAMAGE COMBAT B28 2
END TURN 178
TURN 179
COMMAND LEFT START
MOVE A42 222
MOVE A43 222
MOVE A44 222
MOVE A45 222
MOVE A46 222
MOVE A47 222
MOVE A48 222
MOVE A49 222
MOVE A52 222
MOVE A53 222
MOVE A54 222
MOVE A55 222
MOVE A56 222
MOVE A57 222
MOVE A58 222
COMMAND LEFT END
COMMAND RIGHT START
MOVE B43 191
MOVE B42 191
MOVE B41 191
MOVE B39 191
MOVE B38 191
COMMAND RIGHT END
TURN 179 RESULT
TIME LEFT 5 5 RIGHT 0 5
MOVE A38 166
MOVE A42 117
MOVE A43 117
MOVE A44 117
MOVE A45 117
MOVE A46 117
MOVE A47 117
MOVE A48 117
MOVE A49 117
MOVE A52 117
MOVE A53 117
MOVE A54 117
MOVE A55 117
MOVE A56 117
MOVE A57 117
MOVE A58 117
MOVE A61 85
MOVE A62 60
MOVE A63 48
MOVE A64 26
MOVE B38 221
MOVE B39 221
MOVE B41 221
MOVE B42 221
MOVE B43 221
END TURN 179
TURN 180
COMMAND LEFT START
TRAIN 1
COMMAND LEFT END
COMMAND RIGHT START
COMMAND RIGHT END
TURN 180 RESULT
TIME LEFT 1 5 RIGHT 0 5
TRAIN A65
MOVE A38 159
MOVE A42 137
MOVE A43 137
MOVE A44 137
MOVE A45 137
MOVE A46 137
MOVE A47 137
MOVE A48 137
MOVE A49 137
MOVE A52 137
MOVE A53 137
MOVE A54 137
MOVE A55 137
MOVE A56 137
MOVE A57 137
MOVE A58 137
MOVE A61 105
MOVE A62 76
MOVE A63 60
MOVE A64 37
MOVE B38 211
MOVE B39 211
MOVE B41 211
MOVE B42 211
MOVE B43 211
END TURN 180
TURN 181
COMMAND LEFT START
MOVE A38 182
MOVE A65 111
COMMAND LEFT END
COMMAND RIGHT START
COMMAND RIGHT END
TURN 181 RESULT
TIME LEFT 2 5 RIGHT 0 5
MOVE A38 166
MOVE A42 146
MOVE A43 146
MOVE A44 146
MOVE A45 146
MOVE A46 146
MOVE A47 146
MOVE A48 146
MOVE A49 146
MOVE A52 146
MOVE A53 146
MOVE A54 146
MOVE A55 146
MOVE A56 146
MOVE A57 146
MOVE A58 146
MOVE A61 111
MOVE A62 85
MOVE A63 76
MOVE A64 48
MOVE A65 10
MOVE B38 204
MOVE B39 204
MOVE B41 204
MOVE B42 204
MOVE B43 204
END TURN 181
TURN 182
COMMAND LEFT START
TRAIN 1
COMMAND LEFT END
COMMAND RIGHT START
COMMAND RIGHT END
TURN 182 RESULT
TIME LEFT 1 5 RIGHT 0 5
TRAIN A66
MOVE A38 182
MOVE A42 162
MOVE A43 162
MOVE A44 162
MOVE A45 162
MOVE A46 162
MOVE A47 162
MOVE A48 162
MOVE A49 162
MOVE A52 162
MOVE A53 162
MOVE A54 162
MOVE A55 162
MOVE A56 162
MOVE A57 162
MOVE A58 162
MOVE A62 105
MOVE A63 85
MOVE A64 60
MOVE A65 26
MOVE B38 191
MOVE B39 191
MOVE B41 191
MOVE B42 191
MOVE B43 191
END TURN 182
TURN 183
COMMAND LEFT START
MOVE A38 187
MOVE A66 111
COMMAND LEFT END
COMMAND RIGHT START
MOVE B43 185
COMMAND RIGHT END
TURN 183 RESULT
TIME LEFT 1 5 RIGHT 0 5
MOVE A38 183
MOVE A42 174
MOVE A43 174
MOVE A44 174
MOVE A45 174
MOVE A46 174
MOVE A47 174
MOVE A48 174
MOVE A49 174
MOVE A52 174
MOVE A53 174
MOVE A54 174
MOVE A55 174
MOVE A56 174
MOVE A57 174
MOVE A58 174
MOVE A62 111
MOVE A63 105
MOVE A64 76
MOVE A65 37
MOVE A66 10
MOVE B43 179
END TURN 183
TURN 184
COMMAND LEFT START
TRAIN 1
COMMAND LEFT END
COMMAND RIGHT START
TRAIN 1
COMMAND RIGHT END
TURN 184 RESULT
TIME LEFT 2 5 RIGHT 0 5
TRAIN A67 B44
MOVE A38 178
MOVE A42 185
MOVE A43 185
MOVE A44 185
MOVE A45 185
MOVE A46 185
MOVE A47 185
MOVE A48 185
MOVE A49 185
MOVE A52 185
MOVE A53 185
MOVE A54 185
MOVE A55 185
MOVE A56 185
MOVE A57 185
MOVE A58 185
MOVE A63 111
MOVE A64 85
MOVE A65 48
MOVE A66 26
MOVE B43 187
END TURN 184
TURN 185
COMMAND LEFT START
MOVE A67 111
TRAIN 1
COMMAND LEFT END
COMMAND RIGHT START
MOVE B44 191
COMMAND RIGHT END
TURN 185 RESULT
TIME LEFT 2 5 RIGHT 0 5
TRAIN A68
MOVE A38 186
MOVE A42 196
MOVE A43 196
MOVE A44 196
MOVE A45 196
MOVE A46 196
MOVE A47 196
MOVE A48 196
MOVE A49 196
MOVE A52 196
MOVE A53 196
MOVE A54 196
MOVE A55 196
MOVE A56 196
MOVE A57 196
MOVE A58 196
MOVE A64 105
MOVE A65 60
MOVE A66 37
MOVE A67 10
MOVE B43 192
MOVE B44 221
END TURN 185
TURN 186
COMMAND LEFT START
MOVE A68 111
COMMAND LEFT END
COMMAND RIGHT START
MOVE B33 222
MOVE B35 222
MOVE B36 222
MOVE B38 222
MOVE B39 222
MOVE B40 222
MOVE B41 222
MOVE B42 222
TRAIN 2
COMMAND RIGHT END
TURN 186 RESULT
TIME LEFT 1 5 RIGHT 0 5
TRAIN B45 B46
MOVE A38 188
MOVE A42 212
MOVE A43 212
MOVE A44 212
MOVE A45 212
MOVE A46 212
MOVE A47 212
MOVE A48 212
MOVE A49 212
MOVE A52 212
MOVE A53 212
MOVE A54 212
MOVE A55 212
MOVE A56 212
MOVE A57 212
MOVE A58 212
MOVE A64 111
MOVE A65 76
MOVE A66 48
MOVE A67 26
MOVE A68 10
MOVE B33 204
MOVE B35 204
MOVE B36 204
MOVE B38 204
MOVE B39 204
MOVE B40 204
MOVE B41 204
MOVE B42 204
MOVE B43 180
MOVE B44 211
END TURN 186
TURN 187
COMMAND LEFT START
TRAIN 1
COMMAND LEFT END
COMMAND RIGHT START
TRAIN 2
COMMAND RIGHT END
TURN 187 RESULT
TIME LEFT 5 5 RIGHT 0 5
TRAIN A69 B47 B48
MOVE A38 194
MOVE A42 222
MOVE A43 222
MOVE A44 222
MOVE A45 222
MOVE A46 222
MOVE A47 222
MOVE A48 222
MOVE A49 222
MOVE A52 222
MOVE A53 222
MOVE A54 222
MOVE A55 222
MOVE A56 222
MOVE A57 222
MOVE A58 222
MOVE A65 85
MOVE A66 60
MOVE A67 37
MOVE A68 26
MOVE B33 211
MOVE B35 211
MOVE B36 211
MOVE B38 211
MOVE B39 211
MOVE B40 211
MOVE B41 211
MOVE B42 211
MOVE B43 185
MOVE B44 204
DAMAGE TURRET A42 2
DAMAGE COMBAT A42 4
DAMAGE COMBAT A43 3
DAMAGE COMBAT B28 1
DAMAGE COMBAT B31 6
DAMAGE COMBAT B32 6
DAMAGE COMBAT B45 2
END TURN 187
TURN 188
COMMAND LEFT START
MOVE A69 111
TRAIN 1
COMMAND LEFT END
COMMAND RIGHT START
MOVE B43 222
TRAIN 1
COMMAND RIGHT END
TURN 188 RESULT
TIME LEFT 2 5 RIGHT 0 5
TRAIN A70 B49
MOVE A38 196
MOVE A65 105
MOVE A66 76
MOVE A67 48
MOVE A68 37
MOVE A69 10
MOVE B33 221
MOVE B35 221
MOVE B36 221
MOVE B38 221
MOVE B39 221
MOVE B40 221
MOVE B41 221
MOVE B42 221
MOVE B43 196
MOVE B44 191
DAMAGE TURRET A43 2
DAMAGE COMBAT A38 1
DAMAGE COMBAT A43 1
DAMAGE COMBAT A44 4
DAMAGE COMBAT B43 1
DAMAGE COMBAT B45 4
DAMAGE COMBAT B46 6
DAMAGE COMBAT B47 4
END TURN 188
TURN 189
COMMAND LEFT START
MOVE A70 111
COMMAND LEFT END
COMMAND RIGHT START
MOVE B44 222
TRAIN 1
COMMAND RIGHT END
TURN 189 RESULT
TIME LEFT 2 5 RIGHT 0 5
TRAIN B50
MOVE A65 111
MOVE A66 85
MOVE A67 60
MOVE A68 48
MOVE A69 26
MOVE A70 10
MOVE B33 222
MOVE B35 222
MOVE B36 222
MOVE B38 222
MOVE B39 222
MOVE B40 222
MOVE B41 222
MOVE B42 222
MOVE B44 204
DAMAGE TURRET A44 2
DAMAGE COMBAT A38 1
DAMAGE COMBAT A45 6
DAMAGE COMBAT A46 6
DAMAGE COMBAT B33 6
DAMAGE COMBAT B35 5
DAMAGE COMBAT B43 1
DAMAGE COMBAT B47 2
END TURN 189
TURN 190
COMMAND LEFT START
TRAIN 1
COMMAND LEFT END
COMMAND RIGHT START
COMMAND RIGHT END
TURN 190 RESULT
TIME LEFT 2 5 RIGHT 0 5
TRAIN A71
MOVE A66 105
MOVE A67 76
MOVE A68 60
MOVE A69 37
MOVE A70 26
MOVE B44 211
DAMAGE TURRET A47 2
DAMAGE COMBAT A38 1
DAMAGE COMBAT A47 4
DAMAGE COMBAT A48 6
DAMAGE COMBAT B35 1
DAMAGE COMBAT B36 6
DAMAGE COMBAT B38 3
DAMAGE COMBAT B43 1
END TURN 190
TURN 191
COMMAND LEFT START
MOVE A71 111
TRAIN 1
COMMAND LEFT END
COMMAND RIGHT START
COMMAND RIGHT END
TURN 191 RESULT
TIME LEFT 3 5 RIGHT 0 5
TRAIN A72
MOVE A66 111
MOVE A67 85
MOVE A68 76
MOVE A69 48
MOVE A70 37
MOVE A71 10
MOVE B44 221
DAMAGE TURRET A49 2
DAMAGE COMBAT A38 1
DAMAGE COMBAT A49 4
DAMAGE COMBAT A52 4
DAMAGE COMBAT B38 3
DAMAGE COMBAT B39 5
DAMAGE COMBAT B43 1
END TURN 191
TURN 192
COMMAND LEFT START
MOVE A72 111
COMMAND LEFT END
COMMAND RIGHT START
COMMAND RIGHT END
TURN 192 RESULT
TIME LEFT 8 5 RIGHT 0 5
MOVE A67 105
MOVE A68 85
MOVE A69 60
MOVE A70 48
MOVE A71 26
MOVE A72 10
MOVE B44 222
DAMAGE TURRET A52 2
DAMAGE COMBAT A38 1
DAMAGE COMBAT A53 6
DAMAGE COMBAT A54 2
DAMAGE COMBAT B39 1
DAMAGE COMBAT B40 6
DAMAGE COMBAT B43 1
END TURN 192
TURN 193
COMMAND LEFT START
MOVE A27 137
TRAIN 1
COMMAND LEFT END
COMMAND RIGHT START
COMMAND RIGHT END
TURN 193 RESULT
TIME LEFT 7 5 RIGHT 3 5
TRAIN A73
MOVE A27 117
MOVE A67 111
MOVE A68 105
MOVE A69 76
MOVE A70 60
MOVE A71 37
MOVE A72 26
MOVE B43 212
DAMAGE TURRET A54 2
DAMAGE COMBAT A54 2
DAMAGE COMBAT A55 4
DAMAGE COMBAT B41 5
END TURN 193
TURN 194
COMMAND LEFT START
MOVE A73 111
TRAIN 1
COMMAND LEFT END
COMMAND RIGHT START
TRAIN 1
COMMAND RIGHT END
TURN 194 RESULT
TIME LEFT 3 5 RIGHT 0 5
TRAIN A74 B51
MOVE A27 137
MOVE A68 111
MOVE A69 85
MOVE A70 76
MOVE A71 48
MOVE A72 37
MOVE A73 10
MOVE B43 222
DAMAGE TURRET A55 2
DAMAGE COMBAT A56 6
DAMAGE COMBAT A57 2
DAMAGE COMBAT B41 1
DAMAGE COMBAT B42 2
DAMAGE COMBAT B43 1
END TURN 194
TURN 195
COMMAND LEFT START
MOVE A27 142
MOVE A74 111
COMMAND LEFT END
COMMAND RIGHT START
COMMAND RIGHT END
TURN 195 RESULT
TIME LEFT 6 5 RIGHT 5 5
MOVE A27 131
MOVE A69 105
MOVE A70 85
MOVE A71 60
MOVE A72 48
MOVE A73 26
MOVE A74 10
DAMAGE TURRET A57 2
DAMAGE COMBAT A57 2
DAMAGE COMBAT A58 4
DAMAGE COMBAT B42 2
END TURN 195
TURN 196
COMMAND LEFT START
TRAIN 1
COMMAND LEFT END
COMMAND RIGHT START
COMMAND RIGHT END
TURN 196 RESULT
TIME LEFT 2 5 RIGHT 0 5
TRAIN A75
MOVE A27 142
MOVE A69 111
MOVE A70 105
MOVE A71 76
MOVE A72 60
MOVE A73 37
MOVE A74 26
DAMAGE TURRET A58 2
DAMAGE COMBAT B42 1
END TURN 196
TURN 197
COMMAND LEFT START
MOVE A27 201
MOVE A75 111
TRAIN 1
COMMAND LEFT END
COMMAND RIGHT START
MOVE B42 191
MOVE B44 191
MOVE B48 191
COMMAND RIGHT END
TURN 197 RESULT
TIME LEFT 2 5 RIGHT 0 5
TRAIN A76
MOVE A27 153
MOVE A70 111
MOVE A71 85
MOVE A72 76
MOVE A73 48
MOVE A74 37
MOVE A75 10
MOVE B42 221
MOVE B44 221
MOVE B48 221
END TURN 197
TURN 198
COMMAND LEFT START
MOVE A76 111
TRAIN 1
COMMAND LEFT END
COMMAND RIGHT START
MOVE B49 191
TRAIN 1
COMMAND RIGHT END
TURN 198 RESULT
TIME LEFT 2 5 RIGHT 0 5
TRAIN A77 B52
MOVE A27 163
MOVE A71 105
MOVE A72 85
MOVE A73 60
MOVE A74 48
MOVE A75 26
MOVE A76 10
MOVE B42 211
MOVE B44 211
MOVE B48 211
MOVE B49 221
END TURN 198
TURN 199
COMMAND LEFT START
MOVE A77 111
COMMAND LEFT END
COMMAND RIGHT START
MOVE B50 191
COMMAND RIGHT END
TURN 199 RESULT
TIME LEFT 2 5 RIGHT 0 5
MOVE A27 186
MOVE A71 111
MOVE A72 105
MOVE A73 76
MOVE A74 60
MOVE A75 37
MOVE A76 26
MOVE A77 10
MOVE B42 204
MOVE B44 204
MOVE B48 204
MOVE B49 211
MOVE B50 221
END TURN 199
TURN 200
COMMAND LEFT START
TRAIN 1
COMMAND LEFT END
COMMAND RIGHT START
MOVE B51 191
COMMAND RIGHT END
TURN 200 RESULT
TIME LEFT 1 5 RIGHT 0 5
TRAIN A78
MOVE A27 188
MOVE A72 111
MOVE A73 85
MOVE A74 76
MOVE A75 48
MOVE A76 37
MOVE A77 26
MOVE B42 191
MOVE B44 191
MOVE B48 191
MOVE B49 204
MOVE B50 211
MOVE B51 221
END TURN 200
TURN 201
COMMAND LEFT START
MOVE A78 111
TRAIN 1
COMMAND LEFT END
COMMAND RIGHT START
TRAIN 1
COMMAND RIGHT END
TURN 201 RESULT
TIME LEFT 2 5 RIGHT 0 5
TRAIN A79 B53
MOVE A27 201
MOVE A73 105
MOVE A74 85
MOVE A75 60
MOVE A76 48
MOVE A77 37
MOVE A78 10
MOVE B49 191
MOVE B50 204
MOVE B51 211
END TURN 201
TURN 202
COMMAND LEFT START
MOVE A27 111
MOVE A79 111
TRAIN 1
COMMAND LEFT END
COMMAND RIGHT START
MOVE B42 222
COMMAND RIGHT END
TURN 202 RESULT
TIME LEFT 2 5 RIGHT 0 5
TRAIN A80
MOVE A27 188
MOVE A73 111
MOVE A74 105
MOVE A75 76
MOVE A76 60
MOVE A77 48
MOVE A78 26
MOVE A79 10
MOVE B42 204
MOVE B50 191
MOVE B51 204
END TURN 202
TURN 203
COMMAND LEFT START
MOVE A59 142
MOVE A80 111
COMMAND LEFT END
COMMAND RIGHT START
COMMAND RIGHT END
TURN 203 RESULT
TIME LEFT 2 5 RIGHT 0 5
MOVE A27 177
MOVE A59 123
MOVE A74 111
MOVE A75 85
MOVE A76 76
MOVE A77 60
MOVE A78 37
MOVE A79 26
MOVE A80 10
MOVE B42 211
MOVE B51 191
END TURN 203
TURN 204
COMMAND LEFT START
MOVE A60 222
MOVE A61 222
MOVE A62 222
MOVE A63 222
MOVE A64 222
MOVE A65 222
MOVE A66 222
MOVE A67 222
MOVE A68 222
MOVE A69 222
MOVE A70 222
MOVE A71 222
MOVE A72 222
MOVE A73 222
MOVE A74 222
COMMAND LEFT END
COMMAND RIGHT START
COMMAND RIGHT END
TURN 204 RESULT
TIME LEFT 5 5 RIGHT 0 5
MOVE A27 161
MOVE A59 131
MOVE A60 117
MOVE A61 117
MOVE A62 117
MOVE A63 117
MOVE A64 117
MOVE A65 117
MOVE A66 117
MOVE A67 117
MOVE A68 117
MOVE A69 117
MOVE A70 117
MOVE A71 117
MOVE A72 117
MOVE A73 117
MOVE A74 117
MOVE A75 105
MOVE A76 85
MOVE A77 76
MOVE A78 48
MOVE A79 37
MOVE A80 26
MOVE B42 221
END TURN 204
TURN 205
COMMAND LEFT START
COMMAND LEFT END
COMMAND RIGHT START
COMMAND RIGHT END
TURN 205 RESULT
TIME LEFT 1 5 RIGHT 0 5
MOVE A27 146
MOVE A59 142
MOVE A60 137
MOVE A61 137
MOVE A62 137
MOVE A63 137
MOVE A64 137
MOVE A65 137
MOVE A66 137
MOVE A67 137
MOVE A68 137
MOVE A69 137
MOVE A70 137
MOVE A71 137
MOVE A72 137
MOVE A73 137
MOVE A74 137
MOVE A75 111
MOVE A76 105
MOVE A77 85
MOVE A78 60
MOVE A79 48
MOVE A80 37
MOVE B42 222
END TURN 205
TURN 206
COMMAND LEFT START
MOVE A59 159
TRAIN 1
COMMAND LEFT END
COMMAND RIGHT START
COMMAND RIGHT END
TURN 206 RESULT
TIME LEFT 2 5 RIGHT 0 5
TRAIN A81
MOVE A27 137
MOVE A59 158
MOVE A60 146
MOVE A61 146
MOVE A62 146
MOVE A63 146
MOVE A64 146
MOVE A65 146
MOVE A66 146
MOVE A67 146
MOVE A68 146
MOVE A69 146
MOVE A70 146
MOVE A71 146
MOVE A72 146
MOVE A73 146
MOVE A74 146
MOVE A76 111
MOVE A77 105
MOVE A78 76
MOVE A79 60
MOVE A80 48
END TURN 206
TURN 207
COMMAND LEFT START
MOVE A81 111
TRAIN 1
COMMAND LEFT END
COMMAND RIGHT START
COMMAND RIGHT END
TURN 207 RESULT
TIME LEFT 1 5 RIGHT 0 5
TRAIN A82
MOVE A27 117
MOVE A59 170
MOVE A60 162
MOVE A61 162
MOVE A62 162
MOVE A63 162
MOVE A64 162
MOVE A65 162
MOVE A66 162
MOVE A67 162
MOVE A68 162
MOVE A69 162
MOVE A70 162
MOVE A71 162
MOVE A72 162
MOVE A73 162
MOVE A74 162
MOVE A77 111
MOVE A78 85
MOVE A79 76
MOVE A80 60
MOVE A81 10
END TURN 207
TURN 208
COMMAND LEFT START
MOVE A82 111
COMMAND LEFT END
COMMAND RIGHT START
COMMAND RIGHT END
TURN 208 RESULT
TIME LEFT 1 5 RIGHT 0 5
MOVE A27 111
MOVE A59 166
MOVE A60 174
MOVE A61 174
MOVE A62 174
MOVE A63 174
MOVE A64 174
MOVE A65 174
MOVE A66 174
MOVE A67 174
MOVE A68 174
MOVE A69 174
MOVE A70 174
MOVE A71 174
MOVE A72 174
MOVE A73 174
MOVE A74 174
MOVE A78 105
MOVE A79 85
MOVE A80 76
MOVE A81 26
MOVE A82 10
END TURN 208
TURN 209
COMMAND LEFT START
TRAIN 1
COMMAND LEFT END
COMMAND RIGHT START
MOVE B51 185
COMMAND RIGHT END
TURN 209 RESULT
TIME LEFT 2 5 RIGHT 0 5
TRAIN A83
MOVE A59 159
MOVE A60 185
MOVE A61 185
MOVE A62 185
MOVE A63 185
MOVE A64 185
MOVE A65 185
MOVE A66 185
MOVE A67 185
MOVE A68 185
MOVE A69 185
MOVE A70 185
MOVE A71 185
MOVE A72 185
MOVE A73 185
MOVE A74 185
MOVE A78 111
MOVE A79 105
MOVE A80 85
MOVE A81 37
MOVE A82 26
MOVE B51 179
END TURN 209
TURN 210
COMMAND LEFT START
MOVE A59 182
MOVE A83 111
TRAIN 1
COMMAND LEFT END
COMMAND RIGHT START
COMMAND RIGHT END
TURN 210 RESULT
TIME LEFT 1 5 RIGHT 0 5
TRAIN A84
MOVE A59 166
MOVE A60 196
MOVE A61 196
MOVE A62 196
MOVE A63 196
MOVE A64 196
MOVE A65 196
MOVE A66 196
MOVE A67 196
MOVE A68 196
MOVE A69 196
MOVE A70 196
MOVE A71 196
MOVE A72 196
MOVE A73 196
MOVE A74 196
MOVE A79 111
MOVE A80 105
MOVE A81 48
MOVE A82 37
MOVE A83 10
MOVE B51 187
END TURN 210
TURN 211
COMMAND LEFT START
MOVE A84 111
COMMAND LEFT END
COMMAND RIGHT START
MOVE B44 222
MOVE B48 222
MOVE B49 222
MOVE B50 222
TRAIN 2
COMMAND RIGHT END
TURN 211 RESULT
TIME LEFT 1 5 RIGHT 0 5
TRAIN B54 B55
MOVE A59 182
MOVE A60 212
MOVE A61 212
MOVE A62 212
MOVE A63 212
MOVE A64 212
MOVE A65 212
MOVE A66 212
MOVE A67 212
MOVE A68 212
MOVE A69 212
MOVE A70 212
MOVE A71 212
MOVE A72 212
MOVE A73 212
MOVE A74 212
MOVE A80 111
MOVE A81 60
MOVE A82 48
MOVE A83 26
MOVE A84 10
MOVE B44 204
MOVE B48 204
MOVE B49 204
MOVE B50 204
MOVE B51 192
END TURN 211
TURN 212
COMMAND LEFT START
MOVE A59 187
TRAIN 1
COMMAND LEFT END
COMMAND RIGHT START
TRAIN 2
COMMAND RIGHT END
TURN 212 RESULT
TIME LEFT 3 5 RIGHT 0 5
TRAIN A85 B56 B57
MOVE A59 183
MOVE A60 222
MOVE A61 222
MOVE A62 222
MOVE A63 222
MOVE A64 222
MOVE A65 222
MOVE A66 222
MOVE A67 222
MOVE A68 222
MOVE A69 222
MOVE A70 222
MOVE A71 222
MOVE A72 222
MOVE A73 222
MOVE A74 222
MOVE A81 76
MOVE A82 60
MOVE A83 37
MOVE A84 26
MOVE B44 211
MOVE B48 211
MOVE B49 211
MOVE B50 211
MOVE B51 180
DAMAGE TURRET A60 2
DAMAGE COMBAT A60 4
DAMAGE COMBAT A61 3
DAMAGE COMBAT B42 1
DAMAGE COMBAT B52 6
DAMAGE COMBAT B53 6
DAMAGE COMBAT B54 2
END TURN 212
TURN 213
COMMAND LEFT START
MOVE A85 111
COMMAND LEFT END
COMMAND RIGHT START
TRAIN 2
COMMAND RIGHT END
TURN 213 RESULT
TIME LEFT 2 5 RIGHT 0 5
TRAIN B58 B59
MOVE A59 178
MOVE A81 85
MOVE A82 76
MOVE A83 48
MOVE A84 37
MOVE A85 10
MOVE B44 221
MOVE B48 221
MOVE B49 221
MOVE B50 221
MOVE B51 185
DAMAGE TURRET A61 2
DAMAGE COMBAT A61 1
DAMAGE COMBAT A62 5
DAMAGE COMBAT B54 4
DAMAGE COMBAT B55 6
DAMAGE COMBAT B56 4
END TURN 213
TURN 214
COMMAND LEFT START
TRAIN 1
COMMAND LEFT END
COMMAND RIGHT START
MOVE B51 222
COMMAND RIGHT END
TURN 214 RESULT
TIME LEFT 1 5 RIGHT 0 5
TRAIN A86
MOVE A59 186
MOVE A81 105
MOVE A82 85
MOVE A83 60
MOVE A84 48
MOVE A85 26
MOVE B44 222
MOVE B48 222
MOVE B49 222
MOVE B50 222
MOVE B51 196
DAMAGE TURRET A62 1
DAMAGE TURRET A63 1
DAMAGE COMBAT A63 5
DAMAGE COMBAT A64 3
DAMAGE COMBAT B44 6
DAMAGE COMBAT B48 5
DAMAGE COMBAT B56 2
END TURN 214
TURN 215
COMMAND LEFT START
MOVE A86 111
TRAIN 1
COMMAND LEFT END
COMMAND RIGHT START
COMMAND RIGHT END
TURN 215 RESULT
TIME LEFT 2 5 RIGHT 0 5
TRAIN A87
MOVE A59 188
MOVE A81 111
MOVE A82 105
MOVE A83 76
MOVE A84 60
MOVE A85 37
MOVE A86 10
MOVE B51 212
DAMAGE TURRET A64 2
DAMAGE COMBAT A64 1
DAMAGE COMBAT A65 5
DAMAGE COMBAT B48 1
DAMAGE COMBAT B49 6
DAMAGE COMBAT B50 4
END TURN 215
TURN 216
COMMAND LEFT START
MOVE A87 111
COMMAND LEFT END
COMMAND RIGHT START
COMMAND RIGHT END
TURN 216 RESULT
TIME LEFT 4 5 RIGHT 0 5
MOVE A59 194
MOVE A82 111
MOVE A83 85
MOVE A84 76
MOVE A85 48
MOVE A86 26
MOVE A87 10
MOVE B51 222
DAMAGE TURRET A65 1
DAMAGE TURRET A66 1
DAMAGE COMBAT A66 5
DAMAGE COMBAT B50 2
DAMAGE COMBAT B51 6
DAMAGE COMBAT B57 2
END TURN 216
TURN 217
COMMAND LEFT START
TRAIN 1
COMMAND LEFT END
COMMAND RIGHT START
TRAIN 1
COMMAND RIGHT END
TURN 217 RESULT
TIME LEFT 5 5 RIGHT 0 5
TRAIN A88 B60
MOVE A59 196
MOVE A83 105
MOVE A84 85
MOVE A85 60
MOVE A86 37
MOVE A87 26
DAMAGE TURRET A67 2
DAMAGE COMBAT A67 4
DAMAGE COMBAT B57 4
DAMAGE COMBAT B58 4
END TURN 217
TURN 218
COMMAND LEFT START
MOVE A88 111
TRAIN 1
COMMAND LEFT END
COMMAND RIGHT START
COMMAND RIGHT END
TURN 218 RESULT
TIME LEFT 2 5 RIGHT 0 5
TRAIN A89
MOVE A59 198
MOVE A83 111
MOVE A84 105
MOVE A85 76
MOVE A86 48
MOVE A87 37
MOVE A88 10
DAMAGE TURRET A68 2
DAMAGE COMBAT A68 3
DAMAGE COMBAT B58 2
DAMAGE COMBAT B59 5
END TURN 218
TURN 219
COMMAND LEFT START
MOVE A89 111
COMMAND LEFT END
COMMAND RIGHT START
COMMAND RIGHT END
TURN 219 RESULT
TIME LEFT 2 5 RIGHT 0 5
MOVE A59 192
MOVE A84 111
MOVE A85 85
MOVE A86 60
MOVE A87 48
MOVE A88 26
MOVE A89 10
DAMAGE TURRET A68 1
DAMAGE TURRET A69 1
DAMAGE COMBAT A69 2
DAMAGE COMBAT B59 1
DAMAGE COMBAT B60 6
END TURN 219
TURN 220
COMMAND LEFT START
TRAIN 1
COMMAND LEFT END
COMMAND RIGHT START
COMMAND RIGHT END
TURN 220 RESULT
TIME LEFT 2 5 RIGHT 0 5
TRAIN A90
MOVE A59 187
MOVE A85 105
MOVE A86 76
MOVE A87 60
MOVE A88 37
MOVE A89 26
DAMAGE TURRET A69 2
SIEGE B 222 6
END TURN 220
TURN 221
COMMAND LEFT START
MOVE A75 191
MOVE A76 191
MOVE A77 191
MOVE A78 191
MOVE A79 191
MOVE A80 191
MOVE A81 191
MOVE A82 191
MOVE A83 191
MOVE A84 191
MOVE A27 191
MOVE A59 111
MOVE A90 111
COMMAND LEFT END
COMMAND RIGHT START
COMMAND RIGHT END
TURN 221 RESULT
TIME LEFT 3 5 RIGHT 0 5
MOVE A27 117
MOVE A59 173
MOVE A75 117
MOVE A76 117
MOVE A77 117
MOVE A78 117
MOVE A79 117
MOVE A80 117
MOVE A81 117
MOVE A82 117
MOVE A83 117
MOVE A84 117
MOVE A85 111
MOVE A86 85
MOVE A87 76
MOVE A88 48
MOVE A89 37
MOVE A90 10
DAMAGE TURRET A69 1
DAMAGE TURRET A70 1
SIEGE B 222 6
END TURN 221
TURN 222
COMMAND LEFT START
MOVE A85 137
TRAIN 1
COMMAND LEFT END
COMMAND RIGHT START
COMMAND RIGHT END
TURN 222 RESULT
TIME LEFT 1 5 RIGHT 0 5
TRAIN A91
MOVE A27 128
MOVE A59 160
MOVE A75 128
MOVE A76 128
MOVE A77 128
MOVE A78 128
MOVE A79 128
MOVE A80 128
MOVE A81 128
MOVE A82 128
MOVE A83 128
MOVE A84 128
MOVE A85 117
MOVE A86 105
MOVE A87 85
MOVE A88 60
MOVE A89 48
MOVE A90 26
DAMAGE TURRET A70 2
SIEGE B 222 5
END TURN 222
TURN 223
COMMAND LEFT START
MOVE A91 111
COMMAND LEFT END
COMMAND RIGHT START
COMMAND RIGHT END
TURN 223 RESULT
TIME LEFT 1 5 RIGHT 0 5
MOVE A27 134
MOVE A59 145
MOVE A75 134
MOVE A76 134
MOVE A77 134
MOVE A78 134
MOVE A79 134
MOVE A80 134
MOVE A81 134
MOVE A82 134
MOVE A83 134
MOVE A84 134
MOVE A85 137
MOVE A86 111
MOVE A87 105
MOVE A88 76
MOVE A89 60
MOVE A90 37
MOVE A91 10
DAMAGE TURRET A70 2
SIEGE B 222 3
END TURN 223
RESULT LEFT_WIN HQ_DESTROYED
