[LEFT ""]
[RIGHT ""]
MAP
231 19
-10966 -10765 -10678 -10217 -9948 -8635 -9657 -8543 -9394 -8410 -8131 -8995 -8055 -7989 -7760 -8359 -8264 -7199 -7231 -7001 -7058 -7848 -7011 -6990 -6931 -6852 -6861 -6520 -6344 -6239 -6135 -6019 -6671 -5780 -5802 -6158 -5573 -5859 -5733 -5552 -5592 -5413 -5414 -5091 -4976 -5411 -4615 -4677 -4860 -4721 -4600 -4418 -4479 -4197 -4934 -4207 -4478 -4165 -3982 -3973 -4183 -4146 -4102 -4850 -3754 -3359 -3446 -3266 -3307 -3248 -3155 -3016 -3211 -2898 -2708 -3316 -2695 -2751 -2854 -2872 -2895 -2719 -2329 -2131 -2111 -2069 -2058 -1823 -1887 -1924 -1864 -1802 -1685 -1583 -1659 -1415 -1333 -1234 -1172 -1271 -984 -942 -711 -755 -715 -485 -472 -323 -571 -529 -500 -400 -121 -377 -75 0 75 377 121 400 500 529 571 323 472 485 715 755 711 942 984 1271 1172 1234 1333 1415 1659 1583 1685 1802 1864 1924 1887 1823 2058 2069 2111 2131 2329 2719 2895 2872 2854 2751 2695 3316 2708 2898 3211 3016 3155 3248 3307 3266 3446 3359 3754 4850 4102 4146 4183 3973 3982 4165 4478 4207 4934 4197 4479 4418 4600 4721 4860 4677 4615 5411 4976 5091 5414 5413 5592 5552 5733 5859 5573 6158 5802 5780 6671 6019 6135 6239 6344 6520 6861 6852 6931 6990 7011 7848 7058 7001 7231 7199 8264 8359 7760 7989 8055 8995 8131 8410 9394 8543 9657 8635 9948 10217 10678 10765 10966
351 2195 -3167 3541 -1257 236 -5335 1343 4493 -2571 -1035 5658 -3574 2315 -4636 -6231 7140 -270 3418 -1479 -2448 -7818 2119 820 -3825 -4842 5369 4475 -5655 1689 -3082 6166 8258 -4741 2535 -8269 -3899 -539 3534 4937 -6270 1229 -2227 -1198 -5358 8449 -6770 2999 214 5704 3924 4745 -3151 -4121 9757 -1107 -7992 1092 -5360 -2205 2213 7335 6381 -10018 8 8418 -7183 2643 -908 3939 -8225 7406 5149 1100 -10639 10491 -6772 6347 -3280 -5811 -4673 -1988 -479 5548 2792 -4071 -8255 -5475 10586 8411 4372 7262 -1428 -2616 1401 -7052 -9737 5763 -4019 87 6724 3630 -1290 -5199 8209 1002 -2642 10915 2141 -8142 -6292 5338 -3883 -9540 7206 0 -7206 9540 3883 -5338 6292 8142 -2141 -10915 2642 -1002 -8209 5199 1290 -3630 -6724 -87 4019 -5763 9737 7052 -1401 2616 1428 -7262 -4372 -8411 -10586 5475 8255 4071 -2792 -5548 479 1988 4673 5811 3280 -6347 6772 -10491 10639 -1100 -5149 -7406 8225 -3939 908 -2643 7183 -8418 -8 10018 -6381 -7335 -2213 2205 5360 -1092 7992 1107 -9757 4121 3151 -4745 -3924 -5704 -214 -2999 6770 -8449 5358 1198 2227 -1229 6270 -4937 -3534 539 3899 8269 -2535 4741 -8258 -6166 3082 -1689 5655 -4475 -5369 4842 3825 -820 -2119 7818 2448 1479 -3418 270 -7140 6231 4636 -2315 3574 -5658 1035 2571 -4493 -1343 5335 -236 1257 -3541 3167 -2195 -351
STRONGHOLDS 7 14 27 43 49 65 87 91 93 115 137 139 143 165 181 187 203 216 223
5 1 2 4 5 7
3 0 3 7
5 0 4 6 9 12
4 1 7 8 13
5 0 2 5 9 10
6 0 4 7 10 17 23
5 2 12 14 15 21
7 0 1 3 5 13 22 23
5 3 11 13 18 26
6 2 4 10 12 19 20
5 4 5 9 17 19
3 8 16 26
6 2 6 9 14 20 24
5 3 7 8 18 22
5 6 12 15 24 25
5 6 14 21 25 28
4 11 26 31 32
5 5 10 19 23 37
7 8 13 22 26 27 34 38
6 9 10 17 20 37 42
6 9 12 19 24 30 42
5 6 15 28 35 40
6 7 13 18 23 29 34
7 5 7 17 22 29 37 41
7 12 14 20 25 30 33 36
5 14 15 24 28 33
7 8 11 16 18 27 31 39
4 18 26 38 39
6 15 21 25 33 40 44
4 22 23 34 41
5 20 24 36 42 52
8 16 26 32 39 45 49 61 62
4 16 31 45 54
6 24 25 28 36 44 53
7 18 22 29 38 41 47 60
5 21 40 46 56 63
5 24 30 33 52 53
7 17 19 23 41 42 43 48
6 18 27 34 39 47 50
7 26 27 31 38 49 50 51
5 21 28 35 44 46
7 23 29 34 37 48 57 60
7 19 20 30 37 43 52 59
5 37 42 48 55 59
6 28 33 40 46 53 58
5 31 32 54 61 65
6 35 40 44 56 58 66
6 34 38 50 60 67 69
6 37 41 43 55 57 64
5 31 39 51 62 72
5 38 39 47 51 69
5 39 49 50 69 72
6 30 36 42 53 59 78
7 33 36 44 52 58 78 80
4 32 45 65 75
5 43 48 59 64 68
5 35 46 63 66 70
5 41 48 60 64 73
6 44 46 53 66 79 80
7 42 43 52 55 68 78 81
6 34 41 47 57 67 73
5 31 45 62 65 71
6 31 49 61 71 72 77
4 35 56 70 74
6 48 55 57 68 73 82
6 45 54 61 71 75 89
6 46 56 58 70 76 79
5 47 60 69 73 84
5 55 59 64 81 82
7 47 50 51 67 72 84 90
6 56 63 66 74 76 86
6 61 62 65 77 89 91
7 49 51 62 69 77 83 90
8 57 60 64 67 82 84 94 99
5 63 70 86 96 123
4 54 65 88 89
6 66 70 79 86 87 95
5 62 71 72 83 91
7 52 53 59 80 81 85 93
5 58 66 76 80 87
6 53 58 78 79 85 87
6 59 68 78 82 92 93
6 64 68 73 81 92 99
5 72 77 90 91 97
7 67 69 73 90 94 101 108
5 78 80 87 93 98
6 70 74 76 95 96 109
8 76 79 80 85 95 98 103 110
5 75 89 104 107 117
6 65 71 75 88 91 104
7 69 72 83 84 97 101 111
7 71 77 83 89 97 100 104
5 81 82 93 99 102
7 78 81 85 92 98 102 106
5 73 84 99 105 108
6 76 86 87 109 110 116
5 74 86 109 113 123
5 83 90 91 100 111
6 85 87 93 103 106 112
7 73 82 92 94 102 105 115
6 91 97 104 111 114 120
6 84 90 108 111 118 124
7 92 93 99 106 115 122 125
5 87 98 110 112 119
7 88 89 91 100 114 117 121
5 94 99 108 115 128
6 93 98 102 112 122 129
4 88 117 134 156
6 84 94 101 105 124 128
6 86 95 96 113 116 126
6 87 95 103 116 119 130
7 90 97 100 101 118 120 127
5 98 103 106 119 129
5 96 109 123 126 142
5 100 104 120 121 135
6 99 102 105 125 128 131
5 95 109 110 126 130
5 88 104 107 121 134
5 101 111 124 127 132
7 103 110 112 129 130 133 140
6 100 111 114 127 135 143
6 104 114 117 134 135 144
6 102 106 125 129 136 146
4 74 96 113 142
6 101 108 118 128 132 137
5 102 115 122 131 136
7 109 113 116 130 139 141 142
5 111 118 120 132 143
7 105 108 115 124 131 137 138
6 106 112 119 122 140 146
6 110 116 119 126 133 139
7 115 125 128 136 138 148 157
6 118 124 127 137 143 145
5 119 130 139 140 147
5 107 117 121 144 156
6 114 120 121 143 144 154
5 122 125 131 146 157
7 124 128 132 138 145 149 152
5 128 131 137 148 149
7 126 130 133 141 147 153 159
7 119 129 133 146 147 158 161
6 126 139 142 155 159 165
5 113 123 126 141 155
8 120 127 132 135 145 150 151 154
6 121 134 135 154 156 160
5 132 137 143 150 152
7 122 129 136 140 157 161 163
5 133 139 140 153 158
6 131 138 149 157 162 166
6 137 138 148 152 162 171
6 143 145 151 152 172 177
5 143 150 154 164 172
7 137 145 149 150 171 177 178
5 139 147 158 159 168
6 135 143 144 151 160 164
4 141 142 165 176
5 107 134 144 160 167
8 131 136 146 148 163 166 170 173
7 140 147 153 161 168 179 181
6 139 141 153 165 168 169
6 144 154 156 164 167 174
7 140 146 158 163 179 180 183
5 148 149 166 171 175
5 146 157 161 170 183
6 151 154 160 172 174 184
6 141 155 159 169 176 185
6 148 157 162 173 175 182
4 156 160 174 195
6 153 158 159 169 181 199
5 159 165 168 185 199
6 157 163 173 183 189 196
7 149 152 162 175 178 187 188
6 150 151 164 177 184 186
5 157 166 170 182 189
5 160 164 167 184 195
5 162 166 171 182 187
4 155 165 185 198
7 150 152 172 178 186 194 197
6 152 171 177 188 194 200
5 158 161 180 181 191
5 161 179 183 191 192
5 158 168 179 191 199
6 166 173 175 187 189 193
6 161 163 170 180 192 196
6 164 172 174 186 190 195
5 165 169 176 198 199
6 172 177 184 190 197 202
5 171 175 182 188 193
7 171 178 187 193 200 210 211
7 170 173 182 193 196 201 207
5 184 186 195 202 209
7 179 180 181 192 199 203 204
6 180 183 191 196 203 212
7 182 187 188 189 207 211 213
5 177 178 197 200 206
5 167 174 184 190 209
7 170 183 189 192 201 208 212
6 177 186 194 202 205 206
4 176 185 199 214
8 168 169 181 185 191 198 204 214
5 178 188 194 206 210
4 189 196 207 208
6 186 190 197 205 209 215
4 191 192 204 212
7 191 199 203 212 214 219 222
5 197 202 206 215 216
7 194 197 200 205 210 216 218
7 189 193 201 208 213 223 225
6 196 201 207 212 217 223
5 190 195 202 215 224
6 188 200 206 211 218 221
6 188 193 210 213 220 221
7 192 196 203 204 208 217 222
5 193 207 211 220 225
4 198 199 204 219
5 202 205 209 216 224
5 205 206 215 218 224
5 208 212 222 223 227
6 206 210 216 221 224 228
3 204 214 222
5 211 213 221 225 226
6 210 211 218 220 226 228
5 204 212 217 219 227
7 207 208 217 225 227 229 230
5 209 215 216 218 228
6 207 213 220 223 226 230
5 220 221 225 228 230
4 217 222 223 229
5 218 221 224 226 230
3 223 227 230
5 223 225 226 228 229
END MAP
TURN 1
COMMAND LEFT START
MOVE A1 7
MOVE A2 115
COMMAND LEFT END
COMMAND RIGHT START
MOVE B2 223
UPGRADE 230
COMMAND RIGHT END
TURN 1 RESULT
TIME LEFT 1 5 RIGHT 13 5
UPGRADE B 230
MOVE A1 7
MOVE A2 5
MOVE B2 223
END TURN 1
TURN 2
COMMAND LEFT START
UPGRADE 7
COMMAND LEFT END
COMMAND RIGHT START
MOVE B2 230
COMMAND RIGHT END
TURN 2 RESULT
TIME LEFT 0 5 RIGHT 1 5
UPGRADE A 7
MOVE A2 23
MOVE B2 230
END TURN 2
TURN 3
COMMAND LEFT START
COMMAND LEFT END
COMMAND RIGHT START
MOVE B2 223
COMMAND RIGHT END
TURN 3 RESULT
TIME LEFT 0 5 RIGHT 5 5
MOVE A2 41
MOVE B2 223
END TURN 3
TURN 4
COMMAND LEFT START
COMMAND LEFT END
COMMAND RIGHT START
MOVE B2 230
COMMAND RIGHT END
TURN 4 RESULT
TIME LEFT 0 5 RIGHT 1 5
MOVE A2 57
MOVE B2 230
END TURN 4
TURN 5
COMMAND LEFT START
COMMAND LEFT END
COMMAND RIGHT START
MOVE B2 223
COMMAND RIGHT END
TURN 5 RESULT
TIME LEFT 0 5 RIGHT 4 5
MOVE A2 73
MOVE B2 223
END TURN 5
TURN 6
COMMAND LEFT START
COMMAND LEFT END
COMMAND RIGHT START
MOVE B2 230
COMMAND RIGHT END
TURN 6 RESULT
TIME LEFT 0 5 RIGHT 1 5
MOVE A2 99
MOVE B2 230
END TURN 6
TURN 7
COMMAND LEFT START
COMMAND LEFT END
COMMAND RIGHT START
MOVE B2 223
COMMAND RIGHT END
TURN 7 RESULT
TIME LEFT 0 5 RIGHT 4 5
MOVE A2 115
MOVE B2 223
END TURN 7
TURN 8
COMMAND LEFT START
COMMAND LEFT END
COMMAND RIGHT START
MOVE B2 230
COMMAND RIGHT END
TURN 8 RESULT
TIME LEFT 0 5 RIGHT 1 5
MOVE B2 230
END TURN 8
TURN 9
COMMAND LEFT START
COMMAND LEFT END
COMMAND RIGHT START
MOVE B2 223
COMMAND RIGHT END
TURN 9 RESULT
TIME LEFT 0 5 RIGHT 4 5
MOVE B2 223
END TURN 9
TURN 10
COMMAND LEFT START
COMMAND LEFT END
COMMAND RIGHT START
MOVE B2 230
COMMAND RIGHT END
TURN 10 RESULT
TIME LEFT 0 5 RIGHT 1 5
MOVE B2 230
END TURN 10
TURN 11
COMMAND LEFT START
COMMAND LEFT END
COMMAND RIGHT START
MOVE B2 223
COMMAND RIGHT END
TURN 11 RESULT
TIME LEFT 0 5 RIGHT 3 5
MOVE B2 223
END TURN 11
TURN 12
COMMAND LEFT START
COMMAND LEFT END
COMMAND RIGHT START
MOVE B2 230
COMMAND RIGHT END
TURN 12 RESULT
TIME LEFT 0 5 RIGHT 0 5
MOVE B2 230
END TURN 12
TURN 13
COMMAND LEFT START
UPGRADE 115
COMMAND LEFT END
COMMAND RIGHT START
MOVE B2 223
COMMAND RIGHT END
TURN 13 RESULT
TIME LEFT 0 5 RIGHT 3 5
UPGRADE A 115
MOVE B2 223
END TURN 13
TURN 14
COMMAND LEFT START
COMMAND LEFT END
COMMAND RIGHT START
MOVE B2 230
COMMAND RIGHT END
TURN 14 RESULT
TIME LEFT 0 5 RIGHT 0 5
MOVE B2 230
END TURN 14
TURN 15
COMMAND LEFT START
COMMAND LEFT END
COMMAND RIGHT START
MOVE B2 223
COMMAND RIGHT END
TURN 15 RESULT
TIME LEFT 0 5 RIGHT 2 5
MOVE B2 223
END TURN 15
TURN 16
COMMAND LEFT START
TRAIN 1
COMMAND LEFT END
COMMAND RIGHT START
MOVE B2 230
COMMAND RIGHT END
TURN 16 RESULT
TIME LEFT 0 5 RIGHT 0 5
TRAIN A4
MOVE B2 230
END TURN 16
TURN 17
COMMAND LEFT START
COMMAND LEFT END
COMMAND RIGHT START
MOVE B2 223
COMMAND RIGHT END
TURN 17 RESULT
TIME LEFT 0 5 RIGHT 2 5
MOVE B2 223
END TURN 17
TURN 18
COMMAND LEFT START
COMMAND LEFT END
COMMAND RIGHT START
MOVE B2 230
COMMAND RIGHT END
TURN 18 RESULT
TIME LEFT 0 5 RIGHT 0 5
MOVE B2 230
END TURN 18
TURN 19
COMMAND LEFT START
COMMAND LEFT END
COMMAND RIGHT START
MOVE B2 223
COMMAND RIGHT END
TURN 19 RESULT
TIME LEFT 0 5 RIGHT 3 5
MOVE B2 223
END TURN 19
TURN 20
COMMAND LEFT START
COMMAND LEFT END
COMMAND RIGHT START
UPGRADE 223
COMMAND RIGHT END
TURN 20 RESULT
TIME LEFT 0 5 RIGHT 0 5
UPGRADE B 223
END TURN 20
TURN 21
COMMAND LEFT START
COMMAND LEFT END
COMMAND RIGHT START
MOVE B3 223
COMMAND RIGHT END
TURN 21 RESULT
TIME LEFT 0 5 RIGHT 6 5
MOVE B3 223
END TURN 21
TURN 22
COMMAND LEFT START
COMMAND LEFT END
COMMAND RIGHT START
COMMAND RIGHT END
TURN 22 RESULT
TIME LEFT 0 5 RIGHT 5 5
END TURN 22
TURN 23
COMMAND LEFT START
COMMAND LEFT END
COMMAND RIGHT START
COMMAND RIGHT END
TURN 23 RESULT
TIME LEFT 0 5 RIGHT 5 5
END TURN 23
TURN 24
COMMAND LEFT START
COMMAND LEFT END
COMMAND RIGHT START
COMMAND RIGHT END
TURN 24 RESULT
TIME LEFT 0 5 RIGHT 5 5
END TURN 24
TURN 25
COMMAND LEFT START
COMMAND LEFT END
COMMAND RIGHT START
COMMAND RIGHT END
TURN 25 RESULT
TIME LEFT 0 5 RIGHT 5 5
END TURN 25
TURN 26
COMMAND LEFT START
MOVE A3 14
COMMAND LEFT END
COMMAND RIGHT START
COMMAND RIGHT END
TURN 26 RESULT
TIME LEFT 0 5 RIGHT 5 5
MOVE A3 4
END TURN 26
TURN 27
COMMAND LEFT START
COMMAND LEFT END
COMMAND RIGHT START
COMMAND RIGHT END
TURN 27 RESULT
TIME LEFT 0 5 RIGHT 5 5
MOVE A3 9
END TURN 27
TURN 28
COMMAND LEFT START
COMMAND LEFT END
COMMAND RIGHT START
COMMAND RIGHT END
TURN 28 RESULT
TIME LEFT 0 5 RIGHT 5 5
MOVE A3 12
END TURN 28
TURN 29
COMMAND LEFT START
COMMAND LEFT END
COMMAND RIGHT START
COMMAND RIGHT END
TURN 29 RESULT
TIME LEFT 0 5 RIGHT 5 5
MOVE A3 14
END TURN 29
TURN 30
COMMAND LEFT START
UPGRADE 14
COMMAND LEFT END
COMMAND RIGHT START
COMMAND RIGHT END
TURN 30 RESULT
TIME LEFT 0 5 RIGHT 5 5
UPGRADE A 14
END TURN 30
TURN 31
COMMAND LEFT START
COMMAND LEFT END
COMMAND RIGHT START
COMMAND RIGHT END
TURN 31 RESULT
TIME LEFT 0 5 RIGHT 5 5
END TURN 31
TURN 32
COMMAND LEFT START
COMMAND LEFT END
COMMAND RIGHT START
COMMAND RIGHT END
TURN 32 RESULT
TIME LEFT 0 5 RIGHT 5 5
END TURN 32
TURN 33
COMMAND LEFT START
TRAIN 1
COMMAND LEFT END
COMMAND RIGHT START
COMMAND RIGHT END
TURN 33 RESULT
TIME LEFT 0 5 RIGHT 5 5
TRAIN A5
END TURN 33
TURN 34
COMMAND LEFT START
COMMAND LEFT END
COMMAND RIGHT START
COMMAND RIGHT END
TURN 34 RESULT
TIME LEFT 0 5 RIGHT 5 5
END TURN 34
TURN 35
COMMAND LEFT START
COMMAND LEFT END
COMMAND RIGHT START
COMMAND RIGHT END
TURN 35 RESULT
TIME LEFT 0 5 RIGHT 5 5
END TURN 35
TURN 36
COMMAND LEFT START
COMMAND LEFT END
COMMAND RIGHT START
COMMAND RIGHT END
TURN 36 RESULT
TIME LEFT 0 5 RIGHT 5 5
END TURN 36
TURN 37
COMMAND LEFT START
COMMAND LEFT END
COMMAND RIGHT START
COMMAND RIGHT END
TURN 37 RESULT
TIME LEFT 0 5 RIGHT 5 5
END TURN 37
TURN 38
COMMAND LEFT START
COMMAND LEFT END
COMMAND RIGHT START
COMMAND RIGHT END
TURN 38 RESULT
TIME LEFT 0 5 RIGHT 5 5
END TURN 38
TURN 39
COMMAND LEFT START
MOVE A5 27
COMMAND LEFT END
COMMAND RIGHT START
COMMAND RIGHT END
TURN 39 RESULT
TIME LEFT 0 5 RIGHT 5 5
MOVE A5 7
END TURN 39
TURN 40
COMMAND LEFT START
COMMAND LEFT END
COMMAND RIGHT START
COMMAND RIGHT END
TURN 40 RESULT
TIME LEFT 0 5 RIGHT 5 5
MOVE A5 13
END TURN 40
TURN 41
COMMAND LEFT START
COMMAND LEFT END
COMMAND RIGHT START
COMMAND RIGHT END
TURN 41 RESULT
TIME LEFT 0 5 RIGHT 5 5
MOVE A5 18
END TURN 41
TURN 42
COMMAND LEFT START
COMMAND LEFT END
COMMAND RIGHT START
COMMAND RIGHT END
TURN 42 RESULT
TIME LEFT 0 5 RIGHT 5 5
MOVE A5 27
END TURN 42
TURN 43
COMMAND LEFT START
UPGRADE 27
COMMAND LEFT END
COMMAND RIGHT START
COMMAND RIGHT END
TURN 43 RESULT
TIME LEFT 0 5 RIGHT 5 5
UPGRADE A 27
END TURN 43
TURN 44
COMMAND LEFT START
COMMAND LEFT END
COMMAND RIGHT START
COMMAND RIGHT END
TURN 44 RESULT
TIME LEFT 0 5 RIGHT 5 5
END TURN 44
TURN 45
COMMAND LEFT START
TRAIN 1
COMMAND LEFT END
COMMAND RIGHT START
COMMAND RIGHT END
TURN 45 RESULT
TIME LEFT 0 5 RIGHT 5 5
TRAIN A6
END TURN 45
TURN 46
COMMAND LEFT START
COMMAND LEFT END
COMMAND RIGHT START
COMMAND RIGHT END
TURN 46 RESULT
TIME LEFT 4 5 RIGHT 10 5
END TURN 46
TURN 47
COMMAND LEFT START
COMMAND LEFT END
COMMAND RIGHT START
MOVE B1 223
TRAIN 1
COMMAND RIGHT END
TURN 47 RESULT
TIME LEFT 0 5 RIGHT 5 5
TRAIN B4
MOVE B1 223
END TURN 47
TURN 48
COMMAND LEFT START
COMMAND LEFT END
COMMAND RIGHT START
UPGRADE 223
COMMAND RIGHT END
TURN 48 RESULT
TIME LEFT 0 5 RIGHT 0 5
UPGRADE B 223
END TURN 48
TURN 49
COMMAND LEFT START
COMMAND LEFT END
COMMAND RIGHT START
COMMAND RIGHT END
TURN 49 RESULT
TIME LEFT 0 5 RIGHT 6 5
END TURN 49
TURN 50
COMMAND LEFT START
COMMAND LEFT END
COMMAND RIGHT START
COMMAND RIGHT END
TURN 50 RESULT
TIME LEFT 0 5 RIGHT 6 5
END TURN 50
TURN 51
COMMAND LEFT START
COMMAND LEFT END
COMMAND RIGHT START
COMMAND RIGHT END
TURN 51 RESULT
TIME LEFT 0 5 RIGHT 6 5
END TURN 51
TURN 52
COMMAND LEFT START
COMMAND LEFT END
COMMAND RIGHT START
COMMAND RIGHT END
TURN 52 RESULT
TIME LEFT 0 5 RIGHT 9 5
END TURN 52
TURN 53
COMMAND LEFT START
COMMAND LEFT END
COMMAND RIGHT START
COMMAND RIGHT END
TURN 53 RESULT
TIME LEFT 0 5 RIGHT 6 5
END TURN 53
TURN 54
COMMAND LEFT START
UPGRADE 0
COMMAND LEFT END
COMMAND RIGHT START
COMMAND RIGHT END
TURN 54 RESULT
TIME LEFT 0 5 RIGHT 6 5
UPGRADE A 0
END TURN 54
TURN 55
COMMAND LEFT START
COMMAND LEFT END
COMMAND RIGHT START
COMMAND RIGHT END
TURN 55 RESULT
TIME LEFT 0 5 RIGHT 6 5
END TURN 55
TURN 56
COMMAND LEFT START
COMMAND LEFT END
COMMAND RIGHT START
COMMAND RIGHT END
TURN 56 RESULT
TIME LEFT 0 5 RIGHT 6 5
END TURN 56
TURN 57
COMMAND LEFT START
COMMAND LEFT END
COMMAND RIGHT START
COMMAND RIGHT END
TURN 57 RESULT
TIME LEFT 0 5 RIGHT 6 5
END TURN 57
TURN 58
COMMAND LEFT START
COMMAND LEFT END
COMMAND RIGHT START
COMMAND RIGHT END
TURN 58 RESULT
TIME LEFT 0 5 RIGHT 5 5
END TURN 58
TURN 59
COMMAND LEFT START
COMMAND LEFT END
COMMAND RIGHT START
COMMAND RIGHT END
TURN 59 RESULT
TIME LEFT 0 5 RIGHT 5 5
END TURN 59
TURN 60
COMMAND LEFT START
COMMAND LEFT END
COMMAND RIGHT START
COMMAND RIGHT END
TURN 60 RESULT
TIME LEFT 0 5 RIGHT 5 5
END TURN 60
TURN 61
COMMAND LEFT START
UPGRADE 7
COMMAND LEFT END
COMMAND RIGHT START
COMMAND RIGHT END
TURN 61 RESULT
TIME LEFT 0 5 RIGHT 5 5
UPGRADE A 7
END TURN 61
TURN 62
COMMAND LEFT START
COMMAND LEFT END
COMMAND RIGHT START
COMMAND RIGHT END
TURN 62 RESULT
TIME LEFT 1 5 RIGHT 5 5
END TURN 62
TURN 63
COMMAND LEFT START
TRAIN 1
COMMAND LEFT END
COMMAND RIGHT START
COMMAND RIGHT END
TURN 63 RESULT
TIME LEFT 0 5 RIGHT 6 5
TRAIN A7
END TURN 63
TURN 64
COMMAND LEFT START
MOVE A4 7
COMMAND LEFT END
COMMAND RIGHT START
COMMAND RIGHT END
TURN 64 RESULT
TIME LEFT 0 5 RIGHT 6 5
MOVE A4 7
END TURN 64
TURN 65
COMMAND LEFT START
COMMAND LEFT END
COMMAND RIGHT START
COMMAND RIGHT END
TURN 65 RESULT
TIME LEFT 0 5 RIGHT 6 5
END TURN 65
TURN 66
COMMAND LEFT START
COMMAND LEFT END
COMMAND RIGHT START
MOVE B4 223
TRAIN 1
COMMAND RIGHT END
TURN 66 RESULT
TIME LEFT 0 5 RIGHT 6 5
TRAIN B5
MOVE B4 223
END TURN 66
TURN 67
COMMAND LEFT START
COMMAND LEFT END
COMMAND RIGHT START
UPGRADE 223
COMMAND RIGHT END
TURN 67 RESULT
TIME LEFT 0 5 RIGHT 0 5
UPGRADE B 223
END TURN 67
TURN 68
COMMAND LEFT START
COMMAND LEFT END
COMMAND RIGHT START
COMMAND RIGHT END
TURN 68 RESULT
TIME LEFT 0 5 RIGHT 8 5
END TURN 68
TURN 69
COMMAND LEFT START
COMMAND LEFT END
COMMAND RIGHT START
COMMAND RIGHT END
TURN 69 RESULT
TIME LEFT 0 5 RIGHT 7 5
END TURN 69
TURN 70
COMMAND LEFT START
COMMAND LEFT END
COMMAND RIGHT START
COMMAND RIGHT END
TURN 70 RESULT
TIME LEFT 0 5 RIGHT 7 5
END TURN 70
TURN 71
COMMAND LEFT START
COMMAND LEFT END
COMMAND RIGHT START
COMMAND RIGHT END
TURN 71 RESULT
TIME LEFT 0 5 RIGHT 7 5
END TURN 71
TURN 72
COMMAND LEFT START
COMMAND LEFT END
COMMAND RIGHT START
COMMAND RIGHT END
TURN 72 RESULT
TIME LEFT 3 5 RIGHT 11 5
END TURN 72
TURN 73
COMMAND LEFT START
COMMAND LEFT END
COMMAND RIGHT START
COMMAND RIGHT END
TURN 73 RESULT
TIME LEFT 0 5 RIGHT 7 5
END TURN 73
TURN 74
COMMAND LEFT START
UPGRADE 0
COMMAND LEFT END
COMMAND RIGHT START
COMMAND RIGHT END
TURN 74 RESULT
TIME LEFT 0 5 RIGHT 7 5
UPGRADE A 0
END TURN 74
TURN 75
COMMAND LEFT START
TRAIN 1
COMMAND LEFT END
COMMAND RIGHT START
MOVE B4 187
COMMAND RIGHT END
TURN 75 RESULT
TIME LEFT 0 5 RIGHT 7 5
TRAIN A8
MOVE B4 207
END TURN 75
TURN 76
COMMAND LEFT START
COMMAND LEFT END
COMMAND RIGHT START
COMMAND RIGHT END
TURN 76 RESULT
TIME LEFT 0 5 RIGHT 8 5
MOVE B4 193
END TURN 76
TURN 77
COMMAND LEFT START
COMMAND LEFT END
COMMAND RIGHT START
COMMAND RIGHT END
TURN 77 RESULT
TIME LEFT 0 5 RIGHT 8 5
MOVE B4 187
END TURN 77
TURN 78
COMMAND LEFT START
COMMAND LEFT END
COMMAND RIGHT START
UPGRADE 187
COMMAND RIGHT END
TURN 78 RESULT
TIME LEFT 0 5 RIGHT 8 5
UPGRADE B 187
END TURN 78
TURN 79
COMMAND LEFT START
COMMAND LEFT END
COMMAND RIGHT START
COMMAND RIGHT END
TURN 79 RESULT
TIME LEFT 0 5 RIGHT 14 5
END TURN 79
TURN 80
COMMAND LEFT START
COMMAND LEFT END
COMMAND RIGHT START
MOVE B4 10
COMMAND RIGHT END
TURN 80 RESULT
TIME LEFT 0 5 RIGHT 13 5
MOVE B4 175
END TURN 80
TURN 81
COMMAND LEFT START
UPGRADE 14
COMMAND LEFT END
COMMAND RIGHT START
MOVE B1 155
MOVE B5 187
TRAIN 1
COMMAND RIGHT END
TURN 81 RESULT
TIME LEFT 0 5 RIGHT 15 5
UPGRADE A 14
TRAIN B6
MOVE B1 217
MOVE B4 162
MOVE B5 225
END TURN 81
TURN 82
COMMAND LEFT START
TRAIN 1
COMMAND LEFT END
COMMAND RIGHT START
COMMAND RIGHT END
TURN 82 RESULT
TIME LEFT 0 5 RIGHT 18 5
TRAIN A9
MOVE B1 212
MOVE B4 148
MOVE B5 213
END TURN 82
TURN 83
COMMAND LEFT START
MOVE A6 14
COMMAND LEFT END
COMMAND RIGHT START
COMMAND RIGHT END
TURN 83 RESULT
TIME LEFT 0 5 RIGHT 14 5
MOVE A6 4
MOVE B1 204
MOVE B4 131
MOVE B5 193
END TURN 83
TURN 84
COMMAND LEFT START
COMMAND LEFT END
COMMAND RIGHT START
COMMAND RIGHT END
TURN 84 RESULT
TIME LEFT 0 5 RIGHT 14 5
MOVE A6 9
MOVE B1 199
MOVE B4 115
MOVE B5 187
DAMAGE TURRET B4 1
DAMAGE COMBAT A2 1
DAMAGE COMBAT B4 1
END TURN 84
TURN 85
COMMAND LEFT START
COMMAND LEFT END
COMMAND RIGHT START
COMMAND RIGHT END
TURN 85 RESULT
TIME LEFT 0 5 RIGHT 14 5
MOVE A6 12
MOVE B1 185
DAMAGE TURRET B4 1
DAMAGE COMBAT A2 1
DAMAGE COMBAT B4 1
END TURN 85
TURN 86
COMMAND LEFT START
COMMAND LEFT END
COMMAND RIGHT START
COMMAND RIGHT END
TURN 86 RESULT
TIME LEFT 0 5 RIGHT 14 5
MOVE A6 14
MOVE B1 176
DAMAGE TURRET B4 1
DAMAGE COMBAT A2 1
END TURN 86
TURN 87
COMMAND LEFT START
UPGRADE 27
COMMAND LEFT END
COMMAND RIGHT START
MOVE B5 10
MOVE B6 187
TRAIN 1
COMMAND RIGHT END
TURN 87 RESULT
TIME LEFT 0 5 RIGHT 16 5
UPGRADE A 27
TRAIN B7
MOVE B1 155
MOVE B5 175
MOVE B6 225
END TURN 87
TURN 88
COMMAND LEFT START
TRAIN 1
COMMAND LEFT END
COMMAND RIGHT START
MOVE B7 187
TRAIN 1
COMMAND RIGHT END
TURN 88 RESULT
TIME LEFT 0 5 RIGHT 17 5
TRAIN A10 B8
MOVE B5 162
MOVE B6 213
MOVE B7 225
END TURN 88
TURN 89
COMMAND LEFT START
MOVE A7 27
COMMAND LEFT END
COMMAND RIGHT START
COMMAND RIGHT END
TURN 89 RESULT
TIME LEFT 0 5 RIGHT 16 5
MOVE A7 7
MOVE B5 148
MOVE B6 193
MOVE B7 213
END TURN 89
TURN 90
COMMAND LEFT START
COMMAND LEFT END
COMMAND RIGHT START
COMMAND RIGHT END
TURN 90 RESULT
TIME LEFT 0 5 RIGHT 16 5
MOVE A7 13
MOVE B5 131
MOVE B6 187
MOVE B7 193
END TURN 90
TURN 91
COMMAND LEFT START
COMMAND LEFT END
COMMAND RIGHT START
COMMAND RIGHT END
TURN 91 RESULT
TIME LEFT 0 5 RIGHT 15 5
MOVE A7 18
MOVE B5 115
MOVE B7 187
DAMAGE TURRET B5 1
DAMAGE COMBAT A2 1
DAMAGE COMBAT B5 1
END TURN 91
TURN 92
COMMAND LEFT START
TRAIN 1
COMMAND LEFT END
COMMAND RIGHT START
COMMAND RIGHT END
TURN 92 RESULT
TIME LEFT 0 5 RIGHT 16 5
TRAIN A11
MOVE A7 27
MOVE B5 99
END TURN 92
TURN 93
COMMAND LEFT START
MOVE A3 115
COMMAND LEFT END
COMMAND RIGHT START
MOVE B8 187
TRAIN 1
COMMAND RIGHT END
TURN 93 RESULT
TIME LEFT 0 5 RIGHT 18 5
TRAIN B9
MOVE A3 24
MOVE B5 82
MOVE B8 225
END TURN 93
TURN 94
COMMAND LEFT START
MOVE A8 115
COMMAND LEFT END
COMMAND RIGHT START
COMMAND RIGHT END
TURN 94 RESULT
TIME LEFT 0 5 RIGHT 16 5
MOVE A3 30
MOVE A8 5
MOVE B5 64
MOVE B8 213
END TURN 94
TURN 95
COMMAND LEFT START
MOVE A5 115
TRAIN 1
COMMAND LEFT END
COMMAND RIGHT START
COMMAND RIGHT END
TURN 95 RESULT
TIME LEFT 0 5 RIGHT 16 5
TRAIN A12
MOVE A3 42
MOVE A5 38
MOVE A8 23
MOVE B5 48
MOVE B8 193
END TURN 95
TURN 96
COMMAND LEFT START
MOVE A9 115
TRAIN 1
COMMAND LEFT END
COMMAND RIGHT START
COMMAND RIGHT END
TURN 96 RESULT
TIME LEFT 0 5 RIGHT 21 5
TRAIN A13
MOVE A3 59
MOVE A5 47
MOVE A8 41
MOVE A9 5
MOVE B5 37
MOVE B8 187
END TURN 96
TURN 97
COMMAND LEFT START
MOVE A10 115
TRAIN 2
COMMAND LEFT END
COMMAND RIGHT START
MOVE B9 187
TRAIN 1
COMMAND RIGHT END
TURN 97 RESULT
TIME LEFT 0 5 RIGHT 21 5
TRAIN A14 A15 B10
MOVE A3 81
MOVE A5 60
MOVE A8 57
MOVE A9 23
MOVE A10 5
MOVE B5 17
MOVE B9 225
END TURN 97
TURN 98
COMMAND LEFT START
MOVE A11 115
MOVE A12 14
TRAIN 1
COMMAND LEFT END
COMMAND RIGHT START
MOVE B10 223
TRAIN 1
COMMAND RIGHT END
TURN 98 RESULT
TIME LEFT 0 5 RIGHT 24 5
TRAIN A16 B11
MOVE A3 92
MOVE A5 73
MOVE A8 73
MOVE A9 41
MOVE A10 23
MOVE A11 5
MOVE A12 4
MOVE B5 10
MOVE B9 213
MOVE B10 223
END TURN 98
TURN 99
COMMAND LEFT START
MOVE A13 115
COMMAND LEFT END
COMMAND RIGHT START
MOVE B11 223
TRAIN 1
COMMAND RIGHT END
TURN 99 RESULT
TIME LEFT 0 5 RIGHT 26 5
TRAIN B12
MOVE A3 102
MOVE A5 99
MOVE A8 99
MOVE A9 57
MOVE A10 41
MOVE A11 23
MOVE A12 9
MOVE A13 5
MOVE B9 193
MOVE B11 223
END TURN 99
TURN 100
COMMAND LEFT START
MOVE A1 115
COMMAND LEFT END
COMMAND RIGHT START
MOVE B12 187
MOVE B11 187
TRAIN 1
COMMAND RIGHT END
TURN 100 RESULT
TIME LEFT 0 5 RIGHT 26 5
TRAIN B13
MOVE A1 23
MOVE A3 115
MOVE A5 115
MOVE A8 115
MOVE A9 73
MOVE A10 57
MOVE A11 41
MOVE A12 12
MOVE A13 23
MOVE B9 187
MOVE B11 207
MOVE B12 225
END TURN 100
TURN 101
COMMAND LEFT START
MOVE A3 7
MOVE A5 27
COMMAND LEFT END
COMMAND RIGHT START
MOVE B6 230
COMMAND RIGHT END
TURN 101 RESULT
TIME LEFT 0 5 RIGHT 24 5
MOVE A1 41
MOVE A3 99
MOVE A5 99
MOVE A9 99
MOVE A10 73
MOVE A11 57
MOVE A12 14
MOVE A13 41
MOVE B6 193
MOVE B11 193
MOVE B12 213
END TURN 101
TURN 102
COMMAND LEFT START
UPGRADE 115
COMMAND LEFT END
COMMAND RIGHT START
MOVE B13 187
TRAIN 1
COMMAND RIGHT END
TURN 102 RESULT
TIME LEFT 0 5 RIGHT 26 5
UPGRADE A 115
TRAIN B14
MOVE A1 57
MOVE A3 73
MOVE A5 73
MOVE A9 115
MOVE A10 99
MOVE A11 73
MOVE A13 57
MOVE B6 213
MOVE B11 187
MOVE B12 193
MOVE B13 225
END TURN 102
TURN 103
COMMAND LEFT START
COMMAND LEFT END
COMMAND RIGHT START
COMMAND RIGHT END
TURN 103 RESULT
TIME LEFT 0 5 RIGHT 25 5
MOVE A1 73
MOVE A3 57
MOVE A5 60
MOVE A10 115
MOVE A11 99
MOVE A13 73
MOVE B6 225
MOVE B12 187
MOVE B13 213
END TURN 103
TURN 104
COMMAND LEFT START
COMMAND LEFT END
COMMAND RIGHT START
COMMAND RIGHT END
TURN 104 RESULT
TIME LEFT 0 5 RIGHT 25 5
MOVE A1 99
MOVE A3 41
MOVE A5 47
MOVE A11 115
MOVE A13 99
MOVE B6 230
MOVE B13 193
END TURN 104
TURN 105
COMMAND LEFT START
MOVE A11 223
COMMAND LEFT END
COMMAND RIGHT START
MOVE B6 187
MOVE B7 230
TRAIN 1
COMMAND RIGHT END
TURN 105 RESULT
TIME LEFT 0 5 RIGHT 31 5
TRAIN B15
MOVE A1 115
MOVE A3 23
MOVE A5 38
MOVE A11 131
MOVE A13 115
MOVE B6 225
MOVE B7 193
MOVE B13 187
END TURN 105
TURN 106
COMMAND LEFT START
COMMAND LEFT END
COMMAND RIGHT START
MOVE B14 187
TRAIN 1
COMMAND RIGHT END
TURN 106 RESULT
TIME LEFT 0 5 RIGHT 29 5
TRAIN B16
MOVE A3 7
MOVE A5 27
MOVE A11 157
MOVE B6 213
MOVE B7 213
MOVE B14 225
END TURN 106
TURN 107
COMMAND LEFT START
UPGRADE 7
COMMAND LEFT END
COMMAND RIGHT START
COMMAND RIGHT END
TURN 107 RESULT
TIME LEFT 0 5 RIGHT 27 5
UPGRADE A 7
MOVE A11 173
MOVE B6 193
MOVE B7 225
MOVE B14 213
END TURN 107
TURN 108
COMMAND LEFT START
MOVE A1 7
COMMAND LEFT END
COMMAND RIGHT START
MOVE B16 137
COMMAND RIGHT END
TURN 108 RESULT
TIME LEFT 0 5 RIGHT 29 5
MOVE A1 99
MOVE A11 189
MOVE B6 187
MOVE B7 230
MOVE B14 193
MOVE B16 225
END TURN 108
TURN 109
COMMAND LEFT START
COMMAND LEFT END
COMMAND RIGHT START
COMMAND RIGHT END
TURN 109 RESULT
TIME LEFT 0 5 RIGHT 30 5
MOVE A1 73
MOVE A11 207
MOVE B14 187
MOVE B16 213
END TURN 109
TURN 110
COMMAND LEFT START
COMMAND LEFT END
COMMAND RIGHT START
COMMAND RIGHT END
TURN 110 RESULT
TIME LEFT 0 5 RIGHT 31 5
MOVE A1 57
MOVE A11 223
MOVE B16 193
DAMAGE TURRET A11 2
DAMAGE COMBAT A11 3
DAMAGE COMBAT B2 1
END TURN 110
TURN 111
COMMAND LEFT START
MOVE A13 43
COMMAND LEFT END
COMMAND RIGHT START
MOVE B15 187
COMMAND RIGHT END
TURN 111 RESULT
TIME LEFT 0 5 RIGHT 31 5
MOVE A1 41
MOVE A13 99
MOVE B15 225
MOVE B16 187
DAMAGE TURRET A11 1
DAMAGE COMBAT B2 1
END TURN 111
TURN 112
COMMAND LEFT START
UPGRADE 14
COMMAND LEFT END
COMMAND RIGHT START
COMMAND RIGHT END
TURN 112 RESULT
TIME LEFT 0 5 RIGHT 33 5
UPGRADE A 14
MOVE A1 23
MOVE A13 82
MOVE B15 213
MOVE B16 171
END TURN 112
TURN 113
COMMAND LEFT START
MOVE A8 14
COMMAND LEFT END
COMMAND RIGHT START
COMMAND RIGHT END
TURN 113 RESULT
TIME LEFT 0 5 RIGHT 30 5
MOVE A1 7
MOVE A8 102
MOVE A13 68
MOVE B15 193
MOVE B16 149
END TURN 113
TURN 114
COMMAND LEFT START
COMMAND LEFT END
COMMAND RIGHT START
COMMAND RIGHT END
TURN 114 RESULT
TIME LEFT 0 5 RIGHT 30 5
MOVE A8 92
MOVE A13 55
MOVE B15 187
MOVE B16 137
END TURN 114
TURN 115
COMMAND LEFT START
COMMAND LEFT END
COMMAND RIGHT START
MOVE B16 187
COMMAND RIGHT END
TURN 115 RESULT
TIME LEFT 0 5 RIGHT 28 5
MOVE A8 81
MOVE A13 43
MOVE B16 149
END TURN 115
TURN 116
COMMAND LEFT START
UPGRADE 43
COMMAND LEFT END
COMMAND RIGHT START
MOVE B7 223
MOVE B10 203
TRAIN 1
COMMAND RIGHT END
TURN 116 RESULT
TIME LEFT 0 5 RIGHT 26 5
UPGRADE A 43
TRAIN B17
MOVE A8 59
MOVE B7 223
MOVE B10 217
MOVE B16 171
END TURN 116
TURN 117
COMMAND LEFT START
COMMAND LEFT END
COMMAND RIGHT START
COMMAND RIGHT END
TURN 117 RESULT
TIME LEFT 0 5 RIGHT 29 5
MOVE A8 42
MOVE B10 212
MOVE B16 187
END TURN 117
TURN 118
COMMAND LEFT START
COMMAND LEFT END
COMMAND RIGHT START
COMMAND RIGHT END
TURN 118 RESULT
TIME LEFT 0 5 RIGHT 29 5
MOVE A8 30
MOVE B10 203
END TURN 118
TURN 119
COMMAND LEFT START
UPGRADE 43
TRAIN 1
COMMAND LEFT END
COMMAND RIGHT START
UPGRADE 203
COMMAND RIGHT END
TURN 119 RESULT
TIME LEFT 0 5 RIGHT 29 5
UPGRADE A 43
UPGRADE B 203
TRAIN A17
MOVE A8 24
END TURN 119
TURN 120
COMMAND LEFT START
MOVE A14 43
COMMAND LEFT END
COMMAND RIGHT START
MOVE B9 203
COMMAND RIGHT END
TURN 120 RESULT
TIME LEFT 0 5 RIGHT 31 5
MOVE A8 14
MOVE A14 5
MOVE B9 182
END TURN 120
TURN 121
COMMAND LEFT START
COMMAND LEFT END
COMMAND RIGHT START
COMMAND RIGHT END
TURN 121 RESULT
TIME LEFT 0 5 RIGHT 28 5
MOVE A14 17
MOVE B9 189
END TURN 121
TURN 122
COMMAND LEFT START
COMMAND LEFT END
COMMAND RIGHT START
COMMAND RIGHT END
TURN 122 RESULT
TIME LEFT 0 5 RIGHT 27 5
MOVE A14 37
MOVE B9 196
END TURN 122
TURN 123
COMMAND LEFT START
UPGRADE 27
COMMAND LEFT END
COMMAND RIGHT START
COMMAND RIGHT END
TURN 123 RESULT
TIME LEFT 0 5 RIGHT 27 5
UPGRADE A 27
MOVE A14 43
MOVE B9 192
END TURN 123
TURN 124
COMMAND LEFT START
TRAIN 1
COMMAND LEFT END
COMMAND RIGHT START
COMMAND RIGHT END
TURN 124 RESULT
TIME LEFT 0 5 RIGHT 27 5
TRAIN A18
MOVE B9 203
END TURN 124
TURN 125
COMMAND LEFT START
MOVE A15 27
COMMAND LEFT END
COMMAND RIGHT START
MOVE B7 181
MOVE B17 223
TRAIN 1
COMMAND RIGHT END
TURN 125 RESULT
TIME LEFT 0 5 RIGHT 28 5
TRAIN B18
MOVE A15 7
MOVE B7 217
MOVE B17 223
END TURN 125
TURN 126
COMMAND LEFT START
COMMAND LEFT END
COMMAND RIGHT START
COMMAND RIGHT END
TURN 126 RESULT
TIME LEFT 0 5 RIGHT 30 5
MOVE A15 13
MOVE B7 212
END TURN 126
TURN 127
COMMAND LEFT START
UPGRADE 43
TRAIN 1
COMMAND LEFT END
COMMAND RIGHT START
MOVE B10 187
COMMAND RIGHT END
TURN 127 RESULT
TIME LEFT 0 5 RIGHT 34 5
UPGRADE A 43
TRAIN A19
MOVE A15 18
MOVE B7 203
MOVE B10 192
END TURN 127
TURN 128
COMMAND LEFT START
MOVE A16 43
COMMAND LEFT END
COMMAND RIGHT START
COMMAND RIGHT END
TURN 128 RESULT
TIME LEFT 0 5 RIGHT 30 5
MOVE A15 27
MOVE A16 5
MOVE B7 191
MOVE B10 196
END TURN 128
TURN 129
COMMAND LEFT START
COMMAND LEFT END
COMMAND RIGHT START
COMMAND RIGHT END
TURN 129 RESULT
TIME LEFT 0 5 RIGHT 30 5
MOVE A16 17
MOVE B7 181
MOVE B10 189
END TURN 129
TURN 130
COMMAND LEFT START
UPGRADE 115
COMMAND LEFT END
COMMAND RIGHT START
UPGRADE 181
COMMAND RIGHT END
TURN 130 RESULT
TIME LEFT 0 5 RIGHT 30 5
UPGRADE A 115
UPGRADE B 181
MOVE A16 37
MOVE B10 182
END TURN 130
TURN 131
COMMAND LEFT START
TRAIN 1
COMMAND LEFT END
COMMAND RIGHT START
MOVE B8 181
COMMAND RIGHT END
TURN 131 RESULT
TIME LEFT 0 5 RIGHT 34 5
TRAIN A20
MOVE A16 43
MOVE B8 182
MOVE B10 187
END TURN 131
TURN 132
COMMAND LEFT START
MOVE A17 115
COMMAND LEFT END
COMMAND RIGHT START
COMMAND RIGHT END
TURN 132 RESULT
TIME LEFT 0 5 RIGHT 31 5
MOVE A17 5
MOVE B8 173
END TURN 132
TURN 133
COMMAND LEFT START
COMMAND LEFT END
COMMAND RIGHT START
COMMAND RIGHT END
TURN 133 RESULT
TIME LEFT 0 5 RIGHT 34 5
MOVE A17 23
MOVE B8 170
END TURN 133
TURN 134
COMMAND LEFT START
TRAIN 2
COMMAND LEFT END
COMMAND RIGHT START
COMMAND RIGHT END
TURN 134 RESULT
TIME LEFT 0 5 RIGHT 34 5
TRAIN A21 A22
MOVE A17 41
MOVE B8 183
END TURN 134
TURN 135
COMMAND LEFT START
MOVE A22 49
MOVE A21 115
COMMAND LEFT END
COMMAND RIGHT START
COMMAND RIGHT END
TURN 135 RESULT
TIME LEFT 0 5 RIGHT 35 5
MOVE A17 57
MOVE A21 5
MOVE A22 7
MOVE B8 180
END TURN 135
TURN 136
COMMAND LEFT START
COMMAND LEFT END
COMMAND RIGHT START
COMMAND RIGHT END
TURN 136 RESULT
TIME LEFT 0 5 RIGHT 30 5
MOVE A17 73
MOVE A21 23
MOVE A22 13
MOVE B8 179
END TURN 136
TURN 137
COMMAND LEFT START
COMMAND LEFT END
COMMAND RIGHT START
COMMAND RIGHT END
TURN 137 RESULT
TIME LEFT 0 5 RIGHT 30 5
MOVE A17 99
MOVE A21 41
MOVE A22 18
MOVE B8 181
END TURN 137
TURN 138
COMMAND LEFT START
COMMAND LEFT END
COMMAND RIGHT START
UPGRADE 181
COMMAND RIGHT END
TURN 138 RESULT
TIME LEFT 0 5 RIGHT 29 5
UPGRADE B 181
MOVE A17 115
MOVE A21 57
MOVE A22 27
END TURN 138
TURN 139
COMMAND LEFT START
COMMAND LEFT END
COMMAND RIGHT START
COMMAND RIGHT END
TURN 139 RESULT
TIME LEFT 0 5 RIGHT 29 5
MOVE A21 73
MOVE A22 39
END TURN 139
TURN 140
COMMAND LEFT START
COMMAND LEFT END
COMMAND RIGHT START
MOVE B17 137
MOVE B18 223
TRAIN 1
COMMAND RIGHT END
TURN 140 RESULT
TIME LEFT 0 5 RIGHT 30 5
TRAIN B19
MOVE A21 99
MOVE A22 49
MOVE B17 207
MOVE B18 223
END TURN 140
TURN 141
COMMAND LEFT START
MOVE A22 0
UPGRADE 0
COMMAND LEFT END
COMMAND RIGHT START
COMMAND RIGHT END
TURN 141 RESULT
TIME LEFT 0 5 RIGHT 36 5
UPGRADE A 0
MOVE A21 115
MOVE A22 39
MOVE B17 193
END TURN 141
TURN 142
COMMAND LEFT START
COMMAND LEFT END
COMMAND RIGHT START
COMMAND RIGHT END
TURN 142 RESULT
TIME LEFT 0 5 RIGHT 32 5
MOVE A22 27
MOVE B17 187
END TURN 142
TURN 143
COMMAND LEFT START
COMMAND LEFT END
COMMAND RIGHT START
COMMAND RIGHT END
TURN 143 RESULT
TIME LEFT 0 5 RIGHT 31 5
MOVE A22 18
MOVE B17 171
END TURN 143
TURN 144
COMMAND LEFT START
TRAIN 2
COMMAND LEFT END
COMMAND RIGHT START
MOVE B7 203
COMMAND RIGHT END
TURN 144 RESULT
TIME LEFT 0 5 RIGHT 32 5
TRAIN A23 A24
MOVE A22 13
MOVE B7 191
MOVE B17 149
END TURN 144
TURN 145
COMMAND LEFT START
MOVE A24 115
TRAIN 2
COMMAND LEFT END
COMMAND RIGHT START
COMMAND RIGHT END
TURN 145 RESULT
TIME LEFT 0 5 RIGHT 31 5
TRAIN A25 A26
MOVE A22 7
MOVE A24 5
MOVE B7 203
MOVE B17 137
END TURN 145
TURN 146
COMMAND LEFT START
MOVE A26 49
MOVE A25 115
COMMAND LEFT END
COMMAND RIGHT START
MOVE B19 187
MOVE B7 181
MOVE B9 181
MOVE B2 181
MOVE B17 187
TRAIN 1
COMMAND RIGHT END
TURN 146 RESULT
TIME LEFT 0 5 RIGHT 35 5
TRAIN B20
MOVE A22 0
MOVE A24 23
MOVE A25 5
MOVE A26 7
MOVE B2 217
MOVE B7 191
MOVE B9 191
MOVE B17 149
MOVE B19 225
END TURN 146
TURN 147
COMMAND LEFT START
MOVE A23 115
TRAIN 2
COMMAND LEFT END
COMMAND RIGHT START
MOVE B20 181
MOVE B6 230
TRAIN 1
COMMAND RIGHT END
TURN 147 RESULT
TIME LEFT 0 5 RIGHT 34 5
TRAIN A27 A28 B21
MOVE A23 5
MOVE A24 41
MOVE A25 23
MOVE A26 13
MOVE B2 212
MOVE B6 193
MOVE B7 181
MOVE B9 181
MOVE B17 171
MOVE B19 213
MOVE B20 223
END TURN 147
TURN 148
COMMAND LEFT START
MOVE A28 115
MOVE A27 115
TRAIN 2
COMMAND LEFT END
COMMAND RIGHT START
MOVE B21 187
TRAIN 1
COMMAND RIGHT END
TURN 148 RESULT
TIME LEFT 0 5 RIGHT 37 5
TRAIN A29 A30 B22
MOVE A23 23
MOVE A24 57
MOVE A25 41
MOVE A26 18
MOVE A27 5
MOVE A28 5
MOVE B2 203
MOVE B6 213
MOVE B17 187
MOVE B19 193
MOVE B20 217
MOVE B21 225
END TURN 148
TURN 149
COMMAND LEFT START
MOVE A30 115
MOVE A29 115
TRAIN 2
COMMAND LEFT END
COMMAND RIGHT START
MOVE B22 187
MOVE B10 230
TRAIN 1
COMMAND RIGHT END
TURN 149 RESULT
TIME LEFT 0 5 RIGHT 35 5
TRAIN A31 A32 B23
MOVE A23 41
MOVE A24 73
MOVE A25 57
MOVE A26 27
MOVE A27 23
MOVE A28 23
MOVE A29 5
MOVE A30 5
MOVE B2 191
MOVE B6 225
MOVE B10 193
MOVE B19 187
MOVE B20 212
MOVE B21 213
MOVE B22 225
END TURN 149
TURN 150
COMMAND LEFT START
MOVE A32 115
MOVE A31 115
TRAIN 2
COMMAND LEFT END
COMMAND RIGHT START
MOVE B23 187
MOVE B11 230
MOVE B12 230
TRAIN 1
COMMAND RIGHT END
TURN 150 RESULT
TIME LEFT 0 5 RIGHT 36 5
TRAIN A33 A34 B24
MOVE A23 57
MOVE A24 99
MOVE A25 73
MOVE A26 39
MOVE A27 41
MOVE A28 41
MOVE A29 23
MOVE A30 23
MOVE A31 5
MOVE A32 5
MOVE B2 181
MOVE B6 230
MOVE B10 213
MOVE B11 193
MOVE B12 193
MOVE B20 203
MOVE B21 193
MOVE B22 213
MOVE B23 225
END TURN 150
TURN 151
COMMAND LEFT START
TRAIN 2
COMMAND LEFT END
COMMAND RIGHT START
MOVE B6 187
MOVE B13 230
MOVE B2 203
MOVE B7 203
MOVE B8 203
MOVE B9 203
TRAIN 1
COMMAND RIGHT END
TURN 151 RESULT
TIME LEFT 0 5 RIGHT 37 5
TRAIN A35 A36 B25
MOVE A23 73
MOVE A24 115
MOVE A25 99
MOVE A26 49
MOVE A27 57
MOVE A28 57
MOVE A29 41
MOVE A30 41
MOVE A31 23
MOVE A32 23
MOVE B2 191
MOVE B6 225
MOVE B7 191
MOVE B8 191
MOVE B9 191
MOVE B10 225
MOVE B11 213
MOVE B12 213
MOVE B13 193
MOVE B20 191
MOVE B21 187
MOVE B22 193
MOVE B23 213
END TURN 151
TURN 152
COMMAND LEFT START
UPGRADE 49
COMMAND LEFT END
COMMAND RIGHT START
MOVE B24 187
MOVE B14 230
TRAIN 1
COMMAND RIGHT END
TURN 152 RESULT
TIME LEFT 0 5 RIGHT 38 5
UPGRADE A 49
TRAIN B26
MOVE A23 99
MOVE A25 115
MOVE A27 73
MOVE A28 73
MOVE A29 57
MOVE A30 57
MOVE A31 41
MOVE A32 41
MOVE B2 203
MOVE B6 213
MOVE B7 203
MOVE B8 203
MOVE B9 203
MOVE B10 230
MOVE B11 225
MOVE B12 225
MOVE B13 213
MOVE B14 193
MOVE B20 181
MOVE B22 187
MOVE B23 193
MOVE B24 225
END TURN 152
TURN 153
COMMAND LEFT START
MOVE A25 93
COMMAND LEFT END
COMMAND RIGHT START
MOVE B20 203
COMMAND RIGHT END
TURN 153 RESULT
TIME LEFT 0 5 RIGHT 37 5
MOVE A23 115
MOVE A25 102
MOVE A27 99
MOVE A28 99
MOVE A29 73
MOVE A30 73
MOVE A31 57
MOVE A32 57
MOVE B6 193
MOVE B11 230
MOVE B12 230
MOVE B13 225
MOVE B14 213
MOVE B20 191
MOVE B23 187
MOVE B24 213
END TURN 153
TURN 154
COMMAND LEFT START
MOVE A36 115
UPGRADE 49
COMMAND LEFT END
COMMAND RIGHT START
MOVE B2 223
MOVE B7 223
COMMAND RIGHT END
TURN 154 RESULT
TIME LEFT 0 5 RIGHT 40 5
UPGRADE A 49
MOVE A25 93
MOVE A27 115
MOVE A28 115
MOVE A29 99
MOVE A30 99
MOVE A31 73
MOVE A32 73
MOVE A36 5
MOVE B2 212
MOVE B6 187
MOVE B7 212
MOVE B13 230
MOVE B14 225
MOVE B20 203
MOVE B24 193
END TURN 154
TURN 155
COMMAND LEFT START
MOVE A9 49
UPGRADE 93
COMMAND LEFT END
COMMAND RIGHT START
MOVE B10 187
TRAIN 1
COMMAND RIGHT END
TURN 155 RESULT
TIME LEFT 0 5 RIGHT 43 5
UPGRADE A 93
TRAIN B27
MOVE A9 105
MOVE A29 115
MOVE A30 115
MOVE A31 99
MOVE A32 99
MOVE A36 23
MOVE B2 217
MOVE B7 217
MOVE B10 225
MOVE B14 230
MOVE B24 187
END TURN 155
TURN 156
COMMAND LEFT START
MOVE A35 115
COMMAND LEFT END
COMMAND RIGHT START
MOVE B9 181
MOVE B27 187
COMMAND RIGHT END
TURN 156 RESULT
TIME LEFT 7 5 RIGHT 49 5
MOVE A9 94
MOVE A31 115
MOVE A32 115
MOVE A35 5
MOVE A36 41
MOVE B2 223
MOVE B7 223
MOVE B9 191
MOVE B10 213
MOVE B27 225
END TURN 156
TURN 157
COMMAND LEFT START
MOVE A32 87
COMMAND LEFT END
COMMAND RIGHT START
MOVE B18 137
MOVE B2 203
COMMAND RIGHT END
TURN 157 RESULT
TIME LEFT 0 5 RIGHT 39 5
MOVE A9 84
MOVE A32 102
MOVE A35 23
MOVE A36 57
MOVE B2 217
MOVE B9 181
MOVE B10 193
MOVE B18 207
MOVE B27 213
END TURN 157
TURN 158
COMMAND LEFT START
MOVE A34 115
UPGRADE 93
COMMAND LEFT END
COMMAND RIGHT START
MOVE B6 223
MOVE B8 181
MOVE B20 181
MOVE B9 203
COMMAND RIGHT END
TURN 158 RESULT
TIME LEFT 0 5 RIGHT 42 5
UPGRADE A 93
MOVE A9 69
MOVE A32 106
MOVE A34 5
MOVE A35 41
MOVE A36 73
MOVE B2 212
MOVE B6 193
MOVE B8 191
MOVE B9 191
MOVE B10 187
MOVE B18 193
MOVE B20 191
MOVE B27 193
END TURN 158
TURN 159
COMMAND LEFT START
MOVE A10 93
COMMAND LEFT END
COMMAND RIGHT START
MOVE B26 187
COMMAND RIGHT END
TURN 159 RESULT
TIME LEFT 0 5 RIGHT 45 5
MOVE A9 51
MOVE A10 102
MOVE A32 98
MOVE A34 23
MOVE A35 57
MOVE A36 99
MOVE B2 203
MOVE B6 207
MOVE B8 181
MOVE B9 203
MOVE B18 187
MOVE B20 181
MOVE B26 225
MOVE B27 187
END TURN 159
TURN 160
COMMAND LEFT START
MOVE A33 115
UPGRADE 49
COMMAND LEFT END
COMMAND RIGHT START
MOVE B14 187
MOVE B25 187
COMMAND RIGHT END
TURN 160 RESULT
TIME LEFT 0 5 RIGHT 41 5
UPGRADE A 49
MOVE A9 49
MOVE A10 93
MOVE A32 87
MOVE A33 5
MOVE A34 41
MOVE A35 73
MOVE A36 115
MOVE B6 223
MOVE B14 225
MOVE B18 171
MOVE B25 225
MOVE B26 213
END TURN 160
TURN 161
COMMAND LEFT START
MOVE A17 49
COMMAND LEFT END
COMMAND RIGHT START
MOVE B9 187
COMMAND RIGHT END
TURN 161 RESULT
TIME LEFT 0 5 RIGHT 38 5
MOVE A17 105
MOVE A33 23
MOVE A34 57
MOVE A35 99
MOVE B9 192
MOVE B14 213
MOVE B18 149
MOVE B25 213
MOVE B26 193
END TURN 161
TURN 162
COMMAND LEFT START
UPGRADE 87
COMMAND LEFT END
COMMAND RIGHT START
MOVE B6 139
MOVE B11 223
TRAIN 1
COMMAND RIGHT END
TURN 162 RESULT
TIME LEFT 0 5 RIGHT 40 5
UPGRADE A 87
TRAIN B28
MOVE A17 94
MOVE A33 41
MOVE A34 73
MOVE A35 115
MOVE B6 217
MOVE B9 196
MOVE B11 223
MOVE B14 193
MOVE B18 137
MOVE B25 193
MOVE B26 187
END TURN 162
TURN 163
COMMAND LEFT START
MOVE A27 137
MOVE A28 137
MOVE A29 137
MOVE A30 137
MOVE A31 137
COMMAND LEFT END
COMMAND RIGHT START
MOVE B10 230
MOVE B15 230
MOVE B16 230
MOVE B17 230
MOVE B19 230
MOVE B21 230
MOVE B22 230
MOVE B8 203
MOVE B20 203
MOVE B18 187
TRAIN 1
COMMAND RIGHT END
TURN 163 RESULT
TIME LEFT 0 5 RIGHT 45 5
TRAIN B29
MOVE A17 84
MOVE A27 128
MOVE A28 128
MOVE A29 128
MOVE A30 128
MOVE A31 128
MOVE A33 57
MOVE A34 99
MOVE B6 212
MOVE B8 191
MOVE B9 189
MOVE B10 193
MOVE B14 187
MOVE B15 193
MOVE B16 193
MOVE B17 193
MOVE B18 149
MOVE B19 193
MOVE B20 191
MOVE B21 193
MOVE B22 193
MOVE B25 187
END TURN 163
TURN 164
COMMAND LEFT START
UPGRADE 87
COMMAND LEFT END
COMMAND RIGHT START
MOVE B12 187
MOVE B29 187
TRAIN 1
COMMAND RIGHT END
TURN 164 RESULT
TIME LEFT 0 5 RIGHT 47 5
UPGRADE A 87
TRAIN B30
MOVE A17 69
MOVE A27 137
MOVE A28 137
MOVE A29 137
MOVE A30 137
MOVE A31 137
MOVE A33 73
MOVE A34 115
MOVE B6 203
MOVE B8 203
MOVE B9 182
MOVE B10 213
MOVE B12 225
MOVE B15 213
MOVE B16 213
MOVE B17 213
MOVE B18 171
MOVE B19 213
MOVE B20 203
MOVE B21 213
MOVE B22 213
MOVE B29 225
END TURN 164
TURN 165
COMMAND LEFT START
MOVE A21 87
MOVE A27 115
MOVE A28 115
MOVE A29 115
MOVE A30 115
COMMAND LEFT END
COMMAND RIGHT START
MOVE B13 187
MOVE B8 187
MOVE B20 187
TRAIN 1
COMMAND RIGHT END
TURN 165 RESULT
TIME LEFT 0 5 RIGHT 41 5
TRAIN B31
MOVE A17 51
MOVE A21 102
MOVE A27 128
MOVE A28 128
MOVE A29 128
MOVE A30 128
MOVE A33 99
MOVE B6 191
MOVE B8 192
MOVE B9 187
MOVE B10 225
MOVE B12 213
MOVE B13 225
MOVE B15 225
MOVE B16 225
MOVE B17 225
MOVE B18 187
MOVE B19 225
MOVE B20 192
MOVE B21 225
MOVE B22 225
MOVE B29 213
END TURN 165
TURN 166
COMMAND LEFT START
UPGRADE 137
COMMAND LEFT END
COMMAND RIGHT START
MOVE B28 187
MOVE B9 223
MOVE B2 181
TRAIN 1
COMMAND RIGHT END
TURN 166 RESULT
TIME LEFT 0 5 RIGHT 40 5
UPGRADE A 137
TRAIN B32
MOVE A17 49
MOVE A21 106
MOVE A27 115
MOVE A28 115
MOVE A29 115
MOVE A30 115
MOVE A33 115
MOVE B2 191
MOVE B6 181
MOVE B8 196
MOVE B9 193
MOVE B10 230
MOVE B12 193
MOVE B13 213
MOVE B15 230
MOVE B16 230
MOVE B17 230
MOVE B19 230
MOVE B20 196
MOVE B21 230
MOVE B22 230
MOVE B28 225
MOVE B29 193
END TURN 166
TURN 167
COMMAND LEFT START
MOVE A36 65
COMMAND LEFT END
COMMAND RIGHT START
MOVE B14 230
COMMAND RIGHT END
TURN 167 RESULT
TIME LEFT 0 5 RIGHT 38 5
MOVE A21 98
MOVE A36 105
MOVE B2 181
MOVE B6 168
MOVE B8 189
MOVE B9 207
MOVE B12 187
MOVE B13 193
MOVE B14 193
MOVE B20 189
MOVE B28 213
MOVE B29 187
END TURN 167
TURN 168
COMMAND LEFT START
UPGRADE 137
COMMAND LEFT END
COMMAND RIGHT START
MOVE B7 203
MOVE B10 223
MOVE B3 187
MOVE B11 187
MOVE B2 203
TRAIN 1
COMMAND RIGHT END
TURN 168 RESULT
TIME LEFT 0 5 RIGHT 42 5
UPGRADE A 137
TRAIN B33
MOVE A21 87
MOVE A36 108
MOVE B2 191
MOVE B3 207
MOVE B6 153
MOVE B7 217
MOVE B8 182
MOVE B9 223
MOVE B10 223
MOVE B11 207
MOVE B13 187
MOVE B14 213
MOVE B20 182
MOVE B28 193
END TURN 168
TURN 169
COMMAND LEFT START
MOVE A23 137
UPGRADE 87
COMMAND LEFT END
COMMAND RIGHT START
MOVE B9 230
MOVE B10 230
COMMAND RIGHT END
TURN 169 RESULT
TIME LEFT 0 5 RIGHT 43 5
UPGRADE A 87
MOVE A23 128
MOVE A36 101
MOVE B2 203
MOVE B3 193
MOVE B6 139
MOVE B7 212
MOVE B8 187
MOVE B9 230
MOVE B10 230
MOVE B11 193
MOVE B14 225
MOVE B20 187
MOVE B28 187
END TURN 169
TURN 170
COMMAND LEFT START
MOVE A24 87
COMMAND LEFT END
COMMAND RIGHT START
MOVE B10 223
MOVE B2 181
MOVE B6 187
MOVE B33 187
COMMAND RIGHT END
TURN 170 RESULT
TIME LEFT 0 5 RIGHT 43 5
MOVE A23 137
MOVE A24 102
MOVE A36 90
MOVE B2 191
MOVE B3 187
MOVE B6 153
MOVE B7 203
MOVE B10 223
MOVE B11 187
MOVE B14 230
MOVE B33 225
END TURN 170
TURN 171
COMMAND LEFT START
UPGRADE 93
COMMAND LEFT END
COMMAND RIGHT START
MOVE B10 230
MOVE B7 181
COMMAND RIGHT END
TURN 171 RESULT
TIME LEFT 0 5 RIGHT 42 5
UPGRADE A 93
MOVE A24 106
MOVE A36 83
MOVE B2 181
MOVE B6 158
MOVE B7 191
MOVE B10 230
MOVE B33 213
END TURN 171
TURN 172
COMMAND LEFT START
MOVE A27 93
COMMAND LEFT END
COMMAND RIGHT START
MOVE B16 223
MOVE B17 223
MOVE B19 223
MOVE B21 223
MOVE B2 203
COMMAND RIGHT END
TURN 172 RESULT
TIME LEFT 0 5 RIGHT 45 5
MOVE A24 98
MOVE A27 102
MOVE A36 77
MOVE B2 191
MOVE B6 161
MOVE B7 181
MOVE B16 223
MOVE B17 223
MOVE B19 223
MOVE B21 223
MOVE B33 193
END TURN 172
TURN 173
COMMAND LEFT START
UPGRADE 137
COMMAND LEFT END
COMMAND RIGHT START
MOVE B7 203
MOVE B21 187
COMMAND RIGHT END
TURN 173 RESULT
TIME LEFT 0 5 RIGHT 48 5
UPGRADE A 137
MOVE A24 87
MOVE A27 93
MOVE A36 71
MOVE B2 203
MOVE B6 163
MOVE B7 191
MOVE B21 207
MOVE B33 187
END TURN 173
TURN 174
COMMAND LEFT START
MOVE A28 137
TRAIN 1
COMMAND LEFT END
COMMAND RIGHT START
MOVE B8 165
COMMAND RIGHT END
TURN 174 RESULT
TIME LEFT 0 5 RIGHT 59 5
TRAIN A37
MOVE A28 128
MOVE A36 65
MOVE B6 170
MOVE B7 203
MOVE B8 182
MOVE B21 193
END TURN 174
TURN 175
COMMAND LEFT START
MOVE A37 115
UPGRADE 65
COMMAND LEFT END
COMMAND RIGHT START
MOVE B7 181
COMMAND RIGHT END
TURN 175 RESULT
TIME LEFT 0 5 RIGHT 58 5
UPGRADE A 65
MOVE A28 137
MOVE A37 5
MOVE B6 173
MOVE B7 191
MOVE B8 173
MOVE B21 187
END TURN 175
TURN 176
COMMAND LEFT START
MOVE A35 91
COMMAND LEFT END
COMMAND RIGHT START
COMMAND RIGHT END
TURN 176 RESULT
TIME LEFT 0 5 RIGHT 58 5
MOVE A35 105
MOVE A37 23
MOVE B6 182
MOVE B7 181
MOVE B8 170
END TURN 176
TURN 177
COMMAND LEFT START
COMMAND LEFT END
COMMAND RIGHT START
COMMAND RIGHT END
TURN 177 RESULT
TIME LEFT 0 5 RIGHT 59 5
MOVE A35 108
MOVE A37 41
MOVE B6 187
MOVE B8 183
END TURN 177
TURN 178
COMMAND LEFT START
COMMAND LEFT END
COMMAND RIGHT START
COMMAND RIGHT END
TURN 178 RESULT
TIME LEFT 0 5 RIGHT 60 5
MOVE A35 101
MOVE A37 57
MOVE B8 180
END TURN 178
TURN 179
COMMAND LEFT START
COMMAND LEFT END
COMMAND RIGHT START
MOVE B15 187
MOVE B22 187
MOVE B30 187
MOVE B31 187
MOVE B32 187
COMMAND RIGHT END
TURN 179 RESULT
TIME LEFT 0 5 RIGHT 49 5
MOVE A35 90
MOVE A37 73
MOVE B8 179
MOVE B15 225
MOVE B22 225
MOVE B30 225
MOVE B31 225
MOVE B32 225
END TURN 179
TURN 180
COMMAND LEFT START
COMMAND LEFT END
COMMAND RIGHT START
COMMAND RIGHT END
TURN 180 RESULT
TIME LEFT 0 5 RIGHT 61 5
MOVE A35 83
MOVE A37 99
MOVE B8 181
MOVE B15 213
MOVE B22 213
MOVE B30 213
MOVE B31 213
MOVE B32 213
END TURN 180
TURN 181
COMMAND LEFT START
COMMAND LEFT END
COMMAND RIGHT START
COMMAND RIGHT END
TURN 181 RESULT
TIME LEFT 0 5 RIGHT 60 5
MOVE A35 91
MOVE A37 115
MOVE B8 168
MOVE B15 193
MOVE B22 193
MOVE B30 193
MOVE B31 193
MOVE B32 193
END TURN 181
TURN 182
COMMAND LEFT START
MOVE A29 0
UPGRADE 0
COMMAND LEFT END
COMMAND RIGHT START
COMMAND RIGHT END
TURN 182 RESULT
TIME LEFT 0 5 RIGHT 43 5
UPGRADE A 0
MOVE A29 99
MOVE B8 169
MOVE B15 187
MOVE B22 187
MOVE B30 187
MOVE B31 187
MOVE B32 187
END TURN 182
TURN 183
COMMAND LEFT START
UPGRADE 91
COMMAND LEFT END
COMMAND RIGHT START
MOVE B10 137
COMMAND RIGHT END
TURN 183 RESULT
TIME LEFT 0 5 RIGHT 44 5
UPGRADE A 91
MOVE A29 73
MOVE B8 165
MOVE B10 225
END TURN 183
TURN 184
COMMAND LEFT START
UPGRADE 65
COMMAND LEFT END
COMMAND RIGHT START
UPGRADE 165
COMMAND RIGHT END
TURN 184 RESULT
TIME LEFT 0 5 RIGHT 40 5
UPGRADE A 65
UPGRADE B 165
MOVE A29 57
MOVE B10 213
END TURN 184
TURN 185
COMMAND LEFT START
MOVE A30 65
COMMAND LEFT END
COMMAND RIGHT START
COMMAND RIGHT END
TURN 185 RESULT
TIME LEFT 0 5 RIGHT 39 5
MOVE A29 41
MOVE A30 105
MOVE B10 193
END TURN 185
TURN 186
COMMAND LEFT START
UPGRADE 91
TRAIN 1
COMMAND LEFT END
COMMAND RIGHT START
COMMAND RIGHT END
TURN 186 RESULT
TIME LEFT 0 5 RIGHT 61 5
UPGRADE A 91
TRAIN A38
MOVE A29 23
MOVE A30 108
MOVE B10 187
END TURN 186
TURN 187
COMMAND LEFT START
TRAIN 1
COMMAND LEFT END
COMMAND RIGHT START
COMMAND RIGHT END
TURN 187 RESULT
TIME LEFT 0 5 RIGHT 64 5
TRAIN A39
MOVE A29 5
MOVE A30 101
MOVE B10 171
END TURN 187
TURN 188
COMMAND LEFT START
MOVE A18 91
UPGRADE 65
COMMAND LEFT END
COMMAND RIGHT START
MOVE B9 223
MOVE B16 139
TRAIN 1
COMMAND RIGHT END
TURN 188 RESULT
TIME LEFT 0 5 RIGHT 43 5
UPGRADE A 65
TRAIN B34
MOVE A18 7
MOVE A29 0
MOVE A30 90
MOVE B9 223
MOVE B10 149
MOVE B16 217
END TURN 188
TURN 189
COMMAND LEFT START
MOVE A19 65
UPGRADE 91
TRAIN 1
COMMAND LEFT END
COMMAND RIGHT START
COMMAND RIGHT END
TURN 189 RESULT
TIME LEFT 0 5 RIGHT 41 5
UPGRADE A 91
TRAIN A40
MOVE A18 13
MOVE A19 7
MOVE A30 83
MOVE B10 137
MOVE B16 212
DAMAGE TURRET B10 2
DAMAGE COMBAT A23 1
DAMAGE COMBAT B10 3
END TURN 189
TURN 190
COMMAND LEFT START
MOVE A20 91
COMMAND LEFT END
COMMAND RIGHT START
COMMAND RIGHT END
TURN 190 RESULT
TIME LEFT 0 5 RIGHT 41 5
MOVE A18 18
MOVE A19 13
MOVE A20 7
MOVE A30 77
MOVE B16 203
END TURN 190
TURN 191
COMMAND LEFT START
TRAIN 3
COMMAND LEFT END
COMMAND RIGHT START
COMMAND RIGHT END
TURN 191 RESULT
TIME LEFT 0 5 RIGHT 39 5
TRAIN A41 A42 A43
MOVE A18 27
MOVE A19 18
MOVE A20 13
MOVE A30 71
MOVE B16 191
END TURN 191
TURN 192
COMMAND LEFT START
MOVE A43 143
MOVE A42 115
MOVE A41 115
COMMAND LEFT END
COMMAND RIGHT START
MOVE B2 181
MOVE B7 203
MOVE B8 181
TRAIN 1
COMMAND RIGHT END
TURN 192 RESULT
TIME LEFT 0 5 RIGHT 41 5
TRAIN B35
MOVE A18 39
MOVE A19 27
MOVE A20 18
MOVE A30 65
MOVE A41 5
MOVE A42 5
MOVE A43 7
MOVE B2 191
MOVE B7 191
MOVE B8 169
MOVE B16 181
END TURN 192
TURN 193
COMMAND LEFT START
TRAIN 3
COMMAND LEFT END
COMMAND RIGHT START
MOVE B9 165
MOVE B14 223
MOVE B34 203
TRAIN 1
COMMAND RIGHT END
TURN 193 RESULT
TIME LEFT 0 5 RIGHT 48 5
TRAIN A44 A45 A46 B36
MOVE A18 49
MOVE A19 39
MOVE A20 27
MOVE A41 23
MOVE A42 23
MOVE A43 22
MOVE B2 181
MOVE B7 203
MOVE B8 168
MOVE B9 217
MOVE B14 223
MOVE B16 168
MOVE B34 223
END TURN 193
TURN 194
COMMAND LEFT START
MOVE A46 115
MOVE A45 115
MOVE A44 115
TRAIN 3
COMMAND LEFT END
COMMAND RIGHT START
MOVE B3 230
MOVE B7 181
MOVE B2 203
TRAIN 1
COMMAND RIGHT END
TURN 194 RESULT
TIME LEFT 0 5 RIGHT 43 5
TRAIN A47 A48 A49 B37
MOVE A18 62
MOVE A19 49
MOVE A20 39
MOVE A41 41
MOVE A42 41
MOVE A43 34
MOVE A44 5
MOVE A45 5
MOVE A46 5
MOVE B2 191
MOVE B3 193
MOVE B7 191
MOVE B8 181
MOVE B9 212
MOVE B16 153
MOVE B34 217
END TURN 194
TURN 195
COMMAND LEFT START
MOVE A49 115
MOVE A48 115
MOVE A47 115
TRAIN 3
COMMAND LEFT END
COMMAND RIGHT START
MOVE B8 203
TRAIN 1
COMMAND RIGHT END
TURN 195 RESULT
TIME LEFT 0 5 RIGHT 44 5
TRAIN A50 A51 A52 B38
MOVE A18 77
MOVE A19 62
MOVE A20 49
MOVE A41 57
MOVE A42 57
MOVE A43 47
MOVE A44 23
MOVE A45 23
MOVE A46 23
MOVE A47 5
MOVE A48 5
MOVE A49 5
MOVE B2 203
MOVE B3 213
MOVE B7 181
MOVE B8 191
MOVE B9 203
MOVE B16 139
MOVE B34 212
END TURN 195
TURN 196
COMMAND LEFT START
MOVE A52 115
MOVE A51 115
MOVE A50 115
TRAIN 3
COMMAND LEFT END
COMMAND RIGHT START
MOVE B6 230
MOVE B7 203
MOVE B16 187
TRAIN 1
COMMAND RIGHT END
TURN 196 RESULT
TIME LEFT 0 5 RIGHT 48 5
TRAIN A53 A54 A55 B39
MOVE A18 91
MOVE A19 61
MOVE A20 62
MOVE A41 73
MOVE A42 73
MOVE A43 69
MOVE A44 41
MOVE A45 41
MOVE A46 41
MOVE A47 23
MOVE A48 23
MOVE A49 23
MOVE A50 5
MOVE A51 5
MOVE A52 5
MOVE B3 225
MOVE B6 193
MOVE B7 191
MOVE B8 203
MOVE B9 191
MOVE B16 153
MOVE B34 203
END TURN 196
TURN 197
COMMAND LEFT START
MOVE A55 115
MOVE A54 115
MOVE A53 115
TRAIN 3
COMMAND LEFT END
COMMAND RIGHT START
MOVE B35 187
MOVE B2 230
MOVE B8 230
MOVE B34 181
TRAIN 1
COMMAND RIGHT END
TURN 197 RESULT
TIME LEFT 0 5 RIGHT 55 5
TRAIN A56 A57 A58 B40
MOVE A19 65
MOVE A20 77
MOVE A41 99
MOVE A42 99
MOVE A43 90
MOVE A44 57
MOVE A45 57
MOVE A46 57
MOVE A47 41
MOVE A48 41
MOVE A49 41
MOVE A50 23
MOVE A51 23
MOVE A52 23
MOVE A53 5
MOVE A54 5
MOVE A55 5
MOVE B2 212
MOVE B3 230
MOVE B6 213
MOVE B7 203
MOVE B8 212
MOVE B9 181
MOVE B16 158
MOVE B34 191
MOVE B35 225
END TURN 197
TURN 198
COMMAND LEFT START
MOVE A58 115
MOVE A57 115
MOVE A56 115
TRAIN 3
COMMAND LEFT END
COMMAND RIGHT START
MOVE B11 230
COMMAND RIGHT END
TURN 198 RESULT
TIME LEFT 0 5 RIGHT 42 5
TRAIN A59 A60 A61
MOVE A20 91
MOVE A41 115
MOVE A42 115
MOVE A43 111
MOVE A44 73
MOVE A45 73
MOVE A46 73
MOVE A47 57
MOVE A48 57
MOVE A49 57
MOVE A50 41
MOVE A51 41
MOVE A52 41
MOVE A53 23
MOVE A54 23
MOVE A55 23
MOVE A56 5
MOVE A57 5
MOVE A58 5
MOVE B2 217
MOVE B6 225
MOVE B8 217
MOVE B9 168
MOVE B11 193
MOVE B16 161
MOVE B34 181
MOVE B35 213
END TURN 198
TURN 199
COMMAND LEFT START
MOVE A61 115
MOVE A60 115
MOVE A59 115
TRAIN 3
COMMAND LEFT END
COMMAND RIGHT START
MOVE B3 187
MOVE B12 230
MOVE B13 230
TRAIN 1
COMMAND RIGHT END
TURN 199 RESULT
TIME LEFT 0 5 RIGHT 46 5
TRAIN A62 A63 A64 B41
MOVE A43 127
MOVE A44 99
MOVE A45 99
MOVE A46 99
MOVE A47 73
MOVE A48 73
MOVE A49 73
MOVE A50 57
MOVE A51 57
MOVE A52 57
MOVE A53 41
MOVE A54 41
MOVE A55 41
MOVE A56 23
MOVE A57 23
MOVE A58 23
MOVE A59 5
MOVE A60 5
MOVE A61 5
MOVE B2 223
MOVE B3 225
MOVE B6 230
MOVE B8 223
MOVE B9 169
MOVE B11 213
MOVE B12 193
MOVE B13 193
MOVE B16 163
MOVE B35 193
END TURN 199
TURN 200
COMMAND LEFT START
MOVE A64 115
MOVE A63 115
MOVE A62 115
TRAIN 3
COMMAND LEFT END
COMMAND RIGHT START
MOVE B15 230
MOVE B18 230
MOVE B34 203
COMMAND RIGHT END
TURN 200 RESULT
TIME LEFT 0 5 RIGHT 43 5
TRAIN A65 A66 A67
MOVE A43 143
MOVE A44 115
MOVE A45 115
MOVE A46 115
MOVE A47 99
MOVE A48 99
MOVE A49 99
MOVE A50 73
MOVE A51 73
MOVE A52 73
MOVE A53 57
MOVE A54 57
MOVE A55 57
MOVE A56 41
MOVE A57 41
MOVE A58 41
MOVE A59 23
MOVE A60 23
MOVE A61 23
MOVE A62 5
MOVE A63 5
MOVE A64 5
MOVE B2 230
MOVE B3 213
MOVE B8 230
MOVE B9 165
MOVE B11 225
MOVE B12 213
MOVE B13 213
MOVE B15 193
MOVE B16 170
MOVE B18 193
MOVE B34 191
MOVE B35 187
END TURN 200
TURN 201
COMMAND LEFT START
MOVE A46 139
MOVE A67 115
MOVE A66 115
MOVE A65 115
UPGRADE 143
TRAIN 3
COMMAND LEFT END
COMMAND RIGHT START
MOVE B20 230
MOVE B21 230
MOVE B22 230
MOVE B23 230
MOVE B9 181
COMMAND RIGHT END
TURN 201 RESULT
TIME LEFT 0 5 RIGHT 44 5
UPGRADE A 143
TRAIN A68 A69 A70
MOVE A46 125
MOVE A47 115
MOVE A48 115
MOVE A49 115
MOVE A50 99
MOVE A51 99
MOVE A52 99
MOVE A53 73
MOVE A54 73
MOVE A55 73
MOVE A56 57
MOVE A57 57
MOVE A58 57
MOVE A59 41
MOVE A60 41
MOVE A61 41
MOVE A62 23
MOVE A63 23
MOVE A64 23
MOVE A65 5
MOVE A66 5
MOVE A67 5
MOVE B3 193
MOVE B9 169
MOVE B11 230
MOVE B12 225
MOVE B13 225
MOVE B15 213
MOVE B16 173
MOVE B18 213
MOVE B20 193
MOVE B21 193
MOVE B22 193
MOVE B23 193
MOVE B34 203
END TURN 201
TURN 202
COMMAND LEFT START
MOVE A70 115
MOVE A69 115
MOVE A68 115
UPGRADE 143
TRAIN 1
COMMAND LEFT END
COMMAND RIGHT START
MOVE B2 187
MOVE B7 230
MOVE B24 230
MOVE B25 230
TRAIN 1
COMMAND RIGHT END
TURN 202 RESULT
TIME LEFT 0 5 RIGHT 52 5
UPGRADE A 143
TRAIN A71 B42
MOVE A46 122
MOVE A50 115
MOVE A51 115
MOVE A52 115
MOVE A53 99
MOVE A54 99
MOVE A55 99
MOVE A56 73
MOVE A57 73
MOVE A58 73
MOVE A59 57
MOVE A60 57
MOVE A61 57
MOVE A62 41
MOVE A63 41
MOVE A64 41
MOVE A65 23
MOVE A66 23
MOVE A67 23
MOVE A68 5
MOVE A69 5
MOVE A70 5
MOVE B2 225
MOVE B3 187
MOVE B7 212
MOVE B9 168
MOVE B12 230
MOVE B13 230
MOVE B15 225
MOVE B16 182
MOVE B18 225
MOVE B20 213
MOVE B21 213
MOVE B22 213
MOVE B23 213
MOVE B24 193
MOVE B25 193
END TURN 202
TURN 203
COMMAND LEFT START
MOVE A33 143
MOVE A71 115
UPGRADE 143
COMMAND LEFT END
COMMAND RIGHT START
MOVE B42 203
MOVE B14 203
COMMAND RIGHT END
TURN 203 RESULT
TIME LEFT 0 5 RIGHT 45 5
UPGRADE A 143
MOVE A33 128
MOVE A46 129
MOVE A53 115
MOVE A54 115
MOVE A55 115
MOVE A56 99
MOVE A57 99
MOVE A58 99
MOVE A59 73
MOVE A60 73
MOVE A61 73
MOVE A62 57
MOVE A63 57
MOVE A64 57
MOVE A65 41
MOVE A66 41
MOVE A67 41
MOVE A68 23
MOVE A69 23
MOVE A70 23
MOVE A71 5
MOVE B2 213
MOVE B7 217
MOVE B9 181
MOVE B14 217
MOVE B15 230
MOVE B16 187
MOVE B18 230
MOVE B20 225
MOVE B21 225
MOVE B22 225
MOVE B23 225
MOVE B24 213
MOVE B25 213
MOVE B42 223
END TURN 203
TURN 204
COMMAND LEFT START
MOVE A34 143
TRAIN 2
COMMAND LEFT END
COMMAND RIGHT START
MOVE B41 223
MOVE B3 223
MOVE B16 223
MOVE B26 223
MOVE B27 223
MOVE B28 223
MOVE B29 223
MOVE B30 223
MOVE B31 223
MOVE B32 223
MOVE B33 223
MOVE B35 223
MOVE B34 181
MOVE B9 203
COMMAND RIGHT END
TURN 204 RESULT
TIME LEFT 0 5 RIGHT 44 5
TRAIN A72 A73
MOVE A33 124
MOVE A34 128
MOVE A46 140
MOVE A56 115
MOVE A57 115
MOVE A58 115
MOVE A59 99
MOVE A60 99
MOVE A61 99
MOVE A62 73
MOVE A63 73
MOVE A64 73
MOVE A65 57
MOVE A66 57
MOVE A67 57
MOVE A68 41
MOVE A69 41
MOVE A70 41
MOVE A71 23
MOVE B2 193
MOVE B3 193
MOVE B7 223
MOVE B9 191
MOVE B14 212
MOVE B16 193
MOVE B20 230
MOVE B21 230
MOVE B22 230
MOVE B23 230
MOVE B24 225
MOVE B25 225
MOVE B26 193
MOVE B27 193
MOVE B28 193
MOVE B29 193
MOVE B30 193
MOVE B31 193
MOVE B32 193
MOVE B33 193
MOVE B34 191
MOVE B35 193
MOVE B41 223
MOVE B42 217
END TURN 204
TURN 205
COMMAND LEFT START
MOVE A58 181
MOVE A57 181
MOVE A56 181
MOVE A55 181
MOVE A54 181
MOVE A53 181
MOVE A52 181
MOVE A51 181
MOVE A50 181
MOVE A49 181
MOVE A48 181
MOVE A47 181
MOVE A45 181
MOVE A44 181
MOVE A42 181
COMMAND LEFT END
COMMAND RIGHT START
MOVE B17 230
MOVE B19 230
COMMAND RIGHT END
TURN 205 RESULT
TIME LEFT 0 5 RIGHT 44 5
MOVE A33 132
MOVE A34 124
MOVE A42 125
MOVE A44 125
MOVE A45 125
MOVE A46 147
MOVE A47 125
MOVE A48 125
MOVE A49 125
MOVE A50 125
MOVE A51 125
MOVE A52 125
MOVE A53 125
MOVE A54 125
MOVE A55 125
MOVE A56 125
MOVE A57 125
MOVE A58 125
MOVE A59 115
MOVE A60 115
MOVE A61 115
MOVE A62 99
MOVE A63 99
MOVE A64 99
MOVE A65 73
MOVE A66 73
MOVE A67 73
MOVE A68 57
MOVE A69 57
MOVE A70 57
MOVE A71 41
MOVE B2 187
MOVE B3 207
MOVE B7 230
MOVE B9 203
MOVE B14 203
MOVE B16 207
MOVE B17 230
MOVE B19 230
MOVE B24 230
MOVE B25 230
MOVE B26 207
MOVE B27 207
MOVE B28 207
MOVE B29 207
MOVE B30 207
MOVE B31 207
MOVE B32 207
MOVE B33 207
MOVE B34 181
MOVE B35 207
MOVE B42 212
END TURN 205
TURN 206
COMMAND LEFT START
MOVE A73 115
MOVE A72 115
TRAIN 3
COMMAND LEFT END
COMMAND RIGHT START
MOVE B2 223
MOVE B9 181
MOVE B14 181
MOVE B34 203
MOVE B40 187
COMMAND RIGHT END
TURN 206 RESULT
TIME LEFT 0 5 RIGHT 47 5
TRAIN A74 A75 A76
MOVE A33 143
MOVE A34 132
MOVE A42 136
MOVE A44 136
MOVE A45 136
MOVE A46 139
MOVE A47 136
MOVE A48 136
MOVE A49 136
MOVE A50 136
MOVE A51 136
MOVE A52 136
MOVE A53 136
MOVE A54 136
MOVE A55 136
MOVE A56 136
MOVE A57 136
MOVE A58 136
MOVE A62 115
MOVE A63 115
MOVE A64 115
MOVE A65 99
MOVE A66 99
MOVE A67 99
MOVE A68 73
MOVE A69 73
MOVE A70 73
MOVE A71 57
MOVE A72 5
MOVE A73 5
MOVE B2 193
MOVE B3 223
MOVE B9 191
MOVE B14 191
MOVE B16 223
MOVE B26 223
MOVE B27 223
MOVE B28 223
MOVE B29 223
MOVE B30 223
MOVE B31 223
MOVE B32 223
MOVE B33 223
MOVE B34 191
MOVE B35 223
MOVE B40 225
MOVE B42 203
END TURN 206
TURN 207
COMMAND LEFT START
MOVE A64 165
MOVE A63 165
MOVE A62 165
MOVE A61 165
MOVE A60 165
MOVE A59 165
UPGRADE 139
COMMAND LEFT END
COMMAND RIGHT START
MOVE B42 181
MOVE B32 187
MOVE B33 187
MOVE B35 187
MOVE B41 187
MOVE B39 187
COMMAND RIGHT END
TURN 207 RESULT
TIME LEFT 0 5 RIGHT 57 5
UPGRADE A 139
MOVE A34 143
MOVE A42 146
MOVE A44 146
MOVE A45 146
MOVE A47 146
MOVE A48 146
MOVE A49 146
MOVE A50 146
MOVE A51 146
MOVE A52 146
MOVE A53 146
MOVE A54 146
MOVE A55 146
MOVE A56 146
MOVE A57 146
MOVE A58 146
MOVE A59 125
MOVE A60 125
MOVE A61 125
MOVE A62 125
MOVE A63 125
MOVE A64 125
MOVE A65 115
MOVE A66 115
MOVE A67 115
MOVE A68 99
MOVE A69 99
MOVE A70 99
MOVE A71 73
MOVE A72 23
MOVE A73 23
MOVE B2 207
MOVE B9 181
MOVE B14 181
MOVE B32 207
MOVE B33 207
MOVE B34 203
MOVE B35 207
MOVE B39 225
MOVE B40 213
MOVE B41 207
MOVE B42 191
END TURN 207
TURN 208
COMMAND LEFT START
MOVE A76 115
MOVE A75 115
MOVE A74 115
UPGRADE 139
TRAIN 2
COMMAND LEFT END
COMMAND RIGHT START
MOVE B27 165
MOVE B28 165
MOVE B34 181
MOVE B9 203
MOVE B14 203
MOVE B38 187
COMMAND RIGHT END
TURN 208 RESULT
TIME LEFT 0 5 RIGHT 53 5
UPGRADE A 139
TRAIN A77 A78
MOVE A42 161
MOVE A44 161
MOVE A45 161
MOVE A47 161
MOVE A48 161
MOVE A49 161
MOVE A50 161
MOVE A51 161
MOVE A52 161
MOVE A53 161
MOVE A54 161
MOVE A55 161
MOVE A56 161
MOVE A57 161
MOVE A58 161
MOVE A59 122
MOVE A60 122
MOVE A61 122
MOVE A62 122
MOVE A63 122
MOVE A64 122
MOVE A68 115
MOVE A69 115
MOVE A70 115
MOVE A71 99
MOVE A72 41
MOVE A73 41
MOVE A74 5
MOVE A75 5
MOVE A76 5
MOVE B2 223
MOVE B9 191
MOVE B14 191
MOVE B27 217
MOVE B28 217
MOVE B32 193
MOVE B33 193
MOVE B34 191
MOVE B35 193
MOVE B38 225
MOVE B39 213
MOVE B40 193
MOVE B41 193
MOVE B42 181
END TURN 208
TURN 209
COMMAND LEFT START
MOVE A37 139
MOVE A70 187
MOVE A78 115
MOVE A77 115
UPGRADE 139
COMMAND LEFT END
COMMAND RIGHT START
MOVE B6 181
MOVE B2 230
MOVE B3 230
MOVE B16 230
MOVE B26 230
MOVE B29 230
MOVE B30 230
MOVE B31 230
MOVE B42 230
TRAIN 1
COMMAND RIGHT END
TURN 209 RESULT
TIME LEFT 0 5 RIGHT 59 5
UPGRADE A 139
TRAIN B43
MOVE A37 125
MOVE A42 179
MOVE A44 179
MOVE A45 179
MOVE A47 179
MOVE A48 179
MOVE A49 179
MOVE A50 179
MOVE A51 179
MOVE A52 179
MOVE A53 179
MOVE A54 179
MOVE A55 179
MOVE A56 179
MOVE A57 179
MOVE A58 179
MOVE A59 129
MOVE A60 129
MOVE A61 129
MOVE A62 129
MOVE A63 129
MOVE A64 129
MOVE A70 131
MOVE A71 115
MOVE A72 57
MOVE A73 57
MOVE A74 23
MOVE A75 23
MOVE A76 23
MOVE A77 5
MOVE A78 5
MOVE B2 230
MOVE B3 230
MOVE B6 223
MOVE B9 203
MOVE B14 203
MOVE B16 230
MOVE B26 230
MOVE B27 212
MOVE B28 212
MOVE B29 230
MOVE B30 230
MOVE B31 230
MOVE B32 187
MOVE B33 187
MOVE B34 181
MOVE B35 187
MOVE B38 213
MOVE B39 193
MOVE B40 187
MOVE B41 187
MOVE B42 191
END TURN 209
TURN 210
COMMAND LEFT START
MOVE A41 139
MOVE A71 203
MOVE A69 203
MOVE A68 203
MOVE A67 203
COMMAND LEFT END
COMMAND RIGHT START
MOVE B7 181
MOVE B8 181
MOVE B11 181
MOVE B12 181
MOVE B13 181
MOVE B14 181
MOVE B15 181
MOVE B16 181
MOVE B17 181
MOVE B18 181
MOVE B19 181
MOVE B20 181
MOVE B21 181
MOVE B22 181
MOVE B32 223
MOVE B33 223
MOVE B35 223
MOVE B40 223
MOVE B41 223
MOVE B9 181
MOVE B34 203
MOVE B3 187
MOVE B23 187
MOVE B24 187
MOVE B25 187
MOVE B26 187
MOVE B29 187
MOVE B30 187
MOVE B31 187
MOVE B36 187
MOVE B37 187
MOVE B43 187
COMMAND RIGHT END
TURN 210 RESULT
TIME LEFT 0 5 RIGHT 60 5
MOVE A37 122
MOVE A41 125
MOVE A42 181
MOVE A44 181
MOVE A45 181
MOVE A47 181
MOVE A48 181
MOVE A49 181
MOVE A50 181
MOVE A51 181
MOVE A52 181
MOVE A53 181
MOVE A54 181
MOVE A55 181
MOVE A56 181
MOVE A57 181
MOVE A58 181
MOVE A59 140
MOVE A60 140
MOVE A61 140
MOVE A62 140
MOVE A63 140
MOVE A64 140
MOVE A67 131
MOVE A68 131
MOVE A69 131
MOVE A70 148
MOVE A71 131
MOVE A72 73
MOVE A73 73
MOVE A74 41
MOVE A75 41
MOVE A76 41
MOVE A77 23
MOVE A78 23
MOVE B3 225
MOVE B6 217
MOVE B7 223
MOVE B8 223
MOVE B9 191
MOVE B11 223
MOVE B12 223
MOVE B13 223
MOVE B14 191
MOVE B15 223
MOVE B16 223
MOVE B17 223
MOVE B18 223
MOVE B19 223
MOVE B20 223
MOVE B21 223
MOVE B22 223
MOVE B23 225
MOVE B24 225
MOVE B25 225
MOVE B26 225
MOVE B27 203
MOVE B28 203
MOVE B29 225
MOVE B30 225
MOVE B31 225
MOVE B32 193
MOVE B33 193
MOVE B34 191
MOVE B35 193
MOVE B36 225
MOVE B37 225
MOVE B38 193
MOVE B39 187
MOVE B40 193
MOVE B41 193
MOVE B42 203
MOVE B43 225
DAMAGE TURRET A42 1
SIEGE B 181 12
END TURN 210
TURN 211
COMMAND LEFT START
MOVE A42 115
MOVE A44 115
MOVE A45 115
MOVE A47 115
MOVE A48 115
MOVE A49 115
MOVE A50 115
MOVE A51 115
MOVE A52 115
MOVE A53 115
MOVE A54 115
MOVE A55 115
MOVE A56 115
MOVE A57 115
UPGRADE 181
TRAIN 2
COMMAND LEFT END
COMMAND RIGHT START
COMMAND RIGHT END
TURN 211 RESULT
TIME LEFT 1 5 RIGHT 3 5
UPGRADE A 181
TRAIN A79 A80
MOVE A37 129
MOVE A41 122
MOVE A42 179
MOVE A44 179
MOVE A45 179
MOVE A47 179
MOVE A48 179
MOVE A49 179
MOVE A50 179
MOVE A51 179
MOVE A52 179
MOVE A53 179
MOVE A54 179
MOVE A55 179
MOVE A56 179
MOVE A57 179
MOVE A59 147
MOVE A60 147
MOVE A61 147
MOVE A62 147
MOVE A63 147
MOVE A64 147
MOVE A67 157
MOVE A68 157
MOVE A69 157
MOVE A70 162
MOVE A71 157
MOVE A72 99
MOVE A73 99
MOVE A74 57
MOVE A75 57
MOVE A76 57
MOVE A77 41
MOVE A78 41
MOVE B3 213
MOVE B6 212
MOVE B7 217
MOVE B8 217
MOVE B9 181
MOVE B11 217
MOVE B12 217
MOVE B13 217
MOVE B14 181
MOVE B15 217
MOVE B16 217
MOVE B17 217
MOVE B18 217
MOVE B19 217
MOVE B20 217
MOVE B21 217
MOVE B22 217
MOVE B23 213
MOVE B24 213
MOVE B25 213
MOVE B26 213
MOVE B27 191
MOVE B28 191
MOVE B29 213
MOVE B30 213
MOVE B31 213
MOVE B32 207
MOVE B33 207
MOVE B34 203
MOVE B35 207
MOVE B36 213
MOVE B37 213
MOVE B38 187
MOVE B40 207
MOVE B41 207
MOVE B42 212
MOVE B43 213
DAMAGE TURRET B9 1
DAMAGE COMBAT A58 2
DAMAGE COMBAT B9 1
DAMAGE HUNGER B41 1
DAMAGE HUNGER B42 1
DAMAGE HUNGER B43 1
END TURN 211
TURN 212
COMMAND LEFT START
MOVE A80 216
MOVE A79 115
TRAIN 3
COMMAND LEFT END
COMMAND RIGHT START
MOVE B14 187
MOVE B38 230
MOVE B34 230
MOVE B9 230
COMMAND RIGHT END
TURN 212 RESULT
TIME LEFT 0 5 RIGHT 48 5
TRAIN A81 A82 A83
MOVE A37 140
MOVE A41 129
MOVE A42 161
MOVE A44 161
MOVE A45 161
MOVE A47 161
MOVE A48 161
MOVE A49 161
MOVE A50 161
MOVE A51 161
MOVE A52 161
MOVE A53 161
MOVE A54 161
MOVE A55 161
MOVE A56 161
MOVE A57 161
MOVE A59 153
MOVE A60 153
MOVE A61 153
MOVE A62 153
MOVE A63 153
MOVE A64 153
MOVE A67 170
MOVE A68 170
MOVE A69 170
MOVE A70 175
MOVE A71 170
MOVE A72 115
MOVE A73 115
MOVE A74 73
MOVE A75 73
MOVE A76 73
MOVE A77 57
MOVE A78 57
MOVE A79 5
MOVE A80 5
MOVE B3 193
MOVE B6 203
MOVE B7 212
MOVE B8 212
MOVE B11 212
MOVE B12 212
MOVE B13 212
MOVE B15 212
MOVE B16 212
MOVE B17 212
MOVE B18 212
MOVE B19 212
MOVE B20 212
MOVE B21 212
MOVE B22 212
MOVE B23 193
MOVE B24 193
MOVE B25 193
MOVE B26 193
MOVE B27 181
MOVE B28 181
MOVE B29 193
MOVE B30 193
MOVE B31 193
MOVE B32 223
MOVE B33 223
MOVE B34 212
MOVE B35 223
MOVE B36 193
MOVE B37 193
MOVE B38 193
MOVE B40 223
MOVE B41 223
MOVE B42 217
MOVE B43 193
DAMAGE TURRET B9 1
DAMAGE COMBAT A58 4
DAMAGE COMBAT B9 1
END TURN 212
TURN 213
COMMAND LEFT START
MOVE A83 115
MOVE A82 115
MOVE A81 115
TRAIN 3
COMMAND LEFT END
COMMAND RIGHT START
MOVE B35 165
MOVE B40 165
MOVE B32 230
MOVE B33 230
MOVE B41 230
MOVE B39 230
COMMAND RIGHT END
TURN 213 RESULT
TIME LEFT 1 5 RIGHT 46 5
TRAIN A84 A85 A86
MOVE A37 147
MOVE A41 140
MOVE A42 146
MOVE A44 146
MOVE A45 146
MOVE A47 146
MOVE A48 146
MOVE A49 146
MOVE A50 146
MOVE A51 146
MOVE A52 146
MOVE A53 146
MOVE A54 146
MOVE A55 146
MOVE A56 146
MOVE A57 146
MOVE A59 159
MOVE A60 159
MOVE A61 159
MOVE A62 159
MOVE A63 159
MOVE A64 159
MOVE A67 183
MOVE A68 183
MOVE A69 183
MOVE A70 187
MOVE A71 183
MOVE A74 99
MOVE A75 99
MOVE A76 99
MOVE A77 73
MOVE A78 73
MOVE A79 23
MOVE A80 23
MOVE A81 5
MOVE A82 5
MOVE A83 5
MOVE B3 187
MOVE B6 191
MOVE B7 203
MOVE B8 203
MOVE B11 203
MOVE B12 203
MOVE B13 203
MOVE B15 203
MOVE B16 203
MOVE B17 203
MOVE B18 203
MOVE B19 203
MOVE B20 203
MOVE B21 203
MOVE B22 203
MOVE B23 187
MOVE B24 187
MOVE B25 187
MOVE B26 187
MOVE B29 187
MOVE B30 187
MOVE B31 187
MOVE B32 230
MOVE B33 230
MOVE B34 217
MOVE B35 217
MOVE B36 187
MOVE B37 187
MOVE B38 213
MOVE B39 193
MOVE B40 217
MOVE B41 230
MOVE B42 223
MOVE B43 187
DAMAGE TURRET A70 1
DAMAGE TURRET B9 1
DAMAGE COMBAT A58 2
DAMAGE COMBAT A70 7
DAMAGE COMBAT B3 1
DAMAGE COMBAT B14 1
SIEGE A 181 2
END TURN 213
TURN 214
COMMAND LEFT START
MOVE A86 115
MOVE A85 115
MOVE A84 115
TRAIN 1
COMMAND LEFT END
COMMAND RIGHT START
COMMAND RIGHT END
TURN 214 RESULT
TIME LEFT 0 5 RIGHT 32 5
TRAIN A87
MOVE A37 139
MOVE A41 147
MOVE A42 136
MOVE A44 136
MOVE A45 136
MOVE A47 136
MOVE A48 136
MOVE A49 136
MOVE A50 136
MOVE A51 136
MOVE A52 136
MOVE A53 136
MOVE A54 136
MOVE A55 136
MOVE A56 136
MOVE A57 136
MOVE A59 165
MOVE A60 165
MOVE A61 165
MOVE A62 165
MOVE A63 165
MOVE A64 165
MOVE A67 192
MOVE A68 192
MOVE A69 192
MOVE A71 192
MOVE A74 115
MOVE A75 115
MOVE A76 115
MOVE A77 99
MOVE A78 99
MOVE A79 41
MOVE A80 41
MOVE A81 23
MOVE A82 23
MOVE A83 23
MOVE A84 5
MOVE A85 5
MOVE A86 5
MOVE B6 181
MOVE B7 191
MOVE B8 191
MOVE B11 191
MOVE B12 191
MOVE B13 191
MOVE B14 179
MOVE B15 191
MOVE B16 191
MOVE B17 191
MOVE B18 191
MOVE B19 191
MOVE B20 191
MOVE B21 191
MOVE B22 191
MOVE B27 168
MOVE B28 168
MOVE B34 223
MOVE B35 212
MOVE B38 225
MOVE B39 213
MOVE B40 212
MOVE B42 230
DAMAGE TURRET A59 1
DAMAGE TURRET B6 1
DAMAGE HUNGER B35 1
DAMAGE HUNGER B36 1
DAMAGE HUNGER B37 1
DAMAGE HUNGER B38 1
DAMAGE HUNGER B39 1
DAMAGE HUNGER B40 1
DAMAGE HUNGER B41 1
DAMAGE HUNGER B42 1
DAMAGE HUNGER B43 1
SIEGE B 165 6
SIEGE A 181 1
END TURN 214
TURN 215
COMMAND LEFT START
MOVE A87 115
TRAIN 1
COMMAND LEFT END
COMMAND RIGHT START
COMMAND RIGHT END
TURN 215 RESULT
TIME LEFT 0 5 RIGHT 37 5
TRAIN A88
MOVE A41 139
MOVE A42 125
MOVE A44 125
MOVE A45 125
MOVE A47 125
MOVE A48 125
MOVE A49 125
MOVE A50 125
MOVE A51 125
MOVE A52 125
MOVE A53 125
MOVE A54 125
MOVE A55 125
MOVE A56 125
MOVE A57 125
MOVE A67 203
MOVE A68 203
MOVE A69 203
MOVE A71 203
MOVE A77 115
MOVE A78 115
MOVE A79 57
MOVE A80 57
MOVE A81 41
MOVE A82 41
MOVE A83 41
MOVE A84 23
MOVE A85 23
MOVE A86 23
MOVE A87 5
MOVE B7 181
MOVE B8 181
MOVE B11 181
MOVE B12 181
MOVE B13 181
MOVE B14 180
MOVE B15 181
MOVE B16 181
MOVE B17 181
MOVE B18 181
MOVE B19 181
MOVE B20 181
MOVE B21 181
MOVE B22 181
MOVE B27 169
MOVE B28 169
MOVE B34 230
MOVE B35 203
MOVE B38 230
MOVE B39 225
MOVE B40 203
DAMAGE TURRET A67 1
DAMAGE TURRET B6 1
DAMAGE COMBAT A67 2
DAMAGE COMBAT B35 4
DAMAGE HUNGER B34 1
DAMAGE HUNGER B36 1
DAMAGE HUNGER B37 1
DAMAGE HUNGER B38 1
DAMAGE HUNGER B39 1
DAMAGE HUNGER B40 1
DAMAGE HUNGER B41 1
DAMAGE HUNGER B42 1
DAMAGE HUNGER B43 1
SIEGE A 181 3
END TURN 215
TURN 216
COMMAND LEFT START
MOVE A59 115
MOVE A60 115
MOVE A61 115
MOVE A62 115
MOVE A63 115
MOVE A88 115
UPGRADE 165
TRAIN 3
COMMAND LEFT END
COMMAND RIGHT START
COMMAND RIGHT END
TURN 216 RESULT
TIME LEFT 1 5 RIGHT 61 5
UPGRADE A 165
TRAIN A89 A90 A91
MOVE A42 115
MOVE A44 115
MOVE A45 115
MOVE A47 115
MOVE A48 115
MOVE A49 115
MOVE A50 115
MOVE A51 115
MOVE A52 115
MOVE A53 115
MOVE A54 115
MOVE A55 115
MOVE A56 115
MOVE A57 115
MOVE A59 159
MOVE A60 159
MOVE A61 159
MOVE A62 159
MOVE A63 159
MOVE A79 73
MOVE A80 73
MOVE A81 57
MOVE A82 57
MOVE A83 57
MOVE A84 41
MOVE A85 41
MOVE A86 41
MOVE A87 23
MOVE A88 5
MOVE B14 183
MOVE B27 165
MOVE B28 165
MOVE B39 230
DAMAGE TURRET A67 1
DAMAGE TURRET B27 1
DAMAGE COMBAT A64 2
DAMAGE COMBAT A67 1
DAMAGE COMBAT B27 1
DAMAGE COMBAT B40 3
DAMAGE HUNGER B27 1
DAMAGE HUNGER B28 1
DAMAGE HUNGER B29 1
DAMAGE HUNGER B30 1
DAMAGE HUNGER B31 1
DAMAGE HUNGER B32 1
DAMAGE HUNGER B33 1
DAMAGE HUNGER B34 1
DAMAGE HUNGER B36 1
DAMAGE HUNGER B37 1
DAMAGE HUNGER B38 1
DAMAGE HUNGER B39 1
DAMAGE HUNGER B41 1
DAMAGE HUNGER B42 1
DAMAGE HUNGER B43 1
SIEGE B 203 1
END TURN 216
TURN 217
COMMAND LEFT START
MOVE A91 115
MOVE A90 115
MOVE A89 115
TRAIN 3
COMMAND LEFT END
COMMAND RIGHT START
COMMAND RIGHT END
TURN 217 RESULT
TIME LEFT 1 5 RIGHT 61 5
TRAIN A92 A93 A94
MOVE A59 153
MOVE A60 153
MOVE A61 153
MOVE A62 153
MOVE A63 153
MOVE A79 99
MOVE A80 94
MOVE A81 73
MOVE A82 73
MOVE A83 73
MOVE A84 57
MOVE A85 57
MOVE A86 57
MOVE A87 41
MOVE A88 23
MOVE A89 5
MOVE A90 5
MOVE A91 5
MOVE B14 170
DAMAGE TURRET A67 1
DAMAGE TURRET B27 1
DAMAGE COMBAT A64 2
DAMAGE COMBAT B27 1
DAMAGE HUNGER B26 1
DAMAGE HUNGER B28 1
DAMAGE HUNGER B29 1
DAMAGE HUNGER B30 1
DAMAGE HUNGER B31 1
DAMAGE HUNGER B32 1
DAMAGE HUNGER B33 1
DAMAGE HUNGER B34 1
DAMAGE HUNGER B36 1
DAMAGE HUNGER B37 1
DAMAGE HUNGER B38 1
DAMAGE HUNGER B39 1
DAMAGE HUNGER B41 1
DAMAGE HUNGER B42 1
DAMAGE HUNGER B43 1
SIEGE B 203 4
END TURN 217
TURN 218
COMMAND LEFT START
MOVE A94 115
MOVE A93 115
MOVE A92 115
TRAIN 3
COMMAND LEFT END
COMMAND RIGHT START
COMMAND RIGHT END
TURN 218 RESULT
TIME LEFT 1 5 RIGHT 61 5
TRAIN A95 A96 A97
MOVE A59 147
MOVE A60 147
MOVE A61 147
MOVE A62 147
MOVE A63 147
MOVE A79 115
MOVE A80 108
MOVE A81 99
MOVE A82 99
MOVE A83 99
MOVE A84 73
MOVE A85 73
MOVE A86 73
MOVE A87 57
MOVE A88 41
MOVE A89 23
MOVE A90 23
MOVE A91 23
MOVE A92 5
MOVE A93 5
MOVE A94 5
MOVE B14 173
DAMAGE TURRET A67 1
DAMAGE TURRET B28 1
DAMAGE COMBAT A64 1
DAMAGE COMBAT B28 1
DAMAGE HUNGER B28 1
DAMAGE HUNGER B29 1
DAMAGE HUNGER B30 1
DAMAGE HUNGER B31 1
DAMAGE HUNGER B32 1
DAMAGE HUNGER B33 1
DAMAGE HUNGER B34 1
DAMAGE HUNGER B36 1
DAMAGE HUNGER B37 1
DAMAGE HUNGER B38 1
DAMAGE HUNGER B39 1
SIEGE B 203 1
END TURN 218
TURN 219
COMMAND LEFT START
MOVE A67 115
MOVE A68 115
MOVE A69 115
MOVE A97 115
MOVE A96 115
MOVE A95 115
UPGRADE 203
UPGRADE 165
TRAIN 2
COMMAND LEFT END
COMMAND RIGHT START
COMMAND RIGHT END
TURN 219 RESULT
TIME LEFT 1 5 RIGHT 61 5
UPGRADE A 165
UPGRADE A 203
TRAIN A98 A99
MOVE A59 140
MOVE A60 140
MOVE A61 140
MOVE A62 140
MOVE A63 140
MOVE A67 192
MOVE A68 192
MOVE A69 192
MOVE A80 124
MOVE A81 115
MOVE A82 115
MOVE A83 115
MOVE A84 99
MOVE A85 99
MOVE A86 99
MOVE A87 73
MOVE A88 57
MOVE A89 41
MOVE A90 41
MOVE A91 41
MOVE A92 23
MOVE A93 23
MOVE A94 23
MOVE A95 5
MOVE A96 5
MOVE A97 5
MOVE B14 182
DAMAGE HUNGER B26 1
DAMAGE HUNGER B29 1
DAMAGE HUNGER B30 1
DAMAGE HUNGER B31 1
DAMAGE HUNGER B32 1
DAMAGE HUNGER B33 1
DAMAGE HUNGER B34 1
END TURN 219
TURN 220
COMMAND LEFT START
MOVE A42 165
MOVE A99 115
MOVE A98 115
UPGRADE 203
COMMAND LEFT END
COMMAND RIGHT START
COMMAND RIGHT END
TURN 220 RESULT
TIME LEFT 1 5 RIGHT 61 5
UPGRADE A 203
MOVE A42 125
MOVE A59 129
MOVE A60 129
MOVE A61 129
MOVE A62 129
MOVE A63 129
MOVE A67 183
MOVE A68 183
MOVE A69 183
MOVE A80 137
MOVE A84 115
MOVE A85 115
MOVE A86 115
MOVE A87 99
MOVE A88 73
MOVE A89 57
MOVE A90 57
MOVE A91 57
MOVE A92 41
MOVE A93 41
MOVE A94 41
MOVE A95 23
MOVE A96 23
MOVE A97 23
MOVE A98 5
MOVE A99 5
MOVE B14 187
DAMAGE HUNGER B29 1
DAMAGE HUNGER B30 1
DAMAGE HUNGER B31 1
DAMAGE HUNGER B32 1
DAMAGE HUNGER B33 1
END TURN 220
TURN 221
COMMAND LEFT START
MOVE A44 203
UPGRADE 165
COMMAND LEFT END
COMMAND RIGHT START
COMMAND RIGHT END
TURN 221 RESULT
TIME LEFT 1 5 RIGHT 61 5
UPGRADE A 165
MOVE A42 122
MOVE A44 131
MOVE A59 122
MOVE A60 122
MOVE A61 122
MOVE A62 122
MOVE A63 122
MOVE A67 170
MOVE A68 170
MOVE A69 170
MOVE A80 152
MOVE A87 115
MOVE A88 99
MOVE A89 73
MOVE A90 73
MOVE A91 73
MOVE A92 57
MOVE A93 57
MOVE A94 57
MOVE A95 41
MOVE A96 41
MOVE A97 41
MOVE A98 23
MOVE A99 23
DAMAGE HUNGER B19 1
DAMAGE HUNGER B20 1
DAMAGE HUNGER B21 1
DAMAGE HUNGER B22 1
DAMAGE HUNGER B23 1
DAMAGE HUNGER B24 1
DAMAGE HUNGER B25 1
DAMAGE HUNGER B26 1
END TURN 221
TURN 222
COMMAND LEFT START
MOVE A45 165
MOVE A87 187
MOVE A86 187
MOVE A85 187
MOVE A84 187
MOVE A83 187
MOVE A82 187
MOVE A81 187
MOVE A79 187
MOVE A78 187
MOVE A77 187
MOVE A76 187
MOVE A75 187
MOVE A74 187
MOVE A73 187
MOVE A72 187
MOVE A66 187
MOVE A65 187
MOVE A57 187
MOVE A56 187
MOVE A55 187
MOVE A54 187
MOVE A53 187
MOVE A52 187
MOVE A51 187
MOVE A50 187
MOVE A49 187
COMMAND LEFT END
COMMAND RIGHT START
COMMAND RIGHT END
TURN 222 RESULT
TIME LEFT 0 5 RIGHT 60 5
MOVE A42 129
MOVE A44 157
MOVE A45 125
MOVE A49 131
MOVE A50 131
MOVE A51 131
MOVE A52 131
MOVE A53 131
MOVE A54 131
MOVE A55 131
MOVE A56 131
MOVE A57 131
MOVE A59 125
MOVE A60 125
MOVE A61 125
MOVE A62 125
MOVE A63 125
MOVE A65 131
MOVE A66 131
MOVE A67 157
MOVE A68 157
MOVE A69 157
MOVE A72 131
MOVE A73 131
MOVE A74 131
MOVE A75 131
MOVE A76 131
MOVE A77 131
MOVE A78 131
MOVE A79 131
MOVE A80 177
MOVE A81 131
MOVE A82 131
MOVE A83 131
MOVE A84 131
MOVE A85 131
MOVE A86 131
MOVE A87 131
MOVE A88 115
MOVE A89 99
MOVE A90 99
MOVE A91 99
MOVE A92 73
MOVE A93 73
MOVE A94 73
MOVE A95 57
MOVE A96 57
MOVE A97 57
MOVE A98 41
MOVE A99 41
DAMAGE HUNGER B19 1
DAMAGE HUNGER B20 1
DAMAGE HUNGER B21 1
DAMAGE HUNGER B22 1
DAMAGE HUNGER B23 1
DAMAGE HUNGER B24 1
DAMAGE HUNGER B25 1
DAMAGE HUNGER B26 1
END TURN 222
TURN 223
COMMAND LEFT START
UPGRADE 203
COMMAND LEFT END
COMMAND RIGHT START
COMMAND RIGHT END
TURN 223 RESULT
TIME LEFT 0 5 RIGHT 61 5
UPGRADE A 203
MOVE A42 140
MOVE A44 170
MOVE A45 122
MOVE A49 148
MOVE A50 148
MOVE A51 148
MOVE A52 148
MOVE A53 148
MOVE A54 148
MOVE A55 148
MOVE A56 148
MOVE A57 148
MOVE A59 115
MOVE A60 115
MOVE A61 115
MOVE A62 115
MOVE A63 115
MOVE A65 148
MOVE A66 148
MOVE A67 131
MOVE A68 131
MOVE A69 131
MOVE A72 148
MOVE A73 148
MOVE A74 148
MOVE A75 148
MOVE A76 148
MOVE A77 148
MOVE A78 148
MOVE A79 148
MOVE A80 197
MOVE A81 148
MOVE A82 148
MOVE A83 148
MOVE A84 148
MOVE A85 148
MOVE A86 148
MOVE A87 148
MOVE A89 115
MOVE A90 115
MOVE A91 115
MOVE A92 99
MOVE A93 99
MOVE A94 99
MOVE A95 73
MOVE A96 73
MOVE A97 73
MOVE A98 57
MOVE A99 57
DAMAGE HUNGER B19 1
DAMAGE HUNGER B20 1
DAMAGE HUNGER B21 1
DAMAGE HUNGER B22 1
DAMAGE HUNGER B23 1
DAMAGE HUNGER B24 1
DAMAGE HUNGER B25 1
DAMAGE HUNGER B26 1
END TURN 223
TURN 224
COMMAND LEFT START
MOVE A47 203
TRAIN 3
COMMAND LEFT END
COMMAND RIGHT START
COMMAND RIGHT END
TURN 224 RESULT
TIME LEFT 1 5 RIGHT 60 5
TRAIN A100 A101 A102
MOVE A42 147
MOVE A44 183
MOVE A45 129
MOVE A47 131
MOVE A49 162
MOVE A50 162
MOVE A51 162
MOVE A52 162
MOVE A53 162
MOVE A54 162
MOVE A55 162
MOVE A56 162
MOVE A57 162
MOVE A65 162
MOVE A66 162
MOVE A67 115
MOVE A68 115
MOVE A69 115
MOVE A72 162
MOVE A73 162
MOVE A74 162
MOVE A75 162
MOVE A76 162
MOVE A77 162
MOVE A78 162
MOVE A79 162
MOVE A80 205
MOVE A81 162
MOVE A82 162
MOVE A83 162
MOVE A84 162
MOVE A85 162
MOVE A86 162
MOVE A87 162
MOVE A92 115
MOVE A93 115
MOVE A94 115
MOVE A95 99
MOVE A96 99
MOVE A97 99
MOVE A98 73
MOVE A99 73
DAMAGE HUNGER B19 1
DAMAGE HUNGER B20 1
DAMAGE HUNGER B21 1
DAMAGE HUNGER B22 1
DAMAGE HUNGER B23 1
DAMAGE HUNGER B24 1
DAMAGE HUNGER B25 1
END TURN 224
TURN 225
COMMAND LEFT START
MOVE A102 115
MOVE A101 115
MOVE A100 115
TRAIN 3
COMMAND LEFT END
COMMAND RIGHT START
COMMAND RIGHT END
TURN 225 RESULT
TIME LEFT 1 5 RIGHT 60 5
TRAIN A103 A104 A105
MOVE A42 153
MOVE A44 192
MOVE A45 140
MOVE A47 157
MOVE A49 175
MOVE A50 175
MOVE A51 175
MOVE A52 175
MOVE A53 175
MOVE A54 175
MOVE A55 175
MOVE A56 175
MOVE A57 175
MOVE A65 175
MOVE A66 175
MOVE A72 175
MOVE A73 175
MOVE A74 175
MOVE A75 175
MOVE A76 175
MOVE A77 175
MOVE A78 175
MOVE A79 175
MOVE A80 216
MOVE A81 175
MOVE A82 175
MOVE A83 175
MOVE A84 175
MOVE A85 175
MOVE A86 175
MOVE A87 175
MOVE A95 115
MOVE A96 115
MOVE A97 115
MOVE A98 99
MOVE A99 99
MOVE A100 5
MOVE A101 5
MOVE A102 5
DAMAGE HUNGER B19 1
DAMAGE HUNGER B20 1
DAMAGE HUNGER B21 1
DAMAGE HUNGER B22 1
DAMAGE HUNGER B23 1
DAMAGE HUNGER B24 1
DAMAGE HUNGER B25 1
END TURN 225
TURN 226
COMMAND LEFT START
MOVE A97 223
MOVE A105 115
MOVE A104 115
MOVE A103 115
UPGRADE 216
TRAIN 2
COMMAND LEFT END
COMMAND RIGHT START
MOVE B6 187
MOVE B7 187
MOVE B8 187
MOVE B11 187
MOVE B12 187
MOVE B13 187
MOVE B15 187
MOVE B16 187
MOVE B17 187
MOVE B18 187
MOVE B3 230
COMMAND RIGHT END
TURN 226 RESULT
TIME LEFT 1 5 RIGHT 29 5
UPGRADE A 216
TRAIN A106 A107
MOVE A42 159
MOVE A44 203
MOVE A45 147
MOVE A47 170
MOVE A49 187
MOVE A50 187
MOVE A51 187
MOVE A52 187
MOVE A53 187
MOVE A54 187
MOVE A55 187
MOVE A56 187
MOVE A57 187
MOVE A65 187
MOVE A66 187
MOVE A72 187
MOVE A73 187
MOVE A74 187
MOVE A75 187
MOVE A76 187
MOVE A77 187
MOVE A78 187
MOVE A79 187
MOVE A81 187
MOVE A82 187
MOVE A83 187
MOVE A84 187
MOVE A85 187
MOVE A86 187
MOVE A87 187
MOVE A97 131
MOVE A98 115
MOVE A99 115
MOVE A100 23
MOVE A101 23
MOVE A102 23
MOVE A103 5
MOVE A104 5
MOVE A105 5
MOVE B3 193
MOVE B6 179
MOVE B7 179
MOVE B8 179
MOVE B11 179
MOVE B12 179
MOVE B13 179
MOVE B15 179
MOVE B16 179
MOVE B17 179
MOVE B18 179
DAMAGE TURRET A49 1
DAMAGE COMBAT A49 1
DAMAGE COMBAT B14 4
DAMAGE HUNGER B11 1
DAMAGE HUNGER B12 1
DAMAGE HUNGER B13 1
DAMAGE HUNGER B15 1
DAMAGE HUNGER B16 1
DAMAGE HUNGER B17 1
DAMAGE HUNGER B18 1
SIEGE B 187 6
END TURN 226
TURN 227
COMMAND LEFT START
MOVE A49 115
MOVE A50 115
MOVE A51 115
MOVE A52 115
MOVE A53 115
MOVE A54 115
MOVE A55 115
MOVE A56 115
MOVE A57 115
MOVE A65 115
MOVE A66 115
MOVE A72 115
MOVE A73 115
MOVE A74 115
MOVE A75 115
MOVE A76 115
MOVE A77 115
MOVE A78 115
MOVE A79 115
MOVE A81 115
MOVE A82 115
MOVE A83 115
MOVE A84 115
MOVE A85 115
MOVE A86 115
MOVE A107 115
MOVE A106 115
UPGRADE 187
UPGRADE 216
COMMAND LEFT END
COMMAND RIGHT START
COMMAND RIGHT END
TURN 227 RESULT
TIME LEFT 2 5 RIGHT 3 5
UPGRADE A 187
UPGRADE A 216
MOVE A42 165
MOVE A45 153
MOVE A47 183
MOVE A49 175
MOVE A50 175
MOVE A51 175
MOVE A52 175
MOVE A53 175
MOVE A54 175
MOVE A55 175
MOVE A56 175
MOVE A57 175
MOVE A65 175
MOVE A66 175
MOVE A72 175
MOVE A73 175
MOVE A74 175
MOVE A75 175
MOVE A76 175
MOVE A77 175
MOVE A78 175
MOVE A79 175
MOVE A81 175
MOVE A82 175
MOVE A83 175
MOVE A84 175
MOVE A85 175
MOVE A86 175
MOVE A97 157
MOVE A100 41
MOVE A101 41
MOVE A102 41
MOVE A103 23
MOVE A104 23
MOVE A105 23
MOVE A106 5
MOVE A107 5
MOVE B3 213
MOVE B6 180
MOVE B7 180
MOVE B8 180
MOVE B11 180
MOVE B12 180
MOVE B13 180
MOVE B15 180
MOVE B16 180
MOVE B17 180
MOVE B18 180
DAMAGE HUNGER B12 1
DAMAGE HUNGER B13 1
DAMAGE HUNGER B15 1
DAMAGE HUNGER B16 1
DAMAGE HUNGER B17 1
DAMAGE HUNGER B18 1
END TURN 227
TURN 228
COMMAND LEFT START
MOVE A48 216
UPGRADE 187
COMMAND LEFT END
COMMAND RIGHT START
COMMAND RIGHT END
TURN 228 RESULT
TIME LEFT 1 5 RIGHT 3 5
UPGRADE A 187
MOVE A45 159
MOVE A47 192
MOVE A48 128
MOVE A49 162
MOVE A50 162
MOVE A51 162
MOVE A52 162
MOVE A53 162
MOVE A54 162
MOVE A55 162
MOVE A56 162
MOVE A57 162
MOVE A65 162
MOVE A66 162
MOVE A72 162
MOVE A73 162
MOVE A74 162
MOVE A75 162
MOVE A76 162
MOVE A77 162
MOVE A78 162
MOVE A79 162
MOVE A81 162
MOVE A82 162
MOVE A83 162
MOVE A84 162
MOVE A85 162
MOVE A86 162
MOVE A97 173
MOVE A100 57
MOVE A101 57
MOVE A102 57
MOVE A103 41
MOVE A104 41
MOVE A105 41
MOVE A106 23
MOVE A107 23
MOVE B3 225
MOVE B6 183
MOVE B7 183
MOVE B8 183
MOVE B11 183
MOVE B12 183
MOVE B13 183
MOVE B15 183
MOVE B16 183
MOVE B17 183
MOVE B18 183
DAMAGE HUNGER B11 1
DAMAGE HUNGER B12 1
DAMAGE HUNGER B13 1
DAMAGE HUNGER B15 1
DAMAGE HUNGER B16 1
DAMAGE HUNGER B17 1
DAMAGE HUNGER B18 1
END TURN 228
TURN 229
COMMAND LEFT START
MOVE A59 187
UPGRADE 187
COMMAND LEFT END
COMMAND RIGHT START
COMMAND RIGHT END
TURN 229 RESULT
TIME LEFT 1 5 RIGHT 9 5
UPGRADE A 187
MOVE A45 165
MOVE A47 203
MOVE A48 138
MOVE A49 148
MOVE A50 148
MOVE A51 148
MOVE A52 148
MOVE A53 148
MOVE A54 148
MOVE A55 148
MOVE A56 148
MOVE A57 148
MOVE A59 131
MOVE A65 148
MOVE A66 148
MOVE A72 148
MOVE A73 148
MOVE A74 148
MOVE A75 148
MOVE A76 148
MOVE A77 148
MOVE A78 148
MOVE A79 148
MOVE A81 148
MOVE A82 148
MOVE A83 148
MOVE A84 148
MOVE A85 148
MOVE A86 148
MOVE A97 189
MOVE A100 73
MOVE A101 73
MOVE A102 73
MOVE A103 57
MOVE A104 57
MOVE A105 57
MOVE A106 41
MOVE A107 41
MOVE B3 230
MOVE B6 170
MOVE B7 170
MOVE B8 170
MOVE B11 170
MOVE B12 170
MOVE B13 170
MOVE B15 170
MOVE B16 170
MOVE B17 170
MOVE B18 170
END TURN 229
TURN 230
COMMAND LEFT START
MOVE A60 187
UPGRADE 216
COMMAND LEFT END
COMMAND RIGHT START
COMMAND RIGHT END
TURN 230 RESULT
TIME LEFT 1 5 RIGHT 11 5
UPGRADE A 216
MOVE A48 149
MOVE A49 131
MOVE A50 131
MOVE A51 131
MOVE A52 131
MOVE A53 131
MOVE A54 131
MOVE A55 131
MOVE A56 131
MOVE A57 131
MOVE A59 148
MOVE A60 131
MOVE A65 131
MOVE A66 131
MOVE A72 131
MOVE A73 131
MOVE A74 131
MOVE A75 131
MOVE A76 131
MOVE A77 131
MOVE A78 131
MOVE A79 131
MOVE A81 131
MOVE A82 131
MOVE A83 131
MOVE A84 131
MOVE A85 131
MOVE A86 131
MOVE A97 207
MOVE A100 99
MOVE A101 99
MOVE A102 99
MOVE A103 73
MOVE A104 73
MOVE A105 73
MOVE A106 57
MOVE A107 57
MOVE B6 173
MOVE B7 173
MOVE B8 173
MOVE B11 173
MOVE B12 173
MOVE B13 173
MOVE B15 173
MOVE B16 173
MOVE B17 173
MOVE B18 173
END TURN 230
TURN 231
COMMAND LEFT START
MOVE A61 216
MOVE A99 181
COMMAND LEFT END
COMMAND RIGHT START
COMMAND RIGHT END
TURN 231 RESULT
TIME LEFT 1 5 RIGHT 11 5
MOVE A48 171
MOVE A49 115
MOVE A50 115
MOVE A51 115
MOVE A52 115
MOVE A53 115
MOVE A54 115
MOVE A55 115
MOVE A56 115
MOVE A57 115
MOVE A59 162
MOVE A60 148
MOVE A61 128
MOVE A65 115
MOVE A66 115
MOVE A72 115
MOVE A73 115
MOVE A74 115
MOVE A75 115
MOVE A76 115
MOVE A77 115
MOVE A78 115
MOVE A79 115
MOVE A81 115
MOVE A82 115
MOVE A83 115
MOVE A84 115
MOVE A85 115
MOVE A86 115
MOVE A97 223
MOVE A99 125
MOVE A100 115
MOVE A101 115
MOVE A102 115
MOVE A103 99
MOVE A104 99
MOVE A105 99
MOVE A106 73
MOVE A107 73
MOVE B6 182
MOVE B7 182
MOVE B8 182
MOVE B11 182
MOVE B12 182
MOVE B13 182
MOVE B15 182
MOVE B16 182
MOVE B17 182
MOVE B18 182
DAMAGE TURRET A97 2
SIEGE B 223 1
END TURN 231
TURN 232
COMMAND LEFT START
MOVE A23 187
MOVE A28 187
MOVE A33 187
MOVE A97 203
MOVE A49 137
MOVE A50 137
MOVE A51 143
TRAIN 3
COMMAND LEFT END
COMMAND RIGHT START
COMMAND RIGHT END
TURN 232 RESULT
TIME LEFT 2 5 RIGHT 8 5
TRAIN A108 A109 A110
MOVE A23 149
MOVE A28 149
MOVE A33 145
MOVE A48 188
MOVE A49 128
MOVE A50 128
MOVE A51 128
MOVE A59 175
MOVE A60 162
MOVE A61 138
MOVE A97 217
MOVE A99 136
MOVE A103 115
MOVE A104 115
MOVE A105 115
MOVE A106 99
MOVE A107 99
MOVE B6 187
MOVE B7 187
MOVE B8 187
MOVE B11 187
MOVE B12 187
MOVE B13 187
MOVE B15 187
MOVE B16 187
MOVE B17 187
MOVE B18 187
DAMAGE TURRET B12 2
DAMAGE COMBAT A87 8
DAMAGE COMBAT B13 1
SIEGE A 187 2
END TURN 232
TURN 233
COMMAND LEFT START
MOVE A105 223
MOVE A104 223
MOVE A103 223
MOVE A102 223
MOVE A101 223
MOVE A100 223
MOVE A98 223
MOVE A96 223
MOVE A95 223
MOVE A94 223
MOVE A93 223
MOVE A92 223
MOVE A91 223
MOVE A90 223
MOVE A89 223
MOVE A88 223
MOVE A86 223
MOVE A85 223
MOVE A84 223
MOVE A83 223
MOVE A82 223
MOVE A81 223
MOVE A79 223
MOVE A78 223
MOVE A77 223
MOVE A76 223
MOVE A75 223
MOVE A74 223
MOVE A73 223
MOVE A72 223
MOVE A69 223
MOVE A68 223
MOVE A67 223
MOVE A66 223
MOVE A65 223
MOVE A63 223
MOVE A62 223
MOVE A57 223
MOVE A56 223
MOVE A55 223
MOVE A54 223
COMMAND LEFT END
COMMAND RIGHT START
MOVE B6 230
MOVE B7 230
MOVE B8 230
MOVE B11 230
MOVE B13 230
MOVE B15 230
MOVE B16 230
MOVE B17 230
MOVE B18 230
COMMAND RIGHT END
TURN 233 RESULT
TIME LEFT 1 5 RIGHT 10 5
MOVE A23 171
MOVE A28 171
MOVE A33 152
MOVE A48 200
MOVE A49 137
MOVE A50 137
MOVE A51 124
MOVE A54 131
MOVE A55 131
MOVE A56 131
MOVE A57 131
MOVE A59 187
MOVE A60 175
MOVE A61 149
MOVE A62 131
MOVE A63 131
MOVE A65 131
MOVE A66 131
MOVE A67 131
MOVE A68 131
MOVE A69 131
MOVE A72 131
MOVE A73 131
MOVE A74 131
MOVE A75 131
MOVE A76 131
MOVE A77 131
MOVE A78 131
MOVE A79 131
MOVE A81 131
MOVE A82 131
MOVE A83 131
MOVE A84 131
MOVE A85 131
MOVE A86 131
MOVE A88 131
MOVE A89 131
MOVE A90 131
MOVE A91 131
MOVE A92 131
MOVE A93 131
MOVE A94 131
MOVE A95 131
MOVE A96 131
MOVE A97 212
MOVE A98 131
MOVE A99 146
MOVE A100 131
MOVE A101 131
MOVE A102 131
MOVE A103 131
MOVE A104 131
MOVE A105 131
MOVE A106 115
MOVE A107 115
MOVE B6 193
MOVE B7 193
MOVE B8 193
MOVE B11 193
MOVE B13 193
MOVE B15 193
MOVE B16 193
MOVE B17 193
MOVE B18 193
END TURN 233
TURN 234
COMMAND LEFT START
MOVE A110 115
MOVE A109 115
MOVE A108 115
TRAIN 3
COMMAND LEFT END
COMMAND RIGHT START
COMMAND RIGHT END
TURN 234 RESULT
TIME LEFT 0 5 RIGHT 13 5
TRAIN A111 A112 A113
MOVE A23 187
MOVE A28 187
MOVE A33 171
MOVE A48 206
MOVE A51 132
MOVE A54 157
MOVE A55 157
MOVE A56 157
MOVE A57 157
MOVE A60 187
MOVE A61 171
MOVE A62 157
MOVE A63 157
MOVE A65 157
MOVE A66 157
MOVE A67 157
MOVE A68 157
MOVE A69 157
MOVE A72 157
MOVE A73 157
MOVE A74 157
MOVE A75 157
MOVE A76 157
MOVE A77 157
MOVE A78 157
MOVE A79 157
MOVE A81 157
MOVE A82 157
MOVE A83 157
MOVE A84 157
MOVE A85 157
MOVE A86 157
MOVE A88 157
MOVE A89 157
MOVE A90 157
MOVE A91 157
MOVE A92 157
MOVE A93 157
MOVE A94 157
MOVE A95 157
MOVE A96 157
MOVE A97 203
MOVE A98 157
MOVE A99 161
MOVE A100 157
MOVE A101 157
MOVE A102 157
MOVE A103 157
MOVE A104 157
MOVE A105 157
MOVE A108 5
MOVE A109 5
MOVE A110 5
MOVE B6 213
MOVE B7 213
MOVE B8 213
MOVE B11 213
MOVE B13 213
MOVE B15 213
MOVE B16 213
MOVE B17 213
MOVE B18 213
END TURN 234
TURN 235
COMMAND LEFT START
MOVE A113 115
MOVE A112 115
MOVE A111 115
MOVE A60 115
MOVE A97 115
TRAIN 3
COMMAND LEFT END
COMMAND RIGHT START
COMMAND RIGHT END
TURN 235 RESULT
TIME LEFT 0 5 RIGHT 14 5
TRAIN A114 A115 A116
MOVE A33 187
MOVE A48 216
MOVE A51 143
MOVE A54 173
MOVE A55 173
MOVE A56 173
MOVE A57 173
MOVE A60 175
MOVE A61 188
MOVE A62 173
MOVE A63 173
MOVE A65 173
MOVE A66 173
MOVE A67 173
MOVE A68 173
MOVE A69 173
MOVE A72 173
MOVE A73 173
MOVE A74 173
MOVE A75 173
MOVE A76 173
MOVE A77 173
MOVE A78 173
MOVE A79 173
MOVE A81 173
MOVE A82 173
MOVE A83 173
MOVE A84 173
MOVE A85 173
MOVE A86 173
MOVE A88 173
MOVE A89 173
MOVE A90 173
MOVE A91 173
MOVE A92 173
MOVE A93 173
MOVE A94 173
MOVE A95 173
MOVE A96 173
MOVE A97 192
MOVE A98 173
MOVE A99 179
MOVE A100 173
MOVE A101 173
MOVE A102 173
MOVE A103 173
MOVE A104 173
MOVE A105 173
MOVE A108 23
MOVE A109 23
MOVE A110 23
MOVE A111 5
MOVE A112 5
MOVE A113 5
MOVE B6 225
MOVE B7 225
MOVE B8 225
MOVE B11 225
MOVE B13 225
MOVE B15 225
MOVE B16 225
MOVE B17 225
MOVE B18 225
END TURN 235
TURN 236
COMMAND LEFT START
MOVE A116 115
MOVE A59 115
MOVE A115 115
MOVE A114 115
TRAIN 3
COMMAND LEFT END
COMMAND RIGHT START
COMMAND RIGHT END
TURN 236 RESULT
TIME LEFT 0 5 RIGHT 13 5
TRAIN A117 A118 A119
MOVE A54 189
MOVE A55 189
MOVE A56 189
MOVE A57 189
MOVE A59 175
MOVE A60 162
MOVE A61 200
MOVE A62 189
MOVE A63 189
MOVE A65 189
MOVE A66 189
MOVE A67 189
MOVE A68 189
MOVE A69 189
MOVE A72 189
MOVE A73 189
MOVE A74 189
MOVE A75 189
MOVE A76 189
MOVE A77 189
MOVE A78 189
MOVE A79 189
MOVE A81 189
MOVE A82 189
MOVE A83 189
MOVE A84 189
MOVE A85 189
MOVE A86 189
MOVE A88 189
MOVE A89 189
MOVE A90 189
MOVE A91 189
MOVE A92 189
MOVE A93 189
MOVE A94 189
MOVE A95 189
MOVE A96 189
MOVE A97 183
MOVE A98 189
MOVE A99 181
MOVE A100 189
MOVE A101 189
MOVE A102 189
MOVE A103 189
MOVE A104 189
MOVE A105 189
MOVE A108 41
MOVE A109 41
MOVE A110 41
MOVE A111 23
MOVE A112 23
MOVE A113 23
MOVE A114 5
MOVE A115 5
MOVE A116 5
MOVE B6 230
MOVE B7 230
MOVE B8 230
MOVE B11 230
MOVE B13 230
MOVE B15 230
MOVE B16 230
MOVE B17 230
MOVE B18 230
END TURN 236
TURN 237
COMMAND LEFT START
MOVE A119 115
MOVE A118 115
MOVE A117 115
UPGRADE 181
TRAIN 3
COMMAND LEFT END
COMMAND RIGHT START
COMMAND RIGHT END
TURN 237 RESULT
TIME LEFT 0 5 RIGHT 14 5
UPGRADE A 181
TRAIN A120 A121 A122
MOVE A54 207
MOVE A55 207
MOVE A56 207
MOVE A57 207
MOVE A59 162
MOVE A60 148
MOVE A61 206
MOVE A62 207
MOVE A63 207
MOVE A65 207
MOVE A66 207
MOVE A67 207
MOVE A68 207
MOVE A69 207
MOVE A72 207
MOVE A73 207
MOVE A74 207
MOVE A75 207
MOVE A76 207
MOVE A77 207
MOVE A78 207
MOVE A79 207
MOVE A81 207
MOVE A82 207
MOVE A83 207
MOVE A84 207
MOVE A85 207
MOVE A86 207
MOVE A88 207
MOVE A89 207
MOVE A90 207
MOVE A91 207
MOVE A92 207
MOVE A93 207
MOVE A94 207
MOVE A95 207
MOVE A96 207
MOVE A97 170
MOVE A98 207
MOVE A100 207
MOVE A101 207
MOVE A102 207
MOVE A103 207
MOVE A104 207
MOVE A105 207
MOVE A108 57
MOVE A109 57
MOVE A110 57
MOVE A111 41
MOVE A112 41
MOVE A113 41
MOVE A114 23
MOVE A115 23
MOVE A116 23
MOVE A117 5
MOVE A118 5
MOVE A119 5
END TURN 237
TURN 238
COMMAND LEFT START
MOVE A122 115
MOVE A121 115
MOVE A120 115
UPGRADE 181
TRAIN 3
COMMAND LEFT END
COMMAND RIGHT START
MOVE B2 223
MOVE B3 223
MOVE B6 223
MOVE B7 223
MOVE B8 223
MOVE B11 223
MOVE B15 223
MOVE B16 223
MOVE B17 223
MOVE B18 223
COMMAND RIGHT END
TURN 238 RESULT
TIME LEFT 0 5 RIGHT 17 5
UPGRADE A 181
TRAIN A123 A124 A125
MOVE A54 223
MOVE A55 223
MOVE A56 223
MOVE A57 223
MOVE A59 148
MOVE A60 131
MOVE A61 216
MOVE A62 223
MOVE A63 223
MOVE A65 223
MOVE A66 223
MOVE A67 223
MOVE A68 223
MOVE A69 223
MOVE A72 223
MOVE A73 223
MOVE A74 223
MOVE A75 223
MOVE A76 223
MOVE A77 223
MOVE A78 223
MOVE A79 223
MOVE A81 223
MOVE A82 223
MOVE A83 223
MOVE A84 223
MOVE A85 223
MOVE A86 223
MOVE A88 223
MOVE A89 223
MOVE A90 223
MOVE A91 223
MOVE A92 223
MOVE A93 223
MOVE A94 223
MOVE A95 223
MOVE A96 223
MOVE A97 157
MOVE A98 223
MOVE A100 223
MOVE A101 223
MOVE A102 223
MOVE A103 223
MOVE A104 223
MOVE A105 223
MOVE A108 73
MOVE A109 73
MOVE A110 73
MOVE A111 57
MOVE A112 57
MOVE A113 57
MOVE A114 41
MOVE A115 41
MOVE A116 41
MOVE A117 23
MOVE A118 23
MOVE A119 23
MOVE A120 5
MOVE A121 5
MOVE A122 5
MOVE B2 223
MOVE B3 223
MOVE B6 223
MOVE B7 223
MOVE B8 223
MOVE B11 223
MOVE B15 223
MOVE B16 223
MOVE B17 223
MOVE B18 223
DAMAGE TURRET A54 1
DAMAGE TURRET A67 1
DAMAGE COMBAT A54 7
DAMAGE COMBAT A55 3
DAMAGE COMBAT B2 2
DAMAGE COMBAT B3 3
DAMAGE COMBAT B6 3
DAMAGE COMBAT B7 5
DAMAGE COMBAT B8 5
DAMAGE COMBAT B11 3
DAMAGE COMBAT B15 2
DAMAGE COMBAT B16 2
DAMAGE COMBAT B17 2
DAMAGE COMBAT B18 2
SIEGE B 223 12
END TURN 238
TURN 239
COMMAND LEFT START
MOVE A52 181
MOVE A125 115
MOVE A124 115
MOVE A123 115
UPGRADE 181
TRAIN 3
COMMAND LEFT END
COMMAND RIGHT START
COMMAND RIGHT END
TURN 239 RESULT
TIME LEFT 0 5 RIGHT 10 5
UPGRADE A 181
TRAIN A126 A127 A128
MOVE A52 125
MOVE A59 131
MOVE A60 115
MOVE A97 131
MOVE A108 99
MOVE A109 99
MOVE A110 99
MOVE A111 73
MOVE A112 73
MOVE A113 73
MOVE A114 57
MOVE A115 57
MOVE A116 57
MOVE A117 41
MOVE A118 41
MOVE A119 41
MOVE A120 23
MOVE A121 23
MOVE A122 23
MOVE A123 5
MOVE A124 5
MOVE A125 5
DAMAGE TURRET A55 2
SIEGE B 223 5
END TURN 239
TURN 240
COMMAND LEFT START
MOVE A53 181
MOVE A55 115
MOVE A56 115
MOVE A57 115
MOVE A62 115
MOVE A63 115
MOVE A65 115
MOVE A66 115
MOVE A68 115
MOVE A69 115
MOVE A72 115
MOVE A73 115
MOVE A74 115
MOVE A75 115
MOVE A76 115
MOVE A77 115
MOVE A78 115
MOVE A79 115
MOVE A81 115
MOVE A82 115
MOVE A83 115
MOVE A84 115
MOVE A85 115
MOVE A86 115
MOVE A88 115
MOVE A89 115
MOVE A90 115
MOVE A91 115
MOVE A92 115
MOVE A93 115
MOVE A94 115
MOVE A95 115
MOVE A96 115
MOVE A98 115
MOVE A100 115
MOVE A101 115
MOVE A102 115
MOVE A103 115
MOVE A104 115
MOVE A128 115
MOVE A127 115
MOVE A126 115
UPGRADE 223
TRAIN 1
COMMAND LEFT END
COMMAND RIGHT START
COMMAND RIGHT END
TURN 240 RESULT
TIME LEFT 1 5 RIGHT 1 5
UPGRADE A 223
TRAIN A129
MOVE A52 136
MOVE A53 125
MOVE A55 207
MOVE A56 207
MOVE A57 207
MOVE A59 115
MOVE A62 207
MOVE A63 207
MOVE A65 207
MOVE A66 207
MOVE A68 207
MOVE A69 207
MOVE A72 207
MOVE A73 207
MOVE A74 207
MOVE A75 207
MOVE A76 207
MOVE A77 207
MOVE A78 207
MOVE A79 207
MOVE A81 207
MOVE A82 207
MOVE A83 207
MOVE A84 207
MOVE A85 207
MOVE A86 207
MOVE A88 207
MOVE A89 207
MOVE A90 207
MOVE A91 207
MOVE A92 207
MOVE A93 207
MOVE A94 207
MOVE A95 207
MOVE A96 207
MOVE A97 115
MOVE A98 207
MOVE A100 207
MOVE A101 207
MOVE A102 207
MOVE A103 207
MOVE A104 207
MOVE A108 115
MOVE A109 115
MOVE A110 115
MOVE A111 99
MOVE A112 99
MOVE A113 99
MOVE A114 73
MOVE A115 73
MOVE A116 73
MOVE A117 57
MOVE A118 57
MOVE A119 57
MOVE A120 41
MOVE A121 41
MOVE A122 41
MOVE A123 23
MOVE A124 23
MOVE A125 23
MOVE A126 5
MOVE A127 5
MOVE A128 5
END TURN 240
TURN 241
COMMAND LEFT START
MOVE A129 115
TRAIN 3
COMMAND LEFT END
COMMAND RIGHT START
COMMAND RIGHT END
TURN 241 RESULT
TIME LEFT 1 5 RIGHT 2 5
TRAIN A130 A131 A132
MOVE A52 146
MOVE A53 136
MOVE A55 189
MOVE A56 189
MOVE A57 189
MOVE A62 189
MOVE A63 189
MOVE A65 189
MOVE A66 189
MOVE A68 189
MOVE A69 189
MOVE A72 189
MOVE A73 189
MOVE A74 189
MOVE A75 189
MOVE A76 189
MOVE A77 189
MOVE A78 189
MOVE A79 189
MOVE A81 189
MOVE A82 189
MOVE A83 189
MOVE A84 189
MOVE A85 189
MOVE A86 189
MOVE A88 189
MOVE A89 189
MOVE A90 189
MOVE A91 189
MOVE A92 189
MOVE A93 189
MOVE A94 189
MOVE A95 189
MOVE A96 189
MOVE A98 189
MOVE A100 189
MOVE A101 189
MOVE A102 189
MOVE A103 189
MOVE A104 189
MOVE A111 115
MOVE A112 115
MOVE A113 115
MOVE A114 99
MOVE A115 99
MOVE A116 99
MOVE A117 73
MOVE A118 73
MOVE A119 73
MOVE A120 57
MOVE A121 57
MOVE A122 57
MOVE A123 41
MOVE A124 41
MOVE A125 41
MOVE A126 23
MOVE A127 23
MOVE A128 23
MOVE A129 5
END TURN 241
TURN 242
COMMAND LEFT START
MOVE A132 115
MOVE A131 115
MOVE A130 115
TRAIN 3
COMMAND LEFT END
COMMAND RIGHT START
COMMAND RIGHT END
TURN 242 RESULT
TIME LEFT 1 5 RIGHT 3 5
TRAIN A133 A134 A135
MOVE A52 161
MOVE A53 146
MOVE A55 173
MOVE A56 173
MOVE A57 173
MOVE A62 173
MOVE A63 173
MOVE A65 173
MOVE A66 173
MOVE A68 173
MOVE A69 173
MOVE A72 173
MOVE A73 173
MOVE A74 173
MOVE A75 173
MOVE A76 173
MOVE A77 173
MOVE A78 173
MOVE A79 173
MOVE A81 173
MOVE A82 173
MOVE A83 173
MOVE A84 173
MOVE A85 173
MOVE A86 173
MOVE A88 173
MOVE A89 173
MOVE A90 173
MOVE A91 173
MOVE A92 173
MOVE A93 173
MOVE A94 173
MOVE A95 173
MOVE A96 173
MOVE A98 173
MOVE A100 173
MOVE A101 173
MOVE A102 173
MOVE A103 173
MOVE A104 173
MOVE A114 115
MOVE A115 115
MOVE A116 115
MOVE A117 99
MOVE A118 99
MOVE A119 99
MOVE A120 73
MOVE A121 73
MOVE A122 73
MOVE A123 57
MOVE A124 57
MOVE A125 57
MOVE A126 41
MOVE A127 41
MOVE A128 41
MOVE A129 23
MOVE A130 5
MOVE A131 5
MOVE A132 5
END TURN 242
TURN 243
COMMAND LEFT START
MOVE A116 230
MOVE A115 230
MOVE A114 230
MOVE A113 230
MOVE A112 230
MOVE A111 230
MOVE A110 230
MOVE A109 230
MOVE A108 230
MOVE A107 230
MOVE A106 230
MOVE A97 230
COMMAND LEFT END
COMMAND RIGHT START
COMMAND RIGHT END
TURN 243 RESULT
TIME LEFT 1 5 RIGHT 2 5
MOVE A52 179
MOVE A53 161
MOVE A55 157
MOVE A56 157
MOVE A57 157
MOVE A62 157
MOVE A63 157
MOVE A65 157
MOVE A66 157
MOVE A68 157
MOVE A69 157
MOVE A72 157
MOVE A73 157
MOVE A74 157
MOVE A75 157
MOVE A76 157
MOVE A77 157
MOVE A78 157
MOVE A79 157
MOVE A81 157
MOVE A82 157
MOVE A83 157
MOVE A84 157
MOVE A85 157
MOVE A86 157
MOVE A88 157
MOVE A89 157
MOVE A90 157
MOVE A91 157
MOVE A92 157
MOVE A93 157
MOVE A94 157
MOVE A95 157
MOVE A96 157
MOVE A97 131
MOVE A98 157
MOVE A100 157
MOVE A101 157
MOVE A102 157
MOVE A103 157
MOVE A104 157
MOVE A106 131
MOVE A107 131
MOVE A108 131
MOVE A109 131
MOVE A110 131
MOVE A111 131
MOVE A112 131
MOVE A113 131
MOVE A114 131
MOVE A115 131
MOVE A116 131
MOVE A117 115
MOVE A118 115
MOVE A119 115
MOVE A120 99
MOVE A121 99
MOVE A122 99
MOVE A123 73
MOVE A124 73
MOVE A125 73
MOVE A126 57
MOVE A127 57
MOVE A128 57
MOVE A129 41
MOVE A130 23
MOVE A131 23
MOVE A132 23
END TURN 243
TURN 244
COMMAND LEFT START
TRAIN 3
COMMAND LEFT END
COMMAND RIGHT START
COMMAND RIGHT END
TURN 244 RESULT
TIME LEFT 0 5 RIGHT 2 5
TRAIN A136 A137 A138
MOVE A52 181
MOVE A53 179
MOVE A55 131
MOVE A56 131
MOVE A57 131
MOVE A62 131
MOVE A63 131
MOVE A65 131
MOVE A66 131
MOVE A68 131
MOVE A69 131
MOVE A72 131
MOVE A73 131
MOVE A74 131
MOVE A75 131
MOVE A76 131
MOVE A77 131
MOVE A78 131
MOVE A79 131
MOVE A81 131
MOVE A82 131
MOVE A83 131
MOVE A84 131
MOVE A85 131
MOVE A86 131
MOVE A88 131
MOVE A89 131
MOVE A90 131
MOVE A91 131
MOVE A92 131
MOVE A93 131
MOVE A94 131
MOVE A95 131
MOVE A96 131
MOVE A97 157
MOVE A98 131
MOVE A100 131
MOVE A101 131
MOVE A102 131
MOVE A103 131
MOVE A104 131
MOVE A106 157
MOVE A107 157
MOVE A108 157
MOVE A109 157
MOVE A110 157
MOVE A111 157
MOVE A112 157
MOVE A113 157
MOVE A114 157
MOVE A115 157
MOVE A116 157
MOVE A120 115
MOVE A121 115
MOVE A122 115
MOVE A123 99
MOVE A124 99
MOVE A125 99
MOVE A126 73
MOVE A127 73
MOVE A128 73
MOVE A129 57
MOVE A130 41
MOVE A131 41
MOVE A132 41
END TURN 244
TURN 245
COMMAND LEFT START
TRAIN 3
COMMAND LEFT END
COMMAND RIGHT START
COMMAND RIGHT END
TURN 245 RESULT
TIME LEFT 0 5 RIGHT 3 5
TRAIN A139 A140 A141
MOVE A53 181
MOVE A55 115
MOVE A56 115
MOVE A57 115
MOVE A62 115
MOVE A63 115
MOVE A65 115
MOVE A66 115
MOVE A68 115
MOVE A69 115
MOVE A72 115
MOVE A73 115
MOVE A74 115
MOVE A75 115
MOVE A76 115
MOVE A77 115
MOVE A78 115
MOVE A79 115
MOVE A81 115
MOVE A82 115
MOVE A83 115
MOVE A84 115
MOVE A85 115
MOVE A86 115
MOVE A88 115
MOVE A89 115
MOVE A90 115
MOVE A91 115
MOVE A92 115
MOVE A93 115
MOVE A94 115
MOVE A95 115
MOVE A96 115
MOVE A97 173
MOVE A98 115
MOVE A100 115
MOVE A101 115
MOVE A102 115
MOVE A103 115
MOVE A104 115
MOVE A106 173
MOVE A107 173
MOVE A108 173
MOVE A109 173
MOVE A110 173
MOVE A111 173
MOVE A112 173
MOVE A113 173
MOVE A114 173
MOVE A115 173
MOVE A116 173
MOVE A123 115
MOVE A124 115
MOVE A125 115
MOVE A126 99
MOVE A127 99
MOVE A128 99
MOVE A129 73
MOVE A130 57
MOVE A131 57
MOVE A132 57
END TURN 245
TURN 246
COMMAND LEFT START
TRAIN 3
COMMAND LEFT END
COMMAND RIGHT START
COMMAND RIGHT END
TURN 246 RESULT
TIME LEFT 0 5 RIGHT 3 5
TRAIN A142 A143 A144
MOVE A97 189
MOVE A106 189
MOVE A107 189
MOVE A108 189
MOVE A109 189
MOVE A110 189
MOVE A111 189
MOVE A112 189
MOVE A113 189
MOVE A114 189
MOVE A115 189
MOVE A116 189
MOVE A126 115
MOVE A127 115
MOVE A128 115
MOVE A129 99
MOVE A130 73
MOVE A131 73
MOVE A132 73
END TURN 246
TURN 247
COMMAND LEFT START
TRAIN 3
COMMAND LEFT END
COMMAND RIGHT START
COMMAND RIGHT END
TURN 247 RESULT
TIME LEFT 0 5 RIGHT 3 5
TRAIN A145 A146 A147
MOVE A97 207
MOVE A106 207
MOVE A107 207
MOVE A108 207
MOVE A109 207
MOVE A110 207
MOVE A111 207
MOVE A112 207
MOVE A113 207
MOVE A114 207
MOVE A115 207
MOVE A116 207
MOVE A129 115
MOVE A130 99
MOVE A131 99
MOVE A132 99
END TURN 247
TURN 248
COMMAND LEFT START
TRAIN 3
COMMAND LEFT END
COMMAND RIGHT START
TRAIN 1
COMMAND RIGHT END
TURN 248 RESULT
TIME LEFT 0 5 RIGHT 5 5
TRAIN A148 A149 A150 B44
MOVE A97 225
MOVE A106 225
MOVE A107 225
MOVE A108 225
MOVE A109 225
MOVE A110 225
MOVE A111 225
MOVE A112 225
MOVE A113 225
MOVE A114 225
MOVE A115 225
MOVE A116 225
MOVE A130 115
MOVE A131 115
MOVE A132 115
END TURN 248
TURN 249
COMMAND LEFT START
TRAIN 3
COMMAND LEFT END
COMMAND RIGHT START
COMMAND RIGHT END
TURN 249 RESULT
TIME LEFT 4 5 RIGHT 5 5
TRAIN A151 A152 A153
MOVE A97 230
MOVE A106 230
MOVE A107 230
MOVE A108 230
MOVE A109 230
MOVE A110 230
MOVE A111 230
MOVE A112 230
MOVE A113 230
MOVE A114 230
MOVE A115 230
MOVE A116 230
DAMAGE TURRET A97 2
DAMAGE COMBAT A97 2
DAMAGE COMBAT B13 1
DAMAGE COMBAT B44 5
SIEGE B 230 6
END TURN 249
TURN 250
COMMAND LEFT START
TRAIN 3
COMMAND LEFT END
COMMAND RIGHT START
COMMAND RIGHT END
TURN 250 RESULT
TIME LEFT 0 5 RIGHT 1 5
TRAIN A154 A155 A156
DAMAGE TURRET A97 2
SIEGE B 230 9
END TURN 250
RESULT LEFT_WIN HQ_DESTROYED
