[LEFT ""]
[RIGHT ""]
MAP
231 19
-11011 -10851 -10391 -10394 -10510 -8846 -8961 -9729 -9925 -9576 -8603 -8470 -8399 -8033 -7990 -7640 -7768 -7856 -7526 -7562 -7451 -8295 -7719 -7122 -6897 -7863 -6908 -6913 -6808 -7467 -6641 -6333 -6364 -6202 -5960 -6105 -5876 -6799 -5960 -5565 -5722 -6292 -5508 -5374 -5306 -5171 -4990 -5015 -5035 -4983 -4919 -4950 -5098 -4830 -4606 -4419 -4391 -4384 -4369 -3913 -4019 -4186 -3996 -4319 -3849 -3674 -3766 -3624 -3347 -3425 -3240 -3318 -3440 -3190 -3061 -3167 -2817 -2757 -2789 -2782 -2621 -2581 -3188 -2829 -2413 -2537 -2425 -2258 -2283 -2054 -2098 -2192 -1995 -1764 -1577 -1654 -1476 -1318 -1466 -1212 -1370 -1314 -1158 -1080 -706 -804 -659 -767 -762 -384 -337 -267 -467 -216 63 0 -63 216 467 267 337 384 762 767 659 804 706 1080 1158 1314 1370 1212 1466 1318 1476 1654 1577 1764 1995 2192 2098 2054 2283 2258 2425 2537 2413 2829 3188 2581 2621 2782 2789 2757 2817 3167 3061 3190 3440 3318 3240 3425 3347 3624 3766 3674 3849 4319 3996 4186 4019 3913 4369 4384 4391 4419 4606 4830 5098 4950 4919 4983 5035 5015 4990 5171 5306 5374 5508 6292 5722 5565 5960 6799 5876 6105 5960 6202 6364 6333 6641 7467 6808 6913 6908 7863 6897 7122 7719 8295 7451 7562 7526 7856 7768 7640 7990 8033 8399 8470 8603 9576 9925 9729 8961 8846 10510 10394 10391 10851 11011
1479 -2394 -27 -967 3501 951 -2786 5391 -4101 -5984 1985 3610 -1704 -801 261 3198 -4687 -3576 2211 4563 -2504 6310 -6078 -1373 1536 7567 -3285 476 -4242 -7262 4883 -5132 -514 3083 -3593 -1976 6808 -8773 5704 4449 450 9126 1623 -2840 -6547 -1040 5488 -7404 -203 -5702 -1920 -4550 -9552 3119 6391 -3017 601 1669 7513 -1645 -395 4859 -7436 9492 3693 -4400 2468 -5891 5663 1213 6612 -3242 -8685 -6967 4782 -456 3116 2202 7876 361 -1262 3976 -10729 10672 1295 -2227 -7477 -8653 -6177 -3203 -382 -4561 5978 4429 2965 7416 504 -7945 1975 -10792 9156 -721 -6406 -1852 4359 5849 1432 -3573 -4804 7565 -838 -5944 10791 -8633 -2755 0 2755 8633 -10791 5944 838 -7565 4804 3573 -1432 -5849 -4359 1852 6406 721 -9156 10792 -1975 7945 -504 -7416 -2965 -4429 -5978 4561 382 3203 6177 8653 7477 2227 -1295 -10672 10729 -3976 1262 -361 -7876 -2202 -3116 456 -4782 6967 8685 3242 -6612 -1213 -5663 5891 -2468 4400 -3693 -9492 7436 -4859 395 1645 -7513 -1669 -601 3017 -6391 -3119 9552 4550 1920 5702 203 7404 -5488 1040 6547 2840 -1623 -9126 -450 -4449 -5704 8773 -6808 1976 3593 -3083 514 5132 -4883 7262 4242 -476 3285 -7567 -1536 1373 6078 -6310 2504 -4563 -2211 3576 4687 -3198 -261 801 1704 -3610 -1985 5984 4101 -5391 2786 -951 -3501 967 27 2394 -1479
STRONGHOLDS 2 16 18 21 40 65 76 78 82 115 148 152 154 165 190 209 212 214 228
4 2 4 5 10
3 3 6 8
4 0 3 5 13
5 1 2 6 12 13
4 0 7 10 11
6 0 2 10 13 14 18
6 1 3 8 12 17 20
5 4 11 19 21 25
5 1 6 9 16 17
4 8 16 22 29
6 0 4 5 11 15 18
5 4 7 10 15 19
5 3 6 13 20 23
8 2 3 5 12 14 23 27 32
5 5 13 18 24 27
5 10 11 18 19 33
6 8 9 17 22 28 31
6 6 8 16 20 26 28
6 5 10 14 15 24 33
6 7 11 15 21 30 33
6 6 12 17 23 26 35
6 7 19 25 30 36 38
5 9 16 29 31 44
5 12 13 20 32 35
6 14 18 27 33 40 42
4 7 21 36 41
5 17 20 28 34 35
5 13 14 24 32 40
5 16 17 26 31 34
5 9 22 37 44 47
5 19 21 33 38 39
7 16 22 28 34 44 49 51
7 13 23 27 35 40 45 48
8 15 18 19 24 30 39 42 53
6 26 28 31 35 43 51
8 20 23 26 32 34 43 45 50
6 21 25 38 41 54 58
3 29 47 52
6 21 30 36 39 46 54
7 30 33 38 46 53 61 64
6 24 27 32 42 48 56
4 25 36 58 63
6 24 33 40 53 56 57
5 34 35 50 51 55
7 22 29 31 47 49 62 67
6 32 35 48 50 59 60
4 38 39 54 61
6 29 37 44 52 62 72
5 32 40 45 56 60
5 31 44 51 65 67
5 35 43 45 55 59
6 31 34 43 49 55 65
4 37 47 72 82
6 33 39 42 57 64 66
7 36 38 46 58 61 68 70
6 43 50 51 59 65 71
7 40 42 48 57 60 69 79
5 42 53 56 66 69
6 36 41 54 63 70 78
8 45 50 55 60 71 75 80 85
6 45 48 56 59 75 79
6 39 46 54 64 68 74
5 44 47 67 72 73
4 41 58 78 83
7 39 53 61 66 74 76 81
6 49 51 55 67 71 91
6 53 57 64 69 76 77
7 44 49 62 65 73 88 91
5 54 61 70 74 92
6 56 57 66 77 79 84
6 54 58 68 78 92 95
6 55 59 65 85 89 91
7 47 52 62 73 82 86 87
5 62 67 72 86 88
6 61 64 68 81 92 93
5 59 60 79 80 90
5 64 66 77 81 94
6 66 69 76 84 94 98
6 58 63 70 83 95 100
7 56 60 69 75 84 90 96
6 59 75 85 90 101 103
5 64 74 76 93 94
4 52 72 87 99
4 63 78 100 112
5 69 77 79 96 98
5 59 71 80 89 103
6 72 73 87 88 97 102
6 72 82 86 97 99 113
6 67 73 86 91 102 108
5 71 85 91 103 107
5 75 79 80 96 101
7 65 67 71 88 89 107 108
6 68 70 74 93 95 105
6 74 81 92 94 104 105
7 76 77 81 93 98 104 116
6 70 78 92 100 105 109
7 79 84 90 98 101 106 115
5 86 87 102 113 121
6 77 84 94 96 106 116
4 82 87 113 118
6 78 83 95 109 112 117
6 80 90 96 103 110 115
6 86 88 97 108 111 121
8 80 85 89 101 107 110 114 124
7 93 94 105 116 119 122 123
6 92 93 95 104 109 119
6 96 98 115 116 120 127
6 89 91 103 108 114 126
6 88 91 102 107 111 126
7 95 100 105 117 119 128 133
4 101 103 115 124
5 102 108 121 125 126
4 83 100 117 131
6 87 97 99 118 121 130
6 103 107 124 126 132 136
8 96 101 106 110 120 124 129 134
6 94 98 104 106 123 127
6 100 109 112 131 133 143
4 99 113 130 147
5 104 105 109 122 128
4 106 115 127 129
7 97 102 111 113 125 130 135
6 104 119 123 128 139 142
6 104 116 122 127 139 141
6 103 110 114 115 132 134
6 111 121 126 135 137 138
7 107 108 111 114 125 136 137
8 106 116 120 123 129 141 145 150
6 109 119 122 133 142 144
6 115 120 127 134 140 150
6 113 118 121 135 147 152
4 112 117 143 148
6 114 124 134 136 146 153
5 109 117 128 143 144
7 115 124 129 132 140 146 151
6 121 125 130 138 152 160
7 114 126 132 137 149 153 154
6 125 126 136 138 149 156
6 125 135 137 156 160 162
7 122 123 141 142 159 163 165
5 129 134 150 151 155
5 123 127 139 145 159
6 122 128 139 144 157 163
6 117 131 133 144 148 158
6 128 133 142 143 157 158
5 127 141 150 159 171
5 132 134 151 153 161
4 118 130 152 167
4 131 143 158 178
5 136 137 154 156 166
6 127 129 140 145 155 171
7 134 140 146 155 161 170 174
6 130 135 147 160 167 172
6 132 136 146 154 161 164
5 136 149 153 164 166
5 140 150 151 170 171
6 137 138 149 162 166 169
5 142 144 158 163 168
7 143 144 148 157 168 178 183
6 139 141 145 165 171 175
6 135 138 152 162 172 176
6 146 151 153 164 173 174
5 138 156 160 169 176
7 139 142 157 165 168 181 186
6 153 154 161 166 173 177
6 139 159 163 175 179 181
7 149 154 156 164 169 177 191
4 147 152 172 189
5 157 158 163 183 186
6 156 162 166 176 184 191
6 151 155 171 174 182 185
8 145 150 155 159 170 175 180 185
6 152 160 167 176 189 194
5 161 164 174 177 188
7 151 161 170 173 182 188 190
6 159 165 171 179 180 187
7 160 162 169 172 184 192 194
6 164 166 173 188 191 197
4 148 158 183 193
6 165 175 181 187 196 199
5 171 175 185 187 195
5 163 165 179 186 199
5 170 174 185 190 198
6 158 168 178 186 193 201
4 169 176 191 192
6 170 171 180 182 195 198
7 163 168 181 183 199 201 208
5 175 179 180 195 196
6 173 174 177 190 197 206
4 167 172 194 205
6 174 182 188 198 203 206
7 166 169 177 184 192 197 200
6 176 184 191 194 200 209
3 178 183 201
6 172 176 189 192 205 209
8 180 185 187 196 198 204 207 210
6 179 187 195 199 202 204
8 177 188 191 200 206 211 212 215
7 182 185 190 195 203 207 217
7 179 181 186 196 202 208 214
5 191 192 197 209 211
5 183 186 193 208 221
5 196 199 204 213 214
5 190 198 206 216 217
5 195 196 202 210 213
4 189 194 209 223
6 188 190 197 203 212 216
5 195 198 210 217 218
5 186 199 201 214 221
6 192 194 200 205 211 223
6 195 204 207 213 218 224
6 197 200 209 215 219 223
6 197 206 215 216 220 225
6 202 204 210 214 222 224
6 199 202 208 213 221 222
5 197 211 212 219 220
5 203 206 212 217 225
8 198 203 207 216 218 225 227 228
5 207 210 217 224 227
5 211 215 220 223 226
6 212 215 219 225 226 230
4 201 208 214 222
5 213 214 221 224 229
5 205 209 211 219 226
6 210 213 218 222 227 229
6 212 216 217 220 228 230
4 219 220 223 230
5 217 218 224 228 229
4 217 225 227 230
3 222 224 227
4 220 225 226 228
END MAP
TURN 1
COMMAND LEFT START
TRAIN 1
COMMAND LEFT END
COMMAND RIGHT START
MOVE B1 228
MOVE B2 115
COMMAND RIGHT END
TURN 1 RESULT
TIME LEFT 0 5 RIGHT 8 5
TRAIN A4
MOVE B1 228
MOVE B2 225
END TURN 1
TURN 2
COMMAND LEFT START
TRAIN 1
COMMAND LEFT END
COMMAND RIGHT START
UPGRADE 228
COMMAND RIGHT END
TURN 2 RESULT
TIME LEFT 0 5 RIGHT 0 5
UPGRADE B 228
TRAIN A5
MOVE B2 216
END TURN 2
TURN 3
COMMAND LEFT START
TRAIN 1
COMMAND LEFT END
COMMAND RIGHT START
COMMAND RIGHT END
TURN 3 RESULT
TIME LEFT 0 5 RIGHT 0 5
TRAIN A6
MOVE B2 203
END TURN 3
TURN 4
COMMAND LEFT START
TRAIN 1
COMMAND LEFT END
COMMAND RIGHT START
COMMAND RIGHT END
TURN 4 RESULT
TIME LEFT 0 5 RIGHT 0 5
TRAIN A7
MOVE B2 190
END TURN 4
TURN 5
COMMAND LEFT START
TRAIN 1
COMMAND LEFT END
COMMAND RIGHT START
COMMAND RIGHT END
TURN 5 RESULT
TIME LEFT 0 5 RIGHT 0 5
TRAIN A8
MOVE B2 174
END TURN 5
TURN 6
COMMAND LEFT START
MOVE A2 230
MOVE A3 230
MOVE A4 230
MOVE A5 230
MOVE A6 230
MOVE A7 230
MOVE A8 230
COMMAND LEFT END
COMMAND RIGHT START
COMMAND RIGHT END
TURN 6 RESULT
TIME LEFT 0 5 RIGHT 0 5
MOVE A2 5
MOVE A3 5
MOVE A4 5
MOVE A5 5
MOVE A6 5
MOVE A7 5
MOVE A8 5
MOVE B2 151
END TURN 6
TURN 7
COMMAND LEFT START
COMMAND LEFT END
COMMAND RIGHT START
COMMAND RIGHT END
TURN 7 RESULT
TIME LEFT 0 5 RIGHT 0 5
MOVE A2 14
MOVE A3 14
MOVE A4 14
MOVE A5 14
MOVE A6 14
MOVE A7 14
MOVE A8 14
MOVE B2 134
END TURN 7
TURN 8
COMMAND LEFT START
COMMAND LEFT END
COMMAND RIGHT START
COMMAND RIGHT END
TURN 8 RESULT
TIME LEFT 0 5 RIGHT 0 5
MOVE A2 27
MOVE A3 27
MOVE A4 27
MOVE A5 27
MOVE A6 27
MOVE A7 27
MOVE A8 27
MOVE B2 115
END TURN 8
TURN 9
COMMAND LEFT START
COMMAND LEFT END
COMMAND RIGHT START
COMMAND RIGHT END
TURN 9 RESULT
TIME LEFT 0 5 RIGHT 0 5
MOVE A2 40
MOVE A3 40
MOVE A4 40
MOVE A5 40
MOVE A6 40
MOVE A7 40
MOVE A8 40
END TURN 9
TURN 10
COMMAND LEFT START
COMMAND LEFT END
COMMAND RIGHT START
COMMAND RIGHT END
TURN 10 RESULT
TIME LEFT 0 5 RIGHT 0 5
MOVE A2 56
MOVE A3 56
MOVE A4 56
MOVE A5 56
MOVE A6 56
MOVE A7 56
MOVE A8 56
END TURN 10
TURN 11
COMMAND LEFT START
COMMAND LEFT END
COMMAND RIGHT START
COMMAND RIGHT END
TURN 11 RESULT
TIME LEFT 0 5 RIGHT 0 5
MOVE A2 79
MOVE A3 79
MOVE A4 79
MOVE A5 79
MOVE A6 79
MOVE A7 79
MOVE A8 79
END TURN 11
TURN 12
COMMAND LEFT START
COMMAND LEFT END
COMMAND RIGHT START
TRAIN 1
COMMAND RIGHT END
TURN 12 RESULT
TIME LEFT 0 5 RIGHT 0 5
TRAIN B4
MOVE A2 96
MOVE A3 96
MOVE A4 96
MOVE A5 96
MOVE A6 96
MOVE A7 96
MOVE A8 96
END TURN 12
TURN 13
COMMAND LEFT START
COMMAND LEFT END
COMMAND RIGHT START
TRAIN 1
COMMAND RIGHT END
TURN 13 RESULT
TIME LEFT 0 5 RIGHT 0 5
TRAIN B5
MOVE A2 115
MOVE A3 115
MOVE A4 115
MOVE A5 115
MOVE A6 115
MOVE A7 115
MOVE A8 115
DAMAGE COMBAT A2 1
DAMAGE COMBAT B2 4
END TURN 13
TURN 14
COMMAND LEFT START
COMMAND LEFT END
COMMAND RIGHT START
MOVE B3 115
COMMAND RIGHT END
TURN 14 RESULT
TIME LEFT 0 5 RIGHT 0 5
MOVE A2 134
MOVE A3 134
MOVE A4 134
MOVE A5 134
MOVE A6 134
MOVE A7 134
MOVE A8 134
MOVE B3 225
END TURN 14
TURN 15
COMMAND LEFT START
COMMAND LEFT END
COMMAND RIGHT START
COMMAND RIGHT END
TURN 15 RESULT
TIME LEFT 0 5 RIGHT 0 5
MOVE A2 151
MOVE A3 151
MOVE A4 151
MOVE A5 151
MOVE A6 151
MOVE A7 151
MOVE A8 151
MOVE B3 216
END TURN 15
TURN 16
COMMAND LEFT START
COMMAND LEFT END
COMMAND RIGHT START
COMMAND RIGHT END
TURN 16 RESULT
TIME LEFT 0 5 RIGHT 0 5
MOVE A2 174
MOVE A3 174
MOVE A4 174
MOVE A5 174
MOVE A6 174
MOVE A7 174
MOVE A8 174
MOVE B3 203
END TURN 16
TURN 17
COMMAND LEFT START
COMMAND LEFT END
COMMAND RIGHT START
TRAIN 1
COMMAND RIGHT END
TURN 17 RESULT
TIME LEFT 0 5 RIGHT 0 5
TRAIN B6
MOVE A2 190
MOVE A3 190
MOVE A4 190
MOVE A5 190
MOVE A6 190
MOVE A7 190
MOVE A8 190
MOVE B3 190
DAMAGE COMBAT A2 1
DAMAGE COMBAT B3 4
END TURN 17
TURN 18
COMMAND LEFT START
COMMAND LEFT END
COMMAND RIGHT START
MOVE B4 115
COMMAND RIGHT END
TURN 18 RESULT
TIME LEFT 0 5 RIGHT 0 5
MOVE A2 203
MOVE A3 203
MOVE A4 203
MOVE A5 203
MOVE A6 203
MOVE A7 203
MOVE A8 203
MOVE B4 225
END TURN 18
TURN 19
COMMAND LEFT START
COMMAND LEFT END
COMMAND RIGHT START
TRAIN 1
COMMAND RIGHT END
TURN 19 RESULT
TIME LEFT 0 5 RIGHT 0 5
TRAIN B7
MOVE A2 216
MOVE A3 216
MOVE A4 216
MOVE A5 216
MOVE A6 216
MOVE A7 216
MOVE A8 216
MOVE B4 216
DAMAGE COMBAT A2 1
DAMAGE COMBAT B4 4
END TURN 19
TURN 20
COMMAND LEFT START
COMMAND LEFT END
COMMAND RIGHT START
TRAIN 1
COMMAND RIGHT END
TURN 20 RESULT
TIME LEFT 0 5 RIGHT 0 5
TRAIN B8
MOVE A2 225
MOVE A3 225
MOVE A4 225
MOVE A5 225
MOVE A6 225
MOVE A7 225
MOVE A8 225
END TURN 20
TURN 21
COMMAND LEFT START
COMMAND LEFT END
COMMAND RIGHT START
COMMAND RIGHT END
TURN 21 RESULT
TIME LEFT 0 5 RIGHT 0 5
MOVE A2 230
MOVE A3 230
MOVE A4 230
MOVE A5 230
MOVE A6 230
MOVE A7 230
MOVE A8 230
DAMAGE TURRET A2 1
DAMAGE COMBAT A3 4
DAMAGE COMBAT B5 4
DAMAGE COMBAT B6 3
END TURN 21
TURN 22
COMMAND LEFT START
COMMAND LEFT END
COMMAND RIGHT START
MOVE B1 230
COMMAND RIGHT END
TURN 22 RESULT
TIME LEFT 0 5 RIGHT 0 5
MOVE B1 230
DAMAGE TURRET A4 1
DAMAGE COMBAT A4 3
DAMAGE COMBAT A5 1
DAMAGE COMBAT B1 4
DAMAGE COMBAT B6 1
END TURN 22
TURN 23
COMMAND LEFT START
COMMAND LEFT END
COMMAND RIGHT START
COMMAND RIGHT END
TURN 23 RESULT
TIME LEFT 0 5 RIGHT 0 5
DAMAGE TURRET A5 1
DAMAGE COMBAT A5 2
DAMAGE COMBAT B7 4
END TURN 23
TURN 24
COMMAND LEFT START
COMMAND LEFT END
COMMAND RIGHT START
COMMAND RIGHT END
TURN 24 RESULT
TIME LEFT 0 5 RIGHT 0 5
DAMAGE TURRET A6 1
DAMAGE COMBAT A6 1
DAMAGE COMBAT B8 3
END TURN 24
TURN 25
COMMAND LEFT START
COMMAND LEFT END
COMMAND RIGHT START
COMMAND RIGHT END
TURN 25 RESULT
TIME LEFT 0 5 RIGHT 0 5
DAMAGE TURRET A6 1
DAMAGE COMBAT A6 1
DAMAGE COMBAT B8 1
SIEGE B 230 2
END TURN 25
TURN 26
COMMAND LEFT START
COMMAND LEFT END
COMMAND RIGHT START
COMMAND RIGHT END
TURN 26 RESULT
TIME LEFT 0 5 RIGHT 0 5
DAMAGE TURRET A7 1
SIEGE B 230 2
END TURN 26
TURN 27
COMMAND LEFT START
COMMAND LEFT END
COMMAND RIGHT START
COMMAND RIGHT END
TURN 27 RESULT
TIME LEFT 0 5 RIGHT 0 5
DAMAGE TURRET A7 1
SIEGE B 230 2
END TURN 27
TURN 28
COMMAND LEFT START
COMMAND LEFT END
COMMAND RIGHT START
COMMAND RIGHT END
TURN 28 RESULT
TIME LEFT 0 5 RIGHT 0 5
DAMAGE TURRET A7 1
SIEGE B 230 2
END TURN 28
TURN 29
COMMAND LEFT START
COMMAND LEFT END
COMMAND RIGHT START
COMMAND RIGHT END
TURN 29 RESULT
TIME LEFT 0 5 RIGHT 0 5
DAMAGE TURRET A7 1
SIEGE B 230 2
END TURN 29
RESULT LEFT_WIN HQ_DESTROYED
