[LEFT ""]
[RIGHT ""]
MAP
227 17
-11021 -10615 -10739 -10090 -9330 -10177 -8770 -8346 -8135 -8479 -8240 -8219 -8846 -7766 -7982 -7738 -7596 -8617 -7191 -7209 -6853 -6758 -6840 -6706 -6802 -7492 -7719 -6258 -6355 -6690 -6083 -6173 -5939 -5961 -5965 -5658 -5832 -5687 -5471 -6012 -5169 -5014 -5102 -4933 -5096 -4908 -4719 -4704 -4610 -4711 -4978 -4257 -4214 -4705 -4154 -4134 -4093 -4020 -3581 -4347 -3811 -3902 -3586 -3199 -3254 -3272 -3342 -3052 -3174 -2921 -2897 -2986 -3285 -2634 -2713 -2767 -3007 -2592 -2302 -2292 -2370 -2239 -2119 -2027 -2072 -1765 -1525 -1692 -1508 -1508 -1628 -1465 -1278 -1427 -1380 -1231 -1328 -1085 -1136 -874 -1060 -791 -639 -540 -576 -495 -435 -326 -318 -230 -240 70 -84 0 84 -70 240 230 318 326 435 495 576 540 639 791 1060 874 1136 1085 1328 1231 1380 1427 1278 1465 1628 1508 1508 1692 1525 1765 2072 2027 2119 2239 2370 2292 2302 2592 3007 2767 2713 2634 3285 2986 2897 2921 3174 3052 3342 3272 3254 3199 3586 3902 3811 4347 3581 4020 4093 4134 4154 4705 4214 4257 4978 4711 4610 4704 4719 4908 5096 4933 5102 5014 5169 6012 5471 5687 5832 5658 5965 5961 5939 6173 6083 6690 6355 6258 7719 7492 6802 6706 6840 6758 6853 7209 7191 8617 7596 7738 7982 7766 8846 8219 8240 8479 8135 8346 8770 10177 9330 10090 10739 10615 11021
1265 -611 -2346 -4402 1918 4190 2753 -938 -2135 -4675 421 4714 6401 -3594 -5338 1452 3184 -6753 -2843 -452 5259 1619 -4271 413 3795 -8237 7614 -1324 2604 8988 4837 -5125 -2403 6471 -6709 3695 -3708 248 2073 -8925 -4991 4670 1091 -6496 6070 7331 -3467 2921 -2511 -470 9064 5473 1450 -9919 -7517 -4507 6788 -1858 -375 9873 4277 -5666 3078 5867 1459 -8363 7993 6915 -6424 -2028 -4998 -3876 10501 3715 -7381 -3030 -10539 -740 4748 7702 2503 -5819 -8388 9465 658 -2639 -1235 -4422 -6527 1951 -10685 5642 -5484 8437 -7565 -8611 11045 -283 6786 -2968 3485 7799 1700 747 -4537 9103 -10921 -8571 -7399 -6389 -1968 -5399 3890 0 -3890 5399 1968 6389 7399 8571 10921 -9103 4537 -747 -1700 -7799 -3485 2968 -6786 283 -11045 8611 7565 -8437 5484 -5642 10685 -1951 6527 4422 1235 2639 -658 -9465 8388 5819 -2503 -7702 -4748 740 10539 3030 7381 -3715 -10501 3876 4998 2028 6424 -6915 -7993 8363 -1459 -5867 -3078 5666 -4277 -9873 375 1858 -6788 4507 7517 9919 -1450 -5473 -9064 470 2511 -2921 3467 -7331 -6070 6496 -1091 -4670 4991 8925 -2073 -248 3708 -3695 6709 -6471 2403 5125 -4837 -8988 -2604 1324 -7614 8237 -3795 -413 4271 -1619 -5259 452 2843 6753 -3184 -1452 5338 3594 -6401 -4714 -421 4675 2135 938 -2753 -4190 -1918 4402 2346 611 -1265
STRONGHOLDS 3 12 49 56 64 81 102 112 113 114 124 145 162 170 177 214 223
3 1 4 5
5 0 2 4 7 10
4 1 3 7 8
5 2 8 9 13 17
6 0 1 5 6 10 15
5 0 4 6 11 12
5 4 5 11 15 16
5 1 2 8 10 19
7 2 3 7 13 18 19 27
5 3 13 14 17 22
6 1 4 7 15 19 23
6 5 6 12 16 20 24
4 5 11 20 26
5 3 8 9 18 22
5 9 17 22 31 34
6 4 6 10 16 21 23
6 6 11 15 21 24 28
5 3 9 14 25 34
6 8 13 22 27 32 36
6 7 8 10 23 27 37
6 11 12 24 26 30 33
7 15 16 23 28 37 38 42
6 9 13 14 18 31 36
5 10 15 19 21 37
6 11 16 20 28 30 35
3 17 34 39
4 12 20 29 33
7 8 18 19 32 37 48 49
5 16 21 24 35 38
5 26 33 45 50 59
6 20 24 33 35 41 44
6 14 22 34 36 40 43
5 18 27 36 46 48
6 20 26 29 30 44 45
7 14 17 25 31 39 43 54
6 24 28 30 38 41 47
6 18 22 31 32 40 46
6 19 21 23 27 42 49
6 21 28 35 42 47 52
4 25 34 53 54
6 31 36 43 46 55 61
6 30 35 44 47 51 60
5 21 37 38 49 52
6 31 34 40 54 61 68
6 30 33 41 45 51 56
6 29 33 44 50 56 66
7 32 36 40 48 55 71 75
6 35 38 41 52 60 62
6 27 32 46 49 57 75
7 27 37 42 48 52 57 58
4 29 45 59 66
5 41 44 56 60 63
7 38 42 47 49 58 62 64
4 39 54 65 76
7 34 39 43 53 65 68 74
5 40 46 61 70 71
6 44 45 51 63 66 67
5 48 49 58 69 75
7 49 52 57 64 69 77 84
5 29 50 66 72 83
7 41 47 51 62 63 73 78
5 40 43 55 68 70
6 47 52 60 64 73 80
6 51 56 60 67 78 91
6 52 58 62 80 84 89
5 53 54 74 76 82
7 45 50 56 59 67 79 83
6 56 63 66 79 91 98
6 43 54 61 70 74 81
6 57 58 75 77 85 86
6 55 61 68 71 81 87
5 46 55 70 75 87
3 59 83 96
5 60 62 78 80 100
7 54 65 68 81 82 88 94
7 46 48 57 69 71 85 87
4 53 65 82 90
5 58 69 84 86 97
5 60 63 73 91 100
6 66 67 83 93 98 101
5 62 64 73 89 100
6 68 70 74 87 88 92
6 65 74 76 90 94 95
7 59 66 72 79 93 96 105
6 58 64 77 89 97 103
6 69 75 86 87 99 110
5 69 77 85 97 110
8 70 71 75 81 85 92 99 104
6 74 81 92 94 108 109
6 64 80 84 100 102 103
4 76 82 95 106
7 63 67 78 98 100 112 115
6 81 87 88 104 109 111
4 79 83 101 105
6 74 82 88 95 107 108
5 82 90 94 106 107
4 72 83 105 120
7 77 84 86 103 110 113 123
7 67 79 91 101 115 117 118
5 85 87 104 110 114
8 73 78 80 89 91 102 112 116
6 79 93 98 105 118 119
4 89 100 103 116
7 84 89 97 102 113 116 129
5 87 92 99 111 114
6 83 93 96 101 119 120
5 90 95 107 121 130
6 94 95 106 108 121 125
6 88 94 107 109 125 128
5 88 92 108 111 128
8 85 86 97 99 114 123 124 126
6 92 104 109 114 128 135
6 91 100 115 116 122 127
4 97 103 123 129
6 99 104 110 111 126 135
6 91 98 112 117 122 134
8 100 102 103 112 127 129 140 141
5 98 115 118 134 138
6 98 101 117 119 132 138
6 101 105 118 120 131 132
5 96 105 119 131 136
6 106 107 125 130 133 143
5 112 115 127 134 139
7 97 110 113 124 129 137 142
4 110 123 126 137
6 107 108 121 128 133 147
8 110 114 124 135 137 146 148 153
5 112 116 122 139 141
7 108 109 111 125 135 147 159
7 103 113 116 123 140 142 149
4 106 121 143 154
5 119 120 132 136 144
6 118 119 131 138 144 152
4 121 125 143 147
6 115 117 122 138 139 145
7 111 114 126 128 148 159 163
4 120 131 144 150
6 123 124 126 142 146 162
6 117 118 132 134 145 152
8 122 127 134 141 145 151 155 156
5 116 129 141 149 157
6 116 127 139 140 151 157
6 123 129 137 149 162 168
7 121 130 133 147 154 160 167
6 131 132 136 150 152 161
6 134 138 139 152 156 158
5 126 137 153 162 164
6 125 128 133 143 159 160
5 126 135 153 163 166
5 129 140 142 157 168
4 136 144 161 173
7 139 141 155 157 169 178 180
7 132 138 144 145 158 161 172
5 126 146 148 164 166
3 130 143 167
5 139 151 156 171 180
6 139 145 155 158 165 171
6 140 141 149 151 168 169
6 145 152 156 165 172 183
6 128 135 147 160 163 170
7 143 147 159 167 170 176 181
5 144 150 152 172 173
6 137 142 146 164 168 174
6 135 148 159 166 170 175
6 146 153 162 166 174 179
5 156 158 171 183 186
7 148 153 163 164 175 179 185
5 143 154 160 176 197
7 142 149 157 162 169 174 177
5 151 157 168 177 178
6 159 160 163 175 181 182
5 155 156 165 180 186
7 152 158 161 173 183 187 192
4 150 161 172 187
7 162 164 168 177 179 184 188
5 163 166 170 182 185
4 160 167 181 197
7 168 169 174 178 184 189 199
6 151 169 177 180 194 199
6 164 166 174 185 188 191
7 151 155 171 178 186 190 194
6 160 170 176 182 193 197
6 170 175 181 185 193 196
6 158 165 172 186 192 195
5 174 177 188 189 205
6 166 175 179 182 191 196
6 165 171 180 183 190 195
4 172 173 192 201
6 174 179 184 191 198 205
6 177 184 199 203 205 207
6 180 186 194 195 204 208
6 179 185 188 196 198 202
7 172 183 187 195 201 209 212
6 181 182 196 197 200 206
5 178 180 190 199 208
6 183 186 190 192 204 212
6 182 185 191 193 202 206
5 167 176 181 193 200
5 188 191 202 205 210
7 177 178 189 194 207 208 218
4 193 197 206 214
3 187 192 209
6 191 196 198 206 210 215
5 189 205 207 211 216
6 190 195 208 212 213 217
7 184 188 189 198 203 210 211
6 193 196 200 202 214 215
6 189 199 203 216 218 219
6 190 194 199 204 213 218
5 192 201 212 217 223
6 198 202 205 211 215 220
6 203 205 210 216 220 222
5 192 195 204 209 217
5 204 208 217 218 223
4 200 206 215 221
6 202 206 210 214 220 221
6 203 207 211 219 222 225
5 204 209 212 213 223
7 199 207 208 213 219 223 224
5 207 216 218 224 225
5 210 211 215 221 222
5 214 215 220 222 226
6 211 216 220 221 225 226
5 209 213 217 218 224
4 218 219 223 225
5 216 219 222 224 226
3 221 222 225
END MAP
TURN 1
COMMAND LEFT START
MOVE A2 113
MOVE A3 12
COMMAND LEFT END
COMMAND RIGHT START
MOVE B1 214
MOVE B2 113
COMMAND RIGHT END
TURN 1 RESULT
TIME LEFT 58 5 RIGHT 1 5
MOVE A2 4
MOVE A3 5
MOVE B1 221
MOVE B2 222
END TURN 1
TURN 2
COMMAND LEFT START
COMMAND LEFT END
COMMAND RIGHT START
COMMAND RIGHT END
TURN 2 RESULT
TIME LEFT 0 5 RIGHT 0 5
MOVE A2 15
MOVE A3 12
MOVE B1 214
MOVE B2 211
END TURN 2
TURN 3
COMMAND LEFT START
UPGRADE 12
COMMAND LEFT END
COMMAND RIGHT START
UPGRADE 214
COMMAND RIGHT END
TURN 3 RESULT
TIME LEFT 0 5 RIGHT 0 5
UPGRADE A 12
UPGRADE B 214
MOVE A2 21
MOVE B2 205
END TURN 3
TURN 4
COMMAND LEFT START
COMMAND LEFT END
COMMAND RIGHT START
COMMAND RIGHT END
TURN 4 RESULT
TIME LEFT 0 5 RIGHT 0 5
MOVE A2 42
MOVE B2 184
END TURN 4
TURN 5
COMMAND LEFT START
COMMAND LEFT END
COMMAND RIGHT START
COMMAND RIGHT END
TURN 5 RESULT
TIME LEFT 0 5 RIGHT 0 5
MOVE A2 52
MOVE B2 174
END TURN 5
TURN 6
COMMAND LEFT START
COMMAND LEFT END
COMMAND RIGHT START
COMMAND RIGHT END
TURN 6 RESULT
TIME LEFT 0 5 RIGHT 0 5
MOVE A2 64
MOVE B2 162
END TURN 6
TURN 7
COMMAND LEFT START
COMMAND LEFT END
COMMAND RIGHT START
COMMAND RIGHT END
TURN 7 RESULT
TIME LEFT 0 5 RIGHT 0 5
MOVE A2 84
MOVE B2 142
END TURN 7
TURN 8
COMMAND LEFT START
COMMAND LEFT END
COMMAND RIGHT START
COMMAND RIGHT END
TURN 8 RESULT
TIME LEFT 0 5 RIGHT 0 5
MOVE A2 103
MOVE B2 123
END TURN 8
TURN 9
COMMAND LEFT START
MOVE A3 0
COMMAND LEFT END
COMMAND RIGHT START
COMMAND RIGHT END
TURN 9 RESULT
TIME LEFT 0 5 RIGHT 0 5
MOVE A2 113
MOVE A3 5
MOVE B2 113
DAMAGE COMBAT A2 1
DAMAGE COMBAT B2 1
END TURN 9
TURN 10
COMMAND LEFT START
MOVE A2 0
COMMAND LEFT END
COMMAND RIGHT START
COMMAND RIGHT END
TURN 10 RESULT
TIME LEFT 0 5 RIGHT 0 5
MOVE A3 0
DAMAGE COMBAT A2 1
DAMAGE COMBAT B2 1
END TURN 10
TURN 11
COMMAND LEFT START
COMMAND LEFT END
COMMAND RIGHT START
COMMAND RIGHT END
TURN 11 RESULT
TIME LEFT 0 5 RIGHT 0 5
DAMAGE COMBAT A2 1
DAMAGE COMBAT B2 1
END TURN 11
TURN 12
COMMAND LEFT START
COMMAND LEFT END
COMMAND RIGHT START
COMMAND RIGHT END
TURN 12 RESULT
TIME LEFT 1 5 RIGHT 0 5
DAMAGE COMBAT A2 1
DAMAGE COMBAT B2 1
END TURN 12
TURN 13
COMMAND LEFT START
MOVE A3 12
TRAIN 1
COMMAND LEFT END
COMMAND RIGHT START
MOVE B3 113
TRAIN 1
COMMAND RIGHT END
TURN 13 RESULT
TIME LEFT 1 5 RIGHT 0 5
TRAIN A4 B4
MOVE A3 5
MOVE B3 222
END TURN 13
TURN 14
COMMAND LEFT START
MOVE A4 113
COMMAND LEFT END
COMMAND RIGHT START
COMMAND RIGHT END
TURN 14 RESULT
TIME LEFT 0 5 RIGHT 0 5
MOVE A3 12
MOVE A4 4
MOVE B3 211
END TURN 14
TURN 15
COMMAND LEFT START
COMMAND LEFT END
COMMAND RIGHT START
COMMAND RIGHT END
TURN 15 RESULT
TIME LEFT 0 5 RIGHT 0 5
MOVE A4 15
MOVE B3 205
END TURN 15
TURN 16
COMMAND LEFT START
COMMAND LEFT END
COMMAND RIGHT START
COMMAND RIGHT END
TURN 16 RESULT
TIME LEFT 0 5 RIGHT 0 5
MOVE A4 21
MOVE B3 184
END TURN 16
TURN 17
COMMAND LEFT START
COMMAND LEFT END
COMMAND RIGHT START
COMMAND RIGHT END
TURN 17 RESULT
TIME LEFT 0 5 RIGHT 0 5
MOVE A4 42
MOVE B3 174
END TURN 17
TURN 18
COMMAND LEFT START
COMMAND LEFT END
COMMAND RIGHT START
COMMAND RIGHT END
TURN 18 RESULT
TIME LEFT 0 5 RIGHT 0 5
MOVE A4 52
MOVE B3 162
END TURN 18
TURN 19
COMMAND LEFT START
COMMAND LEFT END
COMMAND RIGHT START
COMMAND RIGHT END
TURN 19 RESULT
TIME LEFT 0 5 RIGHT 0 5
MOVE A4 64
MOVE B3 142
END TURN 19
TURN 20
COMMAND LEFT START
COMMAND LEFT END
COMMAND RIGHT START
COMMAND RIGHT END
TURN 20 RESULT
TIME LEFT 0 5 RIGHT 0 5
MOVE A4 84
MOVE B3 123
END TURN 20
TURN 21
COMMAND LEFT START
MOVE A3 0
COMMAND LEFT END
COMMAND RIGHT START
COMMAND RIGHT END
TURN 21 RESULT
TIME LEFT 0 5 RIGHT 0 5
MOVE A3 5
MOVE A4 103
MOVE B3 113
END TURN 21
TURN 22
COMMAND LEFT START
COMMAND LEFT END
COMMAND RIGHT START
UPGRADE 113
COMMAND RIGHT END
TURN 22 RESULT
TIME LEFT 0 5 RIGHT 0 5
UPGRADE B 113
MOVE A3 0
MOVE A4 113
DAMAGE TURRET A4 1
DAMAGE COMBAT A4 1
DAMAGE COMBAT B3 1
END TURN 22
TURN 23
COMMAND LEFT START
MOVE A3 12
TRAIN 1
COMMAND LEFT END
COMMAND RIGHT START
COMMAND RIGHT END
TURN 23 RESULT
TIME LEFT 2 5 RIGHT 0 5
TRAIN A5
MOVE A3 5
DAMAGE TURRET A4 1
DAMAGE COMBAT A4 1
DAMAGE COMBAT B3 1
END TURN 23
TURN 24
COMMAND LEFT START
MOVE A5 64
COMMAND LEFT END
COMMAND RIGHT START
TRAIN 1
COMMAND RIGHT END
TURN 24 RESULT
TIME LEFT 0 5 RIGHT 0 5
TRAIN B5
MOVE A3 12
MOVE A5 4
END TURN 24
TURN 25
COMMAND LEFT START
COMMAND LEFT END
COMMAND RIGHT START
COMMAND RIGHT END
TURN 25 RESULT
TIME LEFT 0 5 RIGHT 0 5
MOVE A5 15
END TURN 25
TURN 26
COMMAND LEFT START
COMMAND LEFT END
COMMAND RIGHT START
COMMAND RIGHT END
TURN 26 RESULT
TIME LEFT 0 5 RIGHT 0 5
MOVE A5 21
END TURN 26
TURN 27
COMMAND LEFT START
COMMAND LEFT END
COMMAND RIGHT START
COMMAND RIGHT END
TURN 27 RESULT
TIME LEFT 0 5 RIGHT 0 5
MOVE A5 42
END TURN 27
TURN 28
COMMAND LEFT START
COMMAND LEFT END
COMMAND RIGHT START
COMMAND RIGHT END
TURN 28 RESULT
TIME LEFT 0 5 RIGHT 0 5
MOVE A5 52
END TURN 28
TURN 29
COMMAND LEFT START
COMMAND LEFT END
COMMAND RIGHT START
COMMAND RIGHT END
TURN 29 RESULT
TIME LEFT 0 5 RIGHT 0 5
MOVE A5 64
END TURN 29
TURN 30
COMMAND LEFT START
UPGRADE 64
COMMAND LEFT END
COMMAND RIGHT START
COMMAND RIGHT END
TURN 30 RESULT
TIME LEFT 1 5 RIGHT 0 5
UPGRADE A 64
END TURN 30
TURN 31
COMMAND LEFT START
COMMAND LEFT END
COMMAND RIGHT START
COMMAND RIGHT END
TURN 31 RESULT
TIME LEFT 1 5 RIGHT 0 5
END TURN 31
TURN 32
COMMAND LEFT START
COMMAND LEFT END
COMMAND RIGHT START
COMMAND RIGHT END
TURN 32 RESULT
TIME LEFT 1 5 RIGHT 0 5
END TURN 32
TURN 33
COMMAND LEFT START
COMMAND LEFT END
COMMAND RIGHT START
COMMAND RIGHT END
TURN 33 RESULT
TIME LEFT 1 5 RIGHT 0 5
END TURN 33
TURN 34
COMMAND LEFT START
COMMAND LEFT END
COMMAND RIGHT START
MOVE B5 223
COMMAND RIGHT END
TURN 34 RESULT
TIME LEFT 1 5 RIGHT 0 5
MOVE B5 225
END TURN 34
TURN 35
COMMAND LEFT START
COMMAND LEFT END
COMMAND RIGHT START
COMMAND RIGHT END
TURN 35 RESULT
TIME LEFT 2 5 RIGHT 0 5
MOVE B5 224
END TURN 35
TURN 36
COMMAND LEFT START
COMMAND LEFT END
COMMAND RIGHT START
COMMAND RIGHT END
TURN 36 RESULT
TIME LEFT 1 5 RIGHT 0 5
MOVE B5 223
END TURN 36
TURN 37
COMMAND LEFT START
TRAIN 1
COMMAND LEFT END
COMMAND RIGHT START
UPGRADE 223
COMMAND RIGHT END
TURN 37 RESULT
TIME LEFT 1 5 RIGHT 0 5
UPGRADE B 223
TRAIN A6
END TURN 37
TURN 38
COMMAND LEFT START
MOVE A6 81
COMMAND LEFT END
COMMAND RIGHT START
COMMAND RIGHT END
TURN 38 RESULT
TIME LEFT 0 5 RIGHT 0 5
MOVE A6 4
END TURN 38
TURN 39
COMMAND LEFT START
COMMAND LEFT END
COMMAND RIGHT START
COMMAND RIGHT END
TURN 39 RESULT
TIME LEFT 0 5 RIGHT 0 5
MOVE A6 10
END TURN 39
TURN 40
COMMAND LEFT START
COMMAND LEFT END
COMMAND RIGHT START
TRAIN 1
COMMAND RIGHT END
TURN 40 RESULT
TIME LEFT 0 5 RIGHT 0 5
TRAIN B6
MOVE A6 19
END TURN 40
TURN 41
COMMAND LEFT START
COMMAND LEFT END
COMMAND RIGHT START
COMMAND RIGHT END
TURN 41 RESULT
TIME LEFT 0 5 RIGHT 0 5
MOVE A6 27
END TURN 41
TURN 42
COMMAND LEFT START
COMMAND LEFT END
COMMAND RIGHT START
COMMAND RIGHT END
TURN 42 RESULT
TIME LEFT 0 5 RIGHT 0 5
MOVE A6 32
END TURN 42
TURN 43
COMMAND LEFT START
COMMAND LEFT END
COMMAND RIGHT START
COMMAND RIGHT END
TURN 43 RESULT
TIME LEFT 0 5 RIGHT 0 5
MOVE A6 46
END TURN 43
TURN 44
COMMAND LEFT START
COMMAND LEFT END
COMMAND RIGHT START
COMMAND RIGHT END
TURN 44 RESULT
TIME LEFT 0 5 RIGHT 0 5
MOVE A6 55
END TURN 44
TURN 45
COMMAND LEFT START
COMMAND LEFT END
COMMAND RIGHT START
MOVE B6 177
COMMAND RIGHT END
TURN 45 RESULT
TIME LEFT 0 5 RIGHT 0 5
MOVE A6 70
MOVE B6 222
END TURN 45
TURN 46
COMMAND LEFT START
COMMAND LEFT END
COMMAND RIGHT START
COMMAND RIGHT END
TURN 46 RESULT
TIME LEFT 0 5 RIGHT 0 5
MOVE A6 81
MOVE B6 211
END TURN 46
TURN 47
COMMAND LEFT START
UPGRADE 81
COMMAND LEFT END
COMMAND RIGHT START
COMMAND RIGHT END
TURN 47 RESULT
TIME LEFT 2 5 RIGHT 0 5
UPGRADE A 81
MOVE B6 203
END TURN 47
TURN 48
COMMAND LEFT START
COMMAND LEFT END
COMMAND RIGHT START
COMMAND RIGHT END
TURN 48 RESULT
TIME LEFT 1 5 RIGHT 0 5
MOVE B6 189
END TURN 48
TURN 49
COMMAND LEFT START
TRAIN 1
COMMAND LEFT END
COMMAND RIGHT START
COMMAND RIGHT END
TURN 49 RESULT
TIME LEFT 1 5 RIGHT 0 5
TRAIN A7
MOVE B6 177
END TURN 49
TURN 50
COMMAND LEFT START
MOVE A7 112
COMMAND LEFT END
COMMAND RIGHT START
UPGRADE 177
COMMAND RIGHT END
TURN 50 RESULT
TIME LEFT 0 5 RIGHT 0 5
UPGRADE B 177
MOVE A7 4
END TURN 50
TURN 51
COMMAND LEFT START
COMMAND LEFT END
COMMAND RIGHT START
COMMAND RIGHT END
TURN 51 RESULT
TIME LEFT 0 5 RIGHT 0 5
MOVE A7 15
END TURN 51
TURN 52
COMMAND LEFT START
COMMAND LEFT END
COMMAND RIGHT START
COMMAND RIGHT END
TURN 52 RESULT
TIME LEFT 0 5 RIGHT 0 5
MOVE A7 21
END TURN 52
TURN 53
COMMAND LEFT START
COMMAND LEFT END
COMMAND RIGHT START
COMMAND RIGHT END
TURN 53 RESULT
TIME LEFT 0 5 RIGHT 0 5
MOVE A7 38
END TURN 53
TURN 54
COMMAND LEFT START
COMMAND LEFT END
COMMAND RIGHT START
COMMAND RIGHT END
TURN 54 RESULT
TIME LEFT 0 5 RIGHT 0 5
MOVE A7 47
END TURN 54
TURN 55
COMMAND LEFT START
COMMAND LEFT END
COMMAND RIGHT START
COMMAND RIGHT END
TURN 55 RESULT
TIME LEFT 0 5 RIGHT 0 5
MOVE A7 62
END TURN 55
TURN 56
COMMAND LEFT START
COMMAND LEFT END
COMMAND RIGHT START
COMMAND RIGHT END
TURN 56 RESULT
TIME LEFT 0 5 RIGHT 0 5
MOVE A7 73
END TURN 56
TURN 57
COMMAND LEFT START
COMMAND LEFT END
COMMAND RIGHT START
COMMAND RIGHT END
TURN 57 RESULT
TIME LEFT 1 5 RIGHT 0 5
MOVE A7 100
END TURN 57
TURN 58
COMMAND LEFT START
COMMAND LEFT END
COMMAND RIGHT START
COMMAND RIGHT END
TURN 58 RESULT
TIME LEFT 0 5 RIGHT 0 5
MOVE A7 112
END TURN 58
TURN 59
COMMAND LEFT START
UPGRADE 112
COMMAND LEFT END
COMMAND RIGHT START
UPGRADE 226
COMMAND RIGHT END
TURN 59 RESULT
TIME LEFT 2 5 RIGHT 0 5
UPGRADE A 112
UPGRADE B 226
END TURN 59
TURN 60
COMMAND LEFT START
COMMAND LEFT END
COMMAND RIGHT START
COMMAND RIGHT END
TURN 60 RESULT
TIME LEFT 1 5 RIGHT 0 5
END TURN 60
TURN 61
COMMAND LEFT START
TRAIN 1
COMMAND LEFT END
COMMAND RIGHT START
TRAIN 1
COMMAND RIGHT END
TURN 61 RESULT
TIME LEFT 1 5 RIGHT 0 5
TRAIN A8 B7
END TURN 61
TURN 62
COMMAND LEFT START
MOVE A8 56
COMMAND LEFT END
COMMAND RIGHT START
COMMAND RIGHT END
TURN 62 RESULT
TIME LEFT 0 5 RIGHT 0 5
MOVE A8 4
END TURN 62
TURN 63
COMMAND LEFT START
COMMAND LEFT END
COMMAND RIGHT START
COMMAND RIGHT END
TURN 63 RESULT
TIME LEFT 0 5 RIGHT 0 5
MOVE A8 6
END TURN 63
TURN 64
COMMAND LEFT START
COMMAND LEFT END
COMMAND RIGHT START
COMMAND RIGHT END
TURN 64 RESULT
TIME LEFT 0 5 RIGHT 0 5
MOVE A8 16
END TURN 64
TURN 65
COMMAND LEFT START
COMMAND LEFT END
COMMAND RIGHT START
TRAIN 1
COMMAND RIGHT END
TURN 65 RESULT
TIME LEFT 0 5 RIGHT 0 5
TRAIN B8
MOVE A8 24
END TURN 65
TURN 66
COMMAND LEFT START
COMMAND LEFT END
COMMAND RIGHT START
COMMAND RIGHT END
TURN 66 RESULT
TIME LEFT 0 5 RIGHT 0 5
MOVE A8 30
END TURN 66
TURN 67
COMMAND LEFT START
COMMAND LEFT END
COMMAND RIGHT START
TRAIN 1
COMMAND RIGHT END
TURN 67 RESULT
TIME LEFT 0 5 RIGHT 0 5
TRAIN B9
MOVE A8 44
END TURN 67
TURN 68
COMMAND LEFT START
COMMAND LEFT END
COMMAND RIGHT START
TRAIN 1
COMMAND RIGHT END
TURN 68 RESULT
TIME LEFT 0 5 RIGHT 0 5
TRAIN B10
MOVE A8 56
END TURN 68
TURN 69
COMMAND LEFT START
UPGRADE 56
COMMAND LEFT END
COMMAND RIGHT START
COMMAND RIGHT END
TURN 69 RESULT
TIME LEFT 1 5 RIGHT 0 5
UPGRADE A 56
END TURN 69
TURN 70
COMMAND LEFT START
COMMAND LEFT END
COMMAND RIGHT START
TRAIN 1
COMMAND RIGHT END
TURN 70 RESULT
TIME LEFT 2 5 RIGHT 0 5
TRAIN B11
END TURN 70
TURN 71
COMMAND LEFT START
TRAIN 1
COMMAND LEFT END
COMMAND RIGHT START
TRAIN 1
COMMAND RIGHT END
TURN 71 RESULT
TIME LEFT 1 5 RIGHT 0 5
TRAIN A9 B12
END TURN 71
TURN 72
COMMAND LEFT START
MOVE A9 102
COMMAND LEFT END
COMMAND RIGHT START
COMMAND RIGHT END
TURN 72 RESULT
TIME LEFT 0 5 RIGHT 0 5
MOVE A9 4
END TURN 72
TURN 73
COMMAND LEFT START
COMMAND LEFT END
COMMAND RIGHT START
TRAIN 1
COMMAND RIGHT END
TURN 73 RESULT
TIME LEFT 0 5 RIGHT 0 5
TRAIN B13
MOVE A9 15
END TURN 73
TURN 74
COMMAND LEFT START
COMMAND LEFT END
COMMAND RIGHT START
COMMAND RIGHT END
TURN 74 RESULT
TIME LEFT 0 5 RIGHT 0 5
MOVE A9 21
END TURN 74
TURN 75
COMMAND LEFT START
COMMAND LEFT END
COMMAND RIGHT START
TRAIN 1
COMMAND RIGHT END
TURN 75 RESULT
TIME LEFT 0 5 RIGHT 0 5
TRAIN B14
MOVE A9 42
END TURN 75
TURN 76
COMMAND LEFT START
COMMAND LEFT END
COMMAND RIGHT START
COMMAND RIGHT END
TURN 76 RESULT
TIME LEFT 0 5 RIGHT 0 5
MOVE A9 52
END TURN 76
TURN 77
COMMAND LEFT START
COMMAND LEFT END
COMMAND RIGHT START
TRAIN 1
COMMAND RIGHT END
TURN 77 RESULT
TIME LEFT 0 5 RIGHT 0 5
TRAIN B15
MOVE A9 64
END TURN 77
TURN 78
COMMAND LEFT START
COMMAND LEFT END
COMMAND RIGHT START
COMMAND RIGHT END
TURN 78 RESULT
TIME LEFT 0 5 RIGHT 0 5
MOVE A9 89
END TURN 78
TURN 79
COMMAND LEFT START
COMMAND LEFT END
COMMAND RIGHT START
TRAIN 1
COMMAND RIGHT END
TURN 79 RESULT
TIME LEFT 0 5 RIGHT 0 5
TRAIN B16
MOVE A9 102
END TURN 79
TURN 80
COMMAND LEFT START
UPGRADE 102
TRAIN 1
COMMAND LEFT END
COMMAND RIGHT START
COMMAND RIGHT END
TURN 80 RESULT
TIME LEFT 1 5 RIGHT 0 5
UPGRADE A 102
TRAIN A10
END TURN 80
TURN 81
COMMAND LEFT START
MOVE A10 49
COMMAND LEFT END
COMMAND RIGHT START
TRAIN 1
COMMAND RIGHT END
TURN 81 RESULT
TIME LEFT 0 5 RIGHT 0 5
TRAIN B17
MOVE A10 4
END TURN 81
TURN 82
COMMAND LEFT START
COMMAND LEFT END
COMMAND RIGHT START
COMMAND RIGHT END
TURN 82 RESULT
TIME LEFT 1 5 RIGHT 0 5
MOVE A10 15
END TURN 82
TURN 83
COMMAND LEFT START
COMMAND LEFT END
COMMAND RIGHT START
TRAIN 1
COMMAND RIGHT END
TURN 83 RESULT
TIME LEFT 0 5 RIGHT 0 5
TRAIN B18
MOVE A10 23
END TURN 83
TURN 84
COMMAND LEFT START
COMMAND LEFT END
COMMAND RIGHT START
COMMAND RIGHT END
TURN 84 RESULT
TIME LEFT 0 5 RIGHT 0 5
MOVE A10 37
END TURN 84
TURN 85
COMMAND LEFT START
COMMAND LEFT END
COMMAND RIGHT START
TRAIN 1
COMMAND RIGHT END
TURN 85 RESULT
TIME LEFT 0 5 RIGHT 0 5
TRAIN B19
MOVE A10 49
END TURN 85
TURN 86
COMMAND LEFT START
UPGRADE 49
COMMAND LEFT END
COMMAND RIGHT START
COMMAND RIGHT END
TURN 86 RESULT
TIME LEFT 1 5 RIGHT 0 5
UPGRADE A 49
END TURN 86
TURN 87
COMMAND LEFT START
TRAIN 1
COMMAND LEFT END
COMMAND RIGHT START
TRAIN 1
COMMAND RIGHT END
TURN 87 RESULT
TIME LEFT 1 5 RIGHT 0 5
TRAIN A11 B20
END TURN 87
TURN 88
COMMAND LEFT START
MOVE A11 3
COMMAND LEFT END
COMMAND RIGHT START
COMMAND RIGHT END
TURN 88 RESULT
TIME LEFT 0 5 RIGHT 0 5
MOVE A11 1
END TURN 88
TURN 89
COMMAND LEFT START
COMMAND LEFT END
COMMAND RIGHT START
TRAIN 1
COMMAND RIGHT END
TURN 89 RESULT
TIME LEFT 0 5 RIGHT 0 5
TRAIN B21
MOVE A11 2
END TURN 89
TURN 90
COMMAND LEFT START
COMMAND LEFT END
COMMAND RIGHT START
COMMAND RIGHT END
TURN 90 RESULT
TIME LEFT 0 5 RIGHT 0 5
MOVE A11 3
END TURN 90
TURN 91
COMMAND LEFT START
UPGRADE 3
COMMAND LEFT END
COMMAND RIGHT START
COMMAND RIGHT END
TURN 91 RESULT
TIME LEFT 0 5 RIGHT 0 5
UPGRADE A 3
END TURN 91
TURN 92
COMMAND LEFT START
COMMAND LEFT END
COMMAND RIGHT START
TRAIN 1
COMMAND RIGHT END
TURN 92 RESULT
TIME LEFT 0 5 RIGHT 0 5
TRAIN B22
END TURN 92
TURN 93
COMMAND LEFT START
COMMAND LEFT END
COMMAND RIGHT START
COMMAND RIGHT END
TURN 93 RESULT
TIME LEFT 1 5 RIGHT 0 5
END TURN 93
TURN 94
COMMAND LEFT START
COMMAND LEFT END
COMMAND RIGHT START
TRAIN 1
COMMAND RIGHT END
TURN 94 RESULT
TIME LEFT 0 5 RIGHT 0 5
TRAIN B23
END TURN 94
TURN 95
COMMAND LEFT START
COMMAND LEFT END
COMMAND RIGHT START
COMMAND RIGHT END
TURN 95 RESULT
TIME LEFT 0 5 RIGHT 0 5
END TURN 95
TURN 96
COMMAND LEFT START
COMMAND LEFT END
COMMAND RIGHT START
COMMAND RIGHT END
TURN 96 RESULT
TIME LEFT 0 5 RIGHT 0 5
END TURN 96
TURN 97
COMMAND LEFT START
COMMAND LEFT END
COMMAND RIGHT START
TRAIN 1
COMMAND RIGHT END
TURN 97 RESULT
TIME LEFT 1 5 RIGHT 1 5
TRAIN B24
END TURN 97
TURN 98
COMMAND LEFT START
UPGRADE 0
TRAIN 1
COMMAND LEFT END
COMMAND RIGHT START
COMMAND RIGHT END
TURN 98 RESULT
TIME LEFT 0 5 RIGHT 0 5
UPGRADE A 0
TRAIN A12
END TURN 98
TURN 99
COMMAND LEFT START
TRAIN 1
COMMAND LEFT END
COMMAND RIGHT START
COMMAND RIGHT END
TURN 99 RESULT
TIME LEFT 0 5 RIGHT 0 5
TRAIN A13
END TURN 99
TURN 100
COMMAND LEFT START
MOVE A13 102
TRAIN 1
COMMAND LEFT END
COMMAND RIGHT START
TRAIN 1
COMMAND RIGHT END
TURN 100 RESULT
TIME LEFT 0 5 RIGHT 0 5
TRAIN A14 B25
MOVE A13 4
END TURN 100
TURN 101
COMMAND LEFT START
MOVE A14 102
TRAIN 1
COMMAND LEFT END
COMMAND RIGHT START
COMMAND RIGHT END
TURN 101 RESULT
TIME LEFT 0 5 RIGHT 0 5
TRAIN A15
MOVE A13 15
MOVE A14 4
END TURN 101
TURN 102
COMMAND LEFT START
MOVE A15 102
TRAIN 1
COMMAND LEFT END
COMMAND RIGHT START
TRAIN 1
COMMAND RIGHT END
TURN 102 RESULT
TIME LEFT 0 5 RIGHT 0 5
TRAIN A16 B26
MOVE A13 21
MOVE A14 15
MOVE A15 4
END TURN 102
TURN 103
COMMAND LEFT START
MOVE A16 102
TRAIN 1
COMMAND LEFT END
COMMAND RIGHT START
COMMAND RIGHT END
TURN 103 RESULT
TIME LEFT 0 5 RIGHT 0 5
TRAIN A17
MOVE A13 42
MOVE A14 21
MOVE A15 15
MOVE A16 4
END TURN 103
TURN 104
COMMAND LEFT START
MOVE A17 102
TRAIN 1
COMMAND LEFT END
COMMAND RIGHT START
COMMAND RIGHT END
TURN 104 RESULT
TIME LEFT 1 5 RIGHT 0 5
TRAIN A18
MOVE A13 52
MOVE A14 42
MOVE A15 21
MOVE A16 15
MOVE A17 4
END TURN 104
TURN 105
COMMAND LEFT START
MOVE A18 102
TRAIN 1
COMMAND LEFT END
COMMAND RIGHT START
TRAIN 1
COMMAND RIGHT END
TURN 105 RESULT
TIME LEFT 1 5 RIGHT 0 5
TRAIN A19 B27
MOVE A13 64
MOVE A14 52
MOVE A15 42
MOVE A16 21
MOVE A17 15
MOVE A18 4
END TURN 105
TURN 106
COMMAND LEFT START
MOVE A19 102
TRAIN 1
COMMAND LEFT END
COMMAND RIGHT START
COMMAND RIGHT END
TURN 106 RESULT
TIME LEFT 4 5 RIGHT 0 5
TRAIN A20
MOVE A13 89
MOVE A14 64
MOVE A15 52
MOVE A16 42
MOVE A17 21
MOVE A18 15
MOVE A19 4
END TURN 106
TURN 107
COMMAND LEFT START
MOVE A20 102
TRAIN 1
COMMAND LEFT END
COMMAND RIGHT START
COMMAND RIGHT END
TURN 107 RESULT
TIME LEFT 1 5 RIGHT 0 5
TRAIN A21
MOVE A13 102
MOVE A14 89
MOVE A15 64
MOVE A16 52
MOVE A17 42
MOVE A18 21
MOVE A19 15
MOVE A20 4
END TURN 107
TURN 108
COMMAND LEFT START
MOVE A21 102
TRAIN 1
COMMAND LEFT END
COMMAND RIGHT START
COMMAND RIGHT END
TURN 108 RESULT
TIME LEFT 1 5 RIGHT 0 5
TRAIN A22
MOVE A14 102
MOVE A15 89
MOVE A16 64
MOVE A17 52
MOVE A18 42
MOVE A19 21
MOVE A20 15
MOVE A21 4
END TURN 108
TURN 109
COMMAND LEFT START
MOVE A22 102
TRAIN 1
COMMAND LEFT END
COMMAND RIGHT START
TRAIN 1
COMMAND RIGHT END
TURN 109 RESULT
TIME LEFT 1 5 RIGHT 0 5
TRAIN A23 B28
MOVE A15 102
MOVE A16 89
MOVE A17 64
MOVE A18 52
MOVE A19 42
MOVE A20 21
MOVE A21 15
MOVE A22 4
END TURN 109
TURN 110
COMMAND LEFT START
MOVE A23 102
TRAIN 1
COMMAND LEFT END
COMMAND RIGHT START
MOVE B28 113
MOVE B27 113
MOVE B26 113
MOVE B25 113
MOVE B24 113
MOVE B23 113
MOVE B22 113
MOVE B21 113
MOVE B20 113
MOVE B19 113
MOVE B18 113
MOVE B17 113
MOVE B16 113
MOVE B15 113
MOVE B14 113
MOVE B13 113
MOVE B12 113
MOVE B11 113
MOVE B10 113
COMMAND RIGHT END
TURN 110 RESULT
TIME LEFT 1 5 RIGHT 0 5
TRAIN A24
MOVE A16 102
MOVE A17 89
MOVE A18 64
MOVE A19 52
MOVE A20 42
MOVE A21 21
MOVE A22 15
MOVE A23 4
MOVE B10 222
MOVE B11 222
MOVE B12 222
MOVE B13 222
MOVE B14 222
MOVE B15 222
MOVE B16 222
MOVE B17 222
MOVE B18 222
MOVE B19 222
MOVE B20 222
MOVE B21 222
MOVE B22 222
MOVE B23 222
MOVE B24 222
MOVE B25 222
MOVE B26 222
MOVE B27 222
MOVE B28 222
END TURN 110
TURN 111
COMMAND LEFT START
MOVE A24 102
TRAIN 1
COMMAND LEFT END
COMMAND RIGHT START
MOVE B9 113
MOVE B8 113
COMMAND RIGHT END
TURN 111 RESULT
TIME LEFT 1 5 RIGHT 0 5
TRAIN A25
MOVE A17 102
MOVE A18 89
MOVE A19 64
MOVE A20 52
MOVE A21 42
MOVE A22 21
MOVE A23 15
MOVE A24 4
MOVE B8 222
MOVE B9 222
MOVE B10 211
MOVE B11 211
MOVE B12 211
MOVE B13 211
MOVE B14 211
MOVE B15 211
MOVE B16 211
MOVE B17 211
MOVE B18 211
MOVE B19 211
MOVE B20 211
MOVE B21 211
MOVE B22 211
MOVE B23 211
MOVE B24 211
MOVE B25 211
MOVE B26 211
MOVE B27 211
MOVE B28 211
END TURN 111
TURN 112
COMMAND LEFT START
MOVE A25 102
TRAIN 1
COMMAND LEFT END
COMMAND RIGHT START
TRAIN 1
COMMAND RIGHT END
TURN 112 RESULT
TIME LEFT 1 5 RIGHT 0 5
TRAIN A26 B29
MOVE A18 102
MOVE A19 89
MOVE A20 64
MOVE A21 52
MOVE A22 42
MOVE A23 21
MOVE A24 15
MOVE A25 4
MOVE B8 211
MOVE B9 211
MOVE B10 205
MOVE B11 205
MOVE B12 205
MOVE B13 205
MOVE B14 205
MOVE B15 205
MOVE B16 205
MOVE B17 205
MOVE B18 205
MOVE B19 205
MOVE B20 205
MOVE B21 205
MOVE B22 205
MOVE B23 205
MOVE B24 205
MOVE B25 205
MOVE B26 205
MOVE B27 205
MOVE B28 205
END TURN 112
TURN 113
COMMAND LEFT START
MOVE A13 113
MOVE A14 113
MOVE A15 113
MOVE A16 113
MOVE A17 113
MOVE A18 113
MOVE A26 102
COMMAND LEFT END
COMMAND RIGHT START
MOVE B29 113
COMMAND RIGHT END
TURN 113 RESULT
TIME LEFT 1 5 RIGHT 0 5
MOVE A13 103
MOVE A14 103
MOVE A15 103
MOVE A16 103
MOVE A17 103
MOVE A18 103
MOVE A19 102
MOVE A20 89
MOVE A21 64
MOVE A22 52
MOVE A23 42
MOVE A24 21
MOVE A25 15
MOVE A26 4
MOVE B8 205
MOVE B9 205
MOVE B10 184
MOVE B11 184
MOVE B12 184
MOVE B13 184
MOVE B14 184
MOVE B15 184
MOVE B16 184
MOVE B17 184
MOVE B18 184
MOVE B19 184
MOVE B20 184
MOVE B21 184
MOVE B22 184
MOVE B23 184
MOVE B24 184
MOVE B25 184
MOVE B26 184
MOVE B27 184
MOVE B28 184
MOVE B29 222
END TURN 113
TURN 114
COMMAND LEFT START
TRAIN 1
COMMAND LEFT END
COMMAND RIGHT START
COMMAND RIGHT END
TURN 114 RESULT
TIME LEFT 0 5 RIGHT 0 5
TRAIN A27
MOVE A13 113
MOVE A14 113
MOVE A15 113
MOVE A16 113
MOVE A17 113
MOVE A18 113
MOVE A20 102
MOVE A21 89
MOVE A22 64
MOVE A23 52
MOVE A24 42
MOVE A25 21
MOVE A26 15
MOVE B8 184
MOVE B9 184
MOVE B10 174
MOVE B11 174
MOVE B12 174
MOVE B13 174
MOVE B14 174
MOVE B15 174
MOVE B16 174
MOVE B17 174
MOVE B18 174
MOVE B19 174
MOVE B20 174
MOVE B21 174
MOVE B22 174
MOVE B23 174
MOVE B24 174
MOVE B25 174
MOVE B26 174
MOVE B27 174
MOVE B28 174
MOVE B29 211
DAMAGE TURRET A13 1
DAMAGE COMBAT A13 1
DAMAGE COMBAT B3 2
SIEGE B 113 4
END TURN 114
TURN 115
COMMAND LEFT START
MOVE A27 102
TRAIN 1
COMMAND LEFT END
COMMAND RIGHT START
COMMAND RIGHT END
TURN 115 RESULT
TIME LEFT 1 5 RIGHT 0 5
TRAIN A28
MOVE A21 102
MOVE A22 89
MOVE A23 64
MOVE A24 52
MOVE A25 42
MOVE A26 21
MOVE A27 4
MOVE B8 174
MOVE B9 174
MOVE B10 162
MOVE B11 162
MOVE B12 162
MOVE B13 162
MOVE B14 162
MOVE B15 162
MOVE B16 162
MOVE B17 162
MOVE B18 162
MOVE B19 162
MOVE B20 162
MOVE B21 162
MOVE B22 162
MOVE B23 162
MOVE B24 162
MOVE B25 162
MOVE B26 162
MOVE B27 162
MOVE B28 162
MOVE B29 205
DAMAGE TURRET A13 1
SIEGE B 113 2
END TURN 115
TURN 116
COMMAND LEFT START
MOVE A13 226
MOVE A14 226
MOVE A15 226
MOVE A16 226
MOVE A17 226
MOVE A19 113
MOVE A28 102
COMMAND LEFT END
COMMAND RIGHT START
TRAIN 1
COMMAND RIGHT END
TURN 116 RESULT
TIME LEFT 4 5 RIGHT 0 5
TRAIN B30
MOVE A13 123
MOVE A14 123
MOVE A15 123
MOVE A16 123
MOVE A17 123
MOVE A19 103
MOVE A22 102
MOVE A23 89
MOVE A24 64
MOVE A25 52
MOVE A26 42
MOVE A27 15
MOVE A28 4
MOVE B8 162
MOVE B9 162
MOVE B10 142
MOVE B11 142
MOVE B12 142
MOVE B13 142
MOVE B14 142
MOVE B15 142
MOVE B16 142
MOVE B17 142
MOVE B18 142
MOVE B19 142
MOVE B20 142
MOVE B21 142
MOVE B22 142
MOVE B23 142
MOVE B24 142
MOVE B25 142
MOVE B26 142
MOVE B27 142
MOVE B28 142
MOVE B29 184
END TURN 116
TURN 117
COMMAND LEFT START
COMMAND LEFT END
COMMAND RIGHT START
COMMAND RIGHT END
TURN 117 RESULT
TIME LEFT 1 5 RIGHT 0 5
MOVE A13 142
MOVE A14 142
MOVE A15 142
MOVE A16 142
MOVE A17 142
MOVE A19 113
MOVE A23 102
MOVE A24 89
MOVE A25 64
MOVE A26 52
MOVE A27 21
MOVE A28 15
MOVE B8 142
MOVE B9 142
MOVE B10 123
MOVE B11 123
MOVE B12 123
MOVE B13 123
MOVE B14 123
MOVE B15 123
MOVE B16 123
MOVE B17 123
MOVE B18 123
MOVE B19 123
MOVE B20 123
MOVE B21 123
MOVE B22 123
MOVE B23 123
MOVE B24 123
MOVE B25 123
MOVE B26 123
MOVE B27 123
MOVE B28 123
MOVE B29 174
DAMAGE COMBAT A13 2
DAMAGE COMBAT B8 5
END TURN 117
TURN 118
COMMAND LEFT START
MOVE A20 64
MOVE A21 64
MOVE A22 64
MOVE A23 64
TRAIN 1
COMMAND LEFT END
COMMAND RIGHT START
COMMAND RIGHT END
TURN 118 RESULT
TIME LEFT 2 5 RIGHT 0 5
TRAIN A29
MOVE A20 89
MOVE A21 89
MOVE A22 89
MOVE A23 89
MOVE A24 102
MOVE A25 89
MOVE A26 64
MOVE A27 42
MOVE A28 21
MOVE B10 113
MOVE B11 113
MOVE B12 113
MOVE B13 113
MOVE B14 113
MOVE B15 113
MOVE B16 113
MOVE B17 113
MOVE B18 113
MOVE B19 113
MOVE B20 113
MOVE B21 113
MOVE B22 113
MOVE B23 113
MOVE B24 113
MOVE B25 113
MOVE B26 113
MOVE B27 113
MOVE B28 113
MOVE B29 162
DAMAGE COMBAT A14 1
DAMAGE COMBAT A18 5
DAMAGE COMBAT A19 5
DAMAGE COMBAT B9 4
DAMAGE COMBAT B10 2
END TURN 118
TURN 119
COMMAND LEFT START
MOVE A29 102
COMMAND LEFT END
COMMAND RIGHT START
MOVE B10 177
MOVE B11 177
MOVE B12 177
MOVE B13 177
MOVE B14 177
MOVE B15 177
MOVE B16 177
MOVE B17 177
MOVE B18 177
MOVE B19 177
MOVE B20 177
MOVE B21 177
MOVE B22 177
MOVE B23 177
MOVE B24 177
MOVE B25 177
MOVE B26 177
MOVE B27 177
MOVE B30 177
COMMAND RIGHT END
TURN 119 RESULT
TIME LEFT 1 5 RIGHT 0 5
MOVE A20 64
MOVE A21 64
MOVE A22 64
MOVE A23 64
MOVE A25 102
MOVE A26 89
MOVE A27 52
MOVE A28 42
MOVE A29 4
MOVE B10 129
MOVE B11 129
MOVE B12 129
MOVE B13 129
MOVE B14 129
MOVE B15 129
MOVE B16 129
MOVE B17 129
MOVE B18 129
MOVE B19 129
MOVE B20 129
MOVE B21 129
MOVE B22 129
MOVE B23 129
MOVE B24 129
MOVE B25 129
MOVE B26 129
MOVE B27 129
MOVE B29 142
MOVE B30 222
DAMAGE COMBAT A14 2
DAMAGE COMBAT B9 1
DAMAGE COMBAT B29 3
END TURN 119
TURN 120
COMMAND LEFT START
MOVE A20 102
MOVE A21 102
MOVE A22 102
MOVE A23 102
COMMAND LEFT END
COMMAND RIGHT START
COMMAND RIGHT END
TURN 120 RESULT
TIME LEFT 2 5 RIGHT 0 5
MOVE A20 89
MOVE A21 89
MOVE A22 89
MOVE A23 89
MOVE A26 102
MOVE A27 64
MOVE A28 52
MOVE A29 15
MOVE B10 149
MOVE B11 149
MOVE B12 149
MOVE B13 149
MOVE B14 149
MOVE B15 149
MOVE B16 149
MOVE B17 149
MOVE B18 149
MOVE B19 149
MOVE B20 149
MOVE B21 149
MOVE B22 149
MOVE B23 149
MOVE B24 149
MOVE B25 149
MOVE B26 149
MOVE B27 149
MOVE B30 211
DAMAGE COMBAT A14 1
DAMAGE COMBAT B29 2
END TURN 120
TURN 121
COMMAND LEFT START
COMMAND LEFT END
COMMAND RIGHT START
COMMAND RIGHT END
TURN 121 RESULT
TIME LEFT 1 5 RIGHT 0 5
MOVE A14 162
MOVE A15 162
MOVE A16 162
MOVE A17 162
MOVE A20 102
MOVE A21 102
MOVE A22 102
MOVE A23 102
MOVE A27 89
MOVE A28 64
MOVE A29 21
MOVE B10 168
MOVE B11 168
MOVE B12 168
MOVE B13 168
MOVE B14 168
MOVE B15 168
MOVE B16 168
MOVE B17 168
MOVE B18 168
MOVE B19 168
MOVE B20 168
MOVE B21 168
MOVE B22 168
MOVE B23 168
MOVE B24 168
MOVE B25 168
MOVE B26 168
MOVE B27 168
MOVE B30 203
END TURN 121
TURN 122
COMMAND LEFT START
MOVE A20 177
MOVE A21 177
MOVE A22 177
MOVE A23 177
MOVE A24 177
MOVE A25 177
MOVE A26 177
COMMAND LEFT END
COMMAND RIGHT START
TRAIN 1
COMMAND RIGHT END
TURN 122 RESULT
TIME LEFT 2 5 RIGHT 0 5
TRAIN B31
MOVE A14 174
MOVE A15 174
MOVE A16 174
MOVE A17 174
MOVE A20 116
MOVE A21 116
MOVE A22 116
MOVE A23 116
MOVE A24 116
MOVE A25 116
MOVE A26 116
MOVE A27 102
MOVE A28 89
MOVE A29 42
MOVE B10 177
MOVE B11 177
MOVE B12 177
MOVE B13 177
MOVE B14 177
MOVE B15 177
MOVE B16 177
MOVE B17 177
MOVE B18 177
MOVE B19 177
MOVE B20 177
MOVE B21 177
MOVE B22 177
MOVE B23 177
MOVE B24 177
MOVE B25 177
MOVE B26 177
MOVE B27 177
MOVE B30 189
END TURN 122
TURN 123
COMMAND LEFT START
COMMAND LEFT END
COMMAND RIGHT START
MOVE B31 177
COMMAND RIGHT END
TURN 123 RESULT
TIME LEFT 1 5 RIGHT 0 5
MOVE A14 184
MOVE A15 184
MOVE A16 184
MOVE A17 184
MOVE A20 140
MOVE A21 140
MOVE A22 140
MOVE A23 140
MOVE A24 140
MOVE A25 140
MOVE A26 140
MOVE A28 102
MOVE A29 52
MOVE B30 177
MOVE B31 222
END TURN 123
TURN 124
COMMAND LEFT START
MOVE A27 64
MOVE A28 64
TRAIN 1
COMMAND LEFT END
COMMAND RIGHT START
COMMAND RIGHT END
TURN 124 RESULT
TIME LEFT 2 5 RIGHT 0 5
TRAIN A30
MOVE A14 205
MOVE A15 205
MOVE A16 205
MOVE A17 205
MOVE A20 149
MOVE A21 149
MOVE A22 149
MOVE A23 149
MOVE A24 149
MOVE A25 149
MOVE A26 149
MOVE A27 89
MOVE A28 89
MOVE A29 64
MOVE B31 211
END TURN 124
TURN 125
COMMAND LEFT START
MOVE A30 49
TRAIN 1
COMMAND LEFT END
COMMAND RIGHT START
COMMAND RIGHT END
TURN 125 RESULT
TIME LEFT 1 5 RIGHT 0 5
TRAIN A31
MOVE A14 211
MOVE A15 211
MOVE A16 211
MOVE A17 211
MOVE A20 168
MOVE A21 168
MOVE A22 168
MOVE A23 168
MOVE A24 168
MOVE A25 168
MOVE A26 168
MOVE A27 64
MOVE A28 64
MOVE A29 89
MOVE A30 4
MOVE B31 203
END TURN 125
TURN 126
COMMAND LEFT START
MOVE A27 112
MOVE A28 112
MOVE A31 56
TRAIN 1
COMMAND LEFT END
COMMAND RIGHT START
COMMAND RIGHT END
TURN 126 RESULT
TIME LEFT 2 5 RIGHT 0 5
TRAIN A32
MOVE A14 222
MOVE A15 222
MOVE A16 222
MOVE A17 222
MOVE A20 177
MOVE A21 177
MOVE A22 177
MOVE A23 177
MOVE A24 177
MOVE A25 177
MOVE A26 177
MOVE A27 80
MOVE A28 80
MOVE A29 102
MOVE A30 15
MOVE A31 4
MOVE B31 189
DAMAGE TURRET A20 1
DAMAGE COMBAT A20 4
DAMAGE COMBAT A21 5
DAMAGE COMBAT A22 5
DAMAGE COMBAT A23 5
DAMAGE COMBAT A24 1
DAMAGE COMBAT B6 4
DAMAGE COMBAT B10 3
END TURN 126
TURN 127
COMMAND LEFT START
MOVE A29 64
MOVE A32 64
TRAIN 1
COMMAND LEFT END
COMMAND RIGHT START
TRAIN 1
COMMAND RIGHT END
TURN 127 RESULT
TIME LEFT 2 5 RIGHT 0 5
TRAIN A33 B32
MOVE A14 226
MOVE A15 226
MOVE A16 226
MOVE A17 226
MOVE A27 100
MOVE A28 100
MOVE A29 89
MOVE A30 23
MOVE A31 6
MOVE A32 4
MOVE B31 177
DAMAGE TURRET A14 1
DAMAGE TURRET A15 1
DAMAGE TURRET A24 1
DAMAGE COMBAT A15 3
DAMAGE COMBAT A24 3
DAMAGE COMBAT A25 5
DAMAGE COMBAT A26 5
DAMAGE COMBAT B4 4
DAMAGE COMBAT B11 3
END TURN 127
TURN 128
COMMAND LEFT START
MOVE A33 113
COMMAND LEFT END
COMMAND RIGHT START
TRAIN 1
COMMAND RIGHT END
TURN 128 RESULT
TIME LEFT 1 5 RIGHT 0 5
TRAIN B33
MOVE A27 112
MOVE A28 112
MOVE A29 64
MOVE A30 37
MOVE A31 16
MOVE A32 15
MOVE A33 4
DAMAGE TURRET A15 1
DAMAGE TURRET A16 1
DAMAGE COMBAT A16 3
DAMAGE COMBAT B7 3
END TURN 128
TURN 129
COMMAND LEFT START
MOVE A27 102
MOVE A28 102
MOVE A29 102
COMMAND LEFT END
COMMAND RIGHT START
COMMAND RIGHT END
TURN 129 RESULT
TIME LEFT 1 5 RIGHT 0 5
MOVE A27 116
MOVE A28 116
MOVE A29 89
MOVE A30 49
MOVE A31 24
MOVE A32 21
MOVE A33 15
DAMAGE TURRET A16 1
DAMAGE TURRET A17 1
DAMAGE COMBAT A17 3
DAMAGE COMBAT B7 2
END TURN 129
TURN 130
COMMAND LEFT START
MOVE A30 102
COMMAND LEFT END
COMMAND RIGHT START
COMMAND RIGHT END
TURN 130 RESULT
TIME LEFT 1 5 RIGHT 0 5
MOVE A27 102
MOVE A28 102
MOVE A29 102
MOVE A30 58
MOVE A31 30
MOVE A32 42
MOVE A33 21
DAMAGE TURRET A17 1
DAMAGE COMBAT B32 1
END TURN 130
TURN 131
COMMAND LEFT START
COMMAND LEFT END
COMMAND RIGHT START
COMMAND RIGHT END
TURN 131 RESULT
TIME LEFT 0 5 RIGHT 0 5
MOVE A30 84
MOVE A31 44
MOVE A32 52
MOVE A33 42
END TURN 131
TURN 132
COMMAND LEFT START
COMMAND LEFT END
COMMAND RIGHT START
MOVE B31 102
MOVE B30 102
MOVE B27 102
MOVE B26 102
MOVE B25 102
MOVE B24 102
MOVE B23 102
MOVE B22 102
MOVE B21 102
MOVE B20 102
MOVE B19 102
MOVE B18 102
MOVE B17 102
MOVE B16 102
MOVE B15 102
MOVE B14 102
MOVE B13 102
MOVE B12 102
MOVE B11 102
COMMAND RIGHT END
TURN 132 RESULT
TIME LEFT 0 5 RIGHT 0 5
MOVE A30 89
MOVE A31 56
MOVE A32 64
MOVE A33 52
MOVE B11 168
MOVE B12 168
MOVE B13 168
MOVE B14 168
MOVE B15 168
MOVE B16 168
MOVE B17 168
MOVE B18 168
MOVE B19 168
MOVE B20 168
MOVE B21 168
MOVE B22 168
MOVE B23 168
MOVE B24 168
MOVE B25 168
MOVE B26 168
MOVE B27 168
MOVE B30 168
MOVE B31 168
END TURN 132
TURN 133
COMMAND LEFT START
MOVE A32 102
MOVE A31 102
COMMAND LEFT END
COMMAND RIGHT START
MOVE B32 177
MOVE B28 226
COMMAND RIGHT END
TURN 133 RESULT
TIME LEFT 1 5 RIGHT 0 5
MOVE A30 102
MOVE A31 63
MOVE A32 89
MOVE A33 64
MOVE B11 149
MOVE B12 149
MOVE B13 149
MOVE B14 149
MOVE B15 149
MOVE B16 149
MOVE B17 149
MOVE B18 149
MOVE B19 149
MOVE B20 149
MOVE B21 149
MOVE B22 149
MOVE B23 149
MOVE B24 149
MOVE B25 149
MOVE B26 149
MOVE B27 149
MOVE B28 123
MOVE B30 149
MOVE B31 149
MOVE B32 222
END TURN 133
TURN 134
COMMAND LEFT START
UPGRADE 0
COMMAND LEFT END
COMMAND RIGHT START
COMMAND RIGHT END
TURN 134 RESULT
TIME LEFT 1 5 RIGHT 0 5
UPGRADE A 0
MOVE A31 78
MOVE A32 102
MOVE A33 84
MOVE B11 140
MOVE B12 140
MOVE B13 140
MOVE B14 140
MOVE B15 140
MOVE B16 140
MOVE B17 140
MOVE B18 140
MOVE B19 140
MOVE B20 140
MOVE B21 140
MOVE B22 140
MOVE B23 140
MOVE B24 140
MOVE B25 140
MOVE B26 140
MOVE B27 140
MOVE B28 142
MOVE B30 140
MOVE B31 140
MOVE B32 211
END TURN 134
TURN 135
COMMAND LEFT START
COMMAND LEFT END
COMMAND RIGHT START
COMMAND RIGHT END
TURN 135 RESULT
TIME LEFT 1 5 RIGHT 0 5
MOVE A31 100
MOVE A33 103
MOVE B11 116
MOVE B12 116
MOVE B13 116
MOVE B14 116
MOVE B15 116
MOVE B16 116
MOVE B17 116
MOVE B18 116
MOVE B19 116
MOVE B20 116
MOVE B21 116
MOVE B22 116
MOVE B23 116
MOVE B24 116
MOVE B25 116
MOVE B26 116
MOVE B27 116
MOVE B28 162
MOVE B30 116
MOVE B31 116
MOVE B32 203
END TURN 135
TURN 136
COMMAND LEFT START
MOVE A27 112
MOVE A28 112
MOVE A29 112
MOVE A30 112
TRAIN 2
COMMAND LEFT END
COMMAND RIGHT START
COMMAND RIGHT END
TURN 136 RESULT
TIME LEFT 2 5 RIGHT 0 5
TRAIN A34 A35
MOVE A27 116
MOVE A28 116
MOVE A29 116
MOVE A30 116
MOVE A31 102
MOVE A33 113
MOVE B11 102
MOVE B12 102
MOVE B13 102
MOVE B14 102
MOVE B15 102
MOVE B16 102
MOVE B17 102
MOVE B18 102
MOVE B19 102
MOVE B20 102
MOVE B21 102
MOVE B22 102
MOVE B23 102
MOVE B24 102
MOVE B25 102
MOVE B26 102
MOVE B27 102
MOVE B28 174
MOVE B30 102
MOVE B31 102
MOVE B32 189
DAMAGE TURRET B11 1
DAMAGE COMBAT A9 4
DAMAGE COMBAT A31 5
DAMAGE COMBAT A32 5
DAMAGE COMBAT B11 1
DAMAGE COMBAT B12 2
SIEGE A 102 5
END TURN 136
TURN 137
COMMAND LEFT START
MOVE A35 102
TRAIN 2
COMMAND LEFT END
COMMAND RIGHT START
COMMAND RIGHT END
TURN 137 RESULT
TIME LEFT 2 5 RIGHT 0 5
TRAIN A36 A37
MOVE A27 112
MOVE A28 112
MOVE A29 112
MOVE A30 112
MOVE A35 4
MOVE B28 184
MOVE B32 177
DAMAGE TURRET B12 1
SIEGE A 102 1
END TURN 137
TURN 138
COMMAND LEFT START
MOVE A27 113
MOVE A36 64
MOVE A37 64
MOVE A28 64
MOVE A29 64
MOVE A30 64
COMMAND LEFT END
COMMAND RIGHT START
MOVE B12 177
MOVE B13 177
MOVE B14 177
MOVE B15 177
MOVE B16 177
MOVE B17 177
MOVE B18 177
MOVE B19 177
MOVE B20 177
MOVE B21 177
MOVE B22 177
MOVE B23 177
MOVE B24 177
MOVE B25 177
MOVE B26 177
MOVE B27 177
MOVE B30 177
COMMAND RIGHT END
TURN 138 RESULT
TIME LEFT 2 5 RIGHT 0 5
MOVE A27 116
MOVE A28 100
MOVE A29 100
MOVE A30 100
MOVE A35 15
MOVE A36 4
MOVE A37 4
MOVE B12 116
MOVE B13 116
MOVE B14 116
MOVE B15 116
MOVE B16 116
MOVE B17 116
MOVE B18 116
MOVE B19 116
MOVE B20 116
MOVE B21 116
MOVE B22 116
MOVE B23 116
MOVE B24 116
MOVE B25 116
MOVE B26 116
MOVE B27 116
MOVE B28 205
MOVE B30 116
DAMAGE COMBAT A27 5
DAMAGE COMBAT B12 1
END TURN 138
TURN 139
COMMAND LEFT START
TRAIN 2
COMMAND LEFT END
COMMAND RIGHT START
COMMAND RIGHT END
TURN 139 RESULT
TIME LEFT 1 5 RIGHT 0 5
TRAIN A38 A39
MOVE A28 80
MOVE A29 80
MOVE A30 80
MOVE A35 21
MOVE A36 15
MOVE A37 15
MOVE B12 140
MOVE B13 140
MOVE B14 140
MOVE B15 140
MOVE B16 140
MOVE B17 140
MOVE B18 140
MOVE B19 140
MOVE B20 140
MOVE B21 140
MOVE B22 140
MOVE B23 140
MOVE B24 140
MOVE B25 140
MOVE B26 140
MOVE B27 140
MOVE B28 211
MOVE B30 140
END TURN 139
TURN 140
COMMAND LEFT START
MOVE A38 102
MOVE A39 64
COMMAND LEFT END
COMMAND RIGHT START
COMMAND RIGHT END
TURN 140 RESULT
TIME LEFT 1 5 RIGHT 0 5
MOVE A28 64
MOVE A29 64
MOVE A30 64
MOVE A35 42
MOVE A36 21
MOVE A37 21
MOVE A38 4
MOVE A39 4
MOVE B12 149
MOVE B13 149
MOVE B14 149
MOVE B15 149
MOVE B16 149
MOVE B17 149
MOVE B18 149
MOVE B19 149
MOVE B20 149
MOVE B21 149
MOVE B22 149
MOVE B23 149
MOVE B24 149
MOVE B25 149
MOVE B26 149
MOVE B27 149
MOVE B28 222
MOVE B30 149
END TURN 140
TURN 141
COMMAND LEFT START
COMMAND LEFT END
COMMAND RIGHT START
COMMAND RIGHT END
TURN 141 RESULT
TIME LEFT 1 5 RIGHT 0 5
MOVE A35 52
MOVE A36 42
MOVE A37 42
MOVE A38 15
MOVE A39 15
MOVE B12 168
MOVE B13 168
MOVE B14 168
MOVE B15 168
MOVE B16 168
MOVE B17 168
MOVE B18 168
MOVE B19 168
MOVE B20 168
MOVE B21 168
MOVE B22 168
MOVE B23 168
MOVE B24 168
MOVE B25 168
MOVE B26 168
MOVE B27 168
MOVE B28 226
MOVE B30 168
END TURN 141
TURN 142
COMMAND LEFT START
MOVE A28 113
MOVE A29 113
MOVE A30 113
UPGRADE 113
COMMAND LEFT END
COMMAND RIGHT START
COMMAND RIGHT END
TURN 142 RESULT
TIME LEFT 1 5 RIGHT 0 5
UPGRADE A 113
MOVE A28 84
MOVE A29 84
MOVE A30 84
MOVE A35 64
MOVE A36 52
MOVE A37 52
MOVE A38 21
MOVE A39 21
MOVE B12 177
MOVE B13 177
MOVE B14 177
MOVE B15 177
MOVE B16 177
MOVE B17 177
MOVE B18 177
MOVE B19 177
MOVE B20 177
MOVE B21 177
MOVE B22 177
MOVE B23 177
MOVE B24 177
MOVE B25 177
MOVE B26 177
MOVE B27 177
MOVE B30 177
END TURN 142
TURN 143
COMMAND LEFT START
COMMAND LEFT END
COMMAND RIGHT START
COMMAND RIGHT END
TURN 143 RESULT
TIME LEFT 0 5 RIGHT 0 5
MOVE A28 103
MOVE A29 103
MOVE A30 103
MOVE A35 89
MOVE A36 64
MOVE A37 64
MOVE A38 42
MOVE A39 42
END TURN 143
TURN 144
COMMAND LEFT START
MOVE A36 113
MOVE A37 113
COMMAND LEFT END
COMMAND RIGHT START
COMMAND RIGHT END
TURN 144 RESULT
TIME LEFT 1 5 RIGHT 0 5
MOVE A28 113
MOVE A29 113
MOVE A30 113
MOVE A35 102
MOVE A36 84
MOVE A37 84
MOVE A38 52
MOVE A39 52
DAMAGE COMBAT A35 1
DAMAGE COMBAT B31 1
END TURN 144
TURN 145
COMMAND LEFT START
MOVE A35 113
COMMAND LEFT END
COMMAND RIGHT START
MOVE B32 113
MOVE B30 113
MOVE B27 113
MOVE B26 113
MOVE B25 113
MOVE B24 113
MOVE B23 113
MOVE B22 113
MOVE B21 113
MOVE B20 113
MOVE B19 113
MOVE B18 113
MOVE B17 113
MOVE B16 113
MOVE B15 113
MOVE B14 113
MOVE B13 113
MOVE B12 113
COMMAND RIGHT END
TURN 145 RESULT
TIME LEFT 1 5 RIGHT 0 5
MOVE A36 103
MOVE A37 103
MOVE A38 64
MOVE A39 64
MOVE B12 168
MOVE B13 168
MOVE B14 168
MOVE B15 168
MOVE B16 168
MOVE B17 168
MOVE B18 168
MOVE B19 168
MOVE B20 168
MOVE B21 168
MOVE B22 168
MOVE B23 168
MOVE B24 168
MOVE B25 168
MOVE B26 168
MOVE B27 168
MOVE B30 168
MOVE B32 168
DAMAGE COMBAT A35 1
DAMAGE COMBAT B31 1
END TURN 145
TURN 146
COMMAND LEFT START
MOVE A39 113
COMMAND LEFT END
COMMAND RIGHT START
MOVE B28 177
MOVE B31 226
COMMAND RIGHT END
TURN 146 RESULT
TIME LEFT 1 5 RIGHT 0 5
MOVE A36 113
MOVE A37 113
MOVE A38 89
MOVE A39 84
MOVE B12 149
MOVE B13 149
MOVE B14 149
MOVE B15 149
MOVE B16 149
MOVE B17 149
MOVE B18 149
MOVE B19 149
MOVE B20 149
MOVE B21 149
MOVE B22 149
MOVE B23 149
MOVE B24 149
MOVE B25 149
MOVE B26 149
MOVE B27 149
MOVE B28 222
MOVE B30 149
MOVE B32 149
DAMAGE COMBAT A35 1
DAMAGE COMBAT B31 1
END TURN 146
TURN 147
COMMAND LEFT START
COMMAND LEFT END
COMMAND RIGHT START
COMMAND RIGHT END
TURN 147 RESULT
TIME LEFT 1 5 RIGHT 0 5
MOVE A38 102
MOVE A39 103
MOVE B12 129
MOVE B13 129
MOVE B14 129
MOVE B15 129
MOVE B16 129
MOVE B17 129
MOVE B18 129
MOVE B19 129
MOVE B20 129
MOVE B21 129
MOVE B22 129
MOVE B23 129
MOVE B24 129
MOVE B25 129
MOVE B26 129
MOVE B27 129
MOVE B28 211
MOVE B30 129
MOVE B32 129
DAMAGE COMBAT A35 1
DAMAGE COMBAT B31 2
END TURN 147
TURN 148
COMMAND LEFT START
MOVE A29 64
MOVE A30 64
TRAIN 2
COMMAND LEFT END
COMMAND RIGHT START
COMMAND RIGHT END
TURN 148 RESULT
TIME LEFT 2 5 RIGHT 0 5
TRAIN A40 A41
MOVE A29 103
MOVE A30 103
MOVE A35 103
MOVE A39 113
MOVE B12 113
MOVE B13 113
MOVE B14 113
MOVE B15 113
MOVE B16 113
MOVE B17 113
MOVE B18 113
MOVE B19 113
MOVE B20 113
MOVE B21 113
MOVE B22 113
MOVE B23 113
MOVE B24 113
MOVE B25 113
MOVE B26 113
MOVE B27 113
MOVE B28 203
MOVE B30 113
MOVE B32 113
DAMAGE TURRET B12 1
DAMAGE COMBAT A28 5
DAMAGE COMBAT A33 5
DAMAGE COMBAT A36 6
DAMAGE COMBAT A37 2
DAMAGE COMBAT B13 1
DAMAGE COMBAT B32 4
END TURN 148
TURN 149
COMMAND LEFT START
MOVE A40 113
MOVE A41 113
TRAIN 2
COMMAND LEFT END
COMMAND RIGHT START
COMMAND RIGHT END
TURN 149 RESULT
TIME LEFT 1 5 RIGHT 0 5
TRAIN A42 A43
MOVE A29 84
MOVE A30 84
MOVE A35 113
MOVE A40 4
MOVE A41 4
MOVE B28 189
DAMAGE TURRET B13 1
DAMAGE COMBAT A35 2
DAMAGE COMBAT A37 4
DAMAGE COMBAT A39 6
DAMAGE COMBAT B13 3
SIEGE A 113 4
END TURN 149
TURN 150
COMMAND LEFT START
MOVE A42 113
MOVE A43 113
TRAIN 2
COMMAND LEFT END
COMMAND RIGHT START
MOVE B14 177
MOVE B15 226
COMMAND RIGHT END
TURN 150 RESULT
TIME LEFT 1 5 RIGHT 0 5
TRAIN A44 A45
MOVE A29 64
MOVE A30 64
MOVE A40 15
MOVE A41 15
MOVE A42 4
MOVE A43 4
MOVE B14 129
MOVE B15 123
MOVE B28 177
DAMAGE TURRET B16 1
SIEGE A 113 2
END TURN 150
TURN 151
COMMAND LEFT START
MOVE A29 113
MOVE A44 64
MOVE A45 64
COMMAND LEFT END
COMMAND RIGHT START
MOVE B16 177
MOVE B17 177
MOVE B18 177
MOVE B19 177
MOVE B20 177
MOVE B21 177
MOVE B22 177
MOVE B23 177
MOVE B24 177
MOVE B25 177
MOVE B26 177
MOVE B27 177
COMMAND RIGHT END
TURN 151 RESULT
TIME LEFT 2 5 RIGHT 0 5
MOVE A29 84
MOVE A40 21
MOVE A41 21
MOVE A42 15
MOVE A43 15
MOVE A44 4
MOVE A45 4
MOVE B14 149
MOVE B15 142
MOVE B16 129
MOVE B17 129
MOVE B18 129
MOVE B19 129
MOVE B20 129
MOVE B21 129
MOVE B22 129
MOVE B23 129
MOVE B24 129
MOVE B25 129
MOVE B26 129
MOVE B27 129
END TURN 151
TURN 152
COMMAND LEFT START
MOVE A30 102
UPGRADE 102
COMMAND LEFT END
COMMAND RIGHT START
COMMAND RIGHT END
TURN 152 RESULT
TIME LEFT 1 5 RIGHT 0 5
UPGRADE A 102
MOVE A29 103
MOVE A30 89
MOVE A40 42
MOVE A41 42
MOVE A42 21
MOVE A43 21
MOVE A44 15
MOVE A45 15
MOVE B14 168
MOVE B15 162
MOVE B16 149
MOVE B17 149
MOVE B18 149
MOVE B19 149
MOVE B20 149
MOVE B21 149
MOVE B22 149
MOVE B23 149
MOVE B24 149
MOVE B25 149
MOVE B26 149
MOVE B27 149
END TURN 152
TURN 153
COMMAND LEFT START
COMMAND LEFT END
COMMAND RIGHT START
COMMAND RIGHT END
TURN 153 RESULT
TIME LEFT 1 5 RIGHT 0 5
MOVE A29 113
MOVE A30 102
MOVE A40 52
MOVE A41 52
MOVE A42 42
MOVE A43 42
MOVE A44 21
MOVE A45 21
MOVE B14 177
MOVE B15 174
MOVE B16 168
MOVE B17 168
MOVE B18 168
MOVE B19 168
MOVE B20 168
MOVE B21 168
MOVE B22 168
MOVE B23 168
MOVE B24 168
MOVE B25 168
MOVE B26 168
MOVE B27 168
DAMAGE COMBAT A29 1
DAMAGE COMBAT B30 1
END TURN 153
TURN 154
COMMAND LEFT START
MOVE A38 113
COMMAND LEFT END
COMMAND RIGHT START
COMMAND RIGHT END
TURN 154 RESULT
TIME LEFT 1 5 RIGHT 0 5
MOVE A38 103
MOVE A40 64
MOVE A41 64
MOVE A42 52
MOVE A43 52
MOVE A44 42
MOVE A45 42
MOVE B15 184
MOVE B16 177
MOVE B17 177
MOVE B18 177
MOVE B19 177
MOVE B20 177
MOVE B21 177
MOVE B22 177
MOVE B23 177
MOVE B24 177
MOVE B25 177
MOVE B26 177
MOVE B27 177
DAMAGE COMBAT A29 1
DAMAGE COMBAT B30 1
END TURN 154
TURN 155
COMMAND LEFT START
COMMAND LEFT END
COMMAND RIGHT START
COMMAND RIGHT END
TURN 155 RESULT
TIME LEFT 0 5 RIGHT 0 5
MOVE A38 113
MOVE A40 84
MOVE A41 84
MOVE A42 64
MOVE A43 64
MOVE A44 52
MOVE A45 52
MOVE B15 205
DAMAGE COMBAT A29 1
DAMAGE COMBAT B30 2
END TURN 155
TURN 156
COMMAND LEFT START
TRAIN 1
COMMAND LEFT END
COMMAND RIGHT START
COMMAND RIGHT END
TURN 156 RESULT
TIME LEFT 1 5 RIGHT 0 5
TRAIN A46
MOVE A40 103
MOVE A41 103
MOVE A42 84
MOVE A43 84
MOVE A44 64
MOVE A45 64
MOVE B15 211
DAMAGE COMBAT A29 1
DAMAGE COMBAT B30 1
END TURN 156
TURN 157
COMMAND LEFT START
MOVE A46 113
MOVE A44 113
MOVE A45 113
UPGRADE 113
COMMAND LEFT END
COMMAND RIGHT START
COMMAND RIGHT END
TURN 157 RESULT
TIME LEFT 1 5 RIGHT 0 5
UPGRADE A 113
MOVE A40 113
MOVE A41 113
MOVE A42 103
MOVE A43 103
MOVE A44 84
MOVE A45 84
MOVE A46 4
MOVE B15 222
END TURN 157
TURN 158
COMMAND LEFT START
TRAIN 1
COMMAND LEFT END
COMMAND RIGHT START
COMMAND RIGHT END
TURN 158 RESULT
TIME LEFT 1 5 RIGHT 0 5
TRAIN A47
MOVE A42 113
MOVE A43 113
MOVE A44 103
MOVE A45 103
MOVE A46 15
MOVE B15 226
END TURN 158
TURN 159
COMMAND LEFT START
MOVE A47 113
TRAIN 1
COMMAND LEFT END
COMMAND RIGHT START
COMMAND RIGHT END
TURN 159 RESULT
TIME LEFT 1 5 RIGHT 0 5
TRAIN A48
MOVE A44 113
MOVE A45 113
MOVE A46 21
MOVE A47 4
END TURN 159
TURN 160
COMMAND LEFT START
MOVE A38 177
MOVE A40 177
MOVE A41 177
MOVE A42 177
MOVE A43 177
MOVE A44 177
MOVE A48 113
TRAIN 1
COMMAND LEFT END
COMMAND RIGHT START
COMMAND RIGHT END
TURN 160 RESULT
TIME LEFT 2 5 RIGHT 0 5
TRAIN A49
MOVE A38 129
MOVE A40 129
MOVE A41 129
MOVE A42 129
MOVE A43 129
MOVE A44 129
MOVE A46 42
MOVE A47 15
MOVE A48 4
END TURN 160
TURN 161
COMMAND LEFT START
MOVE A49 113
TRAIN 1
COMMAND LEFT END
COMMAND RIGHT START
COMMAND RIGHT END
TURN 161 RESULT
TIME LEFT 1 5 RIGHT 0 5
TRAIN A50
MOVE A38 149
MOVE A40 149
MOVE A41 149
MOVE A42 149
MOVE A43 149
MOVE A44 149
MOVE A46 52
MOVE A47 21
MOVE A48 15
MOVE A49 4
END TURN 161
TURN 162
COMMAND LEFT START
MOVE A45 64
MOVE A50 113
TRAIN 1
COMMAND LEFT END
COMMAND RIGHT START
TRAIN 1
COMMAND RIGHT END
TURN 162 RESULT
TIME LEFT 1 5 RIGHT 0 5
TRAIN A51 B34
MOVE A38 168
MOVE A40 168
MOVE A41 168
MOVE A42 168
MOVE A43 168
MOVE A44 168
MOVE A45 103
MOVE A46 64
MOVE A47 42
MOVE A48 21
MOVE A49 15
MOVE A50 4
END TURN 162
TURN 163
COMMAND LEFT START
MOVE A51 113
TRAIN 1
COMMAND LEFT END
COMMAND RIGHT START
COMMAND RIGHT END
TURN 163 RESULT
TIME LEFT 2 5 RIGHT 0 5
TRAIN A52
MOVE A38 177
MOVE A40 177
MOVE A41 177
MOVE A42 177
MOVE A43 177
MOVE A44 177
MOVE A45 84
MOVE A46 84
MOVE A47 52
MOVE A48 42
MOVE A49 21
MOVE A50 15
MOVE A51 4
DAMAGE TURRET A38 1
DAMAGE COMBAT A38 5
DAMAGE COMBAT A40 6
DAMAGE COMBAT A41 3
DAMAGE COMBAT B14 2
DAMAGE COMBAT B16 4
END TURN 163
TURN 164
COMMAND LEFT START
MOVE A52 113
TRAIN 1
COMMAND LEFT END
COMMAND RIGHT START
TRAIN 1
COMMAND RIGHT END
TURN 164 RESULT
TIME LEFT 1 5 RIGHT 0 5
TRAIN A53 B35
MOVE A45 64
MOVE A46 103
MOVE A47 64
MOVE A48 52
MOVE A49 42
MOVE A50 21
MOVE A51 15
MOVE A52 4
DAMAGE TURRET A41 1
DAMAGE COMBAT A41 2
DAMAGE COMBAT A42 6
DAMAGE COMBAT A43 5
DAMAGE COMBAT B14 3
DAMAGE COMBAT B17 1
END TURN 164
TURN 165
COMMAND LEFT START
MOVE A53 113
MOVE A45 113
TRAIN 1
COMMAND LEFT END
COMMAND RIGHT START
COMMAND RIGHT END
TURN 165 RESULT
TIME LEFT 1 5 RIGHT 0 5
TRAIN A54
MOVE A45 84
MOVE A46 113
MOVE A47 84
MOVE A48 64
MOVE A49 52
MOVE A50 42
MOVE A51 21
MOVE A52 15
MOVE A53 4
DAMAGE TURRET A43 1
DAMAGE COMBAT A44 6
DAMAGE COMBAT B17 2
END TURN 165
TURN 166
COMMAND LEFT START
MOVE A54 113
TRAIN 1
COMMAND LEFT END
COMMAND RIGHT START
COMMAND RIGHT END
TURN 166 RESULT
TIME LEFT 1 5 RIGHT 0 5
TRAIN A55
MOVE A45 103
MOVE A47 103
MOVE A48 84
MOVE A49 64
MOVE A50 52
MOVE A51 42
MOVE A52 21
MOVE A53 15
MOVE A54 4
END TURN 166
TURN 167
COMMAND LEFT START
MOVE A55 113
TRAIN 1
COMMAND LEFT END
COMMAND RIGHT START
COMMAND RIGHT END
TURN 167 RESULT
TIME LEFT 1 5 RIGHT 0 5
TRAIN A56
MOVE A45 113
MOVE A47 113
MOVE A48 103
MOVE A49 84
MOVE A50 64
MOVE A51 52
MOVE A52 42
MOVE A53 21
MOVE A54 15
MOVE A55 4
END TURN 167
TURN 168
COMMAND LEFT START
MOVE A56 113
TRAIN 1
COMMAND LEFT END
COMMAND RIGHT START
COMMAND RIGHT END
TURN 168 RESULT
TIME LEFT 1 5 RIGHT 0 5
TRAIN A57
MOVE A48 113
MOVE A49 103
MOVE A50 84
MOVE A51 64
MOVE A52 52
MOVE A53 42
MOVE A54 21
MOVE A55 15
MOVE A56 4
END TURN 168
TURN 169
COMMAND LEFT START
MOVE A57 113
TRAIN 2
COMMAND LEFT END
COMMAND RIGHT START
COMMAND RIGHT END
TURN 169 RESULT
TIME LEFT 1 5 RIGHT 0 5
TRAIN A58 A59
MOVE A49 113
MOVE A50 103
MOVE A51 84
MOVE A52 64
MOVE A53 52
MOVE A54 42
MOVE A55 21
MOVE A56 15
MOVE A57 4
END TURN 169
TURN 170
COMMAND LEFT START
MOVE A58 113
MOVE A59 113
TRAIN 1
COMMAND LEFT END
COMMAND RIGHT START
COMMAND RIGHT END
TURN 170 RESULT
TIME LEFT 2 5 RIGHT 0 5
TRAIN A60
MOVE A50 113
MOVE A51 103
MOVE A52 84
MOVE A53 64
MOVE A54 52
MOVE A55 42
MOVE A56 21
MOVE A57 15
MOVE A58 4
MOVE A59 4
END TURN 170
TURN 171
COMMAND LEFT START
MOVE A45 177
MOVE A46 177
MOVE A47 177
MOVE A48 177
MOVE A49 177
MOVE A50 177
MOVE A60 113
COMMAND LEFT END
COMMAND RIGHT START
COMMAND RIGHT END
TURN 171 RESULT
TIME LEFT 2 5 RIGHT 0 5
MOVE A45 129
MOVE A46 129
MOVE A47 129
MOVE A48 129
MOVE A49 129
MOVE A50 129
MOVE A51 113
MOVE A52 103
MOVE A53 84
MOVE A54 64
MOVE A55 52
MOVE A56 42
MOVE A57 21
MOVE A58 15
MOVE A59 15
MOVE A60 4
END TURN 171
TURN 172
COMMAND LEFT START
TRAIN 1
COMMAND LEFT END
COMMAND RIGHT START
COMMAND RIGHT END
TURN 172 RESULT
TIME LEFT 1 5 RIGHT 0 5
TRAIN A61
MOVE A45 149
MOVE A46 149
MOVE A47 149
MOVE A48 149
MOVE A49 149
MOVE A50 149
MOVE A52 113
MOVE A53 103
MOVE A54 84
MOVE A55 64
MOVE A56 52
MOVE A57 42
MOVE A58 21
MOVE A59 21
MOVE A60 15
END TURN 172
TURN 173
COMMAND LEFT START
MOVE A61 113
TRAIN 1
COMMAND LEFT END
COMMAND RIGHT START
MOVE B28 162
COMMAND RIGHT END
TURN 173 RESULT
TIME LEFT 1 5 RIGHT 0 5
TRAIN A62
MOVE A45 168
MOVE A46 168
MOVE A47 168
MOVE A48 168
MOVE A49 168
MOVE A50 168
MOVE A53 113
MOVE A54 103
MOVE A55 84
MOVE A56 64
MOVE A57 52
MOVE A58 42
MOVE A59 42
MOVE A60 21
MOVE A61 4
MOVE B28 174
END TURN 173
TURN 174
COMMAND LEFT START
MOVE A62 113
TRAIN 1
COMMAND LEFT END
COMMAND RIGHT START
TRAIN 1
COMMAND RIGHT END
TURN 174 RESULT
TIME LEFT 2 5 RIGHT 0 5
TRAIN A63 B36
MOVE A45 177
MOVE A46 177
MOVE A47 177
MOVE A48 177
MOVE A49 177
MOVE A50 177
MOVE A54 113
MOVE A55 103
MOVE A56 84
MOVE A57 64
MOVE A58 52
MOVE A59 52
MOVE A60 42
MOVE A61 15
MOVE A62 4
MOVE B28 162
DAMAGE TURRET A45 1
DAMAGE COMBAT A45 5
DAMAGE COMBAT A46 6
DAMAGE COMBAT B17 2
DAMAGE COMBAT B18 4
END TURN 174
TURN 175
COMMAND LEFT START
MOVE A63 113
TRAIN 1
COMMAND LEFT END
COMMAND RIGHT START
UPGRADE 162
COMMAND RIGHT END
TURN 175 RESULT
TIME LEFT 1 5 RIGHT 0 5
UPGRADE B 162
TRAIN A64
MOVE A55 113
MOVE A56 103
MOVE A57 84
MOVE A58 64
MOVE A59 64
MOVE A60 52
MOVE A61 21
MOVE A62 15
MOVE A63 4
DAMAGE TURRET A47 1
DAMAGE COMBAT A47 5
DAMAGE COMBAT A48 5
DAMAGE COMBAT B18 1
DAMAGE COMBAT B19 3
END TURN 175
TURN 176
COMMAND LEFT START
MOVE A64 113
TRAIN 1
COMMAND LEFT END
COMMAND RIGHT START
COMMAND RIGHT END
TURN 176 RESULT
TIME LEFT 1 5 RIGHT 0 5
TRAIN A65
MOVE A56 113
MOVE A57 103
MOVE A58 84
MOVE A59 84
MOVE A60 64
MOVE A61 42
MOVE A62 21
MOVE A63 15
MOVE A64 4
DAMAGE TURRET A48 1
DAMAGE COMBAT A49 6
DAMAGE COMBAT A50 3
DAMAGE COMBAT B19 2
DAMAGE COMBAT B20 1
END TURN 176
TURN 177
COMMAND LEFT START
MOVE A65 113
TRAIN 1
COMMAND LEFT END
COMMAND RIGHT START
COMMAND RIGHT END
TURN 177 RESULT
TIME LEFT 1 5 RIGHT 0 5
TRAIN A66
MOVE A57 113
MOVE A58 103
MOVE A59 103
MOVE A60 84
MOVE A61 52
MOVE A62 42
MOVE A63 21
MOVE A64 15
MOVE A65 4
DAMAGE TURRET A50 1
DAMAGE COMBAT A50 2
DAMAGE COMBAT B20 1
END TURN 177
TURN 178
COMMAND LEFT START
MOVE A51 162
MOVE A52 162
MOVE A53 162
MOVE A54 162
MOVE A55 162
MOVE A56 162
MOVE A66 113
TRAIN 1
COMMAND LEFT END
COMMAND RIGHT START
COMMAND RIGHT END
TURN 178 RESULT
TIME LEFT 2 5 RIGHT 0 5
TRAIN A67
MOVE A51 123
MOVE A52 123
MOVE A53 123
MOVE A54 123
MOVE A55 123
MOVE A56 123
MOVE A58 113
MOVE A59 113
MOVE A60 103
MOVE A61 64
MOVE A62 52
MOVE A63 42
MOVE A64 21
MOVE A65 15
MOVE A66 4
END TURN 178
TURN 179
COMMAND LEFT START
MOVE A67 113
TRAIN 1
COMMAND LEFT END
COMMAND RIGHT START
COMMAND RIGHT END
TURN 179 RESULT
TIME LEFT 1 5 RIGHT 0 5
TRAIN A68
MOVE A51 142
MOVE A52 142
MOVE A53 142
MOVE A54 142
MOVE A55 142
MOVE A56 142
MOVE A60 113
MOVE A61 84
MOVE A62 64
MOVE A63 52
MOVE A64 42
MOVE A65 21
MOVE A66 15
MOVE A67 4
END TURN 179
TURN 180
COMMAND LEFT START
MOVE A68 113
TRAIN 1
COMMAND LEFT END
COMMAND RIGHT START
TRAIN 1
COMMAND RIGHT END
TURN 180 RESULT
TIME LEFT 1 5 RIGHT 0 5
TRAIN A69 B37
MOVE A51 162
MOVE A52 162
MOVE A53 162
MOVE A54 162
MOVE A55 162
MOVE A56 162
MOVE A61 103
MOVE A62 84
MOVE A63 64
MOVE A64 52
MOVE A65 42
MOVE A66 21
MOVE A67 15
MOVE A68 4
DAMAGE TURRET A51 1
DAMAGE COMBAT A51 1
DAMAGE COMBAT B28 5
SIEGE B 162 1
END TURN 180
TURN 181
COMMAND LEFT START
MOVE A69 113
TRAIN 1
COMMAND LEFT END
COMMAND RIGHT START
TRAIN 1
COMMAND RIGHT END
TURN 181 RESULT
TIME LEFT 2 5 RIGHT 0 5
TRAIN A70 B38
MOVE A61 113
MOVE A62 103
MOVE A63 84
MOVE A64 64
MOVE A65 52
MOVE A66 42
MOVE A67 21
MOVE A68 15
MOVE A69 4
DAMAGE TURRET A51 1
SIEGE B 162 5
END TURN 181
TURN 182
COMMAND LEFT START
MOVE A51 214
MOVE A52 214
MOVE A53 214
MOVE A54 214
MOVE A55 214
MOVE A56 214
MOVE A70 113
COMMAND LEFT END
COMMAND RIGHT START
MOVE B21 162
MOVE B22 162
MOVE B23 162
MOVE B24 162
MOVE B25 162
MOVE B26 162
MOVE B27 162
COMMAND RIGHT END
TURN 182 RESULT
TIME LEFT 2 5 RIGHT 0 5
MOVE A51 174
MOVE A52 174
MOVE A53 174
MOVE A54 174
MOVE A55 174
MOVE A56 174
MOVE A62 113
MOVE A63 103
MOVE A64 84
MOVE A65 64
MOVE A66 52
MOVE A67 42
MOVE A68 21
MOVE A69 15
MOVE A70 4
MOVE B21 174
MOVE B22 174
MOVE B23 174
MOVE B24 174
MOVE B25 174
MOVE B26 174
MOVE B27 174
DAMAGE COMBAT A51 3
DAMAGE COMBAT A52 4
DAMAGE COMBAT B21 5
DAMAGE COMBAT B22 1
END TURN 182
TURN 183
COMMAND LEFT START
MOVE A57 81
MOVE A58 81
MOVE A59 81
TRAIN 1
COMMAND LEFT END
COMMAND RIGHT START
COMMAND RIGHT END
TURN 183 RESULT
TIME LEFT 2 5 RIGHT 0 5
TRAIN A71
MOVE A57 123
MOVE A58 123
MOVE A59 123
MOVE A63 113
MOVE A64 103
MOVE A65 84
MOVE A66 64
MOVE A67 52
MOVE A68 42
MOVE A69 21
MOVE A70 15
DAMAGE COMBAT A52 2
DAMAGE COMBAT A53 4
DAMAGE COMBAT B22 4
DAMAGE COMBAT B23 1
END TURN 183
TURN 184
COMMAND LEFT START
MOVE A71 113
TRAIN 1
COMMAND LEFT END
COMMAND RIGHT START
COMMAND RIGHT END
TURN 184 RESULT
TIME LEFT 1 5 RIGHT 0 5
TRAIN A72
MOVE A57 110
MOVE A58 110
MOVE A59 110
MOVE A64 113
MOVE A65 103
MOVE A66 84
MOVE A67 64
MOVE A68 52
MOVE A69 42
MOVE A70 21
MOVE A71 4
DAMAGE COMBAT A53 2
DAMAGE COMBAT A54 3
DAMAGE COMBAT B23 4
END TURN 184
TURN 185
COMMAND LEFT START
MOVE A72 113
TRAIN 1
COMMAND LEFT END
COMMAND RIGHT START
COMMAND RIGHT END
TURN 185 RESULT
TIME LEFT 1 5 RIGHT 0 5
TRAIN A73
MOVE A57 99
MOVE A58 99
MOVE A59 99
MOVE A65 113
MOVE A66 103
MOVE A67 84
MOVE A68 64
MOVE A69 52
MOVE A70 42
MOVE A71 15
MOVE A72 4
DAMAGE COMBAT A54 3
DAMAGE COMBAT A55 1
DAMAGE COMBAT B24 3
END TURN 185
TURN 186
COMMAND LEFT START
MOVE A73 113
TRAIN 1
COMMAND LEFT END
COMMAND RIGHT START
COMMAND RIGHT END
TURN 186 RESULT
TIME LEFT 1 5 RIGHT 0 5
TRAIN A74
MOVE A57 87
MOVE A58 87
MOVE A59 87
MOVE A66 113
MOVE A67 103
MOVE A68 84
MOVE A69 64
MOVE A70 52
MOVE A71 21
MOVE A72 15
MOVE A73 4
DAMAGE COMBAT A55 4
DAMAGE COMBAT B24 2
END TURN 186
TURN 187
COMMAND LEFT START
MOVE A74 113
TRAIN 1
COMMAND LEFT END
COMMAND RIGHT START
COMMAND RIGHT END
TURN 187 RESULT
TIME LEFT 1 5 RIGHT 0 5
TRAIN A75
MOVE A57 81
MOVE A58 81
MOVE A59 81
MOVE A67 113
MOVE A68 103
MOVE A69 84
MOVE A70 64
MOVE A71 42
MOVE A72 21
MOVE A73 15
MOVE A74 4
DAMAGE COMBAT A55 1
DAMAGE COMBAT A56 2
DAMAGE COMBAT B25 2
END TURN 187
TURN 188
COMMAND LEFT START
MOVE A57 113
MOVE A58 113
MOVE A59 113
MOVE A75 113
TRAIN 1
COMMAND LEFT END
COMMAND RIGHT START
COMMAND RIGHT END
TURN 188 RESULT
TIME LEFT 2 5 RIGHT 0 5
TRAIN A76
MOVE A57 87
MOVE A58 87
MOVE A59 87
MOVE A68 113
MOVE A69 103
MOVE A70 84
MOVE A71 52
MOVE A72 42
MOVE A73 21
MOVE A74 15
MOVE A75 4
DAMAGE COMBAT A56 3
DAMAGE COMBAT B25 1
END TURN 188
TURN 189
COMMAND LEFT START
MOVE A76 113
TRAIN 1
COMMAND LEFT END
COMMAND RIGHT START
COMMAND RIGHT END
TURN 189 RESULT
TIME LEFT 1 5 RIGHT 0 5
TRAIN A77
MOVE A57 99
MOVE A58 99
MOVE A59 99
MOVE A69 113
MOVE A70 103
MOVE A71 64
MOVE A72 52
MOVE A73 42
MOVE A74 21
MOVE A75 15
MOVE A76 4
DAMAGE COMBAT A56 1
DAMAGE COMBAT B25 1
END TURN 189
TURN 190
COMMAND LEFT START
MOVE A60 177
MOVE A61 177
MOVE A62 177
MOVE A63 177
MOVE A64 177
MOVE A65 177
MOVE A77 113
TRAIN 1
COMMAND LEFT END
COMMAND RIGHT START
COMMAND RIGHT END
TURN 190 RESULT
TIME LEFT 2 5 RIGHT 0 5
TRAIN A78
MOVE A57 110
MOVE A58 110
MOVE A59 110
MOVE A60 129
MOVE A61 129
MOVE A62 129
MOVE A63 129
MOVE A64 129
MOVE A65 129
MOVE A70 113
MOVE A71 84
MOVE A72 64
MOVE A73 52
MOVE A74 42
MOVE A75 21
MOVE A76 15
MOVE A77 4
MOVE B25 162
MOVE B26 162
MOVE B27 162
END TURN 190
TURN 191
COMMAND LEFT START
MOVE A78 113
COMMAND LEFT END
COMMAND RIGHT START
MOVE B25 226
MOVE B26 226
UPGRADE 162
COMMAND RIGHT END
TURN 191 RESULT
TIME LEFT 1 5 RIGHT 0 5
UPGRADE B 162
MOVE A57 123
MOVE A58 123
MOVE A59 123
MOVE A60 149
MOVE A61 149
MOVE A62 149
MOVE A63 149
MOVE A64 149
MOVE A65 149
MOVE A71 103
MOVE A72 84
MOVE A73 64
MOVE A74 52
MOVE A75 42
MOVE A76 21
MOVE A77 15
MOVE A78 4
MOVE B25 174
MOVE B26 174
END TURN 191
TURN 192
COMMAND LEFT START
TRAIN 1
COMMAND LEFT END
COMMAND RIGHT START
COMMAND RIGHT END
TURN 192 RESULT
TIME LEFT 2 5 RIGHT 0 5
TRAIN A79
MOVE A57 113
MOVE A58 113
MOVE A59 113
MOVE A60 168
MOVE A61 168
MOVE A62 168
MOVE A63 168
MOVE A64 168
MOVE A65 168
MOVE A71 113
MOVE A72 103
MOVE A73 84
MOVE A74 64
MOVE A75 52
MOVE A76 42
MOVE A77 21
MOVE A78 15
MOVE B25 184
MOVE B26 184
END TURN 192
TURN 193
COMMAND LEFT START
MOVE A79 113
TRAIN 1
COMMAND LEFT END
COMMAND RIGHT START
COMMAND RIGHT END
TURN 193 RESULT
TIME LEFT 2 5 RIGHT 0 5
TRAIN A80
MOVE A60 177
MOVE A61 177
MOVE A62 177
MOVE A63 177
MOVE A64 177
MOVE A65 177
MOVE A72 113
MOVE A73 103
MOVE A74 84
MOVE A75 64
MOVE A76 52
MOVE A77 42
MOVE A78 21
MOVE A79 4
MOVE B25 205
MOVE B26 205
DAMAGE TURRET A60 1
DAMAGE COMBAT A60 1
DAMAGE COMBAT B20 3
SIEGE B 177 3
END TURN 193
TURN 194
COMMAND LEFT START
MOVE A57 162
MOVE A58 162
MOVE A59 162
MOVE A66 162
MOVE A67 162
MOVE A68 162
MOVE A80 113
TRAIN 1
COMMAND LEFT END
COMMAND RIGHT START
MOVE B15 223
MOVE B33 223
MOVE B34 223
MOVE B35 223
TRAIN 1
COMMAND RIGHT END
TURN 194 RESULT
TIME LEFT 2 5 RIGHT 0 5
TRAIN A81 B39
MOVE A57 123
MOVE A58 123
MOVE A59 123
MOVE A66 123
MOVE A67 123
MOVE A68 123
MOVE A73 113
MOVE A74 103
MOVE A75 84
MOVE A76 64
MOVE A77 52
MOVE A78 42
MOVE A79 15
MOVE A80 4
MOVE B15 225
MOVE B25 211
MOVE B26 211
MOVE B33 225
MOVE B34 225
MOVE B35 225
DAMAGE TURRET A60 1
SIEGE B 177 3
END TURN 194
TURN 195
COMMAND LEFT START
MOVE A60 214
MOVE A61 214
MOVE A62 214
MOVE A63 214
MOVE A64 214
MOVE A65 214
MOVE A81 113
COMMAND LEFT END
COMMAND RIGHT START
COMMAND RIGHT END
TURN 195 RESULT
TIME LEFT 2 5 RIGHT 0 5
MOVE A57 142
MOVE A58 142
MOVE A59 142
MOVE A60 189
MOVE A61 189
MOVE A62 189
MOVE A63 189
MOVE A64 189
MOVE A65 189
MOVE A66 142
MOVE A67 142
MOVE A68 142
MOVE A74 113
MOVE A75 103
MOVE A76 84
MOVE A77 64
MOVE A78 52
MOVE A79 21
MOVE A80 15
MOVE A81 4
MOVE B15 224
MOVE B25 222
MOVE B26 222
MOVE B33 224
MOVE B34 224
MOVE B35 224
END TURN 195
TURN 196
COMMAND LEFT START
TRAIN 1
COMMAND LEFT END
COMMAND RIGHT START
COMMAND RIGHT END
TURN 196 RESULT
TIME LEFT 1 5 RIGHT 0 5
TRAIN A82
MOVE A57 162
MOVE A58 162
MOVE A59 162
MOVE A60 205
MOVE A61 205
MOVE A62 205
MOVE A63 205
MOVE A64 205
MOVE A65 205
MOVE A66 162
MOVE A67 162
MOVE A68 162
MOVE A75 113
MOVE A76 103
MOVE A77 84
MOVE A78 64
MOVE A79 42
MOVE A80 21
MOVE A81 15
MOVE B15 223
MOVE B25 226
MOVE B26 226
MOVE B33 223
MOVE B34 223
MOVE B35 223
DAMAGE TURRET A57 1
DAMAGE COMBAT A57 1
DAMAGE COMBAT B27 5
SIEGE B 162 1
END TURN 196
TURN 197
COMMAND LEFT START
MOVE A69 162
MOVE A70 162
MOVE A71 162
MOVE A72 162
MOVE A73 162
MOVE A74 162
MOVE A82 113
COMMAND LEFT END
COMMAND RIGHT START
MOVE B25 214
MOVE B26 214
MOVE B36 214
MOVE B37 214
MOVE B38 214
TRAIN 1
COMMAND RIGHT END
TURN 197 RESULT
TIME LEFT 2 5 RIGHT 0 5
TRAIN B40
MOVE A60 210
MOVE A61 210
MOVE A62 210
MOVE A63 210
MOVE A64 210
MOVE A65 210
MOVE A69 123
MOVE A70 123
MOVE A71 123
MOVE A72 123
MOVE A73 123
MOVE A74 123
MOVE A76 113
MOVE A77 103
MOVE A78 84
MOVE A79 52
MOVE A80 42
MOVE A81 21
MOVE A82 4
MOVE B25 221
MOVE B26 221
MOVE B36 221
MOVE B37 221
MOVE B38 221
DAMAGE TURRET A57 1
SIEGE B 162 5
END TURN 197
TURN 198
COMMAND LEFT START
MOVE A57 214
MOVE A58 214
MOVE A59 214
MOVE A66 214
MOVE A67 214
MOVE A68 214
TRAIN 1
COMMAND LEFT END
COMMAND RIGHT START
COMMAND RIGHT END
TURN 198 RESULT
TIME LEFT 2 5 RIGHT 0 5
TRAIN A83
MOVE A57 174
MOVE A58 174
MOVE A59 174
MOVE A60 215
MOVE A61 215
MOVE A62 215
MOVE A63 215
MOVE A64 215
MOVE A65 215
MOVE A66 174
MOVE A67 174
MOVE A68 174
MOVE A69 142
MOVE A70 142
MOVE A71 142
MOVE A72 142
MOVE A73 142
MOVE A74 142
MOVE A77 113
MOVE A78 103
MOVE A79 64
MOVE A80 52
MOVE A81 42
MOVE A82 15
MOVE B25 214
MOVE B26 214
MOVE B36 214
MOVE B37 214
MOVE B38 214
END TURN 198
TURN 199
COMMAND LEFT START
MOVE A83 113
TRAIN 1
COMMAND LEFT END
COMMAND RIGHT START
MOVE B39 214
MOVE B5 214
MOVE B15 214
MOVE B1 226
COMMAND RIGHT END
TURN 199 RESULT
TIME LEFT 1 5 RIGHT 0 5
TRAIN A84
MOVE A57 179
MOVE A58 179
MOVE A59 179
MOVE A60 214
MOVE A61 214
MOVE A62 214
MOVE A63 214
MOVE A64 214
MOVE A65 214
MOVE A66 179
MOVE A67 179
MOVE A68 179
MOVE A69 162
MOVE A70 162
MOVE A71 162
MOVE A72 162
MOVE A73 162
MOVE A74 162
MOVE A78 113
MOVE A79 84
MOVE A80 64
MOVE A81 52
MOVE A82 21
MOVE A83 4
MOVE B1 221
MOVE B5 224
MOVE B15 224
MOVE B39 221
DAMAGE TURRET A60 1
DAMAGE COMBAT A60 2
DAMAGE COMBAT A61 3
DAMAGE COMBAT B25 1
DAMAGE COMBAT B26 5
END TURN 199
TURN 200
COMMAND LEFT START
MOVE A69 214
MOVE A70 214
MOVE A71 214
MOVE A72 214
MOVE A73 214
MOVE A74 214
MOVE A84 113
COMMAND LEFT END
COMMAND RIGHT START
COMMAND RIGHT END
TURN 200 RESULT
TIME LEFT 3 5 RIGHT 0 5
MOVE A57 191
MOVE A58 191
MOVE A59 191
MOVE A66 191
MOVE A67 191
MOVE A68 191
MOVE A69 174
MOVE A70 174
MOVE A71 174
MOVE A72 174
MOVE A73 174
MOVE A74 174
MOVE A79 103
MOVE A80 84
MOVE A81 64
MOVE A82 42
MOVE A83 15
MOVE A84 4
MOVE B1 226
MOVE B5 225
MOVE B15 225
MOVE B39 214
DAMAGE TURRET A61 1
DAMAGE COMBAT A61 2
DAMAGE COMBAT A62 2
DAMAGE COMBAT B36 5
END TURN 200
TURN 201
COMMAND LEFT START
TRAIN 1
COMMAND LEFT END
COMMAND RIGHT START
COMMAND RIGHT END
TURN 201 RESULT
TIME LEFT 1 5 RIGHT 0 5
TRAIN A85
MOVE A57 196
MOVE A58 196
MOVE A59 196
MOVE A66 196
MOVE A67 196
MOVE A68 196
MOVE A69 179
MOVE A70 179
MOVE A71 179
MOVE A72 179
MOVE A73 179
MOVE A74 179
MOVE A79 113
MOVE A80 103
MOVE A81 84
MOVE A82 52
MOVE A83 21
MOVE A84 15
MOVE B5 226
MOVE B15 226
DAMAGE TURRET A62 1
DAMAGE COMBAT A62 3
DAMAGE COMBAT B37 4
END TURN 201
TURN 202
COMMAND LEFT START
MOVE A85 113
TRAIN 1
COMMAND LEFT END
COMMAND RIGHT START
COMMAND RIGHT END
TURN 202 RESULT
TIME LEFT 1 5 RIGHT 0 5
TRAIN A86
MOVE A57 206
MOVE A58 206
MOVE A59 206
MOVE A66 206
MOVE A67 206
MOVE A68 206
MOVE A69 191
MOVE A70 191
MOVE A71 191
MOVE A72 191
MOVE A73 191
MOVE A74 191
MOVE A80 113
MOVE A81 103
MOVE A82 64
MOVE A83 42
MOVE A84 21
MOVE A85 4
MOVE B5 221
MOVE B15 221
DAMAGE TURRET A63 1
DAMAGE COMBAT A63 3
DAMAGE COMBAT B37 1
DAMAGE COMBAT B38 2
END TURN 202
TURN 203
COMMAND LEFT START
MOVE A86 113
COMMAND LEFT END
COMMAND RIGHT START
COMMAND RIGHT END
TURN 203 RESULT
TIME LEFT 2 5 RIGHT 0 5
MOVE A57 214
MOVE A58 214
MOVE A59 214
MOVE A66 214
MOVE A67 214
MOVE A68 214
MOVE A69 196
MOVE A70 196
MOVE A71 196
MOVE A72 196
MOVE A73 196
MOVE A74 196
MOVE A81 113
MOVE A82 84
MOVE A83 52
MOVE A84 42
MOVE A85 15
MOVE A86 4
MOVE B5 214
MOVE B15 214
DAMAGE TURRET A63 1
DAMAGE COMBAT A57 3
DAMAGE COMBAT A63 1
DAMAGE COMBAT B5 4
DAMAGE COMBAT B15 2
DAMAGE COMBAT B38 3
END TURN 203
TURN 204
COMMAND LEFT START
TRAIN 1
COMMAND LEFT END
COMMAND RIGHT START
TRAIN 1
COMMAND RIGHT END
TURN 204 RESULT
TIME LEFT 1 5 RIGHT 0 5
TRAIN A87 B41
MOVE A69 206
MOVE A70 206
MOVE A71 206
MOVE A72 206
MOVE A73 206
MOVE A74 206
MOVE A82 103
MOVE A83 64
MOVE A84 52
MOVE A85 21
MOVE A86 15
DAMAGE TURRET A58 1
DAMAGE COMBAT A58 2
DAMAGE COMBAT B15 3
DAMAGE COMBAT B39 4
END TURN 204
TURN 205
COMMAND LEFT START
MOVE A87 113
TRAIN 1
COMMAND LEFT END
COMMAND RIGHT START
TRAIN 1
COMMAND RIGHT END
TURN 205 RESULT
TIME LEFT 1 5 RIGHT 0 5
TRAIN A88 B42
MOVE A69 214
MOVE A70 214
MOVE A71 214
MOVE A72 214
MOVE A73 214
MOVE A74 214
MOVE A82 113
MOVE A83 84
MOVE A84 64
MOVE A85 42
MOVE A86 21
MOVE A87 4
DAMAGE TURRET A58 1
DAMAGE COMBAT A58 1
DAMAGE COMBAT B39 1
SIEGE B 214 6
END TURN 205
TURN 206
COMMAND LEFT START
MOVE A58 226
MOVE A59 226
MOVE A64 226
MOVE A65 226
MOVE A66 226
MOVE A67 226
MOVE A68 226
MOVE A69 226
MOVE A70 226
MOVE A71 226
MOVE A72 226
MOVE A73 226
MOVE A74 226
MOVE A75 145
MOVE A88 113
COMMAND LEFT END
COMMAND RIGHT START
MOVE B34 226
MOVE B35 226
TRAIN 1
COMMAND RIGHT END
TURN 206 RESULT
TIME LEFT 6 5 RIGHT 0 5
TRAIN B43
MOVE A58 221
MOVE A59 221
MOVE A64 221
MOVE A65 221
MOVE A66 221
MOVE A67 221
MOVE A68 221
MOVE A69 221
MOVE A70 221
MOVE A71 221
MOVE A72 221
MOVE A73 221
MOVE A74 221
MOVE A75 103
MOVE A83 103
MOVE A84 84
MOVE A85 52
MOVE A86 42
MOVE A87 15
MOVE A88 4
MOVE B34 224
MOVE B35 224
END TURN 206
TURN 207
COMMAND LEFT START
COMMAND LEFT END
COMMAND RIGHT START
COMMAND RIGHT END
TURN 207 RESULT
TIME LEFT 1 5 RIGHT 0 5
MOVE A58 226
MOVE A59 226
MOVE A64 226
MOVE A65 226
MOVE A66 226
MOVE A67 226
MOVE A68 226
MOVE A69 226
MOVE A70 226
MOVE A71 226
MOVE A72 226
MOVE A73 226
MOVE A74 226
MOVE A75 116
MOVE A83 113
MOVE A84 103
MOVE A85 64
MOVE A86 52
MOVE A87 21
MOVE A88 15
MOVE B34 225
MOVE B35 225
DAMAGE TURRET A58 1
DAMAGE TURRET A59 1
DAMAGE COMBAT A59 5
DAMAGE COMBAT B1 4
DAMAGE COMBAT B40 5
DAMAGE COMBAT B41 4
END TURN 207
TURN 208
COMMAND LEFT START
COMMAND LEFT END
COMMAND RIGHT START
MOVE B33 226
COMMAND RIGHT END
TURN 208 RESULT
TIME LEFT 1 5 RIGHT 0 5
MOVE A75 127
MOVE A84 113
MOVE A85 84
MOVE A86 64
MOVE A87 42
MOVE A88 21
MOVE B33 224
MOVE B34 226
MOVE B35 226
DAMAGE TURRET A64 2
DAMAGE COMBAT A64 4
DAMAGE COMBAT A65 1
DAMAGE COMBAT B34 5
DAMAGE COMBAT B35 5
DAMAGE COMBAT B41 1
END TURN 208
TURN 209
COMMAND LEFT START
COMMAND LEFT END
COMMAND RIGHT START
TRAIN 1
COMMAND RIGHT END
TURN 209 RESULT
TIME LEFT 1 5 RIGHT 0 5
TRAIN B44
MOVE A75 139
MOVE A85 103
MOVE A86 84
MOVE A87 52
MOVE A88 42
MOVE B33 225
DAMAGE TURRET A65 2
DAMAGE COMBAT A65 3
DAMAGE COMBAT B42 5
DAMAGE COMBAT B43 5
END TURN 209
TURN 210
COMMAND LEFT START
COMMAND LEFT END
COMMAND RIGHT START
COMMAND RIGHT END
TURN 210 RESULT
TIME LEFT 1 5 RIGHT 0 5
MOVE A75 145
MOVE A85 113
MOVE A86 103
MOVE A87 64
MOVE A88 52
MOVE B33 226
DAMAGE TURRET A66 2
DAMAGE COMBAT A66 2
DAMAGE COMBAT B33 5
DAMAGE COMBAT B44 4
END TURN 210
TURN 211
COMMAND LEFT START
MOVE A76 177
UPGRADE 145
COMMAND LEFT END
COMMAND RIGHT START
COMMAND RIGHT END
TURN 211 RESULT
TIME LEFT 3 5 RIGHT 0 5
UPGRADE A 145
MOVE A76 129
MOVE A86 113
MOVE A87 84
MOVE A88 64
DAMAGE TURRET A66 2
DAMAGE COMBAT A67 1
DAMAGE COMBAT B44 1
SIEGE B 226 8
END TURN 211
TURN 212
COMMAND LEFT START
MOVE A77 226
MOVE A78 226
MOVE A79 226
MOVE A80 226
MOVE A81 226
MOVE A82 226
MOVE A83 226
MOVE A84 226
MOVE A85 226
MOVE A86 226
COMMAND LEFT END
COMMAND RIGHT START
COMMAND RIGHT END
TURN 212 RESULT
TIME LEFT 3 5 RIGHT 0 5
MOVE A76 149
MOVE A77 123
MOVE A78 123
MOVE A79 123
MOVE A80 123
MOVE A81 123
MOVE A82 123
MOVE A83 123
MOVE A84 123
MOVE A85 123
MOVE A86 123
MOVE A87 103
MOVE A88 84
DAMAGE TURRET A67 2
SIEGE B 226 7
END TURN 212
RESULT LEFT_WIN HQ_DESTROYED
