[LEFT ""]
[RIGHT ""]
MAP
195 17
-10988 -10523 -10324 -8673 -9969 -9556 -9534 -8426 -9352 -8323 -7745 -7737 -7810 -7895 -7511 -8165 -7278 -7095 -7888 -7065 -6523 -6650 -6635 -6508 -6635 -6354 -6073 -5997 -5980 -5901 -5774 -6279 -5741 -5378 -5442 -5342 -5400 -5255 -4872 -5658 -4624 -4426 -4447 -4610 -4272 -4164 -4322 -4164 -4085 -3959 -4138 -3941 -3744 -3563 -3648 -3386 -3013 -2977 -2810 -3051 -2898 -2907 -2623 -2647 -2570 -2890 -2435 -2293 -1976 -2018 -2275 -1706 -1696 -1636 -1676 -1584 -1512 -1551 -1449 -1107 -1196 -1589 -851 -874 -776 -815 -614 -708 -536 -589 -550 -448 -243 -356 -201 -170 -373 0 373 170 201 356 243 448 550 589 536 708 614 815 776 874 851 1589 1196 1107 1449 1551 1512 1584 1676 1636 1696 1706 2275 2018 1976 2293 2435 2890 2570 2647 2623 2907 2898 3051 2810 2977 3013 3386 3648 3563 3744 3941 4138 3959 4085 4164 4322 4164 4272 4610 4447 4426 4624 5658 4872 5255 5400 5342 5442 5378 5741 6279 5774 5901 5980 5997 6073 6354 6635 6508 6635 6650 6523 7065 7888 7095 7278 8165 7511 7895 7810 7737 7745 8323 9352 8426 9534 9556 9969 8673 10324 10523 10988
-491 -3067 2705 -1204 4174 1386 -5675 -14 5692 -3837 3721 1124 2581 -2787 -5846 7070 -1756 -4701 -7915 4487 2414 884 -451 -3549 7218 5200 -6651 3736 -2155 -5469 -4301 9127 -7825 -3042 6108 4951 -679 1038 -4978 -9670 8808 -3456 3992 2655 5371 -968 -6497 -8026 6567 1503 -2224 -4801 -10290 132 8297 -7313 -3916 -2355 7189 5106 3704 -5283 -8995 2477 1238 10120 -6445 6075 -7761 -3008 -795 5156 7700 -1998 -4482 -5659 4092 218 1390 -1221 2738 -10347 -6513 6479 -2891 8710 913 -8171 -4652 5100 -3741 3669 7515 -1016 -5647 1993 11075 0 -11075 -1993 5647 1016 -7515 -3669 3741 -5100 4652 8171 -913 -8710 2891 -6479 6513 10347 -2738 1221 -1390 -218 -4092 5659 4482 1998 -7700 -5156 795 3008 7761 -6075 6445 -10120 -1238 -2477 8995 5283 -3704 -5106 -7189 2355 3916 7313 -8297 -132 10290 4801 2224 -1503 -6567 8026 6497 968 -5371 -2655 -3992 3456 -8808 9670 4978 -1038 679 -4951 -6108 3042 7825 -9127 4301 5469 2155 -3736 6651 -5200 -7218 3549 451 -884 -2414 -4487 7915 4701 1756 -7070 5846 2787 -2581 -1124 -3721 3837 -5692 14 5675 -1386 -4174 1204 -2705 3067 491
STRONGHOLDS 1 31 32 43 50 58 73 95 97 99 121 136 144 151 162 163 193
5 1 2 3 5 7
5 0 3 6 9 13
4 0 4 5 12
5 0 1 7 13 16
4 2 8 10 12
5 0 2 7 11 12
4 1 9 14 18
6 0 3 5 11 16 22
4 4 10 15 19
6 1 6 13 14 17 23
6 4 8 12 19 20 27
6 5 7 12 20 21 22
6 2 4 5 10 11 20
5 1 3 9 16 23
6 6 9 17 18 26 29
5 8 19 24 25 31
6 3 7 13 22 23 28
5 9 14 23 29 30
5 6 14 26 32 39
5 8 10 15 25 27
7 10 11 12 21 27 37 43
5 11 20 22 36 37
6 7 11 16 21 28 36
7 9 13 16 17 28 30 33
5 15 25 31 34 40
6 15 19 24 27 34 35
5 14 18 29 32 46
7 10 19 20 25 35 42 43
6 16 22 23 33 36 50
6 14 17 26 30 38 46
6 17 23 29 33 38 41
4 15 24 40 65
5 18 26 39 46 47
5 23 28 30 41 50
6 24 25 35 40 44 48
5 25 27 34 42 44
7 21 22 28 37 45 50 53
6 20 21 36 43 49 53
5 29 30 41 46 51
4 18 32 47 52
6 24 31 34 48 54 65
7 30 33 38 50 51 56 57
6 27 35 43 44 59 60
7 20 27 37 42 49 60 63
5 34 35 42 48 59
5 36 50 53 57 70
9 26 29 32 38 47 51 55 61 66
6 32 39 46 52 55 62
7 34 40 44 54 58 59 67
5 37 43 53 63 64
6 28 33 36 41 45 57
5 38 41 46 56 61
4 39 47 62 81
7 36 37 45 49 64 70 77
5 40 48 58 65 72
5 46 47 62 66 68
6 41 51 57 61 69 74
7 41 45 50 56 69 70 73
4 48 54 67 72
7 42 44 48 60 67 71 76
6 42 43 59 63 76 80
6 46 51 56 66 74 75
6 47 52 55 68 81 87
6 43 49 60 64 78 80
5 49 53 63 77 78
6 31 40 54 72 85 96
6 46 55 61 68 75 82
6 48 58 59 71 72 83
5 55 62 66 82 87
6 56 57 73 74 84 90
6 45 53 57 73 77 79
5 59 67 76 83 89
7 54 58 65 67 83 85 92
5 57 69 70 79 84
6 56 61 69 75 88 90
6 61 66 74 82 88 94
6 59 60 71 80 89 91
8 53 64 70 78 79 86 93 97
6 63 64 77 80 86 95
6 70 73 77 84 93 99
6 60 63 76 78 91 95
5 52 62 87 98 109
7 66 68 75 87 94 102 111
7 67 71 72 89 92 100 112
6 69 73 79 90 99 103
6 65 72 92 96 107 113
5 77 78 95 97 101
6 62 68 81 82 102 109
6 74 75 90 94 103 105
6 71 76 83 91 100 106
5 69 74 84 88 103
7 76 80 89 95 104 106 110
5 72 83 85 107 112
5 77 79 97 99 108
5 75 82 88 105 111
7 78 80 86 91 101 110 115
3 65 85 113
6 77 86 93 101 108 117
3 81 109 129
7 79 84 93 103 108 114 116
5 83 89 106 112 119
5 86 95 97 115 117
5 82 87 109 111 122
7 84 88 90 99 105 114 118
5 91 106 110 120 125
6 88 94 103 111 118 123
6 89 91 100 104 119 120
6 85 92 112 113 126 132
5 93 97 99 116 117
6 81 87 98 102 122 129
6 91 95 104 115 121 125
7 82 94 102 105 122 123 127
7 83 92 100 107 119 126 128
5 85 96 107 132 142
6 99 103 116 118 131 134
6 95 101 110 117 121 124
6 99 108 114 117 130 131
8 97 101 108 115 116 124 130 141
6 103 105 114 123 134 135
6 100 106 112 120 128 133
6 104 106 119 125 133 138
5 110 115 124 125 137
7 102 109 111 127 129 136 140
5 105 111 118 127 135
6 115 117 121 137 141 149
6 104 110 120 121 137 138
5 107 112 128 132 139
6 111 122 123 135 136 146
6 112 119 126 133 139 148
6 98 109 122 140 154 163
5 116 117 131 141 145
6 114 116 130 134 145 151
6 107 113 126 139 142 147
6 119 120 128 138 143 148
6 114 118 131 135 151 152
7 118 123 127 134 146 150 152
4 122 127 140 146
7 121 124 125 138 144 149 153
6 120 125 133 137 143 153
5 126 128 132 147 148
5 122 129 136 146 154
7 117 124 130 145 149 157 158
4 113 132 147 155
5 133 138 148 153 156
6 137 149 153 158 161 166
5 130 131 141 151 157
7 127 135 136 140 150 154 160
6 132 139 142 148 155 162
9 128 133 139 143 147 156 162 165 168
5 124 137 141 144 158
5 135 146 152 159 160
7 131 134 145 152 157 167 174
6 134 135 150 151 159 167
7 137 138 143 144 156 161 164
6 129 140 146 160 163 170
4 142 147 162 176
5 143 148 153 164 165
6 141 145 151 158 173 174
7 141 144 149 157 166 172 173
5 150 152 160 167 169
6 146 150 154 159 169 170
5 144 153 164 166 171
5 147 148 155 168 176
4 129 154 170 179
6 153 156 161 165 171 177
6 148 156 164 168 177 180
6 144 158 161 171 172 178
7 151 152 159 169 174 175 184
5 148 162 165 176 180
6 159 160 167 170 175 179
5 154 160 163 169 179
7 161 164 166 177 178 181 185
6 158 166 173 178 183 187
5 157 158 172 174 183
7 151 157 167 173 182 183 184
5 167 169 179 184 186
5 155 162 168 180 188
5 164 165 171 180 185
6 166 171 172 181 187 191
5 163 169 170 175 186
6 165 168 176 177 185 188
5 171 178 185 191 193
6 174 183 184 189 190 192
6 172 173 174 182 187 189
6 167 174 175 182 186 190
6 171 177 180 181 188 193
4 175 179 184 190
6 172 178 183 189 191 194
4 176 180 185 193
5 182 183 187 192 194
4 182 184 186 192
5 178 181 187 193 194
4 182 189 190 194
5 181 185 188 191 194
5 187 189 191 192 193
END MAP
TURN 1
COMMAND LEFT START
MOVE A2 1
UPGRADE 0
COMMAND LEFT END
COMMAND RIGHT START
MOVE B1 193
MOVE B2 97
COMMAND RIGHT END
TURN 1 RESULT
TIME LEFT 0 5 RIGHT 1 5
UPGRADE A 0
MOVE A2 1
MOVE B1 193
MOVE B2 187
END TURN 1
TURN 2
COMMAND LEFT START
COMMAND LEFT END
COMMAND RIGHT START
UPGRADE 193
COMMAND RIGHT END
TURN 2 RESULT
TIME LEFT 0 5 RIGHT 0 5
UPGRADE B 193
MOVE B2 172
END TURN 2
TURN 3
COMMAND LEFT START
COMMAND LEFT END
COMMAND RIGHT START
COMMAND RIGHT END
TURN 3 RESULT
TIME LEFT 0 5 RIGHT 0 5
MOVE B2 158
END TURN 3
TURN 4
COMMAND LEFT START
COMMAND LEFT END
COMMAND RIGHT START
COMMAND RIGHT END
TURN 4 RESULT
TIME LEFT 0 5 RIGHT 0 5
MOVE B2 141
END TURN 4
TURN 5
COMMAND LEFT START
COMMAND LEFT END
COMMAND RIGHT START
COMMAND RIGHT END
TURN 5 RESULT
TIME LEFT 0 5 RIGHT 0 5
MOVE B2 117
END TURN 5
TURN 6
COMMAND LEFT START
COMMAND LEFT END
COMMAND RIGHT START
COMMAND RIGHT END
TURN 6 RESULT
TIME LEFT 0 5 RIGHT 0 5
MOVE B2 97
END TURN 6
TURN 7
COMMAND LEFT START
COMMAND LEFT END
COMMAND RIGHT START
COMMAND RIGHT END
TURN 7 RESULT
TIME LEFT 0 5 RIGHT 0 5
END TURN 7
TURN 8
COMMAND LEFT START
COMMAND LEFT END
COMMAND RIGHT START
COMMAND RIGHT END
TURN 8 RESULT
TIME LEFT 0 5 RIGHT 0 5
END TURN 8
TURN 9
COMMAND LEFT START
COMMAND LEFT END
COMMAND RIGHT START
COMMAND RIGHT END
TURN 9 RESULT
TIME LEFT 0 5 RIGHT 0 5
END TURN 9
TURN 10
COMMAND LEFT START
COMMAND LEFT END
COMMAND RIGHT START
COMMAND RIGHT END
TURN 10 RESULT
TIME LEFT 0 5 RIGHT 0 5
END TURN 10
TURN 11
COMMAND LEFT START
COMMAND LEFT END
COMMAND RIGHT START
COMMAND RIGHT END
TURN 11 RESULT
TIME LEFT 0 5 RIGHT 0 5
END TURN 11
TURN 12
COMMAND LEFT START
COMMAND LEFT END
COMMAND RIGHT START
COMMAND RIGHT END
TURN 12 RESULT
TIME LEFT 0 5 RIGHT 0 5
END TURN 12
TURN 13
COMMAND LEFT START
COMMAND LEFT END
COMMAND RIGHT START
UPGRADE 97
COMMAND RIGHT END
TURN 13 RESULT
TIME LEFT 0 5 RIGHT 0 5
UPGRADE B 97
END TURN 13
TURN 14
COMMAND LEFT START
COMMAND LEFT END
COMMAND RIGHT START
COMMAND RIGHT END
TURN 14 RESULT
TIME LEFT 0 5 RIGHT 0 5
END TURN 14
TURN 15
COMMAND LEFT START
COMMAND LEFT END
COMMAND RIGHT START
COMMAND RIGHT END
TURN 15 RESULT
TIME LEFT 0 5 RIGHT 0 5
END TURN 15
TURN 16
COMMAND LEFT START
UPGRADE 1
COMMAND LEFT END
COMMAND RIGHT START
TRAIN 1
COMMAND RIGHT END
TURN 16 RESULT
TIME LEFT 0 5 RIGHT 0 5
UPGRADE A 1
TRAIN B4
END TURN 16
TURN 17
COMMAND LEFT START
COMMAND LEFT END
COMMAND RIGHT START
COMMAND RIGHT END
TURN 17 RESULT
TIME LEFT 0 5 RIGHT 0 5
END TURN 17
TURN 18
COMMAND LEFT START
COMMAND LEFT END
COMMAND RIGHT START
COMMAND RIGHT END
TURN 18 RESULT
TIME LEFT 0 5 RIGHT 0 5
END TURN 18
TURN 19
COMMAND LEFT START
COMMAND LEFT END
COMMAND RIGHT START
COMMAND RIGHT END
TURN 19 RESULT
TIME LEFT 0 5 RIGHT 0 5
END TURN 19
TURN 20
COMMAND LEFT START
TRAIN 1
COMMAND LEFT END
COMMAND RIGHT START
COMMAND RIGHT END
TURN 20 RESULT
TIME LEFT 0 5 RIGHT 0 5
TRAIN A4
END TURN 20
TURN 21
COMMAND LEFT START
COMMAND LEFT END
COMMAND RIGHT START
COMMAND RIGHT END
TURN 21 RESULT
TIME LEFT 0 5 RIGHT 0 5
END TURN 21
TURN 22
COMMAND LEFT START
COMMAND LEFT END
COMMAND RIGHT START
COMMAND RIGHT END
TURN 22 RESULT
TIME LEFT 0 5 RIGHT 0 5
END TURN 22
TURN 23
COMMAND LEFT START
TRAIN 1
COMMAND LEFT END
COMMAND RIGHT START
COMMAND RIGHT END
TURN 23 RESULT
TIME LEFT 0 5 RIGHT 0 5
TRAIN A5
END TURN 23
TURN 24
COMMAND LEFT START
COMMAND LEFT END
COMMAND RIGHT START
COMMAND RIGHT END
TURN 24 RESULT
TIME LEFT 0 5 RIGHT 0 5
END TURN 24
TURN 25
COMMAND LEFT START
COMMAND LEFT END
COMMAND RIGHT START
COMMAND RIGHT END
TURN 25 RESULT
TIME LEFT 0 5 RIGHT 0 5
END TURN 25
TURN 26
COMMAND LEFT START
COMMAND LEFT END
COMMAND RIGHT START
MOVE B3 144
COMMAND RIGHT END
TURN 26 RESULT
TIME LEFT 0 5 RIGHT 0 5
MOVE B3 191
END TURN 26
TURN 27
COMMAND LEFT START
COMMAND LEFT END
COMMAND RIGHT START
COMMAND RIGHT END
TURN 27 RESULT
TIME LEFT 0 5 RIGHT 0 5
MOVE B3 178
END TURN 27
TURN 28
COMMAND LEFT START
COMMAND LEFT END
COMMAND RIGHT START
COMMAND RIGHT END
TURN 28 RESULT
TIME LEFT 0 5 RIGHT 0 5
MOVE B3 166
END TURN 28
TURN 29
COMMAND LEFT START
COMMAND LEFT END
COMMAND RIGHT START
COMMAND RIGHT END
TURN 29 RESULT
TIME LEFT 0 5 RIGHT 0 5
MOVE B3 144
END TURN 29
TURN 30
COMMAND LEFT START
COMMAND LEFT END
COMMAND RIGHT START
UPGRADE 144
COMMAND RIGHT END
TURN 30 RESULT
TIME LEFT 0 5 RIGHT 0 5
UPGRADE B 144
END TURN 30
TURN 31
COMMAND LEFT START
COMMAND LEFT END
COMMAND RIGHT START
COMMAND RIGHT END
TURN 31 RESULT
TIME LEFT 0 5 RIGHT 0 5
END TURN 31
TURN 32
COMMAND LEFT START
COMMAND LEFT END
COMMAND RIGHT START
COMMAND RIGHT END
TURN 32 RESULT
TIME LEFT 0 5 RIGHT 0 5
END TURN 32
TURN 33
COMMAND LEFT START
COMMAND LEFT END
COMMAND RIGHT START
TRAIN 1
COMMAND RIGHT END
TURN 33 RESULT
TIME LEFT 0 5 RIGHT 0 5
TRAIN B5
END TURN 33
TURN 34
COMMAND LEFT START
COMMAND LEFT END
COMMAND RIGHT START
COMMAND RIGHT END
TURN 34 RESULT
TIME LEFT 0 5 RIGHT 0 5
END TURN 34
TURN 35
COMMAND LEFT START
COMMAND LEFT END
COMMAND RIGHT START
COMMAND RIGHT END
TURN 35 RESULT
TIME LEFT 0 5 RIGHT 0 5
END TURN 35
TURN 36
COMMAND LEFT START
COMMAND LEFT END
COMMAND RIGHT START
COMMAND RIGHT END
TURN 36 RESULT
TIME LEFT 0 5 RIGHT 0 5
END TURN 36
TURN 37
COMMAND LEFT START
COMMAND LEFT END
COMMAND RIGHT START
COMMAND RIGHT END
TURN 37 RESULT
TIME LEFT 0 5 RIGHT 0 5
END TURN 37
TURN 38
COMMAND LEFT START
COMMAND LEFT END
COMMAND RIGHT START
COMMAND RIGHT END
TURN 38 RESULT
TIME LEFT 0 5 RIGHT 0 5
END TURN 38
TURN 39
COMMAND LEFT START
UPGRADE 1
COMMAND LEFT END
COMMAND RIGHT START
MOVE B5 151
COMMAND RIGHT END
TURN 39 RESULT
TIME LEFT 0 5 RIGHT 0 5
UPGRADE A 1
MOVE B5 187
END TURN 39
TURN 40
COMMAND LEFT START
MOVE A4 1
COMMAND LEFT END
COMMAND RIGHT START
COMMAND RIGHT END
TURN 40 RESULT
TIME LEFT 0 5 RIGHT 0 5
MOVE A4 1
MOVE B5 183
END TURN 40
TURN 41
COMMAND LEFT START
COMMAND LEFT END
COMMAND RIGHT START
COMMAND RIGHT END
TURN 41 RESULT
TIME LEFT 0 5 RIGHT 0 5
MOVE B5 174
END TURN 41
TURN 42
COMMAND LEFT START
TRAIN 1
COMMAND LEFT END
COMMAND RIGHT START
COMMAND RIGHT END
TURN 42 RESULT
TIME LEFT 0 5 RIGHT 0 5
TRAIN A6
MOVE B5 151
END TURN 42
TURN 43
COMMAND LEFT START
COMMAND LEFT END
COMMAND RIGHT START
UPGRADE 151
COMMAND RIGHT END
TURN 43 RESULT
TIME LEFT 0 5 RIGHT 0 5
UPGRADE B 151
END TURN 43
TURN 44
COMMAND LEFT START
COMMAND LEFT END
COMMAND RIGHT START
COMMAND RIGHT END
TURN 44 RESULT
TIME LEFT 0 5 RIGHT 0 5
END TURN 44
TURN 45
COMMAND LEFT START
COMMAND LEFT END
COMMAND RIGHT START
TRAIN 1
COMMAND RIGHT END
TURN 45 RESULT
TIME LEFT 0 5 RIGHT 0 5
TRAIN B6
END TURN 45
TURN 46
COMMAND LEFT START
COMMAND LEFT END
COMMAND RIGHT START
COMMAND RIGHT END
TURN 46 RESULT
TIME LEFT 0 5 RIGHT 0 5
END TURN 46
TURN 47
COMMAND LEFT START
COMMAND LEFT END
COMMAND RIGHT START
COMMAND RIGHT END
TURN 47 RESULT
TIME LEFT 0 5 RIGHT 0 5
END TURN 47
TURN 48
COMMAND LEFT START
COMMAND LEFT END
COMMAND RIGHT START
COMMAND RIGHT END
TURN 48 RESULT
TIME LEFT 0 5 RIGHT 0 5
END TURN 48
TURN 49
COMMAND LEFT START
COMMAND LEFT END
COMMAND RIGHT START
COMMAND RIGHT END
TURN 49 RESULT
TIME LEFT 0 5 RIGHT 0 5
END TURN 49
TURN 50
COMMAND LEFT START
COMMAND LEFT END
COMMAND RIGHT START
COMMAND RIGHT END
TURN 50 RESULT
TIME LEFT 0 5 RIGHT 0 5
END TURN 50
TURN 51
COMMAND LEFT START
COMMAND LEFT END
COMMAND RIGHT START
COMMAND RIGHT END
TURN 51 RESULT
TIME LEFT 0 5 RIGHT 0 5
END TURN 51
TURN 52
COMMAND LEFT START
COMMAND LEFT END
COMMAND RIGHT START
COMMAND RIGHT END
TURN 52 RESULT
TIME LEFT 0 5 RIGHT 0 5
END TURN 52
TURN 53
COMMAND LEFT START
COMMAND LEFT END
COMMAND RIGHT START
COMMAND RIGHT END
TURN 53 RESULT
TIME LEFT 0 5 RIGHT 1 5
END TURN 53
TURN 54
COMMAND LEFT START
UPGRADE 1
COMMAND LEFT END
COMMAND RIGHT START
UPGRADE 194
COMMAND RIGHT END
TURN 54 RESULT
TIME LEFT 0 5 RIGHT 0 5
UPGRADE A 1
UPGRADE B 194
END TURN 54
TURN 55
COMMAND LEFT START
MOVE A5 43
MOVE A6 1
COMMAND LEFT END
COMMAND RIGHT START
COMMAND RIGHT END
TURN 55 RESULT
TIME LEFT 0 5 RIGHT 0 5
MOVE A5 7
MOVE A6 1
END TURN 55
TURN 56
COMMAND LEFT START
COMMAND LEFT END
COMMAND RIGHT START
COMMAND RIGHT END
TURN 56 RESULT
TIME LEFT 0 5 RIGHT 0 5
MOVE A5 11
END TURN 56
TURN 57
COMMAND LEFT START
COMMAND LEFT END
COMMAND RIGHT START
COMMAND RIGHT END
TURN 57 RESULT
TIME LEFT 0 5 RIGHT 0 5
MOVE A5 20
END TURN 57
TURN 58
COMMAND LEFT START
COMMAND LEFT END
COMMAND RIGHT START
TRAIN 1
COMMAND RIGHT END
TURN 58 RESULT
TIME LEFT 0 5 RIGHT 0 5
TRAIN B7
MOVE A5 43
END TURN 58
TURN 59
COMMAND LEFT START
COMMAND LEFT END
COMMAND RIGHT START
COMMAND RIGHT END
TURN 59 RESULT
TIME LEFT 0 5 RIGHT 0 5
END TURN 59
TURN 60
COMMAND LEFT START
COMMAND LEFT END
COMMAND RIGHT START
TRAIN 1
COMMAND RIGHT END
TURN 60 RESULT
TIME LEFT 0 5 RIGHT 0 5
TRAIN B8
END TURN 60
TURN 61
COMMAND LEFT START
COMMAND LEFT END
COMMAND RIGHT START
TRAIN 1
COMMAND RIGHT END
TURN 61 RESULT
TIME LEFT 0 5 RIGHT 0 5
TRAIN B9
END TURN 61
TURN 62
COMMAND LEFT START
UPGRADE 43
COMMAND LEFT END
COMMAND RIGHT START
COMMAND RIGHT END
TURN 62 RESULT
TIME LEFT 0 5 RIGHT 0 5
UPGRADE A 43
END TURN 62
TURN 63
COMMAND LEFT START
COMMAND LEFT END
COMMAND RIGHT START
TRAIN 1
COMMAND RIGHT END
TURN 63 RESULT
TIME LEFT 0 5 RIGHT 0 5
TRAIN B10
END TURN 63
TURN 64
COMMAND LEFT START
TRAIN 1
COMMAND LEFT END
COMMAND RIGHT START
COMMAND RIGHT END
TURN 64 RESULT
TIME LEFT 0 5 RIGHT 0 5
TRAIN A7
END TURN 64
TURN 65
COMMAND LEFT START
MOVE A7 43
COMMAND LEFT END
COMMAND RIGHT START
TRAIN 1
COMMAND RIGHT END
TURN 65 RESULT
TIME LEFT 0 5 RIGHT 0 5
TRAIN B11
MOVE A7 7
END TURN 65
TURN 66
COMMAND LEFT START
TRAIN 1
COMMAND LEFT END
COMMAND RIGHT START
TRAIN 1
COMMAND RIGHT END
TURN 66 RESULT
TIME LEFT 0 5 RIGHT 0 5
TRAIN A8 B12
MOVE A7 11
END TURN 66
TURN 67
COMMAND LEFT START
MOVE A8 43
COMMAND LEFT END
COMMAND RIGHT START
COMMAND RIGHT END
TURN 67 RESULT
TIME LEFT 0 5 RIGHT 0 5
MOVE A7 20
MOVE A8 7
END TURN 67
TURN 68
COMMAND LEFT START
COMMAND LEFT END
COMMAND RIGHT START
TRAIN 1
COMMAND RIGHT END
TURN 68 RESULT
TIME LEFT 0 5 RIGHT 0 5
TRAIN B13
MOVE A7 43
MOVE A8 11
END TURN 68
TURN 69
COMMAND LEFT START
COMMAND LEFT END
COMMAND RIGHT START
COMMAND RIGHT END
TURN 69 RESULT
TIME LEFT 0 5 RIGHT 0 5
MOVE A8 20
END TURN 69
TURN 70
COMMAND LEFT START
COMMAND LEFT END
COMMAND RIGHT START
TRAIN 1
COMMAND RIGHT END
TURN 70 RESULT
TIME LEFT 0 5 RIGHT 0 5
TRAIN B14
MOVE A8 43
END TURN 70
TURN 71
COMMAND LEFT START
COMMAND LEFT END
COMMAND RIGHT START
COMMAND RIGHT END
TURN 71 RESULT
TIME LEFT 0 5 RIGHT 0 5
END TURN 71
TURN 72
COMMAND LEFT START
COMMAND LEFT END
COMMAND RIGHT START
TRAIN 1
COMMAND RIGHT END
TURN 72 RESULT
TIME LEFT 0 5 RIGHT 0 5
TRAIN B15
END TURN 72
TURN 73
COMMAND LEFT START
UPGRADE 43
COMMAND LEFT END
COMMAND RIGHT START
COMMAND RIGHT END
TURN 73 RESULT
TIME LEFT 0 5 RIGHT 0 5
UPGRADE A 43
END TURN 73
TURN 74
COMMAND LEFT START
COMMAND LEFT END
COMMAND RIGHT START
TRAIN 1
COMMAND RIGHT END
TURN 74 RESULT
TIME LEFT 0 5 RIGHT 0 5
TRAIN B16
END TURN 74
TURN 75
COMMAND LEFT START
TRAIN 1
COMMAND LEFT END
COMMAND RIGHT START
COMMAND RIGHT END
TURN 75 RESULT
TIME LEFT 0 5 RIGHT 0 5
TRAIN A9
END TURN 75
TURN 76
COMMAND LEFT START
MOVE A9 43
COMMAND LEFT END
COMMAND RIGHT START
TRAIN 1
COMMAND RIGHT END
TURN 76 RESULT
TIME LEFT 0 5 RIGHT 0 5
TRAIN B17
MOVE A9 7
END TURN 76
TURN 77
COMMAND LEFT START
COMMAND LEFT END
COMMAND RIGHT START
COMMAND RIGHT END
TURN 77 RESULT
TIME LEFT 0 5 RIGHT 0 5
MOVE A9 11
END TURN 77
TURN 78
COMMAND LEFT START
COMMAND LEFT END
COMMAND RIGHT START
TRAIN 1
COMMAND RIGHT END
TURN 78 RESULT
TIME LEFT 0 5 RIGHT 0 5
TRAIN B18
MOVE A9 20
END TURN 78
TURN 79
COMMAND LEFT START
COMMAND LEFT END
COMMAND RIGHT START
COMMAND RIGHT END
TURN 79 RESULT
TIME LEFT 0 5 RIGHT 0 5
MOVE A9 43
END TURN 79
TURN 80
COMMAND LEFT START
COMMAND LEFT END
COMMAND RIGHT START
TRAIN 1
COMMAND RIGHT END
TURN 80 RESULT
TIME LEFT 0 5 RIGHT 0 5
TRAIN B19
END TURN 80
TURN 81
COMMAND LEFT START
COMMAND LEFT END
COMMAND RIGHT START
COMMAND RIGHT END
TURN 81 RESULT
TIME LEFT 0 5 RIGHT 0 5
END TURN 81
TURN 82
COMMAND LEFT START
UPGRADE 43
COMMAND LEFT END
COMMAND RIGHT START
COMMAND RIGHT END
TURN 82 RESULT
TIME LEFT 0 5 RIGHT 0 5
UPGRADE A 43
END TURN 82
TURN 83
COMMAND LEFT START
MOVE A9 50
COMMAND LEFT END
COMMAND RIGHT START
TRAIN 1
COMMAND RIGHT END
TURN 83 RESULT
TIME LEFT 0 5 RIGHT 0 5
TRAIN B20
MOVE A9 49
END TURN 83
TURN 84
COMMAND LEFT START
COMMAND LEFT END
COMMAND RIGHT START
COMMAND RIGHT END
TURN 84 RESULT
TIME LEFT 0 5 RIGHT 0 5
MOVE A9 53
END TURN 84
TURN 85
COMMAND LEFT START
COMMAND LEFT END
COMMAND RIGHT START
TRAIN 1
COMMAND RIGHT END
TURN 85 RESULT
TIME LEFT 0 5 RIGHT 0 5
TRAIN B21
MOVE A9 45
END TURN 85
TURN 86
COMMAND LEFT START
COMMAND LEFT END
COMMAND RIGHT START
COMMAND RIGHT END
TURN 86 RESULT
TIME LEFT 0 5 RIGHT 0 5
MOVE A9 50
END TURN 86
TURN 87
COMMAND LEFT START
UPGRADE 50
COMMAND LEFT END
COMMAND RIGHT START
COMMAND RIGHT END
TURN 87 RESULT
TIME LEFT 0 5 RIGHT 0 5
UPGRADE A 50
END TURN 87
TURN 88
COMMAND LEFT START
TRAIN 1
COMMAND LEFT END
COMMAND RIGHT START
TRAIN 1
COMMAND RIGHT END
TURN 88 RESULT
TIME LEFT 0 5 RIGHT 0 5
TRAIN A10 B22
END TURN 88
TURN 89
COMMAND LEFT START
MOVE A10 50
COMMAND LEFT END
COMMAND RIGHT START
COMMAND RIGHT END
TURN 89 RESULT
TIME LEFT 0 5 RIGHT 0 5
MOVE A10 3
END TURN 89
TURN 90
COMMAND LEFT START
COMMAND LEFT END
COMMAND RIGHT START
TRAIN 1
COMMAND RIGHT END
TURN 90 RESULT
TIME LEFT 0 5 RIGHT 0 5
TRAIN B23
MOVE A10 16
END TURN 90
TURN 91
COMMAND LEFT START
COMMAND LEFT END
COMMAND RIGHT START
COMMAND RIGHT END
TURN 91 RESULT
TIME LEFT 0 5 RIGHT 0 5
MOVE A10 28
END TURN 91
TURN 92
COMMAND LEFT START
COMMAND LEFT END
COMMAND RIGHT START
COMMAND RIGHT END
TURN 92 RESULT
TIME LEFT 0 5 RIGHT 0 5
MOVE A10 50
END TURN 92
TURN 93
COMMAND LEFT START
UPGRADE 50
COMMAND LEFT END
COMMAND RIGHT START
TRAIN 1
COMMAND RIGHT END
TURN 93 RESULT
TIME LEFT 0 5 RIGHT 0 5
UPGRADE A 50
TRAIN B24
END TURN 93
TURN 94
COMMAND LEFT START
TRAIN 1
COMMAND LEFT END
COMMAND RIGHT START
COMMAND RIGHT END
TURN 94 RESULT
TIME LEFT 0 5 RIGHT 0 5
TRAIN A11
END TURN 94
TURN 95
COMMAND LEFT START
MOVE A11 50
TRAIN 1
COMMAND LEFT END
COMMAND RIGHT START
COMMAND RIGHT END
TURN 95 RESULT
TIME LEFT 0 5 RIGHT 0 5
TRAIN A12
MOVE A11 3
END TURN 95
TURN 96
COMMAND LEFT START
MOVE A12 50
COMMAND LEFT END
COMMAND RIGHT START
TRAIN 1
COMMAND RIGHT END
TURN 96 RESULT
TIME LEFT 0 5 RIGHT 0 5
TRAIN B25
MOVE A11 16
MOVE A12 3
END TURN 96
TURN 97
COMMAND LEFT START
COMMAND LEFT END
COMMAND RIGHT START
COMMAND RIGHT END
TURN 97 RESULT
TIME LEFT 0 5 RIGHT 0 5
MOVE A11 28
MOVE A12 16
END TURN 97
TURN 98
COMMAND LEFT START
COMMAND LEFT END
COMMAND RIGHT START
COMMAND RIGHT END
TURN 98 RESULT
TIME LEFT 0 5 RIGHT 0 5
MOVE A11 50
MOVE A12 28
END TURN 98
TURN 99
COMMAND LEFT START
UPGRADE 50
COMMAND LEFT END
COMMAND RIGHT START
TRAIN 1
COMMAND RIGHT END
TURN 99 RESULT
TIME LEFT 0 5 RIGHT 0 5
UPGRADE A 50
TRAIN B26
MOVE A12 50
END TURN 99
TURN 100
COMMAND LEFT START
MOVE A12 32
COMMAND LEFT END
COMMAND RIGHT START
COMMAND RIGHT END
TURN 100 RESULT
TIME LEFT 0 5 RIGHT 0 5
MOVE A12 41
END TURN 100
TURN 101
COMMAND LEFT START
TRAIN 1
COMMAND LEFT END
COMMAND RIGHT START
COMMAND RIGHT END
TURN 101 RESULT
TIME LEFT 0 5 RIGHT 0 5
TRAIN A13
MOVE A12 51
END TURN 101
TURN 102
COMMAND LEFT START
MOVE A13 50
COMMAND LEFT END
COMMAND RIGHT START
TRAIN 1
COMMAND RIGHT END
TURN 102 RESULT
TIME LEFT 0 5 RIGHT 0 5
TRAIN B27
MOVE A12 46
MOVE A13 3
END TURN 102
TURN 103
COMMAND LEFT START
COMMAND LEFT END
COMMAND RIGHT START
COMMAND RIGHT END
TURN 103 RESULT
TIME LEFT 0 5 RIGHT 0 5
MOVE A12 32
MOVE A13 16
END TURN 103
TURN 104
COMMAND LEFT START
UPGRADE 32
COMMAND LEFT END
COMMAND RIGHT START
COMMAND RIGHT END
TURN 104 RESULT
TIME LEFT 0 5 RIGHT 0 5
UPGRADE A 32
MOVE A13 28
END TURN 104
TURN 105
COMMAND LEFT START
TRAIN 1
COMMAND LEFT END
COMMAND RIGHT START
TRAIN 1
COMMAND RIGHT END
TURN 105 RESULT
TIME LEFT 0 5 RIGHT 0 5
TRAIN A14 B28
MOVE A13 50
END TURN 105
TURN 106
COMMAND LEFT START
MOVE A14 50
COMMAND LEFT END
COMMAND RIGHT START
COMMAND RIGHT END
TURN 106 RESULT
TIME LEFT 0 5 RIGHT 0 5
MOVE A14 3
END TURN 106
TURN 107
COMMAND LEFT START
COMMAND LEFT END
COMMAND RIGHT START
COMMAND RIGHT END
TURN 107 RESULT
TIME LEFT 0 5 RIGHT 0 5
MOVE A14 16
END TURN 107
TURN 108
COMMAND LEFT START
UPGRADE 32
COMMAND LEFT END
COMMAND RIGHT START
COMMAND RIGHT END
TURN 108 RESULT
TIME LEFT 0 5 RIGHT 0 5
UPGRADE A 32
MOVE A14 28
END TURN 108
TURN 109
COMMAND LEFT START
MOVE A13 32
TRAIN 1
COMMAND LEFT END
COMMAND RIGHT START
TRAIN 1
COMMAND RIGHT END
TURN 109 RESULT
TIME LEFT 0 5 RIGHT 0 5
TRAIN A15 B29
MOVE A13 41
MOVE A14 50
END TURN 109
TURN 110
COMMAND LEFT START
MOVE A15 50
COMMAND LEFT END
COMMAND RIGHT START
COMMAND RIGHT END
TURN 110 RESULT
TIME LEFT 0 5 RIGHT 0 5
MOVE A13 51
MOVE A15 3
END TURN 110
TURN 111
COMMAND LEFT START
COMMAND LEFT END
COMMAND RIGHT START
COMMAND RIGHT END
TURN 111 RESULT
TIME LEFT 0 5 RIGHT 0 5
MOVE A13 46
MOVE A15 16
END TURN 111
TURN 112
COMMAND LEFT START
COMMAND LEFT END
COMMAND RIGHT START
TRAIN 1
COMMAND RIGHT END
TURN 112 RESULT
TIME LEFT 0 5 RIGHT 0 5
TRAIN B30
MOVE A13 32
MOVE A15 28
END TURN 112
TURN 113
COMMAND LEFT START
UPGRADE 32
COMMAND LEFT END
COMMAND RIGHT START
COMMAND RIGHT END
TURN 113 RESULT
TIME LEFT 0 5 RIGHT 0 5
UPGRADE A 32
MOVE A15 50
END TURN 113
TURN 114
COMMAND LEFT START
MOVE A14 31
MOVE A15 32
COMMAND LEFT END
COMMAND RIGHT START
COMMAND RIGHT END
TURN 114 RESULT
TIME LEFT 0 5 RIGHT 0 5
MOVE A14 36
MOVE A15 41
END TURN 114
TURN 115
COMMAND LEFT START
TRAIN 1
COMMAND LEFT END
COMMAND RIGHT START
COMMAND RIGHT END
TURN 115 RESULT
TIME LEFT 0 5 RIGHT 0 5
TRAIN A16
MOVE A14 21
MOVE A15 51
END TURN 115
TURN 116
COMMAND LEFT START
MOVE A16 50
COMMAND LEFT END
COMMAND RIGHT START
TRAIN 1
COMMAND RIGHT END
TURN 116 RESULT
TIME LEFT 0 5 RIGHT 0 5
TRAIN B31
MOVE A14 20
MOVE A15 46
MOVE A16 3
END TURN 116
TURN 117
COMMAND LEFT START
COMMAND LEFT END
COMMAND RIGHT START
COMMAND RIGHT END
TURN 117 RESULT
TIME LEFT 0 5 RIGHT 0 5
MOVE A14 27
MOVE A15 32
MOVE A16 16
END TURN 117
TURN 118
COMMAND LEFT START
COMMAND LEFT END
COMMAND RIGHT START
COMMAND RIGHT END
TURN 118 RESULT
TIME LEFT 0 5 RIGHT 0 5
MOVE A14 25
MOVE A16 28
END TURN 118
TURN 119
COMMAND LEFT START
COMMAND LEFT END
COMMAND RIGHT START
COMMAND RIGHT END
TURN 119 RESULT
TIME LEFT 0 5 RIGHT 0 5
MOVE A14 24
MOVE A16 50
END TURN 119
TURN 120
COMMAND LEFT START
UPGRADE 0
COMMAND LEFT END
COMMAND RIGHT START
COMMAND RIGHT END
TURN 120 RESULT
TIME LEFT 0 5 RIGHT 0 5
UPGRADE A 0
MOVE A14 31
END TURN 120
TURN 121
COMMAND LEFT START
MOVE A16 0
COMMAND LEFT END
COMMAND RIGHT START
TRAIN 1
COMMAND RIGHT END
TURN 121 RESULT
TIME LEFT 0 5 RIGHT 0 5
TRAIN B32
MOVE A16 28
END TURN 121
TURN 122
COMMAND LEFT START
UPGRADE 31
COMMAND LEFT END
COMMAND RIGHT START
COMMAND RIGHT END
TURN 122 RESULT
TIME LEFT 0 5 RIGHT 0 5
UPGRADE A 31
MOVE A16 16
END TURN 122
TURN 123
COMMAND LEFT START
TRAIN 1
COMMAND LEFT END
COMMAND RIGHT START
COMMAND RIGHT END
TURN 123 RESULT
TIME LEFT 0 5 RIGHT 0 5
TRAIN A17
MOVE A16 3
END TURN 123
TURN 124
COMMAND LEFT START
TRAIN 1
COMMAND LEFT END
COMMAND RIGHT START
MOVE B32 97
MOVE B31 97
MOVE B30 97
MOVE B29 97
MOVE B28 97
MOVE B27 97
MOVE B26 97
MOVE B25 97
COMMAND RIGHT END
TURN 124 RESULT
TIME LEFT 0 5 RIGHT 0 5
TRAIN A18
MOVE A16 0
MOVE B25 187
MOVE B26 187
MOVE B27 187
MOVE B28 187
MOVE B29 187
MOVE B30 187
MOVE B31 187
MOVE B32 187
END TURN 124
TURN 125
COMMAND LEFT START
MOVE A17 50
MOVE A18 50
COMMAND LEFT END
COMMAND RIGHT START
MOVE B24 97
MOVE B23 97
MOVE B22 97
MOVE B21 97
TRAIN 1
COMMAND RIGHT END
TURN 125 RESULT
TIME LEFT 0 5 RIGHT 0 5
TRAIN B33
MOVE A17 3
MOVE A18 3
MOVE B21 187
MOVE B22 187
MOVE B23 187
MOVE B24 187
MOVE B25 172
MOVE B26 172
MOVE B27 172
MOVE B28 172
MOVE B29 172
MOVE B30 172
MOVE B31 172
MOVE B32 172
END TURN 125
TURN 126
COMMAND LEFT START
COMMAND LEFT END
COMMAND RIGHT START
COMMAND RIGHT END
TURN 126 RESULT
TIME LEFT 0 5 RIGHT 0 5
MOVE A17 16
MOVE A18 16
MOVE B21 172
MOVE B22 172
MOVE B23 172
MOVE B24 172
MOVE B25 158
MOVE B26 158
MOVE B27 158
MOVE B28 158
MOVE B29 158
MOVE B30 158
MOVE B31 158
MOVE B32 158
END TURN 126
TURN 127
COMMAND LEFT START
UPGRADE 31
COMMAND LEFT END
COMMAND RIGHT START
COMMAND RIGHT END
TURN 127 RESULT
TIME LEFT 0 5 RIGHT 0 5
UPGRADE A 31
MOVE A17 28
MOVE A18 28
MOVE B21 158
MOVE B22 158
MOVE B23 158
MOVE B24 158
MOVE B25 141
MOVE B26 141
MOVE B27 141
MOVE B28 141
MOVE B29 141
MOVE B30 141
MOVE B31 141
MOVE B32 141
END TURN 127
TURN 128
COMMAND LEFT START
TRAIN 1
COMMAND LEFT END
COMMAND RIGHT START
COMMAND RIGHT END
TURN 128 RESULT
TIME LEFT 0 5 RIGHT 0 5
TRAIN A19
MOVE A17 50
MOVE A18 50
MOVE B21 141
MOVE B22 141
MOVE B23 141
MOVE B24 141
MOVE B25 117
MOVE B26 117
MOVE B27 117
MOVE B28 117
MOVE B29 117
MOVE B30 117
MOVE B31 117
MOVE B32 117
END TURN 128
TURN 129
COMMAND LEFT START
MOVE A17 31
MOVE A19 50
COMMAND LEFT END
COMMAND RIGHT START
COMMAND RIGHT END
TURN 129 RESULT
TIME LEFT 0 5 RIGHT 0 5
MOVE A17 36
MOVE A19 3
MOVE B21 117
MOVE B22 117
MOVE B23 117
MOVE B24 117
MOVE B25 97
MOVE B26 97
MOVE B27 97
MOVE B28 97
MOVE B29 97
MOVE B30 97
MOVE B31 97
MOVE B32 97
END TURN 129
TURN 130
COMMAND LEFT START
UPGRADE 31
COMMAND LEFT END
COMMAND RIGHT START
TRAIN 1
COMMAND RIGHT END
TURN 130 RESULT
TIME LEFT 0 5 RIGHT 0 5
UPGRADE A 31
TRAIN B34
MOVE A17 21
MOVE A19 16
MOVE B21 97
MOVE B22 97
MOVE B23 97
MOVE B24 97
END TURN 130
TURN 131
COMMAND LEFT START
MOVE A18 73
COMMAND LEFT END
COMMAND RIGHT START
COMMAND RIGHT END
TURN 131 RESULT
TIME LEFT 0 5 RIGHT 0 5
MOVE A17 20
MOVE A18 57
MOVE A19 28
END TURN 131
TURN 132
COMMAND LEFT START
TRAIN 1
COMMAND LEFT END
COMMAND RIGHT START
COMMAND RIGHT END
TURN 132 RESULT
TIME LEFT 0 5 RIGHT 0 5
TRAIN A20
MOVE A17 27
MOVE A18 73
MOVE A19 50
END TURN 132
TURN 133
COMMAND LEFT START
MOVE A19 31
MOVE A20 50
UPGRADE 73
COMMAND LEFT END
COMMAND RIGHT START
COMMAND RIGHT END
TURN 133 RESULT
TIME LEFT 0 5 RIGHT 0 5
UPGRADE A 73
MOVE A17 25
MOVE A19 36
MOVE A20 3
END TURN 133
TURN 134
COMMAND LEFT START
TRAIN 1
COMMAND LEFT END
COMMAND RIGHT START
COMMAND RIGHT END
TURN 134 RESULT
TIME LEFT 0 5 RIGHT 0 5
TRAIN A21
MOVE A17 24
MOVE A19 21
MOVE A20 16
END TURN 134
TURN 135
COMMAND LEFT START
MOVE A21 73
COMMAND LEFT END
COMMAND RIGHT START
TRAIN 1
COMMAND RIGHT END
TURN 135 RESULT
TIME LEFT 0 5 RIGHT 0 5
TRAIN B35
MOVE A17 31
MOVE A19 20
MOVE A20 28
MOVE A21 3
END TURN 135
TURN 136
COMMAND LEFT START
UPGRADE 73
COMMAND LEFT END
COMMAND RIGHT START
COMMAND RIGHT END
TURN 136 RESULT
TIME LEFT 0 5 RIGHT 0 5
UPGRADE A 73
MOVE A19 27
MOVE A20 50
MOVE A21 16
END TURN 136
TURN 137
COMMAND LEFT START
MOVE A20 73
TRAIN 1
COMMAND LEFT END
COMMAND RIGHT START
COMMAND RIGHT END
TURN 137 RESULT
TIME LEFT 0 5 RIGHT 0 5
TRAIN A22
MOVE A19 25
MOVE A20 57
MOVE A21 28
END TURN 137
TURN 138
COMMAND LEFT START
MOVE A22 73
COMMAND LEFT END
COMMAND RIGHT START
COMMAND RIGHT END
TURN 138 RESULT
TIME LEFT 0 5 RIGHT 0 5
MOVE A19 24
MOVE A20 73
MOVE A21 50
MOVE A22 3
END TURN 138
TURN 139
COMMAND LEFT START
UPGRADE 73
COMMAND LEFT END
COMMAND RIGHT START
COMMAND RIGHT END
TURN 139 RESULT
TIME LEFT 0 5 RIGHT 0 5
UPGRADE A 73
MOVE A19 31
MOVE A21 57
MOVE A22 16
END TURN 139
TURN 140
COMMAND LEFT START
TRAIN 1
COMMAND LEFT END
COMMAND RIGHT START
COMMAND RIGHT END
TURN 140 RESULT
TIME LEFT 0 5 RIGHT 0 5
TRAIN A23
MOVE A21 73
MOVE A22 28
END TURN 140
TURN 141
COMMAND LEFT START
MOVE A23 99
COMMAND LEFT END
COMMAND RIGHT START
TRAIN 1
COMMAND RIGHT END
TURN 141 RESULT
TIME LEFT 0 5 RIGHT 0 5
TRAIN B36
MOVE A22 50
MOVE A23 7
END TURN 141
TURN 142
COMMAND LEFT START
COMMAND LEFT END
COMMAND RIGHT START
COMMAND RIGHT END
TURN 142 RESULT
TIME LEFT 0 5 RIGHT 0 5
MOVE A22 57
MOVE A23 22
END TURN 142
TURN 143
COMMAND LEFT START
COMMAND LEFT END
COMMAND RIGHT START
COMMAND RIGHT END
TURN 143 RESULT
TIME LEFT 0 5 RIGHT 0 5
MOVE A22 73
MOVE A23 36
END TURN 143
TURN 144
COMMAND LEFT START
COMMAND LEFT END
COMMAND RIGHT START
COMMAND RIGHT END
TURN 144 RESULT
TIME LEFT 0 5 RIGHT 0 5
MOVE A23 45
END TURN 144
TURN 145
COMMAND LEFT START
COMMAND LEFT END
COMMAND RIGHT START
COMMAND RIGHT END
TURN 145 RESULT
TIME LEFT 0 5 RIGHT 0 5
MOVE A23 70
END TURN 145
TURN 146
COMMAND LEFT START
MOVE A22 58
TRAIN 2
COMMAND LEFT END
COMMAND RIGHT START
COMMAND RIGHT END
TURN 146 RESULT
TIME LEFT 0 5 RIGHT 0 5
TRAIN A24 A25
MOVE A22 79
MOVE A23 79
END TURN 146
TURN 147
COMMAND LEFT START
MOVE A24 73
MOVE A25 73
TRAIN 2
COMMAND LEFT END
COMMAND RIGHT START
COMMAND RIGHT END
TURN 147 RESULT
TIME LEFT 0 5 RIGHT 0 5
TRAIN A26 A27
MOVE A22 77
MOVE A23 99
MOVE A24 3
MOVE A25 3
END TURN 147
TURN 148
COMMAND LEFT START
MOVE A23 73
MOVE A26 73
MOVE A27 73
TRAIN 2
COMMAND LEFT END
COMMAND RIGHT START
TRAIN 1
COMMAND RIGHT END
TURN 148 RESULT
TIME LEFT 0 5 RIGHT 0 5
TRAIN A28 A29 B37
MOVE A22 78
MOVE A23 79
MOVE A24 16
MOVE A25 16
MOVE A26 3
MOVE A27 3
END TURN 148
TURN 149
COMMAND LEFT START
MOVE A28 73
MOVE A29 73
TRAIN 2
COMMAND LEFT END
COMMAND RIGHT START
COMMAND RIGHT END
TURN 149 RESULT
TIME LEFT 0 5 RIGHT 0 5
TRAIN A30 A31
MOVE A22 80
MOVE A23 73
MOVE A24 28
MOVE A25 28
MOVE A26 16
MOVE A27 16
MOVE A28 3
MOVE A29 3
END TURN 149
TURN 150
COMMAND LEFT START
MOVE A30 73
MOVE A31 73
TRAIN 2
COMMAND LEFT END
COMMAND RIGHT START
COMMAND RIGHT END
TURN 150 RESULT
TIME LEFT 0 5 RIGHT 0 5
TRAIN A32 A33
MOVE A22 76
MOVE A24 50
MOVE A25 50
MOVE A26 28
MOVE A27 28
MOVE A28 16
MOVE A29 16
MOVE A30 3
MOVE A31 3
END TURN 150
TURN 151
COMMAND LEFT START
MOVE A32 73
MOVE A33 73
TRAIN 2
COMMAND LEFT END
COMMAND RIGHT START
COMMAND RIGHT END
TURN 151 RESULT
TIME LEFT 0 5 RIGHT 0 5
TRAIN A34 A35
MOVE A22 71
MOVE A24 57
MOVE A25 57
MOVE A26 50
MOVE A27 50
MOVE A28 28
MOVE A29 28
MOVE A30 16
MOVE A31 16
MOVE A32 3
MOVE A33 3
END TURN 151
TURN 152
COMMAND LEFT START
MOVE A34 73
MOVE A35 73
TRAIN 1
COMMAND LEFT END
COMMAND RIGHT START
COMMAND RIGHT END
TURN 152 RESULT
TIME LEFT 0 5 RIGHT 0 5
TRAIN A36
MOVE A22 67
MOVE A24 73
MOVE A25 73
MOVE A26 57
MOVE A27 57
MOVE A28 50
MOVE A29 50
MOVE A30 28
MOVE A31 28
MOVE A32 16
MOVE A33 16
MOVE A34 3
MOVE A35 3
END TURN 152
TURN 153
COMMAND LEFT START
MOVE A36 73
COMMAND LEFT END
COMMAND RIGHT START
COMMAND RIGHT END
TURN 153 RESULT
TIME LEFT 0 5 RIGHT 0 5
MOVE A22 58
MOVE A26 73
MOVE A27 73
MOVE A28 57
MOVE A29 57
MOVE A30 50
MOVE A31 50
MOVE A32 28
MOVE A33 28
MOVE A34 16
MOVE A35 16
MOVE A36 3
END TURN 153
TURN 154
COMMAND LEFT START
UPGRADE 58
COMMAND LEFT END
COMMAND RIGHT START
COMMAND RIGHT END
TURN 154 RESULT
TIME LEFT 0 5 RIGHT 0 5
UPGRADE A 58
MOVE A28 73
MOVE A29 73
MOVE A30 57
MOVE A31 57
MOVE A32 50
MOVE A33 50
MOVE A34 28
MOVE A35 28
MOVE A36 16
END TURN 154
TURN 155
COMMAND LEFT START
UPGRADE 58
TRAIN 1
COMMAND LEFT END
COMMAND RIGHT START
COMMAND RIGHT END
TURN 155 RESULT
TIME LEFT 0 5 RIGHT 0 5
UPGRADE A 58
TRAIN A37
MOVE A30 73
MOVE A31 73
MOVE A32 57
MOVE A33 57
MOVE A34 50
MOVE A35 50
MOVE A36 28
END TURN 155
TURN 156
COMMAND LEFT START
MOVE A23 58
MOVE A37 73
UPGRADE 58
TRAIN 1
COMMAND LEFT END
COMMAND RIGHT START
TRAIN 1
COMMAND RIGHT END
TURN 156 RESULT
TIME LEFT 0 5 RIGHT 0 5
UPGRADE A 58
TRAIN A38 B38
MOVE A23 79
MOVE A32 73
MOVE A33 73
MOVE A34 57
MOVE A35 57
MOVE A36 50
MOVE A37 3
END TURN 156
TURN 157
COMMAND LEFT START
MOVE A24 58
MOVE A38 73
TRAIN 1
COMMAND LEFT END
COMMAND RIGHT START
COMMAND RIGHT END
TURN 157 RESULT
TIME LEFT 0 5 RIGHT 0 5
TRAIN A39
MOVE A23 77
MOVE A24 79
MOVE A34 73
MOVE A35 73
MOVE A36 57
MOVE A37 16
MOVE A38 3
END TURN 157
TURN 158
COMMAND LEFT START
MOVE A39 73
COMMAND LEFT END
COMMAND RIGHT START
COMMAND RIGHT END
TURN 158 RESULT
TIME LEFT 0 5 RIGHT 0 5
MOVE A23 78
MOVE A24 77
MOVE A36 73
MOVE A37 28
MOVE A38 16
MOVE A39 3
END TURN 158
TURN 159
COMMAND LEFT START
COMMAND LEFT END
COMMAND RIGHT START
COMMAND RIGHT END
TURN 159 RESULT
TIME LEFT 0 5 RIGHT 0 5
MOVE A23 80
MOVE A24 78
MOVE A37 50
MOVE A38 28
MOVE A39 16
END TURN 159
TURN 160
COMMAND LEFT START
COMMAND LEFT END
COMMAND RIGHT START
COMMAND RIGHT END
TURN 160 RESULT
TIME LEFT 0 5 RIGHT 0 5
MOVE A23 76
MOVE A24 80
MOVE A37 57
MOVE A38 50
MOVE A39 28
END TURN 160
TURN 161
COMMAND LEFT START
COMMAND LEFT END
COMMAND RIGHT START
COMMAND RIGHT END
TURN 161 RESULT
TIME LEFT 0 5 RIGHT 0 5
MOVE A23 71
MOVE A24 76
MOVE A37 73
MOVE A38 57
MOVE A39 50
END TURN 161
TURN 162
COMMAND LEFT START
UPGRADE 0
COMMAND LEFT END
COMMAND RIGHT START
COMMAND RIGHT END
TURN 162 RESULT
TIME LEFT 0 5 RIGHT 0 5
UPGRADE A 0
MOVE A23 67
MOVE A24 71
MOVE A38 73
MOVE A39 57
END TURN 162
TURN 163
COMMAND LEFT START
MOVE A25 0
TRAIN 1
COMMAND LEFT END
COMMAND RIGHT START
COMMAND RIGHT END
TURN 163 RESULT
TIME LEFT 0 5 RIGHT 0 5
TRAIN A40
MOVE A23 58
MOVE A24 67
MOVE A25 57
MOVE A39 73
END TURN 163
TURN 164
COMMAND LEFT START
COMMAND LEFT END
COMMAND RIGHT START
TRAIN 1
COMMAND RIGHT END
TURN 164 RESULT
TIME LEFT 0 5 RIGHT 0 5
TRAIN B39
MOVE A24 58
MOVE A25 50
END TURN 164
TURN 165
COMMAND LEFT START
COMMAND LEFT END
COMMAND RIGHT START
COMMAND RIGHT END
TURN 165 RESULT
TIME LEFT 0 5 RIGHT 0 5
MOVE A25 28
END TURN 165
TURN 166
COMMAND LEFT START
COMMAND LEFT END
COMMAND RIGHT START
COMMAND RIGHT END
TURN 166 RESULT
TIME LEFT 0 5 RIGHT 0 5
MOVE A25 16
END TURN 166
TURN 167
COMMAND LEFT START
COMMAND LEFT END
COMMAND RIGHT START
COMMAND RIGHT END
TURN 167 RESULT
TIME LEFT 0 5 RIGHT 0 5
MOVE A25 3
END TURN 167
TURN 168
COMMAND LEFT START
COMMAND LEFT END
COMMAND RIGHT START
COMMAND RIGHT END
TURN 168 RESULT
TIME LEFT 0 5 RIGHT 0 5
MOVE A25 0
END TURN 168
TURN 169
COMMAND LEFT START
MOVE A40 73
COMMAND LEFT END
COMMAND RIGHT START
COMMAND RIGHT END
TURN 169 RESULT
TIME LEFT 0 5 RIGHT 0 5
MOVE A40 3
END TURN 169
TURN 170
COMMAND LEFT START
COMMAND LEFT END
COMMAND RIGHT START
COMMAND RIGHT END
TURN 170 RESULT
TIME LEFT 0 5 RIGHT 0 5
MOVE A40 16
END TURN 170
TURN 171
COMMAND LEFT START
COMMAND LEFT END
COMMAND RIGHT START
COMMAND RIGHT END
TURN 171 RESULT
TIME LEFT 0 5 RIGHT 0 5
MOVE A40 28
END TURN 171
TURN 172
COMMAND LEFT START
COMMAND LEFT END
COMMAND RIGHT START
COMMAND RIGHT END
TURN 172 RESULT
TIME LEFT 0 5 RIGHT 0 5
MOVE A40 50
END TURN 172
TURN 173
COMMAND LEFT START
UPGRADE 0
COMMAND LEFT END
COMMAND RIGHT START
COMMAND RIGHT END
TURN 173 RESULT
TIME LEFT 0 5 RIGHT 0 5
UPGRADE A 0
MOVE A40 57
END TURN 173
TURN 174
COMMAND LEFT START
MOVE A26 0
TRAIN 3
COMMAND LEFT END
COMMAND RIGHT START
TRAIN 1
COMMAND RIGHT END
TURN 174 RESULT
TIME LEFT 0 5 RIGHT 0 5
TRAIN A41 A42 A43 B40
MOVE A26 57
MOVE A40 73
END TURN 174
TURN 175
COMMAND LEFT START
MOVE A42 73
MOVE A43 73
TRAIN 3
COMMAND LEFT END
COMMAND RIGHT START
COMMAND RIGHT END
TURN 175 RESULT
TIME LEFT 0 5 RIGHT 0 5
TRAIN A44 A45 A46
MOVE A26 50
MOVE A42 3
MOVE A43 3
END TURN 175
TURN 176
COMMAND LEFT START
MOVE A44 73
MOVE A45 73
MOVE A46 73
TRAIN 3
COMMAND LEFT END
COMMAND RIGHT START
COMMAND RIGHT END
TURN 176 RESULT
TIME LEFT 0 5 RIGHT 0 5
TRAIN A47 A48 A49
MOVE A26 28
MOVE A42 16
MOVE A43 16
MOVE A44 3
MOVE A45 3
MOVE A46 3
END TURN 176
TURN 177
COMMAND LEFT START
MOVE A47 73
MOVE A48 73
MOVE A49 73
TRAIN 2
COMMAND LEFT END
COMMAND RIGHT START
COMMAND RIGHT END
TURN 177 RESULT
TIME LEFT 0 5 RIGHT 0 5
TRAIN A50 A51
MOVE A26 16
MOVE A42 28
MOVE A43 28
MOVE A44 16
MOVE A45 16
MOVE A46 16
MOVE A47 3
MOVE A48 3
MOVE A49 3
END TURN 177
TURN 178
COMMAND LEFT START
MOVE A50 73
MOVE A51 73
TRAIN 3
COMMAND LEFT END
COMMAND RIGHT START
COMMAND RIGHT END
TURN 178 RESULT
TIME LEFT 0 5 RIGHT 0 5
TRAIN A52 A53 A54
MOVE A26 3
MOVE A42 50
MOVE A43 50
MOVE A44 28
MOVE A45 28
MOVE A46 28
MOVE A47 16
MOVE A48 16
MOVE A49 16
MOVE A50 3
MOVE A51 3
END TURN 178
TURN 179
COMMAND LEFT START
MOVE A52 73
MOVE A53 73
MOVE A54 73
TRAIN 2
COMMAND LEFT END
COMMAND RIGHT START
COMMAND RIGHT END
TURN 179 RESULT
TIME LEFT 0 5 RIGHT 0 5
TRAIN A55 A56
MOVE A26 0
MOVE A42 57
MOVE A43 57
MOVE A44 50
MOVE A45 50
MOVE A46 50
MOVE A47 28
MOVE A48 28
MOVE A49 28
MOVE A50 16
MOVE A51 16
MOVE A52 3
MOVE A53 3
MOVE A54 3
END TURN 179
TURN 180
COMMAND LEFT START
MOVE A41 73
MOVE A55 73
MOVE A56 73
TRAIN 2
COMMAND LEFT END
COMMAND RIGHT START
COMMAND RIGHT END
TURN 180 RESULT
TIME LEFT 0 5 RIGHT 0 5
TRAIN A57 A58
MOVE A41 3
MOVE A42 73
MOVE A43 73
MOVE A44 57
MOVE A45 57
MOVE A46 57
MOVE A47 50
MOVE A48 50
MOVE A49 50
MOVE A50 28
MOVE A51 28
MOVE A52 16
MOVE A53 16
MOVE A54 16
MOVE A55 3
MOVE A56 3
END TURN 180
TURN 181
COMMAND LEFT START
MOVE A57 73
MOVE A58 73
TRAIN 3
COMMAND LEFT END
COMMAND RIGHT START
COMMAND RIGHT END
TURN 181 RESULT
TIME LEFT 0 5 RIGHT 0 5
TRAIN A59 A60 A61
MOVE A41 16
MOVE A44 73
MOVE A45 73
MOVE A46 73
MOVE A47 57
MOVE A48 57
MOVE A49 57
MOVE A50 50
MOVE A51 50
MOVE A52 28
MOVE A53 28
MOVE A54 28
MOVE A55 16
MOVE A56 16
MOVE A57 3
MOVE A58 3
END TURN 181
TURN 182
COMMAND LEFT START
MOVE A59 73
MOVE A60 73
MOVE A61 73
TRAIN 2
COMMAND LEFT END
COMMAND RIGHT START
COMMAND RIGHT END
TURN 182 RESULT
TIME LEFT 0 5 RIGHT 0 5
TRAIN A62 A63
MOVE A41 28
MOVE A47 73
MOVE A48 73
MOVE A49 73
MOVE A50 57
MOVE A51 57
MOVE A52 50
MOVE A53 50
MOVE A54 50
MOVE A55 28
MOVE A56 28
MOVE A57 16
MOVE A58 16
MOVE A59 3
MOVE A60 3
MOVE A61 3
END TURN 182
TURN 183
COMMAND LEFT START
MOVE A62 73
MOVE A63 73
TRAIN 2
COMMAND LEFT END
COMMAND RIGHT START
COMMAND RIGHT END
TURN 183 RESULT
TIME LEFT 0 5 RIGHT 0 5
TRAIN A64 A65
MOVE A41 50
MOVE A50 73
MOVE A51 73
MOVE A52 57
MOVE A53 57
MOVE A54 57
MOVE A55 50
MOVE A56 50
MOVE A57 28
MOVE A58 28
MOVE A59 16
MOVE A60 16
MOVE A61 16
MOVE A62 3
MOVE A63 3
END TURN 183
TURN 184
COMMAND LEFT START
MOVE A64 73
MOVE A65 73
TRAIN 2
COMMAND LEFT END
COMMAND RIGHT START
COMMAND RIGHT END
TURN 184 RESULT
TIME LEFT 0 5 RIGHT 0 5
TRAIN A66 A67
MOVE A41 57
MOVE A52 73
MOVE A53 73
MOVE A54 73
MOVE A55 57
MOVE A56 57
MOVE A57 50
MOVE A58 50
MOVE A59 28
MOVE A60 28
MOVE A61 28
MOVE A62 16
MOVE A63 16
MOVE A64 3
MOVE A65 3
END TURN 184
TURN 185
COMMAND LEFT START
MOVE A66 73
MOVE A67 73
TRAIN 2
COMMAND LEFT END
COMMAND RIGHT START
COMMAND RIGHT END
TURN 185 RESULT
TIME LEFT 0 5 RIGHT 0 5
TRAIN A68 A69
MOVE A41 73
MOVE A55 73
MOVE A56 73
MOVE A57 57
MOVE A58 57
MOVE A59 50
MOVE A60 50
MOVE A61 50
MOVE A62 28
MOVE A63 28
MOVE A64 16
MOVE A65 16
MOVE A66 3
MOVE A67 3
END TURN 185
TURN 186
COMMAND LEFT START
MOVE A68 73
MOVE A69 73
TRAIN 2
COMMAND LEFT END
COMMAND RIGHT START
TRAIN 1
COMMAND RIGHT END
TURN 186 RESULT
TIME LEFT 0 5 RIGHT 0 5
TRAIN A70 A71 B41
MOVE A57 73
MOVE A58 73
MOVE A59 57
MOVE A60 57
MOVE A61 57
MOVE A62 50
MOVE A63 50
MOVE A64 28
MOVE A65 28
MOVE A66 16
MOVE A67 16
MOVE A68 3
MOVE A69 3
END TURN 186
TURN 187
COMMAND LEFT START
MOVE A70 73
MOVE A71 73
TRAIN 2
COMMAND LEFT END
COMMAND RIGHT START
COMMAND RIGHT END
TURN 187 RESULT
TIME LEFT 0 5 RIGHT 0 5
TRAIN A72 A73
MOVE A59 73
MOVE A60 73
MOVE A61 73
MOVE A62 57
MOVE A63 57
MOVE A64 50
MOVE A65 50
MOVE A66 28
MOVE A67 28
MOVE A68 16
MOVE A69 16
MOVE A70 3
MOVE A71 3
END TURN 187
TURN 188
COMMAND LEFT START
MOVE A72 73
MOVE A73 73
TRAIN 2
COMMAND LEFT END
COMMAND RIGHT START
COMMAND RIGHT END
TURN 188 RESULT
TIME LEFT 0 5 RIGHT 0 5
TRAIN A74 A75
MOVE A62 73
MOVE A63 73
MOVE A64 57
MOVE A65 57
MOVE A66 50
MOVE A67 50
MOVE A68 28
MOVE A69 28
MOVE A70 16
MOVE A71 16
MOVE A72 3
MOVE A73 3
END TURN 188
TURN 189
COMMAND LEFT START
MOVE A74 73
MOVE A75 73
TRAIN 2
COMMAND LEFT END
COMMAND RIGHT START
COMMAND RIGHT END
TURN 189 RESULT
TIME LEFT 0 5 RIGHT 0 5
TRAIN A76 A77
MOVE A64 73
MOVE A65 73
MOVE A66 57
MOVE A67 57
MOVE A68 50
MOVE A69 50
MOVE A70 28
MOVE A71 28
MOVE A72 16
MOVE A73 16
MOVE A74 3
MOVE A75 3
END TURN 189
TURN 190
COMMAND LEFT START
MOVE A76 73
MOVE A77 73
TRAIN 2
COMMAND LEFT END
COMMAND RIGHT START
COMMAND RIGHT END
TURN 190 RESULT
TIME LEFT 0 5 RIGHT 0 5
TRAIN A78 A79
MOVE A66 73
MOVE A67 73
MOVE A68 57
MOVE A69 57
MOVE A70 50
MOVE A71 50
MOVE A72 28
MOVE A73 28
MOVE A74 16
MOVE A75 16
MOVE A76 3
MOVE A77 3
END TURN 190
TURN 191
COMMAND LEFT START
MOVE A78 73
MOVE A79 73
TRAIN 2
COMMAND LEFT END
COMMAND RIGHT START
COMMAND RIGHT END
TURN 191 RESULT
TIME LEFT 0 5 RIGHT 0 5
TRAIN A80 A81
MOVE A68 73
MOVE A69 73
MOVE A70 57
MOVE A71 57
MOVE A72 50
MOVE A73 50
MOVE A74 28
MOVE A75 28
MOVE A76 16
MOVE A77 16
MOVE A78 3
MOVE A79 3
END TURN 191
TURN 192
COMMAND LEFT START
MOVE A80 73
MOVE A81 73
TRAIN 2
COMMAND LEFT END
COMMAND RIGHT START
COMMAND RIGHT END
TURN 192 RESULT
TIME LEFT 0 5 RIGHT 0 5
TRAIN A82 A83
MOVE A70 73
MOVE A71 73
MOVE A72 57
MOVE A73 57
MOVE A74 50
MOVE A75 50
MOVE A76 28
MOVE A77 28
MOVE A78 16
MOVE A79 16
MOVE A80 3
MOVE A81 3
END TURN 192
TURN 193
COMMAND LEFT START
MOVE A82 73
MOVE A83 73
TRAIN 2
COMMAND LEFT END
COMMAND RIGHT START
COMMAND RIGHT END
TURN 193 RESULT
TIME LEFT 0 5 RIGHT 0 5
TRAIN A84 A85
MOVE A72 73
MOVE A73 73
MOVE A74 57
MOVE A75 57
MOVE A76 50
MOVE A77 50
MOVE A78 28
MOVE A79 28
MOVE A80 16
MOVE A81 16
MOVE A82 3
MOVE A83 3
END TURN 193
TURN 194
COMMAND LEFT START
MOVE A84 73
MOVE A85 73
TRAIN 2
COMMAND LEFT END
COMMAND RIGHT START
COMMAND RIGHT END
TURN 194 RESULT
TIME LEFT 0 5 RIGHT 0 5
TRAIN A86 A87
MOVE A74 73
MOVE A75 73
MOVE A76 57
MOVE A77 57
MOVE A78 50
MOVE A79 50
MOVE A80 28
MOVE A81 28
MOVE A82 16
MOVE A83 16
MOVE A84 3
MOVE A85 3
END TURN 194
TURN 195
COMMAND LEFT START
MOVE A86 73
MOVE A87 73
TRAIN 1
COMMAND LEFT END
COMMAND RIGHT START
COMMAND RIGHT END
TURN 195 RESULT
TIME LEFT 0 5 RIGHT 0 5
TRAIN A88
MOVE A76 73
MOVE A77 73
MOVE A78 57
MOVE A79 57
MOVE A80 50
MOVE A81 50
MOVE A82 28
MOVE A83 28
MOVE A84 16
MOVE A85 16
MOVE A86 3
MOVE A87 3
END TURN 195
TURN 196
COMMAND LEFT START
MOVE A88 73
TRAIN 2
COMMAND LEFT END
COMMAND RIGHT START
COMMAND RIGHT END
TURN 196 RESULT
TIME LEFT 0 5 RIGHT 0 5
TRAIN A89 A90
MOVE A78 73
MOVE A79 73
MOVE A80 57
MOVE A81 57
MOVE A82 50
MOVE A83 50
MOVE A84 28
MOVE A85 28
MOVE A86 16
MOVE A87 16
MOVE A88 3
END TURN 196
TURN 197
COMMAND LEFT START
MOVE A89 73
MOVE A90 73
TRAIN 2
COMMAND LEFT END
COMMAND RIGHT START
COMMAND RIGHT END
TURN 197 RESULT
TIME LEFT 0 5 RIGHT 0 5
TRAIN A91 A92
MOVE A80 73
MOVE A81 73
MOVE A82 57
MOVE A83 57
MOVE A84 50
MOVE A85 50
MOVE A86 28
MOVE A87 28
MOVE A88 16
MOVE A89 3
MOVE A90 3
END TURN 197
TURN 198
COMMAND LEFT START
MOVE A91 73
MOVE A92 73
TRAIN 1
COMMAND LEFT END
COMMAND RIGHT START
COMMAND RIGHT END
TURN 198 RESULT
TIME LEFT 0 5 RIGHT 0 5
TRAIN A93
MOVE A82 73
MOVE A83 73
MOVE A84 57
MOVE A85 57
MOVE A86 50
MOVE A87 50
MOVE A88 28
MOVE A89 16
MOVE A90 16
MOVE A91 3
MOVE A92 3
END TURN 198
TURN 199
COMMAND LEFT START
MOVE A93 73
TRAIN 2
COMMAND LEFT END
COMMAND RIGHT START
COMMAND RIGHT END
TURN 199 RESULT
TIME LEFT 0 5 RIGHT 0 5
TRAIN A94 A95
MOVE A84 73
MOVE A85 73
MOVE A86 57
MOVE A87 57
MOVE A88 50
MOVE A89 28
MOVE A90 28
MOVE A91 16
MOVE A92 16
MOVE A93 3
END TURN 199
TURN 200
COMMAND LEFT START
MOVE A94 73
MOVE A95 73
TRAIN 2
COMMAND LEFT END
COMMAND RIGHT START
COMMAND RIGHT END
TURN 200 RESULT
TIME LEFT 0 5 RIGHT 0 5
TRAIN A96 A97
MOVE A86 73
MOVE A87 73
MOVE A88 57
MOVE A89 50
MOVE A90 50
MOVE A91 28
MOVE A92 28
MOVE A93 16
MOVE A94 3
MOVE A95 3
END TURN 200
TURN 201
COMMAND LEFT START
MOVE A96 73
MOVE A97 73
TRAIN 1
COMMAND LEFT END
COMMAND RIGHT START
TRAIN 1
COMMAND RIGHT END
TURN 201 RESULT
TIME LEFT 0 5 RIGHT 0 5
TRAIN A98 B42
MOVE A88 73
MOVE A89 57
MOVE A90 57
MOVE A91 50
MOVE A92 50
MOVE A93 28
MOVE A94 16
MOVE A95 16
MOVE A96 3
MOVE A97 3
END TURN 201
TURN 202
COMMAND LEFT START
MOVE A98 73
TRAIN 2
COMMAND LEFT END
COMMAND RIGHT START
COMMAND RIGHT END
TURN 202 RESULT
TIME LEFT 0 5 RIGHT 0 5
TRAIN A99 A100
MOVE A89 73
MOVE A90 73
MOVE A91 57
MOVE A92 57
MOVE A93 50
MOVE A94 28
MOVE A95 28
MOVE A96 16
MOVE A97 16
MOVE A98 3
END TURN 202
TURN 203
COMMAND LEFT START
MOVE A99 73
MOVE A100 73
TRAIN 2
COMMAND LEFT END
COMMAND RIGHT START
COMMAND RIGHT END
TURN 203 RESULT
TIME LEFT 0 5 RIGHT 0 5
TRAIN A101 A102
MOVE A91 73
MOVE A92 73
MOVE A93 57
MOVE A94 50
MOVE A95 50
MOVE A96 28
MOVE A97 28
MOVE A98 16
MOVE A99 3
MOVE A100 3
END TURN 203
TURN 204
COMMAND LEFT START
MOVE A101 73
MOVE A102 73
TRAIN 1
COMMAND LEFT END
COMMAND RIGHT START
COMMAND RIGHT END
TURN 204 RESULT
TIME LEFT 0 5 RIGHT 0 5
TRAIN A103
MOVE A93 73
MOVE A94 57
MOVE A95 57
MOVE A96 50
MOVE A97 50
MOVE A98 28
MOVE A99 16
MOVE A100 16
MOVE A101 3
MOVE A102 3
END TURN 204
TURN 205
COMMAND LEFT START
MOVE A103 73
TRAIN 2
COMMAND LEFT END
COMMAND RIGHT START
COMMAND RIGHT END
TURN 205 RESULT
TIME LEFT 0 5 RIGHT 0 5
TRAIN A104 A105
MOVE A94 73
MOVE A95 73
MOVE A96 57
MOVE A97 57
MOVE A98 50
MOVE A99 28
MOVE A100 28
MOVE A101 16
MOVE A102 16
MOVE A103 3
END TURN 205
TURN 206
COMMAND LEFT START
MOVE A104 73
MOVE A105 73
TRAIN 1
COMMAND LEFT END
COMMAND RIGHT START
COMMAND RIGHT END
TURN 206 RESULT
TIME LEFT 0 5 RIGHT 0 5
TRAIN A106
MOVE A96 73
MOVE A97 73
MOVE A98 57
MOVE A99 50
MOVE A100 50
MOVE A101 28
MOVE A102 28
MOVE A103 16
MOVE A104 3
MOVE A105 3
END TURN 206
TURN 207
COMMAND LEFT START
MOVE A106 73
TRAIN 1
COMMAND LEFT END
COMMAND RIGHT START
COMMAND RIGHT END
TURN 207 RESULT
TIME LEFT 0 5 RIGHT 0 5
TRAIN A107
MOVE A98 73
MOVE A99 57
MOVE A100 57
MOVE A101 50
MOVE A102 50
MOVE A103 28
MOVE A104 16
MOVE A105 16
MOVE A106 3
END TURN 207
TURN 208
COMMAND LEFT START
MOVE A107 73
TRAIN 2
COMMAND LEFT END
COMMAND RIGHT START
COMMAND RIGHT END
TURN 208 RESULT
TIME LEFT 0 5 RIGHT 0 5
TRAIN A108 A109
MOVE A99 73
MOVE A100 73
MOVE A101 57
MOVE A102 57
MOVE A103 50
MOVE A104 28
MOVE A105 28
MOVE A106 16
MOVE A107 3
END TURN 208
TURN 209
COMMAND LEFT START
MOVE A108 73
MOVE A109 73
TRAIN 1
COMMAND LEFT END
COMMAND RIGHT START
COMMAND RIGHT END
TURN 209 RESULT
TIME LEFT 0 5 RIGHT 0 5
TRAIN A110
MOVE A101 73
MOVE A102 73
MOVE A103 57
MOVE A104 50
MOVE A105 50
MOVE A106 28
MOVE A107 16
MOVE A108 3
MOVE A109 3
END TURN 209
TURN 210
COMMAND LEFT START
MOVE A110 73
TRAIN 2
COMMAND LEFT END
COMMAND RIGHT START
COMMAND RIGHT END
TURN 210 RESULT
TIME LEFT 0 5 RIGHT 0 5
TRAIN A111 A112
MOVE A103 73
MOVE A104 57
MOVE A105 57
MOVE A106 50
MOVE A107 28
MOVE A108 16
MOVE A109 16
MOVE A110 3
END TURN 210
TURN 211
COMMAND LEFT START
MOVE A111 73
MOVE A112 73
TRAIN 1
COMMAND LEFT END
COMMAND RIGHT START
COMMAND RIGHT END
TURN 211 RESULT
TIME LEFT 0 5 RIGHT 0 5
TRAIN A113
MOVE A104 73
MOVE A105 73
MOVE A106 57
MOVE A107 50
MOVE A108 28
MOVE A109 28
MOVE A110 16
MOVE A111 3
MOVE A112 3
END TURN 211
TURN 212
COMMAND LEFT START
MOVE A113 73
TRAIN 1
COMMAND LEFT END
COMMAND RIGHT START
COMMAND RIGHT END
TURN 212 RESULT
TIME LEFT 0 5 RIGHT 0 5
TRAIN A114
MOVE A106 73
MOVE A107 57
MOVE A108 50
MOVE A109 50
MOVE A110 28
MOVE A111 16
MOVE A112 16
MOVE A113 3
END TURN 212
TURN 213
COMMAND LEFT START
MOVE A114 73
TRAIN 2
COMMAND LEFT END
COMMAND RIGHT START
COMMAND RIGHT END
TURN 213 RESULT
TIME LEFT 0 5 RIGHT 0 5
TRAIN A115 A116
MOVE A107 73
MOVE A108 57
MOVE A109 57
MOVE A110 50
MOVE A111 28
MOVE A112 28
MOVE A113 16
MOVE A114 3
END TURN 213
TURN 214
COMMAND LEFT START
MOVE A115 73
MOVE A116 73
TRAIN 1
COMMAND LEFT END
COMMAND RIGHT START
COMMAND RIGHT END
TURN 214 RESULT
TIME LEFT 0 5 RIGHT 0 5
TRAIN A117
MOVE A108 73
MOVE A109 73
MOVE A110 57
MOVE A111 50
MOVE A112 50
MOVE A113 28
MOVE A114 16
MOVE A115 3
MOVE A116 3
END TURN 214
TURN 215
COMMAND LEFT START
MOVE A117 73
TRAIN 1
COMMAND LEFT END
COMMAND RIGHT START
COMMAND RIGHT END
TURN 215 RESULT
TIME LEFT 0 5 RIGHT 0 5
TRAIN A118
MOVE A110 73
MOVE A111 57
MOVE A112 57
MOVE A113 50
MOVE A114 28
MOVE A115 16
MOVE A116 16
MOVE A117 3
END TURN 215
TURN 216
COMMAND LEFT START
MOVE A118 73
TRAIN 2
COMMAND LEFT END
COMMAND RIGHT START
COMMAND RIGHT END
TURN 216 RESULT
TIME LEFT 0 5 RIGHT 0 5
TRAIN A119 A120
MOVE A111 73
MOVE A112 73
MOVE A113 57
MOVE A114 50
MOVE A115 28
MOVE A116 28
MOVE A117 16
MOVE A118 3
END TURN 216
TURN 217
COMMAND LEFT START
MOVE A119 73
MOVE A120 73
TRAIN 1
COMMAND LEFT END
COMMAND RIGHT START
COMMAND RIGHT END
TURN 217 RESULT
TIME LEFT 0 5 RIGHT 0 5
TRAIN A121
MOVE A113 73
MOVE A114 57
MOVE A115 50
MOVE A116 50
MOVE A117 28
MOVE A118 16
MOVE A119 3
MOVE A120 3
END TURN 217
TURN 218
COMMAND LEFT START
MOVE A121 73
TRAIN 1
COMMAND LEFT END
COMMAND RIGHT START
COMMAND RIGHT END
TURN 218 RESULT
TIME LEFT 0 5 RIGHT 0 5
TRAIN A122
MOVE A114 73
MOVE A115 57
MOVE A116 57
MOVE A117 50
MOVE A118 28
MOVE A119 16
MOVE A120 16
MOVE A121 3
END TURN 218
TURN 219
COMMAND LEFT START
MOVE A122 73
TRAIN 1
COMMAND LEFT END
COMMAND RIGHT START
COMMAND RIGHT END
TURN 219 RESULT
TIME LEFT 0 5 RIGHT 0 5
TRAIN A123
MOVE A115 73
MOVE A116 73
MOVE A117 57
MOVE A118 50
MOVE A119 28
MOVE A120 28
MOVE A121 16
MOVE A122 3
END TURN 219
TURN 220
COMMAND LEFT START
MOVE A123 73
TRAIN 1
COMMAND LEFT END
COMMAND RIGHT START
COMMAND RIGHT END
TURN 220 RESULT
TIME LEFT 0 5 RIGHT 1 5
TRAIN A124
MOVE A117 73
MOVE A118 57
MOVE A119 50
MOVE A120 50
MOVE A121 28
MOVE A122 16
MOVE A123 3
END TURN 220
TURN 221
COMMAND LEFT START
MOVE A124 73
TRAIN 2
COMMAND LEFT END
COMMAND RIGHT START
COMMAND RIGHT END
TURN 221 RESULT
TIME LEFT 0 5 RIGHT 0 5
TRAIN A125 A126
MOVE A118 73
MOVE A119 57
MOVE A120 57
MOVE A121 50
MOVE A122 28
MOVE A123 16
MOVE A124 3
END TURN 221
TURN 222
COMMAND LEFT START
MOVE A125 73
MOVE A126 73
TRAIN 1
COMMAND LEFT END
COMMAND RIGHT START
COMMAND RIGHT END
TURN 222 RESULT
TIME LEFT 0 5 RIGHT 0 5
TRAIN A127
MOVE A119 73
MOVE A120 73
MOVE A121 57
MOVE A122 50
MOVE A123 28
MOVE A124 16
MOVE A125 3
MOVE A126 3
END TURN 222
TURN 223
COMMAND LEFT START
MOVE A127 73
TRAIN 1
COMMAND LEFT END
COMMAND RIGHT START
COMMAND RIGHT END
TURN 223 RESULT
TIME LEFT 0 5 RIGHT 0 5
TRAIN A128
MOVE A121 73
MOVE A122 57
MOVE A123 50
MOVE A124 28
MOVE A125 16
MOVE A126 16
MOVE A127 3
END TURN 223
TURN 224
COMMAND LEFT START
MOVE A128 73
TRAIN 1
COMMAND LEFT END
COMMAND RIGHT START
COMMAND RIGHT END
TURN 224 RESULT
TIME LEFT 0 5 RIGHT 0 5
TRAIN A129
MOVE A122 73
MOVE A123 57
MOVE A124 50
MOVE A125 28
MOVE A126 28
MOVE A127 16
MOVE A128 3
END TURN 224
TURN 225
COMMAND LEFT START
MOVE A129 73
TRAIN 1
COMMAND LEFT END
COMMAND RIGHT START
COMMAND RIGHT END
TURN 225 RESULT
TIME LEFT 0 5 RIGHT 0 5
TRAIN A130
MOVE A123 73
MOVE A124 57
MOVE A125 50
MOVE A126 50
MOVE A127 28
MOVE A128 16
MOVE A129 3
END TURN 225
TURN 226
COMMAND LEFT START
MOVE A130 73
TRAIN 1
COMMAND LEFT END
COMMAND RIGHT START
COMMAND RIGHT END
TURN 226 RESULT
TIME LEFT 0 5 RIGHT 0 5
TRAIN A131
MOVE A124 73
MOVE A125 57
MOVE A126 57
MOVE A127 50
MOVE A128 28
MOVE A129 16
MOVE A130 3
END TURN 226
TURN 227
COMMAND LEFT START
MOVE A131 73
TRAIN 1
COMMAND LEFT END
COMMAND RIGHT START
COMMAND RIGHT END
TURN 227 RESULT
TIME LEFT 0 5 RIGHT 0 5
TRAIN A132
MOVE A125 73
MOVE A126 73
MOVE A127 57
MOVE A128 50
MOVE A129 28
MOVE A130 16
MOVE A131 3
END TURN 227
TURN 228
COMMAND LEFT START
MOVE A132 73
TRAIN 1
COMMAND LEFT END
COMMAND RIGHT START
COMMAND RIGHT END
TURN 228 RESULT
TIME LEFT 0 5 RIGHT 0 5
TRAIN A133
MOVE A127 73
MOVE A128 57
MOVE A129 50
MOVE A130 28
MOVE A131 16
MOVE A132 3
END TURN 228
TURN 229
COMMAND LEFT START
MOVE A133 73
TRAIN 1
COMMAND LEFT END
COMMAND RIGHT START
COMMAND RIGHT END
TURN 229 RESULT
TIME LEFT 0 5 RIGHT 0 5
TRAIN A134
MOVE A128 73
MOVE A129 57
MOVE A130 50
MOVE A131 28
MOVE A132 16
MOVE A133 3
END TURN 229
TURN 230
COMMAND LEFT START
MOVE A134 73
TRAIN 1
COMMAND LEFT END
COMMAND RIGHT START
COMMAND RIGHT END
TURN 230 RESULT
TIME LEFT 0 5 RIGHT 0 5
TRAIN A135
MOVE A129 73
MOVE A130 57
MOVE A131 50
MOVE A132 28
MOVE A133 16
MOVE A134 3
END TURN 230
TURN 231
COMMAND LEFT START
MOVE A135 73
TRAIN 1
COMMAND LEFT END
COMMAND RIGHT START
COMMAND RIGHT END
TURN 231 RESULT
TIME LEFT 0 5 RIGHT 0 5
TRAIN A136
MOVE A130 73
MOVE A131 57
MOVE A132 50
MOVE A133 28
MOVE A134 16
MOVE A135 3
END TURN 231
TURN 232
COMMAND LEFT START
MOVE A136 73
TRAIN 1
COMMAND LEFT END
COMMAND RIGHT START
COMMAND RIGHT END
TURN 232 RESULT
TIME LEFT 0 5 RIGHT 0 5
TRAIN A137
MOVE A131 73
MOVE A132 57
MOVE A133 50
MOVE A134 28
MOVE A135 16
MOVE A136 3
END TURN 232
TURN 233
COMMAND LEFT START
MOVE A137 73
TRAIN 1
COMMAND LEFT END
COMMAND RIGHT START
COMMAND RIGHT END
TURN 233 RESULT
TIME LEFT 0 5 RIGHT 0 5
TRAIN A138
MOVE A132 73
MOVE A133 57
MOVE A134 50
MOVE A135 28
MOVE A136 16
MOVE A137 3
END TURN 233
TURN 234
COMMAND LEFT START
MOVE A138 73
TRAIN 1
COMMAND LEFT END
COMMAND RIGHT START
COMMAND RIGHT END
TURN 234 RESULT
TIME LEFT 0 5 RIGHT 0 5
TRAIN A139
MOVE A133 73
MOVE A134 57
MOVE A135 50
MOVE A136 28
MOVE A137 16
MOVE A138 3
END TURN 234
TURN 235
COMMAND LEFT START
MOVE A139 73
TRAIN 1
COMMAND LEFT END
COMMAND RIGHT START
COMMAND RIGHT END
TURN 235 RESULT
TIME LEFT 0 5 RIGHT 0 5
TRAIN A140
MOVE A134 73
MOVE A135 57
MOVE A136 50
MOVE A137 28
MOVE A138 16
MOVE A139 3
END TURN 235
TURN 236
COMMAND LEFT START
MOVE A140 73
TRAIN 1
COMMAND LEFT END
COMMAND RIGHT START
COMMAND RIGHT END
TURN 236 RESULT
TIME LEFT 0 5 RIGHT 0 5
TRAIN A141
MOVE A135 73
MOVE A136 57
MOVE A137 50
MOVE A138 28
MOVE A139 16
MOVE A140 3
END TURN 236
TURN 237
COMMAND LEFT START
MOVE A141 73
TRAIN 1
COMMAND LEFT END
COMMAND RIGHT START
COMMAND RIGHT END
TURN 237 RESULT
TIME LEFT 0 5 RIGHT 0 5
TRAIN A142
MOVE A136 73
MOVE A137 57
MOVE A138 50
MOVE A139 28
MOVE A140 16
MOVE A141 3
END TURN 237
TURN 238
COMMAND LEFT START
MOVE A142 73
TRAIN 1
COMMAND LEFT END
COMMAND RIGHT START
COMMAND RIGHT END
TURN 238 RESULT
TIME LEFT 0 5 RIGHT 0 5
TRAIN A143
MOVE A137 73
MOVE A138 57
MOVE A139 50
MOVE A140 28
MOVE A141 16
MOVE A142 3
END TURN 238
TURN 239
COMMAND LEFT START
MOVE A143 73
COMMAND LEFT END
COMMAND RIGHT START
COMMAND RIGHT END
TURN 239 RESULT
TIME LEFT 0 5 RIGHT 0 5
MOVE A138 73
MOVE A139 57
MOVE A140 50
MOVE A141 28
MOVE A142 16
MOVE A143 3
END TURN 239
TURN 240
COMMAND LEFT START
TRAIN 1
COMMAND LEFT END
COMMAND RIGHT START
COMMAND RIGHT END
TURN 240 RESULT
TIME LEFT 0 5 RIGHT 0 5
TRAIN A144
MOVE A139 73
MOVE A140 57
MOVE A141 50
MOVE A142 28
MOVE A143 16
END TURN 240
TURN 241
COMMAND LEFT START
MOVE A144 73
TRAIN 1
COMMAND LEFT END
COMMAND RIGHT START
COMMAND RIGHT END
TURN 241 RESULT
TIME LEFT 0 5 RIGHT 0 5
TRAIN A145
MOVE A140 73
MOVE A141 57
MOVE A142 50
MOVE A143 28
MOVE A144 3
END TURN 241
TURN 242
COMMAND LEFT START
MOVE A145 73
TRAIN 1
COMMAND LEFT END
COMMAND RIGHT START
COMMAND RIGHT END
TURN 242 RESULT
TIME LEFT 0 5 RIGHT 0 5
TRAIN A146
MOVE A141 73
MOVE A142 57
MOVE A143 50
MOVE A144 16
MOVE A145 3
END TURN 242
TURN 243
COMMAND LEFT START
MOVE A146 73
TRAIN 1
COMMAND LEFT END
COMMAND RIGHT START
COMMAND RIGHT END
TURN 243 RESULT
TIME LEFT 0 5 RIGHT 0 5
TRAIN A147
MOVE A142 73
MOVE A143 57
MOVE A144 28
MOVE A145 16
MOVE A146 3
END TURN 243
TURN 244
COMMAND LEFT START
MOVE A147 73
TRAIN 1
COMMAND LEFT END
COMMAND RIGHT START
COMMAND RIGHT END
TURN 244 RESULT
TIME LEFT 0 5 RIGHT 0 5
TRAIN A148
MOVE A143 73
MOVE A144 50
MOVE A145 28
MOVE A146 16
MOVE A147 3
END TURN 244
TURN 245
COMMAND LEFT START
MOVE A148 73
COMMAND LEFT END
COMMAND RIGHT START
COMMAND RIGHT END
TURN 245 RESULT
TIME LEFT 0 5 RIGHT 0 5
MOVE A144 57
MOVE A145 50
MOVE A146 28
MOVE A147 16
MOVE A148 3
END TURN 245
TURN 246
COMMAND LEFT START
TRAIN 1
COMMAND LEFT END
COMMAND RIGHT START
COMMAND RIGHT END
TURN 246 RESULT
TIME LEFT 0 5 RIGHT 0 5
TRAIN A149
MOVE A144 73
MOVE A145 57
MOVE A146 50
MOVE A147 28
MOVE A148 16
END TURN 246
TURN 247
COMMAND LEFT START
MOVE A149 73
TRAIN 1
COMMAND LEFT END
COMMAND RIGHT START
COMMAND RIGHT END
TURN 247 RESULT
TIME LEFT 0 5 RIGHT 0 5
TRAIN A150
MOVE A145 73
MOVE A146 57
MOVE A147 50
MOVE A148 28
MOVE A149 3
END TURN 247
TURN 248
COMMAND LEFT START
MOVE A150 73
TRAIN 1
COMMAND LEFT END
COMMAND RIGHT START
COMMAND RIGHT END
TURN 248 RESULT
TIME LEFT 0 5 RIGHT 0 5
TRAIN A151
MOVE A146 73
MOVE A147 57
MOVE A148 50
MOVE A149 16
MOVE A150 3
END TURN 248
TURN 249
COMMAND LEFT START
MOVE A151 73
COMMAND LEFT END
COMMAND RIGHT START
COMMAND RIGHT END
TURN 249 RESULT
TIME LEFT 0 5 RIGHT 0 5
MOVE A147 73
MOVE A148 57
MOVE A149 28
MOVE A150 16
MOVE A151 3
END TURN 249
TURN 250
COMMAND LEFT START
TRAIN 1
COMMAND LEFT END
COMMAND RIGHT START
COMMAND RIGHT END
TURN 250 RESULT
TIME LEFT 0 5 RIGHT 0 5
TRAIN A152
MOVE A148 73
MOVE A149 50
MOVE A150 28
MOVE A151 16
END TURN 250
TURN 251
COMMAND LEFT START
MOVE A152 73
TRAIN 1
COMMAND LEFT END
COMMAND RIGHT START
COMMAND RIGHT END
TURN 251 RESULT
TIME LEFT 0 5 RIGHT 0 5
TRAIN A153
MOVE A149 57
MOVE A150 50
MOVE A151 28
MOVE A152 3
END TURN 251
TURN 252
COMMAND LEFT START
MOVE A153 73
COMMAND LEFT END
COMMAND RIGHT START
COMMAND RIGHT END
TURN 252 RESULT
TIME LEFT 0 5 RIGHT 0 5
MOVE A149 73
MOVE A150 57
MOVE A151 50
MOVE A152 16
MOVE A153 3
END TURN 252
TURN 253
COMMAND LEFT START
TRAIN 1
COMMAND LEFT END
COMMAND RIGHT START
COMMAND RIGHT END
TURN 253 RESULT
TIME LEFT 0 5 RIGHT 0 5
TRAIN A154
MOVE A150 73
MOVE A151 57
MOVE A152 28
MOVE A153 16
END TURN 253
TURN 254
COMMAND LEFT START
MOVE A154 73
TRAIN 1
COMMAND LEFT END
COMMAND RIGHT START
COMMAND RIGHT END
TURN 254 RESULT
TIME LEFT 0 5 RIGHT 0 5
TRAIN A155
MOVE A151 73
MOVE A152 50
MOVE A153 28
MOVE A154 3
END TURN 254
TURN 255
COMMAND LEFT START
MOVE A155 73
COMMAND LEFT END
COMMAND RIGHT START
COMMAND RIGHT END
TURN 255 RESULT
TIME LEFT 0 5 RIGHT 0 5
MOVE A152 57
MOVE A153 50
MOVE A154 16
MOVE A155 3
END TURN 255
TURN 256
COMMAND LEFT START
TRAIN 1
COMMAND LEFT END
COMMAND RIGHT START
COMMAND RIGHT END
TURN 256 RESULT
TIME LEFT 0 5 RIGHT 0 5
TRAIN A156
MOVE A152 73
MOVE A153 57
MOVE A154 28
MOVE A155 16
END TURN 256
TURN 257
COMMAND LEFT START
MOVE A156 73
TRAIN 1
COMMAND LEFT END
COMMAND RIGHT START
COMMAND RIGHT END
TURN 257 RESULT
TIME LEFT 0 5 RIGHT 0 5
TRAIN A157
MOVE A153 73
MOVE A154 50
MOVE A155 28
MOVE A156 3
END TURN 257
TURN 258
COMMAND LEFT START
MOVE A157 73
COMMAND LEFT END
COMMAND RIGHT START
COMMAND RIGHT END
TURN 258 RESULT
TIME LEFT 0 5 RIGHT 0 5
MOVE A154 57
MOVE A155 50
MOVE A156 16
MOVE A157 3
END TURN 258
TURN 259
COMMAND LEFT START
TRAIN 1
COMMAND LEFT END
COMMAND RIGHT START
COMMAND RIGHT END
TURN 259 RESULT
TIME LEFT 0 5 RIGHT 0 5
TRAIN A158
MOVE A154 73
MOVE A155 57
MOVE A156 28
MOVE A157 16
END TURN 259
TURN 260
COMMAND LEFT START
MOVE A158 73
TRAIN 1
COMMAND LEFT END
COMMAND RIGHT START
COMMAND RIGHT END
TURN 260 RESULT
TIME LEFT 0 5 RIGHT 0 5
TRAIN A159
MOVE A155 73
MOVE A156 50
MOVE A157 28
MOVE A158 3
END TURN 260
TURN 261
COMMAND LEFT START
MOVE A159 73
COMMAND LEFT END
COMMAND RIGHT START
COMMAND RIGHT END
TURN 261 RESULT
TIME LEFT 0 5 RIGHT 0 5
MOVE A156 57
MOVE A157 50
MOVE A158 16
MOVE A159 3
END TURN 261
TURN 262
COMMAND LEFT START
TRAIN 1
COMMAND LEFT END
COMMAND RIGHT START
COMMAND RIGHT END
TURN 262 RESULT
TIME LEFT 0 5 RIGHT 0 5
TRAIN A160
MOVE A156 73
MOVE A157 57
MOVE A158 28
MOVE A159 16
END TURN 262
TURN 263
COMMAND LEFT START
MOVE A160 73
COMMAND LEFT END
COMMAND RIGHT START
COMMAND RIGHT END
TURN 263 RESULT
TIME LEFT 0 5 RIGHT 0 5
MOVE A157 73
MOVE A158 50
MOVE A159 28
MOVE A160 3
END TURN 263
TURN 264
COMMAND LEFT START
TRAIN 1
COMMAND LEFT END
COMMAND RIGHT START
COMMAND RIGHT END
TURN 264 RESULT
TIME LEFT 0 5 RIGHT 0 5
TRAIN A161
MOVE A158 57
MOVE A159 50
MOVE A160 16
END TURN 264
TURN 265
COMMAND LEFT START
MOVE A161 73
COMMAND LEFT END
COMMAND RIGHT START
COMMAND RIGHT END
TURN 265 RESULT
TIME LEFT 0 5 RIGHT 0 5
MOVE A158 73
MOVE A159 57
MOVE A160 28
MOVE A161 3
END TURN 265
TURN 266
COMMAND LEFT START
TRAIN 1
COMMAND LEFT END
COMMAND RIGHT START
COMMAND RIGHT END
TURN 266 RESULT
TIME LEFT 0 5 RIGHT 0 5
TRAIN A162
MOVE A159 73
MOVE A160 50
MOVE A161 16
END TURN 266
TURN 267
COMMAND LEFT START
MOVE A162 73
TRAIN 1
COMMAND LEFT END
COMMAND RIGHT START
COMMAND RIGHT END
TURN 267 RESULT
TIME LEFT 0 5 RIGHT 0 5
TRAIN A163
MOVE A160 57
MOVE A161 28
MOVE A162 3
END TURN 267
TURN 268
COMMAND LEFT START
MOVE A163 73
COMMAND LEFT END
COMMAND RIGHT START
COMMAND RIGHT END
TURN 268 RESULT
TIME LEFT 0 5 RIGHT 0 5
MOVE A160 73
MOVE A161 50
MOVE A162 16
MOVE A163 3
END TURN 268
TURN 269
COMMAND LEFT START
TRAIN 1
COMMAND LEFT END
COMMAND RIGHT START
COMMAND RIGHT END
TURN 269 RESULT
TIME LEFT 0 5 RIGHT 0 5
TRAIN A164
MOVE A161 57
MOVE A162 28
MOVE A163 16
END TURN 269
TURN 270
COMMAND LEFT START
MOVE A164 73
COMMAND LEFT END
COMMAND RIGHT START
COMMAND RIGHT END
TURN 270 RESULT
TIME LEFT 0 5 RIGHT 0 5
MOVE A161 73
MOVE A162 50
MOVE A163 28
MOVE A164 3
END TURN 270
TURN 271
COMMAND LEFT START
TRAIN 1
COMMAND LEFT END
COMMAND RIGHT START
COMMAND RIGHT END
TURN 271 RESULT
TIME LEFT 0 5 RIGHT 0 5
TRAIN A165
MOVE A162 57
MOVE A163 50
MOVE A164 16
END TURN 271
TURN 272
COMMAND LEFT START
MOVE A165 73
COMMAND LEFT END
COMMAND RIGHT START
COMMAND RIGHT END
TURN 272 RESULT
TIME LEFT 0 5 RIGHT 0 5
MOVE A162 73
MOVE A163 57
MOVE A164 28
MOVE A165 3
END TURN 272
TURN 273
COMMAND LEFT START
TRAIN 1
COMMAND LEFT END
COMMAND RIGHT START
COMMAND RIGHT END
TURN 273 RESULT
TIME LEFT 0 5 RIGHT 0 5
TRAIN A166
MOVE A163 73
MOVE A164 50
MOVE A165 16
END TURN 273
TURN 274
COMMAND LEFT START
MOVE A166 73
COMMAND LEFT END
COMMAND RIGHT START
COMMAND RIGHT END
TURN 274 RESULT
TIME LEFT 0 5 RIGHT 0 5
MOVE A164 57
MOVE A165 28
MOVE A166 3
END TURN 274
TURN 275
COMMAND LEFT START
TRAIN 1
COMMAND LEFT END
COMMAND RIGHT START
COMMAND RIGHT END
TURN 275 RESULT
TIME LEFT 0 5 RIGHT 0 5
TRAIN A167
MOVE A164 73
MOVE A165 50
MOVE A166 16
END TURN 275
TURN 276
COMMAND LEFT START
MOVE A167 73
COMMAND LEFT END
COMMAND RIGHT START
COMMAND RIGHT END
TURN 276 RESULT
TIME LEFT 0 5 RIGHT 0 5
MOVE A165 57
MOVE A166 28
MOVE A167 3
END TURN 276
TURN 277
COMMAND LEFT START
COMMAND LEFT END
COMMAND RIGHT START
COMMAND RIGHT END
TURN 277 RESULT
TIME LEFT 0 5 RIGHT 0 5
MOVE A165 73
MOVE A166 50
MOVE A167 16
END TURN 277
TURN 278
COMMAND LEFT START
TRAIN 1
COMMAND LEFT END
COMMAND RIGHT START
COMMAND RIGHT END
TURN 278 RESULT
TIME LEFT 0 5 RIGHT 0 5
TRAIN A168
MOVE A166 57
MOVE A167 28
END TURN 278
TURN 279
COMMAND LEFT START
MOVE A168 73
COMMAND LEFT END
COMMAND RIGHT START
COMMAND RIGHT END
TURN 279 RESULT
TIME LEFT 0 5 RIGHT 0 5
MOVE A166 73
MOVE A167 50
MOVE A168 3
END TURN 279
TURN 280
COMMAND LEFT START
TRAIN 1
COMMAND LEFT END
COMMAND RIGHT START
COMMAND RIGHT END
TURN 280 RESULT
TIME LEFT 0 5 RIGHT 0 5
TRAIN A169
MOVE A167 57
MOVE A168 16
END TURN 280
TURN 281
COMMAND LEFT START
MOVE A169 73
COMMAND LEFT END
COMMAND RIGHT START
COMMAND RIGHT END
TURN 281 RESULT
TIME LEFT 0 5 RIGHT 0 5
MOVE A167 73
MOVE A168 28
MOVE A169 3
END TURN 281
TURN 282
COMMAND LEFT START
TRAIN 1
COMMAND LEFT END
COMMAND RIGHT START
COMMAND RIGHT END
TURN 282 RESULT
TIME LEFT 0 5 RIGHT 0 5
TRAIN A170
MOVE A168 50
MOVE A169 16
END TURN 282
TURN 283
COMMAND LEFT START
MOVE A170 73
COMMAND LEFT END
COMMAND RIGHT START
COMMAND RIGHT END
TURN 283 RESULT
TIME LEFT 0 5 RIGHT 0 5
MOVE A168 57
MOVE A169 28
MOVE A170 3
END TURN 283
TURN 284
COMMAND LEFT START
COMMAND LEFT END
COMMAND RIGHT START
COMMAND RIGHT END
TURN 284 RESULT
TIME LEFT 0 5 RIGHT 0 5
MOVE A168 73
MOVE A169 50
MOVE A170 16
END TURN 284
TURN 285
COMMAND LEFT START
TRAIN 1
COMMAND LEFT END
COMMAND RIGHT START
COMMAND RIGHT END
TURN 285 RESULT
TIME LEFT 0 5 RIGHT 0 5
TRAIN A171
MOVE A169 57
MOVE A170 28
END TURN 285
TURN 286
COMMAND LEFT START
MOVE A171 73
COMMAND LEFT END
COMMAND RIGHT START
COMMAND RIGHT END
TURN 286 RESULT
TIME LEFT 0 5 RIGHT 0 5
MOVE A169 73
MOVE A170 50
MOVE A171 3
END TURN 286
TURN 287
COMMAND LEFT START
TRAIN 1
COMMAND LEFT END
COMMAND RIGHT START
COMMAND RIGHT END
TURN 287 RESULT
TIME LEFT 0 5 RIGHT 0 5
TRAIN A172
MOVE A170 57
MOVE A171 16
END TURN 287
TURN 288
COMMAND LEFT START
MOVE A172 73
COMMAND LEFT END
COMMAND RIGHT START
COMMAND RIGHT END
TURN 288 RESULT
TIME LEFT 0 5 RIGHT 0 5
MOVE A170 73
MOVE A171 28
MOVE A172 3
END TURN 288
TURN 289
COMMAND LEFT START
COMMAND LEFT END
COMMAND RIGHT START
COMMAND RIGHT END
TURN 289 RESULT
TIME LEFT 0 5 RIGHT 0 5
MOVE A171 50
MOVE A172 16
END TURN 289
TURN 290
COMMAND LEFT START
TRAIN 1
COMMAND LEFT END
COMMAND RIGHT START
COMMAND RIGHT END
TURN 290 RESULT
TIME LEFT 1 5 RIGHT 1 5
TRAIN A173
MOVE A171 57
MOVE A172 28
END TURN 290
TURN 291
COMMAND LEFT START
MOVE A173 73
COMMAND LEFT END
COMMAND RIGHT START
COMMAND RIGHT END
TURN 291 RESULT
TIME LEFT 0 5 RIGHT 0 5
MOVE A171 73
MOVE A172 50
MOVE A173 3
END TURN 291
TURN 292
COMMAND LEFT START
TRAIN 1
COMMAND LEFT END
COMMAND RIGHT START
COMMAND RIGHT END
TURN 292 RESULT
TIME LEFT 0 5 RIGHT 0 5
TRAIN A174
MOVE A172 57
MOVE A173 16
END TURN 292
TURN 293
COMMAND LEFT START
MOVE A174 73
COMMAND LEFT END
COMMAND RIGHT START
COMMAND RIGHT END
TURN 293 RESULT
TIME LEFT 0 5 RIGHT 0 5
MOVE A172 73
MOVE A173 28
MOVE A174 3
END TURN 293
TURN 294
COMMAND LEFT START
COMMAND LEFT END
COMMAND RIGHT START
COMMAND RIGHT END
TURN 294 RESULT
TIME LEFT 0 5 RIGHT 0 5
MOVE A173 50
MOVE A174 16
END TURN 294
TURN 295
COMMAND LEFT START
TRAIN 1
COMMAND LEFT END
COMMAND RIGHT START
COMMAND RIGHT END
TURN 295 RESULT
TIME LEFT 0 5 RIGHT 0 5
TRAIN A175
MOVE A173 57
MOVE A174 28
END TURN 295
TURN 296
COMMAND LEFT START
MOVE A175 73
COMMAND LEFT END
COMMAND RIGHT START
COMMAND RIGHT END
TURN 296 RESULT
TIME LEFT 0 5 RIGHT 0 5
MOVE A173 73
MOVE A174 50
MOVE A175 3
END TURN 296
TURN 297
COMMAND LEFT START
COMMAND LEFT END
COMMAND RIGHT START
COMMAND RIGHT END
TURN 297 RESULT
TIME LEFT 0 5 RIGHT 0 5
MOVE A174 57
MOVE A175 16
END TURN 297
TURN 298
COMMAND LEFT START
TRAIN 1
COMMAND LEFT END
COMMAND RIGHT START
COMMAND RIGHT END
TURN 298 RESULT
TIME LEFT 0 5 RIGHT 0 5
TRAIN A176
MOVE A174 73
MOVE A175 28
END TURN 298
TURN 299
COMMAND LEFT START
MOVE A176 73
COMMAND LEFT END
COMMAND RIGHT START
COMMAND RIGHT END
TURN 299 RESULT
TIME LEFT 0 5 RIGHT 0 5
MOVE A175 50
MOVE A176 3
END TURN 299
TURN 300
COMMAND LEFT START
COMMAND LEFT END
COMMAND RIGHT START
COMMAND RIGHT END
TURN 300 RESULT
TIME LEFT 0 5 RIGHT 0 5
MOVE A175 57
MOVE A176 16
END TURN 300
TURN 301
COMMAND LEFT START
COMMAND LEFT END
COMMAND RIGHT START
COMMAND RIGHT END
TURN 301 RESULT
TIME LEFT 0 5 RIGHT 0 5
MOVE A175 73
MOVE A176 28
END TURN 301
TURN 302
COMMAND LEFT START
TRAIN 1
COMMAND LEFT END
COMMAND RIGHT START
COMMAND RIGHT END
TURN 302 RESULT
TIME LEFT 0 5 RIGHT 0 5
TRAIN A177
MOVE A176 50
END TURN 302
TURN 303
COMMAND LEFT START
MOVE A177 73
COMMAND LEFT END
COMMAND RIGHT START
COMMAND RIGHT END
TURN 303 RESULT
TIME LEFT 0 5 RIGHT 0 5
MOVE A176 57
MOVE A177 3
END TURN 303
TURN 304
COMMAND LEFT START
COMMAND LEFT END
COMMAND RIGHT START
COMMAND RIGHT END
TURN 304 RESULT
TIME LEFT 0 5 RIGHT 0 5
MOVE A176 73
MOVE A177 16
END TURN 304
TURN 305
COMMAND LEFT START
TRAIN 1
COMMAND LEFT END
COMMAND RIGHT START
COMMAND RIGHT END
TURN 305 RESULT
TIME LEFT 0 5 RIGHT 0 5
TRAIN A178
MOVE A177 28
END TURN 305
TURN 306
COMMAND LEFT START
MOVE A178 73
COMMAND LEFT END
COMMAND RIGHT START
COMMAND RIGHT END
TURN 306 RESULT
TIME LEFT 0 5 RIGHT 0 5
MOVE A177 50
MOVE A178 3
END TURN 306
TURN 307
COMMAND LEFT START
COMMAND LEFT END
COMMAND RIGHT START
COMMAND RIGHT END
TURN 307 RESULT
TIME LEFT 0 5 RIGHT 0 5
MOVE A177 57
MOVE A178 16
END TURN 307
TURN 308
COMMAND LEFT START
TRAIN 1
COMMAND LEFT END
COMMAND RIGHT START
COMMAND RIGHT END
TURN 308 RESULT
TIME LEFT 0 5 RIGHT 0 5
TRAIN A179
MOVE A177 73
MOVE A178 28
END TURN 308
TURN 309
COMMAND LEFT START
MOVE A179 73
COMMAND LEFT END
COMMAND RIGHT START
COMMAND RIGHT END
TURN 309 RESULT
TIME LEFT 0 5 RIGHT 0 5
MOVE A178 50
MOVE A179 3
END TURN 309
TURN 310
COMMAND LEFT START
COMMAND LEFT END
COMMAND RIGHT START
COMMAND RIGHT END
TURN 310 RESULT
TIME LEFT 0 5 RIGHT 0 5
MOVE A178 57
MOVE A179 16
END TURN 310
TURN 311
COMMAND LEFT START
COMMAND LEFT END
COMMAND RIGHT START
COMMAND RIGHT END
TURN 311 RESULT
TIME LEFT 0 5 RIGHT 0 5
MOVE A178 73
MOVE A179 28
END TURN 311
TURN 312
COMMAND LEFT START
TRAIN 1
COMMAND LEFT END
COMMAND RIGHT START
COMMAND RIGHT END
TURN 312 RESULT
TIME LEFT 0 5 RIGHT 0 5
TRAIN A180
MOVE A179 50
END TURN 312
TURN 313
COMMAND LEFT START
MOVE A180 73
COMMAND LEFT END
COMMAND RIGHT START
COMMAND RIGHT END
TURN 313 RESULT
TIME LEFT 0 5 RIGHT 0 5
MOVE A179 57
MOVE A180 3
END TURN 313
TURN 314
COMMAND LEFT START
COMMAND LEFT END
COMMAND RIGHT START
COMMAND RIGHT END
TURN 314 RESULT
TIME LEFT 0 5 RIGHT 0 5
MOVE A179 73
MOVE A180 16
END TURN 314
TURN 315
COMMAND LEFT START
COMMAND LEFT END
COMMAND RIGHT START
COMMAND RIGHT END
TURN 315 RESULT
TIME LEFT 0 5 RIGHT 0 5
MOVE A180 28
END TURN 315
TURN 316
COMMAND LEFT START
TRAIN 1
COMMAND LEFT END
COMMAND RIGHT START
COMMAND RIGHT END
TURN 316 RESULT
TIME LEFT 0 5 RIGHT 0 5
TRAIN A181
MOVE A180 50
END TURN 316
TURN 317
COMMAND LEFT START
MOVE A181 73
COMMAND LEFT END
COMMAND RIGHT START
COMMAND RIGHT END
TURN 317 RESULT
TIME LEFT 0 5 RIGHT 0 5
MOVE A180 57
MOVE A181 3
END TURN 317
TURN 318
COMMAND LEFT START
COMMAND LEFT END
COMMAND RIGHT START
COMMAND RIGHT END
TURN 318 RESULT
TIME LEFT 0 5 RIGHT 0 5
MOVE A180 73
MOVE A181 16
END TURN 318
TURN 319
COMMAND LEFT START
COMMAND LEFT END
COMMAND RIGHT START
COMMAND RIGHT END
TURN 319 RESULT
TIME LEFT 0 5 RIGHT 0 5
MOVE A181 28
END TURN 319
TURN 320
COMMAND LEFT START
COMMAND LEFT END
COMMAND RIGHT START
COMMAND RIGHT END
TURN 320 RESULT
TIME LEFT 0 5 RIGHT 0 5
MOVE A181 50
END TURN 320
TURN 321
COMMAND LEFT START
TRAIN 1
COMMAND LEFT END
COMMAND RIGHT START
COMMAND RIGHT END
TURN 321 RESULT
TIME LEFT 0 5 RIGHT 0 5
TRAIN A182
MOVE A181 57
END TURN 321
TURN 322
COMMAND LEFT START
MOVE A182 73
COMMAND LEFT END
COMMAND RIGHT START
COMMAND RIGHT END
TURN 322 RESULT
TIME LEFT 0 5 RIGHT 0 5
MOVE A181 73
MOVE A182 3
END TURN 322
TURN 323
COMMAND LEFT START
COMMAND LEFT END
COMMAND RIGHT START
COMMAND RIGHT END
TURN 323 RESULT
TIME LEFT 0 5 RIGHT 0 5
MOVE A182 16
END TURN 323
TURN 324
COMMAND LEFT START
COMMAND LEFT END
COMMAND RIGHT START
COMMAND RIGHT END
TURN 324 RESULT
TIME LEFT 0 5 RIGHT 0 5
MOVE A182 28
END TURN 324
TURN 325
COMMAND LEFT START
TRAIN 1
COMMAND LEFT END
COMMAND RIGHT START
COMMAND RIGHT END
TURN 325 RESULT
TIME LEFT 0 5 RIGHT 0 5
TRAIN A183
MOVE A182 50
END TURN 325
TURN 326
COMMAND LEFT START
MOVE A183 73
COMMAND LEFT END
COMMAND RIGHT START
COMMAND RIGHT END
TURN 326 RESULT
TIME LEFT 0 5 RIGHT 0 5
MOVE A182 57
MOVE A183 3
END TURN 326
TURN 327
COMMAND LEFT START
COMMAND LEFT END
COMMAND RIGHT START
COMMAND RIGHT END
TURN 327 RESULT
TIME LEFT 0 5 RIGHT 0 5
MOVE A182 73
MOVE A183 16
END TURN 327
TURN 328
COMMAND LEFT START
COMMAND LEFT END
COMMAND RIGHT START
COMMAND RIGHT END
TURN 328 RESULT
TIME LEFT 0 5 RIGHT 0 5
MOVE A183 28
END TURN 328
TURN 329
COMMAND LEFT START
COMMAND LEFT END
COMMAND RIGHT START
COMMAND RIGHT END
TURN 329 RESULT
TIME LEFT 0 5 RIGHT 0 5
MOVE A183 50
END TURN 329
TURN 330
COMMAND LEFT START
TRAIN 1
COMMAND LEFT END
COMMAND RIGHT START
COMMAND RIGHT END
TURN 330 RESULT
TIME LEFT 0 5 RIGHT 0 5
TRAIN A184
MOVE A183 57
END TURN 330
TURN 331
COMMAND LEFT START
MOVE A184 73
COMMAND LEFT END
COMMAND RIGHT START
COMMAND RIGHT END
TURN 331 RESULT
TIME LEFT 0 5 RIGHT 0 5
MOVE A183 73
MOVE A184 3
END TURN 331
TURN 332
COMMAND LEFT START
COMMAND LEFT END
COMMAND RIGHT START
COMMAND RIGHT END
TURN 332 RESULT
TIME LEFT 0 5 RIGHT 0 5
MOVE A184 16
END TURN 332
TURN 333
COMMAND LEFT START
COMMAND LEFT END
COMMAND RIGHT START
COMMAND RIGHT END
TURN 333 RESULT
TIME LEFT 0 5 RIGHT 0 5
MOVE A184 28
END TURN 333
TURN 334
COMMAND LEFT START
COMMAND LEFT END
COMMAND RIGHT START
COMMAND RIGHT END
TURN 334 RESULT
TIME LEFT 0 5 RIGHT 0 5
MOVE A184 50
END TURN 334
TURN 335
COMMAND LEFT START
COMMAND LEFT END
COMMAND RIGHT START
COMMAND RIGHT END
TURN 335 RESULT
TIME LEFT 0 5 RIGHT 0 5
MOVE A184 57
END TURN 335
TURN 336
COMMAND LEFT START
TRAIN 1
COMMAND LEFT END
COMMAND RIGHT START
COMMAND RIGHT END
TURN 336 RESULT
TIME LEFT 0 5 RIGHT 0 5
TRAIN A185
MOVE A184 73
END TURN 336
TURN 337
COMMAND LEFT START
MOVE A185 73
COMMAND LEFT END
COMMAND RIGHT START
UPGRADE 194
COMMAND RIGHT END
TURN 337 RESULT
TIME LEFT 0 5 RIGHT 0 5
UPGRADE B 194
MOVE A185 3
END TURN 337
TURN 338
COMMAND LEFT START
COMMAND LEFT END
COMMAND RIGHT START
COMMAND RIGHT END
TURN 338 RESULT
TIME LEFT 0 5 RIGHT 0 5
MOVE A185 16
END TURN 338
TURN 339
COMMAND LEFT START
COMMAND LEFT END
COMMAND RIGHT START
COMMAND RIGHT END
TURN 339 RESULT
TIME LEFT 0 5 RIGHT 0 5
MOVE A185 28
END TURN 339
TURN 340
COMMAND LEFT START
COMMAND LEFT END
COMMAND RIGHT START
COMMAND RIGHT END
TURN 340 RESULT
TIME LEFT 0 5 RIGHT 0 5
MOVE A185 50
END TURN 340
TURN 341
COMMAND LEFT START
COMMAND LEFT END
COMMAND RIGHT START
COMMAND RIGHT END
TURN 341 RESULT
TIME LEFT 0 5 RIGHT 0 5
MOVE A185 57
END TURN 341
TURN 342
COMMAND LEFT START
TRAIN 1
COMMAND LEFT END
COMMAND RIGHT START
COMMAND RIGHT END
TURN 342 RESULT
TIME LEFT 0 5 RIGHT 0 5
TRAIN A186
MOVE A185 73
END TURN 342
TURN 343
COMMAND LEFT START
MOVE A186 73
COMMAND LEFT END
COMMAND RIGHT START
COMMAND RIGHT END
TURN 343 RESULT
TIME LEFT 0 5 RIGHT 0 5
MOVE A186 3
END TURN 343
TURN 344
COMMAND LEFT START
COMMAND LEFT END
COMMAND RIGHT START
COMMAND RIGHT END
TURN 344 RESULT
TIME LEFT 0 5 RIGHT 0 5
MOVE A186 16
END TURN 344
TURN 345
COMMAND LEFT START
COMMAND LEFT END
COMMAND RIGHT START
COMMAND RIGHT END
TURN 345 RESULT
TIME LEFT 0 5 RIGHT 0 5
MOVE A186 28
END TURN 345
TURN 346
COMMAND LEFT START
COMMAND LEFT END
COMMAND RIGHT START
COMMAND RIGHT END
TURN 346 RESULT
TIME LEFT 0 5 RIGHT 0 5
MOVE A186 50
END TURN 346
TURN 347
COMMAND LEFT START
COMMAND LEFT END
COMMAND RIGHT START
COMMAND RIGHT END
TURN 347 RESULT
TIME LEFT 0 5 RIGHT 0 5
MOVE A186 57
END TURN 347
TURN 348
COMMAND LEFT START
COMMAND LEFT END
COMMAND RIGHT START
COMMAND RIGHT END
TURN 348 RESULT
TIME LEFT 0 5 RIGHT 0 5
MOVE A186 73
END TURN 348
TURN 349
COMMAND LEFT START
TRAIN 1
COMMAND LEFT END
COMMAND RIGHT START
COMMAND RIGHT END
TURN 349 RESULT
TIME LEFT 0 5 RIGHT 0 5
TRAIN A187
END TURN 349
TURN 350
COMMAND LEFT START
MOVE A187 73
COMMAND LEFT END
COMMAND RIGHT START
COMMAND RIGHT END
TURN 350 RESULT
TIME LEFT 0 5 RIGHT 0 5
MOVE A187 3
END TURN 350
TURN 351
COMMAND LEFT START
COMMAND LEFT END
COMMAND RIGHT START
COMMAND RIGHT END
TURN 351 RESULT
TIME LEFT 0 5 RIGHT 0 5
MOVE A187 16
END TURN 351
TURN 352
COMMAND LEFT START
COMMAND LEFT END
COMMAND RIGHT START
COMMAND RIGHT END
TURN 352 RESULT
TIME LEFT 0 5 RIGHT 0 5
MOVE A187 28
END TURN 352
TURN 353
COMMAND LEFT START
COMMAND LEFT END
COMMAND RIGHT START
COMMAND RIGHT END
TURN 353 RESULT
TIME LEFT 0 5 RIGHT 0 5
MOVE A187 50
END TURN 353
TURN 354
COMMAND LEFT START
COMMAND LEFT END
COMMAND RIGHT START
COMMAND RIGHT END
TURN 354 RESULT
TIME LEFT 0 5 RIGHT 0 5
MOVE A187 57
END TURN 354
TURN 355
COMMAND LEFT START
COMMAND LEFT END
COMMAND RIGHT START
COMMAND RIGHT END
TURN 355 RESULT
TIME LEFT 0 5 RIGHT 0 5
MOVE A187 73
END TURN 355
TURN 356
COMMAND LEFT START
TRAIN 1
COMMAND LEFT END
COMMAND RIGHT START
COMMAND RIGHT END
TURN 356 RESULT
TIME LEFT 0 5 RIGHT 0 5
TRAIN A188
END TURN 356
TURN 357
COMMAND LEFT START
MOVE A188 73
COMMAND LEFT END
COMMAND RIGHT START
COMMAND RIGHT END
TURN 357 RESULT
TIME LEFT 0 5 RIGHT 0 5
MOVE A188 3
END TURN 357
TURN 358
COMMAND LEFT START
COMMAND LEFT END
COMMAND RIGHT START
COMMAND RIGHT END
TURN 358 RESULT
TIME LEFT 0 5 RIGHT 0 5
MOVE A188 16
END TURN 358
TURN 359
COMMAND LEFT START
COMMAND LEFT END
COMMAND RIGHT START
COMMAND RIGHT END
TURN 359 RESULT
TIME LEFT 0 5 RIGHT 0 5
MOVE A188 28
END TURN 359
TURN 360
COMMAND LEFT START
COMMAND LEFT END
COMMAND RIGHT START
COMMAND RIGHT END
TURN 360 RESULT
TIME LEFT 0 5 RIGHT 0 5
MOVE A188 50
END TURN 360
TURN 361
COMMAND LEFT START
COMMAND LEFT END
COMMAND RIGHT START
COMMAND RIGHT END
TURN 361 RESULT
TIME LEFT 0 5 RIGHT 0 5
MOVE A188 57
END TURN 361
TURN 362
COMMAND LEFT START
COMMAND LEFT END
COMMAND RIGHT START
COMMAND RIGHT END
TURN 362 RESULT
TIME LEFT 0 5 RIGHT 0 5
MOVE A188 73
END TURN 362
TURN 363
COMMAND LEFT START
COMMAND LEFT END
COMMAND RIGHT START
COMMAND RIGHT END
TURN 363 RESULT
TIME LEFT 0 5 RIGHT 0 5
END TURN 363
TURN 364
COMMAND LEFT START
COMMAND LEFT END
COMMAND RIGHT START
COMMAND RIGHT END
TURN 364 RESULT
TIME LEFT 0 5 RIGHT 0 5
END TURN 364
TURN 365
COMMAND LEFT START
TRAIN 1
COMMAND LEFT END
COMMAND RIGHT START
COMMAND RIGHT END
TURN 365 RESULT
TIME LEFT 0 5 RIGHT 0 5
TRAIN A189
END TURN 365
TURN 366
COMMAND LEFT START
MOVE A189 73
COMMAND LEFT END
COMMAND RIGHT START
COMMAND RIGHT END
TURN 366 RESULT
TIME LEFT 0 5 RIGHT 0 5
MOVE A189 3
END TURN 366
TURN 367
COMMAND LEFT START
COMMAND LEFT END
COMMAND RIGHT START
COMMAND RIGHT END
TURN 367 RESULT
TIME LEFT 0 5 RIGHT 0 5
MOVE A189 16
END TURN 367
TURN 368
COMMAND LEFT START
COMMAND LEFT END
COMMAND RIGHT START
COMMAND RIGHT END
TURN 368 RESULT
TIME LEFT 0 5 RIGHT 0 5
MOVE A189 28
END TURN 368
TURN 369
COMMAND LEFT START
COMMAND LEFT END
COMMAND RIGHT START
COMMAND RIGHT END
TURN 369 RESULT
TIME LEFT 0 5 RIGHT 0 5
MOVE A189 50
END TURN 369
TURN 370
COMMAND LEFT START
COMMAND LEFT END
COMMAND RIGHT START
COMMAND RIGHT END
TURN 370 RESULT
TIME LEFT 0 5 RIGHT 0 5
MOVE A189 57
END TURN 370
TURN 371
COMMAND LEFT START
COMMAND LEFT END
COMMAND RIGHT START
COMMAND RIGHT END
TURN 371 RESULT
TIME LEFT 0 5 RIGHT 0 5
MOVE A189 73
END TURN 371
TURN 372
COMMAND LEFT START
COMMAND LEFT END
COMMAND RIGHT START
COMMAND RIGHT END
TURN 372 RESULT
TIME LEFT 0 5 RIGHT 0 5
END TURN 372
TURN 373
COMMAND LEFT START
COMMAND LEFT END
COMMAND RIGHT START
COMMAND RIGHT END
TURN 373 RESULT
TIME LEFT 0 5 RIGHT 0 5
END TURN 373
TURN 374
COMMAND LEFT START
COMMAND LEFT END
COMMAND RIGHT START
COMMAND RIGHT END
TURN 374 RESULT
TIME LEFT 0 5 RIGHT 0 5
END TURN 374
TURN 375
COMMAND LEFT START
TRAIN 1
COMMAND LEFT END
COMMAND RIGHT START
COMMAND RIGHT END
TURN 375 RESULT
TIME LEFT 0 5 RIGHT 0 5
TRAIN A190
END TURN 375
TURN 376
COMMAND LEFT START
MOVE A190 73
COMMAND LEFT END
COMMAND RIGHT START
COMMAND RIGHT END
TURN 376 RESULT
TIME LEFT 0 5 RIGHT 0 5
MOVE A190 3
END TURN 376
TURN 377
COMMAND LEFT START
COMMAND LEFT END
COMMAND RIGHT START
COMMAND RIGHT END
TURN 377 RESULT
TIME LEFT 0 5 RIGHT 0 5
MOVE A190 16
END TURN 377
TURN 378
COMMAND LEFT START
COMMAND LEFT END
COMMAND RIGHT START
COMMAND RIGHT END
TURN 378 RESULT
TIME LEFT 0 5 RIGHT 0 5
MOVE A190 28
END TURN 378
TURN 379
COMMAND LEFT START
COMMAND LEFT END
COMMAND RIGHT START
COMMAND RIGHT END
TURN 379 RESULT
TIME LEFT 0 5 RIGHT 0 5
MOVE A190 50
END TURN 379
TURN 380
COMMAND LEFT START
COMMAND LEFT END
COMMAND RIGHT START
COMMAND RIGHT END
TURN 380 RESULT
TIME LEFT 0 5 RIGHT 0 5
MOVE A190 57
END TURN 380
TURN 381
COMMAND LEFT START
COMMAND LEFT END
COMMAND RIGHT START
COMMAND RIGHT END
TURN 381 RESULT
TIME LEFT 0 5 RIGHT 0 5
MOVE A190 73
END TURN 381
TURN 382
COMMAND LEFT START
COMMAND LEFT END
COMMAND RIGHT START
COMMAND RIGHT END
TURN 382 RESULT
TIME LEFT 0 5 RIGHT 0 5
END TURN 382
TURN 383
COMMAND LEFT START
COMMAND LEFT END
COMMAND RIGHT START
COMMAND RIGHT END
TURN 383 RESULT
TIME LEFT 0 5 RIGHT 0 5
END TURN 383
TURN 384
COMMAND LEFT START
COMMAND LEFT END
COMMAND RIGHT START
COMMAND RIGHT END
TURN 384 RESULT
TIME LEFT 1 5 RIGHT 1 5
END TURN 384
TURN 385
COMMAND LEFT START
COMMAND LEFT END
COMMAND RIGHT START
COMMAND RIGHT END
TURN 385 RESULT
TIME LEFT 0 5 RIGHT 0 5
END TURN 385
TURN 386
COMMAND LEFT START
COMMAND LEFT END
COMMAND RIGHT START
COMMAND RIGHT END
TURN 386 RESULT
TIME LEFT 0 5 RIGHT 0 5
END TURN 386
TURN 387
COMMAND LEFT START
TRAIN 1
COMMAND LEFT END
COMMAND RIGHT START
COMMAND RIGHT END
TURN 387 RESULT
TIME LEFT 0 5 RIGHT 0 5
TRAIN A191
END TURN 387
TURN 388
COMMAND LEFT START
MOVE A191 73
COMMAND LEFT END
COMMAND RIGHT START
COMMAND RIGHT END
TURN 388 RESULT
TIME LEFT 0 5 RIGHT 0 5
MOVE A191 3
END TURN 388
TURN 389
COMMAND LEFT START
COMMAND LEFT END
COMMAND RIGHT START
COMMAND RIGHT END
TURN 389 RESULT
TIME LEFT 0 5 RIGHT 0 5
MOVE A191 16
END TURN 389
TURN 390
COMMAND LEFT START
COMMAND LEFT END
COMMAND RIGHT START
COMMAND RIGHT END
TURN 390 RESULT
TIME LEFT 0 5 RIGHT 0 5
MOVE A191 28
END TURN 390
TURN 391
COMMAND LEFT START
COMMAND LEFT END
COMMAND RIGHT START
COMMAND RIGHT END
TURN 391 RESULT
TIME LEFT 0 5 RIGHT 0 5
MOVE A191 50
END TURN 391
TURN 392
COMMAND LEFT START
COMMAND LEFT END
COMMAND RIGHT START
COMMAND RIGHT END
TURN 392 RESULT
TIME LEFT 0 5 RIGHT 0 5
MOVE A191 57
END TURN 392
TURN 393
COMMAND LEFT START
COMMAND LEFT END
COMMAND RIGHT START
COMMAND RIGHT END
TURN 393 RESULT
TIME LEFT 0 5 RIGHT 0 5
MOVE A191 73
END TURN 393
TURN 394
COMMAND LEFT START
COMMAND LEFT END
COMMAND RIGHT START
COMMAND RIGHT END
TURN 394 RESULT
TIME LEFT 0 5 RIGHT 0 5
END TURN 394
TURN 395
COMMAND LEFT START
COMMAND LEFT END
COMMAND RIGHT START
COMMAND RIGHT END
TURN 395 RESULT
TIME LEFT 0 5 RIGHT 0 5
END TURN 395
TURN 396
COMMAND LEFT START
COMMAND LEFT END
COMMAND RIGHT START
COMMAND RIGHT END
TURN 396 RESULT
TIME LEFT 0 5 RIGHT 0 5
END TURN 396
TURN 397
COMMAND LEFT START
COMMAND LEFT END
COMMAND RIGHT START
COMMAND RIGHT END
TURN 397 RESULT
TIME LEFT 0 5 RIGHT 0 5
END TURN 397
TURN 398
COMMAND LEFT START
COMMAND LEFT END
COMMAND RIGHT START
COMMAND RIGHT END
TURN 398 RESULT
TIME LEFT 0 5 RIGHT 0 5
END TURN 398
TURN 399
COMMAND LEFT START
COMMAND LEFT END
COMMAND RIGHT START
COMMAND RIGHT END
TURN 399 RESULT
TIME LEFT 0 5 RIGHT 0 5
END TURN 399
TURN 400
COMMAND LEFT START
COMMAND LEFT END
COMMAND RIGHT START
COMMAND RIGHT END
TURN 400 RESULT
TIME LEFT 0 5 RIGHT 0 5
END TURN 400
RESULT LEFT_WIN TURN_LIMIT
