[LEFT ""]
[RIGHT ""]
MAP
211 17
-10998 -10786 -9523 -9779 -8635 -9651 -9036 -9530 -8364 -9562 -9054 -8714 -7676 -8308 -7666 -7568 -7380 -7336 -7816 -7237 -7677 -6860 -7090 -6612 -6479 -6608 -6430 -6889 -6158 -5994 -6321 -5926 -5968 -5720 -5742 -5857 -5653 -5926 -5423 -5359 -5354 -4938 -4970 -4872 -4774 -4929 -4749 -4473 -4723 -4314 -4732 -4012 -3973 -3995 -4039 -3964 -3556 -3671 -4021 -3504 -3572 -3313 -3023 -2979 -3060 -3077 -2927 -2764 -3056 -2859 -2342 -2322 -2288 -2354 -2284 -1887 -2498 -1840 -1677 -1847 -1932 -1822 -1649 -1365 -2092 -1526 -1602 -1472 -1309 -1236 -1001 -1195 -785 -809 -800 -650 -584 -787 -476 -339 -430 -185 -278 -345 -181 0 181 345 278 185 430 339 476 787 584 650 800 809 785 1195 1001 1236 1309 1472 1602 1526 2092 1365 1649 1822 1932 1847 1677 1840 2498 1887 2284 2354 2288 2322 2342 2859 3056 2764 2927 3077 3060 2979 3023 3313 3572 3504 4021 3671 3556 3964 4039 3995 3973 4012 4732 4314 4723 4473 4749 4929 4774 4872 4970 4938 5354 5359 5423 5926 5653 5857 5742 5720 5968 5926 6321 5994 6158 6889 6430 6608 6479 6612 7090 6860 7677 7237 7816 7336 7380 7568 7666 8308 7676 8714 9054 9562 8364 9530 9036 9651 8635 9779 9523 10786 10998
-1267 2146 92 -2572 1028 -3702 3063 -5023 -1302 5723 -6516 4198 2617 6797 -685 -3236 801 -2177 -7902 -4842 7537 1893 4375 -202 -1368 3419 -3540 8808 -5645 -4532 4996 -6867 -2093 2947 4062 5714 1876 -8843 7746 -2987 -368 4941 6271 -1811 3890 737 -4042 1906 -5627 7377 10042 3199 -3141 -7562 -6498 -585 8051 -5118 -9894 -1891 4687 1220 2349 -97 -4396 5596 -3370 -6431 6567 9003 -7696 -5470 7358 3771 -2454 -3630 10747 4870 6133 710 -1478 3036 8035 8789 -10000 -477 2089 -4485 -5816 -2583 10879 -7254 1324 3121 7316 4316 5649 -11107 -1297 -6352 -4805 -2285 -8635 -3404 -7528 0 7528 3404 8635 2285 4805 6352 1297 11107 -5649 -4316 -7316 -3121 -1324 7254 -10879 2583 5816 4485 -2089 477 10000 -8789 -8035 -3036 1478 -710 -6133 -4870 -10747 3630 2454 -3771 -7358 5470 7696 -9003 -6567 6431 3370 -5596 4396 97 -2349 -1220 -4687 1891 9894 5118 -8051 585 6498 7562 3141 -3199 -10042 -7377 5627 -1906 4042 -737 -3890 1811 -6271 -4941 368 2987 -7746 8843 -1876 -5714 -4062 -2947 2093 6867 -4996 4532 5645 -8808 3540 -3419 1368 202 -4375 -1893 -7537 4842 7902 2177 -801 3236 685 -6797 -2617 -4198 6516 -5723 1302 5023 -3063 3702 -1028 2572 -92 -2146 1267
STRONGHOLDS 1 7 31 68 81 82 99 101 105 109 111 128 129 142 179 203 209
5 1 2 3 5 8
5 0 2 4 6 9
5 0 1 4 8 14
4 0 5 8 15
6 1 2 6 12 14 16
5 0 3 7 15 19
5 1 4 9 11 12
3 5 10 19
6 0 2 3 14 15 17
4 1 6 11 13
4 7 18 19 28
5 6 9 12 13 22
7 4 6 11 16 21 22 25
6 9 11 20 22 30 35
7 2 4 8 16 17 23 24
6 3 5 8 17 19 26
6 4 12 14 21 23 36
6 8 14 15 24 26 32
4 10 28 31 37
7 5 7 10 15 26 28 29
4 13 27 35 38
5 12 16 25 33 36
6 11 12 13 25 30 34
6 14 16 24 36 40 45
6 14 17 23 32 40 43
5 12 21 22 33 34
6 15 17 19 29 32 39
3 20 38 50
6 10 18 19 29 31 48
6 19 26 28 39 46 48
5 13 22 34 35 41
6 18 28 37 48 53 54
5 17 24 26 39 43
7 21 25 34 36 44 47 51
6 22 25 30 33 41 44
6 13 20 30 38 41 42
6 16 21 23 33 45 47
4 18 31 53 58
7 20 27 35 42 49 50 56
6 26 29 32 43 46 52
5 23 24 43 45 55
7 30 34 35 42 44 60 65
6 35 38 41 49 65 68
7 24 32 39 40 52 55 59
5 33 34 41 51 60
6 23 36 40 47 55 61
6 29 39 48 52 57 64
6 33 36 45 51 61 62
6 28 29 31 46 54 57
4 38 42 56 68
5 27 38 56 69 76
6 33 44 47 60 62 73
6 39 43 46 59 64 66
6 31 37 54 58 67 70
5 31 48 53 57 67
6 40 43 45 59 61 63
6 38 49 50 68 69 72
6 46 48 54 64 67 71
4 37 53 70 84
7 43 52 55 63 66 74 80
6 41 44 51 65 73 77
7 45 47 55 62 63 79 86
6 47 51 61 73 81 86
6 55 59 61 79 80 85
7 46 52 57 66 71 75 87
6 41 42 60 68 77 78
5 52 59 64 74 75
7 53 54 57 70 71 88 91
6 42 49 56 65 72 78
6 50 56 72 76 82 83
6 53 58 67 84 91 102
5 57 64 67 87 88
6 56 68 69 78 82 94
6 51 60 62 77 81 95
5 59 66 75 80 89
6 64 66 74 87 89 103
4 50 69 83 90
6 60 65 73 78 95 96
6 65 68 72 77 94 96
6 61 63 85 86 92 105
6 59 63 74 85 89 98
5 62 73 86 93 95
4 69 72 83 94
6 69 76 82 90 94 108
4 58 70 97 102
5 63 79 80 98 105
7 61 62 79 81 92 93 109
6 64 71 75 88 100 103
6 67 71 87 91 99 100
6 74 75 80 98 101 103
4 76 83 108 113
6 67 70 88 99 102 104
5 79 86 105 109 112
5 81 86 95 107 109
8 72 78 82 83 96 106 108 111
7 73 77 81 93 96 107 110
6 77 78 94 95 110 111
3 84 102 120
6 80 85 89 101 105 118
6 88 91 100 104 114 116
6 87 88 99 103 114 115
6 89 98 103 117 118 124
8 70 84 91 97 104 116 120 127
7 75 87 89 100 101 115 117
4 91 99 102 116
8 79 85 92 98 112 118 125 131
4 94 108 111 119
7 93 95 109 110 121 123 135
8 83 90 94 106 113 119 126 140
6 86 92 93 107 112 121
6 95 96 107 111 122 123
6 94 96 106 110 119 122
6 92 105 109 121 125 130
3 90 108 126
6 99 100 115 116 132 133
7 100 103 114 117 129 133 137
8 99 102 104 114 127 128 132 138
5 101 103 115 124 129
5 98 101 105 124 131
6 106 108 111 122 140 143
4 97 102 127 134
6 107 109 112 130 135 136
6 110 111 119 123 139 143
6 107 110 122 135 139 146
7 101 117 118 129 131 148 149
5 105 112 130 131 147
4 108 113 140 152
6 102 116 120 128 134 141
4 116 127 138 141
5 115 117 124 137 148
6 112 121 125 136 147 151
6 105 118 124 125 147 149
6 114 116 133 138 142 145
6 114 115 132 137 145 150
4 120 127 141 160
6 107 121 123 136 144 146
5 121 130 135 144 151
6 115 129 133 148 150 159
6 116 128 132 141 142 154
5 122 123 143 146 153
6 108 119 126 143 152 157
6 127 128 134 138 154 160
6 132 138 145 154 161 168
7 119 122 139 140 153 156 157
5 135 136 146 151 158
6 132 133 142 150 168 169
7 123 135 139 144 153 158 164
6 125 130 131 149 151 155
6 124 129 137 149 159 163
7 124 131 147 148 155 163 165
6 133 137 145 159 166 169
7 130 136 144 147 155 158 167
4 126 140 157 173
6 139 143 146 156 162 164
6 138 141 142 160 161 172
6 147 149 151 165 167 170
5 143 153 157 162 179
6 140 143 152 156 173 179
6 144 146 151 164 167 171
6 137 148 150 163 166 177
5 134 141 154 172 183
4 142 154 168 172
6 153 156 164 179 181 182
6 148 149 159 165 174 177
6 146 153 158 162 171 181
6 149 155 163 170 174 187
5 150 159 169 176 177
7 151 155 158 170 171 178 186
6 142 145 161 169 172 175
7 145 150 166 168 175 176 180
5 155 165 167 186 187
6 158 164 167 178 181 184
7 154 160 161 168 175 183 190
4 152 157 179 192
6 163 165 177 187 189 194
6 168 169 172 180 190 197
6 166 169 177 180 185 188
7 159 163 166 174 176 185 189
5 167 171 184 186 193
6 156 157 162 173 182 192
5 169 175 176 188 197
6 162 164 171 182 184 191
6 162 179 181 191 192 200
3 160 172 190
6 171 178 181 191 193 195
5 176 177 188 189 198
6 167 170 178 187 193 196
6 165 170 174 186 194 196
6 176 180 185 197 198 199
5 174 177 185 194 198
4 172 175 183 197
7 181 182 184 195 200 203 205
4 173 179 182 200
6 178 184 186 195 196 202
6 174 187 189 196 198 206
6 184 191 193 202 205 207
7 186 187 193 194 202 206 208
6 175 180 188 190 199 201
7 185 188 189 194 199 204 206
5 188 197 198 201 204
4 182 191 192 203
4 197 199 204 209
6 193 195 196 207 208 210
3 191 200 205
5 198 199 201 206 209
5 191 195 203 207 210
6 194 196 198 204 208 209
4 195 202 205 210
5 196 202 206 209 210
5 201 204 206 208 210
5 202 205 207 208 209
END MAP
TURN 1
COMMAND LEFT START
MOVE A2 1
COMMAND LEFT END
COMMAND RIGHT START
MOVE B1 209
MOVE B2 105
COMMAND RIGHT END
TURN 1 RESULT
TIME LEFT 66 5 RIGHT 1 5
MOVE A2 1
MOVE B1 209
MOVE B2 202
END TURN 1
TURN 2
COMMAND LEFT START
MOVE A3 7
UPGRADE 1
COMMAND LEFT END
COMMAND RIGHT START
UPGRADE 209
COMMAND RIGHT END
TURN 2 RESULT
TIME LEFT 6 5 RIGHT 0 5
UPGRADE A 1
UPGRADE B 209
MOVE A3 5
MOVE B2 196
END TURN 2
TURN 3
COMMAND LEFT START
COMMAND LEFT END
COMMAND RIGHT START
COMMAND RIGHT END
TURN 3 RESULT
TIME LEFT 3 5 RIGHT 0 5
MOVE A3 7
MOVE B2 187
END TURN 3
TURN 4
COMMAND LEFT START
COMMAND LEFT END
COMMAND RIGHT START
COMMAND RIGHT END
TURN 4 RESULT
TIME LEFT 2 5 RIGHT 0 5
MOVE B2 170
END TURN 4
TURN 5
COMMAND LEFT START
COMMAND LEFT END
COMMAND RIGHT START
COMMAND RIGHT END
TURN 5 RESULT
TIME LEFT 6 5 RIGHT 1 5
MOVE B2 155
END TURN 5
TURN 6
COMMAND LEFT START
COMMAND LEFT END
COMMAND RIGHT START
COMMAND RIGHT END
TURN 6 RESULT
TIME LEFT 3 5 RIGHT 0 5
MOVE B2 147
END TURN 6
TURN 7
COMMAND LEFT START
COMMAND LEFT END
COMMAND RIGHT START
COMMAND RIGHT END
TURN 7 RESULT
TIME LEFT 1 5 RIGHT 0 5
MOVE B2 125
END TURN 7
TURN 8
COMMAND LEFT START
COMMAND LEFT END
COMMAND RIGHT START
COMMAND RIGHT END
TURN 8 RESULT
TIME LEFT 1 5 RIGHT 0 5
MOVE B2 105
END TURN 8
TURN 9
COMMAND LEFT START
COMMAND LEFT END
COMMAND RIGHT START
COMMAND RIGHT END
TURN 9 RESULT
TIME LEFT 4 5 RIGHT 0 5
END TURN 9
TURN 10
COMMAND LEFT START
COMMAND LEFT END
COMMAND RIGHT START
COMMAND RIGHT END
TURN 10 RESULT
TIME LEFT 4 5 RIGHT 0 5
END TURN 10
TURN 11
COMMAND LEFT START
COMMAND LEFT END
COMMAND RIGHT START
COMMAND RIGHT END
TURN 11 RESULT
TIME LEFT 2 5 RIGHT 0 5
END TURN 11
TURN 12
COMMAND LEFT START
COMMAND LEFT END
COMMAND RIGHT START
COMMAND RIGHT END
TURN 12 RESULT
TIME LEFT 1 5 RIGHT 0 5
END TURN 12
TURN 13
COMMAND LEFT START
UPGRADE 7
COMMAND LEFT END
COMMAND RIGHT START
UPGRADE 105
COMMAND RIGHT END
TURN 13 RESULT
TIME LEFT 3 5 RIGHT 0 5
UPGRADE A 7
UPGRADE B 105
END TURN 13
TURN 14
COMMAND LEFT START
COMMAND LEFT END
COMMAND RIGHT START
COMMAND RIGHT END
TURN 14 RESULT
TIME LEFT 6 5 RIGHT 0 5
END TURN 14
TURN 15
COMMAND LEFT START
COMMAND LEFT END
COMMAND RIGHT START
COMMAND RIGHT END
TURN 15 RESULT
TIME LEFT 4 5 RIGHT 0 5
END TURN 15
TURN 16
COMMAND LEFT START
COMMAND LEFT END
COMMAND RIGHT START
TRAIN 1
COMMAND RIGHT END
TURN 16 RESULT
TIME LEFT 4 5 RIGHT 0 5
TRAIN B4
END TURN 16
TURN 17
COMMAND LEFT START
COMMAND LEFT END
COMMAND RIGHT START
COMMAND RIGHT END
TURN 17 RESULT
TIME LEFT 4 5 RIGHT 0 5
END TURN 17
TURN 18
COMMAND LEFT START
COMMAND LEFT END
COMMAND RIGHT START
COMMAND RIGHT END
TURN 18 RESULT
TIME LEFT 4 5 RIGHT 0 5
END TURN 18
TURN 19
COMMAND LEFT START
COMMAND LEFT END
COMMAND RIGHT START
COMMAND RIGHT END
TURN 19 RESULT
TIME LEFT 3 5 RIGHT 0 5
END TURN 19
TURN 20
COMMAND LEFT START
COMMAND LEFT END
COMMAND RIGHT START
COMMAND RIGHT END
TURN 20 RESULT
TIME LEFT 3 5 RIGHT 0 5
END TURN 20
TURN 21
COMMAND LEFT START
COMMAND LEFT END
COMMAND RIGHT START
COMMAND RIGHT END
TURN 21 RESULT
TIME LEFT 2 5 RIGHT 0 5
END TURN 21
TURN 22
COMMAND LEFT START
TRAIN 1
COMMAND LEFT END
COMMAND RIGHT START
COMMAND RIGHT END
TURN 22 RESULT
TIME LEFT 3 5 RIGHT 0 5
TRAIN A4
END TURN 22
TURN 23
COMMAND LEFT START
MOVE A4 81
COMMAND LEFT END
COMMAND RIGHT START
COMMAND RIGHT END
TURN 23 RESULT
TIME LEFT 2 5 RIGHT 0 5
MOVE A4 2
END TURN 23
TURN 24
COMMAND LEFT START
COMMAND LEFT END
COMMAND RIGHT START
COMMAND RIGHT END
TURN 24 RESULT
TIME LEFT 1 5 RIGHT 0 5
MOVE A4 4
END TURN 24
TURN 25
COMMAND LEFT START
COMMAND LEFT END
COMMAND RIGHT START
COMMAND RIGHT END
TURN 25 RESULT
TIME LEFT 4 5 RIGHT 0 5
MOVE A4 16
END TURN 25
TURN 26
COMMAND LEFT START
COMMAND LEFT END
COMMAND RIGHT START
COMMAND RIGHT END
TURN 26 RESULT
TIME LEFT 1 5 RIGHT 0 5
MOVE A4 36
END TURN 26
TURN 27
COMMAND LEFT START
COMMAND LEFT END
COMMAND RIGHT START
COMMAND RIGHT END
TURN 27 RESULT
TIME LEFT 1 5 RIGHT 0 5
MOVE A4 47
END TURN 27
TURN 28
COMMAND LEFT START
COMMAND LEFT END
COMMAND RIGHT START
MOVE B3 203
COMMAND RIGHT END
TURN 28 RESULT
TIME LEFT 1 5 RIGHT 0 5
MOVE A4 62
MOVE B3 205
END TURN 28
TURN 29
COMMAND LEFT START
COMMAND LEFT END
COMMAND RIGHT START
COMMAND RIGHT END
TURN 29 RESULT
TIME LEFT 1 5 RIGHT 0 5
MOVE A4 81
MOVE B3 203
END TURN 29
TURN 30
COMMAND LEFT START
UPGRADE 81
COMMAND LEFT END
COMMAND RIGHT START
UPGRADE 203
COMMAND RIGHT END
TURN 30 RESULT
TIME LEFT 3 5 RIGHT 0 5
UPGRADE A 81
UPGRADE B 203
END TURN 30
TURN 31
COMMAND LEFT START
COMMAND LEFT END
COMMAND RIGHT START
COMMAND RIGHT END
TURN 31 RESULT
TIME LEFT 3 5 RIGHT 0 5
END TURN 31
TURN 32
COMMAND LEFT START
COMMAND LEFT END
COMMAND RIGHT START
COMMAND RIGHT END
TURN 32 RESULT
TIME LEFT 3 5 RIGHT 0 5
END TURN 32
TURN 33
COMMAND LEFT START
COMMAND LEFT END
COMMAND RIGHT START
TRAIN 1
COMMAND RIGHT END
TURN 33 RESULT
TIME LEFT 2 5 RIGHT 0 5
TRAIN B5
END TURN 33
TURN 34
COMMAND LEFT START
COMMAND LEFT END
COMMAND RIGHT START
COMMAND RIGHT END
TURN 34 RESULT
TIME LEFT 3 5 RIGHT 0 5
END TURN 34
TURN 35
COMMAND LEFT START
COMMAND LEFT END
COMMAND RIGHT START
COMMAND RIGHT END
TURN 35 RESULT
TIME LEFT 3 5 RIGHT 0 5
END TURN 35
TURN 36
COMMAND LEFT START
COMMAND LEFT END
COMMAND RIGHT START
COMMAND RIGHT END
TURN 36 RESULT
TIME LEFT 2 5 RIGHT 0 5
END TURN 36
TURN 37
COMMAND LEFT START
TRAIN 1
COMMAND LEFT END
COMMAND RIGHT START
COMMAND RIGHT END
TURN 37 RESULT
TIME LEFT 2 5 RIGHT 0 5
TRAIN A5
END TURN 37
TURN 38
COMMAND LEFT START
MOVE A5 31
COMMAND LEFT END
COMMAND RIGHT START
COMMAND RIGHT END
TURN 38 RESULT
TIME LEFT 1 5 RIGHT 0 5
MOVE A5 5
END TURN 38
TURN 39
COMMAND LEFT START
COMMAND LEFT END
COMMAND RIGHT START
MOVE B5 179
COMMAND RIGHT END
TURN 39 RESULT
TIME LEFT 1 5 RIGHT 0 5
MOVE A5 19
MOVE B5 205
END TURN 39
TURN 40
COMMAND LEFT START
COMMAND LEFT END
COMMAND RIGHT START
COMMAND RIGHT END
TURN 40 RESULT
TIME LEFT 1 5 RIGHT 0 5
MOVE A5 28
MOVE B5 191
END TURN 40
TURN 41
COMMAND LEFT START
COMMAND LEFT END
COMMAND RIGHT START
COMMAND RIGHT END
TURN 41 RESULT
TIME LEFT 1 5 RIGHT 0 5
MOVE A5 31
MOVE B5 182
END TURN 41
TURN 42
COMMAND LEFT START
UPGRADE 31
COMMAND LEFT END
COMMAND RIGHT START
COMMAND RIGHT END
TURN 42 RESULT
TIME LEFT 2 5 RIGHT 0 5
UPGRADE A 31
MOVE B5 179
END TURN 42
TURN 43
COMMAND LEFT START
COMMAND LEFT END
COMMAND RIGHT START
UPGRADE 179
COMMAND RIGHT END
TURN 43 RESULT
TIME LEFT 3 5 RIGHT 0 5
UPGRADE B 179
END TURN 43
TURN 44
COMMAND LEFT START
COMMAND LEFT END
COMMAND RIGHT START
COMMAND RIGHT END
TURN 44 RESULT
TIME LEFT 1 5 RIGHT 0 5
END TURN 44
TURN 45
COMMAND LEFT START
COMMAND LEFT END
COMMAND RIGHT START
TRAIN 1
COMMAND RIGHT END
TURN 45 RESULT
TIME LEFT 2 5 RIGHT 0 5
TRAIN B6
END TURN 45
TURN 46
COMMAND LEFT START
COMMAND LEFT END
COMMAND RIGHT START
MOVE B6 129
COMMAND RIGHT END
TURN 46 RESULT
TIME LEFT 1 5 RIGHT 0 5
MOVE B6 208
END TURN 46
TURN 47
COMMAND LEFT START
COMMAND LEFT END
COMMAND RIGHT START
COMMAND RIGHT END
TURN 47 RESULT
TIME LEFT 1 5 RIGHT 0 5
MOVE B6 206
END TURN 47
TURN 48
COMMAND LEFT START
COMMAND LEFT END
COMMAND RIGHT START
COMMAND RIGHT END
TURN 48 RESULT
TIME LEFT 1 5 RIGHT 0 5
MOVE B6 194
END TURN 48
TURN 49
COMMAND LEFT START
COMMAND LEFT END
COMMAND RIGHT START
COMMAND RIGHT END
TURN 49 RESULT
TIME LEFT 6 5 RIGHT 0 5
MOVE B6 174
END TURN 49
TURN 50
COMMAND LEFT START
COMMAND LEFT END
COMMAND RIGHT START
COMMAND RIGHT END
TURN 50 RESULT
TIME LEFT 1 5 RIGHT 0 5
MOVE B6 163
END TURN 50
TURN 51
COMMAND LEFT START
TRAIN 1
COMMAND LEFT END
COMMAND RIGHT START
COMMAND RIGHT END
TURN 51 RESULT
TIME LEFT 8 5 RIGHT 0 5
TRAIN A6
MOVE B6 148
END TURN 51
TURN 52
COMMAND LEFT START
MOVE A6 105
COMMAND LEFT END
COMMAND RIGHT START
COMMAND RIGHT END
TURN 52 RESULT
TIME LEFT 1 5 RIGHT 0 5
MOVE A6 8
MOVE B6 129
END TURN 52
TURN 53
COMMAND LEFT START
COMMAND LEFT END
COMMAND RIGHT START
UPGRADE 129
COMMAND RIGHT END
TURN 53 RESULT
TIME LEFT 1 5 RIGHT 0 5
UPGRADE B 129
MOVE A6 14
END TURN 53
TURN 54
COMMAND LEFT START
COMMAND LEFT END
COMMAND RIGHT START
COMMAND RIGHT END
TURN 54 RESULT
TIME LEFT 1 5 RIGHT 0 5
MOVE A6 23
END TURN 54
TURN 55
COMMAND LEFT START
COMMAND LEFT END
COMMAND RIGHT START
COMMAND RIGHT END
TURN 55 RESULT
TIME LEFT 1 5 RIGHT 0 5
MOVE A6 40
END TURN 55
TURN 56
COMMAND LEFT START
UPGRADE 0
COMMAND LEFT END
COMMAND RIGHT START
COMMAND RIGHT END
TURN 56 RESULT
TIME LEFT 1 5 RIGHT 0 5
UPGRADE A 0
MOVE A6 55
END TURN 56
TURN 57
COMMAND LEFT START
COMMAND LEFT END
COMMAND RIGHT START
COMMAND RIGHT END
TURN 57 RESULT
TIME LEFT 2 5 RIGHT 0 5
MOVE A6 63
END TURN 57
TURN 58
COMMAND LEFT START
TRAIN 1
COMMAND LEFT END
COMMAND RIGHT START
COMMAND RIGHT END
TURN 58 RESULT
TIME LEFT 2 5 RIGHT 0 5
TRAIN A7
MOVE A6 85
END TURN 58
TURN 59
COMMAND LEFT START
COMMAND LEFT END
COMMAND RIGHT START
COMMAND RIGHT END
TURN 59 RESULT
TIME LEFT 1 5 RIGHT 0 5
MOVE A6 105
DAMAGE TURRET A6 1
DAMAGE COMBAT A6 1
DAMAGE COMBAT B2 1
END TURN 59
TURN 60
COMMAND LEFT START
COMMAND LEFT END
COMMAND RIGHT START
COMMAND RIGHT END
TURN 60 RESULT
TIME LEFT 1 5 RIGHT 0 5
DAMAGE TURRET A6 1
DAMAGE COMBAT A6 1
DAMAGE COMBAT B2 1
END TURN 60
TURN 61
COMMAND LEFT START
COMMAND LEFT END
COMMAND RIGHT START
UPGRADE 210
COMMAND RIGHT END
TURN 61 RESULT
TIME LEFT 1 5 RIGHT 0 5
UPGRADE B 210
END TURN 61
TURN 62
COMMAND LEFT START
COMMAND LEFT END
COMMAND RIGHT START
TRAIN 1
COMMAND RIGHT END
TURN 62 RESULT
TIME LEFT 1 5 RIGHT 0 5
TRAIN B7
END TURN 62
TURN 63
COMMAND LEFT START
COMMAND LEFT END
COMMAND RIGHT START
COMMAND RIGHT END
TURN 63 RESULT
TIME LEFT 1 5 RIGHT 0 5
END TURN 63
TURN 64
COMMAND LEFT START
COMMAND LEFT END
COMMAND RIGHT START
COMMAND RIGHT END
TURN 64 RESULT
TIME LEFT 1 5 RIGHT 0 5
END TURN 64
TURN 65
COMMAND LEFT START
COMMAND LEFT END
COMMAND RIGHT START
COMMAND RIGHT END
TURN 65 RESULT
TIME LEFT 1 5 RIGHT 0 5
END TURN 65
TURN 66
COMMAND LEFT START
COMMAND LEFT END
COMMAND RIGHT START
COMMAND RIGHT END
TURN 66 RESULT
TIME LEFT 1 5 RIGHT 0 5
END TURN 66
TURN 67
COMMAND LEFT START
COMMAND LEFT END
COMMAND RIGHT START
COMMAND RIGHT END
TURN 67 RESULT
TIME LEFT 2 5 RIGHT 0 5
END TURN 67
TURN 68
COMMAND LEFT START
COMMAND LEFT END
COMMAND RIGHT START
COMMAND RIGHT END
TURN 68 RESULT
TIME LEFT 1 5 RIGHT 0 5
END TURN 68
TURN 69
COMMAND LEFT START
UPGRADE 0
COMMAND LEFT END
COMMAND RIGHT START
COMMAND RIGHT END
TURN 69 RESULT
TIME LEFT 2 5 RIGHT 0 5
UPGRADE A 0
END TURN 69
TURN 70
COMMAND LEFT START
COMMAND LEFT END
COMMAND RIGHT START
COMMAND RIGHT END
TURN 70 RESULT
TIME LEFT 1 5 RIGHT 0 5
END TURN 70
TURN 71
COMMAND LEFT START
TRAIN 1
COMMAND LEFT END
COMMAND RIGHT START
COMMAND RIGHT END
TURN 71 RESULT
TIME LEFT 3 5 RIGHT 0 5
TRAIN A8
END TURN 71
TURN 72
COMMAND LEFT START
TRAIN 1
COMMAND LEFT END
COMMAND RIGHT START
COMMAND RIGHT END
TURN 72 RESULT
TIME LEFT 2 5 RIGHT 0 5
TRAIN A9
END TURN 72
TURN 73
COMMAND LEFT START
MOVE A9 63
TRAIN 1
COMMAND LEFT END
COMMAND RIGHT START
UPGRADE 210
COMMAND RIGHT END
TURN 73 RESULT
TIME LEFT 1 5 RIGHT 0 5
UPGRADE B 210
TRAIN A10
MOVE A9 8
END TURN 73
TURN 74
COMMAND LEFT START
MOVE A10 82
COMMAND LEFT END
COMMAND RIGHT START
COMMAND RIGHT END
TURN 74 RESULT
TIME LEFT 9 5 RIGHT 0 5
MOVE A9 14
MOVE A10 2
END TURN 74
TURN 75
COMMAND LEFT START
TRAIN 1
COMMAND LEFT END
COMMAND RIGHT START
TRAIN 1
COMMAND RIGHT END
TURN 75 RESULT
TIME LEFT 1 5 RIGHT 0 5
TRAIN A11 B8
MOVE A9 23
MOVE A10 4
END TURN 75
TURN 76
COMMAND LEFT START
MOVE A11 81
TRAIN 1
COMMAND LEFT END
COMMAND RIGHT START
COMMAND RIGHT END
TURN 76 RESULT
TIME LEFT 1 5 RIGHT 0 5
TRAIN A12
MOVE A9 40
MOVE A10 12
MOVE A11 2
END TURN 76
TURN 77
COMMAND LEFT START
MOVE A12 81
COMMAND LEFT END
COMMAND RIGHT START
COMMAND RIGHT END
TURN 77 RESULT
TIME LEFT 1 5 RIGHT 0 5
MOVE A9 55
MOVE A10 25
MOVE A11 4
MOVE A12 2
END TURN 77
TURN 78
COMMAND LEFT START
TRAIN 1
COMMAND LEFT END
COMMAND RIGHT START
COMMAND RIGHT END
TURN 78 RESULT
TIME LEFT 2 5 RIGHT 0 5
TRAIN A13
MOVE A9 63
MOVE A10 34
MOVE A11 16
MOVE A12 4
END TURN 78
TURN 79
COMMAND LEFT START
MOVE A9 81
MOVE A13 81
TRAIN 1
COMMAND LEFT END
COMMAND RIGHT START
COMMAND RIGHT END
TURN 79 RESULT
TIME LEFT 3 5 RIGHT 0 5
TRAIN A14
MOVE A9 79
MOVE A10 41
MOVE A11 36
MOVE A12 16
MOVE A13 2
END TURN 79
TURN 80
COMMAND LEFT START
MOVE A14 131
COMMAND LEFT END
COMMAND RIGHT START
UPGRADE 209
COMMAND RIGHT END
TURN 80 RESULT
TIME LEFT 9 5 RIGHT 0 5
UPGRADE B 209
MOVE A9 86
MOVE A10 65
MOVE A11 47
MOVE A12 36
MOVE A13 4
MOVE A14 8
END TURN 80
TURN 81
COMMAND LEFT START
TRAIN 1
COMMAND LEFT END
COMMAND RIGHT START
TRAIN 1
COMMAND RIGHT END
TURN 81 RESULT
TIME LEFT 2 5 RIGHT 0 5
TRAIN A15 B9
MOVE A9 81
MOVE A10 68
MOVE A11 62
MOVE A12 47
MOVE A13 16
MOVE A14 17
END TURN 81
TURN 82
COMMAND LEFT START
MOVE A15 81
TRAIN 1
COMMAND LEFT END
COMMAND RIGHT START
MOVE B4 209
COMMAND RIGHT END
TURN 82 RESULT
TIME LEFT 2 5 RIGHT 0 5
TRAIN A16
MOVE A10 72
MOVE A11 81
MOVE A12 62
MOVE A13 36
MOVE A14 32
MOVE A15 2
MOVE B4 209
END TURN 82
TURN 83
COMMAND LEFT START
MOVE A16 81
COMMAND LEFT END
COMMAND RIGHT START
COMMAND RIGHT END
TURN 83 RESULT
TIME LEFT 1 5 RIGHT 0 5
MOVE A10 82
MOVE A12 81
MOVE A13 47
MOVE A14 43
MOVE A15 4
MOVE A16 2
END TURN 83
TURN 84
COMMAND LEFT START
MOVE A10 128
TRAIN 1
COMMAND LEFT END
COMMAND RIGHT START
COMMAND RIGHT END
TURN 84 RESULT
TIME LEFT 3 5 RIGHT 0 5
TRAIN A17
MOVE A10 94
MOVE A13 62
MOVE A14 59
MOVE A15 16
MOVE A16 4
END TURN 84
TURN 85
COMMAND LEFT START
MOVE A17 81
COMMAND LEFT END
COMMAND RIGHT START
COMMAND RIGHT END
TURN 85 RESULT
TIME LEFT 2 5 RIGHT 0 5
MOVE A10 96
MOVE A13 81
MOVE A14 80
MOVE A15 36
MOVE A16 16
MOVE A17 2
END TURN 85
TURN 86
COMMAND LEFT START
TRAIN 1
COMMAND LEFT END
COMMAND RIGHT START
UPGRADE 203
COMMAND RIGHT END
TURN 86 RESULT
TIME LEFT 2 5 RIGHT 0 5
UPGRADE B 203
TRAIN A18
MOVE A10 95
MOVE A14 98
MOVE A15 47
MOVE A16 36
MOVE A17 4
END TURN 86
TURN 87
COMMAND LEFT START
MOVE A18 81
COMMAND LEFT END
COMMAND RIGHT START
TRAIN 1
COMMAND RIGHT END
TURN 87 RESULT
TIME LEFT 2 5 RIGHT 0 5
TRAIN B10
MOVE A10 107
MOVE A14 118
MOVE A15 62
MOVE A16 47
MOVE A17 16
MOVE A18 2
END TURN 87
TURN 88
COMMAND LEFT START
TRAIN 1
COMMAND LEFT END
COMMAND RIGHT START
MOVE B7 203
COMMAND RIGHT END
TURN 88 RESULT
TIME LEFT 7 5 RIGHT 0 5
TRAIN A19
MOVE A10 109
MOVE A14 131
MOVE A15 81
MOVE A16 62
MOVE A17 36
MOVE A18 4
MOVE B7 205
END TURN 88
TURN 89
COMMAND LEFT START
MOVE A14 196
MOVE A19 81
TRAIN 1
COMMAND LEFT END
COMMAND RIGHT START
COMMAND RIGHT END
TURN 89 RESULT
TIME LEFT 3 5 RIGHT 0 5
TRAIN A20
MOVE A10 112
MOVE A14 147
MOVE A16 81
MOVE A17 47
MOVE A18 16
MOVE A19 2
MOVE B7 203
END TURN 89
TURN 90
COMMAND LEFT START
MOVE A9 105
MOVE A11 105
MOVE A12 105
MOVE A13 105
MOVE A15 105
MOVE A16 105
MOVE A20 81
COMMAND LEFT END
COMMAND RIGHT START
COMMAND RIGHT END
TURN 90 RESULT
TIME LEFT 3 5 RIGHT 0 5
MOVE A9 86
MOVE A10 105
MOVE A11 86
MOVE A12 86
MOVE A13 86
MOVE A14 155
MOVE A15 86
MOVE A16 86
MOVE A17 62
MOVE A18 36
MOVE A19 4
MOVE A20 2
DAMAGE TURRET A10 1
DAMAGE COMBAT A10 1
DAMAGE COMBAT B2 1
END TURN 90
TURN 91
COMMAND LEFT START
COMMAND LEFT END
COMMAND RIGHT START
COMMAND RIGHT END
TURN 91 RESULT
TIME LEFT 2 5 RIGHT 0 5
MOVE A9 92
MOVE A11 92
MOVE A12 92
MOVE A13 92
MOVE A14 170
MOVE A15 92
MOVE A16 92
MOVE A17 81
MOVE A18 47
MOVE A19 16
MOVE A20 4
DAMAGE TURRET A10 1
DAMAGE COMBAT A10 1
DAMAGE COMBAT B2 1
END TURN 91
TURN 92
COMMAND LEFT START
TRAIN 1
COMMAND LEFT END
COMMAND RIGHT START
TRAIN 1
COMMAND RIGHT END
TURN 92 RESULT
TIME LEFT 3 5 RIGHT 0 5
TRAIN A21 B11
MOVE A9 105
MOVE A10 98
MOVE A11 105
MOVE A12 105
MOVE A13 105
MOVE A14 187
MOVE A15 105
MOVE A16 105
MOVE A18 62
MOVE A19 36
MOVE A20 16
DAMAGE TURRET A9 1
SIEGE B 105 6
END TURN 92
TURN 93
COMMAND LEFT START
MOVE A9 129
MOVE A11 129
MOVE A12 129
MOVE A13 129
MOVE A15 129
MOVE A16 129
MOVE A21 81
COMMAND LEFT END
COMMAND RIGHT START
UPGRADE 179
COMMAND RIGHT END
TURN 93 RESULT
TIME LEFT 4 5 RIGHT 0 5
UPGRADE B 179
MOVE A9 118
MOVE A10 101
MOVE A11 118
MOVE A12 118
MOVE A13 118
MOVE A14 196
MOVE A15 118
MOVE A16 118
MOVE A18 81
MOVE A19 47
MOVE A20 36
MOVE A21 2
END TURN 93
TURN 94
COMMAND LEFT START
MOVE A14 81
COMMAND LEFT END
COMMAND RIGHT START
MOVE B8 179
COMMAND RIGHT END
TURN 94 RESULT
TIME LEFT 2 5 RIGHT 0 5
MOVE A9 124
MOVE A10 103
MOVE A11 124
MOVE A12 124
MOVE A13 124
MOVE A14 186
MOVE A15 124
MOVE A16 124
MOVE A19 62
MOVE A20 47
MOVE A21 4
MOVE B8 205
END TURN 94
TURN 95
COMMAND LEFT START
MOVE A17 196
TRAIN 1
COMMAND LEFT END
COMMAND RIGHT START
MOVE B9 209
MOVE B10 209
MOVE B3 209
TRAIN 2
COMMAND RIGHT END
TURN 95 RESULT
TIME LEFT 1 5 RIGHT 0 5
TRAIN A22 B12 B13
MOVE A9 129
MOVE A10 115
MOVE A11 129
MOVE A12 129
MOVE A13 129
MOVE A14 167
MOVE A15 129
MOVE A16 129
MOVE A17 93
MOVE A19 81
MOVE A20 62
MOVE A21 16
MOVE B3 205
MOVE B8 191
MOVE B9 209
MOVE B10 209
DAMAGE TURRET A9 1
DAMAGE COMBAT A9 1
DAMAGE COMBAT B6 4
SIEGE B 129 2
END TURN 95
TURN 96
COMMAND LEFT START
MOVE A22 81
COMMAND LEFT END
COMMAND RIGHT START
MOVE B1 203
TRAIN 1
COMMAND RIGHT END
TURN 96 RESULT
TIME LEFT 2 5 RIGHT 0 5
TRAIN B14
MOVE A10 114
MOVE A14 151
MOVE A17 109
MOVE A20 81
MOVE A21 36
MOVE A22 2
MOVE B1 210
MOVE B3 210
MOVE B8 182
DAMAGE TURRET A9 1
SIEGE B 129 4
END TURN 96
TURN 97
COMMAND LEFT START
MOVE A9 81
MOVE A11 81
MOVE A12 81
MOVE A13 81
MOVE A15 81
MOVE A16 81
TRAIN 1
COMMAND LEFT END
COMMAND RIGHT START
COMMAND RIGHT END
TURN 97 RESULT
TIME LEFT 3 5 RIGHT 0 5
TRAIN A23
MOVE A9 124
MOVE A10 116
MOVE A11 124
MOVE A12 124
MOVE A13 124
MOVE A14 136
MOVE A15 124
MOVE A16 124
MOVE A17 121
MOVE A21 47
MOVE A22 4
MOVE B1 205
MOVE B3 209
MOVE B8 179
END TURN 97
TURN 98
COMMAND LEFT START
MOVE A23 81
COMMAND LEFT END
COMMAND RIGHT START
COMMAND RIGHT END
TURN 98 RESULT
TIME LEFT 6 5 RIGHT 0 5
MOVE A9 118
MOVE A10 128
MOVE A11 118
MOVE A12 118
MOVE A13 118
MOVE A14 121
MOVE A15 118
MOVE A16 118
MOVE A17 136
MOVE A21 62
MOVE A22 16
MOVE A23 2
MOVE B1 203
END TURN 98
TURN 99
COMMAND LEFT START
MOVE A10 0
TRAIN 1
COMMAND LEFT END
COMMAND RIGHT START
COMMAND RIGHT END
TURN 99 RESULT
TIME LEFT 2 5 RIGHT 0 5
TRAIN A24
MOVE A9 105
MOVE A10 116
MOVE A11 105
MOVE A12 105
MOVE A13 105
MOVE A14 109
MOVE A15 105
MOVE A16 105
MOVE A17 151
MOVE A21 81
MOVE A22 36
MOVE A23 4
END TURN 99
TURN 100
COMMAND LEFT START
MOVE A24 81
COMMAND LEFT END
COMMAND RIGHT START
COMMAND RIGHT END
TURN 100 RESULT
TIME LEFT 2 5 RIGHT 0 5
MOVE A9 92
MOVE A10 104
MOVE A11 92
MOVE A12 92
MOVE A13 92
MOVE A14 93
MOVE A15 92
MOVE A16 92
MOVE A17 167
MOVE A22 47
MOVE A23 16
MOVE A24 2
END TURN 100
TURN 101
COMMAND LEFT START
TRAIN 1
COMMAND LEFT END
COMMAND RIGHT START
MOVE B10 129
COMMAND RIGHT END
TURN 101 RESULT
TIME LEFT 2 5 RIGHT 0 5
TRAIN A25
MOVE A9 86
MOVE A10 91
MOVE A11 86
MOVE A12 86
MOVE A13 86
MOVE A14 81
MOVE A15 86
MOVE A16 86
MOVE A17 186
MOVE A22 62
MOVE A23 36
MOVE A24 4
MOVE B10 204
END TURN 101
TURN 102
COMMAND LEFT START
MOVE A25 81
COMMAND LEFT END
COMMAND RIGHT START
UPGRADE 209
COMMAND RIGHT END
TURN 102 RESULT
TIME LEFT 1 5 RIGHT 0 5
UPGRADE B 209
MOVE A9 81
MOVE A10 67
MOVE A11 81
MOVE A12 81
MOVE A13 81
MOVE A15 81
MOVE A16 81
MOVE A17 196
MOVE A22 81
MOVE A23 47
MOVE A24 16
MOVE A25 2
MOVE B10 198
END TURN 102
TURN 103
COMMAND LEFT START
MOVE A17 81
TRAIN 1
COMMAND LEFT END
COMMAND RIGHT START
COMMAND RIGHT END
TURN 103 RESULT
TIME LEFT 5 5 RIGHT 0 5
TRAIN A26
MOVE A10 54
MOVE A17 186
MOVE A23 62
MOVE A24 36
MOVE A25 4
MOVE B10 189
END TURN 103
TURN 104
COMMAND LEFT START
MOVE A9 193
MOVE A26 81
COMMAND LEFT END
COMMAND RIGHT START
COMMAND RIGHT END
TURN 104 RESULT
TIME LEFT 3 5 RIGHT 0 5
MOVE A9 93
MOVE A10 48
MOVE A17 167
MOVE A23 81
MOVE A24 47
MOVE A25 16
MOVE A26 2
MOVE B10 174
END TURN 104
TURN 105
COMMAND LEFT START
TRAIN 1
COMMAND LEFT END
COMMAND RIGHT START
COMMAND RIGHT END
TURN 105 RESULT
TIME LEFT 4 5 RIGHT 0 5
TRAIN A27
MOVE A9 109
MOVE A10 29
MOVE A17 151
MOVE A24 62
MOVE A25 36
MOVE A26 4
MOVE B10 163
END TURN 105
TURN 106
COMMAND LEFT START
MOVE A27 81
COMMAND LEFT END
COMMAND RIGHT START
COMMAND RIGHT END
TURN 106 RESULT
TIME LEFT 2 5 RIGHT 0 5
MOVE A9 121
MOVE A10 26
MOVE A17 136
MOVE A24 81
MOVE A25 47
MOVE A26 16
MOVE A27 2
MOVE B10 148
END TURN 106
TURN 107
COMMAND LEFT START
TRAIN 1
COMMAND LEFT END
COMMAND RIGHT START
UPGRADE 203
COMMAND RIGHT END
TURN 107 RESULT
TIME LEFT 4 5 RIGHT 0 5
UPGRADE B 203
TRAIN A28
MOVE A9 136
MOVE A10 15
MOVE A17 121
MOVE A25 62
MOVE A26 36
MOVE A27 4
MOVE B10 129
END TURN 107
TURN 108
COMMAND LEFT START
MOVE A28 81
COMMAND LEFT END
COMMAND RIGHT START
MOVE B11 203
COMMAND RIGHT END
TURN 108 RESULT
TIME LEFT 2 5 RIGHT 0 5
MOVE A9 151
MOVE A10 3
MOVE A17 109
MOVE A25 81
MOVE A26 47
MOVE A27 16
MOVE A28 2
MOVE B11 205
END TURN 108
TURN 109
COMMAND LEFT START
COMMAND LEFT END
COMMAND RIGHT START
COMMAND RIGHT END
TURN 109 RESULT
TIME LEFT 2 5 RIGHT 0 5
MOVE A9 167
MOVE A10 0
MOVE A17 93
MOVE A26 62
MOVE A27 36
MOVE A28 4
MOVE B11 203
END TURN 109
TURN 110
COMMAND LEFT START
MOVE A11 209
MOVE A12 209
MOVE A13 209
MOVE A14 209
MOVE A15 209
MOVE A16 209
MOVE A18 209
MOVE A19 209
MOVE A20 209
MOVE A21 209
MOVE A22 209
MOVE A23 209
MOVE A24 209
MOVE A25 209
MOVE A10 81
COMMAND LEFT END
COMMAND RIGHT START
COMMAND RIGHT END
TURN 110 RESULT
TIME LEFT 5 5 RIGHT 0 5
MOVE A9 178
MOVE A10 2
MOVE A11 93
MOVE A12 93
MOVE A13 93
MOVE A14 93
MOVE A15 93
MOVE A16 93
MOVE A17 81
MOVE A18 93
MOVE A19 93
MOVE A20 93
MOVE A21 93
MOVE A22 93
MOVE A23 93
MOVE A24 93
MOVE A25 93
MOVE A26 81
MOVE A27 47
MOVE A28 16
END TURN 110
TURN 111
COMMAND LEFT START
COMMAND LEFT END
COMMAND RIGHT START
UPGRADE 129
COMMAND RIGHT END
TURN 111 RESULT
TIME LEFT 1 5 RIGHT 0 5
UPGRADE B 129
MOVE A9 193
MOVE A10 4
MOVE A11 109
MOVE A12 109
MOVE A13 109
MOVE A14 109
MOVE A15 109
MOVE A16 109
MOVE A18 109
MOVE A19 109
MOVE A20 109
MOVE A21 109
MOVE A22 109
MOVE A23 109
MOVE A24 109
MOVE A25 109
MOVE A27 62
MOVE A28 36
END TURN 111
TURN 112
COMMAND LEFT START
MOVE A9 81
COMMAND LEFT END
COMMAND RIGHT START
COMMAND RIGHT END
TURN 112 RESULT
TIME LEFT 2 5 RIGHT 0 5
MOVE A9 178
MOVE A10 16
MOVE A11 121
MOVE A12 121
MOVE A13 121
MOVE A14 121
MOVE A15 121
MOVE A16 121
MOVE A18 121
MOVE A19 121
MOVE A20 121
MOVE A21 121
MOVE A22 121
MOVE A23 121
MOVE A24 121
MOVE A25 121
MOVE A27 81
MOVE A28 47
END TURN 112
TURN 113
COMMAND LEFT START
MOVE A17 95
TRAIN 1
COMMAND LEFT END
COMMAND RIGHT START
COMMAND RIGHT END
TURN 113 RESULT
TIME LEFT 2 5 RIGHT 0 5
TRAIN A29
MOVE A9 167
MOVE A10 36
MOVE A11 136
MOVE A12 136
MOVE A13 136
MOVE A14 136
MOVE A15 136
MOVE A16 136
MOVE A17 95
MOVE A18 136
MOVE A19 136
MOVE A20 136
MOVE A21 136
MOVE A22 136
MOVE A23 136
MOVE A24 136
MOVE A25 136
MOVE A28 62
END TURN 113
TURN 114
COMMAND LEFT START
MOVE A17 96
MOVE A29 81
COMMAND LEFT END
COMMAND RIGHT START
UPGRADE 129
COMMAND RIGHT END
TURN 114 RESULT
TIME LEFT 2 5 RIGHT 0 5
UPGRADE B 129
MOVE A9 151
MOVE A10 47
MOVE A11 151
MOVE A12 151
MOVE A13 151
MOVE A14 151
MOVE A15 151
MOVE A16 151
MOVE A17 96
MOVE A18 151
MOVE A19 151
MOVE A20 151
MOVE A21 151
MOVE A22 151
MOVE A23 151
MOVE A24 151
MOVE A25 151
MOVE A28 81
MOVE A29 2
END TURN 114
TURN 115
COMMAND LEFT START
MOVE A17 143
COMMAND LEFT END
COMMAND RIGHT START
TRAIN 1
COMMAND RIGHT END
TURN 115 RESULT
TIME LEFT 1 5 RIGHT 0 5
TRAIN B15
MOVE A9 136
MOVE A10 62
MOVE A11 167
MOVE A12 167
MOVE A13 167
MOVE A14 167
MOVE A15 167
MOVE A16 167
MOVE A17 111
MOVE A18 167
MOVE A19 167
MOVE A20 167
MOVE A21 167
MOVE A22 167
MOVE A23 167
MOVE A24 167
MOVE A25 167
MOVE A29 4
END TURN 115
TURN 116
COMMAND LEFT START
TRAIN 1
COMMAND LEFT END
COMMAND RIGHT START
MOVE B12 129
COMMAND RIGHT END
TURN 116 RESULT
TIME LEFT 2 5 RIGHT 0 5
TRAIN A30
MOVE A9 121
MOVE A10 81
MOVE A11 186
MOVE A12 186
MOVE A13 186
MOVE A14 186
MOVE A15 186
MOVE A16 186
MOVE A17 122
MOVE A18 186
MOVE A19 186
MOVE A20 186
MOVE A21 186
MOVE A22 186
MOVE A23 186
MOVE A24 186
MOVE A25 186
MOVE A29 16
MOVE B12 208
END TURN 116
TURN 117
COMMAND LEFT START
MOVE A30 81
COMMAND LEFT END
COMMAND RIGHT START
TRAIN 1
COMMAND RIGHT END
TURN 117 RESULT
TIME LEFT 2 5 RIGHT 0 5
TRAIN B16
MOVE A9 109
MOVE A11 196
MOVE A12 196
MOVE A13 196
MOVE A14 196
MOVE A15 196
MOVE A16 196
MOVE A17 143
MOVE A18 196
MOVE A19 196
MOVE A20 196
MOVE A21 196
MOVE A22 196
MOVE A23 196
MOVE A24 196
MOVE A25 196
MOVE A29 36
MOVE A30 2
MOVE B12 206
END TURN 117
TURN 118
COMMAND LEFT START
MOVE A17 81
TRAIN 1
COMMAND LEFT END
COMMAND RIGHT START
MOVE B3 210
MOVE B4 210
MOVE B9 210
MOVE B1 210
MOVE B7 210
MOVE B11 210
MOVE B5 210
MOVE B8 210
MOVE B10 210
TRAIN 2
COMMAND RIGHT END
TURN 118 RESULT
TIME LEFT 3 5 RIGHT 0 5
TRAIN A31 B17 B18
MOVE A9 93
MOVE A11 206
MOVE A12 206
MOVE A13 206
MOVE A14 206
MOVE A15 206
MOVE A16 206
MOVE A17 122
MOVE A18 206
MOVE A19 206
MOVE A20 206
MOVE A21 206
MOVE A22 206
MOVE A23 206
MOVE A24 206
MOVE A25 206
MOVE A29 47
MOVE A30 4
MOVE B1 205
MOVE B3 210
MOVE B4 210
MOVE B5 182
MOVE B7 205
MOVE B8 182
MOVE B9 210
MOVE B10 148
MOVE B11 205
MOVE B12 194
END TURN 118
TURN 119
COMMAND LEFT START
MOVE A10 60
MOVE A31 81
COMMAND LEFT END
COMMAND RIGHT START
TRAIN 1
COMMAND RIGHT END
TURN 119 RESULT
TIME LEFT 3 5 RIGHT 0 5
TRAIN B19
MOVE A9 81
MOVE A10 73
MOVE A11 209
MOVE A12 209
MOVE A13 209
MOVE A14 209
MOVE A15 209
MOVE A16 209
MOVE A17 110
MOVE A18 209
MOVE A19 209
MOVE A20 209
MOVE A21 209
MOVE A22 209
MOVE A23 209
MOVE A24 209
MOVE A25 209
MOVE A29 62
MOVE A30 16
MOVE A31 2
MOVE B1 210
MOVE B5 191
MOVE B7 210
MOVE B8 191
MOVE B10 163
MOVE B11 210
MOVE B12 174
DAMAGE TURRET A11 2
SIEGE B 209 14
END TURN 119
TURN 120
COMMAND LEFT START
MOVE A26 138
COMMAND LEFT END
COMMAND RIGHT START
COMMAND RIGHT END
TURN 120 RESULT
TIME LEFT 10 5 RIGHT 0 5
MOVE A10 60
MOVE A17 95
MOVE A26 86
MOVE A29 81
MOVE A30 36
MOVE A31 4
MOVE B5 205
MOVE B8 205
MOVE B10 174
MOVE B12 163
DAMAGE TURRET A11 2
SIEGE B 209 4
END TURN 120
TURN 121
COMMAND LEFT START
MOVE A10 68
MOVE A11 179
MOVE A12 179
MOVE A13 179
MOVE A14 179
MOVE A15 179
MOVE A16 179
MOVE A18 179
MOVE A19 179
MOVE A20 179
MOVE A21 179
MOVE A22 179
MOVE A23 179
COMMAND LEFT END
COMMAND RIGHT START
COMMAND RIGHT END
TURN 121 RESULT
TIME LEFT 5 5 RIGHT 0 5
MOVE A10 65
MOVE A11 208
MOVE A12 208
MOVE A13 208
MOVE A14 208
MOVE A15 208
MOVE A16 208
MOVE A17 81
MOVE A18 208
MOVE A19 208
MOVE A20 208
MOVE A21 208
MOVE A22 208
MOVE A23 208
MOVE A26 92
MOVE A30 47
MOVE A31 16
MOVE B5 210
MOVE B8 210
MOVE B10 194
MOVE B12 148
END TURN 121
TURN 122
COMMAND LEFT START
MOVE A24 81
MOVE A25 81
COMMAND LEFT END
COMMAND RIGHT START
MOVE B1 203
COMMAND RIGHT END
TURN 122 RESULT
TIME LEFT 3 5 RIGHT 0 5
MOVE A10 68
MOVE A11 202
MOVE A12 202
MOVE A13 202
MOVE A14 202
MOVE A15 202
MOVE A16 202
MOVE A18 202
MOVE A19 202
MOVE A20 202
MOVE A21 202
MOVE A22 202
MOVE A23 202
MOVE A24 206
MOVE A25 206
MOVE A26 105
MOVE A30 62
MOVE A31 36
MOVE B1 205
MOVE B10 206
MOVE B12 129
DAMAGE COMBAT A24 1
DAMAGE COMBAT B10 2
END TURN 122
TURN 123
COMMAND LEFT START
MOVE A10 181
COMMAND LEFT END
COMMAND RIGHT START
MOVE B3 203
MOVE B4 179
MOVE B5 203
MOVE B7 179
TRAIN 1
COMMAND RIGHT END
TURN 123 RESULT
TIME LEFT 9 5 RIGHT 0 5
TRAIN B20
MOVE A10 78
MOVE A11 195
MOVE A12 195
MOVE A13 195
MOVE A14 195
MOVE A15 195
MOVE A16 195
MOVE A18 195
MOVE A19 195
MOVE A20 195
MOVE A21 195
MOVE A22 195
MOVE A23 195
MOVE A26 118
MOVE A30 81
MOVE A31 47
MOVE B1 203
MOVE B3 205
MOVE B4 205
MOVE B5 205
MOVE B7 205
DAMAGE COMBAT A24 1
DAMAGE COMBAT B10 2
END TURN 123
TURN 124
COMMAND LEFT START
TRAIN 1
COMMAND LEFT END
COMMAND RIGHT START
MOVE B8 179
COMMAND RIGHT END
TURN 124 RESULT
TIME LEFT 3 5 RIGHT 0 5
TRAIN A32
MOVE A10 96
MOVE A11 191
MOVE A12 191
MOVE A13 191
MOVE A14 191
MOVE A15 191
MOVE A16 191
MOVE A18 191
MOVE A19 191
MOVE A20 191
MOVE A21 191
MOVE A22 191
MOVE A23 191
MOVE A26 124
MOVE A31 62
MOVE B3 203
MOVE B4 191
MOVE B5 203
MOVE B7 191
MOVE B8 205
DAMAGE COMBAT A11 2
DAMAGE COMBAT A24 1
DAMAGE COMBAT B4 4
DAMAGE COMBAT B7 5
DAMAGE COMBAT B10 2
END TURN 124
TURN 125
COMMAND LEFT START
MOVE A32 81
COMMAND LEFT END
COMMAND RIGHT START
TRAIN 1
COMMAND RIGHT END
TURN 125 RESULT
TIME LEFT 4 5 RIGHT 0 5
TRAIN B21
MOVE A10 110
MOVE A12 182
MOVE A13 182
MOVE A14 182
MOVE A15 182
MOVE A16 182
MOVE A18 182
MOVE A19 182
MOVE A20 182
MOVE A21 182
MOVE A22 182
MOVE A23 182
MOVE A24 196
MOVE A25 196
MOVE A26 129
MOVE A31 81
MOVE A32 2
MOVE B8 191
DAMAGE TURRET A26 1
DAMAGE COMBAT A26 1
DAMAGE COMBAT B12 1
END TURN 125
TURN 126
COMMAND LEFT START
COMMAND LEFT END
COMMAND RIGHT START
COMMAND RIGHT END
TURN 126 RESULT
TIME LEFT 3 5 RIGHT 0 5
MOVE A10 123
MOVE A12 179
MOVE A13 179
MOVE A14 179
MOVE A15 179
MOVE A16 179
MOVE A18 179
MOVE A19 179
MOVE A20 179
MOVE A21 179
MOVE A22 179
MOVE A23 179
MOVE A24 186
MOVE A25 186
MOVE A32 4
MOVE B8 182
DAMAGE TURRET A12 1
DAMAGE TURRET A26 1
DAMAGE COMBAT A26 1
DAMAGE COMBAT B12 1
SIEGE B 179 11
END TURN 126
TURN 127
COMMAND LEFT START
TRAIN 1
COMMAND LEFT END
COMMAND RIGHT START
TRAIN 1
COMMAND RIGHT END
TURN 127 RESULT
TIME LEFT 2 5 RIGHT 0 5
TRAIN A33 B22
MOVE A10 146
MOVE A24 167
MOVE A25 167
MOVE A32 16
MOVE B8 179
DAMAGE TURRET A12 1
DAMAGE TURRET A26 1
DAMAGE COMBAT A12 1
DAMAGE COMBAT A26 1
DAMAGE COMBAT B8 6
DAMAGE COMBAT B12 1
SIEGE B 179 1
END TURN 127
TURN 128
COMMAND LEFT START
MOVE A12 203
MOVE A13 203
MOVE A14 203
MOVE A15 203
MOVE A16 203
MOVE A18 203
MOVE A33 81
COMMAND LEFT END
COMMAND RIGHT START
MOVE B9 129
COMMAND RIGHT END
TURN 128 RESULT
TIME LEFT 5 5 RIGHT 0 5
MOVE A10 164
MOVE A12 182
MOVE A13 182
MOVE A14 182
MOVE A15 182
MOVE A16 182
MOVE A18 182
MOVE A24 151
MOVE A25 151
MOVE A32 36
MOVE A33 2
MOVE B9 208
END TURN 128
TURN 129
COMMAND LEFT START
MOVE A19 81
MOVE A20 81
MOVE A21 81
MOVE A22 81
MOVE A23 81
COMMAND LEFT END
COMMAND RIGHT START
COMMAND RIGHT END
TURN 129 RESULT
TIME LEFT 2 5 RIGHT 0 5
MOVE A10 181
MOVE A12 191
MOVE A13 191
MOVE A14 191
MOVE A15 191
MOVE A16 191
MOVE A18 191
MOVE A19 162
MOVE A20 162
MOVE A21 162
MOVE A22 162
MOVE A23 162
MOVE A24 136
MOVE A25 136
MOVE A32 47
MOVE A33 4
MOVE B9 206
END TURN 129
TURN 130
COMMAND LEFT START
MOVE A10 81
COMMAND LEFT END
COMMAND RIGHT START
MOVE B11 203
MOVE B13 203
MOVE B14 203
COMMAND RIGHT END
TURN 130 RESULT
TIME LEFT 2 5 RIGHT 0 5
MOVE A10 164
MOVE A12 203
MOVE A13 203
MOVE A14 203
MOVE A15 203
MOVE A16 203
MOVE A18 203
MOVE A19 153
MOVE A20 153
MOVE A21 153
MOVE A22 153
MOVE A23 153
MOVE A24 121
MOVE A25 121
MOVE A32 62
MOVE A33 16
MOVE B9 194
MOVE B11 205
MOVE B13 205
MOVE B14 205
DAMAGE TURRET A12 2
DAMAGE COMBAT A12 1
DAMAGE COMBAT A13 2
DAMAGE COMBAT B1 4
DAMAGE COMBAT B3 2
END TURN 130
TURN 131
COMMAND LEFT START
MOVE A9 118
TRAIN 1
COMMAND LEFT END
COMMAND RIGHT START
COMMAND RIGHT END
TURN 131 RESULT
TIME LEFT 2 5 RIGHT 0 5
TRAIN A34
MOVE A9 86
MOVE A10 146
MOVE A19 146
MOVE A20 146
MOVE A21 146
MOVE A22 146
MOVE A23 146
MOVE A24 109
MOVE A25 109
MOVE A32 81
MOVE A33 36
MOVE B9 174
MOVE B11 203
MOVE B13 203
MOVE B14 203
DAMAGE TURRET A13 2
DAMAGE COMBAT A13 2
DAMAGE COMBAT A14 3
DAMAGE COMBAT B3 2
DAMAGE COMBAT B5 3
END TURN 131
TURN 132
COMMAND LEFT START
MOVE A34 81
COMMAND LEFT END
COMMAND RIGHT START
COMMAND RIGHT END
TURN 132 RESULT
TIME LEFT 7 5 RIGHT 0 5
MOVE A9 92
MOVE A10 135
MOVE A19 135
MOVE A20 135
MOVE A21 135
MOVE A22 135
MOVE A23 135
MOVE A24 93
MOVE A25 93
MOVE A33 47
MOVE A34 2
MOVE B9 163
DAMAGE TURRET A14 2
DAMAGE COMBAT A14 1
DAMAGE COMBAT A15 3
DAMAGE COMBAT B5 1
DAMAGE COMBAT B11 3
END TURN 132
TURN 133
COMMAND LEFT START
COMMAND LEFT END
COMMAND RIGHT START
COMMAND RIGHT END
TURN 133 RESULT
TIME LEFT 4 5 RIGHT 0 5
MOVE A9 105
MOVE A10 107
MOVE A19 107
MOVE A20 107
MOVE A21 107
MOVE A22 107
MOVE A23 107
MOVE A24 81
MOVE A25 81
MOVE A33 62
MOVE A34 4
MOVE B9 148
DAMAGE TURRET A15 2
DAMAGE COMBAT A15 1
DAMAGE COMBAT A16 2
DAMAGE COMBAT B11 3
END TURN 133
TURN 134
COMMAND LEFT START
MOVE A17 129
MOVE A25 129
MOVE A27 129
MOVE A28 129
MOVE A29 129
MOVE A30 129
MOVE A31 129
MOVE A32 129
MOVE A24 129
COMMAND LEFT END
COMMAND RIGHT START
TRAIN 1
COMMAND RIGHT END
TURN 134 RESULT
TIME LEFT 4 5 RIGHT 0 5
TRAIN B23
MOVE A9 118
MOVE A10 93
MOVE A17 86
MOVE A19 93
MOVE A20 93
MOVE A21 93
MOVE A22 93
MOVE A23 93
MOVE A24 86
MOVE A25 86
MOVE A27 86
MOVE A28 86
MOVE A29 86
MOVE A30 86
MOVE A31 86
MOVE A32 86
MOVE A33 81
MOVE A34 16
MOVE B9 129
DAMAGE TURRET A16 2
DAMAGE COMBAT A16 2
DAMAGE COMBAT B13 2
END TURN 134
TURN 135
COMMAND LEFT START
MOVE A9 81
TRAIN 1
COMMAND LEFT END
COMMAND RIGHT START
TRAIN 1
COMMAND RIGHT END
TURN 135 RESULT
TIME LEFT 3 5 RIGHT 0 5
TRAIN A35 B24
MOVE A9 105
MOVE A10 81
MOVE A17 92
MOVE A19 81
MOVE A20 81
MOVE A21 81
MOVE A22 81
MOVE A23 81
MOVE A24 92
MOVE A25 92
MOVE A27 92
MOVE A28 92
MOVE A29 92
MOVE A30 92
MOVE A31 92
MOVE A32 92
MOVE A34 36
DAMAGE TURRET A18 2
DAMAGE COMBAT A18 2
DAMAGE COMBAT B13 1
END TURN 135
TURN 136
COMMAND LEFT START
MOVE A10 60
MOVE A35 81
COMMAND LEFT END
COMMAND RIGHT START
TRAIN 1
COMMAND RIGHT END
TURN 136 RESULT
TIME LEFT 3 5 RIGHT 0 5
TRAIN B25
MOVE A9 92
MOVE A10 73
MOVE A17 105
MOVE A24 105
MOVE A25 105
MOVE A27 105
MOVE A28 105
MOVE A29 105
MOVE A30 105
MOVE A31 105
MOVE A32 105
MOVE A34 47
MOVE A35 2
DAMAGE TURRET A18 2
DAMAGE COMBAT B13 1
END TURN 136
TURN 137
COMMAND LEFT START
COMMAND LEFT END
COMMAND RIGHT START
MOVE B15 203
COMMAND RIGHT END
TURN 137 RESULT
TIME LEFT 2 5 RIGHT 0 5
MOVE A9 86
MOVE A10 60
MOVE A17 118
MOVE A24 118
MOVE A25 118
MOVE A27 118
MOVE A28 118
MOVE A29 118
MOVE A30 118
MOVE A31 118
MOVE A32 118
MOVE A34 62
MOVE A35 4
MOVE B15 205
END TURN 137
TURN 138
COMMAND LEFT START
MOVE A10 181
MOVE A19 138
TRAIN 1
COMMAND LEFT END
COMMAND RIGHT START
COMMAND RIGHT END
TURN 138 RESULT
TIME LEFT 4 5 RIGHT 0 5
TRAIN A36
MOVE A9 81
MOVE A10 77
MOVE A17 124
MOVE A19 86
MOVE A24 124
MOVE A25 124
MOVE A27 124
MOVE A28 124
MOVE A29 124
MOVE A30 124
MOVE A31 124
MOVE A32 124
MOVE A34 81
MOVE A35 16
MOVE B15 203
END TURN 138
TURN 139
COMMAND LEFT START
MOVE A36 81
COMMAND LEFT END
COMMAND RIGHT START
MOVE B25 209
COMMAND RIGHT END
TURN 139 RESULT
TIME LEFT 2 5 RIGHT 0 5
MOVE A10 95
MOVE A17 129
MOVE A19 92
MOVE A24 129
MOVE A25 129
MOVE A27 129
MOVE A28 129
MOVE A29 129
MOVE A30 129
MOVE A31 129
MOVE A32 129
MOVE A35 36
MOVE A36 2
MOVE B25 209
DAMAGE TURRET A24 1
DAMAGE COMBAT A24 2
DAMAGE COMBAT B9 6
DAMAGE COMBAT B12 3
END TURN 139
TURN 140
COMMAND LEFT START
COMMAND LEFT END
COMMAND RIGHT START
TRAIN 2
COMMAND RIGHT END
TURN 140 RESULT
TIME LEFT 1 5 RIGHT 0 5
TRAIN B26 B27
MOVE A10 110
MOVE A19 105
MOVE A35 47
MOVE A36 4
DAMAGE TURRET A17 1
SIEGE B 129 8
END TURN 140
TURN 141
COMMAND LEFT START
TRAIN 1
COMMAND LEFT END
COMMAND RIGHT START
TRAIN 2
COMMAND RIGHT END
TURN 141 RESULT
TIME LEFT 4 5 RIGHT 0 5
TRAIN A37 B28 B29
MOVE A10 123
MOVE A19 118
MOVE A35 62
MOVE A36 16
DAMAGE TURRET A17 1
SIEGE B 129 4
END TURN 141
TURN 142
COMMAND LEFT START
MOVE A17 81
MOVE A25 81
MOVE A27 81
MOVE A28 81
MOVE A29 81
MOVE A30 81
MOVE A31 81
MOVE A32 81
MOVE A37 81
COMMAND LEFT END
COMMAND RIGHT START
COMMAND RIGHT END
TURN 142 RESULT
TIME LEFT 2 5 RIGHT 0 5
MOVE A10 146
MOVE A17 124
MOVE A19 124
MOVE A25 124
MOVE A27 124
MOVE A28 124
MOVE A29 124
MOVE A30 124
MOVE A31 124
MOVE A32 124
MOVE A35 81
MOVE A36 36
MOVE A37 2
END TURN 142
TURN 143
COMMAND LEFT START
TRAIN 1
COMMAND LEFT END
COMMAND RIGHT START
COMMAND RIGHT END
TURN 143 RESULT
TIME LEFT 4 5 RIGHT 0 5
TRAIN A38
MOVE A10 164
MOVE A17 118
MOVE A19 129
MOVE A25 118
MOVE A27 118
MOVE A28 118
MOVE A29 118
MOVE A30 118
MOVE A31 118
MOVE A32 118
MOVE A36 47
MOVE A37 4
END TURN 143
TURN 144
COMMAND LEFT START
MOVE A38 81
COMMAND LEFT END
COMMAND RIGHT START
COMMAND RIGHT END
TURN 144 RESULT
TIME LEFT 1 5 RIGHT 0 5
MOVE A10 181
MOVE A17 105
MOVE A19 137
MOVE A25 105
MOVE A27 105
MOVE A28 105
MOVE A29 105
MOVE A30 105
MOVE A31 105
MOVE A32 105
MOVE A36 62
MOVE A37 16
MOVE A38 2
END TURN 144
TURN 145
COMMAND LEFT START
MOVE A10 81
TRAIN 1
COMMAND LEFT END
COMMAND RIGHT START
COMMAND RIGHT END
TURN 145 RESULT
TIME LEFT 2 5 RIGHT 0 5
TRAIN A39
MOVE A10 164
MOVE A17 92
MOVE A19 133
MOVE A25 92
MOVE A27 92
MOVE A28 92
MOVE A29 92
MOVE A30 92
MOVE A31 92
MOVE A32 92
MOVE A36 81
MOVE A37 36
MOVE A38 4
END TURN 145
TURN 146
COMMAND LEFT START
MOVE A9 193
MOVE A39 81
COMMAND LEFT END
COMMAND RIGHT START
COMMAND RIGHT END
TURN 146 RESULT
TIME LEFT 3 5 RIGHT 0 5
MOVE A9 93
MOVE A10 146
MOVE A17 86
MOVE A19 132
MOVE A25 86
MOVE A27 86
MOVE A28 86
MOVE A29 86
MOVE A30 86
MOVE A31 86
MOVE A32 86
MOVE A37 47
MOVE A38 16
MOVE A39 2
END TURN 146
TURN 147
COMMAND LEFT START
COMMAND LEFT END
COMMAND RIGHT START
UPGRADE 209
COMMAND RIGHT END
TURN 147 RESULT
TIME LEFT 1 5 RIGHT 0 5
UPGRADE B 209
MOVE A9 109
MOVE A10 135
MOVE A17 81
MOVE A19 138
MOVE A25 81
MOVE A27 81
MOVE A28 81
MOVE A29 81
MOVE A30 81
MOVE A31 81
MOVE A32 81
MOVE A37 62
MOVE A38 36
MOVE A39 4
END TURN 147
TURN 148
COMMAND LEFT START
MOVE A20 203
MOVE A21 203
MOVE A22 203
MOVE A23 203
MOVE A25 203
MOVE A27 203
MOVE A28 203
MOVE A29 203
MOVE A30 203
MOVE A31 203
MOVE A32 203
MOVE A33 203
MOVE A19 106
COMMAND LEFT END
COMMAND RIGHT START
COMMAND RIGHT END
TURN 148 RESULT
TIME LEFT 4 5 RIGHT 0 5
MOVE A9 121
MOVE A10 107
MOVE A19 132
MOVE A20 93
MOVE A21 93
MOVE A22 93
MOVE A23 93
MOVE A25 93
MOVE A27 93
MOVE A28 93
MOVE A29 93
MOVE A30 93
MOVE A31 93
MOVE A32 93
MOVE A33 93
MOVE A37 81
MOVE A38 47
MOVE A39 16
END TURN 148
TURN 149
COMMAND LEFT START
COMMAND LEFT END
COMMAND RIGHT START
COMMAND RIGHT END
TURN 149 RESULT
TIME LEFT 1 5 RIGHT 0 5
MOVE A9 136
MOVE A10 93
MOVE A19 133
MOVE A20 107
MOVE A21 107
MOVE A22 107
MOVE A23 107
MOVE A25 107
MOVE A27 107
MOVE A28 107
MOVE A29 107
MOVE A30 107
MOVE A31 107
MOVE A32 107
MOVE A33 107
MOVE A38 62
MOVE A39 36
END TURN 149
TURN 150
COMMAND LEFT START
COMMAND LEFT END
COMMAND RIGHT START
COMMAND RIGHT END
TURN 150 RESULT
TIME LEFT 9 5 RIGHT 0 5
MOVE A9 151
MOVE A10 81
MOVE A19 137
MOVE A20 135
MOVE A21 135
MOVE A22 135
MOVE A23 135
MOVE A25 135
MOVE A27 135
MOVE A28 135
MOVE A29 135
MOVE A30 135
MOVE A31 135
MOVE A32 135
MOVE A33 135
MOVE A38 81
MOVE A39 47
END TURN 150
TURN 151
COMMAND LEFT START
TRAIN 1
COMMAND LEFT END
COMMAND RIGHT START
COMMAND RIGHT END
TURN 151 RESULT
TIME LEFT 6 5 RIGHT 0 5
TRAIN A40
MOVE A9 167
MOVE A19 129
MOVE A20 146
MOVE A21 146
MOVE A22 146
MOVE A23 146
MOVE A25 146
MOVE A27 146
MOVE A28 146
MOVE A29 146
MOVE A30 146
MOVE A31 146
MOVE A32 146
MOVE A33 146
MOVE A39 62
END TURN 151
TURN 152
COMMAND LEFT START
MOVE A40 81
COMMAND LEFT END
COMMAND RIGHT START
COMMAND RIGHT END
TURN 152 RESULT
TIME LEFT 3 5 RIGHT 0 5
MOVE A9 178
MOVE A19 124
MOVE A20 164
MOVE A21 164
MOVE A22 164
MOVE A23 164
MOVE A25 164
MOVE A27 164
MOVE A28 164
MOVE A29 164
MOVE A30 164
MOVE A31 164
MOVE A32 164
MOVE A33 164
MOVE A39 81
MOVE A40 2
END TURN 152
TURN 153
COMMAND LEFT START
TRAIN 1
COMMAND LEFT END
COMMAND RIGHT START
COMMAND RIGHT END
TURN 153 RESULT
TIME LEFT 2 5 RIGHT 0 5
TRAIN A41
MOVE A9 193
MOVE A19 131
MOVE A20 181
MOVE A21 181
MOVE A22 181
MOVE A23 181
MOVE A25 181
MOVE A27 181
MOVE A28 181
MOVE A29 181
MOVE A30 181
MOVE A31 181
MOVE A32 181
MOVE A33 181
MOVE A40 4
END TURN 153
TURN 154
COMMAND LEFT START
MOVE A9 81
MOVE A41 81
COMMAND LEFT END
COMMAND RIGHT START
MOVE B29 179
COMMAND RIGHT END
TURN 154 RESULT
TIME LEFT 6 5 RIGHT 0 5
MOVE A9 178
MOVE A19 125
MOVE A20 191
MOVE A21 191
MOVE A22 191
MOVE A23 191
MOVE A25 191
MOVE A27 191
MOVE A28 191
MOVE A29 191
MOVE A30 191
MOVE A31 191
MOVE A32 191
MOVE A33 191
MOVE A40 16
MOVE A41 2
MOVE B29 205
END TURN 154
TURN 155
COMMAND LEFT START
MOVE A10 95
COMMAND LEFT END
COMMAND RIGHT START
UPGRADE 209
COMMAND RIGHT END
TURN 155 RESULT
TIME LEFT 2 5 RIGHT 0 5
UPGRADE B 209
MOVE A9 167
MOVE A10 95
MOVE A19 112
MOVE A20 203
MOVE A21 203
MOVE A22 203
MOVE A23 203
MOVE A25 203
MOVE A27 203
MOVE A28 203
MOVE A29 203
MOVE A30 203
MOVE A31 203
MOVE A32 203
MOVE A33 203
MOVE A40 36
MOVE A41 4
MOVE B29 191
DAMAGE TURRET A20 2
DAMAGE COMBAT A20 3
DAMAGE COMBAT B13 2
DAMAGE COMBAT B14 6
DAMAGE COMBAT B15 4
END TURN 155
TURN 156
COMMAND LEFT START
MOVE A10 96
COMMAND LEFT END
COMMAND RIGHT START
MOVE B16 209
COMMAND RIGHT END
TURN 156 RESULT
TIME LEFT 2 5 RIGHT 0 5
MOVE A9 151
MOVE A10 96
MOVE A19 109
MOVE A40 47
MOVE A41 16
MOVE B16 209
MOVE B29 182
DAMAGE TURRET A20 1
DAMAGE TURRET A21 1
DAMAGE COMBAT A21 1
DAMAGE COMBAT B15 2
SIEGE B 203 10
END TURN 156
TURN 157
COMMAND LEFT START
MOVE A10 196
TRAIN 1
COMMAND LEFT END
COMMAND RIGHT START
TRAIN 1
COMMAND RIGHT END
TURN 157 RESULT
TIME LEFT 2 5 RIGHT 0 5
TRAIN A42 B30
MOVE A9 136
MOVE A10 110
MOVE A19 107
MOVE A40 62
MOVE A41 36
MOVE B29 179
DAMAGE TURRET A21 2
SIEGE B 203 8
END TURN 157
TURN 158
COMMAND LEFT START
MOVE A21 81
MOVE A22 81
MOVE A23 81
MOVE A25 81
MOVE A27 81
MOVE A28 81
MOVE A29 81
MOVE A30 81
MOVE A31 81
MOVE A32 81
MOVE A33 81
MOVE A17 105
MOVE A42 81
COMMAND LEFT END
COMMAND RIGHT START
COMMAND RIGHT END
TURN 158 RESULT
TIME LEFT 10 5 RIGHT 0 5
MOVE A9 121
MOVE A10 123
MOVE A17 86
MOVE A19 110
MOVE A21 191
MOVE A22 191
MOVE A23 191
MOVE A25 191
MOVE A27 191
MOVE A28 191
MOVE A29 191
MOVE A30 191
MOVE A31 191
MOVE A32 191
MOVE A33 191
MOVE A40 81
MOVE A41 47
MOVE A42 2
END TURN 158
TURN 159
COMMAND LEFT START
COMMAND LEFT END
COMMAND RIGHT START
COMMAND RIGHT END
TURN 159 RESULT
TIME LEFT 2 5 RIGHT 0 5
MOVE A9 109
MOVE A10 135
MOVE A17 92
MOVE A19 111
MOVE A21 181
MOVE A22 181
MOVE A23 181
MOVE A25 181
MOVE A27 181
MOVE A28 181
MOVE A29 181
MOVE A30 181
MOVE A31 181
MOVE A32 181
MOVE A33 181
MOVE A41 62
MOVE A42 4
END TURN 159
TURN 160
COMMAND LEFT START
COMMAND LEFT END
COMMAND RIGHT START
COMMAND RIGHT END
TURN 160 RESULT
TIME LEFT 1 5 RIGHT 0 5
MOVE A9 93
MOVE A10 144
MOVE A17 105
MOVE A19 106
MOVE A21 164
MOVE A22 164
MOVE A23 164
MOVE A25 164
MOVE A27 164
MOVE A28 164
MOVE A29 164
MOVE A30 164
MOVE A31 164
MOVE A32 164
MOVE A33 164
MOVE A41 81
MOVE A42 16
END TURN 160
TURN 161
COMMAND LEFT START
MOVE A19 81
COMMAND LEFT END
COMMAND RIGHT START
COMMAND RIGHT END
TURN 161 RESULT
TIME LEFT 1 5 RIGHT 0 5
MOVE A9 81
MOVE A10 158
MOVE A19 111
MOVE A21 146
MOVE A22 146
MOVE A23 146
MOVE A25 146
MOVE A27 146
MOVE A28 146
MOVE A29 146
MOVE A30 146
MOVE A31 146
MOVE A32 146
MOVE A33 146
MOVE A42 36
END TURN 161
TURN 162
COMMAND LEFT START
COMMAND LEFT END
COMMAND RIGHT START
COMMAND RIGHT END
TURN 162 RESULT
TIME LEFT 1 5 RIGHT 0 5
MOVE A10 167
MOVE A19 96
MOVE A21 135
MOVE A22 135
MOVE A23 135
MOVE A25 135
MOVE A27 135
MOVE A28 135
MOVE A29 135
MOVE A30 135
MOVE A31 135
MOVE A32 135
MOVE A33 135
MOVE A42 47
END TURN 162
TURN 163
COMMAND LEFT START
COMMAND LEFT END
COMMAND RIGHT START
COMMAND RIGHT END
TURN 163 RESULT
TIME LEFT 2 5 RIGHT 0 5
MOVE A10 186
MOVE A19 95
MOVE A21 107
MOVE A22 107
MOVE A23 107
MOVE A25 107
MOVE A27 107
MOVE A28 107
MOVE A29 107
MOVE A30 107
MOVE A31 107
MOVE A32 107
MOVE A33 107
MOVE A42 62
END TURN 163
TURN 164
COMMAND LEFT START
COMMAND LEFT END
COMMAND RIGHT START
COMMAND RIGHT END
TURN 164 RESULT
TIME LEFT 3 5 RIGHT 0 5
MOVE A10 196
MOVE A19 81
MOVE A21 93
MOVE A22 93
MOVE A23 93
MOVE A25 93
MOVE A27 93
MOVE A28 93
MOVE A29 93
MOVE A30 93
MOVE A31 93
MOVE A32 93
MOVE A33 93
MOVE A42 81
END TURN 164
TURN 165
COMMAND LEFT START
MOVE A10 81
COMMAND LEFT END
COMMAND RIGHT START
COMMAND RIGHT END
TURN 165 RESULT
TIME LEFT 2 5 RIGHT 0 5
MOVE A10 186
MOVE A21 81
MOVE A22 81
MOVE A23 81
MOVE A25 81
MOVE A27 81
MOVE A28 81
MOVE A29 81
MOVE A30 81
MOVE A31 81
MOVE A32 81
MOVE A33 81
END TURN 165
TURN 166
COMMAND LEFT START
MOVE A19 209
MOVE A22 209
MOVE A23 209
MOVE A25 209
MOVE A27 209
MOVE A28 209
MOVE A29 209
MOVE A30 209
MOVE A31 209
MOVE A32 209
MOVE A33 209
MOVE A34 209
MOVE A35 209
COMMAND LEFT END
COMMAND RIGHT START
MOVE B30 105
COMMAND RIGHT END
TURN 166 RESULT
TIME LEFT 3 5 RIGHT 0 5
MOVE A10 167
MOVE A19 93
MOVE A22 93
MOVE A23 93
MOVE A25 93
MOVE A27 93
MOVE A28 93
MOVE A29 93
MOVE A30 93
MOVE A31 93
MOVE A32 93
MOVE A33 93
MOVE A34 93
MOVE A35 93
MOVE B30 202
END TURN 166
TURN 167
COMMAND LEFT START
COMMAND LEFT END
COMMAND RIGHT START
COMMAND RIGHT END
TURN 167 RESULT
TIME LEFT 1 5 RIGHT 0 5
MOVE A10 151
MOVE A19 109
MOVE A22 109
MOVE A23 109
MOVE A25 109
MOVE A27 109
MOVE A28 109
MOVE A29 109
MOVE A30 109
MOVE A31 109
MOVE A32 109
MOVE A33 109
MOVE A34 109
MOVE A35 109
MOVE B30 196
END TURN 167
TURN 168
COMMAND LEFT START
COMMAND LEFT END
COMMAND RIGHT START
UPGRADE 179
COMMAND RIGHT END
TURN 168 RESULT
TIME LEFT 2 5 RIGHT 0 5
UPGRADE B 179
MOVE A10 136
MOVE A19 121
MOVE A22 121
MOVE A23 121
MOVE A25 121
MOVE A27 121
MOVE A28 121
MOVE A29 121
MOVE A30 121
MOVE A31 121
MOVE A32 121
MOVE A33 121
MOVE A34 121
MOVE A35 121
MOVE B30 187
END TURN 168
TURN 169
COMMAND LEFT START
COMMAND LEFT END
COMMAND RIGHT START
MOVE B28 179
MOVE B27 179
MOVE B26 179
MOVE B24 179
MOVE B23 179
MOVE B22 179
MOVE B21 179
MOVE B20 179
COMMAND RIGHT END
TURN 169 RESULT
TIME LEFT 2 5 RIGHT 0 5
MOVE A10 121
MOVE A19 136
MOVE A22 136
MOVE A23 136
MOVE A25 136
MOVE A27 136
MOVE A28 136
MOVE A29 136
MOVE A30 136
MOVE A31 136
MOVE A32 136
MOVE A33 136
MOVE A34 136
MOVE A35 136
MOVE B20 205
MOVE B21 205
MOVE B22 205
MOVE B23 205
MOVE B24 205
MOVE B26 205
MOVE B27 205
MOVE B28 205
MOVE B30 170
END TURN 169
TURN 170
COMMAND LEFT START
COMMAND LEFT END
COMMAND RIGHT START
COMMAND RIGHT END
TURN 170 RESULT
TIME LEFT 2 5 RIGHT 0 5
MOVE A10 109
MOVE A19 151
MOVE A22 151
MOVE A23 151
MOVE A25 151
MOVE A27 151
MOVE A28 151
MOVE A29 151
MOVE A30 151
MOVE A31 151
MOVE A32 151
MOVE A33 151
MOVE A34 151
MOVE A35 151
MOVE B20 191
MOVE B21 191
MOVE B22 191
MOVE B23 191
MOVE B24 191
MOVE B26 191
MOVE B27 191
MOVE B28 191
MOVE B30 155
END TURN 170
TURN 171
COMMAND LEFT START
COMMAND LEFT END
COMMAND RIGHT START
COMMAND RIGHT END
TURN 171 RESULT
TIME LEFT 2 5 RIGHT 0 5
MOVE A10 93
MOVE A19 167
MOVE A22 167
MOVE A23 167
MOVE A25 167
MOVE A27 167
MOVE A28 167
MOVE A29 167
MOVE A30 167
MOVE A31 167
MOVE A32 167
MOVE A33 167
MOVE A34 167
MOVE A35 167
MOVE B20 182
MOVE B21 182
MOVE B22 182
MOVE B23 182
MOVE B24 182
MOVE B26 182
MOVE B27 182
MOVE B28 182
MOVE B30 147
END TURN 171
TURN 172
COMMAND LEFT START
MOVE A9 105
MOVE A21 105
MOVE A36 105
MOVE A37 105
MOVE A38 105
MOVE A39 105
MOVE A40 105
MOVE A41 105
MOVE A42 105
UPGRADE 105
COMMAND LEFT END
COMMAND RIGHT START
COMMAND RIGHT END
TURN 172 RESULT
TIME LEFT 3 5 RIGHT 0 5
UPGRADE A 105
MOVE A9 86
MOVE A10 81
MOVE A19 186
MOVE A21 86
MOVE A22 186
MOVE A23 186
MOVE A25 186
MOVE A27 186
MOVE A28 186
MOVE A29 186
MOVE A30 186
MOVE A31 186
MOVE A32 186
MOVE A33 186
MOVE A34 186
MOVE A35 186
MOVE A36 86
MOVE A37 86
MOVE A38 86
MOVE A39 86
MOVE A40 86
MOVE A41 86
MOVE A42 86
MOVE B20 179
MOVE B21 179
MOVE B22 179
MOVE B23 179
MOVE B24 179
MOVE B26 179
MOVE B27 179
MOVE B28 179
MOVE B30 125
END TURN 172
TURN 173
COMMAND LEFT START
MOVE A10 193
COMMAND LEFT END
COMMAND RIGHT START
COMMAND RIGHT END
TURN 173 RESULT
TIME LEFT 1 5 RIGHT 0 5
MOVE A9 92
MOVE A10 93
MOVE A19 196
MOVE A21 92
MOVE A22 196
MOVE A23 196
MOVE A25 196
MOVE A27 196
MOVE A28 196
MOVE A29 196
MOVE A30 196
MOVE A31 196
MOVE A32 196
MOVE A33 196
MOVE A34 196
MOVE A35 196
MOVE A36 92
MOVE A37 92
MOVE A38 92
MOVE A39 92
MOVE A40 92
MOVE A41 92
MOVE A42 92
MOVE B30 105
DAMAGE TURRET B30 1
DAMAGE COMBAT A17 1
DAMAGE COMBAT B30 1
END TURN 173
TURN 174
COMMAND LEFT START
TRAIN 1
COMMAND LEFT END
COMMAND RIGHT START
MOVE B16 210
MOVE B25 210
MOVE B20 210
MOVE B21 210
MOVE B22 210
MOVE B23 210
MOVE B24 210
MOVE B26 210
TRAIN 2
COMMAND RIGHT END
TURN 174 RESULT
TIME LEFT 1 5 RIGHT 0 5
TRAIN A43 B31 B32
MOVE A9 105
MOVE A10 109
MOVE A19 206
MOVE A21 105
MOVE A22 206
MOVE A23 206
MOVE A25 206
MOVE A27 206
MOVE A28 206
MOVE A29 206
MOVE A30 206
MOVE A31 206
MOVE A32 206
MOVE A33 206
MOVE A34 206
MOVE A35 206
MOVE A36 105
MOVE A37 105
MOVE A38 105
MOVE A39 105
MOVE A40 105
MOVE A41 105
MOVE A42 105
MOVE B16 210
MOVE B20 182
MOVE B21 182
MOVE B22 182
MOVE B23 182
MOVE B24 182
MOVE B25 210
MOVE B26 182
DAMAGE TURRET B30 1
DAMAGE COMBAT A9 1
DAMAGE COMBAT B30 3
END TURN 174
TURN 175
COMMAND LEFT START
MOVE A36 94
MOVE A43 105
COMMAND LEFT END
COMMAND RIGHT START
MOVE B28 210
MOVE B29 210
TRAIN 1
COMMAND RIGHT END
TURN 175 RESULT
TIME LEFT 7 5 RIGHT 0 5
TRAIN B33
MOVE A10 121
MOVE A19 209
MOVE A22 209
MOVE A23 209
MOVE A25 209
MOVE A27 209
MOVE A28 209
MOVE A29 209
MOVE A30 209
MOVE A31 209
MOVE A32 209
MOVE A33 209
MOVE A34 209
MOVE A35 209
MOVE A36 112
MOVE A43 8
MOVE B20 191
MOVE B21 191
MOVE B22 191
MOVE B23 191
MOVE B24 191
MOVE B26 191
MOVE B28 182
MOVE B29 182
DAMAGE TURRET A19 1
SIEGE B 209 12
END TURN 175
TURN 176
COMMAND LEFT START
MOVE A19 210
MOVE A22 210
MOVE A23 210
MOVE A25 210
MOVE A27 210
MOVE A28 210
MOVE A29 210
MOVE A30 210
MOVE A31 210
MOVE A32 210
MOVE A33 210
COMMAND LEFT END
COMMAND RIGHT START
COMMAND RIGHT END
TURN 176 RESULT
TIME LEFT 5 5 RIGHT 0 5
MOVE A10 136
MOVE A19 210
MOVE A22 210
MOVE A23 210
MOVE A25 210
MOVE A27 210
MOVE A28 210
MOVE A29 210
MOVE A30 210
MOVE A31 210
MOVE A32 210
MOVE A33 210
MOVE A36 109
MOVE A43 14
MOVE B20 205
MOVE B21 205
MOVE B22 205
MOVE B23 205
MOVE B24 205
MOVE B26 205
MOVE B28 191
MOVE B29 191
DAMAGE TURRET A19 2
DAMAGE COMBAT A19 3
DAMAGE COMBAT A22 5
DAMAGE COMBAT B16 6
DAMAGE COMBAT B17 5
END TURN 176
TURN 177
COMMAND LEFT START
MOVE A34 105
MOVE A35 105
MOVE A17 109
COMMAND LEFT END
COMMAND RIGHT START
COMMAND RIGHT END
TURN 177 RESULT
TIME LEFT 2 5 RIGHT 0 5
MOVE A10 151
MOVE A17 112
MOVE A34 204
MOVE A35 204
MOVE A36 107
MOVE A43 23
MOVE B20 210
MOVE B21 210
MOVE B22 210
MOVE B23 210
MOVE B24 210
MOVE B26 210
MOVE B28 205
MOVE B29 205
DAMAGE TURRET A22 1
DAMAGE TURRET A23 1
DAMAGE COMBAT A23 5
DAMAGE COMBAT A25 6
DAMAGE COMBAT A27 2
DAMAGE COMBAT B17 1
DAMAGE COMBAT B18 6
DAMAGE COMBAT B19 3
END TURN 177
TURN 178
COMMAND LEFT START
COMMAND LEFT END
COMMAND RIGHT START
COMMAND RIGHT END
TURN 178 RESULT
TIME LEFT 3 5 RIGHT 0 5
MOVE A10 167
MOVE A17 109
MOVE A34 198
MOVE A35 198
MOVE A36 95
MOVE A43 40
MOVE B28 210
MOVE B29 210
DAMAGE TURRET A27 2
DAMAGE COMBAT A27 2
DAMAGE COMBAT A28 6
DAMAGE COMBAT A29 5
DAMAGE COMBAT B19 3
DAMAGE COMBAT B20 4
END TURN 178
TURN 179
COMMAND LEFT START
COMMAND LEFT END
COMMAND RIGHT START
COMMAND RIGHT END
TURN 179 RESULT
TIME LEFT 2 5 RIGHT 0 5
MOVE A10 178
MOVE A34 189
MOVE A35 189
MOVE A36 96
MOVE A43 55
DAMAGE TURRET A29 1
DAMAGE TURRET A30 1
DAMAGE COMBAT A30 5
DAMAGE COMBAT A31 6
DAMAGE COMBAT A32 1
DAMAGE COMBAT B20 2
DAMAGE COMBAT B21 3
END TURN 179
TURN 180
COMMAND LEFT START
COMMAND LEFT END
COMMAND RIGHT START
COMMAND RIGHT END
TURN 180 RESULT
TIME LEFT 2 5 RIGHT 0 5
MOVE A10 193
MOVE A34 174
MOVE A35 174
MOVE A36 94
MOVE A43 63
DAMAGE TURRET A32 2
DAMAGE COMBAT A32 3
DAMAGE COMBAT A33 6
DAMAGE COMBAT B21 2
END TURN 180
TURN 181
COMMAND LEFT START
MOVE A10 105
MOVE A36 138
COMMAND LEFT END
COMMAND RIGHT START
MOVE B33 179
MOVE B32 179
MOVE B31 179
MOVE B29 179
MOVE B28 179
MOVE B26 179
MOVE B25 179
MOVE B24 179
COMMAND RIGHT END
TURN 181 RESULT
TIME LEFT 2 5 RIGHT 0 5
MOVE A10 178
MOVE A34 163
MOVE A35 163
MOVE A36 96
MOVE A43 85
MOVE B24 205
MOVE B25 205
MOVE B26 205
MOVE B28 205
MOVE B29 205
MOVE B31 205
MOVE B32 205
MOVE B33 205
END TURN 181
TURN 182
COMMAND LEFT START
COMMAND LEFT END
COMMAND RIGHT START
COMMAND RIGHT END
TURN 182 RESULT
TIME LEFT 1 5 RIGHT 0 5
MOVE A10 167
MOVE A34 149
MOVE A35 149
MOVE A36 95
MOVE A43 105
MOVE B24 191
MOVE B25 191
MOVE B26 191
MOVE B28 191
MOVE B29 191
MOVE B31 191
MOVE B32 191
MOVE B33 191
END TURN 182
TURN 183
COMMAND LEFT START
COMMAND LEFT END
COMMAND RIGHT START
COMMAND RIGHT END
TURN 183 RESULT
TIME LEFT 1 5 RIGHT 0 5
MOVE A10 151
MOVE A34 131
MOVE A35 131
MOVE A36 107
MOVE B24 182
MOVE B25 182
MOVE B26 182
MOVE B28 182
MOVE B29 182
MOVE B31 182
MOVE B32 182
MOVE B33 182
END TURN 183
TURN 184
COMMAND LEFT START
MOVE A21 99
UPGRADE 109
COMMAND LEFT END
COMMAND RIGHT START
COMMAND RIGHT END
TURN 184 RESULT
TIME LEFT 4 5 RIGHT 0 5
UPGRADE A 109
MOVE A10 130
MOVE A21 98
MOVE A34 105
MOVE A35 105
MOVE A36 109
MOVE B24 179
MOVE B25 179
MOVE B26 179
MOVE B28 179
MOVE B29 179
MOVE B31 179
MOVE B32 179
MOVE B33 179
END TURN 184
TURN 185
COMMAND LEFT START
COMMAND LEFT END
COMMAND RIGHT START
COMMAND RIGHT END
TURN 185 RESULT
TIME LEFT 2 5 RIGHT 0 5
MOVE A10 125
MOVE A21 101
MOVE A36 112
END TURN 185
TURN 186
COMMAND LEFT START
COMMAND LEFT END
COMMAND RIGHT START
COMMAND RIGHT END
TURN 186 RESULT
TIME LEFT 1 5 RIGHT 0 5
MOVE A10 105
MOVE A21 103
MOVE A36 125
END TURN 186
TURN 187
COMMAND LEFT START
COMMAND LEFT END
COMMAND RIGHT START
MOVE B33 129
COMMAND RIGHT END
TURN 187 RESULT
TIME LEFT 2 5 RIGHT 0 5
MOVE A21 100
MOVE A36 131
MOVE B33 182
END TURN 187
TURN 188
COMMAND LEFT START
COMMAND LEFT END
COMMAND RIGHT START
COMMAND RIGHT END
TURN 188 RESULT
TIME LEFT 2 5 RIGHT 0 5
MOVE A21 99
MOVE A36 124
MOVE B33 181
END TURN 188
TURN 189
COMMAND LEFT START
MOVE A10 101
UPGRADE 99
COMMAND LEFT END
COMMAND RIGHT START
COMMAND RIGHT END
TURN 189 RESULT
TIME LEFT 3 5 RIGHT 0 5
UPGRADE A 99
MOVE A10 98
MOVE A36 129
MOVE B33 171
END TURN 189
TURN 190
COMMAND LEFT START
COMMAND LEFT END
COMMAND RIGHT START
COMMAND RIGHT END
TURN 190 RESULT
TIME LEFT 1 5 RIGHT 0 5
MOVE A10 101
MOVE A36 137
MOVE B33 167
END TURN 190
TURN 191
COMMAND LEFT START
COMMAND LEFT END
COMMAND RIGHT START
UPGRADE 179
COMMAND RIGHT END
TURN 191 RESULT
TIME LEFT 2 5 RIGHT 0 5
UPGRADE B 179
MOVE A36 133
MOVE B33 155
END TURN 191
TURN 192
COMMAND LEFT START
COMMAND LEFT END
COMMAND RIGHT START
COMMAND RIGHT END
TURN 192 RESULT
TIME LEFT 2 5 RIGHT 0 5
MOVE A36 132
MOVE B33 149
END TURN 192
TURN 193
COMMAND LEFT START
COMMAND LEFT END
COMMAND RIGHT START
MOVE B26 101
MOVE B27 101
MOVE B28 101
MOVE B29 101
MOVE B31 101
COMMAND RIGHT END
TURN 193 RESULT
TIME LEFT 2 5 RIGHT 0 5
MOVE A36 138
MOVE B26 162
MOVE B27 162
MOVE B28 162
MOVE B29 162
MOVE B31 162
MOVE B33 148
END TURN 193
TURN 194
COMMAND LEFT START
MOVE A34 129
MOVE A36 105
UPGRADE 101
COMMAND LEFT END
COMMAND RIGHT START
COMMAND RIGHT END
TURN 194 RESULT
TIME LEFT 15 5 RIGHT 0 5
UPGRADE A 101
MOVE A34 118
MOVE A36 132
MOVE B26 164
MOVE B27 164
MOVE B28 164
MOVE B29 164
MOVE B31 164
MOVE B33 129
END TURN 194
TURN 195
COMMAND LEFT START
MOVE A35 196
COMMAND LEFT END
COMMAND RIGHT START
COMMAND RIGHT END
TURN 195 RESULT
TIME LEFT 4 5 RIGHT 0 5
MOVE A34 124
MOVE A35 125
MOVE A36 133
MOVE B26 158
MOVE B27 158
MOVE B28 158
MOVE B29 158
MOVE B31 158
END TURN 195
TURN 196
COMMAND LEFT START
COMMAND LEFT END
COMMAND RIGHT START
COMMAND RIGHT END
TURN 196 RESULT
TIME LEFT 1 5 RIGHT 0 5
MOVE A34 129
MOVE A35 147
MOVE A36 137
MOVE B26 151
MOVE B27 151
MOVE B28 151
MOVE B29 151
MOVE B31 151
DAMAGE COMBAT A34 1
DAMAGE COMBAT B33 1
END TURN 196
TURN 197
COMMAND LEFT START
COMMAND LEFT END
COMMAND RIGHT START
COMMAND RIGHT END
TURN 197 RESULT
TIME LEFT 2 5 RIGHT 0 5
MOVE A35 155
MOVE A36 129
MOVE B26 147
MOVE B27 147
MOVE B28 147
MOVE B29 147
MOVE B31 147
DAMAGE COMBAT A34 1
DAMAGE COMBAT B33 2
END TURN 197
TURN 198
COMMAND LEFT START
MOVE A37 101
MOVE A38 101
MOVE A39 101
COMMAND LEFT END
COMMAND RIGHT START
COMMAND RIGHT END
TURN 198 RESULT
TIME LEFT 2 5 RIGHT 0 5
MOVE A35 170
MOVE A37 98
MOVE A38 98
MOVE A39 98
MOVE B26 131
MOVE B27 131
MOVE B28 131
MOVE B29 131
MOVE B31 131
DAMAGE COMBAT A34 1
DAMAGE COMBAT B33 2
END TURN 198
TURN 199
COMMAND LEFT START
UPGRADE 105
COMMAND LEFT END
COMMAND RIGHT START
COMMAND RIGHT END
TURN 199 RESULT
TIME LEFT 2 5 RIGHT 0 5
UPGRADE A 105
MOVE A35 187
MOVE A37 101
MOVE A38 101
MOVE A39 101
MOVE B26 118
MOVE B27 118
MOVE B28 118
MOVE B29 118
MOVE B31 118
DAMAGE COMBAT A34 1
DAMAGE COMBAT B33 1
END TURN 199
TURN 200
COMMAND LEFT START
MOVE A41 101
COMMAND LEFT END
COMMAND RIGHT START
COMMAND RIGHT END
TURN 200 RESULT
TIME LEFT 2 5 RIGHT 0 5
MOVE A35 196
MOVE A36 124
MOVE A41 98
MOVE B26 101
MOVE B27 101
MOVE B28 101
MOVE B29 101
MOVE B31 101
DAMAGE TURRET B26 1
DAMAGE COMBAT A10 2
DAMAGE COMBAT A37 3
DAMAGE COMBAT B26 4
END TURN 200
TURN 201
COMMAND LEFT START
MOVE A42 101
MOVE A43 101
MOVE A35 101
COMMAND LEFT END
COMMAND RIGHT START
COMMAND RIGHT END
TURN 201 RESULT
TIME LEFT 2 5 RIGHT 0 5
MOVE A35 187
MOVE A36 118
MOVE A41 101
MOVE A42 98
MOVE A43 98
DAMAGE TURRET B26 1
DAMAGE COMBAT A37 3
DAMAGE COMBAT A38 2
DAMAGE COMBAT B27 4
END TURN 201
TURN 202
COMMAND LEFT START
UPGRADE 129
COMMAND LEFT END
COMMAND RIGHT START
COMMAND RIGHT END
TURN 202 RESULT
TIME LEFT 2 5 RIGHT 0 5
UPGRADE A 129
MOVE A35 165
MOVE A36 105
MOVE A42 101
MOVE A43 101
DAMAGE TURRET B27 1
DAMAGE COMBAT A38 4
DAMAGE COMBAT B27 1
DAMAGE COMBAT B28 4
END TURN 202
TURN 203
COMMAND LEFT START
MOVE A41 107
TRAIN 1
COMMAND LEFT END
COMMAND RIGHT START
UPGRADE 179
COMMAND RIGHT END
TURN 203 RESULT
TIME LEFT 2 5 RIGHT 0 5
UPGRADE B 179
TRAIN A44
MOVE A35 149
DAMAGE TURRET B28 1
DAMAGE COMBAT A39 3
DAMAGE COMBAT B28 1
DAMAGE COMBAT B29 3
END TURN 203
TURN 204
COMMAND LEFT START
MOVE A44 105
TRAIN 1
COMMAND LEFT END
COMMAND RIGHT START
COMMAND RIGHT END
TURN 204 RESULT
TIME LEFT 3 5 RIGHT 0 5
TRAIN A45
MOVE A35 124
MOVE A44 8
DAMAGE TURRET B29 1
DAMAGE COMBAT A39 2
DAMAGE COMBAT B29 2
DAMAGE COMBAT B31 2
END TURN 204
TURN 205
COMMAND LEFT START
MOVE A45 105
TRAIN 1
COMMAND LEFT END
COMMAND RIGHT START
TRAIN 1
COMMAND RIGHT END
TURN 205 RESULT
TIME LEFT 1 5 RIGHT 0 5
TRAIN A46 B34
MOVE A35 101
MOVE A44 14
MOVE A45 8
DAMAGE TURRET B31 1
DAMAGE COMBAT A39 1
DAMAGE COMBAT B31 3
END TURN 205
TURN 206
COMMAND LEFT START
MOVE A42 105
MOVE A43 105
MOVE A46 105
TRAIN 2
COMMAND LEFT END
COMMAND RIGHT START
MOVE B34 179
COMMAND RIGHT END
TURN 206 RESULT
TIME LEFT 3 5 RIGHT 0 5
TRAIN A47 A48
MOVE A41 98
MOVE A42 98
MOVE A43 98
MOVE A44 23
MOVE A45 14
MOVE A46 8
MOVE B34 205
END TURN 206
TURN 207
COMMAND LEFT START
MOVE A47 105
MOVE A48 105
TRAIN 1
COMMAND LEFT END
COMMAND RIGHT START
COMMAND RIGHT END
TURN 207 RESULT
TIME LEFT 1 5 RIGHT 0 5
TRAIN A49
MOVE A41 105
MOVE A42 105
MOVE A43 105
MOVE A44 40
MOVE A45 23
MOVE A46 14
MOVE A47 8
MOVE A48 8
MOVE B34 191
END TURN 207
TURN 208
COMMAND LEFT START
MOVE A49 105
TRAIN 1
COMMAND LEFT END
COMMAND RIGHT START
COMMAND RIGHT END
TURN 208 RESULT
TIME LEFT 2 5 RIGHT 0 5
TRAIN A50
MOVE A41 112
MOVE A44 55
MOVE A45 40
MOVE A46 23
MOVE A47 14
MOVE A48 14
MOVE A49 8
MOVE B34 182
END TURN 208
TURN 209
COMMAND LEFT START
MOVE A50 105
TRAIN 1
COMMAND LEFT END
COMMAND RIGHT START
COMMAND RIGHT END
TURN 209 RESULT
TIME LEFT 1 5 RIGHT 0 5
TRAIN A51
MOVE A41 109
MOVE A44 63
MOVE A45 55
MOVE A46 40
MOVE A47 23
MOVE A48 23
MOVE A49 14
MOVE A50 8
MOVE B34 179
END TURN 209
TURN 210
COMMAND LEFT START
MOVE A51 105
TRAIN 2
COMMAND LEFT END
COMMAND RIGHT START
COMMAND RIGHT END
TURN 210 RESULT
TIME LEFT 3 5 RIGHT 0 5
TRAIN A52 A53
MOVE A41 107
MOVE A44 85
MOVE A45 63
MOVE A46 55
MOVE A47 40
MOVE A48 40
MOVE A49 23
MOVE A50 14
MOVE A51 8
END TURN 210
TURN 211
COMMAND LEFT START
MOVE A41 193
MOVE A52 105
MOVE A53 105
TRAIN 1
COMMAND LEFT END
COMMAND RIGHT START
COMMAND RIGHT END
TURN 211 RESULT
TIME LEFT 3 5 RIGHT 0 5
TRAIN A54
MOVE A41 121
MOVE A44 105
MOVE A45 85
MOVE A46 63
MOVE A47 55
MOVE A48 55
MOVE A49 40
MOVE A50 23
MOVE A51 14
MOVE A52 8
MOVE A53 8
END TURN 211
TURN 212
COMMAND LEFT START
MOVE A54 105
TRAIN 1
COMMAND LEFT END
COMMAND RIGHT START
COMMAND RIGHT END
TURN 212 RESULT
TIME LEFT 1 5 RIGHT 0 5
TRAIN A55
MOVE A41 136
MOVE A45 105
MOVE A46 85
MOVE A47 63
MOVE A48 63
MOVE A49 55
MOVE A50 40
MOVE A51 23
MOVE A52 14
MOVE A53 14
MOVE A54 8
END TURN 212
TURN 213
COMMAND LEFT START
MOVE A40 192
MOVE A55 105
TRAIN 1
COMMAND LEFT END
COMMAND RIGHT START
TRAIN 1
COMMAND RIGHT END
TURN 213 RESULT
TIME LEFT 5 5 RIGHT 0 5
TRAIN A56 B35
MOVE A40 112
MOVE A41 151
MOVE A46 105
MOVE A47 85
MOVE A48 85
MOVE A49 63
MOVE A50 55
MOVE A51 40
MOVE A52 23
MOVE A53 23
MOVE A54 14
MOVE A55 8
END TURN 213
TURN 214
COMMAND LEFT START
MOVE A56 105
TRAIN 1
COMMAND LEFT END
COMMAND RIGHT START
MOVE B35 179
COMMAND RIGHT END
TURN 214 RESULT
TIME LEFT 2 5 RIGHT 0 5
TRAIN A57
MOVE A40 121
MOVE A41 167
MOVE A47 105
MOVE A48 105
MOVE A49 85
MOVE A50 63
MOVE A51 55
MOVE A52 40
MOVE A53 40
MOVE A54 23
MOVE A55 14
MOVE A56 8
MOVE B35 205
END TURN 214
TURN 215
COMMAND LEFT START
MOVE A57 105
TRAIN 1
COMMAND LEFT END
COMMAND RIGHT START
TRAIN 1
COMMAND RIGHT END
TURN 215 RESULT
TIME LEFT 1 5 RIGHT 0 5
TRAIN A58 B36
MOVE A40 135
MOVE A41 178
MOVE A49 105
MOVE A50 85
MOVE A51 63
MOVE A52 55
MOVE A53 55
MOVE A54 40
MOVE A55 23
MOVE A56 14
MOVE A57 8
MOVE B35 191
END TURN 215
TURN 216
COMMAND LEFT START
MOVE A58 105
TRAIN 1
COMMAND LEFT END
COMMAND RIGHT START
MOVE B36 179
COMMAND RIGHT END
TURN 216 RESULT
TIME LEFT 2 5 RIGHT 0 5
TRAIN A59
MOVE A40 146
MOVE A41 193
MOVE A50 105
MOVE A51 85
MOVE A52 63
MOVE A53 63
MOVE A54 55
MOVE A55 40
MOVE A56 23
MOVE A57 14
MOVE A58 8
MOVE B35 182
MOVE B36 205
END TURN 216
TURN 217
COMMAND LEFT START
MOVE A41 105
MOVE A59 105
TRAIN 1
COMMAND LEFT END
COMMAND RIGHT START
TRAIN 1
COMMAND RIGHT END
TURN 217 RESULT
TIME LEFT 2 5 RIGHT 0 5
TRAIN A60 B37
MOVE A40 153
MOVE A41 178
MOVE A51 105
MOVE A52 85
MOVE A53 85
MOVE A54 63
MOVE A55 55
MOVE A56 40
MOVE A57 23
MOVE A58 14
MOVE A59 8
MOVE B35 179
MOVE B36 191
END TURN 217
TURN 218
COMMAND LEFT START
MOVE A42 107
MOVE A60 105
TRAIN 1
COMMAND LEFT END
COMMAND RIGHT START
MOVE B35 209
MOVE B37 179
COMMAND RIGHT END
TURN 218 RESULT
TIME LEFT 2 5 RIGHT 0 5
TRAIN A61
MOVE A40 162
MOVE A41 167
MOVE A42 112
MOVE A52 105
MOVE A53 105
MOVE A54 85
MOVE A55 63
MOVE A56 55
MOVE A57 40
MOVE A58 23
MOVE A59 14
MOVE A60 8
MOVE B35 182
MOVE B36 182
MOVE B37 205
END TURN 218
TURN 219
COMMAND LEFT START
MOVE A61 105
TRAIN 1
COMMAND LEFT END
COMMAND RIGHT START
TRAIN 1
COMMAND RIGHT END
TURN 219 RESULT
TIME LEFT 2 5 RIGHT 0 5
TRAIN A62 B38
MOVE A40 179
MOVE A41 151
MOVE A42 109
MOVE A54 105
MOVE A55 85
MOVE A56 63
MOVE A57 55
MOVE A58 40
MOVE A59 23
MOVE A60 14
MOVE A61 8
MOVE B35 191
MOVE B36 179
MOVE B37 191
DAMAGE TURRET A40 2
DAMAGE COMBAT A40 4
DAMAGE COMBAT B24 1
END TURN 219
TURN 220
COMMAND LEFT START
MOVE A43 179
MOVE A44 179
MOVE A45 179
MOVE A46 179
MOVE A47 179
MOVE A48 179
MOVE A49 179
MOVE A50 179
MOVE A51 179
MOVE A52 179
MOVE A53 179
MOVE A62 105
TRAIN 1
COMMAND LEFT END
COMMAND RIGHT START
MOVE B38 179
TRAIN 1
COMMAND RIGHT END
TURN 220 RESULT
TIME LEFT 5 5 RIGHT 0 5
TRAIN A63 B39
MOVE A41 130
MOVE A42 107
MOVE A43 112
MOVE A44 112
MOVE A45 112
MOVE A46 112
MOVE A47 112
MOVE A48 112
MOVE A49 112
MOVE A50 112
MOVE A51 112
MOVE A52 112
MOVE A53 112
MOVE A55 105
MOVE A56 85
MOVE A57 63
MOVE A58 55
MOVE A59 40
MOVE A60 23
MOVE A61 14
MOVE A62 8
MOVE B35 195
MOVE B37 182
MOVE B38 205
END TURN 220
TURN 221
COMMAND LEFT START
MOVE A42 96
MOVE A63 105
COMMAND LEFT END
COMMAND RIGHT START
MOVE B39 179
COMMAND RIGHT END
TURN 221 RESULT
TIME LEFT 2 5 RIGHT 0 5
MOVE A41 125
MOVE A42 95
MOVE A43 121
MOVE A44 121
MOVE A45 121
MOVE A46 121
MOVE A47 121
MOVE A48 121
MOVE A49 121
MOVE A50 121
MOVE A51 121
MOVE A52 121
MOVE A53 121
MOVE A56 105
MOVE A57 85
MOVE A58 63
MOVE A59 55
MOVE A60 40
MOVE A61 23
MOVE A62 14
MOVE A63 8
MOVE B35 202
MOVE B37 179
MOVE B38 191
MOVE B39 205
END TURN 221
TURN 222
COMMAND LEFT START
TRAIN 1
COMMAND LEFT END
COMMAND RIGHT START
TRAIN 1
COMMAND RIGHT END
TURN 222 RESULT
TIME LEFT 6 5 RIGHT 0 5
TRAIN A64 B40
MOVE A41 105
MOVE A42 96
MOVE A43 135
MOVE A44 135
MOVE A45 135
MOVE A46 135
MOVE A47 135
MOVE A48 135
MOVE A49 135
MOVE A50 135
MOVE A51 135
MOVE A52 135
MOVE A53 135
MOVE A57 105
MOVE A58 85
MOVE A59 63
MOVE A60 55
MOVE A61 40
MOVE A62 23
MOVE A63 14
MOVE B35 208
MOVE B38 182
MOVE B39 191
END TURN 222
TURN 223
COMMAND LEFT START
MOVE A42 193
MOVE A64 105
TRAIN 1
COMMAND LEFT END
COMMAND RIGHT START
MOVE B40 179
COMMAND RIGHT END
TURN 223 RESULT
TIME LEFT 2 5 RIGHT 0 5
TRAIN A65
MOVE A42 110
MOVE A43 146
MOVE A44 146
MOVE A45 146
MOVE A46 146
MOVE A47 146
MOVE A48 146
MOVE A49 146
MOVE A50 146
MOVE A51 146
MOVE A52 146
MOVE A53 146
MOVE A58 105
MOVE A59 85
MOVE A60 63
MOVE A61 55
MOVE A62 40
MOVE A63 23
MOVE A64 8
MOVE B35 209
MOVE B38 179
MOVE B39 182
MOVE B40 205
END TURN 223
TURN 224
COMMAND LEFT START
MOVE A65 105
TRAIN 1
COMMAND LEFT END
COMMAND RIGHT START
UPGRADE 209
COMMAND RIGHT END
TURN 224 RESULT
TIME LEFT 1 5 RIGHT 0 5
UPGRADE B 209
TRAIN A66
MOVE A42 123
MOVE A43 153
MOVE A44 153
MOVE A45 153
MOVE A46 153
MOVE A47 153
MOVE A48 153
MOVE A49 153
MOVE A50 153
MOVE A51 153
MOVE A52 153
MOVE A53 153
MOVE A59 105
MOVE A60 85
MOVE A61 63
MOVE A62 55
MOVE A63 40
MOVE A64 14
MOVE A65 8
MOVE B39 179
MOVE B40 191
END TURN 224
TURN 225
COMMAND LEFT START
MOVE A66 105
TRAIN 1
COMMAND LEFT END
COMMAND RIGHT START
COMMAND RIGHT END
TURN 225 RESULT
TIME LEFT 2 5 RIGHT 0 5
TRAIN A67
MOVE A42 135
MOVE A43 162
MOVE A44 162
MOVE A45 162
MOVE A46 162
MOVE A47 162
MOVE A48 162
MOVE A49 162
MOVE A50 162
MOVE A51 162
MOVE A52 162
MOVE A53 162
MOVE A60 105
MOVE A61 85
MOVE A62 63
MOVE A63 55
MOVE A64 23
MOVE A65 14
MOVE A66 8
MOVE B40 182
END TURN 225
TURN 226
COMMAND LEFT START
MOVE A67 105
TRAIN 1
COMMAND LEFT END
COMMAND RIGHT START
MOVE B21 179
MOVE B22 179
MOVE B24 210
MOVE B25 210
COMMAND RIGHT END
TURN 226 RESULT
TIME LEFT 2 5 RIGHT 0 5
TRAIN A68
MOVE A42 144
MOVE A43 179
MOVE A44 179
MOVE A45 179
MOVE A46 179
MOVE A47 179
MOVE A48 179
MOVE A49 179
MOVE A50 179
MOVE A51 179
MOVE A52 179
MOVE A53 179
MOVE A61 105
MOVE A62 85
MOVE A63 63
MOVE A64 40
MOVE A65 23
MOVE A66 14
MOVE A67 8
MOVE B21 205
MOVE B22 205
MOVE B24 182
MOVE B25 182
MOVE B40 179
DAMAGE TURRET A43 2
DAMAGE COMBAT A43 4
DAMAGE COMBAT A44 3
DAMAGE COMBAT B32 6
DAMAGE COMBAT B34 5
END TURN 226
TURN 227
COMMAND LEFT START
MOVE A68 105
TRAIN 1
COMMAND LEFT END
COMMAND RIGHT START
COMMAND RIGHT END
TURN 227 RESULT
TIME LEFT 3 5 RIGHT 0 5
TRAIN A69
MOVE A42 158
MOVE A62 105
MOVE A63 85
MOVE A64 55
MOVE A65 40
MOVE A66 23
MOVE A67 14
MOVE A68 8
MOVE B21 191
MOVE B22 191
MOVE B24 191
MOVE B25 191
DAMAGE TURRET A44 2
DAMAGE COMBAT A44 1
DAMAGE COMBAT A45 5
DAMAGE COMBAT B34 1
DAMAGE COMBAT B36 6
DAMAGE COMBAT B37 3
END TURN 227
TURN 228
COMMAND LEFT START
MOVE A69 105
TRAIN 1
COMMAND LEFT END
COMMAND RIGHT START
COMMAND RIGHT END
TURN 228 RESULT
TIME LEFT 4 5 RIGHT 0 5
TRAIN A70
MOVE A42 171
MOVE A63 105
MOVE A64 63
MOVE A65 55
MOVE A66 40
MOVE A67 23
MOVE A68 14
MOVE A69 8
MOVE B21 182
MOVE B22 182
MOVE B24 205
MOVE B25 205
DAMAGE TURRET A45 1
DAMAGE TURRET A46 1
DAMAGE COMBAT A46 4
DAMAGE COMBAT B37 3
DAMAGE COMBAT B38 6
END TURN 228
TURN 229
COMMAND LEFT START
MOVE A70 105
TRAIN 1
COMMAND LEFT END
COMMAND RIGHT START
TRAIN 1
COMMAND RIGHT END
TURN 229 RESULT
TIME LEFT 4 5 RIGHT 0 5
TRAIN A71 B41
MOVE A42 178
MOVE A64 85
MOVE A65 63
MOVE A66 55
MOVE A67 40
MOVE A68 23
MOVE A69 14
MOVE A70 8
MOVE B21 179
MOVE B22 179
MOVE B24 210
MOVE B25 210
DAMAGE TURRET A46 1
DAMAGE TURRET A47 1
DAMAGE COMBAT A47 4
DAMAGE COMBAT B21 1
DAMAGE COMBAT B22 6
DAMAGE COMBAT B39 1
END TURN 229
TURN 230
COMMAND LEFT START
MOVE A41 179
MOVE A54 179
MOVE A55 179
MOVE A56 179
MOVE A57 179
MOVE A58 179
MOVE A59 179
MOVE A60 179
MOVE A61 179
MOVE A62 179
MOVE A63 179
MOVE A71 96
COMMAND LEFT END
COMMAND RIGHT START
MOVE B23 179
MOVE B24 179
MOVE B25 179
TRAIN 2
COMMAND RIGHT END
TURN 230 RESULT
TIME LEFT 8 5 RIGHT 0 5
TRAIN B42 B43
MOVE A41 112
MOVE A42 193
MOVE A54 112
MOVE A55 112
MOVE A56 112
MOVE A57 112
MOVE A58 112
MOVE A59 112
MOVE A60 112
MOVE A61 112
MOVE A62 112
MOVE A63 112
MOVE A64 105
MOVE A65 85
MOVE A66 63
MOVE A67 55
MOVE A68 40
MOVE A69 23
MOVE A70 14
MOVE A71 2
MOVE B23 205
MOVE B24 205
MOVE B25 205
DAMAGE TURRET A47 1
DAMAGE TURRET A48 1
DAMAGE COMBAT A48 2
DAMAGE COMBAT B39 5
DAMAGE COMBAT B40 2
END TURN 230
TURN 231
COMMAND LEFT START
MOVE A42 105
TRAIN 1
COMMAND LEFT END
COMMAND RIGHT START
COMMAND RIGHT END
TURN 231 RESULT
TIME LEFT 2 5 RIGHT 0 5
TRAIN A72
MOVE A41 121
MOVE A42 178
MOVE A54 121
MOVE A55 121
MOVE A56 121
MOVE A57 121
MOVE A58 121
MOVE A59 121
MOVE A60 121
MOVE A61 121
MOVE A62 121
MOVE A63 121
MOVE A65 105
MOVE A66 85
MOVE A67 63
MOVE A68 55
MOVE A69 40
MOVE A70 23
MOVE A71 4
MOVE B23 191
MOVE B24 191
MOVE B25 191
DAMAGE TURRET A48 2
DAMAGE COMBAT A48 1
DAMAGE COMBAT B40 4
SIEGE B 179 2
END TURN 231
TURN 232
COMMAND LEFT START
MOVE A64 107
MOVE A72 105
TRAIN 1
COMMAND LEFT END
COMMAND RIGHT START
COMMAND RIGHT END
TURN 232 RESULT
TIME LEFT 2 5 RIGHT 0 5
TRAIN A73
MOVE A41 135
MOVE A42 167
MOVE A54 135
MOVE A55 135
MOVE A56 135
MOVE A57 135
MOVE A58 135
MOVE A59 135
MOVE A60 135
MOVE A61 135
MOVE A62 135
MOVE A63 135
MOVE A64 112
MOVE A66 105
MOVE A67 85
MOVE A68 63
MOVE A69 55
MOVE A70 40
MOVE A71 12
MOVE A72 8
MOVE B23 182
MOVE B24 182
MOVE B25 182
DAMAGE TURRET A49 2
SIEGE B 179 5
END TURN 232
TURN 233
COMMAND LEFT START
MOVE A73 105
TRAIN 1
COMMAND LEFT END
COMMAND RIGHT START
COMMAND RIGHT END
TURN 233 RESULT
TIME LEFT 3 5 RIGHT 0 5
TRAIN A74
MOVE A41 146
MOVE A42 151
MOVE A54 146
MOVE A55 146
MOVE A56 146
MOVE A57 146
MOVE A58 146
MOVE A59 146
MOVE A60 146
MOVE A61 146
MOVE A62 146
MOVE A63 146
MOVE A64 109
MOVE A67 105
MOVE A68 85
MOVE A69 63
MOVE A70 55
MOVE A71 25
MOVE A72 14
MOVE A73 8
MOVE B23 179
MOVE B24 179
MOVE B25 179
DAMAGE TURRET A49 2
DAMAGE COMBAT A49 2
DAMAGE COMBAT A50 1
DAMAGE COMBAT B24 5
END TURN 233
TURN 234
COMMAND LEFT START
MOVE A74 105
TRAIN 1
COMMAND LEFT END
COMMAND RIGHT START
TRAIN 1
COMMAND RIGHT END
TURN 234 RESULT
TIME LEFT 13 5 RIGHT 0 5
TRAIN A75 B44
MOVE A41 153
MOVE A42 130
MOVE A54 153
MOVE A55 153
MOVE A56 153
MOVE A57 153
MOVE A58 153
MOVE A59 153
MOVE A60 153
MOVE A61 153
MOVE A62 153
MOVE A63 153
MOVE A64 107
MOVE A68 105
MOVE A69 85
MOVE A70 63
MOVE A71 34
MOVE A72 23
MOVE A73 14
MOVE A74 8
DAMAGE TURRET A50 2
DAMAGE COMBAT A50 2
DAMAGE COMBAT B23 4
END TURN 234
TURN 235
COMMAND LEFT START
MOVE A64 96
MOVE A75 105
TRAIN 1
COMMAND LEFT END
COMMAND RIGHT START
TRAIN 2
COMMAND RIGHT END
TURN 235 RESULT
TIME LEFT 2 5 RIGHT 6 5
TRAIN A76 B45 B46
MOVE A41 162
MOVE A42 125
MOVE A54 162
MOVE A55 162
MOVE A56 162
MOVE A57 162
MOVE A58 162
MOVE A59 162
MOVE A60 162
MOVE A61 162
MOVE A62 162
MOVE A63 162
MOVE A64 95
MOVE A69 105
MOVE A70 85
MOVE A71 44
MOVE A72 40
MOVE A73 23
MOVE A74 14
MOVE A75 8
DAMAGE TURRET A50 1
DAMAGE TURRET A51 1
DAMAGE COMBAT A51 2
DAMAGE COMBAT B23 2
DAMAGE COMBAT B25 2
END TURN 235
TURN 236
COMMAND LEFT START
MOVE A76 105
TRAIN 1
COMMAND LEFT END
COMMAND RIGHT START
TRAIN 1
COMMAND RIGHT END
TURN 236 RESULT
TIME LEFT 2 5 RIGHT 0 5
TRAIN A77 B47
MOVE A41 179
MOVE A42 105
MOVE A54 179
MOVE A55 179
MOVE A56 179
MOVE A57 179
MOVE A58 179
MOVE A59 179
MOVE A60 179
MOVE A61 179
MOVE A62 179
MOVE A63 179
MOVE A64 96
MOVE A70 105
MOVE A71 60
MOVE A72 55
MOVE A73 40
MOVE A74 23
MOVE A75 14
MOVE A76 8
DAMAGE TURRET A51 2
DAMAGE COMBAT A51 1
DAMAGE COMBAT B25 4
SIEGE B 179 10
END TURN 236
TURN 237
COMMAND LEFT START
MOVE A64 193
MOVE A77 105
TRAIN 1
COMMAND LEFT END
COMMAND RIGHT START
TRAIN 1
COMMAND RIGHT END
TURN 237 RESULT
TIME LEFT 6 5 RIGHT 0 5
TRAIN A78 B48
MOVE A64 110
MOVE A71 77
MOVE A72 63
MOVE A73 55
MOVE A74 40
MOVE A75 23
MOVE A76 14
MOVE A77 8
DAMAGE TURRET A41 2
SIEGE B 179 1
END TURN 237
TURN 238
COMMAND LEFT START
MOVE A41 210
MOVE A52 210
MOVE A53 210
MOVE A54 210
MOVE A55 210
MOVE A56 210
MOVE A57 210
MOVE A58 210
MOVE A59 210
MOVE A60 210
MOVE A61 210
MOVE A62 210
MOVE A78 105
COMMAND LEFT END
COMMAND RIGHT START
COMMAND RIGHT END
TURN 238 RESULT
TIME LEFT 3 5 RIGHT 0 5
MOVE A41 182
MOVE A52 182
MOVE A53 182
MOVE A54 182
MOVE A55 182
MOVE A56 182
MOVE A57 182
MOVE A58 182
MOVE A59 182
MOVE A60 182
MOVE A61 182
MOVE A62 182
MOVE A64 123
MOVE A71 96
MOVE A72 85
MOVE A73 63
MOVE A74 55
MOVE A75 40
MOVE A76 23
MOVE A77 14
MOVE A78 8
END TURN 238
TURN 239
COMMAND LEFT START
MOVE A63 109
MOVE A71 50
COMMAND LEFT END
COMMAND RIGHT START
COMMAND RIGHT END
TURN 239 RESULT
TIME LEFT 2 5 RIGHT 0 5
MOVE A41 191
MOVE A52 191
MOVE A53 191
MOVE A54 191
MOVE A55 191
MOVE A56 191
MOVE A57 191
MOVE A58 191
MOVE A59 191
MOVE A60 191
MOVE A61 191
MOVE A62 191
MOVE A63 162
MOVE A64 135
MOVE A71 78
MOVE A72 105
MOVE A73 85
MOVE A74 63
MOVE A75 55
MOVE A76 40
MOVE A77 23
MOVE A78 14
END TURN 239
TURN 240
COMMAND LEFT START
TRAIN 1
COMMAND LEFT END
COMMAND RIGHT START
MOVE B35 210
TRAIN 1
COMMAND RIGHT END
TURN 240 RESULT
TIME LEFT 2 5 RIGHT 0 5
TRAIN A79 B49
MOVE A41 205
MOVE A52 205
MOVE A53 205
MOVE A54 205
MOVE A55 205
MOVE A56 205
MOVE A57 205
MOVE A58 205
MOVE A59 205
MOVE A60 205
MOVE A61 205
MOVE A62 205
MOVE A63 153
MOVE A64 144
MOVE A71 72
MOVE A73 105
MOVE A74 85
MOVE A75 63
MOVE A76 55
MOVE A77 40
MOVE A78 23
MOVE B35 210
END TURN 240
TURN 241
COMMAND LEFT START
MOVE A79 105
TRAIN 1
COMMAND LEFT END
COMMAND RIGHT START
COMMAND RIGHT END
TURN 241 RESULT
TIME LEFT 3 5 RIGHT 0 5
TRAIN A80
MOVE A41 210
MOVE A52 210
MOVE A53 210
MOVE A54 210
MOVE A55 210
MOVE A56 210
MOVE A57 210
MOVE A58 210
MOVE A59 210
MOVE A60 210
MOVE A61 210
MOVE A62 210
MOVE A63 146
MOVE A64 158
MOVE A71 56
MOVE A74 105
MOVE A75 85
MOVE A76 63
MOVE A77 55
MOVE A78 40
MOVE A79 8
DAMAGE TURRET A41 2
DAMAGE COMBAT A41 2
DAMAGE COMBAT A52 6
DAMAGE COMBAT A53 2
DAMAGE COMBAT B35 6
DAMAGE COMBAT B41 6
END TURN 241
TURN 242
COMMAND LEFT START
MOVE A42 209
MOVE A65 209
MOVE A66 209
MOVE A67 209
MOVE A68 209
MOVE A69 209
MOVE A70 209
MOVE A72 209
MOVE A73 209
MOVE A74 209
MOVE A80 105
COMMAND LEFT END
COMMAND RIGHT START
COMMAND RIGHT END
TURN 242 RESULT
TIME LEFT 4 5 RIGHT 0 5
MOVE A42 131
MOVE A63 135
MOVE A64 171
MOVE A65 131
MOVE A66 131
MOVE A67 131
MOVE A68 131
MOVE A69 131
MOVE A70 131
MOVE A71 50
MOVE A72 131
MOVE A73 131
MOVE A74 131
MOVE A75 105
MOVE A76 85
MOVE A77 63
MOVE A78 55
MOVE A79 14
MOVE A80 8
DAMAGE TURRET A53 2
DAMAGE COMBAT A53 2
DAMAGE COMBAT A54 6
DAMAGE COMBAT B42 6
DAMAGE COMBAT B43 4
END TURN 242
TURN 243
COMMAND LEFT START
MOVE A71 0
TRAIN 1
COMMAND LEFT END
COMMAND RIGHT START
COMMAND RIGHT END
TURN 243 RESULT
TIME LEFT 3 5 RIGHT 0 5
TRAIN A81
MOVE A42 149
MOVE A63 121
MOVE A64 178
MOVE A65 149
MOVE A66 149
MOVE A67 149
MOVE A68 149
MOVE A69 149
MOVE A70 149
MOVE A71 38
MOVE A72 149
MOVE A73 149
MOVE A74 149
MOVE A76 105
MOVE A77 85
MOVE A78 63
MOVE A79 23
MOVE A80 14
DAMAGE TURRET A55 2
DAMAGE COMBAT A55 4
DAMAGE COMBAT A56 3
DAMAGE COMBAT B43 2
DAMAGE COMBAT B44 6
END TURN 243
TURN 244
COMMAND LEFT START
MOVE A81 105
TRAIN 1
COMMAND LEFT END
COMMAND RIGHT START
TRAIN 1
COMMAND RIGHT END
TURN 244 RESULT
TIME LEFT 3 5 RIGHT 0 5
TRAIN A82 B50
MOVE A42 163
MOVE A63 109
MOVE A64 193
MOVE A65 163
MOVE A66 163
MOVE A67 163
MOVE A68 163
MOVE A69 163
MOVE A70 163
MOVE A71 35
MOVE A72 163
MOVE A73 163
MOVE A74 163
MOVE A77 105
MOVE A78 85
MOVE A79 40
MOVE A80 23
MOVE A81 8
DAMAGE TURRET A56 2
DAMAGE COMBAT A56 1
DAMAGE COMBAT A57 5
DAMAGE COMBAT B45 6
DAMAGE COMBAT B46 1
END TURN 244
TURN 245
COMMAND LEFT START
MOVE A64 105
MOVE A82 105
MOVE A63 105
TRAIN 1
COMMAND LEFT END
COMMAND RIGHT START
COMMAND RIGHT END
TURN 245 RESULT
TIME LEFT 2 5 RIGHT 0 5
TRAIN A83
MOVE A42 174
MOVE A63 112
MOVE A64 178
MOVE A65 174
MOVE A66 174
MOVE A67 174
MOVE A68 174
MOVE A69 174
MOVE A70 174
MOVE A71 30
MOVE A72 174
MOVE A73 174
MOVE A74 174
MOVE A78 105
MOVE A79 55
MOVE A80 40
MOVE A81 14
MOVE A82 8
DAMAGE TURRET A57 1
DAMAGE TURRET A58 1
DAMAGE COMBAT A58 5
DAMAGE COMBAT B46 5
DAMAGE COMBAT B47 1
END TURN 245
TURN 246
COMMAND LEFT START
MOVE A75 107
MOVE A83 105
TRAIN 1
COMMAND LEFT END
COMMAND RIGHT START
COMMAND RIGHT END
TURN 246 RESULT
TIME LEFT 2 5 RIGHT 0 5
TRAIN A84
MOVE A42 189
MOVE A63 105
MOVE A64 167
MOVE A65 189
MOVE A66 189
MOVE A67 189
MOVE A68 189
MOVE A69 189
MOVE A70 189
MOVE A71 22
MOVE A72 189
MOVE A73 189
MOVE A74 189
MOVE A75 112
MOVE A79 63
MOVE A80 55
MOVE A81 23
MOVE A82 14
MOVE A83 8
DAMAGE TURRET A59 2
DAMAGE COMBAT A59 4
DAMAGE COMBAT B47 4
END TURN 246
TURN 247
COMMAND LEFT START
MOVE A84 105
TRAIN 1
COMMAND LEFT END
COMMAND RIGHT START
TRAIN 1
COMMAND RIGHT END
TURN 247 RESULT
TIME LEFT 2 5 RIGHT 0 5
TRAIN A85 B51
MOVE A42 198
MOVE A64 151
MOVE A65 198
MOVE A66 198
MOVE A67 198
MOVE A68 198
MOVE A69 198
MOVE A70 198
MOVE A71 12
MOVE A72 198
MOVE A73 198
MOVE A74 198
MOVE A75 109
MOVE A79 85
MOVE A80 63
MOVE A81 40
MOVE A82 23
MOVE A83 14
MOVE A84 8
DAMAGE TURRET A60 2
DAMAGE COMBAT A60 4
DAMAGE COMBAT A61 1
DAMAGE COMBAT B47 1
DAMAGE COMBAT B48 2
END TURN 247
TURN 248
COMMAND LEFT START
MOVE A85 105
TRAIN 1
COMMAND LEFT END
COMMAND RIGHT START
COMMAND RIGHT END
TURN 248 RESULT
TIME LEFT 2 5 RIGHT 0 5
TRAIN A86
MOVE A42 204
MOVE A64 130
MOVE A65 204
MOVE A66 204
MOVE A67 204
MOVE A68 204
MOVE A69 204
MOVE A70 204
MOVE A71 4
MOVE A72 204
MOVE A73 204
MOVE A74 204
MOVE A75 107
MOVE A79 105
MOVE A80 85
MOVE A81 55
MOVE A82 40
MOVE A83 23
MOVE A84 14
MOVE A85 8
DAMAGE TURRET A61 2
DAMAGE COMBAT A61 3
DAMAGE COMBAT A62 1
DAMAGE COMBAT B48 2
END TURN 248
TURN 249
COMMAND LEFT START
MOVE A75 96
MOVE A86 105
TRAIN 1
COMMAND LEFT END
COMMAND RIGHT START
COMMAND RIGHT END
TURN 249 RESULT
TIME LEFT 8 5 RIGHT 0 5
TRAIN A87
MOVE A42 209
MOVE A64 125
MOVE A65 209
MOVE A66 209
MOVE A67 209
MOVE A68 209
MOVE A69 209
MOVE A70 209
MOVE A71 2
MOVE A72 209
MOVE A73 209
MOVE A74 209
MOVE A75 95
MOVE A80 105
MOVE A81 63
MOVE A82 55
MOVE A83 40
MOVE A84 23
MOVE A85 14
MOVE A86 8
DAMAGE TURRET A42 1
DAMAGE TURRET A62 2
DAMAGE COMBAT A62 3
DAMAGE COMBAT B48 1
SIEGE B 209 6
END TURN 249
TURN 250
COMMAND LEFT START
MOVE A42 210
MOVE A65 210
MOVE A66 210
MOVE A67 210
MOVE A68 210
MOVE A69 210
MOVE A70 210
MOVE A72 210
MOVE A73 210
MOVE A74 210
MOVE A87 105
COMMAND LEFT END
COMMAND RIGHT START
COMMAND RIGHT END
TURN 250 RESULT
TIME LEFT 2 5 RIGHT 0 5
MOVE A42 210
MOVE A64 105
MOVE A65 210
MOVE A66 210
MOVE A67 210
MOVE A68 210
MOVE A69 210
MOVE A70 210
MOVE A71 0
MOVE A72 210
MOVE A73 210
MOVE A74 210
MOVE A75 96
MOVE A81 85
MOVE A82 63
MOVE A83 55
MOVE A84 40
MOVE A85 23
MOVE A86 14
MOVE A87 8
DAMAGE TURRET A42 2
DAMAGE COMBAT A42 3
DAMAGE COMBAT A65 1
DAMAGE COMBAT B48 1
DAMAGE COMBAT B49 6
DAMAGE COMBAT B50 3
END TURN 250
TURN 251
COMMAND LEFT START
MOVE A75 143
MOVE A71 105
TRAIN 1
COMMAND LEFT END
COMMAND RIGHT START
TRAIN 1
COMMAND RIGHT END
TURN 251 RESULT
TIME LEFT 2 5 RIGHT 0 5
TRAIN A88 B52
MOVE A71 8
MOVE A75 111
MOVE A81 105
MOVE A82 85
MOVE A83 63
MOVE A84 55
MOVE A85 40
MOVE A86 23
MOVE A87 14
DAMAGE TURRET A65 2
DAMAGE COMBAT A65 3
DAMAGE COMBAT B50 3
DAMAGE COMBAT B51 6
END TURN 251
TURN 252
COMMAND LEFT START
MOVE A88 105
TRAIN 1
COMMAND LEFT END
COMMAND RIGHT START
COMMAND RIGHT END
TURN 252 RESULT
TIME LEFT 5 5 RIGHT 0 5
TRAIN A89
MOVE A71 14
MOVE A75 122
MOVE A82 105
MOVE A83 85
MOVE A84 63
MOVE A85 55
MOVE A86 40
MOVE A87 23
MOVE A88 8
DAMAGE TURRET A66 2
DAMAGE COMBAT A66 1
DAMAGE COMBAT B52 6
SIEGE B 210 2
END TURN 252
TURN 253
COMMAND LEFT START
MOVE A89 105
TRAIN 1
COMMAND LEFT END
COMMAND RIGHT START
COMMAND RIGHT END
TURN 253 RESULT
TIME LEFT 2 5 RIGHT 0 5
TRAIN A90
MOVE A71 23
MOVE A75 143
MOVE A83 105
MOVE A84 85
MOVE A85 63
MOVE A86 55
MOVE A87 40
MOVE A88 14
MOVE A89 8
DAMAGE TURRET A66 2
SIEGE B 210 8
END TURN 253
TURN 254
COMMAND LEFT START
MOVE A75 150
MOVE A90 105
TRAIN 1
COMMAND LEFT END
COMMAND RIGHT START
COMMAND RIGHT END
TURN 254 RESULT
TIME LEFT 8 5 RIGHT 0 5
TRAIN A91
MOVE A71 40
MOVE A75 139
MOVE A84 105
MOVE A85 85
MOVE A86 63
MOVE A87 55
MOVE A88 23
MOVE A89 14
MOVE A90 8
DAMAGE TURRET A66 1
DAMAGE TURRET A67 1
SIEGE B 210 8
END TURN 254
TURN 255
COMMAND LEFT START
MOVE A63 210
MOVE A64 210
MOVE A76 210
MOVE A77 210
MOVE A78 210
MOVE A79 210
MOVE A80 210
MOVE A81 210
MOVE A82 210
MOVE A83 210
MOVE A91 105
COMMAND LEFT END
COMMAND RIGHT START
COMMAND RIGHT END
TURN 255 RESULT
TIME LEFT 2 5 RIGHT 0 5
MOVE A63 125
MOVE A64 125
MOVE A71 55
MOVE A75 146
MOVE A76 125
MOVE A77 125
MOVE A78 125
MOVE A79 125
MOVE A80 125
MOVE A81 125
MOVE A82 125
MOVE A83 125
MOVE A85 105
MOVE A86 85
MOVE A87 63
MOVE A88 40
MOVE A89 23
MOVE A90 14
MOVE A91 8
DAMAGE TURRET A67 2
SIEGE B 210 2
END TURN 255
RESULT LEFT_WIN HQ_DESTROYED
