[LEFT ""]
[RIGHT ""]
MAP
219 15
-10954 -10747 -10544 -10603 -10597 -8737 -8996 -8796 -9170 -8532 -9478 -9367 -8117 -8008 -8041 -7704 -7578 -7588 -7327 -8095 -7276 -7004 -7056 -7806 -6920 -6506 -6530 -6590 -6282 -6157 -6808 -6553 -6073 -6731 -5890 -5706 -5784 -5539 -5301 -5234 -5134 -4979 -4895 -5018 -4971 -5005 -4859 -4761 -4842 -5152 -4627 -4846 -4094 -4088 -3963 -4085 -3898 -3797 -3754 -3773 -3811 -3755 -3604 -3438 -3401 -3357 -3786 -3610 -3215 -2856 -2777 -2633 -2443 -2579 -2565 -2471 -2371 -2539 -2276 -2363 -2289 -1956 -1787 -1821 -1878 -1813 -1763 -1500 -1469 -1326 -1421 -1368 -1234 -1167 -1202 -905 -885 -865 -870 -734 -556 -484 -182 -408 -223 -179 119 -179 35 0 -35 179 -119 179 223 408 182 484 556 734 870 865 885 905 1202 1167 1234 1368 1421 1326 1469 1500 1763 1813 1878 1821 1787 1956 2289 2363 2276 2539 2371 2471 2565 2579 2443 2633 2777 2856 3215 3610 3786 3357 3401 3438 3604 3755 3811 3773 3754 3797 3898 4085 3963 4088 4094 4846 4627 5152 4842 4761 4859 5005 4971 5018 4895 4979 5134 5234 5301 5539 5784 5706 5890 6731 6073 6553 6808 6157 6282 6590 6530 6506 6920 7806 7056 7004 7276 8095 7327 7588 7578 7704 8041 8008 8117 9367 9478 8532 9170 8796 8996 8737 10597 10603 10544 10747 10954
1016 3146 -331 -3511 -1453 768 -2387 2361 4111 -709 5854 -5619 -3453 3099 -2043 1915 -130 5325 -1170 -6924 878 3395 -5010 7238 -2597 5663 4594 -3966 864 -5782 8742 -7266 -1188 -9027 -2694 3666 1941 8 -4858 6410 -5940 -7212 -2027 -3083 -4050 5278 4297 929 2852 9281 -866 -9881 -5807 1964 -7749 -3159 7748 4238 5583 6810 619 -4294 -397 -2553 -1570 3117 10155 -10099 -6515 1093 -4526 4945 -43 8573 2238 -3086 -10414 6666 -5559 -7182 -1069 3207 -2054 10610 7944 -8058 4406 1490 -6476 6886 -4245 5883 -1181 -3119 41 -5524 4146 7957 2936 -8070 -10758 5353 -1239 9132 2057 -6557 4423 -3084 -7468 0 7468 3084 -4423 6557 -2057 -9132 1239 -5353 10758 8070 -2936 -7957 -4146 5524 -41 3119 1181 -5883 4245 -6886 6476 -1490 -4406 8058 -7944 -10610 2054 -3207 1069 7182 5559 -6666 10414 3086 -2238 -8573 43 -4945 4526 -1093 6515 10099 -10155 -3117 1570 2553 397 4294 -619 -6810 -5583 -4238 -7748 3159 7749 -1964 5807 9881 866 -9281 -2852 -929 -4297 -5278 4050 3083 2027 7212 5940 -6410 4858 -8 -1941 -3666 2694 9027 1188 7266 -8742 5782 -864 3966 -4594 -5663 2597 -7238 5010 -3395 -878 6924 1170 -5325 130 -1915 2043 -3099 3453 5619 -5854 709 -4111 -2361 2387 -768 1453 3511 331 -3146 -1016
STRONGHOLDS 19 45 59 66 85 93 105 109 113 125 133 152 159 173 199
4 1 2 5 7
4 0 7 8 10
4 0 4 5 9
4 4 6 11 12
4 2 3 6 9
7 0 2 7 9 15 16 20
5 3 4 9 12 14
6 0 1 5 8 13 15
5 1 7 10 13 17
7 2 4 5 6 14 16 18
4 1 8 17 23
4 3 12 19 22
7 3 6 11 14 22 24 27
5 7 8 15 17 21
5 6 9 12 18 24
7 5 7 13 20 21 28 36
7 5 9 18 20 28 32 37
7 8 10 13 21 23 25 26
5 9 14 16 24 32
5 11 22 29 31 33
4 5 15 16 28
6 13 15 17 26 35 36
6 11 12 19 27 29 38
5 10 17 25 30 39
6 12 14 18 27 32 34
5 17 23 26 39 45
6 17 21 25 35 45 46
7 12 22 24 34 38 43 44
6 15 16 20 36 37 47
6 19 22 31 38 40 41
3 23 39 49
4 19 29 33 41
7 16 18 24 34 37 42 50
4 19 31 41 51
5 24 27 32 42 43
5 21 26 36 46 48
7 15 21 28 35 47 48 53
5 16 28 32 47 50
7 22 27 29 40 44 52 61
8 23 25 30 45 49 56 58 59
4 29 38 41 52
8 29 31 33 40 51 52 54 68
7 32 34 43 50 55 63 64
5 27 34 42 44 55
5 27 38 43 55 61
6 25 26 39 46 57 58
5 26 35 45 48 57
6 28 36 37 50 53 60
6 35 36 46 53 57 65
4 30 39 56 66
7 32 37 42 47 60 62 64
4 33 41 54 67
7 38 40 41 61 68 70 78
7 36 47 48 60 65 69 74
6 41 51 67 68 79 85
6 42 43 44 61 63 75
6 39 49 59 66 73 77
6 45 46 48 58 65 71
6 39 45 57 59 71 77
4 39 56 58 77
6 47 50 53 62 69 72
6 38 44 52 55 70 75
5 50 60 64 72 80
5 42 55 64 75 82
6 42 50 62 63 80 82
6 48 53 57 71 74 81
4 49 56 73 83
4 51 54 76 85
5 41 52 54 78 79
5 53 60 72 74 87
5 52 61 75 78 90
7 57 58 65 77 81 86 91
6 60 62 69 80 87 94
6 56 66 77 83 84 103
5 53 65 69 81 87
7 55 61 63 70 82 90 93
4 67 85 99 100
8 56 58 59 71 73 84 89 91
7 52 68 70 79 88 90 95
5 54 68 78 85 88
6 62 64 72 82 92 94
7 65 71 74 86 87 96 98
7 63 64 75 80 92 93 114
4 66 73 103 118
5 73 77 89 97 103
6 54 67 76 79 88 99
5 71 81 91 96 101
8 69 72 74 81 94 98 104 116
6 78 79 85 95 99 105
6 77 84 91 97 110 113
6 70 75 78 93 95 112
6 71 77 86 89 101 113
5 80 82 94 102 114
6 75 82 90 107 112 114
7 72 80 87 92 102 109 116
6 78 88 90 105 112 117
6 81 86 98 101 106 111
5 84 89 103 110 119
5 81 87 96 104 111
8 76 85 88 100 105 108 115 121
4 76 99 115 135
6 86 91 96 106 113 123
6 92 94 109 114 124 131
6 73 83 84 97 118 119
7 87 98 111 116 125 126 136
7 88 95 99 108 117 127 129
6 96 101 111 123 125 128
5 93 112 114 120 122
4 99 105 121 129
4 94 102 116 124
4 89 97 113 119
5 96 98 104 106 125
6 90 93 95 107 117 122
7 89 91 101 110 119 123 130
7 82 92 93 102 107 120 131
6 99 100 121 134 135 145
6 87 94 104 109 124 126
6 95 105 112 122 127 132
4 83 103 119 142
8 97 103 110 113 118 130 133 142
5 107 114 122 131 137
5 99 108 115 129 134
6 107 112 117 120 132 137
6 101 106 113 128 130 140
7 102 109 116 126 131 138 146
6 104 106 111 128 136 143
5 104 116 124 136 138
6 105 117 129 132 141 147
6 106 123 125 140 143 148
6 105 108 121 127 134 141
6 113 119 123 133 139 140
8 102 114 120 124 137 144 146 149
5 117 122 127 137 147
6 119 130 139 142 151 164
5 115 121 129 141 145
4 100 115 145 152
7 104 125 126 138 143 154 155
7 120 122 131 132 144 147 153
6 124 126 136 146 154 156
5 130 133 140 150 164
7 123 128 130 139 148 150 166
8 127 129 134 145 147 159 160 162
4 118 119 133 151
7 125 128 136 148 155 157 163
5 131 137 149 153 165
6 115 134 135 141 152 162
6 124 131 138 149 156 158
7 127 132 137 141 153 160 161
5 128 140 143 157 166
5 131 144 146 158 165
5 139 140 164 166 177
4 133 142 164 167
4 135 145 162 169
6 137 144 147 161 165 170
6 136 138 155 156 168 176
5 136 143 154 163 176
5 138 146 154 158 168
6 143 148 163 166 174 180
6 146 149 156 165 168 171
4 141 160 162 179
6 141 147 159 161 173 179
6 147 153 160 170 172 173
6 141 145 152 159 169 179
6 143 155 157 174 175 176
6 133 139 150 151 167 177
7 144 149 153 158 170 171 182
7 140 148 150 157 177 178 180
4 151 164 177 185
7 154 156 158 171 176 181 186
4 152 162 179 188
6 153 161 165 172 182 183
6 158 165 168 181 182 190
5 161 170 173 183 192
6 160 161 172 179 192 193
5 157 163 175 180 191
5 163 174 176 184 191
7 154 155 163 168 175 184 186
8 150 164 166 167 178 185 187 189
4 166 177 180 189
8 159 160 162 169 173 188 193 195
7 157 166 174 178 189 191 196
5 168 171 186 190 202
7 165 170 171 183 190 197 203
5 170 172 182 192 197
5 175 176 186 191 194
4 167 177 187 199
7 168 176 181 184 194 200 202
4 177 185 189 199
3 169 179 195
6 177 178 180 187 196 199
6 171 181 182 198 202 203
7 174 175 180 184 194 196 206
6 172 173 183 193 197 201
5 173 179 192 195 201
6 184 186 191 200 204 206
5 179 188 193 201 208
6 180 189 191 199 206 207
6 182 183 192 201 203 205
4 190 202 203 213
5 185 187 189 196 207
5 186 194 202 204 209
7 192 193 195 197 205 208 210
7 181 186 190 198 200 209 213
7 182 190 197 198 205 211 213
5 194 200 206 209 212
5 197 201 203 210 211
7 191 194 196 204 207 212 215
4 196 199 206 215
4 195 201 210 217
7 200 202 204 212 213 214 216
5 201 205 208 211 217
6 203 205 210 213 217 218
5 204 206 209 214 215
7 198 202 203 209 211 216 218
4 209 212 215 216
4 206 207 212 214
4 209 213 214 218
4 208 210 211 218
4 211 213 216 217
END MAP
TURN 1
COMMAND LEFT START
MOVE A1 45
MOVE A3 109
COMMAND LEFT END
COMMAND RIGHT START
MOVE B1 173
MOVE B2 109
COMMAND RIGHT END
TURN 1 RESULT
TIME LEFT 0 5 RIGHT 1 5
MOVE A1 7
MOVE A3 5
MOVE B1 211
MOVE B2 213
END TURN 1
TURN 2
COMMAND LEFT START
COMMAND LEFT END
COMMAND RIGHT START
COMMAND RIGHT END
TURN 2 RESULT
TIME LEFT 0 5 RIGHT 0 5
MOVE A1 13
MOVE A3 20
MOVE B1 205
MOVE B2 198
END TURN 2
TURN 3
COMMAND LEFT START
COMMAND LEFT END
COMMAND RIGHT START
COMMAND RIGHT END
TURN 3 RESULT
TIME LEFT 0 5 RIGHT 0 5
MOVE A1 21
MOVE A3 28
MOVE B1 197
MOVE B2 190
END TURN 3
TURN 4
COMMAND LEFT START
COMMAND LEFT END
COMMAND RIGHT START
COMMAND RIGHT END
TURN 4 RESULT
TIME LEFT 0 5 RIGHT 0 5
MOVE A1 26
MOVE A3 47
MOVE B1 192
MOVE B2 171
END TURN 4
TURN 5
COMMAND LEFT START
TRAIN 1
COMMAND LEFT END
COMMAND RIGHT START
COMMAND RIGHT END
TURN 5 RESULT
TIME LEFT 0 5 RIGHT 0 5
TRAIN A4
MOVE A1 45
MOVE A3 60
MOVE B1 173
MOVE B2 158
END TURN 5
TURN 6
COMMAND LEFT START
UPGRADE 45
TRAIN 1
COMMAND LEFT END
COMMAND RIGHT START
UPGRADE 173
COMMAND RIGHT END
TURN 6 RESULT
TIME LEFT 0 5 RIGHT 0 5
UPGRADE A 45
UPGRADE B 173
TRAIN A5
MOVE A3 72
MOVE B2 146
END TURN 6
TURN 7
COMMAND LEFT START
COMMAND LEFT END
COMMAND RIGHT START
COMMAND RIGHT END
TURN 7 RESULT
TIME LEFT 0 5 RIGHT 0 5
MOVE A3 94
MOVE B2 124
END TURN 7
TURN 8
COMMAND LEFT START
COMMAND LEFT END
COMMAND RIGHT START
COMMAND RIGHT END
TURN 8 RESULT
TIME LEFT 0 5 RIGHT 0 5
MOVE A3 109
MOVE B2 109
DAMAGE COMBAT A3 1
DAMAGE COMBAT B2 1
END TURN 8
TURN 9
COMMAND LEFT START
COMMAND LEFT END
COMMAND RIGHT START
COMMAND RIGHT END
TURN 9 RESULT
TIME LEFT 0 5 RIGHT 0 5
DAMAGE COMBAT A3 1
DAMAGE COMBAT B2 1
END TURN 9
TURN 10
COMMAND LEFT START
COMMAND LEFT END
COMMAND RIGHT START
COMMAND RIGHT END
TURN 10 RESULT
TIME LEFT 0 5 RIGHT 0 5
DAMAGE COMBAT A3 1
DAMAGE COMBAT B2 1
END TURN 10
TURN 11
COMMAND LEFT START
COMMAND LEFT END
COMMAND RIGHT START
COMMAND RIGHT END
TURN 11 RESULT
TIME LEFT 0 5 RIGHT 0 5
DAMAGE COMBAT A3 1
DAMAGE COMBAT B2 1
END TURN 11
TURN 12
COMMAND LEFT START
MOVE A4 109
COMMAND LEFT END
COMMAND RIGHT START
MOVE B3 109
TRAIN 1
COMMAND RIGHT END
TURN 12 RESULT
TIME LEFT 0 5 RIGHT 0 5
TRAIN B4
MOVE A4 5
MOVE B3 213
END TURN 12
TURN 13
COMMAND LEFT START
COMMAND LEFT END
COMMAND RIGHT START
COMMAND RIGHT END
TURN 13 RESULT
TIME LEFT 0 5 RIGHT 0 5
MOVE A4 20
MOVE B3 198
END TURN 13
TURN 14
COMMAND LEFT START
COMMAND LEFT END
COMMAND RIGHT START
COMMAND RIGHT END
TURN 14 RESULT
TIME LEFT 0 5 RIGHT 0 5
MOVE A4 28
MOVE B3 190
END TURN 14
TURN 15
COMMAND LEFT START
COMMAND LEFT END
COMMAND RIGHT START
COMMAND RIGHT END
TURN 15 RESULT
TIME LEFT 0 5 RIGHT 0 5
MOVE A4 47
MOVE B3 171
END TURN 15
TURN 16
COMMAND LEFT START
COMMAND LEFT END
COMMAND RIGHT START
COMMAND RIGHT END
TURN 16 RESULT
TIME LEFT 0 5 RIGHT 0 5
MOVE A4 60
MOVE B3 158
END TURN 16
TURN 17
COMMAND LEFT START
COMMAND LEFT END
COMMAND RIGHT START
COMMAND RIGHT END
TURN 17 RESULT
TIME LEFT 0 5 RIGHT 0 5
MOVE A4 72
MOVE B3 146
END TURN 17
TURN 18
COMMAND LEFT START
COMMAND LEFT END
COMMAND RIGHT START
COMMAND RIGHT END
TURN 18 RESULT
TIME LEFT 0 5 RIGHT 0 5
MOVE A4 94
MOVE B3 124
END TURN 18
TURN 19
COMMAND LEFT START
COMMAND LEFT END
COMMAND RIGHT START
COMMAND RIGHT END
TURN 19 RESULT
TIME LEFT 0 5 RIGHT 0 5
MOVE A4 109
MOVE B3 109
DAMAGE COMBAT A4 1
DAMAGE COMBAT B3 1
END TURN 19
TURN 20
COMMAND LEFT START
COMMAND LEFT END
COMMAND RIGHT START
COMMAND RIGHT END
TURN 20 RESULT
TIME LEFT 0 5 RIGHT 0 5
DAMAGE COMBAT A4 1
DAMAGE COMBAT B3 1
END TURN 20
TURN 21
COMMAND LEFT START
COMMAND LEFT END
COMMAND RIGHT START
COMMAND RIGHT END
TURN 21 RESULT
TIME LEFT 0 5 RIGHT 0 5
DAMAGE COMBAT A4 1
DAMAGE COMBAT B3 1
END TURN 21
TURN 22
COMMAND LEFT START
COMMAND LEFT END
COMMAND RIGHT START
COMMAND RIGHT END
TURN 22 RESULT
TIME LEFT 0 5 RIGHT 0 5
DAMAGE COMBAT A4 1
DAMAGE COMBAT B3 1
END TURN 22
TURN 23
COMMAND LEFT START
MOVE A5 109
COMMAND LEFT END
COMMAND RIGHT START
MOVE B4 109
TRAIN 1
COMMAND RIGHT END
TURN 23 RESULT
TIME LEFT 0 5 RIGHT 0 5
TRAIN B5
MOVE A5 5
MOVE B4 213
END TURN 23
TURN 24
COMMAND LEFT START
COMMAND LEFT END
COMMAND RIGHT START
COMMAND RIGHT END
TURN 24 RESULT
TIME LEFT 0 5 RIGHT 0 5
MOVE A5 20
MOVE B4 198
END TURN 24
TURN 25
COMMAND LEFT START
COMMAND LEFT END
COMMAND RIGHT START
COMMAND RIGHT END
TURN 25 RESULT
TIME LEFT 0 5 RIGHT 0 5
MOVE A5 28
MOVE B4 190
END TURN 25
TURN 26
COMMAND LEFT START
COMMAND LEFT END
COMMAND RIGHT START
COMMAND RIGHT END
TURN 26 RESULT
TIME LEFT 0 5 RIGHT 0 5
MOVE A5 47
MOVE B4 171
END TURN 26
TURN 27
COMMAND LEFT START
COMMAND LEFT END
COMMAND RIGHT START
COMMAND RIGHT END
TURN 27 RESULT
TIME LEFT 0 5 RIGHT 0 5
MOVE A5 60
MOVE B4 158
END TURN 27
TURN 28
COMMAND LEFT START
COMMAND LEFT END
COMMAND RIGHT START
COMMAND RIGHT END
TURN 28 RESULT
TIME LEFT 0 5 RIGHT 0 5
MOVE A5 72
MOVE B4 146
END TURN 28
TURN 29
COMMAND LEFT START
COMMAND LEFT END
COMMAND RIGHT START
COMMAND RIGHT END
TURN 29 RESULT
TIME LEFT 0 5 RIGHT 0 5
MOVE A5 94
MOVE B4 124
END TURN 29
TURN 30
COMMAND LEFT START
COMMAND LEFT END
COMMAND RIGHT START
COMMAND RIGHT END
TURN 30 RESULT
TIME LEFT 0 5 RIGHT 0 5
MOVE A5 109
MOVE B4 109
DAMAGE COMBAT A5 1
DAMAGE COMBAT B4 1
END TURN 30
TURN 31
COMMAND LEFT START
COMMAND LEFT END
COMMAND RIGHT START
COMMAND RIGHT END
TURN 31 RESULT
TIME LEFT 0 5 RIGHT 0 5
DAMAGE COMBAT A5 1
DAMAGE COMBAT B4 1
END TURN 31
TURN 32
COMMAND LEFT START
COMMAND LEFT END
COMMAND RIGHT START
COMMAND RIGHT END
TURN 32 RESULT
TIME LEFT 1 5 RIGHT 1 5
DAMAGE COMBAT A5 1
DAMAGE COMBAT B4 1
END TURN 32
TURN 33
COMMAND LEFT START
COMMAND LEFT END
COMMAND RIGHT START
COMMAND RIGHT END
TURN 33 RESULT
TIME LEFT 0 5 RIGHT 0 5
DAMAGE COMBAT A5 1
DAMAGE COMBAT B4 1
END TURN 33
TURN 34
COMMAND LEFT START
MOVE A1 109
COMMAND LEFT END
COMMAND RIGHT START
MOVE B5 109
TRAIN 1
COMMAND RIGHT END
TURN 34 RESULT
TIME LEFT 0 5 RIGHT 0 5
TRAIN B6
MOVE A1 57
MOVE B5 213
END TURN 34
TURN 35
COMMAND LEFT START
COMMAND LEFT END
COMMAND RIGHT START
COMMAND RIGHT END
TURN 35 RESULT
TIME LEFT 0 5 RIGHT 0 5
MOVE A1 65
MOVE B5 198
END TURN 35
TURN 36
COMMAND LEFT START
COMMAND LEFT END
COMMAND RIGHT START
COMMAND RIGHT END
TURN 36 RESULT
TIME LEFT 0 5 RIGHT 0 5
MOVE A1 74
MOVE B5 190
END TURN 36
TURN 37
COMMAND LEFT START
COMMAND LEFT END
COMMAND RIGHT START
COMMAND RIGHT END
TURN 37 RESULT
TIME LEFT 0 5 RIGHT 0 5
MOVE A1 87
MOVE B5 171
END TURN 37
TURN 38
COMMAND LEFT START
COMMAND LEFT END
COMMAND RIGHT START
COMMAND RIGHT END
TURN 38 RESULT
TIME LEFT 0 5 RIGHT 0 5
MOVE A1 94
MOVE B5 158
END TURN 38
TURN 39
COMMAND LEFT START
COMMAND LEFT END
COMMAND RIGHT START
COMMAND RIGHT END
TURN 39 RESULT
TIME LEFT 0 5 RIGHT 0 5
MOVE A1 109
MOVE B5 146
END TURN 39
TURN 40
COMMAND LEFT START
UPGRADE 109
COMMAND LEFT END
COMMAND RIGHT START
UPGRADE 218
COMMAND RIGHT END
TURN 40 RESULT
TIME LEFT 1 5 RIGHT 1 5
UPGRADE A 109
UPGRADE B 218
MOVE B5 124
END TURN 40
TURN 41
COMMAND LEFT START
TRAIN 1
COMMAND LEFT END
COMMAND RIGHT START
TRAIN 1
COMMAND RIGHT END
TURN 41 RESULT
TIME LEFT 0 5 RIGHT 0 5
TRAIN A6 B7
MOVE B5 109
DAMAGE TURRET B5 1
DAMAGE COMBAT A1 1
DAMAGE COMBAT B5 1
END TURN 41
TURN 42
COMMAND LEFT START
MOVE A6 45
TRAIN 1
COMMAND LEFT END
COMMAND RIGHT START
COMMAND RIGHT END
TURN 42 RESULT
TIME LEFT 0 5 RIGHT 0 5
TRAIN A7
MOVE A6 7
DAMAGE TURRET B5 1
DAMAGE COMBAT A1 1
DAMAGE COMBAT B5 1
END TURN 42
TURN 43
COMMAND LEFT START
MOVE A7 109
COMMAND LEFT END
COMMAND RIGHT START
COMMAND RIGHT END
TURN 43 RESULT
TIME LEFT 0 5 RIGHT 0 5
MOVE A6 13
MOVE A7 5
END TURN 43
TURN 44
COMMAND LEFT START
COMMAND LEFT END
COMMAND RIGHT START
TRAIN 1
COMMAND RIGHT END
TURN 44 RESULT
TIME LEFT 0 5 RIGHT 0 5
TRAIN B8
MOVE A6 21
MOVE A7 20
END TURN 44
TURN 45
COMMAND LEFT START
COMMAND LEFT END
COMMAND RIGHT START
COMMAND RIGHT END
TURN 45 RESULT
TIME LEFT 1 5 RIGHT 1 5
MOVE A6 26
MOVE A7 28
END TURN 45
TURN 46
COMMAND LEFT START
COMMAND LEFT END
COMMAND RIGHT START
COMMAND RIGHT END
TURN 46 RESULT
TIME LEFT 0 5 RIGHT 0 5
MOVE A6 45
MOVE A7 47
END TURN 46
TURN 47
COMMAND LEFT START
TRAIN 1
COMMAND LEFT END
COMMAND RIGHT START
COMMAND RIGHT END
TURN 47 RESULT
TIME LEFT 0 5 RIGHT 0 5
TRAIN A8
MOVE A7 60
END TURN 47
TURN 48
COMMAND LEFT START
MOVE A8 109
COMMAND LEFT END
COMMAND RIGHT START
COMMAND RIGHT END
TURN 48 RESULT
TIME LEFT 0 5 RIGHT 0 5
MOVE A7 72
MOVE A8 5
END TURN 48
TURN 49
COMMAND LEFT START
COMMAND LEFT END
COMMAND RIGHT START
COMMAND RIGHT END
TURN 49 RESULT
TIME LEFT 0 5 RIGHT 0 5
MOVE A7 94
MOVE A8 20
END TURN 49
TURN 50
COMMAND LEFT START
COMMAND LEFT END
COMMAND RIGHT START
COMMAND RIGHT END
TURN 50 RESULT
TIME LEFT 0 5 RIGHT 0 5
MOVE A7 109
MOVE A8 28
END TURN 50
TURN 51
COMMAND LEFT START
TRAIN 1
COMMAND LEFT END
COMMAND RIGHT START
COMMAND RIGHT END
TURN 51 RESULT
TIME LEFT 0 5 RIGHT 0 5
TRAIN A9
MOVE A8 47
END TURN 51
TURN 52
COMMAND LEFT START
MOVE A9 109
COMMAND LEFT END
COMMAND RIGHT START
COMMAND RIGHT END
TURN 52 RESULT
TIME LEFT 1 5 RIGHT 1 5
MOVE A8 60
MOVE A9 5
END TURN 52
TURN 53
COMMAND LEFT START
COMMAND LEFT END
COMMAND RIGHT START
COMMAND RIGHT END
TURN 53 RESULT
TIME LEFT 1 5 RIGHT 1 5
MOVE A8 72
MOVE A9 20
END TURN 53
TURN 54
COMMAND LEFT START
TRAIN 1
COMMAND LEFT END
COMMAND RIGHT START
COMMAND RIGHT END
TURN 54 RESULT
TIME LEFT 0 5 RIGHT 0 5
TRAIN A10
MOVE A8 94
MOVE A9 28
END TURN 54
TURN 55
COMMAND LEFT START
MOVE A7 125
MOVE A10 109
COMMAND LEFT END
COMMAND RIGHT START
COMMAND RIGHT END
TURN 55 RESULT
TIME LEFT 0 5 RIGHT 0 5
MOVE A7 116
MOVE A8 109
MOVE A9 47
MOVE A10 5
END TURN 55
TURN 56
COMMAND LEFT START
COMMAND LEFT END
COMMAND RIGHT START
COMMAND RIGHT END
TURN 56 RESULT
TIME LEFT 1 5 RIGHT 1 5
MOVE A7 104
MOVE A9 60
MOVE A10 20
END TURN 56
TURN 57
COMMAND LEFT START
COMMAND LEFT END
COMMAND RIGHT START
COMMAND RIGHT END
TURN 57 RESULT
TIME LEFT 0 5 RIGHT 0 5
MOVE A7 125
MOVE A9 72
MOVE A10 28
END TURN 57
TURN 58
COMMAND LEFT START
COMMAND LEFT END
COMMAND RIGHT START
COMMAND RIGHT END
TURN 58 RESULT
TIME LEFT 0 5 RIGHT 0 5
MOVE A9 94
MOVE A10 47
END TURN 58
TURN 59
COMMAND LEFT START
COMMAND LEFT END
COMMAND RIGHT START
UPGRADE 173
COMMAND RIGHT END
TURN 59 RESULT
TIME LEFT 0 5 RIGHT 0 5
UPGRADE B 173
MOVE A9 109
MOVE A10 60
END TURN 59
TURN 60
COMMAND LEFT START
COMMAND LEFT END
COMMAND RIGHT START
MOVE B6 173
COMMAND RIGHT END
TURN 60 RESULT
TIME LEFT 0 5 RIGHT 0 5
MOVE A10 72
MOVE B6 211
END TURN 60
TURN 61
COMMAND LEFT START
COMMAND LEFT END
COMMAND RIGHT START
COMMAND RIGHT END
TURN 61 RESULT
TIME LEFT 1 5 RIGHT 1 5
MOVE A10 94
MOVE B6 205
END TURN 61
TURN 62
COMMAND LEFT START
COMMAND LEFT END
COMMAND RIGHT START
COMMAND RIGHT END
TURN 62 RESULT
TIME LEFT 1 5 RIGHT 1 5
MOVE A10 109
MOVE B6 197
END TURN 62
TURN 63
COMMAND LEFT START
COMMAND LEFT END
COMMAND RIGHT START
COMMAND RIGHT END
TURN 63 RESULT
TIME LEFT 1 5 RIGHT 1 5
MOVE B6 192
END TURN 63
TURN 64
COMMAND LEFT START
COMMAND LEFT END
COMMAND RIGHT START
COMMAND RIGHT END
TURN 64 RESULT
TIME LEFT 0 5 RIGHT 0 5
MOVE B6 173
END TURN 64
TURN 65
COMMAND LEFT START
COMMAND LEFT END
COMMAND RIGHT START
COMMAND RIGHT END
TURN 65 RESULT
TIME LEFT 1 5 RIGHT 0 5
END TURN 65
TURN 66
COMMAND LEFT START
COMMAND LEFT END
COMMAND RIGHT START
COMMAND RIGHT END
TURN 66 RESULT
TIME LEFT 0 5 RIGHT 0 5
END TURN 66
TURN 67
COMMAND LEFT START
COMMAND LEFT END
COMMAND RIGHT START
COMMAND RIGHT END
TURN 67 RESULT
TIME LEFT 0 5 RIGHT 0 5
END TURN 67
TURN 68
COMMAND LEFT START
COMMAND LEFT END
COMMAND RIGHT START
COMMAND RIGHT END
TURN 68 RESULT
TIME LEFT 0 5 RIGHT 0 5
END TURN 68
TURN 69
COMMAND LEFT START
COMMAND LEFT END
COMMAND RIGHT START
COMMAND RIGHT END
TURN 69 RESULT
TIME LEFT 0 5 RIGHT 0 5
END TURN 69
TURN 70
COMMAND LEFT START
COMMAND LEFT END
COMMAND RIGHT START
COMMAND RIGHT END
TURN 70 RESULT
TIME LEFT 0 5 RIGHT 0 5
END TURN 70
TURN 71
COMMAND LEFT START
MOVE A8 125
UPGRADE 125
COMMAND LEFT END
COMMAND RIGHT START
COMMAND RIGHT END
TURN 71 RESULT
TIME LEFT 0 5 RIGHT 0 5
UPGRADE A 125
MOVE A8 116
END TURN 71
TURN 72
COMMAND LEFT START
COMMAND LEFT END
COMMAND RIGHT START
UPGRADE 173
COMMAND RIGHT END
TURN 72 RESULT
TIME LEFT 0 5 RIGHT 0 5
UPGRADE B 173
MOVE A8 104
END TURN 72
TURN 73
COMMAND LEFT START
COMMAND LEFT END
COMMAND RIGHT START
COMMAND RIGHT END
TURN 73 RESULT
TIME LEFT 1 5 RIGHT 1 5
MOVE A8 125
END TURN 73
TURN 74
COMMAND LEFT START
MOVE A8 109
TRAIN 1
COMMAND LEFT END
COMMAND RIGHT START
COMMAND RIGHT END
TURN 74 RESULT
TIME LEFT 0 5 RIGHT 0 5
TRAIN A11
MOVE A8 104
END TURN 74
TURN 75
COMMAND LEFT START
MOVE A11 109
COMMAND LEFT END
COMMAND RIGHT START
TRAIN 1
COMMAND RIGHT END
TURN 75 RESULT
TIME LEFT 0 5 RIGHT 0 5
TRAIN B9
MOVE A8 116
MOVE A11 5
END TURN 75
TURN 76
COMMAND LEFT START
TRAIN 1
COMMAND LEFT END
COMMAND RIGHT START
MOVE B7 173
COMMAND RIGHT END
TURN 76 RESULT
TIME LEFT 0 5 RIGHT 0 5
TRAIN A12
MOVE A8 109
MOVE A11 20
MOVE B7 211
END TURN 76
TURN 77
COMMAND LEFT START
MOVE A12 109
COMMAND LEFT END
COMMAND RIGHT START
COMMAND RIGHT END
TURN 77 RESULT
TIME LEFT 0 5 RIGHT 0 5
MOVE A11 28
MOVE A12 5
MOVE B7 205
END TURN 77
TURN 78
COMMAND LEFT START
COMMAND LEFT END
COMMAND RIGHT START
COMMAND RIGHT END
TURN 78 RESULT
TIME LEFT 0 5 RIGHT 0 5
MOVE A11 47
MOVE A12 20
MOVE B7 197
END TURN 78
TURN 79
COMMAND LEFT START
TRAIN 1
COMMAND LEFT END
COMMAND RIGHT START
COMMAND RIGHT END
TURN 79 RESULT
TIME LEFT 0 5 RIGHT 0 5
TRAIN A13
MOVE A11 60
MOVE A12 28
MOVE B7 192
END TURN 79
TURN 80
COMMAND LEFT START
MOVE A13 109
COMMAND LEFT END
COMMAND RIGHT START
COMMAND RIGHT END
TURN 80 RESULT
TIME LEFT 1 5 RIGHT 1 5
MOVE A11 72
MOVE A12 47
MOVE A13 5
MOVE B7 173
END TURN 80
TURN 81
COMMAND LEFT START
COMMAND LEFT END
COMMAND RIGHT START
COMMAND RIGHT END
TURN 81 RESULT
TIME LEFT 0 5 RIGHT 0 5
MOVE A11 94
MOVE A12 60
MOVE A13 20
END TURN 81
TURN 82
COMMAND LEFT START
TRAIN 1
COMMAND LEFT END
COMMAND RIGHT START
COMMAND RIGHT END
TURN 82 RESULT
TIME LEFT 1 5 RIGHT 1 5
TRAIN A14
MOVE A11 109
MOVE A12 72
MOVE A13 28
END TURN 82
TURN 83
COMMAND LEFT START
MOVE A14 109
COMMAND LEFT END
COMMAND RIGHT START
COMMAND RIGHT END
TURN 83 RESULT
TIME LEFT 1 5 RIGHT 1 5
MOVE A12 94
MOVE A13 47
MOVE A14 5
END TURN 83
TURN 84
COMMAND LEFT START
COMMAND LEFT END
COMMAND RIGHT START
COMMAND RIGHT END
TURN 84 RESULT
TIME LEFT 0 5 RIGHT 0 5
MOVE A12 109
MOVE A13 60
MOVE A14 20
END TURN 84
TURN 85
COMMAND LEFT START
COMMAND LEFT END
COMMAND RIGHT START
COMMAND RIGHT END
TURN 85 RESULT
TIME LEFT 0 5 RIGHT 0 5
MOVE A13 72
MOVE A14 28
END TURN 85
TURN 86
COMMAND LEFT START
TRAIN 1
COMMAND LEFT END
COMMAND RIGHT START
COMMAND RIGHT END
TURN 86 RESULT
TIME LEFT 1 5 RIGHT 1 5
TRAIN A15
MOVE A13 94
MOVE A14 47
END TURN 86
TURN 87
COMMAND LEFT START
MOVE A8 105
MOVE A15 109
COMMAND LEFT END
COMMAND RIGHT START
COMMAND RIGHT END
TURN 87 RESULT
TIME LEFT 1 5 RIGHT 1 5
MOVE A8 102
MOVE A13 109
MOVE A14 60
MOVE A15 5
END TURN 87
TURN 88
COMMAND LEFT START
COMMAND LEFT END
COMMAND RIGHT START
COMMAND RIGHT END
TURN 88 RESULT
TIME LEFT 1 5 RIGHT 1 5
MOVE A8 114
MOVE A14 72
MOVE A15 20
END TURN 88
TURN 89
COMMAND LEFT START
COMMAND LEFT END
COMMAND RIGHT START
COMMAND RIGHT END
TURN 89 RESULT
TIME LEFT 0 5 RIGHT 0 5
MOVE A8 107
MOVE A14 94
MOVE A15 28
END TURN 89
TURN 90
COMMAND LEFT START
COMMAND LEFT END
COMMAND RIGHT START
COMMAND RIGHT END
TURN 90 RESULT
TIME LEFT 1 5 RIGHT 1 5
MOVE A8 112
MOVE A14 109
MOVE A15 47
END TURN 90
TURN 91
COMMAND LEFT START
COMMAND LEFT END
COMMAND RIGHT START
UPGRADE 218
COMMAND RIGHT END
TURN 91 RESULT
TIME LEFT 1 5 RIGHT 1 5
UPGRADE B 218
MOVE A8 117
MOVE A15 60
END TURN 91
TURN 92
COMMAND LEFT START
COMMAND LEFT END
COMMAND RIGHT START
COMMAND RIGHT END
TURN 92 RESULT
TIME LEFT 0 5 RIGHT 0 5
MOVE A8 105
MOVE A15 72
END TURN 92
TURN 93
COMMAND LEFT START
COMMAND LEFT END
COMMAND RIGHT START
TRAIN 1
COMMAND RIGHT END
TURN 93 RESULT
TIME LEFT 0 5 RIGHT 0 5
TRAIN B10
MOVE A15 94
END TURN 93
TURN 94
COMMAND LEFT START
COMMAND LEFT END
COMMAND RIGHT START
COMMAND RIGHT END
TURN 94 RESULT
TIME LEFT 0 5 RIGHT 0 5
MOVE A15 109
END TURN 94
TURN 95
COMMAND LEFT START
COMMAND LEFT END
COMMAND RIGHT START
COMMAND RIGHT END
TURN 95 RESULT
TIME LEFT 0 5 RIGHT 0 5
END TURN 95
TURN 96
COMMAND LEFT START
COMMAND LEFT END
COMMAND RIGHT START
COMMAND RIGHT END
TURN 96 RESULT
TIME LEFT 0 5 RIGHT 0 5
END TURN 96
TURN 97
COMMAND LEFT START
COMMAND LEFT END
COMMAND RIGHT START
COMMAND RIGHT END
TURN 97 RESULT
TIME LEFT 0 5 RIGHT 0 5
END TURN 97
TURN 98
COMMAND LEFT START
COMMAND LEFT END
COMMAND RIGHT START
COMMAND RIGHT END
TURN 98 RESULT
TIME LEFT 0 5 RIGHT 0 5
END TURN 98
TURN 99
COMMAND LEFT START
COMMAND LEFT END
COMMAND RIGHT START
COMMAND RIGHT END
TURN 99 RESULT
TIME LEFT 0 5 RIGHT 0 5
END TURN 99
TURN 100
COMMAND LEFT START
MOVE A9 105
UPGRADE 105
COMMAND LEFT END
COMMAND RIGHT START
COMMAND RIGHT END
TURN 100 RESULT
TIME LEFT 0 5 RIGHT 0 5
UPGRADE A 105
MOVE A9 102
END TURN 100
TURN 101
COMMAND LEFT START
COMMAND LEFT END
COMMAND RIGHT START
TRAIN 1
COMMAND RIGHT END
TURN 101 RESULT
TIME LEFT 1 5 RIGHT 1 5
TRAIN B11
MOVE A9 114
END TURN 101
TURN 102
COMMAND LEFT START
TRAIN 1
COMMAND LEFT END
COMMAND RIGHT START
COMMAND RIGHT END
TURN 102 RESULT
TIME LEFT 0 5 RIGHT 0 5
TRAIN A16
MOVE A9 107
END TURN 102
TURN 103
COMMAND LEFT START
MOVE A16 109
COMMAND LEFT END
COMMAND RIGHT START
TRAIN 1
COMMAND RIGHT END
TURN 103 RESULT
TIME LEFT 1 5 RIGHT 1 5
TRAIN B12
MOVE A9 112
MOVE A16 5
END TURN 103
TURN 104
COMMAND LEFT START
COMMAND LEFT END
COMMAND RIGHT START
MOVE B12 199
COMMAND RIGHT END
TURN 104 RESULT
TIME LEFT 0 5 RIGHT 0 5
MOVE A9 117
MOVE A16 20
MOVE B12 216
END TURN 104
TURN 105
COMMAND LEFT START
TRAIN 1
COMMAND LEFT END
COMMAND RIGHT START
TRAIN 1
COMMAND RIGHT END
TURN 105 RESULT
TIME LEFT 0 5 RIGHT 0 5
TRAIN A17 B13
MOVE A9 105
MOVE A16 28
MOVE B12 214
END TURN 105
TURN 106
COMMAND LEFT START
MOVE A17 109
MOVE A9 109
COMMAND LEFT END
COMMAND RIGHT START
MOVE B13 159
COMMAND RIGHT END
TURN 106 RESULT
TIME LEFT 0 5 RIGHT 0 5
MOVE A9 117
MOVE A16 47
MOVE A17 5
MOVE B12 215
MOVE B13 211
END TURN 106
TURN 107
COMMAND LEFT START
TRAIN 1
COMMAND LEFT END
COMMAND RIGHT START
TRAIN 1
COMMAND RIGHT END
TURN 107 RESULT
TIME LEFT 0 5 RIGHT 0 5
TRAIN A18 B14
MOVE A9 112
MOVE A16 60
MOVE A17 20
MOVE B12 207
MOVE B13 205
END TURN 107
TURN 108
COMMAND LEFT START
MOVE A10 173
MOVE A18 109
COMMAND LEFT END
COMMAND RIGHT START
MOVE B14 125
COMMAND RIGHT END
TURN 108 RESULT
TIME LEFT 0 5 RIGHT 0 5
MOVE A9 107
MOVE A10 124
MOVE A16 72
MOVE A17 28
MOVE A18 5
MOVE B12 199
MOVE B13 201
MOVE B14 213
END TURN 108
TURN 109
COMMAND LEFT START
COMMAND LEFT END
COMMAND RIGHT START
UPGRADE 199
COMMAND RIGHT END
TURN 109 RESULT
TIME LEFT 0 5 RIGHT 0 5
UPGRADE B 199
MOVE A9 114
MOVE A10 131
MOVE A16 94
MOVE A17 47
MOVE A18 20
MOVE B13 193
MOVE B14 202
END TURN 109
TURN 110
COMMAND LEFT START
COMMAND LEFT END
COMMAND RIGHT START
COMMAND RIGHT END
TURN 110 RESULT
TIME LEFT 1 5 RIGHT 1 5
MOVE A9 102
MOVE A10 144
MOVE A16 109
MOVE A17 60
MOVE A18 28
MOVE B13 179
MOVE B14 186
END TURN 110
TURN 111
COMMAND LEFT START
COMMAND LEFT END
COMMAND RIGHT START
COMMAND RIGHT END
TURN 111 RESULT
TIME LEFT 2 5 RIGHT 2 5
MOVE A9 109
MOVE A10 153
MOVE A17 72
MOVE A18 47
MOVE B13 159
MOVE B14 176
END TURN 111
TURN 112
COMMAND LEFT START
MOVE A9 133
COMMAND LEFT END
COMMAND RIGHT START
COMMAND RIGHT END
TURN 112 RESULT
TIME LEFT 0 5 RIGHT 0 5
MOVE A9 116
MOVE A10 161
MOVE A17 94
MOVE A18 60
MOVE B14 155
END TURN 112
TURN 113
COMMAND LEFT START
COMMAND LEFT END
COMMAND RIGHT START
UPGRADE 159
COMMAND RIGHT END
TURN 113 RESULT
TIME LEFT 1 5 RIGHT 1 5
UPGRADE B 159
MOVE A9 104
MOVE A10 173
MOVE A17 109
MOVE A18 72
MOVE B14 143
DAMAGE TURRET A10 2
DAMAGE COMBAT A10 2
DAMAGE COMBAT B1 1
END TURN 113
TURN 114
COMMAND LEFT START
MOVE A7 109
MOVE A8 109
TRAIN 1
COMMAND LEFT END
COMMAND RIGHT START
COMMAND RIGHT END
TURN 114 RESULT
TIME LEFT 0 5 RIGHT 0 5
TRAIN A19
MOVE A7 104
MOVE A8 117
MOVE A9 111
MOVE A18 94
MOVE B14 125
DAMAGE TURRET B14 1
SIEGE A 125 1
END TURN 114
TURN 115
COMMAND LEFT START
TRAIN 1
COMMAND LEFT END
COMMAND RIGHT START
COMMAND RIGHT END
TURN 115 RESULT
TIME LEFT 1 5 RIGHT 1 5
TRAIN A20
MOVE A7 116
MOVE A8 112
MOVE A9 106
MOVE A18 109
DAMAGE TURRET B14 1
SIEGE A 125 1
END TURN 115
TURN 116
COMMAND LEFT START
COMMAND LEFT END
COMMAND RIGHT START
COMMAND RIGHT END
TURN 116 RESULT
TIME LEFT 0 5 RIGHT 0 5
MOVE A7 109
MOVE A8 107
MOVE A9 123
DAMAGE TURRET B14 1
SIEGE A 125 1
END TURN 116
TURN 117
COMMAND LEFT START
COMMAND LEFT END
COMMAND RIGHT START
COMMAND RIGHT END
TURN 117 RESULT
TIME LEFT 0 5 RIGHT 0 5
MOVE A8 114
MOVE A9 130
DAMAGE TURRET B14 1
SIEGE A 125 1
END TURN 117
TURN 118
COMMAND LEFT START
COMMAND LEFT END
COMMAND RIGHT START
UPGRADE 199
COMMAND RIGHT END
TURN 118 RESULT
TIME LEFT 1 5 RIGHT 1 5
UPGRADE B 199
MOVE A8 102
MOVE A9 133
DAMAGE TURRET B14 1
SIEGE A 125 1
END TURN 118
TURN 119
COMMAND LEFT START
MOVE A19 125
MOVE A20 105
COMMAND LEFT END
COMMAND RIGHT START
MOVE B8 199
COMMAND RIGHT END
TURN 119 RESULT
TIME LEFT 0 5 RIGHT 0 5
MOVE A8 109
MOVE A19 5
MOVE A20 5
MOVE B8 216
DAMAGE TURRET B14 1
SIEGE A 125 1
END TURN 119
TURN 120
COMMAND LEFT START
COMMAND LEFT END
COMMAND RIGHT START
COMMAND RIGHT END
TURN 120 RESULT
TIME LEFT 1 5 RIGHT 1 5
MOVE A19 20
MOVE A20 16
MOVE B8 214
END TURN 120
TURN 121
COMMAND LEFT START
COMMAND LEFT END
COMMAND RIGHT START
COMMAND RIGHT END
TURN 121 RESULT
TIME LEFT 0 5 RIGHT 0 5
MOVE A19 28
MOVE A20 32
MOVE B8 215
END TURN 121
TURN 122
COMMAND LEFT START
COMMAND LEFT END
COMMAND RIGHT START
COMMAND RIGHT END
TURN 122 RESULT
TIME LEFT 0 5 RIGHT 0 5
MOVE A19 47
MOVE A20 42
MOVE B8 207
END TURN 122
TURN 123
COMMAND LEFT START
COMMAND LEFT END
COMMAND RIGHT START
COMMAND RIGHT END
TURN 123 RESULT
TIME LEFT 2 5 RIGHT 2 5
MOVE A19 60
MOVE A20 63
MOVE B8 199
END TURN 123
TURN 124
COMMAND LEFT START
COMMAND LEFT END
COMMAND RIGHT START
UPGRADE 159
COMMAND RIGHT END
TURN 124 RESULT
TIME LEFT 0 5 RIGHT 0 5
UPGRADE B 159
MOVE A19 69
MOVE A20 75
END TURN 124
TURN 125
COMMAND LEFT START
COMMAND LEFT END
COMMAND RIGHT START
TRAIN 1
COMMAND RIGHT END
TURN 125 RESULT
TIME LEFT 0 5 RIGHT 0 5
TRAIN B15
MOVE A19 87
MOVE A20 90
END TURN 125
TURN 126
COMMAND LEFT START
COMMAND LEFT END
COMMAND RIGHT START
MOVE B9 159
COMMAND RIGHT END
TURN 126 RESULT
TIME LEFT 0 5 RIGHT 0 5
MOVE A19 104
MOVE A20 95
MOVE B9 211
END TURN 126
TURN 127
COMMAND LEFT START
COMMAND LEFT END
COMMAND RIGHT START
COMMAND RIGHT END
TURN 127 RESULT
TIME LEFT 1 5 RIGHT 1 5
MOVE A19 125
MOVE A20 105
MOVE B9 205
END TURN 127
TURN 128
COMMAND LEFT START
MOVE A19 109
COMMAND LEFT END
COMMAND RIGHT START
COMMAND RIGHT END
TURN 128 RESULT
TIME LEFT 4 5 RIGHT 4 5
MOVE A19 104
MOVE B9 201
END TURN 128
TURN 129
COMMAND LEFT START
COMMAND LEFT END
COMMAND RIGHT START
COMMAND RIGHT END
TURN 129 RESULT
TIME LEFT 1 5 RIGHT 1 5
MOVE A19 116
MOVE B9 193
END TURN 129
TURN 130
COMMAND LEFT START
COMMAND LEFT END
COMMAND RIGHT START
UPGRADE 199
COMMAND RIGHT END
TURN 130 RESULT
TIME LEFT 1 5 RIGHT 1 5
UPGRADE B 199
MOVE A19 109
MOVE B9 179
END TURN 130
TURN 131
COMMAND LEFT START
COMMAND LEFT END
COMMAND RIGHT START
TRAIN 1
COMMAND RIGHT END
TURN 131 RESULT
TIME LEFT 0 5 RIGHT 0 5
TRAIN B16
MOVE B9 159
END TURN 131
TURN 132
COMMAND LEFT START
COMMAND LEFT END
COMMAND RIGHT START
MOVE B10 199
COMMAND RIGHT END
TURN 132 RESULT
TIME LEFT 0 5 RIGHT 0 5
MOVE B10 216
END TURN 132
TURN 133
COMMAND LEFT START
COMMAND LEFT END
COMMAND RIGHT START
COMMAND RIGHT END
TURN 133 RESULT
TIME LEFT 1 5 RIGHT 1 5
MOVE B10 214
END TURN 133
TURN 134
COMMAND LEFT START
COMMAND LEFT END
COMMAND RIGHT START
COMMAND RIGHT END
TURN 134 RESULT
TIME LEFT 0 5 RIGHT 0 5
MOVE B10 215
END TURN 134
TURN 135
COMMAND LEFT START
COMMAND LEFT END
COMMAND RIGHT START
COMMAND RIGHT END
TURN 135 RESULT
TIME LEFT 0 5 RIGHT 0 5
MOVE B10 207
END TURN 135
TURN 136
COMMAND LEFT START
COMMAND LEFT END
COMMAND RIGHT START
UPGRADE 159
COMMAND RIGHT END
TURN 136 RESULT
TIME LEFT 0 5 RIGHT 0 5
UPGRADE B 159
MOVE B10 199
END TURN 136
TURN 137
COMMAND LEFT START
UPGRADE 133
COMMAND LEFT END
COMMAND RIGHT START
TRAIN 1
COMMAND RIGHT END
TURN 137 RESULT
TIME LEFT 0 5 RIGHT 0 5
UPGRADE A 133
TRAIN B17
END TURN 137
TURN 138
COMMAND LEFT START
MOVE A7 125
COMMAND LEFT END
COMMAND RIGHT START
MOVE B11 159
COMMAND RIGHT END
TURN 138 RESULT
TIME LEFT 0 5 RIGHT 0 5
MOVE A7 116
MOVE B11 211
END TURN 138
TURN 139
COMMAND LEFT START
COMMAND LEFT END
COMMAND RIGHT START
COMMAND RIGHT END
TURN 139 RESULT
TIME LEFT 0 5 RIGHT 0 5
MOVE A7 104
MOVE B11 205
END TURN 139
TURN 140
COMMAND LEFT START
COMMAND LEFT END
COMMAND RIGHT START
COMMAND RIGHT END
TURN 140 RESULT
TIME LEFT 0 5 RIGHT 0 5
MOVE A7 125
MOVE B11 201
END TURN 140
TURN 141
COMMAND LEFT START
COMMAND LEFT END
COMMAND RIGHT START
TRAIN 1
COMMAND RIGHT END
TURN 141 RESULT
TIME LEFT 0 5 RIGHT 0 5
TRAIN B18
MOVE B11 193
END TURN 141
TURN 142
COMMAND LEFT START
COMMAND LEFT END
COMMAND RIGHT START
MOVE B18 173
TRAIN 1
COMMAND RIGHT END
TURN 142 RESULT
TIME LEFT 1 5 RIGHT 1 5
TRAIN B19
MOVE B11 179
MOVE B18 211
END TURN 142
TURN 143
COMMAND LEFT START
COMMAND LEFT END
COMMAND RIGHT START
MOVE B19 173
TRAIN 1
COMMAND RIGHT END
TURN 143 RESULT
TIME LEFT 0 5 RIGHT 0 5
TRAIN B20
MOVE B11 159
MOVE B18 205
MOVE B19 211
END TURN 143
TURN 144
COMMAND LEFT START
COMMAND LEFT END
COMMAND RIGHT START
MOVE B20 173
TRAIN 1
COMMAND RIGHT END
TURN 144 RESULT
TIME LEFT 0 5 RIGHT 0 5
TRAIN B21
MOVE B18 197
MOVE B19 205
MOVE B20 211
END TURN 144
TURN 145
COMMAND LEFT START
COMMAND LEFT END
COMMAND RIGHT START
MOVE B21 173
TRAIN 2
COMMAND RIGHT END
TURN 145 RESULT
TIME LEFT 1 5 RIGHT 1 5
TRAIN B22 B23
MOVE B18 192
MOVE B19 197
MOVE B20 205
MOVE B21 211
END TURN 145
TURN 146
COMMAND LEFT START
COMMAND LEFT END
COMMAND RIGHT START
MOVE B23 125
MOVE B22 173
COMMAND RIGHT END
TURN 146 RESULT
TIME LEFT 0 5 RIGHT 0 5
MOVE B18 173
MOVE B19 192
MOVE B20 197
MOVE B21 205
MOVE B22 211
MOVE B23 213
END TURN 146
TURN 147
COMMAND LEFT START
COMMAND LEFT END
COMMAND RIGHT START
TRAIN 2
COMMAND RIGHT END
TURN 147 RESULT
TIME LEFT 0 5 RIGHT 0 5
TRAIN B24 B25
MOVE B19 173
MOVE B20 192
MOVE B21 197
MOVE B22 205
MOVE B23 202
END TURN 147
TURN 148
COMMAND LEFT START
COMMAND LEFT END
COMMAND RIGHT START
MOVE B19 109
MOVE B25 173
MOVE B24 173
COMMAND RIGHT END
TURN 148 RESULT
TIME LEFT 0 5 RIGHT 0 5
MOVE B19 161
MOVE B20 173
MOVE B21 192
MOVE B22 197
MOVE B23 186
MOVE B24 211
MOVE B25 211
END TURN 148
TURN 149
COMMAND LEFT START
MOVE A8 125
UPGRADE 125
COMMAND LEFT END
COMMAND RIGHT START
MOVE B20 152
COMMAND RIGHT END
TURN 149 RESULT
TIME LEFT 0 5 RIGHT 0 5
UPGRADE A 125
MOVE A8 116
MOVE B19 153
MOVE B20 179
MOVE B21 173
MOVE B22 192
MOVE B23 176
MOVE B24 205
MOVE B25 205
END TURN 149
TURN 150
COMMAND LEFT START
MOVE A11 159
COMMAND LEFT END
COMMAND RIGHT START
MOVE B21 105
COMMAND RIGHT END
TURN 150 RESULT
TIME LEFT 0 5 RIGHT 0 5
MOVE A8 104
MOVE A11 102
MOVE B19 144
MOVE B20 162
MOVE B21 160
MOVE B22 173
MOVE B23 155
MOVE B24 197
MOVE B25 197
END TURN 150
TURN 151
COMMAND LEFT START
COMMAND LEFT END
COMMAND RIGHT START
MOVE B22 93
COMMAND RIGHT END
TURN 151 RESULT
TIME LEFT 0 5 RIGHT 0 5
MOVE A8 125
MOVE A11 114
MOVE B19 131
MOVE B20 152
MOVE B21 141
MOVE B22 160
MOVE B23 143
MOVE B24 192
MOVE B25 192
END TURN 151
TURN 152
COMMAND LEFT START
MOVE A12 125
COMMAND LEFT END
COMMAND RIGHT START
UPGRADE 152
TRAIN 1
COMMAND RIGHT END
TURN 152 RESULT
TIME LEFT 0 5 RIGHT 0 5
UPGRADE B 152
TRAIN B26
MOVE A11 120
MOVE A12 116
MOVE B19 124
MOVE B21 129
MOVE B22 147
MOVE B23 125
MOVE B24 173
MOVE B25 173
DAMAGE TURRET B23 1
DAMAGE COMBAT A7 1
DAMAGE COMBAT B23 2
END TURN 152
TURN 153
COMMAND LEFT START
TRAIN 1
COMMAND LEFT END
COMMAND RIGHT START
MOVE B26 173
UPGRADE 152
COMMAND RIGHT END
TURN 153 RESULT
TIME LEFT 1 5 RIGHT 1 5
UPGRADE B 152
TRAIN A21
MOVE A11 137
MOVE A12 104
MOVE B19 109
MOVE B21 105
MOVE B22 132
MOVE B26 211
DAMAGE TURRET B19 1
DAMAGE TURRET B21 1
DAMAGE TURRET B23 1
DAMAGE COMBAT A1 1
DAMAGE COMBAT A7 1
DAMAGE COMBAT A20 1
DAMAGE COMBAT B19 5
DAMAGE COMBAT B21 1
DAMAGE COMBAT B23 2
END TURN 153
TURN 154
COMMAND LEFT START
MOVE A21 109
MOVE A8 109
COMMAND LEFT END
COMMAND RIGHT START
MOVE B1 152
COMMAND RIGHT END
TURN 154 RESULT
TIME LEFT 0 5 RIGHT 0 5
MOVE A8 104
MOVE A11 147
MOVE A12 125
MOVE A21 5
MOVE B1 179
MOVE B22 122
MOVE B26 205
DAMAGE TURRET B21 1
DAMAGE COMBAT A20 1
DAMAGE COMBAT B21 1
END TURN 154
TURN 155
COMMAND LEFT START
MOVE A13 152
MOVE A12 109
COMMAND LEFT END
COMMAND RIGHT START
MOVE B25 125
COMMAND RIGHT END
TURN 155 RESULT
TIME LEFT 0 5 RIGHT 0 5
MOVE A8 116
MOVE A11 160
MOVE A12 104
MOVE A13 102
MOVE A21 20
MOVE B1 162
MOVE B22 107
MOVE B25 172
MOVE B26 197
DAMAGE TURRET B21 1
DAMAGE COMBAT A20 1
DAMAGE COMBAT B21 1
END TURN 155
TURN 156
COMMAND LEFT START
TRAIN 1
COMMAND LEFT END
COMMAND RIGHT START
UPGRADE 152
COMMAND RIGHT END
TURN 156 RESULT
TIME LEFT 0 5 RIGHT 0 5
UPGRADE B 152
TRAIN A22
MOVE A8 109
MOVE A11 159
MOVE A12 116
MOVE A13 114
MOVE A21 28
MOVE B1 152
MOVE B22 93
MOVE B25 170
MOVE B26 192
DAMAGE TURRET A11 2
DAMAGE COMBAT A11 2
DAMAGE COMBAT B9 1
END TURN 156
TURN 157
COMMAND LEFT START
MOVE A20 109
TRAIN 1
COMMAND LEFT END
COMMAND RIGHT START
MOVE B6 152
COMMAND RIGHT END
TURN 157 RESULT
TIME LEFT 0 5 RIGHT 0 5
TRAIN A23
MOVE A12 109
MOVE A13 120
MOVE A20 117
MOVE A21 47
MOVE B6 179
MOVE B25 165
MOVE B26 173
END TURN 157
TURN 158
COMMAND LEFT START
TRAIN 1
COMMAND LEFT END
COMMAND RIGHT START
COMMAND RIGHT END
TURN 158 RESULT
TIME LEFT 1 5 RIGHT 0 5
TRAIN A24
MOVE A13 137
MOVE A20 112
MOVE A21 60
MOVE B6 162
MOVE B25 149
END TURN 158
TURN 159
COMMAND LEFT START
COMMAND LEFT END
COMMAND RIGHT START
UPGRADE 93
COMMAND RIGHT END
TURN 159 RESULT
TIME LEFT 0 5 RIGHT 0 5
UPGRADE B 93
MOVE A13 147
MOVE A20 107
MOVE A21 72
MOVE B6 152
MOVE B25 146
END TURN 159
TURN 160
COMMAND LEFT START
MOVE A22 105
MOVE A23 109
MOVE A24 109
COMMAND LEFT END
COMMAND RIGHT START
COMMAND RIGHT END
TURN 160 RESULT
TIME LEFT 2 5 RIGHT 0 5
MOVE A13 141
MOVE A20 114
MOVE A21 94
MOVE A22 5
MOVE A23 5
MOVE A24 5
MOVE B25 138
END TURN 160
TURN 161
COMMAND LEFT START
MOVE A1 125
MOVE A8 125
MOVE A14 199
COMMAND LEFT END
COMMAND RIGHT START
MOVE B26 93
COMMAND RIGHT END
TURN 161 RESULT
TIME LEFT 0 5 RIGHT 0 5
MOVE A1 116
MOVE A8 116
MOVE A13 145
MOVE A14 124
MOVE A20 102
MOVE A21 109
MOVE A22 16
MOVE A23 20
MOVE A24 20
MOVE B25 136
MOVE B26 160
END TURN 161
TURN 162
COMMAND LEFT START
MOVE A7 109
TRAIN 1
COMMAND LEFT END
COMMAND RIGHT START
UPGRADE 93
COMMAND RIGHT END
TURN 162 RESULT
TIME LEFT 1 5 RIGHT 0 5
UPGRADE B 93
TRAIN A25
MOVE A1 104
MOVE A7 104
MOVE A8 104
MOVE A13 152
MOVE A14 138
MOVE A20 109
MOVE A22 32
MOVE A23 28
MOVE A24 28
MOVE B25 125
MOVE B26 147
DAMAGE TURRET A13 2
DAMAGE TURRET B25 1
DAMAGE COMBAT A13 2
DAMAGE COMBAT B1 1
SIEGE A 125 1
END TURN 162
TURN 163
COMMAND LEFT START
COMMAND LEFT END
COMMAND RIGHT START
COMMAND RIGHT END
TURN 163 RESULT
TIME LEFT 0 5 RIGHT 0 5
MOVE A1 125
MOVE A7 116
MOVE A8 125
MOVE A14 154
MOVE A22 42
MOVE A23 47
MOVE A24 47
MOVE B26 132
DAMAGE TURRET B25 1
DAMAGE COMBAT A1 1
DAMAGE COMBAT B25 2
END TURN 163
TURN 164
COMMAND LEFT START
MOVE A8 109
COMMAND LEFT END
COMMAND RIGHT START
COMMAND RIGHT END
TURN 164 RESULT
TIME LEFT 0 5 RIGHT 0 5
MOVE A7 109
MOVE A14 155
MOVE A22 63
MOVE A23 60
MOVE A24 60
MOVE B26 122
DAMAGE TURRET B25 1
DAMAGE COMBAT A8 1
DAMAGE COMBAT B25 1
END TURN 164
TURN 165
COMMAND LEFT START
TRAIN 1
COMMAND LEFT END
COMMAND RIGHT START
UPGRADE 93
TRAIN 1
COMMAND RIGHT END
TURN 165 RESULT
TIME LEFT 0 5 RIGHT 0 5
UPGRADE B 93
TRAIN A26 B27
MOVE A8 104
MOVE A14 163
MOVE A22 75
MOVE A23 72
MOVE A24 72
MOVE B26 107
END TURN 165
TURN 166
COMMAND LEFT START
COMMAND LEFT END
COMMAND RIGHT START
MOVE B15 93
COMMAND RIGHT END
TURN 166 RESULT
TIME LEFT 0 5 RIGHT 0 5
MOVE A8 116
MOVE A14 174
MOVE A22 90
MOVE A23 94
MOVE A24 94
MOVE B15 213
MOVE B26 93
END TURN 166
TURN 167
COMMAND LEFT START
COMMAND LEFT END
COMMAND RIGHT START
COMMAND RIGHT END
TURN 167 RESULT
TIME LEFT 1 5 RIGHT 1 5
MOVE A8 109
MOVE A14 180
MOVE A22 95
MOVE A23 109
MOVE A24 109
MOVE B15 198
END TURN 167
TURN 168
COMMAND LEFT START
MOVE A7 0
MOVE A8 45
MOVE A12 113
MOVE A15 125
MOVE A25 109
MOVE A26 109
COMMAND LEFT END
COMMAND RIGHT START
TRAIN 1
COMMAND RIGHT END
TURN 168 RESULT
TIME LEFT 0 5 RIGHT 0 5
TRAIN B28
MOVE A7 94
MOVE A8 94
MOVE A12 116
MOVE A14 189
MOVE A15 116
MOVE A22 105
MOVE A25 5
MOVE A26 5
MOVE B15 190
END TURN 168
TURN 169
COMMAND LEFT START
COMMAND LEFT END
COMMAND RIGHT START
MOVE B28 93
TRAIN 2
COMMAND RIGHT END
TURN 169 RESULT
TIME LEFT 0 5 RIGHT 0 5
TRAIN B29 B30
MOVE A7 72
MOVE A8 87
MOVE A12 104
MOVE A14 199
MOVE A15 104
MOVE A25 20
MOVE A26 20
MOVE B15 171
MOVE B28 213
DAMAGE TURRET A14 2
DAMAGE COMBAT A14 2
DAMAGE COMBAT B8 1
END TURN 169
TURN 170
COMMAND LEFT START
TRAIN 1
COMMAND LEFT END
COMMAND RIGHT START
MOVE B30 125
MOVE B29 93
COMMAND RIGHT END
TURN 170 RESULT
TIME LEFT 1 5 RIGHT 0 5
TRAIN A27
MOVE A7 60
MOVE A8 74
MOVE A12 111
MOVE A15 125
MOVE A25 28
MOVE A26 28
MOVE B15 158
MOVE B28 198
MOVE B29 213
MOVE B30 213
END TURN 170
TURN 171
COMMAND LEFT START
COMMAND LEFT END
COMMAND RIGHT START
COMMAND RIGHT END
TURN 171 RESULT
TIME LEFT 0 5 RIGHT 0 5
MOVE A7 47
MOVE A8 65
MOVE A12 106
MOVE A25 47
MOVE A26 47
MOVE B15 149
MOVE B28 190
MOVE B29 198
MOVE B30 202
END TURN 171
TURN 172
COMMAND LEFT START
COMMAND LEFT END
COMMAND RIGHT START
COMMAND RIGHT END
TURN 172 RESULT
TIME LEFT 0 5 RIGHT 0 5
MOVE A7 28
MOVE A8 57
MOVE A12 101
MOVE A25 60
MOVE A26 60
MOVE B15 131
MOVE B28 171
MOVE B29 190
MOVE B30 186
END TURN 172
TURN 173
COMMAND LEFT START
TRAIN 1
COMMAND LEFT END
COMMAND RIGHT START
TRAIN 2
COMMAND RIGHT END
TURN 173 RESULT
TIME LEFT 0 5 RIGHT 0 5
TRAIN A28 B31 B32
MOVE A7 20
MOVE A8 45
MOVE A12 113
MOVE A25 72
MOVE A26 72
MOVE B15 114
MOVE B28 158
MOVE B29 171
MOVE B30 176
END TURN 173
TURN 174
COMMAND LEFT START
MOVE A12 133
MOVE A6 133
MOVE A16 133
COMMAND LEFT END
COMMAND RIGHT START
MOVE B32 93
MOVE B31 93
TRAIN 2
COMMAND RIGHT END
TURN 174 RESULT
TIME LEFT 0 5 RIGHT 0 5
TRAIN B33 B34
MOVE A6 58
MOVE A7 5
MOVE A12 119
MOVE A16 116
MOVE A25 94
MOVE A26 94
MOVE B15 93
MOVE B28 149
MOVE B29 158
MOVE B30 155
MOVE B31 213
MOVE B32 213
END TURN 174
TURN 175
COMMAND LEFT START
MOVE A17 113
MOVE A27 109
MOVE A28 109
COMMAND LEFT END
COMMAND RIGHT START
COMMAND RIGHT END
TURN 175 RESULT
TIME LEFT 1 5 RIGHT 1 5
MOVE A6 77
MOVE A7 0
MOVE A12 133
MOVE A16 104
MOVE A17 116
MOVE A25 109
MOVE A26 109
MOVE A27 5
MOVE A28 5
MOVE B28 131
MOVE B29 149
MOVE B30 143
MOVE B31 198
MOVE B32 198
END TURN 175
TURN 176
COMMAND LEFT START
MOVE A18 125
MOVE A2 109
MOVE A12 109
COMMAND LEFT END
COMMAND RIGHT START
MOVE B34 93
MOVE B33 93
TRAIN 2
COMMAND RIGHT END
TURN 176 RESULT
TIME LEFT 1 5 RIGHT 0 5
TRAIN B35 B36
MOVE A2 5
MOVE A6 89
MOVE A12 130
MOVE A16 111
MOVE A17 104
MOVE A18 116
MOVE A27 20
MOVE A28 20
MOVE B28 114
MOVE B29 131
MOVE B30 125
MOVE B31 190
MOVE B32 190
MOVE B33 213
MOVE B34 213
DAMAGE TURRET B30 1
DAMAGE COMBAT A15 1
DAMAGE COMBAT B30 1
END TURN 176
TURN 177
COMMAND LEFT START
TRAIN 1
COMMAND LEFT END
COMMAND RIGHT START
MOVE B36 93
MOVE B35 93
TRAIN 2
COMMAND RIGHT END
TURN 177 RESULT
TIME LEFT 0 5 RIGHT 0 5
TRAIN A29 B37 B38
MOVE A2 20
MOVE A6 110
MOVE A12 123
MOVE A16 106
MOVE A17 111
MOVE A18 104
MOVE A27 28
MOVE A28 28
MOVE B28 93
MOVE B29 114
MOVE B31 171
MOVE B32 171
MOVE B33 198
MOVE B34 198
MOVE B35 213
MOVE B36 213
DAMAGE TURRET B30 1
DAMAGE COMBAT A15 1
DAMAGE COMBAT B30 1
END TURN 177
TURN 178
COMMAND LEFT START
MOVE A29 109
COMMAND LEFT END
COMMAND RIGHT START
MOVE B38 93
MOVE B37 93
TRAIN 2
COMMAND RIGHT END
TURN 178 RESULT
TIME LEFT 0 5 RIGHT 1 5
TRAIN B39 B40
MOVE A2 28
MOVE A6 119
MOVE A12 106
MOVE A16 123
MOVE A17 106
MOVE A18 125
MOVE A27 47
MOVE A28 47
MOVE A29 5
MOVE B29 93
MOVE B31 158
MOVE B32 158
MOVE B33 190
MOVE B34 190
MOVE B35 198
MOVE B36 198
MOVE B37 213
MOVE B38 213
DAMAGE TURRET B30 1
DAMAGE COMBAT A15 1
DAMAGE COMBAT B30 1
END TURN 178
TURN 179
COMMAND LEFT START
MOVE A18 109
COMMAND LEFT END
COMMAND RIGHT START
COMMAND RIGHT END
TURN 179 RESULT
TIME LEFT 3 5 RIGHT 0 5
MOVE A2 47
MOVE A6 133
MOVE A12 111
MOVE A16 130
MOVE A17 101
MOVE A18 104
MOVE A27 60
MOVE A28 60
MOVE A29 20
MOVE B31 149
MOVE B32 149
MOVE B33 171
MOVE B34 171
MOVE B35 190
MOVE B36 190
MOVE B37 198
MOVE B38 198
END TURN 179
TURN 180
COMMAND LEFT START
MOVE A9 109
COMMAND LEFT END
COMMAND RIGHT START
COMMAND RIGHT END
TURN 180 RESULT
TIME LEFT 0 5 RIGHT 0 5
MOVE A2 60
MOVE A9 130
MOVE A12 104
MOVE A16 133
MOVE A17 113
MOVE A18 116
MOVE A27 72
MOVE A28 72
MOVE A29 28
MOVE B31 131
MOVE B32 131
MOVE B33 158
MOVE B34 158
MOVE B35 171
MOVE B36 171
MOVE B37 190
MOVE B38 190
END TURN 180
TURN 181
COMMAND LEFT START
MOVE A16 109
COMMAND LEFT END
COMMAND RIGHT START
MOVE B40 93
MOVE B39 93
MOVE B29 105
TRAIN 2
COMMAND RIGHT END
TURN 181 RESULT
TIME LEFT 4 5 RIGHT 4 5
TRAIN B41 B42
MOVE A2 72
MOVE A9 123
MOVE A12 116
MOVE A16 130
MOVE A18 109
MOVE A27 94
MOVE A28 94
MOVE A29 47
MOVE B29 90
MOVE B31 114
MOVE B32 114
MOVE B33 149
MOVE B34 149
MOVE B35 158
MOVE B36 158
MOVE B37 171
MOVE B38 171
MOVE B39 213
MOVE B40 213
END TURN 181
TURN 182
COMMAND LEFT START
MOVE A18 0
TRAIN 1
COMMAND LEFT END
COMMAND RIGHT START
MOVE B42 93
MOVE B41 93
TRAIN 2
COMMAND RIGHT END
TURN 182 RESULT
TIME LEFT 0 5 RIGHT 0 5
TRAIN A30 B43 B44
MOVE A2 94
MOVE A9 106
MOVE A12 109
MOVE A16 123
MOVE A18 94
MOVE A27 109
MOVE A28 109
MOVE A29 60
MOVE B29 95
MOVE B31 93
MOVE B32 93
MOVE B33 131
MOVE B34 131
MOVE B35 149
MOVE B36 149
MOVE B37 158
MOVE B38 158
MOVE B39 198
MOVE B40 198
MOVE B41 213
MOVE B42 213
END TURN 182
TURN 183
COMMAND LEFT START
MOVE A30 109
COMMAND LEFT END
COMMAND RIGHT START
MOVE B44 93
MOVE B43 93
MOVE B32 85
MOVE B31 59
TRAIN 2
COMMAND RIGHT END
TURN 183 RESULT
TIME LEFT 0 5 RIGHT 0 5
TRAIN B45 B46
MOVE A2 109
MOVE A9 111
MOVE A16 106
MOVE A18 72
MOVE A29 72
MOVE A30 5
MOVE B29 105
MOVE B31 82
MOVE B32 90
MOVE B33 114
MOVE B34 114
MOVE B35 131
MOVE B36 131
MOVE B37 149
MOVE B38 149
MOVE B39 190
MOVE B40 190
MOVE B41 198
MOVE B42 198
MOVE B43 213
MOVE B44 213
DAMAGE TURRET B29 1
DAMAGE COMBAT A22 1
DAMAGE COMBAT B29 1
END TURN 183
TURN 184
COMMAND LEFT START
TRAIN 1
COMMAND LEFT END
COMMAND RIGHT START
MOVE B46 93
MOVE B45 93
TRAIN 2
COMMAND RIGHT END
TURN 184 RESULT
TIME LEFT 0 5 RIGHT 0 5
TRAIN A31 B47 B48
MOVE A9 104
MOVE A16 111
MOVE A18 60
MOVE A29 94
MOVE A30 20
MOVE B31 80
MOVE B32 95
MOVE B33 93
MOVE B34 93
MOVE B35 114
MOVE B36 114
MOVE B37 131
MOVE B38 131
MOVE B39 171
MOVE B40 171
MOVE B41 190
MOVE B42 190
MOVE B43 198
MOVE B44 198
MOVE B45 213
MOVE B46 213
DAMAGE TURRET B29 1
DAMAGE COMBAT A22 1
DAMAGE COMBAT B29 1
END TURN 184
TURN 185
COMMAND LEFT START
MOVE A22 109
MOVE A31 105
COMMAND LEFT END
COMMAND RIGHT START
MOVE B48 93
MOVE B47 93
MOVE B34 45
MOVE B33 66
TRAIN 1
COMMAND RIGHT END
TURN 185 RESULT
TIME LEFT 1 5 RIGHT 1 5
TRAIN B49
MOVE A9 116
MOVE A16 104
MOVE A18 47
MOVE A29 109
MOVE A30 28
MOVE A31 5
MOVE B31 72
MOVE B32 88
MOVE B33 82
MOVE B34 82
MOVE B35 93
MOVE B36 93
MOVE B37 114
MOVE B38 114
MOVE B39 158
MOVE B40 158
MOVE B41 171
MOVE B42 171
MOVE B43 190
MOVE B44 190
MOVE B45 198
MOVE B46 198
MOVE B47 213
MOVE B48 213
DAMAGE TURRET B29 1
DAMAGE COMBAT A22 1
DAMAGE COMBAT B29 1
END TURN 185
TURN 186
COMMAND LEFT START
TRAIN 1
COMMAND LEFT END
COMMAND RIGHT START
MOVE B36 105
MOVE B35 105
MOVE B28 105
MOVE B26 105
COMMAND RIGHT END
TURN 186 RESULT
TIME LEFT 0 5 RIGHT 0 5
TRAIN A32
MOVE A9 109
MOVE A16 116
MOVE A18 28
MOVE A22 117
MOVE A30 47
MOVE A31 16
MOVE B26 90
MOVE B28 90
MOVE B31 69
MOVE B32 85
MOVE B33 80
MOVE B34 80
MOVE B35 90
MOVE B36 90
MOVE B37 93
MOVE B38 93
MOVE B39 149
MOVE B40 149
MOVE B41 158
MOVE B42 158
MOVE B43 171
MOVE B44 171
MOVE B45 190
MOVE B46 190
MOVE B47 198
MOVE B48 198
END TURN 186
TURN 187
COMMAND LEFT START
MOVE A32 45
TRAIN 1
COMMAND LEFT END
COMMAND RIGHT START
MOVE B49 93
UPGRADE 85
TRAIN 2
COMMAND RIGHT END
TURN 187 RESULT
TIME LEFT 0 5 RIGHT 0 5
UPGRADE B 85
TRAIN A33 B50 B51
MOVE A16 109
MOVE A18 20
MOVE A22 112
MOVE A30 60
MOVE A31 32
MOVE A32 7
MOVE B26 95
MOVE B28 95
MOVE B31 74
MOVE B33 72
MOVE B34 72
MOVE B35 95
MOVE B36 95
MOVE B39 131
MOVE B40 131
MOVE B41 149
MOVE B42 149
MOVE B43 158
MOVE B44 158
MOVE B45 171
MOVE B46 171
MOVE B47 190
MOVE B48 190
MOVE B49 213
END TURN 187
TURN 188
COMMAND LEFT START
COMMAND LEFT END
COMMAND RIGHT START
MOVE B51 93
MOVE B50 93
UPGRADE 85
COMMAND RIGHT END
TURN 188 RESULT
TIME LEFT 2 5 RIGHT 2 5
UPGRADE B 85
MOVE A18 5
MOVE A22 107
MOVE A30 72
MOVE A31 42
MOVE A32 13
MOVE B26 105
MOVE B28 105
MOVE B31 65
MOVE B33 69
MOVE B34 69
MOVE B35 105
MOVE B36 105
MOVE B39 114
MOVE B40 114
MOVE B41 131
MOVE B42 131
MOVE B43 149
MOVE B44 149
MOVE B45 158
MOVE B46 158
MOVE B47 171
MOVE B48 171
MOVE B49 198
MOVE B50 213
MOVE B51 213
DAMAGE TURRET B26 1
SIEGE A 105 4
END TURN 188
TURN 189
COMMAND LEFT START
MOVE A17 45
TRAIN 1
COMMAND LEFT END
COMMAND RIGHT START
MOVE B15 85
UPGRADE 85
COMMAND RIGHT END
TURN 189 RESULT
TIME LEFT 0 5 RIGHT 0 5
UPGRADE B 85
TRAIN A34
MOVE A17 89
MOVE A18 0
MOVE A22 114
MOVE A30 94
MOVE A31 63
MOVE A32 21
MOVE B15 90
MOVE B31 57
MOVE B33 74
MOVE B34 53
MOVE B39 93
MOVE B40 93
MOVE B41 114
MOVE B42 114
MOVE B43 131
MOVE B44 131
MOVE B45 149
MOVE B46 149
MOVE B47 158
MOVE B48 158
MOVE B49 190
MOVE B50 198
MOVE B51 198
DAMAGE TURRET B26 1
DAMAGE COMBAT A22 1
DAMAGE COMBAT B41 1
SIEGE A 105 2
END TURN 189
TURN 190
COMMAND LEFT START
MOVE A8 0
MOVE A2 0
MOVE A9 0
MOVE A12 0
MOVE A16 0
COMMAND LEFT END
COMMAND RIGHT START
MOVE B22 85
UPGRADE 105
COMMAND RIGHT END
TURN 190 RESULT
TIME LEFT 3 5 RIGHT 0 5
UPGRADE B 105
MOVE A2 94
MOVE A8 26
MOVE A9 94
MOVE A12 94
MOVE A16 94
MOVE A17 77
MOVE A30 109
MOVE A31 75
MOVE A32 26
MOVE B15 95
MOVE B22 90
MOVE B31 58
MOVE B33 65
MOVE B34 48
MOVE B41 93
MOVE B42 93
MOVE B43 114
MOVE B44 114
MOVE B45 131
MOVE B46 131
MOVE B47 149
MOVE B48 149
MOVE B49 171
MOVE B50 190
MOVE B51 190
END TURN 190
TURN 191
COMMAND LEFT START
MOVE A18 45
MOVE A33 45
MOVE A34 45
MOVE A19 45
MOVE A21 45
COMMAND LEFT END
COMMAND RIGHT START
MOVE B36 93
MOVE B35 93
MOVE B28 93
COMMAND RIGHT END
TURN 191 RESULT
TIME LEFT 2 5 RIGHT 2 5
MOVE A2 72
MOVE A8 21
MOVE A9 72
MOVE A12 72
MOVE A16 72
MOVE A17 58
MOVE A18 7
MOVE A19 94
MOVE A21 94
MOVE A31 90
MOVE A32 45
MOVE A33 7
MOVE A34 7
MOVE B15 88
MOVE B22 95
MOVE B28 95
MOVE B31 59
MOVE B33 57
MOVE B34 46
MOVE B35 95
MOVE B36 95
MOVE B43 93
MOVE B44 93
MOVE B45 114
MOVE B46 114
MOVE B47 131
MOVE B48 131
MOVE B49 158
MOVE B50 171
MOVE B51 171
END TURN 191
TURN 192
COMMAND LEFT START
COMMAND LEFT END
COMMAND RIGHT START
UPGRADE 59
COMMAND RIGHT END
TURN 192 RESULT
TIME LEFT 2 5 RIGHT 2 5
UPGRADE B 59
MOVE A2 60
MOVE A8 13
MOVE A9 60
MOVE A12 60
MOVE A16 60
MOVE A17 45
MOVE A18 13
MOVE A19 87
MOVE A21 87
MOVE A31 95
MOVE A33 13
MOVE A34 13
MOVE B15 85
MOVE B22 88
MOVE B28 90
MOVE B33 58
MOVE B34 45
MOVE B35 90
MOVE B36 90
MOVE B45 93
MOVE B46 93
MOVE B47 114
MOVE B48 114
MOVE B49 149
MOVE B50 158
MOVE B51 158
DAMAGE TURRET B34 1
DAMAGE COMBAT A17 1
DAMAGE COMBAT B34 2
END TURN 192
TURN 193
COMMAND LEFT START
COMMAND LEFT END
COMMAND RIGHT START
COMMAND RIGHT END
TURN 193 RESULT
TIME LEFT 1 5 RIGHT 1 5
MOVE A2 47
MOVE A8 7
MOVE A9 47
MOVE A12 47
MOVE A16 47
MOVE A18 21
MOVE A19 74
MOVE A21 74
MOVE A31 105
MOVE A33 21
MOVE A34 21
MOVE B22 85
MOVE B28 93
MOVE B33 59
MOVE B35 93
MOVE B36 93
MOVE B47 93
MOVE B48 93
MOVE B49 131
MOVE B50 149
MOVE B51 149
DAMAGE TURRET A31 1
DAMAGE TURRET B34 1
DAMAGE COMBAT A17 1
DAMAGE COMBAT A31 1
DAMAGE COMBAT B26 1
DAMAGE COMBAT B34 2
END TURN 193
TURN 194
COMMAND LEFT START
MOVE A32 0
MOVE A20 0
MOVE A23 0
MOVE A24 0
MOVE A25 0
MOVE A26 0
MOVE A27 0
MOVE A28 0
MOVE A29 0
MOVE A30 0
MOVE A15 0
COMMAND LEFT END
COMMAND RIGHT START
MOVE B48 109
MOVE B47 109
MOVE B46 109
MOVE B45 109
MOVE B44 109
MOVE B43 109
MOVE B42 109
MOVE B41 109
MOVE B40 109
MOVE B39 109
MOVE B38 109
MOVE B37 109
MOVE B36 109
COMMAND RIGHT END
TURN 194 RESULT
TIME LEFT 1 5 RIGHT 0 5
MOVE A2 28
MOVE A8 0
MOVE A9 28
MOVE A12 28
MOVE A15 104
MOVE A16 28
MOVE A18 26
MOVE A19 65
MOVE A20 94
MOVE A21 65
MOVE A23 94
MOVE A24 94
MOVE A25 94
MOVE A26 94
MOVE A27 94
MOVE A28 94
MOVE A29 94
MOVE A30 94
MOVE A32 26
MOVE A33 26
MOVE A34 26
MOVE B33 56
MOVE B36 114
MOVE B37 114
MOVE B38 114
MOVE B39 114
MOVE B40 114
MOVE B41 114
MOVE B42 114
MOVE B43 114
MOVE B44 114
MOVE B45 114
MOVE B46 114
MOVE B47 114
MOVE B48 114
MOVE B49 114
MOVE B50 131
MOVE B51 131
DAMAGE TURRET A31 1
DAMAGE COMBAT A31 1
DAMAGE COMBAT B26 1
END TURN 194
TURN 195
COMMAND LEFT START
COMMAND LEFT END
COMMAND RIGHT START
UPGRADE 105
COMMAND RIGHT END
TURN 195 RESULT
TIME LEFT 2 5 RIGHT 0 5
UPGRADE B 105
MOVE A2 20
MOVE A9 20
MOVE A12 20
MOVE A15 87
MOVE A16 20
MOVE A18 45
MOVE A19 57
MOVE A20 72
MOVE A21 57
MOVE A23 72
MOVE A24 72
MOVE A25 72
MOVE A26 72
MOVE A27 72
MOVE A28 72
MOVE A29 72
MOVE A30 72
MOVE A32 21
MOVE A33 45
MOVE A34 45
MOVE B33 66
MOVE B36 102
MOVE B37 102
MOVE B38 102
MOVE B39 102
MOVE B40 102
MOVE B41 102
MOVE B42 102
MOVE B43 102
MOVE B44 102
MOVE B45 102
MOVE B46 102
MOVE B47 102
MOVE B48 102
MOVE B49 93
MOVE B50 114
MOVE B51 114
END TURN 195
TURN 196
COMMAND LEFT START
COMMAND LEFT END
COMMAND RIGHT START
TRAIN 1
COMMAND RIGHT END
TURN 196 RESULT
TIME LEFT 0 5 RIGHT 0 5
TRAIN B52
MOVE A2 5
MOVE A9 5
MOVE A12 5
MOVE A15 69
MOVE A16 5
MOVE A19 45
MOVE A20 60
MOVE A21 45
MOVE A23 60
MOVE A24 60
MOVE A25 60
MOVE A26 60
MOVE A27 60
MOVE A28 60
MOVE A29 60
MOVE A30 60
MOVE A32 13
MOVE B36 109
MOVE B37 109
MOVE B38 109
MOVE B39 109
MOVE B40 109
MOVE B41 109
MOVE B42 109
MOVE B43 109
MOVE B44 109
MOVE B45 109
MOVE B46 109
MOVE B47 109
MOVE B48 109
MOVE B50 93
MOVE B51 93
DAMAGE TURRET B41 1
SIEGE A 109 6
END TURN 196
TURN 197
COMMAND LEFT START
MOVE A17 0
MOVE A18 0
MOVE A19 0
MOVE A21 0
MOVE A33 0
MOVE A34 0
COMMAND LEFT END
COMMAND RIGHT START
MOVE B28 105
MOVE B33 93
MOVE B36 93
MOVE B37 93
MOVE B38 93
MOVE B39 93
MOVE B40 93
MOVE B41 93
MOVE B42 93
MOVE B43 93
MOVE B44 93
MOVE B45 93
MOVE B46 93
MOVE B47 93
MOVE B52 93
UPGRADE 109
COMMAND RIGHT END
TURN 197 RESULT
TIME LEFT 2 5 RIGHT 0 5
UPGRADE B 109
MOVE A2 0
MOVE A9 0
MOVE A12 0
MOVE A15 60
MOVE A16 0
MOVE A17 26
MOVE A18 26
MOVE A19 26
MOVE A20 47
MOVE A21 26
MOVE A23 47
MOVE A24 47
MOVE A25 47
MOVE A26 47
MOVE A27 47
MOVE A28 47
MOVE A29 47
MOVE A30 47
MOVE A32 7
MOVE A33 26
MOVE A34 26
MOVE B28 90
MOVE B33 56
MOVE B36 102
MOVE B37 102
MOVE B38 102
MOVE B39 102
MOVE B40 102
MOVE B41 102
MOVE B42 102
MOVE B43 102
MOVE B44 102
MOVE B45 102
MOVE B46 102
MOVE B47 102
MOVE B52 213
END TURN 197
TURN 198
COMMAND LEFT START
COMMAND LEFT END
COMMAND RIGHT START
COMMAND RIGHT END
TURN 198 RESULT
TIME LEFT 1 5 RIGHT 0 5
MOVE A15 47
MOVE A17 21
MOVE A18 21
MOVE A19 21
MOVE A20 28
MOVE A21 21
MOVE A23 28
MOVE A24 28
MOVE A25 28
MOVE A26 28
MOVE A27 28
MOVE A28 28
MOVE A29 28
MOVE A30 28
MOVE A32 0
MOVE A33 21
MOVE A34 21
MOVE B28 95
MOVE B33 59
MOVE B36 114
MOVE B37 114
MOVE B38 114
MOVE B39 114
MOVE B40 114
MOVE B41 114
MOVE B42 114
MOVE B43 114
MOVE B44 114
MOVE B45 114
MOVE B46 114
MOVE B47 114
MOVE B52 198
END TURN 198
TURN 199
COMMAND LEFT START
COMMAND LEFT END
COMMAND RIGHT START
COMMAND RIGHT END
TURN 199 RESULT
TIME LEFT 1 5 RIGHT 1 5
MOVE A15 28
MOVE A17 13
MOVE A18 13
MOVE A19 13
MOVE A20 20
MOVE A21 13
MOVE A23 20
MOVE A24 20
MOVE A25 20
MOVE A26 20
MOVE A27 20
MOVE A28 20
MOVE A29 20
MOVE A30 20
MOVE A33 13
MOVE A34 13
MOVE B28 105
MOVE B33 58
MOVE B36 93
MOVE B37 93
MOVE B38 93
MOVE B39 93
MOVE B40 93
MOVE B41 93
MOVE B42 93
MOVE B43 93
MOVE B44 93
MOVE B45 93
MOVE B46 93
MOVE B47 93
MOVE B52 190
END TURN 199
TURN 200
COMMAND LEFT START
COMMAND LEFT END
COMMAND RIGHT START
COMMAND RIGHT END
TURN 200 RESULT
TIME LEFT 0 5 RIGHT 0 5
MOVE A15 20
MOVE A17 7
MOVE A18 7
MOVE A19 7
MOVE A20 5
MOVE A21 7
MOVE A23 5
MOVE A24 5
MOVE A25 5
MOVE A26 5
MOVE A27 5
MOVE A28 5
MOVE A29 5
MOVE A30 5
MOVE A33 7
MOVE A34 7
MOVE B33 57
MOVE B52 171
END TURN 200
TURN 201
COMMAND LEFT START
COMMAND LEFT END
COMMAND RIGHT START
COMMAND RIGHT END
TURN 201 RESULT
TIME LEFT 1 5 RIGHT 1 5
MOVE A15 5
MOVE A17 0
MOVE A18 0
MOVE A19 0
MOVE A20 0
MOVE A21 0
MOVE A23 0
MOVE A24 0
MOVE A25 0
MOVE A26 0
MOVE A27 0
MOVE A28 0
MOVE A29 0
MOVE A30 0
MOVE A33 0
MOVE A34 0
MOVE B33 65
MOVE B52 158
END TURN 201
TURN 202
COMMAND LEFT START
MOVE A2 125
MOVE A7 125
MOVE A8 125
MOVE A9 125
MOVE A12 125
MOVE A16 125
MOVE A17 125
MOVE A18 125
MOVE A19 125
MOVE A21 125
MOVE A23 125
MOVE A24 125
MOVE A25 125
MOVE A26 125
MOVE A27 125
MOVE A28 125
MOVE A29 125
MOVE A30 125
MOVE A32 125
MOVE A33 125
MOVE A34 125
COMMAND LEFT END
COMMAND RIGHT START
COMMAND RIGHT END
TURN 202 RESULT
TIME LEFT 0 5 RIGHT 0 5
MOVE A2 5
MOVE A7 5
MOVE A8 5
MOVE A9 5
MOVE A12 5
MOVE A15 0
MOVE A16 5
MOVE A17 5
MOVE A18 5
MOVE A19 5
MOVE A21 5
MOVE A23 5
MOVE A24 5
MOVE A25 5
MOVE A26 5
MOVE A27 5
MOVE A28 5
MOVE A29 5
MOVE A30 5
MOVE A32 5
MOVE A33 5
MOVE A34 5
MOVE B33 74
MOVE B52 149
END TURN 202
TURN 203
COMMAND LEFT START
MOVE A20 133
COMMAND LEFT END
COMMAND RIGHT START
COMMAND RIGHT END
TURN 203 RESULT
TIME LEFT 0 5 RIGHT 0 5
MOVE A2 20
MOVE A7 20
MOVE A8 20
MOVE A9 20
MOVE A12 20
MOVE A16 20
MOVE A17 20
MOVE A18 20
MOVE A19 20
MOVE A20 7
MOVE A21 20
MOVE A23 20
MOVE A24 20
MOVE A25 20
MOVE A26 20
MOVE A27 20
MOVE A28 20
MOVE A29 20
MOVE A30 20
MOVE A32 20
MOVE A33 20
MOVE A34 20
MOVE B33 69
MOVE B52 131
END TURN 203
TURN 204
COMMAND LEFT START
COMMAND LEFT END
COMMAND RIGHT START
MOVE B35 218
UPGRADE 218
COMMAND RIGHT END
TURN 204 RESULT
TIME LEFT 0 5 RIGHT 1 5
UPGRADE B 218
MOVE A2 28
MOVE A7 28
MOVE A8 28
MOVE A9 28
MOVE A12 28
MOVE A16 28
MOVE A17 28
MOVE A18 28
MOVE A19 28
MOVE A20 13
MOVE A21 28
MOVE A23 28
MOVE A24 28
MOVE A25 28
MOVE A26 28
MOVE A27 28
MOVE A28 28
MOVE A29 28
MOVE A30 28
MOVE A32 28
MOVE A33 28
MOVE A34 28
MOVE B33 72
MOVE B35 114
MOVE B52 114
END TURN 204
TURN 205
COMMAND LEFT START
COMMAND LEFT END
COMMAND RIGHT START
COMMAND RIGHT END
TURN 205 RESULT
TIME LEFT 0 5 RIGHT 0 5
MOVE A2 47
MOVE A7 47
MOVE A8 47
MOVE A9 47
MOVE A12 47
MOVE A16 47
MOVE A17 47
MOVE A18 47
MOVE A19 47
MOVE A20 21
MOVE A21 47
MOVE A23 47
MOVE A24 47
MOVE A25 47
MOVE A26 47
MOVE A27 47
MOVE A28 47
MOVE A29 47
MOVE A30 47
MOVE A32 47
MOVE A33 47
MOVE A34 47
MOVE B33 80
MOVE B35 131
MOVE B52 93
DAMAGE HUNGER A32 1
DAMAGE HUNGER A33 1
DAMAGE HUNGER A34 1
END TURN 205
TURN 206
COMMAND LEFT START
COMMAND LEFT END
COMMAND RIGHT START
MOVE B52 125
COMMAND RIGHT END
TURN 206 RESULT
TIME LEFT 1 5 RIGHT 1 5
MOVE A2 60
MOVE A7 60
MOVE A8 60
MOVE A9 60
MOVE A12 60
MOVE A16 60
MOVE A17 60
MOVE A18 60
MOVE A19 60
MOVE A20 26
MOVE A21 60
MOVE A23 60
MOVE A24 60
MOVE A25 60
MOVE A26 60
MOVE A27 60
MOVE A28 60
MOVE A29 60
MOVE A30 60
MOVE A32 60
MOVE A33 60
MOVE A34 60
MOVE B33 82
MOVE B35 149
MOVE B52 114
DAMAGE HUNGER A25 1
DAMAGE HUNGER A26 1
DAMAGE HUNGER A27 1
DAMAGE HUNGER A28 1
DAMAGE HUNGER A29 1
DAMAGE HUNGER A30 1
DAMAGE HUNGER A32 1
DAMAGE HUNGER A33 1
DAMAGE HUNGER A34 1
END TURN 206
TURN 207
COMMAND LEFT START
COMMAND LEFT END
COMMAND RIGHT START
UPGRADE 109
COMMAND RIGHT END
TURN 207 RESULT
TIME LEFT 0 5 RIGHT 0 5
UPGRADE B 109
MOVE A2 69
MOVE A7 69
MOVE A8 69
MOVE A9 69
MOVE A12 69
MOVE A16 69
MOVE A17 69
MOVE A18 69
MOVE A19 69
MOVE A20 45
MOVE A21 69
MOVE A23 69
MOVE A24 69
MOVE A25 69
MOVE A26 69
MOVE A27 69
MOVE A28 69
MOVE A29 69
MOVE A30 69
MOVE A32 69
MOVE A33 69
MOVE A34 69
MOVE B33 93
MOVE B35 158
MOVE B52 102
DAMAGE HUNGER A33 1
DAMAGE HUNGER A34 1
END TURN 207
TURN 208
COMMAND LEFT START
COMMAND LEFT END
COMMAND RIGHT START
MOVE B33 109
UPGRADE 59
COMMAND RIGHT END
TURN 208 RESULT
TIME LEFT 0 5 RIGHT 2 5
UPGRADE B 59
MOVE A2 87
MOVE A7 87
MOVE A8 87
MOVE A9 87
MOVE A12 87
MOVE A16 87
MOVE A17 87
MOVE A18 87
MOVE A19 87
MOVE A20 58
MOVE A21 87
MOVE A23 87
MOVE A24 87
MOVE A25 87
MOVE A26 87
MOVE A27 87
MOVE A28 87
MOVE A29 87
MOVE A30 87
MOVE A32 87
MOVE A33 87
MOVE A34 87
MOVE B33 114
MOVE B35 171
MOVE B52 109
DAMAGE HUNGER A25 1
DAMAGE HUNGER A26 1
DAMAGE HUNGER A27 1
DAMAGE HUNGER A28 1
DAMAGE HUNGER A29 1
DAMAGE HUNGER A30 1
DAMAGE HUNGER A32 1
DAMAGE HUNGER A33 1
DAMAGE HUNGER A34 1
END TURN 208
TURN 209
COMMAND LEFT START
COMMAND LEFT END
COMMAND RIGHT START
MOVE B51 109
MOVE B50 109
MOVE B49 109
MOVE B47 109
MOVE B46 109
MOVE B45 109
MOVE B44 109
MOVE B43 109
MOVE B42 109
MOVE B41 109
MOVE B40 109
TRAIN 1
COMMAND RIGHT END
TURN 209 RESULT
TIME LEFT 1 5 RIGHT 1 5
TRAIN B53
MOVE A2 104
MOVE A7 104
MOVE A8 104
MOVE A9 104
MOVE A12 104
MOVE A16 104
MOVE A17 104
MOVE A18 104
MOVE A19 104
MOVE A20 77
MOVE A21 104
MOVE A23 104
MOVE A24 104
MOVE A25 104
MOVE A26 104
MOVE A27 104
MOVE A28 104
MOVE A29 104
MOVE A30 104
MOVE A32 104
MOVE B33 102
MOVE B35 190
MOVE B40 114
MOVE B41 114
MOVE B42 114
MOVE B43 114
MOVE B44 114
MOVE B45 114
MOVE B46 114
MOVE B47 114
MOVE B49 114
MOVE B50 114
MOVE B51 114
MOVE B52 116
DAMAGE HUNGER A25 1
DAMAGE HUNGER A26 1
DAMAGE HUNGER A27 1
DAMAGE HUNGER A28 1
DAMAGE HUNGER A29 1
DAMAGE HUNGER A30 1
DAMAGE HUNGER A32 1
END TURN 209
TURN 210
COMMAND LEFT START
COMMAND LEFT END
COMMAND RIGHT START
MOVE B36 59
UPGRADE 109
COMMAND RIGHT END
TURN 210 RESULT
TIME LEFT 1 5 RIGHT 1 5
UPGRADE B 109
MOVE A2 125
MOVE A7 125
MOVE A8 125
MOVE A9 125
MOVE A12 125
MOVE A16 125
MOVE A17 125
MOVE A18 125
MOVE A19 125
MOVE A20 89
MOVE A21 125
MOVE A23 125
MOVE A24 125
MOVE A25 125
MOVE A26 125
MOVE A27 125
MOVE A28 125
MOVE A29 125
MOVE A30 125
MOVE B33 109
MOVE B35 198
MOVE B36 82
MOVE B40 102
MOVE B41 102
MOVE B42 102
MOVE B43 102
MOVE B44 102
MOVE B45 102
MOVE B46 102
MOVE B47 102
MOVE B49 102
MOVE B50 102
MOVE B51 102
MOVE B52 104
END TURN 210
TURN 211
COMMAND LEFT START
MOVE A2 0
MOVE A6 0
COMMAND LEFT END
COMMAND RIGHT START
COMMAND RIGHT END
TURN 211 RESULT
TIME LEFT 1 5 RIGHT 1 5
MOVE A2 104
MOVE A6 119
MOVE A20 110
MOVE B35 213
MOVE B36 80
MOVE B40 109
MOVE B41 109
MOVE B42 109
MOVE B43 109
MOVE B44 109
MOVE B45 109
MOVE B46 109
MOVE B47 109
MOVE B49 109
MOVE B50 109
MOVE B51 109
MOVE B52 125
DAMAGE TURRET B52 1
DAMAGE COMBAT A25 1
DAMAGE COMBAT B52 5
DAMAGE HUNGER A28 1
DAMAGE HUNGER A29 1
DAMAGE HUNGER A30 1
END TURN 211
TURN 212
COMMAND LEFT START
MOVE A27 45
COMMAND LEFT END
COMMAND RIGHT START
UPGRADE 105
COMMAND RIGHT END
TURN 212 RESULT
TIME LEFT 0 5 RIGHT 0 5
UPGRADE B 105
MOVE A2 87
MOVE A6 110
MOVE A20 119
MOVE A27 111
MOVE B35 218
MOVE B36 72
DAMAGE HUNGER A26 1
DAMAGE HUNGER A27 1
END TURN 212
TURN 213
COMMAND LEFT START
MOVE A17 45
COMMAND LEFT END
COMMAND RIGHT START
MOVE B33 105
MOVE B53 109
COMMAND RIGHT END
TURN 213 RESULT
TIME LEFT 1 5 RIGHT 1 5
MOVE A2 69
MOVE A6 89
MOVE A17 111
MOVE A20 133
MOVE B33 102
MOVE B36 69
MOVE B53 213
DAMAGE COMBAT A2 1
DAMAGE COMBAT B36 1
END TURN 213
TURN 214
COMMAND LEFT START
MOVE A8 0
MOVE A9 0
MOVE A12 0
MOVE A16 0
MOVE A18 0
MOVE A19 0
MOVE A21 0
MOVE A23 0
MOVE A24 0
MOVE A7 0
MOVE A20 0
COMMAND LEFT END
COMMAND RIGHT START
MOVE B51 125
COMMAND RIGHT END
TURN 214 RESULT
TIME LEFT 2 5 RIGHT 2 5
MOVE A6 77
MOVE A7 104
MOVE A8 104
MOVE A9 104
MOVE A12 104
MOVE A16 104
MOVE A17 96
MOVE A18 104
MOVE A19 104
MOVE A20 119
MOVE A21 104
MOVE A23 104
MOVE A24 104
MOVE B33 114
MOVE B51 116
MOVE B53 198
DAMAGE COMBAT A2 1
DAMAGE COMBAT B36 1
END TURN 214
TURN 215
COMMAND LEFT START
COMMAND LEFT END
COMMAND RIGHT START
UPGRADE 59
COMMAND RIGHT END
TURN 215 RESULT
TIME LEFT 1 5 RIGHT 1 5
UPGRADE B 59
MOVE A6 58
MOVE A7 87
MOVE A8 87
MOVE A9 87
MOVE A12 87
MOVE A16 87
MOVE A17 86
MOVE A18 87
MOVE A19 87
MOVE A20 110
MOVE A21 87
MOVE A23 87
MOVE A24 87
MOVE B33 107
MOVE B51 104
MOVE B53 190
DAMAGE COMBAT A2 1
DAMAGE COMBAT B36 1
DAMAGE HUNGER A16 1
DAMAGE HUNGER A17 1
DAMAGE HUNGER A18 1
DAMAGE HUNGER A19 1
DAMAGE HUNGER A20 1
DAMAGE HUNGER A21 1
DAMAGE HUNGER A23 1
DAMAGE HUNGER A24 1
END TURN 215
TURN 216
COMMAND LEFT START
COMMAND LEFT END
COMMAND RIGHT START
TRAIN 1
COMMAND RIGHT END
TURN 216 RESULT
TIME LEFT 2 5 RIGHT 2 5
TRAIN B54
MOVE A6 45
MOVE A7 69
MOVE A8 69
MOVE A9 69
MOVE A12 69
MOVE A16 69
MOVE A17 71
MOVE A18 69
MOVE A19 69
MOVE A21 69
MOVE A23 69
MOVE A24 69
MOVE B33 112
MOVE B51 125
MOVE B53 171
DAMAGE TURRET B51 1
DAMAGE COMBAT A2 1
DAMAGE COMBAT B36 3
SIEGE A 125 1
END TURN 216
TURN 217
COMMAND LEFT START
COMMAND LEFT END
COMMAND RIGHT START
MOVE B16 59
MOVE B51 59
MOVE B50 133
COMMAND RIGHT END
TURN 217 RESULT
TIME LEFT 1 5 RIGHT 1 5
MOVE A6 26
MOVE A7 60
MOVE A8 60
MOVE A9 60
MOVE A12 60
MOVE A16 60
MOVE A17 58
MOVE A18 60
MOVE A19 60
MOVE A21 60
MOVE A23 60
MOVE A24 60
MOVE B16 213
MOVE B33 117
MOVE B50 116
MOVE B51 106
MOVE B53 158
DAMAGE HUNGER A21 1
DAMAGE HUNGER A23 1
DAMAGE HUNGER A24 1
END TURN 217
TURN 218
COMMAND LEFT START
COMMAND LEFT END
COMMAND RIGHT START
COMMAND RIGHT END
TURN 218 RESULT
TIME LEFT 1 5 RIGHT 1 5
MOVE A6 21
MOVE A7 47
MOVE A8 47
MOVE A9 47
MOVE A12 47
MOVE A16 47
MOVE A17 45
MOVE A18 47
MOVE A19 47
MOVE A21 47
MOVE A23 47
MOVE A24 47
MOVE B16 202
MOVE B33 105
MOVE B50 104
MOVE B51 101
MOVE B53 146
END TURN 218
TURN 219
COMMAND LEFT START
COMMAND LEFT END
COMMAND RIGHT START
COMMAND RIGHT END
TURN 219 RESULT
TIME LEFT 0 5 RIGHT 0 5
MOVE A6 13
MOVE A7 28
MOVE A8 28
MOVE A9 28
MOVE A12 28
MOVE A16 28
MOVE A18 28
MOVE A19 28
MOVE A21 28
MOVE A23 28
MOVE A24 28
MOVE B16 186
MOVE B50 111
MOVE B51 91
MOVE B53 124
END TURN 219
TURN 220
COMMAND LEFT START
MOVE A17 0
COMMAND LEFT END
COMMAND RIGHT START
COMMAND RIGHT END
TURN 220 RESULT
TIME LEFT 1 5 RIGHT 1 5
MOVE A6 7
MOVE A7 20
MOVE A8 20
MOVE A9 20
MOVE A12 20
MOVE A16 20
MOVE A17 26
MOVE A18 20
MOVE A19 20
MOVE A21 20
MOVE A23 20
MOVE A24 20
MOVE B16 176
MOVE B50 106
MOVE B51 77
MOVE B53 109
DAMAGE HUNGER A23 1
DAMAGE HUNGER A24 1
END TURN 220
TURN 221
COMMAND LEFT START
COMMAND LEFT END
COMMAND RIGHT START
COMMAND RIGHT END
TURN 221 RESULT
TIME LEFT 1 5 RIGHT 1 5
MOVE A6 0
MOVE A7 5
MOVE A8 5
MOVE A9 5
MOVE A12 5
MOVE A16 5
MOVE A17 21
MOVE A18 5
MOVE A19 5
MOVE A21 5
MOVE A23 5
MOVE A24 5
MOVE B16 155
MOVE B50 123
MOVE B51 59
DAMAGE HUNGER A18 1
DAMAGE HUNGER A19 1
DAMAGE HUNGER A21 1
DAMAGE HUNGER A23 1
DAMAGE HUNGER A24 1
END TURN 221
TURN 222
COMMAND LEFT START
COMMAND LEFT END
COMMAND RIGHT START
COMMAND RIGHT END
TURN 222 RESULT
TIME LEFT 1 5 RIGHT 1 5
MOVE A7 0
MOVE A8 0
MOVE A9 0
MOVE A12 0
MOVE A16 0
MOVE A17 13
MOVE A18 0
MOVE A19 0
MOVE A21 0
MOVE B16 143
MOVE B50 130
DAMAGE HUNGER A17 1
DAMAGE HUNGER A18 1
DAMAGE HUNGER A19 1
DAMAGE HUNGER A21 1
END TURN 222
TURN 223
COMMAND LEFT START
MOVE A18 45
MOVE A19 125
MOVE A7 133
COMMAND LEFT END
COMMAND RIGHT START
MOVE B40 218
UPGRADE 218
COMMAND RIGHT END
TURN 223 RESULT
TIME LEFT 1 5 RIGHT 1 5
UPGRADE B 218
MOVE A7 7
MOVE A18 7
MOVE A19 5
MOVE B16 128
MOVE B40 124
MOVE B50 133
DAMAGE TURRET B50 1
DAMAGE HUNGER A19 1
SIEGE A 133 1
END TURN 223
TURN 224
COMMAND LEFT START
MOVE A8 125
COMMAND LEFT END
COMMAND RIGHT START
MOVE B53 113
COMMAND RIGHT END
TURN 224 RESULT
TIME LEFT 1 5 RIGHT 1 5
MOVE A7 13
MOVE A8 5
MOVE A18 13
MOVE B16 106
MOVE B40 146
MOVE B53 116
DAMAGE TURRET B50 1
DAMAGE HUNGER A18 1
SIEGE A 133 1
END TURN 224
TURN 225
COMMAND LEFT START
COMMAND LEFT END
COMMAND RIGHT START
TRAIN 3
COMMAND RIGHT END
TURN 225 RESULT
TIME LEFT 0 5 RIGHT 0 5
TRAIN B55 B56 B57
MOVE A7 21
MOVE A8 20
MOVE B16 101
MOVE B40 158
MOVE B53 104
DAMAGE TURRET B50 1
SIEGE A 133 1
END TURN 225
TURN 226
COMMAND LEFT START
COMMAND LEFT END
COMMAND RIGHT START
MOVE B57 109
MOVE B56 109
TRAIN 3
COMMAND RIGHT END
TURN 226 RESULT
TIME LEFT 2 5 RIGHT 2 5
TRAIN B58 B59 B60
MOVE A7 26
MOVE A8 28
MOVE B16 91
MOVE B40 171
MOVE B53 111
MOVE B56 213
MOVE B57 213
DAMAGE TURRET B50 1
SIEGE A 133 1
END TURN 226
TURN 227
COMMAND LEFT START
COMMAND LEFT END
COMMAND RIGHT START
MOVE B60 109
MOVE B59 109
MOVE B58 109
TRAIN 3
COMMAND RIGHT END
TURN 227 RESULT
TIME LEFT 1 5 RIGHT 1 5
TRAIN B61 B62 B63
MOVE A7 45
MOVE A8 47
MOVE B16 77
MOVE B40 190
MOVE B53 106
MOVE B56 198
MOVE B57 198
MOVE B58 213
MOVE B59 213
MOVE B60 213
DAMAGE TURRET B50 1
SIEGE A 133 1
END TURN 227
TURN 228
COMMAND LEFT START
COMMAND LEFT END
COMMAND RIGHT START
MOVE B63 109
TRAIN 3
COMMAND RIGHT END
TURN 228 RESULT
TIME LEFT 1 5 RIGHT 1 5
TRAIN B64 B65 B66
MOVE A7 58
MOVE A8 60
MOVE B16 59
MOVE B40 198
MOVE B53 101
MOVE B56 190
MOVE B57 190
MOVE B58 198
MOVE B59 198
MOVE B60 198
MOVE B63 213
DAMAGE TURRET B50 1
SIEGE A 133 1
END TURN 228
TURN 229
COMMAND LEFT START
MOVE A16 45
COMMAND LEFT END
COMMAND RIGHT START
TRAIN 3
COMMAND RIGHT END
TURN 229 RESULT
TIME LEFT 1 5 RIGHT 1 5
TRAIN B67 B68 B69
MOVE A7 77
MOVE A8 69
MOVE A16 7
MOVE B40 213
MOVE B53 113
MOVE B56 171
MOVE B57 171
MOVE B58 190
MOVE B59 190
MOVE B60 190
MOVE B63 198
END TURN 229
TURN 230
COMMAND LEFT START
COMMAND LEFT END
COMMAND RIGHT START
MOVE B49 125
MOVE B69 109
UPGRADE 113
COMMAND RIGHT END
TURN 230 RESULT
TIME LEFT 0 5 RIGHT 2 5
UPGRADE B 113
MOVE A7 89
MOVE A8 87
MOVE A16 13
MOVE B40 218
MOVE B49 116
MOVE B56 158
MOVE B57 158
MOVE B58 171
MOVE B59 171
MOVE B60 171
MOVE B63 190
MOVE B69 213
END TURN 230
TURN 231
COMMAND LEFT START
COMMAND LEFT END
COMMAND RIGHT START
MOVE B48 133
MOVE B68 109
COMMAND RIGHT END
TURN 231 RESULT
TIME LEFT 1 5 RIGHT 1 5
MOVE A7 110
MOVE A8 104
MOVE A16 21
MOVE B48 116
MOVE B49 104
MOVE B56 146
MOVE B57 146
MOVE B58 158
MOVE B59 158
MOVE B60 158
MOVE B63 171
MOVE B68 213
MOVE B69 198
DAMAGE COMBAT A8 1
DAMAGE COMBAT B49 1
END TURN 231
TURN 232
COMMAND LEFT START
COMMAND LEFT END
COMMAND RIGHT START
MOVE B67 109
UPGRADE 113
COMMAND RIGHT END
TURN 232 RESULT
TIME LEFT 2 5 RIGHT 2 5
UPGRADE B 113
MOVE A7 119
MOVE A16 26
MOVE B48 104
MOVE B56 124
MOVE B57 124
MOVE B58 146
MOVE B59 146
MOVE B60 146
MOVE B63 158
MOVE B67 213
MOVE B68 198
MOVE B69 190
DAMAGE COMBAT A8 2
DAMAGE COMBAT B49 1
END TURN 232
TURN 233
COMMAND LEFT START
COMMAND LEFT END
COMMAND RIGHT START
MOVE B41 113
UPGRADE 113
COMMAND RIGHT END
TURN 233 RESULT
TIME LEFT 1 5 RIGHT 1 5
UPGRADE B 113
MOVE A7 133
MOVE A16 45
MOVE B41 116
MOVE B48 111
MOVE B49 125
MOVE B56 109
MOVE B57 109
MOVE B58 124
MOVE B59 124
MOVE B60 124
MOVE B63 146
MOVE B67 198
MOVE B68 190
MOVE B69 171
DAMAGE TURRET B49 1
SIEGE A 125 1
END TURN 233
TURN 234
COMMAND LEFT START
MOVE A7 0
MOVE A16 0
COMMAND LEFT END
COMMAND RIGHT START
MOVE B42 113
MOVE B66 109
MOVE B65 109
MOVE B64 109
MOVE B62 109
TRAIN 3
COMMAND RIGHT END
TURN 234 RESULT
TIME LEFT 0 5 RIGHT 0 5
TRAIN B70 B71 B72
MOVE A7 119
MOVE A16 26
MOVE B41 104
MOVE B42 116
MOVE B48 106
MOVE B58 109
MOVE B59 109
MOVE B60 109
MOVE B62 213
MOVE B63 124
MOVE B64 213
MOVE B65 213
MOVE B66 213
MOVE B67 190
MOVE B68 171
MOVE B69 158
DAMAGE TURRET B49 1
SIEGE A 125 1
END TURN 234
TURN 235
COMMAND LEFT START
COMMAND LEFT END
COMMAND RIGHT START
TRAIN 3
COMMAND RIGHT END
TURN 235 RESULT
TIME LEFT 1 5 RIGHT 1 5
TRAIN B73 B74 B75
MOVE A7 110
MOVE A16 21
MOVE B41 111
MOVE B42 104
MOVE B48 123
MOVE B62 198
MOVE B63 109
MOVE B64 198
MOVE B65 198
MOVE B66 198
MOVE B67 171
MOVE B68 158
MOVE B69 146
DAMAGE TURRET B49 1
SIEGE A 125 1
END TURN 235
TURN 236
COMMAND LEFT START
COMMAND LEFT END
COMMAND RIGHT START
TRAIN 3
COMMAND RIGHT END
TURN 236 RESULT
TIME LEFT 1 5 RIGHT 1 5
TRAIN B76 B77 B78
MOVE A7 89
MOVE A16 13
MOVE B41 106
MOVE B42 111
MOVE B48 130
MOVE B62 190
MOVE B64 190
MOVE B65 190
MOVE B66 190
MOVE B67 158
MOVE B68 146
MOVE B69 124
DAMAGE TURRET B49 1
SIEGE A 125 1
END TURN 236
TURN 237
COMMAND LEFT START
COMMAND LEFT END
COMMAND RIGHT START
TRAIN 3
COMMAND RIGHT END
TURN 237 RESULT
TIME LEFT 1 5 RIGHT 1 5
TRAIN B79 B80 B81
MOVE A7 77
MOVE A16 7
MOVE B41 101
MOVE B42 106
MOVE B48 133
MOVE B62 171
MOVE B64 171
MOVE B65 171
MOVE B66 171
MOVE B67 146
MOVE B68 124
MOVE B69 109
END TURN 237
TURN 238
COMMAND LEFT START
MOVE A6 45
MOVE A9 45
MOVE A12 45
COMMAND LEFT END
COMMAND RIGHT START
UPGRADE 133
COMMAND RIGHT END
TURN 238 RESULT
TIME LEFT 1 5 RIGHT 1 5
UPGRADE B 133
MOVE A6 7
MOVE A7 58
MOVE A9 7
MOVE A12 7
MOVE A16 0
MOVE B41 113
MOVE B42 101
MOVE B62 158
MOVE B64 158
MOVE B65 158
MOVE B66 158
MOVE B67 124
MOVE B68 109
END TURN 238
TURN 239
COMMAND LEFT START
COMMAND LEFT END
COMMAND RIGHT START
MOVE B69 125
COMMAND RIGHT END
TURN 239 RESULT
TIME LEFT 1 5 RIGHT 1 5
MOVE A6 13
MOVE A7 45
MOVE A9 13
MOVE A12 13
MOVE B42 113
MOVE B62 146
MOVE B64 146
MOVE B65 146
MOVE B66 146
MOVE B67 109
MOVE B69 116
END TURN 239
TURN 240
COMMAND LEFT START
COMMAND LEFT END
COMMAND RIGHT START
MOVE B81 109
MOVE B80 109
UPGRADE 133
COMMAND RIGHT END
TURN 240 RESULT
TIME LEFT 0 5 RIGHT 0 5
UPGRADE B 133
MOVE A6 21
MOVE A7 26
MOVE A9 21
MOVE A12 21
MOVE B62 124
MOVE B64 124
MOVE B65 124
MOVE B66 124
MOVE B69 104
MOVE B80 213
MOVE B81 213
END TURN 240
TURN 241
COMMAND LEFT START
COMMAND LEFT END
COMMAND RIGHT START
MOVE B43 133
UPGRADE 133
COMMAND RIGHT END
TURN 241 RESULT
TIME LEFT 1 5 RIGHT 1 5
UPGRADE B 133
MOVE A6 26
MOVE A7 21
MOVE A9 26
MOVE A12 26
MOVE B43 116
MOVE B62 109
MOVE B64 109
MOVE B65 109
MOVE B66 109
MOVE B69 125
MOVE B80 198
MOVE B81 198
END TURN 241
TURN 242
COMMAND LEFT START
COMMAND LEFT END
COMMAND RIGHT START
MOVE B44 133
UPGRADE 125
COMMAND RIGHT END
TURN 242 RESULT
TIME LEFT 0 5 RIGHT 1 5
UPGRADE B 125
MOVE A6 45
MOVE A7 13
MOVE A9 45
MOVE A12 45
MOVE B43 104
MOVE B44 116
MOVE B80 190
MOVE B81 190
END TURN 242
TURN 243
COMMAND LEFT START
MOVE A16 45
COMMAND LEFT END
COMMAND RIGHT START
MOVE B68 66
MOVE B67 45
MOVE B66 45
MOVE B65 45
MOVE B64 45
MOVE B63 45
MOVE B62 45
MOVE B60 45
MOVE B59 45
MOVE B58 45
MOVE B57 45
MOVE B56 45
MOVE B47 45
COMMAND RIGHT END
TURN 243 RESULT
TIME LEFT 0 5 RIGHT 1 5
MOVE A7 7
MOVE A16 7
MOVE B43 111
MOVE B44 104
MOVE B47 94
MOVE B56 94
MOVE B57 94
MOVE B58 94
MOVE B59 94
MOVE B60 94
MOVE B62 94
MOVE B63 94
MOVE B64 94
MOVE B65 94
MOVE B66 94
MOVE B67 94
MOVE B68 116
MOVE B80 171
MOVE B81 171
END TURN 243
TURN 244
COMMAND LEFT START
COMMAND LEFT END
COMMAND RIGHT START
MOVE B79 109
MOVE B78 109
MOVE B77 109
MOVE B76 109
MOVE B75 109
MOVE B74 109
MOVE B73 109
MOVE B72 109
MOVE B71 109
MOVE B70 109
MOVE B61 109
MOVE B55 109
UPGRADE 125
COMMAND RIGHT END
TURN 244 RESULT
TIME LEFT 0 5 RIGHT 1 5
UPGRADE B 125
MOVE A7 0
MOVE A16 13
MOVE B43 106
MOVE B44 111
MOVE B47 87
MOVE B55 213
MOVE B56 87
MOVE B57 87
MOVE B58 87
MOVE B59 87
MOVE B60 87
MOVE B61 213
MOVE B62 87
MOVE B63 87
MOVE B64 87
MOVE B65 87
MOVE B66 87
MOVE B67 87
MOVE B68 104
MOVE B70 213
MOVE B71 213
MOVE B72 213
MOVE B73 213
MOVE B74 213
MOVE B75 213
MOVE B76 213
MOVE B77 213
MOVE B78 213
MOVE B79 213
MOVE B80 158
MOVE B81 158
END TURN 244
TURN 245
COMMAND LEFT START
COMMAND LEFT END
COMMAND RIGHT START
TRAIN 1
COMMAND RIGHT END
TURN 245 RESULT
TIME LEFT 0 5 RIGHT 1 5
TRAIN B82
MOVE A16 21
MOVE B43 123
MOVE B44 106
MOVE B47 74
MOVE B55 198
MOVE B56 74
MOVE B57 74
MOVE B58 74
MOVE B59 74
MOVE B60 74
MOVE B61 198
MOVE B62 74
MOVE B63 74
MOVE B64 74
MOVE B65 74
MOVE B66 74
MOVE B67 74
MOVE B68 98
MOVE B70 198
MOVE B71 198
MOVE B72 198
MOVE B73 198
MOVE B74 198
MOVE B75 198
MOVE B76 198
MOVE B77 198
MOVE B78 198
MOVE B79 198
MOVE B80 146
MOVE B81 146
END TURN 245
TURN 246
COMMAND LEFT START
COMMAND LEFT END
COMMAND RIGHT START
MOVE B17 125
UPGRADE 125
COMMAND RIGHT END
TURN 246 RESULT
TIME LEFT 0 5 RIGHT 1 5
UPGRADE B 125
MOVE A16 26
MOVE B17 213
MOVE B43 130
MOVE B44 123
MOVE B47 65
MOVE B55 190
MOVE B56 65
MOVE B57 65
MOVE B58 65
MOVE B59 65
MOVE B60 65
MOVE B61 190
MOVE B62 65
MOVE B63 65
MOVE B64 65
MOVE B65 65
MOVE B66 65
MOVE B67 65
MOVE B68 81
MOVE B70 190
MOVE B71 190
MOVE B72 190
MOVE B73 190
MOVE B74 190
MOVE B75 190
MOVE B76 190
MOVE B77 190
MOVE B78 190
MOVE B79 190
MOVE B80 124
MOVE B81 124
END TURN 246
TURN 247
COMMAND LEFT START
COMMAND LEFT END
COMMAND RIGHT START
TRAIN 1
COMMAND RIGHT END
TURN 247 RESULT
TIME LEFT 0 5 RIGHT 0 5
TRAIN B83
MOVE A16 45
MOVE B17 202
MOVE B43 133
MOVE B44 130
MOVE B47 57
MOVE B55 171
MOVE B56 57
MOVE B57 57
MOVE B58 57
MOVE B59 57
MOVE B60 57
MOVE B61 171
MOVE B62 57
MOVE B63 57
MOVE B64 57
MOVE B65 57
MOVE B66 57
MOVE B67 57
MOVE B68 71
MOVE B70 171
MOVE B71 171
MOVE B72 171
MOVE B73 171
MOVE B74 171
MOVE B75 171
MOVE B76 171
MOVE B77 171
MOVE B78 171
MOVE B79 171
MOVE B80 109
MOVE B81 109
END TURN 247
TURN 248
COMMAND LEFT START
MOVE A6 0
MOVE A9 0
MOVE A12 0
MOVE A16 0
TRAIN 1
COMMAND LEFT END
COMMAND RIGHT START
MOVE B45 125
MOVE B83 109
TRAIN 3
COMMAND RIGHT END
TURN 248 RESULT
TIME LEFT 1 5 RIGHT 1 5
TRAIN A35 B84 B85 B86
MOVE A6 26
MOVE A9 26
MOVE A12 26
MOVE A16 26
MOVE B17 186
MOVE B44 133
MOVE B45 116
MOVE B47 45
MOVE B55 158
MOVE B56 45
MOVE B57 45
MOVE B58 45
MOVE B59 45
MOVE B60 45
MOVE B61 158
MOVE B62 45
MOVE B63 45
MOVE B64 45
MOVE B65 45
MOVE B66 45
MOVE B67 45
MOVE B68 77
MOVE B70 158
MOVE B71 158
MOVE B72 158
MOVE B73 158
MOVE B74 158
MOVE B75 158
MOVE B76 158
MOVE B77 158
MOVE B78 158
MOVE B79 158
MOVE B83 213
DAMAGE TURRET B47 1
SIEGE A 45 6
END TURN 248
TURN 249
COMMAND LEFT START
COMMAND LEFT END
COMMAND RIGHT START
MOVE B47 109
MOVE B56 109
MOVE B57 109
MOVE B58 109
MOVE B59 109
MOVE B60 109
MOVE B62 109
MOVE B63 109
MOVE B64 109
MOVE B65 109
MOVE B66 109
MOVE B86 109
MOVE B85 109
MOVE B84 109
UPGRADE 45
TRAIN 3
COMMAND RIGHT END
TURN 249 RESULT
TIME LEFT 0 5 RIGHT 0 5
UPGRADE B 45
TRAIN B87 B88 B89
MOVE A6 21
MOVE A9 21
MOVE A12 21
MOVE A16 21
MOVE B17 176
MOVE B45 104
MOVE B47 57
MOVE B55 146
MOVE B56 57
MOVE B57 57
MOVE B58 57
MOVE B59 57
MOVE B60 57
MOVE B61 146
MOVE B62 57
MOVE B63 57
MOVE B64 57
MOVE B65 57
MOVE B66 57
MOVE B68 73
MOVE B70 146
MOVE B71 146
MOVE B72 146
MOVE B73 146
MOVE B74 146
MOVE B75 146
MOVE B76 146
MOVE B77 146
MOVE B78 146
MOVE B79 146
MOVE B83 198
MOVE B84 213
MOVE B85 213
MOVE B86 213
END TURN 249
TURN 250
COMMAND LEFT START
MOVE A7 19
COMMAND LEFT END
COMMAND RIGHT START
MOVE B89 109
MOVE B88 109
MOVE B87 109
UPGRADE 45
COMMAND RIGHT END
TURN 250 RESULT
TIME LEFT 1 5 RIGHT 1 5
UPGRADE B 45
MOVE A6 13
MOVE A7 2
MOVE A9 13
MOVE A12 13
MOVE A16 13
MOVE B17 155
MOVE B45 125
MOVE B47 65
MOVE B55 124
MOVE B56 65
MOVE B57 65
MOVE B58 65
MOVE B59 65
MOVE B60 65
MOVE B61 124
MOVE B62 65
MOVE B63 65
MOVE B64 65
MOVE B65 65
MOVE B66 65
MOVE B68 66
MOVE B70 124
MOVE B71 124
MOVE B72 124
MOVE B73 124
MOVE B74 124
MOVE B75 124
MOVE B76 124
MOVE B77 124
MOVE B78 124
MOVE B79 124
MOVE B83 190
MOVE B84 198
MOVE B85 198
MOVE B86 198
MOVE B87 213
MOVE B88 213
MOVE B89 213
END TURN 250
TURN 251
COMMAND LEFT START
COMMAND LEFT END
COMMAND RIGHT START
MOVE B68 45
UPGRADE 66
TRAIN 1
COMMAND RIGHT END
TURN 251 RESULT
TIME LEFT 0 5 RIGHT 1 5
UPGRADE B 66
TRAIN B90
MOVE A6 7
MOVE A7 4
MOVE A9 7
MOVE A12 7
MOVE A16 7
MOVE B17 143
MOVE B47 74
MOVE B55 109
MOVE B56 74
MOVE B57 74
MOVE B58 74
MOVE B59 74
MOVE B60 74
MOVE B61 109
MOVE B62 74
MOVE B63 74
MOVE B64 74
MOVE B65 74
MOVE B66 74
MOVE B68 56
MOVE B70 109
MOVE B71 109
MOVE B72 109
MOVE B73 109
MOVE B74 109
MOVE B75 109
MOVE B76 109
MOVE B77 109
MOVE B78 109
MOVE B79 109
MOVE B83 171
MOVE B84 190
MOVE B85 190
MOVE B86 190
MOVE B87 198
MOVE B88 198
MOVE B89 198
END TURN 251
TURN 252
COMMAND LEFT START
COMMAND LEFT END
COMMAND RIGHT START
MOVE B46 66
MOVE B81 19
MOVE B90 109
COMMAND RIGHT END
TURN 252 RESULT
TIME LEFT 0 5 RIGHT 1 5
MOVE A6 0
MOVE A7 3
MOVE A9 0
MOVE A12 0
MOVE A16 0
MOVE B17 125
MOVE B46 116
MOVE B47 87
MOVE B56 87
MOVE B57 87
MOVE B58 87
MOVE B59 87
MOVE B60 87
MOVE B62 87
MOVE B63 87
MOVE B64 87
MOVE B65 87
MOVE B66 87
MOVE B68 39
MOVE B81 94
MOVE B83 158
MOVE B84 171
MOVE B85 171
MOVE B86 171
MOVE B87 190
MOVE B88 190
MOVE B89 190
MOVE B90 213
END TURN 252
TURN 253
COMMAND LEFT START
COMMAND LEFT END
COMMAND RIGHT START
MOVE B55 66
UPGRADE 45
COMMAND RIGHT END
TURN 253 RESULT
TIME LEFT 0 5 RIGHT 1 5
UPGRADE B 45
MOVE A7 11
MOVE B46 104
MOVE B47 94
MOVE B55 116
MOVE B56 94
MOVE B57 94
MOVE B58 94
MOVE B59 94
MOVE B60 94
MOVE B62 94
MOVE B63 94
MOVE B64 94
MOVE B65 94
MOVE B66 94
MOVE B68 45
MOVE B81 80
MOVE B83 146
MOVE B84 158
MOVE B85 158
MOVE B86 158
MOVE B87 171
MOVE B88 171
MOVE B89 171
MOVE B90 198
END TURN 253
TURN 254
COMMAND LEFT START
COMMAND LEFT END
COMMAND RIGHT START
MOVE B61 66
MOVE B70 45
TRAIN 2
COMMAND RIGHT END
TURN 254 RESULT
TIME LEFT 0 5 RIGHT 0 5
TRAIN B91 B92
MOVE A7 19
MOVE B46 98
MOVE B47 109
MOVE B55 104
MOVE B56 109
MOVE B57 109
MOVE B58 109
MOVE B59 109
MOVE B60 109
MOVE B61 116
MOVE B62 109
MOVE B63 109
MOVE B64 109
MOVE B65 109
MOVE B66 109
MOVE B70 94
MOVE B81 64
MOVE B83 124
MOVE B84 146
MOVE B85 146
MOVE B86 146
MOVE B87 158
MOVE B88 158
MOVE B89 158
MOVE B90 190
END TURN 254
TURN 255
COMMAND LEFT START
COMMAND LEFT END
COMMAND RIGHT START
MOVE B47 66
MOVE B92 109
MOVE B91 109
TRAIN 3
COMMAND RIGHT END
TURN 255 RESULT
TIME LEFT 0 5 RIGHT 3 5
TRAIN B93 B94 B95
MOVE B46 81
MOVE B47 116
MOVE B55 98
MOVE B61 104
MOVE B70 87
MOVE B81 63
MOVE B83 109
MOVE B84 124
MOVE B85 124
MOVE B86 124
MOVE B87 146
MOVE B88 146
MOVE B89 146
MOVE B90 171
MOVE B91 213
MOVE B92 213
END TURN 255
TURN 256
COMMAND LEFT START
COMMAND LEFT END
COMMAND RIGHT START
MOVE B56 66
MOVE B95 109
MOVE B94 109
MOVE B93 109
TRAIN 3
COMMAND RIGHT END
TURN 256 RESULT
TIME LEFT 0 5 RIGHT 0 5
TRAIN B96 B97 B98
MOVE B46 71
MOVE B47 104
MOVE B55 81
MOVE B56 116
MOVE B61 98
MOVE B70 74
MOVE B81 55
MOVE B84 109
MOVE B85 109
MOVE B86 109
MOVE B87 124
MOVE B88 124
MOVE B89 124
MOVE B90 158
MOVE B91 198
MOVE B92 198
MOVE B93 213
MOVE B94 213
MOVE B95 213
END TURN 256
TURN 257
COMMAND LEFT START
COMMAND LEFT END
COMMAND RIGHT START
MOVE B57 66
MOVE B98 109
MOVE B97 109
MOVE B96 109
TRAIN 3
COMMAND RIGHT END
TURN 257 RESULT
TIME LEFT 0 5 RIGHT 1 5
TRAIN B99 B100 B101
MOVE B46 77
MOVE B47 98
MOVE B55 71
MOVE B56 104
MOVE B57 116
MOVE B61 81
MOVE B70 65
MOVE B81 44
MOVE B87 109
MOVE B88 109
MOVE B89 109
MOVE B90 146
MOVE B91 190
MOVE B92 190
MOVE B93 198
MOVE B94 198
MOVE B95 198
MOVE B96 213
MOVE B97 213
MOVE B98 213
END TURN 257
TURN 258
COMMAND LEFT START
COMMAND LEFT END
COMMAND RIGHT START
MOVE B58 66
MOVE B101 109
MOVE B100 109
MOVE B99 109
TRAIN 3
COMMAND RIGHT END
TURN 258 RESULT
TIME LEFT 0 5 RIGHT 3 5
TRAIN B102 B103 B104
MOVE B46 73
MOVE B47 81
MOVE B55 77
MOVE B56 98
MOVE B57 104
MOVE B58 116
MOVE B61 71
MOVE B70 57
MOVE B81 38
MOVE B90 124
MOVE B91 171
MOVE B92 171
MOVE B93 190
MOVE B94 190
MOVE B95 190
MOVE B96 198
MOVE B97 198
MOVE B98 198
MOVE B99 213
MOVE B100 213
MOVE B101 213
END TURN 258
TURN 259
COMMAND LEFT START
COMMAND LEFT END
COMMAND RIGHT START
MOVE B59 66
MOVE B104 109
MOVE B103 109
MOVE B102 109
TRAIN 3
COMMAND RIGHT END
TURN 259 RESULT
TIME LEFT 0 5 RIGHT 2 5
TRAIN B105 B106 B107
MOVE B46 66
MOVE B47 71
MOVE B55 73
MOVE B56 81
MOVE B57 98
MOVE B58 104
MOVE B59 116
MOVE B61 77
MOVE B70 45
MOVE B81 29
MOVE B90 109
MOVE B91 158
MOVE B92 158
MOVE B93 171
MOVE B94 171
MOVE B95 171
MOVE B96 190
MOVE B97 190
MOVE B98 190
MOVE B99 198
MOVE B100 198
MOVE B101 198
MOVE B102 213
MOVE B103 213
MOVE B104 213
END TURN 259
TURN 260
COMMAND LEFT START
MOVE A7 109
COMMAND LEFT END
COMMAND RIGHT START
MOVE B107 109
MOVE B106 109
MOVE B105 109
TRAIN 3
COMMAND RIGHT END
TURN 260 RESULT
TIME LEFT 0 5 RIGHT 1 5
TRAIN B108 B109 B110
MOVE A7 29
MOVE B47 77
MOVE B55 66
MOVE B56 71
MOVE B57 81
MOVE B58 98
MOVE B59 104
MOVE B61 73
MOVE B81 19
MOVE B91 146
MOVE B92 146
MOVE B93 158
MOVE B94 158
MOVE B95 158
MOVE B96 171
MOVE B97 171
MOVE B98 171
MOVE B99 190
MOVE B100 190
MOVE B101 190
MOVE B102 198
MOVE B103 198
MOVE B104 198
MOVE B105 213
MOVE B106 213
MOVE B107 213
END TURN 260
TURN 261
COMMAND LEFT START
MOVE A6 45
COMMAND LEFT END
COMMAND RIGHT START
MOVE B110 109
MOVE B109 109
MOVE B108 109
MOVE B55 109
UPGRADE 19
TRAIN 3
COMMAND RIGHT END
TURN 261 RESULT
TIME LEFT 0 5 RIGHT 0 5
UPGRADE B 19
TRAIN B111 B112 B113
MOVE A6 7
MOVE A7 38
MOVE B47 73
MOVE B55 73
MOVE B56 77
MOVE B57 71
MOVE B58 81
MOVE B59 98
MOVE B61 66
MOVE B91 124
MOVE B92 124
MOVE B93 146
MOVE B94 146
MOVE B95 146
MOVE B96 158
MOVE B97 158
MOVE B98 158
MOVE B99 171
MOVE B100 171
MOVE B101 171
MOVE B102 190
MOVE B103 190
MOVE B104 190
MOVE B105 198
MOVE B106 198
MOVE B107 198
MOVE B108 213
MOVE B109 213
MOVE B110 213
END TURN 261
TURN 262
COMMAND LEFT START
COMMAND LEFT END
COMMAND RIGHT START
MOVE B113 109
MOVE B112 109
MOVE B111 109
MOVE B61 109
TRAIN 3
COMMAND RIGHT END
TURN 262 RESULT
TIME LEFT 0 5 RIGHT 1 5
TRAIN B114 B115 B116
MOVE A6 13
MOVE A7 44
MOVE B47 66
MOVE B55 77
MOVE B56 73
MOVE B57 77
MOVE B58 71
MOVE B59 81
MOVE B61 73
MOVE B91 109
MOVE B92 109
MOVE B93 124
MOVE B94 124
MOVE B95 124
MOVE B96 146
MOVE B97 146
MOVE B98 146
MOVE B99 158
MOVE B100 158
MOVE B101 158
MOVE B102 171
MOVE B103 171
MOVE B104 171
MOVE B105 190
MOVE B106 190
MOVE B107 190
MOVE B108 198
MOVE B109 198
MOVE B110 198
MOVE B111 213
MOVE B112 213
MOVE B113 213
END TURN 262
TURN 263
COMMAND LEFT START
COMMAND LEFT END
COMMAND RIGHT START
MOVE B116 109
MOVE B115 109
MOVE B114 109
MOVE B47 109
TRAIN 3
COMMAND RIGHT END
TURN 263 RESULT
TIME LEFT 0 5 RIGHT 1 5
TRAIN B117 B118 B119
MOVE A6 21
MOVE A7 55
MOVE B47 73
MOVE B55 71
MOVE B56 66
MOVE B57 73
MOVE B58 77
MOVE B59 71
MOVE B61 77
MOVE B93 109
MOVE B94 109
MOVE B95 109
MOVE B96 124
MOVE B97 124
MOVE B98 124
MOVE B99 146
MOVE B100 146
MOVE B101 146
MOVE B102 158
MOVE B103 158
MOVE B104 158
MOVE B105 171
MOVE B106 171
MOVE B107 171
MOVE B108 190
MOVE B109 190
MOVE B110 190
MOVE B111 198
MOVE B112 198
MOVE B113 198
MOVE B114 213
MOVE B115 213
MOVE B116 213
END TURN 263
TURN 264
COMMAND LEFT START
COMMAND LEFT END
COMMAND RIGHT START
MOVE B119 109
MOVE B118 109
MOVE B117 109
MOVE B56 109
TRAIN 3
COMMAND RIGHT END
TURN 264 RESULT
TIME LEFT 0 5 RIGHT 1 5
TRAIN B120 B121 B122
MOVE A6 26
MOVE A7 63
MOVE B47 77
MOVE B55 81
MOVE B56 73
MOVE B57 66
MOVE B58 73
MOVE B59 77
MOVE B61 71
MOVE B96 109
MOVE B97 109
MOVE B98 109
MOVE B99 124
MOVE B100 124
MOVE B101 124
MOVE B102 146
MOVE B103 146
MOVE B104 146
MOVE B105 158
MOVE B106 158
MOVE B107 158
MOVE B108 171
MOVE B109 171
MOVE B110 171
MOVE B111 190
MOVE B112 190
MOVE B113 190
MOVE B114 198
MOVE B115 198
MOVE B116 198
MOVE B117 213
MOVE B118 213
MOVE B119 213
END TURN 264
TURN 265
COMMAND LEFT START
COMMAND LEFT END
COMMAND RIGHT START
MOVE B122 109
MOVE B121 109
MOVE B120 109
MOVE B57 109
TRAIN 3
COMMAND RIGHT END
TURN 265 RESULT
TIME LEFT 0 5 RIGHT 1 5
TRAIN B123 B124 B125
MOVE A6 45
MOVE A7 64
MOVE B47 71
MOVE B55 98
MOVE B56 77
MOVE B57 73
MOVE B58 66
MOVE B59 73
MOVE B61 81
MOVE B99 109
MOVE B100 109
MOVE B101 109
MOVE B102 124
MOVE B103 124
MOVE B104 124
MOVE B105 146
MOVE B106 146
MOVE B107 146
MOVE B108 158
MOVE B109 158
MOVE B110 158
MOVE B111 171
MOVE B112 171
MOVE B113 171
MOVE B114 190
MOVE B115 190
MOVE B116 190
MOVE B117 198
MOVE B118 198
MOVE B119 198
MOVE B120 213
MOVE B121 213
MOVE B122 213
DAMAGE TURRET A6 2
DAMAGE COMBAT A6 2
DAMAGE COMBAT B67 1
END TURN 265
TURN 266
COMMAND LEFT START
COMMAND LEFT END
COMMAND RIGHT START
MOVE B101 0
MOVE B100 0
MOVE B99 0
MOVE B98 0
MOVE B97 0
MOVE B96 0
MOVE B95 0
MOVE B94 0
MOVE B93 0
MOVE B92 0
MOVE B91 0
MOVE B90 0
MOVE B89 0
MOVE B88 0
MOVE B87 0
MOVE B86 0
MOVE B85 0
MOVE B84 0
MOVE B83 0
MOVE B80 0
MOVE B79 0
MOVE B78 0
MOVE B77 0
MOVE B76 0
MOVE B75 0
MOVE B74 0
MOVE B73 0
MOVE B72 0
MOVE B71 0
MOVE B66 0
MOVE B65 0
MOVE B64 0
MOVE B63 0
COMMAND RIGHT END
TURN 266 RESULT
TIME LEFT 0 5 RIGHT 1 5
MOVE A7 80
MOVE B47 81
MOVE B55 104
MOVE B56 71
MOVE B57 77
MOVE B59 66
MOVE B61 98
MOVE B63 94
MOVE B64 94
MOVE B65 94
MOVE B66 94
MOVE B71 94
MOVE B72 94
MOVE B73 94
MOVE B74 94
MOVE B75 94
MOVE B76 94
MOVE B77 94
MOVE B78 94
MOVE B79 94
MOVE B80 94
MOVE B83 94
MOVE B84 94
MOVE B85 94
MOVE B86 94
MOVE B87 94
MOVE B88 94
MOVE B89 94
MOVE B90 94
MOVE B91 94
MOVE B92 94
MOVE B93 94
MOVE B94 94
MOVE B95 94
MOVE B96 94
MOVE B97 94
MOVE B98 94
MOVE B99 94
MOVE B100 94
MOVE B101 94
MOVE B102 109
MOVE B103 109
MOVE B104 109
MOVE B105 124
MOVE B106 124
MOVE B107 124
MOVE B108 146
MOVE B109 146
MOVE B110 146
MOVE B111 158
MOVE B112 158
MOVE B113 158
MOVE B114 171
MOVE B115 171
MOVE B116 171
MOVE B117 190
MOVE B118 190
MOVE B119 190
MOVE B120 198
MOVE B121 198
MOVE B122 198
END TURN 266
TURN 267
COMMAND LEFT START
COMMAND LEFT END
COMMAND RIGHT START
TRAIN 3
COMMAND RIGHT END
TURN 267 RESULT
TIME LEFT 0 5 RIGHT 2 5
TRAIN B126 B127 B128
MOVE A7 94
MOVE B47 98
MOVE B55 116
MOVE B56 81
MOVE B57 71
MOVE B61 104
MOVE B63 72
MOVE B64 72
MOVE B65 72
MOVE B66 72
MOVE B71 72
MOVE B72 72
MOVE B73 72
MOVE B74 72
MOVE B75 72
MOVE B76 72
MOVE B77 72
MOVE B78 72
MOVE B79 72
MOVE B80 72
MOVE B83 72
MOVE B84 72
MOVE B85 72
MOVE B86 72
MOVE B87 72
MOVE B88 72
MOVE B89 72
MOVE B90 72
MOVE B91 72
MOVE B92 72
MOVE B93 72
MOVE B94 72
MOVE B95 72
MOVE B96 72
MOVE B97 72
MOVE B98 72
MOVE B99 72
MOVE B100 72
MOVE B101 72
MOVE B105 109
MOVE B106 109
MOVE B107 109
MOVE B108 124
MOVE B109 124
MOVE B110 124
MOVE B111 146
MOVE B112 146
MOVE B113 146
MOVE B114 158
MOVE B115 158
MOVE B116 158
MOVE B117 171
MOVE B118 171
MOVE B119 171
MOVE B120 190
MOVE B121 190
MOVE B122 190
END TURN 267
TURN 268
COMMAND LEFT START
COMMAND LEFT END
COMMAND RIGHT START
TRAIN 3
COMMAND RIGHT END
TURN 268 RESULT
TIME LEFT 2 5 RIGHT 2 5
TRAIN B129 B130 B131
MOVE A7 109
MOVE B47 104
MOVE B55 109
MOVE B56 98
MOVE B57 81
MOVE B61 116
MOVE B63 60
MOVE B64 60
MOVE B65 60
MOVE B66 60
MOVE B71 60
MOVE B72 60
MOVE B73 60
MOVE B74 60
MOVE B75 60
MOVE B76 60
MOVE B77 60
MOVE B78 60
MOVE B79 60
MOVE B80 60
MOVE B83 60
MOVE B84 60
MOVE B85 60
MOVE B86 60
MOVE B87 60
MOVE B88 60
MOVE B89 60
MOVE B90 60
MOVE B91 60
MOVE B92 60
MOVE B93 60
MOVE B94 60
MOVE B95 60
MOVE B96 60
MOVE B97 60
MOVE B98 60
MOVE B99 60
MOVE B100 60
MOVE B101 60
MOVE B108 109
MOVE B109 109
MOVE B110 109
MOVE B111 124
MOVE B112 124
MOVE B113 124
MOVE B114 146
MOVE B115 146
MOVE B116 146
MOVE B117 158
MOVE B118 158
MOVE B119 158
MOVE B120 171
MOVE B121 171
MOVE B122 171
DAMAGE TURRET A7 2
DAMAGE COMBAT B55 1
END TURN 268
TURN 269
COMMAND LEFT START
COMMAND LEFT END
COMMAND RIGHT START
TRAIN 3
COMMAND RIGHT END
TURN 269 RESULT
TIME LEFT 1 5 RIGHT 1 5
TRAIN B132 B133 B134
MOVE B47 116
MOVE B56 104
MOVE B57 98
MOVE B61 109
MOVE B63 47
MOVE B64 47
MOVE B65 47
MOVE B66 47
MOVE B71 47
MOVE B72 47
MOVE B73 47
MOVE B74 47
MOVE B75 47
MOVE B76 47
MOVE B77 47
MOVE B78 47
MOVE B79 47
MOVE B80 47
MOVE B83 47
MOVE B84 47
MOVE B85 47
MOVE B86 47
MOVE B87 47
MOVE B88 47
MOVE B89 47
MOVE B90 47
MOVE B91 47
MOVE B92 47
MOVE B93 47
MOVE B94 47
MOVE B95 47
MOVE B96 47
MOVE B97 47
MOVE B98 47
MOVE B99 47
MOVE B100 47
MOVE B101 47
MOVE B111 109
MOVE B112 109
MOVE B113 109
MOVE B114 124
MOVE B115 124
MOVE B116 124
MOVE B117 146
MOVE B118 146
MOVE B119 146
MOVE B120 158
MOVE B121 158
MOVE B122 158
END TURN 269
TURN 270
COMMAND LEFT START
COMMAND LEFT END
COMMAND RIGHT START
TRAIN 3
COMMAND RIGHT END
TURN 270 RESULT
TIME LEFT 0 5 RIGHT 1 5
TRAIN B135 B136 B137
MOVE B47 109
MOVE B56 116
MOVE B57 104
MOVE B63 28
MOVE B64 28
MOVE B65 28
MOVE B66 28
MOVE B71 28
MOVE B72 28
MOVE B73 28
MOVE B74 28
MOVE B75 28
MOVE B76 28
MOVE B77 28
MOVE B78 28
MOVE B79 28
MOVE B80 28
MOVE B83 28
MOVE B84 28
MOVE B85 28
MOVE B86 28
MOVE B87 28
MOVE B88 28
MOVE B89 28
MOVE B90 28
MOVE B91 28
MOVE B92 28
MOVE B93 28
MOVE B94 28
MOVE B95 28
MOVE B96 28
MOVE B97 28
MOVE B98 28
MOVE B99 28
MOVE B100 28
MOVE B101 28
MOVE B114 109
MOVE B115 109
MOVE B116 109
MOVE B117 124
MOVE B118 124
MOVE B119 124
MOVE B120 146
MOVE B121 146
MOVE B122 146
END TURN 270
TURN 271
COMMAND LEFT START
COMMAND LEFT END
COMMAND RIGHT START
TRAIN 3
COMMAND RIGHT END
TURN 271 RESULT
TIME LEFT 1 5 RIGHT 1 5
TRAIN B138 B139 B140
MOVE B56 109
MOVE B57 116
MOVE B63 20
MOVE B64 20
MOVE B65 20
MOVE B66 20
MOVE B71 20
MOVE B72 20
MOVE B73 20
MOVE B74 20
MOVE B75 20
MOVE B76 20
MOVE B77 20
MOVE B78 20
MOVE B79 20
MOVE B80 20
MOVE B83 20
MOVE B84 20
MOVE B85 20
MOVE B86 20
MOVE B87 20
MOVE B88 20
MOVE B89 20
MOVE B90 20
MOVE B91 20
MOVE B92 20
MOVE B93 20
MOVE B94 20
MOVE B95 20
MOVE B96 20
MOVE B97 20
MOVE B98 20
MOVE B99 20
MOVE B100 20
MOVE B101 20
MOVE B117 109
MOVE B118 109
MOVE B119 109
MOVE B120 124
MOVE B121 124
MOVE B122 124
END TURN 271
TURN 272
COMMAND LEFT START
COMMAND LEFT END
COMMAND RIGHT START
TRAIN 3
COMMAND RIGHT END
TURN 272 RESULT
TIME LEFT 0 5 RIGHT 1 5
TRAIN B141 B142 B143
MOVE B57 109
MOVE B63 5
MOVE B64 5
MOVE B65 5
MOVE B66 5
MOVE B71 5
MOVE B72 5
MOVE B73 5
MOVE B74 5
MOVE B75 5
MOVE B76 5
MOVE B77 5
MOVE B78 5
MOVE B79 5
MOVE B80 5
MOVE B83 5
MOVE B84 5
MOVE B85 5
MOVE B86 5
MOVE B87 5
MOVE B88 5
MOVE B89 5
MOVE B90 5
MOVE B91 5
MOVE B92 5
MOVE B93 5
MOVE B94 5
MOVE B95 5
MOVE B96 5
MOVE B97 5
MOVE B98 5
MOVE B99 5
MOVE B100 5
MOVE B101 5
MOVE B120 109
MOVE B121 109
MOVE B122 109
END TURN 272
TURN 273
COMMAND LEFT START
COMMAND LEFT END
COMMAND RIGHT START
TRAIN 3
COMMAND RIGHT END
TURN 273 RESULT
TIME LEFT 1 5 RIGHT 1 5
TRAIN B144 B145 B146
MOVE B63 0
MOVE B64 0
MOVE B65 0
MOVE B66 0
MOVE B71 0
MOVE B72 0
MOVE B73 0
MOVE B74 0
MOVE B75 0
MOVE B76 0
MOVE B77 0
MOVE B78 0
MOVE B79 0
MOVE B80 0
MOVE B83 0
MOVE B84 0
MOVE B85 0
MOVE B86 0
MOVE B87 0
MOVE B88 0
MOVE B89 0
MOVE B90 0
MOVE B91 0
MOVE B92 0
MOVE B93 0
MOVE B94 0
MOVE B95 0
MOVE B96 0
MOVE B97 0
MOVE B98 0
MOVE B99 0
MOVE B100 0
MOVE B101 0
DAMAGE TURRET B63 1
DAMAGE COMBAT A9 4
DAMAGE COMBAT A12 4
DAMAGE COMBAT A15 1
DAMAGE COMBAT A16 3
DAMAGE COMBAT A35 4
DAMAGE COMBAT B63 5
SIEGE A 0 10
END TURN 273
RESULT RIGHT_WIN HQ_DESTROYED
