[LEFT ""]
[RIGHT ""]
MAP
209 15
-10985 -10974 -10387 -10335 -9799 -8675 -8612 -9515 -9568 -8192 -7963 -8886 -7785 -8409 -7531 -7510 -7519 -6985 -7194 -7169 -7131 -6873 -6902 -7653 -7746 -6403 -6353 -6292 -6275 -7077 -6076 -5804 -6264 -5620 -5460 -5222 -5535 -5492 -5148 -5268 -5188 -5203 -5062 -4718 -5138 -4588 -4267 -4143 -4443 -4151 -4155 -4136 -3971 -3846 -3712 -3915 -3830 -3577 -3581 -3311 -2916 -2951 -2939 -3151 -2806 -2733 -2833 -2823 -3042 -3304 -2480 -2446 -2226 -2234 -1981 -2016 -1959 -1956 -1950 -1750 -1555 -1551 -1326 -1784 -1437 -1099 -1356 -1155 -841 -859 -892 -920 -781 -844 -850 -485 107 -514 -389 -253 -72 -373 -2 -153 0 153 2 373 72 253 389 514 -107 485 850 844 781 920 892 859 841 1155 1356 1099 1437 1784 1326 1551 1555 1750 1950 1956 1959 2016 1981 2234 2226 2446 2480 3304 3042 2823 2833 2733 2806 3151 2939 2951 2916 3311 3581 3577 3830 3915 3712 3846 3971 4136 4155 4151 4443 4143 4267 4588 5138 4718 5062 5203 5188 5268 5148 5492 5535 5222 5460 5620 6264 5804 6076 7077 6275 6292 6353 6403 7746 7653 6902 6873 7131 7169 7194 6985 7519 7510 7531 8409 7785 8886 7963 8192 9568 9515 8612 8675 9799 10335 10387 10974 10985
-1575 146 -3022 3465 1561 -57 2488 5508 -4618 -2188 839 -6175 1745 6517 -1215 -3298 2740 -4381 43 4696 3573 -5509 1504 7848 -7205 -2101 213 5764 2395 -8579 4183 -6057 8489 1373 110 6319 -4476 -3391 4074 -9057 2661 -1221 -2467 5005 9225 -5263 938 1938 -6361 -4141 -19 7134 -2538 -1033 6084 8766 3134 4850 -7122 -5369 -3795 3727 -872 -8177 8317 -2461 7086 668 -10626 10087 -6297 2066 -5068 4891 -603 6375 3301 -7239 -8218 -1913 7735 774 -9489 11045 -6318 5589 -3675 -4639 3041 -8133 -5476 4203 -6982 1950 -510 -3120 10766 -2005 8718 1034 -5931 6827 4558 7792 0 -7792 -4558 -6827 5931 -1034 -8718 2005 -10766 3120 510 -1950 6982 -4203 5476 8133 -3041 4639 3675 -5589 6318 -11045 9489 -774 -7735 1913 8218 7239 -3301 -6375 603 -4891 5068 -2066 6297 -10087 10626 -668 -7086 2461 -8317 8177 872 -3727 3795 5369 7122 -4850 -3134 -8766 -6084 1033 2538 -7134 19 4141 6361 -1938 -938 5263 -9225 -5005 2467 1221 -2661 9057 -4074 3391 4476 -6319 -110 -1373 -8489 6057 -4183 8579 -2395 -5764 -213 2101 7205 -7848 -1504 5509 -3573 -4696 -43 4381 -2740 3298 1215 -6517 -1745 6175 -839 2188 4618 -5508 -2488 57 -1561 -3465 3022 -146 1575
STRONGHOLDS 4 19 28 74 80 85 97 104 111 123 128 134 180 189 204
4 1 2 5 9
4 0 3 4 5
3 0 8 9
4 1 4 6 7
6 1 3 5 6 10 12
7 0 1 4 9 10 14 18
7 3 4 7 12 16 19 20
4 3 6 13 19
5 2 9 11 15 17
7 0 2 5 8 14 15 25
5 4 5 12 18 22
4 8 17 21 24
5 4 6 10 16 22
4 7 19 23 27
5 5 9 18 25 26
5 8 9 17 25 37
5 6 12 20 22 28
6 8 11 15 21 36 37
5 5 10 14 22 26
6 6 7 13 20 27 30
5 6 16 19 28 30
5 11 17 24 31 36
7 10 12 16 18 26 28 33
3 13 27 32
4 11 21 29 31
7 9 14 15 26 37 41 42
7 14 18 22 25 33 34 41
7 13 19 23 30 32 35 43
6 16 20 22 30 33 40
3 24 31 39
7 19 20 27 28 38 40 43
7 21 24 29 36 39 45 48
5 23 27 35 44 51
7 22 26 28 34 40 46 47
5 26 33 41 46 50
5 27 32 43 51 54
6 17 21 31 37 45 49
7 15 17 25 36 42 49 52
5 30 40 43 56 57
6 29 31 48 58 63 68
6 28 30 33 38 47 56
7 25 26 34 42 50 52 53
4 25 37 41 52
6 27 30 35 38 54 57
4 32 51 55 69
5 31 36 48 49 59
5 33 34 47 50 67
6 33 40 46 56 67 71
5 31 39 45 58 59
6 36 37 45 52 59 60
6 34 41 46 53 62 67
7 32 35 44 54 55 64 66
7 37 41 42 49 53 60 65
5 41 50 52 62 65
7 35 43 51 57 66 73 75
4 44 51 64 69
6 38 40 47 57 61 71
6 38 43 54 56 61 73
6 39 48 59 63 70 77
7 45 48 49 58 60 70 72
6 49 52 59 65 72 86
5 56 57 71 73 76
6 50 53 65 67 74 79
6 39 58 68 77 78 82
7 51 55 66 69 80 83 98
6 52 53 60 62 79 86
5 51 54 64 75 80
7 46 47 50 62 71 74 81
4 39 63 82 112
4 44 55 64 83
5 58 59 72 77 84
7 47 56 61 67 76 81 93
7 59 60 70 84 86 87 90
7 54 57 61 75 76 85 91
5 62 67 79 81 94
6 54 66 73 80 85 101
6 61 71 73 88 91 93
7 58 63 70 78 84 89 92
4 63 77 82 89
7 62 65 74 86 94 95 97
6 64 66 75 98 101 103
6 67 71 74 93 94 99
6 63 68 78 89 110 112
4 64 69 96 98
6 70 72 77 90 92 100
6 73 75 91 101 102 108
7 60 65 72 79 87 95 106
4 72 86 90 106
5 76 91 93 111 113
6 77 78 82 92 105 110
5 72 84 87 100 106
6 73 76 85 88 102 113
6 77 84 89 100 105 107
6 71 76 81 88 99 111
7 74 79 81 97 99 104 109
6 79 86 97 106 117 120
4 83 98 126 140
6 79 94 95 109 115 120
7 64 80 83 96 103 119 126
6 81 93 94 104 111 114
6 84 90 92 106 107 123
6 75 80 85 103 108 116
7 85 91 108 113 118 121 122
5 80 98 101 116 119
4 94 99 109 114
5 89 92 107 110 128
7 86 87 90 95 100 117 123
6 92 100 105 123 128 133
6 85 101 102 116 118 124
6 94 97 104 114 115 127
7 82 89 105 112 125 128 144
6 88 93 99 113 114 129
4 68 82 110 125
6 88 91 102 111 122 129
7 99 104 109 111 127 129 134
6 97 109 120 127 132 137
6 101 103 108 119 124 131
6 95 106 120 123 132 135
5 102 108 121 124 136
6 98 103 116 126 130 131
5 95 97 115 117 132
4 102 118 122 136
7 102 113 121 129 136 143 148
6 100 106 107 117 133 135
6 108 116 118 131 136 138
4 110 112 139 144
6 96 98 119 130 140 145
6 109 114 115 134 137 141
6 105 107 110 133 142 144
7 111 113 114 122 134 143 146
4 119 126 131 145
7 116 119 124 130 138 145 150
6 115 117 120 135 137 147
6 107 123 128 135 142 154
5 114 127 129 141 146
7 117 123 132 133 147 151 154
7 118 121 122 124 138 148 149
7 115 127 132 141 147 152 161
5 124 131 136 149 150
4 125 144 153 164
4 96 126 145 169
7 127 134 137 146 158 161 162
5 128 133 144 154 157
6 122 129 146 148 155 156
7 110 125 128 139 142 153 157
6 126 130 131 140 150 169
6 129 134 141 143 155 158
5 132 135 137 151 152
6 122 136 143 149 156 159
7 136 138 148 150 159 160 163
6 131 138 145 149 160 169
6 135 147 152 154 165 170
6 137 147 151 161 168 170
4 139 144 157 164
7 133 135 142 151 157 165 173
5 143 146 156 158 167
7 143 148 155 159 166 167 171
7 142 144 153 154 164 173 176
6 141 146 155 162 167 174
6 148 149 156 163 171 172
5 149 150 163 169 177
6 137 141 152 162 168 175
5 141 158 161 174 175
5 149 159 160 172 177
4 139 153 157 176
6 151 154 170 173 178 181
4 156 167 171 183
7 155 156 158 166 174 182 183
6 152 161 170 175 178 180
6 140 145 150 160 177 179
5 151 152 165 168 178
7 156 159 166 172 183 191 193
6 159 163 171 177 187 191
5 154 157 165 176 181
5 158 162 167 175 182
7 161 162 168 174 180 182 186
5 157 164 173 181 185
7 160 163 169 172 179 184 187
7 165 168 170 180 181 188 189
3 169 177 184
6 168 175 178 186 188 192
7 165 173 176 178 185 189 195
7 167 174 175 183 186 190 194
7 166 167 171 182 193 194 199
4 177 179 187 197
3 176 181 195
7 175 180 182 190 192 196 198
5 172 177 184 191 197
5 178 180 189 192 202
6 178 181 188 195 201 202
5 182 186 194 198 203
6 171 172 187 193 197 200
5 180 186 188 196 202
5 171 183 191 199 200
5 182 183 190 199 203
4 181 185 189 201
5 186 192 198 202 204
4 184 187 191 200
5 186 190 196 203 204
7 183 193 194 200 203 206 208
5 191 193 197 199 206
4 189 195 202 205
7 188 189 192 196 201 204 205
7 190 194 198 199 204 207 208
6 196 198 202 203 205 207
4 201 202 204 207
3 199 200 208
4 203 204 205 208
4 199 203 206 207
END MAP
TURN 1
COMMAND LEFT START
MOVE A2 4
UPGRADE 0
COMMAND LEFT END
COMMAND RIGHT START
MOVE B1 204
MOVE B2 104
COMMAND RIGHT END
TURN 1 RESULT
TIME LEFT 5 5 RIGHT 7 5
UPGRADE A 0
MOVE A2 1
MOVE B1 207
MOVE B2 199
END TURN 1
TURN 2
COMMAND LEFT START
COMMAND LEFT END
COMMAND RIGHT START
COMMAND RIGHT END
TURN 2 RESULT
TIME LEFT 0 5 RIGHT 0 5
MOVE A2 4
MOVE B1 204
MOVE B2 183
END TURN 2
TURN 3
COMMAND LEFT START
COMMAND LEFT END
COMMAND RIGHT START
UPGRADE 204
COMMAND RIGHT END
TURN 3 RESULT
TIME LEFT 0 5 RIGHT 0 5
UPGRADE B 204
MOVE B2 167
END TURN 3
TURN 4
COMMAND LEFT START
COMMAND LEFT END
COMMAND RIGHT START
COMMAND RIGHT END
TURN 4 RESULT
TIME LEFT 0 5 RIGHT 0 5
MOVE B2 155
END TURN 4
TURN 5
COMMAND LEFT START
COMMAND LEFT END
COMMAND RIGHT START
COMMAND RIGHT END
TURN 5 RESULT
TIME LEFT 0 5 RIGHT 0 5
MOVE B2 146
END TURN 5
TURN 6
COMMAND LEFT START
COMMAND LEFT END
COMMAND RIGHT START
COMMAND RIGHT END
TURN 6 RESULT
TIME LEFT 0 5 RIGHT 0 5
MOVE B2 134
END TURN 6
TURN 7
COMMAND LEFT START
COMMAND LEFT END
COMMAND RIGHT START
COMMAND RIGHT END
TURN 7 RESULT
TIME LEFT 0 5 RIGHT 0 5
MOVE B2 114
END TURN 7
TURN 8
COMMAND LEFT START
COMMAND LEFT END
COMMAND RIGHT START
COMMAND RIGHT END
TURN 8 RESULT
TIME LEFT 0 5 RIGHT 0 5
MOVE B2 104
END TURN 8
TURN 9
COMMAND LEFT START
COMMAND LEFT END
COMMAND RIGHT START
COMMAND RIGHT END
TURN 9 RESULT
TIME LEFT 0 5 RIGHT 0 5
END TURN 9
TURN 10
COMMAND LEFT START
COMMAND LEFT END
COMMAND RIGHT START
COMMAND RIGHT END
TURN 10 RESULT
TIME LEFT 0 5 RIGHT 0 5
END TURN 10
TURN 11
COMMAND LEFT START
COMMAND LEFT END
COMMAND RIGHT START
COMMAND RIGHT END
TURN 11 RESULT
TIME LEFT 0 5 RIGHT 0 5
END TURN 11
TURN 12
COMMAND LEFT START
COMMAND LEFT END
COMMAND RIGHT START
COMMAND RIGHT END
TURN 12 RESULT
TIME LEFT 0 5 RIGHT 0 5
END TURN 12
TURN 13
COMMAND LEFT START
COMMAND LEFT END
COMMAND RIGHT START
COMMAND RIGHT END
TURN 13 RESULT
TIME LEFT 0 5 RIGHT 0 5
END TURN 13
TURN 14
COMMAND LEFT START
COMMAND LEFT END
COMMAND RIGHT START
UPGRADE 104
COMMAND RIGHT END
TURN 14 RESULT
TIME LEFT 0 5 RIGHT 0 5
UPGRADE B 104
END TURN 14
TURN 15
COMMAND LEFT START
COMMAND LEFT END
COMMAND RIGHT START
COMMAND RIGHT END
TURN 15 RESULT
TIME LEFT 0 5 RIGHT 0 5
END TURN 15
TURN 16
COMMAND LEFT START
UPGRADE 4
COMMAND LEFT END
COMMAND RIGHT START
COMMAND RIGHT END
TURN 16 RESULT
TIME LEFT 0 5 RIGHT 0 5
UPGRADE A 4
END TURN 16
TURN 17
COMMAND LEFT START
COMMAND LEFT END
COMMAND RIGHT START
TRAIN 1
COMMAND RIGHT END
TURN 17 RESULT
TIME LEFT 0 5 RIGHT 0 5
TRAIN B4
END TURN 17
TURN 18
COMMAND LEFT START
COMMAND LEFT END
COMMAND RIGHT START
COMMAND RIGHT END
TURN 18 RESULT
TIME LEFT 0 5 RIGHT 0 5
END TURN 18
TURN 19
COMMAND LEFT START
COMMAND LEFT END
COMMAND RIGHT START
COMMAND RIGHT END
TURN 19 RESULT
TIME LEFT 0 5 RIGHT 0 5
END TURN 19
TURN 20
COMMAND LEFT START
TRAIN 1
COMMAND LEFT END
COMMAND RIGHT START
COMMAND RIGHT END
TURN 20 RESULT
TIME LEFT 0 5 RIGHT 0 5
TRAIN A4
END TURN 20
TURN 21
COMMAND LEFT START
MOVE A4 19
COMMAND LEFT END
COMMAND RIGHT START
COMMAND RIGHT END
TURN 21 RESULT
TIME LEFT 0 5 RIGHT 0 5
MOVE A4 1
END TURN 21
TURN 22
COMMAND LEFT START
COMMAND LEFT END
COMMAND RIGHT START
COMMAND RIGHT END
TURN 22 RESULT
TIME LEFT 0 5 RIGHT 0 5
MOVE A4 4
END TURN 22
TURN 23
COMMAND LEFT START
COMMAND LEFT END
COMMAND RIGHT START
COMMAND RIGHT END
TURN 23 RESULT
TIME LEFT 0 5 RIGHT 0 5
MOVE A4 6
END TURN 23
TURN 24
COMMAND LEFT START
COMMAND LEFT END
COMMAND RIGHT START
COMMAND RIGHT END
TURN 24 RESULT
TIME LEFT 0 5 RIGHT 0 5
MOVE A4 19
END TURN 24
TURN 25
COMMAND LEFT START
COMMAND LEFT END
COMMAND RIGHT START
COMMAND RIGHT END
TURN 25 RESULT
TIME LEFT 0 5 RIGHT 0 5
END TURN 25
TURN 26
COMMAND LEFT START
COMMAND LEFT END
COMMAND RIGHT START
COMMAND RIGHT END
TURN 26 RESULT
TIME LEFT 0 5 RIGHT 0 5
END TURN 26
TURN 27
COMMAND LEFT START
COMMAND LEFT END
COMMAND RIGHT START
MOVE B3 180
COMMAND RIGHT END
TURN 27 RESULT
TIME LEFT 0 5 RIGHT 0 5
MOVE B3 203
END TURN 27
TURN 28
COMMAND LEFT START
COMMAND LEFT END
COMMAND RIGHT START
COMMAND RIGHT END
TURN 28 RESULT
TIME LEFT 0 5 RIGHT 0 5
MOVE B3 198
END TURN 28
TURN 29
COMMAND LEFT START
COMMAND LEFT END
COMMAND RIGHT START
COMMAND RIGHT END
TURN 29 RESULT
TIME LEFT 0 5 RIGHT 0 5
MOVE B3 186
END TURN 29
TURN 30
COMMAND LEFT START
COMMAND LEFT END
COMMAND RIGHT START
COMMAND RIGHT END
TURN 30 RESULT
TIME LEFT 0 5 RIGHT 0 5
MOVE B3 180
END TURN 30
TURN 31
COMMAND LEFT START
COMMAND LEFT END
COMMAND RIGHT START
UPGRADE 180
COMMAND RIGHT END
TURN 31 RESULT
TIME LEFT 0 5 RIGHT 0 5
UPGRADE B 180
END TURN 31
TURN 32
COMMAND LEFT START
COMMAND LEFT END
COMMAND RIGHT START
COMMAND RIGHT END
TURN 32 RESULT
TIME LEFT 0 5 RIGHT 0 5
END TURN 32
TURN 33
COMMAND LEFT START
UPGRADE 19
COMMAND LEFT END
COMMAND RIGHT START
TRAIN 1
COMMAND RIGHT END
TURN 33 RESULT
TIME LEFT 0 5 RIGHT 0 5
UPGRADE A 19
TRAIN B5
END TURN 33
TURN 34
COMMAND LEFT START
COMMAND LEFT END
COMMAND RIGHT START
COMMAND RIGHT END
TURN 34 RESULT
TIME LEFT 0 5 RIGHT 0 5
END TURN 34
TURN 35
COMMAND LEFT START
COMMAND LEFT END
COMMAND RIGHT START
COMMAND RIGHT END
TURN 35 RESULT
TIME LEFT 0 5 RIGHT 0 5
END TURN 35
TURN 36
COMMAND LEFT START
TRAIN 1
COMMAND LEFT END
COMMAND RIGHT START
COMMAND RIGHT END
TURN 36 RESULT
TIME LEFT 0 5 RIGHT 0 5
TRAIN A5
END TURN 36
TURN 37
COMMAND LEFT START
MOVE A5 28
COMMAND LEFT END
COMMAND RIGHT START
COMMAND RIGHT END
TURN 37 RESULT
TIME LEFT 0 5 RIGHT 0 5
MOVE A5 5
END TURN 37
TURN 38
COMMAND LEFT START
COMMAND LEFT END
COMMAND RIGHT START
COMMAND RIGHT END
TURN 38 RESULT
TIME LEFT 0 5 RIGHT 0 5
MOVE A5 10
END TURN 38
TURN 39
COMMAND LEFT START
COMMAND LEFT END
COMMAND RIGHT START
COMMAND RIGHT END
TURN 39 RESULT
TIME LEFT 0 5 RIGHT 0 5
MOVE A5 22
END TURN 39
TURN 40
COMMAND LEFT START
COMMAND LEFT END
COMMAND RIGHT START
MOVE B5 189
COMMAND RIGHT END
TURN 40 RESULT
TIME LEFT 0 5 RIGHT 0 5
MOVE A5 28
MOVE B5 207
END TURN 40
TURN 41
COMMAND LEFT START
COMMAND LEFT END
COMMAND RIGHT START
COMMAND RIGHT END
TURN 41 RESULT
TIME LEFT 0 5 RIGHT 0 5
MOVE B5 204
END TURN 41
TURN 42
COMMAND LEFT START
COMMAND LEFT END
COMMAND RIGHT START
COMMAND RIGHT END
TURN 42 RESULT
TIME LEFT 0 5 RIGHT 0 5
MOVE B5 202
END TURN 42
TURN 43
COMMAND LEFT START
COMMAND LEFT END
COMMAND RIGHT START
COMMAND RIGHT END
TURN 43 RESULT
TIME LEFT 0 5 RIGHT 0 5
MOVE B5 189
END TURN 43
TURN 44
COMMAND LEFT START
COMMAND LEFT END
COMMAND RIGHT START
UPGRADE 189
COMMAND RIGHT END
TURN 44 RESULT
TIME LEFT 0 5 RIGHT 0 5
UPGRADE B 189
END TURN 44
TURN 45
COMMAND LEFT START
COMMAND LEFT END
COMMAND RIGHT START
COMMAND RIGHT END
TURN 45 RESULT
TIME LEFT 0 5 RIGHT 0 5
END TURN 45
TURN 46
COMMAND LEFT START
UPGRADE 28
COMMAND LEFT END
COMMAND RIGHT START
TRAIN 1
COMMAND RIGHT END
TURN 46 RESULT
TIME LEFT 0 5 RIGHT 0 5
UPGRADE A 28
TRAIN B6
END TURN 46
TURN 47
COMMAND LEFT START
COMMAND LEFT END
COMMAND RIGHT START
COMMAND RIGHT END
TURN 47 RESULT
TIME LEFT 0 5 RIGHT 0 5
END TURN 47
TURN 48
COMMAND LEFT START
TRAIN 1
COMMAND LEFT END
COMMAND RIGHT START
COMMAND RIGHT END
TURN 48 RESULT
TIME LEFT 0 5 RIGHT 0 5
TRAIN A6
END TURN 48
TURN 49
COMMAND LEFT START
MOVE A6 74
COMMAND LEFT END
COMMAND RIGHT START
COMMAND RIGHT END
TURN 49 RESULT
TIME LEFT 0 5 RIGHT 0 5
MOVE A6 9
END TURN 49
TURN 50
COMMAND LEFT START
COMMAND LEFT END
COMMAND RIGHT START
COMMAND RIGHT END
TURN 50 RESULT
TIME LEFT 0 5 RIGHT 0 5
MOVE A6 25
END TURN 50
TURN 51
COMMAND LEFT START
COMMAND LEFT END
COMMAND RIGHT START
COMMAND RIGHT END
TURN 51 RESULT
TIME LEFT 0 5 RIGHT 0 5
MOVE A6 41
END TURN 51
TURN 52
COMMAND LEFT START
COMMAND LEFT END
COMMAND RIGHT START
COMMAND RIGHT END
TURN 52 RESULT
TIME LEFT 0 5 RIGHT 0 5
MOVE A6 53
END TURN 52
TURN 53
COMMAND LEFT START
COMMAND LEFT END
COMMAND RIGHT START
COMMAND RIGHT END
TURN 53 RESULT
TIME LEFT 0 5 RIGHT 0 5
MOVE A6 62
END TURN 53
TURN 54
COMMAND LEFT START
COMMAND LEFT END
COMMAND RIGHT START
COMMAND RIGHT END
TURN 54 RESULT
TIME LEFT 0 5 RIGHT 0 5
MOVE A6 74
END TURN 54
TURN 55
COMMAND LEFT START
COMMAND LEFT END
COMMAND RIGHT START
UPGRADE 208
COMMAND RIGHT END
TURN 55 RESULT
TIME LEFT 0 5 RIGHT 0 5
UPGRADE B 208
END TURN 55
TURN 56
COMMAND LEFT START
UPGRADE 74
COMMAND LEFT END
COMMAND RIGHT START
COMMAND RIGHT END
TURN 56 RESULT
TIME LEFT 0 5 RIGHT 0 5
UPGRADE A 74
END TURN 56
TURN 57
COMMAND LEFT START
COMMAND LEFT END
COMMAND RIGHT START
COMMAND RIGHT END
TURN 57 RESULT
TIME LEFT 0 5 RIGHT 0 5
END TURN 57
TURN 58
COMMAND LEFT START
COMMAND LEFT END
COMMAND RIGHT START
COMMAND RIGHT END
TURN 58 RESULT
TIME LEFT 0 5 RIGHT 0 5
END TURN 58
TURN 59
COMMAND LEFT START
COMMAND LEFT END
COMMAND RIGHT START
COMMAND RIGHT END
TURN 59 RESULT
TIME LEFT 0 5 RIGHT 0 5
END TURN 59
TURN 60
COMMAND LEFT START
COMMAND LEFT END
COMMAND RIGHT START
COMMAND RIGHT END
TURN 60 RESULT
TIME LEFT 0 5 RIGHT 0 5
END TURN 60
TURN 61
COMMAND LEFT START
COMMAND LEFT END
COMMAND RIGHT START
COMMAND RIGHT END
TURN 61 RESULT
TIME LEFT 0 5 RIGHT 0 5
END TURN 61
TURN 62
COMMAND LEFT START
COMMAND LEFT END
COMMAND RIGHT START
UPGRADE 204
COMMAND RIGHT END
TURN 62 RESULT
TIME LEFT 0 5 RIGHT 0 5
UPGRADE B 204
END TURN 62
TURN 63
COMMAND LEFT START
COMMAND LEFT END
COMMAND RIGHT START
COMMAND RIGHT END
TURN 63 RESULT
TIME LEFT 0 5 RIGHT 0 5
END TURN 63
TURN 64
COMMAND LEFT START
COMMAND LEFT END
COMMAND RIGHT START
TRAIN 1
COMMAND RIGHT END
TURN 64 RESULT
TIME LEFT 0 5 RIGHT 0 5
TRAIN B7
END TURN 64
TURN 65
COMMAND LEFT START
COMMAND LEFT END
COMMAND RIGHT START
MOVE B4 204
COMMAND RIGHT END
TURN 65 RESULT
TIME LEFT 0 5 RIGHT 0 5
MOVE B4 207
END TURN 65
TURN 66
COMMAND LEFT START
COMMAND LEFT END
COMMAND RIGHT START
COMMAND RIGHT END
TURN 66 RESULT
TIME LEFT 0 5 RIGHT 0 5
MOVE B4 204
END TURN 66
TURN 67
COMMAND LEFT START
COMMAND LEFT END
COMMAND RIGHT START
COMMAND RIGHT END
TURN 67 RESULT
TIME LEFT 0 5 RIGHT 0 5
END TURN 67
TURN 68
COMMAND LEFT START
COMMAND LEFT END
COMMAND RIGHT START
COMMAND RIGHT END
TURN 68 RESULT
TIME LEFT 0 5 RIGHT 0 5
END TURN 68
TURN 69
COMMAND LEFT START
UPGRADE 0
COMMAND LEFT END
COMMAND RIGHT START
COMMAND RIGHT END
TURN 69 RESULT
TIME LEFT 0 5 RIGHT 0 5
UPGRADE A 0
END TURN 69
TURN 70
COMMAND LEFT START
COMMAND LEFT END
COMMAND RIGHT START
COMMAND RIGHT END
TURN 70 RESULT
TIME LEFT 0 5 RIGHT 0 5
END TURN 70
TURN 71
COMMAND LEFT START
TRAIN 1
COMMAND LEFT END
COMMAND RIGHT START
COMMAND RIGHT END
TURN 71 RESULT
TIME LEFT 0 5 RIGHT 0 5
TRAIN A7
END TURN 71
TURN 72
COMMAND LEFT START
TRAIN 1
COMMAND LEFT END
COMMAND RIGHT START
COMMAND RIGHT END
TURN 72 RESULT
TIME LEFT 0 5 RIGHT 0 5
TRAIN A8
END TURN 72
TURN 73
COMMAND LEFT START
MOVE A8 86
COMMAND LEFT END
COMMAND RIGHT START
COMMAND RIGHT END
TURN 73 RESULT
TIME LEFT 0 5 RIGHT 0 5
MOVE A8 9
END TURN 73
TURN 74
COMMAND LEFT START
TRAIN 1
COMMAND LEFT END
COMMAND RIGHT START
COMMAND RIGHT END
TURN 74 RESULT
TIME LEFT 0 5 RIGHT 0 5
TRAIN A9
MOVE A8 25
END TURN 74
TURN 75
COMMAND LEFT START
MOVE A9 74
TRAIN 1
COMMAND LEFT END
COMMAND RIGHT START
UPGRADE 208
COMMAND RIGHT END
TURN 75 RESULT
TIME LEFT 0 5 RIGHT 0 5
UPGRADE B 208
TRAIN A10
MOVE A8 42
MOVE A9 9
END TURN 75
TURN 76
COMMAND LEFT START
MOVE A10 74
TRAIN 1
COMMAND LEFT END
COMMAND RIGHT START
COMMAND RIGHT END
TURN 76 RESULT
TIME LEFT 0 5 RIGHT 0 5
TRAIN A11
MOVE A8 52
MOVE A9 25
MOVE A10 9
END TURN 76
TURN 77
COMMAND LEFT START
MOVE A11 74
COMMAND LEFT END
COMMAND RIGHT START
TRAIN 1
COMMAND RIGHT END
TURN 77 RESULT
TIME LEFT 0 5 RIGHT 0 5
TRAIN B8
MOVE A8 65
MOVE A9 41
MOVE A10 25
MOVE A11 9
END TURN 77
TURN 78
COMMAND LEFT START
TRAIN 1
COMMAND LEFT END
COMMAND RIGHT START
COMMAND RIGHT END
TURN 78 RESULT
TIME LEFT 0 5 RIGHT 0 5
TRAIN A12
MOVE A8 86
MOVE A9 53
MOVE A10 41
MOVE A11 25
END TURN 78
TURN 79
COMMAND LEFT START
MOVE A12 74
MOVE A8 94
TRAIN 1
COMMAND LEFT END
COMMAND RIGHT START
COMMAND RIGHT END
TURN 79 RESULT
TIME LEFT 0 5 RIGHT 0 5
TRAIN A13
MOVE A8 79
MOVE A9 62
MOVE A10 53
MOVE A11 41
MOVE A12 9
END TURN 79
TURN 80
COMMAND LEFT START
MOVE A13 74
COMMAND LEFT END
COMMAND RIGHT START
COMMAND RIGHT END
TURN 80 RESULT
TIME LEFT 0 5 RIGHT 0 5
MOVE A8 94
MOVE A9 74
MOVE A10 62
MOVE A11 53
MOVE A12 25
MOVE A13 9
END TURN 80
TURN 81
COMMAND LEFT START
MOVE A8 99
TRAIN 1
COMMAND LEFT END
COMMAND RIGHT START
COMMAND RIGHT END
TURN 81 RESULT
TIME LEFT 0 5 RIGHT 0 5
TRAIN A14
MOVE A8 99
MOVE A10 74
MOVE A11 62
MOVE A12 41
MOVE A13 25
END TURN 81
TURN 82
COMMAND LEFT START
MOVE A14 74
MOVE A8 152
COMMAND LEFT END
COMMAND RIGHT START
UPGRADE 189
COMMAND RIGHT END
TURN 82 RESULT
TIME LEFT 0 5 RIGHT 0 5
UPGRADE B 189
MOVE A8 114
MOVE A11 74
MOVE A12 53
MOVE A13 41
MOVE A14 9
END TURN 82
TURN 83
COMMAND LEFT START
TRAIN 1
COMMAND LEFT END
COMMAND RIGHT START
TRAIN 1
COMMAND RIGHT END
TURN 83 RESULT
TIME LEFT 0 5 RIGHT 0 5
TRAIN A15 B9
MOVE A8 127
MOVE A12 62
MOVE A13 53
MOVE A14 25
END TURN 83
TURN 84
COMMAND LEFT START
MOVE A15 74
TRAIN 1
COMMAND LEFT END
COMMAND RIGHT START
MOVE B6 189
COMMAND RIGHT END
TURN 84 RESULT
TIME LEFT 0 5 RIGHT 0 5
TRAIN A16
MOVE A8 137
MOVE A12 74
MOVE A13 62
MOVE A14 41
MOVE A15 9
MOVE B6 207
END TURN 84
TURN 85
COMMAND LEFT START
MOVE A16 74
COMMAND LEFT END
COMMAND RIGHT START
COMMAND RIGHT END
TURN 85 RESULT
TIME LEFT 0 5 RIGHT 0 5
MOVE A8 152
MOVE A13 74
MOVE A14 53
MOVE A15 25
MOVE A16 9
MOVE B6 204
END TURN 85
TURN 86
COMMAND LEFT START
MOVE A8 168
TRAIN 1
COMMAND LEFT END
COMMAND RIGHT START
COMMAND RIGHT END
TURN 86 RESULT
TIME LEFT 0 5 RIGHT 0 5
TRAIN A17
MOVE A8 168
MOVE A14 62
MOVE A15 41
MOVE A16 25
MOVE B6 202
END TURN 86
TURN 87
COMMAND LEFT START
MOVE A17 74
MOVE A8 186
COMMAND LEFT END
COMMAND RIGHT START
COMMAND RIGHT END
TURN 87 RESULT
TIME LEFT 0 5 RIGHT 0 5
MOVE A8 180
MOVE A14 74
MOVE A15 53
MOVE A16 41
MOVE A17 9
MOVE B6 189
DAMAGE TURRET A8 1
DAMAGE COMBAT A8 1
DAMAGE COMBAT B3 1
END TURN 87
TURN 88
COMMAND LEFT START
TRAIN 1
COMMAND LEFT END
COMMAND RIGHT START
UPGRADE 104
COMMAND RIGHT END
TURN 88 RESULT
TIME LEFT 0 5 RIGHT 0 5
UPGRADE B 104
TRAIN A18
MOVE A15 62
MOVE A16 53
MOVE A17 25
DAMAGE TURRET A8 1
DAMAGE COMBAT A8 1
DAMAGE COMBAT B3 1
END TURN 88
TURN 89
COMMAND LEFT START
MOVE A18 74
COMMAND LEFT END
COMMAND RIGHT START
TRAIN 1
COMMAND RIGHT END
TURN 89 RESULT
TIME LEFT 0 5 RIGHT 0 5
TRAIN B10
MOVE A15 74
MOVE A16 62
MOVE A17 41
MOVE A18 9
DAMAGE TURRET A8 1
DAMAGE COMBAT A8 1
DAMAGE COMBAT B3 1
END TURN 89
TURN 90
COMMAND LEFT START
MOVE A9 123
TRAIN 1
COMMAND LEFT END
COMMAND RIGHT START
MOVE B7 104
COMMAND RIGHT END
TURN 90 RESULT
TIME LEFT 0 5 RIGHT 0 5
TRAIN A19
MOVE A9 79
MOVE A16 74
MOVE A17 53
MOVE A18 25
MOVE B7 199
END TURN 90
TURN 91
COMMAND LEFT START
MOVE A10 104
MOVE A11 104
MOVE A12 104
MOVE A13 104
MOVE A14 104
MOVE A15 104
MOVE A16 104
COMMAND LEFT END
COMMAND RIGHT START
COMMAND RIGHT END
TURN 91 RESULT
TIME LEFT 0 5 RIGHT 0 5
MOVE A9 95
MOVE A10 94
MOVE A11 94
MOVE A12 94
MOVE A13 94
MOVE A14 94
MOVE A15 94
MOVE A16 94
MOVE A17 62
MOVE A18 41
MOVE B7 183
END TURN 91
TURN 92
COMMAND LEFT START
COMMAND LEFT END
COMMAND RIGHT START
COMMAND RIGHT END
TURN 92 RESULT
TIME LEFT 0 5 RIGHT 0 5
MOVE A9 106
MOVE A10 104
MOVE A11 104
MOVE A12 104
MOVE A13 104
MOVE A14 104
MOVE A15 104
MOVE A16 104
MOVE A17 74
MOVE A18 53
MOVE B7 167
DAMAGE TURRET A10 1
DAMAGE COMBAT A10 1
DAMAGE COMBAT B2 4
SIEGE B 104 3
END TURN 92
TURN 93
COMMAND LEFT START
TRAIN 1
COMMAND LEFT END
COMMAND RIGHT START
TRAIN 1
COMMAND RIGHT END
TURN 93 RESULT
TIME LEFT 0 5 RIGHT 0 5
TRAIN A20 B11
MOVE A9 123
MOVE A18 62
MOVE B7 155
DAMAGE TURRET A10 1
SIEGE B 104 7
END TURN 93
TURN 94
COMMAND LEFT START
MOVE A9 188
COMMAND LEFT END
COMMAND RIGHT START
MOVE B5 180
MOVE B1 180
MOVE B8 180
MOVE B9 180
MOVE B10 180
TRAIN 2
COMMAND RIGHT END
TURN 94 RESULT
TIME LEFT 0 5 RIGHT 0 5
TRAIN B12 B13
MOVE A9 135
MOVE A18 74
MOVE B1 202
MOVE B5 188
MOVE B7 146
MOVE B8 203
MOVE B9 203
MOVE B10 203
DAMAGE TURRET A10 1
SIEGE B 104 2
END TURN 94
TURN 95
COMMAND LEFT START
MOVE A10 180
MOVE A11 180
MOVE A12 180
MOVE A13 180
MOVE A14 180
MOVE A15 180
MOVE A16 180
TRAIN 1
COMMAND LEFT END
COMMAND RIGHT START
TRAIN 2
COMMAND RIGHT END
TURN 95 RESULT
TIME LEFT 0 5 RIGHT 0 5
TRAIN A21 B14 B15
MOVE A9 151
MOVE A10 114
MOVE A11 114
MOVE A12 114
MOVE A13 114
MOVE A14 114
MOVE A15 114
MOVE A16 114
MOVE B1 192
MOVE B5 180
MOVE B7 134
MOVE B8 198
MOVE B9 198
MOVE B10 198
END TURN 95
TURN 96
COMMAND LEFT START
COMMAND LEFT END
COMMAND RIGHT START
MOVE B11 204
MOVE B3 189
COMMAND RIGHT END
TURN 96 RESULT
TIME LEFT 0 5 RIGHT 0 5
MOVE A9 170
MOVE A10 134
MOVE A11 134
MOVE A12 134
MOVE A13 134
MOVE A14 134
MOVE A15 134
MOVE A16 134
MOVE B1 180
MOVE B3 188
MOVE B7 114
MOVE B8 186
MOVE B9 186
MOVE B10 186
MOVE B11 207
END TURN 96
TURN 97
COMMAND LEFT START
COMMAND LEFT END
COMMAND RIGHT START
COMMAND RIGHT END
TURN 97 RESULT
TIME LEFT 0 5 RIGHT 0 5
MOVE A9 178
MOVE A10 141
MOVE A11 141
MOVE A12 141
MOVE A13 141
MOVE A14 141
MOVE A15 141
MOVE A16 141
MOVE B3 189
MOVE B7 104
MOVE B8 180
MOVE B9 180
MOVE B10 180
MOVE B11 204
END TURN 97
TURN 98
COMMAND LEFT START
TRAIN 1
COMMAND LEFT END
COMMAND RIGHT START
COMMAND RIGHT END
TURN 98 RESULT
TIME LEFT 0 5 RIGHT 0 5
TRAIN A22
MOVE A9 188
MOVE A10 162
MOVE A11 162
MOVE A12 162
MOVE A13 162
MOVE A14 162
MOVE A15 162
MOVE A16 162
END TURN 98
TURN 99
COMMAND LEFT START
COMMAND LEFT END
COMMAND RIGHT START
MOVE B15 180
COMMAND RIGHT END
TURN 99 RESULT
TIME LEFT 0 5 RIGHT 0 5
MOVE A10 175
MOVE A11 175
MOVE A12 175
MOVE A13 175
MOVE A14 175
MOVE A15 175
MOVE A16 175
MOVE B15 203
END TURN 99
TURN 100
COMMAND LEFT START
TRAIN 1
COMMAND LEFT END
COMMAND RIGHT START
MOVE B4 180
MOVE B12 180
MOVE B13 180
MOVE B1 208
MOVE B5 208
MOVE B8 204
COMMAND RIGHT END
TURN 100 RESULT
TIME LEFT 0 5 RIGHT 0 5
TRAIN A23
MOVE A10 180
MOVE A11 180
MOVE A12 180
MOVE A13 180
MOVE A14 180
MOVE A15 180
MOVE A16 180
MOVE B1 186
MOVE B4 202
MOVE B5 186
MOVE B8 192
MOVE B12 203
MOVE B13 203
MOVE B15 198
DAMAGE TURRET A10 1
DAMAGE COMBAT A10 1
DAMAGE COMBAT A11 1
DAMAGE COMBAT B9 6
DAMAGE COMBAT B10 1
END TURN 100
TURN 101
COMMAND LEFT START
TRAIN 1
COMMAND LEFT END
COMMAND RIGHT START
COMMAND RIGHT END
TURN 101 RESULT
TIME LEFT 0 5 RIGHT 0 5
TRAIN A24
MOVE B1 198
MOVE B4 192
MOVE B5 198
MOVE B8 202
MOVE B12 198
MOVE B13 198
MOVE B15 186
DAMAGE TURRET A11 1
DAMAGE COMBAT A11 1
DAMAGE COMBAT B10 5
SIEGE B 180 1
END TURN 101
TURN 102
COMMAND LEFT START
COMMAND LEFT END
COMMAND RIGHT START
UPGRADE 104
COMMAND RIGHT END
TURN 102 RESULT
TIME LEFT 0 5 RIGHT 0 5
UPGRADE B 104
MOVE B1 203
MOVE B4 180
MOVE B5 203
MOVE B8 204
MOVE B12 186
MOVE B13 186
MOVE B15 180
DAMAGE TURRET A11 1
DAMAGE COMBAT A11 2
DAMAGE COMBAT B4 4
DAMAGE COMBAT B15 2
END TURN 102
TURN 103
COMMAND LEFT START
TRAIN 1
COMMAND LEFT END
COMMAND RIGHT START
COMMAND RIGHT END
TURN 103 RESULT
TIME LEFT 0 5 RIGHT 0 5
TRAIN A25
MOVE B1 208
MOVE B5 208
MOVE B12 180
MOVE B13 180
DAMAGE TURRET A12 1
DAMAGE COMBAT A12 3
DAMAGE COMBAT B12 1
DAMAGE COMBAT B15 4
END TURN 103
TURN 104
COMMAND LEFT START
COMMAND LEFT END
COMMAND RIGHT START
MOVE B1 204
MOVE B5 204
TRAIN 1
COMMAND RIGHT END
TURN 104 RESULT
TIME LEFT 0 5 RIGHT 0 5
TRAIN B16
MOVE B1 207
MOVE B5 207
DAMAGE TURRET A12 1
DAMAGE COMBAT A12 1
DAMAGE COMBAT A13 1
DAMAGE COMBAT B12 5
END TURN 104
TURN 105
COMMAND LEFT START
TRAIN 1
COMMAND LEFT END
COMMAND RIGHT START
TRAIN 1
COMMAND RIGHT END
TURN 105 RESULT
TIME LEFT 0 5 RIGHT 0 5
TRAIN A26 B17
MOVE B1 204
MOVE B5 204
DAMAGE TURRET A13 1
DAMAGE COMBAT A13 1
DAMAGE COMBAT B13 4
END TURN 105
TURN 106
COMMAND LEFT START
COMMAND LEFT END
COMMAND RIGHT START
MOVE B11 104
MOVE B8 104
COMMAND RIGHT END
TURN 106 RESULT
TIME LEFT 0 5 RIGHT 0 5
MOVE B8 198
MOVE B11 198
DAMAGE TURRET A13 1
DAMAGE COMBAT A13 1
DAMAGE COMBAT B13 2
SIEGE B 180 2
END TURN 106
TURN 107
COMMAND LEFT START
TRAIN 1
COMMAND LEFT END
COMMAND RIGHT START
MOVE B14 204
TRAIN 2
COMMAND RIGHT END
TURN 107 RESULT
TIME LEFT 0 5 RIGHT 0 5
TRAIN A27 B18 B19
MOVE B8 190
MOVE B11 190
MOVE B14 207
DAMAGE TURRET A13 1
SIEGE B 180 3
END TURN 107
TURN 108
COMMAND LEFT START
MOVE A14 189
MOVE A15 189
MOVE A16 189
COMMAND LEFT END
COMMAND RIGHT START
COMMAND RIGHT END
TURN 108 RESULT
TIME LEFT 0 5 RIGHT 0 5
MOVE A14 188
MOVE A15 188
MOVE A16 188
MOVE B8 182
MOVE B11 182
MOVE B14 204
END TURN 108
TURN 109
COMMAND LEFT START
COMMAND LEFT END
COMMAND RIGHT START
MOVE B1 189
MOVE B5 189
MOVE B16 189
MOVE B17 189
MOVE B18 189
TRAIN 1
COMMAND RIGHT END
TURN 109 RESULT
TIME LEFT 0 5 RIGHT 0 5
TRAIN B20
MOVE A14 189
MOVE A15 189
MOVE A16 189
MOVE B1 202
MOVE B5 202
MOVE B8 174
MOVE B11 174
MOVE B16 207
MOVE B17 207
MOVE B18 207
DAMAGE TURRET A14 1
DAMAGE COMBAT A14 2
DAMAGE COMBAT B3 1
DAMAGE COMBAT B6 2
END TURN 109
TURN 110
COMMAND LEFT START
TRAIN 1
COMMAND LEFT END
COMMAND RIGHT START
TRAIN 1
COMMAND RIGHT END
TURN 110 RESULT
TIME LEFT 0 5 RIGHT 0 5
TRAIN A28 B21
MOVE B1 189
MOVE B5 189
MOVE B8 158
MOVE B11 158
MOVE B16 204
MOVE B17 204
MOVE B18 204
DAMAGE TURRET A14 1
DAMAGE COMBAT A14 2
DAMAGE COMBAT A15 1
DAMAGE COMBAT B1 1
DAMAGE COMBAT B6 2
END TURN 110
TURN 111
COMMAND LEFT START
COMMAND LEFT END
COMMAND RIGHT START
TRAIN 1
COMMAND RIGHT END
TURN 111 RESULT
TIME LEFT 5 5 RIGHT 5 5
TRAIN B22
MOVE B8 146
MOVE B11 146
MOVE B16 202
MOVE B17 202
MOVE B18 202
DAMAGE TURRET A15 1
DAMAGE COMBAT A15 2
DAMAGE COMBAT B1 2
END TURN 111
TURN 112
COMMAND LEFT START
TRAIN 1
COMMAND LEFT END
COMMAND RIGHT START
MOVE B19 204
COMMAND RIGHT END
TURN 112 RESULT
TIME LEFT 0 5 RIGHT 0 5
TRAIN A29
MOVE B8 134
MOVE B11 134
MOVE B16 189
MOVE B17 189
MOVE B18 189
MOVE B19 207
DAMAGE TURRET A15 1
DAMAGE COMBAT A15 1
DAMAGE COMBAT A16 4
DAMAGE COMBAT B1 1
DAMAGE COMBAT B5 1
END TURN 112
TURN 113
COMMAND LEFT START
MOVE A19 104
MOVE A20 104
MOVE A21 104
MOVE A22 104
MOVE A23 104
MOVE A24 104
MOVE A25 104
MOVE A26 104
MOVE A27 104
MOVE A28 104
MOVE A29 104
COMMAND LEFT END
COMMAND RIGHT START
COMMAND RIGHT END
TURN 113 RESULT
TIME LEFT 0 5 RIGHT 0 5
MOVE A19 9
MOVE A20 9
MOVE A21 9
MOVE A22 9
MOVE A23 9
MOVE A24 9
MOVE A25 9
MOVE A26 9
MOVE A27 9
MOVE A28 9
MOVE A29 9
MOVE B8 114
MOVE B11 114
MOVE B19 204
DAMAGE TURRET A16 1
DAMAGE COMBAT A16 1
DAMAGE COMBAT B5 1
END TURN 113
TURN 114
COMMAND LEFT START
COMMAND LEFT END
COMMAND RIGHT START
COMMAND RIGHT END
TURN 114 RESULT
TIME LEFT 0 5 RIGHT 0 5
MOVE A19 25
MOVE A20 25
MOVE A21 25
MOVE A22 25
MOVE A23 25
MOVE A24 25
MOVE A25 25
MOVE A26 25
MOVE A27 25
MOVE A28 25
MOVE A29 25
MOVE B8 104
MOVE B11 104
END TURN 114
TURN 115
COMMAND LEFT START
TRAIN 1
COMMAND LEFT END
COMMAND RIGHT START
COMMAND RIGHT END
TURN 115 RESULT
TIME LEFT 0 5 RIGHT 0 5
TRAIN A30
MOVE A19 41
MOVE A20 41
MOVE A21 41
MOVE A22 41
MOVE A23 41
MOVE A24 41
MOVE A25 41
MOVE A26 41
MOVE A27 41
MOVE A28 41
MOVE A29 41
END TURN 115
TURN 116
COMMAND LEFT START
COMMAND LEFT END
COMMAND RIGHT START
COMMAND RIGHT END
TURN 116 RESULT
TIME LEFT 0 5 RIGHT 0 5
MOVE A19 53
MOVE A20 53
MOVE A21 53
MOVE A22 53
MOVE A23 53
MOVE A24 53
MOVE A25 53
MOVE A26 53
MOVE A27 53
MOVE A28 53
MOVE A29 53
END TURN 116
TURN 117
COMMAND LEFT START
TRAIN 1
COMMAND LEFT END
COMMAND RIGHT START
UPGRADE 104
COMMAND RIGHT END
TURN 117 RESULT
TIME LEFT 0 5 RIGHT 0 5
UPGRADE B 104
TRAIN A31
MOVE A19 62
MOVE A20 62
MOVE A21 62
MOVE A22 62
MOVE A23 62
MOVE A24 62
MOVE A25 62
MOVE A26 62
MOVE A27 62
MOVE A28 62
MOVE A29 62
END TURN 117
TURN 118
COMMAND LEFT START
COMMAND LEFT END
COMMAND RIGHT START
MOVE B18 4
COMMAND RIGHT END
TURN 118 RESULT
TIME LEFT 0 5 RIGHT 0 5
MOVE A19 74
MOVE A20 74
MOVE A21 74
MOVE A22 74
MOVE A23 74
MOVE A24 74
MOVE A25 74
MOVE A26 74
MOVE A27 74
MOVE A28 74
MOVE A29 74
MOVE B18 178
END TURN 118
TURN 119
COMMAND LEFT START
COMMAND LEFT END
COMMAND RIGHT START
MOVE B17 104
TRAIN 1
COMMAND RIGHT END
TURN 119 RESULT
TIME LEFT 0 5 RIGHT 0 5
TRAIN B23
MOVE A19 94
MOVE A20 94
MOVE A21 94
MOVE A22 94
MOVE A23 94
MOVE A24 94
MOVE A25 94
MOVE A26 94
MOVE A27 94
MOVE A28 94
MOVE A29 94
MOVE B17 178
MOVE B18 170
END TURN 119
TURN 120
COMMAND LEFT START
TRAIN 1
COMMAND LEFT END
COMMAND RIGHT START
MOVE B23 104
TRAIN 1
COMMAND RIGHT END
TURN 120 RESULT
TIME LEFT 0 5 RIGHT 0 5
TRAIN A32 B24
MOVE A19 104
MOVE A20 104
MOVE A21 104
MOVE A22 104
MOVE A23 104
MOVE A24 104
MOVE A25 104
MOVE A26 104
MOVE A27 104
MOVE A28 104
MOVE A29 104
MOVE B17 170
MOVE B18 152
MOVE B23 199
DAMAGE TURRET A19 1
DAMAGE COMBAT A19 3
DAMAGE COMBAT B7 5
DAMAGE COMBAT B8 6
END TURN 120
TURN 121
COMMAND LEFT START
COMMAND LEFT END
COMMAND RIGHT START
MOVE B24 189
TRAIN 1
COMMAND RIGHT END
TURN 121 RESULT
TIME LEFT 0 5 RIGHT 0 5
TRAIN B25
MOVE B17 152
MOVE B18 137
MOVE B23 183
MOVE B24 207
DAMAGE TURRET A19 1
DAMAGE COMBAT A19 1
DAMAGE COMBAT B11 6
SIEGE B 104 5
END TURN 121
TURN 122
COMMAND LEFT START
TRAIN 1
COMMAND LEFT END
COMMAND RIGHT START
MOVE B25 189
TRAIN 1
COMMAND RIGHT END
TURN 122 RESULT
TIME LEFT 0 5 RIGHT 0 5
TRAIN A33 B26
MOVE B17 137
MOVE B18 115
MOVE B23 167
MOVE B24 204
MOVE B25 207
DAMAGE TURRET A20 1
SIEGE B 104 7
END TURN 122
TURN 123
COMMAND LEFT START
MOVE A20 189
MOVE A21 189
MOVE A22 189
MOVE A23 189
MOVE A24 189
MOVE A25 189
MOVE A26 189
MOVE A27 189
MOVE A28 189
MOVE A29 189
COMMAND LEFT END
COMMAND RIGHT START
COMMAND RIGHT END
TURN 123 RESULT
TIME LEFT 0 5 RIGHT 0 5
MOVE A20 109
MOVE A21 109
MOVE A22 109
MOVE A23 109
MOVE A24 109
MOVE A25 109
MOVE A26 109
MOVE A27 109
MOVE A28 109
MOVE A29 109
MOVE B17 115
MOVE B18 97
MOVE B23 155
MOVE B24 202
MOVE B25 204
END TURN 123
TURN 124
COMMAND LEFT START
COMMAND LEFT END
COMMAND RIGHT START
MOVE B26 189
TRAIN 1
COMMAND RIGHT END
TURN 124 RESULT
TIME LEFT 0 5 RIGHT 0 5
TRAIN B27
MOVE A20 115
MOVE A21 115
MOVE A22 115
MOVE A23 115
MOVE A24 115
MOVE A25 115
MOVE A26 115
MOVE A27 115
MOVE A28 115
MOVE A29 115
MOVE B17 109
MOVE B18 79
MOVE B23 146
MOVE B24 189
MOVE B25 202
MOVE B26 207
END TURN 124
TURN 125
COMMAND LEFT START
TRAIN 1
COMMAND LEFT END
COMMAND RIGHT START
MOVE B27 189
COMMAND RIGHT END
TURN 125 RESULT
TIME LEFT 0 5 RIGHT 0 5
TRAIN A34
MOVE A20 137
MOVE A21 137
MOVE A22 137
MOVE A23 137
MOVE A24 137
MOVE A25 137
MOVE A26 137
MOVE A27 137
MOVE A28 137
MOVE A29 137
MOVE B17 104
MOVE B18 62
MOVE B23 134
MOVE B25 189
MOVE B26 204
MOVE B27 207
END TURN 125
TURN 126
COMMAND LEFT START
COMMAND LEFT END
COMMAND RIGHT START
COMMAND RIGHT END
TURN 126 RESULT
TIME LEFT 0 5 RIGHT 0 5
MOVE A20 152
MOVE A21 152
MOVE A22 152
MOVE A23 152
MOVE A24 152
MOVE A25 152
MOVE A26 152
MOVE A27 152
MOVE A28 152
MOVE A29 152
MOVE B18 50
MOVE B23 114
MOVE B26 202
MOVE B27 204
END TURN 126
TURN 127
COMMAND LEFT START
COMMAND LEFT END
COMMAND RIGHT START
COMMAND RIGHT END
TURN 127 RESULT
TIME LEFT 0 5 RIGHT 0 5
MOVE A20 170
MOVE A21 170
MOVE A22 170
MOVE A23 170
MOVE A24 170
MOVE A25 170
MOVE A26 170
MOVE A27 170
MOVE A28 170
MOVE A29 170
MOVE B18 34
MOVE B23 104
MOVE B26 189
MOVE B27 202
END TURN 127
TURN 128
COMMAND LEFT START
TRAIN 1
COMMAND LEFT END
COMMAND RIGHT START
TRAIN 1
COMMAND RIGHT END
TURN 128 RESULT
TIME LEFT 0 5 RIGHT 0 5
TRAIN A35 B28
MOVE A20 178
MOVE A21 178
MOVE A22 178
MOVE A23 178
MOVE A24 178
MOVE A25 178
MOVE A26 178
MOVE A27 178
MOVE A28 178
MOVE A29 178
MOVE B18 26
MOVE B27 189
END TURN 128
TURN 129
COMMAND LEFT START
COMMAND LEFT END
COMMAND RIGHT START
MOVE B28 189
COMMAND RIGHT END
TURN 129 RESULT
TIME LEFT 0 5 RIGHT 0 5
MOVE A20 189
MOVE A21 189
MOVE A22 189
MOVE A23 189
MOVE A24 189
MOVE A25 189
MOVE A26 189
MOVE A27 189
MOVE A28 189
MOVE A29 189
MOVE B18 18
MOVE B28 207
DAMAGE TURRET A20 1
DAMAGE COMBAT A20 4
DAMAGE COMBAT A21 2
DAMAGE COMBAT B5 2
DAMAGE COMBAT B16 6
DAMAGE COMBAT B24 2
END TURN 129
TURN 130
COMMAND LEFT START
TRAIN 1
COMMAND LEFT END
COMMAND RIGHT START
MOVE B17 204
TRAIN 2
COMMAND RIGHT END
TURN 130 RESULT
TIME LEFT 0 5 RIGHT 0 5
TRAIN A36 B29 B30
MOVE B17 114
MOVE B18 10
MOVE B28 204
DAMAGE TURRET A21 1
DAMAGE COMBAT A21 3
DAMAGE COMBAT A22 1
DAMAGE COMBAT B24 4
DAMAGE COMBAT B25 5
END TURN 130
TURN 131
COMMAND LEFT START
COMMAND LEFT END
COMMAND RIGHT START
MOVE B30 204
MOVE B29 204
TRAIN 2
COMMAND RIGHT END
TURN 131 RESULT
TIME LEFT 0 5 RIGHT 0 5
TRAIN B31 B32
MOVE B17 134
MOVE B18 4
MOVE B28 202
MOVE B29 207
MOVE B30 207
DAMAGE TURRET A22 1
DAMAGE TURRET B18 1
DAMAGE COMBAT A2 1
DAMAGE COMBAT A22 3
DAMAGE COMBAT B18 1
DAMAGE COMBAT B25 1
DAMAGE COMBAT B26 6
DAMAGE COMBAT B27 1
END TURN 131
TURN 132
COMMAND LEFT START
TRAIN 1
COMMAND LEFT END
COMMAND RIGHT START
MOVE B20 204
MOVE B21 204
MOVE B22 204
MOVE B23 208
COMMAND RIGHT END
TURN 132 RESULT
TIME LEFT 0 5 RIGHT 0 5
TRAIN A37
MOVE B17 146
MOVE B20 207
MOVE B21 207
MOVE B22 207
MOVE B23 114
MOVE B28 189
MOVE B29 204
MOVE B30 204
DAMAGE TURRET A22 1
DAMAGE TURRET B18 1
DAMAGE COMBAT A2 1
DAMAGE COMBAT A23 2
DAMAGE COMBAT B18 1
DAMAGE COMBAT B27 5
DAMAGE COMBAT B28 3
END TURN 132
TURN 133
COMMAND LEFT START
COMMAND LEFT END
COMMAND RIGHT START
COMMAND RIGHT END
TURN 133 RESULT
TIME LEFT 0 5 RIGHT 0 5
MOVE B17 158
MOVE B20 204
MOVE B21 204
MOVE B22 204
MOVE B23 134
DAMAGE TURRET A23 1
DAMAGE TURRET B18 1
DAMAGE COMBAT A2 1
DAMAGE COMBAT A23 1
DAMAGE COMBAT B18 1
DAMAGE COMBAT B28 3
SIEGE B 189 4
END TURN 133
TURN 134
COMMAND LEFT START
TRAIN 1
COMMAND LEFT END
COMMAND RIGHT START
TRAIN 1
COMMAND RIGHT END
TURN 134 RESULT
TIME LEFT 0 5 RIGHT 0 5
TRAIN A38 B33
MOVE B17 174
MOVE B23 146
DAMAGE TURRET A23 1
SIEGE B 189 7
END TURN 134
TURN 135
COMMAND LEFT START
COMMAND LEFT END
COMMAND RIGHT START
COMMAND RIGHT END
TURN 135 RESULT
TIME LEFT 0 5 RIGHT 0 5
MOVE B17 182
MOVE B23 155
DAMAGE TURRET A23 1
SIEGE B 189 1
END TURN 135
TURN 136
COMMAND LEFT START
MOVE A24 204
MOVE A25 204
MOVE A26 204
MOVE A27 204
MOVE A28 204
MOVE A29 204
TRAIN 1
COMMAND LEFT END
COMMAND RIGHT START
COMMAND RIGHT END
TURN 136 RESULT
TIME LEFT 0 5 RIGHT 0 5
TRAIN A39
MOVE A24 202
MOVE A25 202
MOVE A26 202
MOVE A27 202
MOVE A28 202
MOVE A29 202
MOVE B17 190
MOVE B23 167
END TURN 136
TURN 137
COMMAND LEFT START
COMMAND LEFT END
COMMAND RIGHT START
MOVE B14 208
TRAIN 1
COMMAND RIGHT END
TURN 137 RESULT
TIME LEFT 0 5 RIGHT 0 5
TRAIN B34
MOVE A24 204
MOVE A25 204
MOVE A26 204
MOVE A27 204
MOVE A28 204
MOVE A29 204
MOVE B14 207
MOVE B17 198
MOVE B23 183
DAMAGE TURRET A24 1
DAMAGE COMBAT A24 5
DAMAGE COMBAT A25 1
DAMAGE COMBAT B19 6
END TURN 137
TURN 138
COMMAND LEFT START
COMMAND LEFT END
COMMAND RIGHT START
COMMAND RIGHT END
TURN 138 RESULT
TIME LEFT 0 5 RIGHT 0 5
MOVE B14 208
MOVE B17 204
MOVE B23 199
DAMAGE TURRET A25 1
DAMAGE COMBAT A25 4
DAMAGE COMBAT A26 2
DAMAGE COMBAT B17 5
END TURN 138
TURN 139
COMMAND LEFT START
COMMAND LEFT END
COMMAND RIGHT START
COMMAND RIGHT END
TURN 139 RESULT
TIME LEFT 0 5 RIGHT 0 5
MOVE B23 208
DAMAGE TURRET A26 1
DAMAGE COMBAT A26 3
DAMAGE COMBAT A27 3
DAMAGE COMBAT B17 1
DAMAGE COMBAT B20 3
END TURN 139
TURN 140
COMMAND LEFT START
TRAIN 1
COMMAND LEFT END
COMMAND RIGHT START
COMMAND RIGHT END
TURN 140 RESULT
TIME LEFT 0 5 RIGHT 0 5
TRAIN A40
DAMAGE TURRET A27 1
DAMAGE COMBAT A27 2
DAMAGE COMBAT A28 3
DAMAGE COMBAT B20 3
END TURN 140
TURN 141
COMMAND LEFT START
COMMAND LEFT END
COMMAND RIGHT START
COMMAND RIGHT END
TURN 141 RESULT
TIME LEFT 0 5 RIGHT 0 5
DAMAGE TURRET A28 1
DAMAGE COMBAT A28 2
DAMAGE COMBAT A29 2
DAMAGE COMBAT B21 2
END TURN 141
TURN 142
COMMAND LEFT START
TRAIN 1
COMMAND LEFT END
COMMAND RIGHT START
COMMAND RIGHT END
TURN 142 RESULT
TIME LEFT 0 5 RIGHT 0 5
TRAIN A41
DAMAGE TURRET A29 1
DAMAGE COMBAT A29 3
DAMAGE COMBAT B21 1
END TURN 142
TURN 143
COMMAND LEFT START
COMMAND LEFT END
COMMAND RIGHT START
MOVE B34 204
MOVE B33 204
MOVE B32 204
COMMAND RIGHT END
TURN 143 RESULT
TIME LEFT 0 5 RIGHT 0 5
MOVE B32 207
MOVE B33 207
MOVE B34 207
END TURN 143
TURN 144
COMMAND LEFT START
TRAIN 1
COMMAND LEFT END
COMMAND RIGHT START
COMMAND RIGHT END
TURN 144 RESULT
TIME LEFT 0 5 RIGHT 0 5
TRAIN A42
MOVE B32 204
MOVE B33 204
MOVE B34 204
END TURN 144
TURN 145
COMMAND LEFT START
COMMAND LEFT END
COMMAND RIGHT START
COMMAND RIGHT END
TURN 145 RESULT
TIME LEFT 0 5 RIGHT 0 5
END TURN 145
TURN 146
COMMAND LEFT START
TRAIN 1
COMMAND LEFT END
COMMAND RIGHT START
MOVE B34 180
COMMAND RIGHT END
TURN 146 RESULT
TIME LEFT 0 5 RIGHT 0 5
TRAIN A43
MOVE B34 202
END TURN 146
TURN 147
COMMAND LEFT START
COMMAND LEFT END
COMMAND RIGHT START
COMMAND RIGHT END
TURN 147 RESULT
TIME LEFT 0 5 RIGHT 0 5
MOVE B34 192
END TURN 147
TURN 148
COMMAND LEFT START
TRAIN 1
COMMAND LEFT END
COMMAND RIGHT START
UPGRADE 204
COMMAND RIGHT END
TURN 148 RESULT
TIME LEFT 0 5 RIGHT 0 5
UPGRADE B 204
TRAIN A44
MOVE B34 180
END TURN 148
TURN 149
COMMAND LEFT START
MOVE A30 204
MOVE A31 204
MOVE A32 204
MOVE A33 204
MOVE A34 204
MOVE A35 204
MOVE A36 204
MOVE A37 204
MOVE A38 204
MOVE A39 204
MOVE A40 204
MOVE A41 204
MOVE A42 204
MOVE A43 204
MOVE A44 204
COMMAND LEFT END
COMMAND RIGHT START
COMMAND RIGHT END
TURN 149 RESULT
TIME LEFT 0 5 RIGHT 0 5
MOVE A30 9
MOVE A31 9
MOVE A32 9
MOVE A33 9
MOVE A34 9
MOVE A35 9
MOVE A36 9
MOVE A37 9
MOVE A38 9
MOVE A39 9
MOVE A40 9
MOVE A41 9
MOVE A42 9
MOVE A43 9
MOVE A44 9
END TURN 149
TURN 150
COMMAND LEFT START
COMMAND LEFT END
COMMAND RIGHT START
COMMAND RIGHT END
TURN 150 RESULT
TIME LEFT 0 5 RIGHT 0 5
MOVE A30 25
MOVE A31 25
MOVE A32 25
MOVE A33 25
MOVE A34 25
MOVE A35 25
MOVE A36 25
MOVE A37 25
MOVE A38 25
MOVE A39 25
MOVE A40 25
MOVE A41 25
MOVE A42 25
MOVE A43 25
MOVE A44 25
END TURN 150
TURN 151
COMMAND LEFT START
COMMAND LEFT END
COMMAND RIGHT START
COMMAND RIGHT END
TURN 151 RESULT
TIME LEFT 0 5 RIGHT 0 5
MOVE A30 42
MOVE A31 42
MOVE A32 42
MOVE A33 42
MOVE A34 42
MOVE A35 42
MOVE A36 42
MOVE A37 42
MOVE A38 42
MOVE A39 42
MOVE A40 42
MOVE A41 42
MOVE A42 42
MOVE A43 42
MOVE A44 42
END TURN 151
TURN 152
COMMAND LEFT START
COMMAND LEFT END
COMMAND RIGHT START
COMMAND RIGHT END
TURN 152 RESULT
TIME LEFT 0 5 RIGHT 0 5
MOVE A30 52
MOVE A31 52
MOVE A32 52
MOVE A33 52
MOVE A34 52
MOVE A35 52
MOVE A36 52
MOVE A37 52
MOVE A38 52
MOVE A39 52
MOVE A40 52
MOVE A41 52
MOVE A42 52
MOVE A43 52
MOVE A44 52
END TURN 152
TURN 153
COMMAND LEFT START
TRAIN 1
COMMAND LEFT END
COMMAND RIGHT START
COMMAND RIGHT END
TURN 153 RESULT
TIME LEFT 0 5 RIGHT 0 5
TRAIN A45
MOVE A30 65
MOVE A31 65
MOVE A32 65
MOVE A33 65
MOVE A34 65
MOVE A35 65
MOVE A36 65
MOVE A37 65
MOVE A38 65
MOVE A39 65
MOVE A40 65
MOVE A41 65
MOVE A42 65
MOVE A43 65
MOVE A44 65
END TURN 153
TURN 154
COMMAND LEFT START
COMMAND LEFT END
COMMAND RIGHT START
MOVE B33 80
COMMAND RIGHT END
TURN 154 RESULT
TIME LEFT 0 5 RIGHT 0 5
MOVE A30 79
MOVE A31 79
MOVE A32 79
MOVE A33 79
MOVE A34 79
MOVE A35 79
MOVE A36 79
MOVE A37 79
MOVE A38 79
MOVE A39 79
MOVE A40 79
MOVE A41 79
MOVE A42 79
MOVE A43 79
MOVE A44 79
MOVE B33 203
END TURN 154
TURN 155
COMMAND LEFT START
TRAIN 1
COMMAND LEFT END
COMMAND RIGHT START
UPGRADE 180
COMMAND RIGHT END
TURN 155 RESULT
TIME LEFT 0 5 RIGHT 0 5
UPGRADE B 180
TRAIN A46
MOVE A30 97
MOVE A31 97
MOVE A32 97
MOVE A33 97
MOVE A34 97
MOVE A35 97
MOVE A36 97
MOVE A37 97
MOVE A38 97
MOVE A39 97
MOVE A40 97
MOVE A41 97
MOVE A42 97
MOVE A43 97
MOVE A44 97
MOVE B33 194
END TURN 155
TURN 156
COMMAND LEFT START
COMMAND LEFT END
COMMAND RIGHT START
COMMAND RIGHT END
TURN 156 RESULT
TIME LEFT 0 5 RIGHT 0 5
MOVE A30 115
MOVE A31 115
MOVE A32 115
MOVE A33 115
MOVE A34 115
MOVE A35 115
MOVE A36 115
MOVE A37 115
MOVE A38 115
MOVE A39 115
MOVE A40 115
MOVE A41 115
MOVE A42 115
MOVE A43 115
MOVE A44 115
MOVE B33 183
END TURN 156
TURN 157
COMMAND LEFT START
TRAIN 1
COMMAND LEFT END
COMMAND RIGHT START
COMMAND RIGHT END
TURN 157 RESULT
TIME LEFT 0 5 RIGHT 0 5
TRAIN A47
MOVE A30 137
MOVE A31 137
MOVE A32 137
MOVE A33 137
MOVE A34 137
MOVE A35 137
MOVE A36 137
MOVE A37 137
MOVE A38 137
MOVE A39 137
MOVE A40 137
MOVE A41 137
MOVE A42 137
MOVE A43 137
MOVE A44 137
MOVE B33 166
END TURN 157
TURN 158
COMMAND LEFT START
COMMAND LEFT END
COMMAND RIGHT START
COMMAND RIGHT END
TURN 158 RESULT
TIME LEFT 0 5 RIGHT 0 5
MOVE A30 161
MOVE A31 161
MOVE A32 161
MOVE A33 161
MOVE A34 161
MOVE A35 161
MOVE A36 161
MOVE A37 161
MOVE A38 161
MOVE A39 161
MOVE A40 161
MOVE A41 161
MOVE A42 161
MOVE A43 161
MOVE A44 161
MOVE B33 156
END TURN 158
TURN 159
COMMAND LEFT START
COMMAND LEFT END
COMMAND RIGHT START
MOVE B32 180
MOVE B30 180
TRAIN 2
COMMAND RIGHT END
TURN 159 RESULT
TIME LEFT 0 5 RIGHT 0 5
TRAIN B35 B36
MOVE A30 175
MOVE A31 175
MOVE A32 175
MOVE A33 175
MOVE A34 175
MOVE A35 175
MOVE A36 175
MOVE A37 175
MOVE A38 175
MOVE A39 175
MOVE A40 175
MOVE A41 175
MOVE A42 175
MOVE A43 175
MOVE A44 175
MOVE B30 202
MOVE B32 202
MOVE B33 148
END TURN 159
TURN 160
COMMAND LEFT START
TRAIN 1
COMMAND LEFT END
COMMAND RIGHT START
MOVE B36 180
MOVE B35 180
TRAIN 1
COMMAND RIGHT END
TURN 160 RESULT
TIME LEFT 0 5 RIGHT 0 5
TRAIN A48 B37
MOVE A30 186
MOVE A31 186
MOVE A32 186
MOVE A33 186
MOVE A34 186
MOVE A35 186
MOVE A36 186
MOVE A37 186
MOVE A38 186
MOVE A39 186
MOVE A40 186
MOVE A41 186
MOVE A42 186
MOVE A43 186
MOVE A44 186
MOVE B30 192
MOVE B32 192
MOVE B33 136
MOVE B35 203
MOVE B36 203
END TURN 160
TURN 161
COMMAND LEFT START
COMMAND LEFT END
COMMAND RIGHT START
MOVE B21 208
MOVE B22 208
MOVE B29 208
TRAIN 1
COMMAND RIGHT END
TURN 161 RESULT
TIME LEFT 0 5 RIGHT 0 5
TRAIN B38
MOVE A30 196
MOVE A31 196
MOVE A32 196
MOVE A33 196
MOVE A34 196
MOVE A35 196
MOVE A36 196
MOVE A37 196
MOVE A38 196
MOVE A39 196
MOVE A40 196
MOVE A41 196
MOVE A42 196
MOVE A43 196
MOVE A44 196
MOVE B21 207
MOVE B22 207
MOVE B29 207
MOVE B30 180
MOVE B32 180
MOVE B33 118
MOVE B35 198
MOVE B36 198
END TURN 161
TURN 162
COMMAND LEFT START
TRAIN 1
COMMAND LEFT END
COMMAND RIGHT START
MOVE B14 204
MOVE B23 204
MOVE B30 204
COMMAND RIGHT END
TURN 162 RESULT
TIME LEFT 0 5 RIGHT 0 5
TRAIN A49
MOVE A30 204
MOVE A31 204
MOVE A32 204
MOVE A33 204
MOVE A34 204
MOVE A35 204
MOVE A36 204
MOVE A37 204
MOVE A38 204
MOVE A39 204
MOVE A40 204
MOVE A41 204
MOVE A42 204
MOVE A43 204
MOVE A44 204
MOVE B14 207
MOVE B21 208
MOVE B22 208
MOVE B23 207
MOVE B29 208
MOVE B30 192
MOVE B33 108
MOVE B35 186
MOVE B36 186
DAMAGE TURRET A30 2
SIEGE B 204 15
END TURN 162
TURN 163
COMMAND LEFT START
COMMAND LEFT END
COMMAND RIGHT START
MOVE B32 208
MOVE B34 208
COMMAND RIGHT END
TURN 163 RESULT
TIME LEFT 0 5 RIGHT 0 5
MOVE B14 204
MOVE B23 204
MOVE B30 202
MOVE B32 186
MOVE B33 101
MOVE B34 186
MOVE B35 180
MOVE B36 180
DAMAGE TURRET A30 2
DAMAGE COMBAT A30 2
DAMAGE COMBAT B14 6
DAMAGE COMBAT B23 6
SIEGE B 204 3
END TURN 163
TURN 164
COMMAND LEFT START
MOVE A31 180
MOVE A32 180
MOVE A33 180
MOVE A34 180
MOVE A35 180
MOVE A36 180
MOVE A37 180
MOVE A38 180
MOVE A39 180
MOVE A40 180
MOVE A41 180
MOVE A42 180
MOVE A43 180
MOVE A44 180
COMMAND LEFT END
COMMAND RIGHT START
MOVE B35 208
MOVE B36 208
TRAIN 1
COMMAND RIGHT END
TURN 164 RESULT
TIME LEFT 0 5 RIGHT 0 5
TRAIN B39
MOVE A31 202
MOVE A32 202
MOVE A33 202
MOVE A34 202
MOVE A35 202
MOVE A36 202
MOVE A37 202
MOVE A38 202
MOVE A39 202
MOVE A40 202
MOVE A41 202
MOVE A42 202
MOVE A43 202
MOVE A44 202
MOVE B30 204
MOVE B32 198
MOVE B33 80
MOVE B34 198
MOVE B35 186
MOVE B36 186
END TURN 164
TURN 165
COMMAND LEFT START
COMMAND LEFT END
COMMAND RIGHT START
MOVE B21 180
MOVE B22 180
MOVE B29 180
MOVE B33 180
MOVE B39 180
COMMAND RIGHT END
TURN 165 RESULT
TIME LEFT 0 5 RIGHT 0 5
MOVE A31 192
MOVE A32 192
MOVE A33 192
MOVE A34 192
MOVE A35 192
MOVE A36 192
MOVE A37 192
MOVE A38 192
MOVE A39 192
MOVE A40 192
MOVE A41 192
MOVE A42 192
MOVE A43 192
MOVE A44 192
MOVE B21 203
MOVE B22 203
MOVE B29 203
MOVE B32 203
MOVE B33 101
MOVE B34 203
MOVE B35 198
MOVE B36 198
MOVE B39 203
END TURN 165
TURN 166
COMMAND LEFT START
COMMAND LEFT END
COMMAND RIGHT START
MOVE B31 180
COMMAND RIGHT END
TURN 166 RESULT
TIME LEFT 0 5 RIGHT 0 5
MOVE A31 180
MOVE A32 180
MOVE A33 180
MOVE A34 180
MOVE A35 180
MOVE A36 180
MOVE A37 180
MOVE A38 180
MOVE A39 180
MOVE A40 180
MOVE A41 180
MOVE A42 180
MOVE A43 180
MOVE A44 180
MOVE B21 198
MOVE B22 198
MOVE B29 198
MOVE B31 203
MOVE B32 208
MOVE B33 108
MOVE B34 208
MOVE B35 203
MOVE B36 203
MOVE B39 198
DAMAGE TURRET A31 1
SIEGE B 180 6
END TURN 166
TURN 167
COMMAND LEFT START
MOVE A31 208
MOVE A32 208
MOVE A33 208
MOVE A34 208
MOVE A35 208
MOVE A36 208
MOVE A37 208
MOVE A38 208
MOVE A39 208
MOVE A40 208
MOVE A41 208
MOVE A42 208
MOVE A43 208
MOVE A44 208
COMMAND LEFT END
COMMAND RIGHT START
COMMAND RIGHT END
TURN 167 RESULT
TIME LEFT 0 5 RIGHT 0 5
MOVE A31 186
MOVE A32 186
MOVE A33 186
MOVE A34 186
MOVE A35 186
MOVE A36 186
MOVE A37 186
MOVE A38 186
MOVE A39 186
MOVE A40 186
MOVE A41 186
MOVE A42 186
MOVE A43 186
MOVE A44 186
MOVE B21 186
MOVE B22 186
MOVE B29 186
MOVE B31 198
MOVE B33 118
MOVE B35 208
MOVE B36 208
MOVE B39 186
DAMAGE COMBAT A31 4
DAMAGE COMBAT B21 3
DAMAGE COMBAT B22 6
DAMAGE COMBAT B29 5
END TURN 167
TURN 168
COMMAND LEFT START
COMMAND LEFT END
COMMAND RIGHT START
MOVE B30 208
COMMAND RIGHT END
TURN 168 RESULT
TIME LEFT 0 5 RIGHT 0 5
MOVE B30 207
MOVE B31 186
MOVE B33 136
DAMAGE COMBAT A31 1
DAMAGE COMBAT A32 2
DAMAGE COMBAT B29 1
DAMAGE COMBAT B31 6
DAMAGE COMBAT B39 6
END TURN 168
TURN 169
COMMAND LEFT START
COMMAND LEFT END
COMMAND RIGHT START
COMMAND RIGHT END
TURN 169 RESULT
TIME LEFT 0 5 RIGHT 0 5
MOVE A32 198
MOVE A33 198
MOVE A34 198
MOVE A35 198
MOVE A36 198
MOVE A37 198
MOVE A38 198
MOVE A39 198
MOVE A40 198
MOVE A41 198
MOVE A42 198
MOVE A43 198
MOVE A44 198
MOVE B30 208
MOVE B33 148
END TURN 169
TURN 170
COMMAND LEFT START
COMMAND LEFT END
COMMAND RIGHT START
TRAIN 1
COMMAND RIGHT END
TURN 170 RESULT
TIME LEFT 0 5 RIGHT 0 5
TRAIN B40
MOVE A32 203
MOVE A33 203
MOVE A34 203
MOVE A35 203
MOVE A36 203
MOVE A37 203
MOVE A38 203
MOVE A39 203
MOVE A40 203
MOVE A41 203
MOVE A42 203
MOVE A43 203
MOVE A44 203
MOVE B33 156
END TURN 170
TURN 171
COMMAND LEFT START
TRAIN 1
COMMAND LEFT END
COMMAND RIGHT START
COMMAND RIGHT END
TURN 171 RESULT
TIME LEFT 0 5 RIGHT 0 5
TRAIN A50
MOVE A32 208
MOVE A33 208
MOVE A34 208
MOVE A35 208
MOVE A36 208
MOVE A37 208
MOVE A38 208
MOVE A39 208
MOVE A40 208
MOVE A41 208
MOVE A42 208
MOVE A43 208
MOVE A44 208
MOVE B33 167
DAMAGE TURRET A32 2
DAMAGE COMBAT A32 2
DAMAGE COMBAT A33 6
DAMAGE COMBAT B30 6
DAMAGE COMBAT B32 6
DAMAGE COMBAT B34 1
END TURN 171
TURN 172
COMMAND LEFT START
COMMAND LEFT END
COMMAND RIGHT START
COMMAND RIGHT END
TURN 172 RESULT
TIME LEFT 0 5 RIGHT 0 5
MOVE B33 174
DAMAGE TURRET A34 2
DAMAGE COMBAT A34 4
DAMAGE COMBAT A35 2
DAMAGE COMBAT B34 5
DAMAGE COMBAT B35 6
END TURN 172
TURN 173
COMMAND LEFT START
TRAIN 1
COMMAND LEFT END
COMMAND RIGHT START
TRAIN 1
COMMAND RIGHT END
TURN 173 RESULT
TIME LEFT 0 5 RIGHT 0 5
TRAIN A51 B41
MOVE B33 175
DAMAGE TURRET A35 2
DAMAGE COMBAT A35 2
DAMAGE COMBAT A36 3
DAMAGE COMBAT B36 6
DAMAGE COMBAT B37 4
END TURN 173
TURN 174
COMMAND LEFT START
COMMAND LEFT END
COMMAND RIGHT START
COMMAND RIGHT END
TURN 174 RESULT
TIME LEFT 0 5 RIGHT 0 5
MOVE B33 180
DAMAGE TURRET A36 2
DAMAGE COMBAT A36 1
DAMAGE COMBAT A37 3
DAMAGE COMBAT B37 2
DAMAGE COMBAT B38 6
DAMAGE COMBAT B40 1
END TURN 174
TURN 175
COMMAND LEFT START
TRAIN 1
COMMAND LEFT END
COMMAND RIGHT START
MOVE B33 208
COMMAND RIGHT END
TURN 175 RESULT
TIME LEFT 0 5 RIGHT 0 5
TRAIN A52
MOVE B33 186
DAMAGE TURRET A37 2
DAMAGE COMBAT A37 1
DAMAGE COMBAT A38 1
DAMAGE COMBAT B40 5
DAMAGE COMBAT B41 3
END TURN 175
TURN 176
COMMAND LEFT START
COMMAND LEFT END
COMMAND RIGHT START
COMMAND RIGHT END
TURN 176 RESULT
TIME LEFT 0 5 RIGHT 0 5
MOVE B33 198
DAMAGE TURRET A38 2
DAMAGE COMBAT A38 1
DAMAGE COMBAT B41 3
SIEGE B 208 4
END TURN 176
TURN 177
COMMAND LEFT START
TRAIN 1
COMMAND LEFT END
COMMAND RIGHT START
COMMAND RIGHT END
TURN 177 RESULT
TIME LEFT 0 5 RIGHT 0 5
TRAIN A53
MOVE B33 203
DAMAGE TURRET A38 2
SIEGE B 208 7
END TURN 177
TURN 178
COMMAND LEFT START
COMMAND LEFT END
COMMAND RIGHT START
COMMAND RIGHT END
TURN 178 RESULT
TIME LEFT 0 5 RIGHT 0 5
MOVE B33 208
DAMAGE TURRET A39 2
DAMAGE COMBAT A39 1
DAMAGE COMBAT B33 6
END TURN 178
TURN 179
COMMAND LEFT START
COMMAND LEFT END
COMMAND RIGHT START
COMMAND RIGHT END
TURN 179 RESULT
TIME LEFT 0 5 RIGHT 0 5
DAMAGE TURRET A39 2
SIEGE B 208 6
END TURN 179
TURN 180
COMMAND LEFT START
TRAIN 1
COMMAND LEFT END
COMMAND RIGHT START
COMMAND RIGHT END
TURN 180 RESULT
TIME LEFT 0 5 RIGHT 0 5
TRAIN A54
DAMAGE TURRET A39 1
DAMAGE TURRET A40 1
SIEGE B 208 3
END TURN 180
RESULT LEFT_WIN HQ_DESTROYED
