[LEFT ""]
[RIGHT ""]
MAP
221 17
-10925 -11019 -10971 -10223 -9216 -9570 -9980 -8397 -8611 -8579 -8095 -8837 -7860 -7686 -7937 -8741 -7368 -7580 -7604 -7153 -7301 -7024 -6791 -6850 -6695 -6568 -7107 -7206 -6308 -6045 -6138 -5891 -6083 -6025 -5826 -5998 -5840 -5598 -5637 -5336 -5883 -5171 -5092 -5684 -5118 -5066 -4665 -4588 -4591 -4731 -4510 -4571 -4422 -4257 -4149 -4265 -4044 -4193 -4023 -4299 -4321 -3666 -3476 -3520 -3284 -3312 -3419 -3331 -3211 -3149 -2907 -3059 -2826 -2605 -2760 -2504 -2615 -2517 -2289 -2268 -2115 -2313 -2159 -1930 -2004 -1768 -1962 -1686 -1744 -1552 -1555 -1367 -1329 -1267 -1257 -988 -1167 -886 -960 -630 -717 -661 -518 -402 -275 -444 -148 -509 -106 105 0 -105 106 509 148 444 275 402 518 661 717 630 960 886 1167 988 1257 1267 1329 1367 1555 1552 1744 1686 1962 1768 2004 1930 2159 2313 2115 2268 2289 2517 2615 2504 2760 2605 2826 3059 2907 3149 3211 3331 3419 3312 3284 3520 3476 3666 4321 4299 4023 4193 4044 4265 4149 4257 4422 4571 4510 4731 4591 4588 4665 5066 5118 5684 5092 5171 5883 5336 5637 5598 5840 5998 5826 6025 6083 5891 6138 6045 6308 7206 7107 6568 6695 6850 6791 7024 7301 7153 7604 7580 7368 8741 7937 7686 7860 8837 8095 8579 8611 8397 9980 9570 9216 10223 10971 11019 10925
287 1928 -1632 4250 2209 -2588 -4843 2892 993 -331 -3980 -6850 -2515 -1056 4208 6896 498 1860 5263 -4903 -6978 -3529 3624 -5764 2328 -1835 8231 -8527 -4289 -2953 -714 -5213 5118 1619 -6065 510 6291 -7046 3369 -4231 8863 4611 1126 -8969 2473 -1913 -6236 5665 6906 -198 3774 8625 -3841 2045 1015 -4995 -7655 -1142 -2982 -10228 10046 4129 467 6664 2438 -1605 -6413 5359 -4499 -365 -5492 10023 3666 -2608 -8912 1019 6994 -7657 -697 5741 -6502 -4033 4662 3458 10880 -5181 -10579 1908 7296 -1145 8303 5925 -2810 -4060 -8147 3175 234 4858 -6218 10727 7147 -1209 1279 -5056 6206 -7388 -3830 -10372 -2386 -8423 0 8423 2386 10372 3830 7388 -6206 5056 -1279 1209 -7147 -10727 6218 -4858 -234 -3175 8147 4060 2810 -5925 -8303 1145 -7296 -1908 10579 5181 -10880 -3458 -4662 4033 6502 -5741 697 7657 -6994 -1019 8912 2608 -3666 -10023 5492 365 4499 -5359 6413 1605 -2438 -6664 -467 -4129 -10046 10228 2982 1142 7655 4995 -1015 -2045 3841 -8625 -3774 198 -6906 -5665 6236 1913 -2473 8969 -1126 -4611 -8863 4231 -3369 7046 -6291 -510 6065 -1619 -5118 5213 714 2953 4289 8527 -8231 1835 -2328 5764 -3624 3529 6978 4903 -5263 -1860 -498 -6896 -4208 1056 2515 6850 3980 331 -993 -2892 4843 2588 -2209 -4250 1632 -1928 -287
STRONGHOLDS 9 44 48 60 79 94 97 99 110 121 123 126 141 160 172 176 211
5 1 2 4 8 9
3 0 3 4
4 0 5 6 9
6 1 4 7 14 15 18
6 0 1 3 7 8 17
6 2 6 9 10 12 13
4 2 5 10 11
6 3 4 14 17 22 24
5 0 4 9 16 17
6 0 2 5 8 13 16
6 5 6 11 12 19 21
6 6 10 19 20 23 27
5 5 10 13 21 25
6 5 9 12 16 25 30
4 3 7 18 22
4 3 18 26 36
7 8 9 13 17 30 33 35
6 4 7 8 16 24 33
6 3 14 15 22 32 36
6 10 11 21 23 28 31
5 11 23 27 34 37
6 10 12 19 25 28 29
6 7 14 18 24 32 38
5 11 19 20 31 34
6 7 17 22 33 38 44
6 12 13 21 29 30 45
3 15 36 40
4 11 20 37 43
5 19 21 29 31 39
7 21 25 28 39 45 52 58
6 13 16 25 35 45 49
7 19 23 28 34 39 46 55
6 18 22 36 38 41 47
6 16 17 24 35 42 44
5 20 23 31 37 46
5 16 30 33 42 49
7 15 18 26 32 40 47 48
6 20 27 34 43 46 56
6 22 24 32 41 44 50
5 28 29 31 52 55
5 26 36 48 51 60
5 32 38 47 50 61
6 33 35 44 49 53 54
4 27 37 56 59
6 24 33 38 42 50 53
6 25 29 30 49 57 58
6 31 34 37 55 56 66
7 32 36 41 48 61 63 67
5 36 40 47 51 63
8 30 35 42 45 54 57 62 69
6 38 41 44 53 61 64
7 40 48 60 63 71 76 90
5 29 39 55 58 68
5 42 44 50 54 64
6 42 49 53 62 64 75
7 31 39 46 52 66 68 70
7 37 43 46 59 66 74 77
5 45 49 58 65 69
8 29 45 52 57 65 68 73 81
4 43 56 74 86
4 40 51 71 84
7 41 47 50 64 67 72 82
4 49 54 69 75
6 47 48 51 67 76 79
8 50 53 54 61 72 75 83 87
6 57 58 69 73 78 89
6 46 55 56 70 77 80
5 47 61 63 79 82
6 52 55 58 70 81 85
6 49 57 62 65 75 78
5 55 66 68 80 85
4 51 60 84 90
4 61 64 82 83
5 58 65 81 89 92
5 56 59 77 86 94
7 54 62 64 69 78 87 96
5 51 63 79 88 90
5 56 66 74 80 94
5 65 69 75 89 96
6 63 67 76 82 88 91
7 66 70 77 85 94 98 105
6 58 68 73 85 92 93
7 61 67 72 79 83 91 97
6 64 72 82 87 95 97
4 60 71 90 99
7 68 70 80 81 93 98 103
4 59 74 94 107
7 64 75 83 95 96 102 112
5 76 79 90 91 100
6 65 73 78 92 96 101
8 51 71 76 84 88 99 100 111
6 79 82 88 97 100 104
7 73 81 89 93 101 106 108
5 81 85 92 103 106
7 74 77 80 86 105 107 109
5 83 87 97 112 114
7 75 78 87 89 101 102 110
7 82 83 91 95 104 114 117
5 80 85 103 105 116
4 84 90 111 113
6 88 90 91 104 111 115
6 89 92 96 108 110 118
5 87 96 110 112 119
6 85 93 98 106 116 123
6 91 97 100 115 117 122
6 80 94 98 109 116 120
6 92 93 103 108 123 125
4 86 94 109 121
6 92 101 106 118 125 133
6 94 105 107 120 121 130
6 96 101 102 118 119 124
6 90 99 100 113 115 126
6 87 95 102 114 119 128
4 99 111 126 134
6 95 97 112 117 127 128
6 100 104 111 122 126 140
6 98 103 105 120 123 129
6 97 104 114 122 127 135
5 101 108 110 124 133
6 102 110 112 124 128 131
6 105 109 116 129 130 132
4 107 109 130 136
5 104 115 117 135 140
7 103 106 116 125 129 137 138
7 110 118 119 131 133 142 145
5 106 108 123 133 137
7 111 113 115 134 140 143 146
5 114 117 128 135 139
7 112 114 119 127 131 139 147
6 116 120 123 132 138 141
8 109 120 121 132 136 144 149 169
6 119 124 128 142 147 155
5 120 129 130 141 144
7 108 118 124 125 137 145 156
4 113 126 146 161
7 117 122 127 139 140 150 152
4 121 130 149 160
6 123 125 133 138 148 156
7 123 129 137 141 148 153 159
6 127 128 135 147 152 162
7 115 122 126 135 143 150 154
6 129 132 138 144 153 157
5 124 131 145 151 155
5 126 140 146 154 164
5 130 132 141 157 169
7 124 133 142 151 156 158 166
5 126 134 143 161 164
5 128 131 139 155 162
4 137 138 156 159
4 130 136 160 169
5 135 140 152 154 165
6 142 145 155 158 163 171
6 135 139 150 162 165 168
5 138 141 157 159 173
6 140 143 150 164 165 174
6 131 142 147 151 162 163
8 133 137 145 148 159 166 167 170
6 141 144 153 169 172 173
4 145 151 166 171
7 138 148 153 156 170 173 179
4 136 149 169 180
4 134 146 164 177
8 139 147 152 155 163 168 175 191
5 151 155 162 171 175
7 143 146 154 161 174 177 183
7 150 152 154 168 174 181 189
6 145 156 158 167 171 178
5 156 166 170 176 178
5 152 162 165 181 191
7 130 144 149 157 160 172 180
6 156 159 167 176 179 182
8 151 158 163 166 175 178 185 190
5 157 169 173 180 184
7 153 157 159 172 179 184 188
6 154 164 165 183 186 189
6 162 163 171 190 191 195
6 167 170 178 182 187 196
4 161 164 183 193
6 166 167 171 176 185 187
5 159 170 173 182 188
5 160 169 172 184 194
5 165 168 189 191 192
6 170 176 179 188 196 198
6 164 174 177 186 193 200
7 172 173 180 188 194 202 205
5 171 178 187 190 204
5 174 183 189 197 200
6 176 178 185 196 203 204
6 173 179 182 184 198 202
7 165 174 181 186 192 197 201
6 171 175 185 195 204 207
7 162 168 175 181 192 195 199
5 181 189 191 199 201
4 177 183 200 209
3 180 184 205
6 175 190 191 199 207 208
6 176 182 187 198 203 213
5 186 189 200 201 209
6 182 188 196 202 206 213
6 191 192 195 201 208 210
5 183 186 193 197 209
6 189 192 197 199 209 210
6 184 188 198 205 206 217
6 187 196 204 212 213 216
7 185 187 190 203 207 211 212
4 184 194 202 217
4 198 202 213 217
6 190 195 204 208 211 215
5 195 199 207 210 215
6 193 197 200 201 210 214
6 199 201 208 209 214 215
6 204 207 212 215 218 220
5 203 204 211 216 220
6 196 198 203 206 216 217
4 209 210 215 218
6 207 208 210 211 214 218
6 203 212 213 217 219 220
6 202 205 206 213 216 219
4 211 214 215 220
3 216 217 220
5 211 212 216 218 219
END MAP
TURN 1
COMMAND LEFT START
TRAIN 1
COMMAND LEFT END
COMMAND RIGHT START
MOVE B1 211
MOVE B2 110
COMMAND RIGHT END
TURN 1 RESULT
TIME LEFT 1 5 RIGHT 0 5
TRAIN A4
MOVE B1 211
MOVE B2 212
END TURN 1
TURN 2
COMMAND LEFT START
TRAIN 1
COMMAND LEFT END
COMMAND RIGHT START
UPGRADE 211
COMMAND RIGHT END
TURN 2 RESULT
TIME LEFT 0 5 RIGHT 0 5
UPGRADE B 211
TRAIN A5
MOVE B2 204
END TURN 2
TURN 3
COMMAND LEFT START
TRAIN 1
COMMAND LEFT END
COMMAND RIGHT START
COMMAND RIGHT END
TURN 3 RESULT
TIME LEFT 0 5 RIGHT 0 5
TRAIN A6
MOVE B2 185
END TURN 3
TURN 4
COMMAND LEFT START
TRAIN 1
COMMAND LEFT END
COMMAND RIGHT START
COMMAND RIGHT END
TURN 4 RESULT
TIME LEFT 0 5 RIGHT 0 5
TRAIN A7
MOVE B2 178
END TURN 4
TURN 5
COMMAND LEFT START
MOVE A2 220
MOVE A3 220
MOVE A4 220
MOVE A5 220
MOVE A6 220
MOVE A7 220
TRAIN 1
COMMAND LEFT END
COMMAND RIGHT START
COMMAND RIGHT END
TURN 5 RESULT
TIME LEFT 0 5 RIGHT 0 5
TRAIN A8
MOVE A2 8
MOVE A3 8
MOVE A4 8
MOVE A5 8
MOVE A6 8
MOVE A7 8
MOVE B2 166
END TURN 5
TURN 6
COMMAND LEFT START
COMMAND LEFT END
COMMAND RIGHT START
COMMAND RIGHT END
TURN 6 RESULT
TIME LEFT 0 5 RIGHT 0 5
MOVE A2 16
MOVE A3 16
MOVE A4 16
MOVE A5 16
MOVE A6 16
MOVE A7 16
MOVE B2 145
END TURN 6
TURN 7
COMMAND LEFT START
COMMAND LEFT END
COMMAND RIGHT START
COMMAND RIGHT END
TURN 7 RESULT
TIME LEFT 0 5 RIGHT 0 5
MOVE A2 35
MOVE A3 35
MOVE A4 35
MOVE A5 35
MOVE A6 35
MOVE A7 35
MOVE B2 124
END TURN 7
TURN 8
COMMAND LEFT START
COMMAND LEFT END
COMMAND RIGHT START
COMMAND RIGHT END
TURN 8 RESULT
TIME LEFT 0 5 RIGHT 0 5
MOVE A2 42
MOVE A3 42
MOVE A4 42
MOVE A5 42
MOVE A6 42
MOVE A7 42
MOVE B2 110
END TURN 8
TURN 9
COMMAND LEFT START
COMMAND LEFT END
COMMAND RIGHT START
COMMAND RIGHT END
TURN 9 RESULT
TIME LEFT 0 5 RIGHT 0 5
MOVE A2 54
MOVE A3 54
MOVE A4 54
MOVE A5 54
MOVE A6 54
MOVE A7 54
END TURN 9
TURN 10
COMMAND LEFT START
COMMAND LEFT END
COMMAND RIGHT START
COMMAND RIGHT END
TURN 10 RESULT
TIME LEFT 0 5 RIGHT 0 5
MOVE A2 75
MOVE A3 75
MOVE A4 75
MOVE A5 75
MOVE A6 75
MOVE A7 75
END TURN 10
TURN 11
COMMAND LEFT START
COMMAND LEFT END
COMMAND RIGHT START
TRAIN 1
COMMAND RIGHT END
TURN 11 RESULT
TIME LEFT 0 5 RIGHT 0 5
TRAIN B4
MOVE A2 96
MOVE A3 96
MOVE A4 96
MOVE A5 96
MOVE A6 96
MOVE A7 96
END TURN 11
TURN 12
COMMAND LEFT START
COMMAND LEFT END
COMMAND RIGHT START
TRAIN 1
COMMAND RIGHT END
TURN 12 RESULT
TIME LEFT 0 5 RIGHT 0 5
TRAIN B5
MOVE A2 110
MOVE A3 110
MOVE A4 110
MOVE A5 110
MOVE A6 110
MOVE A7 110
DAMAGE COMBAT A2 1
DAMAGE COMBAT B2 4
END TURN 12
TURN 13
COMMAND LEFT START
COMMAND LEFT END
COMMAND RIGHT START
MOVE B3 110
COMMAND RIGHT END
TURN 13 RESULT
TIME LEFT 0 5 RIGHT 0 5
MOVE A2 124
MOVE A3 124
MOVE A4 124
MOVE A5 124
MOVE A6 124
MOVE A7 124
MOVE B3 212
END TURN 13
TURN 14
COMMAND LEFT START
COMMAND LEFT END
COMMAND RIGHT START
COMMAND RIGHT END
TURN 14 RESULT
TIME LEFT 0 5 RIGHT 0 5
MOVE A2 145
MOVE A3 145
MOVE A4 145
MOVE A5 145
MOVE A6 145
MOVE A7 145
MOVE B3 204
END TURN 14
TURN 15
COMMAND LEFT START
COMMAND LEFT END
COMMAND RIGHT START
COMMAND RIGHT END
TURN 15 RESULT
TIME LEFT 0 5 RIGHT 0 5
MOVE A2 166
MOVE A3 166
MOVE A4 166
MOVE A5 166
MOVE A6 166
MOVE A7 166
MOVE B3 185
END TURN 15
TURN 16
COMMAND LEFT START
COMMAND LEFT END
COMMAND RIGHT START
TRAIN 1
COMMAND RIGHT END
TURN 16 RESULT
TIME LEFT 0 5 RIGHT 0 5
TRAIN B6
MOVE A2 178
MOVE A3 178
MOVE A4 178
MOVE A5 178
MOVE A6 178
MOVE A7 178
MOVE B3 178
DAMAGE COMBAT A2 1
DAMAGE COMBAT B3 4
END TURN 16
TURN 17
COMMAND LEFT START
COMMAND LEFT END
COMMAND RIGHT START
MOVE B4 110
COMMAND RIGHT END
TURN 17 RESULT
TIME LEFT 0 5 RIGHT 0 5
MOVE A2 185
MOVE A3 185
MOVE A4 185
MOVE A5 185
MOVE A6 185
MOVE A7 185
MOVE B4 212
END TURN 17
TURN 18
COMMAND LEFT START
COMMAND LEFT END
COMMAND RIGHT START
TRAIN 1
COMMAND RIGHT END
TURN 18 RESULT
TIME LEFT 0 5 RIGHT 0 5
TRAIN B7
MOVE A2 204
MOVE A3 204
MOVE A4 204
MOVE A5 204
MOVE A6 204
MOVE A7 204
MOVE B4 204
DAMAGE COMBAT A2 1
DAMAGE COMBAT B4 4
END TURN 18
TURN 19
COMMAND LEFT START
COMMAND LEFT END
COMMAND RIGHT START
MOVE B1 220
TRAIN 1
COMMAND RIGHT END
TURN 19 RESULT
TIME LEFT 0 5 RIGHT 0 5
TRAIN B8
MOVE A2 212
MOVE A3 212
MOVE A4 212
MOVE A5 212
MOVE A6 212
MOVE A7 212
MOVE B1 220
END TURN 19
TURN 20
COMMAND LEFT START
COMMAND LEFT END
COMMAND RIGHT START
COMMAND RIGHT END
TURN 20 RESULT
TIME LEFT 0 5 RIGHT 0 5
MOVE A2 220
MOVE A3 220
MOVE A4 220
MOVE A5 220
MOVE A6 220
MOVE A7 220
DAMAGE TURRET A2 1
DAMAGE COMBAT A3 4
DAMAGE COMBAT A4 1
DAMAGE COMBAT B1 4
DAMAGE COMBAT B5 2
END TURN 20
TURN 21
COMMAND LEFT START
COMMAND LEFT END
COMMAND RIGHT START
COMMAND RIGHT END
TURN 21 RESULT
TIME LEFT 0 5 RIGHT 0 5
DAMAGE TURRET A4 1
DAMAGE COMBAT A4 2
DAMAGE COMBAT A5 2
DAMAGE COMBAT B5 2
DAMAGE COMBAT B6 2
END TURN 21
TURN 22
COMMAND LEFT START
COMMAND LEFT END
COMMAND RIGHT START
COMMAND RIGHT END
TURN 22 RESULT
TIME LEFT 0 5 RIGHT 0 5
DAMAGE TURRET A5 1
DAMAGE COMBAT A5 1
DAMAGE COMBAT A6 2
DAMAGE COMBAT B6 2
DAMAGE COMBAT B7 1
END TURN 22
TURN 23
COMMAND LEFT START
COMMAND LEFT END
COMMAND RIGHT START
COMMAND RIGHT END
TURN 23 RESULT
TIME LEFT 0 5 RIGHT 0 5
DAMAGE TURRET A6 1
DAMAGE COMBAT A6 1
DAMAGE COMBAT A7 1
DAMAGE COMBAT B7 2
END TURN 23
TURN 24
COMMAND LEFT START
COMMAND LEFT END
COMMAND RIGHT START
COMMAND RIGHT END
TURN 24 RESULT
TIME LEFT 0 5 RIGHT 0 5
DAMAGE TURRET A7 1
DAMAGE COMBAT A7 2
DAMAGE COMBAT B7 1
END TURN 24
TURN 25
COMMAND LEFT START
COMMAND LEFT END
COMMAND RIGHT START
MOVE B8 110
COMMAND RIGHT END
TURN 25 RESULT
TIME LEFT 0 5 RIGHT 0 5
MOVE B8 212
END TURN 25
TURN 26
COMMAND LEFT START
COMMAND LEFT END
COMMAND RIGHT START
COMMAND RIGHT END
TURN 26 RESULT
TIME LEFT 0 5 RIGHT 0 5
MOVE B8 204
END TURN 26
TURN 27
COMMAND LEFT START
COMMAND LEFT END
COMMAND RIGHT START
COMMAND RIGHT END
TURN 27 RESULT
TIME LEFT 0 5 RIGHT 0 5
MOVE B8 185
END TURN 27
TURN 28
COMMAND LEFT START
COMMAND LEFT END
COMMAND RIGHT START
COMMAND RIGHT END
TURN 28 RESULT
TIME LEFT 0 5 RIGHT 0 5
MOVE B8 178
END TURN 28
TURN 29
COMMAND LEFT START
COMMAND LEFT END
COMMAND RIGHT START
COMMAND RIGHT END
TURN 29 RESULT
TIME LEFT 0 5 RIGHT 0 5
MOVE B8 166
END TURN 29
TURN 30
COMMAND LEFT START
TRAIN 1
COMMAND LEFT END
COMMAND RIGHT START
COMMAND RIGHT END
TURN 30 RESULT
TIME LEFT 0 5 RIGHT 0 5
TRAIN A9
MOVE B8 145
END TURN 30
TURN 31
COMMAND LEFT START
COMMAND LEFT END
COMMAND RIGHT START
COMMAND RIGHT END
TURN 31 RESULT
TIME LEFT 0 5 RIGHT 0 5
MOVE B8 124
END TURN 31
TURN 32
COMMAND LEFT START
COMMAND LEFT END
COMMAND RIGHT START
COMMAND RIGHT END
TURN 32 RESULT
TIME LEFT 0 5 RIGHT 0 5
MOVE B8 110
END TURN 32
TURN 33
COMMAND LEFT START
COMMAND LEFT END
COMMAND RIGHT START
COMMAND RIGHT END
TURN 33 RESULT
TIME LEFT 0 5 RIGHT 0 5
END TURN 33
TURN 34
COMMAND LEFT START
COMMAND LEFT END
COMMAND RIGHT START
COMMAND RIGHT END
TURN 34 RESULT
TIME LEFT 0 5 RIGHT 0 5
END TURN 34
TURN 35
COMMAND LEFT START
COMMAND LEFT END
COMMAND RIGHT START
COMMAND RIGHT END
TURN 35 RESULT
TIME LEFT 0 5 RIGHT 0 5
END TURN 35
TURN 36
COMMAND LEFT START
COMMAND LEFT END
COMMAND RIGHT START
COMMAND RIGHT END
TURN 36 RESULT
TIME LEFT 0 5 RIGHT 0 5
END TURN 36
TURN 37
COMMAND LEFT START
COMMAND LEFT END
COMMAND RIGHT START
COMMAND RIGHT END
TURN 37 RESULT
TIME LEFT 0 5 RIGHT 0 5
END TURN 37
TURN 38
COMMAND LEFT START
COMMAND LEFT END
COMMAND RIGHT START
COMMAND RIGHT END
TURN 38 RESULT
TIME LEFT 0 5 RIGHT 0 5
END TURN 38
TURN 39
COMMAND LEFT START
COMMAND LEFT END
COMMAND RIGHT START
COMMAND RIGHT END
TURN 39 RESULT
TIME LEFT 0 5 RIGHT 0 5
END TURN 39
TURN 40
COMMAND LEFT START
COMMAND LEFT END
COMMAND RIGHT START
COMMAND RIGHT END
TURN 40 RESULT
TIME LEFT 0 5 RIGHT 0 5
END TURN 40
TURN 41
COMMAND LEFT START
COMMAND LEFT END
COMMAND RIGHT START
COMMAND RIGHT END
TURN 41 RESULT
TIME LEFT 0 5 RIGHT 0 5
END TURN 41
TURN 42
COMMAND LEFT START
COMMAND LEFT END
COMMAND RIGHT START
COMMAND RIGHT END
TURN 42 RESULT
TIME LEFT 0 5 RIGHT 0 5
END TURN 42
TURN 43
COMMAND LEFT START
COMMAND LEFT END
COMMAND RIGHT START
COMMAND RIGHT END
TURN 43 RESULT
TIME LEFT 0 5 RIGHT 0 5
END TURN 43
TURN 44
COMMAND LEFT START
TRAIN 1
COMMAND LEFT END
COMMAND RIGHT START
COMMAND RIGHT END
TURN 44 RESULT
TIME LEFT 0 5 RIGHT 0 5
TRAIN A10
END TURN 44
TURN 45
COMMAND LEFT START
COMMAND LEFT END
COMMAND RIGHT START
COMMAND RIGHT END
TURN 45 RESULT
TIME LEFT 0 5 RIGHT 0 5
END TURN 45
TURN 46
COMMAND LEFT START
COMMAND LEFT END
COMMAND RIGHT START
COMMAND RIGHT END
TURN 46 RESULT
TIME LEFT 0 5 RIGHT 0 5
END TURN 46
TURN 47
COMMAND LEFT START
COMMAND LEFT END
COMMAND RIGHT START
MOVE B8 211
COMMAND RIGHT END
TURN 47 RESULT
TIME LEFT 0 5 RIGHT 0 5
MOVE B8 124
END TURN 47
TURN 48
COMMAND LEFT START
COMMAND LEFT END
COMMAND RIGHT START
COMMAND RIGHT END
TURN 48 RESULT
TIME LEFT 0 5 RIGHT 0 5
MOVE B8 145
END TURN 48
TURN 49
COMMAND LEFT START
COMMAND LEFT END
COMMAND RIGHT START
COMMAND RIGHT END
TURN 49 RESULT
TIME LEFT 0 5 RIGHT 0 5
MOVE B8 166
END TURN 49
TURN 50
COMMAND LEFT START
COMMAND LEFT END
COMMAND RIGHT START
COMMAND RIGHT END
TURN 50 RESULT
TIME LEFT 0 5 RIGHT 0 5
MOVE B8 178
END TURN 50
TURN 51
COMMAND LEFT START
COMMAND LEFT END
COMMAND RIGHT START
COMMAND RIGHT END
TURN 51 RESULT
TIME LEFT 0 5 RIGHT 0 5
MOVE B8 185
END TURN 51
TURN 52
COMMAND LEFT START
COMMAND LEFT END
COMMAND RIGHT START
COMMAND RIGHT END
TURN 52 RESULT
TIME LEFT 0 5 RIGHT 0 5
MOVE B8 204
END TURN 52
TURN 53
COMMAND LEFT START
COMMAND LEFT END
COMMAND RIGHT START
COMMAND RIGHT END
TURN 53 RESULT
TIME LEFT 0 5 RIGHT 0 5
MOVE B8 211
END TURN 53
TURN 54
COMMAND LEFT START
COMMAND LEFT END
COMMAND RIGHT START
COMMAND RIGHT END
TURN 54 RESULT
TIME LEFT 0 5 RIGHT 0 5
END TURN 54
TURN 55
COMMAND LEFT START
COMMAND LEFT END
COMMAND RIGHT START
COMMAND RIGHT END
TURN 55 RESULT
TIME LEFT 0 5 RIGHT 0 5
END TURN 55
TURN 56
COMMAND LEFT START
COMMAND LEFT END
COMMAND RIGHT START
COMMAND RIGHT END
TURN 56 RESULT
TIME LEFT 0 5 RIGHT 0 5
END TURN 56
TURN 57
COMMAND LEFT START
COMMAND LEFT END
COMMAND RIGHT START
COMMAND RIGHT END
TURN 57 RESULT
TIME LEFT 0 5 RIGHT 0 5
END TURN 57
TURN 58
COMMAND LEFT START
COMMAND LEFT END
COMMAND RIGHT START
COMMAND RIGHT END
TURN 58 RESULT
TIME LEFT 0 5 RIGHT 0 5
END TURN 58
TURN 59
COMMAND LEFT START
COMMAND LEFT END
COMMAND RIGHT START
COMMAND RIGHT END
TURN 59 RESULT
TIME LEFT 0 5 RIGHT 0 5
END TURN 59
TURN 60
COMMAND LEFT START
COMMAND LEFT END
COMMAND RIGHT START
COMMAND RIGHT END
TURN 60 RESULT
TIME LEFT 0 5 RIGHT 0 5
END TURN 60
TURN 61
COMMAND LEFT START
TRAIN 1
COMMAND LEFT END
COMMAND RIGHT START
COMMAND RIGHT END
TURN 61 RESULT
TIME LEFT 0 5 RIGHT 0 5
TRAIN A11
END TURN 61
TURN 62
COMMAND LEFT START
COMMAND LEFT END
COMMAND RIGHT START
COMMAND RIGHT END
TURN 62 RESULT
TIME LEFT 0 5 RIGHT 0 5
END TURN 62
TURN 63
COMMAND LEFT START
COMMAND LEFT END
COMMAND RIGHT START
TRAIN 1
COMMAND RIGHT END
TURN 63 RESULT
TIME LEFT 0 5 RIGHT 0 5
TRAIN B9
END TURN 63
TURN 64
COMMAND LEFT START
COMMAND LEFT END
COMMAND RIGHT START
COMMAND RIGHT END
TURN 64 RESULT
TIME LEFT 0 5 RIGHT 0 5
END TURN 64
TURN 65
COMMAND LEFT START
COMMAND LEFT END
COMMAND RIGHT START
COMMAND RIGHT END
TURN 65 RESULT
TIME LEFT 0 5 RIGHT 0 5
END TURN 65
TURN 66
COMMAND LEFT START
COMMAND LEFT END
COMMAND RIGHT START
COMMAND RIGHT END
TURN 66 RESULT
TIME LEFT 0 5 RIGHT 0 5
END TURN 66
TURN 67
COMMAND LEFT START
COMMAND LEFT END
COMMAND RIGHT START
COMMAND RIGHT END
TURN 67 RESULT
TIME LEFT 0 5 RIGHT 0 5
END TURN 67
TURN 68
COMMAND LEFT START
COMMAND LEFT END
COMMAND RIGHT START
COMMAND RIGHT END
TURN 68 RESULT
TIME LEFT 0 5 RIGHT 0 5
END TURN 68
TURN 69
COMMAND LEFT START
COMMAND LEFT END
COMMAND RIGHT START
COMMAND RIGHT END
TURN 69 RESULT
TIME LEFT 0 5 RIGHT 0 5
END TURN 69
TURN 70
COMMAND LEFT START
COMMAND LEFT END
COMMAND RIGHT START
COMMAND RIGHT END
TURN 70 RESULT
TIME LEFT 0 5 RIGHT 0 5
END TURN 70
TURN 71
COMMAND LEFT START
COMMAND LEFT END
COMMAND RIGHT START
COMMAND RIGHT END
TURN 71 RESULT
TIME LEFT 0 5 RIGHT 0 5
END TURN 71
TURN 72
COMMAND LEFT START
COMMAND LEFT END
COMMAND RIGHT START
COMMAND RIGHT END
TURN 72 RESULT
TIME LEFT 0 5 RIGHT 0 5
END TURN 72
TURN 73
COMMAND LEFT START
COMMAND LEFT END
COMMAND RIGHT START
COMMAND RIGHT END
TURN 73 RESULT
TIME LEFT 0 5 RIGHT 0 5
END TURN 73
TURN 74
COMMAND LEFT START
COMMAND LEFT END
COMMAND RIGHT START
COMMAND RIGHT END
TURN 74 RESULT
TIME LEFT 0 5 RIGHT 0 5
END TURN 74
TURN 75
COMMAND LEFT START
COMMAND LEFT END
COMMAND RIGHT START
COMMAND RIGHT END
TURN 75 RESULT
TIME LEFT 0 5 RIGHT 0 5
END TURN 75
TURN 76
COMMAND LEFT START
COMMAND LEFT END
COMMAND RIGHT START
COMMAND RIGHT END
TURN 76 RESULT
TIME LEFT 0 5 RIGHT 0 5
END TURN 76
TURN 77
COMMAND LEFT START
COMMAND LEFT END
COMMAND RIGHT START
COMMAND RIGHT END
TURN 77 RESULT
TIME LEFT 0 5 RIGHT 0 5
END TURN 77
TURN 78
COMMAND LEFT START
COMMAND LEFT END
COMMAND RIGHT START
COMMAND RIGHT END
TURN 78 RESULT
TIME LEFT 0 5 RIGHT 0 5
END TURN 78
TURN 79
COMMAND LEFT START
COMMAND LEFT END
COMMAND RIGHT START
COMMAND RIGHT END
TURN 79 RESULT
TIME LEFT 0 5 RIGHT 0 5
END TURN 79
TURN 80
COMMAND LEFT START
COMMAND LEFT END
COMMAND RIGHT START
COMMAND RIGHT END
TURN 80 RESULT
TIME LEFT 0 5 RIGHT 0 5
END TURN 80
TURN 81
COMMAND LEFT START
COMMAND LEFT END
COMMAND RIGHT START
COMMAND RIGHT END
TURN 81 RESULT
TIME LEFT 0 5 RIGHT 0 5
END TURN 81
TURN 82
COMMAND LEFT START
COMMAND LEFT END
COMMAND RIGHT START
COMMAND RIGHT END
TURN 82 RESULT
TIME LEFT 0 5 RIGHT 0 5
END TURN 82
TURN 83
COMMAND LEFT START
COMMAND LEFT END
COMMAND RIGHT START
COMMAND RIGHT END
TURN 83 RESULT
TIME LEFT 0 5 RIGHT 0 5
END TURN 83
TURN 84
COMMAND LEFT START
TRAIN 1
COMMAND LEFT END
COMMAND RIGHT START
COMMAND RIGHT END
TURN 84 RESULT
TIME LEFT 0 5 RIGHT 0 5
TRAIN A12
END TURN 84
TURN 85
COMMAND LEFT START
COMMAND LEFT END
COMMAND RIGHT START
COMMAND RIGHT END
TURN 85 RESULT
TIME LEFT 0 5 RIGHT 0 5
END TURN 85
TURN 86
COMMAND LEFT START
COMMAND LEFT END
COMMAND RIGHT START
UPGRADE 220
COMMAND RIGHT END
TURN 86 RESULT
TIME LEFT 0 5 RIGHT 0 5
UPGRADE B 220
END TURN 86
TURN 87
COMMAND LEFT START
COMMAND LEFT END
COMMAND RIGHT START
COMMAND RIGHT END
TURN 87 RESULT
TIME LEFT 0 5 RIGHT 0 5
END TURN 87
TURN 88
COMMAND LEFT START
COMMAND LEFT END
COMMAND RIGHT START
COMMAND RIGHT END
TURN 88 RESULT
TIME LEFT 0 5 RIGHT 0 5
END TURN 88
TURN 89
COMMAND LEFT START
COMMAND LEFT END
COMMAND RIGHT START
COMMAND RIGHT END
TURN 89 RESULT
TIME LEFT 0 5 RIGHT 0 5
END TURN 89
TURN 90
COMMAND LEFT START
COMMAND LEFT END
COMMAND RIGHT START
COMMAND RIGHT END
TURN 90 RESULT
TIME LEFT 0 5 RIGHT 0 5
END TURN 90
TURN 91
COMMAND LEFT START
COMMAND LEFT END
COMMAND RIGHT START
TRAIN 1
COMMAND RIGHT END
TURN 91 RESULT
TIME LEFT 0 5 RIGHT 0 5
TRAIN B10
END TURN 91
TURN 92
COMMAND LEFT START
COMMAND LEFT END
COMMAND RIGHT START
COMMAND RIGHT END
TURN 92 RESULT
TIME LEFT 0 5 RIGHT 0 5
END TURN 92
TURN 93
COMMAND LEFT START
COMMAND LEFT END
COMMAND RIGHT START
COMMAND RIGHT END
TURN 93 RESULT
TIME LEFT 0 5 RIGHT 0 5
END TURN 93
TURN 94
COMMAND LEFT START
COMMAND LEFT END
COMMAND RIGHT START
COMMAND RIGHT END
TURN 94 RESULT
TIME LEFT 0 5 RIGHT 0 5
END TURN 94
TURN 95
COMMAND LEFT START
COMMAND LEFT END
COMMAND RIGHT START
COMMAND RIGHT END
TURN 95 RESULT
TIME LEFT 0 5 RIGHT 0 5
END TURN 95
TURN 96
COMMAND LEFT START
COMMAND LEFT END
COMMAND RIGHT START
COMMAND RIGHT END
TURN 96 RESULT
TIME LEFT 0 5 RIGHT 0 5
END TURN 96
TURN 97
COMMAND LEFT START
COMMAND LEFT END
COMMAND RIGHT START
COMMAND RIGHT END
TURN 97 RESULT
TIME LEFT 0 5 RIGHT 0 5
END TURN 97
TURN 98
COMMAND LEFT START
COMMAND LEFT END
COMMAND RIGHT START
COMMAND RIGHT END
TURN 98 RESULT
TIME LEFT 0 5 RIGHT 0 5
END TURN 98
TURN 99
COMMAND LEFT START
COMMAND LEFT END
COMMAND RIGHT START
COMMAND RIGHT END
TURN 99 RESULT
TIME LEFT 0 5 RIGHT 0 5
END TURN 99
TURN 100
COMMAND LEFT START
COMMAND LEFT END
COMMAND RIGHT START
COMMAND RIGHT END
TURN 100 RESULT
TIME LEFT 0 5 RIGHT 0 5
END TURN 100
TURN 101
COMMAND LEFT START
COMMAND LEFT END
COMMAND RIGHT START
COMMAND RIGHT END
TURN 101 RESULT
TIME LEFT 0 5 RIGHT 0 5
END TURN 101
TURN 102
COMMAND LEFT START
COMMAND LEFT END
COMMAND RIGHT START
COMMAND RIGHT END
TURN 102 RESULT
TIME LEFT 0 5 RIGHT 0 5
END TURN 102
TURN 103
COMMAND LEFT START
COMMAND LEFT END
COMMAND RIGHT START
COMMAND RIGHT END
TURN 103 RESULT
TIME LEFT 0 5 RIGHT 0 5
END TURN 103
TURN 104
COMMAND LEFT START
COMMAND LEFT END
COMMAND RIGHT START
COMMAND RIGHT END
TURN 104 RESULT
TIME LEFT 0 5 RIGHT 0 5
END TURN 104
TURN 105
COMMAND LEFT START
COMMAND LEFT END
COMMAND RIGHT START
UPGRADE 211
COMMAND RIGHT END
TURN 105 RESULT
TIME LEFT 0 5 RIGHT 0 5
UPGRADE B 211
END TURN 105
TURN 106
COMMAND LEFT START
COMMAND LEFT END
COMMAND RIGHT START
COMMAND RIGHT END
TURN 106 RESULT
TIME LEFT 0 5 RIGHT 0 5
END TURN 106
TURN 107
COMMAND LEFT START
COMMAND LEFT END
COMMAND RIGHT START
COMMAND RIGHT END
TURN 107 RESULT
TIME LEFT 0 5 RIGHT 0 5
END TURN 107
TURN 108
COMMAND LEFT START
COMMAND LEFT END
COMMAND RIGHT START
TRAIN 1
COMMAND RIGHT END
TURN 108 RESULT
TIME LEFT 0 5 RIGHT 0 5
TRAIN B11
END TURN 108
TURN 109
COMMAND LEFT START
COMMAND LEFT END
COMMAND RIGHT START
MOVE B9 211
COMMAND RIGHT END
TURN 109 RESULT
TIME LEFT 0 5 RIGHT 0 5
MOVE B9 211
END TURN 109
TURN 110
COMMAND LEFT START
COMMAND LEFT END
COMMAND RIGHT START
COMMAND RIGHT END
TURN 110 RESULT
TIME LEFT 0 5 RIGHT 0 5
END TURN 110
TURN 111
COMMAND LEFT START
COMMAND LEFT END
COMMAND RIGHT START
COMMAND RIGHT END
TURN 111 RESULT
TIME LEFT 0 5 RIGHT 0 5
END TURN 111
TURN 112
COMMAND LEFT START
COMMAND LEFT END
COMMAND RIGHT START
COMMAND RIGHT END
TURN 112 RESULT
TIME LEFT 0 5 RIGHT 0 5
END TURN 112
TURN 113
COMMAND LEFT START
COMMAND LEFT END
COMMAND RIGHT START
COMMAND RIGHT END
TURN 113 RESULT
TIME LEFT 0 5 RIGHT 0 5
END TURN 113
TURN 114
COMMAND LEFT START
COMMAND LEFT END
COMMAND RIGHT START
COMMAND RIGHT END
TURN 114 RESULT
TIME LEFT 0 5 RIGHT 0 5
END TURN 114
TURN 115
COMMAND LEFT START
COMMAND LEFT END
COMMAND RIGHT START
COMMAND RIGHT END
TURN 115 RESULT
TIME LEFT 0 5 RIGHT 0 5
END TURN 115
TURN 116
COMMAND LEFT START
COMMAND LEFT END
COMMAND RIGHT START
COMMAND RIGHT END
TURN 116 RESULT
TIME LEFT 0 5 RIGHT 0 5
END TURN 116
TURN 117
COMMAND LEFT START
COMMAND LEFT END
COMMAND RIGHT START
COMMAND RIGHT END
TURN 117 RESULT
TIME LEFT 0 5 RIGHT 0 5
END TURN 117
TURN 118
COMMAND LEFT START
COMMAND LEFT END
COMMAND RIGHT START
COMMAND RIGHT END
TURN 118 RESULT
TIME LEFT 0 5 RIGHT 0 5
END TURN 118
TURN 119
COMMAND LEFT START
COMMAND LEFT END
COMMAND RIGHT START
COMMAND RIGHT END
TURN 119 RESULT
TIME LEFT 0 5 RIGHT 0 5
END TURN 119
TURN 120
COMMAND LEFT START
COMMAND LEFT END
COMMAND RIGHT START
UPGRADE 211
COMMAND RIGHT END
TURN 120 RESULT
TIME LEFT 0 5 RIGHT 0 5
UPGRADE B 211
END TURN 120
TURN 121
COMMAND LEFT START
COMMAND LEFT END
COMMAND RIGHT START
COMMAND RIGHT END
TURN 121 RESULT
TIME LEFT 0 5 RIGHT 0 5
END TURN 121
TURN 122
COMMAND LEFT START
COMMAND LEFT END
COMMAND RIGHT START
TRAIN 1
COMMAND RIGHT END
TURN 122 RESULT
TIME LEFT 0 5 RIGHT 0 5
TRAIN B12
END TURN 122
TURN 123
COMMAND LEFT START
COMMAND LEFT END
COMMAND RIGHT START
MOVE B10 211
COMMAND RIGHT END
TURN 123 RESULT
TIME LEFT 0 5 RIGHT 0 5
MOVE B10 211
END TURN 123
TURN 124
COMMAND LEFT START
TRAIN 1
COMMAND LEFT END
COMMAND RIGHT START
COMMAND RIGHT END
TURN 124 RESULT
TIME LEFT 0 5 RIGHT 0 5
TRAIN A13
END TURN 124
TURN 125
COMMAND LEFT START
MOVE A8 220
MOVE A9 220
MOVE A10 220
MOVE A11 220
MOVE A12 220
MOVE A13 220
COMMAND LEFT END
COMMAND RIGHT START
COMMAND RIGHT END
TURN 125 RESULT
TIME LEFT 0 5 RIGHT 0 5
MOVE A8 8
MOVE A9 8
MOVE A10 8
MOVE A11 8
MOVE A12 8
MOVE A13 8
END TURN 125
TURN 126
COMMAND LEFT START
COMMAND LEFT END
COMMAND RIGHT START
COMMAND RIGHT END
TURN 126 RESULT
TIME LEFT 0 5 RIGHT 0 5
MOVE A8 16
MOVE A9 16
MOVE A10 16
MOVE A11 16
MOVE A12 16
MOVE A13 16
END TURN 126
TURN 127
COMMAND LEFT START
COMMAND LEFT END
COMMAND RIGHT START
COMMAND RIGHT END
TURN 127 RESULT
TIME LEFT 0 5 RIGHT 0 5
MOVE A8 35
MOVE A9 35
MOVE A10 35
MOVE A11 35
MOVE A12 35
MOVE A13 35
END TURN 127
TURN 128
COMMAND LEFT START
COMMAND LEFT END
COMMAND RIGHT START
COMMAND RIGHT END
TURN 128 RESULT
TIME LEFT 0 5 RIGHT 0 5
MOVE A8 42
MOVE A9 42
MOVE A10 42
MOVE A11 42
MOVE A12 42
MOVE A13 42
END TURN 128
TURN 129
COMMAND LEFT START
COMMAND LEFT END
COMMAND RIGHT START
COMMAND RIGHT END
TURN 129 RESULT
TIME LEFT 0 5 RIGHT 0 5
MOVE A8 54
MOVE A9 54
MOVE A10 54
MOVE A11 54
MOVE A12 54
MOVE A13 54
END TURN 129
TURN 130
COMMAND LEFT START
COMMAND LEFT END
COMMAND RIGHT START
COMMAND RIGHT END
TURN 130 RESULT
TIME LEFT 0 5 RIGHT 0 5
MOVE A8 75
MOVE A9 75
MOVE A10 75
MOVE A11 75
MOVE A12 75
MOVE A13 75
END TURN 130
TURN 131
COMMAND LEFT START
COMMAND LEFT END
COMMAND RIGHT START
COMMAND RIGHT END
TURN 131 RESULT
TIME LEFT 0 5 RIGHT 0 5
MOVE A8 96
MOVE A9 96
MOVE A10 96
MOVE A11 96
MOVE A12 96
MOVE A13 96
END TURN 131
TURN 132
COMMAND LEFT START
COMMAND LEFT END
COMMAND RIGHT START
TRAIN 1
COMMAND RIGHT END
TURN 132 RESULT
TIME LEFT 0 5 RIGHT 0 5
TRAIN B13
MOVE A8 110
MOVE A9 110
MOVE A10 110
MOVE A11 110
MOVE A12 110
MOVE A13 110
END TURN 132
TURN 133
COMMAND LEFT START
COMMAND LEFT END
COMMAND RIGHT START
COMMAND RIGHT END
TURN 133 RESULT
TIME LEFT 0 5 RIGHT 0 5
MOVE A8 124
MOVE A9 124
MOVE A10 124
MOVE A11 124
MOVE A12 124
MOVE A13 124
END TURN 133
TURN 134
COMMAND LEFT START
COMMAND LEFT END
COMMAND RIGHT START
TRAIN 1
COMMAND RIGHT END
TURN 134 RESULT
TIME LEFT 0 5 RIGHT 0 5
TRAIN B14
MOVE A8 145
MOVE A9 145
MOVE A10 145
MOVE A11 145
MOVE A12 145
MOVE A13 145
END TURN 134
TURN 135
COMMAND LEFT START
COMMAND LEFT END
COMMAND RIGHT START
MOVE B14 176
COMMAND RIGHT END
TURN 135 RESULT
TIME LEFT 0 5 RIGHT 0 5
MOVE A8 166
MOVE A9 166
MOVE A10 166
MOVE A11 166
MOVE A12 166
MOVE A13 166
MOVE B14 212
END TURN 135
TURN 136
COMMAND LEFT START
COMMAND LEFT END
COMMAND RIGHT START
TRAIN 1
COMMAND RIGHT END
TURN 136 RESULT
TIME LEFT 0 5 RIGHT 0 5
TRAIN B15
MOVE A8 178
MOVE A9 178
MOVE A10 178
MOVE A11 178
MOVE A12 178
MOVE A13 178
MOVE B14 203
END TURN 136
TURN 137
COMMAND LEFT START
COMMAND LEFT END
COMMAND RIGHT START
COMMAND RIGHT END
TURN 137 RESULT
TIME LEFT 0 5 RIGHT 0 5
MOVE A8 185
MOVE A9 185
MOVE A10 185
MOVE A11 185
MOVE A12 185
MOVE A13 185
MOVE B14 196
END TURN 137
TURN 138
COMMAND LEFT START
COMMAND LEFT END
COMMAND RIGHT START
MOVE B8 220
TRAIN 1
COMMAND RIGHT END
TURN 138 RESULT
TIME LEFT 0 5 RIGHT 0 5
TRAIN B16
MOVE A8 204
MOVE A9 204
MOVE A10 204
MOVE A11 204
MOVE A12 204
MOVE A13 204
MOVE B8 220
MOVE B14 176
END TURN 138
TURN 139
COMMAND LEFT START
COMMAND LEFT END
COMMAND RIGHT START
COMMAND RIGHT END
TURN 139 RESULT
TIME LEFT 0 5 RIGHT 0 5
MOVE A8 212
MOVE A9 212
MOVE A10 212
MOVE A11 212
MOVE A12 212
MOVE A13 212
END TURN 139
TURN 140
COMMAND LEFT START
COMMAND LEFT END
COMMAND RIGHT START
COMMAND RIGHT END
TURN 140 RESULT
TIME LEFT 0 5 RIGHT 0 5
MOVE A8 220
MOVE A9 220
MOVE A10 220
MOVE A11 220
MOVE A12 220
MOVE A13 220
DAMAGE TURRET A8 2
DAMAGE COMBAT A8 2
DAMAGE COMBAT A9 4
DAMAGE COMBAT B8 4
DAMAGE COMBAT B11 2
END TURN 140
TURN 141
COMMAND LEFT START
COMMAND LEFT END
COMMAND RIGHT START
COMMAND RIGHT END
TURN 141 RESULT
TIME LEFT 0 5 RIGHT 0 5
DAMAGE TURRET A10 2
DAMAGE COMBAT A10 2
DAMAGE COMBAT A11 3
DAMAGE COMBAT B11 3
DAMAGE COMBAT B12 1
END TURN 141
TURN 142
COMMAND LEFT START
COMMAND LEFT END
COMMAND RIGHT START
COMMAND RIGHT END
TURN 142 RESULT
TIME LEFT 0 5 RIGHT 0 5
DAMAGE TURRET A11 1
DAMAGE TURRET A12 1
DAMAGE COMBAT A12 3
DAMAGE COMBAT A13 1
DAMAGE COMBAT B12 3
END TURN 142
TURN 143
COMMAND LEFT START
COMMAND LEFT END
COMMAND RIGHT START
COMMAND RIGHT END
TURN 143 RESULT
TIME LEFT 0 5 RIGHT 0 5
DAMAGE TURRET A13 2
DAMAGE COMBAT A13 1
DAMAGE COMBAT B12 1
END TURN 143
TURN 144
COMMAND LEFT START
COMMAND LEFT END
COMMAND RIGHT START
MOVE B13 211
COMMAND RIGHT END
TURN 144 RESULT
TIME LEFT 0 5 RIGHT 0 5
MOVE B13 211
END TURN 144
TURN 145
COMMAND LEFT START
COMMAND LEFT END
COMMAND RIGHT START
COMMAND RIGHT END
TURN 145 RESULT
TIME LEFT 0 5 RIGHT 0 5
END TURN 145
TURN 146
COMMAND LEFT START
COMMAND LEFT END
COMMAND RIGHT START
COMMAND RIGHT END
TURN 146 RESULT
TIME LEFT 0 5 RIGHT 0 5
END TURN 146
TURN 147
COMMAND LEFT START
COMMAND LEFT END
COMMAND RIGHT START
COMMAND RIGHT END
TURN 147 RESULT
TIME LEFT 0 5 RIGHT 0 5
END TURN 147
TURN 148
COMMAND LEFT START
COMMAND LEFT END
COMMAND RIGHT START
MOVE B14 220
UPGRADE 220
COMMAND RIGHT END
TURN 148 RESULT
TIME LEFT 0 5 RIGHT 0 5
UPGRADE B 220
MOVE B14 196
END TURN 148
TURN 149
COMMAND LEFT START
COMMAND LEFT END
COMMAND RIGHT START
COMMAND RIGHT END
TURN 149 RESULT
TIME LEFT 0 5 RIGHT 0 5
MOVE B14 203
END TURN 149
TURN 150
COMMAND LEFT START
COMMAND LEFT END
COMMAND RIGHT START
COMMAND RIGHT END
TURN 150 RESULT
TIME LEFT 0 5 RIGHT 0 5
MOVE B14 212
END TURN 150
TURN 151
COMMAND LEFT START
COMMAND LEFT END
COMMAND RIGHT START
COMMAND RIGHT END
TURN 151 RESULT
TIME LEFT 0 5 RIGHT 0 5
MOVE B14 220
END TURN 151
TURN 152
COMMAND LEFT START
COMMAND LEFT END
COMMAND RIGHT START
COMMAND RIGHT END
TURN 152 RESULT
TIME LEFT 0 5 RIGHT 0 5
END TURN 152
TURN 153
COMMAND LEFT START
COMMAND LEFT END
COMMAND RIGHT START
COMMAND RIGHT END
TURN 153 RESULT
TIME LEFT 0 5 RIGHT 0 5
END TURN 153
TURN 154
COMMAND LEFT START
TRAIN 1
COMMAND LEFT END
COMMAND RIGHT START
COMMAND RIGHT END
TURN 154 RESULT
TIME LEFT 0 5 RIGHT 0 5
TRAIN A14
END TURN 154
TURN 155
COMMAND LEFT START
COMMAND LEFT END
COMMAND RIGHT START
COMMAND RIGHT END
TURN 155 RESULT
TIME LEFT 0 5 RIGHT 0 5
END TURN 155
TURN 156
COMMAND LEFT START
COMMAND LEFT END
COMMAND RIGHT START
COMMAND RIGHT END
TURN 156 RESULT
TIME LEFT 0 5 RIGHT 0 5
END TURN 156
TURN 157
COMMAND LEFT START
COMMAND LEFT END
COMMAND RIGHT START
TRAIN 1
COMMAND RIGHT END
TURN 157 RESULT
TIME LEFT 0 5 RIGHT 0 5
TRAIN B17
END TURN 157
TURN 158
COMMAND LEFT START
COMMAND LEFT END
COMMAND RIGHT START
TRAIN 1
COMMAND RIGHT END
TURN 158 RESULT
TIME LEFT 0 5 RIGHT 0 5
TRAIN B18
END TURN 158
TURN 159
COMMAND LEFT START
COMMAND LEFT END
COMMAND RIGHT START
MOVE B18 176
COMMAND RIGHT END
TURN 159 RESULT
TIME LEFT 0 5 RIGHT 0 5
MOVE B18 212
END TURN 159
TURN 160
COMMAND LEFT START
COMMAND LEFT END
COMMAND RIGHT START
TRAIN 1
COMMAND RIGHT END
TURN 160 RESULT
TIME LEFT 0 5 RIGHT 0 5
TRAIN B19
MOVE B18 203
END TURN 160
TURN 161
COMMAND LEFT START
COMMAND LEFT END
COMMAND RIGHT START
COMMAND RIGHT END
TURN 161 RESULT
TIME LEFT 0 5 RIGHT 0 5
MOVE B18 196
END TURN 161
TURN 162
COMMAND LEFT START
COMMAND LEFT END
COMMAND RIGHT START
TRAIN 1
COMMAND RIGHT END
TURN 162 RESULT
TIME LEFT 0 5 RIGHT 0 5
TRAIN B20
MOVE B18 176
END TURN 162
TURN 163
COMMAND LEFT START
COMMAND LEFT END
COMMAND RIGHT START
UPGRADE 176
COMMAND RIGHT END
TURN 163 RESULT
TIME LEFT 0 5 RIGHT 0 5
UPGRADE B 176
END TURN 163
TURN 164
COMMAND LEFT START
COMMAND LEFT END
COMMAND RIGHT START
COMMAND RIGHT END
TURN 164 RESULT
TIME LEFT 0 5 RIGHT 0 5
END TURN 164
TURN 165
COMMAND LEFT START
TRAIN 1
COMMAND LEFT END
COMMAND RIGHT START
COMMAND RIGHT END
TURN 165 RESULT
TIME LEFT 0 5 RIGHT 0 5
TRAIN A15
END TURN 165
TURN 166
COMMAND LEFT START
COMMAND LEFT END
COMMAND RIGHT START
COMMAND RIGHT END
TURN 166 RESULT
TIME LEFT 0 5 RIGHT 0 5
END TURN 166
TURN 167
COMMAND LEFT START
COMMAND LEFT END
COMMAND RIGHT START
COMMAND RIGHT END
TURN 167 RESULT
TIME LEFT 0 5 RIGHT 0 5
END TURN 167
TURN 168
COMMAND LEFT START
COMMAND LEFT END
COMMAND RIGHT START
MOVE B20 172
COMMAND RIGHT END
TURN 168 RESULT
TIME LEFT 0 5 RIGHT 0 5
MOVE B20 216
END TURN 168
TURN 169
COMMAND LEFT START
COMMAND LEFT END
COMMAND RIGHT START
UPGRADE 176
COMMAND RIGHT END
TURN 169 RESULT
TIME LEFT 0 5 RIGHT 0 5
UPGRADE B 176
MOVE B20 213
END TURN 169
TURN 170
COMMAND LEFT START
COMMAND LEFT END
COMMAND RIGHT START
MOVE B14 176
COMMAND RIGHT END
TURN 170 RESULT
TIME LEFT 0 5 RIGHT 0 5
MOVE B14 212
MOVE B20 206
END TURN 170
TURN 171
COMMAND LEFT START
COMMAND LEFT END
COMMAND RIGHT START
COMMAND RIGHT END
TURN 171 RESULT
TIME LEFT 0 5 RIGHT 0 5
MOVE B14 203
MOVE B20 202
END TURN 171
TURN 172
COMMAND LEFT START
COMMAND LEFT END
COMMAND RIGHT START
COMMAND RIGHT END
TURN 172 RESULT
TIME LEFT 0 5 RIGHT 0 5
MOVE B14 196
MOVE B20 184
END TURN 172
TURN 173
COMMAND LEFT START
COMMAND LEFT END
COMMAND RIGHT START
COMMAND RIGHT END
TURN 173 RESULT
TIME LEFT 0 5 RIGHT 0 5
MOVE B14 176
MOVE B20 172
END TURN 173
TURN 174
COMMAND LEFT START
COMMAND LEFT END
COMMAND RIGHT START
UPGRADE 172
COMMAND RIGHT END
TURN 174 RESULT
TIME LEFT 0 5 RIGHT 0 5
UPGRADE B 172
END TURN 174
TURN 175
COMMAND LEFT START
COMMAND LEFT END
COMMAND RIGHT START
COMMAND RIGHT END
TURN 175 RESULT
TIME LEFT 0 5 RIGHT 0 5
END TURN 175
TURN 176
COMMAND LEFT START
COMMAND LEFT END
COMMAND RIGHT START
COMMAND RIGHT END
TURN 176 RESULT
TIME LEFT 0 5 RIGHT 0 5
END TURN 176
TURN 177
COMMAND LEFT START
COMMAND LEFT END
COMMAND RIGHT START
COMMAND RIGHT END
TURN 177 RESULT
TIME LEFT 0 5 RIGHT 0 5
END TURN 177
TURN 178
COMMAND LEFT START
TRAIN 1
COMMAND LEFT END
COMMAND RIGHT START
COMMAND RIGHT END
TURN 178 RESULT
TIME LEFT 0 5 RIGHT 0 5
TRAIN A16
END TURN 178
TURN 179
COMMAND LEFT START
COMMAND LEFT END
COMMAND RIGHT START
UPGRADE 172
COMMAND RIGHT END
TURN 179 RESULT
TIME LEFT 0 5 RIGHT 0 5
UPGRADE B 172
END TURN 179
TURN 180
COMMAND LEFT START
COMMAND LEFT END
COMMAND RIGHT START
MOVE B15 172
COMMAND RIGHT END
TURN 180 RESULT
TIME LEFT 0 5 RIGHT 0 5
MOVE B15 216
END TURN 180
TURN 181
COMMAND LEFT START
COMMAND LEFT END
COMMAND RIGHT START
COMMAND RIGHT END
TURN 181 RESULT
TIME LEFT 0 5 RIGHT 0 5
MOVE B15 213
END TURN 181
TURN 182
COMMAND LEFT START
COMMAND LEFT END
COMMAND RIGHT START
COMMAND RIGHT END
TURN 182 RESULT
TIME LEFT 0 5 RIGHT 0 5
MOVE B15 206
END TURN 182
TURN 183
COMMAND LEFT START
COMMAND LEFT END
COMMAND RIGHT START
COMMAND RIGHT END
TURN 183 RESULT
TIME LEFT 0 5 RIGHT 0 5
MOVE B15 202
END TURN 183
TURN 184
COMMAND LEFT START
COMMAND LEFT END
COMMAND RIGHT START
UPGRADE 176
COMMAND RIGHT END
TURN 184 RESULT
TIME LEFT 0 5 RIGHT 0 5
UPGRADE B 176
MOVE B15 184
END TURN 184
TURN 185
COMMAND LEFT START
COMMAND LEFT END
COMMAND RIGHT START
TRAIN 1
COMMAND RIGHT END
TURN 185 RESULT
TIME LEFT 0 5 RIGHT 0 5
TRAIN B21
MOVE B15 172
END TURN 185
TURN 186
COMMAND LEFT START
COMMAND LEFT END
COMMAND RIGHT START
MOVE B16 176
COMMAND RIGHT END
TURN 186 RESULT
TIME LEFT 0 5 RIGHT 0 5
MOVE B16 212
END TURN 186
TURN 187
COMMAND LEFT START
COMMAND LEFT END
COMMAND RIGHT START
COMMAND RIGHT END
TURN 187 RESULT
TIME LEFT 0 5 RIGHT 0 5
MOVE B16 203
END TURN 187
TURN 188
COMMAND LEFT START
COMMAND LEFT END
COMMAND RIGHT START
COMMAND RIGHT END
TURN 188 RESULT
TIME LEFT 0 5 RIGHT 0 5
MOVE B16 196
END TURN 188
TURN 189
COMMAND LEFT START
COMMAND LEFT END
COMMAND RIGHT START
COMMAND RIGHT END
TURN 189 RESULT
TIME LEFT 0 5 RIGHT 0 5
MOVE B16 176
END TURN 189
TURN 190
COMMAND LEFT START
COMMAND LEFT END
COMMAND RIGHT START
UPGRADE 172
COMMAND RIGHT END
TURN 190 RESULT
TIME LEFT 0 5 RIGHT 0 5
UPGRADE B 172
END TURN 190
TURN 191
COMMAND LEFT START
COMMAND LEFT END
COMMAND RIGHT START
TRAIN 1
COMMAND RIGHT END
TURN 191 RESULT
TIME LEFT 0 5 RIGHT 0 5
TRAIN B22
END TURN 191
TURN 192
COMMAND LEFT START
COMMAND LEFT END
COMMAND RIGHT START
MOVE B17 172
COMMAND RIGHT END
TURN 192 RESULT
TIME LEFT 0 5 RIGHT 0 5
MOVE B17 216
END TURN 192
TURN 193
COMMAND LEFT START
COMMAND LEFT END
COMMAND RIGHT START
COMMAND RIGHT END
TURN 193 RESULT
TIME LEFT 0 5 RIGHT 0 5
MOVE B17 213
END TURN 193
TURN 194
COMMAND LEFT START
COMMAND LEFT END
COMMAND RIGHT START
COMMAND RIGHT END
TURN 194 RESULT
TIME LEFT 0 5 RIGHT 0 5
MOVE B17 206
END TURN 194
TURN 195
COMMAND LEFT START
TRAIN 1
COMMAND LEFT END
COMMAND RIGHT START
TRAIN 1
COMMAND RIGHT END
TURN 195 RESULT
TIME LEFT 0 5 RIGHT 0 5
TRAIN A17 B23
MOVE B17 202
END TURN 195
TURN 196
COMMAND LEFT START
COMMAND LEFT END
COMMAND RIGHT START
TRAIN 1
COMMAND RIGHT END
TURN 196 RESULT
TIME LEFT 0 5 RIGHT 0 5
TRAIN B24
MOVE B17 184
END TURN 196
TURN 197
COMMAND LEFT START
COMMAND LEFT END
COMMAND RIGHT START
MOVE B24 141
COMMAND RIGHT END
TURN 197 RESULT
TIME LEFT 0 5 RIGHT 0 5
MOVE B17 172
MOVE B24 212
END TURN 197
TURN 198
COMMAND LEFT START
COMMAND LEFT END
COMMAND RIGHT START
TRAIN 2
COMMAND RIGHT END
TURN 198 RESULT
TIME LEFT 0 5 RIGHT 0 5
TRAIN B25 B26
MOVE B24 203
END TURN 198
TURN 199
COMMAND LEFT START
COMMAND LEFT END
COMMAND RIGHT START
TRAIN 2
COMMAND RIGHT END
TURN 199 RESULT
TIME LEFT 0 5 RIGHT 0 5
TRAIN B27 B28
MOVE B24 196
END TURN 199
TURN 200
COMMAND LEFT START
COMMAND LEFT END
COMMAND RIGHT START
TRAIN 1
COMMAND RIGHT END
TURN 200 RESULT
TIME LEFT 0 5 RIGHT 0 5
TRAIN B29
MOVE B24 182
END TURN 200
TURN 201
COMMAND LEFT START
COMMAND LEFT END
COMMAND RIGHT START
TRAIN 1
COMMAND RIGHT END
TURN 201 RESULT
TIME LEFT 0 5 RIGHT 0 5
TRAIN B30
MOVE B24 170
END TURN 201
TURN 202
COMMAND LEFT START
COMMAND LEFT END
COMMAND RIGHT START
TRAIN 1
COMMAND RIGHT END
TURN 202 RESULT
TIME LEFT 0 5 RIGHT 0 5
TRAIN B31
MOVE B24 159
END TURN 202
TURN 203
COMMAND LEFT START
COMMAND LEFT END
COMMAND RIGHT START
TRAIN 1
COMMAND RIGHT END
TURN 203 RESULT
TIME LEFT 0 5 RIGHT 0 5
TRAIN B32
MOVE B24 153
END TURN 203
TURN 204
COMMAND LEFT START
COMMAND LEFT END
COMMAND RIGHT START
TRAIN 1
COMMAND RIGHT END
TURN 204 RESULT
TIME LEFT 0 5 RIGHT 0 5
TRAIN B33
MOVE B24 141
END TURN 204
TURN 205
COMMAND LEFT START
COMMAND LEFT END
COMMAND RIGHT START
UPGRADE 141
COMMAND RIGHT END
TURN 205 RESULT
TIME LEFT 0 5 RIGHT 0 5
UPGRADE B 141
END TURN 205
TURN 206
COMMAND LEFT START
COMMAND LEFT END
COMMAND RIGHT START
COMMAND RIGHT END
TURN 206 RESULT
TIME LEFT 0 5 RIGHT 0 5
END TURN 206
TURN 207
COMMAND LEFT START
COMMAND LEFT END
COMMAND RIGHT START
MOVE B33 123
COMMAND RIGHT END
TURN 207 RESULT
TIME LEFT 0 5 RIGHT 0 5
MOVE B33 212
END TURN 207
TURN 208
COMMAND LEFT START
COMMAND LEFT END
COMMAND RIGHT START
UPGRADE 141
COMMAND RIGHT END
TURN 208 RESULT
TIME LEFT 0 5 RIGHT 0 5
UPGRADE B 141
MOVE B33 203
END TURN 208
TURN 209
COMMAND LEFT START
COMMAND LEFT END
COMMAND RIGHT START
MOVE B19 141
COMMAND RIGHT END
TURN 209 RESULT
TIME LEFT 0 5 RIGHT 0 5
MOVE B19 212
MOVE B33 196
END TURN 209
TURN 210
COMMAND LEFT START
COMMAND LEFT END
COMMAND RIGHT START
COMMAND RIGHT END
TURN 210 RESULT
TIME LEFT 0 5 RIGHT 0 5
MOVE B19 203
MOVE B33 182
END TURN 210
TURN 211
COMMAND LEFT START
COMMAND LEFT END
COMMAND RIGHT START
COMMAND RIGHT END
TURN 211 RESULT
TIME LEFT 0 5 RIGHT 0 5
MOVE B19 196
MOVE B33 170
END TURN 211
TURN 212
COMMAND LEFT START
COMMAND LEFT END
COMMAND RIGHT START
UPGRADE 141
COMMAND RIGHT END
TURN 212 RESULT
TIME LEFT 0 5 RIGHT 0 5
UPGRADE B 141
MOVE B19 182
MOVE B33 159
END TURN 212
TURN 213
COMMAND LEFT START
COMMAND LEFT END
COMMAND RIGHT START
MOVE B21 141
COMMAND RIGHT END
TURN 213 RESULT
TIME LEFT 0 5 RIGHT 0 5
MOVE B19 170
MOVE B21 212
MOVE B33 138
END TURN 213
TURN 214
COMMAND LEFT START
COMMAND LEFT END
COMMAND RIGHT START
COMMAND RIGHT END
TURN 214 RESULT
TIME LEFT 0 5 RIGHT 0 5
MOVE B19 159
MOVE B21 203
MOVE B33 123
END TURN 214
TURN 215
COMMAND LEFT START
COMMAND LEFT END
COMMAND RIGHT START
UPGRADE 123
COMMAND RIGHT END
TURN 215 RESULT
TIME LEFT 0 5 RIGHT 0 5
UPGRADE B 123
MOVE B19 153
MOVE B21 196
END TURN 215
TURN 216
COMMAND LEFT START
COMMAND LEFT END
COMMAND RIGHT START
COMMAND RIGHT END
TURN 216 RESULT
TIME LEFT 0 5 RIGHT 0 5
MOVE B19 141
MOVE B21 182
END TURN 216
TURN 217
COMMAND LEFT START
COMMAND LEFT END
COMMAND RIGHT START
COMMAND RIGHT END
TURN 217 RESULT
TIME LEFT 0 5 RIGHT 0 5
MOVE B21 170
END TURN 217
TURN 218
COMMAND LEFT START
COMMAND LEFT END
COMMAND RIGHT START
MOVE B32 110
COMMAND RIGHT END
TURN 218 RESULT
TIME LEFT 0 5 RIGHT 0 5
MOVE B21 159
MOVE B32 212
END TURN 218
TURN 219
COMMAND LEFT START
TRAIN 1
COMMAND LEFT END
COMMAND RIGHT START
UPGRADE 123
COMMAND RIGHT END
TURN 219 RESULT
TIME LEFT 0 5 RIGHT 0 5
UPGRADE B 123
TRAIN A18
MOVE B21 153
MOVE B32 204
END TURN 219
TURN 220
COMMAND LEFT START
COMMAND LEFT END
COMMAND RIGHT START
MOVE B22 123
COMMAND RIGHT END
TURN 220 RESULT
TIME LEFT 0 5 RIGHT 0 5
MOVE B21 141
MOVE B22 212
MOVE B32 185
END TURN 220
TURN 221
COMMAND LEFT START
COMMAND LEFT END
COMMAND RIGHT START
COMMAND RIGHT END
TURN 221 RESULT
TIME LEFT 0 5 RIGHT 0 5
MOVE B22 203
MOVE B32 178
END TURN 221
TURN 222
COMMAND LEFT START
COMMAND LEFT END
COMMAND RIGHT START
UPGRADE 123
COMMAND RIGHT END
TURN 222 RESULT
TIME LEFT 0 5 RIGHT 0 5
UPGRADE B 123
MOVE B22 196
MOVE B32 166
END TURN 222
TURN 223
COMMAND LEFT START
COMMAND LEFT END
COMMAND RIGHT START
MOVE B23 123
COMMAND RIGHT END
TURN 223 RESULT
TIME LEFT 0 5 RIGHT 0 5
MOVE B22 182
MOVE B23 212
MOVE B32 145
END TURN 223
TURN 224
COMMAND LEFT START
COMMAND LEFT END
COMMAND RIGHT START
COMMAND RIGHT END
TURN 224 RESULT
TIME LEFT 0 5 RIGHT 0 5
MOVE B22 170
MOVE B23 203
MOVE B32 124
END TURN 224
TURN 225
COMMAND LEFT START
COMMAND LEFT END
COMMAND RIGHT START
TRAIN 2
COMMAND RIGHT END
TURN 225 RESULT
TIME LEFT 0 5 RIGHT 0 5
TRAIN B34 B35
MOVE B22 159
MOVE B23 196
MOVE B32 110
END TURN 225
TURN 226
COMMAND LEFT START
COMMAND LEFT END
COMMAND RIGHT START
UPGRADE 110
COMMAND RIGHT END
TURN 226 RESULT
TIME LEFT 0 5 RIGHT 0 5
UPGRADE B 110
MOVE B22 138
MOVE B23 182
END TURN 226
TURN 227
COMMAND LEFT START
COMMAND LEFT END
COMMAND RIGHT START
MOVE B35 110
MOVE B34 110
MOVE B31 110
MOVE B30 110
MOVE B29 110
MOVE B28 110
COMMAND RIGHT END
TURN 227 RESULT
TIME LEFT 0 5 RIGHT 0 5
MOVE B22 123
MOVE B23 170
MOVE B28 212
MOVE B29 212
MOVE B30 212
MOVE B31 212
MOVE B34 212
MOVE B35 212
END TURN 227
TURN 228
COMMAND LEFT START
COMMAND LEFT END
COMMAND RIGHT START
UPGRADE 110
COMMAND RIGHT END
TURN 228 RESULT
TIME LEFT 0 5 RIGHT 0 5
UPGRADE B 110
MOVE B23 159
MOVE B28 204
MOVE B29 204
MOVE B30 204
MOVE B31 204
MOVE B34 204
MOVE B35 204
END TURN 228
TURN 229
COMMAND LEFT START
COMMAND LEFT END
COMMAND RIGHT START
COMMAND RIGHT END
TURN 229 RESULT
TIME LEFT 0 5 RIGHT 0 5
MOVE B23 138
MOVE B28 185
MOVE B29 185
MOVE B30 185
MOVE B31 185
MOVE B34 185
MOVE B35 185
END TURN 229
TURN 230
COMMAND LEFT START
COMMAND LEFT END
COMMAND RIGHT START
COMMAND RIGHT END
TURN 230 RESULT
TIME LEFT 0 5 RIGHT 0 5
MOVE B23 123
MOVE B28 178
MOVE B29 178
MOVE B30 178
MOVE B31 178
MOVE B34 178
MOVE B35 178
END TURN 230
TURN 231
COMMAND LEFT START
COMMAND LEFT END
COMMAND RIGHT START
UPGRADE 110
COMMAND RIGHT END
TURN 231 RESULT
TIME LEFT 0 5 RIGHT 0 5
UPGRADE B 110
MOVE B28 166
MOVE B29 166
MOVE B30 166
MOVE B31 166
MOVE B34 166
MOVE B35 166
END TURN 231
TURN 232
COMMAND LEFT START
COMMAND LEFT END
COMMAND RIGHT START
COMMAND RIGHT END
TURN 232 RESULT
TIME LEFT 0 5 RIGHT 0 5
MOVE B28 145
MOVE B29 145
MOVE B30 145
MOVE B31 145
MOVE B34 145
MOVE B35 145
END TURN 232
TURN 233
COMMAND LEFT START
COMMAND LEFT END
COMMAND RIGHT START
TRAIN 1
COMMAND RIGHT END
TURN 233 RESULT
TIME LEFT 0 5 RIGHT 0 5
TRAIN B36
MOVE B28 124
MOVE B29 124
MOVE B30 124
MOVE B31 124
MOVE B34 124
MOVE B35 124
END TURN 233
TURN 234
COMMAND LEFT START
COMMAND LEFT END
COMMAND RIGHT START
MOVE B36 110
TRAIN 2
COMMAND RIGHT END
TURN 234 RESULT
TIME LEFT 0 5 RIGHT 0 5
TRAIN B37 B38
MOVE B28 110
MOVE B29 110
MOVE B30 110
MOVE B31 110
MOVE B34 110
MOVE B35 110
MOVE B36 212
END TURN 234
TURN 235
COMMAND LEFT START
COMMAND LEFT END
COMMAND RIGHT START
COMMAND RIGHT END
TURN 235 RESULT
TIME LEFT 0 5 RIGHT 0 5
MOVE B36 204
END TURN 235
TURN 236
COMMAND LEFT START
COMMAND LEFT END
COMMAND RIGHT START
COMMAND RIGHT END
TURN 236 RESULT
TIME LEFT 0 5 RIGHT 0 5
MOVE B36 185
END TURN 236
TURN 237
COMMAND LEFT START
COMMAND LEFT END
COMMAND RIGHT START
COMMAND RIGHT END
TURN 237 RESULT
TIME LEFT 0 5 RIGHT 0 5
MOVE B36 178
END TURN 237
TURN 238
COMMAND LEFT START
COMMAND LEFT END
COMMAND RIGHT START
COMMAND RIGHT END
TURN 238 RESULT
TIME LEFT 0 5 RIGHT 0 5
MOVE B36 166
END TURN 238
TURN 239
COMMAND LEFT START
COMMAND LEFT END
COMMAND RIGHT START
COMMAND RIGHT END
TURN 239 RESULT
TIME LEFT 0 5 RIGHT 0 5
MOVE B36 145
END TURN 239
TURN 240
COMMAND LEFT START
COMMAND LEFT END
COMMAND RIGHT START
MOVE B38 110
UPGRADE 220
COMMAND RIGHT END
TURN 240 RESULT
TIME LEFT 0 5 RIGHT 0 5
UPGRADE B 220
MOVE B36 124
MOVE B38 212
END TURN 240
TURN 241
COMMAND LEFT START
COMMAND LEFT END
COMMAND RIGHT START
COMMAND RIGHT END
TURN 241 RESULT
TIME LEFT 0 5 RIGHT 0 5
MOVE B36 110
MOVE B38 204
END TURN 241
TURN 242
COMMAND LEFT START
COMMAND LEFT END
COMMAND RIGHT START
MOVE B36 160
COMMAND RIGHT END
TURN 242 RESULT
TIME LEFT 0 5 RIGHT 0 5
MOVE B36 118
MOVE B38 185
END TURN 242
TURN 243
COMMAND LEFT START
COMMAND LEFT END
COMMAND RIGHT START
TRAIN 2
COMMAND RIGHT END
TURN 243 RESULT
TIME LEFT 0 5 RIGHT 0 5
TRAIN B39 B40
MOVE B36 133
MOVE B38 178
END TURN 243
TURN 244
COMMAND LEFT START
COMMAND LEFT END
COMMAND RIGHT START
MOVE B40 110
MOVE B39 110
TRAIN 2
COMMAND RIGHT END
TURN 244 RESULT
TIME LEFT 0 5 RIGHT 0 5
TRAIN B41 B42
MOVE B36 137
MOVE B38 166
MOVE B39 212
MOVE B40 212
END TURN 244
TURN 245
COMMAND LEFT START
COMMAND LEFT END
COMMAND RIGHT START
MOVE B42 110
MOVE B41 110
TRAIN 2
COMMAND RIGHT END
TURN 245 RESULT
TIME LEFT 0 5 RIGHT 0 5
TRAIN B43 B44
MOVE B36 138
MOVE B38 145
MOVE B39 204
MOVE B40 204
MOVE B41 212
MOVE B42 212
END TURN 245
TURN 246
COMMAND LEFT START
COMMAND LEFT END
COMMAND RIGHT START
MOVE B44 110
TRAIN 2
COMMAND RIGHT END
TURN 246 RESULT
TIME LEFT 0 5 RIGHT 0 5
TRAIN B45 B46
MOVE B36 141
MOVE B38 124
MOVE B39 185
MOVE B40 185
MOVE B41 204
MOVE B42 204
MOVE B44 212
END TURN 246
TURN 247
COMMAND LEFT START
COMMAND LEFT END
COMMAND RIGHT START
TRAIN 2
COMMAND RIGHT END
TURN 247 RESULT
TIME LEFT 0 5 RIGHT 0 5
TRAIN B47 B48
MOVE B36 157
MOVE B38 110
MOVE B39 178
MOVE B40 178
MOVE B41 185
MOVE B42 185
MOVE B44 204
END TURN 247
TURN 248
COMMAND LEFT START
COMMAND LEFT END
COMMAND RIGHT START
TRAIN 2
COMMAND RIGHT END
TURN 248 RESULT
TIME LEFT 0 5 RIGHT 0 5
TRAIN B49 B50
MOVE B36 169
MOVE B39 166
MOVE B40 166
MOVE B41 178
MOVE B42 178
MOVE B44 185
END TURN 248
TURN 249
COMMAND LEFT START
COMMAND LEFT END
COMMAND RIGHT START
TRAIN 2
COMMAND RIGHT END
TURN 249 RESULT
TIME LEFT 0 5 RIGHT 0 5
TRAIN B51 B52
MOVE B36 160
MOVE B39 145
MOVE B40 145
MOVE B41 166
MOVE B42 166
MOVE B44 178
END TURN 249
TURN 250
COMMAND LEFT START
COMMAND LEFT END
COMMAND RIGHT START
UPGRADE 160
COMMAND RIGHT END
TURN 250 RESULT
TIME LEFT 0 5 RIGHT 0 5
UPGRADE B 160
MOVE B39 124
MOVE B40 124
MOVE B41 145
MOVE B42 145
MOVE B44 166
END TURN 250
TURN 251
COMMAND LEFT START
COMMAND LEFT END
COMMAND RIGHT START
MOVE B38 126
COMMAND RIGHT END
TURN 251 RESULT
TIME LEFT 0 5 RIGHT 0 5
MOVE B38 119
MOVE B39 110
MOVE B40 110
MOVE B41 124
MOVE B42 124
MOVE B44 145
END TURN 251
TURN 252
COMMAND LEFT START
COMMAND LEFT END
COMMAND RIGHT START
MOVE B52 110
UPGRADE 160
COMMAND RIGHT END
TURN 252 RESULT
TIME LEFT 0 5 RIGHT 0 5
UPGRADE B 160
MOVE B38 128
MOVE B41 110
MOVE B42 110
MOVE B44 124
MOVE B52 212
END TURN 252
TURN 253
COMMAND LEFT START
COMMAND LEFT END
COMMAND RIGHT START
MOVE B28 160
UPGRADE 160
COMMAND RIGHT END
TURN 253 RESULT
TIME LEFT 0 5 RIGHT 0 5
UPGRADE B 160
MOVE B28 118
MOVE B38 127
MOVE B44 110
MOVE B52 204
END TURN 253
TURN 254
COMMAND LEFT START
COMMAND LEFT END
COMMAND RIGHT START
MOVE B29 160
MOVE B51 110
COMMAND RIGHT END
TURN 254 RESULT
TIME LEFT 0 5 RIGHT 0 5
MOVE B28 133
MOVE B29 118
MOVE B38 135
MOVE B51 212
MOVE B52 185
END TURN 254
TURN 255
COMMAND LEFT START
COMMAND LEFT END
COMMAND RIGHT START
MOVE B50 110
TRAIN 1
COMMAND RIGHT END
TURN 255 RESULT
TIME LEFT 0 5 RIGHT 0 5
TRAIN B53
MOVE B28 137
MOVE B29 133
MOVE B38 140
MOVE B50 212
MOVE B51 204
MOVE B52 178
END TURN 255
TURN 256
COMMAND LEFT START
COMMAND LEFT END
COMMAND RIGHT START
TRAIN 2
COMMAND RIGHT END
TURN 256 RESULT
TIME LEFT 0 5 RIGHT 0 5
TRAIN B54 B55
MOVE B28 138
MOVE B29 137
MOVE B38 126
MOVE B50 204
MOVE B51 185
MOVE B52 166
END TURN 256
TURN 257
COMMAND LEFT START
COMMAND LEFT END
COMMAND RIGHT START
UPGRADE 126
COMMAND RIGHT END
TURN 257 RESULT
TIME LEFT 0 5 RIGHT 0 5
UPGRADE B 126
MOVE B28 141
MOVE B29 138
MOVE B50 185
MOVE B51 178
MOVE B52 145
END TURN 257
TURN 258
COMMAND LEFT START
COMMAND LEFT END
COMMAND RIGHT START
MOVE B44 97
COMMAND RIGHT END
TURN 258 RESULT
TIME LEFT 0 5 RIGHT 0 5
MOVE B28 157
MOVE B29 141
MOVE B44 102
MOVE B50 178
MOVE B51 166
MOVE B52 124
END TURN 258
TURN 259
COMMAND LEFT START
TRAIN 1
COMMAND LEFT END
COMMAND RIGHT START
MOVE B55 110
UPGRADE 126
COMMAND RIGHT END
TURN 259 RESULT
TIME LEFT 0 5 RIGHT 0 5
UPGRADE B 126
TRAIN A19
MOVE B28 169
MOVE B29 157
MOVE B44 112
MOVE B50 166
MOVE B51 145
MOVE B52 110
MOVE B55 212
END TURN 259
TURN 260
COMMAND LEFT START
MOVE A14 220
MOVE A15 220
MOVE A16 220
MOVE A17 220
MOVE A18 220
MOVE A19 220
COMMAND LEFT END
COMMAND RIGHT START
MOVE B30 126
COMMAND RIGHT END
TURN 260 RESULT
TIME LEFT 0 5 RIGHT 0 5
MOVE A14 8
MOVE A15 8
MOVE A16 8
MOVE A17 8
MOVE A18 8
MOVE A19 8
MOVE B28 160
MOVE B29 169
MOVE B30 119
MOVE B44 114
MOVE B50 145
MOVE B51 124
MOVE B55 204
END TURN 260
TURN 261
COMMAND LEFT START
COMMAND LEFT END
COMMAND RIGHT START
MOVE B54 110
UPGRADE 126
COMMAND RIGHT END
TURN 261 RESULT
TIME LEFT 0 5 RIGHT 0 5
UPGRADE B 126
MOVE A14 16
MOVE A15 16
MOVE A16 16
MOVE A17 16
MOVE A18 16
MOVE A19 16
MOVE B29 160
MOVE B30 128
MOVE B44 97
MOVE B50 124
MOVE B51 110
MOVE B54 212
MOVE B55 185
END TURN 261
TURN 262
COMMAND LEFT START
COMMAND LEFT END
COMMAND RIGHT START
MOVE B31 126
UPGRADE 97
COMMAND RIGHT END
TURN 262 RESULT
TIME LEFT 0 5 RIGHT 0 5
UPGRADE B 97
MOVE A14 35
MOVE A15 35
MOVE A16 35
MOVE A17 35
MOVE A18 35
MOVE A19 35
MOVE B30 127
MOVE B31 119
MOVE B50 110
MOVE B54 204
MOVE B55 178
END TURN 262
TURN 263
COMMAND LEFT START
COMMAND LEFT END
COMMAND RIGHT START
MOVE B53 110
COMMAND RIGHT END
TURN 263 RESULT
TIME LEFT 0 5 RIGHT 0 5
MOVE A14 42
MOVE A15 42
MOVE A16 42
MOVE A17 42
MOVE A18 42
MOVE A19 42
MOVE B30 135
MOVE B31 128
MOVE B53 212
MOVE B54 185
MOVE B55 166
END TURN 263
TURN 264
COMMAND LEFT START
COMMAND LEFT END
COMMAND RIGHT START
MOVE B52 94
COMMAND RIGHT END
TURN 264 RESULT
TIME LEFT 0 5 RIGHT 0 5
MOVE A14 54
MOVE A15 54
MOVE A16 54
MOVE A17 54
MOVE A18 54
MOVE A19 54
MOVE B30 140
MOVE B31 127
MOVE B52 101
MOVE B53 204
MOVE B54 178
MOVE B55 145
END TURN 264
TURN 265
COMMAND LEFT START
COMMAND LEFT END
COMMAND RIGHT START
MOVE B49 110
UPGRADE 97
COMMAND RIGHT END
TURN 265 RESULT
TIME LEFT 0 5 RIGHT 0 5
UPGRADE B 97
MOVE A14 75
MOVE A15 75
MOVE A16 75
MOVE A17 75
MOVE A18 75
MOVE A19 75
MOVE B30 126
MOVE B31 135
MOVE B49 212
MOVE B52 92
MOVE B53 185
MOVE B54 166
MOVE B55 124
END TURN 265
TURN 266
COMMAND LEFT START
COMMAND LEFT END
COMMAND RIGHT START
MOVE B32 97
UPGRADE 97
COMMAND RIGHT END
TURN 266 RESULT
TIME LEFT 0 5 RIGHT 0 5
UPGRADE B 97
MOVE A14 96
MOVE A15 96
MOVE A16 96
MOVE A17 96
MOVE A18 96
MOVE A19 96
MOVE B31 140
MOVE B32 102
MOVE B49 204
MOVE B52 93
MOVE B53 178
MOVE B54 145
MOVE B55 110
END TURN 266
TURN 267
COMMAND LEFT START
COMMAND LEFT END
COMMAND RIGHT START
MOVE B34 97
MOVE B48 110
COMMAND RIGHT END
TURN 267 RESULT
TIME LEFT 0 5 RIGHT 0 5
MOVE A14 110
MOVE A15 110
MOVE A16 110
MOVE A17 110
MOVE A18 110
MOVE A19 110
MOVE B31 126
MOVE B32 112
MOVE B34 102
MOVE B48 212
MOVE B49 185
MOVE B52 85
MOVE B53 166
MOVE B54 124
DAMAGE TURRET A14 2
DAMAGE COMBAT A14 2
DAMAGE COMBAT A15 4
DAMAGE COMBAT A16 2
DAMAGE COMBAT B35 6
END TURN 267
TURN 268
COMMAND LEFT START
COMMAND LEFT END
COMMAND RIGHT START
TRAIN 2
COMMAND RIGHT END
TURN 268 RESULT
TIME LEFT 0 5 RIGHT 0 5
TRAIN B56 B57
MOVE B32 114
MOVE B34 112
MOVE B48 204
MOVE B49 178
MOVE B52 80
MOVE B53 145
MOVE B54 110
DAMAGE TURRET A16 2
DAMAGE COMBAT A17 4
DAMAGE COMBAT A18 4
DAMAGE COMBAT B39 4
END TURN 268
TURN 269
COMMAND LEFT START
COMMAND LEFT END
COMMAND RIGHT START
TRAIN 2
COMMAND RIGHT END
TURN 269 RESULT
TIME LEFT 0 5 RIGHT 0 5
TRAIN B58 B59
MOVE B32 97
MOVE B34 114
MOVE B48 185
MOVE B49 166
MOVE B52 94
MOVE B53 124
DAMAGE TURRET A19 2
DAMAGE COMBAT A19 2
DAMAGE COMBAT B39 1
END TURN 269
TURN 270
COMMAND LEFT START
COMMAND LEFT END
COMMAND RIGHT START
MOVE B55 121
MOVE B59 110
MOVE B58 110
UPGRADE 94
COMMAND RIGHT END
TURN 270 RESULT
TIME LEFT 0 5 RIGHT 0 5
UPGRADE B 94
MOVE B34 97
MOVE B48 178
MOVE B49 145
MOVE B53 110
MOVE B55 118
MOVE B58 212
MOVE B59 212
END TURN 270
TURN 271
COMMAND LEFT START
COMMAND LEFT END
COMMAND RIGHT START
MOVE B57 110
UPGRADE 94
COMMAND RIGHT END
TURN 271 RESULT
TIME LEFT 0 5 RIGHT 0 5
UPGRADE B 94
MOVE B48 166
MOVE B49 124
MOVE B55 108
MOVE B57 212
MOVE B58 204
MOVE B59 204
END TURN 271
TURN 272
COMMAND LEFT START
COMMAND LEFT END
COMMAND RIGHT START
MOVE B39 94
UPGRADE 94
COMMAND RIGHT END
TURN 272 RESULT
TIME LEFT 0 5 RIGHT 0 5
UPGRADE B 94
MOVE B39 101
MOVE B48 145
MOVE B49 110
MOVE B55 106
MOVE B57 204
MOVE B58 185
MOVE B59 185
END TURN 272
TURN 273
COMMAND LEFT START
COMMAND LEFT END
COMMAND RIGHT START
MOVE B40 94
MOVE B56 110
COMMAND RIGHT END
TURN 273 RESULT
TIME LEFT 0 5 RIGHT 0 5
MOVE B39 92
MOVE B40 101
MOVE B48 124
MOVE B55 103
MOVE B56 212
MOVE B57 185
MOVE B58 178
MOVE B59 178
END TURN 273
TURN 274
COMMAND LEFT START
COMMAND LEFT END
COMMAND RIGHT START
MOVE B47 110
TRAIN 2
COMMAND RIGHT END
TURN 274 RESULT
TIME LEFT 0 5 RIGHT 0 5
TRAIN B60 B61
MOVE B39 93
MOVE B40 92
MOVE B47 212
MOVE B48 110
MOVE B55 98
MOVE B56 204
MOVE B57 178
MOVE B58 166
MOVE B59 166
END TURN 274
TURN 275
COMMAND LEFT START
COMMAND LEFT END
COMMAND RIGHT START
TRAIN 2
COMMAND RIGHT END
TURN 275 RESULT
TIME LEFT 0 5 RIGHT 0 5
TRAIN B62 B63
MOVE B39 85
MOVE B40 93
MOVE B47 204
MOVE B55 105
MOVE B56 185
MOVE B57 166
MOVE B58 145
MOVE B59 145
END TURN 275
TURN 276
COMMAND LEFT START
COMMAND LEFT END
COMMAND RIGHT START
TRAIN 2
COMMAND RIGHT END
TURN 276 RESULT
TIME LEFT 0 5 RIGHT 0 5
TRAIN B64 B65
MOVE B39 80
MOVE B40 85
MOVE B47 185
MOVE B55 109
MOVE B56 178
MOVE B57 145
MOVE B58 124
MOVE B59 124
END TURN 276
TURN 277
COMMAND LEFT START
COMMAND LEFT END
COMMAND RIGHT START
TRAIN 2
COMMAND RIGHT END
TURN 277 RESULT
TIME LEFT 0 5 RIGHT 0 5
TRAIN B66 B67
MOVE B39 94
MOVE B40 80
MOVE B47 178
MOVE B55 121
MOVE B56 166
MOVE B57 124
MOVE B58 110
MOVE B59 110
END TURN 277
TURN 278
COMMAND LEFT START
COMMAND LEFT END
COMMAND RIGHT START
TRAIN 2
COMMAND RIGHT END
TURN 278 RESULT
TIME LEFT 0 5 RIGHT 0 5
TRAIN B68 B69
MOVE B40 94
MOVE B47 166
MOVE B56 145
MOVE B57 110
END TURN 278
TURN 279
COMMAND LEFT START
COMMAND LEFT END
COMMAND RIGHT START
TRAIN 2
COMMAND RIGHT END
TURN 279 RESULT
TIME LEFT 0 5 RIGHT 0 5
TRAIN B70 B71
MOVE B47 145
MOVE B56 124
END TURN 279
TURN 280
COMMAND LEFT START
COMMAND LEFT END
COMMAND RIGHT START
COMMAND RIGHT END
TURN 280 RESULT
TIME LEFT 0 5 RIGHT 0 5
MOVE B47 124
MOVE B56 110
END TURN 280
TURN 281
COMMAND LEFT START
TRAIN 1
COMMAND LEFT END
COMMAND RIGHT START
COMMAND RIGHT END
TURN 281 RESULT
TIME LEFT 0 5 RIGHT 0 5
TRAIN A20
MOVE B47 110
END TURN 281
TURN 282
COMMAND LEFT START
COMMAND LEFT END
COMMAND RIGHT START
COMMAND RIGHT END
TURN 282 RESULT
TIME LEFT 0 5 RIGHT 0 5
END TURN 282
TURN 283
COMMAND LEFT START
COMMAND LEFT END
COMMAND RIGHT START
COMMAND RIGHT END
TURN 283 RESULT
TIME LEFT 0 5 RIGHT 0 5
END TURN 283
TURN 284
COMMAND LEFT START
COMMAND LEFT END
COMMAND RIGHT START
UPGRADE 220
COMMAND RIGHT END
TURN 284 RESULT
TIME LEFT 0 5 RIGHT 0 5
UPGRADE B 220
END TURN 284
TURN 285
COMMAND LEFT START
COMMAND LEFT END
COMMAND RIGHT START
UPGRADE 121
COMMAND RIGHT END
TURN 285 RESULT
TIME LEFT 0 5 RIGHT 0 5
UPGRADE B 121
END TURN 285
TURN 286
COMMAND LEFT START
COMMAND LEFT END
COMMAND RIGHT START
MOVE B59 79
COMMAND RIGHT END
TURN 286 RESULT
TIME LEFT 0 5 RIGHT 0 5
MOVE B59 102
END TURN 286
TURN 287
COMMAND LEFT START
COMMAND LEFT END
COMMAND RIGHT START
MOVE B71 110
UPGRADE 121
COMMAND RIGHT END
TURN 287 RESULT
TIME LEFT 0 5 RIGHT 0 5
UPGRADE B 121
MOVE B59 87
MOVE B71 212
END TURN 287
TURN 288
COMMAND LEFT START
COMMAND LEFT END
COMMAND RIGHT START
MOVE B41 121
UPGRADE 121
COMMAND RIGHT END
TURN 288 RESULT
TIME LEFT 0 5 RIGHT 0 5
UPGRADE B 121
MOVE B41 118
MOVE B59 83
MOVE B71 204
END TURN 288
TURN 289
COMMAND LEFT START
COMMAND LEFT END
COMMAND RIGHT START
MOVE B42 121
MOVE B70 110
TRAIN 2
COMMAND RIGHT END
TURN 289 RESULT
TIME LEFT 0 5 RIGHT 0 5
TRAIN B72 B73
MOVE B41 108
MOVE B42 118
MOVE B59 82
MOVE B70 212
MOVE B71 185
END TURN 289
TURN 290
COMMAND LEFT START
COMMAND LEFT END
COMMAND RIGHT START
MOVE B73 110
TRAIN 3
COMMAND RIGHT END
TURN 290 RESULT
TIME LEFT 0 5 RIGHT 0 5
TRAIN B74 B75 B76
MOVE B41 106
MOVE B42 108
MOVE B59 79
MOVE B70 204
MOVE B71 178
MOVE B73 212
END TURN 290
TURN 291
COMMAND LEFT START
COMMAND LEFT END
COMMAND RIGHT START
UPGRADE 79
COMMAND RIGHT END
TURN 291 RESULT
TIME LEFT 0 5 RIGHT 0 5
UPGRADE B 79
MOVE B41 103
MOVE B42 106
MOVE B70 185
MOVE B71 166
MOVE B73 204
END TURN 291
TURN 292
COMMAND LEFT START
TRAIN 1
COMMAND LEFT END
COMMAND RIGHT START
MOVE B58 99
COMMAND RIGHT END
TURN 292 RESULT
TIME LEFT 0 5 RIGHT 0 5
TRAIN A21
MOVE B41 98
MOVE B42 103
MOVE B58 102
MOVE B70 178
MOVE B71 145
MOVE B73 185
END TURN 292
TURN 293
COMMAND LEFT START
COMMAND LEFT END
COMMAND RIGHT START
MOVE B76 110
UPGRADE 79
COMMAND RIGHT END
TURN 293 RESULT
TIME LEFT 0 5 RIGHT 0 5
UPGRADE B 79
MOVE B41 105
MOVE B42 98
MOVE B58 112
MOVE B70 166
MOVE B71 124
MOVE B73 178
MOVE B76 212
END TURN 293
TURN 294
COMMAND LEFT START
COMMAND LEFT END
COMMAND RIGHT START
MOVE B47 79
UPGRADE 79
COMMAND RIGHT END
TURN 294 RESULT
TIME LEFT 0 5 RIGHT 0 5
UPGRADE B 79
MOVE B41 109
MOVE B42 105
MOVE B47 102
MOVE B58 114
MOVE B70 145
MOVE B71 110
MOVE B73 166
MOVE B76 204
END TURN 294
TURN 295
COMMAND LEFT START
COMMAND LEFT END
COMMAND RIGHT START
MOVE B48 79
MOVE B75 110
TRAIN 3
COMMAND RIGHT END
TURN 295 RESULT
TIME LEFT 0 5 RIGHT 0 5
TRAIN B77 B78 B79
MOVE B41 121
MOVE B42 109
MOVE B47 87
MOVE B48 102
MOVE B58 117
MOVE B70 124
MOVE B73 145
MOVE B75 212
MOVE B76 185
END TURN 295
TURN 296
COMMAND LEFT START
COMMAND LEFT END
COMMAND RIGHT START
MOVE B79 110
TRAIN 3
COMMAND RIGHT END
TURN 296 RESULT
TIME LEFT 0 5 RIGHT 0 5
TRAIN B80 B81 B82
MOVE B42 121
MOVE B47 83
MOVE B48 87
MOVE B58 122
MOVE B70 110
MOVE B73 124
MOVE B75 204
MOVE B76 178
MOVE B79 212
END TURN 296
TURN 297
COMMAND LEFT START
COMMAND LEFT END
COMMAND RIGHT START
TRAIN 1
COMMAND RIGHT END
TURN 297 RESULT
TIME LEFT 0 5 RIGHT 0 5
TRAIN B83
MOVE B47 82
MOVE B48 83
MOVE B58 115
MOVE B73 110
MOVE B75 185
MOVE B76 166
MOVE B79 204
END TURN 297
TURN 298
COMMAND LEFT START
COMMAND LEFT END
COMMAND RIGHT START
TRAIN 3
COMMAND RIGHT END
TURN 298 RESULT
TIME LEFT 0 5 RIGHT 0 5
TRAIN B84 B85 B86
MOVE B47 79
MOVE B48 82
MOVE B58 111
MOVE B75 178
MOVE B76 145
MOVE B79 185
END TURN 298
TURN 299
COMMAND LEFT START
COMMAND LEFT END
COMMAND RIGHT START
TRAIN 3
COMMAND RIGHT END
TURN 299 RESULT
TIME LEFT 0 5 RIGHT 0 5
TRAIN B87 B88 B89
MOVE B48 79
MOVE B58 99
MOVE B75 166
MOVE B76 124
MOVE B79 178
END TURN 299
TURN 300
COMMAND LEFT START
COMMAND LEFT END
COMMAND RIGHT START
MOVE B73 44
UPGRADE 99
TRAIN 1
COMMAND RIGHT END
TURN 300 RESULT
TIME LEFT 0 5 RIGHT 0 5
UPGRADE B 99
TRAIN B90
MOVE B73 96
MOVE B75 145
MOVE B76 110
MOVE B79 166
END TURN 300
TURN 301
COMMAND LEFT START
COMMAND LEFT END
COMMAND RIGHT START
MOVE B90 110
UPGRADE 99
TRAIN 3
COMMAND RIGHT END
TURN 301 RESULT
TIME LEFT 0 5 RIGHT 0 5
UPGRADE B 99
TRAIN B91 B92 B93
MOVE B73 75
MOVE B75 124
MOVE B79 145
MOVE B90 212
END TURN 301
TURN 302
COMMAND LEFT START
COMMAND LEFT END
COMMAND RIGHT START
MOVE B49 99
UPGRADE 99
COMMAND RIGHT END
TURN 302 RESULT
TIME LEFT 0 5 RIGHT 0 5
UPGRADE B 99
MOVE B49 102
MOVE B73 64
MOVE B75 110
MOVE B79 124
MOVE B90 204
END TURN 302
TURN 303
COMMAND LEFT START
COMMAND LEFT END
COMMAND RIGHT START
MOVE B50 99
MOVE B93 110
TRAIN 3
COMMAND RIGHT END
TURN 303 RESULT
TIME LEFT 0 5 RIGHT 0 5
TRAIN B94 B95 B96
MOVE B49 112
MOVE B50 102
MOVE B73 53
MOVE B79 110
MOVE B90 185
MOVE B93 212
END TURN 303
TURN 304
COMMAND LEFT START
COMMAND LEFT END
COMMAND RIGHT START
MOVE B96 110
TRAIN 3
COMMAND RIGHT END
TURN 304 RESULT
TIME LEFT 0 5 RIGHT 0 5
TRAIN B97 B98 B99
MOVE B49 114
MOVE B50 112
MOVE B73 44
MOVE B90 178
MOVE B93 204
MOVE B96 212
END TURN 304
TURN 305
COMMAND LEFT START
COMMAND LEFT END
COMMAND RIGHT START
MOVE B79 48
UPGRADE 44
COMMAND RIGHT END
TURN 305 RESULT
TIME LEFT 0 5 RIGHT 0 5
UPGRADE B 44
MOVE B49 117
MOVE B50 114
MOVE B79 96
MOVE B90 166
MOVE B93 185
MOVE B96 204
END TURN 305
TURN 306
COMMAND LEFT START
TRAIN 1
COMMAND LEFT END
COMMAND RIGHT START
MOVE B99 110
UPGRADE 44
COMMAND RIGHT END
TURN 306 RESULT
TIME LEFT 0 5 RIGHT 0 5
UPGRADE B 44
TRAIN A22
MOVE B49 122
MOVE B50 117
MOVE B79 75
MOVE B90 145
MOVE B93 178
MOVE B96 185
MOVE B99 212
END TURN 306
TURN 307
COMMAND LEFT START
COMMAND LEFT END
COMMAND RIGHT START
MOVE B51 44
UPGRADE 44
COMMAND RIGHT END
TURN 307 RESULT
TIME LEFT 0 5 RIGHT 0 5
UPGRADE B 44
MOVE B49 115
MOVE B50 122
MOVE B51 96
MOVE B79 64
MOVE B90 124
MOVE B93 166
MOVE B96 178
MOVE B99 204
END TURN 307
TURN 308
COMMAND LEFT START
COMMAND LEFT END
COMMAND RIGHT START
MOVE B53 44
MOVE B98 110
TRAIN 3
COMMAND RIGHT END
TURN 308 RESULT
TIME LEFT 0 5 RIGHT 0 5
TRAIN B100 B101 B102
MOVE B49 111
MOVE B50 115
MOVE B51 75
MOVE B53 96
MOVE B79 61
MOVE B90 110
MOVE B93 145
MOVE B96 166
MOVE B98 212
MOVE B99 185
END TURN 308
TURN 309
COMMAND LEFT START
COMMAND LEFT END
COMMAND RIGHT START
MOVE B102 110
TRAIN 3
COMMAND RIGHT END
TURN 309 RESULT
TIME LEFT 0 5 RIGHT 0 5
TRAIN B103 B104 B105
MOVE B49 99
MOVE B50 111
MOVE B51 64
MOVE B53 75
MOVE B79 47
MOVE B93 124
MOVE B96 145
MOVE B98 204
MOVE B99 178
MOVE B102 212
END TURN 309
TURN 310
COMMAND LEFT START
COMMAND LEFT END
COMMAND RIGHT START
TRAIN 3
COMMAND RIGHT END
TURN 310 RESULT
TIME LEFT 0 5 RIGHT 0 5
TRAIN B106 B107 B108
MOVE B50 99
MOVE B51 53
MOVE B53 64
MOVE B79 48
MOVE B93 110
MOVE B96 124
MOVE B98 185
MOVE B99 166
MOVE B102 204
END TURN 310
TURN 311
COMMAND LEFT START
COMMAND LEFT END
COMMAND RIGHT START
MOVE B93 60
UPGRADE 48
COMMAND RIGHT END
TURN 311 RESULT
TIME LEFT 0 5 RIGHT 0 5
UPGRADE B 48
MOVE B51 44
MOVE B53 53
MOVE B93 102
MOVE B96 110
MOVE B98 178
MOVE B99 145
MOVE B102 185
END TURN 311
TURN 312
COMMAND LEFT START
COMMAND LEFT END
COMMAND RIGHT START
MOVE B108 110
UPGRADE 48
COMMAND RIGHT END
TURN 312 RESULT
TIME LEFT 0 5 RIGHT 0 5
UPGRADE B 48
MOVE B53 44
MOVE B93 87
MOVE B98 166
MOVE B99 124
MOVE B102 178
MOVE B108 212
END TURN 312
TURN 313
COMMAND LEFT START
COMMAND LEFT END
COMMAND RIGHT START
MOVE B54 48
UPGRADE 48
COMMAND RIGHT END
TURN 313 RESULT
TIME LEFT 0 5 RIGHT 0 5
UPGRADE B 48
MOVE B54 96
MOVE B93 83
MOVE B98 145
MOVE B99 110
MOVE B102 166
MOVE B108 204
END TURN 313
TURN 314
COMMAND LEFT START
COMMAND LEFT END
COMMAND RIGHT START
MOVE B56 48
MOVE B107 110
TRAIN 1
COMMAND RIGHT END
TURN 314 RESULT
TIME LEFT 0 5 RIGHT 0 5
TRAIN B109
MOVE B54 75
MOVE B56 96
MOVE B93 82
MOVE B98 124
MOVE B102 145
MOVE B107 212
MOVE B108 185
END TURN 314
TURN 315
COMMAND LEFT START
COMMAND LEFT END
COMMAND RIGHT START
MOVE B109 110
TRAIN 3
COMMAND RIGHT END
TURN 315 RESULT
TIME LEFT 0 5 RIGHT 0 5
TRAIN B110 B111 B112
MOVE B54 64
MOVE B56 75
MOVE B93 79
MOVE B98 110
MOVE B102 124
MOVE B107 204
MOVE B108 178
MOVE B109 212
END TURN 315
TURN 316
COMMAND LEFT START
COMMAND LEFT END
COMMAND RIGHT START
TRAIN 3
COMMAND RIGHT END
TURN 316 RESULT
TIME LEFT 0 5 RIGHT 0 5
TRAIN B113 B114 B115
MOVE B54 61
MOVE B56 64
MOVE B93 63
MOVE B102 110
MOVE B107 185
MOVE B108 166
MOVE B109 204
END TURN 316
TURN 317
COMMAND LEFT START
COMMAND LEFT END
COMMAND RIGHT START
TRAIN 3
COMMAND RIGHT END
TURN 317 RESULT
TIME LEFT 0 5 RIGHT 0 5
TRAIN B116 B117 B118
MOVE B54 47
MOVE B56 61
MOVE B93 51
MOVE B107 178
MOVE B108 145
MOVE B109 185
END TURN 317
TURN 318
COMMAND LEFT START
COMMAND LEFT END
COMMAND RIGHT START
TRAIN 3
COMMAND RIGHT END
TURN 318 RESULT
TIME LEFT 0 5 RIGHT 0 5
TRAIN B119 B120 B121
MOVE B54 48
MOVE B56 47
MOVE B93 60
MOVE B107 166
MOVE B108 124
MOVE B109 178
END TURN 318
TURN 319
COMMAND LEFT START
COMMAND LEFT END
COMMAND RIGHT START
MOVE B102 9
UPGRADE 60
TRAIN 1
COMMAND RIGHT END
TURN 319 RESULT
TIME LEFT 0 5 RIGHT 0 5
UPGRADE B 60
TRAIN B122
MOVE B56 48
MOVE B102 96
MOVE B107 145
MOVE B108 110
MOVE B109 166
END TURN 319
TURN 320
COMMAND LEFT START
COMMAND LEFT END
COMMAND RIGHT START
MOVE B122 110
UPGRADE 60
TRAIN 3
COMMAND RIGHT END
TURN 320 RESULT
TIME LEFT 0 5 RIGHT 0 5
UPGRADE B 60
TRAIN B123 B124 B125
MOVE B102 75
MOVE B107 124
MOVE B109 145
MOVE B122 212
END TURN 320
TURN 321
COMMAND LEFT START
COMMAND LEFT END
COMMAND RIGHT START
MOVE B57 60
UPGRADE 60
TRAIN 3
COMMAND RIGHT END
TURN 321 RESULT
TIME LEFT 0 5 RIGHT 0 5
UPGRADE B 60
TRAIN B126 B127 B128
MOVE B57 102
MOVE B102 54
MOVE B107 110
MOVE B109 124
MOVE B122 204
END TURN 321
TURN 322
COMMAND LEFT START
COMMAND LEFT END
COMMAND RIGHT START
MOVE B70 60
MOVE B128 110
TRAIN 2
COMMAND RIGHT END
TURN 322 RESULT
TIME LEFT 0 5 RIGHT 0 5
TRAIN B129 B130
MOVE B57 87
MOVE B70 102
MOVE B102 42
MOVE B109 110
MOVE B122 185
MOVE B128 212
END TURN 322
TURN 323
COMMAND LEFT START
TRAIN 1
COMMAND LEFT END
COMMAND RIGHT START
MOVE B130 110
TRAIN 3
COMMAND RIGHT END
TURN 323 RESULT
TIME LEFT 0 5 RIGHT 0 5
TRAIN A23 B131 B132 B133
MOVE B57 83
MOVE B70 87
MOVE B102 35
MOVE B122 178
MOVE B128 204
MOVE B130 212
END TURN 323
TURN 324
COMMAND LEFT START
COMMAND LEFT END
COMMAND RIGHT START
TRAIN 3
COMMAND RIGHT END
TURN 324 RESULT
TIME LEFT 0 5 RIGHT 0 5
TRAIN B134 B135 B136
MOVE B57 82
MOVE B70 83
MOVE B102 16
MOVE B122 166
MOVE B128 185
MOVE B130 204
END TURN 324
TURN 325
COMMAND LEFT START
COMMAND LEFT END
COMMAND RIGHT START
MOVE B136 110
MOVE B135 110
MOVE B134 110
MOVE B133 110
MOVE B132 110
MOVE B131 110
MOVE B129 110
MOVE B127 110
MOVE B126 110
MOVE B125 110
MOVE B124 110
TRAIN 3
COMMAND RIGHT END
TURN 325 RESULT
TIME LEFT 0 5 RIGHT 1 5
TRAIN B137 B138 B139
MOVE B57 79
MOVE B70 82
MOVE B102 9
MOVE B122 145
MOVE B124 212
MOVE B125 212
MOVE B126 212
MOVE B127 212
MOVE B128 178
MOVE B129 212
MOVE B130 185
MOVE B131 212
MOVE B132 212
MOVE B133 212
MOVE B134 212
MOVE B135 212
MOVE B136 212
END TURN 325
TURN 326
COMMAND LEFT START
COMMAND LEFT END
COMMAND RIGHT START
MOVE B139 110
MOVE B138 110
MOVE B137 110
MOVE B123 110
MOVE B121 110
MOVE B120 110
MOVE B119 110
MOVE B118 110
MOVE B117 110
MOVE B116 110
MOVE B115 110
UPGRADE 9
TRAIN 3
COMMAND RIGHT END
TURN 326 RESULT
TIME LEFT 0 5 RIGHT 1 5
UPGRADE B 9
TRAIN B140 B141 B142
MOVE B57 63
MOVE B70 79
MOVE B115 212
MOVE B116 212
MOVE B117 212
MOVE B118 212
MOVE B119 212
MOVE B120 212
MOVE B121 212
MOVE B122 124
MOVE B123 212
MOVE B124 204
MOVE B125 204
MOVE B126 204
MOVE B127 204
MOVE B128 166
MOVE B129 204
MOVE B130 178
MOVE B131 204
MOVE B132 204
MOVE B133 204
MOVE B134 204
MOVE B135 204
MOVE B136 204
MOVE B137 212
MOVE B138 212
MOVE B139 212
END TURN 326
TURN 327
COMMAND LEFT START
COMMAND LEFT END
COMMAND RIGHT START
MOVE B51 9
MOVE B53 9
MOVE B71 9
MOVE B75 9
MOVE B76 44
MOVE B90 44
MOVE B142 110
MOVE B141 110
MOVE B140 110
MOVE B114 110
MOVE B113 110
MOVE B112 110
MOVE B111 110
MOVE B110 110
MOVE B106 110
MOVE B105 110
MOVE B104 110
TRAIN 3
COMMAND RIGHT END
TURN 327 RESULT
TIME LEFT 0 5 RIGHT 1 5
TRAIN B143 B144 B145
MOVE B51 33
MOVE B53 33
MOVE B57 51
MOVE B70 63
MOVE B71 96
MOVE B75 96
MOVE B76 96
MOVE B90 96
MOVE B104 212
MOVE B105 212
MOVE B106 212
MOVE B110 212
MOVE B111 212
MOVE B112 212
MOVE B113 212
MOVE B114 212
MOVE B115 204
MOVE B116 204
MOVE B117 204
MOVE B118 204
MOVE B119 204
MOVE B120 204
MOVE B121 204
MOVE B122 110
MOVE B123 204
MOVE B124 185
MOVE B125 185
MOVE B126 185
MOVE B127 185
MOVE B128 145
MOVE B129 185
MOVE B130 166
MOVE B131 185
MOVE B132 185
MOVE B133 185
MOVE B134 185
MOVE B135 185
MOVE B136 185
MOVE B137 204
MOVE B138 204
MOVE B139 204
MOVE B140 212
MOVE B141 212
MOVE B142 212
END TURN 327
TURN 328
COMMAND LEFT START
COMMAND LEFT END
COMMAND RIGHT START
MOVE B145 110
MOVE B144 110
MOVE B143 110
MOVE B103 110
MOVE B101 110
MOVE B100 110
MOVE B97 110
MOVE B95 110
MOVE B94 110
MOVE B92 110
MOVE B91 110
TRAIN 3
COMMAND RIGHT END
TURN 328 RESULT
TIME LEFT 0 5 RIGHT 1 5
TRAIN B146 B147 B148
MOVE B51 16
MOVE B53 16
MOVE B57 60
MOVE B70 51
MOVE B71 75
MOVE B75 75
MOVE B76 75
MOVE B90 75
MOVE B91 212
MOVE B92 212
MOVE B94 212
MOVE B95 212
MOVE B97 212
MOVE B100 212
MOVE B101 212
MOVE B103 212
MOVE B104 204
MOVE B105 204
MOVE B106 204
MOVE B110 204
MOVE B111 204
MOVE B112 204
MOVE B113 204
MOVE B114 204
MOVE B115 185
MOVE B116 185
MOVE B117 185
MOVE B118 185
MOVE B119 185
MOVE B120 185
MOVE B121 185
MOVE B123 185
MOVE B124 178
MOVE B125 178
MOVE B126 178
MOVE B127 178
MOVE B128 124
MOVE B129 178
MOVE B130 145
MOVE B131 178
MOVE B132 178
MOVE B133 178
MOVE B134 178
MOVE B135 178
MOVE B136 178
MOVE B137 185
MOVE B138 185
MOVE B139 185
MOVE B140 204
MOVE B141 204
MOVE B142 204
MOVE B143 212
MOVE B144 212
MOVE B145 212
END TURN 328
TURN 329
COMMAND LEFT START
COMMAND LEFT END
COMMAND RIGHT START
MOVE B148 110
MOVE B147 110
MOVE B146 110
MOVE B89 110
MOVE B88 110
MOVE B87 110
MOVE B86 110
MOVE B85 110
MOVE B84 110
MOVE B83 110
MOVE B82 110
TRAIN 3
COMMAND RIGHT END
TURN 329 RESULT
TIME LEFT 0 5 RIGHT 1 5
TRAIN B149 B150 B151
MOVE B51 9
MOVE B53 9
MOVE B70 60
MOVE B71 54
MOVE B75 54
MOVE B76 64
MOVE B82 212
MOVE B83 212
MOVE B84 212
MOVE B85 212
MOVE B86 212
MOVE B87 212
MOVE B88 212
MOVE B89 212
MOVE B90 64
MOVE B91 204
MOVE B92 204
MOVE B94 204
MOVE B95 204
MOVE B97 204
MOVE B100 204
MOVE B101 204
MOVE B103 204
MOVE B104 185
MOVE B105 185
MOVE B106 185
MOVE B110 185
MOVE B111 185
MOVE B112 185
MOVE B113 185
MOVE B114 185
MOVE B115 178
MOVE B116 178
MOVE B117 178
MOVE B118 178
MOVE B119 178
MOVE B120 178
MOVE B121 178
MOVE B123 178
MOVE B124 166
MOVE B125 166
MOVE B126 166
MOVE B127 166
MOVE B128 110
MOVE B129 166
MOVE B130 124
MOVE B131 166
MOVE B132 166
MOVE B133 166
MOVE B134 166
MOVE B135 166
MOVE B136 166
MOVE B137 178
MOVE B138 178
MOVE B139 178
MOVE B140 185
MOVE B141 185
MOVE B142 185
MOVE B143 204
MOVE B144 204
MOVE B145 204
MOVE B146 212
MOVE B147 212
MOVE B148 212
END TURN 329
TURN 330
COMMAND LEFT START
COMMAND LEFT END
COMMAND RIGHT START
MOVE B102 110
MOVE B53 110
MOVE B151 110
MOVE B150 110
MOVE B149 110
MOVE B81 110
MOVE B80 110
MOVE B78 110
MOVE B77 110
MOVE B74 110
MOVE B72 110
TRAIN 3
COMMAND RIGHT END
TURN 330 RESULT
TIME LEFT 0 5 RIGHT 1 5
TRAIN B152 B153 B154
MOVE B53 16
MOVE B71 42
MOVE B72 212
MOVE B74 212
MOVE B75 42
MOVE B76 53
MOVE B77 212
MOVE B78 212
MOVE B80 212
MOVE B81 212
MOVE B82 204
MOVE B83 204
MOVE B84 204
MOVE B85 204
MOVE B86 204
MOVE B87 204
MOVE B88 204
MOVE B89 204
MOVE B90 53
MOVE B91 185
MOVE B92 185
MOVE B94 185
MOVE B95 185
MOVE B97 185
MOVE B100 185
MOVE B101 185
MOVE B102 16
MOVE B103 185
MOVE B104 178
MOVE B105 178
MOVE B106 178
MOVE B110 178
MOVE B111 178
MOVE B112 178
MOVE B113 178
MOVE B114 178
MOVE B115 166
MOVE B116 166
MOVE B117 166
MOVE B118 166
MOVE B119 166
MOVE B120 166
MOVE B121 166
MOVE B123 166
MOVE B124 145
MOVE B125 145
MOVE B126 145
MOVE B127 145
MOVE B129 145
MOVE B130 110
MOVE B131 145
MOVE B132 145
MOVE B133 145
MOVE B134 145
MOVE B135 145
MOVE B136 145
MOVE B137 166
MOVE B138 166
MOVE B139 166
MOVE B140 178
MOVE B141 178
MOVE B142 178
MOVE B143 185
MOVE B144 185
MOVE B145 185
MOVE B146 204
MOVE B147 204
MOVE B148 204
MOVE B149 212
MOVE B150 212
MOVE B151 212
END TURN 330
TURN 331
COMMAND LEFT START
COMMAND LEFT END
COMMAND RIGHT START
MOVE B96 9
MOVE B98 9
MOVE B99 9
MOVE B154 110
MOVE B153 110
MOVE B152 110
MOVE B69 110
MOVE B68 110
MOVE B67 110
MOVE B66 110
MOVE B65 110
MOVE B64 110
MOVE B63 110
MOVE B62 110
TRAIN 3
COMMAND RIGHT END
TURN 331 RESULT
TIME LEFT 0 5 RIGHT 1 5
TRAIN B155 B156 B157
MOVE B53 35
MOVE B62 212
MOVE B63 212
MOVE B64 212
MOVE B65 212
MOVE B66 212
MOVE B67 212
MOVE B68 212
MOVE B69 212
MOVE B71 35
MOVE B72 204
MOVE B74 204
MOVE B75 35
MOVE B76 44
MOVE B77 204
MOVE B78 204
MOVE B80 204
MOVE B81 204
MOVE B82 185
MOVE B83 185
MOVE B84 185
MOVE B85 185
MOVE B86 185
MOVE B87 185
MOVE B88 185
MOVE B89 185
MOVE B90 44
MOVE B91 178
MOVE B92 178
MOVE B94 178
MOVE B95 178
MOVE B96 96
MOVE B97 178
MOVE B98 96
MOVE B99 96
MOVE B100 178
MOVE B101 178
MOVE B102 35
MOVE B103 178
MOVE B104 166
MOVE B105 166
MOVE B106 166
MOVE B110 166
MOVE B111 166
MOVE B112 166
MOVE B113 166
MOVE B114 166
MOVE B115 145
MOVE B116 145
MOVE B117 145
MOVE B118 145
MOVE B119 145
MOVE B120 145
MOVE B121 145
MOVE B123 145
MOVE B124 124
MOVE B125 124
MOVE B126 124
MOVE B127 124
MOVE B129 124
MOVE B131 124
MOVE B132 124
MOVE B133 124
MOVE B134 124
MOVE B135 124
MOVE B136 124
MOVE B137 145
MOVE B138 145
MOVE B139 145
MOVE B140 166
MOVE B141 166
MOVE B142 166
MOVE B143 178
MOVE B144 178
MOVE B145 178
MOVE B146 185
MOVE B147 185
MOVE B148 185
MOVE B149 204
MOVE B150 204
MOVE B151 204
MOVE B152 212
MOVE B153 212
MOVE B154 212
END TURN 331
TURN 332
COMMAND LEFT START
COMMAND LEFT END
COMMAND RIGHT START
MOVE B157 110
MOVE B156 110
MOVE B155 110
MOVE B61 110
MOVE B60 110
MOVE B46 110
MOVE B45 110
TRAIN 3
COMMAND RIGHT END
TURN 332 RESULT
TIME LEFT 0 5 RIGHT 0 5
TRAIN B158 B159 B160
MOVE B45 212
MOVE B46 212
MOVE B53 42
MOVE B60 212
MOVE B61 212
MOVE B62 204
MOVE B63 204
MOVE B64 204
MOVE B65 204
MOVE B66 204
MOVE B67 204
MOVE B68 204
MOVE B69 204
MOVE B71 16
MOVE B72 185
MOVE B74 185
MOVE B75 16
MOVE B77 185
MOVE B78 185
MOVE B80 185
MOVE B81 185
MOVE B82 178
MOVE B83 178
MOVE B84 178
MOVE B85 178
MOVE B86 178
MOVE B87 178
MOVE B88 178
MOVE B89 178
MOVE B91 166
MOVE B92 166
MOVE B94 166
MOVE B95 166
MOVE B96 75
MOVE B97 166
MOVE B98 75
MOVE B99 75
MOVE B100 166
MOVE B101 166
MOVE B102 42
MOVE B103 166
MOVE B104 145
MOVE B105 145
MOVE B106 145
MOVE B110 145
MOVE B111 145
MOVE B112 145
MOVE B113 145
MOVE B114 145
MOVE B115 124
MOVE B116 124
MOVE B117 124
MOVE B118 124
MOVE B119 124
MOVE B120 124
MOVE B121 124
MOVE B123 124
MOVE B124 110
MOVE B125 110
MOVE B126 110
MOVE B127 110
MOVE B129 110
MOVE B131 110
MOVE B132 110
MOVE B133 110
MOVE B134 110
MOVE B135 110
MOVE B136 110
MOVE B137 124
MOVE B138 124
MOVE B139 124
MOVE B140 145
MOVE B141 145
MOVE B142 145
MOVE B143 166
MOVE B144 166
MOVE B145 166
MOVE B146 178
MOVE B147 178
MOVE B148 178
MOVE B149 185
MOVE B150 185
MOVE B151 185
MOVE B152 204
MOVE B153 204
MOVE B154 204
MOVE B155 212
MOVE B156 212
MOVE B157 212
END TURN 332
TURN 333
COMMAND LEFT START
COMMAND LEFT END
COMMAND RIGHT START
MOVE B136 0
MOVE B135 0
MOVE B134 0
MOVE B133 0
MOVE B132 0
MOVE B131 0
MOVE B130 0
MOVE B129 0
MOVE B128 0
MOVE B127 0
MOVE B126 0
MOVE B125 0
MOVE B124 0
MOVE B122 0
MOVE B109 0
COMMAND RIGHT END
TURN 333 RESULT
TIME LEFT 0 5 RIGHT 0 5
MOVE B45 204
MOVE B46 204
MOVE B53 54
MOVE B60 204
MOVE B61 204
MOVE B62 185
MOVE B63 185
MOVE B64 185
MOVE B65 185
MOVE B66 185
MOVE B67 185
MOVE B68 185
MOVE B69 185
MOVE B71 9
MOVE B72 178
MOVE B74 178
MOVE B75 9
MOVE B77 178
MOVE B78 178
MOVE B80 178
MOVE B81 178
MOVE B82 166
MOVE B83 166
MOVE B84 166
MOVE B85 166
MOVE B86 166
MOVE B87 166
MOVE B88 166
MOVE B89 166
MOVE B91 145
MOVE B92 145
MOVE B94 145
MOVE B95 145
MOVE B96 54
MOVE B97 145
MOVE B98 54
MOVE B99 54
MOVE B100 145
MOVE B101 145
MOVE B102 54
MOVE B103 145
MOVE B104 124
MOVE B105 124
MOVE B106 124
MOVE B109 96
MOVE B110 124
MOVE B111 124
MOVE B112 124
MOVE B113 124
MOVE B114 124
MOVE B115 110
MOVE B116 110
MOVE B117 110
MOVE B118 110
MOVE B119 110
MOVE B120 110
MOVE B121 110
MOVE B122 96
MOVE B123 110
MOVE B124 96
MOVE B125 96
MOVE B126 96
MOVE B127 96
MOVE B128 96
MOVE B129 96
MOVE B130 96
MOVE B131 96
MOVE B132 96
MOVE B133 96
MOVE B134 96
MOVE B135 96
MOVE B136 96
MOVE B137 110
MOVE B138 110
MOVE B139 110
MOVE B140 124
MOVE B141 124
MOVE B142 124
MOVE B143 145
MOVE B144 145
MOVE B145 145
MOVE B146 166
MOVE B147 166
MOVE B148 166
MOVE B149 178
MOVE B150 178
MOVE B151 178
MOVE B152 185
MOVE B153 185
MOVE B154 185
MOVE B155 204
MOVE B156 204
MOVE B157 204
END TURN 333
TURN 334
COMMAND LEFT START
COMMAND LEFT END
COMMAND RIGHT START
TRAIN 3
COMMAND RIGHT END
TURN 334 RESULT
TIME LEFT 0 5 RIGHT 0 5
TRAIN B161 B162 B163
MOVE B45 185
MOVE B46 185
MOVE B53 75
MOVE B60 185
MOVE B61 185
MOVE B62 178
MOVE B63 178
MOVE B64 178
MOVE B65 178
MOVE B66 178
MOVE B67 178
MOVE B68 178
MOVE B69 178
MOVE B72 166
MOVE B74 166
MOVE B77 166
MOVE B78 166
MOVE B80 166
MOVE B81 166
MOVE B82 145
MOVE B83 145
MOVE B84 145
MOVE B85 145
MOVE B86 145
MOVE B87 145
MOVE B88 145
MOVE B89 145
MOVE B91 124
MOVE B92 124
MOVE B94 124
MOVE B95 124
MOVE B96 42
MOVE B97 124
MOVE B98 42
MOVE B99 42
MOVE B100 124
MOVE B101 124
MOVE B102 75
MOVE B103 124
MOVE B104 110
MOVE B105 110
MOVE B106 110
MOVE B109 75
MOVE B110 110
MOVE B111 110
MOVE B112 110
MOVE B113 110
MOVE B114 110
MOVE B122 75
MOVE B124 75
MOVE B125 75
MOVE B126 75
MOVE B127 75
MOVE B128 75
MOVE B129 75
MOVE B130 75
MOVE B131 75
MOVE B132 75
MOVE B133 75
MOVE B134 75
MOVE B135 75
MOVE B136 75
MOVE B140 110
MOVE B141 110
MOVE B142 110
MOVE B143 124
MOVE B144 124
MOVE B145 124
MOVE B146 145
MOVE B147 145
MOVE B148 145
MOVE B149 166
MOVE B150 166
MOVE B151 166
MOVE B152 178
MOVE B153 178
MOVE B154 178
MOVE B155 185
MOVE B156 185
MOVE B157 185
END TURN 334
TURN 335
COMMAND LEFT START
COMMAND LEFT END
COMMAND RIGHT START
TRAIN 3
COMMAND RIGHT END
TURN 335 RESULT
TIME LEFT 0 5 RIGHT 0 5
TRAIN B164 B165 B166
MOVE B45 178
MOVE B46 178
MOVE B53 96
MOVE B60 178
MOVE B61 178
MOVE B62 166
MOVE B63 166
MOVE B64 166
MOVE B65 166
MOVE B66 166
MOVE B67 166
MOVE B68 166
MOVE B69 166
MOVE B72 145
MOVE B74 145
MOVE B77 145
MOVE B78 145
MOVE B80 145
MOVE B81 145
MOVE B82 124
MOVE B83 124
MOVE B84 124
MOVE B85 124
MOVE B86 124
MOVE B87 124
MOVE B88 124
MOVE B89 124
MOVE B91 110
MOVE B92 110
MOVE B94 110
MOVE B95 110
MOVE B96 35
MOVE B97 110
MOVE B98 35
MOVE B99 35
MOVE B100 110
MOVE B101 110
MOVE B102 96
MOVE B103 110
MOVE B109 54
MOVE B122 54
MOVE B124 54
MOVE B125 54
MOVE B126 54
MOVE B127 54
MOVE B128 54
MOVE B129 54
MOVE B130 54
MOVE B131 54
MOVE B132 54
MOVE B133 54
MOVE B134 54
MOVE B135 54
MOVE B136 54
MOVE B143 110
MOVE B144 110
MOVE B145 110
MOVE B146 124
MOVE B147 124
MOVE B148 124
MOVE B149 145
MOVE B150 145
MOVE B151 145
MOVE B152 166
MOVE B153 166
MOVE B154 166
MOVE B155 178
MOVE B156 178
MOVE B157 178
END TURN 335
TURN 336
COMMAND LEFT START
COMMAND LEFT END
COMMAND RIGHT START
TRAIN 3
COMMAND RIGHT END
TURN 336 RESULT
TIME LEFT 0 5 RIGHT 0 5
TRAIN B167 B168 B169
MOVE B45 166
MOVE B46 166
MOVE B53 110
MOVE B60 166
MOVE B61 166
MOVE B62 145
MOVE B63 145
MOVE B64 145
MOVE B65 145
MOVE B66 145
MOVE B67 145
MOVE B68 145
MOVE B69 145
MOVE B72 124
MOVE B74 124
MOVE B77 124
MOVE B78 124
MOVE B80 124
MOVE B81 124
MOVE B82 110
MOVE B83 110
MOVE B84 110
MOVE B85 110
MOVE B86 110
MOVE B87 110
MOVE B88 110
MOVE B89 110
MOVE B96 16
MOVE B98 16
MOVE B99 16
MOVE B102 110
MOVE B109 42
MOVE B122 42
MOVE B124 42
MOVE B125 42
MOVE B126 42
MOVE B127 42
MOVE B128 42
MOVE B129 42
MOVE B130 42
MOVE B131 42
MOVE B132 42
MOVE B133 42
MOVE B134 42
MOVE B135 42
MOVE B136 42
MOVE B146 110
MOVE B147 110
MOVE B148 110
MOVE B149 124
MOVE B150 124
MOVE B151 124
MOVE B152 145
MOVE B153 145
MOVE B154 145
MOVE B155 166
MOVE B156 166
MOVE B157 166
END TURN 336
TURN 337
COMMAND LEFT START
COMMAND LEFT END
COMMAND RIGHT START
TRAIN 3
COMMAND RIGHT END
TURN 337 RESULT
TIME LEFT 0 5 RIGHT 0 5
TRAIN B170 B171 B172
MOVE B45 145
MOVE B46 145
MOVE B60 145
MOVE B61 145
MOVE B62 124
MOVE B63 124
MOVE B64 124
MOVE B65 124
MOVE B66 124
MOVE B67 124
MOVE B68 124
MOVE B69 124
MOVE B72 110
MOVE B74 110
MOVE B77 110
MOVE B78 110
MOVE B80 110
MOVE B81 110
MOVE B96 9
MOVE B98 9
MOVE B99 9
MOVE B109 35
MOVE B122 35
MOVE B124 35
MOVE B125 35
MOVE B126 35
MOVE B127 35
MOVE B128 35
MOVE B129 35
MOVE B130 35
MOVE B131 35
MOVE B132 35
MOVE B133 35
MOVE B134 35
MOVE B135 35
MOVE B136 35
MOVE B149 110
MOVE B150 110
MOVE B151 110
MOVE B152 124
MOVE B153 124
MOVE B154 124
MOVE B155 145
MOVE B156 145
MOVE B157 145
END TURN 337
TURN 338
COMMAND LEFT START
COMMAND LEFT END
COMMAND RIGHT START
TRAIN 3
COMMAND RIGHT END
TURN 338 RESULT
TIME LEFT 0 5 RIGHT 0 5
TRAIN B173 B174 B175
MOVE B45 124
MOVE B46 124
MOVE B60 124
MOVE B61 124
MOVE B62 110
MOVE B63 110
MOVE B64 110
MOVE B65 110
MOVE B66 110
MOVE B67 110
MOVE B68 110
MOVE B69 110
MOVE B109 16
MOVE B122 16
MOVE B124 16
MOVE B125 16
MOVE B126 16
MOVE B127 16
MOVE B128 16
MOVE B129 16
MOVE B130 16
MOVE B131 16
MOVE B132 16
MOVE B133 16
MOVE B134 16
MOVE B135 16
MOVE B136 16
MOVE B152 110
MOVE B153 110
MOVE B154 110
MOVE B155 124
MOVE B156 124
MOVE B157 124
END TURN 338
TURN 339
COMMAND LEFT START
COMMAND LEFT END
COMMAND RIGHT START
TRAIN 3
COMMAND RIGHT END
TURN 339 RESULT
TIME LEFT 0 5 RIGHT 0 5
TRAIN B176 B177 B178
MOVE B45 110
MOVE B46 110
MOVE B60 110
MOVE B61 110
MOVE B109 8
MOVE B122 8
MOVE B124 8
MOVE B125 8
MOVE B126 8
MOVE B127 8
MOVE B128 8
MOVE B129 8
MOVE B130 8
MOVE B131 8
MOVE B132 8
MOVE B133 8
MOVE B134 8
MOVE B135 8
MOVE B136 8
MOVE B155 110
MOVE B156 110
MOVE B157 110
END TURN 339
TURN 340
COMMAND LEFT START
COMMAND LEFT END
COMMAND RIGHT START
TRAIN 3
COMMAND RIGHT END
TURN 340 RESULT
TIME LEFT 0 5 RIGHT 0 5
TRAIN B179 B180 B181
MOVE B109 0
MOVE B122 0
MOVE B124 0
MOVE B125 0
MOVE B126 0
MOVE B127 0
MOVE B128 0
MOVE B129 0
MOVE B130 0
MOVE B131 0
MOVE B132 0
MOVE B133 0
MOVE B134 0
MOVE B135 0
MOVE B136 0
DAMAGE TURRET B109 1
DAMAGE COMBAT A1 4
DAMAGE COMBAT A20 4
DAMAGE COMBAT A21 4
DAMAGE COMBAT A22 3
DAMAGE COMBAT B109 5
END TURN 340
TURN 341
COMMAND LEFT START
COMMAND LEFT END
COMMAND RIGHT START
TRAIN 3
COMMAND RIGHT END
TURN 341 RESULT
TIME LEFT 0 5 RIGHT 0 5
TRAIN B182 B183 B184
DAMAGE TURRET B109 1
DAMAGE COMBAT A22 1
DAMAGE COMBAT A23 4
DAMAGE COMBAT B109 1
DAMAGE COMBAT B122 1
SIEGE A 0 10
END TURN 341
RESULT RIGHT_WIN HQ_DESTROYED
