[LEFT ""]
[RIGHT ""]
MAP
227 15
-10775 -10884 -10868 -10585 -10429 -9505 -9186 -10115 -8932 -8610 -9346 -8267 -8328 -8010 -7979 -7860 -7912 -8625 -7826 -7529 -7383 -7485 -7309 -8150 -7142 -7364 -6497 -6574 -6705 -6608 -6344 -6238 -6159 -6131 -6147 -5979 -5912 -5791 -6630 -5779 -5431 -5518 -5816 -5122 -5085 -4999 -4916 -4948 -4870 -4868 -4746 -4689 -4604 -4966 -4392 -4235 -4235 -4191 -4099 -4034 -3997 -3671 -3726 -3472 -3364 -3528 -3317 -3450 -3409 -3287 -3180 -3200 -3004 -2931 -2822 -2611 -2726 -2829 -3126 -2277 -2248 -2468 -2199 -2074 -1843 -1999 -1921 -1945 -2013 -1900 -1872 -2083 -1511 -1205 -1407 -1135 -1269 -1188 -1048 -964 -1017 -864 -702 -943 -722 -593 -515 -435 -357 -330 -78 58 14 0 -14 -58 78 330 357 435 515 593 722 943 702 864 1017 964 1048 1188 1269 1135 1407 1205 1511 2083 1872 1900 2013 1945 1921 1999 1843 2074 2199 2468 2248 2277 3126 2829 2726 2611 2822 2931 3004 3200 3180 3287 3409 3450 3317 3528 3364 3472 3726 3671 3997 4034 4099 4191 4235 4235 4392 4966 4604 4689 4746 4868 4870 4948 4916 4999 5085 5122 5816 5518 5431 5779 6630 5791 5912 5979 6147 6131 6159 6238 6344 6608 6705 6574 6497 7364 7142 8150 7309 7485 7383 7529 7826 8625 7912 7860 7979 8010 8328 8267 9346 8610 8932 10115 9186 9505 10429 10585 10868 10884 10775
-486 -1952 2724 1149 -4075 -2570 3351 4832 198 2320 -5464 -2373 -1142 1211 4479 283 -3895 6320 -5291 2318 -570 3600 -3325 -6976 -1724 7597 -2842 1732 357 3820 -4322 -5511 2870 -1500 4718 -521 875 5684 -9038 -6967 3707 -2152 7606 -5722 1422 -2933 -4053 -1020 2465 270 4865 -8989 7607 9863 6267 3698 -1975 -6763 -5039 904 -828 -3113 5490 6847 6 1677 4407 -8034 -5885 2814 -1199 7865 -2268 -4903 -6662 808 5657 -4021 -10566 -7960 -1122 8911 -5543 6598 4968 3511 -6607 7614 1994 -3613 -2626 10998 664 -1630 -9598 -5719 -8431 -4632 7995 -6813 2403 9543 -3389 -513 5919 3895 -11169 6895 1153 -7819 5097 2309 -8881 0 8881 -2309 -5097 7819 -1153 -6895 11169 -3895 -5919 513 3389 -9543 -2403 6813 -7995 4632 8431 5719 9598 1630 -664 -10998 2626 3613 -1994 -7614 6607 -3511 -4968 -6598 5543 -8911 1122 7960 10566 4021 -5657 -808 6662 4903 2268 -7865 1199 -2814 5885 8034 -4407 -1677 -6 -6847 -5490 3113 828 -904 5039 6763 1975 -3698 -6267 -9863 -7607 8989 -4865 -270 -2465 1020 4053 2933 -1422 5722 -7606 2152 -3707 6967 9038 -5684 -875 521 -4718 1500 -2870 5511 4322 -3820 -357 -1732 2842 -7597 1724 6976 3325 -3600 570 -2318 5291 -6320 3895 -283 -4479 -1211 1142 2373 5464 -2320 -198 -4832 -3351 2570 4075 -1149 -2724 1952 486
STRONGHOLDS 15 30 40 49 87 91 111 113 115 135 139 177 186 196 211
5 1 3 5 8 12
3 0 4 5
4 3 6 7 9
4 0 2 8 9
4 1 5 10 16
6 0 1 4 11 12 16
5 2 7 9 14 21
4 2 6 14 17
6 0 3 9 12 13 15
7 2 3 6 8 13 19 21
4 4 16 18 23
5 5 12 16 22 24
7 0 5 8 11 15 20 24
6 8 9 15 19 27 28
7 6 7 17 21 29 34 37
5 8 12 13 20 28
7 4 5 10 11 18 22 30
4 7 14 25 37
5 10 16 23 30 31
5 9 13 21 27 32
6 12 15 24 28 33 35
6 6 9 14 19 29 32
5 11 16 24 26 30
5 10 18 31 38 39
6 11 12 20 22 26 33
4 17 37 42 53
6 22 24 30 33 41 45
6 13 19 28 32 36 44
6 13 15 20 27 35 36
5 14 21 32 34 40
8 16 18 22 26 31 43 45 46
5 18 23 30 39 43
7 19 21 27 29 40 44 48
6 20 24 26 35 41 47
5 14 29 37 40 50
6 20 28 33 36 47 49
5 27 28 35 44 49
7 14 17 25 34 42 50 54
3 23 39 51
6 23 31 38 43 51 57
6 29 32 34 48 50 55
5 26 33 45 47 56
5 25 37 52 53 54
7 30 31 39 46 57 58 68
7 27 32 36 48 49 59 65
6 26 30 41 46 56 61
5 30 43 45 58 61
6 33 35 41 49 56 60
6 32 40 44 55 65 69
7 35 36 44 47 59 60 64
7 34 37 40 54 55 62 66
5 38 39 57 67 78
5 42 53 54 63 71
6 25 42 52 71 81 91
6 37 42 50 52 62 63
5 40 48 50 66 69
7 41 45 47 60 61 70 72
6 39 43 51 67 68 74
6 43 46 61 68 73 77
5 44 49 64 65 75
5 47 49 56 64 70
6 45 46 56 58 72 77
5 50 54 63 66 76
6 52 54 62 71 76 83
6 49 59 60 70 75 80
6 44 48 59 69 75 88
7 50 55 62 69 76 84 85
5 51 57 74 78 79
6 43 57 58 73 74 82
6 48 55 65 66 85 88
5 56 60 64 72 80
6 52 53 63 81 83 87
7 56 61 70 77 80 89 90
5 58 68 77 82 97
6 57 67 68 79 82 86
6 59 64 65 80 88 92
5 62 63 66 83 84
6 58 61 72 73 89 97
5 51 67 79 94 106
7 67 74 78 86 94 96 99
8 64 70 72 75 90 92 93 103
6 53 71 87 91 98 101
6 68 73 74 86 95 97
7 63 71 76 84 87 104 107
7 66 76 83 85 104 105 110
6 66 69 84 88 100 105
5 74 79 82 95 99
5 71 81 83 98 107
6 65 69 75 85 92 100
5 72 77 90 97 102
5 72 80 89 93 102
4 53 81 101 120
7 75 80 88 100 103 108 113
6 80 90 102 103 115 118
5 78 79 96 106 112
6 82 86 97 99 116 122
5 79 94 99 109 112
7 73 77 82 89 95 102 116
6 81 87 101 107 114 117
7 79 86 95 96 109 119 122
6 85 88 92 105 108 111
5 81 91 98 114 120
7 89 90 93 97 115 116 121
5 80 92 93 113 118
6 83 84 107 110 127 131
6 84 85 100 110 111 124
5 78 94 112 125 135
6 83 87 98 104 117 127
6 92 100 111 113 123 133
5 96 99 112 119 128
6 84 104 105 124 129 131
5 100 105 108 124 133
6 94 96 106 109 125 128
6 92 103 108 118 123 134
6 98 101 117 120 130 132
5 93 102 118 121 126
6 95 97 102 121 122 142
5 98 107 114 127 130
6 93 103 113 115 126 134
6 99 109 122 128 139 143
5 91 101 114 132 148
6 102 115 116 126 141 142
6 95 99 116 119 142 143
5 108 113 133 134 146
7 105 110 111 129 133 136 137
5 106 112 128 135 145
6 115 118 121 134 138 141
7 104 107 117 130 131 140 147
6 109 112 119 125 139 145
7 110 124 131 137 144 149 153
5 114 117 127 132 147
6 104 110 127 129 140 144
5 114 120 130 147 148
6 108 111 123 124 136 146
7 113 118 123 126 138 146 151
4 106 125 145 173
5 124 133 137 146 154
5 124 129 136 149 154
6 126 134 141 151 157 161
5 119 128 143 145 155
5 127 131 144 147 152
6 121 126 138 142 157 160
7 116 121 122 141 143 150 160
7 119 122 139 142 150 155 163
6 129 131 140 152 153 158
6 125 128 135 139 155 173
8 123 133 134 136 151 154 156 162
7 127 130 132 140 148 152 159
5 120 132 147 159 175
6 129 137 153 154 165 168
5 142 143 160 163 164
6 134 138 146 161 162 167
6 140 144 147 158 159 169
5 129 144 149 158 168
7 136 137 146 149 156 165 170
6 139 143 145 163 173 174
5 146 154 162 166 170
6 138 141 160 161 171 178
6 144 152 153 168 169 183
5 147 148 152 169 175
7 141 142 150 157 164 171 176
6 138 151 157 167 178 182
6 146 151 156 166 167 177
6 143 150 155 164 172 174
5 150 160 163 172 176
6 149 154 168 170 180 181
5 156 162 170 177 179
5 151 161 162 177 182
6 149 153 158 165 180 183
6 152 158 159 175 183 187
7 154 156 165 166 179 181 185
5 157 160 176 178 186
6 163 164 174 176 184 189
6 135 145 155 174 184 201
5 155 163 172 173 184
5 148 159 169 187 188
7 160 164 171 172 186 189 192
7 162 166 167 179 182 190 191
6 157 161 171 182 186 194
6 166 170 177 185 191 193
5 165 168 181 183 196
6 165 170 180 185 196 200
7 161 167 177 178 190 194 199
7 158 168 169 180 187 195 196
5 172 173 174 189 201
5 170 179 181 193 200
6 171 176 178 192 194 197
6 169 175 183 188 195 203
3 175 187 203
7 172 176 184 192 201 209 212
5 177 182 191 198 199
6 177 179 190 193 198 206
5 176 186 189 197 212
6 179 185 191 200 202 206
7 178 182 186 197 199 205 207
5 183 187 196 203 208
8 180 181 183 195 200 204 208 210
5 186 192 194 205 212
6 190 191 199 206 211 213
6 182 190 194 198 207 213
6 181 185 193 196 202 204
4 173 184 189 209
6 193 200 204 206 214 215
5 187 188 195 208 216
5 196 200 202 210 215
6 194 197 207 212 217 220
6 191 193 198 202 211 214
5 194 199 205 213 217
5 195 196 203 210 216
4 189 201 212 219
7 196 204 208 215 216 221 222
5 198 206 213 214 218
7 189 192 197 205 209 219 220
6 198 199 207 211 217 218
7 202 206 211 215 218 221 226
5 202 204 210 214 221
4 203 208 210 222
7 205 207 213 218 220 223 224
6 211 213 214 217 223 226
4 209 212 220 224
5 205 212 217 219 224
6 210 214 215 222 225 226
4 210 216 221 225
4 217 218 224 226
4 217 219 220 223
3 221 222 226
5 214 218 221 223 225
END MAP
TURN 1
COMMAND LEFT START
MOVE A1 15
MOVE A2 113
COMMAND LEFT END
COMMAND RIGHT START
MOVE B2 211
MOVE B3 211
COMMAND RIGHT END
TURN 1 RESULT
TIME LEFT 5 5 RIGHT 20 5
MOVE A1 8
MOVE A2 12
MOVE B2 218
MOVE B3 218
END TURN 1
TURN 2
COMMAND LEFT START
COMMAND LEFT END
COMMAND RIGHT START
COMMAND RIGHT END
TURN 2 RESULT
TIME LEFT 0 5 RIGHT 19 5
MOVE A1 15
MOVE A2 24
MOVE B2 211
MOVE B3 211
END TURN 2
TURN 3
COMMAND LEFT START
UPGRADE 15
COMMAND LEFT END
COMMAND RIGHT START
UPGRADE 211
COMMAND RIGHT END
TURN 3 RESULT
TIME LEFT 0 5 RIGHT 19 5
UPGRADE A 15
UPGRADE B 211
MOVE A2 33
END TURN 3
TURN 4
COMMAND LEFT START
COMMAND LEFT END
COMMAND RIGHT START
COMMAND RIGHT END
TURN 4 RESULT
TIME LEFT 0 5 RIGHT 19 5
MOVE A2 47
END TURN 4
TURN 5
COMMAND LEFT START
COMMAND LEFT END
COMMAND RIGHT START
COMMAND RIGHT END
TURN 5 RESULT
TIME LEFT 0 5 RIGHT 19 5
MOVE A2 60
END TURN 5
TURN 6
COMMAND LEFT START
COMMAND LEFT END
COMMAND RIGHT START
COMMAND RIGHT END
TURN 6 RESULT
TIME LEFT 0 5 RIGHT 19 5
MOVE A2 70
END TURN 6
TURN 7
COMMAND LEFT START
COMMAND LEFT END
COMMAND RIGHT START
COMMAND RIGHT END
TURN 7 RESULT
TIME LEFT 0 5 RIGHT 19 5
MOVE A2 80
END TURN 7
TURN 8
COMMAND LEFT START
COMMAND LEFT END
COMMAND RIGHT START
COMMAND RIGHT END
TURN 8 RESULT
TIME LEFT 0 5 RIGHT 18 5
MOVE A2 103
END TURN 8
TURN 9
COMMAND LEFT START
COMMAND LEFT END
COMMAND RIGHT START
COMMAND RIGHT END
TURN 9 RESULT
TIME LEFT 0 5 RIGHT 18 5
MOVE A2 113
END TURN 9
TURN 10
COMMAND LEFT START
COMMAND LEFT END
COMMAND RIGHT START
COMMAND RIGHT END
TURN 10 RESULT
TIME LEFT 0 5 RIGHT 19 5
END TURN 10
TURN 11
COMMAND LEFT START
COMMAND LEFT END
COMMAND RIGHT START
COMMAND RIGHT END
TURN 11 RESULT
TIME LEFT 0 5 RIGHT 18 5
END TURN 11
TURN 12
COMMAND LEFT START
COMMAND LEFT END
COMMAND RIGHT START
COMMAND RIGHT END
TURN 12 RESULT
TIME LEFT 0 5 RIGHT 19 5
END TURN 12
TURN 13
COMMAND LEFT START
COMMAND LEFT END
COMMAND RIGHT START
COMMAND RIGHT END
TURN 13 RESULT
TIME LEFT 0 5 RIGHT 19 5
END TURN 13
TURN 14
COMMAND LEFT START
UPGRADE 113
COMMAND LEFT END
COMMAND RIGHT START
COMMAND RIGHT END
TURN 14 RESULT
TIME LEFT 0 5 RIGHT 19 5
UPGRADE A 113
END TURN 14
TURN 15
COMMAND LEFT START
COMMAND LEFT END
COMMAND RIGHT START
COMMAND RIGHT END
TURN 15 RESULT
TIME LEFT 0 5 RIGHT 19 5
END TURN 15
TURN 16
COMMAND LEFT START
COMMAND LEFT END
COMMAND RIGHT START
COMMAND RIGHT END
TURN 16 RESULT
TIME LEFT 0 5 RIGHT 19 5
END TURN 16
TURN 17
COMMAND LEFT START
TRAIN 1
COMMAND LEFT END
COMMAND RIGHT START
COMMAND RIGHT END
TURN 17 RESULT
TIME LEFT 0 5 RIGHT 19 5
TRAIN A4
END TURN 17
TURN 18
COMMAND LEFT START
COMMAND LEFT END
COMMAND RIGHT START
COMMAND RIGHT END
TURN 18 RESULT
TIME LEFT 0 5 RIGHT 18 5
END TURN 18
TURN 19
COMMAND LEFT START
COMMAND LEFT END
COMMAND RIGHT START
COMMAND RIGHT END
TURN 19 RESULT
TIME LEFT 0 5 RIGHT 18 5
END TURN 19
TURN 20
COMMAND LEFT START
COMMAND LEFT END
COMMAND RIGHT START
COMMAND RIGHT END
TURN 20 RESULT
TIME LEFT 0 5 RIGHT 18 5
END TURN 20
TURN 21
COMMAND LEFT START
COMMAND LEFT END
COMMAND RIGHT START
COMMAND RIGHT END
TURN 21 RESULT
TIME LEFT 0 5 RIGHT 18 5
END TURN 21
TURN 22
COMMAND LEFT START
COMMAND LEFT END
COMMAND RIGHT START
COMMAND RIGHT END
TURN 22 RESULT
TIME LEFT 0 5 RIGHT 19 5
END TURN 22
TURN 23
COMMAND LEFT START
COMMAND LEFT END
COMMAND RIGHT START
COMMAND RIGHT END
TURN 23 RESULT
TIME LEFT 0 5 RIGHT 19 5
END TURN 23
TURN 24
COMMAND LEFT START
COMMAND LEFT END
COMMAND RIGHT START
COMMAND RIGHT END
TURN 24 RESULT
TIME LEFT 0 5 RIGHT 19 5
END TURN 24
TURN 25
COMMAND LEFT START
COMMAND LEFT END
COMMAND RIGHT START
COMMAND RIGHT END
TURN 25 RESULT
TIME LEFT 0 5 RIGHT 19 5
END TURN 25
TURN 26
COMMAND LEFT START
COMMAND LEFT END
COMMAND RIGHT START
COMMAND RIGHT END
TURN 26 RESULT
TIME LEFT 0 5 RIGHT 19 5
END TURN 26
TURN 27
COMMAND LEFT START
COMMAND LEFT END
COMMAND RIGHT START
COMMAND RIGHT END
TURN 27 RESULT
TIME LEFT 0 5 RIGHT 19 5
END TURN 27
TURN 28
COMMAND LEFT START
MOVE A3 30
COMMAND LEFT END
COMMAND RIGHT START
COMMAND RIGHT END
TURN 28 RESULT
TIME LEFT 0 5 RIGHT 19 5
MOVE A3 5
END TURN 28
TURN 29
COMMAND LEFT START
COMMAND LEFT END
COMMAND RIGHT START
COMMAND RIGHT END
TURN 29 RESULT
TIME LEFT 0 5 RIGHT 19 5
MOVE A3 16
END TURN 29
TURN 30
COMMAND LEFT START
COMMAND LEFT END
COMMAND RIGHT START
COMMAND RIGHT END
TURN 30 RESULT
TIME LEFT 0 5 RIGHT 19 5
MOVE A3 30
END TURN 30
TURN 31
COMMAND LEFT START
UPGRADE 30
COMMAND LEFT END
COMMAND RIGHT START
COMMAND RIGHT END
TURN 31 RESULT
TIME LEFT 0 5 RIGHT 19 5
UPGRADE A 30
END TURN 31
TURN 32
COMMAND LEFT START
COMMAND LEFT END
COMMAND RIGHT START
COMMAND RIGHT END
TURN 32 RESULT
TIME LEFT 0 5 RIGHT 19 5
END TURN 32
TURN 33
COMMAND LEFT START
TRAIN 1
COMMAND LEFT END
COMMAND RIGHT START
COMMAND RIGHT END
TURN 33 RESULT
TIME LEFT 0 5 RIGHT 19 5
TRAIN A5
END TURN 33
TURN 34
COMMAND LEFT START
COMMAND LEFT END
COMMAND RIGHT START
COMMAND RIGHT END
TURN 34 RESULT
TIME LEFT 0 5 RIGHT 19 5
END TURN 34
TURN 35
COMMAND LEFT START
COMMAND LEFT END
COMMAND RIGHT START
UPGRADE 226
COMMAND RIGHT END
TURN 35 RESULT
TIME LEFT 0 5 RIGHT 19 5
UPGRADE B 226
END TURN 35
TURN 36
COMMAND LEFT START
COMMAND LEFT END
COMMAND RIGHT START
MOVE B3 226
TRAIN 1
COMMAND RIGHT END
TURN 36 RESULT
TIME LEFT 0 5 RIGHT 19 5
TRAIN B4
MOVE B3 218
END TURN 36
TURN 37
COMMAND LEFT START
COMMAND LEFT END
COMMAND RIGHT START
TRAIN 1
COMMAND RIGHT END
TURN 37 RESULT
TIME LEFT 0 5 RIGHT 19 5
TRAIN B5
MOVE B3 226
END TURN 37
TURN 38
COMMAND LEFT START
COMMAND LEFT END
COMMAND RIGHT START
COMMAND RIGHT END
TURN 38 RESULT
TIME LEFT 0 5 RIGHT 18 5
END TURN 38
TURN 39
COMMAND LEFT START
MOVE A5 40
COMMAND LEFT END
COMMAND RIGHT START
COMMAND RIGHT END
TURN 39 RESULT
TIME LEFT 0 5 RIGHT 18 5
MOVE A5 8
END TURN 39
TURN 40
COMMAND LEFT START
COMMAND LEFT END
COMMAND RIGHT START
COMMAND RIGHT END
TURN 40 RESULT
TIME LEFT 0 5 RIGHT 19 5
MOVE A5 13
END TURN 40
TURN 41
COMMAND LEFT START
COMMAND LEFT END
COMMAND RIGHT START
COMMAND RIGHT END
TURN 41 RESULT
TIME LEFT 0 5 RIGHT 18 5
MOVE A5 19
END TURN 41
TURN 42
COMMAND LEFT START
COMMAND LEFT END
COMMAND RIGHT START
TRAIN 1
COMMAND RIGHT END
TURN 42 RESULT
TIME LEFT 0 5 RIGHT 20 5
TRAIN B6
MOVE A5 32
END TURN 42
TURN 43
COMMAND LEFT START
COMMAND LEFT END
COMMAND RIGHT START
COMMAND RIGHT END
TURN 43 RESULT
TIME LEFT 0 5 RIGHT 19 5
MOVE A5 40
END TURN 43
TURN 44
COMMAND LEFT START
UPGRADE 40
COMMAND LEFT END
COMMAND RIGHT START
TRAIN 1
COMMAND RIGHT END
TURN 44 RESULT
TIME LEFT 0 5 RIGHT 19 5
UPGRADE A 40
TRAIN B7
END TURN 44
TURN 45
COMMAND LEFT START
COMMAND LEFT END
COMMAND RIGHT START
COMMAND RIGHT END
TURN 45 RESULT
TIME LEFT 0 5 RIGHT 19 5
END TURN 45
TURN 46
COMMAND LEFT START
TRAIN 1
COMMAND LEFT END
COMMAND RIGHT START
COMMAND RIGHT END
TURN 46 RESULT
TIME LEFT 0 5 RIGHT 19 5
TRAIN A6
END TURN 46
TURN 47
COMMAND LEFT START
COMMAND LEFT END
COMMAND RIGHT START
COMMAND RIGHT END
TURN 47 RESULT
TIME LEFT 0 5 RIGHT 18 5
END TURN 47
TURN 48
COMMAND LEFT START
COMMAND LEFT END
COMMAND RIGHT START
TRAIN 1
COMMAND RIGHT END
TURN 48 RESULT
TIME LEFT 0 5 RIGHT 18 5
TRAIN B8
END TURN 48
TURN 49
COMMAND LEFT START
COMMAND LEFT END
COMMAND RIGHT START
MOVE B4 0
MOVE B5 0
MOVE B6 0
MOVE B7 0
MOVE B8 0
COMMAND RIGHT END
TURN 49 RESULT
TIME LEFT 0 5 RIGHT 18 5
MOVE B4 214
MOVE B5 214
MOVE B6 214
MOVE B7 214
MOVE B8 214
END TURN 49
TURN 50
COMMAND LEFT START
COMMAND LEFT END
COMMAND RIGHT START
COMMAND RIGHT END
TURN 50 RESULT
TIME LEFT 0 5 RIGHT 18 5
MOVE B4 202
MOVE B5 202
MOVE B6 202
MOVE B7 202
MOVE B8 202
END TURN 50
TURN 51
COMMAND LEFT START
COMMAND LEFT END
COMMAND RIGHT START
TRAIN 1
COMMAND RIGHT END
TURN 51 RESULT
TIME LEFT 0 5 RIGHT 18 5
TRAIN B9
MOVE B4 193
MOVE B5 193
MOVE B6 193
MOVE B7 193
MOVE B8 193
END TURN 51
TURN 52
COMMAND LEFT START
COMMAND LEFT END
COMMAND RIGHT START
TRAIN 1
COMMAND RIGHT END
TURN 52 RESULT
TIME LEFT 0 5 RIGHT 19 5
TRAIN B10
MOVE B4 179
MOVE B5 179
MOVE B6 179
MOVE B7 179
MOVE B8 179
END TURN 52
TURN 53
COMMAND LEFT START
COMMAND LEFT END
COMMAND RIGHT START
COMMAND RIGHT END
TURN 53 RESULT
TIME LEFT 0 5 RIGHT 18 5
MOVE B4 166
MOVE B5 166
MOVE B6 166
MOVE B7 166
MOVE B8 166
END TURN 53
TURN 54
COMMAND LEFT START
COMMAND LEFT END
COMMAND RIGHT START
COMMAND RIGHT END
TURN 54 RESULT
TIME LEFT 0 5 RIGHT 18 5
MOVE B4 156
MOVE B5 156
MOVE B6 156
MOVE B7 156
MOVE B8 156
END TURN 54
TURN 55
COMMAND LEFT START
UPGRADE 0
COMMAND LEFT END
COMMAND RIGHT START
COMMAND RIGHT END
TURN 55 RESULT
TIME LEFT 0 5 RIGHT 19 5
UPGRADE A 0
MOVE B4 146
MOVE B5 146
MOVE B6 146
MOVE B7 146
MOVE B8 146
END TURN 55
TURN 56
COMMAND LEFT START
COMMAND LEFT END
COMMAND RIGHT START
COMMAND RIGHT END
TURN 56 RESULT
TIME LEFT 0 5 RIGHT 19 5
MOVE B4 133
MOVE B5 133
MOVE B6 133
MOVE B7 133
MOVE B8 133
END TURN 56
TURN 57
COMMAND LEFT START
COMMAND LEFT END
COMMAND RIGHT START
COMMAND RIGHT END
TURN 57 RESULT
TIME LEFT 0 5 RIGHT 19 5
MOVE B4 108
MOVE B5 108
MOVE B6 108
MOVE B7 108
MOVE B8 108
END TURN 57
TURN 58
COMMAND LEFT START
COMMAND LEFT END
COMMAND RIGHT START
COMMAND RIGHT END
TURN 58 RESULT
TIME LEFT 0 5 RIGHT 19 5
MOVE B4 92
MOVE B5 92
MOVE B6 92
MOVE B7 92
MOVE B8 92
END TURN 58
TURN 59
COMMAND LEFT START
COMMAND LEFT END
COMMAND RIGHT START
COMMAND RIGHT END
TURN 59 RESULT
TIME LEFT 0 5 RIGHT 19 5
MOVE B4 75
MOVE B5 75
MOVE B6 75
MOVE B7 75
MOVE B8 75
END TURN 59
TURN 60
COMMAND LEFT START
COMMAND LEFT END
COMMAND RIGHT START
TRAIN 1
COMMAND RIGHT END
TURN 60 RESULT
TIME LEFT 0 5 RIGHT 19 5
TRAIN B11
MOVE B4 59
MOVE B5 59
MOVE B6 59
MOVE B7 59
MOVE B8 59
END TURN 60
TURN 61
COMMAND LEFT START
COMMAND LEFT END
COMMAND RIGHT START
COMMAND RIGHT END
TURN 61 RESULT
TIME LEFT 0 5 RIGHT 18 5
MOVE B4 44
MOVE B5 44
MOVE B6 44
MOVE B7 44
MOVE B8 44
END TURN 61
TURN 62
COMMAND LEFT START
UPGRADE 15
COMMAND LEFT END
COMMAND RIGHT START
COMMAND RIGHT END
TURN 62 RESULT
TIME LEFT 0 5 RIGHT 18 5
UPGRADE A 15
MOVE B4 36
MOVE B5 36
MOVE B6 36
MOVE B7 36
MOVE B8 36
END TURN 62
TURN 63
COMMAND LEFT START
COMMAND LEFT END
COMMAND RIGHT START
COMMAND RIGHT END
TURN 63 RESULT
TIME LEFT 0 5 RIGHT 20 5
MOVE B4 28
MOVE B5 28
MOVE B6 28
MOVE B7 28
MOVE B8 28
END TURN 63
TURN 64
COMMAND LEFT START
MOVE A1 0
MOVE A3 0
MOVE A5 0
TRAIN 1
COMMAND LEFT END
COMMAND RIGHT START
COMMAND RIGHT END
TURN 64 RESULT
TIME LEFT 0 5 RIGHT 19 5
TRAIN A7
MOVE A1 8
MOVE A3 16
MOVE A5 32
MOVE B4 15
MOVE B5 15
MOVE B6 15
MOVE B7 15
MOVE B8 15
DAMAGE TURRET B4 1
SIEGE A 15 5
END TURN 64
TURN 65
COMMAND LEFT START
COMMAND LEFT END
COMMAND RIGHT START
COMMAND RIGHT END
TURN 65 RESULT
TIME LEFT 0 5 RIGHT 19 5
MOVE A1 0
MOVE A3 5
MOVE A5 19
MOVE B4 8
MOVE B5 8
MOVE B6 8
MOVE B7 8
MOVE B8 8
END TURN 65
TURN 66
COMMAND LEFT START
COMMAND LEFT END
COMMAND RIGHT START
MOVE B9 113
MOVE B10 113
MOVE B11 113
COMMAND RIGHT END
TURN 66 RESULT
TIME LEFT 0 5 RIGHT 20 5
MOVE A3 0
MOVE A5 13
MOVE B4 0
MOVE B5 0
MOVE B6 0
MOVE B7 0
MOVE B8 0
MOVE B9 214
MOVE B10 214
MOVE B11 214
DAMAGE TURRET B4 2
DAMAGE COMBAT A1 4
DAMAGE COMBAT A3 1
DAMAGE COMBAT B4 2
DAMAGE COMBAT B5 3
END TURN 66
TURN 67
COMMAND LEFT START
COMMAND LEFT END
COMMAND RIGHT START
TRAIN 1
COMMAND RIGHT END
TURN 67 RESULT
TIME LEFT 0 5 RIGHT 21 5
TRAIN B12
MOVE A5 8
MOVE B9 202
MOVE B10 202
MOVE B11 202
DAMAGE TURRET B5 2
DAMAGE COMBAT A3 3
DAMAGE COMBAT A4 1
DAMAGE COMBAT B6 4
END TURN 67
TURN 68
COMMAND LEFT START
COMMAND LEFT END
COMMAND RIGHT START
MOVE B12 113
COMMAND RIGHT END
TURN 68 RESULT
TIME LEFT 0 5 RIGHT 21 5
MOVE A5 0
MOVE B9 193
MOVE B10 193
MOVE B11 193
MOVE B12 214
DAMAGE TURRET B6 1
DAMAGE TURRET B7 1
DAMAGE COMBAT A4 3
DAMAGE COMBAT B7 4
END TURN 68
TURN 69
COMMAND LEFT START
COMMAND LEFT END
COMMAND RIGHT START
COMMAND RIGHT END
TURN 69 RESULT
TIME LEFT 0 5 RIGHT 21 5
MOVE B9 179
MOVE B10 179
MOVE B11 179
MOVE B12 202
DAMAGE TURRET B8 2
DAMAGE COMBAT A5 1
DAMAGE COMBAT B8 3
END TURN 69
TURN 70
COMMAND LEFT START
MOVE A5 15
MOVE A6 30
TRAIN 1
COMMAND LEFT END
COMMAND RIGHT START
TRAIN 1
COMMAND RIGHT END
TURN 70 RESULT
TIME LEFT 0 5 RIGHT 20 5
TRAIN A8 B13
MOVE A5 8
MOVE A6 5
MOVE B9 166
MOVE B10 166
MOVE B11 166
MOVE B12 193
END TURN 70
TURN 71
COMMAND LEFT START
MOVE A7 15
TRAIN 1
COMMAND LEFT END
COMMAND RIGHT START
MOVE B13 113
COMMAND RIGHT END
TURN 71 RESULT
TIME LEFT 0 5 RIGHT 20 5
TRAIN A9
MOVE A5 15
MOVE A6 16
MOVE A7 8
MOVE B9 156
MOVE B10 156
MOVE B11 156
MOVE B12 179
MOVE B13 214
END TURN 71
TURN 72
COMMAND LEFT START
MOVE A8 30
COMMAND LEFT END
COMMAND RIGHT START
TRAIN 1
COMMAND RIGHT END
TURN 72 RESULT
TIME LEFT 0 5 RIGHT 20 5
TRAIN B14
MOVE A6 30
MOVE A7 15
MOVE A8 5
MOVE B9 146
MOVE B10 146
MOVE B11 146
MOVE B12 166
MOVE B13 202
END TURN 72
TURN 73
COMMAND LEFT START
MOVE A5 40
COMMAND LEFT END
COMMAND RIGHT START
COMMAND RIGHT END
TURN 73 RESULT
TIME LEFT 0 5 RIGHT 20 5
MOVE A5 13
MOVE A8 16
MOVE B9 123
MOVE B10 123
MOVE B11 123
MOVE B12 156
MOVE B13 193
END TURN 73
TURN 74
COMMAND LEFT START
TRAIN 1
COMMAND LEFT END
COMMAND RIGHT START
COMMAND RIGHT END
TURN 74 RESULT
TIME LEFT 0 5 RIGHT 20 5
TRAIN A10
MOVE A5 19
MOVE A8 30
MOVE B9 113
MOVE B10 113
MOVE B11 113
MOVE B12 146
MOVE B13 179
DAMAGE TURRET B9 1
DAMAGE COMBAT A2 3
DAMAGE COMBAT B9 1
END TURN 74
TURN 75
COMMAND LEFT START
MOVE A9 40
COMMAND LEFT END
COMMAND RIGHT START
COMMAND RIGHT END
TURN 75 RESULT
TIME LEFT 0 5 RIGHT 20 5
MOVE A5 32
MOVE A9 8
MOVE B12 123
MOVE B13 166
DAMAGE TURRET B9 1
DAMAGE COMBAT A2 1
DAMAGE COMBAT B9 1
SIEGE A 113 2
END TURN 75
TURN 76
COMMAND LEFT START
MOVE A6 40
TRAIN 1
COMMAND LEFT END
COMMAND RIGHT START
COMMAND RIGHT END
TURN 76 RESULT
TIME LEFT 0 5 RIGHT 20 5
TRAIN A11
MOVE A5 40
MOVE A6 26
MOVE A9 13
MOVE B12 113
MOVE B13 156
DAMAGE TURRET B9 1
SIEGE A 113 4
END TURN 76
TURN 77
COMMAND LEFT START
TRAIN 1
COMMAND LEFT END
COMMAND RIGHT START
TRAIN 1
COMMAND RIGHT END
TURN 77 RESULT
TIME LEFT 0 5 RIGHT 20 5
TRAIN A12 B15
MOVE A6 33
MOVE A9 19
MOVE B13 146
END TURN 77
TURN 78
COMMAND LEFT START
MOVE A10 15
COMMAND LEFT END
COMMAND RIGHT START
COMMAND RIGHT END
TURN 78 RESULT
TIME LEFT 0 5 RIGHT 19 5
MOVE A6 35
MOVE A9 32
MOVE A10 8
MOVE B13 123
END TURN 78
TURN 79
COMMAND LEFT START
COMMAND LEFT END
COMMAND RIGHT START
COMMAND RIGHT END
TURN 79 RESULT
TIME LEFT 0 5 RIGHT 19 5
MOVE A6 36
MOVE A9 40
MOVE A10 15
MOVE B13 113
END TURN 79
TURN 80
COMMAND LEFT START
COMMAND LEFT END
COMMAND RIGHT START
MOVE B10 12
MOVE B11 12
MOVE B12 12
MOVE B13 12
COMMAND RIGHT END
TURN 80 RESULT
TIME LEFT 0 5 RIGHT 19 5
MOVE A6 27
MOVE B10 103
MOVE B11 103
MOVE B12 103
MOVE B13 103
END TURN 80
TURN 81
COMMAND LEFT START
COMMAND LEFT END
COMMAND RIGHT START
COMMAND RIGHT END
TURN 81 RESULT
TIME LEFT 0 5 RIGHT 19 5
MOVE A6 32
MOVE B10 80
MOVE B11 80
MOVE B12 80
MOVE B13 80
END TURN 81
TURN 82
COMMAND LEFT START
COMMAND LEFT END
COMMAND RIGHT START
COMMAND RIGHT END
TURN 82 RESULT
TIME LEFT 0 5 RIGHT 19 5
MOVE A6 40
MOVE B10 70
MOVE B11 70
MOVE B12 70
MOVE B13 70
END TURN 82
TURN 83
COMMAND LEFT START
COMMAND LEFT END
COMMAND RIGHT START
COMMAND RIGHT END
TURN 83 RESULT
TIME LEFT 0 5 RIGHT 19 5
MOVE B10 60
MOVE B11 60
MOVE B12 60
MOVE B13 60
END TURN 83
TURN 84
COMMAND LEFT START
COMMAND LEFT END
COMMAND RIGHT START
COMMAND RIGHT END
TURN 84 RESULT
TIME LEFT 0 5 RIGHT 19 5
MOVE B10 47
MOVE B11 47
MOVE B12 47
MOVE B13 47
END TURN 84
TURN 85
COMMAND LEFT START
MOVE A9 49
COMMAND LEFT END
COMMAND RIGHT START
COMMAND RIGHT END
TURN 85 RESULT
TIME LEFT 0 5 RIGHT 19 5
MOVE A9 48
MOVE B10 33
MOVE B11 33
MOVE B12 33
MOVE B13 33
END TURN 85
TURN 86
COMMAND LEFT START
UPGRADE 30
COMMAND LEFT END
COMMAND RIGHT START
COMMAND RIGHT END
TURN 86 RESULT
TIME LEFT 0 5 RIGHT 19 5
UPGRADE A 30
MOVE A9 44
MOVE B10 24
MOVE B11 24
MOVE B12 24
MOVE B13 24
END TURN 86
TURN 87
COMMAND LEFT START
MOVE A7 0
TRAIN 1
COMMAND LEFT END
COMMAND RIGHT START
COMMAND RIGHT END
TURN 87 RESULT
TIME LEFT 0 5 RIGHT 20 5
TRAIN A13
MOVE A7 8
MOVE A9 49
MOVE B10 12
MOVE B11 12
MOVE B12 12
MOVE B13 12
END TURN 87
TURN 88
COMMAND LEFT START
COMMAND LEFT END
COMMAND RIGHT START
COMMAND RIGHT END
TURN 88 RESULT
TIME LEFT 0 5 RIGHT 19 5
MOVE A7 0
END TURN 88
TURN 89
COMMAND LEFT START
COMMAND LEFT END
COMMAND RIGHT START
MOVE B10 15
MOVE B11 15
MOVE B12 15
MOVE B13 15
COMMAND RIGHT END
TURN 89 RESULT
TIME LEFT 0 5 RIGHT 19 5
MOVE B10 15
MOVE B11 15
MOVE B12 15
MOVE B13 15
DAMAGE TURRET B10 1
DAMAGE COMBAT A10 4
DAMAGE COMBAT B10 1
END TURN 89
TURN 90
COMMAND LEFT START
MOVE A7 15
MOVE A11 15
MOVE A12 15
MOVE A5 15
MOVE A9 30
TRAIN 1
COMMAND LEFT END
COMMAND RIGHT START
COMMAND RIGHT END
TURN 90 RESULT
TIME LEFT 0 5 RIGHT 19 5
TRAIN A14
MOVE A5 32
MOVE A7 8
MOVE A9 35
MOVE A11 8
MOVE A12 8
DAMAGE TURRET B10 1
DAMAGE COMBAT A10 1
DAMAGE COMBAT B10 1
SIEGE A 15 3
END TURN 90
TURN 91
COMMAND LEFT START
MOVE A13 15
TRAIN 1
COMMAND LEFT END
COMMAND RIGHT START
MOVE B10 40
MOVE B11 40
MOVE B12 40
MOVE B13 40
COMMAND RIGHT END
TURN 91 RESULT
TIME LEFT 0 5 RIGHT 20 5
TRAIN A15
MOVE A5 19
MOVE A7 15
MOVE A9 33
MOVE A11 15
MOVE A12 15
MOVE A13 8
MOVE B10 13
MOVE B11 13
MOVE B12 13
MOVE B13 13
END TURN 91
TURN 92
COMMAND LEFT START
MOVE A14 15
MOVE A7 0
COMMAND LEFT END
COMMAND RIGHT START
COMMAND RIGHT END
TURN 92 RESULT
TIME LEFT 0 5 RIGHT 20 5
MOVE A5 13
MOVE A7 8
MOVE A9 26
MOVE A13 15
MOVE A14 8
MOVE B10 19
MOVE B11 19
MOVE B12 19
MOVE B13 19
END TURN 92
TURN 93
COMMAND LEFT START
COMMAND LEFT END
COMMAND RIGHT START
COMMAND RIGHT END
TURN 93 RESULT
TIME LEFT 0 5 RIGHT 20 5
MOVE A5 15
MOVE A7 0
MOVE A9 30
MOVE A14 15
MOVE B10 32
MOVE B11 32
MOVE B12 32
MOVE B13 32
END TURN 93
TURN 94
COMMAND LEFT START
COMMAND LEFT END
COMMAND RIGHT START
TRAIN 1
COMMAND RIGHT END
TURN 94 RESULT
TIME LEFT 0 5 RIGHT 19 5
TRAIN B16
MOVE B10 40
MOVE B11 40
MOVE B12 40
MOVE B13 40
DAMAGE TURRET B10 1
DAMAGE COMBAT A6 4
DAMAGE COMBAT B11 1
END TURN 94
TURN 95
COMMAND LEFT START
TRAIN 1
COMMAND LEFT END
COMMAND RIGHT START
COMMAND RIGHT END
TURN 95 RESULT
TIME LEFT 0 5 RIGHT 19 5
TRAIN A16
DAMAGE TURRET B11 1
SIEGE A 40 3
END TURN 95
TURN 96
COMMAND LEFT START
TRAIN 1
COMMAND LEFT END
COMMAND RIGHT START
TRAIN 1
COMMAND RIGHT END
TURN 96 RESULT
TIME LEFT 0 5 RIGHT 20 5
TRAIN A17 B17
DAMAGE TURRET B11 1
SIEGE A 40 3
END TURN 96
TURN 97
COMMAND LEFT START
COMMAND LEFT END
COMMAND RIGHT START
MOVE B11 0
MOVE B12 0
MOVE B13 0
TRAIN 1
COMMAND RIGHT END
TURN 97 RESULT
TIME LEFT 0 5 RIGHT 19 5
TRAIN B18
MOVE B11 32
MOVE B12 32
MOVE B13 32
END TURN 97
TURN 98
COMMAND LEFT START
COMMAND LEFT END
COMMAND RIGHT START
COMMAND RIGHT END
TURN 98 RESULT
TIME LEFT 0 5 RIGHT 19 5
MOVE B11 19
MOVE B12 19
MOVE B13 19
END TURN 98
TURN 99
COMMAND LEFT START
COMMAND LEFT END
COMMAND RIGHT START
COMMAND RIGHT END
TURN 99 RESULT
TIME LEFT 0 5 RIGHT 19 5
MOVE B11 13
MOVE B12 13
MOVE B13 13
END TURN 99
TURN 100
COMMAND LEFT START
COMMAND LEFT END
COMMAND RIGHT START
COMMAND RIGHT END
TURN 100 RESULT
TIME LEFT 0 5 RIGHT 20 5
MOVE B11 8
MOVE B12 8
MOVE B13 8
END TURN 100
TURN 101
COMMAND LEFT START
COMMAND LEFT END
COMMAND RIGHT START
COMMAND RIGHT END
TURN 101 RESULT
TIME LEFT 0 5 RIGHT 20 5
MOVE B11 0
MOVE B12 0
MOVE B13 0
DAMAGE TURRET B11 2
DAMAGE COMBAT A7 3
DAMAGE COMBAT B12 4
END TURN 101
TURN 102
COMMAND LEFT START
COMMAND LEFT END
COMMAND RIGHT START
COMMAND RIGHT END
TURN 102 RESULT
TIME LEFT 0 5 RIGHT 19 5
DAMAGE TURRET B12 1
DAMAGE TURRET B13 1
DAMAGE COMBAT A7 2
DAMAGE COMBAT B13 4
END TURN 102
TURN 103
COMMAND LEFT START
MOVE A14 49
COMMAND LEFT END
COMMAND RIGHT START
MOVE B14 211
MOVE B15 211
MOVE B16 211
MOVE B17 211
MOVE B18 211
TRAIN 1
COMMAND RIGHT END
TURN 103 RESULT
TIME LEFT 0 5 RIGHT 19 5
TRAIN B19
MOVE A14 28
MOVE B14 218
MOVE B15 218
MOVE B16 218
MOVE B17 218
MOVE B18 218
END TURN 103
TURN 104
COMMAND LEFT START
COMMAND LEFT END
COMMAND RIGHT START
MOVE B19 211
COMMAND RIGHT END
TURN 104 RESULT
TIME LEFT 0 5 RIGHT 19 5
MOVE A14 36
MOVE B14 211
MOVE B15 211
MOVE B16 211
MOVE B17 211
MOVE B18 211
MOVE B19 218
END TURN 104
TURN 105
COMMAND LEFT START
COMMAND LEFT END
COMMAND RIGHT START
COMMAND RIGHT END
TURN 105 RESULT
TIME LEFT 0 5 RIGHT 19 5
MOVE A14 49
MOVE B19 211
END TURN 105
TURN 106
COMMAND LEFT START
UPGRADE 49
COMMAND LEFT END
COMMAND RIGHT START
COMMAND RIGHT END
TURN 106 RESULT
TIME LEFT 0 5 RIGHT 20 5
UPGRADE A 49
END TURN 106
TURN 107
COMMAND LEFT START
COMMAND LEFT END
COMMAND RIGHT START
COMMAND RIGHT END
TURN 107 RESULT
TIME LEFT 0 5 RIGHT 19 5
END TURN 107
TURN 108
COMMAND LEFT START
COMMAND LEFT END
COMMAND RIGHT START
TRAIN 1
COMMAND RIGHT END
TURN 108 RESULT
TIME LEFT 0 5 RIGHT 19 5
TRAIN B20
END TURN 108
TURN 109
COMMAND LEFT START
MOVE A13 40
COMMAND LEFT END
COMMAND RIGHT START
MOVE B20 211
COMMAND RIGHT END
TURN 109 RESULT
TIME LEFT 0 5 RIGHT 19 5
MOVE A13 13
MOVE B20 218
END TURN 109
TURN 110
COMMAND LEFT START
COMMAND LEFT END
COMMAND RIGHT START
COMMAND RIGHT END
TURN 110 RESULT
TIME LEFT 0 5 RIGHT 19 5
MOVE A13 19
MOVE B20 211
END TURN 110
TURN 111
COMMAND LEFT START
COMMAND LEFT END
COMMAND RIGHT START
COMMAND RIGHT END
TURN 111 RESULT
TIME LEFT 0 5 RIGHT 19 5
MOVE A13 32
END TURN 111
TURN 112
COMMAND LEFT START
COMMAND LEFT END
COMMAND RIGHT START
MOVE B14 0
MOVE B15 0
MOVE B16 0
MOVE B17 0
MOVE B18 0
MOVE B19 0
MOVE B20 0
COMMAND RIGHT END
TURN 112 RESULT
TIME LEFT 0 5 RIGHT 18 5
MOVE A13 40
MOVE B14 198
MOVE B15 198
MOVE B16 198
MOVE B17 198
MOVE B18 198
MOVE B19 198
MOVE B20 198
END TURN 112
TURN 113
COMMAND LEFT START
UPGRADE 40
COMMAND LEFT END
COMMAND RIGHT START
COMMAND RIGHT END
TURN 113 RESULT
TIME LEFT 0 5 RIGHT 19 5
UPGRADE A 40
MOVE B14 190
MOVE B15 190
MOVE B16 190
MOVE B17 190
MOVE B18 190
MOVE B19 190
MOVE B20 190
END TURN 113
TURN 114
COMMAND LEFT START
COMMAND LEFT END
COMMAND RIGHT START
TRAIN 1
COMMAND RIGHT END
TURN 114 RESULT
TIME LEFT 0 5 RIGHT 19 5
TRAIN B21
MOVE B14 182
MOVE B15 182
MOVE B16 182
MOVE B17 182
MOVE B18 182
MOVE B19 182
MOVE B20 182
END TURN 114
TURN 115
COMMAND LEFT START
COMMAND LEFT END
COMMAND RIGHT START
COMMAND RIGHT END
TURN 115 RESULT
TIME LEFT 0 5 RIGHT 19 5
MOVE B14 167
MOVE B15 167
MOVE B16 167
MOVE B17 167
MOVE B18 167
MOVE B19 167
MOVE B20 167
END TURN 115
TURN 116
COMMAND LEFT START
COMMAND LEFT END
COMMAND RIGHT START
MOVE B21 0
COMMAND RIGHT END
TURN 116 RESULT
TIME LEFT 0 5 RIGHT 19 5
MOVE B14 151
MOVE B15 151
MOVE B16 151
MOVE B17 151
MOVE B18 151
MOVE B19 151
MOVE B20 151
MOVE B21 214
END TURN 116
TURN 117
COMMAND LEFT START
COMMAND LEFT END
COMMAND RIGHT START
COMMAND RIGHT END
TURN 117 RESULT
TIME LEFT 0 5 RIGHT 19 5
MOVE B14 134
MOVE B15 134
MOVE B16 134
MOVE B17 134
MOVE B18 134
MOVE B19 134
MOVE B20 134
MOVE B21 202
END TURN 117
TURN 118
COMMAND LEFT START
COMMAND LEFT END
COMMAND RIGHT START
COMMAND RIGHT END
TURN 118 RESULT
TIME LEFT 0 5 RIGHT 20 5
MOVE B14 118
MOVE B15 118
MOVE B16 118
MOVE B17 118
MOVE B18 118
MOVE B19 118
MOVE B20 118
MOVE B21 193
END TURN 118
TURN 119
COMMAND LEFT START
COMMAND LEFT END
COMMAND RIGHT START
TRAIN 1
COMMAND RIGHT END
TURN 119 RESULT
TIME LEFT 0 5 RIGHT 20 5
TRAIN B22
MOVE B14 93
MOVE B15 93
MOVE B16 93
MOVE B17 93
MOVE B18 93
MOVE B19 93
MOVE B20 93
MOVE B21 179
END TURN 119
TURN 120
COMMAND LEFT START
UPGRADE 0
COMMAND LEFT END
COMMAND RIGHT START
COMMAND RIGHT END
TURN 120 RESULT
TIME LEFT 0 5 RIGHT 19 5
UPGRADE A 0
MOVE B14 80
MOVE B15 80
MOVE B16 80
MOVE B17 80
MOVE B18 80
MOVE B19 80
MOVE B20 80
MOVE B21 166
END TURN 120
TURN 121
COMMAND LEFT START
COMMAND LEFT END
COMMAND RIGHT START
COMMAND RIGHT END
TURN 121 RESULT
TIME LEFT 0 5 RIGHT 19 5
MOVE B14 70
MOVE B15 70
MOVE B16 70
MOVE B17 70
MOVE B18 70
MOVE B19 70
MOVE B20 70
MOVE B21 156
END TURN 121
TURN 122
COMMAND LEFT START
COMMAND LEFT END
COMMAND RIGHT START
COMMAND RIGHT END
TURN 122 RESULT
TIME LEFT 0 5 RIGHT 19 5
MOVE B14 60
MOVE B15 60
MOVE B16 60
MOVE B17 60
MOVE B18 60
MOVE B19 60
MOVE B20 60
MOVE B21 146
END TURN 122
TURN 123
COMMAND LEFT START
MOVE A15 15
MOVE A16 15
MOVE A8 15
MOVE A5 0
TRAIN 2
COMMAND LEFT END
COMMAND RIGHT START
COMMAND RIGHT END
TURN 123 RESULT
TIME LEFT 0 5 RIGHT 19 5
TRAIN A18 A19
MOVE A5 8
MOVE A8 26
MOVE A15 8
MOVE A16 8
MOVE B14 47
MOVE B15 47
MOVE B16 47
MOVE B17 47
MOVE B18 47
MOVE B19 47
MOVE B20 47
MOVE B21 133
END TURN 123
TURN 124
COMMAND LEFT START
MOVE A17 15
TRAIN 2
COMMAND LEFT END
COMMAND RIGHT START
MOVE B22 0
COMMAND RIGHT END
TURN 124 RESULT
TIME LEFT 0 5 RIGHT 19 5
TRAIN A20 A21
MOVE A5 0
MOVE A8 24
MOVE A15 15
MOVE A16 15
MOVE A17 8
MOVE B14 33
MOVE B15 33
MOVE B16 33
MOVE B17 33
MOVE B18 33
MOVE B19 33
MOVE B20 33
MOVE B21 108
MOVE B22 214
END TURN 124
TURN 125
COMMAND LEFT START
MOVE A11 0
TRAIN 1
COMMAND LEFT END
COMMAND RIGHT START
COMMAND RIGHT END
TURN 125 RESULT
TIME LEFT 0 5 RIGHT 20 5
TRAIN A22
MOVE A8 20
MOVE A11 8
MOVE A17 15
MOVE B14 24
MOVE B15 24
MOVE B16 24
MOVE B17 24
MOVE B18 24
MOVE B19 24
MOVE B20 24
MOVE B21 92
MOVE B22 202
END TURN 125
TURN 126
COMMAND LEFT START
COMMAND LEFT END
COMMAND RIGHT START
COMMAND RIGHT END
TURN 126 RESULT
TIME LEFT 0 5 RIGHT 20 5
MOVE A8 15
MOVE A11 0
MOVE B14 12
MOVE B15 12
MOVE B16 12
MOVE B17 12
MOVE B18 12
MOVE B19 12
MOVE B20 12
MOVE B21 75
MOVE B22 193
END TURN 126
TURN 127
COMMAND LEFT START
COMMAND LEFT END
COMMAND RIGHT START
COMMAND RIGHT END
TURN 127 RESULT
TIME LEFT 0 5 RIGHT 19 5
MOVE B14 0
MOVE B15 0
MOVE B16 0
MOVE B17 0
MOVE B18 0
MOVE B19 0
MOVE B20 0
MOVE B21 59
MOVE B22 179
DAMAGE TURRET B14 2
DAMAGE COMBAT A5 3
DAMAGE COMBAT A11 4
DAMAGE COMBAT B14 3
DAMAGE COMBAT B15 4
END TURN 127
TURN 128
COMMAND LEFT START
COMMAND LEFT END
COMMAND RIGHT START
COMMAND RIGHT END
TURN 128 RESULT
TIME LEFT 0 5 RIGHT 19 5
MOVE B21 44
MOVE B22 166
DAMAGE TURRET B15 1
DAMAGE TURRET B16 1
DAMAGE COMBAT A11 1
DAMAGE COMBAT A18 5
DAMAGE COMBAT B16 4
DAMAGE COMBAT B17 2
END TURN 128
TURN 129
COMMAND LEFT START
COMMAND LEFT END
COMMAND RIGHT START
COMMAND RIGHT END
TURN 129 RESULT
TIME LEFT 0 5 RIGHT 19 5
MOVE B21 36
MOVE B22 156
DAMAGE TURRET B17 2
DAMAGE COMBAT A18 1
DAMAGE COMBAT A19 3
DAMAGE COMBAT B17 1
DAMAGE COMBAT B18 4
END TURN 129
TURN 130
COMMAND LEFT START
COMMAND LEFT END
COMMAND RIGHT START
COMMAND RIGHT END
TURN 130 RESULT
TIME LEFT 0 5 RIGHT 19 5
MOVE B21 28
MOVE B22 146
DAMAGE TURRET B18 1
DAMAGE TURRET B19 1
DAMAGE COMBAT A19 3
DAMAGE COMBAT B19 4
END TURN 130
TURN 131
COMMAND LEFT START
COMMAND LEFT END
COMMAND RIGHT START
MOVE B20 226
COMMAND RIGHT END
TURN 131 RESULT
TIME LEFT 0 5 RIGHT 19 5
MOVE B21 15
MOVE B22 133
DAMAGE TURRET B20 2
DAMAGE TURRET B21 1
DAMAGE COMBAT A8 1
DAMAGE COMBAT A20 1
DAMAGE COMBAT B20 3
DAMAGE COMBAT B21 4
END TURN 131
TURN 132
COMMAND LEFT START
MOVE A8 30
MOVE A17 111
COMMAND LEFT END
COMMAND RIGHT START
COMMAND RIGHT END
TURN 132 RESULT
TIME LEFT 0 5 RIGHT 19 5
MOVE A8 20
MOVE A17 28
MOVE B22 108
END TURN 132
TURN 133
COMMAND LEFT START
UPGRADE 40
COMMAND LEFT END
COMMAND RIGHT START
COMMAND RIGHT END
TURN 133 RESULT
TIME LEFT 0 5 RIGHT 20 5
UPGRADE A 40
MOVE A8 24
MOVE A17 36
MOVE B22 92
END TURN 133
TURN 134
COMMAND LEFT START
MOVE A12 40
COMMAND LEFT END
COMMAND RIGHT START
COMMAND RIGHT END
TURN 134 RESULT
TIME LEFT 0 5 RIGHT 19 5
MOVE A8 26
MOVE A12 13
MOVE A17 44
MOVE B22 75
END TURN 134
TURN 135
COMMAND LEFT START
COMMAND LEFT END
COMMAND RIGHT START
COMMAND RIGHT END
TURN 135 RESULT
TIME LEFT 0 5 RIGHT 19 5
MOVE A8 30
MOVE A12 19
MOVE A17 65
MOVE B22 59
END TURN 135
TURN 136
COMMAND LEFT START
COMMAND LEFT END
COMMAND RIGHT START
COMMAND RIGHT END
TURN 136 RESULT
TIME LEFT 0 5 RIGHT 19 5
MOVE A12 32
MOVE A17 88
MOVE B22 44
END TURN 136
TURN 137
COMMAND LEFT START
UPGRADE 49
COMMAND LEFT END
COMMAND RIGHT START
COMMAND RIGHT END
TURN 137 RESULT
TIME LEFT 0 5 RIGHT 19 5
UPGRADE A 49
MOVE A12 40
MOVE A17 100
MOVE B22 36
END TURN 137
TURN 138
COMMAND LEFT START
TRAIN 1
COMMAND LEFT END
COMMAND RIGHT START
COMMAND RIGHT END
TURN 138 RESULT
TIME LEFT 0 5 RIGHT 19 5
TRAIN A23
MOVE A17 111
MOVE B22 28
END TURN 138
TURN 139
COMMAND LEFT START
MOVE A20 15
MOVE A21 15
MOVE A22 15
MOVE A17 49
TRAIN 1
COMMAND LEFT END
COMMAND RIGHT START
COMMAND RIGHT END
TURN 139 RESULT
TIME LEFT 0 5 RIGHT 19 5
TRAIN A24
MOVE A17 100
MOVE A20 8
MOVE A21 8
MOVE A22 8
MOVE B22 15
DAMAGE TURRET B22 1
DAMAGE COMBAT A15 1
DAMAGE COMBAT B22 2
END TURN 139
TURN 140
COMMAND LEFT START
MOVE A23 15
MOVE A12 15
MOVE A8 15
TRAIN 1
COMMAND LEFT END
COMMAND RIGHT START
COMMAND RIGHT END
TURN 140 RESULT
TIME LEFT 0 5 RIGHT 19 5
TRAIN A25
MOVE A8 26
MOVE A12 32
MOVE A17 88
MOVE A20 15
MOVE A21 15
MOVE A22 15
MOVE A23 8
DAMAGE TURRET B22 1
DAMAGE COMBAT A15 1
DAMAGE COMBAT B22 1
END TURN 140
TURN 141
COMMAND LEFT START
MOVE A15 0
MOVE A16 30
TRAIN 1
COMMAND LEFT END
COMMAND RIGHT START
COMMAND RIGHT END
TURN 141 RESULT
TIME LEFT 0 5 RIGHT 19 5
TRAIN A26
MOVE A8 24
MOVE A12 19
MOVE A15 8
MOVE A16 20
MOVE A17 65
MOVE A23 15
END TURN 141
TURN 142
COMMAND LEFT START
MOVE A20 40
COMMAND LEFT END
COMMAND RIGHT START
COMMAND RIGHT END
TURN 142 RESULT
TIME LEFT 0 5 RIGHT 19 5
MOVE A8 20
MOVE A12 13
MOVE A15 0
MOVE A16 24
MOVE A17 59
MOVE A20 13
END TURN 142
TURN 143
COMMAND LEFT START
COMMAND LEFT END
COMMAND RIGHT START
COMMAND RIGHT END
TURN 143 RESULT
TIME LEFT 0 5 RIGHT 19 5
MOVE A8 15
MOVE A12 15
MOVE A16 26
MOVE A17 49
MOVE A20 19
END TURN 143
TURN 144
COMMAND LEFT START
COMMAND LEFT END
COMMAND RIGHT START
COMMAND RIGHT END
TURN 144 RESULT
TIME LEFT 0 5 RIGHT 19 5
MOVE A16 30
MOVE A20 32
END TURN 144
TURN 145
COMMAND LEFT START
COMMAND LEFT END
COMMAND RIGHT START
COMMAND RIGHT END
TURN 145 RESULT
TIME LEFT 0 5 RIGHT 19 5
MOVE A20 40
END TURN 145
TURN 146
COMMAND LEFT START
MOVE A23 111
COMMAND LEFT END
COMMAND RIGHT START
COMMAND RIGHT END
TURN 146 RESULT
TIME LEFT 0 5 RIGHT 19 5
MOVE A23 28
END TURN 146
TURN 147
COMMAND LEFT START
UPGRADE 15
COMMAND LEFT END
COMMAND RIGHT START
COMMAND RIGHT END
TURN 147 RESULT
TIME LEFT 0 5 RIGHT 19 5
UPGRADE A 15
MOVE A23 36
END TURN 147
TURN 148
COMMAND LEFT START
COMMAND LEFT END
COMMAND RIGHT START
COMMAND RIGHT END
TURN 148 RESULT
TIME LEFT 0 5 RIGHT 19 5
MOVE A23 44
END TURN 148
TURN 149
COMMAND LEFT START
COMMAND LEFT END
COMMAND RIGHT START
COMMAND RIGHT END
TURN 149 RESULT
TIME LEFT 0 5 RIGHT 19 5
MOVE A23 65
END TURN 149
TURN 150
COMMAND LEFT START
COMMAND LEFT END
COMMAND RIGHT START
COMMAND RIGHT END
TURN 150 RESULT
TIME LEFT 0 5 RIGHT 19 5
MOVE A23 88
END TURN 150
TURN 151
COMMAND LEFT START
UPGRADE 30
COMMAND LEFT END
COMMAND RIGHT START
COMMAND RIGHT END
TURN 151 RESULT
TIME LEFT 0 5 RIGHT 19 5
UPGRADE A 30
MOVE A23 100
END TURN 151
TURN 152
COMMAND LEFT START
MOVE A8 30
COMMAND LEFT END
COMMAND RIGHT START
UPGRADE 226
COMMAND RIGHT END
TURN 152 RESULT
TIME LEFT 0 5 RIGHT 19 5
UPGRADE B 226
MOVE A8 20
MOVE A23 111
END TURN 152
TURN 153
COMMAND LEFT START
COMMAND LEFT END
COMMAND RIGHT START
TRAIN 1
COMMAND RIGHT END
TURN 153 RESULT
TIME LEFT 0 5 RIGHT 19 5
TRAIN B23
MOVE A8 24
END TURN 153
TURN 154
COMMAND LEFT START
UPGRADE 111
COMMAND LEFT END
COMMAND RIGHT START
COMMAND RIGHT END
TURN 154 RESULT
TIME LEFT 0 5 RIGHT 18 5
UPGRADE A 111
MOVE A8 26
END TURN 154
TURN 155
COMMAND LEFT START
COMMAND LEFT END
COMMAND RIGHT START
COMMAND RIGHT END
TURN 155 RESULT
TIME LEFT 0 5 RIGHT 19 5
MOVE A8 30
END TURN 155
TURN 156
COMMAND LEFT START
COMMAND LEFT END
COMMAND RIGHT START
COMMAND RIGHT END
TURN 156 RESULT
TIME LEFT 0 5 RIGHT 19 5
END TURN 156
TURN 157
COMMAND LEFT START
UPGRADE 111
COMMAND LEFT END
COMMAND RIGHT START
COMMAND RIGHT END
TURN 157 RESULT
TIME LEFT 0 5 RIGHT 19 5
UPGRADE A 111
END TURN 157
TURN 158
COMMAND LEFT START
MOVE A15 111
COMMAND LEFT END
COMMAND RIGHT START
COMMAND RIGHT END
TURN 158 RESULT
TIME LEFT 0 5 RIGHT 19 5
MOVE A15 8
END TURN 158
TURN 159
COMMAND LEFT START
COMMAND LEFT END
COMMAND RIGHT START
COMMAND RIGHT END
TURN 159 RESULT
TIME LEFT 0 5 RIGHT 19 5
MOVE A15 15
END TURN 159
TURN 160
COMMAND LEFT START
COMMAND LEFT END
COMMAND RIGHT START
COMMAND RIGHT END
TURN 160 RESULT
TIME LEFT 0 5 RIGHT 19 5
MOVE A15 28
END TURN 160
TURN 161
COMMAND LEFT START
UPGRADE 40
TRAIN 1
COMMAND LEFT END
COMMAND RIGHT START
COMMAND RIGHT END
TURN 161 RESULT
TIME LEFT 0 5 RIGHT 19 5
UPGRADE A 40
TRAIN A27
MOVE A15 36
END TURN 161
TURN 162
COMMAND LEFT START
MOVE A24 40
COMMAND LEFT END
COMMAND RIGHT START
COMMAND RIGHT END
TURN 162 RESULT
TIME LEFT 0 5 RIGHT 19 5
MOVE A15 44
MOVE A24 8
END TURN 162
TURN 163
COMMAND LEFT START
COMMAND LEFT END
COMMAND RIGHT START
COMMAND RIGHT END
TURN 163 RESULT
TIME LEFT 0 5 RIGHT 19 5
MOVE A15 65
MOVE A24 13
END TURN 163
TURN 164
COMMAND LEFT START
COMMAND LEFT END
COMMAND RIGHT START
COMMAND RIGHT END
TURN 164 RESULT
TIME LEFT 0 5 RIGHT 19 5
MOVE A15 88
MOVE A24 19
END TURN 164
TURN 165
COMMAND LEFT START
UPGRADE 49
TRAIN 1
COMMAND LEFT END
COMMAND RIGHT START
COMMAND RIGHT END
TURN 165 RESULT
TIME LEFT 0 5 RIGHT 19 5
UPGRADE A 49
TRAIN A28
MOVE A15 100
MOVE A24 32
END TURN 165
TURN 166
COMMAND LEFT START
MOVE A25 49
COMMAND LEFT END
COMMAND RIGHT START
COMMAND RIGHT END
TURN 166 RESULT
TIME LEFT 0 5 RIGHT 19 5
MOVE A15 111
MOVE A24 40
MOVE A25 8
END TURN 166
TURN 167
COMMAND LEFT START
COMMAND LEFT END
COMMAND RIGHT START
COMMAND RIGHT END
TURN 167 RESULT
TIME LEFT 0 5 RIGHT 19 5
MOVE A25 15
END TURN 167
TURN 168
COMMAND LEFT START
UPGRADE 111
COMMAND LEFT END
COMMAND RIGHT START
COMMAND RIGHT END
TURN 168 RESULT
TIME LEFT 0 5 RIGHT 19 5
UPGRADE A 111
MOVE A25 28
END TURN 168
TURN 169
COMMAND LEFT START
TRAIN 1
COMMAND LEFT END
COMMAND RIGHT START
COMMAND RIGHT END
TURN 169 RESULT
TIME LEFT 0 5 RIGHT 19 5
TRAIN A29
MOVE A25 36
END TURN 169
TURN 170
COMMAND LEFT START
MOVE A26 111
COMMAND LEFT END
COMMAND RIGHT START
COMMAND RIGHT END
TURN 170 RESULT
TIME LEFT 0 5 RIGHT 19 5
MOVE A25 49
MOVE A26 8
END TURN 170
TURN 171
COMMAND LEFT START
COMMAND LEFT END
COMMAND RIGHT START
COMMAND RIGHT END
TURN 171 RESULT
TIME LEFT 0 5 RIGHT 18 5
MOVE A26 15
END TURN 171
TURN 172
COMMAND LEFT START
TRAIN 1
COMMAND LEFT END
COMMAND RIGHT START
COMMAND RIGHT END
TURN 172 RESULT
TIME LEFT 0 5 RIGHT 19 5
TRAIN A30
MOVE A26 28
END TURN 172
TURN 173
COMMAND LEFT START
TRAIN 2
COMMAND LEFT END
COMMAND RIGHT START
COMMAND RIGHT END
TURN 173 RESULT
TIME LEFT 0 5 RIGHT 19 5
TRAIN A31 A32
MOVE A26 36
END TURN 173
TURN 174
COMMAND LEFT START
MOVE A32 115
COMMAND LEFT END
COMMAND RIGHT START
COMMAND RIGHT END
TURN 174 RESULT
TIME LEFT 0 5 RIGHT 19 5
MOVE A26 44
MOVE A32 12
END TURN 174
TURN 175
COMMAND LEFT START
COMMAND LEFT END
COMMAND RIGHT START
COMMAND RIGHT END
TURN 175 RESULT
TIME LEFT 0 5 RIGHT 19 5
MOVE A26 65
MOVE A32 24
END TURN 175
TURN 176
COMMAND LEFT START
COMMAND LEFT END
COMMAND RIGHT START
COMMAND RIGHT END
TURN 176 RESULT
TIME LEFT 0 5 RIGHT 19 5
MOVE A26 88
MOVE A32 33
END TURN 176
TURN 177
COMMAND LEFT START
COMMAND LEFT END
COMMAND RIGHT START
COMMAND RIGHT END
TURN 177 RESULT
TIME LEFT 0 5 RIGHT 19 5
MOVE A26 100
MOVE A32 47
END TURN 177
TURN 178
COMMAND LEFT START
COMMAND LEFT END
COMMAND RIGHT START
COMMAND RIGHT END
TURN 178 RESULT
TIME LEFT 0 5 RIGHT 18 5
MOVE A26 111
MOVE A32 60
END TURN 178
TURN 179
COMMAND LEFT START
COMMAND LEFT END
COMMAND RIGHT START
COMMAND RIGHT END
TURN 179 RESULT
TIME LEFT 0 5 RIGHT 19 5
MOVE A32 70
END TURN 179
TURN 180
COMMAND LEFT START
UPGRADE 0
COMMAND LEFT END
COMMAND RIGHT START
COMMAND RIGHT END
TURN 180 RESULT
TIME LEFT 0 5 RIGHT 18 5
UPGRADE A 0
MOVE A32 80
END TURN 180
TURN 181
COMMAND LEFT START
COMMAND LEFT END
COMMAND RIGHT START
COMMAND RIGHT END
TURN 181 RESULT
TIME LEFT 0 5 RIGHT 19 5
MOVE A32 93
END TURN 181
TURN 182
COMMAND LEFT START
COMMAND LEFT END
COMMAND RIGHT START
COMMAND RIGHT END
TURN 182 RESULT
TIME LEFT 0 5 RIGHT 18 5
MOVE A32 115
END TURN 182
TURN 183
COMMAND LEFT START
UPGRADE 115
COMMAND LEFT END
COMMAND RIGHT START
COMMAND RIGHT END
TURN 183 RESULT
TIME LEFT 0 5 RIGHT 18 5
UPGRADE A 115
END TURN 183
TURN 184
COMMAND LEFT START
UPGRADE 115
COMMAND LEFT END
COMMAND RIGHT START
COMMAND RIGHT END
TURN 184 RESULT
TIME LEFT 0 5 RIGHT 18 5
UPGRADE A 115
END TURN 184
TURN 185
COMMAND LEFT START
MOVE A27 115
COMMAND LEFT END
COMMAND RIGHT START
COMMAND RIGHT END
TURN 185 RESULT
TIME LEFT 0 5 RIGHT 19 5
MOVE A27 12
END TURN 185
TURN 186
COMMAND LEFT START
COMMAND LEFT END
COMMAND RIGHT START
COMMAND RIGHT END
TURN 186 RESULT
TIME LEFT 0 5 RIGHT 19 5
MOVE A27 24
END TURN 186
TURN 187
COMMAND LEFT START
UPGRADE 115
TRAIN 1
COMMAND LEFT END
COMMAND RIGHT START
COMMAND RIGHT END
TURN 187 RESULT
TIME LEFT 0 5 RIGHT 18 5
UPGRADE A 115
TRAIN A33
MOVE A27 33
END TURN 187
TURN 188
COMMAND LEFT START
MOVE A28 115
COMMAND LEFT END
COMMAND RIGHT START
COMMAND RIGHT END
TURN 188 RESULT
TIME LEFT 0 5 RIGHT 19 5
MOVE A27 47
MOVE A28 12
END TURN 188
TURN 189
COMMAND LEFT START
COMMAND LEFT END
COMMAND RIGHT START
COMMAND RIGHT END
TURN 189 RESULT
TIME LEFT 0 5 RIGHT 18 5
MOVE A27 60
MOVE A28 24
END TURN 189
TURN 190
COMMAND LEFT START
TRAIN 2
COMMAND LEFT END
COMMAND RIGHT START
COMMAND RIGHT END
TURN 190 RESULT
TIME LEFT 0 5 RIGHT 18 5
TRAIN A34 A35
MOVE A27 70
MOVE A28 33
END TURN 190
TURN 191
COMMAND LEFT START
MOVE A35 113
COMMAND LEFT END
COMMAND RIGHT START
COMMAND RIGHT END
TURN 191 RESULT
TIME LEFT 0 5 RIGHT 18 5
MOVE A27 80
MOVE A28 47
MOVE A35 12
END TURN 191
TURN 192
COMMAND LEFT START
TRAIN 2
COMMAND LEFT END
COMMAND RIGHT START
COMMAND RIGHT END
TURN 192 RESULT
TIME LEFT 0 5 RIGHT 18 5
TRAIN A36 A37
MOVE A27 93
MOVE A28 60
MOVE A35 24
END TURN 192
TURN 193
COMMAND LEFT START
TRAIN 2
COMMAND LEFT END
COMMAND RIGHT START
COMMAND RIGHT END
TURN 193 RESULT
TIME LEFT 0 5 RIGHT 19 5
TRAIN A38 A39
MOVE A27 115
MOVE A28 70
MOVE A35 33
END TURN 193
TURN 194
COMMAND LEFT START
TRAIN 2
COMMAND LEFT END
COMMAND RIGHT START
UPGRADE 226
COMMAND RIGHT END
TURN 194 RESULT
TIME LEFT 0 5 RIGHT 19 5
UPGRADE B 226
TRAIN A40 A41
MOVE A28 80
MOVE A35 47
END TURN 194
TURN 195
COMMAND LEFT START
TRAIN 2
COMMAND LEFT END
COMMAND RIGHT START
COMMAND RIGHT END
TURN 195 RESULT
TIME LEFT 0 5 RIGHT 19 5
TRAIN A42 A43
MOVE A28 93
MOVE A35 60
END TURN 195
TURN 196
COMMAND LEFT START
TRAIN 2
COMMAND LEFT END
COMMAND RIGHT START
COMMAND RIGHT END
TURN 196 RESULT
TIME LEFT 0 5 RIGHT 19 5
TRAIN A44 A45
MOVE A28 115
MOVE A35 70
END TURN 196
TURN 197
COMMAND LEFT START
TRAIN 2
COMMAND LEFT END
COMMAND RIGHT START
COMMAND RIGHT END
TURN 197 RESULT
TIME LEFT 0 5 RIGHT 19 5
TRAIN A46 A47
MOVE A35 80
END TURN 197
TURN 198
COMMAND LEFT START
TRAIN 2
COMMAND LEFT END
COMMAND RIGHT START
COMMAND RIGHT END
TURN 198 RESULT
TIME LEFT 0 5 RIGHT 19 5
TRAIN A48 A49
MOVE A35 103
END TURN 198
TURN 199
COMMAND LEFT START
TRAIN 2
COMMAND LEFT END
COMMAND RIGHT START
COMMAND RIGHT END
TURN 199 RESULT
TIME LEFT 0 5 RIGHT 19 5
TRAIN A50 A51
MOVE A35 113
END TURN 199
TURN 200
COMMAND LEFT START
MOVE A51 87
UPGRADE 113
COMMAND LEFT END
COMMAND RIGHT START
COMMAND RIGHT END
TURN 200 RESULT
TIME LEFT 0 5 RIGHT 19 5
UPGRADE A 113
MOVE A51 8
END TURN 200
TURN 201
COMMAND LEFT START
MOVE A50 113
MOVE A49 113
MOVE A48 113
MOVE A47 113
MOVE A46 113
MOVE A45 113
MOVE A44 113
MOVE A43 113
UPGRADE 113
COMMAND LEFT END
COMMAND RIGHT START
TRAIN 2
COMMAND RIGHT END
TURN 201 RESULT
TIME LEFT 0 5 RIGHT 19 5
UPGRADE A 113
TRAIN B24 B25
MOVE A43 12
MOVE A44 12
MOVE A45 12
MOVE A46 12
MOVE A47 12
MOVE A48 12
MOVE A49 12
MOVE A50 12
MOVE A51 13
END TURN 201
TURN 202
COMMAND LEFT START
MOVE A42 113
MOVE A41 113
MOVE A40 113
MOVE A39 113
UPGRADE 113
COMMAND LEFT END
COMMAND RIGHT START
COMMAND RIGHT END
TURN 202 RESULT
TIME LEFT 0 5 RIGHT 19 5
UPGRADE A 113
MOVE A39 12
MOVE A40 12
MOVE A41 12
MOVE A42 12
MOVE A43 24
MOVE A44 24
MOVE A45 24
MOVE A46 24
MOVE A47 24
MOVE A48 24
MOVE A49 24
MOVE A50 24
MOVE A51 19
END TURN 202
TURN 203
COMMAND LEFT START
COMMAND LEFT END
COMMAND RIGHT START
COMMAND RIGHT END
TURN 203 RESULT
TIME LEFT 0 5 RIGHT 19 5
MOVE A39 24
MOVE A40 24
MOVE A41 24
MOVE A42 24
MOVE A43 33
MOVE A44 33
MOVE A45 33
MOVE A46 33
MOVE A47 33
MOVE A48 33
MOVE A49 33
MOVE A50 33
MOVE A51 32
END TURN 203
TURN 204
COMMAND LEFT START
TRAIN 1
COMMAND LEFT END
COMMAND RIGHT START
COMMAND RIGHT END
TURN 204 RESULT
TIME LEFT 0 5 RIGHT 19 5
TRAIN A52
MOVE A39 33
MOVE A40 33
MOVE A41 33
MOVE A42 33
MOVE A43 47
MOVE A44 47
MOVE A45 47
MOVE A46 47
MOVE A47 47
MOVE A48 47
MOVE A49 47
MOVE A50 47
MOVE A51 40
END TURN 204
TURN 205
COMMAND LEFT START
TRAIN 2
COMMAND LEFT END
COMMAND RIGHT START
COMMAND RIGHT END
TURN 205 RESULT
TIME LEFT 0 5 RIGHT 19 5
TRAIN A53 A54
MOVE A39 47
MOVE A40 47
MOVE A41 47
MOVE A42 47
MOVE A43 60
MOVE A44 60
MOVE A45 60
MOVE A46 60
MOVE A47 60
MOVE A48 60
MOVE A49 60
MOVE A50 60
MOVE A51 50
END TURN 205
TURN 206
COMMAND LEFT START
TRAIN 2
COMMAND LEFT END
COMMAND RIGHT START
COMMAND RIGHT END
TURN 206 RESULT
TIME LEFT 0 5 RIGHT 19 5
TRAIN A55 A56
MOVE A39 60
MOVE A40 60
MOVE A41 60
MOVE A42 60
MOVE A43 70
MOVE A44 70
MOVE A45 70
MOVE A46 70
MOVE A47 70
MOVE A48 70
MOVE A49 70
MOVE A50 70
MOVE A51 62
END TURN 206
TURN 207
COMMAND LEFT START
TRAIN 2
COMMAND LEFT END
COMMAND RIGHT START
COMMAND RIGHT END
TURN 207 RESULT
TIME LEFT 0 5 RIGHT 18 5
TRAIN A57 A58
MOVE A39 70
MOVE A40 70
MOVE A41 70
MOVE A42 70
MOVE A43 80
MOVE A44 80
MOVE A45 80
MOVE A46 80
MOVE A47 80
MOVE A48 80
MOVE A49 80
MOVE A50 80
MOVE A51 76
END TURN 207
TURN 208
COMMAND LEFT START
TRAIN 2
COMMAND LEFT END
COMMAND RIGHT START
COMMAND RIGHT END
TURN 208 RESULT
TIME LEFT 0 5 RIGHT 18 5
TRAIN A59 A60
MOVE A39 80
MOVE A40 80
MOVE A41 80
MOVE A42 80
MOVE A43 103
MOVE A44 103
MOVE A45 103
MOVE A46 103
MOVE A47 103
MOVE A48 103
MOVE A49 103
MOVE A50 103
MOVE A51 83
END TURN 208
TURN 209
COMMAND LEFT START
TRAIN 2
COMMAND LEFT END
COMMAND RIGHT START
COMMAND RIGHT END
TURN 209 RESULT
TIME LEFT 0 5 RIGHT 19 5
TRAIN A61 A62
MOVE A39 103
MOVE A40 103
MOVE A41 103
MOVE A42 103
MOVE A43 113
MOVE A44 113
MOVE A45 113
MOVE A46 113
MOVE A47 113
MOVE A48 113
MOVE A49 113
MOVE A50 113
MOVE A51 87
END TURN 209
TURN 210
COMMAND LEFT START
UPGRADE 87
COMMAND LEFT END
COMMAND RIGHT START
COMMAND RIGHT END
TURN 210 RESULT
TIME LEFT 0 5 RIGHT 19 5
UPGRADE A 87
MOVE A39 113
MOVE A40 113
MOVE A41 113
MOVE A42 113
END TURN 210
TURN 211
COMMAND LEFT START
MOVE A50 91
COMMAND LEFT END
COMMAND RIGHT START
COMMAND RIGHT END
TURN 211 RESULT
TIME LEFT 0 5 RIGHT 19 5
MOVE A50 108
END TURN 211
TURN 212
COMMAND LEFT START
MOVE A62 113
UPGRADE 87
COMMAND LEFT END
COMMAND RIGHT START
COMMAND RIGHT END
TURN 212 RESULT
TIME LEFT 0 5 RIGHT 19 5
UPGRADE A 87
MOVE A50 100
MOVE A62 12
END TURN 212
TURN 213
COMMAND LEFT START
MOVE A35 87
UPGRADE 87
COMMAND LEFT END
COMMAND RIGHT START
COMMAND RIGHT END
TURN 213 RESULT
TIME LEFT 0 5 RIGHT 19 5
UPGRADE A 87
MOVE A35 108
MOVE A50 85
MOVE A62 24
END TURN 213
TURN 214
COMMAND LEFT START
MOVE A39 87
MOVE A61 113
COMMAND LEFT END
COMMAND RIGHT START
COMMAND RIGHT END
TURN 214 RESULT
TIME LEFT 0 5 RIGHT 19 5
MOVE A35 100
MOVE A39 108
MOVE A50 84
MOVE A61 12
MOVE A62 33
END TURN 214
TURN 215
COMMAND LEFT START
MOVE A60 113
TRAIN 1
COMMAND LEFT END
COMMAND RIGHT START
COMMAND RIGHT END
TURN 215 RESULT
TIME LEFT 0 5 RIGHT 19 5
TRAIN A63
MOVE A35 85
MOVE A39 100
MOVE A50 83
MOVE A60 12
MOVE A61 24
MOVE A62 47
END TURN 215
TURN 216
COMMAND LEFT START
TRAIN 2
COMMAND LEFT END
COMMAND RIGHT START
COMMAND RIGHT END
TURN 216 RESULT
TIME LEFT 0 5 RIGHT 19 5
TRAIN A64 A65
MOVE A35 84
MOVE A39 85
MOVE A50 87
MOVE A60 24
MOVE A61 33
MOVE A62 60
END TURN 216
TURN 217
COMMAND LEFT START
TRAIN 2
COMMAND LEFT END
COMMAND RIGHT START
COMMAND RIGHT END
TURN 217 RESULT
TIME LEFT 0 5 RIGHT 19 5
TRAIN A66 A67
MOVE A35 83
MOVE A39 84
MOVE A50 81
MOVE A60 33
MOVE A61 47
MOVE A62 70
END TURN 217
TURN 218
COMMAND LEFT START
TRAIN 2
COMMAND LEFT END
COMMAND RIGHT START
COMMAND RIGHT END
TURN 218 RESULT
TIME LEFT 0 5 RIGHT 19 5
TRAIN A68 A69
MOVE A35 87
MOVE A39 83
MOVE A50 91
MOVE A60 47
MOVE A61 60
MOVE A62 80
END TURN 218
TURN 219
COMMAND LEFT START
UPGRADE 91
COMMAND LEFT END
COMMAND RIGHT START
COMMAND RIGHT END
TURN 219 RESULT
TIME LEFT 0 5 RIGHT 19 5
UPGRADE A 91
MOVE A39 87
MOVE A60 60
MOVE A61 70
MOVE A62 103
END TURN 219
TURN 220
COMMAND LEFT START
MOVE A49 139
COMMAND LEFT END
COMMAND RIGHT START
COMMAND RIGHT END
TURN 220 RESULT
TIME LEFT 0 5 RIGHT 19 5
MOVE A49 118
MOVE A60 70
MOVE A61 80
MOVE A62 113
END TURN 220
TURN 221
COMMAND LEFT START
MOVE A69 113
UPGRADE 91
COMMAND LEFT END
COMMAND RIGHT START
COMMAND RIGHT END
TURN 221 RESULT
TIME LEFT 0 5 RIGHT 18 5
UPGRADE A 91
MOVE A49 126
MOVE A60 80
MOVE A61 103
MOVE A69 12
END TURN 221
TURN 222
COMMAND LEFT START
MOVE A40 91
UPGRADE 91
COMMAND LEFT END
COMMAND RIGHT START
COMMAND RIGHT END
TURN 222 RESULT
TIME LEFT 0 5 RIGHT 18 5
UPGRADE A 91
MOVE A40 108
MOVE A49 141
MOVE A60 103
MOVE A61 113
MOVE A69 24
END TURN 222
TURN 223
COMMAND LEFT START
MOVE A41 91
MOVE A68 113
COMMAND LEFT END
COMMAND RIGHT START
COMMAND RIGHT END
TURN 223 RESULT
TIME LEFT 0 5 RIGHT 19 5
MOVE A40 100
MOVE A41 108
MOVE A49 142
MOVE A60 113
MOVE A68 12
MOVE A69 33
END TURN 223
TURN 224
COMMAND LEFT START
MOVE A67 113
TRAIN 2
COMMAND LEFT END
COMMAND RIGHT START
COMMAND RIGHT END
TURN 224 RESULT
TIME LEFT 0 5 RIGHT 19 5
TRAIN A70 A71
MOVE A40 85
MOVE A41 100
MOVE A49 143
MOVE A67 12
MOVE A68 24
MOVE A69 47
END TURN 224
TURN 225
COMMAND LEFT START
TRAIN 2
COMMAND LEFT END
COMMAND RIGHT START
COMMAND RIGHT END
TURN 225 RESULT
TIME LEFT 0 5 RIGHT 19 5
TRAIN A72 A73
MOVE A40 84
MOVE A41 85
MOVE A49 139
MOVE A67 24
MOVE A68 33
MOVE A69 60
END TURN 225
TURN 226
COMMAND LEFT START
MOVE A62 177
UPGRADE 139
COMMAND LEFT END
COMMAND RIGHT START
COMMAND RIGHT END
TURN 226 RESULT
TIME LEFT 0 5 RIGHT 19 5
UPGRADE A 139
MOVE A40 83
MOVE A41 84
MOVE A62 134
MOVE A67 33
MOVE A68 47
MOVE A69 70
END TURN 226
TURN 227
COMMAND LEFT START
MOVE A73 113
UPGRADE 139
COMMAND LEFT END
COMMAND RIGHT START
COMMAND RIGHT END
TURN 227 RESULT
TIME LEFT 0 5 RIGHT 19 5
UPGRADE A 139
MOVE A40 87
MOVE A41 83
MOVE A62 151
MOVE A67 47
MOVE A68 60
MOVE A69 80
MOVE A73 12
END TURN 227
TURN 228
COMMAND LEFT START
MOVE A42 139
UPGRADE 139
COMMAND LEFT END
COMMAND RIGHT START
COMMAND RIGHT END
TURN 228 RESULT
TIME LEFT 0 5 RIGHT 18 5
UPGRADE A 139
MOVE A40 81
MOVE A41 87
MOVE A42 118
MOVE A62 167
MOVE A67 60
MOVE A68 70
MOVE A69 103
MOVE A73 24
END TURN 228
TURN 229
COMMAND LEFT START
MOVE A43 139
MOVE A72 113
COMMAND LEFT END
COMMAND RIGHT START
COMMAND RIGHT END
TURN 229 RESULT
TIME LEFT 0 5 RIGHT 19 5
MOVE A40 91
MOVE A41 81
MOVE A42 126
MOVE A43 118
MOVE A62 177
MOVE A67 70
MOVE A68 80
MOVE A69 113
MOVE A72 12
MOVE A73 33
END TURN 229
TURN 230
COMMAND LEFT START
MOVE A71 113
UPGRADE 177
COMMAND LEFT END
COMMAND RIGHT START
COMMAND RIGHT END
TURN 230 RESULT
TIME LEFT 0 5 RIGHT 18 5
UPGRADE A 177
MOVE A41 91
MOVE A42 141
MOVE A43 126
MOVE A67 80
MOVE A68 103
MOVE A71 12
MOVE A72 24
MOVE A73 47
END TURN 230
TURN 231
COMMAND LEFT START
MOVE A69 135
COMMAND LEFT END
COMMAND RIGHT START
COMMAND RIGHT END
TURN 231 RESULT
TIME LEFT 0 5 RIGHT 19 5
MOVE A42 142
MOVE A43 141
MOVE A67 103
MOVE A68 113
MOVE A69 118
MOVE A71 24
MOVE A72 33
MOVE A73 60
END TURN 231
TURN 232
COMMAND LEFT START
MOVE A70 113
UPGRADE 177
COMMAND LEFT END
COMMAND RIGHT START
COMMAND RIGHT END
TURN 232 RESULT
TIME LEFT 0 5 RIGHT 19 5
UPGRADE A 177
MOVE A42 143
MOVE A43 142
MOVE A67 113
MOVE A69 126
MOVE A70 12
MOVE A71 33
MOVE A72 47
MOVE A73 70
END TURN 232
TURN 233
COMMAND LEFT START
MOVE A44 177
UPGRADE 177
COMMAND LEFT END
COMMAND RIGHT START
COMMAND RIGHT END
TURN 233 RESULT
TIME LEFT 0 5 RIGHT 19 5
UPGRADE A 177
MOVE A42 139
MOVE A43 143
MOVE A44 134
MOVE A69 141
MOVE A70 24
MOVE A71 47
MOVE A72 60
MOVE A73 80
END TURN 233
TURN 234
COMMAND LEFT START
MOVE A45 177
MOVE A66 113
COMMAND LEFT END
COMMAND RIGHT START
COMMAND RIGHT END
TURN 234 RESULT
TIME LEFT 0 5 RIGHT 19 5
MOVE A43 139
MOVE A44 151
MOVE A45 134
MOVE A66 12
MOVE A69 142
MOVE A70 33
MOVE A71 60
MOVE A72 70
MOVE A73 103
END TURN 234
TURN 235
COMMAND LEFT START
MOVE A65 113
TRAIN 2
COMMAND LEFT END
COMMAND RIGHT START
COMMAND RIGHT END
TURN 235 RESULT
TIME LEFT 0 5 RIGHT 19 5
TRAIN A74 A75
MOVE A44 167
MOVE A45 151
MOVE A65 12
MOVE A66 24
MOVE A69 143
MOVE A70 47
MOVE A71 70
MOVE A72 80
MOVE A73 113
END TURN 235
TURN 236
COMMAND LEFT START
COMMAND LEFT END
COMMAND RIGHT START
COMMAND RIGHT END
TURN 236 RESULT
TIME LEFT 0 5 RIGHT 19 5
MOVE A44 177
MOVE A45 167
MOVE A65 24
MOVE A66 33
MOVE A69 139
MOVE A70 60
MOVE A71 80
MOVE A72 103
END TURN 236
TURN 237
COMMAND LEFT START
COMMAND LEFT END
COMMAND RIGHT START
COMMAND RIGHT END
TURN 237 RESULT
TIME LEFT 0 5 RIGHT 19 5
MOVE A45 177
MOVE A65 33
MOVE A66 47
MOVE A69 145
MOVE A70 70
MOVE A71 103
MOVE A72 113
END TURN 237
TURN 238
COMMAND LEFT START
COMMAND LEFT END
COMMAND RIGHT START
COMMAND RIGHT END
TURN 238 RESULT
TIME LEFT 0 5 RIGHT 19 5
MOVE A65 47
MOVE A66 60
MOVE A69 135
MOVE A70 80
MOVE A71 113
END TURN 238
TURN 239
COMMAND LEFT START
COMMAND LEFT END
COMMAND RIGHT START
COMMAND RIGHT END
TURN 239 RESULT
TIME LEFT 0 5 RIGHT 19 5
MOVE A65 60
MOVE A66 70
MOVE A70 103
END TURN 239
TURN 240
COMMAND LEFT START
COMMAND LEFT END
COMMAND RIGHT START
COMMAND RIGHT END
TURN 240 RESULT
TIME LEFT 0 5 RIGHT 19 5
MOVE A65 70
MOVE A66 80
MOVE A70 113
END TURN 240
TURN 241
COMMAND LEFT START
UPGRADE 0
COMMAND LEFT END
COMMAND RIGHT START
COMMAND RIGHT END
TURN 241 RESULT
TIME LEFT 0 5 RIGHT 19 5
UPGRADE A 0
MOVE A65 80
MOVE A66 103
END TURN 241
TURN 242
COMMAND LEFT START
UPGRADE 135
COMMAND LEFT END
COMMAND RIGHT START
COMMAND RIGHT END
TURN 242 RESULT
TIME LEFT 0 5 RIGHT 19 5
UPGRADE A 135
MOVE A65 103
MOVE A66 113
END TURN 242
TURN 243
COMMAND LEFT START
MOVE A73 186
COMMAND LEFT END
COMMAND RIGHT START
COMMAND RIGHT END
TURN 243 RESULT
TIME LEFT 0 5 RIGHT 19 5
MOVE A65 113
MOVE A73 134
END TURN 243
TURN 244
COMMAND LEFT START
MOVE A75 113
UPGRADE 135
COMMAND LEFT END
COMMAND RIGHT START
MOVE B25 3
UPGRADE 226
COMMAND RIGHT END
TURN 244 RESULT
TIME LEFT 0 5 RIGHT 19 5
UPGRADE A 135
UPGRADE B 226
MOVE A73 151
MOVE A75 12
MOVE B25 214
END TURN 244
TURN 245
COMMAND LEFT START
MOVE A46 135
UPGRADE 135
COMMAND LEFT END
COMMAND RIGHT START
COMMAND RIGHT END
TURN 245 RESULT
TIME LEFT 0 5 RIGHT 19 5
UPGRADE A 135
MOVE A46 118
MOVE A73 161
MOVE A75 24
MOVE B25 202
END TURN 245
TURN 246
COMMAND LEFT START
MOVE A47 135
MOVE A74 113
TRAIN 2
COMMAND LEFT END
COMMAND RIGHT START
COMMAND RIGHT END
TURN 246 RESULT
TIME LEFT 0 5 RIGHT 19 5
TRAIN A76 A77
MOVE A46 126
MOVE A47 118
MOVE A73 178
MOVE A74 12
MOVE A75 33
MOVE B25 193
END TURN 246
TURN 247
COMMAND LEFT START
MOVE A77 113
TRAIN 3
COMMAND LEFT END
COMMAND RIGHT START
COMMAND RIGHT END
TURN 247 RESULT
TIME LEFT 0 5 RIGHT 20 5
TRAIN A78 A79 A80
MOVE A46 141
MOVE A47 126
MOVE A73 186
MOVE A74 24
MOVE A75 47
MOVE A77 12
MOVE B25 179
END TURN 247
TURN 248
COMMAND LEFT START
MOVE A72 196
UPGRADE 186
COMMAND LEFT END
COMMAND RIGHT START
COMMAND RIGHT END
TURN 248 RESULT
TIME LEFT 0 5 RIGHT 19 5
UPGRADE A 186
MOVE A46 142
MOVE A47 141
MOVE A72 123
MOVE A74 33
MOVE A75 60
MOVE A77 24
MOVE B25 166
END TURN 248
TURN 249
COMMAND LEFT START
MOVE A80 113
UPGRADE 186
COMMAND LEFT END
COMMAND RIGHT START
COMMAND RIGHT END
TURN 249 RESULT
TIME LEFT 0 5 RIGHT 19 5
UPGRADE A 186
MOVE A46 143
MOVE A47 142
MOVE A72 146
MOVE A74 47
MOVE A75 70
MOVE A77 33
MOVE A80 12
MOVE B25 156
END TURN 249
TURN 250
COMMAND LEFT START
MOVE A48 186
UPGRADE 186
COMMAND LEFT END
COMMAND RIGHT START
COMMAND RIGHT END
TURN 250 RESULT
TIME LEFT 0 5 RIGHT 20 5
UPGRADE A 186
MOVE A46 139
MOVE A47 143
MOVE A48 134
MOVE A72 156
MOVE A74 60
MOVE A75 80
MOVE A77 47
MOVE A80 24
MOVE B25 146
END TURN 250
TURN 251
COMMAND LEFT START
MOVE A60 186
MOVE A79 113
TRAIN 2
COMMAND LEFT END
COMMAND RIGHT START
COMMAND RIGHT END
TURN 251 RESULT
TIME LEFT 0 5 RIGHT 21 5
TRAIN A81 A82
MOVE A46 145
MOVE A47 139
MOVE A48 151
MOVE A60 134
MOVE A72 170
MOVE A74 70
MOVE A75 103
MOVE A77 60
MOVE A79 12
MOVE A80 33
MOVE B25 133
END TURN 251
TURN 252
COMMAND LEFT START
MOVE A82 113
TRAIN 3
COMMAND LEFT END
COMMAND RIGHT START
COMMAND RIGHT END
TURN 252 RESULT
TIME LEFT 0 5 RIGHT 21 5
TRAIN A83 A84 A85
MOVE A46 135
MOVE A47 145
MOVE A48 161
MOVE A60 151
MOVE A72 181
MOVE A74 80
MOVE A75 113
MOVE A77 70
MOVE A79 24
MOVE A80 47
MOVE A82 12
MOVE B25 108
END TURN 252
TURN 253
COMMAND LEFT START
TRAIN 1
COMMAND LEFT END
COMMAND RIGHT START
COMMAND RIGHT END
TURN 253 RESULT
TIME LEFT 0 5 RIGHT 21 5
TRAIN A86
MOVE A47 135
MOVE A48 178
MOVE A60 161
MOVE A72 196
MOVE A74 103
MOVE A77 80
MOVE A79 33
MOVE A80 60
MOVE A82 24
MOVE B25 92
END TURN 253
TURN 254
COMMAND LEFT START
MOVE A75 211
UPGRADE 196
COMMAND LEFT END
COMMAND RIGHT START
COMMAND RIGHT END
TURN 254 RESULT
TIME LEFT 0 5 RIGHT 21 5
UPGRADE A 196
MOVE A48 186
MOVE A60 178
MOVE A74 113
MOVE A75 134
MOVE A77 103
MOVE A79 47
MOVE A80 70
MOVE A82 33
MOVE B25 75
END TURN 254
TURN 255
COMMAND LEFT START
MOVE A86 113
UPGRADE 196
TRAIN 3
COMMAND LEFT END
COMMAND RIGHT START
COMMAND RIGHT END
TURN 255 RESULT
TIME LEFT 0 5 RIGHT 21 5
UPGRADE A 196
TRAIN A87 A88 A89
MOVE A60 186
MOVE A75 151
MOVE A77 113
MOVE A79 60
MOVE A80 80
MOVE A82 47
MOVE A86 12
MOVE B25 59
END TURN 255
TURN 256
COMMAND LEFT START
MOVE A61 196
UPGRADE 196
COMMAND LEFT END
COMMAND RIGHT START
COMMAND RIGHT END
TURN 256 RESULT
TIME LEFT 0 5 RIGHT 20 5
UPGRADE A 196
MOVE A61 123
MOVE A75 167
MOVE A79 70
MOVE A80 103
MOVE A82 60
MOVE A86 24
MOVE B25 44
END TURN 256
TURN 257
COMMAND LEFT START
MOVE A65 196
MOVE A89 113
TRAIN 3
COMMAND LEFT END
COMMAND RIGHT START
COMMAND RIGHT END
TURN 257 RESULT
TIME LEFT 0 5 RIGHT 20 5
TRAIN A90 A91 A92
MOVE A61 146
MOVE A65 123
MOVE A75 182
MOVE A79 80
MOVE A80 113
MOVE A82 70
MOVE A86 33
MOVE A89 12
MOVE B25 27
END TURN 257
TURN 258
COMMAND LEFT START
MOVE A92 113
TRAIN 1
COMMAND LEFT END
COMMAND RIGHT START
COMMAND RIGHT END
TURN 258 RESULT
TIME LEFT 0 5 RIGHT 20 5
TRAIN A93
MOVE A61 156
MOVE A65 146
MOVE A75 190
MOVE A79 103
MOVE A82 80
MOVE A86 47
MOVE A89 24
MOVE A92 12
MOVE B25 19
END TURN 258
TURN 259
COMMAND LEFT START
TRAIN 3
COMMAND LEFT END
COMMAND RIGHT START
COMMAND RIGHT END
TURN 259 RESULT
TIME LEFT 0 5 RIGHT 20 5
TRAIN A94 A95 A96
MOVE A61 170
MOVE A65 156
MOVE A75 198
MOVE A79 113
MOVE A82 103
MOVE A86 60
MOVE A89 33
MOVE A92 24
MOVE B25 9
END TURN 259
TURN 260
COMMAND LEFT START
TRAIN 3
COMMAND LEFT END
COMMAND RIGHT START
COMMAND RIGHT END
TURN 260 RESULT
TIME LEFT 0 5 RIGHT 20 5
TRAIN A97 A98 A99
MOVE A61 181
MOVE A65 170
MOVE A75 211
MOVE A82 113
MOVE A86 70
MOVE A89 47
MOVE A92 33
MOVE B25 3
DAMAGE TURRET A75 1
DAMAGE COMBAT A75 1
DAMAGE COMBAT B2 1
END TURN 260
TURN 261
COMMAND LEFT START
MOVE A99 113
MOVE A98 113
MOVE A97 113
MOVE A96 113
MOVE A95 113
MOVE A94 113
MOVE A93 113
MOVE A91 113
MOVE A90 113
MOVE A88 113
MOVE A87 113
TRAIN 3
COMMAND LEFT END
COMMAND RIGHT START
MOVE B25 226
COMMAND RIGHT END
TURN 261 RESULT
TIME LEFT 1 5 RIGHT 20 5
TRAIN A100 A101 A102
MOVE A61 196
MOVE A65 181
MOVE A86 80
MOVE A87 12
MOVE A88 12
MOVE A89 60
MOVE A90 12
MOVE A91 12
MOVE A92 47
MOVE A93 12
MOVE A94 12
MOVE A95 12
MOVE A96 12
MOVE A97 12
MOVE A98 12
MOVE A99 12
MOVE B25 9
DAMAGE TURRET A75 1
DAMAGE COMBAT A75 1
DAMAGE COMBAT B2 1
END TURN 261
TURN 262
COMMAND LEFT START
MOVE A102 113
MOVE A101 113
MOVE A100 113
MOVE A85 113
MOVE A84 113
MOVE A83 113
MOVE A81 113
MOVE A78 113
MOVE A76 113
MOVE A64 113
MOVE A63 113
TRAIN 3
COMMAND LEFT END
COMMAND RIGHT START
COMMAND RIGHT END
TURN 262 RESULT
TIME LEFT 0 5 RIGHT 20 5
TRAIN A103 A104 A105
MOVE A63 12
MOVE A64 12
MOVE A65 196
MOVE A76 12
MOVE A78 12
MOVE A81 12
MOVE A83 12
MOVE A84 12
MOVE A85 12
MOVE A86 103
MOVE A87 24
MOVE A88 24
MOVE A89 70
MOVE A90 24
MOVE A91 24
MOVE A92 60
MOVE A93 24
MOVE A94 24
MOVE A95 24
MOVE A96 24
MOVE A97 24
MOVE A98 24
MOVE A99 24
MOVE A100 12
MOVE A101 12
MOVE A102 12
MOVE B25 19
DAMAGE TURRET A75 1
DAMAGE COMBAT A75 1
DAMAGE COMBAT B2 1
END TURN 262
TURN 263
COMMAND LEFT START
MOVE A105 113
MOVE A104 113
MOVE A103 113
MOVE A59 113
MOVE A58 113
MOVE A57 113
MOVE A56 113
MOVE A55 113
MOVE A54 113
MOVE A53 113
MOVE A52 113
TRAIN 3
COMMAND LEFT END
COMMAND RIGHT START
COMMAND RIGHT END
TURN 263 RESULT
TIME LEFT 0 5 RIGHT 20 5
TRAIN A106 A107 A108
MOVE A52 12
MOVE A53 12
MOVE A54 12
MOVE A55 12
MOVE A56 12
MOVE A57 12
MOVE A58 12
MOVE A59 12
MOVE A63 24
MOVE A64 24
MOVE A76 24
MOVE A78 24
MOVE A81 24
MOVE A83 24
MOVE A84 24
MOVE A85 24
MOVE A86 113
MOVE A87 33
MOVE A88 33
MOVE A89 80
MOVE A90 33
MOVE A91 33
MOVE A92 70
MOVE A93 33
MOVE A94 33
MOVE A95 33
MOVE A96 33
MOVE A97 33
MOVE A98 33
MOVE A99 33
MOVE A100 24
MOVE A101 24
MOVE A102 24
MOVE A103 12
MOVE A104 12
MOVE A105 12
MOVE B25 27
DAMAGE TURRET A75 1
DAMAGE COMBAT B2 1
END TURN 263
TURN 264
COMMAND LEFT START
MOVE A86 211
TRAIN 3
COMMAND LEFT END
COMMAND RIGHT START
COMMAND RIGHT END
TURN 264 RESULT
TIME LEFT 0 5 RIGHT 20 5
TRAIN A109 A110 A111
MOVE A52 24
MOVE A53 24
MOVE A54 24
MOVE A55 24
MOVE A56 24
MOVE A57 24
MOVE A58 24
MOVE A59 24
MOVE A63 33
MOVE A64 33
MOVE A76 33
MOVE A78 33
MOVE A81 33
MOVE A83 33
MOVE A84 33
MOVE A85 33
MOVE A86 134
MOVE A87 47
MOVE A88 47
MOVE A89 103
MOVE A90 47
MOVE A91 47
MOVE A92 80
MOVE A93 47
MOVE A94 47
MOVE A95 47
MOVE A96 47
MOVE A97 47
MOVE A98 47
MOVE A99 47
MOVE A100 33
MOVE A101 33
MOVE A102 33
MOVE A103 24
MOVE A104 24
MOVE A105 24
MOVE B25 44
END TURN 264
TURN 265
COMMAND LEFT START
TRAIN 3
COMMAND LEFT END
COMMAND RIGHT START
COMMAND RIGHT END
TURN 265 RESULT
TIME LEFT 1 5 RIGHT 20 5
TRAIN A112 A113 A114
MOVE A52 33
MOVE A53 33
MOVE A54 33
MOVE A55 33
MOVE A56 33
MOVE A57 33
MOVE A58 33
MOVE A59 33
MOVE A63 47
MOVE A64 47
MOVE A76 47
MOVE A78 47
MOVE A81 47
MOVE A83 47
MOVE A84 47
MOVE A85 47
MOVE A86 151
MOVE A87 60
MOVE A88 60
MOVE A89 113
MOVE A90 60
MOVE A91 60
MOVE A92 103
MOVE A93 60
MOVE A94 60
MOVE A95 60
MOVE A96 60
MOVE A97 60
MOVE A98 60
MOVE A99 60
MOVE A100 47
MOVE A101 47
MOVE A102 47
MOVE A103 33
MOVE A104 33
MOVE A105 33
MOVE B25 59
END TURN 265
TURN 266
COMMAND LEFT START
TRAIN 3
COMMAND LEFT END
COMMAND RIGHT START
COMMAND RIGHT END
TURN 266 RESULT
TIME LEFT 0 5 RIGHT 21 5
TRAIN A115 A116 A117
MOVE A52 47
MOVE A53 47
MOVE A54 47
MOVE A55 47
MOVE A56 47
MOVE A57 47
MOVE A58 47
MOVE A59 47
MOVE A63 60
MOVE A64 60
MOVE A76 60
MOVE A78 60
MOVE A81 60
MOVE A83 60
MOVE A84 60
MOVE A85 60
MOVE A86 167
MOVE A87 70
MOVE A88 70
MOVE A90 70
MOVE A91 70
MOVE A92 113
MOVE A93 70
MOVE A94 70
MOVE A95 70
MOVE A96 70
MOVE A97 70
MOVE A98 70
MOVE A99 70
MOVE A100 60
MOVE A101 60
MOVE A102 60
MOVE A103 47
MOVE A104 47
MOVE A105 47
MOVE B25 75
END TURN 266
TURN 267
COMMAND LEFT START
TRAIN 3
COMMAND LEFT END
COMMAND RIGHT START
COMMAND RIGHT END
TURN 267 RESULT
TIME LEFT 0 5 RIGHT 20 5
TRAIN A118 A119 A120
MOVE A52 60
MOVE A53 60
MOVE A54 60
MOVE A55 60
MOVE A56 60
MOVE A57 60
MOVE A58 60
MOVE A59 60
MOVE A63 70
MOVE A64 70
MOVE A76 70
MOVE A78 70
MOVE A81 70
MOVE A83 70
MOVE A84 70
MOVE A85 70
MOVE A86 182
MOVE A87 80
MOVE A88 80
MOVE A90 80
MOVE A91 80
MOVE A93 80
MOVE A94 80
MOVE A95 80
MOVE A96 80
MOVE A97 80
MOVE A98 80
MOVE A99 80
MOVE A100 70
MOVE A101 70
MOVE A102 70
MOVE A103 60
MOVE A104 60
MOVE A105 60
MOVE B25 92
END TURN 267
TURN 268
COMMAND LEFT START
TRAIN 3
COMMAND LEFT END
COMMAND RIGHT START
COMMAND RIGHT END
TURN 268 RESULT
TIME LEFT 0 5 RIGHT 20 5
TRAIN A121 A122 A123
MOVE A52 70
MOVE A53 70
MOVE A54 70
MOVE A55 70
MOVE A56 70
MOVE A57 70
MOVE A58 70
MOVE A59 70
MOVE A63 80
MOVE A64 80
MOVE A76 80
MOVE A78 80
MOVE A81 80
MOVE A83 80
MOVE A84 80
MOVE A85 80
MOVE A86 190
MOVE A87 103
MOVE A88 103
MOVE A90 103
MOVE A91 103
MOVE A93 103
MOVE A94 103
MOVE A95 103
MOVE A96 103
MOVE A97 103
MOVE A98 103
MOVE A99 103
MOVE A100 80
MOVE A101 80
MOVE A102 80
MOVE A103 70
MOVE A104 70
MOVE A105 70
MOVE B25 108
END TURN 268
TURN 269
COMMAND LEFT START
TRAIN 3
COMMAND LEFT END
COMMAND RIGHT START
TRAIN 3
COMMAND RIGHT END
TURN 269 RESULT
TIME LEFT 0 5 RIGHT 20 5
TRAIN A124 A125 A126 B26 B27 B28
MOVE A52 80
MOVE A53 80
MOVE A54 80
MOVE A55 80
MOVE A56 80
MOVE A57 80
MOVE A58 80
MOVE A59 80
MOVE A63 103
MOVE A64 103
MOVE A76 103
MOVE A78 103
MOVE A81 103
MOVE A83 103
MOVE A84 103
MOVE A85 103
MOVE A86 198
MOVE A87 113
MOVE A88 113
MOVE A90 113
MOVE A91 113
MOVE A93 113
MOVE A94 113
MOVE A95 113
MOVE A96 113
MOVE A97 113
MOVE A98 113
MOVE A99 113
MOVE A100 103
MOVE A101 103
MOVE A102 103
MOVE A103 80
MOVE A104 80
MOVE A105 80
MOVE B25 133
END TURN 269
TURN 270
COMMAND LEFT START
TRAIN 3
COMMAND LEFT END
COMMAND RIGHT START
COMMAND RIGHT END
TURN 270 RESULT
TIME LEFT 0 5 RIGHT 20 5
TRAIN A127 A128 A129
MOVE A52 103
MOVE A53 103
MOVE A54 103
MOVE A55 103
MOVE A56 103
MOVE A57 103
MOVE A58 103
MOVE A59 103
MOVE A63 113
MOVE A64 113
MOVE A76 113
MOVE A78 113
MOVE A81 113
MOVE A83 113
MOVE A84 113
MOVE A85 113
MOVE A86 211
MOVE A100 113
MOVE A101 113
MOVE A102 113
MOVE A103 103
MOVE A104 103
MOVE A105 103
MOVE B25 146
DAMAGE TURRET A86 1
SIEGE B 211 1
END TURN 270
TURN 271
COMMAND LEFT START
MOVE A129 113
MOVE A128 113
MOVE A127 113
MOVE A126 113
MOVE A125 113
MOVE A124 113
MOVE A123 113
MOVE A122 113
MOVE A121 113
MOVE A120 113
MOVE A119 113
TRAIN 3
COMMAND LEFT END
COMMAND RIGHT START
COMMAND RIGHT END
TURN 271 RESULT
TIME LEFT 0 5 RIGHT 20 5
TRAIN A130 A131 A132
MOVE A52 113
MOVE A53 113
MOVE A54 113
MOVE A55 113
MOVE A56 113
MOVE A57 113
MOVE A58 113
MOVE A59 113
MOVE A103 113
MOVE A104 113
MOVE A105 113
MOVE A119 12
MOVE A120 12
MOVE A121 12
MOVE A122 12
MOVE A123 12
MOVE A124 12
MOVE A125 12
MOVE A126 12
MOVE A127 12
MOVE A128 12
MOVE A129 12
MOVE B25 156
DAMAGE TURRET A86 1
SIEGE B 211 1
END TURN 271
TURN 272
COMMAND LEFT START
TRAIN 3
COMMAND LEFT END
COMMAND RIGHT START
COMMAND RIGHT END
TURN 272 RESULT
TIME LEFT 0 5 RIGHT 19 5
TRAIN A133 A134 A135
MOVE A119 24
MOVE A120 24
MOVE A121 24
MOVE A122 24
MOVE A123 24
MOVE A124 24
MOVE A125 24
MOVE A126 24
MOVE A127 24
MOVE A128 24
MOVE A129 24
MOVE B25 166
DAMAGE TURRET A86 1
SIEGE B 211 1
END TURN 272
TURN 273
COMMAND LEFT START
TRAIN 3
COMMAND LEFT END
COMMAND RIGHT START
COMMAND RIGHT END
TURN 273 RESULT
TIME LEFT 0 5 RIGHT 19 5
TRAIN A136 A137 A138
MOVE A119 33
MOVE A120 33
MOVE A121 33
MOVE A122 33
MOVE A123 33
MOVE A124 33
MOVE A125 33
MOVE A126 33
MOVE A127 33
MOVE A128 33
MOVE A129 33
MOVE B25 179
DAMAGE TURRET A86 1
SIEGE B 211 1
END TURN 273
TURN 274
COMMAND LEFT START
TRAIN 3
COMMAND LEFT END
COMMAND RIGHT START
MOVE B27 211
MOVE B28 211
COMMAND RIGHT END
TURN 274 RESULT
TIME LEFT 0 5 RIGHT 19 5
TRAIN A139 A140 A141
MOVE A119 47
MOVE A120 47
MOVE A121 47
MOVE A122 47
MOVE A123 47
MOVE A124 47
MOVE A125 47
MOVE A126 47
MOVE A127 47
MOVE A128 47
MOVE A129 47
MOVE B25 193
MOVE B27 218
MOVE B28 218
DAMAGE TURRET A86 1
SIEGE B 211 1
END TURN 274
TURN 275
COMMAND LEFT START
TRAIN 3
COMMAND LEFT END
COMMAND RIGHT START
COMMAND RIGHT END
TURN 275 RESULT
TIME LEFT 0 5 RIGHT 20 5
TRAIN A142 A143 A144
MOVE A119 60
MOVE A120 60
MOVE A121 60
MOVE A122 60
MOVE A123 60
MOVE A124 60
MOVE A125 60
MOVE A126 60
MOVE A127 60
MOVE A128 60
MOVE A129 60
MOVE B25 202
MOVE B27 211
MOVE B28 211
DAMAGE TURRET A86 1
DAMAGE COMBAT A86 2
DAMAGE COMBAT B27 1
END TURN 275
TURN 276
COMMAND LEFT START
MOVE A105 211
TRAIN 3
COMMAND LEFT END
COMMAND RIGHT START
MOVE B28 196
COMMAND RIGHT END
TURN 276 RESULT
TIME LEFT 0 5 RIGHT 20 5
TRAIN A145 A146 A147
MOVE A105 134
MOVE A119 70
MOVE A120 70
MOVE A121 70
MOVE A122 70
MOVE A123 70
MOVE A124 70
MOVE A125 70
MOVE A126 70
MOVE A127 70
MOVE A128 70
MOVE A129 70
MOVE B25 214
MOVE B28 206
END TURN 276
TURN 277
COMMAND LEFT START
TRAIN 3
COMMAND LEFT END
COMMAND RIGHT START
COMMAND RIGHT END
TURN 277 RESULT
TIME LEFT 0 5 RIGHT 20 5
TRAIN A148 A149 A150
MOVE A105 151
MOVE A119 80
MOVE A120 80
MOVE A121 80
MOVE A122 80
MOVE A123 80
MOVE A124 80
MOVE A125 80
MOVE A126 80
MOVE A127 80
MOVE A128 80
MOVE A129 80
MOVE B25 226
MOVE B28 202
END TURN 277
TURN 278
COMMAND LEFT START
TRAIN 3
COMMAND LEFT END
COMMAND RIGHT START
MOVE B26 196
COMMAND RIGHT END
TURN 278 RESULT
TIME LEFT 0 5 RIGHT 20 5
TRAIN A151 A152 A153
MOVE A105 167
MOVE A119 103
MOVE A120 103
MOVE A121 103
MOVE A122 103
MOVE A123 103
MOVE A124 103
MOVE A125 103
MOVE A126 103
MOVE A127 103
MOVE A128 103
MOVE A129 103
MOVE B26 221
MOVE B28 200
END TURN 278
TURN 279
COMMAND LEFT START
TRAIN 3
COMMAND LEFT END
COMMAND RIGHT START
COMMAND RIGHT END
TURN 279 RESULT
TIME LEFT 0 5 RIGHT 20 5
TRAIN A154 A155 A156
MOVE A105 182
MOVE A119 113
MOVE A120 113
MOVE A121 113
MOVE A122 113
MOVE A123 113
MOVE A124 113
MOVE A125 113
MOVE A126 113
MOVE A127 113
MOVE A128 113
MOVE A129 113
MOVE B26 210
MOVE B28 196
DAMAGE TURRET B28 2
DAMAGE COMBAT A61 1
DAMAGE COMBAT B28 3
END TURN 279
TURN 280
COMMAND LEFT START
TRAIN 3
COMMAND LEFT END
COMMAND RIGHT START
COMMAND RIGHT END
TURN 280 RESULT
TIME LEFT 0 5 RIGHT 20 5
TRAIN A157 A158 A159
MOVE A105 190
MOVE B26 196
DAMAGE TURRET B28 2
DAMAGE COMBAT A61 2
DAMAGE COMBAT B26 2
DAMAGE COMBAT B28 1
END TURN 280
TURN 281
COMMAND LEFT START
TRAIN 3
COMMAND LEFT END
COMMAND RIGHT START
COMMAND RIGHT END
TURN 281 RESULT
TIME LEFT 0 5 RIGHT 20 5
TRAIN A160 A161 A162
MOVE A105 198
DAMAGE TURRET B26 2
DAMAGE COMBAT A61 1
DAMAGE COMBAT B26 3
END TURN 281
TURN 282
COMMAND LEFT START
TRAIN 3
COMMAND LEFT END
COMMAND RIGHT START
COMMAND RIGHT END
TURN 282 RESULT
TIME LEFT 0 5 RIGHT 20 5
TRAIN A163 A164 A165
MOVE A105 211
DAMAGE TURRET A105 1
DAMAGE TURRET B26 1
DAMAGE COMBAT A61 1
DAMAGE COMBAT A105 1
DAMAGE COMBAT B27 1
END TURN 282
TURN 283
COMMAND LEFT START
MOVE A129 226
MOVE A128 226
MOVE A127 226
MOVE A126 226
MOVE A125 226
MOVE A124 226
MOVE A123 226
MOVE A122 226
MOVE A121 226
MOVE A120 226
MOVE A119 226
MOVE A104 226
MOVE A103 226
MOVE A102 226
MOVE A101 226
MOVE A100 226
MOVE A99 226
MOVE A98 226
MOVE A97 226
MOVE A96 226
MOVE A95 226
MOVE A94 226
MOVE A93 226
MOVE A92 226
MOVE A91 226
MOVE A90 226
MOVE A89 226
MOVE A88 226
MOVE A87 226
MOVE A85 226
MOVE A84 226
MOVE A83 226
MOVE A82 226
MOVE A81 226
MOVE A80 226
MOVE A79 226
MOVE A78 226
MOVE A77 226
MOVE A76 226
MOVE A74 226
MOVE A71 226
MOVE A70 226
MOVE A68 226
MOVE A67 226
MOVE A66 226
MOVE A64 226
MOVE A63 226
MOVE A59 226
MOVE A58 226
MOVE A57 226
MOVE A56 226
MOVE A55 226
MOVE A54 226
COMMAND LEFT END
COMMAND RIGHT START
COMMAND RIGHT END
TURN 283 RESULT
TIME LEFT 1 5 RIGHT 20 5
MOVE A54 123
MOVE A55 123
MOVE A56 123
MOVE A57 123
MOVE A58 123
MOVE A59 123
MOVE A63 123
MOVE A64 123
MOVE A66 123
MOVE A67 123
MOVE A68 123
MOVE A70 123
MOVE A71 123
MOVE A74 123
MOVE A76 123
MOVE A77 123
MOVE A78 123
MOVE A79 123
MOVE A80 123
MOVE A81 123
MOVE A82 123
MOVE A83 123
MOVE A84 123
MOVE A85 123
MOVE A87 123
MOVE A88 123
MOVE A89 123
MOVE A90 123
MOVE A91 123
MOVE A92 123
MOVE A93 123
MOVE A94 123
MOVE A95 123
MOVE A96 123
MOVE A97 123
MOVE A98 123
MOVE A99 123
MOVE A100 123
MOVE A101 123
MOVE A102 123
MOVE A103 123
MOVE A104 123
MOVE A119 123
MOVE A120 123
MOVE A121 123
MOVE A122 123
MOVE A123 123
MOVE A124 123
MOVE A125 123
MOVE A126 123
MOVE A127 123
MOVE A128 123
MOVE A129 123
DAMAGE TURRET A105 1
DAMAGE COMBAT A105 1
DAMAGE COMBAT B27 1
END TURN 283
TURN 284
COMMAND LEFT START
MOVE A29 113
MOVE A165 113
MOVE A164 113
MOVE A163 113
MOVE A162 113
MOVE A161 113
MOVE A160 113
MOVE A159 113
MOVE A158 113
TRAIN 3
COMMAND LEFT END
COMMAND RIGHT START
COMMAND RIGHT END
TURN 284 RESULT
TIME LEFT 0 5 RIGHT 19 5
TRAIN A166 A167 A168
MOVE A29 12
MOVE A54 146
MOVE A55 146
MOVE A56 146
MOVE A57 146
MOVE A58 146
MOVE A59 146
MOVE A63 146
MOVE A64 146
MOVE A66 146
MOVE A67 146
MOVE A68 146
MOVE A70 146
MOVE A71 146
MOVE A74 146
MOVE A76 146
MOVE A77 146
MOVE A78 146
MOVE A79 146
MOVE A80 146
MOVE A81 146
MOVE A82 146
MOVE A83 146
MOVE A84 146
MOVE A85 146
MOVE A87 146
MOVE A88 146
MOVE A89 146
MOVE A90 146
MOVE A91 146
MOVE A92 146
MOVE A93 146
MOVE A94 146
MOVE A95 146
MOVE A96 146
MOVE A97 146
MOVE A98 146
MOVE A99 146
MOVE A100 146
MOVE A101 146
MOVE A102 146
MOVE A103 146
MOVE A104 146
MOVE A119 146
MOVE A120 146
MOVE A121 146
MOVE A122 146
MOVE A123 146
MOVE A124 146
MOVE A125 146
MOVE A126 146
MOVE A127 146
MOVE A128 146
MOVE A129 146
MOVE A158 12
MOVE A159 12
MOVE A160 12
MOVE A161 12
MOVE A162 12
MOVE A163 12
MOVE A164 12
MOVE A165 12
DAMAGE TURRET A105 1
DAMAGE COMBAT A105 1
DAMAGE COMBAT B27 1
END TURN 284
TURN 285
COMMAND LEFT START
MOVE A168 113
MOVE A167 113
TRAIN 3
COMMAND LEFT END
COMMAND RIGHT START
COMMAND RIGHT END
TURN 285 RESULT
TIME LEFT 0 5 RIGHT 19 5
TRAIN A169 A170 A171
MOVE A29 24
MOVE A54 156
MOVE A55 156
MOVE A56 156
MOVE A57 156
MOVE A58 156
MOVE A59 156
MOVE A63 156
MOVE A64 156
MOVE A66 156
MOVE A67 156
MOVE A68 156
MOVE A70 156
MOVE A71 156
MOVE A74 156
MOVE A76 156
MOVE A77 156
MOVE A78 156
MOVE A79 156
MOVE A80 156
MOVE A81 156
MOVE A82 156
MOVE A83 156
MOVE A84 156
MOVE A85 156
MOVE A87 156
MOVE A88 156
MOVE A89 156
MOVE A90 156
MOVE A91 156
MOVE A92 156
MOVE A93 156
MOVE A94 156
MOVE A95 156
MOVE A96 156
MOVE A97 156
MOVE A98 156
MOVE A99 156
MOVE A100 156
MOVE A101 156
MOVE A102 156
MOVE A103 156
MOVE A104 156
MOVE A119 156
MOVE A120 156
MOVE A121 156
MOVE A122 156
MOVE A123 156
MOVE A124 156
MOVE A125 156
MOVE A126 156
MOVE A127 156
MOVE A128 156
MOVE A129 156
MOVE A158 24
MOVE A159 24
MOVE A160 24
MOVE A161 24
MOVE A162 24
MOVE A163 24
MOVE A164 24
MOVE A165 24
MOVE A167 12
MOVE A168 12
DAMAGE TURRET A105 1
DAMAGE COMBAT A105 1
DAMAGE COMBAT B27 1
END TURN 285
TURN 286
COMMAND LEFT START
MOVE A171 211
TRAIN 3
COMMAND LEFT END
COMMAND RIGHT START
COMMAND RIGHT END
TURN 286 RESULT
TIME LEFT 0 5 RIGHT 19 5
TRAIN A172 A173 A174
MOVE A29 33
MOVE A54 166
MOVE A55 166
MOVE A56 166
MOVE A57 166
MOVE A58 166
MOVE A59 166
MOVE A63 166
MOVE A64 166
MOVE A66 166
MOVE A67 166
MOVE A68 166
MOVE A70 166
MOVE A71 166
MOVE A74 166
MOVE A76 166
MOVE A77 166
MOVE A78 166
MOVE A79 166
MOVE A80 166
MOVE A81 166
MOVE A82 166
MOVE A83 166
MOVE A84 166
MOVE A85 166
MOVE A87 166
MOVE A88 166
MOVE A89 166
MOVE A90 166
MOVE A91 166
MOVE A92 166
MOVE A93 166
MOVE A94 166
MOVE A95 166
MOVE A96 166
MOVE A97 166
MOVE A98 166
MOVE A99 166
MOVE A100 166
MOVE A101 166
MOVE A102 166
MOVE A103 166
MOVE A104 166
MOVE A119 166
MOVE A120 166
MOVE A121 166
MOVE A122 166
MOVE A123 166
MOVE A124 166
MOVE A125 166
MOVE A126 166
MOVE A127 166
MOVE A128 166
MOVE A129 166
MOVE A158 33
MOVE A159 33
MOVE A160 33
MOVE A161 33
MOVE A162 33
MOVE A163 33
MOVE A164 33
MOVE A165 33
MOVE A167 24
MOVE A168 24
MOVE A171 12
END TURN 286
TURN 287
COMMAND LEFT START
TRAIN 3
COMMAND LEFT END
COMMAND RIGHT START
COMMAND RIGHT END
TURN 287 RESULT
TIME LEFT 0 5 RIGHT 20 5
TRAIN A175 A176 A177
MOVE A29 47
MOVE A54 179
MOVE A55 179
MOVE A56 179
MOVE A57 179
MOVE A58 179
MOVE A59 179
MOVE A63 179
MOVE A64 179
MOVE A66 179
MOVE A67 179
MOVE A68 179
MOVE A70 179
MOVE A71 179
MOVE A74 179
MOVE A76 179
MOVE A77 179
MOVE A78 179
MOVE A79 179
MOVE A80 179
MOVE A81 179
MOVE A82 179
MOVE A83 179
MOVE A84 179
MOVE A85 179
MOVE A87 179
MOVE A88 179
MOVE A89 179
MOVE A90 179
MOVE A91 179
MOVE A92 179
MOVE A93 179
MOVE A94 179
MOVE A95 179
MOVE A96 179
MOVE A97 179
MOVE A98 179
MOVE A99 179
MOVE A100 179
MOVE A101 179
MOVE A102 179
MOVE A103 179
MOVE A104 179
MOVE A119 179
MOVE A120 179
MOVE A121 179
MOVE A122 179
MOVE A123 179
MOVE A124 179
MOVE A125 179
MOVE A126 179
MOVE A127 179
MOVE A128 179
MOVE A129 179
MOVE A158 47
MOVE A159 47
MOVE A160 47
MOVE A161 47
MOVE A162 47
MOVE A163 47
MOVE A164 47
MOVE A165 47
MOVE A167 33
MOVE A168 33
MOVE A171 24
END TURN 287
TURN 288
COMMAND LEFT START
TRAIN 3
COMMAND LEFT END
COMMAND RIGHT START
COMMAND RIGHT END
TURN 288 RESULT
TIME LEFT 0 5 RIGHT 20 5
TRAIN A178 A179 A180
MOVE A29 60
MOVE A54 193
MOVE A55 193
MOVE A56 193
MOVE A57 193
MOVE A58 193
MOVE A59 193
MOVE A63 193
MOVE A64 193
MOVE A66 193
MOVE A67 193
MOVE A68 193
MOVE A70 193
MOVE A71 193
MOVE A74 193
MOVE A76 193
MOVE A77 193
MOVE A78 193
MOVE A79 193
MOVE A80 193
MOVE A81 193
MOVE A82 193
MOVE A83 193
MOVE A84 193
MOVE A85 193
MOVE A87 193
MOVE A88 193
MOVE A89 193
MOVE A90 193
MOVE A91 193
MOVE A92 193
MOVE A93 193
MOVE A94 193
MOVE A95 193
MOVE A96 193
MOVE A97 193
MOVE A98 193
MOVE A99 193
MOVE A100 193
MOVE A101 193
MOVE A102 193
MOVE A103 193
MOVE A104 193
MOVE A119 193
MOVE A120 193
MOVE A121 193
MOVE A122 193
MOVE A123 193
MOVE A124 193
MOVE A125 193
MOVE A126 193
MOVE A127 193
MOVE A128 193
MOVE A129 193
MOVE A158 60
MOVE A159 60
MOVE A160 60
MOVE A161 60
MOVE A162 60
MOVE A163 60
MOVE A164 60
MOVE A165 60
MOVE A167 47
MOVE A168 47
MOVE A171 33
END TURN 288
TURN 289
COMMAND LEFT START
TRAIN 3
COMMAND LEFT END
COMMAND RIGHT START
TRAIN 3
COMMAND RIGHT END
TURN 289 RESULT
TIME LEFT 0 5 RIGHT 22 5
TRAIN A181 A182 A183 B29 B30 B31
MOVE A29 70
MOVE A54 202
MOVE A55 202
MOVE A56 202
MOVE A57 202
MOVE A58 202
MOVE A59 202
MOVE A63 202
MOVE A64 202
MOVE A66 202
MOVE A67 202
MOVE A68 202
MOVE A70 202
MOVE A71 202
MOVE A74 202
MOVE A76 202
MOVE A77 202
MOVE A78 202
MOVE A79 202
MOVE A80 202
MOVE A81 202
MOVE A82 202
MOVE A83 202
MOVE A84 202
MOVE A85 202
MOVE A87 202
MOVE A88 202
MOVE A89 202
MOVE A90 202
MOVE A91 202
MOVE A92 202
MOVE A93 202
MOVE A94 202
MOVE A95 202
MOVE A96 202
MOVE A97 202
MOVE A98 202
MOVE A99 202
MOVE A100 202
MOVE A101 202
MOVE A102 202
MOVE A103 202
MOVE A104 202
MOVE A119 202
MOVE A120 202
MOVE A121 202
MOVE A122 202
MOVE A123 202
MOVE A124 202
MOVE A125 202
MOVE A126 202
MOVE A127 202
MOVE A128 202
MOVE A129 202
MOVE A158 70
MOVE A159 70
MOVE A160 70
MOVE A161 70
MOVE A162 70
MOVE A163 70
MOVE A164 70
MOVE A165 70
MOVE A167 60
MOVE A168 60
MOVE A171 47
END TURN 289
TURN 290
COMMAND LEFT START
TRAIN 3
COMMAND LEFT END
COMMAND RIGHT START
TRAIN 3
COMMAND RIGHT END
TURN 290 RESULT
TIME LEFT 0 5 RIGHT 20 5
TRAIN A184 A185 A186 B32 B33 B34
MOVE A29 80
MOVE A54 214
MOVE A55 214
MOVE A56 214
MOVE A57 214
MOVE A58 214
MOVE A59 214
MOVE A63 214
MOVE A64 214
MOVE A66 214
MOVE A67 214
MOVE A68 214
MOVE A70 214
MOVE A71 214
MOVE A74 214
MOVE A76 214
MOVE A77 214
MOVE A78 214
MOVE A79 214
MOVE A80 214
MOVE A81 214
MOVE A82 214
MOVE A83 214
MOVE A84 214
MOVE A85 214
MOVE A87 214
MOVE A88 214
MOVE A89 214
MOVE A90 214
MOVE A91 214
MOVE A92 214
MOVE A93 214
MOVE A94 214
MOVE A95 214
MOVE A96 214
MOVE A97 214
MOVE A98 214
MOVE A99 214
MOVE A100 214
MOVE A101 214
MOVE A102 214
MOVE A103 214
MOVE A104 214
MOVE A119 214
MOVE A120 214
MOVE A121 214
MOVE A122 214
MOVE A123 214
MOVE A124 214
MOVE A125 214
MOVE A126 214
MOVE A127 214
MOVE A128 214
MOVE A129 214
MOVE A158 80
MOVE A159 80
MOVE A160 80
MOVE A161 80
MOVE A162 80
MOVE A163 80
MOVE A164 80
MOVE A165 80
MOVE A167 70
MOVE A168 70
MOVE A171 60
END TURN 290
TURN 291
COMMAND LEFT START
TRAIN 3
COMMAND LEFT END
COMMAND RIGHT START
MOVE B27 226
TRAIN 3
COMMAND RIGHT END
TURN 291 RESULT
TIME LEFT 5 5 RIGHT 20 5
TRAIN A187 A188 A189 B35 B36 B37
MOVE A29 103
MOVE A54 226
MOVE A55 226
MOVE A56 226
MOVE A57 226
MOVE A58 226
MOVE A59 226
MOVE A63 226
MOVE A64 226
MOVE A66 226
MOVE A67 226
MOVE A68 226
MOVE A70 226
MOVE A71 226
MOVE A74 226
MOVE A76 226
MOVE A77 226
MOVE A78 226
MOVE A79 226
MOVE A80 226
MOVE A81 226
MOVE A82 226
MOVE A83 226
MOVE A84 226
MOVE A85 226
MOVE A87 226
MOVE A88 226
MOVE A89 226
MOVE A90 226
MOVE A91 226
MOVE A92 226
MOVE A93 226
MOVE A94 226
MOVE A95 226
MOVE A96 226
MOVE A97 226
MOVE A98 226
MOVE A99 226
MOVE A100 226
MOVE A101 226
MOVE A102 226
MOVE A103 226
MOVE A104 226
MOVE A119 226
MOVE A120 226
MOVE A121 226
MOVE A122 226
MOVE A123 226
MOVE A124 226
MOVE A125 226
MOVE A126 226
MOVE A127 226
MOVE A128 226
MOVE A129 226
MOVE A158 103
MOVE A159 103
MOVE A160 103
MOVE A161 103
MOVE A162 103
MOVE A163 103
MOVE A164 103
MOVE A165 103
MOVE A167 80
MOVE A168 80
MOVE A171 70
MOVE B27 218
DAMAGE TURRET A54 3
DAMAGE COMBAT A54 4
DAMAGE COMBAT A55 7
DAMAGE COMBAT A56 3
DAMAGE COMBAT B1 4
DAMAGE COMBAT B3 4
DAMAGE COMBAT B23 6
DAMAGE COMBAT B24 7
DAMAGE COMBAT B25 7
DAMAGE COMBAT B29 8
DAMAGE COMBAT B30 8
DAMAGE COMBAT B31 8
DAMAGE COMBAT B32 1
END TURN 291
TURN 292
COMMAND LEFT START
TRAIN 3
COMMAND LEFT END
COMMAND RIGHT START
TRAIN 3
COMMAND RIGHT END
TURN 292 RESULT
TIME LEFT 0 5 RIGHT 19 5
TRAIN A190 A191 A192 B38 B39 B40
MOVE A29 113
MOVE A158 113
MOVE A159 113
MOVE A160 113
MOVE A161 113
MOVE A162 113
MOVE A163 113
MOVE A164 113
MOVE A165 113
MOVE A167 103
MOVE A168 103
MOVE A171 80
MOVE B27 226
DAMAGE TURRET A56 3
DAMAGE COMBAT A56 1
DAMAGE COMBAT A57 7
DAMAGE COMBAT A58 2
DAMAGE COMBAT B27 3
DAMAGE COMBAT B32 7
DAMAGE COMBAT B33 8
DAMAGE COMBAT B34 8
DAMAGE COMBAT B35 8
DAMAGE COMBAT B36 8
DAMAGE COMBAT B37 8
DAMAGE COMBAT B38 1
END TURN 292
TURN 293
COMMAND LEFT START
TRAIN 3
COMMAND LEFT END
COMMAND RIGHT START
TRAIN 3
COMMAND RIGHT END
TURN 293 RESULT
TIME LEFT 0 5 RIGHT 19 5
TRAIN A193 A194 A195 B41 B42 B43
MOVE A167 113
MOVE A168 113
MOVE A171 93
DAMAGE TURRET A58 3
DAMAGE COMBAT A58 2
DAMAGE COMBAT A59 4
DAMAGE COMBAT B38 7
DAMAGE COMBAT B39 8
DAMAGE COMBAT B40 8
DAMAGE COMBAT B41 8
DAMAGE COMBAT B42 8
DAMAGE COMBAT B43 8
SIEGE B 226 2
END TURN 293
TURN 294
COMMAND LEFT START
TRAIN 3
COMMAND LEFT END
COMMAND RIGHT START
TRAIN 3
COMMAND RIGHT END
TURN 294 RESULT
TIME LEFT 0 5 RIGHT 18 5
TRAIN A196 A197 A198 B44 B45 B46
MOVE A171 118
DAMAGE TURRET A59 3
DAMAGE COMBAT A63 3
DAMAGE COMBAT B44 8
DAMAGE COMBAT B45 8
DAMAGE COMBAT B46 8
SIEGE B 226 24
END TURN 294
TURN 295
COMMAND LEFT START
TRAIN 3
COMMAND LEFT END
COMMAND RIGHT START
TRAIN 3
COMMAND RIGHT END
TURN 295 RESULT
TIME LEFT 0 5 RIGHT 17 5
TRAIN A199 A200 A201 B47 B48 B49
MOVE A171 134
DAMAGE TURRET A63 3
DAMAGE COMBAT A63 1
DAMAGE COMBAT A64 2
DAMAGE COMBAT B47 8
DAMAGE COMBAT B48 8
DAMAGE COMBAT B49 8
SIEGE B 226 4
END TURN 295
RESULT LEFT_WIN HQ_DESTROYED
