[LEFT ""]
[RIGHT ""]
MAP
217 15
-11177 -10014 -10051 -10254 -10181 -8854 -9485 -8450 -8633 -8277 -9461 -8281 -8186 -7402 -7570 -8437 -7621 -7398 -7121 -7164 -7101 -7718 -6640 -6535 -6975 -6184 -6253 -6037 -6080 -6060 -5983 -6604 -5920 -5625 -5630 -5448 -5255 -5065 -5320 -5103 -5082 -5065 -4968 -4789 -5589 -4761 -4680 -4671 -4455 -4505 -4341 -4135 -4195 -4210 -4055 -4074 -4333 -4052 -3858 -3799 -3852 -3417 -3561 -3481 -3326 -3293 -3804 -3262 -2905 -2929 -3099 -2980 -2875 -2771 -2488 -2487 -2209 -2745 -2628 -2290 -2268 -2119 -1829 -1829 -1814 -1879 -1790 -1517 -1786 -1640 -1525 -1276 -1233 -1078 -1127 -923 -1020 -853 -771 -837 -541 -557 -724 -118 -351 -126 2 -100 0 100 -2 126 351 118 724 557 541 837 771 853 1020 923 1127 1078 1233 1276 1525 1640 1786 1517 1790 1879 1814 1829 1829 2119 2268 2290 2628 2745 2209 2487 2488 2771 2875 2980 3099 2929 2905 3262 3804 3293 3326 3481 3561 3417 3852 3799 3858 4052 4333 4074 4055 4210 4195 4135 4341 4505 4455 4671 4680 4761 5589 4789 4968 5065 5082 5103 5320 5065 5255 5448 5630 5625 5920 6604 5983 6060 6080 6037 6253 6184 6975 6535 6640 7718 7101 7164 7121 7398 7621 8437 7570 7402 8186 8281 9461 8277 8633 8450 9485 8854 10181 10254 10051 10014 11177
379 -1329 2353 -3593 3961 1085 -5596 102 -2719 2748 6048 -1496 4125 -2490 1303 -7117 5894 -522 4399 2902 -4537 7392 -6063 682 -8233 -625 -3528 -1711 1930 3314 6000 9056 4679 190 7140 -6617 -2877 3841 -5478 2859 -4086 1299 5456 8075 -9351 6506 -210 -7540 4455 -1813 2174 -5533 -4568 3041 1359 7121 10073 -6734 5174 318 -3310 3751 -8360 6068 2438 -2090 -10480 7420 -4339 -7350 -961 -5487 -6439 1367 6466 -3231 346 9837 5066 2379 7663 -8573 -1208 -5986 -7508 3436 4684 -10894 9680 -4817 -2670 5827 6818 4033 7847 2449 -6816 -8211 -1784 -3777 5062 -5478 10712 8621 1501 4008 -6345 7362 0 -7362 6345 -4008 -1501 -8621 -10712 5478 -5062 3777 1784 8211 6816 -2449 -7847 -4033 -6818 -5827 2670 4817 -9680 10894 -4684 -3436 7508 5986 1208 8573 -7663 -2379 -5066 -9837 -346 3231 -6466 -1367 6439 5487 961 7350 4339 -7420 10480 2090 -2438 -6068 8360 -3751 3310 -318 -5174 6734 -10073 -7121 -1359 -3041 4568 5533 -2174 1813 -4455 7540 210 -6506 9351 -8075 -5456 -1299 4086 -2859 5478 -3841 2877 6617 -7140 -190 -4679 -9056 -6000 -3314 -1930 1711 3528 625 8233 -682 6063 -7392 4537 -2902 -4399 522 -5894 7117 -1303 2490 -4125 1496 -6048 -2748 2719 -102 5596 -1085 -3961 3593 -2353 1329 -379
STRONGHOLDS 9 28 34 53 69 78 92 108 124 138 147 163 182 188 207
4 1 2 5 7
5 0 3 7 8 11
4 0 4 5 9
3 1 6 8
4 2 9 10 12
5 0 2 7 9 14
5 3 8 15 20 22
6 0 1 5 11 14 17
6 1 3 6 11 13 20
6 2 4 5 12 14 19
4 4 12 16 21
5 1 7 8 13 17
6 4 9 10 16 18 19
6 8 11 17 20 26 27
7 5 7 9 17 19 23 28
3 6 22 24
5 10 12 18 21 30
7 7 11 13 14 23 25 27
6 12 16 19 29 30 32
6 9 12 14 18 28 29
7 6 8 13 22 26 38 40
5 10 16 30 31 34
6 6 15 20 24 35 38
6 14 17 25 28 33 41
5 15 22 35 44 47
5 17 23 27 33 46
5 13 20 27 36 40
7 13 17 25 26 36 46 49
6 14 19 23 29 39 41
6 18 19 28 32 37 39
7 16 18 21 32 34 42 45
4 21 34 43 56
6 18 29 30 37 42 48
4 23 25 41 46
5 21 30 31 43 45
6 22 24 38 47 51 57
5 26 27 40 49 60
5 29 32 39 48 53
6 20 22 35 40 51 52
6 28 29 37 41 50 53
6 20 26 36 38 52 60
8 23 28 33 39 46 50 54 59
5 30 32 45 48 58
7 31 34 45 55 56 67 77
4 24 47 62 66
7 30 34 42 43 55 58 63
7 25 27 33 41 49 59 70
5 24 35 44 57 62
6 32 37 42 53 58 61
6 27 36 46 60 65 70
5 39 41 53 54 64
6 35 38 52 57 71 72
6 38 40 51 60 68 71
6 37 39 48 50 61 64
5 41 50 59 64 73
4 43 45 63 67
3 31 43 77
6 35 47 51 62 69 72
6 42 45 48 61 63 78
6 41 46 54 70 73 76
7 36 40 49 52 65 68 75
8 48 53 58 64 78 79 85 86
6 44 47 57 66 69 81
6 45 55 58 67 74 78
6 50 53 54 61 73 79
6 49 60 70 75 82 90
4 44 62 81 87
6 43 55 63 74 77 80
5 52 60 71 75 89
5 57 62 72 81 84
6 46 49 59 65 76 82
6 51 52 68 72 83 89
6 51 57 69 71 83 84
6 54 59 64 76 79 104
6 63 67 78 80 91 92
6 60 65 68 89 90 99
6 59 70 73 82 104 108
6 43 56 67 80 88 102
6 58 61 63 74 86 91
6 61 64 73 85 95 104
6 67 74 77 88 92 94
6 62 66 69 84 87 97
6 65 70 76 90 98 108
6 71 72 84 89 96 101
6 69 72 81 83 96 97
5 61 79 86 93 95
6 61 78 85 91 93 100
5 66 81 97 113 114
5 77 80 94 102 103
6 68 71 75 83 99 101
5 65 75 82 98 99
6 74 78 86 92 100 110
6 74 80 91 94 107 110
5 85 86 95 100 105
5 80 88 92 103 107
7 79 85 93 104 105 117 118
6 83 84 97 101 106 109
6 81 84 87 96 109 113
6 82 90 99 108 112 121
7 75 89 90 98 101 111 121
6 86 91 93 105 110 115
7 83 89 96 99 106 111 116
4 77 88 103 129
6 88 94 102 107 119 129
6 73 76 79 95 108 118
5 93 95 100 115 117
6 96 101 109 116 124 125
6 92 94 103 110 119 120
8 76 82 98 104 112 118 134 140
6 96 97 106 113 122 124
6 91 92 100 107 115 120
5 99 101 116 121 123
6 98 108 121 137 140 143
6 87 97 109 114 122 128
4 87 113 128 139
7 100 105 110 117 120 127 133
6 101 106 111 123 125 130
7 95 105 115 118 126 127 141
6 95 104 108 117 126 134
6 103 107 120 129 132 135
6 107 110 115 119 132 133
7 98 99 111 112 123 131 137
5 109 113 124 128 136
5 111 116 121 130 131
6 106 109 122 125 136 142
6 106 116 124 130 138 142
5 117 118 134 141 151
6 115 117 133 141 145 148
5 113 114 122 136 139
5 102 103 119 135 150
6 116 123 125 131 138 155
5 121 123 130 137 155
6 119 120 133 135 144 147
6 115 120 127 132 144 145
6 108 118 126 140 146 151
6 119 129 132 147 150 154
6 122 124 128 139 142 149
6 112 121 131 143 152 155
6 125 130 142 153 155 158
6 114 128 136 149 160 173
6 108 112 134 143 146 157
6 117 126 127 148 151 156
6 124 125 136 138 149 153
6 112 137 140 152 157 162
6 132 133 145 147 159 165
6 127 133 144 148 164 165
6 134 140 151 157 167 170
5 132 135 144 154 159
5 127 141 145 156 164
6 136 139 142 153 161 173
4 129 135 154 172
6 126 134 141 146 156 167
6 137 143 155 162 163 166
6 138 142 149 158 161 171
6 135 147 150 159 169 172
8 130 131 137 138 152 158 163 168
7 141 148 151 164 167 176 180
6 140 143 146 162 170 175
6 138 153 155 168 171 174
6 144 147 154 165 169 181
3 139 173 185
4 149 153 171 173
5 143 152 157 166 175
6 152 155 166 168 177 179
6 145 148 156 165 176 178
6 144 145 159 164 178 181
5 152 162 163 175 177
6 146 151 156 170 180 189
6 155 158 163 174 179 184
5 154 159 172 181 192
7 146 157 167 175 183 189 191
7 153 158 161 173 174 182 186
4 150 154 169 192
7 139 149 160 161 171 182 185
5 158 168 171 184 186
8 157 162 166 170 177 183 188 193
6 156 164 178 180 190 196
6 163 166 175 179 187 188
6 164 165 176 181 194 196
5 163 168 177 184 187
5 156 167 176 189 190
6 159 165 169 178 192 194
5 171 173 185 186 195
4 170 175 191 193
6 168 174 179 186 187 198
4 160 173 182 195
7 171 174 182 184 195 198 200
6 177 179 184 188 197 198
6 175 177 187 193 197 202
7 167 170 180 190 191 199 203
5 176 180 189 196 203
5 170 183 189 193 199
5 169 172 181 194 201
6 175 183 188 191 199 202
6 178 181 192 196 201 210
5 182 185 186 200 206
7 176 178 190 194 203 208 210
6 187 188 198 202 204 207
6 184 186 187 197 200 204
7 189 191 193 202 203 205 209
5 186 195 198 204 206
3 192 194 210
7 188 193 197 199 207 209 211
6 189 190 196 199 205 208
6 197 198 200 206 207 212
5 199 203 208 209 215
4 195 200 204 212
6 197 202 204 211 212 214
6 196 203 205 210 213 215
6 199 202 205 211 215 216
5 194 196 201 208 213
5 202 207 209 214 216
4 204 206 207 214
3 208 210 215
4 207 211 212 216
5 205 208 209 213 216
4 209 211 214 215
END MAP
TURN 1
COMMAND LEFT START
MOVE A1 108
MOVE A2 108
UPGRADE 0
TRAIN 1
COMMAND LEFT END
COMMAND RIGHT START
MOVE B2 207
MOVE B3 188
UPGRADE 216
COMMAND RIGHT END
TURN 1 RESULT
TIME LEFT 7 5 RIGHT 0 5
UPGRADE A 0
UPGRADE B 216
TRAIN A4
MOVE A1 7
MOVE A2 7
MOVE B2 214
MOVE B3 211
END TURN 1
TURN 2
COMMAND LEFT START
COMMAND LEFT END
COMMAND RIGHT START
COMMAND RIGHT END
TURN 2 RESULT
TIME LEFT 0 5 RIGHT 0 5
MOVE A1 17
MOVE A2 17
MOVE B2 207
MOVE B3 202
END TURN 2
TURN 3
COMMAND LEFT START
COMMAND LEFT END
COMMAND RIGHT START
MOVE B2 216
COMMAND RIGHT END
TURN 3 RESULT
TIME LEFT 0 5 RIGHT 0 5
MOVE A1 25
MOVE A2 25
MOVE B2 214
MOVE B3 188
END TURN 3
TURN 4
COMMAND LEFT START
COMMAND LEFT END
COMMAND RIGHT START
MOVE B3 207
COMMAND RIGHT END
TURN 4 RESULT
TIME LEFT 0 5 RIGHT 0 5
MOVE A1 46
MOVE A2 46
MOVE B2 216
MOVE B3 197
END TURN 4
TURN 5
COMMAND LEFT START
COMMAND LEFT END
COMMAND RIGHT START
COMMAND RIGHT END
TURN 5 RESULT
TIME LEFT 0 5 RIGHT 0 5
MOVE A1 59
MOVE A2 59
MOVE B3 207
END TURN 5
TURN 6
COMMAND LEFT START
COMMAND LEFT END
COMMAND RIGHT START
COMMAND RIGHT END
TURN 6 RESULT
TIME LEFT 0 5 RIGHT 0 5
MOVE A1 76
MOVE A2 76
END TURN 6
TURN 7
COMMAND LEFT START
COMMAND LEFT END
COMMAND RIGHT START
COMMAND RIGHT END
TURN 7 RESULT
TIME LEFT 0 5 RIGHT 0 5
MOVE A1 108
MOVE A2 108
END TURN 7
TURN 8
COMMAND LEFT START
COMMAND LEFT END
COMMAND RIGHT START
COMMAND RIGHT END
TURN 8 RESULT
TIME LEFT 0 5 RIGHT 0 5
END TURN 8
TURN 9
COMMAND LEFT START
COMMAND LEFT END
COMMAND RIGHT START
COMMAND RIGHT END
TURN 9 RESULT
TIME LEFT 0 5 RIGHT 0 5
END TURN 9
TURN 10
COMMAND LEFT START
COMMAND LEFT END
COMMAND RIGHT START
COMMAND RIGHT END
TURN 10 RESULT
TIME LEFT 0 5 RIGHT 0 5
END TURN 10
TURN 11
COMMAND LEFT START
COMMAND LEFT END
COMMAND RIGHT START
COMMAND RIGHT END
TURN 11 RESULT
TIME LEFT 0 5 RIGHT 2 5
END TURN 11
TURN 12
COMMAND LEFT START
COMMAND LEFT END
COMMAND RIGHT START
COMMAND RIGHT END
TURN 12 RESULT
TIME LEFT 0 5 RIGHT 0 5
END TURN 12
TURN 13
COMMAND LEFT START
COMMAND LEFT END
COMMAND RIGHT START
COMMAND RIGHT END
TURN 13 RESULT
TIME LEFT 0 5 RIGHT 0 5
END TURN 13
TURN 14
COMMAND LEFT START
COMMAND LEFT END
COMMAND RIGHT START
COMMAND RIGHT END
TURN 14 RESULT
TIME LEFT 0 5 RIGHT 0 5
END TURN 14
TURN 15
COMMAND LEFT START
COMMAND LEFT END
COMMAND RIGHT START
COMMAND RIGHT END
TURN 15 RESULT
TIME LEFT 0 5 RIGHT 0 5
END TURN 15
TURN 16
COMMAND LEFT START
COMMAND LEFT END
COMMAND RIGHT START
COMMAND RIGHT END
TURN 16 RESULT
TIME LEFT 0 5 RIGHT 0 5
END TURN 16
TURN 17
COMMAND LEFT START
COMMAND LEFT END
COMMAND RIGHT START
COMMAND RIGHT END
TURN 17 RESULT
TIME LEFT 0 5 RIGHT 0 5
END TURN 17
TURN 18
COMMAND LEFT START
COMMAND LEFT END
COMMAND RIGHT START
COMMAND RIGHT END
TURN 18 RESULT
TIME LEFT 0 5 RIGHT 0 5
END TURN 18
TURN 19
COMMAND LEFT START
COMMAND LEFT END
COMMAND RIGHT START
UPGRADE 207
COMMAND RIGHT END
TURN 19 RESULT
TIME LEFT 0 5 RIGHT 0 5
UPGRADE B 207
END TURN 19
TURN 20
COMMAND LEFT START
COMMAND LEFT END
COMMAND RIGHT START
COMMAND RIGHT END
TURN 20 RESULT
TIME LEFT 0 5 RIGHT 0 5
END TURN 20
TURN 21
COMMAND LEFT START
COMMAND LEFT END
COMMAND RIGHT START
COMMAND RIGHT END
TURN 21 RESULT
TIME LEFT 0 5 RIGHT 0 5
END TURN 21
TURN 22
COMMAND LEFT START
COMMAND LEFT END
COMMAND RIGHT START
COMMAND RIGHT END
TURN 22 RESULT
TIME LEFT 0 5 RIGHT 0 5
END TURN 22
TURN 23
COMMAND LEFT START
COMMAND LEFT END
COMMAND RIGHT START
COMMAND RIGHT END
TURN 23 RESULT
TIME LEFT 0 5 RIGHT 0 5
END TURN 23
TURN 24
COMMAND LEFT START
UPGRADE 108
COMMAND LEFT END
COMMAND RIGHT START
COMMAND RIGHT END
TURN 24 RESULT
TIME LEFT 0 5 RIGHT 0 5
UPGRADE A 108
END TURN 24
TURN 25
COMMAND LEFT START
COMMAND LEFT END
COMMAND RIGHT START
COMMAND RIGHT END
TURN 25 RESULT
TIME LEFT 0 5 RIGHT 0 5
END TURN 25
TURN 26
COMMAND LEFT START
COMMAND LEFT END
COMMAND RIGHT START
TRAIN 1
COMMAND RIGHT END
TURN 26 RESULT
TIME LEFT 0 5 RIGHT 0 5
TRAIN B4
END TURN 26
TURN 27
COMMAND LEFT START
COMMAND LEFT END
COMMAND RIGHT START
MOVE B4 188
COMMAND RIGHT END
TURN 27 RESULT
TIME LEFT 0 5 RIGHT 0 5
MOVE B4 211
END TURN 27
TURN 28
COMMAND LEFT START
MOVE A4 9
TRAIN 1
COMMAND LEFT END
COMMAND RIGHT START
COMMAND RIGHT END
TURN 28 RESULT
TIME LEFT 0 5 RIGHT 0 5
TRAIN A5
MOVE A4 2
MOVE B4 202
END TURN 28
TURN 29
COMMAND LEFT START
COMMAND LEFT END
COMMAND RIGHT START
COMMAND RIGHT END
TURN 29 RESULT
TIME LEFT 0 5 RIGHT 0 5
MOVE A4 9
MOVE B4 188
END TURN 29
TURN 30
COMMAND LEFT START
COMMAND LEFT END
COMMAND RIGHT START
COMMAND RIGHT END
TURN 30 RESULT
TIME LEFT 0 5 RIGHT 0 5
END TURN 30
TURN 31
COMMAND LEFT START
COMMAND LEFT END
COMMAND RIGHT START
COMMAND RIGHT END
TURN 31 RESULT
TIME LEFT 0 5 RIGHT 0 5
END TURN 31
TURN 32
COMMAND LEFT START
COMMAND LEFT END
COMMAND RIGHT START
COMMAND RIGHT END
TURN 32 RESULT
TIME LEFT 0 5 RIGHT 0 5
END TURN 32
TURN 33
COMMAND LEFT START
COMMAND LEFT END
COMMAND RIGHT START
COMMAND RIGHT END
TURN 33 RESULT
TIME LEFT 0 5 RIGHT 0 5
END TURN 33
TURN 34
COMMAND LEFT START
COMMAND LEFT END
COMMAND RIGHT START
COMMAND RIGHT END
TURN 34 RESULT
TIME LEFT 0 5 RIGHT 0 5
END TURN 34
TURN 35
COMMAND LEFT START
COMMAND LEFT END
COMMAND RIGHT START
COMMAND RIGHT END
TURN 35 RESULT
TIME LEFT 0 5 RIGHT 0 5
END TURN 35
TURN 36
COMMAND LEFT START
COMMAND LEFT END
COMMAND RIGHT START
UPGRADE 188
COMMAND RIGHT END
TURN 36 RESULT
TIME LEFT 0 5 RIGHT 0 5
UPGRADE B 188
END TURN 36
TURN 37
COMMAND LEFT START
COMMAND LEFT END
COMMAND RIGHT START
COMMAND RIGHT END
TURN 37 RESULT
TIME LEFT 0 5 RIGHT 0 5
END TURN 37
TURN 38
COMMAND LEFT START
COMMAND LEFT END
COMMAND RIGHT START
COMMAND RIGHT END
TURN 38 RESULT
TIME LEFT 1 5 RIGHT 1 5
END TURN 38
TURN 39
COMMAND LEFT START
COMMAND LEFT END
COMMAND RIGHT START
COMMAND RIGHT END
TURN 39 RESULT
TIME LEFT 5 5 RIGHT 5 5
END TURN 39
TURN 40
COMMAND LEFT START
COMMAND LEFT END
COMMAND RIGHT START
COMMAND RIGHT END
TURN 40 RESULT
TIME LEFT 0 5 RIGHT 0 5
END TURN 40
TURN 41
COMMAND LEFT START
COMMAND LEFT END
COMMAND RIGHT START
TRAIN 1
COMMAND RIGHT END
TURN 41 RESULT
TIME LEFT 0 5 RIGHT 0 5
TRAIN B5
END TURN 41
TURN 42
COMMAND LEFT START
UPGRADE 9
COMMAND LEFT END
COMMAND RIGHT START
MOVE B5 163
COMMAND RIGHT END
TURN 42 RESULT
TIME LEFT 0 5 RIGHT 0 5
UPGRADE A 9
MOVE B5 211
END TURN 42
TURN 43
COMMAND LEFT START
COMMAND LEFT END
COMMAND RIGHT START
COMMAND RIGHT END
TURN 43 RESULT
TIME LEFT 0 5 RIGHT 0 5
MOVE B5 202
END TURN 43
TURN 44
COMMAND LEFT START
COMMAND LEFT END
COMMAND RIGHT START
COMMAND RIGHT END
TURN 44 RESULT
TIME LEFT 0 5 RIGHT 0 5
MOVE B5 188
END TURN 44
TURN 45
COMMAND LEFT START
MOVE A5 28
TRAIN 1
COMMAND LEFT END
COMMAND RIGHT START
COMMAND RIGHT END
TURN 45 RESULT
TIME LEFT 5 5 RIGHT 0 5
TRAIN A6
MOVE A5 5
MOVE B5 177
END TURN 45
TURN 46
COMMAND LEFT START
COMMAND LEFT END
COMMAND RIGHT START
COMMAND RIGHT END
TURN 46 RESULT
TIME LEFT 0 5 RIGHT 0 5
MOVE A5 14
MOVE B5 163
END TURN 46
TURN 47
COMMAND LEFT START
COMMAND LEFT END
COMMAND RIGHT START
COMMAND RIGHT END
TURN 47 RESULT
TIME LEFT 0 5 RIGHT 0 5
MOVE A5 28
END TURN 47
TURN 48
COMMAND LEFT START
COMMAND LEFT END
COMMAND RIGHT START
COMMAND RIGHT END
TURN 48 RESULT
TIME LEFT 0 5 RIGHT 0 5
END TURN 48
TURN 49
COMMAND LEFT START
COMMAND LEFT END
COMMAND RIGHT START
UPGRADE 163
COMMAND RIGHT END
TURN 49 RESULT
TIME LEFT 0 5 RIGHT 0 5
UPGRADE B 163
END TURN 49
TURN 50
COMMAND LEFT START
COMMAND LEFT END
COMMAND RIGHT START
COMMAND RIGHT END
TURN 50 RESULT
TIME LEFT 0 5 RIGHT 0 5
END TURN 50
TURN 51
COMMAND LEFT START
COMMAND LEFT END
COMMAND RIGHT START
COMMAND RIGHT END
TURN 51 RESULT
TIME LEFT 0 5 RIGHT 0 5
END TURN 51
TURN 52
COMMAND LEFT START
COMMAND LEFT END
COMMAND RIGHT START
COMMAND RIGHT END
TURN 52 RESULT
TIME LEFT 0 5 RIGHT 0 5
END TURN 52
TURN 53
COMMAND LEFT START
COMMAND LEFT END
COMMAND RIGHT START
TRAIN 1
COMMAND RIGHT END
TURN 53 RESULT
TIME LEFT 0 5 RIGHT 0 5
TRAIN B6
END TURN 53
TURN 54
COMMAND LEFT START
COMMAND LEFT END
COMMAND RIGHT START
MOVE B6 182
COMMAND RIGHT END
TURN 54 RESULT
TIME LEFT 0 5 RIGHT 0 5
MOVE B6 214
END TURN 54
TURN 55
COMMAND LEFT START
UPGRADE 28
COMMAND LEFT END
COMMAND RIGHT START
COMMAND RIGHT END
TURN 55 RESULT
TIME LEFT 0 5 RIGHT 0 5
UPGRADE A 28
MOVE B6 207
END TURN 55
TURN 56
COMMAND LEFT START
COMMAND LEFT END
COMMAND RIGHT START
COMMAND RIGHT END
TURN 56 RESULT
TIME LEFT 0 5 RIGHT 0 5
MOVE B6 204
END TURN 56
TURN 57
COMMAND LEFT START
MOVE A6 53
TRAIN 1
COMMAND LEFT END
COMMAND RIGHT START
COMMAND RIGHT END
TURN 57 RESULT
TIME LEFT 0 5 RIGHT 0 5
TRAIN A7
MOVE A6 5
MOVE B6 198
END TURN 57
TURN 58
COMMAND LEFT START
COMMAND LEFT END
COMMAND RIGHT START
COMMAND RIGHT END
TURN 58 RESULT
TIME LEFT 0 5 RIGHT 0 5
MOVE A6 14
MOVE B6 186
END TURN 58
TURN 59
COMMAND LEFT START
COMMAND LEFT END
COMMAND RIGHT START
COMMAND RIGHT END
TURN 59 RESULT
TIME LEFT 0 5 RIGHT 0 5
MOVE A6 28
MOVE B6 182
END TURN 59
TURN 60
COMMAND LEFT START
COMMAND LEFT END
COMMAND RIGHT START
UPGRADE 182
COMMAND RIGHT END
TURN 60 RESULT
TIME LEFT 0 5 RIGHT 0 5
UPGRADE B 182
MOVE A6 39
END TURN 60
TURN 61
COMMAND LEFT START
COMMAND LEFT END
COMMAND RIGHT START
COMMAND RIGHT END
TURN 61 RESULT
TIME LEFT 0 5 RIGHT 0 5
MOVE A6 53
END TURN 61
TURN 62
COMMAND LEFT START
COMMAND LEFT END
COMMAND RIGHT START
TRAIN 1
COMMAND RIGHT END
TURN 62 RESULT
TIME LEFT 0 5 RIGHT 0 5
TRAIN B7
END TURN 62
TURN 63
COMMAND LEFT START
COMMAND LEFT END
COMMAND RIGHT START
MOVE B7 138
COMMAND RIGHT END
TURN 63 RESULT
TIME LEFT 0 5 RIGHT 0 5
MOVE B7 211
END TURN 63
TURN 64
COMMAND LEFT START
COMMAND LEFT END
COMMAND RIGHT START
COMMAND RIGHT END
TURN 64 RESULT
TIME LEFT 0 5 RIGHT 0 5
MOVE B7 202
END TURN 64
TURN 65
COMMAND LEFT START
UPGRADE 53
COMMAND LEFT END
COMMAND RIGHT START
COMMAND RIGHT END
TURN 65 RESULT
TIME LEFT 0 5 RIGHT 0 5
UPGRADE A 53
MOVE B7 188
END TURN 65
TURN 66
COMMAND LEFT START
COMMAND LEFT END
COMMAND RIGHT START
COMMAND RIGHT END
TURN 66 RESULT
TIME LEFT 0 5 RIGHT 0 5
MOVE B7 177
END TURN 66
TURN 67
COMMAND LEFT START
MOVE A7 34
TRAIN 1
COMMAND LEFT END
COMMAND RIGHT START
COMMAND RIGHT END
TURN 67 RESULT
TIME LEFT 0 5 RIGHT 0 5
TRAIN A8
MOVE A7 2
MOVE B7 163
END TURN 67
TURN 68
COMMAND LEFT START
COMMAND LEFT END
COMMAND RIGHT START
COMMAND RIGHT END
TURN 68 RESULT
TIME LEFT 0 5 RIGHT 0 5
MOVE A7 9
MOVE B7 155
END TURN 68
TURN 69
COMMAND LEFT START
COMMAND LEFT END
COMMAND RIGHT START
COMMAND RIGHT END
TURN 69 RESULT
TIME LEFT 0 5 RIGHT 0 5
MOVE A7 12
MOVE B7 138
END TURN 69
TURN 70
COMMAND LEFT START
COMMAND LEFT END
COMMAND RIGHT START
UPGRADE 138
TRAIN 1
COMMAND RIGHT END
TURN 70 RESULT
TIME LEFT 0 5 RIGHT 0 5
UPGRADE B 138
TRAIN B8
MOVE A7 18
END TURN 70
TURN 71
COMMAND LEFT START
COMMAND LEFT END
COMMAND RIGHT START
MOVE B8 147
COMMAND RIGHT END
TURN 71 RESULT
TIME LEFT 0 5 RIGHT 0 5
MOVE A7 30
MOVE B8 215
END TURN 71
TURN 72
COMMAND LEFT START
COMMAND LEFT END
COMMAND RIGHT START
COMMAND RIGHT END
TURN 72 RESULT
TIME LEFT 0 5 RIGHT 0 5
MOVE A7 34
MOVE B8 208
END TURN 72
TURN 73
COMMAND LEFT START
COMMAND LEFT END
COMMAND RIGHT START
COMMAND RIGHT END
TURN 73 RESULT
TIME LEFT 0 5 RIGHT 6 5
MOVE B8 196
END TURN 73
TURN 74
COMMAND LEFT START
UPGRADE 34
COMMAND LEFT END
COMMAND RIGHT START
COMMAND RIGHT END
TURN 74 RESULT
TIME LEFT 0 5 RIGHT 0 5
UPGRADE A 34
MOVE B8 194
END TURN 74
TURN 75
COMMAND LEFT START
MOVE A8 78
TRAIN 1
COMMAND LEFT END
COMMAND RIGHT START
COMMAND RIGHT END
TURN 75 RESULT
TIME LEFT 0 5 RIGHT 0 5
TRAIN A9
MOVE A8 5
MOVE B8 181
END TURN 75
TURN 76
COMMAND LEFT START
COMMAND LEFT END
COMMAND RIGHT START
COMMAND RIGHT END
TURN 76 RESULT
TIME LEFT 0 5 RIGHT 0 5
MOVE A8 14
MOVE B8 159
END TURN 76
TURN 77
COMMAND LEFT START
COMMAND LEFT END
COMMAND RIGHT START
COMMAND RIGHT END
TURN 77 RESULT
TIME LEFT 0 5 RIGHT 0 5
MOVE A8 28
MOVE B8 147
END TURN 77
TURN 78
COMMAND LEFT START
COMMAND LEFT END
COMMAND RIGHT START
UPGRADE 147
TRAIN 1
COMMAND RIGHT END
TURN 78 RESULT
TIME LEFT 0 5 RIGHT 0 5
UPGRADE B 147
TRAIN B9
MOVE A8 39
END TURN 78
TURN 79
COMMAND LEFT START
COMMAND LEFT END
COMMAND RIGHT START
MOVE B9 124
COMMAND RIGHT END
TURN 79 RESULT
TIME LEFT 0 5 RIGHT 0 5
MOVE A8 53
MOVE B9 214
END TURN 79
TURN 80
COMMAND LEFT START
COMMAND LEFT END
COMMAND RIGHT START
COMMAND RIGHT END
TURN 80 RESULT
TIME LEFT 0 5 RIGHT 0 5
MOVE A8 61
MOVE B9 207
END TURN 80
TURN 81
COMMAND LEFT START
COMMAND LEFT END
COMMAND RIGHT START
COMMAND RIGHT END
TURN 81 RESULT
TIME LEFT 0 5 RIGHT 0 5
MOVE A8 78
MOVE B9 197
END TURN 81
TURN 82
COMMAND LEFT START
UPGRADE 78
COMMAND LEFT END
COMMAND RIGHT START
COMMAND RIGHT END
TURN 82 RESULT
TIME LEFT 0 5 RIGHT 0 5
UPGRADE A 78
MOVE B9 187
END TURN 82
TURN 83
COMMAND LEFT START
MOVE A9 69
TRAIN 1
COMMAND LEFT END
COMMAND RIGHT START
COMMAND RIGHT END
TURN 83 RESULT
TIME LEFT 0 5 RIGHT 0 5
TRAIN A10
MOVE A9 1
MOVE B9 179
END TURN 83
TURN 84
COMMAND LEFT START
COMMAND LEFT END
COMMAND RIGHT START
TRAIN 1
COMMAND RIGHT END
TURN 84 RESULT
TIME LEFT 0 5 RIGHT 0 5
TRAIN B10
MOVE A9 8
MOVE B9 168
END TURN 84
TURN 85
COMMAND LEFT START
COMMAND LEFT END
COMMAND RIGHT START
MOVE B10 17
TRAIN 1
COMMAND RIGHT END
TURN 85 RESULT
TIME LEFT 0 5 RIGHT 0 5
TRAIN B11
MOVE A9 20
MOVE B9 158
MOVE B10 209
END TURN 85
TURN 86
COMMAND LEFT START
COMMAND LEFT END
COMMAND RIGHT START
MOVE B11 17
COMMAND RIGHT END
TURN 86 RESULT
TIME LEFT 0 5 RIGHT 0 5
MOVE A9 22
MOVE B9 153
MOVE B10 199
MOVE B11 209
END TURN 86
TURN 87
COMMAND LEFT START
COMMAND LEFT END
COMMAND RIGHT START
TRAIN 1
COMMAND RIGHT END
TURN 87 RESULT
TIME LEFT 0 5 RIGHT 0 5
TRAIN B12
MOVE A9 35
MOVE B9 142
MOVE B10 191
MOVE B11 199
END TURN 87
TURN 88
COMMAND LEFT START
MOVE A10 108
TRAIN 1
COMMAND LEFT END
COMMAND RIGHT START
TRAIN 1
COMMAND RIGHT END
TURN 88 RESULT
TIME LEFT 0 5 RIGHT 0 5
TRAIN A11 B13
MOVE A9 57
MOVE A10 7
MOVE B9 124
MOVE B10 170
MOVE B11 191
END TURN 88
TURN 89
COMMAND LEFT START
MOVE A11 108
TRAIN 1
COMMAND LEFT END
COMMAND RIGHT START
UPGRADE 124
TRAIN 1
COMMAND RIGHT END
TURN 89 RESULT
TIME LEFT 0 5 RIGHT 0 5
UPGRADE B 124
TRAIN A12 B14
MOVE A9 69
MOVE A10 17
MOVE A11 7
MOVE B10 157
MOVE B11 170
END TURN 89
TURN 90
COMMAND LEFT START
UPGRADE 69
COMMAND LEFT END
COMMAND RIGHT START
TRAIN 1
COMMAND RIGHT END
TURN 90 RESULT
TIME LEFT 0 5 RIGHT 0 5
UPGRADE A 69
TRAIN B15
MOVE A10 25
MOVE A11 17
MOVE B10 140
MOVE B11 157
END TURN 90
TURN 91
COMMAND LEFT START
MOVE A12 108
TRAIN 1
COMMAND LEFT END
COMMAND RIGHT START
TRAIN 1
COMMAND RIGHT END
TURN 91 RESULT
TIME LEFT 0 5 RIGHT 0 5
TRAIN A13 B16
MOVE A10 46
MOVE A11 25
MOVE A12 7
MOVE B10 108
MOVE B11 140
DAMAGE TURRET B10 1
DAMAGE COMBAT A1 1
DAMAGE COMBAT B10 2
END TURN 91
TURN 92
COMMAND LEFT START
MOVE A13 108
TRAIN 1
COMMAND LEFT END
COMMAND RIGHT START
COMMAND RIGHT END
TURN 92 RESULT
TIME LEFT 0 5 RIGHT 0 5
TRAIN A14
MOVE A10 59
MOVE A11 46
MOVE A12 17
MOVE A13 7
MOVE B11 108
DAMAGE TURRET B10 1
DAMAGE COMBAT A1 2
DAMAGE COMBAT B10 1
DAMAGE COMBAT B11 1
END TURN 92
TURN 93
COMMAND LEFT START
MOVE A14 108
TRAIN 1
COMMAND LEFT END
COMMAND RIGHT START
MOVE B12 17
TRAIN 1
COMMAND RIGHT END
TURN 93 RESULT
TIME LEFT 0 5 RIGHT 0 5
TRAIN A15 B17
MOVE A10 76
MOVE A11 59
MOVE A12 25
MOVE A13 17
MOVE A14 7
MOVE B12 209
DAMAGE TURRET B11 1
DAMAGE COMBAT A1 1
DAMAGE COMBAT B11 2
END TURN 93
TURN 94
COMMAND LEFT START
COMMAND LEFT END
COMMAND RIGHT START
TRAIN 1
COMMAND RIGHT END
TURN 94 RESULT
TIME LEFT 0 5 RIGHT 0 5
TRAIN B18
MOVE A10 108
MOVE A11 76
MOVE A12 46
MOVE A13 25
MOVE A14 17
MOVE B12 199
DAMAGE TURRET B11 1
DAMAGE COMBAT A2 1
END TURN 94
TURN 95
COMMAND LEFT START
COMMAND LEFT END
COMMAND RIGHT START
MOVE B13 17
TRAIN 1
COMMAND RIGHT END
TURN 95 RESULT
TIME LEFT 0 5 RIGHT 0 5
TRAIN B19
MOVE A11 108
MOVE A12 59
MOVE A13 46
MOVE A14 25
MOVE B12 191
MOVE B13 209
END TURN 95
TURN 96
COMMAND LEFT START
COMMAND LEFT END
COMMAND RIGHT START
TRAIN 1
COMMAND RIGHT END
TURN 96 RESULT
TIME LEFT 0 5 RIGHT 0 5
TRAIN B20
MOVE A12 76
MOVE A13 59
MOVE A14 46
MOVE B12 170
MOVE B13 199
END TURN 96
TURN 97
COMMAND LEFT START
COMMAND LEFT END
COMMAND RIGHT START
COMMAND RIGHT END
TURN 97 RESULT
TIME LEFT 0 5 RIGHT 0 5
MOVE A12 108
MOVE A13 76
MOVE A14 59
MOVE B12 157
MOVE B13 191
END TURN 97
TURN 98
COMMAND LEFT START
COMMAND LEFT END
COMMAND RIGHT START
TRAIN 1
COMMAND RIGHT END
TURN 98 RESULT
TIME LEFT 0 5 RIGHT 0 5
TRAIN B21
MOVE A13 108
MOVE A14 76
MOVE B12 140
MOVE B13 170
END TURN 98
TURN 99
COMMAND LEFT START
COMMAND LEFT END
COMMAND RIGHT START
TRAIN 1
COMMAND RIGHT END
TURN 99 RESULT
TIME LEFT 0 5 RIGHT 0 5
TRAIN B22
MOVE A14 108
MOVE B12 108
MOVE B13 157
DAMAGE TURRET B12 1
DAMAGE COMBAT A2 1
DAMAGE COMBAT B12 4
END TURN 99
TURN 100
COMMAND LEFT START
COMMAND LEFT END
COMMAND RIGHT START
MOVE B14 17
TRAIN 1
COMMAND RIGHT END
TURN 100 RESULT
TIME LEFT 0 5 RIGHT 0 5
TRAIN B23
MOVE B13 140
MOVE B14 209
END TURN 100
TURN 101
COMMAND LEFT START
COMMAND LEFT END
COMMAND RIGHT START
TRAIN 1
COMMAND RIGHT END
TURN 101 RESULT
TIME LEFT 0 5 RIGHT 0 5
TRAIN B24
MOVE B13 108
MOVE B14 199
DAMAGE TURRET B13 1
DAMAGE COMBAT A2 1
DAMAGE COMBAT B13 4
END TURN 101
TURN 102
COMMAND LEFT START
COMMAND LEFT END
COMMAND RIGHT START
MOVE B15 17
COMMAND RIGHT END
TURN 102 RESULT
TIME LEFT 0 5 RIGHT 0 5
MOVE B14 191
MOVE B15 209
END TURN 102
TURN 103
COMMAND LEFT START
UPGRADE 0
COMMAND LEFT END
COMMAND RIGHT START
TRAIN 1
COMMAND RIGHT END
TURN 103 RESULT
TIME LEFT 0 5 RIGHT 0 5
UPGRADE A 0
TRAIN B25
MOVE B14 170
MOVE B15 199
END TURN 103
TURN 104
COMMAND LEFT START
TRAIN 1
COMMAND LEFT END
COMMAND RIGHT START
TRAIN 1
COMMAND RIGHT END
TURN 104 RESULT
TIME LEFT 0 5 RIGHT 0 5
TRAIN A16 B26
MOVE B14 157
MOVE B15 191
END TURN 104
TURN 105
COMMAND LEFT START
MOVE A16 108
TRAIN 1
COMMAND LEFT END
COMMAND RIGHT START
TRAIN 1
COMMAND RIGHT END
TURN 105 RESULT
TIME LEFT 0 5 RIGHT 0 5
TRAIN A17 B27
MOVE A16 7
MOVE B14 140
MOVE B15 170
END TURN 105
TURN 106
COMMAND LEFT START
MOVE A17 108
TRAIN 1
COMMAND LEFT END
COMMAND RIGHT START
COMMAND RIGHT END
TURN 106 RESULT
TIME LEFT 0 5 RIGHT 0 5
TRAIN A18
MOVE A16 17
MOVE A17 7
MOVE B14 108
MOVE B15 157
DAMAGE TURRET B14 1
DAMAGE COMBAT A2 1
DAMAGE COMBAT B14 4
END TURN 106
TURN 107
COMMAND LEFT START
MOVE A18 108
TRAIN 1
COMMAND LEFT END
COMMAND RIGHT START
MOVE B16 17
TRAIN 1
COMMAND RIGHT END
TURN 107 RESULT
TIME LEFT 0 5 RIGHT 0 5
TRAIN A19 B28
MOVE A16 25
MOVE A17 17
MOVE A18 7
MOVE B15 140
MOVE B16 209
END TURN 107
TURN 108
COMMAND LEFT START
MOVE A19 108
TRAIN 1
COMMAND LEFT END
COMMAND RIGHT START
TRAIN 1
COMMAND RIGHT END
TURN 108 RESULT
TIME LEFT 0 5 RIGHT 0 5
TRAIN A20 B29
MOVE A16 46
MOVE A17 25
MOVE A18 17
MOVE A19 7
MOVE B15 108
MOVE B16 199
DAMAGE TURRET B15 1
DAMAGE COMBAT A10 1
DAMAGE COMBAT B15 4
END TURN 108
TURN 109
COMMAND LEFT START
MOVE A20 108
TRAIN 1
COMMAND LEFT END
COMMAND RIGHT START
MOVE B17 17
COMMAND RIGHT END
TURN 109 RESULT
TIME LEFT 0 5 RIGHT 0 5
TRAIN A21
MOVE A16 59
MOVE A17 46
MOVE A18 25
MOVE A19 17
MOVE A20 7
MOVE B16 191
MOVE B17 209
END TURN 109
TURN 110
COMMAND LEFT START
MOVE A21 108
TRAIN 1
COMMAND LEFT END
COMMAND RIGHT START
TRAIN 1
COMMAND RIGHT END
TURN 110 RESULT
TIME LEFT 0 5 RIGHT 0 5
TRAIN A22 B30
MOVE A16 76
MOVE A17 59
MOVE A18 46
MOVE A19 25
MOVE A20 17
MOVE A21 7
MOVE B16 170
MOVE B17 199
END TURN 110
TURN 111
COMMAND LEFT START
MOVE A22 108
TRAIN 1
COMMAND LEFT END
COMMAND RIGHT START
TRAIN 1
COMMAND RIGHT END
TURN 111 RESULT
TIME LEFT 0 5 RIGHT 0 5
TRAIN A23 B31
MOVE A16 108
MOVE A17 76
MOVE A18 59
MOVE A19 46
MOVE A20 25
MOVE A21 17
MOVE A22 7
MOVE B16 157
MOVE B17 191
END TURN 111
TURN 112
COMMAND LEFT START
MOVE A23 108
TRAIN 1
COMMAND LEFT END
COMMAND RIGHT START
TRAIN 1
COMMAND RIGHT END
TURN 112 RESULT
TIME LEFT 0 5 RIGHT 0 5
TRAIN A24 B32
MOVE A17 108
MOVE A18 76
MOVE A19 59
MOVE A20 46
MOVE A21 25
MOVE A22 17
MOVE A23 7
MOVE B16 140
MOVE B17 170
END TURN 112
TURN 113
COMMAND LEFT START
MOVE A24 108
TRAIN 1
COMMAND LEFT END
COMMAND RIGHT START
COMMAND RIGHT END
TURN 113 RESULT
TIME LEFT 0 5 RIGHT 0 5
TRAIN A25
MOVE A18 108
MOVE A19 76
MOVE A20 59
MOVE A21 46
MOVE A22 25
MOVE A23 17
MOVE A24 7
MOVE B16 108
MOVE B17 157
DAMAGE TURRET B16 1
DAMAGE COMBAT A10 1
DAMAGE COMBAT B16 4
END TURN 113
TURN 114
COMMAND LEFT START
COMMAND LEFT END
COMMAND RIGHT START
MOVE B18 17
TRAIN 1
COMMAND RIGHT END
TURN 114 RESULT
TIME LEFT 0 5 RIGHT 0 5
TRAIN B33
MOVE A19 108
MOVE A20 76
MOVE A21 59
MOVE A22 46
MOVE A23 25
MOVE A24 17
MOVE B17 140
MOVE B18 209
END TURN 114
TURN 115
COMMAND LEFT START
MOVE A25 108
TRAIN 1
COMMAND LEFT END
COMMAND RIGHT START
TRAIN 1
COMMAND RIGHT END
TURN 115 RESULT
TIME LEFT 0 5 RIGHT 0 5
TRAIN A26 B34
MOVE A20 108
MOVE A21 76
MOVE A22 59
MOVE A23 46
MOVE A24 25
MOVE A25 7
MOVE B17 108
MOVE B18 199
DAMAGE TURRET B17 1
DAMAGE COMBAT A10 1
DAMAGE COMBAT B17 4
END TURN 115
TURN 116
COMMAND LEFT START
MOVE A26 108
TRAIN 1
COMMAND LEFT END
COMMAND RIGHT START
MOVE B19 17
COMMAND RIGHT END
TURN 116 RESULT
TIME LEFT 0 5 RIGHT 0 5
TRAIN A27
MOVE A21 108
MOVE A22 76
MOVE A23 59
MOVE A24 46
MOVE A25 17
MOVE A26 7
MOVE B18 191
MOVE B19 209
END TURN 116
TURN 117
COMMAND LEFT START
MOVE A27 108
TRAIN 1
COMMAND LEFT END
COMMAND RIGHT START
TRAIN 1
COMMAND RIGHT END
TURN 117 RESULT
TIME LEFT 0 5 RIGHT 0 5
TRAIN A28 B35
MOVE A22 108
MOVE A23 76
MOVE A24 59
MOVE A25 25
MOVE A26 17
MOVE A27 7
MOVE B18 170
MOVE B19 199
END TURN 117
TURN 118
COMMAND LEFT START
MOVE A28 108
TRAIN 1
COMMAND LEFT END
COMMAND RIGHT START
COMMAND RIGHT END
TURN 118 RESULT
TIME LEFT 0 5 RIGHT 0 5
TRAIN A29
MOVE A23 108
MOVE A24 76
MOVE A25 46
MOVE A26 25
MOVE A27 17
MOVE A28 7
MOVE B18 157
MOVE B19 191
END TURN 118
TURN 119
COMMAND LEFT START
MOVE A29 108
TRAIN 1
COMMAND LEFT END
COMMAND RIGHT START
TRAIN 1
COMMAND RIGHT END
TURN 119 RESULT
TIME LEFT 2 5 RIGHT 2 5
TRAIN A30 B36
MOVE A24 108
MOVE A25 59
MOVE A26 46
MOVE A27 25
MOVE A28 17
MOVE A29 7
MOVE B18 140
MOVE B19 170
END TURN 119
TURN 120
COMMAND LEFT START
COMMAND LEFT END
COMMAND RIGHT START
TRAIN 1
COMMAND RIGHT END
TURN 120 RESULT
TIME LEFT 0 5 RIGHT 0 5
TRAIN B37
MOVE A25 76
MOVE A26 59
MOVE A27 46
MOVE A28 25
MOVE A29 17
MOVE B18 108
MOVE B19 157
DAMAGE TURRET B18 1
DAMAGE COMBAT A10 1
DAMAGE COMBAT B18 4
END TURN 120
TURN 121
COMMAND LEFT START
MOVE A16 216
MOVE A17 216
MOVE A18 216
MOVE A19 216
MOVE A20 216
MOVE A21 216
MOVE A22 216
MOVE A23 216
MOVE A24 216
MOVE A11 216
MOVE A12 216
MOVE A13 216
MOVE A14 216
COMMAND LEFT END
COMMAND RIGHT START
MOVE B20 17
COMMAND RIGHT END
TURN 121 RESULT
TIME LEFT 0 5 RIGHT 0 5
MOVE A11 140
MOVE A12 140
MOVE A13 140
MOVE A14 140
MOVE A16 140
MOVE A17 140
MOVE A18 140
MOVE A19 140
MOVE A20 140
MOVE A21 140
MOVE A22 140
MOVE A23 140
MOVE A24 140
MOVE A25 108
MOVE A26 76
MOVE A27 59
MOVE A28 46
MOVE A29 25
MOVE B19 140
MOVE B20 209
DAMAGE COMBAT A11 1
DAMAGE COMBAT B19 5
END TURN 121
TURN 122
COMMAND LEFT START
MOVE A30 108
TRAIN 1
COMMAND LEFT END
COMMAND RIGHT START
MOVE B21 17
TRAIN 1
COMMAND RIGHT END
TURN 122 RESULT
TIME LEFT 0 5 RIGHT 0 5
TRAIN A31 B38
MOVE A11 157
MOVE A12 157
MOVE A13 157
MOVE A14 157
MOVE A16 157
MOVE A17 157
MOVE A18 157
MOVE A19 157
MOVE A20 157
MOVE A21 157
MOVE A22 157
MOVE A23 157
MOVE A24 157
MOVE A26 108
MOVE A27 76
MOVE A28 59
MOVE A29 46
MOVE A30 7
MOVE B20 199
MOVE B21 209
END TURN 122
TURN 123
COMMAND LEFT START
MOVE A31 108
TRAIN 1
COMMAND LEFT END
COMMAND RIGHT START
TRAIN 1
COMMAND RIGHT END
TURN 123 RESULT
TIME LEFT 0 5 RIGHT 0 5
TRAIN A32 B39
MOVE A11 170
MOVE A12 170
MOVE A13 170
MOVE A14 170
MOVE A16 170
MOVE A17 170
MOVE A18 170
MOVE A19 170
MOVE A20 170
MOVE A21 170
MOVE A22 170
MOVE A23 170
MOVE A24 170
MOVE A27 108
MOVE A28 76
MOVE A29 59
MOVE A30 17
MOVE A31 7
MOVE B20 191
MOVE B21 199
END TURN 123
TURN 124
COMMAND LEFT START
COMMAND LEFT END
COMMAND RIGHT START
COMMAND RIGHT END
TURN 124 RESULT
TIME LEFT 0 5 RIGHT 0 5
MOVE A11 191
MOVE A12 191
MOVE A13 191
MOVE A14 191
MOVE A16 191
MOVE A17 191
MOVE A18 191
MOVE A19 191
MOVE A20 191
MOVE A21 191
MOVE A22 191
MOVE A23 191
MOVE A24 191
MOVE A28 108
MOVE A29 76
MOVE A30 25
MOVE A31 17
MOVE B20 170
MOVE B21 191
DAMAGE COMBAT A11 1
DAMAGE COMBAT B21 5
END TURN 124
TURN 125
COMMAND LEFT START
MOVE A32 108
TRAIN 1
COMMAND LEFT END
COMMAND RIGHT START
MOVE B32 17
TRAIN 1
COMMAND RIGHT END
TURN 125 RESULT
TIME LEFT 0 5 RIGHT 0 5
TRAIN A33 B40
MOVE A11 199
MOVE A12 199
MOVE A13 199
MOVE A14 199
MOVE A16 199
MOVE A17 199
MOVE A18 199
MOVE A19 199
MOVE A20 199
MOVE A21 199
MOVE A22 199
MOVE A23 199
MOVE A24 199
MOVE A29 108
MOVE A30 46
MOVE A31 25
MOVE A32 7
MOVE B20 157
MOVE B32 209
END TURN 125
TURN 126
COMMAND LEFT START
MOVE A33 108
TRAIN 1
COMMAND LEFT END
COMMAND RIGHT START
TRAIN 1
COMMAND RIGHT END
TURN 126 RESULT
TIME LEFT 0 5 RIGHT 0 5
TRAIN A34 B41
MOVE A11 209
MOVE A12 209
MOVE A13 209
MOVE A14 209
MOVE A16 209
MOVE A17 209
MOVE A18 209
MOVE A19 209
MOVE A20 209
MOVE A21 209
MOVE A22 209
MOVE A23 209
MOVE A24 209
MOVE A30 59
MOVE A31 46
MOVE A32 17
MOVE A33 7
MOVE B20 140
MOVE B32 199
END TURN 126
TURN 127
COMMAND LEFT START
MOVE A34 108
TRAIN 1
COMMAND LEFT END
COMMAND RIGHT START
TRAIN 1
COMMAND RIGHT END
TURN 127 RESULT
TIME LEFT 0 5 RIGHT 0 5
TRAIN A35 B42
MOVE A11 216
MOVE A12 216
MOVE A13 216
MOVE A14 216
MOVE A16 216
MOVE A17 216
MOVE A18 216
MOVE A19 216
MOVE A20 216
MOVE A21 216
MOVE A22 216
MOVE A23 216
MOVE A24 216
MOVE A30 76
MOVE A31 59
MOVE A32 25
MOVE A33 17
MOVE A34 7
MOVE B20 108
MOVE B32 191
DAMAGE TURRET A11 2
DAMAGE TURRET B20 1
DAMAGE COMBAT A10 1
DAMAGE COMBAT A11 1
DAMAGE COMBAT A12 5
DAMAGE COMBAT A13 5
DAMAGE COMBAT A14 5
DAMAGE COMBAT A16 6
DAMAGE COMBAT B1 4
DAMAGE COMBAT B2 4
DAMAGE COMBAT B20 4
DAMAGE COMBAT B22 5
END TURN 127
TURN 128
COMMAND LEFT START
MOVE A17 188
MOVE A18 188
MOVE A19 188
MOVE A20 188
MOVE A21 188
MOVE A22 188
MOVE A23 188
MOVE A24 188
COMMAND LEFT END
COMMAND RIGHT START
TRAIN 1
COMMAND RIGHT END
TURN 128 RESULT
TIME LEFT 0 5 RIGHT 0 5
TRAIN B43
MOVE A30 108
MOVE A31 76
MOVE A32 46
MOVE A33 25
MOVE A34 17
MOVE B32 170
DAMAGE TURRET A17 2
DAMAGE COMBAT A17 4
DAMAGE COMBAT A18 6
DAMAGE COMBAT A19 6
DAMAGE COMBAT A20 4
DAMAGE COMBAT B23 5
DAMAGE COMBAT B24 3
END TURN 128
TURN 129
COMMAND LEFT START
MOVE A35 108
TRAIN 1
COMMAND LEFT END
COMMAND RIGHT START
COMMAND RIGHT END
TURN 129 RESULT
TIME LEFT 0 5 RIGHT 0 5
TRAIN A36
MOVE A31 108
MOVE A32 59
MOVE A33 46
MOVE A34 25
MOVE A35 7
MOVE B32 157
DAMAGE TURRET A20 2
DAMAGE COMBAT A21 6
DAMAGE COMBAT A22 6
DAMAGE COMBAT A23 6
DAMAGE COMBAT A24 1
DAMAGE COMBAT B24 2
DAMAGE COMBAT B25 3
END TURN 129
TURN 130
COMMAND LEFT START
COMMAND LEFT END
COMMAND RIGHT START
TRAIN 1
COMMAND RIGHT END
TURN 130 RESULT
TIME LEFT 0 5 RIGHT 0 5
TRAIN B44
MOVE A32 76
MOVE A33 59
MOVE A34 46
MOVE A35 17
MOVE B32 140
DAMAGE TURRET A24 2
DAMAGE COMBAT A24 3
DAMAGE COMBAT B25 1
END TURN 130
TURN 131
COMMAND LEFT START
MOVE A36 108
TRAIN 1
COMMAND LEFT END
COMMAND RIGHT START
MOVE B30 17
COMMAND RIGHT END
TURN 131 RESULT
TIME LEFT 0 5 RIGHT 0 5
TRAIN A37
MOVE A32 108
MOVE A33 76
MOVE A34 59
MOVE A35 25
MOVE A36 7
MOVE B30 209
MOVE B32 108
DAMAGE TURRET B32 1
DAMAGE COMBAT A25 1
DAMAGE COMBAT B32 4
END TURN 131
TURN 132
COMMAND LEFT START
MOVE A37 108
TRAIN 1
COMMAND LEFT END
COMMAND RIGHT START
MOVE B27 17
COMMAND RIGHT END
TURN 132 RESULT
TIME LEFT 0 5 RIGHT 0 5
TRAIN A38
MOVE A33 108
MOVE A34 76
MOVE A35 46
MOVE A36 17
MOVE A37 7
MOVE B27 209
MOVE B30 199
END TURN 132
TURN 133
COMMAND LEFT START
MOVE A38 108
TRAIN 1
COMMAND LEFT END
COMMAND RIGHT START
TRAIN 1
COMMAND RIGHT END
TURN 133 RESULT
TIME LEFT 0 5 RIGHT 0 5
TRAIN A39 B45
MOVE A34 108
MOVE A35 59
MOVE A36 25
MOVE A37 17
MOVE A38 7
MOVE B27 199
MOVE B30 191
END TURN 133
TURN 134
COMMAND LEFT START
MOVE A39 108
TRAIN 1
COMMAND LEFT END
COMMAND RIGHT START
TRAIN 1
COMMAND RIGHT END
TURN 134 RESULT
TIME LEFT 0 5 RIGHT 0 5
TRAIN A40 B46
MOVE A35 76
MOVE A36 46
MOVE A37 25
MOVE A38 17
MOVE A39 7
MOVE B27 191
MOVE B30 170
END TURN 134
TURN 135
COMMAND LEFT START
MOVE A40 108
TRAIN 1
COMMAND LEFT END
COMMAND RIGHT START
COMMAND RIGHT END
TURN 135 RESULT
TIME LEFT 0 5 RIGHT 0 5
TRAIN A41
MOVE A35 108
MOVE A36 59
MOVE A37 46
MOVE A38 25
MOVE A39 17
MOVE A40 7
MOVE B27 170
MOVE B30 157
END TURN 135
TURN 136
COMMAND LEFT START
MOVE A41 108
TRAIN 1
COMMAND LEFT END
COMMAND RIGHT START
TRAIN 1
COMMAND RIGHT END
TURN 136 RESULT
TIME LEFT 0 5 RIGHT 0 5
TRAIN A42 B47
MOVE A36 76
MOVE A37 59
MOVE A38 46
MOVE A39 25
MOVE A40 17
MOVE A41 7
MOVE B27 157
MOVE B30 140
END TURN 136
TURN 137
COMMAND LEFT START
COMMAND LEFT END
COMMAND RIGHT START
TRAIN 1
COMMAND RIGHT END
TURN 137 RESULT
TIME LEFT 0 5 RIGHT 0 5
TRAIN B48
MOVE A36 108
MOVE A37 76
MOVE A38 59
MOVE A39 46
MOVE A40 25
MOVE A41 17
MOVE B27 140
MOVE B30 108
DAMAGE TURRET B30 1
DAMAGE COMBAT A25 1
DAMAGE COMBAT B30 4
END TURN 137
TURN 138
COMMAND LEFT START
MOVE A26 188
MOVE A27 188
MOVE A28 188
MOVE A29 188
MOVE A30 188
MOVE A31 188
MOVE A32 188
MOVE A33 188
MOVE A34 188
MOVE A35 188
MOVE A36 188
COMMAND LEFT END
COMMAND RIGHT START
MOVE B28 17
COMMAND RIGHT END
TURN 138 RESULT
TIME LEFT 0 5 RIGHT 0 5
MOVE A26 140
MOVE A27 140
MOVE A28 140
MOVE A29 140
MOVE A30 140
MOVE A31 140
MOVE A32 140
MOVE A33 140
MOVE A34 140
MOVE A35 140
MOVE A36 140
MOVE A37 108
MOVE A38 76
MOVE A39 59
MOVE A40 46
MOVE A41 25
MOVE B27 108
MOVE B28 209
DAMAGE TURRET B27 1
DAMAGE COMBAT A25 1
DAMAGE COMBAT B27 2
END TURN 138
TURN 139
COMMAND LEFT START
MOVE A42 108
TRAIN 1
COMMAND LEFT END
COMMAND RIGHT START
TRAIN 1
COMMAND RIGHT END
TURN 139 RESULT
TIME LEFT 0 5 RIGHT 0 5
TRAIN A43 B49
MOVE A26 157
MOVE A27 157
MOVE A28 157
MOVE A29 157
MOVE A30 157
MOVE A31 157
MOVE A32 157
MOVE A33 157
MOVE A34 157
MOVE A35 157
MOVE A36 157
MOVE A38 108
MOVE A39 76
MOVE A40 59
MOVE A41 46
MOVE A42 7
MOVE B28 199
DAMAGE TURRET B27 1
DAMAGE COMBAT A25 1
DAMAGE COMBAT B27 1
END TURN 139
TURN 140
COMMAND LEFT START
MOVE A43 108
TRAIN 1
COMMAND LEFT END
COMMAND RIGHT START
MOVE B29 17
COMMAND RIGHT END
TURN 140 RESULT
TIME LEFT 0 5 RIGHT 0 5
TRAIN A44
MOVE A26 175
MOVE A27 175
MOVE A28 175
MOVE A29 175
MOVE A30 175
MOVE A31 175
MOVE A32 175
MOVE A33 175
MOVE A34 175
MOVE A35 175
MOVE A36 175
MOVE A39 108
MOVE A40 76
MOVE A41 59
MOVE A42 17
MOVE A43 7
MOVE B28 191
MOVE B29 209
END TURN 140
TURN 141
COMMAND LEFT START
MOVE A44 108
TRAIN 1
COMMAND LEFT END
COMMAND RIGHT START
TRAIN 1
COMMAND RIGHT END
TURN 141 RESULT
TIME LEFT 0 5 RIGHT 0 5
TRAIN A45 B50
MOVE A26 188
MOVE A27 188
MOVE A28 188
MOVE A29 188
MOVE A30 188
MOVE A31 188
MOVE A32 188
MOVE A33 188
MOVE A34 188
MOVE A35 188
MOVE A36 188
MOVE A40 108
MOVE A41 76
MOVE A42 25
MOVE A43 17
MOVE A44 7
MOVE B28 170
MOVE B29 199
DAMAGE TURRET A26 1
DAMAGE COMBAT A26 1
DAMAGE COMBAT B4 5
SIEGE B 188 6
END TURN 141
TURN 142
COMMAND LEFT START
MOVE A45 108
MOVE A26 108
MOVE A27 108
MOVE A28 108
MOVE A29 108
MOVE A30 108
MOVE A31 108
MOVE A32 108
MOVE A33 108
MOVE A34 108
MOVE A35 108
MOVE A36 108
TRAIN 1
COMMAND LEFT END
COMMAND RIGHT START
MOVE B40 188
COMMAND RIGHT END
TURN 142 RESULT
TIME LEFT 0 5 RIGHT 0 5
TRAIN A46
MOVE A26 175
MOVE A27 175
MOVE A28 175
MOVE A29 175
MOVE A30 175
MOVE A31 175
MOVE A32 175
MOVE A33 175
MOVE A34 175
MOVE A35 175
MOVE A36 175
MOVE A41 108
MOVE A42 46
MOVE A43 25
MOVE A44 17
MOVE A45 7
MOVE B28 157
MOVE B29 191
MOVE B40 211
END TURN 142
TURN 143
COMMAND LEFT START
COMMAND LEFT END
COMMAND RIGHT START
COMMAND RIGHT END
TURN 143 RESULT
TIME LEFT 0 5 RIGHT 0 5
MOVE A26 157
MOVE A27 157
MOVE A28 157
MOVE A29 157
MOVE A30 157
MOVE A31 157
MOVE A32 157
MOVE A33 157
MOVE A34 157
MOVE A35 157
MOVE A36 157
MOVE A42 59
MOVE A43 46
MOVE A44 25
MOVE A45 17
MOVE B28 140
MOVE B29 170
MOVE B40 202
END TURN 143
TURN 144
COMMAND LEFT START
MOVE A46 108
TRAIN 1
COMMAND LEFT END
COMMAND RIGHT START
COMMAND RIGHT END
TURN 144 RESULT
TIME LEFT 0 5 RIGHT 0 5
TRAIN A47
MOVE A26 140
MOVE A27 140
MOVE A28 140
MOVE A29 140
MOVE A30 140
MOVE A31 140
MOVE A32 140
MOVE A33 140
MOVE A34 140
MOVE A35 140
MOVE A36 140
MOVE A42 76
MOVE A43 59
MOVE A44 46
MOVE A45 25
MOVE A46 7
MOVE B28 108
MOVE B29 157
MOVE B40 188
DAMAGE TURRET B28 1
DAMAGE COMBAT A25 1
DAMAGE COMBAT B28 4
END TURN 144
TURN 145
COMMAND LEFT START
MOVE A47 108
TRAIN 1
COMMAND LEFT END
COMMAND RIGHT START
MOVE B31 17
COMMAND RIGHT END
TURN 145 RESULT
TIME LEFT 0 5 RIGHT 0 5
TRAIN A48
MOVE A26 108
MOVE A27 108
MOVE A28 108
MOVE A29 108
MOVE A30 108
MOVE A31 108
MOVE A32 108
MOVE A33 108
MOVE A34 108
MOVE A35 108
MOVE A36 108
MOVE A42 108
MOVE A43 76
MOVE A44 59
MOVE A45 46
MOVE A46 17
MOVE A47 7
MOVE B29 140
MOVE B31 209
END TURN 145
TURN 146
COMMAND LEFT START
MOVE A34 163
MOVE A42 163
MOVE A41 163
MOVE A40 163
MOVE A39 163
MOVE A38 163
MOVE A37 163
MOVE A36 163
MOVE A35 163
MOVE A33 163
MOVE A32 163
COMMAND LEFT END
COMMAND RIGHT START
COMMAND RIGHT END
TURN 146 RESULT
TIME LEFT 0 5 RIGHT 0 5
MOVE A32 140
MOVE A33 140
MOVE A34 140
MOVE A35 140
MOVE A36 140
MOVE A37 140
MOVE A38 140
MOVE A39 140
MOVE A40 140
MOVE A41 140
MOVE A42 140
MOVE A43 108
MOVE A44 76
MOVE A45 59
MOVE A46 25
MOVE A47 17
MOVE B29 108
MOVE B31 199
DAMAGE TURRET B29 1
DAMAGE COMBAT A25 1
DAMAGE COMBAT B29 4
END TURN 146
TURN 147
COMMAND LEFT START
COMMAND LEFT END
COMMAND RIGHT START
MOVE B33 17
UPGRADE 188
COMMAND RIGHT END
TURN 147 RESULT
TIME LEFT 0 5 RIGHT 0 5
UPGRADE B 188
MOVE A32 143
MOVE A33 143
MOVE A34 143
MOVE A35 143
MOVE A36 143
MOVE A37 143
MOVE A38 143
MOVE A39 143
MOVE A40 143
MOVE A41 143
MOVE A42 143
MOVE A44 108
MOVE A45 76
MOVE A46 46
MOVE A47 25
MOVE B31 191
MOVE B33 209
END TURN 147
TURN 148
COMMAND LEFT START
MOVE A48 108
TRAIN 1
COMMAND LEFT END
COMMAND RIGHT START
COMMAND RIGHT END
TURN 148 RESULT
TIME LEFT 0 5 RIGHT 0 5
TRAIN A49
MOVE A32 152
MOVE A33 152
MOVE A34 152
MOVE A35 152
MOVE A36 152
MOVE A37 152
MOVE A38 152
MOVE A39 152
MOVE A40 152
MOVE A41 152
MOVE A42 152
MOVE A45 108
MOVE A46 59
MOVE A47 46
MOVE A48 7
MOVE B31 170
MOVE B33 199
END TURN 148
TURN 149
COMMAND LEFT START
MOVE A49 108
TRAIN 1
COMMAND LEFT END
COMMAND RIGHT START
COMMAND RIGHT END
TURN 149 RESULT
TIME LEFT 0 5 RIGHT 0 5
TRAIN A50
MOVE A32 163
MOVE A33 163
MOVE A34 163
MOVE A35 163
MOVE A36 163
MOVE A37 163
MOVE A38 163
MOVE A39 163
MOVE A40 163
MOVE A41 163
MOVE A42 163
MOVE A46 76
MOVE A47 59
MOVE A48 17
MOVE A49 7
MOVE B31 157
MOVE B33 191
DAMAGE TURRET A32 1
DAMAGE COMBAT A32 1
DAMAGE COMBAT B5 5
SIEGE B 163 6
END TURN 149
TURN 150
COMMAND LEFT START
MOVE A32 108
MOVE A33 108
MOVE A34 108
MOVE A35 108
MOVE A36 108
MOVE A37 108
MOVE A38 108
MOVE A39 108
MOVE A40 108
MOVE A41 108
MOVE A42 108
COMMAND LEFT END
COMMAND RIGHT START
MOVE B34 163
COMMAND RIGHT END
TURN 150 RESULT
TIME LEFT 0 5 RIGHT 0 5
MOVE A32 152
MOVE A33 152
MOVE A34 152
MOVE A35 152
MOVE A36 152
MOVE A37 152
MOVE A38 152
MOVE A39 152
MOVE A40 152
MOVE A41 152
MOVE A42 152
MOVE A46 108
MOVE A47 76
MOVE A48 25
MOVE A49 17
MOVE B31 140
MOVE B33 170
MOVE B34 211
END TURN 150
TURN 151
COMMAND LEFT START
MOVE A50 108
TRAIN 1
COMMAND LEFT END
COMMAND RIGHT START
COMMAND RIGHT END
TURN 151 RESULT
TIME LEFT 0 5 RIGHT 0 5
TRAIN A51
MOVE A32 143
MOVE A33 143
MOVE A34 143
MOVE A35 143
MOVE A36 143
MOVE A37 143
MOVE A38 143
MOVE A39 143
MOVE A40 143
MOVE A41 143
MOVE A42 143
MOVE A47 108
MOVE A48 46
MOVE A49 25
MOVE A50 7
MOVE B31 108
MOVE B33 157
MOVE B34 202
DAMAGE TURRET B31 1
DAMAGE COMBAT A26 1
DAMAGE COMBAT B31 4
END TURN 151
TURN 152
COMMAND LEFT START
MOVE A51 108
TRAIN 1
COMMAND LEFT END
COMMAND RIGHT START
MOVE B35 17
COMMAND RIGHT END
TURN 152 RESULT
TIME LEFT 0 5 RIGHT 0 5
TRAIN A52
MOVE A32 140
MOVE A33 140
MOVE A34 140
MOVE A35 140
MOVE A36 140
MOVE A37 140
MOVE A38 140
MOVE A39 140
MOVE A40 140
MOVE A41 140
MOVE A42 140
MOVE A48 59
MOVE A49 46
MOVE A50 17
MOVE A51 7
MOVE B33 140
MOVE B34 188
MOVE B35 209
DAMAGE COMBAT A32 1
DAMAGE COMBAT B33 5
END TURN 152
TURN 153
COMMAND LEFT START
MOVE A52 108
TRAIN 1
COMMAND LEFT END
COMMAND RIGHT START
MOVE B36 17
COMMAND RIGHT END
TURN 153 RESULT
TIME LEFT 0 5 RIGHT 0 5
TRAIN A53
MOVE A32 108
MOVE A33 108
MOVE A34 108
MOVE A35 108
MOVE A36 108
MOVE A37 108
MOVE A38 108
MOVE A39 108
MOVE A40 108
MOVE A41 108
MOVE A42 108
MOVE A48 76
MOVE A49 59
MOVE A50 25
MOVE A51 17
MOVE A52 7
MOVE B34 177
MOVE B35 199
MOVE B36 209
END TURN 153
TURN 154
COMMAND LEFT START
COMMAND LEFT END
COMMAND RIGHT START
COMMAND RIGHT END
TURN 154 RESULT
TIME LEFT 0 5 RIGHT 0 5
MOVE A48 108
MOVE A49 76
MOVE A50 46
MOVE A51 25
MOVE A52 17
MOVE B34 163
MOVE B35 191
MOVE B36 199
END TURN 154
TURN 155
COMMAND LEFT START
MOVE A37 138
MOVE A48 138
MOVE A47 138
MOVE A46 138
MOVE A45 138
MOVE A44 138
MOVE A43 138
MOVE A42 138
MOVE A41 138
MOVE A40 138
MOVE A39 138
COMMAND LEFT END
COMMAND RIGHT START
UPGRADE 163
COMMAND RIGHT END
TURN 155 RESULT
TIME LEFT 0 5 RIGHT 0 5
UPGRADE B 163
MOVE A37 112
MOVE A39 112
MOVE A40 112
MOVE A41 112
MOVE A42 112
MOVE A43 112
MOVE A44 112
MOVE A45 112
MOVE A46 112
MOVE A47 112
MOVE A48 112
MOVE A49 108
MOVE A50 59
MOVE A51 46
MOVE A52 25
MOVE B35 170
MOVE B36 191
END TURN 155
TURN 156
COMMAND LEFT START
MOVE A53 108
TRAIN 1
COMMAND LEFT END
COMMAND RIGHT START
COMMAND RIGHT END
TURN 156 RESULT
TIME LEFT 0 5 RIGHT 0 5
TRAIN A54
MOVE A37 121
MOVE A39 121
MOVE A40 121
MOVE A41 121
MOVE A42 121
MOVE A43 121
MOVE A44 121
MOVE A45 121
MOVE A46 121
MOVE A47 121
MOVE A48 121
MOVE A50 76
MOVE A51 59
MOVE A52 46
MOVE A53 7
MOVE B35 157
MOVE B36 170
END TURN 156
TURN 157
COMMAND LEFT START
COMMAND LEFT END
COMMAND RIGHT START
TRAIN 1
COMMAND RIGHT END
TURN 157 RESULT
TIME LEFT 0 5 RIGHT 0 5
TRAIN B51
MOVE A37 123
MOVE A39 123
MOVE A40 123
MOVE A41 123
MOVE A42 123
MOVE A43 123
MOVE A44 123
MOVE A45 123
MOVE A46 123
MOVE A47 123
MOVE A48 123
MOVE A50 108
MOVE A51 76
MOVE A52 59
MOVE A53 17
MOVE B35 140
MOVE B36 157
END TURN 157
TURN 158
COMMAND LEFT START
MOVE A54 108
TRAIN 1
COMMAND LEFT END
COMMAND RIGHT START
COMMAND RIGHT END
TURN 158 RESULT
TIME LEFT 0 5 RIGHT 0 5
TRAIN A55
MOVE A37 130
MOVE A39 130
MOVE A40 130
MOVE A41 130
MOVE A42 130
MOVE A43 130
MOVE A44 130
MOVE A45 130
MOVE A46 130
MOVE A47 130
MOVE A48 130
MOVE A51 108
MOVE A52 76
MOVE A53 25
MOVE A54 7
MOVE B35 108
MOVE B36 140
DAMAGE TURRET B35 1
DAMAGE COMBAT A26 1
DAMAGE COMBAT B35 4
END TURN 158
TURN 159
COMMAND LEFT START
COMMAND LEFT END
COMMAND RIGHT START
MOVE B37 17
TRAIN 1
COMMAND RIGHT END
TURN 159 RESULT
TIME LEFT 0 5 RIGHT 0 5
TRAIN B52
MOVE A37 138
MOVE A39 138
MOVE A40 138
MOVE A41 138
MOVE A42 138
MOVE A43 138
MOVE A44 138
MOVE A45 138
MOVE A46 138
MOVE A47 138
MOVE A48 138
MOVE A52 108
MOVE A53 46
MOVE A54 17
MOVE B36 108
MOVE B37 209
DAMAGE TURRET A37 1
DAMAGE TURRET B36 1
DAMAGE COMBAT A26 1
DAMAGE COMBAT A37 1
DAMAGE COMBAT B7 5
DAMAGE COMBAT B36 4
SIEGE B 138 6
END TURN 159
TURN 160
COMMAND LEFT START
MOVE A55 108
MOVE A37 108
MOVE A39 108
MOVE A40 108
MOVE A41 108
MOVE A42 108
MOVE A43 108
MOVE A44 108
MOVE A45 108
MOVE A46 108
MOVE A47 108
MOVE A48 108
TRAIN 1
COMMAND LEFT END
COMMAND RIGHT START
MOVE B38 138
MOVE B39 17
COMMAND RIGHT END
TURN 160 RESULT
TIME LEFT 0 5 RIGHT 0 5
TRAIN A56
MOVE A37 130
MOVE A39 130
MOVE A40 130
MOVE A41 130
MOVE A42 130
MOVE A43 130
MOVE A44 130
MOVE A45 130
MOVE A46 130
MOVE A47 130
MOVE A48 130
MOVE A53 59
MOVE A54 25
MOVE A55 7
MOVE B37 199
MOVE B38 211
MOVE B39 209
END TURN 160
TURN 161
COMMAND LEFT START
MOVE A27 163
MOVE A28 163
MOVE A29 163
MOVE A30 163
MOVE A31 163
MOVE A33 163
MOVE A34 163
MOVE A35 163
MOVE A36 163
MOVE A38 163
MOVE A49 163
COMMAND LEFT END
COMMAND RIGHT START
COMMAND RIGHT END
TURN 161 RESULT
TIME LEFT 0 5 RIGHT 0 5
MOVE A27 140
MOVE A28 140
MOVE A29 140
MOVE A30 140
MOVE A31 140
MOVE A33 140
MOVE A34 140
MOVE A35 140
MOVE A36 140
MOVE A37 123
MOVE A38 140
MOVE A39 123
MOVE A40 123
MOVE A41 123
MOVE A42 123
MOVE A43 123
MOVE A44 123
MOVE A45 123
MOVE A46 123
MOVE A47 123
MOVE A48 123
MOVE A49 140
MOVE A53 76
MOVE A54 46
MOVE A55 17
MOVE B37 191
MOVE B38 202
MOVE B39 199
END TURN 161
TURN 162
COMMAND LEFT START
COMMAND LEFT END
COMMAND RIGHT START
COMMAND RIGHT END
TURN 162 RESULT
TIME LEFT 0 5 RIGHT 0 5
MOVE A27 143
MOVE A28 143
MOVE A29 143
MOVE A30 143
MOVE A31 143
MOVE A33 143
MOVE A34 143
MOVE A35 143
MOVE A36 143
MOVE A37 121
MOVE A38 143
MOVE A39 121
MOVE A40 121
MOVE A41 121
MOVE A42 121
MOVE A43 121
MOVE A44 121
MOVE A45 121
MOVE A46 121
MOVE A47 121
MOVE A48 121
MOVE A49 143
MOVE A53 108
MOVE A54 59
MOVE A55 25
MOVE B37 170
MOVE B38 188
MOVE B39 191
END TURN 162
TURN 163
COMMAND LEFT START
MOVE A56 108
TRAIN 1
COMMAND LEFT END
COMMAND RIGHT START
COMMAND RIGHT END
TURN 163 RESULT
TIME LEFT 0 5 RIGHT 0 5
TRAIN A57
MOVE A27 152
MOVE A28 152
MOVE A29 152
MOVE A30 152
MOVE A31 152
MOVE A33 152
MOVE A34 152
MOVE A35 152
MOVE A36 152
MOVE A37 112
MOVE A38 152
MOVE A39 112
MOVE A40 112
MOVE A41 112
MOVE A42 112
MOVE A43 112
MOVE A44 112
MOVE A45 112
MOVE A46 112
MOVE A47 112
MOVE A48 112
MOVE A49 152
MOVE A54 76
MOVE A55 46
MOVE A56 7
MOVE B37 157
MOVE B38 177
MOVE B39 170
END TURN 163
TURN 164
COMMAND LEFT START
MOVE A57 108
TRAIN 1
COMMAND LEFT END
COMMAND RIGHT START
COMMAND RIGHT END
TURN 164 RESULT
TIME LEFT 0 5 RIGHT 0 5
TRAIN A58
MOVE A27 163
MOVE A28 163
MOVE A29 163
MOVE A30 163
MOVE A31 163
MOVE A33 163
MOVE A34 163
MOVE A35 163
MOVE A36 163
MOVE A37 108
MOVE A38 163
MOVE A39 108
MOVE A40 108
MOVE A41 108
MOVE A42 108
MOVE A43 108
MOVE A44 108
MOVE A45 108
MOVE A46 108
MOVE A47 108
MOVE A48 108
MOVE A49 163
MOVE A54 108
MOVE A55 59
MOVE A56 17
MOVE A57 7
MOVE B37 140
MOVE B38 163
MOVE B39 157
DAMAGE TURRET A27 1
DAMAGE COMBAT A27 2
DAMAGE COMBAT B34 5
DAMAGE COMBAT B38 5
SIEGE B 163 1
END TURN 164
TURN 165
COMMAND LEFT START
COMMAND LEFT END
COMMAND RIGHT START
MOVE B3 188
MOVE B40 163
MOVE B41 207
MOVE B42 138
COMMAND RIGHT END
TURN 165 RESULT
TIME LEFT 0 5 RIGHT 0 5
MOVE A55 76
MOVE A56 25
MOVE A57 17
MOVE B3 197
MOVE B37 108
MOVE B39 140
MOVE B40 177
MOVE B41 214
MOVE B42 211
DAMAGE TURRET A27 1
DAMAGE TURRET B37 1
DAMAGE COMBAT A26 1
DAMAGE COMBAT B37 4
SIEGE B 163 5
END TURN 165
TURN 166
COMMAND LEFT START
MOVE A58 108
MOVE A27 108
MOVE A28 108
MOVE A29 108
MOVE A30 108
MOVE A31 108
MOVE A33 108
MOVE A34 108
MOVE A35 108
MOVE A36 108
MOVE A38 108
MOVE A49 108
TRAIN 1
COMMAND LEFT END
COMMAND RIGHT START
MOVE B43 163
MOVE B44 17
COMMAND RIGHT END
TURN 166 RESULT
TIME LEFT 0 5 RIGHT 0 5
TRAIN A59
MOVE A27 152
MOVE A28 152
MOVE A29 152
MOVE A30 152
MOVE A31 152
MOVE A33 152
MOVE A34 152
MOVE A35 152
MOVE A36 152
MOVE A38 152
MOVE A49 152
MOVE A55 108
MOVE A56 46
MOVE A57 25
MOVE A58 7
MOVE B3 188
MOVE B39 108
MOVE B40 163
MOVE B41 207
MOVE B42 202
MOVE B43 211
MOVE B44 209
DAMAGE TURRET B39 1
DAMAGE COMBAT A32 1
DAMAGE COMBAT B39 4
END TURN 166
TURN 167
COMMAND LEFT START
COMMAND LEFT END
COMMAND RIGHT START
MOVE B45 17
UPGRADE 163
COMMAND RIGHT END
TURN 167 RESULT
TIME LEFT 0 5 RIGHT 0 5
UPGRADE B 163
MOVE A27 143
MOVE A28 143
MOVE A29 143
MOVE A30 143
MOVE A31 143
MOVE A33 143
MOVE A34 143
MOVE A35 143
MOVE A36 143
MOVE A38 143
MOVE A49 143
MOVE A56 59
MOVE A57 46
MOVE A58 17
MOVE B42 188
MOVE B43 202
MOVE B44 199
MOVE B45 209
END TURN 167
TURN 168
COMMAND LEFT START
MOVE A46 163
MOVE A55 163
MOVE A54 163
MOVE A53 163
MOVE A52 163
MOVE A51 163
MOVE A50 163
MOVE A48 163
MOVE A47 163
MOVE A45 163
MOVE A44 163
COMMAND LEFT END
COMMAND RIGHT START
COMMAND RIGHT END
TURN 168 RESULT
TIME LEFT 0 5 RIGHT 0 5
MOVE A27 140
MOVE A28 140
MOVE A29 140
MOVE A30 140
MOVE A31 140
MOVE A33 140
MOVE A34 140
MOVE A35 140
MOVE A36 140
MOVE A38 140
MOVE A44 140
MOVE A45 140
MOVE A46 140
MOVE A47 140
MOVE A48 140
MOVE A49 140
MOVE A50 140
MOVE A51 140
MOVE A52 140
MOVE A53 140
MOVE A54 140
MOVE A55 140
MOVE A56 76
MOVE A57 59
MOVE A58 25
MOVE B42 177
MOVE B43 188
MOVE B44 191
MOVE B45 199
END TURN 168
TURN 169
COMMAND LEFT START
COMMAND LEFT END
COMMAND RIGHT START
COMMAND RIGHT END
TURN 169 RESULT
TIME LEFT 0 5 RIGHT 0 5
MOVE A27 108
MOVE A28 108
MOVE A29 108
MOVE A30 108
MOVE A31 108
MOVE A33 108
MOVE A34 108
MOVE A35 108
MOVE A36 108
MOVE A38 108
MOVE A44 143
MOVE A45 143
MOVE A46 143
MOVE A47 143
MOVE A48 143
MOVE A49 108
MOVE A50 143
MOVE A51 143
MOVE A52 143
MOVE A53 143
MOVE A54 143
MOVE A55 143
MOVE A56 108
MOVE A57 76
MOVE A58 46
MOVE B42 163
MOVE B43 177
MOVE B44 170
MOVE B45 191
END TURN 169
TURN 170
COMMAND LEFT START
MOVE A59 108
TRAIN 1
COMMAND LEFT END
COMMAND RIGHT START
COMMAND RIGHT END
TURN 170 RESULT
TIME LEFT 0 5 RIGHT 0 5
TRAIN A60
MOVE A44 152
MOVE A45 152
MOVE A46 152
MOVE A47 152
MOVE A48 152
MOVE A50 152
MOVE A51 152
MOVE A52 152
MOVE A53 152
MOVE A54 152
MOVE A55 152
MOVE A57 108
MOVE A58 59
MOVE A59 7
MOVE B42 155
MOVE B43 163
MOVE B44 157
MOVE B45 170
END TURN 170
TURN 171
COMMAND LEFT START
MOVE A60 108
TRAIN 1
COMMAND LEFT END
COMMAND RIGHT START
MOVE B43 216
COMMAND RIGHT END
TURN 171 RESULT
TIME LEFT 0 5 RIGHT 0 5
TRAIN A61
MOVE A44 163
MOVE A45 163
MOVE A46 163
MOVE A47 163
MOVE A48 163
MOVE A50 163
MOVE A51 163
MOVE A52 163
MOVE A53 163
MOVE A54 163
MOVE A55 163
MOVE A58 76
MOVE A59 17
MOVE A60 7
MOVE B42 138
MOVE B43 177
MOVE B44 140
MOVE B45 157
DAMAGE TURRET A44 1
DAMAGE COMBAT A44 1
DAMAGE COMBAT B40 5
SIEGE B 163 6
END TURN 171
TURN 172
COMMAND LEFT START
MOVE A44 108
MOVE A45 108
MOVE A46 108
MOVE A47 108
MOVE A48 108
MOVE A50 108
MOVE A51 108
MOVE A52 108
MOVE A53 108
MOVE A54 108
MOVE A55 108
COMMAND LEFT END
COMMAND RIGHT START
MOVE B42 163
MOVE B46 138
COMMAND RIGHT END
TURN 172 RESULT
TIME LEFT 0 5 RIGHT 0 5
MOVE A44 152
MOVE A45 152
MOVE A46 152
MOVE A47 152
MOVE A48 152
MOVE A50 152
MOVE A51 152
MOVE A52 152
MOVE A53 152
MOVE A54 152
MOVE A55 152
MOVE A58 108
MOVE A59 25
MOVE A60 17
MOVE B42 155
MOVE B43 188
MOVE B44 108
MOVE B45 140
MOVE B46 211
DAMAGE TURRET B44 1
DAMAGE COMBAT A27 1
DAMAGE COMBAT B44 4
END TURN 172
TURN 173
COMMAND LEFT START
MOVE A28 188
MOVE A58 188
MOVE A57 188
MOVE A56 188
MOVE A49 188
MOVE A43 188
MOVE A42 188
MOVE A41 188
MOVE A40 188
MOVE A39 188
MOVE A38 188
COMMAND LEFT END
COMMAND RIGHT START
MOVE B47 17
COMMAND RIGHT END
TURN 173 RESULT
TIME LEFT 0 5 RIGHT 0 5
MOVE A28 140
MOVE A38 140
MOVE A39 140
MOVE A40 140
MOVE A41 140
MOVE A42 140
MOVE A43 140
MOVE A44 143
MOVE A45 143
MOVE A46 143
MOVE A47 143
MOVE A48 143
MOVE A49 140
MOVE A50 143
MOVE A51 143
MOVE A52 143
MOVE A53 143
MOVE A54 143
MOVE A55 143
MOVE A56 140
MOVE A57 140
MOVE A58 140
MOVE A59 46
MOVE A60 25
MOVE B42 163
MOVE B43 202
MOVE B45 108
MOVE B46 202
MOVE B47 209
DAMAGE TURRET B45 1
DAMAGE COMBAT A27 1
DAMAGE COMBAT B45 4
END TURN 173
TURN 174
COMMAND LEFT START
COMMAND LEFT END
COMMAND RIGHT START
MOVE B48 17
UPGRADE 163
COMMAND RIGHT END
TURN 174 RESULT
TIME LEFT 0 5 RIGHT 0 5
UPGRADE B 163
MOVE A28 157
MOVE A38 157
MOVE A39 157
MOVE A40 157
MOVE A41 157
MOVE A42 157
MOVE A43 157
MOVE A44 140
MOVE A45 140
MOVE A46 140
MOVE A47 140
MOVE A48 140
MOVE A49 157
MOVE A50 140
MOVE A51 140
MOVE A52 140
MOVE A53 140
MOVE A54 140
MOVE A55 140
MOVE A56 157
MOVE A57 157
MOVE A58 157
MOVE A59 59
MOVE A60 46
MOVE B43 211
MOVE B46 188
MOVE B47 199
MOVE B48 209
END TURN 174
TURN 175
COMMAND LEFT START
MOVE A61 108
TRAIN 1
COMMAND LEFT END
COMMAND RIGHT START
COMMAND RIGHT END
TURN 175 RESULT
TIME LEFT 0 5 RIGHT 0 5
TRAIN A62
MOVE A28 175
MOVE A38 175
MOVE A39 175
MOVE A40 175
MOVE A41 175
MOVE A42 175
MOVE A43 175
MOVE A44 108
MOVE A45 108
MOVE A46 108
MOVE A47 108
MOVE A48 108
MOVE A49 175
MOVE A50 108
MOVE A51 108
MOVE A52 108
MOVE A53 108
MOVE A54 108
MOVE A55 108
MOVE A56 175
MOVE A57 175
MOVE A58 175
MOVE A59 76
MOVE A60 59
MOVE A61 7
MOVE B43 216
MOVE B46 177
MOVE B47 191
MOVE B48 199
END TURN 175
TURN 176
COMMAND LEFT START
COMMAND LEFT END
COMMAND RIGHT START
COMMAND RIGHT END
TURN 176 RESULT
TIME LEFT 0 5 RIGHT 0 5
MOVE A28 188
MOVE A38 188
MOVE A39 188
MOVE A40 188
MOVE A41 188
MOVE A42 188
MOVE A43 188
MOVE A49 188
MOVE A56 188
MOVE A57 188
MOVE A58 188
MOVE A59 108
MOVE A60 76
MOVE A61 17
MOVE B46 163
MOVE B47 170
MOVE B48 191
DAMAGE TURRET A28 1
DAMAGE COMBAT A28 1
DAMAGE COMBAT B3 4
SIEGE B 188 6
END TURN 176
TURN 177
COMMAND LEFT START
MOVE A62 108
MOVE A28 108
MOVE A38 108
MOVE A39 108
MOVE A40 108
MOVE A41 108
MOVE A42 108
MOVE A43 108
MOVE A49 108
MOVE A56 108
MOVE A57 108
MOVE A58 108
TRAIN 1
COMMAND LEFT END
COMMAND RIGHT START
TRAIN 1
COMMAND RIGHT END
TURN 177 RESULT
TIME LEFT 0 5 RIGHT 0 5
TRAIN A63 B53
MOVE A28 175
MOVE A38 175
MOVE A39 175
MOVE A40 175
MOVE A41 175
MOVE A42 175
MOVE A43 175
MOVE A49 175
MOVE A56 175
MOVE A57 175
MOVE A58 175
MOVE A60 108
MOVE A61 25
MOVE A62 7
MOVE B46 155
MOVE B47 157
MOVE B48 170
END TURN 177
TURN 178
COMMAND LEFT START
COMMAND LEFT END
COMMAND RIGHT START
MOVE B43 188
MOVE B49 138
MOVE B50 17
MOVE B51 17
COMMAND RIGHT END
TURN 178 RESULT
TIME LEFT 0 5 RIGHT 0 5
MOVE A28 157
MOVE A38 157
MOVE A39 157
MOVE A40 157
MOVE A41 157
MOVE A42 157
MOVE A43 157
MOVE A49 157
MOVE A56 157
MOVE A57 157
MOVE A58 157
MOVE A61 46
MOVE A62 17
MOVE B43 211
MOVE B46 138
MOVE B47 140
MOVE B48 157
MOVE B49 211
MOVE B50 209
MOVE B51 209
DAMAGE COMBAT A28 1
DAMAGE COMBAT B48 5
END TURN 178
TURN 179
COMMAND LEFT START
MOVE A46 163
MOVE A60 163
MOVE A59 163
MOVE A55 163
MOVE A54 163
MOVE A53 163
MOVE A52 163
MOVE A51 163
MOVE A50 163
MOVE A48 163
MOVE A47 163
COMMAND LEFT END
COMMAND RIGHT START
COMMAND RIGHT END
TURN 179 RESULT
TIME LEFT 0 5 RIGHT 0 5
MOVE A28 140
MOVE A38 140
MOVE A39 140
MOVE A40 140
MOVE A41 140
MOVE A42 140
MOVE A43 140
MOVE A46 140
MOVE A47 140
MOVE A48 140
MOVE A49 140
MOVE A50 140
MOVE A51 140
MOVE A52 140
MOVE A53 140
MOVE A54 140
MOVE A55 140
MOVE A56 140
MOVE A57 140
MOVE A58 140
MOVE A59 140
MOVE A60 140
MOVE A61 59
MOVE A62 25
MOVE B43 202
MOVE B47 108
MOVE B49 202
MOVE B50 199
MOVE B51 199
DAMAGE TURRET B47 1
DAMAGE COMBAT A32 1
DAMAGE COMBAT B47 4
END TURN 179
TURN 180
COMMAND LEFT START
MOVE A63 108
TRAIN 1
COMMAND LEFT END
COMMAND RIGHT START
UPGRADE 138
COMMAND RIGHT END
TURN 180 RESULT
TIME LEFT 0 5 RIGHT 0 5
UPGRADE B 138
TRAIN A64
MOVE A28 108
MOVE A38 108
MOVE A39 108
MOVE A40 108
MOVE A41 108
MOVE A42 108
MOVE A43 108
MOVE A46 143
MOVE A47 143
MOVE A48 143
MOVE A49 108
MOVE A50 143
MOVE A51 143
MOVE A52 143
MOVE A53 143
MOVE A54 143
MOVE A55 143
MOVE A56 108
MOVE A57 108
MOVE A58 108
MOVE A59 143
MOVE A60 143
MOVE A61 76
MOVE A62 46
MOVE A63 7
MOVE B43 188
MOVE B49 188
MOVE B50 191
MOVE B51 191
END TURN 180
TURN 181
COMMAND LEFT START
COMMAND LEFT END
COMMAND RIGHT START
COMMAND RIGHT END
TURN 181 RESULT
TIME LEFT 0 5 RIGHT 0 5
MOVE A46 152
MOVE A47 152
MOVE A48 152
MOVE A50 152
MOVE A51 152
MOVE A52 152
MOVE A53 152
MOVE A54 152
MOVE A55 152
MOVE A59 152
MOVE A60 152
MOVE A61 108
MOVE A62 59
MOVE A63 17
MOVE B49 177
MOVE B50 170
MOVE B51 170
END TURN 181
TURN 182
COMMAND LEFT START
MOVE A64 108
TRAIN 1
COMMAND LEFT END
COMMAND RIGHT START
COMMAND RIGHT END
TURN 182 RESULT
TIME LEFT 0 5 RIGHT 0 5
TRAIN A65
MOVE A46 163
MOVE A47 163
MOVE A48 163
MOVE A50 163
MOVE A51 163
MOVE A52 163
MOVE A53 163
MOVE A54 163
MOVE A55 163
MOVE A59 163
MOVE A60 163
MOVE A62 76
MOVE A63 25
MOVE A64 7
MOVE B49 163
MOVE B50 157
MOVE B51 157
DAMAGE TURRET A46 1
DAMAGE COMBAT A46 2
DAMAGE COMBAT B42 5
DAMAGE COMBAT B49 5
SIEGE B 163 1
END TURN 182
TURN 183
COMMAND LEFT START
COMMAND LEFT END
COMMAND RIGHT START
MOVE B43 163
MOVE B52 188
COMMAND RIGHT END
TURN 183 RESULT
TIME LEFT 0 5 RIGHT 0 5
MOVE A62 108
MOVE A63 46
MOVE A64 17
MOVE B43 177
MOVE B50 140
MOVE B51 140
MOVE B52 211
DAMAGE TURRET A46 1
SIEGE B 163 5
END TURN 183
TURN 184
COMMAND LEFT START
MOVE A46 108
MOVE A47 108
MOVE A48 108
MOVE A50 108
MOVE A51 108
MOVE A52 108
MOVE A53 108
MOVE A54 108
MOVE A55 108
MOVE A59 108
MOVE A60 108
COMMAND LEFT END
COMMAND RIGHT START
MOVE B53 163
COMMAND RIGHT END
TURN 184 RESULT
TIME LEFT 0 5 RIGHT 0 5
MOVE A46 152
MOVE A47 152
MOVE A48 152
MOVE A50 152
MOVE A51 152
MOVE A52 152
MOVE A53 152
MOVE A54 152
MOVE A55 152
MOVE A59 152
MOVE A60 152
MOVE A63 59
MOVE A64 25
MOVE B43 163
MOVE B50 108
MOVE B51 108
MOVE B52 202
MOVE B53 211
DAMAGE TURRET B50 1
DAMAGE COMBAT A28 1
DAMAGE COMBAT A32 1
DAMAGE COMBAT B50 4
DAMAGE COMBAT B51 5
END TURN 184
TURN 185
COMMAND LEFT START
MOVE A40 138
MOVE A62 138
MOVE A61 138
MOVE A58 138
MOVE A57 138
MOVE A56 138
MOVE A49 138
MOVE A45 138
MOVE A43 138
MOVE A42 138
MOVE A41 138
COMMAND LEFT END
COMMAND RIGHT START
COMMAND RIGHT END
TURN 185 RESULT
TIME LEFT 0 5 RIGHT 0 5
MOVE A40 112
MOVE A41 112
MOVE A42 112
MOVE A43 112
MOVE A45 112
MOVE A46 143
MOVE A47 143
MOVE A48 143
MOVE A49 112
MOVE A50 143
MOVE A51 143
MOVE A52 143
MOVE A53 143
MOVE A54 143
MOVE A55 143
MOVE A56 112
MOVE A57 112
MOVE A58 112
MOVE A59 143
MOVE A60 143
MOVE A61 112
MOVE A62 112
MOVE A63 76
MOVE A64 46
MOVE B52 188
MOVE B53 202
END TURN 185
TURN 186
COMMAND LEFT START
MOVE A65 108
TRAIN 1
COMMAND LEFT END
COMMAND RIGHT START
UPGRADE 163
COMMAND RIGHT END
TURN 186 RESULT
TIME LEFT 0 5 RIGHT 0 5
UPGRADE B 163
TRAIN A66
MOVE A40 121
MOVE A41 121
MOVE A42 121
MOVE A43 121
MOVE A45 121
MOVE A46 140
MOVE A47 140
MOVE A48 140
MOVE A49 121
MOVE A50 140
MOVE A51 140
MOVE A52 140
MOVE A53 140
MOVE A54 140
MOVE A55 140
MOVE A56 121
MOVE A57 121
MOVE A58 121
MOVE A59 140
MOVE A60 140
MOVE A61 121
MOVE A62 121
MOVE A63 108
MOVE A64 59
MOVE A65 7
MOVE B53 188
END TURN 186
TURN 187
COMMAND LEFT START
COMMAND LEFT END
COMMAND RIGHT START
COMMAND RIGHT END
TURN 187 RESULT
TIME LEFT 0 5 RIGHT 0 5
MOVE A40 123
MOVE A41 123
MOVE A42 123
MOVE A43 123
MOVE A45 123
MOVE A46 108
MOVE A47 108
MOVE A48 108
MOVE A49 123
MOVE A50 108
MOVE A51 108
MOVE A52 108
MOVE A53 108
MOVE A54 108
MOVE A55 108
MOVE A56 123
MOVE A57 123
MOVE A58 123
MOVE A59 108
MOVE A60 108
MOVE A61 123
MOVE A62 123
MOVE A64 76
MOVE A65 17
MOVE B53 177
END TURN 187
TURN 188
COMMAND LEFT START
MOVE A66 108
TRAIN 1
COMMAND LEFT END
COMMAND RIGHT START
COMMAND RIGHT END
TURN 188 RESULT
TIME LEFT 0 5 RIGHT 0 5
TRAIN A67
MOVE A40 130
MOVE A41 130
MOVE A42 130
MOVE A43 130
MOVE A45 130
MOVE A49 130
MOVE A56 130
MOVE A57 130
MOVE A58 130
MOVE A61 130
MOVE A62 130
MOVE A64 108
MOVE A65 25
MOVE A66 7
MOVE B53 163
END TURN 188
TURN 189
COMMAND LEFT START
COMMAND LEFT END
COMMAND RIGHT START
MOVE B53 17
COMMAND RIGHT END
TURN 189 RESULT
TIME LEFT 0 5 RIGHT 0 5
MOVE A40 138
MOVE A41 138
MOVE A42 138
MOVE A43 138
MOVE A45 138
MOVE A49 138
MOVE A56 138
MOVE A57 138
MOVE A58 138
MOVE A61 138
MOVE A62 138
MOVE A65 46
MOVE A66 17
MOVE B53 152
DAMAGE TURRET A40 1
DAMAGE COMBAT A40 1
DAMAGE COMBAT B46 5
SIEGE B 138 6
END TURN 189
TURN 190
COMMAND LEFT START
MOVE A40 108
MOVE A41 108
MOVE A42 108
MOVE A43 108
MOVE A45 108
MOVE A49 108
MOVE A56 108
MOVE A57 108
MOVE A58 108
MOVE A61 108
MOVE A62 108
COMMAND LEFT END
COMMAND RIGHT START
COMMAND RIGHT END
TURN 190 RESULT
TIME LEFT 0 5 RIGHT 0 5
MOVE A40 130
MOVE A41 130
MOVE A42 130
MOVE A43 130
MOVE A45 130
MOVE A49 130
MOVE A56 130
MOVE A57 130
MOVE A58 130
MOVE A61 130
MOVE A62 130
MOVE A65 59
MOVE A66 25
MOVE B53 137
END TURN 190
TURN 191
COMMAND LEFT START
MOVE A29 163
MOVE A64 163
MOVE A63 163
MOVE A60 163
MOVE A59 163
MOVE A55 163
MOVE A54 163
MOVE A53 163
MOVE A52 163
MOVE A51 163
MOVE A50 163
COMMAND LEFT END
COMMAND RIGHT START
COMMAND RIGHT END
TURN 191 RESULT
TIME LEFT 0 5 RIGHT 0 5
MOVE A29 140
MOVE A40 123
MOVE A41 123
MOVE A42 123
MOVE A43 123
MOVE A45 123
MOVE A49 123
MOVE A50 140
MOVE A51 140
MOVE A52 140
MOVE A53 140
MOVE A54 140
MOVE A55 140
MOVE A56 123
MOVE A57 123
MOVE A58 123
MOVE A59 140
MOVE A60 140
MOVE A61 123
MOVE A62 123
MOVE A63 140
MOVE A64 140
MOVE A65 76
MOVE A66 46
MOVE B53 121
END TURN 191
TURN 192
COMMAND LEFT START
COMMAND LEFT END
COMMAND RIGHT START
UPGRADE 188
COMMAND RIGHT END
TURN 192 RESULT
TIME LEFT 0 5 RIGHT 0 5
UPGRADE B 188
MOVE A29 143
MOVE A40 121
MOVE A41 121
MOVE A42 121
MOVE A43 121
MOVE A45 121
MOVE A49 121
MOVE A50 143
MOVE A51 143
MOVE A52 143
MOVE A53 143
MOVE A54 143
MOVE A55 143
MOVE A56 121
MOVE A57 121
MOVE A58 121
MOVE A59 143
MOVE A60 143
MOVE A61 121
MOVE A62 121
MOVE A63 143
MOVE A64 143
MOVE A65 108
MOVE A66 59
MOVE B53 98
END TURN 192
TURN 193
COMMAND LEFT START
MOVE A67 108
TRAIN 1
COMMAND LEFT END
COMMAND RIGHT START
COMMAND RIGHT END
TURN 193 RESULT
TIME LEFT 0 5 RIGHT 0 5
TRAIN A68
MOVE A29 152
MOVE A40 112
MOVE A41 112
MOVE A42 112
MOVE A43 112
MOVE A45 112
MOVE A49 112
MOVE A50 152
MOVE A51 152
MOVE A52 152
MOVE A53 152
MOVE A54 152
MOVE A55 152
MOVE A56 112
MOVE A57 112
MOVE A58 112
MOVE A59 152
MOVE A60 152
MOVE A61 112
MOVE A62 112
MOVE A63 152
MOVE A64 152
MOVE A66 76
MOVE A67 7
MOVE B53 82
END TURN 193
TURN 194
COMMAND LEFT START
COMMAND LEFT END
COMMAND RIGHT START
COMMAND RIGHT END
TURN 194 RESULT
TIME LEFT 0 5 RIGHT 0 5
MOVE A29 163
MOVE A40 108
MOVE A41 108
MOVE A42 108
MOVE A43 108
MOVE A45 108
MOVE A49 108
MOVE A50 163
MOVE A51 163
MOVE A52 163
MOVE A53 163
MOVE A54 163
MOVE A55 163
MOVE A56 108
MOVE A57 108
MOVE A58 108
MOVE A59 163
MOVE A60 163
MOVE A61 108
MOVE A62 108
MOVE A63 163
MOVE A64 163
MOVE A66 108
MOVE A67 17
MOVE B53 70
DAMAGE TURRET A29 1
DAMAGE COMBAT A29 1
DAMAGE COMBAT B43 5
SIEGE B 163 6
END TURN 194
TURN 195
COMMAND LEFT START
MOVE A68 108
MOVE A29 108
MOVE A50 108
MOVE A51 108
MOVE A52 108
MOVE A53 108
MOVE A54 108
MOVE A55 108
MOVE A59 108
MOVE A60 108
MOVE A63 108
MOVE A64 108
TRAIN 1
COMMAND LEFT END
COMMAND RIGHT START
COMMAND RIGHT END
TURN 195 RESULT
TIME LEFT 0 5 RIGHT 0 5
TRAIN A69
MOVE A29 152
MOVE A50 152
MOVE A51 152
MOVE A52 152
MOVE A53 152
MOVE A54 152
MOVE A55 152
MOVE A59 152
MOVE A60 152
MOVE A63 152
MOVE A64 152
MOVE A67 25
MOVE A68 7
MOVE B53 46
END TURN 195
TURN 196
COMMAND LEFT START
MOVE A43 28
MOVE A66 28
COMMAND LEFT END
COMMAND RIGHT START
COMMAND RIGHT END
TURN 196 RESULT
TIME LEFT 0 5 RIGHT 0 5
MOVE A29 143
MOVE A43 76
MOVE A50 143
MOVE A51 143
MOVE A52 143
MOVE A53 143
MOVE A54 143
MOVE A55 143
MOVE A59 143
MOVE A60 143
MOVE A63 143
MOVE A64 143
MOVE A66 76
MOVE A67 46
MOVE A68 17
MOVE B53 25
END TURN 196
TURN 197
COMMAND LEFT START
MOVE A42 188
MOVE A65 188
MOVE A62 188
MOVE A61 188
MOVE A58 188
MOVE A57 188
MOVE A56 188
MOVE A49 188
MOVE A48 188
MOVE A47 188
MOVE A45 188
COMMAND LEFT END
COMMAND RIGHT START
COMMAND RIGHT END
TURN 197 RESULT
TIME LEFT 0 5 RIGHT 0 5
MOVE A29 140
MOVE A42 140
MOVE A43 59
MOVE A45 140
MOVE A47 140
MOVE A48 140
MOVE A49 140
MOVE A50 140
MOVE A51 140
MOVE A52 140
MOVE A53 140
MOVE A54 140
MOVE A55 140
MOVE A56 140
MOVE A57 140
MOVE A58 140
MOVE A59 140
MOVE A60 140
MOVE A61 140
MOVE A62 140
MOVE A63 140
MOVE A64 140
MOVE A65 140
MOVE A66 59
MOVE A67 59
MOVE A68 25
MOVE B53 17
END TURN 197
TURN 198
COMMAND LEFT START
MOVE A30 0
MOVE A31 0
MOVE A33 9
MOVE A34 9
COMMAND LEFT END
COMMAND RIGHT START
MOVE B53 163
COMMAND RIGHT END
TURN 198 RESULT
TIME LEFT 0 5 RIGHT 0 5
MOVE A29 108
MOVE A30 76
MOVE A31 76
MOVE A33 76
MOVE A34 76
MOVE A42 157
MOVE A43 41
MOVE A45 157
MOVE A47 157
MOVE A48 157
MOVE A49 157
MOVE A50 108
MOVE A51 108
MOVE A52 108
MOVE A53 108
MOVE A54 108
MOVE A55 108
MOVE A56 157
MOVE A57 157
MOVE A58 157
MOVE A59 108
MOVE A60 108
MOVE A61 157
MOVE A62 157
MOVE A63 108
MOVE A64 108
MOVE A65 157
MOVE A66 41
MOVE A67 76
MOVE A68 46
MOVE B53 25
END TURN 198
TURN 199
COMMAND LEFT START
MOVE A69 108
TRAIN 1
COMMAND LEFT END
COMMAND RIGHT START
COMMAND RIGHT END
TURN 199 RESULT
TIME LEFT 0 5 RIGHT 0 5
TRAIN A70
MOVE A30 59
MOVE A31 59
MOVE A33 59
MOVE A34 59
MOVE A42 175
MOVE A43 28
MOVE A45 175
MOVE A47 175
MOVE A48 175
MOVE A49 175
MOVE A56 175
MOVE A57 175
MOVE A58 175
MOVE A61 175
MOVE A62 175
MOVE A65 175
MOVE A66 28
MOVE A67 108
MOVE A68 59
MOVE A69 7
MOVE B53 46
END TURN 199
TURN 200
COMMAND LEFT START
COMMAND LEFT END
COMMAND RIGHT START
COMMAND RIGHT END
TURN 200 RESULT
TIME LEFT 0 5 RIGHT 0 5
MOVE A30 46
MOVE A31 46
MOVE A33 41
MOVE A34 41
MOVE A42 188
MOVE A45 188
MOVE A47 188
MOVE A48 188
MOVE A49 188
MOVE A56 188
MOVE A57 188
MOVE A58 188
MOVE A61 188
MOVE A62 188
MOVE A65 188
MOVE A68 76
MOVE A69 17
MOVE B53 70
DAMAGE TURRET A42 1
DAMAGE COMBAT A42 1
DAMAGE COMBAT B52 5
SIEGE B 188 6
END TURN 200
TURN 201
COMMAND LEFT START
MOVE A70 108
MOVE A42 108
MOVE A45 108
MOVE A47 108
MOVE A48 108
MOVE A49 108
MOVE A56 108
MOVE A57 108
MOVE A58 108
MOVE A61 108
MOVE A62 108
MOVE A65 108
TRAIN 1
COMMAND LEFT END
COMMAND RIGHT START
COMMAND RIGHT END
TURN 201 RESULT
TIME LEFT 0 5 RIGHT 0 5
TRAIN A71
MOVE A30 25
MOVE A31 25
MOVE A33 28
MOVE A34 28
MOVE A42 175
MOVE A45 175
MOVE A47 175
MOVE A48 175
MOVE A49 175
MOVE A56 175
MOVE A57 175
MOVE A58 175
MOVE A61 175
MOVE A62 175
MOVE A65 175
MOVE A68 108
MOVE A69 25
MOVE A70 7
MOVE B53 82
END TURN 201
TURN 202
COMMAND LEFT START
COMMAND LEFT END
COMMAND RIGHT START
COMMAND RIGHT END
TURN 202 RESULT
TIME LEFT 0 5 RIGHT 0 5
MOVE A30 17
MOVE A31 17
MOVE A33 19
MOVE A34 19
MOVE A42 157
MOVE A45 157
MOVE A47 157
MOVE A48 157
MOVE A49 157
MOVE A56 157
MOVE A57 157
MOVE A58 157
MOVE A61 157
MOVE A62 157
MOVE A65 157
MOVE A69 46
MOVE A70 17
MOVE B53 98
END TURN 202
TURN 203
COMMAND LEFT START
MOVE A43 108
MOVE A66 108
COMMAND LEFT END
COMMAND RIGHT START
COMMAND RIGHT END
TURN 203 RESULT
TIME LEFT 0 5 RIGHT 0 5
MOVE A30 7
MOVE A31 7
MOVE A33 9
MOVE A34 9
MOVE A42 140
MOVE A43 41
MOVE A45 140
MOVE A47 140
MOVE A48 140
MOVE A49 140
MOVE A56 140
MOVE A57 140
MOVE A58 140
MOVE A61 140
MOVE A62 140
MOVE A65 140
MOVE A66 41
MOVE A69 59
MOVE A70 25
MOVE B53 121
END TURN 203
TURN 204
COMMAND LEFT START
MOVE A50 124
MOVE A68 124
MOVE A67 124
MOVE A64 124
MOVE A63 124
MOVE A60 124
MOVE A59 124
MOVE A55 124
MOVE A54 124
MOVE A53 124
MOVE A52 124
MOVE A33 108
MOVE A34 108
COMMAND LEFT END
COMMAND RIGHT START
COMMAND RIGHT END
TURN 204 RESULT
TIME LEFT 0 5 RIGHT 0 5
MOVE A30 0
MOVE A31 0
MOVE A33 19
MOVE A34 19
MOVE A42 108
MOVE A43 59
MOVE A45 108
MOVE A47 108
MOVE A48 108
MOVE A49 108
MOVE A50 112
MOVE A52 112
MOVE A53 112
MOVE A54 112
MOVE A55 112
MOVE A56 108
MOVE A57 108
MOVE A58 108
MOVE A59 112
MOVE A60 112
MOVE A61 108
MOVE A62 108
MOVE A63 112
MOVE A64 112
MOVE A65 108
MOVE A66 59
MOVE A67 112
MOVE A68 112
MOVE A69 76
MOVE A70 46
MOVE B53 137
END TURN 204
TURN 205
COMMAND LEFT START
MOVE A71 108
MOVE A15 108
MOVE A30 108
MOVE A31 108
COMMAND LEFT END
COMMAND RIGHT START
COMMAND RIGHT END
TURN 205 RESULT
TIME LEFT 0 5 RIGHT 0 5
MOVE A15 7
MOVE A30 7
MOVE A31 7
MOVE A33 28
MOVE A34 28
MOVE A43 76
MOVE A50 121
MOVE A52 121
MOVE A53 121
MOVE A54 121
MOVE A55 121
MOVE A59 121
MOVE A60 121
MOVE A63 121
MOVE A64 121
MOVE A66 76
MOVE A67 121
MOVE A68 121
MOVE A69 108
MOVE A70 59
MOVE A71 7
MOVE B53 152
END TURN 205
TURN 206
COMMAND LEFT START
COMMAND LEFT END
COMMAND RIGHT START
COMMAND RIGHT END
TURN 206 RESULT
TIME LEFT 0 5 RIGHT 0 5
MOVE A15 17
MOVE A30 17
MOVE A31 17
MOVE A33 41
MOVE A34 41
MOVE A43 108
MOVE A50 123
MOVE A52 123
MOVE A53 123
MOVE A54 123
MOVE A55 123
MOVE A59 123
MOVE A60 123
MOVE A63 123
MOVE A64 123
MOVE A66 108
MOVE A67 123
MOVE A68 123
MOVE A70 76
MOVE A71 17
MOVE B53 163
END TURN 206
TURN 207
COMMAND LEFT START
COMMAND LEFT END
COMMAND RIGHT START
MOVE B53 188
COMMAND RIGHT END
TURN 207 RESULT
TIME LEFT 0 5 RIGHT 0 5
MOVE A15 25
MOVE A30 25
MOVE A31 25
MOVE A33 59
MOVE A34 59
MOVE A50 130
MOVE A52 130
MOVE A53 130
MOVE A54 130
MOVE A55 130
MOVE A59 130
MOVE A60 130
MOVE A63 130
MOVE A64 130
MOVE A67 130
MOVE A68 130
MOVE A70 108
MOVE A71 25
MOVE B53 177
END TURN 207
TURN 208
COMMAND LEFT START
TRAIN 1
COMMAND LEFT END
COMMAND RIGHT START
COMMAND RIGHT END
TURN 208 RESULT
TIME LEFT 0 5 RIGHT 0 5
TRAIN A72
MOVE A15 46
MOVE A30 46
MOVE A31 46
MOVE A33 76
MOVE A34 76
MOVE A50 125
MOVE A52 125
MOVE A53 125
MOVE A54 125
MOVE A55 125
MOVE A59 125
MOVE A60 125
MOVE A63 125
MOVE A64 125
MOVE A67 125
MOVE A68 125
MOVE A71 46
MOVE B53 188
END TURN 208
TURN 209
COMMAND LEFT START
COMMAND LEFT END
COMMAND RIGHT START
UPGRADE 188
COMMAND RIGHT END
TURN 209 RESULT
TIME LEFT 0 5 RIGHT 0 5
UPGRADE B 188
MOVE A15 59
MOVE A30 59
MOVE A31 59
MOVE A33 108
MOVE A34 108
MOVE A50 124
MOVE A52 124
MOVE A53 124
MOVE A54 124
MOVE A55 124
MOVE A59 124
MOVE A60 124
MOVE A63 124
MOVE A64 124
MOVE A67 124
MOVE A68 124
MOVE A71 59
DAMAGE TURRET A50 1
DAMAGE COMBAT A50 1
DAMAGE COMBAT B9 5
SIEGE B 124 6
END TURN 209
TURN 210
COMMAND LEFT START
MOVE A50 108
MOVE A52 108
MOVE A53 108
MOVE A54 108
MOVE A55 108
MOVE A59 108
MOVE A60 108
MOVE A63 108
MOVE A64 108
MOVE A67 108
MOVE A68 108
COMMAND LEFT END
COMMAND RIGHT START
UPGRADE 216
COMMAND RIGHT END
TURN 210 RESULT
TIME LEFT 0 5 RIGHT 0 5
UPGRADE B 216
MOVE A15 76
MOVE A30 76
MOVE A31 76
MOVE A50 125
MOVE A52 125
MOVE A53 125
MOVE A54 125
MOVE A55 125
MOVE A59 125
MOVE A60 125
MOVE A63 125
MOVE A64 125
MOVE A67 125
MOVE A68 125
MOVE A71 76
END TURN 210
TURN 211
COMMAND LEFT START
MOVE A45 207
MOVE A70 207
MOVE A69 207
MOVE A66 207
MOVE A65 207
MOVE A62 207
MOVE A61 207
MOVE A58 207
MOVE A57 207
MOVE A56 207
MOVE A51 207
COMMAND LEFT END
COMMAND RIGHT START
MOVE B41 216
COMMAND RIGHT END
TURN 211 RESULT
TIME LEFT 0 5 RIGHT 0 5
MOVE A15 108
MOVE A30 108
MOVE A31 108
MOVE A45 140
MOVE A50 130
MOVE A51 140
MOVE A52 130
MOVE A53 130
MOVE A54 130
MOVE A55 130
MOVE A56 140
MOVE A57 140
MOVE A58 140
MOVE A59 130
MOVE A60 130
MOVE A61 140
MOVE A62 140
MOVE A63 130
MOVE A64 130
MOVE A65 140
MOVE A66 140
MOVE A67 130
MOVE A68 130
MOVE A69 140
MOVE A70 140
MOVE A71 108
MOVE B41 214
END TURN 211
TURN 212
COMMAND LEFT START
COMMAND LEFT END
COMMAND RIGHT START
COMMAND RIGHT END
TURN 212 RESULT
TIME LEFT 0 5 RIGHT 0 5
MOVE A45 157
MOVE A50 123
MOVE A51 157
MOVE A52 123
MOVE A53 123
MOVE A54 123
MOVE A55 123
MOVE A56 157
MOVE A57 157
MOVE A58 157
MOVE A59 123
MOVE A60 123
MOVE A61 157
MOVE A62 157
MOVE A63 123
MOVE A64 123
MOVE A65 157
MOVE A66 157
MOVE A67 123
MOVE A68 123
MOVE A69 157
MOVE A70 157
MOVE B41 216
END TURN 212
TURN 213
COMMAND LEFT START
COMMAND LEFT END
COMMAND RIGHT START
TRAIN 1
COMMAND RIGHT END
TURN 213 RESULT
TIME LEFT 0 5 RIGHT 0 5
TRAIN B54
MOVE A45 175
MOVE A50 121
MOVE A51 175
MOVE A52 121
MOVE A53 121
MOVE A54 121
MOVE A55 121
MOVE A56 175
MOVE A57 175
MOVE A58 175
MOVE A59 121
MOVE A60 121
MOVE A61 175
MOVE A62 175
MOVE A63 121
MOVE A64 121
MOVE A65 175
MOVE A66 175
MOVE A67 121
MOVE A68 121
MOVE A69 175
MOVE A70 175
END TURN 213
TURN 214
COMMAND LEFT START
COMMAND LEFT END
COMMAND RIGHT START
MOVE B54 207
COMMAND RIGHT END
TURN 214 RESULT
TIME LEFT 0 5 RIGHT 0 5
MOVE A45 188
MOVE A50 112
MOVE A51 188
MOVE A52 112
MOVE A53 112
MOVE A54 112
MOVE A55 112
MOVE A56 188
MOVE A57 188
MOVE A58 188
MOVE A59 112
MOVE A60 112
MOVE A61 188
MOVE A62 188
MOVE A63 112
MOVE A64 112
MOVE A65 188
MOVE A66 188
MOVE A67 112
MOVE A68 112
MOVE A69 188
MOVE A70 188
MOVE B54 214
DAMAGE TURRET A45 1
DAMAGE COMBAT A45 1
DAMAGE COMBAT B53 5
SIEGE B 188 6
END TURN 214
TURN 215
COMMAND LEFT START
TRAIN 1
COMMAND LEFT END
COMMAND RIGHT START
TRAIN 2
COMMAND RIGHT END
TURN 215 RESULT
TIME LEFT 0 5 RIGHT 0 5
TRAIN A73 B55 B56
MOVE A45 197
MOVE A50 108
MOVE A51 197
MOVE A52 108
MOVE A53 108
MOVE A54 108
MOVE A55 108
MOVE A56 197
MOVE A57 197
MOVE A58 197
MOVE A59 108
MOVE A60 108
MOVE A61 197
MOVE A62 197
MOVE A63 108
MOVE A64 108
MOVE A65 197
MOVE A66 197
MOVE A67 108
MOVE A68 108
MOVE A69 197
MOVE A70 197
MOVE B54 207
END TURN 215
TURN 216
COMMAND LEFT START
COMMAND LEFT END
COMMAND RIGHT START
COMMAND RIGHT END
TURN 216 RESULT
TIME LEFT 0 5 RIGHT 0 5
MOVE A45 207
MOVE A51 207
MOVE A56 207
MOVE A57 207
MOVE A58 207
MOVE A61 207
MOVE A62 207
MOVE A65 207
MOVE A66 207
MOVE A69 207
MOVE A70 207
DAMAGE TURRET A45 1
DAMAGE COMBAT A45 1
DAMAGE COMBAT B54 6
SIEGE B 207 5
END TURN 216
TURN 217
COMMAND LEFT START
COMMAND LEFT END
COMMAND RIGHT START
MOVE B55 207
TRAIN 1
COMMAND RIGHT END
TURN 217 RESULT
TIME LEFT 0 5 RIGHT 0 5
TRAIN B57
MOVE B55 214
DAMAGE TURRET A45 1
SIEGE B 207 1
END TURN 217
TURN 218
COMMAND LEFT START
MOVE A73 108
MOVE A45 108
MOVE A51 108
MOVE A56 108
MOVE A57 108
MOVE A58 108
MOVE A61 108
MOVE A62 108
MOVE A65 108
MOVE A66 108
MOVE A69 108
MOVE A70 108
TRAIN 1
COMMAND LEFT END
COMMAND RIGHT START
COMMAND RIGHT END
TURN 218 RESULT
TIME LEFT 0 5 RIGHT 0 5
TRAIN A74
MOVE A45 197
MOVE A51 197
MOVE A56 197
MOVE A57 197
MOVE A58 197
MOVE A61 197
MOVE A62 197
MOVE A65 197
MOVE A66 197
MOVE A69 197
MOVE A70 197
MOVE A73 7
MOVE B55 207
END TURN 218
TURN 219
COMMAND LEFT START
COMMAND LEFT END
COMMAND RIGHT START
MOVE B55 216
TRAIN 1
COMMAND RIGHT END
TURN 219 RESULT
TIME LEFT 0 5 RIGHT 0 5
TRAIN B58
MOVE A45 188
MOVE A51 188
MOVE A56 188
MOVE A57 188
MOVE A58 188
MOVE A61 188
MOVE A62 188
MOVE A65 188
MOVE A66 188
MOVE A69 188
MOVE A70 188
MOVE A73 17
MOVE B55 214
END TURN 219
TURN 220
COMMAND LEFT START
COMMAND LEFT END
COMMAND RIGHT START
MOVE B56 207
MOVE B57 188
MOVE B58 17
COMMAND RIGHT END
TURN 220 RESULT
TIME LEFT 0 5 RIGHT 0 5
MOVE A45 175
MOVE A51 175
MOVE A56 175
MOVE A57 175
MOVE A58 175
MOVE A61 175
MOVE A62 175
MOVE A65 175
MOVE A66 175
MOVE A69 175
MOVE A70 175
MOVE A73 25
MOVE B55 216
MOVE B56 214
MOVE B57 211
MOVE B58 209
END TURN 220
TURN 221
COMMAND LEFT START
COMMAND LEFT END
COMMAND RIGHT START
MOVE B55 17
COMMAND RIGHT END
TURN 221 RESULT
TIME LEFT 0 5 RIGHT 0 5
MOVE A45 157
MOVE A51 157
MOVE A56 157
MOVE A57 157
MOVE A58 157
MOVE A61 157
MOVE A62 157
MOVE A65 157
MOVE A66 157
MOVE A69 157
MOVE A70 157
MOVE A73 46
MOVE B55 209
MOVE B56 207
MOVE B57 202
MOVE B58 199
END TURN 221
TURN 222
COMMAND LEFT START
COMMAND LEFT END
COMMAND RIGHT START
COMMAND RIGHT END
TURN 222 RESULT
TIME LEFT 0 5 RIGHT 0 5
MOVE A45 140
MOVE A51 140
MOVE A56 140
MOVE A57 140
MOVE A58 140
MOVE A61 140
MOVE A62 140
MOVE A65 140
MOVE A66 140
MOVE A69 140
MOVE A70 140
MOVE A73 59
MOVE B55 199
MOVE B57 188
MOVE B58 191
END TURN 222
TURN 223
COMMAND LEFT START
COMMAND LEFT END
COMMAND RIGHT START
COMMAND RIGHT END
TURN 223 RESULT
TIME LEFT 0 5 RIGHT 0 5
MOVE A45 108
MOVE A51 108
MOVE A56 108
MOVE A57 108
MOVE A58 108
MOVE A61 108
MOVE A62 108
MOVE A65 108
MOVE A66 108
MOVE A69 108
MOVE A70 108
MOVE A73 76
MOVE B55 191
MOVE B58 170
END TURN 223
TURN 224
COMMAND LEFT START
COMMAND LEFT END
COMMAND RIGHT START
COMMAND RIGHT END
TURN 224 RESULT
TIME LEFT 0 5 RIGHT 0 5
MOVE A73 108
MOVE B55 170
MOVE B58 157
END TURN 224
TURN 225
COMMAND LEFT START
COMMAND LEFT END
COMMAND RIGHT START
COMMAND RIGHT END
TURN 225 RESULT
TIME LEFT 0 5 RIGHT 0 5
MOVE B55 157
MOVE B58 140
END TURN 225
TURN 226
COMMAND LEFT START
COMMAND LEFT END
COMMAND RIGHT START
COMMAND RIGHT END
TURN 226 RESULT
TIME LEFT 0 5 RIGHT 0 5
MOVE B55 140
MOVE B58 108
DAMAGE TURRET B58 1
DAMAGE COMBAT A45 1
DAMAGE COMBAT B58 5
END TURN 226
TURN 227
COMMAND LEFT START
COMMAND LEFT END
COMMAND RIGHT START
COMMAND RIGHT END
TURN 227 RESULT
TIME LEFT 0 5 RIGHT 0 5
MOVE B55 108
DAMAGE TURRET B55 1
DAMAGE COMBAT A28 1
DAMAGE COMBAT B55 5
END TURN 227
TURN 228
COMMAND LEFT START
MOVE A62 216
MOVE A52 216
MOVE A53 216
MOVE A54 216
MOVE A55 216
MOVE A56 216
MOVE A57 216
MOVE A58 216
MOVE A59 216
MOVE A60 216
MOVE A61 216
MOVE A51 216
MOVE A63 216
MOVE A64 216
MOVE A65 216
MOVE A66 216
MOVE A67 216
MOVE A68 216
MOVE A69 216
MOVE A70 216
MOVE A71 216
MOVE A73 216
MOVE A49 216
MOVE A48 216
MOVE A47 216
MOVE A30 216
MOVE A43 216
MOVE A31 216
MOVE A41 216
MOVE A33 216
MOVE A39 216
MOVE A38 216
MOVE A34 216
MOVE A36 216
MOVE A35 216
MOVE A15 216
MOVE A50 216
MOVE A29 216
MOVE A37 216
MOVE A40 216
MOVE A42 216
MOVE A44 216
MOVE A46 216
COMMAND LEFT END
COMMAND RIGHT START
UPGRADE 207
COMMAND RIGHT END
TURN 228 RESULT
TIME LEFT 0 5 RIGHT 0 5
UPGRADE B 207
MOVE A15 140
MOVE A29 140
MOVE A30 140
MOVE A31 140
MOVE A33 140
MOVE A34 140
MOVE A35 140
MOVE A36 140
MOVE A37 140
MOVE A38 140
MOVE A39 140
MOVE A40 140
MOVE A41 140
MOVE A42 140
MOVE A43 140
MOVE A44 140
MOVE A46 140
MOVE A47 140
MOVE A48 140
MOVE A49 140
MOVE A50 140
MOVE A51 140
MOVE A52 140
MOVE A53 140
MOVE A54 140
MOVE A55 140
MOVE A56 140
MOVE A57 140
MOVE A58 140
MOVE A59 140
MOVE A60 140
MOVE A61 140
MOVE A62 140
MOVE A63 140
MOVE A64 140
MOVE A65 140
MOVE A66 140
MOVE A67 140
MOVE A68 140
MOVE A69 140
MOVE A70 140
MOVE A71 140
MOVE A73 140
END TURN 228
TURN 229
COMMAND LEFT START
COMMAND LEFT END
COMMAND RIGHT START
COMMAND RIGHT END
TURN 229 RESULT
TIME LEFT 0 5 RIGHT 0 5
MOVE A15 157
MOVE A29 157
MOVE A30 157
MOVE A31 157
MOVE A33 157
MOVE A34 157
MOVE A35 157
MOVE A36 157
MOVE A37 157
MOVE A38 157
MOVE A39 157
MOVE A40 157
MOVE A41 157
MOVE A42 157
MOVE A43 157
MOVE A44 157
MOVE A46 157
MOVE A47 157
MOVE A48 157
MOVE A49 157
MOVE A50 157
MOVE A51 157
MOVE A52 157
MOVE A53 157
MOVE A54 157
MOVE A55 157
MOVE A56 157
MOVE A57 157
MOVE A58 157
MOVE A59 157
MOVE A60 157
MOVE A61 157
MOVE A62 157
MOVE A63 157
MOVE A64 157
MOVE A65 157
MOVE A66 157
MOVE A67 157
MOVE A68 157
MOVE A69 157
MOVE A70 157
MOVE A71 157
MOVE A73 157
END TURN 229
TURN 230
COMMAND LEFT START
COMMAND LEFT END
COMMAND RIGHT START
COMMAND RIGHT END
TURN 230 RESULT
TIME LEFT 0 5 RIGHT 0 5
MOVE A15 170
MOVE A29 170
MOVE A30 170
MOVE A31 170
MOVE A33 170
MOVE A34 170
MOVE A35 170
MOVE A36 170
MOVE A37 170
MOVE A38 170
MOVE A39 170
MOVE A40 170
MOVE A41 170
MOVE A42 170
MOVE A43 170
MOVE A44 170
MOVE A46 170
MOVE A47 170
MOVE A48 170
MOVE A49 170
MOVE A50 170
MOVE A51 170
MOVE A52 170
MOVE A53 170
MOVE A54 170
MOVE A55 170
MOVE A56 170
MOVE A57 170
MOVE A58 170
MOVE A59 170
MOVE A60 170
MOVE A61 170
MOVE A62 170
MOVE A63 170
MOVE A64 170
MOVE A65 170
MOVE A66 170
MOVE A67 170
MOVE A68 170
MOVE A69 170
MOVE A70 170
MOVE A71 170
MOVE A73 170
END TURN 230
TURN 231
COMMAND LEFT START
MOVE A74 108
TRAIN 1
COMMAND LEFT END
COMMAND RIGHT START
COMMAND RIGHT END
TURN 231 RESULT
TIME LEFT 0 5 RIGHT 0 5
TRAIN A75
MOVE A15 191
MOVE A29 191
MOVE A30 191
MOVE A31 191
MOVE A33 191
MOVE A34 191
MOVE A35 191
MOVE A36 191
MOVE A37 191
MOVE A38 191
MOVE A39 191
MOVE A40 191
MOVE A41 191
MOVE A42 191
MOVE A43 191
MOVE A44 191
MOVE A46 191
MOVE A47 191
MOVE A48 191
MOVE A49 191
MOVE A50 191
MOVE A51 191
MOVE A52 191
MOVE A53 191
MOVE A54 191
MOVE A55 191
MOVE A56 191
MOVE A57 191
MOVE A58 191
MOVE A59 191
MOVE A60 191
MOVE A61 191
MOVE A62 191
MOVE A63 191
MOVE A64 191
MOVE A65 191
MOVE A66 191
MOVE A67 191
MOVE A68 191
MOVE A69 191
MOVE A70 191
MOVE A71 191
MOVE A73 191
MOVE A74 7
END TURN 231
TURN 232
COMMAND LEFT START
COMMAND LEFT END
COMMAND RIGHT START
MOVE B57 216
TRAIN 2
COMMAND RIGHT END
TURN 232 RESULT
TIME LEFT 0 5 RIGHT 1 5
TRAIN B59 B60
MOVE A15 199
MOVE A29 199
MOVE A30 199
MOVE A31 199
MOVE A33 199
MOVE A34 199
MOVE A35 199
MOVE A36 199
MOVE A37 199
MOVE A38 199
MOVE A39 199
MOVE A40 199
MOVE A41 199
MOVE A42 199
MOVE A43 199
MOVE A44 199
MOVE A46 199
MOVE A47 199
MOVE A48 199
MOVE A49 199
MOVE A50 199
MOVE A51 199
MOVE A52 199
MOVE A53 199
MOVE A54 199
MOVE A55 199
MOVE A56 199
MOVE A57 199
MOVE A58 199
MOVE A59 199
MOVE A60 199
MOVE A61 199
MOVE A62 199
MOVE A63 199
MOVE A64 199
MOVE A65 199
MOVE A66 199
MOVE A67 199
MOVE A68 199
MOVE A69 199
MOVE A70 199
MOVE A71 199
MOVE A73 199
MOVE A74 17
MOVE B57 202
END TURN 232
TURN 233
COMMAND LEFT START
COMMAND LEFT END
COMMAND RIGHT START
TRAIN 1
COMMAND RIGHT END
TURN 233 RESULT
TIME LEFT 0 5 RIGHT 3 5
TRAIN B61
MOVE A15 209
MOVE A29 209
MOVE A30 209
MOVE A31 209
MOVE A33 209
MOVE A34 209
MOVE A35 209
MOVE A36 209
MOVE A37 209
MOVE A38 209
MOVE A39 209
MOVE A40 209
MOVE A41 209
MOVE A42 209
MOVE A43 209
MOVE A44 209
MOVE A46 209
MOVE A47 209
MOVE A48 209
MOVE A49 209
MOVE A50 209
MOVE A51 209
MOVE A52 209
MOVE A53 209
MOVE A54 209
MOVE A55 209
MOVE A56 209
MOVE A57 209
MOVE A58 209
MOVE A59 209
MOVE A60 209
MOVE A61 209
MOVE A62 209
MOVE A63 209
MOVE A64 209
MOVE A65 209
MOVE A66 209
MOVE A67 209
MOVE A68 209
MOVE A69 209
MOVE A70 209
MOVE A71 209
MOVE A73 209
MOVE A74 25
MOVE B57 211
END TURN 233
TURN 234
COMMAND LEFT START
MOVE A75 108
TRAIN 1
COMMAND LEFT END
COMMAND RIGHT START
COMMAND RIGHT END
TURN 234 RESULT
TIME LEFT 1 5 RIGHT 0 5
TRAIN A76
MOVE A15 216
MOVE A29 216
MOVE A30 216
MOVE A31 216
MOVE A33 216
MOVE A34 216
MOVE A35 216
MOVE A36 216
MOVE A37 216
MOVE A38 216
MOVE A39 216
MOVE A40 216
MOVE A41 216
MOVE A42 216
MOVE A43 216
MOVE A44 216
MOVE A46 216
MOVE A47 216
MOVE A48 216
MOVE A49 216
MOVE A50 216
MOVE A51 216
MOVE A52 216
MOVE A53 216
MOVE A54 216
MOVE A55 216
MOVE A56 216
MOVE A57 216
MOVE A58 216
MOVE A59 216
MOVE A60 216
MOVE A61 216
MOVE A62 216
MOVE A63 216
MOVE A64 216
MOVE A65 216
MOVE A66 216
MOVE A67 216
MOVE A68 216
MOVE A69 216
MOVE A70 216
MOVE A71 216
MOVE A73 216
MOVE A74 46
MOVE A75 7
MOVE B57 216
DAMAGE TURRET A46 2
DAMAGE COMBAT A29 4
DAMAGE COMBAT A37 3
DAMAGE COMBAT B25 1
DAMAGE COMBAT B26 5
DAMAGE COMBAT B41 5
DAMAGE COMBAT B57 6
DAMAGE COMBAT B59 6
DAMAGE COMBAT B60 6
DAMAGE COMBAT B61 6
SIEGE B 216 8
END TURN 234
TURN 235
COMMAND LEFT START
COMMAND LEFT END
COMMAND RIGHT START
MOVE B6 216
MOVE B8 216
MOVE B56 216
TRAIN 1
COMMAND RIGHT END
TURN 235 RESULT
TIME LEFT 0 5 RIGHT 0 5
TRAIN B62
MOVE A74 59
MOVE A75 17
MOVE B6 186
MOVE B8 159
MOVE B56 214
DAMAGE TURRET A37 1
DAMAGE TURRET A40 1
DAMAGE COMBAT A40 1
DAMAGE COMBAT B62 6
SIEGE B 216 12
END TURN 235
RESULT LEFT_WIN HQ_DESTROYED
