[LEFT ""]
[RIGHT ""]
MAP
243 17
-10900 -10575 -10575 -10147 -10160 -9836 -8381 -8311 -8384 -8315 -8026 -8149 -9096 -8607 -8850 -7737 -7614 -8342 -7240 -7173 -7129 -7161 -6983 -6890 -6867 -6689 -7471 -6639 -7132 -6426 -6333 -6339 -6112 -6072 -6022 -6043 -5950 -5723 -5813 -5741 -5667 -5638 -6257 -5287 -5270 -5302 -5022 -5676 -4993 -4963 -4958 -5016 -4966 -4865 -4609 -5041 -4269 -4403 -4172 -4077 -4000 -4385 -3970 -3893 -3826 -3802 -3830 -3737 -3693 -3637 -3532 -3403 -3202 -3067 -3218 -3301 -3640 -2707 -2803 -2833 -2666 -2648 -2721 -2498 -2361 -2374 -2670 -2312 -2212 -1938 -2150 -1929 -1941 -1801 -1803 -1708 -1770 -1693 -1714 -1374 -1425 -1397 -1352 -1126 -1148 -904 -1076 -883 -901 -891 -765 -758 -713 -798 -521 -378 -229 -429 -382 -75 -265 0 265 75 382 429 229 378 521 798 713 758 765 891 901 883 1076 904 1148 1126 1352 1397 1425 1374 1714 1693 1770 1708 1803 1801 1941 1929 2150 1938 2212 2312 2670 2374 2361 2498 2721 2648 2666 2833 2803 2707 3640 3301 3218 3067 3202 3403 3532 3637 3693 3737 3830 3802 3826 3893 3970 4385 4000 4077 4172 4403 4269 5041 4609 4865 4966 5016 4958 4963 4993 5676 5022 5302 5270 5287 6257 5638 5667 5741 5813 5723 5950 6043 6022 6072 6112 6339 6333 6426 7132 6639 7471 6689 6867 6890 6983 7161 7129 7173 7240 8342 7614 7737 8850 8607 9096 8149 8026 8315 8384 8311 8381 9836 10160 10147 10575 10575 10900
453 1896 -1353 3053 -3606 4506 -103 1205 -1972 -3996 2816 -1051 -6548 -4997 5934 4295 -3040 7320 -877 579 -4004 1908 -5456 -2365 3069 3984 -8303 5047 7878 -6340 -540 -4765 1616 -3601 5923 -1709 2754 807 -7574 7114 -5701 4343 8914 -4714 -289 -2592 5169 -9350 2155 -6800 6553 3512 -1481 -3820 -5736 9587 7496 329 -2788 -1449 6099 -9406 3815 2610 -3987 -7239 1530 -4950 4922 10408 655 -6107 -1325 -3129 7795 -268 -9977 2212 6824 -7805 5407 809 3817 -4500 -521 -5593 -9785 -2413 -6915 -1346 9453 -8048 7919 104 6092 1577 3274 -6052 -11065 -8804 7039 4573 -3220 -5339 -4282 -7555 8961 700 -6608 -1779 5483 -597 3153 10907 8097 6940 -5919 1813 -8768 -4558 -2795 0 2795 4558 8768 -1813 5919 -6940 -8097 -10907 -3153 597 -5483 1779 6608 -700 -8961 7555 4282 5339 3220 -4573 -7039 8804 11065 6052 -3274 -1577 -6092 -104 -7919 8048 -9453 1346 6915 2413 9785 5593 521 4500 -3817 -809 -5407 7805 -6824 -2212 9977 268 -7795 3129 1325 6107 -655 -10408 -4922 4950 -1530 7239 3987 -2610 -3815 9406 -6099 1449 2788 -329 -7496 -9587 5736 3820 1481 -3512 -6553 6800 -2155 9350 -5169 2592 289 4714 -8914 -4343 5701 -7114 7574 -807 -2754 1709 -5923 3601 -1616 4765 540 6340 -7878 -5047 8303 -3984 -3069 2365 5456 -1908 4004 -579 877 -7320 3040 -4295 -5934 4997 6548 1051 -2816 3996 1972 -1205 103 -4506 3606 -3053 1353 -1896 -453
STRONGHOLDS 10 25 31 54 60 76 90 109 121 133 152 166 182 188 211 217 232
4 1 2 6 7
3 0 3 7
5 0 4 6 8 11
4 1 5 7 10
5 2 8 9 12 13
4 3 10 14 15
6 0 2 7 11 18 19
7 0 1 3 6 10 19 21
7 2 4 9 11 16 18 23
5 4 8 13 16 20
6 3 5 7 15 21 24
4 2 6 8 18
5 4 13 22 26 29
5 4 9 12 20 22
4 5 15 17 27
6 5 10 14 24 25 27
5 8 9 20 23 33
4 14 27 28 34
7 6 8 11 19 23 30 35
7 6 7 18 21 30 32 37
6 9 13 16 22 31 33
6 7 10 19 24 32 36
6 12 13 20 29 31 40
6 8 16 18 33 35 45
5 10 15 21 25 36
5 15 24 27 36 41
4 12 29 38 47
7 14 15 17 25 34 41 46
4 17 34 39 42
6 12 22 26 38 40 49
5 18 19 35 37 44
5 20 22 33 40 43
5 19 21 36 37 48
7 16 20 23 31 43 45 53
6 17 27 28 39 46 50
6 18 23 30 44 45 52
7 21 24 25 32 41 48 51
6 19 30 32 44 48 57
6 26 29 47 49 61 65
5 28 34 42 50 56
6 22 29 31 43 49 54
5 25 27 36 46 51
4 28 39 55 56
6 31 33 40 53 54 67
6 30 35 37 52 57 59
6 23 33 35 52 53 58
8 27 34 41 50 51 60 62 68
4 26 38 61 76
7 32 36 37 51 57 63 66
5 29 38 40 54 65
5 34 39 46 56 60
6 36 41 46 48 62 63
5 35 44 45 58 59
6 33 43 45 58 64 67
6 40 43 49 65 67 71
4 42 56 69 74
7 39 42 50 55 60 74 78
7 37 44 48 59 66 70 75
7 45 52 53 59 64 72 73
6 44 52 57 58 72 75
6 46 50 56 68 78 80
5 38 47 65 76 79
5 46 51 63 68 82
6 48 51 62 66 77 82
5 53 58 67 73 83
7 38 49 54 61 71 79 88
6 48 57 63 70 77 81
7 43 53 54 64 71 83 85
5 46 60 62 80 82
4 55 74 90 113
4 57 66 75 81
5 54 65 67 85 88
7 58 59 73 75 84 87 89
6 58 64 72 83 87 102
6 55 56 69 78 90 92
6 57 59 70 72 81 84
5 47 61 79 86 98
6 63 66 81 82 95 96
7 56 60 74 80 92 94 100
6 61 65 76 86 88 91
6 60 68 78 82 94 101
7 66 70 75 77 84 93 95
7 62 63 68 77 80 96 101
7 64 67 73 85 102 103 104
5 72 75 81 89 93
6 67 71 83 88 97 103
5 76 79 91 98 99
5 72 73 89 102 109
8 65 71 79 85 91 97 105 108
6 72 84 87 93 109 111
5 69 74 92 106 113
5 79 86 88 99 105
6 74 78 90 100 106 114
6 81 84 89 95 107 111
5 78 80 100 101 110
7 77 81 93 96 107 112 117
5 77 82 95 101 112
4 85 88 103 108
5 76 86 99 118 129
5 86 91 98 105 118
6 78 92 94 110 114 115
7 80 82 94 96 110 112 123
6 73 83 87 104 109 120
7 83 85 97 104 108 116 119
5 83 102 103 119 120
7 88 91 99 108 118 127 128
5 90 92 113 114 124
6 93 95 111 117 121 131
6 88 97 103 105 116 127
6 87 89 102 111 120 125
6 94 100 101 115 123 126
7 89 93 107 109 121 125 135
6 95 96 101 117 122 123
5 69 90 106 124 144
6 92 100 106 115 124 137
6 100 110 114 126 134 137
5 103 108 119 127 132
6 95 107 112 122 131 133
6 98 99 105 128 129 136
7 103 104 116 120 130 132 141
6 102 104 109 119 125 130
4 107 111 131 135
6 112 117 123 133 138 140
7 101 110 112 122 126 138 139
6 106 113 114 137 143 144
6 109 111 120 130 135 147
5 110 115 123 134 139
6 105 108 116 128 132 142
6 105 118 127 136 142 150
5 98 118 136 152 173
6 119 120 125 141 146 147
7 107 117 121 133 135 149 153
6 116 119 127 141 142 148
6 117 122 131 140 153 155
6 115 126 137 139 145 154
6 111 121 125 131 147 149
5 118 128 129 150 152
7 114 115 124 134 143 151 154
5 122 123 139 140 159
7 123 126 134 138 145 157 159
6 122 133 138 155 159 169
7 119 130 132 146 148 160 162
6 127 128 132 148 150 164
5 124 137 144 151 156
5 113 124 143 156 166
4 134 139 154 157
5 130 141 147 160 165
7 125 130 135 146 149 161 165
5 132 141 142 162 164
6 131 135 147 153 158 161
6 128 136 142 152 164 168
5 137 143 154 156 163
5 129 136 150 168 173
6 131 133 149 155 158 170
8 134 137 145 151 157 163 171 177
5 133 140 153 169 170
5 143 144 151 163 166
6 139 145 154 159 171 175
5 149 153 161 167 170
7 138 139 140 157 169 175 178
7 141 146 162 165 174 179 180
7 147 149 158 165 167 172 176
6 141 148 160 164 174 182
6 151 154 156 166 177 181
7 142 148 150 162 168 182 186
6 146 147 160 161 176 179
5 144 156 163 181 195
6 158 161 170 172 183 185
6 150 152 164 173 186 187
6 140 155 159 170 178 184
7 153 155 158 167 169 183 184
5 154 157 175 177 188
4 161 167 176 185
4 129 152 168 187
5 160 162 180 182 196
7 157 159 171 178 188 189 199
6 161 165 172 179 185 194
7 154 163 171 181 188 193 204
5 159 169 175 184 189
6 160 165 176 180 191 194
5 160 174 179 191 196
5 163 166 177 195 204
6 162 164 174 186 192 196
6 167 170 184 185 190 198
7 169 170 178 183 189 190 197
7 167 172 176 183 194 198 205
7 164 168 182 187 192 200 203
4 168 173 186 200
6 171 175 177 193 199 202
6 175 178 184 197 199 209
5 183 184 197 198 207
6 179 180 194 196 201 206
5 182 186 196 203 208
5 177 188 202 204 213
7 176 179 185 191 205 206 210
4 166 181 204 216
8 174 180 182 191 192 201 208 215
6 184 189 190 207 209 219
6 183 185 190 205 207 212
6 175 188 189 202 209 211
4 186 187 203 214
5 191 196 206 215 217
6 188 193 199 211 213 220
5 186 192 200 208 214
6 177 181 193 195 213 216
6 185 194 198 210 212 223
7 191 194 201 210 217 218 221
6 190 197 198 212 219 224
6 192 196 203 214 215 225
7 189 197 199 211 219 222 226
5 194 205 206 221 223
5 199 202 209 220 222
5 198 205 207 223 224
6 193 202 204 216 220 230
4 200 203 208 225
7 196 201 208 217 225 227 228
4 195 204 213 230
5 201 206 215 218 227
5 206 217 221 227 232
6 197 207 209 224 226 234
6 202 211 213 222 229 230
6 206 210 218 223 232 235
6 209 211 220 226 229 233
7 205 210 212 221 224 235 236
7 207 212 219 223 231 234 236
4 208 214 215 228
5 209 219 222 233 234
6 215 217 218 228 232 237
4 215 225 227 237
5 220 222 230 233 238
5 213 216 220 229 238
4 224 234 236 240
6 218 221 227 235 237 239
5 222 226 229 234 238
7 219 224 226 231 233 238 240
7 221 223 232 236 239 241 242
6 223 224 231 235 240 242
4 227 228 232 239
5 229 230 233 234 240
4 232 235 237 241
5 231 234 236 238 242
3 235 239 242
4 235 236 240 241
END MAP
TURN 1
COMMAND LEFT START
MOVE A2 10
COMMAND LEFT END
COMMAND RIGHT START
MOVE B1 232
MOVE B2 121
COMMAND RIGHT END
TURN 1 RESULT
TIME LEFT 64 5 RIGHT 1 5
MOVE A2 7
MOVE B1 235
MOVE B2 236
END TURN 1
TURN 2
COMMAND LEFT START
COMMAND LEFT END
COMMAND RIGHT START
COMMAND RIGHT END
TURN 2 RESULT
TIME LEFT 0 5 RIGHT 0 5
MOVE A2 10
MOVE B1 232
MOVE B2 224
END TURN 2
TURN 3
COMMAND LEFT START
MOVE A3 25
UPGRADE 10
COMMAND LEFT END
COMMAND RIGHT START
UPGRADE 232
COMMAND RIGHT END
TURN 3 RESULT
TIME LEFT 1 5 RIGHT 0 5
UPGRADE A 10
UPGRADE B 232
MOVE A3 7
MOVE B2 207
END TURN 3
TURN 4
COMMAND LEFT START
COMMAND LEFT END
COMMAND RIGHT START
COMMAND RIGHT END
TURN 4 RESULT
TIME LEFT 0 5 RIGHT 0 5
MOVE A3 21
MOVE B2 190
END TURN 4
TURN 5
COMMAND LEFT START
COMMAND LEFT END
COMMAND RIGHT START
COMMAND RIGHT END
TURN 5 RESULT
TIME LEFT 0 5 RIGHT 0 5
MOVE A3 24
MOVE B2 183
END TURN 5
TURN 6
COMMAND LEFT START
COMMAND LEFT END
COMMAND RIGHT START
COMMAND RIGHT END
TURN 6 RESULT
TIME LEFT 0 5 RIGHT 0 5
MOVE A3 25
MOVE B2 170
END TURN 6
TURN 7
COMMAND LEFT START
COMMAND LEFT END
COMMAND RIGHT START
COMMAND RIGHT END
TURN 7 RESULT
TIME LEFT 0 5 RIGHT 0 5
MOVE B2 153
END TURN 7
TURN 8
COMMAND LEFT START
COMMAND LEFT END
COMMAND RIGHT START
COMMAND RIGHT END
TURN 8 RESULT
TIME LEFT 0 5 RIGHT 0 5
MOVE B2 131
END TURN 8
TURN 9
COMMAND LEFT START
COMMAND LEFT END
COMMAND RIGHT START
COMMAND RIGHT END
TURN 9 RESULT
TIME LEFT 0 5 RIGHT 0 5
MOVE B2 121
END TURN 9
TURN 10
COMMAND LEFT START
COMMAND LEFT END
COMMAND RIGHT START
COMMAND RIGHT END
TURN 10 RESULT
TIME LEFT 0 5 RIGHT 0 5
END TURN 10
TURN 11
COMMAND LEFT START
COMMAND LEFT END
COMMAND RIGHT START
COMMAND RIGHT END
TURN 11 RESULT
TIME LEFT 1 5 RIGHT 0 5
END TURN 11
TURN 12
COMMAND LEFT START
COMMAND LEFT END
COMMAND RIGHT START
COMMAND RIGHT END
TURN 12 RESULT
TIME LEFT 0 5 RIGHT 0 5
END TURN 12
TURN 13
COMMAND LEFT START
COMMAND LEFT END
COMMAND RIGHT START
COMMAND RIGHT END
TURN 13 RESULT
TIME LEFT 0 5 RIGHT 0 5
END TURN 13
TURN 14
COMMAND LEFT START
UPGRADE 25
COMMAND LEFT END
COMMAND RIGHT START
UPGRADE 121
COMMAND RIGHT END
TURN 14 RESULT
TIME LEFT 1 5 RIGHT 0 5
UPGRADE A 25
UPGRADE B 121
END TURN 14
TURN 15
COMMAND LEFT START
COMMAND LEFT END
COMMAND RIGHT START
COMMAND RIGHT END
TURN 15 RESULT
TIME LEFT 1 5 RIGHT 0 5
END TURN 15
TURN 16
COMMAND LEFT START
COMMAND LEFT END
COMMAND RIGHT START
COMMAND RIGHT END
TURN 16 RESULT
TIME LEFT 1 5 RIGHT 0 5
END TURN 16
TURN 17
COMMAND LEFT START
COMMAND LEFT END
COMMAND RIGHT START
TRAIN 1
COMMAND RIGHT END
TURN 17 RESULT
TIME LEFT 1 5 RIGHT 0 5
TRAIN B4
END TURN 17
TURN 18
COMMAND LEFT START
COMMAND LEFT END
COMMAND RIGHT START
COMMAND RIGHT END
TURN 18 RESULT
TIME LEFT 1 5 RIGHT 0 5
END TURN 18
TURN 19
COMMAND LEFT START
COMMAND LEFT END
COMMAND RIGHT START
COMMAND RIGHT END
TURN 19 RESULT
TIME LEFT 1 5 RIGHT 0 5
END TURN 19
TURN 20
COMMAND LEFT START
COMMAND LEFT END
COMMAND RIGHT START
COMMAND RIGHT END
TURN 20 RESULT
TIME LEFT 1 5 RIGHT 0 5
END TURN 20
TURN 21
COMMAND LEFT START
COMMAND LEFT END
COMMAND RIGHT START
COMMAND RIGHT END
TURN 21 RESULT
TIME LEFT 1 5 RIGHT 0 5
END TURN 21
TURN 22
COMMAND LEFT START
TRAIN 1
COMMAND LEFT END
COMMAND RIGHT START
COMMAND RIGHT END
TURN 22 RESULT
TIME LEFT 1 5 RIGHT 0 5
TRAIN A4
END TURN 22
TURN 23
COMMAND LEFT START
MOVE A4 109
COMMAND LEFT END
COMMAND RIGHT START
COMMAND RIGHT END
TURN 23 RESULT
TIME LEFT 0 5 RIGHT 0 5
MOVE A4 6
END TURN 23
TURN 24
COMMAND LEFT START
COMMAND LEFT END
COMMAND RIGHT START
COMMAND RIGHT END
TURN 24 RESULT
TIME LEFT 0 5 RIGHT 0 5
MOVE A4 18
END TURN 24
TURN 25
COMMAND LEFT START
COMMAND LEFT END
COMMAND RIGHT START
COMMAND RIGHT END
TURN 25 RESULT
TIME LEFT 0 5 RIGHT 0 5
MOVE A4 35
END TURN 25
TURN 26
COMMAND LEFT START
COMMAND LEFT END
COMMAND RIGHT START
COMMAND RIGHT END
TURN 26 RESULT
TIME LEFT 0 5 RIGHT 0 5
MOVE A4 52
END TURN 26
TURN 27
COMMAND LEFT START
COMMAND LEFT END
COMMAND RIGHT START
MOVE B3 217
COMMAND RIGHT END
TURN 27 RESULT
TIME LEFT 0 5 RIGHT 0 5
MOVE A4 59
MOVE B3 235
END TURN 27
TURN 28
COMMAND LEFT START
COMMAND LEFT END
COMMAND RIGHT START
COMMAND RIGHT END
TURN 28 RESULT
TIME LEFT 0 5 RIGHT 0 5
MOVE A4 72
MOVE B3 221
END TURN 28
TURN 29
COMMAND LEFT START
COMMAND LEFT END
COMMAND RIGHT START
COMMAND RIGHT END
TURN 29 RESULT
TIME LEFT 0 5 RIGHT 0 5
MOVE A4 89
MOVE B3 218
END TURN 29
TURN 30
COMMAND LEFT START
COMMAND LEFT END
COMMAND RIGHT START
COMMAND RIGHT END
TURN 30 RESULT
TIME LEFT 0 5 RIGHT 0 5
MOVE A4 109
MOVE B3 217
END TURN 30
TURN 31
COMMAND LEFT START
UPGRADE 109
COMMAND LEFT END
COMMAND RIGHT START
UPGRADE 217
COMMAND RIGHT END
TURN 31 RESULT
TIME LEFT 1 5 RIGHT 0 5
UPGRADE A 109
UPGRADE B 217
END TURN 31
TURN 32
COMMAND LEFT START
COMMAND LEFT END
COMMAND RIGHT START
COMMAND RIGHT END
TURN 32 RESULT
TIME LEFT 1 5 RIGHT 0 5
END TURN 32
TURN 33
COMMAND LEFT START
COMMAND LEFT END
COMMAND RIGHT START
TRAIN 1
COMMAND RIGHT END
TURN 33 RESULT
TIME LEFT 1 5 RIGHT 0 5
TRAIN B5
END TURN 33
TURN 34
COMMAND LEFT START
COMMAND LEFT END
COMMAND RIGHT START
COMMAND RIGHT END
TURN 34 RESULT
TIME LEFT 1 5 RIGHT 0 5
END TURN 34
TURN 35
COMMAND LEFT START
COMMAND LEFT END
COMMAND RIGHT START
COMMAND RIGHT END
TURN 35 RESULT
TIME LEFT 1 5 RIGHT 0 5
END TURN 35
TURN 36
COMMAND LEFT START
TRAIN 1
COMMAND LEFT END
COMMAND RIGHT START
COMMAND RIGHT END
TURN 36 RESULT
TIME LEFT 1 5 RIGHT 0 5
TRAIN A5
END TURN 36
TURN 37
COMMAND LEFT START
MOVE A5 60
COMMAND LEFT END
COMMAND RIGHT START
COMMAND RIGHT END
TURN 37 RESULT
TIME LEFT 0 5 RIGHT 0 5
MOVE A5 7
END TURN 37
TURN 38
COMMAND LEFT START
COMMAND LEFT END
COMMAND RIGHT START
COMMAND RIGHT END
TURN 38 RESULT
TIME LEFT 0 5 RIGHT 0 5
MOVE A5 21
END TURN 38
TURN 39
COMMAND LEFT START
COMMAND LEFT END
COMMAND RIGHT START
MOVE B5 211
COMMAND RIGHT END
TURN 39 RESULT
TIME LEFT 0 5 RIGHT 0 5
MOVE A5 36
MOVE B5 240
END TURN 39
TURN 40
COMMAND LEFT START
COMMAND LEFT END
COMMAND RIGHT START
COMMAND RIGHT END
TURN 40 RESULT
TIME LEFT 0 5 RIGHT 0 5
MOVE A5 41
MOVE B5 234
END TURN 40
TURN 41
COMMAND LEFT START
COMMAND LEFT END
COMMAND RIGHT START
COMMAND RIGHT END
TURN 41 RESULT
TIME LEFT 0 5 RIGHT 0 5
MOVE A5 46
MOVE B5 226
END TURN 41
TURN 42
COMMAND LEFT START
COMMAND LEFT END
COMMAND RIGHT START
COMMAND RIGHT END
TURN 42 RESULT
TIME LEFT 0 5 RIGHT 0 5
MOVE A5 60
MOVE B5 222
END TURN 42
TURN 43
COMMAND LEFT START
UPGRADE 60
COMMAND LEFT END
COMMAND RIGHT START
COMMAND RIGHT END
TURN 43 RESULT
TIME LEFT 1 5 RIGHT 0 5
UPGRADE A 60
MOVE B5 211
END TURN 43
TURN 44
COMMAND LEFT START
COMMAND LEFT END
COMMAND RIGHT START
UPGRADE 211
COMMAND RIGHT END
TURN 44 RESULT
TIME LEFT 1 5 RIGHT 0 5
UPGRADE B 211
END TURN 44
TURN 45
COMMAND LEFT START
COMMAND LEFT END
COMMAND RIGHT START
COMMAND RIGHT END
TURN 45 RESULT
TIME LEFT 1 5 RIGHT 0 5
END TURN 45
TURN 46
COMMAND LEFT START
TRAIN 1
COMMAND LEFT END
COMMAND RIGHT START
TRAIN 1
COMMAND RIGHT END
TURN 46 RESULT
TIME LEFT 1 5 RIGHT 0 5
TRAIN A6 B6
END TURN 46
TURN 47
COMMAND LEFT START
MOVE A6 54
COMMAND LEFT END
COMMAND RIGHT START
COMMAND RIGHT END
TURN 47 RESULT
TIME LEFT 0 5 RIGHT 0 5
MOVE A6 6
END TURN 47
TURN 48
COMMAND LEFT START
COMMAND LEFT END
COMMAND RIGHT START
COMMAND RIGHT END
TURN 48 RESULT
TIME LEFT 0 5 RIGHT 0 5
MOVE A6 18
END TURN 48
TURN 49
COMMAND LEFT START
COMMAND LEFT END
COMMAND RIGHT START
COMMAND RIGHT END
TURN 49 RESULT
TIME LEFT 0 5 RIGHT 0 5
MOVE A6 23
END TURN 49
TURN 50
COMMAND LEFT START
COMMAND LEFT END
COMMAND RIGHT START
COMMAND RIGHT END
TURN 50 RESULT
TIME LEFT 0 5 RIGHT 0 5
MOVE A6 33
END TURN 50
TURN 51
COMMAND LEFT START
COMMAND LEFT END
COMMAND RIGHT START
COMMAND RIGHT END
TURN 51 RESULT
TIME LEFT 0 5 RIGHT 0 5
MOVE A6 43
END TURN 51
TURN 52
COMMAND LEFT START
COMMAND LEFT END
COMMAND RIGHT START
COMMAND RIGHT END
TURN 52 RESULT
TIME LEFT 0 5 RIGHT 0 5
MOVE A6 54
END TURN 52
TURN 53
COMMAND LEFT START
UPGRADE 54
COMMAND LEFT END
COMMAND RIGHT START
COMMAND RIGHT END
TURN 53 RESULT
TIME LEFT 1 5 RIGHT 0 5
UPGRADE A 54
END TURN 53
TURN 54
COMMAND LEFT START
COMMAND LEFT END
COMMAND RIGHT START
COMMAND RIGHT END
TURN 54 RESULT
TIME LEFT 1 5 RIGHT 0 5
END TURN 54
TURN 55
COMMAND LEFT START
COMMAND LEFT END
COMMAND RIGHT START
UPGRADE 242
COMMAND RIGHT END
TURN 55 RESULT
TIME LEFT 1 5 RIGHT 0 5
UPGRADE B 242
END TURN 55
TURN 56
COMMAND LEFT START
TRAIN 1
COMMAND LEFT END
COMMAND RIGHT START
COMMAND RIGHT END
TURN 56 RESULT
TIME LEFT 1 5 RIGHT 0 5
TRAIN A7
END TURN 56
TURN 57
COMMAND LEFT START
MOVE A7 31
COMMAND LEFT END
COMMAND RIGHT START
COMMAND RIGHT END
TURN 57 RESULT
TIME LEFT 0 5 RIGHT 0 5
MOVE A7 2
END TURN 57
TURN 58
COMMAND LEFT START
COMMAND LEFT END
COMMAND RIGHT START
COMMAND RIGHT END
TURN 58 RESULT
TIME LEFT 0 5 RIGHT 0 5
MOVE A7 8
END TURN 58
TURN 59
COMMAND LEFT START
COMMAND LEFT END
COMMAND RIGHT START
COMMAND RIGHT END
TURN 59 RESULT
TIME LEFT 0 5 RIGHT 0 5
MOVE A7 16
END TURN 59
TURN 60
COMMAND LEFT START
COMMAND LEFT END
COMMAND RIGHT START
COMMAND RIGHT END
TURN 60 RESULT
TIME LEFT 0 5 RIGHT 0 5
MOVE A7 20
END TURN 60
TURN 61
COMMAND LEFT START
COMMAND LEFT END
COMMAND RIGHT START
COMMAND RIGHT END
TURN 61 RESULT
TIME LEFT 0 5 RIGHT 0 5
MOVE A7 31
END TURN 61
TURN 62
COMMAND LEFT START
UPGRADE 31
COMMAND LEFT END
COMMAND RIGHT START
UPGRADE 232
COMMAND RIGHT END
TURN 62 RESULT
TIME LEFT 0 5 RIGHT 0 5
UPGRADE A 31
UPGRADE B 232
END TURN 62
TURN 63
COMMAND LEFT START
COMMAND LEFT END
COMMAND RIGHT START
COMMAND RIGHT END
TURN 63 RESULT
TIME LEFT 0 5 RIGHT 0 5
END TURN 63
TURN 64
COMMAND LEFT START
COMMAND LEFT END
COMMAND RIGHT START
TRAIN 1
COMMAND RIGHT END
TURN 64 RESULT
TIME LEFT 0 5 RIGHT 0 5
TRAIN B7
END TURN 64
TURN 65
COMMAND LEFT START
COMMAND LEFT END
COMMAND RIGHT START
MOVE B4 232
COMMAND RIGHT END
TURN 65 RESULT
TIME LEFT 1 5 RIGHT 0 5
MOVE B4 235
END TURN 65
TURN 66
COMMAND LEFT START
COMMAND LEFT END
COMMAND RIGHT START
COMMAND RIGHT END
TURN 66 RESULT
TIME LEFT 0 5 RIGHT 0 5
MOVE B4 232
END TURN 66
TURN 67
COMMAND LEFT START
COMMAND LEFT END
COMMAND RIGHT START
COMMAND RIGHT END
TURN 67 RESULT
TIME LEFT 0 5 RIGHT 0 5
END TURN 67
TURN 68
COMMAND LEFT START
UPGRADE 0
COMMAND LEFT END
COMMAND RIGHT START
COMMAND RIGHT END
TURN 68 RESULT
TIME LEFT 0 5 RIGHT 0 5
UPGRADE A 0
END TURN 68
TURN 69
COMMAND LEFT START
COMMAND LEFT END
COMMAND RIGHT START
COMMAND RIGHT END
TURN 69 RESULT
TIME LEFT 0 5 RIGHT 0 5
END TURN 69
TURN 70
COMMAND LEFT START
TRAIN 1
COMMAND LEFT END
COMMAND RIGHT START
COMMAND RIGHT END
TURN 70 RESULT
TIME LEFT 0 5 RIGHT 0 5
TRAIN A8
END TURN 70
TURN 71
COMMAND LEFT START
COMMAND LEFT END
COMMAND RIGHT START
COMMAND RIGHT END
TURN 71 RESULT
TIME LEFT 0 5 RIGHT 0 5
END TURN 71
TURN 72
COMMAND LEFT START
COMMAND LEFT END
COMMAND RIGHT START
COMMAND RIGHT END
TURN 72 RESULT
TIME LEFT 0 5 RIGHT 0 5
END TURN 72
TURN 73
COMMAND LEFT START
COMMAND LEFT END
COMMAND RIGHT START
COMMAND RIGHT END
TURN 73 RESULT
TIME LEFT 0 5 RIGHT 0 5
END TURN 73
TURN 74
COMMAND LEFT START
COMMAND LEFT END
COMMAND RIGHT START
COMMAND RIGHT END
TURN 74 RESULT
TIME LEFT 0 5 RIGHT 0 5
END TURN 74
TURN 75
COMMAND LEFT START
COMMAND LEFT END
COMMAND RIGHT START
UPGRADE 242
COMMAND RIGHT END
TURN 75 RESULT
TIME LEFT 0 5 RIGHT 0 5
UPGRADE B 242
END TURN 75
TURN 76
COMMAND LEFT START
COMMAND LEFT END
COMMAND RIGHT START
COMMAND RIGHT END
TURN 76 RESULT
TIME LEFT 1 5 RIGHT 0 5
END TURN 76
TURN 77
COMMAND LEFT START
COMMAND LEFT END
COMMAND RIGHT START
TRAIN 1
COMMAND RIGHT END
TURN 77 RESULT
TIME LEFT 0 5 RIGHT 0 5
TRAIN B8
END TURN 77
TURN 78
COMMAND LEFT START
COMMAND LEFT END
COMMAND RIGHT START
COMMAND RIGHT END
TURN 78 RESULT
TIME LEFT 0 5 RIGHT 0 5
END TURN 78
TURN 79
COMMAND LEFT START
UPGRADE 0
COMMAND LEFT END
COMMAND RIGHT START
COMMAND RIGHT END
TURN 79 RESULT
TIME LEFT 0 5 RIGHT 0 5
UPGRADE A 0
END TURN 79
TURN 80
COMMAND LEFT START
TRAIN 1
COMMAND LEFT END
COMMAND RIGHT START
COMMAND RIGHT END
TURN 80 RESULT
TIME LEFT 0 5 RIGHT 0 5
TRAIN A9
END TURN 80
TURN 81
COMMAND LEFT START
COMMAND LEFT END
COMMAND RIGHT START
COMMAND RIGHT END
TURN 81 RESULT
TIME LEFT 1 5 RIGHT 0 5
END TURN 81
TURN 82
COMMAND LEFT START
TRAIN 1
COMMAND LEFT END
COMMAND RIGHT START
UPGRADE 217
COMMAND RIGHT END
TURN 82 RESULT
TIME LEFT 0 5 RIGHT 0 5
UPGRADE B 217
TRAIN A10
END TURN 82
TURN 83
COMMAND LEFT START
MOVE A10 223
TRAIN 1
COMMAND LEFT END
COMMAND RIGHT START
TRAIN 1
COMMAND RIGHT END
TURN 83 RESULT
TIME LEFT 1 5 RIGHT 0 5
TRAIN A11 B9
MOVE A10 6
END TURN 83
TURN 84
COMMAND LEFT START
MOVE A11 215
TRAIN 1
COMMAND LEFT END
COMMAND RIGHT START
MOVE B6 217
COMMAND RIGHT END
TURN 84 RESULT
TIME LEFT 2 5 RIGHT 0 5
TRAIN A12
MOVE A10 18
MOVE A11 6
MOVE B6 235
END TURN 84
TURN 85
COMMAND LEFT START
MOVE A12 109
TRAIN 1
COMMAND LEFT END
COMMAND RIGHT START
COMMAND RIGHT END
TURN 85 RESULT
TIME LEFT 1 5 RIGHT 0 5
TRAIN A13
MOVE A10 35
MOVE A11 18
MOVE A12 6
MOVE B6 221
END TURN 85
TURN 86
COMMAND LEFT START
MOVE A13 109
TRAIN 1
COMMAND LEFT END
COMMAND RIGHT START
COMMAND RIGHT END
TURN 86 RESULT
TIME LEFT 1 5 RIGHT 0 5
TRAIN A14
MOVE A10 52
MOVE A11 35
MOVE A12 18
MOVE A13 6
MOVE B6 218
END TURN 86
TURN 87
COMMAND LEFT START
MOVE A14 109
TRAIN 1
COMMAND LEFT END
COMMAND RIGHT START
COMMAND RIGHT END
TURN 87 RESULT
TIME LEFT 1 5 RIGHT 0 5
TRAIN A15
MOVE A10 59
MOVE A11 45
MOVE A12 35
MOVE A13 18
MOVE A14 6
MOVE B6 217
END TURN 87
TURN 88
COMMAND LEFT START
MOVE A15 109
TRAIN 1
COMMAND LEFT END
COMMAND RIGHT START
UPGRADE 211
COMMAND RIGHT END
TURN 88 RESULT
TIME LEFT 1 5 RIGHT 0 5
UPGRADE B 211
TRAIN A16
MOVE A10 72
MOVE A11 58
MOVE A12 52
MOVE A13 35
MOVE A14 18
MOVE A15 6
END TURN 88
TURN 89
COMMAND LEFT START
MOVE A16 109
TRAIN 1
COMMAND LEFT END
COMMAND RIGHT START
TRAIN 1
COMMAND RIGHT END
TURN 89 RESULT
TIME LEFT 1 5 RIGHT 0 5
TRAIN A17 B10
MOVE A10 89
MOVE A11 73
MOVE A12 59
MOVE A13 52
MOVE A14 35
MOVE A15 18
MOVE A16 6
END TURN 89
TURN 90
COMMAND LEFT START
MOVE A17 109
COMMAND LEFT END
COMMAND RIGHT START
MOVE B7 211
COMMAND RIGHT END
TURN 90 RESULT
TIME LEFT 1 5 RIGHT 0 5
MOVE A10 109
MOVE A11 102
MOVE A12 72
MOVE A13 59
MOVE A14 52
MOVE A15 35
MOVE A16 18
MOVE A17 6
MOVE B7 240
END TURN 90
TURN 91
COMMAND LEFT START
TRAIN 1
COMMAND LEFT END
COMMAND RIGHT START
COMMAND RIGHT END
TURN 91 RESULT
TIME LEFT 1 5 RIGHT 0 5
TRAIN A18
MOVE A10 125
MOVE A11 120
MOVE A12 89
MOVE A13 72
MOVE A14 59
MOVE A15 52
MOVE A16 35
MOVE A17 18
MOVE B7 234
END TURN 91
TURN 92
COMMAND LEFT START
MOVE A18 109
TRAIN 1
COMMAND LEFT END
COMMAND RIGHT START
COMMAND RIGHT END
TURN 92 RESULT
TIME LEFT 1 5 RIGHT 0 5
TRAIN A19
MOVE A10 147
MOVE A11 130
MOVE A12 109
MOVE A13 89
MOVE A14 72
MOVE A15 59
MOVE A16 52
MOVE A17 35
MOVE A18 6
MOVE B7 226
END TURN 92
TURN 93
COMMAND LEFT START
MOVE A19 109
TRAIN 1
COMMAND LEFT END
COMMAND RIGHT START
COMMAND RIGHT END
TURN 93 RESULT
TIME LEFT 1 5 RIGHT 0 5
TRAIN A20
MOVE A10 161
MOVE A11 146
MOVE A13 109
MOVE A14 89
MOVE A15 72
MOVE A16 59
MOVE A17 52
MOVE A18 18
MOVE A19 6
MOVE B7 222
END TURN 93
TURN 94
COMMAND LEFT START
MOVE A20 109
TRAIN 1
COMMAND LEFT END
COMMAND RIGHT START
UPGRADE 121
COMMAND RIGHT END
TURN 94 RESULT
TIME LEFT 1 5 RIGHT 0 5
UPGRADE B 121
TRAIN A21
MOVE A10 172
MOVE A11 160
MOVE A14 109
MOVE A15 89
MOVE A16 72
MOVE A17 59
MOVE A18 35
MOVE A19 18
MOVE A20 6
MOVE B7 211
END TURN 94
TURN 95
COMMAND LEFT START
MOVE A21 109
TRAIN 1
COMMAND LEFT END
COMMAND RIGHT START
TRAIN 1
COMMAND RIGHT END
TURN 95 RESULT
TIME LEFT 1 5 RIGHT 0 5
TRAIN A22 B11
MOVE A10 185
MOVE A11 174
MOVE A15 109
MOVE A16 89
MOVE A17 72
MOVE A18 52
MOVE A19 35
MOVE A20 18
MOVE A21 6
END TURN 95
TURN 96
COMMAND LEFT START
MOVE A22 109
COMMAND LEFT END
COMMAND RIGHT START
MOVE B8 121
COMMAND RIGHT END
TURN 96 RESULT
TIME LEFT 1 5 RIGHT 0 5
MOVE A10 205
MOVE A11 196
MOVE A16 109
MOVE A17 89
MOVE A18 59
MOVE A19 52
MOVE A20 35
MOVE A21 18
MOVE A22 6
MOVE B8 236
END TURN 96
TURN 97
COMMAND LEFT START
TRAIN 1
COMMAND LEFT END
COMMAND RIGHT START
COMMAND RIGHT END
TURN 97 RESULT
TIME LEFT 1 5 RIGHT 0 5
TRAIN A23
MOVE A10 223
MOVE A11 215
MOVE A17 109
MOVE A18 72
MOVE A19 59
MOVE A20 52
MOVE A21 35
MOVE A22 18
MOVE B8 224
END TURN 97
TURN 98
COMMAND LEFT START
MOVE A12 121
MOVE A13 121
MOVE A14 121
MOVE A15 121
MOVE A16 121
MOVE A17 121
MOVE A10 109
MOVE A11 113
MOVE A23 109
COMMAND LEFT END
COMMAND RIGHT START
COMMAND RIGHT END
TURN 98 RESULT
TIME LEFT 5 5 RIGHT 0 5
MOVE A10 205
MOVE A11 201
MOVE A12 111
MOVE A13 111
MOVE A14 111
MOVE A15 111
MOVE A16 111
MOVE A17 111
MOVE A18 89
MOVE A19 72
MOVE A20 59
MOVE A21 52
MOVE A22 35
MOVE A23 6
MOVE B8 207
END TURN 98
TURN 99
COMMAND LEFT START
TRAIN 1
COMMAND LEFT END
COMMAND RIGHT START
MOVE B9 211
MOVE B10 211
MOVE B1 211
TRAIN 2
COMMAND RIGHT END
TURN 99 RESULT
TIME LEFT 1 5 RIGHT 0 5
TRAIN A24 B12 B13
MOVE A10 185
MOVE A11 191
MOVE A12 121
MOVE A13 121
MOVE A14 121
MOVE A15 121
MOVE A16 121
MOVE A17 121
MOVE A18 109
MOVE A19 89
MOVE A20 72
MOVE A21 59
MOVE A22 52
MOVE A23 18
MOVE B1 221
MOVE B8 190
MOVE B9 240
MOVE B10 240
DAMAGE TURRET A12 1
DAMAGE COMBAT A12 1
DAMAGE COMBAT B2 4
SIEGE B 121 2
END TURN 99
TURN 100
COMMAND LEFT START
MOVE A18 206
MOVE A24 109
TRAIN 1
COMMAND LEFT END
COMMAND RIGHT START
TRAIN 2
COMMAND RIGHT END
TURN 100 RESULT
TIME LEFT 1 5 RIGHT 0 5
TRAIN A25 B14 B15
MOVE A10 172
MOVE A11 179
MOVE A18 125
MOVE A19 109
MOVE A20 89
MOVE A21 72
MOVE A22 59
MOVE A23 35
MOVE A24 6
MOVE B1 223
MOVE B8 183
MOVE B9 234
MOVE B10 234
DAMAGE TURRET A12 1
SIEGE B 121 6
END TURN 100
TURN 101
COMMAND LEFT START
MOVE A25 109
COMMAND LEFT END
COMMAND RIGHT START
MOVE B11 232
MOVE B15 217
TRAIN 1
COMMAND RIGHT END
TURN 101 RESULT
TIME LEFT 1 5 RIGHT 0 5
TRAIN B16
MOVE A10 161
MOVE A11 176
MOVE A18 147
MOVE A20 109
MOVE A21 89
MOVE A22 72
MOVE A23 52
MOVE A24 18
MOVE A25 6
MOVE B1 224
MOVE B8 170
MOVE B9 226
MOVE B10 226
MOVE B11 235
MOVE B15 235
DAMAGE TURRET A12 1
SIEGE B 121 4
END TURN 101
TURN 102
COMMAND LEFT START
MOVE A12 109
MOVE A13 109
MOVE A14 109
MOVE A15 109
MOVE A16 109
MOVE A17 109
TRAIN 1
COMMAND LEFT END
COMMAND RIGHT START
COMMAND RIGHT END
TURN 102 RESULT
TIME LEFT 2 5 RIGHT 0 5
TRAIN A26
MOVE A10 147
MOVE A11 172
MOVE A12 111
MOVE A13 111
MOVE A14 111
MOVE A15 111
MOVE A16 111
MOVE A17 111
MOVE A18 165
MOVE A21 109
MOVE A22 89
MOVE A23 59
MOVE A24 35
MOVE A25 18
MOVE B1 219
MOVE B8 153
MOVE B9 222
MOVE B10 222
MOVE B11 232
MOVE B15 221
END TURN 102
TURN 103
COMMAND LEFT START
MOVE A26 109
TRAIN 1
COMMAND LEFT END
COMMAND RIGHT START
COMMAND RIGHT END
TURN 103 RESULT
TIME LEFT 1 5 RIGHT 0 5
TRAIN A27
MOVE A10 125
MOVE A11 167
MOVE A12 109
MOVE A13 109
MOVE A14 109
MOVE A15 109
MOVE A16 109
MOVE A17 109
MOVE A18 179
MOVE A22 109
MOVE A23 72
MOVE A24 52
MOVE A25 35
MOVE A26 6
MOVE B1 209
MOVE B8 131
MOVE B9 211
MOVE B10 211
MOVE B15 218
END TURN 103
TURN 104
COMMAND LEFT START
MOVE A13 217
MOVE A14 217
MOVE A15 217
MOVE A16 217
MOVE A17 217
MOVE A19 217
MOVE A20 217
MOVE A21 217
MOVE A22 217
MOVE A12 217
MOVE A27 109
COMMAND LEFT END
COMMAND RIGHT START
COMMAND RIGHT END
TURN 104 RESULT
TIME LEFT 3 5 RIGHT 0 5
MOVE A10 109
MOVE A11 170
MOVE A12 125
MOVE A13 125
MOVE A14 125
MOVE A15 125
MOVE A16 125
MOVE A17 125
MOVE A18 194
MOVE A19 125
MOVE A20 125
MOVE A21 125
MOVE A22 125
MOVE A23 89
MOVE A24 59
MOVE A25 52
MOVE A26 18
MOVE A27 6
MOVE B1 211
MOVE B8 121
MOVE B15 217
END TURN 104
TURN 105
COMMAND LEFT START
COMMAND LEFT END
COMMAND RIGHT START
MOVE B16 217
MOVE B10 217
MOVE B9 217
MOVE B7 217
UPGRADE 121
COMMAND RIGHT END
TURN 105 RESULT
TIME LEFT 1 5 RIGHT 0 5
UPGRADE B 121
MOVE A11 155
MOVE A12 147
MOVE A13 147
MOVE A14 147
MOVE A15 147
MOVE A16 147
MOVE A17 147
MOVE A18 206
MOVE A19 147
MOVE A20 147
MOVE A21 147
MOVE A22 147
MOVE A23 109
MOVE A24 72
MOVE A25 59
MOVE A26 35
MOVE A27 18
MOVE B7 209
MOVE B9 209
MOVE B10 209
MOVE B16 235
END TURN 105
TURN 106
COMMAND LEFT START
MOVE A18 109
TRAIN 1
COMMAND LEFT END
COMMAND RIGHT START
COMMAND RIGHT END
TURN 106 RESULT
TIME LEFT 1 5 RIGHT 0 5
TRAIN A28
MOVE A11 140
MOVE A12 165
MOVE A13 165
MOVE A14 165
MOVE A15 165
MOVE A16 165
MOVE A17 165
MOVE A18 194
MOVE A19 165
MOVE A20 165
MOVE A21 165
MOVE A22 165
MOVE A24 89
MOVE A25 72
MOVE A26 52
MOVE A27 35
MOVE B7 219
MOVE B9 219
MOVE B10 219
MOVE B16 221
END TURN 106
TURN 107
COMMAND LEFT START
MOVE A10 223
MOVE A28 109
COMMAND LEFT END
COMMAND RIGHT START
COMMAND RIGHT END
TURN 107 RESULT
TIME LEFT 1 5 RIGHT 0 5
MOVE A10 125
MOVE A11 138
MOVE A12 179
MOVE A13 179
MOVE A14 179
MOVE A15 179
MOVE A16 179
MOVE A17 179
MOVE A18 179
MOVE A19 179
MOVE A20 179
MOVE A21 179
MOVE A22 179
MOVE A24 109
MOVE A25 89
MOVE A26 59
MOVE A27 52
MOVE A28 6
MOVE B7 224
MOVE B9 224
MOVE B10 224
MOVE B16 218
END TURN 107
TURN 108
COMMAND LEFT START
TRAIN 1
COMMAND LEFT END
COMMAND RIGHT START
COMMAND RIGHT END
TURN 108 RESULT
TIME LEFT 1 5 RIGHT 0 5
TRAIN A29
MOVE A10 147
MOVE A11 139
MOVE A12 191
MOVE A13 191
MOVE A14 191
MOVE A15 191
MOVE A16 191
MOVE A17 191
MOVE A18 165
MOVE A19 191
MOVE A20 191
MOVE A21 191
MOVE A22 191
MOVE A25 109
MOVE A26 72
MOVE A27 59
MOVE A28 18
MOVE B7 223
MOVE B9 223
MOVE B10 223
MOVE B16 217
END TURN 108
TURN 109
COMMAND LEFT START
MOVE A29 109
TRAIN 1
COMMAND LEFT END
COMMAND RIGHT START
MOVE B16 182
COMMAND RIGHT END
TURN 109 RESULT
TIME LEFT 1 5 RIGHT 0 5
TRAIN A30
MOVE A10 161
MOVE A11 134
MOVE A12 201
MOVE A13 201
MOVE A14 201
MOVE A15 201
MOVE A16 201
MOVE A17 201
MOVE A18 147
MOVE A19 201
MOVE A20 201
MOVE A21 201
MOVE A22 201
MOVE A26 89
MOVE A27 72
MOVE A28 35
MOVE A29 6
MOVE B7 221
MOVE B9 221
MOVE B10 221
MOVE B16 201
DAMAGE COMBAT A12 1
DAMAGE COMBAT B16 6
END TURN 109
TURN 110
COMMAND LEFT START
MOVE A30 109
COMMAND LEFT END
COMMAND RIGHT START
TRAIN 2
COMMAND RIGHT END
TURN 110 RESULT
TIME LEFT 1 5 RIGHT 0 5
TRAIN B17 B18
MOVE A10 172
MOVE A11 137
MOVE A12 217
MOVE A13 217
MOVE A14 217
MOVE A15 217
MOVE A16 217
MOVE A17 217
MOVE A18 125
MOVE A19 217
MOVE A20 217
MOVE A21 217
MOVE A22 217
MOVE A26 109
MOVE A27 89
MOVE A28 52
MOVE A29 18
MOVE A30 6
MOVE B7 218
MOVE B9 218
MOVE B10 218
DAMAGE TURRET A12 1
DAMAGE COMBAT A13 3
DAMAGE COMBAT B3 4
DAMAGE COMBAT B6 4
DAMAGE COMBAT B15 2
END TURN 110
TURN 111
COMMAND LEFT START
TRAIN 1
COMMAND LEFT END
COMMAND RIGHT START
MOVE B18 121
MOVE B17 121
TRAIN 2
COMMAND RIGHT END
TURN 111 RESULT
TIME LEFT 1 5 RIGHT 0 5
TRAIN A31 B19 B20
MOVE A10 185
MOVE A11 124
MOVE A18 109
MOVE A27 109
MOVE A28 59
MOVE A29 35
MOVE A30 18
MOVE B7 217
MOVE B9 217
MOVE B10 217
MOVE B17 236
MOVE B18 236
DAMAGE TURRET A13 1
DAMAGE COMBAT A13 2
DAMAGE COMBAT A14 2
DAMAGE COMBAT B7 5
DAMAGE COMBAT B15 4
END TURN 111
TURN 112
COMMAND LEFT START
MOVE A18 121
MOVE A23 121
MOVE A24 121
MOVE A25 121
MOVE A26 121
MOVE A27 121
MOVE A31 109
COMMAND LEFT END
COMMAND RIGHT START
MOVE B12 232
MOVE B13 232
MOVE B14 232
MOVE B19 232
TRAIN 2
COMMAND RIGHT END
TURN 112 RESULT
TIME LEFT 2 5 RIGHT 0 5
TRAIN B21 B22
MOVE A10 205
MOVE A11 113
MOVE A18 111
MOVE A23 111
MOVE A24 111
MOVE A25 111
MOVE A26 111
MOVE A27 111
MOVE A28 72
MOVE A29 52
MOVE A30 35
MOVE A31 6
MOVE B12 235
MOVE B13 235
MOVE B14 235
MOVE B17 224
MOVE B18 224
MOVE B19 235
DAMAGE TURRET A14 1
DAMAGE COMBAT A14 2
DAMAGE COMBAT B9 6
DAMAGE COMBAT B10 2
END TURN 112
TURN 113
COMMAND LEFT START
MOVE A11 0
TRAIN 1
COMMAND LEFT END
COMMAND RIGHT START
MOVE B20 211
MOVE B21 211
MOVE B4 211
TRAIN 2
COMMAND RIGHT END
TURN 113 RESULT
TIME LEFT 1 5 RIGHT 0 5
TRAIN A32 B23 B24
MOVE A10 223
MOVE A11 106
MOVE A18 121
MOVE A23 121
MOVE A24 121
MOVE A25 121
MOVE A26 121
MOVE A27 121
MOVE A28 89
MOVE A29 59
MOVE A30 52
MOVE A31 18
MOVE B4 221
MOVE B12 232
MOVE B13 232
MOVE B14 232
MOVE B17 207
MOVE B18 207
MOVE B19 232
MOVE B20 240
MOVE B21 240
DAMAGE TURRET A14 1
DAMAGE TURRET A18 1
DAMAGE COMBAT A15 1
DAMAGE COMBAT A18 1
DAMAGE COMBAT B8 6
DAMAGE COMBAT B10 4
SIEGE B 217 4
END TURN 113
TURN 114
COMMAND LEFT START
MOVE A10 109
MOVE A32 109
COMMAND LEFT END
COMMAND RIGHT START
MOVE B22 211
MOVE B11 242
COMMAND RIGHT END
TURN 114 RESULT
TIME LEFT 2 5 RIGHT 0 5
MOVE A10 205
MOVE A11 92
MOVE A28 109
MOVE A29 72
MOVE A30 59
MOVE A31 35
MOVE A32 6
MOVE B4 223
MOVE B11 235
MOVE B17 190
MOVE B18 190
MOVE B20 234
MOVE B21 234
MOVE B22 240
DAMAGE TURRET A15 1
DAMAGE TURRET A18 1
SIEGE B 121 6
SIEGE B 217 7
END TURN 114
TURN 115
COMMAND LEFT START
MOVE A28 141
MOVE A18 109
MOVE A23 109
MOVE A24 109
MOVE A25 109
MOVE A26 109
MOVE A27 109
TRAIN 1
COMMAND LEFT END
COMMAND RIGHT START
MOVE B23 232
TRAIN 1
COMMAND RIGHT END
TURN 115 RESULT
TIME LEFT 2 5 RIGHT 0 5
TRAIN A33 B25
MOVE A10 185
MOVE A11 78
MOVE A18 111
MOVE A23 111
MOVE A24 111
MOVE A25 111
MOVE A26 111
MOVE A27 111
MOVE A28 120
MOVE A29 89
MOVE A30 72
MOVE A31 52
MOVE A32 18
MOVE B4 224
MOVE B11 242
MOVE B17 183
MOVE B18 183
MOVE B20 226
MOVE B21 226
MOVE B22 234
MOVE B23 235
DAMAGE TURRET A15 1
SIEGE B 217 1
END TURN 115
TURN 116
COMMAND LEFT START
MOVE A15 109
MOVE A16 109
MOVE A17 109
MOVE A19 109
MOVE A20 109
MOVE A21 109
MOVE A22 109
MOVE A33 109
TRAIN 1
COMMAND LEFT END
COMMAND RIGHT START
COMMAND RIGHT END
TURN 116 RESULT
TIME LEFT 2 5 RIGHT 0 5
TRAIN A34
MOVE A10 172
MOVE A11 60
MOVE A15 201
MOVE A16 201
MOVE A17 201
MOVE A18 109
MOVE A19 201
MOVE A20 201
MOVE A21 201
MOVE A22 201
MOVE A23 109
MOVE A24 109
MOVE A25 109
MOVE A26 109
MOVE A27 109
MOVE A28 130
MOVE A29 109
MOVE A30 89
MOVE A31 59
MOVE A32 35
MOVE A33 6
MOVE B4 219
MOVE B17 170
MOVE B18 170
MOVE B20 222
MOVE B21 222
MOVE B22 226
MOVE B23 232
END TURN 116
TURN 117
COMMAND LEFT START
MOVE A34 109
COMMAND LEFT END
COMMAND RIGHT START
COMMAND RIGHT END
TURN 117 RESULT
TIME LEFT 1 5 RIGHT 0 5
MOVE A10 161
MOVE A11 46
MOVE A15 191
MOVE A16 191
MOVE A17 191
MOVE A19 191
MOVE A20 191
MOVE A21 191
MOVE A22 191
MOVE A28 141
MOVE A30 109
MOVE A31 72
MOVE A32 52
MOVE A33 18
MOVE A34 6
MOVE B4 209
MOVE B17 153
MOVE B18 153
MOVE B20 211
MOVE B21 211
MOVE B22 222
END TURN 117
TURN 118
COMMAND LEFT START
MOVE A28 206
TRAIN 1
COMMAND LEFT END
COMMAND RIGHT START
COMMAND RIGHT END
TURN 118 RESULT
TIME LEFT 2 5 RIGHT 0 5
TRAIN A35
MOVE A10 147
MOVE A11 41
MOVE A15 179
MOVE A16 179
MOVE A17 179
MOVE A19 179
MOVE A20 179
MOVE A21 179
MOVE A22 179
MOVE A28 160
MOVE A31 89
MOVE A32 59
MOVE A33 35
MOVE A34 18
MOVE B4 211
MOVE B17 131
MOVE B18 131
MOVE B22 211
END TURN 118
TURN 119
COMMAND LEFT START
MOVE A35 109
COMMAND LEFT END
COMMAND RIGHT START
COMMAND RIGHT END
TURN 119 RESULT
TIME LEFT 2 5 RIGHT 0 5
MOVE A10 125
MOVE A11 36
MOVE A15 165
MOVE A16 165
MOVE A17 165
MOVE A19 165
MOVE A20 165
MOVE A21 165
MOVE A22 165
MOVE A28 180
MOVE A31 109
MOVE A32 72
MOVE A33 52
MOVE A34 35
MOVE A35 6
MOVE B17 121
MOVE B18 121
END TURN 119
TURN 120
COMMAND LEFT START
TRAIN 1
COMMAND LEFT END
COMMAND RIGHT START
MOVE B17 211
MOVE B23 211
MOVE B19 211
MOVE B14 211
COMMAND RIGHT END
TURN 120 RESULT
TIME LEFT 1 5 RIGHT 0 5
TRAIN A36
MOVE A10 109
MOVE A11 21
MOVE A15 147
MOVE A16 147
MOVE A17 147
MOVE A19 147
MOVE A20 147
MOVE A21 147
MOVE A22 147
MOVE A28 191
MOVE A32 89
MOVE A33 59
MOVE A34 52
MOVE A35 18
MOVE B14 221
MOVE B17 131
MOVE B19 221
MOVE B23 221
END TURN 120
TURN 121
COMMAND LEFT START
MOVE A36 109
TRAIN 1
COMMAND LEFT END
COMMAND RIGHT START
TRAIN 2
COMMAND RIGHT END
TURN 121 RESULT
TIME LEFT 1 5 RIGHT 0 5
TRAIN A37 B26 B27
MOVE A11 7
MOVE A15 125
MOVE A16 125
MOVE A17 125
MOVE A19 125
MOVE A20 125
MOVE A21 125
MOVE A22 125
MOVE A28 206
MOVE A32 109
MOVE A33 72
MOVE A34 59
MOVE A35 35
MOVE A36 6
MOVE B14 223
MOVE B17 153
MOVE B19 223
MOVE B23 223
END TURN 121
TURN 122
COMMAND LEFT START
MOVE A28 109
MOVE A37 109
COMMAND LEFT END
COMMAND RIGHT START
MOVE B27 211
MOVE B26 211
TRAIN 2
COMMAND RIGHT END
TURN 122 RESULT
TIME LEFT 2 5 RIGHT 0 5
TRAIN B28 B29
MOVE A11 0
MOVE A15 109
MOVE A16 109
MOVE A17 109
MOVE A19 109
MOVE A20 109
MOVE A21 109
MOVE A22 109
MOVE A28 194
MOVE A33 89
MOVE A34 72
MOVE A35 52
MOVE A36 18
MOVE A37 6
MOVE B14 224
MOVE B17 170
MOVE B19 224
MOVE B23 224
MOVE B26 240
MOVE B27 240
END TURN 122
TURN 123
COMMAND LEFT START
MOVE A10 232
MOVE A16 232
MOVE A17 232
MOVE A19 232
MOVE A20 232
MOVE A21 232
MOVE A22 232
MOVE A23 232
MOVE A24 232
MOVE A25 232
MOVE A26 232
MOVE A15 223
MOVE A11 109
COMMAND LEFT END
COMMAND RIGHT START
MOVE B29 211
MOVE B28 211
COMMAND RIGHT END
TURN 123 RESULT
TIME LEFT 4 5 RIGHT 0 5
MOVE A10 125
MOVE A11 6
MOVE A15 125
MOVE A16 125
MOVE A17 125
MOVE A19 125
MOVE A20 125
MOVE A21 125
MOVE A22 125
MOVE A23 125
MOVE A24 125
MOVE A25 125
MOVE A26 125
MOVE A28 179
MOVE A33 109
MOVE A34 89
MOVE A35 59
MOVE A36 35
MOVE A37 18
MOVE B14 219
MOVE B17 184
MOVE B19 219
MOVE B23 219
MOVE B26 234
MOVE B27 234
MOVE B28 240
MOVE B29 240
END TURN 123
TURN 124
COMMAND LEFT START
COMMAND LEFT END
COMMAND RIGHT START
TRAIN 1
COMMAND RIGHT END
TURN 124 RESULT
TIME LEFT 4 5 RIGHT 7 5
TRAIN B30
MOVE A10 147
MOVE A11 18
MOVE A15 147
MOVE A16 147
MOVE A17 147
MOVE A19 147
MOVE A20 147
MOVE A21 147
MOVE A22 147
MOVE A23 147
MOVE A24 147
MOVE A25 147
MOVE A26 147
MOVE A28 165
MOVE A34 109
MOVE A35 72
MOVE A36 52
MOVE A37 35
MOVE B14 209
MOVE B17 189
MOVE B19 209
MOVE B23 209
MOVE B26 226
MOVE B27 226
MOVE B28 234
MOVE B29 234
END TURN 124
TURN 125
COMMAND LEFT START
TRAIN 1
COMMAND LEFT END
COMMAND RIGHT START
MOVE B30 211
COMMAND RIGHT END
TURN 125 RESULT
TIME LEFT 1 5 RIGHT 0 5
TRAIN A38
MOVE A10 165
MOVE A11 35
MOVE A15 161
MOVE A16 165
MOVE A17 165
MOVE A19 165
MOVE A20 165
MOVE A21 165
MOVE A22 165
MOVE A23 165
MOVE A24 165
MOVE A25 165
MOVE A26 165
MOVE A28 147
MOVE A35 89
MOVE A36 59
MOVE A37 52
MOVE B14 211
MOVE B17 199
MOVE B19 211
MOVE B23 211
MOVE B26 222
MOVE B27 222
MOVE B28 226
MOVE B29 226
MOVE B30 240
END TURN 125
TURN 126
COMMAND LEFT START
MOVE A38 109
COMMAND LEFT END
COMMAND RIGHT START
COMMAND RIGHT END
TURN 126 RESULT
TIME LEFT 1 5 RIGHT 0 5
MOVE A10 179
MOVE A11 52
MOVE A15 172
MOVE A16 179
MOVE A17 179
MOVE A19 179
MOVE A20 179
MOVE A21 179
MOVE A22 179
MOVE A23 179
MOVE A24 179
MOVE A25 179
MOVE A26 179
MOVE A28 125
MOVE A35 109
MOVE A36 72
MOVE A37 59
MOVE A38 6
MOVE B17 211
MOVE B26 211
MOVE B27 211
MOVE B28 222
MOVE B29 222
MOVE B30 234
END TURN 126
TURN 127
COMMAND LEFT START
TRAIN 1
COMMAND LEFT END
COMMAND RIGHT START
COMMAND RIGHT END
TURN 127 RESULT
TIME LEFT 1 5 RIGHT 0 5
TRAIN A39
MOVE A10 194
MOVE A11 59
MOVE A15 185
MOVE A16 194
MOVE A17 194
MOVE A19 194
MOVE A20 194
MOVE A21 194
MOVE A22 194
MOVE A23 194
MOVE A24 194
MOVE A25 194
MOVE A26 194
MOVE A28 109
MOVE A36 89
MOVE A37 72
MOVE A38 18
MOVE B28 211
MOVE B29 211
MOVE B30 226
END TURN 127
TURN 128
COMMAND LEFT START
MOVE A39 109
COMMAND LEFT END
COMMAND RIGHT START
COMMAND RIGHT END
TURN 128 RESULT
TIME LEFT 2 5 RIGHT 0 5
MOVE A10 206
MOVE A11 72
MOVE A15 205
MOVE A16 206
MOVE A17 206
MOVE A19 206
MOVE A20 206
MOVE A21 206
MOVE A22 206
MOVE A23 206
MOVE A24 206
MOVE A25 206
MOVE A26 206
MOVE A36 109
MOVE A37 89
MOVE A38 35
MOVE A39 6
MOVE B30 222
END TURN 128
TURN 129
COMMAND LEFT START
TRAIN 1
COMMAND LEFT END
COMMAND RIGHT START
MOVE B12 242
MOVE B13 242
MOVE B1 242
MOVE B4 242
MOVE B5 242
MOVE B14 242
MOVE B17 242
TRAIN 2
COMMAND RIGHT END
TURN 129 RESULT
TIME LEFT 1 5 RIGHT 0 5
TRAIN A40 B31 B32
MOVE A10 218
MOVE A11 89
MOVE A15 223
MOVE A16 218
MOVE A17 218
MOVE A19 218
MOVE A20 218
MOVE A21 218
MOVE A22 218
MOVE A23 218
MOVE A24 218
MOVE A25 218
MOVE A26 218
MOVE A37 109
MOVE A38 52
MOVE A39 18
MOVE B1 222
MOVE B4 222
MOVE B5 222
MOVE B12 235
MOVE B13 235
MOVE B14 222
MOVE B17 222
MOVE B30 211
END TURN 129
TURN 130
COMMAND LEFT START
MOVE A27 232
MOVE A28 232
MOVE A29 232
MOVE A30 232
MOVE A31 232
MOVE A32 232
MOVE A33 232
MOVE A34 232
MOVE A35 232
MOVE A36 232
MOVE A15 109
MOVE A40 109
COMMAND LEFT END
COMMAND RIGHT START
MOVE B11 232
MOVE B24 232
TRAIN 1
COMMAND RIGHT END
TURN 130 RESULT
TIME LEFT 4 5 RIGHT 0 5
TRAIN B33
MOVE A10 232
MOVE A11 109
MOVE A15 205
MOVE A16 232
MOVE A17 232
MOVE A19 232
MOVE A20 232
MOVE A21 232
MOVE A22 232
MOVE A23 232
MOVE A24 232
MOVE A25 232
MOVE A26 232
MOVE A27 125
MOVE A28 125
MOVE A29 125
MOVE A30 125
MOVE A31 125
MOVE A32 125
MOVE A33 125
MOVE A34 125
MOVE A35 125
MOVE A36 125
MOVE A38 59
MOVE A39 35
MOVE A40 6
MOVE B1 226
MOVE B4 226
MOVE B5 226
MOVE B11 235
MOVE B12 242
MOVE B13 242
MOVE B14 226
MOVE B17 226
MOVE B24 235
DAMAGE TURRET A10 1
SIEGE B 232 11
END TURN 130
TURN 131
COMMAND LEFT START
MOVE A11 121
COMMAND LEFT END
COMMAND RIGHT START
MOVE B19 242
COMMAND RIGHT END
TURN 131 RESULT
TIME LEFT 1 5 RIGHT 0 5
MOVE A11 111
MOVE A15 185
MOVE A27 147
MOVE A28 147
MOVE A29 147
MOVE A30 147
MOVE A31 147
MOVE A32 147
MOVE A33 147
MOVE A34 147
MOVE A35 147
MOVE A36 147
MOVE A38 72
MOVE A39 52
MOVE A40 18
MOVE B1 234
MOVE B4 234
MOVE B5 234
MOVE B11 232
MOVE B14 234
MOVE B17 234
MOVE B19 222
MOVE B24 232
DAMAGE TURRET A10 1
DAMAGE COMBAT A10 2
DAMAGE COMBAT B11 6
DAMAGE COMBAT B24 5
END TURN 131
TURN 132
COMMAND LEFT START
TRAIN 1
COMMAND LEFT END
COMMAND RIGHT START
MOVE B33 211
MOVE B32 211
MOVE B31 211
TRAIN 1
COMMAND RIGHT END
TURN 132 RESULT
TIME LEFT 1 5 RIGHT 0 5
TRAIN A41 B34
MOVE A11 121
MOVE A15 172
MOVE A27 165
MOVE A28 165
MOVE A29 165
MOVE A30 165
MOVE A31 165
MOVE A32 165
MOVE A33 165
MOVE A34 165
MOVE A35 165
MOVE A36 165
MOVE A38 89
MOVE A39 59
MOVE A40 35
MOVE B1 240
MOVE B4 240
MOVE B5 240
MOVE B14 240
MOVE B17 240
MOVE B19 226
MOVE B31 240
MOVE B32 240
MOVE B33 240
DAMAGE TURRET A10 1
DAMAGE COMBAT A10 1
DAMAGE COMBAT A11 1
DAMAGE COMBAT B18 1
DAMAGE COMBAT B24 1
SIEGE B 232 1
END TURN 132
TURN 133
COMMAND LEFT START
MOVE A11 133
MOVE A16 242
MOVE A17 242
MOVE A19 242
MOVE A20 242
MOVE A21 242
MOVE A41 109
COMMAND LEFT END
COMMAND RIGHT START
MOVE B20 242
COMMAND RIGHT END
TURN 133 RESULT
TIME LEFT 3 5 RIGHT 0 5
MOVE A15 161
MOVE A16 235
MOVE A17 235
MOVE A19 235
MOVE A20 235
MOVE A21 235
MOVE A27 179
MOVE A28 179
MOVE A29 179
MOVE A30 179
MOVE A31 179
MOVE A32 179
MOVE A33 179
MOVE A34 179
MOVE A35 179
MOVE A36 179
MOVE A38 109
MOVE A39 72
MOVE A40 52
MOVE A41 6
MOVE B1 242
MOVE B4 242
MOVE B5 242
MOVE B14 242
MOVE B17 242
MOVE B19 234
MOVE B20 222
MOVE B31 234
MOVE B32 234
MOVE B33 234
DAMAGE COMBAT A11 1
DAMAGE COMBAT B18 1
END TURN 133
TURN 134
COMMAND LEFT START
MOVE A22 109
MOVE A23 109
MOVE A24 109
MOVE A25 109
MOVE A26 109
COMMAND LEFT END
COMMAND RIGHT START
MOVE B23 232
MOVE B26 232
MOVE B27 232
MOVE B28 232
MOVE B29 232
MOVE B30 232
MOVE B34 211
MOVE B25 211
MOVE B17 211
MOVE B14 211
MOVE B13 211
MOVE B12 211
COMMAND RIGHT END
TURN 134 RESULT
TIME LEFT 2 5 RIGHT 0 5
MOVE A15 147
MOVE A16 242
MOVE A17 242
MOVE A19 242
MOVE A20 242
MOVE A21 242
MOVE A22 218
MOVE A23 218
MOVE A24 218
MOVE A25 218
MOVE A26 218
MOVE A27 194
MOVE A28 194
MOVE A29 194
MOVE A30 194
MOVE A31 194
MOVE A32 194
MOVE A33 194
MOVE A34 194
MOVE A35 194
MOVE A36 194
MOVE A39 89
MOVE A40 59
MOVE A41 18
MOVE B12 240
MOVE B13 240
MOVE B14 240
MOVE B17 240
MOVE B19 240
MOVE B20 226
MOVE B23 209
MOVE B25 240
MOVE B26 209
MOVE B27 209
MOVE B28 209
MOVE B29 209
MOVE B30 209
MOVE B31 226
MOVE B32 226
MOVE B33 226
MOVE B34 240
DAMAGE TURRET A16 2
DAMAGE COMBAT A11 1
DAMAGE COMBAT A16 3
DAMAGE COMBAT B1 4
DAMAGE COMBAT B4 1
DAMAGE COMBAT B18 1
END TURN 134
TURN 135
COMMAND LEFT START
COMMAND LEFT END
COMMAND RIGHT START
MOVE B21 242
COMMAND RIGHT END
TURN 135 RESULT
TIME LEFT 1 5 RIGHT 0 5
MOVE A15 125
MOVE A22 206
MOVE A23 206
MOVE A24 206
MOVE A25 206
MOVE A26 206
MOVE A27 206
MOVE A28 206
MOVE A29 206
MOVE A30 206
MOVE A31 206
MOVE A32 206
MOVE A33 206
MOVE A34 206
MOVE A35 206
MOVE A36 206
MOVE A39 109
MOVE A40 72
MOVE A41 35
MOVE B12 234
MOVE B13 234
MOVE B14 234
MOVE B17 234
MOVE B19 242
MOVE B20 234
MOVE B21 222
MOVE B23 219
MOVE B25 234
MOVE B26 219
MOVE B27 219
MOVE B28 219
MOVE B29 219
MOVE B30 219
MOVE B31 222
MOVE B32 222
MOVE B33 222
MOVE B34 234
DAMAGE TURRET A16 1
DAMAGE TURRET A17 1
DAMAGE COMBAT A11 1
DAMAGE COMBAT A17 3
DAMAGE COMBAT B4 3
DAMAGE COMBAT B5 2
DAMAGE COMBAT B18 1
END TURN 135
TURN 136
COMMAND LEFT START
COMMAND LEFT END
COMMAND RIGHT START
COMMAND RIGHT END
TURN 136 RESULT
TIME LEFT 1 5 RIGHT 0 5
MOVE A15 109
MOVE A22 194
MOVE A23 194
MOVE A24 194
MOVE A25 194
MOVE A26 194
MOVE A27 218
MOVE A28 218
MOVE A29 218
MOVE A30 218
MOVE A31 218
MOVE A32 218
MOVE A33 218
MOVE A34 218
MOVE A35 218
MOVE A36 218
MOVE A40 89
MOVE A41 52
MOVE B12 226
MOVE B13 226
MOVE B14 226
MOVE B17 226
MOVE B20 240
MOVE B21 226
MOVE B23 224
MOVE B25 226
MOVE B26 224
MOVE B27 224
MOVE B28 224
MOVE B29 224
MOVE B30 224
MOVE B31 211
MOVE B32 211
MOVE B33 211
MOVE B34 226
DAMAGE TURRET A17 2
DAMAGE COMBAT A11 1
DAMAGE COMBAT A19 2
DAMAGE COMBAT B5 2
DAMAGE COMBAT B18 1
DAMAGE COMBAT B19 2
END TURN 136
TURN 137
COMMAND LEFT START
COMMAND LEFT END
COMMAND RIGHT START
COMMAND RIGHT END
TURN 137 RESULT
TIME LEFT 1 5 RIGHT 0 5
MOVE A22 179
MOVE A23 179
MOVE A24 179
MOVE A25 179
MOVE A26 179
MOVE A27 232
MOVE A28 232
MOVE A29 232
MOVE A30 232
MOVE A31 232
MOVE A32 232
MOVE A33 232
MOVE A34 232
MOVE A35 232
MOVE A36 232
MOVE A40 109
MOVE A41 59
MOVE B12 222
MOVE B13 222
MOVE B14 222
MOVE B17 222
MOVE B20 242
MOVE B21 234
MOVE B23 223
MOVE B25 222
MOVE B26 223
MOVE B27 223
MOVE B28 223
MOVE B29 223
MOVE B30 223
MOVE B34 222
DAMAGE TURRET A19 2
DAMAGE COMBAT A11 1
DAMAGE COMBAT A19 2
DAMAGE COMBAT B18 1
DAMAGE COMBAT B19 3
END TURN 137
TURN 138
COMMAND LEFT START
MOVE A27 242
MOVE A28 242
MOVE A29 242
MOVE A30 242
MOVE A31 242
MOVE A32 242
MOVE A33 242
MOVE A34 242
MOVE A35 242
MOVE A36 242
MOVE A15 121
COMMAND LEFT END
COMMAND RIGHT START
MOVE B22 242
MOVE B31 242
MOVE B32 242
MOVE B33 242
COMMAND RIGHT END
TURN 138 RESULT
TIME LEFT 4 5 RIGHT 0 5
MOVE A15 111
MOVE A22 165
MOVE A23 165
MOVE A24 165
MOVE A25 165
MOVE A26 165
MOVE A27 235
MOVE A28 235
MOVE A29 235
MOVE A30 235
MOVE A31 235
MOVE A32 235
MOVE A33 235
MOVE A34 235
MOVE A35 235
MOVE A36 235
MOVE A41 72
MOVE B12 211
MOVE B13 211
MOVE B14 211
MOVE B17 211
MOVE B21 240
MOVE B22 222
MOVE B23 221
MOVE B25 211
MOVE B26 221
MOVE B27 221
MOVE B28 221
MOVE B29 221
MOVE B30 221
MOVE B31 222
MOVE B32 222
MOVE B33 222
MOVE B34 211
DAMAGE TURRET A20 2
DAMAGE COMBAT A20 2
DAMAGE COMBAT B19 1
DAMAGE COMBAT B20 1
END TURN 138
TURN 139
COMMAND LEFT START
COMMAND LEFT END
COMMAND RIGHT START
MOVE B12 242
MOVE B13 242
MOVE B14 242
MOVE B17 242
MOVE B25 242
MOVE B34 242
COMMAND RIGHT END
TURN 139 RESULT
TIME LEFT 1 5 RIGHT 0 5
MOVE A15 121
MOVE A22 147
MOVE A23 147
MOVE A24 147
MOVE A25 147
MOVE A26 147
MOVE A27 242
MOVE A28 242
MOVE A29 242
MOVE A30 242
MOVE A31 242
MOVE A32 242
MOVE A33 242
MOVE A34 242
MOVE A35 242
MOVE A36 242
MOVE A41 89
MOVE B12 222
MOVE B13 222
MOVE B14 222
MOVE B17 222
MOVE B21 242
MOVE B22 226
MOVE B23 232
MOVE B25 222
MOVE B26 232
MOVE B27 232
MOVE B28 232
MOVE B29 232
MOVE B30 232
MOVE B31 226
MOVE B32 226
MOVE B33 226
MOVE B34 222
DAMAGE TURRET A20 2
DAMAGE COMBAT A21 2
DAMAGE COMBAT B20 5
DAMAGE COMBAT B21 6
SIEGE B 242 1
END TURN 139
TURN 140
COMMAND LEFT START
COMMAND LEFT END
COMMAND RIGHT START
MOVE B23 242
COMMAND RIGHT END
TURN 140 RESULT
TIME LEFT 1 5 RIGHT 0 5
MOVE A22 125
MOVE A23 125
MOVE A24 125
MOVE A25 125
MOVE A26 125
MOVE A41 109
MOVE B12 226
MOVE B13 226
MOVE B14 226
MOVE B17 226
MOVE B22 234
MOVE B23 235
MOVE B25 226
MOVE B31 234
MOVE B32 234
MOVE B33 234
MOVE B34 226
DAMAGE TURRET A21 2
DAMAGE HUNGER B30 1
DAMAGE HUNGER B31 1
DAMAGE HUNGER B32 1
DAMAGE HUNGER B33 1
DAMAGE HUNGER B34 1
SIEGE B 242 11
END TURN 140
TURN 141
COMMAND LEFT START
COMMAND LEFT END
COMMAND RIGHT START
MOVE B26 242
MOVE B27 242
MOVE B28 242
MOVE B29 242
MOVE B30 242
COMMAND RIGHT END
TURN 141 RESULT
TIME LEFT 1 5 RIGHT 0 5
MOVE A22 109
MOVE A23 109
MOVE A24 109
MOVE A25 109
MOVE A26 109
MOVE B12 234
MOVE B13 234
MOVE B14 234
MOVE B17 234
MOVE B22 240
MOVE B23 242
MOVE B25 234
MOVE B26 235
MOVE B27 235
MOVE B28 235
MOVE B29 235
MOVE B30 235
MOVE B31 240
MOVE B32 240
MOVE B33 240
MOVE B34 234
DAMAGE TURRET A21 2
DAMAGE COMBAT A27 1
DAMAGE COMBAT B23 6
DAMAGE HUNGER B12 1
DAMAGE HUNGER B13 1
DAMAGE HUNGER B14 1
DAMAGE HUNGER B17 1
DAMAGE HUNGER B22 1
DAMAGE HUNGER B25 1
DAMAGE HUNGER B26 1
DAMAGE HUNGER B27 1
DAMAGE HUNGER B28 1
DAMAGE HUNGER B29 1
DAMAGE HUNGER B30 1
DAMAGE HUNGER B31 1
DAMAGE HUNGER B32 1
DAMAGE HUNGER B33 1
DAMAGE HUNGER B34 1
SIEGE B 242 5
END TURN 141
TURN 142
COMMAND LEFT START
COMMAND LEFT END
COMMAND RIGHT START
COMMAND RIGHT END
TURN 142 RESULT
TIME LEFT 1 5 RIGHT 0 5
MOVE B12 240
MOVE B13 240
MOVE B14 240
MOVE B17 240
MOVE B22 242
MOVE B25 240
MOVE B26 242
MOVE B27 242
MOVE B28 242
MOVE B29 242
MOVE B30 242
MOVE B31 242
MOVE B32 242
MOVE B33 242
MOVE B34 240
DAMAGE TURRET A27 2
DAMAGE COMBAT A27 3
DAMAGE COMBAT A28 6
DAMAGE COMBAT B30 4
DAMAGE COMBAT B31 4
DAMAGE COMBAT B32 2
END TURN 142
TURN 143
COMMAND LEFT START
MOVE A18 121
MOVE A22 121
MOVE A23 121
MOVE A24 121
MOVE A25 121
MOVE A26 121
MOVE A37 121
MOVE A38 121
MOVE A39 121
MOVE A40 121
MOVE A41 121
UPGRADE 121
COMMAND LEFT END
COMMAND RIGHT START
COMMAND RIGHT END
TURN 143 RESULT
TIME LEFT 3 5 RIGHT 0 5
UPGRADE A 121
MOVE A18 111
MOVE A22 111
MOVE A23 111
MOVE A24 111
MOVE A25 111
MOVE A26 111
MOVE A37 111
MOVE A38 111
MOVE A39 111
MOVE A40 111
MOVE A41 111
MOVE B12 242
MOVE B13 242
MOVE B14 242
MOVE B17 242
MOVE B25 242
MOVE B34 242
DAMAGE TURRET A29 2
DAMAGE COMBAT A29 4
DAMAGE COMBAT A30 6
DAMAGE COMBAT A31 3
DAMAGE COMBAT B32 2
DAMAGE COMBAT B33 4
DAMAGE COMBAT B34 2
END TURN 143
TURN 144
COMMAND LEFT START
TRAIN 1
COMMAND LEFT END
COMMAND RIGHT START
COMMAND RIGHT END
TURN 144 RESULT
TIME LEFT 1 5 RIGHT 0 5
TRAIN A42
MOVE A18 121
MOVE A22 121
MOVE A23 121
MOVE A24 121
MOVE A25 121
MOVE A26 121
MOVE A37 121
MOVE A38 121
MOVE A39 121
MOVE A40 121
MOVE A41 121
DAMAGE TURRET A31 2
DAMAGE COMBAT A31 1
DAMAGE COMBAT A32 6
DAMAGE COMBAT A33 4
DAMAGE COMBAT B12 4
DAMAGE COMBAT B34 2
END TURN 144
TURN 145
COMMAND LEFT START
MOVE A42 133
COMMAND LEFT END
COMMAND RIGHT START
COMMAND RIGHT END
TURN 145 RESULT
TIME LEFT 2 5 RIGHT 0 5
MOVE A42 6
DAMAGE TURRET A33 2
DAMAGE COMBAT A34 6
DAMAGE COMBAT A35 4
DAMAGE COMBAT B12 1
DAMAGE COMBAT B13 3
END TURN 145
TURN 146
COMMAND LEFT START
COMMAND LEFT END
COMMAND RIGHT START
COMMAND RIGHT END
TURN 146 RESULT
TIME LEFT 1 5 RIGHT 0 5
MOVE A42 19
DAMAGE TURRET A35 2
DAMAGE COMBAT A36 6
DAMAGE COMBAT B13 2
END TURN 146
TURN 147
COMMAND LEFT START
COMMAND LEFT END
COMMAND RIGHT START
MOVE B14 211
MOVE B17 211
MOVE B29 211
MOVE B28 211
MOVE B27 211
COMMAND RIGHT END
TURN 147 RESULT
TIME LEFT 1 5 RIGHT 0 5
MOVE A42 37
MOVE B14 240
MOVE B17 240
MOVE B27 240
MOVE B28 240
MOVE B29 240
END TURN 147
TURN 148
COMMAND LEFT START
COMMAND LEFT END
COMMAND RIGHT START
MOVE B22 211
TRAIN 1
COMMAND RIGHT END
TURN 148 RESULT
TIME LEFT 1 5 RIGHT 1 5
TRAIN B35
MOVE A42 57
MOVE B14 234
MOVE B17 234
MOVE B22 240
MOVE B27 234
MOVE B28 234
MOVE B29 234
END TURN 148
TURN 149
COMMAND LEFT START
COMMAND LEFT END
COMMAND RIGHT START
MOVE B25 211
COMMAND RIGHT END
TURN 149 RESULT
TIME LEFT 2 5 RIGHT 0 5
MOVE A42 70
MOVE B14 226
MOVE B17 226
MOVE B22 234
MOVE B25 240
MOVE B27 226
MOVE B28 226
MOVE B29 226
END TURN 149
TURN 150
COMMAND LEFT START
COMMAND LEFT END
COMMAND RIGHT START
MOVE B26 211
COMMAND RIGHT END
TURN 150 RESULT
TIME LEFT 1 5 RIGHT 0 5
MOVE A42 81
MOVE B14 222
MOVE B17 222
MOVE B22 226
MOVE B25 234
MOVE B26 240
MOVE B27 222
MOVE B28 222
MOVE B29 222
END TURN 150
TURN 151
COMMAND LEFT START
COMMAND LEFT END
COMMAND RIGHT START
COMMAND RIGHT END
TURN 151 RESULT
TIME LEFT 1 5 RIGHT 0 5
MOVE A42 95
MOVE B14 211
MOVE B17 211
MOVE B22 222
MOVE B25 226
MOVE B26 234
MOVE B27 211
MOVE B28 211
MOVE B29 211
END TURN 151
TURN 152
COMMAND LEFT START
COMMAND LEFT END
COMMAND RIGHT START
MOVE B14 242
MOVE B17 242
COMMAND RIGHT END
TURN 152 RESULT
TIME LEFT 1 5 RIGHT 0 5
MOVE A42 117
MOVE B14 222
MOVE B17 222
MOVE B22 211
MOVE B25 222
MOVE B26 226
END TURN 152
TURN 153
COMMAND LEFT START
COMMAND LEFT END
COMMAND RIGHT START
MOVE B29 10
COMMAND RIGHT END
TURN 153 RESULT
TIME LEFT 1 5 RIGHT 0 5
MOVE A42 133
MOVE B14 226
MOVE B17 226
MOVE B25 211
MOVE B26 222
MOVE B29 199
END TURN 153
TURN 154
COMMAND LEFT START
UPGRADE 133
COMMAND LEFT END
COMMAND RIGHT START
COMMAND RIGHT END
TURN 154 RESULT
TIME LEFT 1 5 RIGHT 0 5
UPGRADE A 133
MOVE B14 234
MOVE B17 234
MOVE B26 211
MOVE B29 175
END TURN 154
TURN 155
COMMAND LEFT START
MOVE A18 224
MOVE A22 209
UPGRADE 121
TRAIN 1
COMMAND LEFT END
COMMAND RIGHT START
COMMAND RIGHT END
TURN 155 RESULT
TIME LEFT 3 5 RIGHT 0 5
UPGRADE A 121
TRAIN A43
MOVE A18 131
MOVE A22 131
MOVE B14 240
MOVE B17 240
MOVE B29 159
END TURN 155
TURN 156
COMMAND LEFT START
MOVE A43 121
TRAIN 1
COMMAND LEFT END
COMMAND RIGHT START
MOVE B28 133
MOVE B27 133
MOVE B26 133
MOVE B25 133
COMMAND RIGHT END
TURN 156 RESULT
TIME LEFT 1 5 RIGHT 0 5
TRAIN A44
MOVE A18 153
MOVE A22 153
MOVE A43 6
MOVE B14 242
MOVE B17 242
MOVE B25 199
MOVE B26 199
MOVE B27 199
MOVE B28 199
MOVE B29 138
END TURN 156
TURN 157
COMMAND LEFT START
MOVE A44 121
TRAIN 1
COMMAND LEFT END
COMMAND RIGHT START
TRAIN 1
COMMAND RIGHT END
TURN 157 RESULT
TIME LEFT 1 5 RIGHT 0 5
TRAIN A45 B36
MOVE A18 170
MOVE A22 170
MOVE A43 18
MOVE A44 6
MOVE B25 189
MOVE B26 189
MOVE B27 189
MOVE B28 189
MOVE B29 123
END TURN 157
TURN 158
COMMAND LEFT START
MOVE A45 121
TRAIN 1
COMMAND LEFT END
COMMAND RIGHT START
MOVE B14 211
COMMAND RIGHT END
TURN 158 RESULT
TIME LEFT 1 5 RIGHT 0 5
TRAIN A46
MOVE A18 183
MOVE A22 184
MOVE A43 35
MOVE A44 18
MOVE A45 6
MOVE B14 240
MOVE B25 178
MOVE B26 178
MOVE B27 178
MOVE B28 178
MOVE B29 101
END TURN 158
TURN 159
COMMAND LEFT START
MOVE A46 121
TRAIN 1
COMMAND LEFT END
COMMAND RIGHT START
COMMAND RIGHT END
TURN 159 RESULT
TIME LEFT 2 5 RIGHT 0 5
TRAIN A47
MOVE A18 190
MOVE A22 197
MOVE A43 52
MOVE A44 35
MOVE A45 18
MOVE A46 6
MOVE B14 234
MOVE B25 169
MOVE B26 169
MOVE B27 169
MOVE B28 169
MOVE B29 82
END TURN 159
TURN 160
COMMAND LEFT START
MOVE A24 133
MOVE A25 133
MOVE A26 133
MOVE A47 121
TRAIN 1
COMMAND LEFT END
COMMAND RIGHT START
COMMAND RIGHT END
TURN 160 RESULT
TIME LEFT 2 5 RIGHT 0 5
TRAIN A48
MOVE A18 207
MOVE A22 209
MOVE A24 131
MOVE A25 131
MOVE A26 131
MOVE A43 59
MOVE A44 52
MOVE A45 35
MOVE A46 18
MOVE A47 6
MOVE B14 226
MOVE B25 155
MOVE B26 155
MOVE B27 155
MOVE B28 155
MOVE B29 62
END TURN 160
TURN 161
COMMAND LEFT START
MOVE A22 150
MOVE A48 121
TRAIN 1
COMMAND LEFT END
COMMAND RIGHT START
COMMAND RIGHT END
TURN 161 RESULT
TIME LEFT 1 5 RIGHT 0 5
TRAIN A49
MOVE A18 224
MOVE A22 197
MOVE A24 133
MOVE A25 133
MOVE A26 133
MOVE A43 72
MOVE A44 59
MOVE A45 52
MOVE A46 35
MOVE A47 18
MOVE A48 6
MOVE B14 222
MOVE B25 133
MOVE B26 133
MOVE B27 133
MOVE B28 133
MOVE B29 51
DAMAGE TURRET B25 1
DAMAGE COMBAT A24 4
DAMAGE COMBAT B25 4
END TURN 161
TURN 162
COMMAND LEFT START
MOVE A18 133
MOVE A49 121
TRAIN 1
COMMAND LEFT END
COMMAND RIGHT START
TRAIN 2
COMMAND RIGHT END
TURN 162 RESULT
TIME LEFT 1 5 RIGHT 0 5
TRAIN A50 B37 B38
MOVE A18 207
MOVE A22 190
MOVE A43 89
MOVE A44 72
MOVE A45 59
MOVE A46 52
MOVE A47 35
MOVE A48 18
MOVE A49 6
MOVE B14 211
MOVE B29 36
DAMAGE TURRET B26 1
DAMAGE COMBAT A24 2
DAMAGE COMBAT A25 1
DAMAGE COMBAT B26 4
END TURN 162
TURN 163
COMMAND LEFT START
MOVE A26 189
MOVE A50 121
TRAIN 1
COMMAND LEFT END
COMMAND RIGHT START
MOVE B38 211
MOVE B37 211
COMMAND RIGHT END
TURN 163 RESULT
TIME LEFT 1 5 RIGHT 0 5
TRAIN A51
MOVE A18 190
MOVE A22 198
MOVE A43 111
MOVE A44 89
MOVE A45 72
MOVE A46 59
MOVE A47 52
MOVE A48 35
MOVE A49 18
MOVE A50 6
MOVE B29 24
MOVE B37 240
MOVE B38 240
DAMAGE TURRET B27 1
DAMAGE COMBAT A25 2
DAMAGE COMBAT B27 3
END TURN 163
TURN 164
COMMAND LEFT START
MOVE A51 121
TRAIN 1
COMMAND LEFT END
COMMAND RIGHT START
TRAIN 1
COMMAND RIGHT END
TURN 164 RESULT
TIME LEFT 1 5 RIGHT 0 5
TRAIN A52 B39
MOVE A18 183
MOVE A22 185
MOVE A43 121
MOVE A44 111
MOVE A45 89
MOVE A46 72
MOVE A47 59
MOVE A48 52
MOVE A49 35
MOVE A50 18
MOVE A51 6
MOVE B29 10
MOVE B37 234
MOVE B38 234
DAMAGE TURRET B27 1
DAMAGE TURRET B29 1
DAMAGE COMBAT A2 1
DAMAGE COMBAT A25 2
DAMAGE COMBAT B28 3
DAMAGE COMBAT B29 1
END TURN 164
TURN 165
COMMAND LEFT START
MOVE A52 10
TRAIN 1
COMMAND LEFT END
COMMAND RIGHT START
MOVE B39 211
COMMAND RIGHT END
TURN 165 RESULT
TIME LEFT 1 5 RIGHT 0 5
TRAIN A53
MOVE A18 170
MOVE A22 176
MOVE A44 121
MOVE A45 111
MOVE A46 89
MOVE A47 72
MOVE A48 59
MOVE A49 52
MOVE A50 35
MOVE A51 18
MOVE A52 7
MOVE B37 226
MOVE B38 226
MOVE B39 240
DAMAGE TURRET B28 1
DAMAGE TURRET B29 1
DAMAGE COMBAT A2 1
DAMAGE COMBAT A25 1
DAMAGE COMBAT B28 1
DAMAGE COMBAT B29 1
END TURN 165
TURN 166
COMMAND LEFT START
MOVE A53 121
TRAIN 1
COMMAND LEFT END
COMMAND RIGHT START
COMMAND RIGHT END
TURN 166 RESULT
TIME LEFT 1 5 RIGHT 0 5
TRAIN A54
MOVE A18 153
MOVE A22 179
MOVE A26 155
MOVE A45 121
MOVE A46 111
MOVE A47 89
MOVE A48 72
MOVE A49 59
MOVE A50 52
MOVE A51 35
MOVE A52 10
MOVE A53 6
MOVE B37 222
MOVE B38 222
MOVE B39 234
DAMAGE TURRET B29 1
DAMAGE COMBAT A2 1
END TURN 166
TURN 167
COMMAND LEFT START
MOVE A52 121
MOVE A54 121
TRAIN 1
COMMAND LEFT END
COMMAND RIGHT START
COMMAND RIGHT END
TURN 167 RESULT
TIME LEFT 2 5 RIGHT 0 5
TRAIN A55
MOVE A18 133
MOVE A22 160
MOVE A26 169
MOVE A46 121
MOVE A47 111
MOVE A48 89
MOVE A49 72
MOVE A50 59
MOVE A51 52
MOVE A52 24
MOVE A53 18
MOVE A54 6
MOVE B37 211
MOVE B38 211
MOVE B39 226
END TURN 167
TURN 168
COMMAND LEFT START
MOVE A42 121
MOVE A55 121
TRAIN 1
COMMAND LEFT END
COMMAND RIGHT START
COMMAND RIGHT END
TURN 168 RESULT
TIME LEFT 2 5 RIGHT 0 5
TRAIN A56
MOVE A22 162
MOVE A26 178
MOVE A42 131
MOVE A47 121
MOVE A48 111
MOVE A49 89
MOVE A50 72
MOVE A51 59
MOVE A52 36
MOVE A53 35
MOVE A54 18
MOVE A55 6
MOVE B39 222
END TURN 168
TURN 169
COMMAND LEFT START
MOVE A37 211
MOVE A38 211
MOVE A39 211
MOVE A40 211
MOVE A41 211
MOVE A43 211
MOVE A44 211
MOVE A45 211
MOVE A46 211
MOVE A47 211
MOVE A56 121
COMMAND LEFT END
COMMAND RIGHT START
COMMAND RIGHT END
TURN 169 RESULT
TIME LEFT 9 5 RIGHT 0 5
MOVE A22 164
MOVE A26 189
MOVE A37 131
MOVE A38 131
MOVE A39 131
MOVE A40 131
MOVE A41 131
MOVE A42 121
MOVE A43 131
MOVE A44 131
MOVE A45 131
MOVE A46 131
MOVE A47 131
MOVE A48 121
MOVE A49 111
MOVE A50 89
MOVE A51 72
MOVE A52 48
MOVE A53 52
MOVE A54 35
MOVE A55 18
MOVE A56 6
MOVE B39 211
END TURN 169
TURN 170
COMMAND LEFT START
MOVE A26 133
TRAIN 1
COMMAND LEFT END
COMMAND RIGHT START
COMMAND RIGHT END
TURN 170 RESULT
TIME LEFT 7 5 RIGHT 0 5
TRAIN A57
MOVE A22 150
MOVE A26 178
MOVE A37 153
MOVE A38 153
MOVE A39 153
MOVE A40 153
MOVE A41 153
MOVE A43 153
MOVE A44 153
MOVE A45 153
MOVE A46 153
MOVE A47 153
MOVE A49 121
MOVE A50 111
MOVE A51 89
MOVE A52 63
MOVE A53 59
MOVE A54 52
MOVE A55 35
MOVE A56 18
END TURN 170
TURN 171
COMMAND LEFT START
MOVE A42 224
MOVE A22 121
MOVE A57 121
TRAIN 1
COMMAND LEFT END
COMMAND RIGHT START
COMMAND RIGHT END
TURN 171 RESULT
TIME LEFT 2 5 RIGHT 0 5
TRAIN A58
MOVE A22 142
MOVE A26 169
MOVE A37 170
MOVE A38 170
MOVE A39 170
MOVE A40 170
MOVE A41 170
MOVE A42 131
MOVE A43 170
MOVE A44 170
MOVE A45 170
MOVE A46 170
MOVE A47 170
MOVE A50 121
MOVE A51 111
MOVE A52 77
MOVE A53 72
MOVE A54 59
MOVE A55 52
MOVE A56 35
MOVE A57 6
END TURN 171
TURN 172
COMMAND LEFT START
MOVE A58 121
TRAIN 1
COMMAND LEFT END
COMMAND RIGHT START
COMMAND RIGHT END
TURN 172 RESULT
TIME LEFT 1 5 RIGHT 0 5
TRAIN A59
MOVE A22 148
MOVE A26 155
MOVE A37 184
MOVE A38 184
MOVE A39 184
MOVE A40 184
MOVE A41 184
MOVE A42 153
MOVE A43 184
MOVE A44 184
MOVE A45 184
MOVE A46 184
MOVE A47 184
MOVE A51 121
MOVE A52 95
MOVE A53 89
MOVE A54 72
MOVE A55 59
MOVE A56 52
MOVE A57 18
MOVE A58 6
END TURN 172
TURN 173
COMMAND LEFT START
MOVE A59 121
COMMAND LEFT END
COMMAND RIGHT START
MOVE B39 232
COMMAND RIGHT END
TURN 173 RESULT
TIME LEFT 1 5 RIGHT 0 5
MOVE A22 141
MOVE A26 133
MOVE A37 189
MOVE A38 189
MOVE A39 189
MOVE A40 189
MOVE A41 189
MOVE A42 170
MOVE A43 189
MOVE A44 189
MOVE A45 189
MOVE A46 189
MOVE A47 189
MOVE A52 107
MOVE A53 111
MOVE A54 89
MOVE A55 72
MOVE A56 59
MOVE A57 35
MOVE A58 18
MOVE A59 6
MOVE B39 209
END TURN 173
TURN 174
COMMAND LEFT START
MOVE A26 121
TRAIN 1
COMMAND LEFT END
COMMAND RIGHT START
TRAIN 2
COMMAND RIGHT END
TURN 174 RESULT
TIME LEFT 1 5 RIGHT 0 5
TRAIN A60 B40 B41
MOVE A22 130
MOVE A26 131
MOVE A37 199
MOVE A38 199
MOVE A39 199
MOVE A40 199
MOVE A41 199
MOVE A42 183
MOVE A43 199
MOVE A44 199
MOVE A45 199
MOVE A46 199
MOVE A47 199
MOVE A52 121
MOVE A53 121
MOVE A54 111
MOVE A55 89
MOVE A56 72
MOVE A57 52
MOVE A58 35
MOVE A59 18
MOVE B39 219
END TURN 174
TURN 175
COMMAND LEFT START
MOVE A60 121
TRAIN 1
COMMAND LEFT END
COMMAND RIGHT START
MOVE B41 211
MOVE B40 211
COMMAND RIGHT END
TURN 175 RESULT
TIME LEFT 5 5 RIGHT 4 5
TRAIN A61
MOVE A22 125
MOVE A26 121
MOVE A37 211
MOVE A38 211
MOVE A39 211
MOVE A40 211
MOVE A41 211
MOVE A42 190
MOVE A43 211
MOVE A44 211
MOVE A45 211
MOVE A46 211
MOVE A47 211
MOVE A54 121
MOVE A55 111
MOVE A56 89
MOVE A57 59
MOVE A58 52
MOVE A59 35
MOVE A60 6
MOVE B39 224
MOVE B40 240
MOVE B41 240
DAMAGE TURRET A37 1
DAMAGE COMBAT A37 4
DAMAGE COMBAT B14 5
DAMAGE COMBAT B22 5
END TURN 175
TURN 176
COMMAND LEFT START
MOVE A61 121
TRAIN 1
COMMAND LEFT END
COMMAND RIGHT START
TRAIN 2
COMMAND RIGHT END
TURN 176 RESULT
TIME LEFT 2 5 RIGHT 0 5
TRAIN A62 B42 B43
MOVE A22 135
MOVE A42 207
MOVE A55 121
MOVE A56 111
MOVE A57 72
MOVE A58 59
MOVE A59 52
MOVE A60 18
MOVE A61 6
MOVE B39 223
MOVE B40 234
MOVE B41 234
DAMAGE TURRET A37 1
DAMAGE COMBAT A38 2
DAMAGE COMBAT B37 6
DAMAGE COMBAT B38 4
END TURN 176
TURN 177
COMMAND LEFT START
MOVE A26 211
MOVE A48 211
MOVE A49 211
MOVE A50 211
MOVE A51 211
MOVE A52 211
MOVE A53 211
MOVE A54 211
MOVE A55 211
MOVE A62 121
COMMAND LEFT END
COMMAND RIGHT START
TRAIN 1
COMMAND RIGHT END
TURN 177 RESULT
TIME LEFT 4 5 RIGHT 0 5
TRAIN B44
MOVE A22 121
MOVE A26 131
MOVE A42 224
MOVE A48 131
MOVE A49 131
MOVE A50 131
MOVE A51 131
MOVE A52 131
MOVE A53 131
MOVE A54 131
MOVE A55 131
MOVE A56 121
MOVE A57 89
MOVE A58 72
MOVE A59 59
MOVE A60 35
MOVE A61 18
MOVE A62 6
MOVE B39 221
MOVE B40 226
MOVE B41 226
DAMAGE TURRET A38 1
DAMAGE COMBAT A38 1
DAMAGE COMBAT B38 2
SIEGE B 211 7
END TURN 177
TURN 178
COMMAND LEFT START
MOVE A42 133
TRAIN 1
COMMAND LEFT END
COMMAND RIGHT START
TRAIN 1
COMMAND RIGHT END
TURN 178 RESULT
TIME LEFT 2 5 RIGHT 0 5
TRAIN A63 B45
MOVE A26 153
MOVE A42 207
MOVE A48 153
MOVE A49 153
MOVE A50 153
MOVE A51 153
MOVE A52 153
MOVE A53 153
MOVE A54 153
MOVE A55 153
MOVE A57 111
MOVE A58 89
MOVE A59 72
MOVE A60 52
MOVE A61 35
MOVE A62 18
MOVE B39 232
MOVE B40 222
MOVE B41 222
DAMAGE TURRET A38 1
SIEGE B 211 5
END TURN 178
TURN 179
COMMAND LEFT START
MOVE A23 160
MOVE A38 133
MOVE A39 133
MOVE A40 133
MOVE A41 133
MOVE A43 133
MOVE A44 133
MOVE A45 133
MOVE A46 133
MOVE A47 133
MOVE A63 121
TRAIN 1
COMMAND LEFT END
COMMAND RIGHT START
COMMAND RIGHT END
TURN 179 RESULT
TIME LEFT 5 5 RIGHT 0 5
TRAIN A64
MOVE A23 135
MOVE A26 170
MOVE A38 199
MOVE A39 199
MOVE A40 199
MOVE A41 199
MOVE A42 190
MOVE A43 199
MOVE A44 199
MOVE A45 199
MOVE A46 199
MOVE A47 199
MOVE A48 170
MOVE A49 170
MOVE A50 170
MOVE A51 170
MOVE A52 170
MOVE A53 170
MOVE A54 170
MOVE A55 170
MOVE A57 121
MOVE A58 111
MOVE A59 89
MOVE A60 59
MOVE A61 52
MOVE A62 35
MOVE A63 6
MOVE B40 211
MOVE B41 211
END TURN 179
TURN 180
COMMAND LEFT START
MOVE A64 121
TRAIN 1
COMMAND LEFT END
COMMAND RIGHT START
MOVE B40 242
MOVE B41 242
COMMAND RIGHT END
TURN 180 RESULT
TIME LEFT 1 5 RIGHT 0 5
TRAIN A65
MOVE A23 147
MOVE A26 184
MOVE A38 189
MOVE A39 189
MOVE A40 189
MOVE A41 189
MOVE A42 183
MOVE A43 189
MOVE A44 189
MOVE A45 189
MOVE A46 189
MOVE A47 189
MOVE A48 184
MOVE A49 184
MOVE A50 184
MOVE A51 184
MOVE A52 184
MOVE A53 184
MOVE A54 184
MOVE A55 184
MOVE A58 121
MOVE A59 111
MOVE A60 72
MOVE A61 59
MOVE A62 52
MOVE A63 18
MOVE A64 6
MOVE B40 222
MOVE B41 222
END TURN 180
TURN 181
COMMAND LEFT START
MOVE A65 121
COMMAND LEFT END
COMMAND RIGHT START
COMMAND RIGHT END
TURN 181 RESULT
TIME LEFT 1 5 RIGHT 0 5
MOVE A23 165
MOVE A26 189
MOVE A38 178
MOVE A39 178
MOVE A40 178
MOVE A41 178
MOVE A42 170
MOVE A43 178
MOVE A44 178
MOVE A45 178
MOVE A46 178
MOVE A47 178
MOVE A48 189
MOVE A49 189
MOVE A50 189
MOVE A51 189
MOVE A52 189
MOVE A53 189
MOVE A54 189
MOVE A55 189
MOVE A59 121
MOVE A60 89
MOVE A61 72
MOVE A62 59
MOVE A63 35
MOVE A64 18
MOVE A65 6
MOVE B40 226
MOVE B41 226
END TURN 181
TURN 182
COMMAND LEFT START
TRAIN 1
COMMAND LEFT END
COMMAND RIGHT START
COMMAND RIGHT END
TURN 182 RESULT
TIME LEFT 2 5 RIGHT 0 5
TRAIN A66
MOVE A23 160
MOVE A26 199
MOVE A38 169
MOVE A39 169
MOVE A40 169
MOVE A41 169
MOVE A42 153
MOVE A43 169
MOVE A44 169
MOVE A45 169
MOVE A46 169
MOVE A47 169
MOVE A48 199
MOVE A49 199
MOVE A50 199
MOVE A51 199
MOVE A52 199
MOVE A53 199
MOVE A54 199
MOVE A55 199
MOVE A60 111
MOVE A61 89
MOVE A62 72
MOVE A63 52
MOVE A64 35
MOVE A65 18
MOVE B40 234
MOVE B41 234
END TURN 182
TURN 183
COMMAND LEFT START
MOVE A23 221
MOVE A66 121
TRAIN 1
COMMAND LEFT END
COMMAND RIGHT START
COMMAND RIGHT END
TURN 183 RESULT
TIME LEFT 2 5 RIGHT 0 5
TRAIN A67
MOVE A23 180
MOVE A26 211
MOVE A38 155
MOVE A39 155
MOVE A40 155
MOVE A41 155
MOVE A42 133
MOVE A43 155
MOVE A44 155
MOVE A45 155
MOVE A46 155
MOVE A47 155
MOVE A48 211
MOVE A49 211
MOVE A50 211
MOVE A51 211
MOVE A52 211
MOVE A53 211
MOVE A54 211
MOVE A55 211
MOVE A60 121
MOVE A61 111
MOVE A62 89
MOVE A63 59
MOVE A64 52
MOVE A65 35
MOVE A66 6
MOVE B40 240
MOVE B41 240
END TURN 183
TURN 184
COMMAND LEFT START
MOVE A26 133
MOVE A48 133
MOVE A49 133
MOVE A50 133
MOVE A51 133
MOVE A52 133
MOVE A53 133
MOVE A54 133
MOVE A55 133
MOVE A42 121
MOVE A67 121
TRAIN 1
COMMAND LEFT END
COMMAND RIGHT START
COMMAND RIGHT END
TURN 184 RESULT
TIME LEFT 4 5 RIGHT 0 5
TRAIN A68
MOVE A23 191
MOVE A26 199
MOVE A38 133
MOVE A39 133
MOVE A40 133
MOVE A41 133
MOVE A42 131
MOVE A43 133
MOVE A44 133
MOVE A45 133
MOVE A46 133
MOVE A47 133
MOVE A48 199
MOVE A49 199
MOVE A50 199
MOVE A51 199
MOVE A52 199
MOVE A53 199
MOVE A54 199
MOVE A55 199
MOVE A61 121
MOVE A62 111
MOVE A63 72
MOVE A64 59
MOVE A65 52
MOVE A66 18
MOVE A67 6
MOVE B40 242
MOVE B41 242
END TURN 184
TURN 185
COMMAND LEFT START
MOVE A38 121
MOVE A39 121
MOVE A40 121
MOVE A41 121
MOVE A43 121
MOVE A44 121
MOVE A45 121
MOVE A46 121
MOVE A47 121
MOVE A68 121
COMMAND LEFT END
COMMAND RIGHT START
COMMAND RIGHT END
TURN 185 RESULT
TIME LEFT 4 5 RIGHT 0 5
MOVE A23 206
MOVE A26 189
MOVE A38 131
MOVE A39 131
MOVE A40 131
MOVE A41 131
MOVE A42 121
MOVE A43 131
MOVE A44 131
MOVE A45 131
MOVE A46 131
MOVE A47 131
MOVE A48 189
MOVE A49 189
MOVE A50 189
MOVE A51 189
MOVE A52 189
MOVE A53 189
MOVE A54 189
MOVE A55 189
MOVE A62 121
MOVE A63 89
MOVE A64 72
MOVE A65 59
MOVE A66 35
MOVE A67 18
MOVE A68 6
END TURN 185
TURN 186
COMMAND LEFT START
TRAIN 1
COMMAND LEFT END
COMMAND RIGHT START
COMMAND RIGHT END
TURN 186 RESULT
TIME LEFT 1 5 RIGHT 0 5
TRAIN A69
MOVE A23 221
MOVE A26 178
MOVE A38 121
MOVE A39 121
MOVE A40 121
MOVE A41 121
MOVE A43 121
MOVE A44 121
MOVE A45 121
MOVE A46 121
MOVE A47 121
MOVE A48 178
MOVE A49 178
MOVE A50 178
MOVE A51 178
MOVE A52 178
MOVE A53 178
MOVE A54 178
MOVE A55 178
MOVE A63 111
MOVE A64 89
MOVE A65 72
MOVE A66 52
MOVE A67 35
MOVE A68 18
END TURN 186
TURN 187
COMMAND LEFT START
MOVE A23 109
MOVE A69 121
TRAIN 1
COMMAND LEFT END
COMMAND RIGHT START
COMMAND RIGHT END
TURN 187 RESULT
TIME LEFT 3 5 RIGHT 0 5
TRAIN A70
MOVE A23 210
MOVE A26 169
MOVE A48 169
MOVE A49 169
MOVE A50 169
MOVE A51 169
MOVE A52 169
MOVE A53 169
MOVE A54 169
MOVE A55 169
MOVE A63 121
MOVE A64 111
MOVE A65 89
MOVE A66 59
MOVE A67 52
MOVE A68 35
MOVE A69 6
END TURN 187
TURN 188
COMMAND LEFT START
MOVE A38 142
MOVE A39 98
MOVE A70 121
COMMAND LEFT END
COMMAND RIGHT START
MOVE B45 109
COMMAND RIGHT END
TURN 188 RESULT
TIME LEFT 4 5 RIGHT 0 5
MOVE A23 194
MOVE A26 155
MOVE A38 135
MOVE A39 111
MOVE A48 155
MOVE A49 155
MOVE A50 155
MOVE A51 155
MOVE A52 155
MOVE A53 155
MOVE A54 155
MOVE A55 155
MOVE A64 121
MOVE A65 111
MOVE A66 72
MOVE A67 59
MOVE A68 52
MOVE A69 18
MOVE A70 6
MOVE B45 236
END TURN 188
TURN 189
COMMAND LEFT START
MOVE A40 242
MOVE A41 242
MOVE A42 242
MOVE A43 242
MOVE A44 242
MOVE A45 242
MOVE A46 242
MOVE A47 242
MOVE A56 242
MOVE A57 242
MOVE A58 242
MOVE A59 242
MOVE A60 242
MOVE A61 242
COMMAND LEFT END
COMMAND RIGHT START
COMMAND RIGHT END
TURN 189 RESULT
TIME LEFT 6 5 RIGHT 0 5
MOVE A23 179
MOVE A26 133
MOVE A38 125
MOVE A39 109
MOVE A40 131
MOVE A41 131
MOVE A42 131
MOVE A43 131
MOVE A44 131
MOVE A45 131
MOVE A46 131
MOVE A47 131
MOVE A48 133
MOVE A49 133
MOVE A50 133
MOVE A51 133
MOVE A52 133
MOVE A53 133
MOVE A54 133
MOVE A55 133
MOVE A56 131
MOVE A57 131
MOVE A58 131
MOVE A59 131
MOVE A60 131
MOVE A61 131
MOVE A65 121
MOVE A66 89
MOVE A67 72
MOVE A68 59
MOVE A69 35
MOVE A70 18
MOVE B45 223
END TURN 189
TURN 190
COMMAND LEFT START
MOVE A26 121
MOVE A48 121
MOVE A49 121
MOVE A50 121
MOVE A51 121
MOVE A52 121
MOVE A53 121
MOVE A54 121
MOVE A55 121
TRAIN 1
COMMAND LEFT END
COMMAND RIGHT START
COMMAND RIGHT END
TURN 190 RESULT
TIME LEFT 4 5 RIGHT 0 5
TRAIN A71
MOVE A23 165
MOVE A26 131
MOVE A38 130
MOVE A39 102
MOVE A40 153
MOVE A41 153
MOVE A42 153
MOVE A43 153
MOVE A44 153
MOVE A45 153
MOVE A46 153
MOVE A47 153
MOVE A48 131
MOVE A49 131
MOVE A50 131
MOVE A51 131
MOVE A52 131
MOVE A53 131
MOVE A54 131
MOVE A55 131
MOVE A56 153
MOVE A57 153
MOVE A58 153
MOVE A59 153
MOVE A60 153
MOVE A61 153
MOVE A66 111
MOVE A67 89
MOVE A68 72
MOVE A69 52
MOVE A70 35
MOVE B45 205
END TURN 190
TURN 191
COMMAND LEFT START
MOVE A71 121
COMMAND LEFT END
COMMAND RIGHT START
COMMAND RIGHT END
TURN 191 RESULT
TIME LEFT 2 5 RIGHT 0 5
MOVE A23 147
MOVE A26 121
MOVE A38 141
MOVE A39 104
MOVE A40 170
MOVE A41 170
MOVE A42 170
MOVE A43 170
MOVE A44 170
MOVE A45 170
MOVE A46 170
MOVE A47 170
MOVE A48 121
MOVE A49 121
MOVE A50 121
MOVE A51 121
MOVE A52 121
MOVE A53 121
MOVE A54 121
MOVE A55 121
MOVE A56 170
MOVE A57 170
MOVE A58 170
MOVE A59 170
MOVE A60 170
MOVE A61 170
MOVE A66 121
MOVE A67 111
MOVE A68 89
MOVE A69 59
MOVE A70 52
MOVE A71 6
MOVE B45 185
END TURN 191
TURN 192
COMMAND LEFT START
MOVE A26 242
MOVE A48 242
MOVE A49 242
MOVE A50 242
MOVE A51 242
MOVE A52 242
MOVE A53 242
MOVE A54 242
MOVE A55 242
MOVE A62 242
MOVE A63 242
MOVE A64 242
MOVE A65 242
MOVE A66 242
COMMAND LEFT END
COMMAND RIGHT START
TRAIN 2
COMMAND RIGHT END
TURN 192 RESULT
TIME LEFT 6 5 RIGHT 0 5
TRAIN B46 B47
MOVE A23 125
MOVE A26 131
MOVE A38 148
MOVE A39 103
MOVE A40 183
MOVE A41 183
MOVE A42 183
MOVE A43 183
MOVE A44 183
MOVE A45 183
MOVE A46 183
MOVE A47 183
MOVE A48 131
MOVE A49 131
MOVE A50 131
MOVE A51 131
MOVE A52 131
MOVE A53 131
MOVE A54 131
MOVE A55 131
MOVE A56 183
MOVE A57 183
MOVE A58 183
MOVE A59 183
MOVE A60 183
MOVE A61 183
MOVE A62 131
MOVE A63 131
MOVE A64 131
MOVE A65 131
MOVE A66 131
MOVE A67 121
MOVE A68 111
MOVE A69 72
MOVE A70 59
MOVE A71 18
MOVE B45 172
END TURN 192
TURN 193
COMMAND LEFT START
TRAIN 1
COMMAND LEFT END
COMMAND RIGHT START
TRAIN 1
COMMAND RIGHT END
TURN 193 RESULT
TIME LEFT 1 5 RIGHT 0 5
TRAIN A72 B48
MOVE A23 109
MOVE A26 153
MOVE A38 142
MOVE A39 108
MOVE A40 190
MOVE A41 190
MOVE A42 190
MOVE A43 190
MOVE A44 190
MOVE A45 190
MOVE A46 190
MOVE A47 190
MOVE A48 153
MOVE A49 153
MOVE A50 153
MOVE A51 153
MOVE A52 153
MOVE A53 153
MOVE A54 153
MOVE A55 153
MOVE A56 190
MOVE A57 190
MOVE A58 190
MOVE A59 190
MOVE A60 190
MOVE A61 190
MOVE A62 153
MOVE A63 153
MOVE A64 153
MOVE A65 153
MOVE A66 153
MOVE A68 121
MOVE A69 89
MOVE A70 72
MOVE A71 35
MOVE B45 161
END TURN 193
TURN 194
COMMAND LEFT START
MOVE A38 196
MOVE A23 121
MOVE A72 121
COMMAND LEFT END
COMMAND RIGHT START
COMMAND RIGHT END
TURN 194 RESULT
TIME LEFT 2 5 RIGHT 0 5
MOVE A23 111
MOVE A26 170
MOVE A38 164
MOVE A39 105
MOVE A40 207
MOVE A41 207
MOVE A42 207
MOVE A43 207
MOVE A44 207
MOVE A45 207
MOVE A46 207
MOVE A47 207
MOVE A48 170
MOVE A49 170
MOVE A50 170
MOVE A51 170
MOVE A52 170
MOVE A53 170
MOVE A54 170
MOVE A55 170
MOVE A56 207
MOVE A57 207
MOVE A58 207
MOVE A59 207
MOVE A60 207
MOVE A61 207
MOVE A62 170
MOVE A63 170
MOVE A64 170
MOVE A65 170
MOVE A66 170
MOVE A69 111
MOVE A70 89
MOVE A71 52
MOVE A72 6
MOVE B45 147
END TURN 194
TURN 195
COMMAND LEFT START
TRAIN 1
COMMAND LEFT END
COMMAND RIGHT START
COMMAND RIGHT END
TURN 195 RESULT
TIME LEFT 1 5 RIGHT 0 5
TRAIN A73
MOVE A23 121
MOVE A26 183
MOVE A38 182
MOVE A39 99
MOVE A40 224
MOVE A41 224
MOVE A42 224
MOVE A43 224
MOVE A44 224
MOVE A45 224
MOVE A46 224
MOVE A47 224
MOVE A48 183
MOVE A49 183
MOVE A50 183
MOVE A51 183
MOVE A52 183
MOVE A53 183
MOVE A54 183
MOVE A55 183
MOVE A56 224
MOVE A57 224
MOVE A58 224
MOVE A59 224
MOVE A60 224
MOVE A61 224
MOVE A62 183
MOVE A63 183
MOVE A64 183
MOVE A65 183
MOVE A66 183
MOVE A69 121
MOVE A70 111
MOVE A71 59
MOVE A72 18
MOVE B45 125
END TURN 195
TURN 196
COMMAND LEFT START
MOVE A73 121
TRAIN 1
COMMAND LEFT END
COMMAND RIGHT START
MOVE B39 242
TRAIN 1
COMMAND RIGHT END
TURN 196 RESULT
TIME LEFT 2 5 RIGHT 0 5
TRAIN A74 B49
MOVE A26 190
MOVE A38 196
MOVE A39 98
MOVE A40 236
MOVE A41 236
MOVE A42 236
MOVE A43 236
MOVE A44 236
MOVE A45 236
MOVE A46 236
MOVE A47 236
MOVE A48 190
MOVE A49 190
MOVE A50 190
MOVE A51 190
MOVE A52 190
MOVE A53 190
MOVE A54 190
MOVE A55 190
MOVE A56 236
MOVE A57 236
MOVE A58 236
MOVE A59 236
MOVE A60 236
MOVE A61 236
MOVE A62 190
MOVE A63 190
MOVE A64 190
MOVE A65 190
MOVE A66 190
MOVE A70 121
MOVE A71 72
MOVE A72 35
MOVE A73 6
MOVE B39 235
MOVE B45 109
DAMAGE TURRET B45 1
DAMAGE COMBAT A4 1
DAMAGE COMBAT B45 1
END TURN 196
TURN 197
COMMAND LEFT START
MOVE A23 109
MOVE A67 133
MOVE A38 197
MOVE A39 113
MOVE A74 121
COMMAND LEFT END
COMMAND RIGHT START
COMMAND RIGHT END
TURN 197 RESULT
TIME LEFT 3 5 RIGHT 0 5
MOVE A23 111
MOVE A26 207
MOVE A38 191
MOVE A39 99
MOVE A40 242
MOVE A41 242
MOVE A42 242
MOVE A43 242
MOVE A44 242
MOVE A45 242
MOVE A46 242
MOVE A47 242
MOVE A48 207
MOVE A49 207
MOVE A50 207
MOVE A51 207
MOVE A52 207
MOVE A53 207
MOVE A54 207
MOVE A55 207
MOVE A56 242
MOVE A57 242
MOVE A58 242
MOVE A59 242
MOVE A60 242
MOVE A61 242
MOVE A62 207
MOVE A63 207
MOVE A64 207
MOVE A65 207
MOVE A66 207
MOVE A67 131
MOVE A71 89
MOVE A72 52
MOVE A73 18
MOVE A74 6
MOVE B39 242
DAMAGE TURRET A40 2
DAMAGE TURRET B45 1
DAMAGE COMBAT A4 1
DAMAGE COMBAT A40 4
DAMAGE COMBAT A41 6
DAMAGE COMBAT A42 3
DAMAGE COMBAT B17 5
DAMAGE COMBAT B35 6
DAMAGE COMBAT B36 3
DAMAGE COMBAT B45 1
END TURN 197
TURN 198
COMMAND LEFT START
TRAIN 1
COMMAND LEFT END
COMMAND RIGHT START
MOVE B45 242
COMMAND RIGHT END
TURN 198 RESULT
TIME LEFT 2 5 RIGHT 0 5
TRAIN A75
MOVE A23 109
MOVE A26 224
MOVE A38 194
MOVE A39 105
MOVE A48 224
MOVE A49 224
MOVE A50 224
MOVE A51 224
MOVE A52 224
MOVE A53 224
MOVE A54 224
MOVE A55 224
MOVE A62 224
MOVE A63 224
MOVE A64 224
MOVE A65 224
MOVE A66 224
MOVE A67 133
MOVE A71 111
MOVE A72 59
MOVE A73 35
MOVE A74 18
DAMAGE TURRET A42 2
DAMAGE TURRET B45 1
DAMAGE COMBAT A4 1
DAMAGE COMBAT A42 1
DAMAGE COMBAT A43 6
DAMAGE COMBAT A44 4
DAMAGE COMBAT B36 3
DAMAGE COMBAT B39 6
DAMAGE COMBAT B40 3
DAMAGE COMBAT B45 1
END TURN 198
TURN 199
COMMAND LEFT START
MOVE A75 121
MOVE A67 121
MOVE A23 121
COMMAND LEFT END
COMMAND RIGHT START
COMMAND RIGHT END
TURN 199 RESULT
TIME LEFT 3 5 RIGHT 0 5
MOVE A23 111
MOVE A26 236
MOVE A38 205
MOVE A39 108
MOVE A48 236
MOVE A49 236
MOVE A50 236
MOVE A51 236
MOVE A52 236
MOVE A53 236
MOVE A54 236
MOVE A55 236
MOVE A62 236
MOVE A63 236
MOVE A64 236
MOVE A65 236
MOVE A66 236
MOVE A67 131
MOVE A71 121
MOVE A72 72
MOVE A73 52
MOVE A74 35
MOVE A75 6
DAMAGE TURRET A44 2
DAMAGE COMBAT A45 6
DAMAGE COMBAT A46 3
DAMAGE COMBAT B40 3
DAMAGE COMBAT B41 6
DAMAGE COMBAT B42 1
END TURN 199
TURN 200
COMMAND LEFT START
TRAIN 1
COMMAND LEFT END
COMMAND RIGHT START
COMMAND RIGHT END
TURN 200 RESULT
TIME LEFT 1 5 RIGHT 0 5
TRAIN A76
MOVE A23 121
MOVE A26 242
MOVE A38 198
MOVE A39 103
MOVE A48 242
MOVE A49 242
MOVE A50 242
MOVE A51 242
MOVE A52 242
MOVE A53 242
MOVE A54 242
MOVE A55 242
MOVE A62 242
MOVE A63 242
MOVE A64 242
MOVE A65 242
MOVE A66 242
MOVE A67 121
MOVE A72 89
MOVE A73 59
MOVE A74 52
MOVE A75 18
DAMAGE TURRET A46 2
DAMAGE COMBAT A26 6
DAMAGE COMBAT A46 1
DAMAGE COMBAT B42 5
DAMAGE COMBAT B43 6
DAMAGE COMBAT B44 6
DAMAGE COMBAT B46 5
END TURN 200
TURN 201
COMMAND LEFT START
MOVE A76 121
TRAIN 1
COMMAND LEFT END
COMMAND RIGHT START
TRAIN 1
COMMAND RIGHT END
TURN 201 RESULT
TIME LEFT 2 5 RIGHT 0 5
TRAIN A77 B50
MOVE A38 190
MOVE A39 104
MOVE A72 111
MOVE A73 72
MOVE A74 59
MOVE A75 35
MOVE A76 6
DAMAGE TURRET A47 2
DAMAGE COMBAT A47 4
DAMAGE COMBAT A48 1
DAMAGE COMBAT B46 1
DAMAGE COMBAT B47 6
DAMAGE COMBAT B48 6
DAMAGE COMBAT B49 6
DAMAGE COMBAT B50 1
END TURN 201
TURN 202
COMMAND LEFT START
MOVE A77 121
TRAIN 1
COMMAND LEFT END
COMMAND RIGHT START
COMMAND RIGHT END
TURN 202 RESULT
TIME LEFT 2 5 RIGHT 0 5
TRAIN A78
MOVE A38 197
MOVE A39 102
MOVE A72 121
MOVE A73 89
MOVE A74 72
MOVE A75 52
MOVE A76 18
MOVE A77 6
DAMAGE TURRET A48 2
DAMAGE COMBAT A48 1
DAMAGE COMBAT B50 5
SIEGE B 242 3
END TURN 202
RESULT LEFT_WIN HQ_DESTROYED
