[LEFT ""]
[RIGHT ""]
MAP
221 15
-10913 -10650 -10257 -10068 -10440 -10138 -9234 -8440 -9325 -8115 -8311 -8102 -8783 -7597 -8950 -7615 -7617 -7903 -7660 -7354 -7265 -7921 -7133 -7132 -6786 -7314 -6731 -6624 -6477 -6446 -6417 -6221 -6125 -6127 -6091 -6079 -5397 -5616 -5481 -5605 -5497 -5280 -6285 -5243 -5460 -5035 -4936 -5707 -4582 -4484 -4579 -4457 -4857 -4069 -4279 -4238 -4038 -4065 -4149 -3937 -3642 -3544 -3976 -3416 -3452 -3363 -3063 -3034 -2927 -2866 -2943 -2847 -2672 -2577 -2496 -2461 -2224 -2373 -2214 -2106 -1927 -1943 -1946 -1828 -1806 -1861 -1613 -1496 -1213 -1215 -1122 -1161 -1069 -1057 -954 -879 -934 -1116 -788 -914 -759 -511 -522 -633 -435 -397 -256 -141 -43 3 0 -3 43 141 256 397 435 633 522 511 759 914 788 1116 934 879 954 1057 1069 1161 1122 1215 1213 1496 1613 1861 1806 1828 1946 1943 1927 2106 2214 2373 2224 2461 2496 2577 2672 2847 2943 2866 2927 3034 3063 3363 3452 3416 3976 3544 3642 3937 4149 4065 4038 4238 4279 4069 4857 4457 4579 4484 4582 5707 4936 5035 5460 5243 6285 5280 5497 5605 5481 5616 5397 6079 6091 6127 6125 6221 6417 6446 6477 6624 6731 7314 6786 7132 7133 7921 7265 7354 7660 7903 7617 7615 8950 7597 8783 8102 8311 8115 9325 8440 9234 10138 10440 10068 10257 10650 10913
739 -1889 -633 1966 3449 -3748 4137 -747 5641 2716 709 -2703 -5061 3727 -6676 1976 -100 -4015 -1743 4939 971 7745 -3125 -846 -5252 -7425 5850 -2206 832 -4241 3463 4645 -1431 -423 -3206 2281 339 -6737 1333 -5456 5252 -2701 -8571 -4246 6860 -1292 3332 9267 5765 4620 1801 -5446 -10036 7702 -280 -6555 -7865 -3166 -2036 -4382 6198 3853 10359 1013 2439 -1360 -6280 -2453 -4879 -7525 -452 -9764 6662 10166 5231 -3521 2862 8459 4054 259 -2339 7533 -5141 -1160 -6660 1680 -8115 6244 9004 11135 -3143 -4152 -209 4335 -5178 1442 5347 -10628 -6361 3298 -1949 -7882 8318 636 6756 2405 -1130 -3441 -4670 5700 0 -5700 4670 3441 1130 -2405 -6756 -636 -8318 7882 1949 -3298 6361 10628 -5347 -1442 5178 -4335 209 4152 3143 -11135 -9004 -6244 8115 -1680 6660 1160 5141 -7533 2339 -259 -4054 -8459 -2862 3521 -5231 -10166 -6662 9764 452 7525 4879 2453 6280 1360 -2439 -1013 -10359 -3853 -6198 4382 2036 3166 7865 6555 280 -7702 10036 5446 -1801 -4620 -5765 -9267 -3332 1292 -6860 4246 8571 2701 -5252 5456 -1333 6737 -339 -2281 3206 423 1431 -4645 -3463 4241 -832 2206 -5850 7425 5252 846 3125 -7745 -971 -4939 1743 4015 100 -1976 6676 -3727 5061 2703 -709 -2716 -5641 747 -4137 3748 -3449 -1966 633 1889 -739
STRONGHOLDS 20 26 39 42 49 101 109 110 111 119 171 178 181 194 200
5 1 2 3 4 10
5 0 2 5 7 11
4 0 1 7 10
5 0 4 6 9 10
4 0 3 6 8
5 1 11 12 14 17
6 3 4 8 9 13 19
7 1 2 10 11 16 18 23
5 4 6 19 21 26
6 3 6 10 13 15 30
8 0 2 3 7 9 15 16 20
6 1 5 7 17 18 22
4 5 14 17 24
5 6 9 19 30 31
4 5 12 24 25
5 9 10 20 30 35
6 7 10 20 23 28 33
6 5 11 12 22 24 29
5 7 11 22 23 27
5 6 8 13 26 31
5 10 15 16 28 35
4 8 26 44 47
6 11 17 18 27 29 34
6 7 16 18 27 32 33
7 12 14 17 25 29 37 39
4 14 24 37 42
6 8 19 21 31 40 44
6 18 22 23 32 34 41
6 16 20 33 35 36 38
6 17 22 24 34 39 43
6 9 13 15 31 35 46
7 13 19 26 30 40 46 49
5 23 27 33 41 45
6 16 23 28 32 36 45
5 22 27 29 41 43
7 15 20 28 30 38 46 50
7 28 33 38 45 50 54 63
7 24 25 39 42 51 55 56
4 28 35 36 50
5 24 29 37 43 51
5 26 31 44 48 49
7 27 32 34 43 45 57 58
4 25 37 52 56
7 29 34 39 41 51 57 59
7 21 26 40 47 48 53 60
7 32 33 36 41 54 58 65
7 30 31 35 49 50 61 64
4 21 44 53 62
4 40 44 49 60
7 31 40 46 48 60 61 74
6 35 36 38 46 63 64
7 37 39 43 55 59 66 68
3 42 56 71
6 44 47 60 62 72 77
5 36 45 63 65 70
5 37 51 56 66 69
6 37 42 52 55 69 71
6 41 43 58 59 67 75
5 41 45 57 65 67
5 43 51 57 68 75
6 44 48 49 53 72 74
6 46 49 64 74 76 78
5 47 53 73 77 89
7 36 50 54 64 70 79 85
6 46 50 61 63 76 85
7 45 54 58 67 70 80 83
6 51 55 68 69 82 84
5 57 58 65 75 80
5 51 59 66 75 82
6 55 56 66 71 84 86
5 54 63 65 79 83
5 52 56 69 86 97
6 53 60 74 77 81 87
4 62 77 88 89
8 49 60 61 72 78 87 93 96
8 57 59 67 68 80 82 90 91
5 61 64 78 85 99
6 53 62 72 73 81 88
5 61 74 76 93 99
7 63 70 83 85 92 95 103
6 65 67 75 83 90 100
6 72 77 87 88 102 104
7 66 68 75 84 91 94 98
7 65 70 79 80 92 100 106
6 66 69 82 86 98 101
7 63 64 76 79 95 99 105
5 69 71 84 97 101
5 72 74 81 96 104
6 73 77 81 89 102 123
4 62 73 88 123
5 75 80 91 100 107
6 75 82 90 94 107 108
5 79 83 103 106 110
6 74 78 96 99 112 113
5 82 91 98 108 111
5 79 85 103 105 114
6 74 87 93 104 109 112
6 71 86 101 118 131 132
6 82 84 94 101 111 116
6 76 78 85 93 105 113
6 80 83 90 106 107 115
6 84 86 97 98 116 118
5 81 88 104 119 123
5 79 92 95 110 114
7 81 87 96 102 109 119 122
6 85 95 99 113 114 120
7 83 92 100 110 115 117 125
7 90 91 100 108 115 121 127
6 91 94 107 111 124 127
5 96 104 112 122 126
6 92 103 106 114 117 128
5 94 98 108 116 124
6 93 96 109 113 126 129
7 93 99 105 112 120 129 130
7 95 103 105 110 120 128 137
6 100 106 107 121 125 135
7 98 101 111 118 124 133 139
5 106 110 125 128 141
5 97 101 116 132 139
6 102 104 122 123 134 136
6 105 113 114 130 137 140
6 107 115 127 135 142 144
6 104 109 119 126 136 138
6 88 89 102 119 134 149
6 108 111 116 127 133 146
5 106 115 117 135 141
5 109 112 122 129 138
6 107 108 121 124 142 146
5 110 114 117 137 141
6 112 113 126 130 138 145
5 113 120 129 140 145
4 97 132 147 158
6 97 118 131 139 143 147
5 116 124 139 146 148
5 119 123 136 149 151
7 115 121 125 141 144 156 157
6 119 122 134 138 151 154
7 114 120 128 140 141 150 155
7 122 126 129 136 145 152 154
6 116 118 132 133 143 148
6 120 130 137 145 153 155
7 117 125 128 135 137 150 157
5 121 127 144 146 159
6 132 139 147 148 158 167
5 121 135 142 156 159
8 129 130 138 140 152 153 161 163
8 124 127 133 142 148 159 160 171
4 131 132 143 158
6 133 139 143 146 160 167
5 123 134 151 164 168
5 137 141 155 157 166
6 134 136 149 154 164 165
5 138 145 154 161 169
5 140 145 155 162 163
6 136 138 151 152 165 169
7 137 140 150 153 162 166 175
6 135 144 157 159 170 174
7 135 141 150 156 166 170 184
5 131 143 147 167 173
6 142 144 146 156 171 174
6 146 148 167 171 172 176
5 145 152 163 169 177
5 153 155 163 175 179
6 145 153 161 162 177 179
6 149 151 165 168 178 183
5 151 154 164 169 183
5 150 155 157 175 184
6 143 148 158 160 173 176
3 149 164 178
7 152 154 161 165 177 181 183
6 156 157 174 182 184 185
7 146 159 160 172 174 180 189
4 160 171 176 180
4 158 167 176 199
7 156 159 170 171 185 189 190
7 155 162 166 179 184 187 188
7 160 167 172 173 180 194 199
7 161 163 169 179 181 186 191
4 164 168 183 195
7 162 163 175 177 186 188 193
5 171 172 176 189 194
5 169 177 183 191 196
4 170 184 185 192
7 164 165 169 178 181 195 196
7 157 166 170 175 182 187 192
7 170 174 182 190 192 200 205
5 177 179 191 193 198
6 175 184 188 192 197 204
5 175 179 187 193 197
7 171 174 180 190 194 201 207
6 174 185 189 205 207 211
6 177 181 186 196 198 203
6 182 184 185 187 200 204
6 179 186 188 197 198 202
6 176 180 189 199 201 212
4 178 183 196 206
7 181 183 191 195 203 206 208
6 187 188 193 202 204 213
6 186 191 193 202 203 209
4 173 176 194 212
5 185 192 204 205 210
5 189 194 207 212 214
5 193 197 198 209 213
6 191 196 198 208 209 215
6 187 192 197 200 210 213
5 185 190 200 210 211
4 195 196 208 215
5 189 190 201 211 214
4 196 203 206 215
6 198 202 203 213 215 219
8 200 204 205 211 213 217 218 220
6 190 205 207 210 214 217
5 194 199 201 214 216
7 197 202 204 209 210 218 219
6 201 207 211 212 216 217
5 203 206 208 209 219
4 212 214 217 220
5 210 211 214 216 220
4 210 213 219 220
5 209 213 215 218 220
5 210 216 217 218 219
END MAP
TURN 1
COMMAND LEFT START
MOVE A2 20
MOVE A3 26
COMMAND LEFT END
COMMAND RIGHT START
MOVE B1 200
MOVE B2 110
COMMAND RIGHT END
TURN 1 RESULT
TIME LEFT 303 2 RIGHT 1 5
MOVE A2 10
MOVE A3 3
MOVE B1 210
MOVE B2 210
END TURN 1
TURN 2
COMMAND LEFT START
COMMAND LEFT END
COMMAND RIGHT START
COMMAND RIGHT END
TURN 2 RESULT
TIME LEFT 16 2 RIGHT 0 5
MOVE A2 20
MOVE A3 6
MOVE B1 200
MOVE B2 200
END TURN 2
TURN 3
COMMAND LEFT START
UPGRADE 20
COMMAND LEFT END
COMMAND RIGHT START
UPGRADE 200
COMMAND RIGHT END
TURN 3 RESULT
TIME LEFT 16 2 RIGHT 0 5
UPGRADE A 20
UPGRADE B 200
MOVE A3 19
MOVE B2 192
END TURN 3
TURN 4
COMMAND LEFT START
COMMAND LEFT END
COMMAND RIGHT START
COMMAND RIGHT END
TURN 4 RESULT
TIME LEFT 16 2 RIGHT 0 5
MOVE A3 26
MOVE B2 184
END TURN 4
TURN 5
COMMAND LEFT START
COMMAND LEFT END
COMMAND RIGHT START
COMMAND RIGHT END
TURN 5 RESULT
TIME LEFT 16 2 RIGHT 0 5
MOVE B2 157
END TURN 5
TURN 6
COMMAND LEFT START
COMMAND LEFT END
COMMAND RIGHT START
COMMAND RIGHT END
TURN 6 RESULT
TIME LEFT 16 2 RIGHT 0 5
MOVE B2 141
END TURN 6
TURN 7
COMMAND LEFT START
COMMAND LEFT END
COMMAND RIGHT START
COMMAND RIGHT END
TURN 7 RESULT
TIME LEFT 16 2 RIGHT 0 5
MOVE B2 128
END TURN 7
TURN 8
COMMAND LEFT START
COMMAND LEFT END
COMMAND RIGHT START
COMMAND RIGHT END
TURN 8 RESULT
TIME LEFT 16 2 RIGHT 0 5
MOVE B2 110
END TURN 8
TURN 9
COMMAND LEFT START
COMMAND LEFT END
COMMAND RIGHT START
COMMAND RIGHT END
TURN 9 RESULT
TIME LEFT 16 2 RIGHT 0 5
END TURN 9
TURN 10
COMMAND LEFT START
COMMAND LEFT END
COMMAND RIGHT START
COMMAND RIGHT END
TURN 10 RESULT
TIME LEFT 16 2 RIGHT 0 5
END TURN 10
TURN 11
COMMAND LEFT START
COMMAND LEFT END
COMMAND RIGHT START
COMMAND RIGHT END
TURN 11 RESULT
TIME LEFT 16 2 RIGHT 0 5
END TURN 11
TURN 12
COMMAND LEFT START
COMMAND LEFT END
COMMAND RIGHT START
COMMAND RIGHT END
TURN 12 RESULT
TIME LEFT 16 2 RIGHT 0 5
END TURN 12
TURN 13
COMMAND LEFT START
COMMAND LEFT END
COMMAND RIGHT START
COMMAND RIGHT END
TURN 13 RESULT
TIME LEFT 16 2 RIGHT 0 5
END TURN 13
TURN 14
COMMAND LEFT START
UPGRADE 26
COMMAND LEFT END
COMMAND RIGHT START
UPGRADE 110
COMMAND RIGHT END
TURN 14 RESULT
TIME LEFT 16 2 RIGHT 0 5
UPGRADE A 26
UPGRADE B 110
END TURN 14
TURN 15
COMMAND LEFT START
COMMAND LEFT END
COMMAND RIGHT START
COMMAND RIGHT END
TURN 15 RESULT
TIME LEFT 16 2 RIGHT 0 5
END TURN 15
TURN 16
COMMAND LEFT START
COMMAND LEFT END
COMMAND RIGHT START
COMMAND RIGHT END
TURN 16 RESULT
TIME LEFT 16 2 RIGHT 0 5
END TURN 16
TURN 17
COMMAND LEFT START
COMMAND LEFT END
COMMAND RIGHT START
TRAIN 1
COMMAND RIGHT END
TURN 17 RESULT
TIME LEFT 16 2 RIGHT 0 5
TRAIN B4
END TURN 17
TURN 18
COMMAND LEFT START
COMMAND LEFT END
COMMAND RIGHT START
COMMAND RIGHT END
TURN 18 RESULT
TIME LEFT 16 2 RIGHT 0 5
END TURN 18
TURN 19
COMMAND LEFT START
COMMAND LEFT END
COMMAND RIGHT START
COMMAND RIGHT END
TURN 19 RESULT
TIME LEFT 16 2 RIGHT 0 5
END TURN 19
TURN 20
COMMAND LEFT START
COMMAND LEFT END
COMMAND RIGHT START
COMMAND RIGHT END
TURN 20 RESULT
TIME LEFT 16 2 RIGHT 0 5
END TURN 20
TURN 21
COMMAND LEFT START
TRAIN 1
COMMAND LEFT END
COMMAND RIGHT START
COMMAND RIGHT END
TURN 21 RESULT
TIME LEFT 16 2 RIGHT 0 5
TRAIN A4
END TURN 21
TURN 22
COMMAND LEFT START
MOVE A4 42
TRAIN 1
COMMAND LEFT END
COMMAND RIGHT START
COMMAND RIGHT END
TURN 22 RESULT
TIME LEFT 16 2 RIGHT 0 5
TRAIN A5
MOVE A4 1
END TURN 22
TURN 23
COMMAND LEFT START
MOVE A5 49
COMMAND LEFT END
COMMAND RIGHT START
COMMAND RIGHT END
TURN 23 RESULT
TIME LEFT 16 2 RIGHT 0 5
MOVE A4 5
MOVE A5 3
END TURN 23
TURN 24
COMMAND LEFT START
COMMAND LEFT END
COMMAND RIGHT START
COMMAND RIGHT END
TURN 24 RESULT
TIME LEFT 16 2 RIGHT 0 5
MOVE A4 14
MOVE A5 9
END TURN 24
TURN 25
COMMAND LEFT START
COMMAND LEFT END
COMMAND RIGHT START
COMMAND RIGHT END
TURN 25 RESULT
TIME LEFT 16 2 RIGHT 0 5
MOVE A4 25
MOVE A5 13
END TURN 25
TURN 26
COMMAND LEFT START
COMMAND LEFT END
COMMAND RIGHT START
COMMAND RIGHT END
TURN 26 RESULT
TIME LEFT 16 2 RIGHT 0 5
MOVE A4 42
MOVE A5 31
END TURN 26
TURN 27
COMMAND LEFT START
COMMAND LEFT END
COMMAND RIGHT START
MOVE B3 194
COMMAND RIGHT END
TURN 27 RESULT
TIME LEFT 16 2 RIGHT 0 5
MOVE A5 49
MOVE B3 217
END TURN 27
TURN 28
COMMAND LEFT START
COMMAND LEFT END
COMMAND RIGHT START
COMMAND RIGHT END
TURN 28 RESULT
TIME LEFT 16 2 RIGHT 0 5
MOVE B3 214
END TURN 28
TURN 29
COMMAND LEFT START
COMMAND LEFT END
COMMAND RIGHT START
COMMAND RIGHT END
TURN 29 RESULT
TIME LEFT 16 2 RIGHT 0 5
MOVE B3 201
END TURN 29
TURN 30
COMMAND LEFT START
COMMAND LEFT END
COMMAND RIGHT START
COMMAND RIGHT END
TURN 30 RESULT
TIME LEFT 16 2 RIGHT 0 5
MOVE B3 194
END TURN 30
TURN 31
COMMAND LEFT START
COMMAND LEFT END
COMMAND RIGHT START
UPGRADE 194
COMMAND RIGHT END
TURN 31 RESULT
TIME LEFT 16 2 RIGHT 0 5
UPGRADE B 194
END TURN 31
TURN 32
COMMAND LEFT START
COMMAND LEFT END
COMMAND RIGHT START
COMMAND RIGHT END
TURN 32 RESULT
TIME LEFT 16 2 RIGHT 0 5
END TURN 32
TURN 33
COMMAND LEFT START
COMMAND LEFT END
COMMAND RIGHT START
TRAIN 1
COMMAND RIGHT END
TURN 33 RESULT
TIME LEFT 16 2 RIGHT 0 5
TRAIN B5
END TURN 33
TURN 34
COMMAND LEFT START
COMMAND LEFT END
COMMAND RIGHT START
COMMAND RIGHT END
TURN 34 RESULT
TIME LEFT 16 2 RIGHT 0 5
END TURN 34
TURN 35
COMMAND LEFT START
UPGRADE 42
COMMAND LEFT END
COMMAND RIGHT START
COMMAND RIGHT END
TURN 35 RESULT
TIME LEFT 16 2 RIGHT 0 5
UPGRADE A 42
END TURN 35
TURN 36
COMMAND LEFT START
COMMAND LEFT END
COMMAND RIGHT START
COMMAND RIGHT END
TURN 36 RESULT
TIME LEFT 16 2 RIGHT 0 5
END TURN 36
TURN 37
COMMAND LEFT START
COMMAND LEFT END
COMMAND RIGHT START
COMMAND RIGHT END
TURN 37 RESULT
TIME LEFT 16 2 RIGHT 0 5
END TURN 37
TURN 38
COMMAND LEFT START
COMMAND LEFT END
COMMAND RIGHT START
COMMAND RIGHT END
TURN 38 RESULT
TIME LEFT 16 2 RIGHT 0 5
END TURN 38
TURN 39
COMMAND LEFT START
COMMAND LEFT END
COMMAND RIGHT START
MOVE B5 178
COMMAND RIGHT END
TURN 39 RESULT
TIME LEFT 16 2 RIGHT 0 5
MOVE B5 219
END TURN 39
TURN 40
COMMAND LEFT START
COMMAND LEFT END
COMMAND RIGHT START
COMMAND RIGHT END
TURN 40 RESULT
TIME LEFT 16 2 RIGHT 0 5
MOVE B5 215
END TURN 40
TURN 41
COMMAND LEFT START
COMMAND LEFT END
COMMAND RIGHT START
COMMAND RIGHT END
TURN 41 RESULT
TIME LEFT 16 2 RIGHT 0 5
MOVE B5 206
END TURN 41
TURN 42
COMMAND LEFT START
COMMAND LEFT END
COMMAND RIGHT START
COMMAND RIGHT END
TURN 42 RESULT
TIME LEFT 16 2 RIGHT 0 5
MOVE B5 195
END TURN 42
TURN 43
COMMAND LEFT START
COMMAND LEFT END
COMMAND RIGHT START
COMMAND RIGHT END
TURN 43 RESULT
TIME LEFT 16 2 RIGHT 0 5
MOVE B5 178
END TURN 43
TURN 44
COMMAND LEFT START
COMMAND LEFT END
COMMAND RIGHT START
UPGRADE 178
COMMAND RIGHT END
TURN 44 RESULT
TIME LEFT 16 2 RIGHT 0 5
UPGRADE B 178
END TURN 44
TURN 45
COMMAND LEFT START
UPGRADE 49
COMMAND LEFT END
COMMAND RIGHT START
COMMAND RIGHT END
TURN 45 RESULT
TIME LEFT 16 2 RIGHT 0 5
UPGRADE A 49
END TURN 45
TURN 46
COMMAND LEFT START
COMMAND LEFT END
COMMAND RIGHT START
TRAIN 1
COMMAND RIGHT END
TURN 46 RESULT
TIME LEFT 16 2 RIGHT 0 5
TRAIN B6
END TURN 46
TURN 47
COMMAND LEFT START
TRAIN 1
COMMAND LEFT END
COMMAND RIGHT START
COMMAND RIGHT END
TURN 47 RESULT
TIME LEFT 16 2 RIGHT 0 5
TRAIN A6
END TURN 47
TURN 48
COMMAND LEFT START
MOVE A6 39
COMMAND LEFT END
COMMAND RIGHT START
COMMAND RIGHT END
TURN 48 RESULT
TIME LEFT 16 2 RIGHT 0 5
MOVE A6 2
END TURN 48
TURN 49
COMMAND LEFT START
COMMAND LEFT END
COMMAND RIGHT START
COMMAND RIGHT END
TURN 49 RESULT
TIME LEFT 16 2 RIGHT 0 5
MOVE A6 7
END TURN 49
TURN 50
COMMAND LEFT START
COMMAND LEFT END
COMMAND RIGHT START
COMMAND RIGHT END
TURN 50 RESULT
TIME LEFT 16 2 RIGHT 0 5
MOVE A6 18
END TURN 50
TURN 51
COMMAND LEFT START
COMMAND LEFT END
COMMAND RIGHT START
COMMAND RIGHT END
TURN 51 RESULT
TIME LEFT 16 2 RIGHT 0 5
MOVE A6 22
END TURN 51
TURN 52
COMMAND LEFT START
COMMAND LEFT END
COMMAND RIGHT START
COMMAND RIGHT END
TURN 52 RESULT
TIME LEFT 16 2 RIGHT 0 5
MOVE A6 29
END TURN 52
TURN 53
COMMAND LEFT START
COMMAND LEFT END
COMMAND RIGHT START
COMMAND RIGHT END
TURN 53 RESULT
TIME LEFT 16 2 RIGHT 0 5
MOVE A6 39
END TURN 53
TURN 54
COMMAND LEFT START
COMMAND LEFT END
COMMAND RIGHT START
COMMAND RIGHT END
TURN 54 RESULT
TIME LEFT 16 2 RIGHT 0 5
END TURN 54
TURN 55
COMMAND LEFT START
UPGRADE 39
COMMAND LEFT END
COMMAND RIGHT START
UPGRADE 220
COMMAND RIGHT END
TURN 55 RESULT
TIME LEFT 16 2 RIGHT 0 5
UPGRADE A 39
UPGRADE B 220
END TURN 55
TURN 56
COMMAND LEFT START
COMMAND LEFT END
COMMAND RIGHT START
COMMAND RIGHT END
TURN 56 RESULT
TIME LEFT 16 2 RIGHT 0 5
END TURN 56
TURN 57
COMMAND LEFT START
COMMAND LEFT END
COMMAND RIGHT START
COMMAND RIGHT END
TURN 57 RESULT
TIME LEFT 16 2 RIGHT 0 5
END TURN 57
TURN 58
COMMAND LEFT START
COMMAND LEFT END
COMMAND RIGHT START
COMMAND RIGHT END
TURN 58 RESULT
TIME LEFT 16 2 RIGHT 0 5
END TURN 58
TURN 59
COMMAND LEFT START
COMMAND LEFT END
COMMAND RIGHT START
COMMAND RIGHT END
TURN 59 RESULT
TIME LEFT 16 2 RIGHT 0 5
END TURN 59
TURN 60
COMMAND LEFT START
COMMAND LEFT END
COMMAND RIGHT START
COMMAND RIGHT END
TURN 60 RESULT
TIME LEFT 16 2 RIGHT 0 5
END TURN 60
TURN 61
COMMAND LEFT START
COMMAND LEFT END
COMMAND RIGHT START
COMMAND RIGHT END
TURN 61 RESULT
TIME LEFT 16 2 RIGHT 0 5
END TURN 61
TURN 62
COMMAND LEFT START
COMMAND LEFT END
COMMAND RIGHT START
UPGRADE 200
COMMAND RIGHT END
TURN 62 RESULT
TIME LEFT 16 2 RIGHT 0 5
UPGRADE B 200
END TURN 62
TURN 63
COMMAND LEFT START
UPGRADE 0
COMMAND LEFT END
COMMAND RIGHT START
COMMAND RIGHT END
TURN 63 RESULT
TIME LEFT 16 2 RIGHT 0 5
UPGRADE A 0
END TURN 63
TURN 64
COMMAND LEFT START
TRAIN 1
COMMAND LEFT END
COMMAND RIGHT START
TRAIN 1
COMMAND RIGHT END
TURN 64 RESULT
TIME LEFT 16 2 RIGHT 0 5
TRAIN A7 B7
END TURN 64
TURN 65
COMMAND LEFT START
COMMAND LEFT END
COMMAND RIGHT START
MOVE B4 200
COMMAND RIGHT END
TURN 65 RESULT
TIME LEFT 16 2 RIGHT 0 5
MOVE B4 210
END TURN 65
TURN 66
COMMAND LEFT START
TRAIN 1
COMMAND LEFT END
COMMAND RIGHT START
COMMAND RIGHT END
TURN 66 RESULT
TIME LEFT 16 2 RIGHT 0 5
TRAIN A8
MOVE B4 200
END TURN 66
TURN 67
COMMAND LEFT START
TRAIN 1
COMMAND LEFT END
COMMAND RIGHT START
COMMAND RIGHT END
TURN 67 RESULT
TIME LEFT 16 2 RIGHT 0 5
TRAIN A9
END TURN 67
TURN 68
COMMAND LEFT START
TRAIN 1
COMMAND LEFT END
COMMAND RIGHT START
COMMAND RIGHT END
TURN 68 RESULT
TIME LEFT 16 2 RIGHT 0 5
TRAIN A10
END TURN 68
TURN 69
COMMAND LEFT START
COMMAND LEFT END
COMMAND RIGHT START
COMMAND RIGHT END
TURN 69 RESULT
TIME LEFT 16 2 RIGHT 0 5
END TURN 69
TURN 70
COMMAND LEFT START
MOVE A8 10
MOVE A9 10
TRAIN 1
COMMAND LEFT END
COMMAND RIGHT START
COMMAND RIGHT END
TURN 70 RESULT
TIME LEFT 16 2 RIGHT 0 5
TRAIN A11
MOVE A8 10
MOVE A9 10
END TURN 70
TURN 71
COMMAND LEFT START
COMMAND LEFT END
COMMAND RIGHT START
COMMAND RIGHT END
TURN 71 RESULT
TIME LEFT 16 2 RIGHT 0 5
END TURN 71
TURN 72
COMMAND LEFT START
TRAIN 1
COMMAND LEFT END
COMMAND RIGHT START
COMMAND RIGHT END
TURN 72 RESULT
TIME LEFT 16 2 RIGHT 0 5
TRAIN A12
END TURN 72
TURN 73
COMMAND LEFT START
TRAIN 1
COMMAND LEFT END
COMMAND RIGHT START
COMMAND RIGHT END
TURN 73 RESULT
TIME LEFT 16 2 RIGHT 0 5
TRAIN A13
END TURN 73
TURN 74
COMMAND LEFT START
COMMAND LEFT END
COMMAND RIGHT START
COMMAND RIGHT END
TURN 74 RESULT
TIME LEFT 16 2 RIGHT 0 5
END TURN 74
TURN 75
COMMAND LEFT START
TRAIN 1
COMMAND LEFT END
COMMAND RIGHT START
UPGRADE 220
COMMAND RIGHT END
TURN 75 RESULT
TIME LEFT 16 2 RIGHT 0 5
UPGRADE B 220
TRAIN A14
END TURN 75
TURN 76
COMMAND LEFT START
TRAIN 1
COMMAND LEFT END
COMMAND RIGHT START
COMMAND RIGHT END
TURN 76 RESULT
TIME LEFT 16 2 RIGHT 0 5
TRAIN A15
END TURN 76
TURN 77
COMMAND LEFT START
COMMAND LEFT END
COMMAND RIGHT START
TRAIN 1
COMMAND RIGHT END
TURN 77 RESULT
TIME LEFT 16 2 RIGHT 0 5
TRAIN B8
END TURN 77
TURN 78
COMMAND LEFT START
MOVE A8 129
MOVE A9 129
TRAIN 1
COMMAND LEFT END
COMMAND RIGHT START
COMMAND RIGHT END
TURN 78 RESULT
TIME LEFT 16 2 RIGHT 0 5
TRAIN A16
MOVE A8 20
MOVE A9 20
END TURN 78
TURN 79
COMMAND LEFT START
COMMAND LEFT END
COMMAND RIGHT START
COMMAND RIGHT END
TURN 79 RESULT
TIME LEFT 16 2 RIGHT 0 5
MOVE A8 28
MOVE A9 28
END TURN 79
TURN 80
COMMAND LEFT START
COMMAND LEFT END
COMMAND RIGHT START
COMMAND RIGHT END
TURN 80 RESULT
TIME LEFT 16 2 RIGHT 0 5
MOVE A8 38
MOVE A9 38
END TURN 80
TURN 81
COMMAND LEFT START
COMMAND LEFT END
COMMAND RIGHT START
COMMAND RIGHT END
TURN 81 RESULT
TIME LEFT 16 2 RIGHT 0 5
MOVE A8 50
MOVE A9 50
END TURN 81
TURN 82
COMMAND LEFT START
MOVE A10 129
MOVE A11 129
COMMAND LEFT END
COMMAND RIGHT START
UPGRADE 194
COMMAND RIGHT END
TURN 82 RESULT
TIME LEFT 16 2 RIGHT 0 5
UPGRADE B 194
MOVE A8 64
MOVE A9 64
MOVE A10 10
MOVE A11 10
END TURN 82
TURN 83
COMMAND LEFT START
COMMAND LEFT END
COMMAND RIGHT START
TRAIN 1
COMMAND RIGHT END
TURN 83 RESULT
TIME LEFT 16 2 RIGHT 0 5
TRAIN B9
MOVE A8 76
MOVE A9 76
MOVE A10 20
MOVE A11 20
END TURN 83
TURN 84
COMMAND LEFT START
COMMAND LEFT END
COMMAND RIGHT START
MOVE B6 194
COMMAND RIGHT END
TURN 84 RESULT
TIME LEFT 16 2 RIGHT 0 5
MOVE A8 99
MOVE A9 99
MOVE A10 28
MOVE A11 28
MOVE B6 217
END TURN 84
TURN 85
COMMAND LEFT START
MOVE A12 83
TRAIN 1
COMMAND LEFT END
COMMAND RIGHT START
COMMAND RIGHT END
TURN 85 RESULT
TIME LEFT 16 2 RIGHT 0 5
TRAIN A17
MOVE A8 113
MOVE A9 113
MOVE A10 38
MOVE A11 38
MOVE A12 10
MOVE B6 214
END TURN 85
TURN 86
COMMAND LEFT START
COMMAND LEFT END
COMMAND RIGHT START
COMMAND RIGHT END
TURN 86 RESULT
TIME LEFT 16 2 RIGHT 0 5
MOVE A8 129
MOVE A9 129
MOVE A10 50
MOVE A11 50
MOVE A12 20
MOVE B6 201
END TURN 86
TURN 87
COMMAND LEFT START
COMMAND LEFT END
COMMAND RIGHT START
COMMAND RIGHT END
TURN 87 RESULT
TIME LEFT 16 2 RIGHT 0 5
MOVE A10 64
MOVE A11 64
MOVE A12 28
MOVE B6 194
END TURN 87
TURN 88
COMMAND LEFT START
MOVE A13 110
COMMAND LEFT END
COMMAND RIGHT START
UPGRADE 178
COMMAND RIGHT END
TURN 88 RESULT
TIME LEFT 16 2 RIGHT 0 5
UPGRADE B 178
MOVE A10 76
MOVE A11 76
MOVE A12 36
MOVE A13 10
END TURN 88
TURN 89
COMMAND LEFT START
COMMAND LEFT END
COMMAND RIGHT START
TRAIN 1
COMMAND RIGHT END
TURN 89 RESULT
TIME LEFT 16 2 RIGHT 0 5
TRAIN B10
MOVE A10 99
MOVE A11 99
MOVE A12 54
MOVE A13 20
END TURN 89
TURN 90
COMMAND LEFT START
TRAIN 1
COMMAND LEFT END
COMMAND RIGHT START
MOVE B7 178
COMMAND RIGHT END
TURN 90 RESULT
TIME LEFT 16 2 RIGHT 0 5
TRAIN A18
MOVE A10 113
MOVE A11 113
MOVE A12 70
MOVE A13 28
MOVE B7 219
END TURN 90
TURN 91
COMMAND LEFT START
MOVE A14 129
MOVE A15 129
MOVE A16 129
MOVE A17 129
TRAIN 1
COMMAND LEFT END
COMMAND RIGHT START
COMMAND RIGHT END
TURN 91 RESULT
TIME LEFT 16 2 RIGHT 0 5
TRAIN A19
MOVE A10 129
MOVE A11 129
MOVE A12 83
MOVE A13 36
MOVE A14 10
MOVE A15 10
MOVE A16 10
MOVE A17 10
MOVE B7 215
END TURN 91
TURN 92
COMMAND LEFT START
MOVE A12 110
MOVE A18 110
MOVE A19 110
TRAIN 1
COMMAND LEFT END
COMMAND RIGHT START
COMMAND RIGHT END
TURN 92 RESULT
TIME LEFT 16 2 RIGHT 0 5
TRAIN A20
MOVE A12 92
MOVE A13 63
MOVE A14 20
MOVE A15 20
MOVE A16 20
MOVE A17 20
MOVE A18 10
MOVE A19 10
MOVE B7 206
END TURN 92
TURN 93
COMMAND LEFT START
MOVE A20 110
TRAIN 1
COMMAND LEFT END
COMMAND RIGHT START
COMMAND RIGHT END
TURN 93 RESULT
TIME LEFT 16 2 RIGHT 0 5
TRAIN A21
MOVE A12 110
MOVE A13 79
MOVE A14 28
MOVE A15 28
MOVE A16 28
MOVE A17 28
MOVE A18 20
MOVE A19 20
MOVE A20 10
MOVE B7 195
DAMAGE TURRET A12 1
DAMAGE COMBAT A12 1
DAMAGE COMBAT B2 1
END TURN 93
TURN 94
COMMAND LEFT START
MOVE A9 110
MOVE A10 110
MOVE A11 110
MOVE A21 110
COMMAND LEFT END
COMMAND RIGHT START
COMMAND RIGHT END
TURN 94 RESULT
TIME LEFT 16 2 RIGHT 0 5
MOVE A9 130
MOVE A10 130
MOVE A11 130
MOVE A13 92
MOVE A14 38
MOVE A15 38
MOVE A16 38
MOVE A17 38
MOVE A18 28
MOVE A19 28
MOVE A20 20
MOVE A21 10
MOVE B7 178
DAMAGE TURRET A12 1
DAMAGE COMBAT A12 1
DAMAGE COMBAT B2 1
END TURN 94
TURN 95
COMMAND LEFT START
TRAIN 1
COMMAND LEFT END
COMMAND RIGHT START
UPGRADE 200
COMMAND RIGHT END
TURN 95 RESULT
TIME LEFT 16 2 RIGHT 0 5
UPGRADE B 200
TRAIN A22
MOVE A9 120
MOVE A10 120
MOVE A11 120
MOVE A13 110
MOVE A14 50
MOVE A15 50
MOVE A16 50
MOVE A17 50
MOVE A18 36
MOVE A19 36
MOVE A20 28
MOVE A21 20
DAMAGE TURRET A12 1
DAMAGE COMBAT A13 1
DAMAGE COMBAT B2 2
END TURN 95
TURN 96
COMMAND LEFT START
MOVE A22 110
TRAIN 1
COMMAND LEFT END
COMMAND RIGHT START
TRAIN 1
COMMAND RIGHT END
TURN 96 RESULT
TIME LEFT 16 2 RIGHT 0 5
TRAIN A23 B11
MOVE A9 114
MOVE A10 114
MOVE A11 114
MOVE A14 64
MOVE A15 64
MOVE A16 64
MOVE A17 64
MOVE A18 63
MOVE A19 63
MOVE A20 36
MOVE A21 28
MOVE A22 10
DAMAGE TURRET A13 1
SIEGE B 110 1
END TURN 96
TURN 97
COMMAND LEFT START
TRAIN 1
COMMAND LEFT END
COMMAND RIGHT START
MOVE B8 200
TRAIN 1
COMMAND RIGHT END
TURN 97 RESULT
TIME LEFT 16 2 RIGHT 0 5
TRAIN A24 B12
MOVE A9 110
MOVE A10 110
MOVE A11 110
MOVE A14 76
MOVE A15 76
MOVE A16 76
MOVE A17 76
MOVE A18 79
MOVE A19 79
MOVE A20 63
MOVE A21 36
MOVE A22 20
MOVE B8 210
DAMAGE TURRET A13 1
SIEGE B 110 4
END TURN 97
TURN 98
COMMAND LEFT START
MOVE A23 110
MOVE A24 110
TRAIN 1
COMMAND LEFT END
COMMAND RIGHT START
TRAIN 1
COMMAND RIGHT END
TURN 98 RESULT
TIME LEFT 16 2 RIGHT 0 5
TRAIN A25 B13
MOVE A14 99
MOVE A15 99
MOVE A16 99
MOVE A17 99
MOVE A18 92
MOVE A19 92
MOVE A20 79
MOVE A21 63
MOVE A22 28
MOVE A23 10
MOVE A24 10
MOVE B8 200
DAMAGE TURRET A13 1
SIEGE B 110 1
END TURN 98
TURN 99
COMMAND LEFT START
MOVE A25 129
TRAIN 1
COMMAND LEFT END
COMMAND RIGHT START
COMMAND RIGHT END
TURN 99 RESULT
TIME LEFT 16 2 RIGHT 0 5
TRAIN A26
MOVE A14 113
MOVE A15 113
MOVE A16 113
MOVE A17 113
MOVE A18 110
MOVE A19 110
MOVE A20 92
MOVE A21 79
MOVE A22 36
MOVE A23 20
MOVE A24 20
MOVE A25 10
END TURN 99
TURN 100
COMMAND LEFT START
MOVE A26 110
TRAIN 1
COMMAND LEFT END
COMMAND RIGHT START
COMMAND RIGHT END
TURN 100 RESULT
TIME LEFT 16 2 RIGHT 0 5
TRAIN A27
MOVE A14 129
MOVE A15 129
MOVE A16 129
MOVE A17 129
MOVE A20 110
MOVE A21 92
MOVE A22 63
MOVE A23 28
MOVE A24 28
MOVE A25 20
MOVE A26 10
END TURN 100
TURN 101
COMMAND LEFT START
MOVE A14 110
MOVE A15 110
MOVE A16 110
MOVE A17 110
MOVE A27 110
COMMAND LEFT END
COMMAND RIGHT START
COMMAND RIGHT END
TURN 101 RESULT
TIME LEFT 16 2 RIGHT 0 5
MOVE A14 130
MOVE A15 130
MOVE A16 130
MOVE A17 130
MOVE A21 110
MOVE A22 79
MOVE A23 36
MOVE A24 36
MOVE A25 28
MOVE A26 20
MOVE A27 10
END TURN 101
TURN 102
COMMAND LEFT START
COMMAND LEFT END
COMMAND RIGHT START
MOVE B13 171
COMMAND RIGHT END
TURN 102 RESULT
TIME LEFT 16 2 RIGHT 0 5
MOVE A14 120
MOVE A15 120
MOVE A16 120
MOVE A17 120
MOVE A22 92
MOVE A23 63
MOVE A24 63
MOVE A25 38
MOVE A26 28
MOVE A27 20
MOVE B13 217
END TURN 102
TURN 103
COMMAND LEFT START
COMMAND LEFT END
COMMAND RIGHT START
UPGRADE 194
COMMAND RIGHT END
TURN 103 RESULT
TIME LEFT 16 2 RIGHT 0 5
UPGRADE B 194
MOVE A14 114
MOVE A15 114
MOVE A16 114
MOVE A17 114
MOVE A22 110
MOVE A23 79
MOVE A24 79
MOVE A25 50
MOVE A26 36
MOVE A27 28
MOVE B13 211
END TURN 103
TURN 104
COMMAND LEFT START
TRAIN 1
COMMAND LEFT END
COMMAND RIGHT START
MOVE B9 194
COMMAND RIGHT END
TURN 104 RESULT
TIME LEFT 16 2 RIGHT 0 5
TRAIN A28
MOVE A14 110
MOVE A15 110
MOVE A16 110
MOVE A17 110
MOVE A23 92
MOVE A24 92
MOVE A25 64
MOVE A26 63
MOVE A27 36
MOVE B9 217
MOVE B13 207
END TURN 104
TURN 105
COMMAND LEFT START
COMMAND LEFT END
COMMAND RIGHT START
COMMAND RIGHT END
TURN 105 RESULT
TIME LEFT 16 2 RIGHT 0 5
MOVE A23 110
MOVE A24 110
MOVE A25 76
MOVE A26 79
MOVE A27 63
MOVE B9 214
MOVE B13 189
END TURN 105
TURN 106
COMMAND LEFT START
COMMAND LEFT END
COMMAND RIGHT START
COMMAND RIGHT END
TURN 106 RESULT
TIME LEFT 16 2 RIGHT 0 5
MOVE A25 99
MOVE A26 92
MOVE A27 79
MOVE B9 201
MOVE B13 171
END TURN 106
TURN 107
COMMAND LEFT START
TRAIN 1
COMMAND LEFT END
COMMAND RIGHT START
UPGRADE 171
COMMAND RIGHT END
TURN 107 RESULT
TIME LEFT 16 2 RIGHT 0 5
UPGRADE B 171
TRAIN A29
MOVE A25 113
MOVE A26 110
MOVE A27 92
MOVE B9 194
END TURN 107
TURN 108
COMMAND LEFT START
MOVE A8 220
MOVE A10 220
MOVE A11 220
MOVE A13 220
MOVE A14 220
MOVE A15 220
MOVE A16 220
MOVE A17 220
MOVE A18 220
MOVE A19 220
MOVE A20 220
MOVE A21 220
COMMAND LEFT END
COMMAND RIGHT START
COMMAND RIGHT END
TURN 108 RESULT
TIME LEFT 16 2 RIGHT 0 5
MOVE A8 145
MOVE A10 128
MOVE A11 128
MOVE A13 128
MOVE A14 128
MOVE A15 128
MOVE A16 128
MOVE A17 128
MOVE A18 128
MOVE A19 128
MOVE A20 128
MOVE A21 128
MOVE A25 129
MOVE A27 110
END TURN 108
TURN 109
COMMAND LEFT START
MOVE A9 220
MOVE A22 220
MOVE A23 220
MOVE A24 220
MOVE A25 220
COMMAND LEFT END
COMMAND RIGHT START
COMMAND RIGHT END
TURN 109 RESULT
TIME LEFT 16 2 RIGHT 0 5
MOVE A8 163
MOVE A9 128
MOVE A10 141
MOVE A11 141
MOVE A13 141
MOVE A14 141
MOVE A15 141
MOVE A16 141
MOVE A17 141
MOVE A18 141
MOVE A19 141
MOVE A20 141
MOVE A21 141
MOVE A22 128
MOVE A23 128
MOVE A24 128
MOVE A25 145
END TURN 109
TURN 110
COMMAND LEFT START
MOVE A26 220
MOVE A27 220
MOVE A28 220
MOVE A29 220
COMMAND LEFT END
COMMAND RIGHT START
UPGRADE 171
COMMAND RIGHT END
TURN 110 RESULT
TIME LEFT 16 2 RIGHT 0 5
UPGRADE B 171
MOVE A8 179
MOVE A9 141
MOVE A10 157
MOVE A11 157
MOVE A13 157
MOVE A14 157
MOVE A15 157
MOVE A16 157
MOVE A17 157
MOVE A18 157
MOVE A19 157
MOVE A20 157
MOVE A21 157
MOVE A22 141
MOVE A23 141
MOVE A24 141
MOVE A25 163
MOVE A26 128
MOVE A27 128
MOVE A28 10
MOVE A29 10
END TURN 110
TURN 111
COMMAND LEFT START
COMMAND LEFT END
COMMAND RIGHT START
TRAIN 1
COMMAND RIGHT END
TURN 111 RESULT
TIME LEFT 16 2 RIGHT 0 5
TRAIN B14
MOVE A8 193
MOVE A9 157
MOVE A10 184
MOVE A11 184
MOVE A13 184
MOVE A14 184
MOVE A15 184
MOVE A16 184
MOVE A17 184
MOVE A18 184
MOVE A19 184
MOVE A20 184
MOVE A21 184
MOVE A22 157
MOVE A23 157
MOVE A24 157
MOVE A25 179
MOVE A26 141
MOVE A27 141
MOVE A28 20
MOVE A29 20
END TURN 111
TURN 112
COMMAND LEFT START
COMMAND LEFT END
COMMAND RIGHT START
MOVE B10 171
COMMAND RIGHT END
TURN 112 RESULT
TIME LEFT 16 2 RIGHT 0 5
MOVE A8 202
MOVE A9 184
MOVE A10 192
MOVE A11 192
MOVE A13 192
MOVE A14 192
MOVE A15 192
MOVE A16 192
MOVE A17 192
MOVE A18 192
MOVE A19 192
MOVE A20 192
MOVE A21 192
MOVE A22 184
MOVE A23 184
MOVE A24 184
MOVE A25 193
MOVE A26 157
MOVE A27 157
MOVE A28 28
MOVE A29 28
MOVE B10 217
END TURN 112
TURN 113
COMMAND LEFT START
TRAIN 1
COMMAND LEFT END
COMMAND RIGHT START
MOVE B1 220
MOVE B4 220
MOVE B8 220
MOVE B3 220
MOVE B6 220
MOVE B9 220
TRAIN 2
COMMAND RIGHT END
TURN 113 RESULT
TIME LEFT 16 2 RIGHT 0 5
TRAIN A30 B15 B16
MOVE A8 213
MOVE A9 192
MOVE A10 200
MOVE A11 200
MOVE A13 200
MOVE A14 200
MOVE A15 200
MOVE A16 200
MOVE A17 200
MOVE A18 200
MOVE A19 200
MOVE A20 200
MOVE A21 200
MOVE A22 192
MOVE A23 192
MOVE A24 192
MOVE A25 202
MOVE A26 184
MOVE A27 184
MOVE A28 36
MOVE A29 36
MOVE B1 210
MOVE B3 201
MOVE B4 210
MOVE B6 201
MOVE B8 210
MOVE B9 201
MOVE B10 211
DAMAGE TURRET A10 1
DAMAGE TURRET A13 1
SIEGE B 200 11
END TURN 113
TURN 114
COMMAND LEFT START
COMMAND LEFT END
COMMAND RIGHT START
MOVE B13 220
MOVE B5 220
TRAIN 1
COMMAND RIGHT END
TURN 114 RESULT
TIME LEFT 16 2 RIGHT 0 5
TRAIN B17
MOVE A8 218
MOVE A9 200
MOVE A10 210
MOVE A11 210
MOVE A14 210
MOVE A15 210
MOVE A16 210
MOVE A17 210
MOVE A18 210
MOVE A19 210
MOVE A20 210
MOVE A21 210
MOVE A22 200
MOVE A23 200
MOVE A24 200
MOVE A25 213
MOVE A26 192
MOVE A27 192
MOVE A28 54
MOVE A29 54
MOVE B1 220
MOVE B3 214
MOVE B4 220
MOVE B5 195
MOVE B6 214
MOVE B8 220
MOVE B9 214
MOVE B10 207
MOVE B13 189
DAMAGE TURRET A9 2
SIEGE B 200 4
END TURN 114
TURN 115
COMMAND LEFT START
MOVE A30 220
COMMAND LEFT END
COMMAND RIGHT START
MOVE B7 220
COMMAND RIGHT END
TURN 115 RESULT
TIME LEFT 16 2 RIGHT 0 5
MOVE A8 220
MOVE A9 210
MOVE A10 220
MOVE A11 220
MOVE A14 220
MOVE A15 220
MOVE A16 220
MOVE A17 220
MOVE A18 220
MOVE A19 220
MOVE A20 220
MOVE A21 220
MOVE A22 210
MOVE A23 210
MOVE A24 210
MOVE A25 218
MOVE A26 200
MOVE A27 200
MOVE A28 70
MOVE A29 70
MOVE A30 10
MOVE B3 217
MOVE B5 206
MOVE B6 217
MOVE B7 195
MOVE B9 217
MOVE B10 189
MOVE B13 207
DAMAGE TURRET A10 2
DAMAGE TURRET A26 2
DAMAGE COMBAT A8 5
DAMAGE COMBAT A10 2
DAMAGE COMBAT A11 2
DAMAGE COMBAT B1 4
DAMAGE COMBAT B4 4
DAMAGE COMBAT B8 3
SIEGE B 200 2
END TURN 115
TURN 116
COMMAND LEFT START
COMMAND LEFT END
COMMAND RIGHT START
TRAIN 1
COMMAND RIGHT END
TURN 116 RESULT
TIME LEFT 16 2 RIGHT 0 5
TRAIN B18
MOVE A9 220
MOVE A22 220
MOVE A23 220
MOVE A24 220
MOVE A25 220
MOVE A26 210
MOVE A27 210
MOVE A28 83
MOVE A29 83
MOVE A30 20
MOVE B3 220
MOVE B5 215
MOVE B6 220
MOVE B7 206
MOVE B9 220
MOVE B10 171
MOVE B13 211
DAMAGE TURRET A9 2
DAMAGE COMBAT A9 1
DAMAGE COMBAT A11 3
DAMAGE COMBAT A14 5
DAMAGE COMBAT A15 2
DAMAGE COMBAT B3 4
DAMAGE COMBAT B6 4
DAMAGE COMBAT B8 3
DAMAGE COMBAT B9 3
END TURN 116
TURN 117
COMMAND LEFT START
COMMAND LEFT END
COMMAND RIGHT START
MOVE B10 220
COMMAND RIGHT END
TURN 117 RESULT
TIME LEFT 16 2 RIGHT 0 5
MOVE A26 220
MOVE A27 220
MOVE A28 106
MOVE A29 106
MOVE A30 28
MOVE B5 219
MOVE B7 215
MOVE B10 189
MOVE B13 217
DAMAGE TURRET A15 2
DAMAGE COMBAT A15 1
DAMAGE COMBAT A16 4
DAMAGE COMBAT A26 3
DAMAGE COMBAT B9 3
DAMAGE COMBAT B11 6
DAMAGE COMBAT B12 4
END TURN 117
TURN 118
COMMAND LEFT START
TRAIN 1
COMMAND LEFT END
COMMAND RIGHT START
COMMAND RIGHT END
TURN 118 RESULT
TIME LEFT 16 2 RIGHT 0 5
TRAIN A31
MOVE A28 125
MOVE A29 125
MOVE A30 36
MOVE B5 220
MOVE B7 219
MOVE B10 207
MOVE B13 220
DAMAGE TURRET A16 1
DAMAGE TURRET A17 1
DAMAGE COMBAT A17 4
DAMAGE COMBAT A18 4
DAMAGE COMBAT B5 4
DAMAGE COMBAT B12 2
DAMAGE COMBAT B13 5
END TURN 118
TURN 119
COMMAND LEFT START
MOVE A31 220
COMMAND LEFT END
COMMAND RIGHT START
COMMAND RIGHT END
TURN 119 RESULT
TIME LEFT 16 2 RIGHT 0 5
MOVE A28 135
MOVE A29 135
MOVE A30 54
MOVE A31 10
MOVE B7 220
MOVE B10 211
DAMAGE TURRET A18 1
DAMAGE TURRET A19 1
DAMAGE COMBAT A19 4
DAMAGE COMBAT A20 3
DAMAGE COMBAT B7 5
DAMAGE COMBAT B13 1
DAMAGE COMBAT B14 3
END TURN 119
TURN 120
COMMAND LEFT START
COMMAND LEFT END
COMMAND RIGHT START
TRAIN 1
COMMAND RIGHT END
TURN 120 RESULT
TIME LEFT 16 2 RIGHT 0 5
TRAIN B19
MOVE A28 157
MOVE A29 157
MOVE A30 70
MOVE A31 20
MOVE B10 217
DAMAGE TURRET A20 2
DAMAGE COMBAT A21 5
DAMAGE COMBAT A22 1
DAMAGE COMBAT B14 3
DAMAGE COMBAT B15 4
END TURN 120
TURN 121
COMMAND LEFT START
COMMAND LEFT END
COMMAND RIGHT START
COMMAND RIGHT END
TURN 121 RESULT
TIME LEFT 16 2 RIGHT 0 5
MOVE A28 184
MOVE A29 184
MOVE A30 83
MOVE A31 28
MOVE B10 220
DAMAGE TURRET A22 2
DAMAGE COMBAT A22 2
DAMAGE COMBAT A23 4
DAMAGE COMBAT B10 3
DAMAGE COMBAT B15 2
END TURN 121
TURN 122
COMMAND LEFT START
COMMAND LEFT END
COMMAND RIGHT START
COMMAND RIGHT END
TURN 122 RESULT
TIME LEFT 16 2 RIGHT 0 5
MOVE A28 192
MOVE A29 192
MOVE A30 106
MOVE A31 36
DAMAGE TURRET A23 1
DAMAGE TURRET A24 1
DAMAGE COMBAT A24 4
DAMAGE COMBAT A25 1
DAMAGE COMBAT B10 3
DAMAGE COMBAT B16 1
END TURN 122
TURN 123
COMMAND LEFT START
COMMAND LEFT END
COMMAND RIGHT START
COMMAND RIGHT END
TURN 123 RESULT
TIME LEFT 16 2 RIGHT 0 5
MOVE A28 200
MOVE A29 200
MOVE A30 125
MOVE A31 54
DAMAGE TURRET A25 2
DAMAGE TURRET A28 2
DAMAGE COMBAT A25 2
DAMAGE COMBAT A27 2
DAMAGE COMBAT B16 2
SIEGE B 200 1
END TURN 123
TURN 124
COMMAND LEFT START
COMMAND LEFT END
COMMAND RIGHT START
TRAIN 1
COMMAND RIGHT END
TURN 124 RESULT
TIME LEFT 16 2 RIGHT 0 5
TRAIN B20
MOVE A28 210
MOVE A29 210
MOVE A30 135
MOVE A31 70
DAMAGE TURRET A27 2
DAMAGE COMBAT A27 1
DAMAGE COMBAT B16 1
END TURN 124
TURN 125
COMMAND LEFT START
COMMAND LEFT END
COMMAND RIGHT START
MOVE B16 194
MOVE B17 171
MOVE B18 178
COMMAND RIGHT END
TURN 125 RESULT
TIME LEFT 16 2 RIGHT 0 5
MOVE A28 220
MOVE A29 220
MOVE A30 157
MOVE A31 83
MOVE B16 217
MOVE B17 217
MOVE B18 219
DAMAGE TURRET A28 2
DAMAGE COMBAT A28 1
DAMAGE COMBAT A29 1
DAMAGE COMBAT B19 2
END TURN 125
TURN 126
COMMAND LEFT START
COMMAND LEFT END
COMMAND RIGHT START
COMMAND RIGHT END
TURN 126 RESULT
TIME LEFT 16 2 RIGHT 0 5
MOVE A30 184
MOVE A31 106
MOVE B16 214
MOVE B17 211
MOVE B18 215
DAMAGE TURRET A29 2
DAMAGE COMBAT A29 2
DAMAGE COMBAT B19 1
END TURN 126
TURN 127
COMMAND LEFT START
COMMAND LEFT END
COMMAND RIGHT START
MOVE B19 194
COMMAND RIGHT END
TURN 127 RESULT
TIME LEFT 16 2 RIGHT 0 5
MOVE A30 192
MOVE A31 125
MOVE B16 201
MOVE B17 207
MOVE B18 206
MOVE B19 217
END TURN 127
TURN 128
COMMAND LEFT START
COMMAND LEFT END
COMMAND RIGHT START
COMMAND RIGHT END
TURN 128 RESULT
TIME LEFT 16 2 RIGHT 0 5
MOVE A30 200
MOVE A31 135
MOVE B16 194
MOVE B17 189
MOVE B18 195
MOVE B19 214
END TURN 128
TURN 129
COMMAND LEFT START
UPGRADE 0
COMMAND LEFT END
COMMAND RIGHT START
TRAIN 1
COMMAND RIGHT END
TURN 129 RESULT
TIME LEFT 16 2 RIGHT 0 5
UPGRADE A 0
TRAIN B21
MOVE A30 210
MOVE A31 157
MOVE B17 171
MOVE B18 178
MOVE B19 201
END TURN 129
TURN 130
COMMAND LEFT START
COMMAND LEFT END
COMMAND RIGHT START
COMMAND RIGHT END
TURN 130 RESULT
TIME LEFT 16 2 RIGHT 0 5
MOVE A30 220
MOVE A31 184
MOVE B19 194
DAMAGE TURRET A30 2
DAMAGE COMBAT A30 2
DAMAGE COMBAT B20 1
END TURN 130
TURN 131
COMMAND LEFT START
TRAIN 1
COMMAND LEFT END
COMMAND RIGHT START
TRAIN 1
COMMAND RIGHT END
TURN 131 RESULT
TIME LEFT 16 2 RIGHT 0 5
TRAIN A32 B22
MOVE A31 192
DAMAGE TURRET A30 1
DAMAGE COMBAT B20 1
END TURN 131
TURN 132
COMMAND LEFT START
COMMAND LEFT END
COMMAND RIGHT START
TRAIN 1
COMMAND RIGHT END
TURN 132 RESULT
TIME LEFT 16 2 RIGHT 0 5
TRAIN B23
MOVE A31 200
END TURN 132
TURN 133
COMMAND LEFT START
MOVE A32 220
COMMAND LEFT END
COMMAND RIGHT START
MOVE B20 194
COMMAND RIGHT END
TURN 133 RESULT
TIME LEFT 16 2 RIGHT 0 5
MOVE A31 210
MOVE A32 10
MOVE B20 217
END TURN 133
TURN 134
COMMAND LEFT START
COMMAND LEFT END
COMMAND RIGHT START
TRAIN 1
COMMAND RIGHT END
TURN 134 RESULT
TIME LEFT 16 2 RIGHT 0 5
TRAIN B24
MOVE A31 220
MOVE A32 20
MOVE B20 214
DAMAGE TURRET A31 2
DAMAGE COMBAT A31 3
DAMAGE COMBAT B21 1
END TURN 134
TURN 135
COMMAND LEFT START
COMMAND LEFT END
COMMAND RIGHT START
MOVE B21 178
TRAIN 1
COMMAND RIGHT END
TURN 135 RESULT
TIME LEFT 16 2 RIGHT 0 5
TRAIN B25
MOVE A32 28
MOVE B20 201
MOVE B21 219
END TURN 135
TURN 136
COMMAND LEFT START
COMMAND LEFT END
COMMAND RIGHT START
MOVE B22 171
COMMAND RIGHT END
TURN 136 RESULT
TIME LEFT 16 2 RIGHT 0 5
MOVE A32 36
MOVE B20 194
MOVE B21 215
MOVE B22 217
END TURN 136
TURN 137
COMMAND LEFT START
COMMAND LEFT END
COMMAND RIGHT START
COMMAND RIGHT END
TURN 137 RESULT
TIME LEFT 16 2 RIGHT 0 5
MOVE A32 54
MOVE B21 206
MOVE B22 211
END TURN 137
TURN 138
COMMAND LEFT START
COMMAND LEFT END
COMMAND RIGHT START
COMMAND RIGHT END
TURN 138 RESULT
TIME LEFT 16 2 RIGHT 0 5
MOVE A32 70
MOVE B21 195
MOVE B22 207
END TURN 138
TURN 139
COMMAND LEFT START
COMMAND LEFT END
COMMAND RIGHT START
COMMAND RIGHT END
TURN 139 RESULT
TIME LEFT 16 2 RIGHT 0 5
MOVE A32 83
MOVE B21 178
MOVE B22 189
END TURN 139
TURN 140
COMMAND LEFT START
COMMAND LEFT END
COMMAND RIGHT START
COMMAND RIGHT END
TURN 140 RESULT
TIME LEFT 16 2 RIGHT 0 5
MOVE A32 106
MOVE B22 171
END TURN 140
TURN 141
COMMAND LEFT START
COMMAND LEFT END
COMMAND RIGHT START
UPGRADE 178
COMMAND RIGHT END
TURN 141 RESULT
TIME LEFT 16 2 RIGHT 0 5
UPGRADE B 178
MOVE A32 125
END TURN 141
TURN 142
COMMAND LEFT START
COMMAND LEFT END
COMMAND RIGHT START
TRAIN 1
COMMAND RIGHT END
TURN 142 RESULT
TIME LEFT 16 2 RIGHT 0 5
TRAIN B26
MOVE A32 135
END TURN 142
TURN 143
COMMAND LEFT START
COMMAND LEFT END
COMMAND RIGHT START
MOVE B23 178
COMMAND RIGHT END
TURN 143 RESULT
TIME LEFT 16 2 RIGHT 0 5
MOVE A32 157
MOVE B23 219
END TURN 143
TURN 144
COMMAND LEFT START
COMMAND LEFT END
COMMAND RIGHT START
COMMAND RIGHT END
TURN 144 RESULT
TIME LEFT 16 2 RIGHT 0 5
MOVE A32 184
MOVE B23 215
END TURN 144
TURN 145
COMMAND LEFT START
COMMAND LEFT END
COMMAND RIGHT START
COMMAND RIGHT END
TURN 145 RESULT
TIME LEFT 16 2 RIGHT 0 5
MOVE A32 192
MOVE B23 206
END TURN 145
TURN 146
COMMAND LEFT START
COMMAND LEFT END
COMMAND RIGHT START
COMMAND RIGHT END
TURN 146 RESULT
TIME LEFT 16 2 RIGHT 0 5
MOVE A32 200
MOVE B23 195
END TURN 146
TURN 147
COMMAND LEFT START
COMMAND LEFT END
COMMAND RIGHT START
UPGRADE 171
COMMAND RIGHT END
TURN 147 RESULT
TIME LEFT 16 2 RIGHT 0 5
UPGRADE B 171
MOVE A32 210
MOVE B23 178
END TURN 147
TURN 148
COMMAND LEFT START
COMMAND LEFT END
COMMAND RIGHT START
TRAIN 1
COMMAND RIGHT END
TURN 148 RESULT
TIME LEFT 16 2 RIGHT 0 5
TRAIN B27
MOVE A32 220
DAMAGE TURRET A32 2
DAMAGE COMBAT A32 4
DAMAGE COMBAT B24 1
END TURN 148
TURN 149
COMMAND LEFT START
COMMAND LEFT END
COMMAND RIGHT START
MOVE B24 171
COMMAND RIGHT END
TURN 149 RESULT
TIME LEFT 16 2 RIGHT 0 5
MOVE B24 217
END TURN 149
TURN 150
COMMAND LEFT START
COMMAND LEFT END
COMMAND RIGHT START
COMMAND RIGHT END
TURN 150 RESULT
TIME LEFT 16 2 RIGHT 0 5
MOVE B24 211
END TURN 150
TURN 151
COMMAND LEFT START
COMMAND LEFT END
COMMAND RIGHT START
COMMAND RIGHT END
TURN 151 RESULT
TIME LEFT 16 2 RIGHT 0 5
MOVE B24 207
END TURN 151
TURN 152
COMMAND LEFT START
COMMAND LEFT END
COMMAND RIGHT START
TRAIN 1
COMMAND RIGHT END
TURN 152 RESULT
TIME LEFT 16 2 RIGHT 0 5
TRAIN B28
MOVE B24 189
END TURN 152
TURN 153
COMMAND LEFT START
UPGRADE 0
COMMAND LEFT END
COMMAND RIGHT START
MOVE B28 171
TRAIN 1
COMMAND RIGHT END
TURN 153 RESULT
TIME LEFT 16 2 RIGHT 0 5
UPGRADE A 0
TRAIN B29
MOVE B24 171
MOVE B28 217
END TURN 153
TURN 154
COMMAND LEFT START
COMMAND LEFT END
COMMAND RIGHT START
MOVE B29 171
TRAIN 2
COMMAND RIGHT END
TURN 154 RESULT
TIME LEFT 16 2 RIGHT 0 5
TRAIN B30 B31
MOVE B28 211
MOVE B29 217
END TURN 154
TURN 155
COMMAND LEFT START
COMMAND LEFT END
COMMAND RIGHT START
MOVE B31 200
MOVE B30 171
COMMAND RIGHT END
TURN 155 RESULT
TIME LEFT 16 2 RIGHT 0 5
MOVE B28 207
MOVE B29 211
MOVE B30 217
MOVE B31 210
END TURN 155
TURN 156
COMMAND LEFT START
COMMAND LEFT END
COMMAND RIGHT START
TRAIN 2
COMMAND RIGHT END
TURN 156 RESULT
TIME LEFT 16 2 RIGHT 0 5
TRAIN B32 B33
MOVE B28 189
MOVE B29 207
MOVE B30 211
MOVE B31 200
END TURN 156
TURN 157
COMMAND LEFT START
COMMAND LEFT END
COMMAND RIGHT START
MOVE B33 171
MOVE B32 171
UPGRADE 200
COMMAND RIGHT END
TURN 157 RESULT
TIME LEFT 16 2 RIGHT 0 5
UPGRADE B 200
MOVE B28 171
MOVE B29 189
MOVE B30 207
MOVE B32 217
MOVE B33 217
END TURN 157
TURN 158
COMMAND LEFT START
COMMAND LEFT END
COMMAND RIGHT START
COMMAND RIGHT END
TURN 158 RESULT
TIME LEFT 16 2 RIGHT 0 5
MOVE B29 171
MOVE B30 189
MOVE B32 211
MOVE B33 211
END TURN 158
TURN 159
COMMAND LEFT START
COMMAND LEFT END
COMMAND RIGHT START
MOVE B29 181
COMMAND RIGHT END
TURN 159 RESULT
TIME LEFT 16 2 RIGHT 0 5
MOVE B29 174
MOVE B30 171
MOVE B32 207
MOVE B33 207
END TURN 159
TURN 160
COMMAND LEFT START
COMMAND LEFT END
COMMAND RIGHT START
UPGRADE 200
COMMAND RIGHT END
TURN 160 RESULT
TIME LEFT 16 2 RIGHT 0 5
UPGRADE B 200
MOVE B29 170
MOVE B32 189
MOVE B33 189
END TURN 160
TURN 161
COMMAND LEFT START
COMMAND LEFT END
COMMAND RIGHT START
MOVE B17 200
COMMAND RIGHT END
TURN 161 RESULT
TIME LEFT 16 2 RIGHT 0 5
MOVE B17 174
MOVE B29 184
MOVE B32 171
MOVE B33 171
END TURN 161
TURN 162
COMMAND LEFT START
COMMAND LEFT END
COMMAND RIGHT START
COMMAND RIGHT END
TURN 162 RESULT
TIME LEFT 16 2 RIGHT 0 5
MOVE B17 185
MOVE B29 175
END TURN 162
TURN 163
COMMAND LEFT START
COMMAND LEFT END
COMMAND RIGHT START
COMMAND RIGHT END
TURN 163 RESULT
TIME LEFT 16 2 RIGHT 0 5
MOVE B17 200
MOVE B29 179
END TURN 163
TURN 164
COMMAND LEFT START
COMMAND LEFT END
COMMAND RIGHT START
UPGRADE 200
COMMAND RIGHT END
TURN 164 RESULT
TIME LEFT 16 2 RIGHT 0 5
UPGRADE B 200
MOVE B29 177
END TURN 164
TURN 165
COMMAND LEFT START
COMMAND LEFT END
COMMAND RIGHT START
MOVE B22 200
COMMAND RIGHT END
TURN 165 RESULT
TIME LEFT 16 2 RIGHT 0 5
MOVE B22 174
MOVE B29 181
END TURN 165
TURN 166
COMMAND LEFT START
COMMAND LEFT END
COMMAND RIGHT START
UPGRADE 181
COMMAND RIGHT END
TURN 166 RESULT
TIME LEFT 16 2 RIGHT 0 5
UPGRADE B 181
MOVE B22 185
END TURN 166
TURN 167
COMMAND LEFT START
COMMAND LEFT END
COMMAND RIGHT START
COMMAND RIGHT END
TURN 167 RESULT
TIME LEFT 16 2 RIGHT 0 5
MOVE B22 200
END TURN 167
TURN 168
COMMAND LEFT START
COMMAND LEFT END
COMMAND RIGHT START
COMMAND RIGHT END
TURN 168 RESULT
TIME LEFT 16 2 RIGHT 0 5
END TURN 168
TURN 169
COMMAND LEFT START
COMMAND LEFT END
COMMAND RIGHT START
MOVE B33 110
COMMAND RIGHT END
TURN 169 RESULT
TIME LEFT 16 2 RIGHT 0 5
MOVE B33 159
END TURN 169
TURN 170
COMMAND LEFT START
COMMAND LEFT END
COMMAND RIGHT START
UPGRADE 181
COMMAND RIGHT END
TURN 170 RESULT
TIME LEFT 16 2 RIGHT 0 5
UPGRADE B 181
MOVE B33 144
END TURN 170
TURN 171
COMMAND LEFT START
COMMAND LEFT END
COMMAND RIGHT START
MOVE B24 181
COMMAND RIGHT END
TURN 171 RESULT
TIME LEFT 16 2 RIGHT 0 5
MOVE B24 174
MOVE B33 135
END TURN 171
TURN 172
COMMAND LEFT START
COMMAND LEFT END
COMMAND RIGHT START
UPGRADE 181
COMMAND RIGHT END
TURN 172 RESULT
TIME LEFT 16 2 RIGHT 0 5
UPGRADE B 181
MOVE B24 170
MOVE B33 125
END TURN 172
TURN 173
COMMAND LEFT START
COMMAND LEFT END
COMMAND RIGHT START
TRAIN 1
COMMAND RIGHT END
TURN 173 RESULT
TIME LEFT 16 2 RIGHT 0 5
TRAIN B34
MOVE B24 184
MOVE B33 117
END TURN 173
TURN 174
COMMAND LEFT START
COMMAND LEFT END
COMMAND RIGHT START
MOVE B25 181
COMMAND RIGHT END
TURN 174 RESULT
TIME LEFT 16 2 RIGHT 0 5
MOVE B24 175
MOVE B25 218
MOVE B33 110
END TURN 174
TURN 175
COMMAND LEFT START
COMMAND LEFT END
COMMAND RIGHT START
UPGRADE 110
COMMAND RIGHT END
TURN 175 RESULT
TIME LEFT 16 2 RIGHT 0 5
UPGRADE B 110
MOVE B24 179
MOVE B25 213
END TURN 175
TURN 176
COMMAND LEFT START
COMMAND LEFT END
COMMAND RIGHT START
COMMAND RIGHT END
TURN 176 RESULT
TIME LEFT 16 2 RIGHT 0 5
MOVE B24 177
MOVE B25 202
END TURN 176
TURN 177
COMMAND LEFT START
COMMAND LEFT END
COMMAND RIGHT START
COMMAND RIGHT END
TURN 177 RESULT
TIME LEFT 16 2 RIGHT 0 5
MOVE B24 181
MOVE B25 198
END TURN 177
TURN 178
COMMAND LEFT START
COMMAND LEFT END
COMMAND RIGHT START
UPGRADE 110
TRAIN 1
COMMAND RIGHT END
TURN 178 RESULT
TIME LEFT 16 2 RIGHT 0 5
UPGRADE B 110
TRAIN B35
MOVE B25 191
END TURN 178
TURN 179
COMMAND LEFT START
COMMAND LEFT END
COMMAND RIGHT START
MOVE B26 110
COMMAND RIGHT END
TURN 179 RESULT
TIME LEFT 16 2 RIGHT 0 5
MOVE B25 181
MOVE B26 210
END TURN 179
TURN 180
COMMAND LEFT START
COMMAND LEFT END
COMMAND RIGHT START
COMMAND RIGHT END
TURN 180 RESULT
TIME LEFT 16 2 RIGHT 0 5
MOVE B26 200
END TURN 180
TURN 181
COMMAND LEFT START
COMMAND LEFT END
COMMAND RIGHT START
UPGRADE 110
TRAIN 1
COMMAND RIGHT END
TURN 181 RESULT
TIME LEFT 16 2 RIGHT 0 5
UPGRADE B 110
TRAIN B36
MOVE B26 192
END TURN 181
TURN 182
COMMAND LEFT START
COMMAND LEFT END
COMMAND RIGHT START
MOVE B27 110
COMMAND RIGHT END
TURN 182 RESULT
TIME LEFT 16 2 RIGHT 0 5
MOVE B26 184
MOVE B27 210
END TURN 182
TURN 183
COMMAND LEFT START
COMMAND LEFT END
COMMAND RIGHT START
COMMAND RIGHT END
TURN 183 RESULT
TIME LEFT 16 2 RIGHT 0 5
MOVE B26 157
MOVE B27 200
END TURN 183
TURN 184
COMMAND LEFT START
COMMAND LEFT END
COMMAND RIGHT START
TRAIN 2
COMMAND RIGHT END
TURN 184 RESULT
TIME LEFT 16 2 RIGHT 0 5
TRAIN B37 B38
MOVE B26 141
MOVE B27 192
END TURN 184
TURN 185
COMMAND LEFT START
COMMAND LEFT END
COMMAND RIGHT START
MOVE B38 111
MOVE B37 110
COMMAND RIGHT END
TURN 185 RESULT
TIME LEFT 16 2 RIGHT 0 5
MOVE B26 128
MOVE B27 184
MOVE B37 210
MOVE B38 217
END TURN 185
TURN 186
COMMAND LEFT START
UPGRADE 0
COMMAND LEFT END
COMMAND RIGHT START
COMMAND RIGHT END
TURN 186 RESULT
TIME LEFT 16 2 RIGHT 0 5
UPGRADE A 0
MOVE B26 110
MOVE B27 157
MOVE B37 200
MOVE B38 211
END TURN 186
TURN 187
COMMAND LEFT START
COMMAND LEFT END
COMMAND RIGHT START
COMMAND RIGHT END
TURN 187 RESULT
TIME LEFT 16 2 RIGHT 0 5
MOVE B27 141
MOVE B37 192
MOVE B38 190
END TURN 187
TURN 188
COMMAND LEFT START
TRAIN 2
COMMAND LEFT END
COMMAND RIGHT START
COMMAND RIGHT END
TURN 188 RESULT
TIME LEFT 16 2 RIGHT 0 5
TRAIN A33 A34
MOVE B27 128
MOVE B37 184
MOVE B38 174
END TURN 188
TURN 189
COMMAND LEFT START
TRAIN 1
COMMAND LEFT END
COMMAND RIGHT START
COMMAND RIGHT END
TURN 189 RESULT
TIME LEFT 16 2 RIGHT 0 5
TRAIN A35
MOVE B27 110
MOVE B37 157
MOVE B38 159
END TURN 189
TURN 190
COMMAND LEFT START
TRAIN 1
COMMAND LEFT END
COMMAND RIGHT START
UPGRADE 220
COMMAND RIGHT END
TURN 190 RESULT
TIME LEFT 16 2 RIGHT 0 5
UPGRADE B 220
TRAIN A36
MOVE B37 141
MOVE B38 146
END TURN 190
TURN 191
COMMAND LEFT START
TRAIN 1
COMMAND LEFT END
COMMAND RIGHT START
TRAIN 1
COMMAND RIGHT END
TURN 191 RESULT
TIME LEFT 16 2 RIGHT 0 5
TRAIN A37 B39
MOVE B37 128
MOVE B38 124
END TURN 191
TURN 192
COMMAND LEFT START
TRAIN 1
COMMAND LEFT END
COMMAND RIGHT START
COMMAND RIGHT END
TURN 192 RESULT
TIME LEFT 16 2 RIGHT 0 5
TRAIN A38
MOVE B37 110
MOVE B38 111
END TURN 192
TURN 193
COMMAND LEFT START
TRAIN 1
COMMAND LEFT END
COMMAND RIGHT START
UPGRADE 111
COMMAND RIGHT END
TURN 193 RESULT
TIME LEFT 16 2 RIGHT 0 5
UPGRADE B 111
TRAIN A39
END TURN 193
TURN 194
COMMAND LEFT START
TRAIN 1
COMMAND LEFT END
COMMAND RIGHT START
COMMAND RIGHT END
TURN 194 RESULT
TIME LEFT 16 2 RIGHT 0 5
TRAIN A40
END TURN 194
TURN 195
COMMAND LEFT START
TRAIN 1
COMMAND LEFT END
COMMAND RIGHT START
UPGRADE 111
COMMAND RIGHT END
TURN 195 RESULT
TIME LEFT 16 2 RIGHT 0 5
UPGRADE B 111
TRAIN A41
END TURN 195
TURN 196
COMMAND LEFT START
TRAIN 1
COMMAND LEFT END
COMMAND RIGHT START
MOVE B26 111
COMMAND RIGHT END
TURN 196 RESULT
TIME LEFT 16 2 RIGHT 0 5
TRAIN A42
MOVE B26 106
END TURN 196
TURN 197
COMMAND LEFT START
TRAIN 1
COMMAND LEFT END
COMMAND RIGHT START
UPGRADE 111
TRAIN 1
COMMAND RIGHT END
TURN 197 RESULT
TIME LEFT 16 2 RIGHT 0 5
UPGRADE B 111
TRAIN A43 B40
MOVE B26 100
END TURN 197
TURN 198
COMMAND LEFT START
TRAIN 1
COMMAND LEFT END
COMMAND RIGHT START
MOVE B34 111
COMMAND RIGHT END
TURN 198 RESULT
TIME LEFT 16 2 RIGHT 0 5
TRAIN A44
MOVE B26 107
MOVE B34 217
END TURN 198
TURN 199
COMMAND LEFT START
TRAIN 1
COMMAND LEFT END
COMMAND RIGHT START
TRAIN 2
COMMAND RIGHT END
TURN 199 RESULT
TIME LEFT 16 2 RIGHT 0 5
TRAIN A45 B41 B42
MOVE B26 108
MOVE B34 211
END TURN 199
TURN 200
COMMAND LEFT START
MOVE A33 220
MOVE A34 220
MOVE A35 220
MOVE A36 220
MOVE A37 220
MOVE A38 220
MOVE A39 220
MOVE A40 220
MOVE A41 220
MOVE A42 220
MOVE A43 220
COMMAND LEFT END
COMMAND RIGHT START
MOVE B42 109
MOVE B41 110
COMMAND RIGHT END
TURN 200 RESULT
TIME LEFT 16 2 RIGHT 0 5
MOVE A33 10
MOVE A34 10
MOVE A35 10
MOVE A36 10
MOVE A37 10
MOVE A38 10
MOVE A39 10
MOVE A40 10
MOVE A41 10
MOVE A42 10
MOVE A43 10
MOVE B26 111
MOVE B34 190
MOVE B41 210
MOVE B42 218
END TURN 200
TURN 201
COMMAND LEFT START
TRAIN 1
COMMAND LEFT END
COMMAND RIGHT START
TRAIN 2
COMMAND RIGHT END
TURN 201 RESULT
TIME LEFT 16 2 RIGHT 0 5
TRAIN A46 B43 B44
MOVE A33 20
MOVE A34 20
MOVE A35 20
MOVE A36 20
MOVE A37 20
MOVE A38 20
MOVE A39 20
MOVE A40 20
MOVE A41 20
MOVE A42 20
MOVE A43 20
MOVE B34 174
MOVE B41 200
MOVE B42 213
END TURN 201
TURN 202
COMMAND LEFT START
MOVE A46 220
COMMAND LEFT END
COMMAND RIGHT START
MOVE B44 110
MOVE B43 110
TRAIN 2
COMMAND RIGHT END
TURN 202 RESULT
TIME LEFT 16 2 RIGHT 0 5
TRAIN B45 B46
MOVE A33 28
MOVE A34 28
MOVE A35 28
MOVE A36 28
MOVE A37 28
MOVE A38 28
MOVE A39 28
MOVE A40 28
MOVE A41 28
MOVE A42 28
MOVE A43 28
MOVE A46 10
MOVE B34 159
MOVE B41 192
MOVE B42 202
MOVE B43 210
MOVE B44 210
END TURN 202
TURN 203
COMMAND LEFT START
COMMAND LEFT END
COMMAND RIGHT START
MOVE B46 110
MOVE B45 110
TRAIN 2
COMMAND RIGHT END
TURN 203 RESULT
TIME LEFT 16 2 RIGHT 0 5
TRAIN B47 B48
MOVE A33 36
MOVE A34 36
MOVE A35 36
MOVE A36 36
MOVE A37 36
MOVE A38 36
MOVE A39 36
MOVE A40 36
MOVE A41 36
MOVE A42 36
MOVE A43 36
MOVE A46 20
MOVE B34 146
MOVE B41 184
MOVE B42 193
MOVE B43 200
MOVE B44 200
MOVE B45 210
MOVE B46 210
END TURN 203
TURN 204
COMMAND LEFT START
TRAIN 1
COMMAND LEFT END
COMMAND RIGHT START
MOVE B48 110
MOVE B47 110
TRAIN 2
COMMAND RIGHT END
TURN 204 RESULT
TIME LEFT 16 2 RIGHT 0 5
TRAIN A47 B49 B50
MOVE A33 54
MOVE A34 54
MOVE A35 54
MOVE A36 54
MOVE A37 54
MOVE A38 54
MOVE A39 54
MOVE A40 54
MOVE A41 54
MOVE A42 54
MOVE A43 54
MOVE A46 28
MOVE B34 124
MOVE B41 157
MOVE B42 179
MOVE B43 192
MOVE B44 192
MOVE B45 200
MOVE B46 200
MOVE B47 210
MOVE B48 210
END TURN 204
TURN 205
COMMAND LEFT START
MOVE A47 101
TRAIN 2
COMMAND LEFT END
COMMAND RIGHT START
MOVE B50 110
MOVE B49 110
TRAIN 2
COMMAND RIGHT END
TURN 205 RESULT
TIME LEFT 16 2 RIGHT 0 5
TRAIN A48 A49 B51 B52
MOVE A33 70
MOVE A34 70
MOVE A35 70
MOVE A36 70
MOVE A37 70
MOVE A38 70
MOVE A39 70
MOVE A40 70
MOVE A41 70
MOVE A42 70
MOVE A43 70
MOVE A46 36
MOVE A47 2
MOVE B34 111
MOVE B41 141
MOVE B42 163
MOVE B43 184
MOVE B44 184
MOVE B45 192
MOVE B46 192
MOVE B47 200
MOVE B48 200
MOVE B49 210
MOVE B50 210
END TURN 205
TURN 206
COMMAND LEFT START
MOVE A44 220
MOVE A45 220
MOVE A48 220
MOVE A49 220
COMMAND LEFT END
COMMAND RIGHT START
MOVE B52 110
TRAIN 2
COMMAND RIGHT END
TURN 206 RESULT
TIME LEFT 16 2 RIGHT 0 5
TRAIN B53 B54
MOVE A33 83
MOVE A34 83
MOVE A35 83
MOVE A36 83
MOVE A37 83
MOVE A38 83
MOVE A39 83
MOVE A40 83
MOVE A41 83
MOVE A42 83
MOVE A43 83
MOVE A44 10
MOVE A45 10
MOVE A46 54
MOVE A47 7
MOVE A48 10
MOVE A49 10
MOVE B41 128
MOVE B42 145
MOVE B43 157
MOVE B44 157
MOVE B45 184
MOVE B46 184
MOVE B47 192
MOVE B48 192
MOVE B49 200
MOVE B50 200
MOVE B52 210
END TURN 206
TURN 207
COMMAND LEFT START
COMMAND LEFT END
COMMAND RIGHT START
MOVE B54 110
MOVE B53 110
MOVE B51 110
TRAIN 2
COMMAND RIGHT END
TURN 207 RESULT
TIME LEFT 16 2 RIGHT 0 5
TRAIN B55 B56
MOVE A33 106
MOVE A34 106
MOVE A35 106
MOVE A36 106
MOVE A37 106
MOVE A38 106
MOVE A39 106
MOVE A40 106
MOVE A41 106
MOVE A42 106
MOVE A43 106
MOVE A44 20
MOVE A45 20
MOVE A46 70
MOVE A47 18
MOVE A48 20
MOVE A49 20
MOVE B41 110
MOVE B42 129
MOVE B43 141
MOVE B44 141
MOVE B45 157
MOVE B46 157
MOVE B47 184
MOVE B48 184
MOVE B49 192
MOVE B50 192
MOVE B51 210
MOVE B52 200
MOVE B53 210
MOVE B54 210
END TURN 207
TURN 208
COMMAND LEFT START
COMMAND LEFT END
COMMAND RIGHT START
MOVE B56 110
MOVE B55 110
TRAIN 2
COMMAND RIGHT END
TURN 208 RESULT
TIME LEFT 16 2 RIGHT 0 5
TRAIN B57 B58
MOVE A33 125
MOVE A34 125
MOVE A35 125
MOVE A36 125
MOVE A37 125
MOVE A38 125
MOVE A39 125
MOVE A40 125
MOVE A41 125
MOVE A42 125
MOVE A43 125
MOVE A44 28
MOVE A45 28
MOVE A46 83
MOVE A47 27
MOVE A48 28
MOVE A49 28
MOVE B42 126
MOVE B43 128
MOVE B44 128
MOVE B45 141
MOVE B46 141
MOVE B47 157
MOVE B48 157
MOVE B49 184
MOVE B50 184
MOVE B51 200
MOVE B52 192
MOVE B53 200
MOVE B54 200
MOVE B55 210
MOVE B56 210
END TURN 208
TURN 209
COMMAND LEFT START
COMMAND LEFT END
COMMAND RIGHT START
MOVE B58 110
MOVE B57 110
TRAIN 2
COMMAND RIGHT END
TURN 209 RESULT
TIME LEFT 16 2 RIGHT 0 5
TRAIN B59 B60
MOVE A33 135
MOVE A34 135
MOVE A35 135
MOVE A36 135
MOVE A37 135
MOVE A38 135
MOVE A39 135
MOVE A40 135
MOVE A41 135
MOVE A42 135
MOVE A43 135
MOVE A44 36
MOVE A45 36
MOVE A46 106
MOVE A47 34
MOVE A48 36
MOVE A49 36
MOVE B42 109
MOVE B43 110
MOVE B44 110
MOVE B45 128
MOVE B46 128
MOVE B47 141
MOVE B48 141
MOVE B49 157
MOVE B50 157
MOVE B51 192
MOVE B52 184
MOVE B53 192
MOVE B54 192
MOVE B55 200
MOVE B56 200
MOVE B57 210
MOVE B58 210
END TURN 209
TURN 210
COMMAND LEFT START
COMMAND LEFT END
COMMAND RIGHT START
MOVE B44 119
MOVE B60 110
MOVE B59 110
UPGRADE 109
COMMAND RIGHT END
TURN 210 RESULT
TIME LEFT 16 2 RIGHT 0 5
UPGRADE B 109
MOVE A33 157
MOVE A34 157
MOVE A35 157
MOVE A36 157
MOVE A37 157
MOVE A38 157
MOVE A39 157
MOVE A40 157
MOVE A41 157
MOVE A42 157
MOVE A43 157
MOVE A44 54
MOVE A45 54
MOVE A46 125
MOVE A47 43
MOVE A48 54
MOVE A49 54
MOVE B44 114
MOVE B45 110
MOVE B46 110
MOVE B47 128
MOVE B48 128
MOVE B49 141
MOVE B50 141
MOVE B51 184
MOVE B52 157
MOVE B53 184
MOVE B54 184
MOVE B55 192
MOVE B56 192
MOVE B57 200
MOVE B58 200
MOVE B59 210
MOVE B60 210
DAMAGE COMBAT A33 1
DAMAGE COMBAT B52 7
END TURN 210
TURN 211
COMMAND LEFT START
TRAIN 1
COMMAND LEFT END
COMMAND RIGHT START
UPGRADE 109
COMMAND RIGHT END
TURN 211 RESULT
TIME LEFT 16 2 RIGHT 0 5
UPGRADE B 109
TRAIN A50
MOVE A33 184
MOVE A34 184
MOVE A35 184
MOVE A36 184
MOVE A37 184
MOVE A38 184
MOVE A39 184
MOVE A40 184
MOVE A41 184
MOVE A42 184
MOVE A43 184
MOVE A44 70
MOVE A45 70
MOVE A46 135
MOVE A47 51
MOVE A48 70
MOVE A49 70
MOVE B44 120
MOVE B47 110
MOVE B48 110
MOVE B49 128
MOVE B50 128
MOVE B51 157
MOVE B53 157
MOVE B54 157
MOVE B55 184
MOVE B56 184
MOVE B57 192
MOVE B58 192
MOVE B59 200
MOVE B60 200
DAMAGE COMBAT A33 2
DAMAGE COMBAT B55 7
DAMAGE COMBAT B56 4
END TURN 211
TURN 212
COMMAND LEFT START
COMMAND LEFT END
COMMAND RIGHT START
MOVE B27 109
UPGRADE 109
COMMAND RIGHT END
TURN 212 RESULT
TIME LEFT 16 2 RIGHT 0 5
UPGRADE B 109
MOVE A44 83
MOVE A45 83
MOVE A46 157
MOVE A47 66
MOVE A48 83
MOVE A49 83
MOVE B27 114
MOVE B44 130
MOVE B49 110
MOVE B50 110
MOVE B51 141
MOVE B53 141
MOVE B54 141
MOVE B57 184
MOVE B58 184
MOVE B59 192
MOVE B60 192
DAMAGE COMBAT A33 3
DAMAGE COMBAT B56 3
DAMAGE COMBAT B57 7
DAMAGE COMBAT B58 1
END TURN 212
TURN 213
COMMAND LEFT START
COMMAND LEFT END
COMMAND RIGHT START
MOVE B33 109
TRAIN 2
COMMAND RIGHT END
TURN 213 RESULT
TIME LEFT 16 2 RIGHT 0 5
TRAIN B61 B62
MOVE A44 106
MOVE A45 106
MOVE A46 184
MOVE A47 84
MOVE A48 106
MOVE A49 106
MOVE B27 120
MOVE B33 114
MOVE B44 129
MOVE B51 128
MOVE B53 128
MOVE B54 128
MOVE B59 184
MOVE B60 184
DAMAGE COMBAT A33 2
DAMAGE COMBAT A34 1
DAMAGE COMBAT B58 6
DAMAGE COMBAT B59 6
END TURN 213
TURN 214
COMMAND LEFT START
MOVE A50 220
COMMAND LEFT END
COMMAND RIGHT START
TRAIN 2
COMMAND RIGHT END
TURN 214 RESULT
TIME LEFT 16 2 RIGHT 0 5
TRAIN B63 B64
MOVE A44 125
MOVE A45 125
MOVE A47 101
MOVE A48 125
MOVE A49 125
MOVE A50 10
MOVE B27 113
MOVE B33 120
MOVE B44 126
MOVE B51 110
MOVE B53 110
MOVE B54 110
DAMAGE COMBAT A34 2
DAMAGE COMBAT B59 1
DAMAGE COMBAT B60 7
END TURN 214
TURN 215
COMMAND LEFT START
UPGRADE 101
COMMAND LEFT END
COMMAND RIGHT START
MOVE B45 101
MOVE B46 101
MOVE B47 101
MOVE B48 101
MOVE B49 101
TRAIN 2
COMMAND RIGHT END
TURN 215 RESULT
TIME LEFT 16 2 RIGHT 0 5
UPGRADE A 101
TRAIN B65 B66
MOVE A34 192
MOVE A35 192
MOVE A36 192
MOVE A37 192
MOVE A38 192
MOVE A39 192
MOVE A40 192
MOVE A41 192
MOVE A42 192
MOVE A43 192
MOVE A44 135
MOVE A45 135
MOVE A46 192
MOVE A48 135
MOVE A49 135
MOVE A50 20
MOVE B27 112
MOVE B33 113
MOVE B44 122
MOVE B45 106
MOVE B46 106
MOVE B47 106
MOVE B48 106
MOVE B49 106
END TURN 215
TURN 216
COMMAND LEFT START
COMMAND LEFT END
COMMAND RIGHT START
MOVE B17 220
TRAIN 2
COMMAND RIGHT END
TURN 216 RESULT
TIME LEFT 16 2 RIGHT 0 5
TRAIN B67 B68
MOVE A34 200
MOVE A35 200
MOVE A36 200
MOVE A37 200
MOVE A38 200
MOVE A39 200
MOVE A40 200
MOVE A41 200
MOVE A42 200
MOVE A43 200
MOVE A44 157
MOVE A45 157
MOVE A46 200
MOVE A48 157
MOVE A49 157
MOVE A50 28
MOVE B17 210
MOVE B27 109
MOVE B33 112
MOVE B44 119
MOVE B45 100
MOVE B46 100
MOVE B47 100
MOVE B48 100
MOVE B49 100
DAMAGE TURRET A34 2
DAMAGE COMBAT A34 2
DAMAGE COMBAT B22 6
DAMAGE COMBAT B31 5
END TURN 216
TURN 217
COMMAND LEFT START
TRAIN 1
COMMAND LEFT END
COMMAND RIGHT START
TRAIN 2
COMMAND RIGHT END
TURN 217 RESULT
TIME LEFT 16 2 RIGHT 0 5
TRAIN A51 B69 B70
MOVE A44 184
MOVE A45 184
MOVE A48 184
MOVE A49 184
MOVE A50 36
MOVE B17 220
MOVE B33 109
MOVE B45 90
MOVE B46 90
MOVE B47 90
MOVE B48 90
MOVE B49 90
DAMAGE TURRET A34 1
DAMAGE TURRET A35 1
DAMAGE COMBAT A35 1
DAMAGE COMBAT B31 1
SIEGE B 200 10
END TURN 217
TURN 218
COMMAND LEFT START
COMMAND LEFT END
COMMAND RIGHT START
TRAIN 2
COMMAND RIGHT END
TURN 218 RESULT
TIME LEFT 16 2 RIGHT 0 5
TRAIN B71 B72
MOVE A35 210
MOVE A36 210
MOVE A37 210
MOVE A38 210
MOVE A39 210
MOVE A40 210
MOVE A41 210
MOVE A42 210
MOVE A43 210
MOVE A44 192
MOVE A45 192
MOVE A46 210
MOVE A48 192
MOVE A49 192
MOVE A50 54
MOVE B45 91
MOVE B46 91
MOVE B47 91
MOVE B48 91
MOVE B49 91
END TURN 218
TURN 219
COMMAND LEFT START
COMMAND LEFT END
COMMAND RIGHT START
MOVE B28 200
MOVE B44 171
TRAIN 2
COMMAND RIGHT END
TURN 219 RESULT
TIME LEFT 16 2 RIGHT 0 5
TRAIN B73 B74
MOVE A35 220
MOVE A36 220
MOVE A37 220
MOVE A38 220
MOVE A39 220
MOVE A40 220
MOVE A41 220
MOVE A42 220
MOVE A43 220
MOVE A44 200
MOVE A45 200
MOVE A46 220
MOVE A48 200
MOVE A49 200
MOVE A50 70
MOVE B28 174
MOVE B44 122
MOVE B45 94
MOVE B46 94
MOVE B47 94
MOVE B48 94
MOVE B49 94
DAMAGE TURRET A35 3
DAMAGE TURRET A44 2
DAMAGE COMBAT A35 3
DAMAGE COMBAT A36 8
DAMAGE COMBAT A37 8
DAMAGE COMBAT B17 6
DAMAGE COMBAT B35 4
SIEGE B 200 4
END TURN 219
TURN 220
COMMAND LEFT START
COMMAND LEFT END
COMMAND RIGHT START
TRAIN 2
COMMAND RIGHT END
TURN 220 RESULT
TIME LEFT 16 2 RIGHT 0 5
TRAIN B75 B76
MOVE A44 210
MOVE A45 210
MOVE A48 210
MOVE A49 210
MOVE A50 83
MOVE B28 185
MOVE B44 138
MOVE B45 98
MOVE B46 98
MOVE B47 98
MOVE B48 98
MOVE B49 98
DAMAGE TURRET A38 3
DAMAGE COMBAT A38 5
DAMAGE COMBAT A39 8
DAMAGE COMBAT A40 7
DAMAGE COMBAT B35 2
DAMAGE COMBAT B36 5
END TURN 220
TURN 221
COMMAND LEFT START
COMMAND LEFT END
COMMAND RIGHT START
MOVE B30 200
MOVE B16 200
MOVE B19 200
MOVE B37 200
MOVE B41 200
MOVE B43 194
MOVE B50 194
TRAIN 1
COMMAND RIGHT END
TURN 221 RESULT
TIME LEFT 16 2 RIGHT 0 5
TRAIN B77
MOVE A44 220
MOVE A45 220
MOVE A48 220
MOVE A49 220
MOVE A50 106
MOVE B16 201
MOVE B19 201
MOVE B28 200
MOVE B30 174
MOVE B37 128
MOVE B41 128
MOVE B43 117
MOVE B44 145
MOVE B45 101
MOVE B46 101
MOVE B47 101
MOVE B48 101
MOVE B49 101
MOVE B50 117
DAMAGE TURRET A40 1
DAMAGE TURRET A44 2
DAMAGE TURRET B45 1
DAMAGE COMBAT A41 8
DAMAGE COMBAT A42 8
DAMAGE COMBAT A44 4
DAMAGE COMBAT A47 5
DAMAGE COMBAT B36 1
DAMAGE COMBAT B39 7
DAMAGE COMBAT B40 1
DAMAGE COMBAT B45 1
END TURN 221
TURN 222
COMMAND LEFT START
COMMAND LEFT END
COMMAND RIGHT START
TRAIN 1
COMMAND RIGHT END
TURN 222 RESULT
TIME LEFT 16 2 RIGHT 0 5
TRAIN B78
MOVE A50 125
MOVE B16 207
MOVE B19 207
MOVE B30 185
MOVE B37 141
MOVE B41 141
MOVE B43 125
MOVE B44 153
MOVE B50 125
DAMAGE TURRET A43 3
DAMAGE TURRET B45 1
DAMAGE COMBAT A43 5
DAMAGE COMBAT A45 8
DAMAGE COMBAT A46 6
DAMAGE COMBAT A47 3
DAMAGE COMBAT A50 2
DAMAGE COMBAT B40 5
DAMAGE COMBAT B43 1
DAMAGE COMBAT B45 1
SIEGE A 101 2
END TURN 222
TURN 223
COMMAND LEFT START
COMMAND LEFT END
COMMAND RIGHT START
MOVE B45 171
TRAIN 2
COMMAND RIGHT END
TURN 223 RESULT
TIME LEFT 16 2 RIGHT 0 5
TRAIN B79 B80
MOVE B16 211
MOVE B19 211
MOVE B30 200
MOVE B37 157
MOVE B41 157
MOVE B44 155
MOVE B45 116
DAMAGE TURRET A46 2
DAMAGE TURRET A48 1
DAMAGE TURRET B46 1
DAMAGE COMBAT A48 7
DAMAGE COMBAT A49 8
DAMAGE COMBAT A50 2
DAMAGE COMBAT B40 1
DAMAGE COMBAT B43 1
DAMAGE COMBAT B61 2
SIEGE A 101 4
END TURN 223
TURN 224
COMMAND LEFT START
COMMAND LEFT END
COMMAND RIGHT START
MOVE B46 110
MOVE B47 110
MOVE B48 110
MOVE B80 119
MOVE B79 110
MOVE B78 110
MOVE B77 110
MOVE B76 110
MOVE B75 110
MOVE B74 110
MOVE B73 110
MOVE B72 110
MOVE B71 110
MOVE B70 110
MOVE B69 110
MOVE B68 110
MOVE B67 110
MOVE B66 110
MOVE B65 110
UPGRADE 101
COMMAND RIGHT END
TURN 224 RESULT
TIME LEFT 16 2 RIGHT 0 5
UPGRADE B 101
MOVE B16 205
MOVE B19 205
MOVE B37 184
MOVE B41 184
MOVE B44 150
MOVE B45 133
MOVE B46 98
MOVE B47 98
MOVE B48 98
MOVE B65 210
MOVE B66 210
MOVE B67 210
MOVE B68 210
MOVE B69 210
MOVE B70 210
MOVE B71 210
MOVE B72 210
MOVE B73 210
MOVE B74 210
MOVE B75 210
MOVE B76 210
MOVE B77 210
MOVE B78 210
MOVE B79 210
MOVE B80 218
DAMAGE COMBAT A50 2
DAMAGE COMBAT B43 1
END TURN 224
TURN 225
COMMAND LEFT START
TRAIN 2
COMMAND LEFT END
COMMAND RIGHT START
UPGRADE 101
COMMAND RIGHT END
TURN 225 RESULT
TIME LEFT 16 2 RIGHT 0 5
UPGRADE B 101
TRAIN A52 A53
MOVE B16 200
MOVE B19 200
MOVE B37 192
MOVE B41 192
MOVE B44 157
MOVE B45 146
MOVE B46 94
MOVE B47 94
MOVE B48 94
MOVE B65 200
MOVE B66 200
MOVE B67 200
MOVE B68 200
MOVE B69 200
MOVE B70 200
MOVE B71 200
MOVE B72 200
MOVE B73 200
MOVE B74 200
MOVE B75 200
MOVE B76 200
MOVE B77 200
MOVE B78 200
MOVE B79 200
MOVE B80 213
DAMAGE COMBAT A50 2
DAMAGE COMBAT B43 1
END TURN 225
TURN 226
COMMAND LEFT START
COMMAND LEFT END
COMMAND RIGHT START
MOVE B16 101
UPGRADE 101
COMMAND RIGHT END
TURN 226 RESULT
TIME LEFT 16 2 RIGHT 0 5
UPGRADE B 101
MOVE B16 185
MOVE B37 200
MOVE B41 200
MOVE B43 135
MOVE B44 156
MOVE B45 171
MOVE B46 91
MOVE B47 91
MOVE B48 91
MOVE B50 135
MOVE B65 192
MOVE B66 192
MOVE B67 192
MOVE B68 192
MOVE B69 192
MOVE B70 192
MOVE B71 192
MOVE B72 192
MOVE B73 192
MOVE B74 192
MOVE B75 192
MOVE B76 192
MOVE B77 192
MOVE B78 192
MOVE B79 192
MOVE B80 202
END TURN 226
TURN 227
COMMAND LEFT START
COMMAND LEFT END
COMMAND RIGHT START
MOVE B19 101
MOVE B41 110
COMMAND RIGHT END
TURN 227 RESULT
TIME LEFT 16 2 RIGHT 0 5
MOVE B16 174
MOVE B19 185
MOVE B41 192
MOVE B43 156
MOVE B44 159
MOVE B46 90
MOVE B47 90
MOVE B48 90
MOVE B50 156
MOVE B65 184
MOVE B66 184
MOVE B67 184
MOVE B68 184
MOVE B69 184
MOVE B70 184
MOVE B71 184
MOVE B72 184
MOVE B73 184
MOVE B74 184
MOVE B75 184
MOVE B76 184
MOVE B77 184
MOVE B78 184
MOVE B79 184
MOVE B80 193
END TURN 227
TURN 228
COMMAND LEFT START
COMMAND LEFT END
COMMAND RIGHT START
TRAIN 2
COMMAND RIGHT END
TURN 228 RESULT
TIME LEFT 16 2 RIGHT 0 5
TRAIN B81 B82
MOVE B16 159
MOVE B19 174
MOVE B41 184
MOVE B43 174
MOVE B44 171
MOVE B46 100
MOVE B47 100
MOVE B48 100
MOVE B50 174
MOVE B65 157
MOVE B66 157
MOVE B67 157
MOVE B68 157
MOVE B69 157
MOVE B70 157
MOVE B71 157
MOVE B72 157
MOVE B73 157
MOVE B74 157
MOVE B75 157
MOVE B76 157
MOVE B77 157
MOVE B78 157
MOVE B79 157
MOVE B80 186
END TURN 228
TURN 229
COMMAND LEFT START
COMMAND LEFT END
COMMAND RIGHT START
MOVE B82 110
MOVE B81 110
TRAIN 2
COMMAND RIGHT END
TURN 229 RESULT
TIME LEFT 16 2 RIGHT 0 5
TRAIN B83 B84
MOVE B16 146
MOVE B19 159
MOVE B41 157
MOVE B43 189
MOVE B46 106
MOVE B47 106
MOVE B48 106
MOVE B50 189
MOVE B65 141
MOVE B66 141
MOVE B67 141
MOVE B68 141
MOVE B69 141
MOVE B70 141
MOVE B71 141
MOVE B72 141
MOVE B73 141
MOVE B74 141
MOVE B75 141
MOVE B76 141
MOVE B77 141
MOVE B78 141
MOVE B79 141
MOVE B80 177
MOVE B81 210
MOVE B82 210
END TURN 229
TURN 230
COMMAND LEFT START
COMMAND LEFT END
COMMAND RIGHT START
MOVE B84 110
MOVE B83 110
TRAIN 2
COMMAND RIGHT END
TURN 230 RESULT
TIME LEFT 16 2 RIGHT 0 5
TRAIN B85 B86
MOVE B16 133
MOVE B19 146
MOVE B41 141
MOVE B43 194
MOVE B46 110
MOVE B47 110
MOVE B48 110
MOVE B50 194
MOVE B65 128
MOVE B66 128
MOVE B67 128
MOVE B68 128
MOVE B69 128
MOVE B70 128
MOVE B71 128
MOVE B72 128
MOVE B73 128
MOVE B74 128
MOVE B75 128
MOVE B76 128
MOVE B77 128
MOVE B78 128
MOVE B79 128
MOVE B80 169
MOVE B81 200
MOVE B82 200
MOVE B83 210
MOVE B84 210
END TURN 230
TURN 231
COMMAND LEFT START
COMMAND LEFT END
COMMAND RIGHT START
MOVE B86 110
MOVE B85 110
TRAIN 2
COMMAND RIGHT END
TURN 231 RESULT
TIME LEFT 16 2 RIGHT 0 5
TRAIN B87 B88
MOVE B16 116
MOVE B19 133
MOVE B41 128
MOVE B65 110
MOVE B66 110
MOVE B67 110
MOVE B68 110
MOVE B69 110
MOVE B70 110
MOVE B71 110
MOVE B72 110
MOVE B73 110
MOVE B74 110
MOVE B75 110
MOVE B76 110
MOVE B77 110
MOVE B78 110
MOVE B79 110
MOVE B80 154
MOVE B81 192
MOVE B82 192
MOVE B83 200
MOVE B84 200
MOVE B85 210
MOVE B86 210
END TURN 231
TURN 232
COMMAND LEFT START
COMMAND LEFT END
COMMAND RIGHT START
MOVE B88 110
MOVE B87 110
TRAIN 2
COMMAND RIGHT END
TURN 232 RESULT
TIME LEFT 16 2 RIGHT 0 5
TRAIN B89 B90
MOVE B16 101
MOVE B19 116
MOVE B41 110
MOVE B80 136
MOVE B81 184
MOVE B82 184
MOVE B83 192
MOVE B84 192
MOVE B85 200
MOVE B86 200
MOVE B87 210
MOVE B88 210
END TURN 232
TURN 233
COMMAND LEFT START
COMMAND LEFT END
COMMAND RIGHT START
MOVE B90 110
MOVE B89 110
TRAIN 2
COMMAND RIGHT END
TURN 233 RESULT
TIME LEFT 16 2 RIGHT 0 5
TRAIN B91 B92
MOVE B19 101
MOVE B80 119
MOVE B81 157
MOVE B82 157
MOVE B83 184
MOVE B84 184
MOVE B85 192
MOVE B86 192
MOVE B87 200
MOVE B88 200
MOVE B89 210
MOVE B90 210
END TURN 233
TURN 234
COMMAND LEFT START
COMMAND LEFT END
COMMAND RIGHT START
MOVE B79 49
MOVE B92 110
MOVE B91 110
UPGRADE 119
COMMAND RIGHT END
TURN 234 RESULT
TIME LEFT 16 2 RIGHT 0 5
UPGRADE B 119
MOVE B79 103
MOVE B81 141
MOVE B82 141
MOVE B83 157
MOVE B84 157
MOVE B85 184
MOVE B86 184
MOVE B87 192
MOVE B88 192
MOVE B89 200
MOVE B90 200
MOVE B91 210
MOVE B92 210
END TURN 234
TURN 235
COMMAND LEFT START
COMMAND LEFT END
COMMAND RIGHT START
UPGRADE 119
COMMAND RIGHT END
TURN 235 RESULT
TIME LEFT 16 2 RIGHT 0 5
UPGRADE B 119
MOVE B79 95
MOVE B81 128
MOVE B82 128
MOVE B83 141
MOVE B84 141
MOVE B85 157
MOVE B86 157
MOVE B87 184
MOVE B88 184
MOVE B89 192
MOVE B90 192
MOVE B91 200
MOVE B92 200
END TURN 235
TURN 236
COMMAND LEFT START
COMMAND LEFT END
COMMAND RIGHT START
MOVE B41 119
UPGRADE 119
COMMAND RIGHT END
TURN 236 RESULT
TIME LEFT 16 2 RIGHT 0 5
UPGRADE B 119
MOVE B41 114
MOVE B79 85
MOVE B81 110
MOVE B82 110
MOVE B83 128
MOVE B84 128
MOVE B85 141
MOVE B86 141
MOVE B87 157
MOVE B88 157
MOVE B89 184
MOVE B90 184
MOVE B91 192
MOVE B92 192
END TURN 236
TURN 237
COMMAND LEFT START
COMMAND LEFT END
COMMAND RIGHT START
MOVE B46 119
TRAIN 1
COMMAND RIGHT END
TURN 237 RESULT
TIME LEFT 16 2 RIGHT 0 5
TRAIN B93
MOVE B41 120
MOVE B46 114
MOVE B79 76
MOVE B83 110
MOVE B84 110
MOVE B85 128
MOVE B86 128
MOVE B87 141
MOVE B88 141
MOVE B89 157
MOVE B90 157
MOVE B91 184
MOVE B92 184
END TURN 237
TURN 238
COMMAND LEFT START
COMMAND LEFT END
COMMAND RIGHT START
MOVE B84 39
MOVE B93 110
COMMAND RIGHT END
TURN 238 RESULT
TIME LEFT 16 2 RIGHT 0 5
MOVE B41 130
MOVE B46 120
MOVE B79 61
MOVE B84 106
MOVE B85 110
MOVE B86 110
MOVE B87 128
MOVE B88 128
MOVE B89 141
MOVE B90 141
MOVE B91 157
MOVE B92 157
MOVE B93 210
END TURN 238
TURN 239
COMMAND LEFT START
COMMAND LEFT END
COMMAND RIGHT START
COMMAND RIGHT END
TURN 239 RESULT
TIME LEFT 16 2 RIGHT 0 5
MOVE B41 129
MOVE B46 130
MOVE B79 49
MOVE B84 100
MOVE B87 110
MOVE B88 110
MOVE B89 128
MOVE B90 128
MOVE B91 141
MOVE B92 141
MOVE B93 200
DAMAGE TURRET B79 1
DAMAGE COMBAT A5 1
DAMAGE COMBAT B79 1
END TURN 239
TURN 240
COMMAND LEFT START
COMMAND LEFT END
COMMAND RIGHT START
COMMAND RIGHT END
TURN 240 RESULT
TIME LEFT 16 2 RIGHT 0 5
MOVE B41 126
MOVE B46 129
MOVE B84 80
MOVE B89 110
MOVE B90 110
MOVE B91 128
MOVE B92 128
MOVE B93 192
DAMAGE TURRET B79 1
DAMAGE COMBAT A5 1
DAMAGE COMBAT B79 1
END TURN 240
TURN 241
COMMAND LEFT START
MOVE A53 49
COMMAND LEFT END
COMMAND RIGHT START
COMMAND RIGHT END
TURN 241 RESULT
TIME LEFT 16 2 RIGHT 0 5
MOVE A53 3
MOVE B41 122
MOVE B46 126
MOVE B84 67
MOVE B91 110
MOVE B92 110
MOVE B93 184
DAMAGE TURRET B79 1
DAMAGE COMBAT A5 1
DAMAGE COMBAT B79 1
END TURN 241
TURN 242
COMMAND LEFT START
COMMAND LEFT END
COMMAND RIGHT START
COMMAND RIGHT END
TURN 242 RESULT
TIME LEFT 16 2 RIGHT 0 5
MOVE A53 9
MOVE B41 119
MOVE B46 122
MOVE B84 57
MOVE B93 157
DAMAGE TURRET B79 1
DAMAGE COMBAT A5 1
END TURN 242
TURN 243
COMMAND LEFT START
UPGRADE 0
COMMAND LEFT END
COMMAND RIGHT START
COMMAND RIGHT END
TURN 243 RESULT
TIME LEFT 16 2 RIGHT 0 5
UPGRADE A 0
MOVE A53 13
MOVE B46 119
MOVE B84 43
MOVE B93 141
END TURN 243
TURN 244
COMMAND LEFT START
UPGRADE 0
COMMAND LEFT END
COMMAND RIGHT START
MOVE B47 220
UPGRADE 220
COMMAND RIGHT END
TURN 244 RESULT
TIME LEFT 16 2 RIGHT 0 5
UPGRADE A 0
UPGRADE B 220
MOVE A53 31
MOVE B47 128
MOVE B84 39
MOVE B93 128
DAMAGE TURRET B84 1
DAMAGE COMBAT A6 1
DAMAGE COMBAT B84 1
END TURN 244
TURN 245
COMMAND LEFT START
COMMAND LEFT END
COMMAND RIGHT START
MOVE B92 42
MOVE B91 42
MOVE B90 42
MOVE B89 42
MOVE B88 42
MOVE B87 42
MOVE B86 42
MOVE B85 42
MOVE B83 42
MOVE B82 42
MOVE B81 42
MOVE B78 42
MOVE B77 42
MOVE B76 42
MOVE B75 42
MOVE B74 42
MOVE B73 42
MOVE B72 42
MOVE B71 42
MOVE B70 42
MOVE B69 42
MOVE B68 42
MOVE B67 42
MOVE B66 42
MOVE B65 42
MOVE B54 42
MOVE B53 42
COMMAND RIGHT END
TURN 245 RESULT
TIME LEFT 16 2 RIGHT 0 5
MOVE A53 49
MOVE B47 141
MOVE B53 106
MOVE B54 106
MOVE B65 106
MOVE B66 106
MOVE B67 106
MOVE B68 106
MOVE B69 106
MOVE B70 106
MOVE B71 106
MOVE B72 106
MOVE B73 106
MOVE B74 106
MOVE B75 106
MOVE B76 106
MOVE B77 106
MOVE B78 106
MOVE B81 106
MOVE B82 106
MOVE B83 106
MOVE B85 106
MOVE B86 106
MOVE B87 106
MOVE B88 106
MOVE B89 106
MOVE B90 106
MOVE B91 106
MOVE B92 106
MOVE B93 110
DAMAGE TURRET B84 1
DAMAGE COMBAT A6 1
DAMAGE COMBAT B84 1
END TURN 245
TURN 246
COMMAND LEFT START
COMMAND LEFT END
COMMAND RIGHT START
COMMAND RIGHT END
TURN 246 RESULT
TIME LEFT 16 2 RIGHT 0 5
MOVE B47 157
MOVE B53 100
MOVE B54 100
MOVE B65 100
MOVE B66 100
MOVE B67 100
MOVE B68 100
MOVE B69 100
MOVE B70 100
MOVE B71 100
MOVE B72 100
MOVE B73 100
MOVE B74 100
MOVE B75 100
MOVE B76 100
MOVE B77 100
MOVE B78 100
MOVE B81 100
MOVE B82 100
MOVE B83 100
MOVE B85 100
MOVE B86 100
MOVE B87 100
MOVE B88 100
MOVE B89 100
MOVE B90 100
MOVE B91 100
MOVE B92 100
DAMAGE TURRET B84 1
DAMAGE COMBAT A6 1
DAMAGE COMBAT B84 1
END TURN 246
TURN 247
COMMAND LEFT START
COMMAND LEFT END
COMMAND RIGHT START
TRAIN 3
COMMAND RIGHT END
TURN 247 RESULT
TIME LEFT 16 2 RIGHT 0 5
TRAIN B94 B95 B96
MOVE B47 184
MOVE B53 80
MOVE B54 80
MOVE B65 80
MOVE B66 80
MOVE B67 80
MOVE B68 80
MOVE B69 80
MOVE B70 80
MOVE B71 80
MOVE B72 80
MOVE B73 80
MOVE B74 80
MOVE B75 80
MOVE B76 80
MOVE B77 80
MOVE B78 80
MOVE B81 80
MOVE B82 80
MOVE B83 80
MOVE B85 80
MOVE B86 80
MOVE B87 80
MOVE B88 80
MOVE B89 80
MOVE B90 80
MOVE B91 80
MOVE B92 80
DAMAGE TURRET B84 1
DAMAGE COMBAT A6 1
END TURN 247
TURN 248
COMMAND LEFT START
COMMAND LEFT END
COMMAND RIGHT START
MOVE B96 110
MOVE B95 110
TRAIN 3
COMMAND RIGHT END
TURN 248 RESULT
TIME LEFT 16 2 RIGHT 0 5
TRAIN B97 B98 B99
MOVE B47 192
MOVE B53 75
MOVE B54 75
MOVE B65 75
MOVE B66 75
MOVE B67 75
MOVE B68 75
MOVE B69 75
MOVE B70 75
MOVE B71 75
MOVE B72 75
MOVE B73 75
MOVE B74 75
MOVE B75 75
MOVE B76 75
MOVE B77 75
MOVE B78 75
MOVE B81 75
MOVE B82 75
MOVE B83 75
MOVE B85 75
MOVE B86 75
MOVE B87 75
MOVE B88 75
MOVE B89 75
MOVE B90 75
MOVE B91 75
MOVE B92 75
MOVE B95 210
MOVE B96 210
END TURN 248
TURN 249
COMMAND LEFT START
COMMAND LEFT END
COMMAND RIGHT START
MOVE B99 110
MOVE B98 110
MOVE B97 110
TRAIN 3
COMMAND RIGHT END
TURN 249 RESULT
TIME LEFT 16 2 RIGHT 0 5
TRAIN B100 B101 B102
MOVE B47 200
MOVE B53 59
MOVE B54 59
MOVE B65 59
MOVE B66 59
MOVE B67 59
MOVE B68 59
MOVE B69 59
MOVE B70 59
MOVE B71 59
MOVE B72 59
MOVE B73 59
MOVE B74 59
MOVE B75 59
MOVE B76 59
MOVE B77 59
MOVE B78 59
MOVE B81 59
MOVE B82 59
MOVE B83 59
MOVE B85 59
MOVE B86 59
MOVE B87 59
MOVE B88 59
MOVE B89 59
MOVE B90 59
MOVE B91 59
MOVE B92 59
MOVE B95 200
MOVE B96 200
MOVE B97 210
MOVE B98 210
MOVE B99 210
END TURN 249
TURN 250
COMMAND LEFT START
UPGRADE 0
COMMAND LEFT END
COMMAND RIGHT START
MOVE B102 110
MOVE B101 110
MOVE B100 110
TRAIN 3
COMMAND RIGHT END
TURN 250 RESULT
TIME LEFT 16 2 RIGHT 0 5
UPGRADE A 0
TRAIN B103 B104 B105
MOVE B47 210
MOVE B53 51
MOVE B54 51
MOVE B65 51
MOVE B66 51
MOVE B67 51
MOVE B68 51
MOVE B69 51
MOVE B70 51
MOVE B71 51
MOVE B72 51
MOVE B73 51
MOVE B74 51
MOVE B75 51
MOVE B76 51
MOVE B77 51
MOVE B78 51
MOVE B81 51
MOVE B82 51
MOVE B83 51
MOVE B85 51
MOVE B86 51
MOVE B87 51
MOVE B88 51
MOVE B89 51
MOVE B90 51
MOVE B91 51
MOVE B92 51
MOVE B95 192
MOVE B96 192
MOVE B97 200
MOVE B98 200
MOVE B99 200
MOVE B100 210
MOVE B101 210
MOVE B102 210
END TURN 250
TURN 251
COMMAND LEFT START
COMMAND LEFT END
COMMAND RIGHT START
MOVE B105 49
MOVE B104 110
MOVE B103 110
COMMAND RIGHT END
TURN 251 RESULT
TIME LEFT 16 2 RIGHT 0 5
MOVE B47 220
MOVE B53 37
MOVE B54 37
MOVE B65 37
MOVE B66 37
MOVE B67 37
MOVE B68 37
MOVE B69 37
MOVE B70 37
MOVE B71 37
MOVE B72 37
MOVE B73 37
MOVE B74 37
MOVE B75 37
MOVE B76 37
MOVE B77 37
MOVE B78 37
MOVE B81 37
MOVE B82 37
MOVE B83 37
MOVE B85 37
MOVE B86 37
MOVE B87 37
MOVE B88 37
MOVE B89 37
MOVE B90 37
MOVE B91 37
MOVE B92 37
MOVE B95 184
MOVE B96 184
MOVE B97 192
MOVE B98 192
MOVE B99 192
MOVE B100 200
MOVE B101 200
MOVE B102 200
MOVE B103 210
MOVE B104 210
MOVE B105 210
END TURN 251
TURN 252
COMMAND LEFT START
COMMAND LEFT END
COMMAND RIGHT START
MOVE B94 110
TRAIN 3
COMMAND RIGHT END
TURN 252 RESULT
TIME LEFT 16 2 RIGHT 0 5
TRAIN B106 B107 B108
MOVE B53 42
MOVE B54 42
MOVE B65 42
MOVE B66 42
MOVE B67 42
MOVE B68 42
MOVE B69 42
MOVE B70 42
MOVE B71 42
MOVE B72 42
MOVE B73 42
MOVE B74 42
MOVE B75 42
MOVE B76 42
MOVE B77 42
MOVE B78 42
MOVE B81 42
MOVE B82 42
MOVE B83 42
MOVE B85 42
MOVE B86 42
MOVE B87 42
MOVE B88 42
MOVE B89 42
MOVE B90 42
MOVE B91 42
MOVE B92 42
MOVE B94 210
MOVE B95 157
MOVE B96 157
MOVE B97 184
MOVE B98 184
MOVE B99 184
MOVE B100 192
MOVE B101 192
MOVE B102 192
MOVE B103 200
MOVE B104 200
MOVE B105 200
DAMAGE TURRET B53 1
DAMAGE COMBAT A4 4
DAMAGE COMBAT B53 1
SIEGE A 42 6
END TURN 252
TURN 253
COMMAND LEFT START
COMMAND LEFT END
COMMAND RIGHT START
MOVE B53 110
MOVE B54 110
MOVE B65 110
MOVE B66 110
MOVE B67 110
MOVE B68 110
MOVE B69 110
MOVE B70 110
MOVE B71 110
MOVE B72 110
MOVE B73 110
MOVE B74 110
MOVE B75 110
MOVE B76 110
MOVE B77 110
MOVE B78 110
MOVE B81 110
MOVE B82 110
MOVE B83 110
MOVE B85 110
MOVE B86 110
MOVE B87 110
MOVE B88 110
MOVE B89 110
MOVE B90 110
MOVE B91 110
MOVE B108 110
MOVE B107 110
MOVE B106 110
UPGRADE 42
TRAIN 3
COMMAND RIGHT END
TURN 253 RESULT
TIME LEFT 16 2 RIGHT 0 5
UPGRADE B 42
TRAIN B109 B110 B111
MOVE B53 37
MOVE B54 37
MOVE B65 37
MOVE B66 37
MOVE B67 37
MOVE B68 37
MOVE B69 37
MOVE B70 37
MOVE B71 37
MOVE B72 37
MOVE B73 37
MOVE B74 37
MOVE B75 37
MOVE B76 37
MOVE B77 37
MOVE B78 37
MOVE B81 37
MOVE B82 37
MOVE B83 37
MOVE B85 37
MOVE B86 37
MOVE B87 37
MOVE B88 37
MOVE B89 37
MOVE B90 37
MOVE B91 37
MOVE B94 200
MOVE B95 141
MOVE B96 141
MOVE B97 157
MOVE B98 157
MOVE B99 157
MOVE B100 184
MOVE B101 184
MOVE B102 184
MOVE B103 192
MOVE B104 192
MOVE B105 192
MOVE B106 210
MOVE B107 210
MOVE B108 210
END TURN 253
TURN 254
COMMAND LEFT START
COMMAND LEFT END
COMMAND RIGHT START
MOVE B111 110
MOVE B110 110
MOVE B109 110
UPGRADE 42
COMMAND RIGHT END
TURN 254 RESULT
TIME LEFT 16 2 RIGHT 0 5
UPGRADE B 42
MOVE B53 51
MOVE B54 51
MOVE B65 51
MOVE B66 51
MOVE B67 51
MOVE B68 51
MOVE B69 51
MOVE B70 51
MOVE B71 51
MOVE B72 51
MOVE B73 51
MOVE B74 51
MOVE B75 51
MOVE B76 51
MOVE B77 51
MOVE B78 51
MOVE B81 51
MOVE B82 51
MOVE B83 51
MOVE B85 51
MOVE B86 51
MOVE B87 51
MOVE B88 51
MOVE B89 51
MOVE B90 51
MOVE B91 51
MOVE B94 192
MOVE B95 128
MOVE B96 128
MOVE B97 141
MOVE B98 141
MOVE B99 141
MOVE B100 157
MOVE B101 157
MOVE B102 157
MOVE B103 184
MOVE B104 184
MOVE B105 184
MOVE B106 200
MOVE B107 200
MOVE B108 200
MOVE B109 210
MOVE B110 210
MOVE B111 210
END TURN 254
TURN 255
COMMAND LEFT START
COMMAND LEFT END
COMMAND RIGHT START
TRAIN 1
COMMAND RIGHT END
TURN 255 RESULT
TIME LEFT 16 2 RIGHT 0 5
TRAIN B112
MOVE B53 59
MOVE B54 59
MOVE B65 59
MOVE B66 59
MOVE B67 59
MOVE B68 59
MOVE B69 59
MOVE B70 59
MOVE B71 59
MOVE B72 59
MOVE B73 59
MOVE B74 59
MOVE B75 59
MOVE B76 59
MOVE B77 59
MOVE B78 59
MOVE B81 59
MOVE B82 59
MOVE B83 59
MOVE B85 59
MOVE B86 59
MOVE B87 59
MOVE B88 59
MOVE B89 59
MOVE B90 59
MOVE B91 59
MOVE B94 184
MOVE B95 110
MOVE B96 110
MOVE B97 128
MOVE B98 128
MOVE B99 128
MOVE B100 141
MOVE B101 141
MOVE B102 141
MOVE B103 157
MOVE B104 157
MOVE B105 166
MOVE B106 192
MOVE B107 192
MOVE B108 192
MOVE B109 200
MOVE B110 200
MOVE B111 200
END TURN 255
TURN 256
COMMAND LEFT START
COMMAND LEFT END
COMMAND RIGHT START
MOVE B48 42
MOVE B112 110
UPGRADE 42
COMMAND RIGHT END
TURN 256 RESULT
TIME LEFT 16 2 RIGHT 0 5
UPGRADE B 42
MOVE B48 106
MOVE B53 75
MOVE B54 75
MOVE B65 75
MOVE B66 75
MOVE B67 75
MOVE B68 75
MOVE B69 75
MOVE B70 75
MOVE B71 75
MOVE B72 75
MOVE B73 75
MOVE B74 75
MOVE B75 75
MOVE B76 75
MOVE B77 75
MOVE B78 75
MOVE B81 75
MOVE B82 75
MOVE B83 75
MOVE B85 75
MOVE B86 75
MOVE B87 75
MOVE B88 75
MOVE B89 75
MOVE B90 75
MOVE B91 75
MOVE B94 157
MOVE B97 110
MOVE B98 110
MOVE B99 110
MOVE B100 128
MOVE B101 128
MOVE B102 128
MOVE B103 141
MOVE B104 141
MOVE B105 150
MOVE B106 184
MOVE B107 184
MOVE B108 184
MOVE B109 192
MOVE B110 192
MOVE B111 192
MOVE B112 210
END TURN 256
TURN 257
COMMAND LEFT START
UPGRADE 0
COMMAND LEFT END
COMMAND RIGHT START
MOVE B51 42
MOVE B99 39
MOVE B98 39
MOVE B97 39
MOVE B96 39
COMMAND RIGHT END
TURN 257 RESULT
TIME LEFT 16 2 RIGHT 0 5
UPGRADE A 0
MOVE B48 100
MOVE B51 106
MOVE B53 80
MOVE B54 80
MOVE B65 80
MOVE B66 80
MOVE B67 80
MOVE B68 80
MOVE B69 80
MOVE B70 80
MOVE B71 80
MOVE B72 80
MOVE B73 80
MOVE B74 80
MOVE B75 80
MOVE B76 80
MOVE B77 80
MOVE B78 80
MOVE B81 80
MOVE B82 80
MOVE B83 80
MOVE B85 80
MOVE B86 80
MOVE B87 80
MOVE B88 80
MOVE B89 80
MOVE B90 80
MOVE B91 80
MOVE B94 141
MOVE B96 106
MOVE B97 106
MOVE B98 106
MOVE B99 106
MOVE B100 110
MOVE B101 110
MOVE B102 110
MOVE B103 128
MOVE B104 128
MOVE B105 137
MOVE B106 157
MOVE B107 157
MOVE B108 157
MOVE B109 184
MOVE B110 184
MOVE B111 184
MOVE B112 200
END TURN 257
TURN 258
COMMAND LEFT START
COMMAND LEFT END
COMMAND RIGHT START
TRAIN 1
COMMAND RIGHT END
TURN 258 RESULT
TIME LEFT 16 2 RIGHT 0 5
TRAIN B113
MOVE B48 80
MOVE B51 100
MOVE B53 100
MOVE B54 100
MOVE B65 100
MOVE B66 100
MOVE B67 100
MOVE B68 100
MOVE B69 100
MOVE B70 100
MOVE B71 100
MOVE B72 100
MOVE B73 100
MOVE B74 100
MOVE B75 100
MOVE B76 100
MOVE B77 100
MOVE B78 100
MOVE B81 100
MOVE B82 100
MOVE B83 100
MOVE B85 100
MOVE B86 100
MOVE B87 100
MOVE B88 100
MOVE B89 100
MOVE B90 100
MOVE B91 100
MOVE B94 128
MOVE B96 100
MOVE B97 100
MOVE B98 100
MOVE B99 100
MOVE B103 110
MOVE B104 110
MOVE B105 120
MOVE B106 141
MOVE B107 141
MOVE B108 141
MOVE B109 157
MOVE B110 157
MOVE B111 157
MOVE B112 192
END TURN 258
TURN 259
COMMAND LEFT START
COMMAND LEFT END
COMMAND RIGHT START
MOVE B113 110
TRAIN 3
COMMAND RIGHT END
TURN 259 RESULT
TIME LEFT 16 2 RIGHT 0 5
TRAIN B114 B115 B116
MOVE B48 75
MOVE B51 80
MOVE B53 106
MOVE B54 106
MOVE B65 106
MOVE B66 106
MOVE B67 106
MOVE B68 106
MOVE B69 106
MOVE B70 106
MOVE B71 106
MOVE B72 106
MOVE B73 106
MOVE B74 106
MOVE B75 106
MOVE B76 106
MOVE B77 106
MOVE B78 106
MOVE B81 106
MOVE B82 106
MOVE B83 106
MOVE B85 106
MOVE B86 106
MOVE B87 106
MOVE B88 106
MOVE B89 106
MOVE B90 106
MOVE B91 106
MOVE B94 110
MOVE B96 80
MOVE B97 80
MOVE B98 80
MOVE B99 80
MOVE B105 105
MOVE B106 128
MOVE B107 128
MOVE B108 128
MOVE B109 141
MOVE B110 141
MOVE B111 141
MOVE B112 184
MOVE B113 210
END TURN 259
TURN 260
COMMAND LEFT START
COMMAND LEFT END
COMMAND RIGHT START
MOVE B116 110
MOVE B115 110
MOVE B114 110
TRAIN 3
COMMAND RIGHT END
TURN 260 RESULT
TIME LEFT 16 2 RIGHT 0 5
TRAIN B117 B118 B119
MOVE B48 59
MOVE B51 75
MOVE B53 110
MOVE B54 110
MOVE B65 110
MOVE B66 110
MOVE B67 110
MOVE B68 110
MOVE B69 110
MOVE B70 110
MOVE B71 110
MOVE B72 110
MOVE B73 110
MOVE B74 110
MOVE B75 110
MOVE B76 110
MOVE B77 110
MOVE B78 110
MOVE B81 110
MOVE B82 110
MOVE B83 110
MOVE B85 110
MOVE B86 110
MOVE B87 110
MOVE B88 110
MOVE B89 110
MOVE B90 110
MOVE B91 110
MOVE B96 67
MOVE B97 67
MOVE B98 67
MOVE B99 67
MOVE B105 99
MOVE B106 110
MOVE B107 110
MOVE B108 110
MOVE B109 128
MOVE B110 128
MOVE B111 128
MOVE B112 157
MOVE B113 200
MOVE B114 210
MOVE B115 210
MOVE B116 210
END TURN 260
TURN 261
COMMAND LEFT START
COMMAND LEFT END
COMMAND RIGHT START
MOVE B108 0
MOVE B107 0
MOVE B106 0
MOVE B104 0
MOVE B103 0
MOVE B102 0
MOVE B101 0
MOVE B100 0
MOVE B95 0
MOVE B94 0
MOVE B93 0
MOVE B91 0
MOVE B90 0
MOVE B89 0
MOVE B88 0
MOVE B87 0
MOVE B86 0
MOVE B85 0
MOVE B83 0
MOVE B82 0
MOVE B81 0
MOVE B78 0
MOVE B77 0
MOVE B76 0
MOVE B75 0
MOVE B74 0
MOVE B73 0
MOVE B72 0
MOVE B71 0
MOVE B70 0
MOVE B69 0
MOVE B68 0
MOVE B67 0
MOVE B66 0
MOVE B65 0
COMMAND RIGHT END
TURN 261 RESULT
TIME LEFT 16 2 RIGHT 0 5
MOVE B48 51
MOVE B51 59
MOVE B65 92
MOVE B66 92
MOVE B67 92
MOVE B68 92
MOVE B69 92
MOVE B70 92
MOVE B71 92
MOVE B72 92
MOVE B73 92
MOVE B74 92
MOVE B75 92
MOVE B76 92
MOVE B77 92
MOVE B78 92
MOVE B81 92
MOVE B82 92
MOVE B83 92
MOVE B85 92
MOVE B86 92
MOVE B87 92
MOVE B88 92
MOVE B89 92
MOVE B90 92
MOVE B91 92
MOVE B93 92
MOVE B94 92
MOVE B95 92
MOVE B96 57
MOVE B97 57
MOVE B98 57
MOVE B99 57
MOVE B100 92
MOVE B101 92
MOVE B102 92
MOVE B103 92
MOVE B104 92
MOVE B105 78
MOVE B106 92
MOVE B107 92
MOVE B108 92
MOVE B109 110
MOVE B110 110
MOVE B111 110
MOVE B112 141
MOVE B113 192
MOVE B114 200
MOVE B115 200
MOVE B116 200
END TURN 261
TURN 262
COMMAND LEFT START
COMMAND LEFT END
COMMAND RIGHT START
MOVE B111 20
MOVE B119 110
MOVE B118 110
MOVE B117 110
TRAIN 3
COMMAND RIGHT END
TURN 262 RESULT
TIME LEFT 16 2 RIGHT 0 5
TRAIN B120 B121 B122
MOVE B48 37
MOVE B51 51
MOVE B65 79
MOVE B66 79
MOVE B67 79
MOVE B68 79
MOVE B69 79
MOVE B70 79
MOVE B71 79
MOVE B72 79
MOVE B73 79
MOVE B74 79
MOVE B75 79
MOVE B76 79
MOVE B77 79
MOVE B78 79
MOVE B81 79
MOVE B82 79
MOVE B83 79
MOVE B85 79
MOVE B86 79
MOVE B87 79
MOVE B88 79
MOVE B89 79
MOVE B90 79
MOVE B91 79
MOVE B93 79
MOVE B94 79
MOVE B95 79
MOVE B96 43
MOVE B97 43
MOVE B98 43
MOVE B99 43
MOVE B100 79
MOVE B101 79
MOVE B102 79
MOVE B103 79
MOVE B104 79
MOVE B105 61
MOVE B106 79
MOVE B107 79
MOVE B108 79
MOVE B111 92
MOVE B112 128
MOVE B113 184
MOVE B114 192
MOVE B115 192
MOVE B116 192
MOVE B117 210
MOVE B118 210
MOVE B119 210
END TURN 262
TURN 263
COMMAND LEFT START
COMMAND LEFT END
COMMAND RIGHT START
MOVE B122 110
TRAIN 3
COMMAND RIGHT END
TURN 263 RESULT
TIME LEFT 16 2 RIGHT 0 5
TRAIN B123 B124 B125
MOVE B48 42
MOVE B51 37
MOVE B65 63
MOVE B66 63
MOVE B67 63
MOVE B68 63
MOVE B69 63
MOVE B70 63
MOVE B71 63
MOVE B72 63
MOVE B73 63
MOVE B74 63
MOVE B75 63
MOVE B76 63
MOVE B77 63
MOVE B78 63
MOVE B81 63
MOVE B82 63
MOVE B83 63
MOVE B85 63
MOVE B86 63
MOVE B87 63
MOVE B88 63
MOVE B89 63
MOVE B90 63
MOVE B91 63
MOVE B93 63
MOVE B94 63
MOVE B95 63
MOVE B96 39
MOVE B97 39
MOVE B98 39
MOVE B99 39
MOVE B100 63
MOVE B101 63
MOVE B102 63
MOVE B103 63
MOVE B104 63
MOVE B105 49
MOVE B106 63
MOVE B107 63
MOVE B108 63
MOVE B111 79
MOVE B112 110
MOVE B113 157
MOVE B114 184
MOVE B115 184
MOVE B116 184
MOVE B117 200
MOVE B118 200
MOVE B119 200
MOVE B122 210
DAMAGE TURRET B96 1
DAMAGE TURRET B105 1
DAMAGE COMBAT A53 1
DAMAGE COMBAT B105 1
SIEGE A 39 4
END TURN 263
TURN 264
COMMAND LEFT START
COMMAND LEFT END
COMMAND RIGHT START
MOVE B125 110
MOVE B124 110
MOVE B123 110
MOVE B121 110
MOVE B120 110
TRAIN 3
COMMAND RIGHT END
TURN 264 RESULT
TIME LEFT 16 2 RIGHT 0 5
TRAIN B126 B127 B128
MOVE B51 42
MOVE B65 36
MOVE B66 36
MOVE B67 36
MOVE B68 36
MOVE B69 36
MOVE B70 36
MOVE B71 36
MOVE B72 36
MOVE B73 36
MOVE B74 36
MOVE B75 36
MOVE B76 36
MOVE B77 36
MOVE B78 36
MOVE B81 36
MOVE B82 36
MOVE B83 36
MOVE B85 36
MOVE B86 36
MOVE B87 36
MOVE B88 36
MOVE B89 36
MOVE B90 36
MOVE B91 36
MOVE B93 36
MOVE B94 36
MOVE B95 36
MOVE B100 36
MOVE B101 36
MOVE B102 36
MOVE B103 36
MOVE B104 36
MOVE B106 36
MOVE B107 36
MOVE B108 36
MOVE B111 63
MOVE B113 141
MOVE B114 157
MOVE B115 157
MOVE B116 157
MOVE B117 192
MOVE B118 192
MOVE B119 192
MOVE B120 210
MOVE B121 210
MOVE B122 200
MOVE B123 210
MOVE B124 210
MOVE B125 210
DAMAGE TURRET B96 1
DAMAGE TURRET B105 1
DAMAGE COMBAT A53 1
DAMAGE COMBAT B105 1
SIEGE A 39 2
END TURN 264
TURN 265
COMMAND LEFT START
COMMAND LEFT END
COMMAND RIGHT START
MOVE B96 110
MOVE B97 110
MOVE B98 110
MOVE B128 110
MOVE B127 110
MOVE B126 110
UPGRADE 39
TRAIN 3
COMMAND RIGHT END
TURN 265 RESULT
TIME LEFT 16 2 RIGHT 0 5
UPGRADE B 39
TRAIN B129 B130 B131
MOVE B65 28
MOVE B66 28
MOVE B67 28
MOVE B68 28
MOVE B69 28
MOVE B70 28
MOVE B71 28
MOVE B72 28
MOVE B73 28
MOVE B74 28
MOVE B75 28
MOVE B76 28
MOVE B77 28
MOVE B78 28
MOVE B81 28
MOVE B82 28
MOVE B83 28
MOVE B85 28
MOVE B86 28
MOVE B87 28
MOVE B88 28
MOVE B89 28
MOVE B90 28
MOVE B91 28
MOVE B93 28
MOVE B94 28
MOVE B95 28
MOVE B96 43
MOVE B97 43
MOVE B98 43
MOVE B100 28
MOVE B101 28
MOVE B102 28
MOVE B103 28
MOVE B104 28
MOVE B106 28
MOVE B107 28
MOVE B108 28
MOVE B111 36
MOVE B113 128
MOVE B114 141
MOVE B115 141
MOVE B116 141
MOVE B117 184
MOVE B118 184
MOVE B119 184
MOVE B120 200
MOVE B121 200
MOVE B122 192
MOVE B123 200
MOVE B124 200
MOVE B125 200
MOVE B126 210
MOVE B127 210
MOVE B128 210
DAMAGE TURRET B105 1
DAMAGE COMBAT A53 1
DAMAGE COMBAT B105 1
END TURN 265
TURN 266
COMMAND LEFT START
TRAIN 2
COMMAND LEFT END
COMMAND RIGHT START
MOVE B131 110
MOVE B130 110
MOVE B129 110
UPGRADE 39
COMMAND RIGHT END
TURN 266 RESULT
TIME LEFT 16 2 RIGHT 0 5
UPGRADE B 39
TRAIN A54 A55
MOVE B65 20
MOVE B66 20
MOVE B67 20
MOVE B68 20
MOVE B69 20
MOVE B70 20
MOVE B71 20
MOVE B72 20
MOVE B73 20
MOVE B74 20
MOVE B75 20
MOVE B76 20
MOVE B77 20
MOVE B78 20
MOVE B81 20
MOVE B82 20
MOVE B83 20
MOVE B85 20
MOVE B86 20
MOVE B87 20
MOVE B88 20
MOVE B89 20
MOVE B90 20
MOVE B91 20
MOVE B93 20
MOVE B94 20
MOVE B95 20
MOVE B96 57
MOVE B97 57
MOVE B98 57
MOVE B100 20
MOVE B101 20
MOVE B102 20
MOVE B103 20
MOVE B104 20
MOVE B106 20
MOVE B107 20
MOVE B108 20
MOVE B111 28
MOVE B113 110
MOVE B114 128
MOVE B115 128
MOVE B116 128
MOVE B117 157
MOVE B118 157
MOVE B119 157
MOVE B120 192
MOVE B121 192
MOVE B122 184
MOVE B123 192
MOVE B124 192
MOVE B125 192
MOVE B126 200
MOVE B127 200
MOVE B128 200
MOVE B129 210
MOVE B130 210
MOVE B131 210
DAMAGE TURRET B65 1
DAMAGE TURRET B105 1
DAMAGE COMBAT A2 4
DAMAGE COMBAT A53 1
DAMAGE COMBAT B65 1
DAMAGE COMBAT B105 1
SIEGE A 20 6
END TURN 266
TURN 267
COMMAND LEFT START
TRAIN 1
COMMAND LEFT END
COMMAND RIGHT START
MOVE B53 39
UPGRADE 39
COMMAND RIGHT END
TURN 267 RESULT
TIME LEFT 16 2 RIGHT 0 5
UPGRADE B 39
TRAIN A56
MOVE B53 106
MOVE B65 10
MOVE B66 10
MOVE B67 10
MOVE B68 10
MOVE B69 10
MOVE B70 10
MOVE B71 10
MOVE B72 10
MOVE B73 10
MOVE B74 10
MOVE B75 10
MOVE B76 10
MOVE B77 10
MOVE B78 10
MOVE B81 10
MOVE B82 10
MOVE B83 10
MOVE B85 10
MOVE B86 10
MOVE B87 10
MOVE B88 10
MOVE B89 10
MOVE B90 10
MOVE B91 10
MOVE B93 10
MOVE B94 10
MOVE B95 10
MOVE B96 67
MOVE B97 67
MOVE B98 67
MOVE B100 10
MOVE B101 10
MOVE B102 10
MOVE B103 10
MOVE B104 10
MOVE B106 10
MOVE B107 10
MOVE B108 10
MOVE B111 20
MOVE B114 110
MOVE B115 110
MOVE B116 110
MOVE B117 141
MOVE B118 141
MOVE B119 141
MOVE B120 184
MOVE B121 184
MOVE B122 157
MOVE B123 184
MOVE B124 184
MOVE B125 184
MOVE B126 192
MOVE B127 192
MOVE B128 192
MOVE B129 200
MOVE B130 200
MOVE B131 200
END TURN 267
TURN 268
COMMAND LEFT START
TRAIN 1
COMMAND LEFT END
COMMAND RIGHT START
MOVE B54 39
UPGRADE 20
COMMAND RIGHT END
TURN 268 RESULT
TIME LEFT 16 2 RIGHT 0 5
UPGRADE B 20
TRAIN A57
MOVE B53 100
MOVE B54 106
MOVE B65 0
MOVE B66 0
MOVE B67 0
MOVE B68 0
MOVE B69 0
MOVE B70 0
MOVE B71 0
MOVE B72 0
MOVE B73 0
MOVE B74 0
MOVE B75 0
MOVE B76 0
MOVE B77 0
MOVE B78 0
MOVE B81 0
MOVE B82 0
MOVE B83 0
MOVE B85 0
MOVE B86 0
MOVE B87 0
MOVE B88 0
MOVE B89 0
MOVE B90 0
MOVE B91 0
MOVE B93 0
MOVE B94 0
MOVE B95 0
MOVE B96 80
MOVE B97 80
MOVE B98 80
MOVE B100 0
MOVE B101 0
MOVE B102 0
MOVE B103 0
MOVE B104 0
MOVE B106 0
MOVE B107 0
MOVE B108 0
MOVE B117 128
MOVE B118 128
MOVE B119 128
MOVE B120 157
MOVE B121 157
MOVE B122 141
MOVE B123 157
MOVE B124 157
MOVE B125 157
MOVE B126 184
MOVE B127 184
MOVE B128 184
MOVE B129 192
MOVE B130 192
MOVE B131 192
DAMAGE TURRET B65 3
DAMAGE COMBAT A1 4
DAMAGE COMBAT A7 5
DAMAGE COMBAT A51 8
DAMAGE COMBAT A52 8
DAMAGE COMBAT A54 8
DAMAGE COMBAT A55 2
DAMAGE COMBAT B65 2
DAMAGE COMBAT B66 6
END TURN 268
TURN 269
COMMAND LEFT START
TRAIN 1
COMMAND LEFT END
COMMAND RIGHT START
MOVE B116 49
COMMAND RIGHT END
TURN 269 RESULT
TIME LEFT 16 2 RIGHT 0 5
TRAIN A58
MOVE B53 80
MOVE B54 100
MOVE B96 100
MOVE B97 100
MOVE B98 100
MOVE B116 103
MOVE B117 110
MOVE B118 110
MOVE B119 110
MOVE B120 141
MOVE B121 141
MOVE B122 128
MOVE B123 141
MOVE B124 141
MOVE B125 141
MOVE B126 157
MOVE B127 157
MOVE B128 157
MOVE B129 184
MOVE B130 184
MOVE B131 184
DAMAGE TURRET B66 1
DAMAGE TURRET B67 2
DAMAGE COMBAT A55 6
DAMAGE COMBAT A56 8
DAMAGE COMBAT A57 8
DAMAGE COMBAT A58 8
DAMAGE COMBAT B67 4
SIEGE A 0 4
END TURN 269
TURN 270
COMMAND LEFT START
TRAIN 2
COMMAND LEFT END
COMMAND RIGHT START
UPGRADE 20
COMMAND RIGHT END
TURN 270 RESULT
TIME LEFT 16 2 RIGHT 0 5
UPGRADE B 20
TRAIN A59 A60
MOVE B53 67
MOVE B54 80
MOVE B96 106
MOVE B97 106
MOVE B98 106
MOVE B116 95
MOVE B120 128
MOVE B121 128
MOVE B122 110
MOVE B123 128
MOVE B124 128
MOVE B125 128
MOVE B126 141
MOVE B127 141
MOVE B128 141
MOVE B129 157
MOVE B130 157
MOVE B131 157
DAMAGE TURRET B67 1
DAMAGE TURRET B68 2
DAMAGE COMBAT A59 8
DAMAGE COMBAT A60 8
DAMAGE COMBAT B68 2
SIEGE A 0 17
END TURN 270
TURN 271
COMMAND LEFT START
TRAIN 2
COMMAND LEFT END
COMMAND RIGHT START
MOVE B109 20
UPGRADE 20
COMMAND RIGHT END
TURN 271 RESULT
TIME LEFT 16 2 RIGHT 0 5
UPGRADE B 20
TRAIN A61 A62
MOVE B53 57
MOVE B54 67
MOVE B96 110
MOVE B97 110
MOVE B98 110
MOVE B109 92
MOVE B116 85
MOVE B120 110
MOVE B121 110
MOVE B123 110
MOVE B124 110
MOVE B125 110
MOVE B126 128
MOVE B127 128
MOVE B128 128
MOVE B129 141
MOVE B130 141
MOVE B131 141
DAMAGE TURRET B68 3
DAMAGE COMBAT A61 8
DAMAGE COMBAT A62 8
DAMAGE COMBAT B69 2
SIEGE A 0 9
END TURN 271
RESULT RIGHT_WIN HQ_DESTROYED
