[LEFT ""]
[RIGHT ""]
MAP
225 15
-10963 -10944 -10878 -10348 -8928 -10308 -9082 -9588 -8457 -9003 -9177 -7977 -7875 -7587 -7703 -7467 -8488 -7229 -7195 -7050 -6911 -7841 -6840 -6809 -6724 -6739 -6901 -6408 -6182 -6866 -6017 -5953 -5836 -5703 -5827 -5813 -5726 -5695 -5557 -5409 -6298 -5456 -5391 -5212 -5036 -5036 -4797 -4760 -5038 -4596 -4584 -4567 -4435 -4307 -4566 -4411 -4190 -3868 -4106 -3560 -3592 -3843 -3853 -3355 -3557 -3458 -3250 -3153 -3153 -2990 -2877 -2936 -2647 -2833 -2714 -2551 -2272 -2250 -2296 -2013 -2241 -1974 -2317 -1928 -2065 -1841 -1985 -1771 -1793 -1739 -1308 -1277 -1127 -1087 -965 -1144 -1011 -992 -954 -798 -1029 -853 -857 -659 -633 -584 -362 -311 -109 -93 -6 17 0 -17 6 93 109 311 362 584 633 659 857 853 1029 798 954 992 1011 1144 965 1087 1127 1277 1308 1739 1793 1771 1985 1841 2065 1928 2317 1974 2241 2013 2296 2250 2272 2551 2714 2833 2647 2936 2877 2990 3153 3153 3250 3458 3557 3355 3853 3843 3592 3560 4106 3868 4190 4411 4566 4307 4435 4567 4584 4596 5038 4760 4797 5036 5036 5212 5391 5456 6298 5409 5557 5695 5726 5813 5827 5703 5836 5953 6017 6866 6182 6408 6901 6739 6724 6809 6840 7841 6911 7050 7195 7229 8488 7467 7703 7587 7875 7977 9177 9003 8457 9588 9082 10308 8928 10348 10878 10944 10963
10 1360 -1637 2982 -511 -3530 -2095 -5065 817 3962 5854 -1818 -4823 -3621 2641 4428 -7054 238 -2900 1549 -4750 7484 3635 -2057 5187 -5873 -973 2652 6101 -8576 -3372 -5011 -1729 3536 4537 -580 -6174 7086 2315 309 9328 1267 -7027 -2693 5552 -4495 -1029 7626 -8154 4098 1913 -6749 -5538 -1889 -10112 9842 2651 1202 -3292 -6598 -8020 6897 -129 3223 -4626 5850 4704 -2201 10015 -3409 -509 7836 840 -1432 -5664 -7593 -4490 5831 6881 9001 2006 -3102 -10008 -805 4249 7730 3144 265 -6317 -1726 -7565 5812 -9724 4905 -2285 -4925 -688 2761 8035 3981 6854 455 -3646 10966 -6407 1756 6108 -1228 -8442 -5118 7279 -3176 0 3176 -7279 5118 8442 1228 -6108 -1756 6407 -10966 3646 -455 -6854 -3981 -8035 -2761 688 4925 2285 -4905 9724 -5812 7565 1726 6317 -265 -3144 -7730 -4249 805 10008 3102 -2006 -9001 -6881 -5831 4490 7593 5664 1432 -840 -7836 509 3409 -10015 2201 -4704 -5850 4626 -3223 129 -6897 8020 6598 3292 -1202 -2651 -9842 10112 1889 5538 6749 -1913 -4098 8154 -7626 1029 4495 -5552 2693 7027 -1267 -9328 -309 -2315 -7086 6174 580 -4537 -3536 1729 5011 3372 8576 -6101 -2652 973 5873 -5187 2057 -3635 -7484 4750 -1549 2900 -238 7054 -4428 -2641 3621 4823 1818 -5854 -3962 -817 5065 2095 3530 511 -2982 1637 -1360 -10
STRONGHOLDS 5 10 19 65 76 83 97 112 127 141 148 159 205 214 219
4 1 2 4 8
3 0 3 8
4 0 4 5 6
5 1 8 9 10 14
7 0 2 6 8 11 17 26
4 2 6 7 13
5 2 4 5 11 13
4 5 12 13 16
7 0 1 3 4 14 17 19
4 3 10 14 15
5 3 9 15 21 24
6 4 6 13 18 23 26
5 7 13 16 20 25
8 5 6 7 11 12 18 20 30
7 3 8 9 15 19 22 27
5 9 10 14 22 24
4 7 12 25 29
7 4 8 19 26 35 39 41
4 11 13 23 30
6 8 14 17 27 38 41
5 12 13 25 30 31
5 10 24 28 37 40
6 14 15 24 27 33 34
5 11 18 26 30 32
6 10 15 21 22 28 34
7 12 16 20 29 31 36 42
6 4 11 17 23 32 35
5 14 19 22 33 38
5 21 24 34 37 44
5 16 25 42 48 54
8 13 18 20 23 31 32 43 45
6 20 25 30 36 45 52
7 23 26 30 35 43 46 53
6 22 27 34 38 49 56
6 22 24 28 33 44 49
5 17 26 32 39 46
5 25 31 42 51 52
6 21 28 40 44 47 61
6 19 27 33 41 50 56
6 17 35 41 46 57 62
4 21 37 47 55
6 17 19 38 39 50 57
5 25 29 36 48 51
5 30 32 45 53 58
7 28 34 37 49 61 65 66
6 30 31 43 52 58 64
5 32 35 39 53 62
5 37 40 55 61 71
5 29 42 51 54 60
6 33 34 44 56 63 66
4 38 41 56 57
6 36 42 48 52 59 60
7 31 36 45 51 59 64 74
7 32 43 46 58 62 67 73
4 29 48 60 82
4 40 47 68 71
7 33 38 49 50 57 63 80
7 39 41 50 56 62 72 80
6 43 45 53 64 67 69
6 51 52 60 74 75 88
6 48 51 54 59 75 82
6 37 44 47 65 71 78
7 39 46 53 57 70 72 73
6 49 56 66 80 84 86
6 45 52 58 69 74 76
5 44 61 66 77 78
6 44 49 63 65 77 84
6 53 58 69 73 81 89
4 55 71 79 103
5 58 64 67 76 81
5 62 72 73 83 87
7 47 55 61 68 78 79 85
5 57 62 70 80 87
6 53 62 67 70 83 89
6 52 59 64 76 88 95
6 59 60 82 88 90 92
6 64 69 74 81 95 102
6 65 66 78 84 91 93
7 61 65 71 77 85 91 100
6 68 71 85 98 103 116
8 56 57 63 72 86 87 97 105
6 67 69 76 89 94 102
5 54 60 75 92 121
5 70 73 87 89 96
6 63 66 77 86 93 99
5 71 78 79 98 100
5 63 80 84 97 99
7 70 72 80 83 96 101 105
6 59 74 75 90 95 104
7 67 73 81 83 94 96 107
6 75 88 92 104 108 114
5 77 78 93 100 106
5 75 82 90 108 121
6 77 84 91 99 106 115
6 81 89 102 107 111 119
6 74 76 88 102 104 109
6 83 87 89 101 107 112
5 80 86 99 105 113
5 79 85 100 110 116
7 84 86 93 97 113 115 122
6 78 85 91 98 106 110
5 87 96 105 112 117
7 76 81 94 95 109 111 125
5 68 79 116 132 142
6 88 90 95 109 114 118
7 80 87 97 101 113 117 130
6 91 93 100 110 115 120
6 89 94 96 112 119 123
6 90 92 114 121 126 145
6 95 102 104 118 125 131
6 98 100 106 116 120 134
5 94 102 119 125 127
6 96 101 107 117 123 128
5 97 99 105 122 130
6 90 104 108 118 124 126
6 93 99 106 120 122 129
6 79 98 103 110 132 134
6 101 105 112 128 130 135
6 104 109 114 124 131 133
7 94 107 111 123 127 137 144
6 106 110 115 129 134 136
5 82 92 108 145 156
7 99 113 115 129 130 143 148
5 107 112 119 128 137
6 114 118 126 133 139 146
7 102 109 111 127 131 138 140
5 108 114 124 139 145
5 111 119 125 138 144
6 112 117 123 135 137 141
6 115 120 122 136 148 150
6 105 113 117 122 135 143
6 109 118 125 133 140 147
5 103 116 134 142 149
5 118 124 131 146 147
6 110 116 120 132 136 149
7 117 128 130 141 143 151 157
6 120 129 134 149 150 165
7 119 123 128 141 144 152 154
5 125 127 140 144 161
5 124 126 145 146 153
6 125 131 138 147 158 161
5 128 135 137 151 154
5 103 132 149 164 170
6 122 130 135 148 155 157
8 119 127 137 138 152 161 167 168
6 108 121 126 139 153 156
7 124 133 139 147 153 159 163
6 131 133 140 146 158 159
6 122 129 143 150 155 160
6 132 134 136 142 164 165
6 129 136 148 160 165 172
6 135 141 154 157 162 171
5 137 144 154 162 167
7 139 145 146 156 163 169 177
5 137 141 151 152 162
5 143 148 157 160 166
4 121 145 153 169
6 135 143 151 155 166 171
6 140 147 159 161 175 180
5 146 147 158 163 180
6 148 150 155 166 172 179
6 138 140 144 158 168 175
7 151 152 154 167 171 178 185
6 146 153 159 177 180 187
6 142 149 165 170 173 176
6 136 149 150 164 172 173
6 155 157 160 171 179 181
7 144 152 162 168 174 183 185
7 144 161 167 174 175 186 191
4 153 156 177 184
4 142 164 176 195
7 151 157 162 166 178 181 192
7 150 160 165 173 179 188 193
6 164 165 172 176 182 188
4 167 168 183 186
6 158 161 168 180 190 191
5 164 170 173 182 195
5 153 163 169 184 187
5 162 171 185 189 192
6 160 166 172 181 193 194
7 158 159 163 175 187 190 196
5 166 171 179 192 194
5 173 176 188 195 199
6 167 174 185 186 205 207
4 169 177 187 203
6 162 167 178 183 189 207
6 168 174 183 191 197 205
6 163 177 180 184 196 203
5 172 173 182 193 199
5 178 185 192 198 207
6 175 180 191 196 200 202
6 168 175 186 190 197 202
7 171 178 181 189 194 198 201
6 172 179 188 194 199 204
8 179 181 192 193 201 204 206 211
5 170 176 182 199 208
5 180 187 190 200 203
5 186 191 202 205 210
6 189 192 201 207 213 220
7 182 188 193 195 204 208 212
6 190 196 202 203 209 214
5 192 194 198 206 213
6 190 191 197 200 209 210
5 184 187 196 200 214
5 193 194 199 211 212
6 183 186 197 207 210 216
4 194 201 211 213
7 183 185 189 198 205 216 220
4 195 199 212 217
5 200 202 210 214 215
7 197 202 205 209 215 216 221
8 194 204 206 212 213 217 218 219
5 199 204 208 211 217
6 198 201 206 211 218 220
5 200 203 209 215 221
4 209 210 214 221
7 205 207 210 220 221 223 224
4 208 211 212 219
5 211 213 219 220 222
4 211 217 218 222
7 198 207 213 216 218 222 224
5 210 214 215 216 223
4 218 219 220 224
3 216 221 224
4 216 220 222 223
END MAP
TURN 1
COMMAND LEFT START
MOVE A2 112
MOVE A3 5
COMMAND LEFT END
COMMAND RIGHT START
MOVE B1 219
MOVE B2 112
COMMAND RIGHT END
TURN 1 RESULT
TIME LEFT 0 5 RIGHT 7 5
MOVE A2 4
MOVE A3 2
MOVE B1 222
MOVE B2 220
END TURN 1
TURN 2
COMMAND LEFT START
COMMAND LEFT END
COMMAND RIGHT START
COMMAND RIGHT END
TURN 2 RESULT
TIME LEFT 0 5 RIGHT 0 5
MOVE A2 17
MOVE A3 5
MOVE B1 219
MOVE B2 207
END TURN 2
TURN 3
COMMAND LEFT START
UPGRADE 5
COMMAND LEFT END
COMMAND RIGHT START
UPGRADE 219
COMMAND RIGHT END
TURN 3 RESULT
TIME LEFT 0 5 RIGHT 0 5
UPGRADE A 5
UPGRADE B 219
MOVE A2 39
MOVE B2 185
END TURN 3
TURN 4
COMMAND LEFT START
COMMAND LEFT END
COMMAND RIGHT START
COMMAND RIGHT END
TURN 4 RESULT
TIME LEFT 0 5 RIGHT 0 5
MOVE A2 62
MOVE B2 162
END TURN 4
TURN 5
COMMAND LEFT START
COMMAND LEFT END
COMMAND RIGHT START
COMMAND RIGHT END
TURN 5 RESULT
TIME LEFT 0 5 RIGHT 0 5
MOVE A2 70
MOVE B2 154
END TURN 5
TURN 6
COMMAND LEFT START
COMMAND LEFT END
COMMAND RIGHT START
COMMAND RIGHT END
TURN 6 RESULT
TIME LEFT 0 5 RIGHT 0 5
MOVE A2 83
MOVE B2 141
END TURN 6
TURN 7
COMMAND LEFT START
COMMAND LEFT END
COMMAND RIGHT START
COMMAND RIGHT END
TURN 7 RESULT
TIME LEFT 0 5 RIGHT 0 5
MOVE A2 96
MOVE B2 128
END TURN 7
TURN 8
COMMAND LEFT START
COMMAND LEFT END
COMMAND RIGHT START
COMMAND RIGHT END
TURN 8 RESULT
TIME LEFT 0 5 RIGHT 0 5
MOVE A2 112
MOVE B2 112
DAMAGE COMBAT A2 1
DAMAGE COMBAT B2 1
END TURN 8
TURN 9
COMMAND LEFT START
COMMAND LEFT END
COMMAND RIGHT START
COMMAND RIGHT END
TURN 9 RESULT
TIME LEFT 0 5 RIGHT 0 5
DAMAGE COMBAT A2 1
DAMAGE COMBAT B2 1
END TURN 9
TURN 10
COMMAND LEFT START
COMMAND LEFT END
COMMAND RIGHT START
COMMAND RIGHT END
TURN 10 RESULT
TIME LEFT 0 5 RIGHT 0 5
DAMAGE COMBAT A2 1
DAMAGE COMBAT B2 1
END TURN 10
TURN 11
COMMAND LEFT START
MOVE A2 10
COMMAND LEFT END
COMMAND RIGHT START
COMMAND RIGHT END
TURN 11 RESULT
TIME LEFT 0 5 RIGHT 0 5
DAMAGE COMBAT A2 1
DAMAGE COMBAT B2 1
END TURN 11
TURN 12
COMMAND LEFT START
COMMAND LEFT END
COMMAND RIGHT START
MOVE B3 112
TRAIN 1
COMMAND RIGHT END
TURN 12 RESULT
TIME LEFT 0 5 RIGHT 0 5
TRAIN B4
MOVE B3 220
END TURN 12
TURN 13
COMMAND LEFT START
COMMAND LEFT END
COMMAND RIGHT START
COMMAND RIGHT END
TURN 13 RESULT
TIME LEFT 0 5 RIGHT 0 5
MOVE B3 207
END TURN 13
TURN 14
COMMAND LEFT START
TRAIN 1
COMMAND LEFT END
COMMAND RIGHT START
COMMAND RIGHT END
TURN 14 RESULT
TIME LEFT 0 5 RIGHT 0 5
TRAIN A4
MOVE B3 185
END TURN 14
TURN 15
COMMAND LEFT START
MOVE A4 19
COMMAND LEFT END
COMMAND RIGHT START
COMMAND RIGHT END
TURN 15 RESULT
TIME LEFT 0 5 RIGHT 0 5
MOVE A4 8
MOVE B3 162
END TURN 15
TURN 16
COMMAND LEFT START
COMMAND LEFT END
COMMAND RIGHT START
COMMAND RIGHT END
TURN 16 RESULT
TIME LEFT 0 5 RIGHT 0 5
MOVE A4 19
MOVE B3 154
END TURN 16
TURN 17
COMMAND LEFT START
COMMAND LEFT END
COMMAND RIGHT START
COMMAND RIGHT END
TURN 17 RESULT
TIME LEFT 0 5 RIGHT 0 5
MOVE B3 141
END TURN 17
TURN 18
COMMAND LEFT START
COMMAND LEFT END
COMMAND RIGHT START
COMMAND RIGHT END
TURN 18 RESULT
TIME LEFT 0 5 RIGHT 0 5
MOVE B3 128
END TURN 18
TURN 19
COMMAND LEFT START
COMMAND LEFT END
COMMAND RIGHT START
COMMAND RIGHT END
TURN 19 RESULT
TIME LEFT 0 5 RIGHT 0 5
MOVE B3 112
END TURN 19
TURN 20
COMMAND LEFT START
UPGRADE 19
COMMAND LEFT END
COMMAND RIGHT START
UPGRADE 112
COMMAND RIGHT END
TURN 20 RESULT
TIME LEFT 0 5 RIGHT 0 5
UPGRADE A 19
UPGRADE B 112
END TURN 20
TURN 21
COMMAND LEFT START
COMMAND LEFT END
COMMAND RIGHT START
COMMAND RIGHT END
TURN 21 RESULT
TIME LEFT 0 5 RIGHT 0 5
END TURN 21
TURN 22
COMMAND LEFT START
COMMAND LEFT END
COMMAND RIGHT START
COMMAND RIGHT END
TURN 22 RESULT
TIME LEFT 0 5 RIGHT 0 5
END TURN 22
TURN 23
COMMAND LEFT START
COMMAND LEFT END
COMMAND RIGHT START
TRAIN 1
COMMAND RIGHT END
TURN 23 RESULT
TIME LEFT 0 5 RIGHT 0 5
TRAIN B5
END TURN 23
TURN 24
COMMAND LEFT START
COMMAND LEFT END
COMMAND RIGHT START
COMMAND RIGHT END
TURN 24 RESULT
TIME LEFT 0 5 RIGHT 0 5
END TURN 24
TURN 25
COMMAND LEFT START
COMMAND LEFT END
COMMAND RIGHT START
COMMAND RIGHT END
TURN 25 RESULT
TIME LEFT 0 5 RIGHT 0 5
END TURN 25
TURN 26
COMMAND LEFT START
COMMAND LEFT END
COMMAND RIGHT START
COMMAND RIGHT END
TURN 26 RESULT
TIME LEFT 0 5 RIGHT 0 5
END TURN 26
TURN 27
COMMAND LEFT START
COMMAND LEFT END
COMMAND RIGHT START
COMMAND RIGHT END
TURN 27 RESULT
TIME LEFT 0 5 RIGHT 0 5
END TURN 27
TURN 28
COMMAND LEFT START
COMMAND LEFT END
COMMAND RIGHT START
COMMAND RIGHT END
TURN 28 RESULT
TIME LEFT 0 5 RIGHT 0 5
END TURN 28
TURN 29
COMMAND LEFT START
COMMAND LEFT END
COMMAND RIGHT START
COMMAND RIGHT END
TURN 29 RESULT
TIME LEFT 0 5 RIGHT 0 5
END TURN 29
TURN 30
COMMAND LEFT START
TRAIN 1
COMMAND LEFT END
COMMAND RIGHT START
COMMAND RIGHT END
TURN 30 RESULT
TIME LEFT 0 5 RIGHT 0 5
TRAIN A5
END TURN 30
TURN 31
COMMAND LEFT START
MOVE A5 112
TRAIN 1
COMMAND LEFT END
COMMAND RIGHT START
COMMAND RIGHT END
TURN 31 RESULT
TIME LEFT 0 5 RIGHT 0 5
TRAIN A6
MOVE A5 4
END TURN 31
TURN 32
COMMAND LEFT START
MOVE A6 112
TRAIN 1
COMMAND LEFT END
COMMAND RIGHT START
COMMAND RIGHT END
TURN 32 RESULT
TIME LEFT 0 5 RIGHT 0 5
TRAIN A7
MOVE A5 17
MOVE A6 4
END TURN 32
TURN 33
COMMAND LEFT START
MOVE A7 112
COMMAND LEFT END
COMMAND RIGHT START
COMMAND RIGHT END
TURN 33 RESULT
TIME LEFT 0 5 RIGHT 0 5
MOVE A5 39
MOVE A6 17
MOVE A7 4
END TURN 33
TURN 34
COMMAND LEFT START
TRAIN 1
COMMAND LEFT END
COMMAND RIGHT START
COMMAND RIGHT END
TURN 34 RESULT
TIME LEFT 0 5 RIGHT 0 5
TRAIN A8
MOVE A5 62
MOVE A6 39
MOVE A7 17
END TURN 34
TURN 35
COMMAND LEFT START
MOVE A8 112
COMMAND LEFT END
COMMAND RIGHT START
MOVE B5 205
COMMAND RIGHT END
TURN 35 RESULT
TIME LEFT 0 5 RIGHT 0 5
MOVE A5 70
MOVE A6 62
MOVE A7 39
MOVE A8 4
MOVE B5 216
END TURN 35
TURN 36
COMMAND LEFT START
COMMAND LEFT END
COMMAND RIGHT START
COMMAND RIGHT END
TURN 36 RESULT
TIME LEFT 0 5 RIGHT 0 5
MOVE A5 83
MOVE A6 70
MOVE A7 62
MOVE A8 17
MOVE B5 205
END TURN 36
TURN 37
COMMAND LEFT START
COMMAND LEFT END
COMMAND RIGHT START
UPGRADE 205
COMMAND RIGHT END
TURN 37 RESULT
TIME LEFT 0 5 RIGHT 0 5
UPGRADE B 205
MOVE A5 96
MOVE A6 83
MOVE A7 70
MOVE A8 39
END TURN 37
TURN 38
COMMAND LEFT START
TRAIN 1
COMMAND LEFT END
COMMAND RIGHT START
COMMAND RIGHT END
TURN 38 RESULT
TIME LEFT 0 5 RIGHT 0 5
TRAIN A9
MOVE A5 112
MOVE A6 96
MOVE A7 83
MOVE A8 62
DAMAGE TURRET A5 1
DAMAGE COMBAT A5 1
DAMAGE COMBAT B3 1
END TURN 38
TURN 39
COMMAND LEFT START
MOVE A9 10
COMMAND LEFT END
COMMAND RIGHT START
TRAIN 1
COMMAND RIGHT END
TURN 39 RESULT
TIME LEFT 0 5 RIGHT 0 5
TRAIN B6
MOVE A6 112
MOVE A7 96
MOVE A8 70
MOVE A9 1
DAMAGE TURRET A5 1
DAMAGE COMBAT A5 1
DAMAGE COMBAT B3 2
END TURN 39
TURN 40
COMMAND LEFT START
COMMAND LEFT END
COMMAND RIGHT START
COMMAND RIGHT END
TURN 40 RESULT
TIME LEFT 0 5 RIGHT 0 5
MOVE A7 112
MOVE A8 83
MOVE A9 3
DAMAGE TURRET A6 1
DAMAGE COMBAT A6 1
DAMAGE COMBAT B3 1
SIEGE B 112 1
END TURN 40
TURN 41
COMMAND LEFT START
COMMAND LEFT END
COMMAND RIGHT START
COMMAND RIGHT END
TURN 41 RESULT
TIME LEFT 0 5 RIGHT 0 5
MOVE A8 96
MOVE A9 10
DAMAGE TURRET A6 1
SIEGE B 112 2
END TURN 41
TURN 42
COMMAND LEFT START
TRAIN 1
COMMAND LEFT END
COMMAND RIGHT START
TRAIN 1
COMMAND RIGHT END
TURN 42 RESULT
TIME LEFT 0 5 RIGHT 0 5
TRAIN A10 B7
MOVE A8 112
DAMAGE TURRET A6 1
SIEGE B 112 3
END TURN 42
TURN 43
COMMAND LEFT START
MOVE A10 112
COMMAND LEFT END
COMMAND RIGHT START
COMMAND RIGHT END
TURN 43 RESULT
TIME LEFT 0 5 RIGHT 0 5
MOVE A10 4
END TURN 43
TURN 44
COMMAND LEFT START
COMMAND LEFT END
COMMAND RIGHT START
COMMAND RIGHT END
TURN 44 RESULT
TIME LEFT 0 5 RIGHT 0 5
MOVE A10 17
END TURN 44
TURN 45
COMMAND LEFT START
COMMAND LEFT END
COMMAND RIGHT START
COMMAND RIGHT END
TURN 45 RESULT
TIME LEFT 0 5 RIGHT 0 5
MOVE A10 39
END TURN 45
TURN 46
COMMAND LEFT START
COMMAND LEFT END
COMMAND RIGHT START
COMMAND RIGHT END
TURN 46 RESULT
TIME LEFT 0 5 RIGHT 0 5
MOVE A10 62
END TURN 46
TURN 47
COMMAND LEFT START
COMMAND LEFT END
COMMAND RIGHT START
COMMAND RIGHT END
TURN 47 RESULT
TIME LEFT 0 5 RIGHT 0 5
MOVE A10 70
END TURN 47
TURN 48
COMMAND LEFT START
COMMAND LEFT END
COMMAND RIGHT START
COMMAND RIGHT END
TURN 48 RESULT
TIME LEFT 0 5 RIGHT 0 5
MOVE A10 83
END TURN 48
TURN 49
COMMAND LEFT START
COMMAND LEFT END
COMMAND RIGHT START
COMMAND RIGHT END
TURN 49 RESULT
TIME LEFT 0 5 RIGHT 0 5
MOVE A10 96
END TURN 49
TURN 50
COMMAND LEFT START
COMMAND LEFT END
COMMAND RIGHT START
COMMAND RIGHT END
TURN 50 RESULT
TIME LEFT 0 5 RIGHT 0 5
MOVE A10 112
END TURN 50
TURN 51
COMMAND LEFT START
COMMAND LEFT END
COMMAND RIGHT START
COMMAND RIGHT END
TURN 51 RESULT
TIME LEFT 0 5 RIGHT 0 5
END TURN 51
TURN 52
COMMAND LEFT START
COMMAND LEFT END
COMMAND RIGHT START
COMMAND RIGHT END
TURN 52 RESULT
TIME LEFT 0 5 RIGHT 0 5
END TURN 52
TURN 53
COMMAND LEFT START
COMMAND LEFT END
COMMAND RIGHT START
COMMAND RIGHT END
TURN 53 RESULT
TIME LEFT 0 5 RIGHT 0 5
END TURN 53
TURN 54
COMMAND LEFT START
COMMAND LEFT END
COMMAND RIGHT START
COMMAND RIGHT END
TURN 54 RESULT
TIME LEFT 0 5 RIGHT 0 5
END TURN 54
TURN 55
COMMAND LEFT START
COMMAND LEFT END
COMMAND RIGHT START
COMMAND RIGHT END
TURN 55 RESULT
TIME LEFT 0 5 RIGHT 0 5
END TURN 55
TURN 56
COMMAND LEFT START
COMMAND LEFT END
COMMAND RIGHT START
MOVE B7 214
COMMAND RIGHT END
TURN 56 RESULT
TIME LEFT 0 5 RIGHT 0 5
MOVE B7 223
END TURN 56
TURN 57
COMMAND LEFT START
COMMAND LEFT END
COMMAND RIGHT START
COMMAND RIGHT END
TURN 57 RESULT
TIME LEFT 0 5 RIGHT 0 5
MOVE B7 221
END TURN 57
TURN 58
COMMAND LEFT START
UPGRADE 10
COMMAND LEFT END
COMMAND RIGHT START
COMMAND RIGHT END
TURN 58 RESULT
TIME LEFT 0 5 RIGHT 0 5
UPGRADE A 10
MOVE B7 214
END TURN 58
TURN 59
COMMAND LEFT START
COMMAND LEFT END
COMMAND RIGHT START
UPGRADE 224
COMMAND RIGHT END
TURN 59 RESULT
TIME LEFT 0 5 RIGHT 0 5
UPGRADE B 224
END TURN 59
TURN 60
COMMAND LEFT START
COMMAND LEFT END
COMMAND RIGHT START
COMMAND RIGHT END
TURN 60 RESULT
TIME LEFT 0 5 RIGHT 0 5
END TURN 60
TURN 61
COMMAND LEFT START
COMMAND LEFT END
COMMAND RIGHT START
COMMAND RIGHT END
TURN 61 RESULT
TIME LEFT 0 5 RIGHT 0 5
END TURN 61
TURN 62
COMMAND LEFT START
COMMAND LEFT END
COMMAND RIGHT START
COMMAND RIGHT END
TURN 62 RESULT
TIME LEFT 0 5 RIGHT 0 5
END TURN 62
TURN 63
COMMAND LEFT START
COMMAND LEFT END
COMMAND RIGHT START
COMMAND RIGHT END
TURN 63 RESULT
TIME LEFT 0 5 RIGHT 0 5
END TURN 63
TURN 64
COMMAND LEFT START
COMMAND LEFT END
COMMAND RIGHT START
COMMAND RIGHT END
TURN 64 RESULT
TIME LEFT 0 5 RIGHT 0 5
END TURN 64
TURN 65
COMMAND LEFT START
COMMAND LEFT END
COMMAND RIGHT START
COMMAND RIGHT END
TURN 65 RESULT
TIME LEFT 0 5 RIGHT 0 5
END TURN 65
TURN 66
COMMAND LEFT START
COMMAND LEFT END
COMMAND RIGHT START
COMMAND RIGHT END
TURN 66 RESULT
TIME LEFT 0 5 RIGHT 0 5
END TURN 66
TURN 67
COMMAND LEFT START
COMMAND LEFT END
COMMAND RIGHT START
COMMAND RIGHT END
TURN 67 RESULT
TIME LEFT 0 5 RIGHT 0 5
END TURN 67
TURN 68
COMMAND LEFT START
COMMAND LEFT END
COMMAND RIGHT START
COMMAND RIGHT END
TURN 68 RESULT
TIME LEFT 0 5 RIGHT 0 5
END TURN 68
TURN 69
COMMAND LEFT START
UPGRADE 112
COMMAND LEFT END
COMMAND RIGHT START
UPGRADE 214
COMMAND RIGHT END
TURN 69 RESULT
TIME LEFT 0 5 RIGHT 0 5
UPGRADE A 112
UPGRADE B 214
END TURN 69
TURN 70
COMMAND LEFT START
COMMAND LEFT END
COMMAND RIGHT START
COMMAND RIGHT END
TURN 70 RESULT
TIME LEFT 0 5 RIGHT 0 5
END TURN 70
TURN 71
COMMAND LEFT START
TRAIN 1
COMMAND LEFT END
COMMAND RIGHT START
COMMAND RIGHT END
TURN 71 RESULT
TIME LEFT 0 5 RIGHT 0 5
TRAIN A11
END TURN 71
TURN 72
COMMAND LEFT START
MOVE A11 83
COMMAND LEFT END
COMMAND RIGHT START
COMMAND RIGHT END
TURN 72 RESULT
TIME LEFT 0 5 RIGHT 0 5
MOVE A11 4
END TURN 72
TURN 73
COMMAND LEFT START
COMMAND LEFT END
COMMAND RIGHT START
COMMAND RIGHT END
TURN 73 RESULT
TIME LEFT 0 5 RIGHT 0 5
MOVE A11 17
END TURN 73
TURN 74
COMMAND LEFT START
TRAIN 1
COMMAND LEFT END
COMMAND RIGHT START
COMMAND RIGHT END
TURN 74 RESULT
TIME LEFT 0 5 RIGHT 0 5
TRAIN A12
MOVE A11 39
END TURN 74
TURN 75
COMMAND LEFT START
MOVE A12 112
COMMAND LEFT END
COMMAND RIGHT START
COMMAND RIGHT END
TURN 75 RESULT
TIME LEFT 0 5 RIGHT 0 5
MOVE A11 62
MOVE A12 4
END TURN 75
TURN 76
COMMAND LEFT START
TRAIN 1
COMMAND LEFT END
COMMAND RIGHT START
COMMAND RIGHT END
TURN 76 RESULT
TIME LEFT 0 5 RIGHT 0 5
TRAIN A13
MOVE A11 70
MOVE A12 17
END TURN 76
TURN 77
COMMAND LEFT START
MOVE A13 112
COMMAND LEFT END
COMMAND RIGHT START
COMMAND RIGHT END
TURN 77 RESULT
TIME LEFT 0 5 RIGHT 0 5
MOVE A11 83
MOVE A12 39
MOVE A13 4
END TURN 77
TURN 78
COMMAND LEFT START
COMMAND LEFT END
COMMAND RIGHT START
UPGRADE 219
COMMAND RIGHT END
TURN 78 RESULT
TIME LEFT 0 5 RIGHT 0 5
UPGRADE B 219
MOVE A12 62
MOVE A13 17
END TURN 78
TURN 79
COMMAND LEFT START
COMMAND LEFT END
COMMAND RIGHT START
COMMAND RIGHT END
TURN 79 RESULT
TIME LEFT 0 5 RIGHT 0 5
MOVE A12 70
MOVE A13 39
END TURN 79
TURN 80
COMMAND LEFT START
COMMAND LEFT END
COMMAND RIGHT START
TRAIN 1
COMMAND RIGHT END
TURN 80 RESULT
TIME LEFT 0 5 RIGHT 0 5
TRAIN B8
MOVE A12 83
MOVE A13 62
END TURN 80
TURN 81
COMMAND LEFT START
COMMAND LEFT END
COMMAND RIGHT START
MOVE B4 219
COMMAND RIGHT END
TURN 81 RESULT
TIME LEFT 0 5 RIGHT 0 5
MOVE A12 96
MOVE A13 70
MOVE B4 222
END TURN 81
TURN 82
COMMAND LEFT START
COMMAND LEFT END
COMMAND RIGHT START
COMMAND RIGHT END
TURN 82 RESULT
TIME LEFT 0 5 RIGHT 0 5
MOVE A12 112
MOVE A13 83
MOVE B4 219
END TURN 82
TURN 83
COMMAND LEFT START
COMMAND LEFT END
COMMAND RIGHT START
COMMAND RIGHT END
TURN 83 RESULT
TIME LEFT 0 5 RIGHT 0 5
MOVE A13 96
END TURN 83
TURN 84
COMMAND LEFT START
UPGRADE 83
COMMAND LEFT END
COMMAND RIGHT START
COMMAND RIGHT END
TURN 84 RESULT
TIME LEFT 0 5 RIGHT 0 5
UPGRADE A 83
MOVE A13 112
END TURN 84
TURN 85
COMMAND LEFT START
COMMAND LEFT END
COMMAND RIGHT START
COMMAND RIGHT END
TURN 85 RESULT
TIME LEFT 0 5 RIGHT 0 5
END TURN 85
TURN 86
COMMAND LEFT START
COMMAND LEFT END
COMMAND RIGHT START
COMMAND RIGHT END
TURN 86 RESULT
TIME LEFT 0 5 RIGHT 0 5
END TURN 86
TURN 87
COMMAND LEFT START
TRAIN 1
COMMAND LEFT END
COMMAND RIGHT START
UPGRADE 214
COMMAND RIGHT END
TURN 87 RESULT
TIME LEFT 0 5 RIGHT 0 5
UPGRADE B 214
TRAIN A14
END TURN 87
TURN 88
COMMAND LEFT START
MOVE A14 141
TRAIN 1
COMMAND LEFT END
COMMAND RIGHT START
COMMAND RIGHT END
TURN 88 RESULT
TIME LEFT 0 5 RIGHT 0 5
TRAIN A15
MOVE A14 4
END TURN 88
TURN 89
COMMAND LEFT START
MOVE A15 112
COMMAND LEFT END
COMMAND RIGHT START
TRAIN 1
COMMAND RIGHT END
TURN 89 RESULT
TIME LEFT 0 5 RIGHT 0 5
TRAIN B9
MOVE A14 17
MOVE A15 4
END TURN 89
TURN 90
COMMAND LEFT START
TRAIN 1
COMMAND LEFT END
COMMAND RIGHT START
MOVE B6 214
COMMAND RIGHT END
TURN 90 RESULT
TIME LEFT 0 5 RIGHT 0 5
TRAIN A16
MOVE A14 39
MOVE A15 17
MOVE B6 223
END TURN 90
TURN 91
COMMAND LEFT START
MOVE A16 112
COMMAND LEFT END
COMMAND RIGHT START
COMMAND RIGHT END
TURN 91 RESULT
TIME LEFT 0 5 RIGHT 0 5
MOVE A14 62
MOVE A15 39
MOVE A16 4
MOVE B6 221
END TURN 91
TURN 92
COMMAND LEFT START
TRAIN 1
COMMAND LEFT END
COMMAND RIGHT START
COMMAND RIGHT END
TURN 92 RESULT
TIME LEFT 0 5 RIGHT 0 5
TRAIN A17
MOVE A14 70
MOVE A15 62
MOVE A16 17
MOVE B6 214
END TURN 92
TURN 93
COMMAND LEFT START
MOVE A17 112
COMMAND LEFT END
COMMAND RIGHT START
COMMAND RIGHT END
TURN 93 RESULT
TIME LEFT 0 5 RIGHT 0 5
MOVE A14 83
MOVE A15 70
MOVE A16 39
MOVE A17 4
END TURN 93
TURN 94
COMMAND LEFT START
TRAIN 1
COMMAND LEFT END
COMMAND RIGHT START
COMMAND RIGHT END
TURN 94 RESULT
TIME LEFT 0 5 RIGHT 0 5
TRAIN A18
MOVE A14 96
MOVE A15 83
MOVE A16 62
MOVE A17 17
END TURN 94
TURN 95
COMMAND LEFT START
MOVE A18 112
COMMAND LEFT END
COMMAND RIGHT START
COMMAND RIGHT END
TURN 95 RESULT
TIME LEFT 0 5 RIGHT 0 5
MOVE A14 112
MOVE A15 96
MOVE A16 70
MOVE A17 39
MOVE A18 4
END TURN 95
TURN 96
COMMAND LEFT START
TRAIN 1
COMMAND LEFT END
COMMAND RIGHT START
COMMAND RIGHT END
TURN 96 RESULT
TIME LEFT 0 5 RIGHT 0 5
TRAIN A19
MOVE A14 128
MOVE A15 112
MOVE A16 83
MOVE A17 62
MOVE A18 17
END TURN 96
TURN 97
COMMAND LEFT START
MOVE A19 112
MOVE A7 224
MOVE A8 224
MOVE A12 224
MOVE A13 224
MOVE A15 224
COMMAND LEFT END
COMMAND RIGHT START
COMMAND RIGHT END
TURN 97 RESULT
TIME LEFT 0 5 RIGHT 0 5
MOVE A7 128
MOVE A8 128
MOVE A12 128
MOVE A13 128
MOVE A14 141
MOVE A15 128
MOVE A16 96
MOVE A17 70
MOVE A18 39
MOVE A19 4
END TURN 97
TURN 98
COMMAND LEFT START
COMMAND LEFT END
COMMAND RIGHT START
COMMAND RIGHT END
TURN 98 RESULT
TIME LEFT 0 5 RIGHT 0 5
MOVE A7 141
MOVE A8 141
MOVE A12 141
MOVE A13 141
MOVE A15 141
MOVE A16 112
MOVE A17 83
MOVE A18 62
MOVE A19 17
END TURN 98
TURN 99
COMMAND LEFT START
COMMAND LEFT END
COMMAND RIGHT START
COMMAND RIGHT END
TURN 99 RESULT
TIME LEFT 0 5 RIGHT 0 5
MOVE A7 154
MOVE A8 154
MOVE A12 154
MOVE A13 154
MOVE A15 154
MOVE A17 96
MOVE A18 70
MOVE A19 39
END TURN 99
TURN 100
COMMAND LEFT START
COMMAND LEFT END
COMMAND RIGHT START
UPGRADE 224
COMMAND RIGHT END
TURN 100 RESULT
TIME LEFT 0 5 RIGHT 0 5
UPGRADE B 224
MOVE A7 162
MOVE A8 162
MOVE A12 162
MOVE A13 162
MOVE A15 162
MOVE A17 112
MOVE A18 83
MOVE A19 62
END TURN 100
TURN 101
COMMAND LEFT START
COMMAND LEFT END
COMMAND RIGHT START
COMMAND RIGHT END
TURN 101 RESULT
TIME LEFT 0 5 RIGHT 0 5
MOVE A7 185
MOVE A8 185
MOVE A12 185
MOVE A13 185
MOVE A15 185
MOVE A18 96
MOVE A19 70
END TURN 101
TURN 102
COMMAND LEFT START
COMMAND LEFT END
COMMAND RIGHT START
TRAIN 1
COMMAND RIGHT END
TURN 102 RESULT
TIME LEFT 0 5 RIGHT 0 5
TRAIN B10
MOVE A7 207
MOVE A8 207
MOVE A12 207
MOVE A13 207
MOVE A15 207
MOVE A18 112
MOVE A19 83
END TURN 102
TURN 103
COMMAND LEFT START
COMMAND LEFT END
COMMAND RIGHT START
MOVE B5 224
TRAIN 1
COMMAND RIGHT END
TURN 103 RESULT
TIME LEFT 0 5 RIGHT 0 5
TRAIN B11
MOVE A7 220
MOVE A8 220
MOVE A12 220
MOVE A13 220
MOVE A15 220
MOVE A19 96
MOVE B5 216
END TURN 103
TURN 104
COMMAND LEFT START
COMMAND LEFT END
COMMAND RIGHT START
MOVE B8 205
COMMAND RIGHT END
TURN 104 RESULT
TIME LEFT 0 5 RIGHT 0 5
MOVE A7 224
MOVE A8 224
MOVE A12 224
MOVE A13 224
MOVE A15 224
MOVE A19 112
MOVE B5 224
MOVE B8 216
DAMAGE TURRET A7 2
DAMAGE COMBAT A7 2
DAMAGE COMBAT A8 2
DAMAGE COMBAT B5 4
DAMAGE COMBAT B9 1
END TURN 104
TURN 105
COMMAND LEFT START
UPGRADE 141
COMMAND LEFT END
COMMAND RIGHT START
TRAIN 1
COMMAND RIGHT END
TURN 105 RESULT
TIME LEFT 0 5 RIGHT 0 5
UPGRADE A 141
TRAIN B12
MOVE B8 205
DAMAGE TURRET A8 2
DAMAGE COMBAT A12 4
DAMAGE COMBAT B9 4
END TURN 105
TURN 106
COMMAND LEFT START
MOVE A13 112
MOVE A15 112
COMMAND LEFT END
COMMAND RIGHT START
COMMAND RIGHT END
TURN 106 RESULT
TIME LEFT 0 5 RIGHT 0 5
DAMAGE TURRET A13 2
DAMAGE COMBAT A13 2
DAMAGE COMBAT A15 1
DAMAGE COMBAT B10 2
END TURN 106
TURN 107
COMMAND LEFT START
TRAIN 1
COMMAND LEFT END
COMMAND RIGHT START
COMMAND RIGHT END
TURN 107 RESULT
TIME LEFT 0 5 RIGHT 0 5
TRAIN A20
DAMAGE TURRET A15 2
DAMAGE COMBAT A15 1
DAMAGE COMBAT B10 1
END TURN 107
TURN 108
COMMAND LEFT START
MOVE A20 112
TRAIN 1
COMMAND LEFT END
COMMAND RIGHT START
COMMAND RIGHT END
TURN 108 RESULT
TIME LEFT 0 5 RIGHT 0 5
TRAIN A21
MOVE A20 4
END TURN 108
TURN 109
COMMAND LEFT START
MOVE A21 112
COMMAND LEFT END
COMMAND RIGHT START
COMMAND RIGHT END
TURN 109 RESULT
TIME LEFT 0 5 RIGHT 0 5
MOVE A20 17
MOVE A21 4
END TURN 109
TURN 110
COMMAND LEFT START
TRAIN 1
COMMAND LEFT END
COMMAND RIGHT START
UPGRADE 205
COMMAND RIGHT END
TURN 110 RESULT
TIME LEFT 0 5 RIGHT 0 5
UPGRADE B 205
TRAIN A22
MOVE A20 39
MOVE A21 17
END TURN 110
TURN 111
COMMAND LEFT START
MOVE A22 112
COMMAND LEFT END
COMMAND RIGHT START
TRAIN 1
COMMAND RIGHT END
TURN 111 RESULT
TIME LEFT 0 5 RIGHT 0 5
TRAIN B13
MOVE A20 62
MOVE A21 39
MOVE A22 4
END TURN 111
TURN 112
COMMAND LEFT START
TRAIN 1
COMMAND LEFT END
COMMAND RIGHT START
MOVE B10 205
COMMAND RIGHT END
TURN 112 RESULT
TIME LEFT 0 5 RIGHT 0 5
TRAIN A23
MOVE A20 70
MOVE A21 62
MOVE A22 17
MOVE B10 216
END TURN 112
TURN 113
COMMAND LEFT START
MOVE A23 112
TRAIN 1
COMMAND LEFT END
COMMAND RIGHT START
COMMAND RIGHT END
TURN 113 RESULT
TIME LEFT 0 5 RIGHT 0 5
TRAIN A24
MOVE A20 83
MOVE A21 70
MOVE A22 39
MOVE A23 4
MOVE B10 205
END TURN 113
TURN 114
COMMAND LEFT START
MOVE A24 112
COMMAND LEFT END
COMMAND RIGHT START
COMMAND RIGHT END
TURN 114 RESULT
TIME LEFT 0 5 RIGHT 0 5
MOVE A20 96
MOVE A21 83
MOVE A22 62
MOVE A23 17
MOVE A24 4
END TURN 114
TURN 115
COMMAND LEFT START
TRAIN 1
COMMAND LEFT END
COMMAND RIGHT START
COMMAND RIGHT END
TURN 115 RESULT
TIME LEFT 0 5 RIGHT 0 5
TRAIN A25
MOVE A20 112
MOVE A21 96
MOVE A22 70
MOVE A23 39
MOVE A24 17
END TURN 115
TURN 116
COMMAND LEFT START
MOVE A25 112
MOVE A16 205
MOVE A17 205
MOVE A18 205
MOVE A19 205
MOVE A20 205
COMMAND LEFT END
COMMAND RIGHT START
UPGRADE 219
COMMAND RIGHT END
TURN 116 RESULT
TIME LEFT 0 5 RIGHT 0 5
UPGRADE B 219
MOVE A16 123
MOVE A17 123
MOVE A18 123
MOVE A19 123
MOVE A20 123
MOVE A21 112
MOVE A22 83
MOVE A23 62
MOVE A24 39
MOVE A25 4
END TURN 116
TURN 117
COMMAND LEFT START
TRAIN 1
COMMAND LEFT END
COMMAND RIGHT START
TRAIN 1
COMMAND RIGHT END
TURN 117 RESULT
TIME LEFT 0 5 RIGHT 0 5
TRAIN A26 B14
MOVE A16 137
MOVE A17 137
MOVE A18 137
MOVE A19 137
MOVE A20 137
MOVE A22 96
MOVE A23 70
MOVE A24 62
MOVE A25 17
END TURN 117
TURN 118
COMMAND LEFT START
MOVE A26 127
COMMAND LEFT END
COMMAND RIGHT START
MOVE B11 219
COMMAND RIGHT END
TURN 118 RESULT
TIME LEFT 0 5 RIGHT 0 5
MOVE A16 152
MOVE A17 152
MOVE A18 152
MOVE A19 152
MOVE A20 152
MOVE A22 112
MOVE A23 83
MOVE A24 70
MOVE A25 39
MOVE A26 4
MOVE B11 222
END TURN 118
TURN 119
COMMAND LEFT START
TRAIN 1
COMMAND LEFT END
COMMAND RIGHT START
COMMAND RIGHT END
TURN 119 RESULT
TIME LEFT 0 5 RIGHT 0 5
TRAIN A27
MOVE A16 167
MOVE A17 167
MOVE A18 167
MOVE A19 167
MOVE A20 167
MOVE A23 96
MOVE A24 83
MOVE A25 62
MOVE A26 26
MOVE B11 219
END TURN 119
TURN 120
COMMAND LEFT START
MOVE A27 112
COMMAND LEFT END
COMMAND RIGHT START
COMMAND RIGHT END
TURN 120 RESULT
TIME LEFT 0 5 RIGHT 0 5
MOVE A16 183
MOVE A17 183
MOVE A18 183
MOVE A19 183
MOVE A20 183
MOVE A23 112
MOVE A24 96
MOVE A25 70
MOVE A26 32
MOVE A27 4
END TURN 120
TURN 121
COMMAND LEFT START
TRAIN 1
COMMAND LEFT END
COMMAND RIGHT START
TRAIN 2
COMMAND RIGHT END
TURN 121 RESULT
TIME LEFT 0 5 RIGHT 0 5
TRAIN A28 B15 B16
MOVE A16 205
MOVE A17 205
MOVE A18 205
MOVE A19 205
MOVE A20 205
MOVE A24 112
MOVE A25 83
MOVE A26 53
MOVE A27 17
DAMAGE TURRET A16 1
DAMAGE COMBAT A16 2
DAMAGE COMBAT B8 2
DAMAGE COMBAT B10 3
END TURN 121
TURN 122
COMMAND LEFT START
MOVE A28 112
COMMAND LEFT END
COMMAND RIGHT START
MOVE B12 205
MOVE B13 205
MOVE B14 205
MOVE B15 205
TRAIN 2
COMMAND RIGHT END
TURN 122 RESULT
TIME LEFT 0 5 RIGHT 0 5
TRAIN B17 B18
MOVE A25 96
MOVE A26 67
MOVE A27 39
MOVE A28 4
MOVE B12 216
MOVE B13 216
MOVE B14 216
MOVE B15 216
DAMAGE TURRET A16 1
DAMAGE COMBAT A17 1
DAMAGE COMBAT B8 3
SIEGE B 205 2
END TURN 122
TURN 123
COMMAND LEFT START
TRAIN 1
COMMAND LEFT END
COMMAND RIGHT START
TRAIN 1
COMMAND RIGHT END
TURN 123 RESULT
TIME LEFT 0 5 RIGHT 0 5
TRAIN A29 B19
MOVE A25 112
MOVE A26 81
MOVE A27 62
MOVE A28 17
MOVE B12 205
MOVE B13 205
MOVE B14 205
MOVE B15 205
DAMAGE TURRET A17 1
DAMAGE COMBAT A17 2
DAMAGE COMBAT A18 2
DAMAGE COMBAT B12 4
END TURN 123
TURN 124
COMMAND LEFT START
MOVE A29 112
MOVE A21 205
MOVE A22 205
MOVE A23 205
MOVE A24 205
MOVE A25 205
MOVE A18 112
MOVE A19 112
MOVE A20 112
COMMAND LEFT END
COMMAND RIGHT START
COMMAND RIGHT END
TURN 124 RESULT
TIME LEFT 0 5 RIGHT 0 5
MOVE A21 123
MOVE A22 123
MOVE A23 123
MOVE A24 123
MOVE A25 123
MOVE A26 102
MOVE A27 70
MOVE A28 39
MOVE A29 4
DAMAGE TURRET A18 1
DAMAGE COMBAT A18 1
DAMAGE COMBAT A19 3
DAMAGE COMBAT B12 2
DAMAGE COMBAT B13 1
END TURN 124
TURN 125
COMMAND LEFT START
TRAIN 1
COMMAND LEFT END
COMMAND RIGHT START
COMMAND RIGHT END
TURN 125 RESULT
TIME LEFT 0 5 RIGHT 0 5
TRAIN A30
MOVE A21 137
MOVE A22 137
MOVE A23 137
MOVE A24 137
MOVE A25 137
MOVE A26 111
MOVE A27 83
MOVE A28 62
MOVE A29 17
DAMAGE TURRET A19 1
DAMAGE COMBAT A20 3
DAMAGE COMBAT B13 2
END TURN 125
TURN 126
COMMAND LEFT START
MOVE A30 112
COMMAND LEFT END
COMMAND RIGHT START
COMMAND RIGHT END
TURN 126 RESULT
TIME LEFT 0 5 RIGHT 0 5
MOVE A21 152
MOVE A22 152
MOVE A23 152
MOVE A24 152
MOVE A25 152
MOVE A26 127
MOVE A27 96
MOVE A28 70
MOVE A29 39
MOVE A30 4
DAMAGE TURRET A20 1
DAMAGE COMBAT B13 1
END TURN 126
TURN 127
COMMAND LEFT START
COMMAND LEFT END
COMMAND RIGHT START
UPGRADE 214
COMMAND RIGHT END
TURN 127 RESULT
TIME LEFT 0 5 RIGHT 0 5
UPGRADE B 214
MOVE A21 167
MOVE A22 167
MOVE A23 167
MOVE A24 167
MOVE A25 167
MOVE A27 112
MOVE A28 83
MOVE A29 62
MOVE A30 17
END TURN 127
TURN 128
COMMAND LEFT START
COMMAND LEFT END
COMMAND RIGHT START
MOVE B13 214
COMMAND RIGHT END
TURN 128 RESULT
TIME LEFT 0 5 RIGHT 0 5
MOVE A21 183
MOVE A22 183
MOVE A23 183
MOVE A24 183
MOVE A25 183
MOVE A28 96
MOVE A29 70
MOVE A30 39
MOVE B13 210
END TURN 128
TURN 129
COMMAND LEFT START
COMMAND LEFT END
COMMAND RIGHT START
TRAIN 1
COMMAND RIGHT END
TURN 129 RESULT
TIME LEFT 0 5 RIGHT 0 5
TRAIN B20
MOVE A21 205
MOVE A22 205
MOVE A23 205
MOVE A24 205
MOVE A25 205
MOVE A28 112
MOVE A29 83
MOVE A30 62
MOVE B13 215
DAMAGE TURRET A21 1
DAMAGE COMBAT A21 2
DAMAGE COMBAT B14 5
END TURN 129
TURN 130
COMMAND LEFT START
COMMAND LEFT END
COMMAND RIGHT START
MOVE B16 205
MOVE B17 205
MOVE B18 205
MOVE B19 205
TRAIN 2
COMMAND RIGHT END
TURN 130 RESULT
TIME LEFT 0 5 RIGHT 0 5
TRAIN B21 B22
MOVE A29 96
MOVE A30 70
MOVE B13 214
MOVE B16 216
MOVE B17 216
MOVE B18 216
MOVE B19 216
DAMAGE TURRET A21 1
DAMAGE COMBAT A22 2
DAMAGE COMBAT B14 1
DAMAGE COMBAT B15 4
END TURN 130
TURN 131
COMMAND LEFT START
COMMAND LEFT END
COMMAND RIGHT START
TRAIN 1
COMMAND RIGHT END
TURN 131 RESULT
TIME LEFT 0 5 RIGHT 0 5
TRAIN B23
MOVE A29 112
MOVE A30 83
MOVE B16 205
MOVE B17 205
MOVE B18 205
MOVE B19 205
DAMAGE TURRET A22 1
DAMAGE COMBAT A22 1
DAMAGE COMBAT A23 4
DAMAGE COMBAT B15 2
DAMAGE COMBAT B16 2
END TURN 131
TURN 132
COMMAND LEFT START
MOVE A24 112
MOVE A25 112
UPGRADE 127
COMMAND LEFT END
COMMAND RIGHT START
COMMAND RIGHT END
TURN 132 RESULT
TIME LEFT 0 5 RIGHT 0 5
UPGRADE A 127
MOVE A30 96
DAMAGE TURRET A24 1
DAMAGE COMBAT A24 3
DAMAGE COMBAT A25 1
DAMAGE COMBAT B16 2
END TURN 132
TURN 133
COMMAND LEFT START
TRAIN 1
COMMAND LEFT END
COMMAND RIGHT START
COMMAND RIGHT END
TURN 133 RESULT
TIME LEFT 0 5 RIGHT 0 5
TRAIN A31
MOVE A30 112
DAMAGE TURRET A25 1
DAMAGE COMBAT A25 2
DAMAGE COMBAT B16 1
END TURN 133
TURN 134
COMMAND LEFT START
MOVE A31 112
COMMAND LEFT END
COMMAND RIGHT START
COMMAND RIGHT END
TURN 134 RESULT
TIME LEFT 0 5 RIGHT 0 5
MOVE A31 4
END TURN 134
TURN 135
COMMAND LEFT START
TRAIN 1
COMMAND LEFT END
COMMAND RIGHT START
MOVE B19 141
COMMAND RIGHT END
TURN 135 RESULT
TIME LEFT 0 5 RIGHT 0 5
TRAIN A32
MOVE A31 17
MOVE B19 183
END TURN 135
TURN 136
COMMAND LEFT START
MOVE A32 112
TRAIN 1
COMMAND LEFT END
COMMAND RIGHT START
UPGRADE 205
COMMAND RIGHT END
TURN 136 RESULT
TIME LEFT 0 5 RIGHT 0 5
UPGRADE B 205
TRAIN A33
MOVE A31 39
MOVE A32 4
MOVE B19 185
END TURN 136
TURN 137
COMMAND LEFT START
MOVE A33 112
TRAIN 1
COMMAND LEFT END
COMMAND RIGHT START
COMMAND RIGHT END
TURN 137 RESULT
TIME LEFT 0 5 RIGHT 0 5
TRAIN A34
MOVE A31 62
MOVE A32 17
MOVE A33 4
MOVE B19 162
END TURN 137
TURN 138
COMMAND LEFT START
MOVE A34 112
COMMAND LEFT END
COMMAND RIGHT START
COMMAND RIGHT END
TURN 138 RESULT
TIME LEFT 0 5 RIGHT 0 5
MOVE A31 70
MOVE A32 39
MOVE A33 17
MOVE A34 4
MOVE B19 154
END TURN 138
TURN 139
COMMAND LEFT START
TRAIN 1
COMMAND LEFT END
COMMAND RIGHT START
COMMAND RIGHT END
TURN 139 RESULT
TIME LEFT 0 5 RIGHT 0 5
TRAIN A35
MOVE A31 83
MOVE A32 62
MOVE A33 39
MOVE A34 17
MOVE B19 141
DAMAGE TURRET B19 1
DAMAGE COMBAT A14 1
DAMAGE COMBAT B19 1
END TURN 139
TURN 140
COMMAND LEFT START
MOVE A27 141
MOVE A28 141
MOVE A29 141
MOVE A30 141
MOVE A35 141
TRAIN 1
COMMAND LEFT END
COMMAND RIGHT START
MOVE B23 205
TRAIN 1
COMMAND RIGHT END
TURN 140 RESULT
TIME LEFT 0 5 RIGHT 0 5
TRAIN A36 B24
MOVE A27 128
MOVE A28 128
MOVE A29 128
MOVE A30 128
MOVE A31 96
MOVE A32 70
MOVE A33 62
MOVE A34 39
MOVE A35 4
MOVE B23 216
DAMAGE TURRET B19 1
DAMAGE COMBAT A14 1
DAMAGE COMBAT B19 1
END TURN 140
TURN 141
COMMAND LEFT START
MOVE A36 141
COMMAND LEFT END
COMMAND RIGHT START
MOVE B24 205
TRAIN 1
COMMAND RIGHT END
TURN 141 RESULT
TIME LEFT 0 5 RIGHT 0 5
TRAIN B25
MOVE A27 141
MOVE A28 141
MOVE A29 141
MOVE A30 141
MOVE A31 112
MOVE A32 83
MOVE A33 70
MOVE A34 62
MOVE A35 17
MOVE A36 4
MOVE B23 205
MOVE B24 216
DAMAGE TURRET B19 1
DAMAGE COMBAT A14 1
DAMAGE COMBAT B19 1
END TURN 141
TURN 142
COMMAND LEFT START
MOVE A27 112
MOVE A28 112
MOVE A29 112
MOVE A30 112
TRAIN 1
COMMAND LEFT END
COMMAND RIGHT START
MOVE B25 205
TRAIN 2
COMMAND RIGHT END
TURN 142 RESULT
TIME LEFT 0 5 RIGHT 0 5
TRAIN A37 B26 B27
MOVE A27 128
MOVE A28 128
MOVE A29 128
MOVE A30 128
MOVE A32 96
MOVE A33 83
MOVE A34 70
MOVE A35 39
MOVE A36 17
MOVE B24 205
MOVE B25 216
END TURN 142
TURN 143
COMMAND LEFT START
MOVE A37 112
TRAIN 1
COMMAND LEFT END
COMMAND RIGHT START
MOVE B24 141
MOVE B27 205
MOVE B26 205
COMMAND RIGHT END
TURN 143 RESULT
TIME LEFT 0 5 RIGHT 0 5
TRAIN A38
MOVE A27 112
MOVE A28 112
MOVE A29 112
MOVE A30 112
MOVE A32 112
MOVE A33 96
MOVE A34 83
MOVE A35 62
MOVE A36 39
MOVE A37 4
MOVE B24 183
MOVE B25 205
MOVE B26 216
MOVE B27 216
END TURN 143
TURN 144
COMMAND LEFT START
MOVE A38 112
MOVE A27 205
MOVE A28 205
MOVE A29 205
MOVE A30 205
MOVE A31 205
COMMAND LEFT END
COMMAND RIGHT START
TRAIN 2
COMMAND RIGHT END
TURN 144 RESULT
TIME LEFT 0 5 RIGHT 0 5
TRAIN B28 B29
MOVE A27 123
MOVE A28 123
MOVE A29 123
MOVE A30 123
MOVE A31 123
MOVE A33 112
MOVE A34 96
MOVE A35 70
MOVE A36 62
MOVE A37 17
MOVE A38 4
MOVE B24 185
MOVE B26 205
MOVE B27 205
END TURN 144
TURN 145
COMMAND LEFT START
TRAIN 1
COMMAND LEFT END
COMMAND RIGHT START
MOVE B29 205
MOVE B28 205
TRAIN 1
COMMAND RIGHT END
TURN 145 RESULT
TIME LEFT 0 5 RIGHT 0 5
TRAIN A39 B30
MOVE A27 137
MOVE A28 137
MOVE A29 137
MOVE A30 137
MOVE A31 137
MOVE A34 112
MOVE A35 83
MOVE A36 70
MOVE A37 39
MOVE A38 17
MOVE B24 162
MOVE B28 216
MOVE B29 216
END TURN 145
TURN 146
COMMAND LEFT START
MOVE A39 112
COMMAND LEFT END
COMMAND RIGHT START
MOVE B30 205
MOVE B27 159
COMMAND RIGHT END
TURN 146 RESULT
TIME LEFT 0 5 RIGHT 0 5
MOVE A27 152
MOVE A28 152
MOVE A29 152
MOVE A30 152
MOVE A31 152
MOVE A35 96
MOVE A36 83
MOVE A37 62
MOVE A38 39
MOVE A39 4
MOVE B24 154
MOVE B27 197
MOVE B28 205
MOVE B29 205
MOVE B30 216
END TURN 146
TURN 147
COMMAND LEFT START
TRAIN 1
COMMAND LEFT END
COMMAND RIGHT START
TRAIN 2
COMMAND RIGHT END
TURN 147 RESULT
TIME LEFT 0 5 RIGHT 0 5
TRAIN A40 B31 B32
MOVE A27 167
MOVE A28 167
MOVE A29 167
MOVE A30 167
MOVE A31 167
MOVE A35 112
MOVE A36 96
MOVE A37 70
MOVE A38 62
MOVE A39 17
MOVE B24 141
MOVE B27 191
MOVE B30 205
DAMAGE TURRET B24 1
DAMAGE COMBAT A14 1
DAMAGE COMBAT B24 1
END TURN 147
TURN 148
COMMAND LEFT START
MOVE A32 141
MOVE A33 141
MOVE A34 141
MOVE A40 141
COMMAND LEFT END
COMMAND RIGHT START
MOVE B24 205
MOVE B32 205
MOVE B31 205
TRAIN 2
COMMAND RIGHT END
TURN 148 RESULT
TIME LEFT 0 5 RIGHT 0 5
TRAIN B33 B34
MOVE A27 183
MOVE A28 183
MOVE A29 183
MOVE A30 183
MOVE A31 183
MOVE A32 128
MOVE A33 128
MOVE A34 128
MOVE A35 128
MOVE A36 112
MOVE A37 83
MOVE A38 70
MOVE A39 39
MOVE A40 4
MOVE B24 154
MOVE B27 175
MOVE B31 216
MOVE B32 216
END TURN 148
TURN 149
COMMAND LEFT START
TRAIN 1
COMMAND LEFT END
COMMAND RIGHT START
MOVE B34 205
MOVE B33 205
TRAIN 1
COMMAND RIGHT END
TURN 149 RESULT
TIME LEFT 0 5 RIGHT 0 5
TRAIN A41 B35
MOVE A27 205
MOVE A28 205
MOVE A29 205
MOVE A30 205
MOVE A31 205
MOVE A32 141
MOVE A33 141
MOVE A34 141
MOVE A35 141
MOVE A36 128
MOVE A37 96
MOVE A38 83
MOVE A39 62
MOVE A40 17
MOVE B24 162
MOVE B27 158
MOVE B31 205
MOVE B32 205
MOVE B33 216
MOVE B34 216
DAMAGE TURRET A27 2
DAMAGE COMBAT A27 2
DAMAGE COMBAT A28 4
DAMAGE COMBAT A29 4
DAMAGE COMBAT A30 1
DAMAGE COMBAT B16 1
DAMAGE COMBAT B17 4
END TURN 149
TURN 150
COMMAND LEFT START
MOVE A41 141
MOVE A30 112
MOVE A31 112
MOVE A32 112
MOVE A33 112
MOVE A34 112
MOVE A35 112
TRAIN 1
COMMAND LEFT END
COMMAND RIGHT START
MOVE B35 219
TRAIN 1
COMMAND RIGHT END
TURN 150 RESULT
TIME LEFT 0 5 RIGHT 0 5
TRAIN A42 B36
MOVE A32 128
MOVE A33 128
MOVE A34 128
MOVE A35 128
MOVE A36 141
MOVE A37 112
MOVE A38 96
MOVE A39 70
MOVE A40 39
MOVE A41 4
MOVE B24 185
MOVE B27 159
MOVE B33 205
MOVE B34 205
MOVE B35 222
DAMAGE TURRET A30 2
DAMAGE COMBAT A30 1
DAMAGE COMBAT A31 4
DAMAGE COMBAT B17 2
END TURN 150
TURN 151
COMMAND LEFT START
MOVE A42 112
MOVE A36 112
COMMAND LEFT END
COMMAND RIGHT START
MOVE B36 205
UPGRADE 159
COMMAND RIGHT END
TURN 151 RESULT
TIME LEFT 0 5 RIGHT 0 5
UPGRADE B 159
MOVE A32 112
MOVE A33 112
MOVE A34 112
MOVE A35 112
MOVE A36 128
MOVE A38 112
MOVE A39 83
MOVE A40 62
MOVE A41 17
MOVE A42 4
MOVE B24 183
MOVE B35 219
MOVE B36 216
END TURN 151
TURN 152
COMMAND LEFT START
MOVE A32 219
MOVE A33 219
MOVE A34 219
MOVE A35 219
MOVE A37 219
TRAIN 1
COMMAND LEFT END
COMMAND RIGHT START
MOVE B35 205
COMMAND RIGHT END
TURN 152 RESULT
TIME LEFT 0 5 RIGHT 0 5
TRAIN A43
MOVE A32 128
MOVE A33 128
MOVE A34 128
MOVE A35 128
MOVE A36 112
MOVE A37 128
MOVE A39 96
MOVE A40 70
MOVE A41 39
MOVE A42 17
MOVE B24 205
MOVE B35 218
MOVE B36 205
END TURN 152
TURN 153
COMMAND LEFT START
MOVE A43 112
COMMAND LEFT END
COMMAND RIGHT START
COMMAND RIGHT END
TURN 153 RESULT
TIME LEFT 0 5 RIGHT 0 5
MOVE A32 141
MOVE A33 141
MOVE A34 141
MOVE A35 141
MOVE A37 141
MOVE A39 112
MOVE A40 83
MOVE A41 62
MOVE A42 39
MOVE A43 4
MOVE B35 220
END TURN 153
TURN 154
COMMAND LEFT START
TRAIN 1
COMMAND LEFT END
COMMAND RIGHT START
MOVE B36 141
COMMAND RIGHT END
TURN 154 RESULT
TIME LEFT 0 5 RIGHT 0 5
TRAIN A44
MOVE A32 151
MOVE A33 151
MOVE A34 151
MOVE A35 151
MOVE A37 151
MOVE A40 96
MOVE A41 70
MOVE A42 62
MOVE A43 17
MOVE B35 216
MOVE B36 183
END TURN 154
TURN 155
COMMAND LEFT START
MOVE A44 112
COMMAND LEFT END
COMMAND RIGHT START
UPGRADE 159
COMMAND RIGHT END
TURN 155 RESULT
TIME LEFT 0 5 RIGHT 0 5
UPGRADE B 159
MOVE A32 171
MOVE A33 171
MOVE A34 171
MOVE A35 171
MOVE A37 171
MOVE A40 112
MOVE A41 83
MOVE A42 70
MOVE A43 39
MOVE A44 4
MOVE B35 205
MOVE B36 185
END TURN 155
TURN 156
COMMAND LEFT START
TRAIN 1
COMMAND LEFT END
COMMAND RIGHT START
MOVE B18 159
COMMAND RIGHT END
TURN 156 RESULT
TIME LEFT 0 5 RIGHT 0 5
TRAIN A45
MOVE A32 181
MOVE A33 181
MOVE A34 181
MOVE A35 181
MOVE A37 181
MOVE A40 128
MOVE A41 96
MOVE A42 83
MOVE A43 62
MOVE A44 17
MOVE B18 197
MOVE B36 162
END TURN 156
TURN 157
COMMAND LEFT START
MOVE A45 112
COMMAND LEFT END
COMMAND RIGHT START
COMMAND RIGHT END
TURN 157 RESULT
TIME LEFT 0 5 RIGHT 0 5
MOVE A32 194
MOVE A33 194
MOVE A34 194
MOVE A35 194
MOVE A37 194
MOVE A40 141
MOVE A41 112
MOVE A42 96
MOVE A43 70
MOVE A44 39
MOVE A45 4
MOVE B18 191
MOVE B36 154
END TURN 157
TURN 158
COMMAND LEFT START
MOVE A40 112
TRAIN 1
COMMAND LEFT END
COMMAND RIGHT START
UPGRADE 159
COMMAND RIGHT END
TURN 158 RESULT
TIME LEFT 0 5 RIGHT 0 5
UPGRADE B 159
TRAIN A46
MOVE A32 211
MOVE A33 211
MOVE A34 211
MOVE A35 211
MOVE A37 211
MOVE A40 128
MOVE A41 128
MOVE A42 112
MOVE A43 83
MOVE A44 62
MOVE A45 17
MOVE B18 175
MOVE B36 141
DAMAGE TURRET B36 1
SIEGE A 141 1
END TURN 158
TURN 159
COMMAND LEFT START
MOVE A36 141
MOVE A38 141
MOVE A39 141
MOVE A42 141
MOVE A46 141
TRAIN 1
COMMAND LEFT END
COMMAND RIGHT START
MOVE B23 224
TRAIN 1
COMMAND RIGHT END
TURN 159 RESULT
TIME LEFT 0 5 RIGHT 0 5
TRAIN A47 B37
MOVE A32 219
MOVE A33 219
MOVE A34 219
MOVE A35 219
MOVE A36 128
MOVE A37 219
MOVE A38 128
MOVE A39 128
MOVE A40 112
MOVE A41 141
MOVE A42 128
MOVE A43 96
MOVE A44 70
MOVE A45 39
MOVE A46 4
MOVE B18 158
MOVE B23 216
DAMAGE TURRET A32 2
DAMAGE TURRET B36 1
DAMAGE COMBAT A32 2
DAMAGE COMBAT A33 1
DAMAGE COMBAT A41 1
DAMAGE COMBAT B1 4
DAMAGE COMBAT B4 1
DAMAGE COMBAT B36 1
END TURN 159
TURN 160
COMMAND LEFT START
MOVE A40 141
MOVE A47 141
COMMAND LEFT END
COMMAND RIGHT START
MOVE B24 159
MOVE B35 112
MOVE B34 112
MOVE B33 112
MOVE B32 112
MOVE B31 112
MOVE B30 112
MOVE B29 112
MOVE B28 112
TRAIN 1
COMMAND RIGHT END
TURN 160 RESULT
TIME LEFT 0 5 RIGHT 0 5
TRAIN B38
MOVE A36 141
MOVE A38 141
MOVE A39 141
MOVE A40 128
MOVE A42 141
MOVE A43 112
MOVE A44 83
MOVE A45 62
MOVE A46 17
MOVE A47 4
MOVE B18 159
MOVE B23 224
MOVE B24 197
MOVE B28 183
MOVE B29 183
MOVE B30 183
MOVE B31 183
MOVE B32 183
MOVE B33 183
MOVE B34 183
MOVE B35 183
DAMAGE TURRET A33 2
DAMAGE TURRET B36 1
DAMAGE COMBAT A33 1
DAMAGE COMBAT A34 1
DAMAGE COMBAT A41 1
DAMAGE COMBAT B4 3
DAMAGE COMBAT B11 1
DAMAGE COMBAT B36 2
END TURN 160
TURN 161
COMMAND LEFT START
MOVE A36 112
MOVE A38 112
MOVE A39 112
MOVE A42 112
TRAIN 1
COMMAND LEFT END
COMMAND RIGHT START
MOVE B20 205
MOVE B38 205
MOVE B37 205
TRAIN 1
COMMAND RIGHT END
TURN 161 RESULT
TIME LEFT 0 5 RIGHT 0 5
TRAIN A48 B39
MOVE A36 128
MOVE A38 128
MOVE A39 128
MOVE A40 141
MOVE A42 128
MOVE A44 96
MOVE A45 70
MOVE A46 39
MOVE A47 17
MOVE B20 216
MOVE B24 191
MOVE B28 167
MOVE B29 167
MOVE B30 167
MOVE B31 167
MOVE B32 167
MOVE B33 167
MOVE B34 167
MOVE B35 167
MOVE B37 216
MOVE B38 216
DAMAGE TURRET A34 2
DAMAGE COMBAT A34 1
DAMAGE COMBAT B11 3
END TURN 161
TURN 162
COMMAND LEFT START
MOVE A48 112
MOVE A40 112
COMMAND LEFT END
COMMAND RIGHT START
MOVE B39 205
TRAIN 1
COMMAND RIGHT END
TURN 162 RESULT
TIME LEFT 0 5 RIGHT 0 5
TRAIN B40
MOVE A36 112
MOVE A38 112
MOVE A39 112
MOVE A40 128
MOVE A42 112
MOVE A44 112
MOVE A45 83
MOVE A46 62
MOVE A47 39
MOVE A48 4
MOVE B20 205
MOVE B24 175
MOVE B28 152
MOVE B29 152
MOVE B30 152
MOVE B31 152
MOVE B32 152
MOVE B33 152
MOVE B34 152
MOVE B35 152
MOVE B37 205
MOVE B38 205
MOVE B39 216
DAMAGE TURRET A35 2
DAMAGE COMBAT A35 1
DAMAGE COMBAT B11 2
END TURN 162
TURN 163
COMMAND LEFT START
MOVE A36 219
MOVE A38 219
MOVE A39 219
MOVE A42 219
MOVE A43 219
TRAIN 1
COMMAND LEFT END
COMMAND RIGHT START
MOVE B40 205
TRAIN 1
COMMAND RIGHT END
TURN 163 RESULT
TIME LEFT 0 5 RIGHT 0 5
TRAIN A49 B41
MOVE A36 128
MOVE A38 128
MOVE A39 128
MOVE A40 112
MOVE A42 128
MOVE A43 128
MOVE A45 96
MOVE A46 70
MOVE A47 62
MOVE A48 17
MOVE B24 158
MOVE B28 137
MOVE B29 137
MOVE B30 137
MOVE B31 137
MOVE B32 137
MOVE B33 137
MOVE B34 137
MOVE B35 137
MOVE B39 205
MOVE B40 216
DAMAGE TURRET A35 1
DAMAGE TURRET A37 1
SIEGE B 219 2
END TURN 163
TURN 164
COMMAND LEFT START
MOVE A49 112
COMMAND LEFT END
COMMAND RIGHT START
MOVE B41 205
TRAIN 1
COMMAND RIGHT END
TURN 164 RESULT
TIME LEFT 0 5 RIGHT 0 5
TRAIN B42
MOVE A36 141
MOVE A38 141
MOVE A39 141
MOVE A42 141
MOVE A43 141
MOVE A45 112
MOVE A46 83
MOVE A47 70
MOVE A48 39
MOVE A49 4
MOVE B24 159
MOVE B28 123
MOVE B29 123
MOVE B30 123
MOVE B31 123
MOVE B32 123
MOVE B33 123
MOVE B34 123
MOVE B35 123
MOVE B40 205
MOVE B41 216
DAMAGE TURRET A37 2
SIEGE B 219 1
END TURN 164
TURN 165
COMMAND LEFT START
TRAIN 1
COMMAND LEFT END
COMMAND RIGHT START
MOVE B42 205
TRAIN 1
COMMAND RIGHT END
TURN 165 RESULT
TIME LEFT 0 5 RIGHT 0 5
TRAIN A50 B43
MOVE A36 151
MOVE A38 151
MOVE A39 151
MOVE A42 151
MOVE A43 151
MOVE A46 96
MOVE A47 83
MOVE A48 62
MOVE A49 17
MOVE B28 112
MOVE B29 112
MOVE B30 112
MOVE B31 112
MOVE B32 112
MOVE B33 112
MOVE B34 112
MOVE B35 112
MOVE B41 205
MOVE B42 216
DAMAGE TURRET A37 1
DAMAGE TURRET B28 1
DAMAGE COMBAT A10 4
DAMAGE COMBAT A40 4
DAMAGE COMBAT B28 4
SIEGE B 219 1
END TURN 165
TURN 166
COMMAND LEFT START
MOVE A50 112
TRAIN 1
COMMAND LEFT END
COMMAND RIGHT START
MOVE B21 219
MOVE B20 219
MOVE B25 219
MOVE B41 141
MOVE B40 141
MOVE B39 141
MOVE B38 141
COMMAND RIGHT END
TURN 166 RESULT
TIME LEFT 0 5 RIGHT 0 5
TRAIN A51
MOVE A36 171
MOVE A38 171
MOVE A39 171
MOVE A42 171
MOVE A43 171
MOVE A46 112
MOVE A47 96
MOVE A48 70
MOVE A49 39
MOVE A50 4
MOVE B20 216
MOVE B21 222
MOVE B25 216
MOVE B38 183
MOVE B39 183
MOVE B40 183
MOVE B41 183
MOVE B42 205
DAMAGE TURRET B28 1
DAMAGE COMBAT A44 4
DAMAGE COMBAT A45 4
DAMAGE COMBAT B29 3
END TURN 166
TURN 167
COMMAND LEFT START
MOVE A51 112
COMMAND LEFT END
COMMAND RIGHT START
MOVE B22 219
TRAIN 1
COMMAND RIGHT END
TURN 167 RESULT
TIME LEFT 0 5 RIGHT 0 5
TRAIN B44
MOVE A36 181
MOVE A38 181
MOVE A39 181
MOVE A42 181
MOVE A43 181
MOVE A47 112
MOVE A48 83
MOVE A49 62
MOVE A50 17
MOVE A51 4
MOVE B20 220
MOVE B21 219
MOVE B22 222
MOVE B25 220
MOVE B38 185
MOVE B39 185
MOVE B40 185
MOVE B41 185
DAMAGE TURRET B29 1
DAMAGE COMBAT A46 4
DAMAGE COMBAT A47 3
DAMAGE COMBAT B29 2
END TURN 167
TURN 168
COMMAND LEFT START
TRAIN 1
COMMAND LEFT END
COMMAND RIGHT START
COMMAND RIGHT END
TURN 168 RESULT
TIME LEFT 0 5 RIGHT 0 5
TRAIN A52
MOVE A36 194
MOVE A38 194
MOVE A39 194
MOVE A42 194
MOVE A43 194
MOVE A48 96
MOVE A49 70
MOVE A50 39
MOVE A51 17
MOVE B20 218
MOVE B22 219
MOVE B25 218
MOVE B38 162
MOVE B39 162
MOVE B40 162
MOVE B41 162
DAMAGE TURRET B30 1
DAMAGE COMBAT A47 1
DAMAGE COMBAT B30 1
SIEGE A 112 5
END TURN 168
TURN 169
COMMAND LEFT START
MOVE A52 112
TRAIN 1
COMMAND LEFT END
COMMAND RIGHT START
COMMAND RIGHT END
TURN 169 RESULT
TIME LEFT 0 5 RIGHT 0 5
TRAIN A53
MOVE A36 211
MOVE A38 211
MOVE A39 211
MOVE A42 211
MOVE A43 211
MOVE A48 112
MOVE A49 83
MOVE A50 62
MOVE A51 39
MOVE A52 4
MOVE B20 219
MOVE B25 219
MOVE B38 154
MOVE B39 154
MOVE B40 154
MOVE B41 154
DAMAGE TURRET B30 1
DAMAGE COMBAT A48 4
DAMAGE COMBAT B30 1
SIEGE A 112 1
END TURN 169
TURN 170
COMMAND LEFT START
MOVE A53 83
COMMAND LEFT END
COMMAND RIGHT START
TRAIN 2
COMMAND RIGHT END
TURN 170 RESULT
TIME LEFT 0 5 RIGHT 0 5
TRAIN B45 B46
MOVE A36 219
MOVE A38 219
MOVE A39 219
MOVE A42 219
MOVE A43 219
MOVE A49 96
MOVE A50 70
MOVE A51 62
MOVE A52 17
MOVE A53 4
MOVE B38 141
MOVE B39 141
MOVE B40 141
MOVE B41 141
DAMAGE TURRET A36 2
DAMAGE TURRET B38 1
DAMAGE COMBAT A36 2
DAMAGE COMBAT A38 2
DAMAGE COMBAT A41 2
DAMAGE COMBAT B20 5
DAMAGE COMBAT B38 1
SIEGE A 141 2
END TURN 170
TURN 171
COMMAND LEFT START
TRAIN 1
COMMAND LEFT END
COMMAND RIGHT START
MOVE B30 205
MOVE B31 205
MOVE B32 205
MOVE B33 205
MOVE B34 205
MOVE B46 205
MOVE B45 205
UPGRADE 112
COMMAND RIGHT END
TURN 171 RESULT
TIME LEFT 0 5 RIGHT 0 5
UPGRADE B 112
TRAIN A54
MOVE A49 112
MOVE A50 83
MOVE A51 70
MOVE A52 39
MOVE A53 17
MOVE B30 123
MOVE B31 123
MOVE B32 123
MOVE B33 123
MOVE B34 123
MOVE B45 216
MOVE B46 216
DAMAGE TURRET A38 2
DAMAGE TURRET A49 1
DAMAGE TURRET B38 1
DAMAGE COMBAT A39 4
DAMAGE COMBAT A49 1
DAMAGE COMBAT B20 1
DAMAGE COMBAT B21 3
DAMAGE COMBAT B35 1
SIEGE A 141 3
END TURN 171
TURN 172
COMMAND LEFT START
MOVE A54 83
MOVE A42 83
MOVE A43 83
COMMAND LEFT END
COMMAND RIGHT START
MOVE B38 205
MOVE B39 205
MOVE B40 205
COMMAND RIGHT END
TURN 172 RESULT
TIME LEFT 0 5 RIGHT 0 5
MOVE A50 96
MOVE A51 83
MOVE A52 62
MOVE A53 39
MOVE A54 4
MOVE B30 137
MOVE B31 137
MOVE B32 137
MOVE B33 137
MOVE B34 137
MOVE B38 154
MOVE B39 154
MOVE B40 154
MOVE B45 205
MOVE B46 205
DAMAGE TURRET A42 2
DAMAGE TURRET A49 1
DAMAGE COMBAT A42 2
DAMAGE COMBAT A43 1
DAMAGE COMBAT A49 1
DAMAGE COMBAT B21 2
DAMAGE COMBAT B35 1
END TURN 172
TURN 173
COMMAND LEFT START
TRAIN 1
COMMAND LEFT END
COMMAND RIGHT START
MOVE B46 112
MOVE B45 112
COMMAND RIGHT END
TURN 173 RESULT
TIME LEFT 0 5 RIGHT 0 5
TRAIN A55
MOVE A50 112
MOVE A51 96
MOVE A52 70
MOVE A53 62
MOVE A54 17
MOVE B30 152
MOVE B31 152
MOVE B32 152
MOVE B33 152
MOVE B34 152
MOVE B38 162
MOVE B39 162
MOVE B40 162
MOVE B45 183
MOVE B46 183
DAMAGE TURRET A43 2
DAMAGE TURRET A50 1
DAMAGE COMBAT A43 1
DAMAGE COMBAT A50 1
DAMAGE COMBAT B21 1
DAMAGE COMBAT B35 1
END TURN 173
TURN 174
COMMAND LEFT START
MOVE A55 83
TRAIN 1
COMMAND LEFT END
COMMAND RIGHT START
MOVE B41 219
TRAIN 1
COMMAND RIGHT END
TURN 174 RESULT
TIME LEFT 0 5 RIGHT 0 5
TRAIN A56 B47
MOVE A51 112
MOVE A52 83
MOVE A53 70
MOVE A54 39
MOVE A55 4
MOVE B30 167
MOVE B31 167
MOVE B32 167
MOVE B33 167
MOVE B34 167
MOVE B38 185
MOVE B39 185
MOVE B40 185
MOVE B41 151
MOVE B45 167
MOVE B46 167
DAMAGE TURRET A50 1
DAMAGE COMBAT A50 1
DAMAGE COMBAT B35 2
END TURN 174
TURN 175
COMMAND LEFT START
MOVE A56 83
COMMAND LEFT END
COMMAND RIGHT START
MOVE B47 205
COMMAND RIGHT END
TURN 175 RESULT
TIME LEFT 0 5 RIGHT 0 5
MOVE A52 96
MOVE A53 83
MOVE A54 62
MOVE A55 17
MOVE A56 4
MOVE B30 183
MOVE B31 183
MOVE B32 183
MOVE B33 183
MOVE B34 183
MOVE B38 183
MOVE B39 183
MOVE B40 183
MOVE B41 171
MOVE B45 152
MOVE B46 152
MOVE B47 216
DAMAGE TURRET A51 1
DAMAGE COMBAT A51 1
DAMAGE COMBAT B35 1
END TURN 175
TURN 176
COMMAND LEFT START
TRAIN 1
COMMAND LEFT END
COMMAND RIGHT START
TRAIN 2
COMMAND RIGHT END
TURN 176 RESULT
TIME LEFT 0 5 RIGHT 0 5
TRAIN A57 B48 B49
MOVE A52 112
MOVE A54 70
MOVE A55 39
MOVE A56 17
MOVE B30 205
MOVE B31 205
MOVE B32 205
MOVE B33 205
MOVE B34 205
MOVE B38 205
MOVE B39 205
MOVE B40 205
MOVE B41 181
MOVE B45 137
MOVE B46 137
MOVE B47 205
DAMAGE TURRET A51 1
SIEGE B 112 2
END TURN 176
TURN 177
COMMAND LEFT START
MOVE A57 83
COMMAND LEFT END
COMMAND RIGHT START
MOVE B47 141
MOVE B42 127
MOVE B40 127
MOVE B39 127
MOVE B38 127
MOVE B37 127
MOVE B34 127
MOVE B33 127
MOVE B32 127
MOVE B31 127
COMMAND RIGHT END
TURN 177 RESULT
TIME LEFT 0 5 RIGHT 0 5
MOVE A54 83
MOVE A55 62
MOVE A56 39
MOVE A57 4
MOVE B31 183
MOVE B32 183
MOVE B33 183
MOVE B34 183
MOVE B37 183
MOVE B38 183
MOVE B39 183
MOVE B40 183
MOVE B41 194
MOVE B42 183
MOVE B45 123
MOVE B46 123
MOVE B47 183
DAMAGE TURRET A51 1
SIEGE B 112 2
END TURN 177
TURN 178
COMMAND LEFT START
TRAIN 1
COMMAND LEFT END
COMMAND RIGHT START
MOVE B26 112
MOVE B23 112
MOVE B43 112
TRAIN 2
COMMAND RIGHT END
TURN 178 RESULT
TIME LEFT 0 5 RIGHT 0 5
TRAIN A58 B50 B51
MOVE A55 70
MOVE A56 62
MOVE A57 17
MOVE B23 220
MOVE B26 183
MOVE B31 167
MOVE B32 167
MOVE B33 167
MOVE B34 167
MOVE B37 167
MOVE B38 167
MOVE B39 167
MOVE B40 167
MOVE B41 211
MOVE B42 167
MOVE B43 220
MOVE B45 112
MOVE B46 112
MOVE B47 185
DAMAGE TURRET A52 1
DAMAGE COMBAT A52 2
DAMAGE COMBAT B45 1
END TURN 178
TURN 179
COMMAND LEFT START
MOVE A58 83
MOVE A52 83
COMMAND LEFT END
COMMAND RIGHT START
MOVE B44 112
MOVE B48 112
MOVE B22 112
TRAIN 2
COMMAND RIGHT END
TURN 179 RESULT
TIME LEFT 0 5 RIGHT 0 5
TRAIN B52 B53
MOVE A55 83
MOVE A56 70
MOVE A57 39
MOVE A58 4
MOVE B22 211
MOVE B23 207
MOVE B26 167
MOVE B31 144
MOVE B32 144
MOVE B33 144
MOVE B34 144
MOVE B37 144
MOVE B38 144
MOVE B39 144
MOVE B40 144
MOVE B41 219
MOVE B42 144
MOVE B43 207
MOVE B44 220
MOVE B47 162
MOVE B48 220
DAMAGE TURRET A52 1
DAMAGE COMBAT B45 1
END TURN 179
TURN 180
COMMAND LEFT START
TRAIN 1
COMMAND LEFT END
COMMAND RIGHT START
MOVE B49 205
MOVE B50 205
MOVE B45 219
COMMAND RIGHT END
TURN 180 RESULT
TIME LEFT 0 5 RIGHT 0 5
TRAIN A59
MOVE A56 83
MOVE A57 62
MOVE A58 17
MOVE B22 194
MOVE B23 185
MOVE B26 152
MOVE B31 127
MOVE B32 127
MOVE B33 127
MOVE B34 127
MOVE B37 127
MOVE B38 127
MOVE B39 127
MOVE B40 127
MOVE B42 127
MOVE B43 185
MOVE B44 207
MOVE B45 128
MOVE B47 154
MOVE B48 207
MOVE B49 216
MOVE B50 216
DAMAGE TURRET B38 1
DAMAGE COMBAT A26 4
DAMAGE COMBAT B38 1
SIEGE A 127 5
END TURN 180
TURN 181
COMMAND LEFT START
MOVE A53 127
MOVE A54 127
MOVE A55 127
MOVE A56 127
MOVE A59 127
COMMAND LEFT END
COMMAND RIGHT START
UPGRADE 112
COMMAND RIGHT END
TURN 181 RESULT
TIME LEFT 0 5 RIGHT 0 5
UPGRADE B 112
MOVE A53 96
MOVE A54 96
MOVE A55 96
MOVE A56 96
MOVE A57 70
MOVE A58 39
MOVE A59 4
MOVE B22 181
MOVE B23 162
MOVE B26 137
MOVE B43 162
MOVE B44 185
MOVE B45 141
MOVE B47 141
MOVE B48 185
MOVE B49 205
MOVE B50 205
DAMAGE TURRET B38 1
SIEGE A 127 1
END TURN 181
TURN 182
COMMAND LEFT START
TRAIN 1
COMMAND LEFT END
COMMAND RIGHT START
MOVE B31 112
MOVE B32 112
MOVE B33 112
MOVE B34 112
MOVE B37 112
MOVE B39 112
MOVE B40 112
MOVE B42 112
COMMAND RIGHT END
TURN 182 RESULT
TIME LEFT 0 5 RIGHT 0 5
TRAIN A60
MOVE A53 107
MOVE A54 107
MOVE A55 107
MOVE A56 107
MOVE A57 83
MOVE A58 62
MOVE A59 26
MOVE B22 171
MOVE B23 154
MOVE B26 123
MOVE B31 119
MOVE B32 119
MOVE B33 119
MOVE B34 119
MOVE B37 119
MOVE B39 119
MOVE B40 119
MOVE B42 119
MOVE B43 154
MOVE B44 162
MOVE B45 151
MOVE B48 162
END TURN 182
TURN 183
COMMAND LEFT START
MOVE A60 83
COMMAND LEFT END
COMMAND RIGHT START
COMMAND RIGHT END
TURN 183 RESULT
TIME LEFT 0 5 RIGHT 0 5
MOVE A53 119
MOVE A54 119
MOVE A55 119
MOVE A56 119
MOVE A58 70
MOVE A59 32
MOVE A60 4
MOVE B22 151
MOVE B23 141
MOVE B26 112
MOVE B31 123
MOVE B32 123
MOVE B33 123
MOVE B34 123
MOVE B37 123
MOVE B39 123
MOVE B40 123
MOVE B42 123
MOVE B43 141
MOVE B44 154
MOVE B45 171
MOVE B48 154
END TURN 183
TURN 184
COMMAND LEFT START
COMMAND LEFT END
COMMAND RIGHT START
UPGRADE 141
COMMAND RIGHT END
TURN 184 RESULT
TIME LEFT 0 5 RIGHT 0 5
UPGRADE B 141
MOVE A53 127
MOVE A54 127
MOVE A55 127
MOVE A56 127
MOVE A58 83
MOVE A59 53
MOVE A60 17
MOVE B22 141
MOVE B23 128
MOVE B31 112
MOVE B32 112
MOVE B33 112
MOVE B34 112
MOVE B37 112
MOVE B39 112
MOVE B40 112
MOVE B42 112
MOVE B43 128
MOVE B44 141
MOVE B45 181
MOVE B48 141
END TURN 184
TURN 185
COMMAND LEFT START
MOVE A53 112
MOVE A54 112
MOVE A55 112
MOVE A56 112
TRAIN 1
COMMAND LEFT END
COMMAND RIGHT START
MOVE B46 83
MOVE B42 83
MOVE B40 83
MOVE B39 83
MOVE B37 83
MOVE B34 83
MOVE B33 83
MOVE B32 83
MOVE B31 83
COMMAND RIGHT END
TURN 185 RESULT
TIME LEFT 0 5 RIGHT 0 5
TRAIN A61
MOVE A53 119
MOVE A54 119
MOVE A55 119
MOVE A56 119
MOVE A59 67
MOVE A60 39
MOVE B22 128
MOVE B23 112
MOVE B31 96
MOVE B32 96
MOVE B33 96
MOVE B34 96
MOVE B37 96
MOVE B39 96
MOVE B40 96
MOVE B42 96
MOVE B43 112
MOVE B44 128
MOVE B45 194
MOVE B46 96
MOVE B48 128
END TURN 185
TURN 186
COMMAND LEFT START
MOVE A61 83
COMMAND LEFT END
COMMAND RIGHT START
COMMAND RIGHT END
TURN 186 RESULT
TIME LEFT 0 5 RIGHT 0 5
MOVE A53 123
MOVE A54 123
MOVE A55 123
MOVE A56 123
MOVE A59 81
MOVE A60 62
MOVE A61 4
MOVE B22 112
MOVE B31 83
MOVE B32 83
MOVE B33 83
MOVE B34 83
MOVE B37 83
MOVE B39 83
MOVE B40 83
MOVE B42 83
MOVE B44 112
MOVE B45 211
MOVE B46 83
MOVE B48 112
DAMAGE TURRET B31 1
DAMAGE COMBAT A11 4
DAMAGE COMBAT A57 4
DAMAGE COMBAT A58 1
DAMAGE COMBAT B31 3
END TURN 186
TURN 187
COMMAND LEFT START
COMMAND LEFT END
COMMAND RIGHT START
UPGRADE 141
COMMAND RIGHT END
TURN 187 RESULT
TIME LEFT 0 5 RIGHT 0 5
UPGRADE B 141
MOVE A53 112
MOVE A54 112
MOVE A55 112
MOVE A56 112
MOVE A59 102
MOVE A60 70
MOVE A61 17
MOVE B45 219
DAMAGE TURRET A53 1
DAMAGE TURRET B31 1
DAMAGE COMBAT A53 3
DAMAGE COMBAT A54 3
DAMAGE COMBAT A58 3
DAMAGE COMBAT B22 4
DAMAGE COMBAT B31 1
SIEGE A 83 6
END TURN 187
TURN 188
COMMAND LEFT START
MOVE A54 19
MOVE A55 19
MOVE A56 19
TRAIN 1
COMMAND LEFT END
COMMAND RIGHT START
TRAIN 1
COMMAND RIGHT END
TURN 188 RESULT
TIME LEFT 0 5 RIGHT 1 5
TRAIN A62 B54
MOVE A59 111
MOVE A60 83
MOVE A61 39
DAMAGE TURRET A54 1
DAMAGE COMBAT A55 4
DAMAGE COMBAT A56 2
DAMAGE COMBAT A60 4
DAMAGE COMBAT B22 2
DAMAGE COMBAT B23 1
DAMAGE COMBAT B32 1
END TURN 188
TURN 189
COMMAND LEFT START
MOVE A62 19
COMMAND LEFT END
COMMAND RIGHT START
MOVE B51 141
COMMAND RIGHT END
TURN 189 RESULT
TIME LEFT 0 5 RIGHT 0 5
MOVE A59 127
MOVE A61 62
MOVE A62 8
MOVE B51 220
DAMAGE TURRET A56 1
DAMAGE COMBAT A56 1
DAMAGE COMBAT B23 1
END TURN 189
TURN 190
COMMAND LEFT START
MOVE A59 112
COMMAND LEFT END
COMMAND RIGHT START
MOVE B32 112
MOVE B33 112
MOVE B34 112
MOVE B37 112
MOVE B39 112
MOVE B40 112
MOVE B42 112
UPGRADE 83
COMMAND RIGHT END
TURN 190 RESULT
TIME LEFT 0 5 RIGHT 0 5
UPGRADE B 83
MOVE A59 119
MOVE A61 70
MOVE A62 19
MOVE B32 96
MOVE B33 96
MOVE B34 96
MOVE B37 96
MOVE B39 96
MOVE B40 96
MOVE B42 96
MOVE B51 207
END TURN 190
TURN 191
COMMAND LEFT START
TRAIN 1
COMMAND LEFT END
COMMAND RIGHT START
COMMAND RIGHT END
TURN 191 RESULT
TIME LEFT 0 5 RIGHT 0 5
TRAIN A63
MOVE A59 123
MOVE A61 83
MOVE B32 112
MOVE B33 112
MOVE B34 112
MOVE B37 112
MOVE B39 112
MOVE B40 112
MOVE B42 112
MOVE B51 185
DAMAGE TURRET A61 1
DAMAGE COMBAT A61 1
DAMAGE COMBAT B46 1
END TURN 191
TURN 192
COMMAND LEFT START
MOVE A63 19
COMMAND LEFT END
COMMAND RIGHT START
COMMAND RIGHT END
TURN 192 RESULT
TIME LEFT 0 5 RIGHT 0 5
MOVE A59 112
MOVE A63 8
MOVE B51 162
DAMAGE TURRET A59 1
DAMAGE TURRET A61 1
DAMAGE COMBAT A59 3
DAMAGE COMBAT A61 1
DAMAGE COMBAT B23 1
DAMAGE COMBAT B46 1
END TURN 192
TURN 193
COMMAND LEFT START
TRAIN 1
COMMAND LEFT END
COMMAND RIGHT START
MOVE B48 148
COMMAND RIGHT END
TURN 193 RESULT
TIME LEFT 0 5 RIGHT 0 5
TRAIN A64
MOVE A63 19
MOVE B48 117
MOVE B51 154
END TURN 193
TURN 194
COMMAND LEFT START
MOVE A64 19
COMMAND LEFT END
COMMAND RIGHT START
COMMAND RIGHT END
TURN 194 RESULT
TIME LEFT 0 5 RIGHT 0 5
MOVE A64 8
MOVE B48 130
MOVE B51 141
END TURN 194
TURN 195
COMMAND LEFT START
COMMAND LEFT END
COMMAND RIGHT START
COMMAND RIGHT END
TURN 195 RESULT
TIME LEFT 0 5 RIGHT 0 5
MOVE A64 19
MOVE B48 143
END TURN 195
TURN 196
COMMAND LEFT START
TRAIN 1
COMMAND LEFT END
COMMAND RIGHT START
COMMAND RIGHT END
TURN 196 RESULT
TIME LEFT 0 5 RIGHT 0 5
TRAIN A65
MOVE B48 148
END TURN 196
TURN 197
COMMAND LEFT START
MOVE A65 19
COMMAND LEFT END
COMMAND RIGHT START
COMMAND RIGHT END
TURN 197 RESULT
TIME LEFT 0 5 RIGHT 0 5
MOVE A65 8
END TURN 197
TURN 198
COMMAND LEFT START
COMMAND LEFT END
COMMAND RIGHT START
COMMAND RIGHT END
TURN 198 RESULT
TIME LEFT 0 5 RIGHT 0 5
MOVE A65 19
END TURN 198
TURN 199
COMMAND LEFT START
TRAIN 1
COMMAND LEFT END
COMMAND RIGHT START
MOVE B23 224
UPGRADE 224
COMMAND RIGHT END
TURN 199 RESULT
TIME LEFT 0 5 RIGHT 0 5
UPGRADE B 224
TRAIN A66
MOVE B23 128
END TURN 199
TURN 200
COMMAND LEFT START
MOVE A66 19
COMMAND LEFT END
COMMAND RIGHT START
COMMAND RIGHT END
TURN 200 RESULT
TIME LEFT 0 5 RIGHT 0 5
MOVE A66 8
MOVE B23 141
END TURN 200
TURN 201
COMMAND LEFT START
TRAIN 1
COMMAND LEFT END
COMMAND RIGHT START
UPGRADE 148
COMMAND RIGHT END
TURN 201 RESULT
TIME LEFT 0 5 RIGHT 0 5
UPGRADE B 148
TRAIN A67
MOVE A66 19
MOVE B23 154
END TURN 201
TURN 202
COMMAND LEFT START
MOVE A67 19
MOVE A62 112
MOVE A63 112
MOVE A64 112
MOVE A65 112
MOVE A66 112
COMMAND LEFT END
COMMAND RIGHT START
COMMAND RIGHT END
TURN 202 RESULT
TIME LEFT 0 5 RIGHT 6 5
MOVE A62 41
MOVE A63 41
MOVE A64 41
MOVE A65 41
MOVE A66 41
MOVE A67 8
MOVE B23 162
END TURN 202
TURN 203
COMMAND LEFT START
COMMAND LEFT END
COMMAND RIGHT START
MOVE B44 127
COMMAND RIGHT END
TURN 203 RESULT
TIME LEFT 0 5 RIGHT 0 5
MOVE A62 57
MOVE A63 57
MOVE A64 57
MOVE A65 57
MOVE A66 57
MOVE A67 19
MOVE B23 185
MOVE B44 123
END TURN 203
TURN 204
COMMAND LEFT START
COMMAND LEFT END
COMMAND RIGHT START
UPGRADE 148
COMMAND RIGHT END
TURN 204 RESULT
TIME LEFT 0 5 RIGHT 0 5
UPGRADE B 148
MOVE A62 72
MOVE A63 72
MOVE A64 72
MOVE A65 72
MOVE A66 72
MOVE B23 207
MOVE B44 119
END TURN 204
TURN 205
COMMAND LEFT START
COMMAND LEFT END
COMMAND RIGHT START
MOVE B26 148
UPGRADE 83
COMMAND RIGHT END
TURN 205 RESULT
TIME LEFT 0 5 RIGHT 0 5
UPGRADE B 83
MOVE A62 87
MOVE A63 87
MOVE A64 87
MOVE A65 87
MOVE A66 87
MOVE B23 220
MOVE B26 117
MOVE B44 127
END TURN 205
TURN 206
COMMAND LEFT START
TRAIN 1
COMMAND LEFT END
COMMAND RIGHT START
MOVE B32 83
MOVE B33 83
MOVE B34 83
MOVE B37 83
MOVE B39 83
COMMAND RIGHT END
TURN 206 RESULT
TIME LEFT 0 5 RIGHT 0 5
TRAIN A68
MOVE A62 101
MOVE A63 101
MOVE A64 101
MOVE A65 101
MOVE A66 101
MOVE B23 224
MOVE B26 130
MOVE B32 96
MOVE B33 96
MOVE B34 96
MOVE B37 96
MOVE B39 96
END TURN 206
TURN 207
COMMAND LEFT START
MOVE A68 97
COMMAND LEFT END
COMMAND RIGHT START
UPGRADE 127
COMMAND RIGHT END
TURN 207 RESULT
TIME LEFT 0 5 RIGHT 0 5
UPGRADE B 127
MOVE A62 112
MOVE A63 112
MOVE A64 112
MOVE A65 112
MOVE A66 112
MOVE A68 8
MOVE B26 143
MOVE B32 83
MOVE B33 83
MOVE B34 83
MOVE B37 83
MOVE B39 83
DAMAGE TURRET A62 1
DAMAGE COMBAT A62 3
DAMAGE COMBAT B40 5
END TURN 207
TURN 208
COMMAND LEFT START
COMMAND LEFT END
COMMAND RIGHT START
COMMAND RIGHT END
TURN 208 RESULT
TIME LEFT 0 5 RIGHT 0 5
MOVE A68 19
MOVE B26 148
DAMAGE TURRET A63 1
DAMAGE COMBAT A63 3
DAMAGE COMBAT B40 1
DAMAGE COMBAT B42 3
END TURN 208
TURN 209
COMMAND LEFT START
TRAIN 1
COMMAND LEFT END
COMMAND RIGHT START
MOVE B46 97
COMMAND RIGHT END
TURN 209 RESULT
TIME LEFT 0 5 RIGHT 0 5
TRAIN A69
MOVE A68 41
MOVE B46 87
DAMAGE TURRET A64 1
DAMAGE COMBAT A64 2
DAMAGE COMBAT B42 3
END TURN 209
TURN 210
COMMAND LEFT START
MOVE A69 19
COMMAND LEFT END
COMMAND RIGHT START
TRAIN 1
COMMAND RIGHT END
TURN 210 RESULT
TIME LEFT 0 5 RIGHT 0 5
TRAIN B55
MOVE A68 57
MOVE A69 8
MOVE B46 105
DAMAGE TURRET A64 1
DAMAGE COMBAT A65 1
DAMAGE COMBAT B43 3
END TURN 210
TURN 211
COMMAND LEFT START
COMMAND LEFT END
COMMAND RIGHT START
TRAIN 1
COMMAND RIGHT END
TURN 211 RESULT
TIME LEFT 0 5 RIGHT 0 5
TRAIN B56
MOVE A68 80
MOVE A69 19
MOVE B46 97
DAMAGE TURRET A65 1
DAMAGE COMBAT A65 1
DAMAGE COMBAT B43 2
END TURN 211
TURN 212
COMMAND LEFT START
TRAIN 1
COMMAND LEFT END
COMMAND RIGHT START
TRAIN 1
COMMAND RIGHT END
TURN 212 RESULT
TIME LEFT 0 5 RIGHT 0 5
TRAIN A70 B57
MOVE A68 97
DAMAGE TURRET A65 1
DAMAGE COMBAT A66 1
DAMAGE COMBAT A68 1
DAMAGE COMBAT B43 1
DAMAGE COMBAT B46 1
SIEGE B 112 1
END TURN 212
TURN 213
COMMAND LEFT START
MOVE A70 19
COMMAND LEFT END
COMMAND RIGHT START
TRAIN 2
COMMAND RIGHT END
TURN 213 RESULT
TIME LEFT 0 5 RIGHT 0 5
TRAIN B58 B59
MOVE A70 8
DAMAGE TURRET A66 1
DAMAGE COMBAT A68 1
DAMAGE COMBAT B46 1
SIEGE B 112 1
END TURN 213
TURN 214
COMMAND LEFT START
COMMAND LEFT END
COMMAND RIGHT START
TRAIN 2
COMMAND RIGHT END
TURN 214 RESULT
TIME LEFT 0 5 RIGHT 0 5
TRAIN B60 B61
MOVE A70 19
DAMAGE TURRET A66 1
DAMAGE COMBAT A68 1
DAMAGE COMBAT B46 1
SIEGE B 112 1
END TURN 214
TURN 215
COMMAND LEFT START
MOVE A68 65
TRAIN 1
COMMAND LEFT END
COMMAND RIGHT START
TRAIN 2
COMMAND RIGHT END
TURN 215 RESULT
TIME LEFT 0 5 RIGHT 0 5
TRAIN A71 B62 B63
DAMAGE TURRET A66 1
DAMAGE COMBAT A68 1
DAMAGE COMBAT B46 1
SIEGE B 112 1
END TURN 215
TURN 216
COMMAND LEFT START
MOVE A71 97
COMMAND LEFT END
COMMAND RIGHT START
MOVE B32 112
MOVE B33 112
MOVE B63 97
MOVE B62 112
MOVE B61 112
MOVE B60 112
MOVE B59 112
MOVE B58 112
MOVE B57 112
MOVE B56 112
MOVE B55 112
MOVE B39 112
UPGRADE 127
COMMAND RIGHT END
TURN 216 RESULT
TIME LEFT 0 5 RIGHT 0 5
UPGRADE B 127
MOVE A71 8
MOVE B32 96
MOVE B33 96
MOVE B39 96
MOVE B55 220
MOVE B56 220
MOVE B57 220
MOVE B58 220
MOVE B59 220
MOVE B60 220
MOVE B61 220
MOVE B62 220
MOVE B63 220
END TURN 216
TURN 217
COMMAND LEFT START
COMMAND LEFT END
COMMAND RIGHT START
MOVE B34 112
TRAIN 2
COMMAND RIGHT END
TURN 217 RESULT
TIME LEFT 0 5 RIGHT 0 5
TRAIN B64 B65
MOVE A71 19
MOVE B32 112
MOVE B33 112
MOVE B34 96
MOVE B39 112
MOVE B55 207
MOVE B56 207
MOVE B57 207
MOVE B58 207
MOVE B59 207
MOVE B60 207
MOVE B61 207
MOVE B62 207
MOVE B63 198
END TURN 217
TURN 218
COMMAND LEFT START
TRAIN 1
COMMAND LEFT END
COMMAND RIGHT START
MOVE B32 127
MOVE B23 83
MOVE B65 112
UPGRADE 148
COMMAND RIGHT END
TURN 218 RESULT
TIME LEFT 0 5 RIGHT 0 5
UPGRADE B 148
TRAIN A72
MOVE A71 41
MOVE B23 220
MOVE B32 123
MOVE B34 112
MOVE B55 185
MOVE B56 185
MOVE B57 185
MOVE B58 185
MOVE B59 185
MOVE B60 185
MOVE B61 185
MOVE B62 185
MOVE B63 192
MOVE B65 220
END TURN 218
TURN 219
COMMAND LEFT START
MOVE A72 19
COMMAND LEFT END
COMMAND RIGHT START
MOVE B33 148
UPGRADE 141
COMMAND RIGHT END
TURN 219 RESULT
TIME LEFT 0 5 RIGHT 0 5
UPGRADE B 141
MOVE A71 57
MOVE A72 8
MOVE B23 207
MOVE B32 119
MOVE B33 117
MOVE B55 162
MOVE B56 162
MOVE B57 162
MOVE B58 162
MOVE B59 162
MOVE B60 162
MOVE B61 162
MOVE B62 162
MOVE B63 171
MOVE B65 207
END TURN 219
TURN 220
COMMAND LEFT START
COMMAND LEFT END
COMMAND RIGHT START
TRAIN 1
COMMAND RIGHT END
TURN 220 RESULT
TIME LEFT 0 5 RIGHT 0 5
TRAIN B66
MOVE A71 80
MOVE A72 19
MOVE B23 185
MOVE B32 127
MOVE B33 130
MOVE B55 154
MOVE B56 154
MOVE B57 154
MOVE B58 154
MOVE B59 154
MOVE B60 154
MOVE B61 154
MOVE B62 154
MOVE B63 157
MOVE B65 185
END TURN 220
TURN 221
COMMAND LEFT START
TRAIN 1
COMMAND LEFT END
COMMAND RIGHT START
MOVE B52 141
UPGRADE 127
COMMAND RIGHT END
TURN 221 RESULT
TIME LEFT 0 5 RIGHT 0 5
UPGRADE B 127
TRAIN A73
MOVE A71 97
MOVE B23 162
MOVE B33 143
MOVE B52 220
MOVE B55 141
MOVE B56 141
MOVE B57 141
MOVE B58 141
MOVE B59 141
MOVE B60 141
MOVE B61 141
MOVE B62 141
MOVE B63 143
MOVE B65 162
END TURN 221
TURN 222
COMMAND LEFT START
MOVE A73 19
COMMAND LEFT END
COMMAND RIGHT START
TRAIN 1
COMMAND RIGHT END
TURN 222 RESULT
TIME LEFT 0 5 RIGHT 0 5
TRAIN B67
MOVE A73 8
MOVE B23 154
MOVE B33 148
MOVE B52 207
MOVE B55 128
MOVE B56 128
MOVE B57 128
MOVE B58 128
MOVE B59 128
MOVE B60 128
MOVE B61 128
MOVE B62 128
MOVE B63 122
MOVE B65 154
END TURN 222
TURN 223
COMMAND LEFT START
COMMAND LEFT END
COMMAND RIGHT START
MOVE B53 127
UPGRADE 112
COMMAND RIGHT END
TURN 223 RESULT
TIME LEFT 0 5 RIGHT 0 5
UPGRADE B 112
MOVE A73 19
MOVE B23 141
MOVE B52 185
MOVE B53 216
MOVE B55 112
MOVE B56 112
MOVE B57 112
MOVE B58 112
MOVE B59 112
MOVE B60 112
MOVE B61 112
MOVE B62 112
MOVE B63 113
MOVE B65 141
END TURN 223
TURN 224
COMMAND LEFT START
MOVE A67 112
MOVE A69 112
MOVE A70 112
MOVE A72 112
MOVE A73 112
COMMAND LEFT END
COMMAND RIGHT START
COMMAND RIGHT END
TURN 224 RESULT
TIME LEFT 0 5 RIGHT 0 5
MOVE A67 41
MOVE A69 41
MOVE A70 41
MOVE A72 41
MOVE A73 41
MOVE B23 128
MOVE B52 162
MOVE B53 205
MOVE B63 97
MOVE B65 128
DAMAGE COMBAT A71 1
DAMAGE COMBAT B63 1
END TURN 224
TURN 225
COMMAND LEFT START
TRAIN 1
COMMAND LEFT END
COMMAND RIGHT START
UPGRADE 83
COMMAND RIGHT END
TURN 225 RESULT
TIME LEFT 0 5 RIGHT 0 5
UPGRADE B 83
TRAIN A74
MOVE A67 57
MOVE A69 57
MOVE A70 57
MOVE A72 57
MOVE A73 57
MOVE B23 112
MOVE B52 154
MOVE B53 183
MOVE B65 112
DAMAGE COMBAT A71 1
DAMAGE COMBAT B63 1
END TURN 225
TURN 226
COMMAND LEFT START
MOVE A74 19
COMMAND LEFT END
COMMAND RIGHT START
MOVE B34 83
COMMAND RIGHT END
TURN 226 RESULT
TIME LEFT 0 5 RIGHT 0 5
MOVE A67 72
MOVE A69 72
MOVE A70 72
MOVE A72 72
MOVE A73 72
MOVE A74 8
MOVE B23 96
MOVE B34 96
MOVE B52 141
MOVE B53 167
DAMAGE COMBAT A71 1
DAMAGE COMBAT B63 1
END TURN 226
TURN 227
COMMAND LEFT START
MOVE A71 65
COMMAND LEFT END
COMMAND RIGHT START
TRAIN 2
COMMAND RIGHT END
TURN 227 RESULT
TIME LEFT 0 5 RIGHT 0 5
TRAIN B68 B69
MOVE A67 87
MOVE A69 87
MOVE A70 87
MOVE A72 87
MOVE A73 87
MOVE A74 19
MOVE B23 83
MOVE B34 83
MOVE B53 144
DAMAGE COMBAT A71 1
DAMAGE COMBAT B63 1
END TURN 227
TURN 228
COMMAND LEFT START
TRAIN 1
COMMAND LEFT END
COMMAND RIGHT START
MOVE B69 112
MOVE B68 112
MOVE B65 76
UPGRADE 97
COMMAND RIGHT END
TURN 228 RESULT
TIME LEFT 0 5 RIGHT 0 5
UPGRADE B 97
TRAIN A75
MOVE A67 101
MOVE A69 101
MOVE A70 101
MOVE A72 101
MOVE A73 101
MOVE B53 127
MOVE B65 107
MOVE B68 220
MOVE B69 220
END TURN 228
TURN 229
COMMAND LEFT START
MOVE A75 65
COMMAND LEFT END
COMMAND RIGHT START
UPGRADE 97
COMMAND RIGHT END
TURN 229 RESULT
TIME LEFT 0 5 RIGHT 0 5
UPGRADE B 97
MOVE A67 112
MOVE A69 112
MOVE A70 112
MOVE A72 112
MOVE A73 112
MOVE A75 8
MOVE B65 94
MOVE B68 207
MOVE B69 207
DAMAGE TURRET A67 2
DAMAGE COMBAT A67 2
DAMAGE COMBAT A69 4
DAMAGE COMBAT A70 3
DAMAGE COMBAT B39 5
END TURN 229
TURN 230
COMMAND LEFT START
MOVE A70 19
MOVE A72 19
MOVE A73 19
COMMAND LEFT END
COMMAND RIGHT START
TRAIN 1
COMMAND RIGHT END
TURN 230 RESULT
TIME LEFT 0 5 RIGHT 0 5
TRAIN B70
MOVE A75 14
MOVE B65 81
MOVE B68 185
MOVE B69 185
DAMAGE TURRET A70 1
DAMAGE TURRET A72 1
DAMAGE COMBAT A72 3
DAMAGE COMBAT A73 4
DAMAGE COMBAT B39 1
DAMAGE COMBAT B55 2
END TURN 230
TURN 231
COMMAND LEFT START
TRAIN 1
COMMAND LEFT END
COMMAND RIGHT START
MOVE B55 97
COMMAND RIGHT END
TURN 231 RESULT
TIME LEFT 0 5 RIGHT 0 5
TRAIN A76
MOVE A75 22
MOVE B55 101
MOVE B65 76
MOVE B68 162
MOVE B69 162
END TURN 231
TURN 232
COMMAND LEFT START
MOVE A76 19
COMMAND LEFT END
COMMAND RIGHT START
COMMAND RIGHT END
TURN 232 RESULT
TIME LEFT 0 5 RIGHT 0 5
MOVE A75 34
MOVE A76 8
MOVE B55 105
MOVE B68 154
MOVE B69 154
END TURN 232
TURN 233
COMMAND LEFT START
COMMAND LEFT END
COMMAND RIGHT START
COMMAND RIGHT END
TURN 233 RESULT
TIME LEFT 0 5 RIGHT 0 5
MOVE A75 44
MOVE A76 19
MOVE B55 97
MOVE B68 141
MOVE B69 141
END TURN 233
TURN 234
COMMAND LEFT START
TRAIN 1
COMMAND LEFT END
COMMAND RIGHT START
COMMAND RIGHT END
TURN 234 RESULT
TIME LEFT 0 5 RIGHT 0 5
TRAIN A77
MOVE A75 65
MOVE B68 128
MOVE B69 128
END TURN 234
TURN 235
COMMAND LEFT START
MOVE A77 19
COMMAND LEFT END
COMMAND RIGHT START
COMMAND RIGHT END
TURN 235 RESULT
TIME LEFT 0 5 RIGHT 0 5
MOVE A77 8
MOVE B68 112
MOVE B69 112
END TURN 235
TURN 236
COMMAND LEFT START
COMMAND LEFT END
COMMAND RIGHT START
UPGRADE 224
COMMAND RIGHT END
TURN 236 RESULT
TIME LEFT 0 5 RIGHT 0 5
UPGRADE B 224
MOVE A77 19
END TURN 236
TURN 237
COMMAND LEFT START
COMMAND LEFT END
COMMAND RIGHT START
UPGRADE 76
COMMAND RIGHT END
TURN 237 RESULT
TIME LEFT 0 5 RIGHT 0 5
UPGRADE B 76
END TURN 237
TURN 238
COMMAND LEFT START
COMMAND LEFT END
COMMAND RIGHT START
COMMAND RIGHT END
TURN 238 RESULT
TIME LEFT 0 5 RIGHT 0 5
END TURN 238
TURN 239
COMMAND LEFT START
COMMAND LEFT END
COMMAND RIGHT START
MOVE B69 65
COMMAND RIGHT END
TURN 239 RESULT
TIME LEFT 0 5 RIGHT 0 5
MOVE B69 101
END TURN 239
TURN 240
COMMAND LEFT START
COMMAND LEFT END
COMMAND RIGHT START
UPGRADE 76
COMMAND RIGHT END
TURN 240 RESULT
TIME LEFT 0 5 RIGHT 0 5
UPGRADE B 76
MOVE B69 105
END TURN 240
TURN 241
COMMAND LEFT START
COMMAND LEFT END
COMMAND RIGHT START
MOVE B56 76
UPGRADE 97
COMMAND RIGHT END
TURN 241 RESULT
TIME LEFT 0 5 RIGHT 0 5
UPGRADE B 97
MOVE B56 107
MOVE B69 97
END TURN 241
TURN 242
COMMAND LEFT START
COMMAND LEFT END
COMMAND RIGHT START
MOVE B57 97
UPGRADE 76
COMMAND RIGHT END
TURN 242 RESULT
TIME LEFT 0 5 RIGHT 0 5
UPGRADE B 76
MOVE B56 94
MOVE B57 101
MOVE B69 86
END TURN 242
TURN 243
COMMAND LEFT START
COMMAND LEFT END
COMMAND RIGHT START
MOVE B58 76
TRAIN 3
COMMAND RIGHT END
TURN 243 RESULT
TIME LEFT 0 5 RIGHT 0 5
TRAIN B71 B72 B73
MOVE B56 81
MOVE B57 105
MOVE B58 107
MOVE B69 84
END TURN 243
TURN 244
COMMAND LEFT START
COMMAND LEFT END
COMMAND RIGHT START
MOVE B73 112
MOVE B72 112
MOVE B71 112
TRAIN 3
COMMAND RIGHT END
TURN 244 RESULT
TIME LEFT 0 5 RIGHT 0 5
TRAIN B74 B75 B76
MOVE B56 76
MOVE B57 97
MOVE B58 94
MOVE B69 66
MOVE B71 220
MOVE B72 220
MOVE B73 220
END TURN 244
TURN 245
COMMAND LEFT START
UPGRADE 65
COMMAND LEFT END
COMMAND RIGHT START
MOVE B76 112
MOVE B75 112
MOVE B74 112
TRAIN 1
COMMAND RIGHT END
TURN 245 RESULT
TIME LEFT 0 5 RIGHT 0 5
UPGRADE A 65
TRAIN B77
MOVE B58 81
MOVE B69 65
MOVE B71 207
MOVE B72 207
MOVE B73 207
MOVE B74 220
MOVE B75 220
MOVE B76 220
DAMAGE TURRET B69 1
DAMAGE COMBAT A75 1
DAMAGE COMBAT B69 1
END TURN 245
TURN 246
COMMAND LEFT START
MOVE A74 65
MOVE A76 65
MOVE A77 65
COMMAND LEFT END
COMMAND RIGHT START
MOVE B68 19
MOVE B77 112
TRAIN 3
COMMAND RIGHT END
TURN 246 RESULT
TIME LEFT 0 5 RIGHT 0 5
TRAIN B78 B79 B80
MOVE A74 27
MOVE A76 27
MOVE A77 27
MOVE B58 76
MOVE B68 101
MOVE B71 185
MOVE B72 185
MOVE B73 185
MOVE B74 207
MOVE B75 207
MOVE B76 207
MOVE B77 220
DAMAGE TURRET B69 1
DAMAGE COMBAT A75 1
DAMAGE COMBAT B69 1
END TURN 246
TURN 247
COMMAND LEFT START
TRAIN 1
COMMAND LEFT END
COMMAND RIGHT START
MOVE B80 112
MOVE B79 112
MOVE B78 112
TRAIN 3
COMMAND RIGHT END
TURN 247 RESULT
TIME LEFT 0 5 RIGHT 0 5
TRAIN A78 B81 B82 B83
MOVE A74 33
MOVE A76 33
MOVE A77 33
MOVE B68 87
MOVE B71 162
MOVE B72 162
MOVE B73 162
MOVE B74 185
MOVE B75 185
MOVE B76 185
MOVE B77 207
MOVE B78 220
MOVE B79 220
MOVE B80 220
DAMAGE TURRET B69 1
DAMAGE COMBAT A75 1
DAMAGE COMBAT B69 1
END TURN 247
TURN 248
COMMAND LEFT START
MOVE A78 65
COMMAND LEFT END
COMMAND RIGHT START
MOVE B83 112
MOVE B82 112
MOVE B81 112
TRAIN 3
COMMAND RIGHT END
TURN 248 RESULT
TIME LEFT 0 5 RIGHT 0 5
TRAIN B84 B85 B86
MOVE A74 49
MOVE A76 49
MOVE A77 49
MOVE A78 8
MOVE B68 72
MOVE B71 154
MOVE B72 154
MOVE B73 154
MOVE B74 162
MOVE B75 162
MOVE B76 162
MOVE B77 185
MOVE B78 207
MOVE B79 207
MOVE B80 207
MOVE B81 220
MOVE B82 220
MOVE B83 220
DAMAGE TURRET B69 1
DAMAGE COMBAT A75 1
END TURN 248
TURN 249
COMMAND LEFT START
COMMAND LEFT END
COMMAND RIGHT START
MOVE B86 112
MOVE B85 112
MOVE B84 112
TRAIN 3
COMMAND RIGHT END
TURN 249 RESULT
TIME LEFT 0 5 RIGHT 0 5
TRAIN B87 B88 B89
MOVE A74 66
MOVE A76 66
MOVE A77 66
MOVE A78 14
MOVE B68 57
MOVE B71 141
MOVE B72 141
MOVE B73 141
MOVE B74 154
MOVE B75 154
MOVE B76 154
MOVE B77 162
MOVE B78 185
MOVE B79 185
MOVE B80 185
MOVE B81 207
MOVE B82 207
MOVE B83 207
MOVE B84 220
MOVE B85 220
MOVE B86 220
END TURN 249
TURN 250
COMMAND LEFT START
TRAIN 1
COMMAND LEFT END
COMMAND RIGHT START
MOVE B89 65
MOVE B88 112
MOVE B87 112
TRAIN 3
COMMAND RIGHT END
TURN 250 RESULT
TIME LEFT 0 5 RIGHT 0 5
TRAIN A79 B90 B91 B92
MOVE A74 65
MOVE A76 65
MOVE A77 65
MOVE A78 22
MOVE B68 41
MOVE B71 128
MOVE B72 128
MOVE B73 128
MOVE B74 141
MOVE B75 141
MOVE B76 141
MOVE B77 154
MOVE B78 162
MOVE B79 162
MOVE B80 162
MOVE B81 185
MOVE B82 185
MOVE B83 185
MOVE B84 207
MOVE B85 207
MOVE B86 207
MOVE B87 220
MOVE B88 220
MOVE B89 220
END TURN 250
TURN 251
COMMAND LEFT START
MOVE A79 65
MOVE A74 112
MOVE A76 112
MOVE A77 112
COMMAND LEFT END
COMMAND RIGHT START
MOVE B92 112
MOVE B91 112
MOVE B90 112
TRAIN 3
COMMAND RIGHT END
TURN 251 RESULT
TIME LEFT 0 5 RIGHT 0 5
TRAIN B93 B94 B95
MOVE A74 66
MOVE A76 66
MOVE A77 66
MOVE A78 34
MOVE A79 8
MOVE B68 19
MOVE B71 112
MOVE B72 112
MOVE B73 112
MOVE B74 128
MOVE B75 128
MOVE B76 128
MOVE B77 141
MOVE B78 154
MOVE B79 154
MOVE B80 154
MOVE B81 162
MOVE B82 162
MOVE B83 162
MOVE B84 185
MOVE B85 185
MOVE B86 185
MOVE B87 207
MOVE B88 207
MOVE B89 198
MOVE B90 220
MOVE B91 220
MOVE B92 220
DAMAGE TURRET B68 1
DAMAGE COMBAT A4 1
DAMAGE COMBAT B68 1
END TURN 251
TURN 252
COMMAND LEFT START
COMMAND LEFT END
COMMAND RIGHT START
MOVE B95 112
MOVE B94 112
MOVE B93 112
TRAIN 3
COMMAND RIGHT END
TURN 252 RESULT
TIME LEFT 0 5 RIGHT 0 5
TRAIN B96 B97 B98
MOVE A74 84
MOVE A76 84
MOVE A77 84
MOVE A78 44
MOVE A79 14
MOVE B74 112
MOVE B75 112
MOVE B76 112
MOVE B77 128
MOVE B78 141
MOVE B79 141
MOVE B80 141
MOVE B81 154
MOVE B82 154
MOVE B83 154
MOVE B84 162
MOVE B85 162
MOVE B86 162
MOVE B87 185
MOVE B88 185
MOVE B89 192
MOVE B90 207
MOVE B91 207
MOVE B92 207
MOVE B93 220
MOVE B94 220
MOVE B95 220
DAMAGE TURRET B68 1
DAMAGE COMBAT A4 1
DAMAGE COMBAT B68 1
END TURN 252
TURN 253
COMMAND LEFT START
TRAIN 1
COMMAND LEFT END
COMMAND RIGHT START
MOVE B76 0
MOVE B75 0
MOVE B74 0
MOVE B73 0
MOVE B72 0
MOVE B71 0
MOVE B62 0
MOVE B61 0
COMMAND RIGHT END
TURN 253 RESULT
TIME LEFT 0 5 RIGHT 0 5
TRAIN A80
MOVE A74 86
MOVE A76 86
MOVE A77 86
MOVE A78 65
MOVE A79 22
MOVE B61 96
MOVE B62 96
MOVE B71 96
MOVE B72 96
MOVE B73 96
MOVE B74 96
MOVE B75 96
MOVE B76 96
MOVE B77 112
MOVE B78 128
MOVE B79 128
MOVE B80 128
MOVE B81 141
MOVE B82 141
MOVE B83 141
MOVE B84 154
MOVE B85 154
MOVE B86 154
MOVE B87 162
MOVE B88 162
MOVE B89 171
MOVE B90 185
MOVE B91 185
MOVE B92 185
MOVE B93 207
MOVE B94 207
MOVE B95 207
DAMAGE TURRET B68 1
DAMAGE COMBAT A4 1
DAMAGE COMBAT B68 1
END TURN 253
TURN 254
COMMAND LEFT START
MOVE A80 19
MOVE A78 112
COMMAND LEFT END
COMMAND RIGHT START
TRAIN 3
COMMAND RIGHT END
TURN 254 RESULT
TIME LEFT 0 5 RIGHT 0 5
TRAIN B99 B100 B101
MOVE A74 97
MOVE A76 97
MOVE A77 97
MOVE A78 66
MOVE A79 34
MOVE A80 8
MOVE B61 83
MOVE B62 83
MOVE B71 83
MOVE B72 83
MOVE B73 83
MOVE B74 83
MOVE B75 83
MOVE B76 83
MOVE B78 112
MOVE B79 112
MOVE B80 112
MOVE B81 128
MOVE B82 128
MOVE B83 128
MOVE B84 141
MOVE B85 141
MOVE B86 141
MOVE B87 154
MOVE B88 154
MOVE B89 157
MOVE B90 162
MOVE B91 162
MOVE B92 162
MOVE B93 185
MOVE B94 185
MOVE B95 185
DAMAGE TURRET A74 2
DAMAGE TURRET B68 1
DAMAGE COMBAT A4 1
DAMAGE COMBAT A74 2
DAMAGE COMBAT A76 1
DAMAGE COMBAT B63 3
END TURN 254
TURN 255
COMMAND LEFT START
COMMAND LEFT END
COMMAND RIGHT START
TRAIN 1
COMMAND RIGHT END
TURN 255 RESULT
TIME LEFT 0 5 RIGHT 0 5
TRAIN B102
MOVE A78 84
MOVE A79 44
MOVE A80 19
MOVE B61 70
MOVE B62 70
MOVE B71 70
MOVE B72 70
MOVE B73 70
MOVE B74 70
MOVE B75 70
MOVE B76 70
MOVE B81 112
MOVE B82 112
MOVE B83 112
MOVE B84 128
MOVE B85 128
MOVE B86 128
MOVE B87 141
MOVE B88 141
MOVE B89 143
MOVE B90 154
MOVE B91 154
MOVE B92 154
MOVE B93 162
MOVE B94 162
MOVE B95 162
DAMAGE TURRET A76 2
DAMAGE COMBAT A76 1
DAMAGE COMBAT A77 1
DAMAGE COMBAT B55 2
END TURN 255
TURN 256
COMMAND LEFT START
TRAIN 1
COMMAND LEFT END
COMMAND RIGHT START
TRAIN 1
COMMAND RIGHT END
TURN 256 RESULT
TIME LEFT 0 5 RIGHT 0 5
TRAIN A81 B103
MOVE A78 86
MOVE A79 65
MOVE B61 62
MOVE B62 62
MOVE B71 62
MOVE B72 62
MOVE B73 62
MOVE B74 62
MOVE B75 62
MOVE B76 62
MOVE B84 112
MOVE B85 112
MOVE B86 112
MOVE B87 128
MOVE B88 128
MOVE B89 122
MOVE B90 141
MOVE B91 141
MOVE B92 141
MOVE B93 154
MOVE B94 154
MOVE B95 154
DAMAGE TURRET A77 2
DAMAGE COMBAT A77 1
DAMAGE COMBAT B55 1
END TURN 256
TURN 257
COMMAND LEFT START
MOVE A81 19
COMMAND LEFT END
COMMAND RIGHT START
MOVE B59 97
TRAIN 3
COMMAND RIGHT END
TURN 257 RESULT
TIME LEFT 0 5 RIGHT 0 5
TRAIN B104 B105 B106
MOVE A78 97
MOVE A81 8
MOVE B59 101
MOVE B61 39
MOVE B62 39
MOVE B71 39
MOVE B72 39
MOVE B73 39
MOVE B74 39
MOVE B75 39
MOVE B76 39
MOVE B87 112
MOVE B88 112
MOVE B89 99
MOVE B90 128
MOVE B91 128
MOVE B92 128
MOVE B93 141
MOVE B94 141
MOVE B95 141
DAMAGE TURRET A78 2
DAMAGE COMBAT A78 2
DAMAGE COMBAT B55 1
END TURN 257
TURN 258
COMMAND LEFT START
TRAIN 1
COMMAND LEFT END
COMMAND RIGHT START
MOVE B88 19
MOVE B87 19
MOVE B86 19
MOVE B85 19
MOVE B84 19
MOVE B83 19
MOVE B82 19
MOVE B81 19
MOVE B80 19
MOVE B79 19
MOVE B78 19
COMMAND RIGHT END
TURN 258 RESULT
TIME LEFT 0 5 RIGHT 0 5
TRAIN A82
MOVE A81 19
MOVE B59 105
MOVE B61 17
MOVE B62 17
MOVE B71 17
MOVE B72 17
MOVE B73 17
MOVE B74 17
MOVE B75 17
MOVE B76 17
MOVE B78 101
MOVE B79 101
MOVE B80 101
MOVE B81 101
MOVE B82 101
MOVE B83 101
MOVE B84 101
MOVE B85 101
MOVE B86 101
MOVE B87 101
MOVE B88 101
MOVE B89 93
MOVE B90 112
MOVE B91 112
MOVE B92 112
MOVE B93 128
MOVE B94 128
MOVE B95 128
END TURN 258
TURN 259
COMMAND LEFT START
MOVE A80 0
COMMAND LEFT END
COMMAND RIGHT START
MOVE B92 10
MOVE B106 112
MOVE B105 112
MOVE B104 112
MOVE B103 112
MOVE B102 112
TRAIN 3
COMMAND RIGHT END
TURN 259 RESULT
TIME LEFT 0 5 RIGHT 0 5
TRAIN B107 B108 B109
MOVE A80 8
MOVE B59 97
MOVE B61 4
MOVE B62 4
MOVE B71 4
MOVE B72 4
MOVE B73 4
MOVE B74 4
MOVE B75 4
MOVE B76 4
MOVE B78 87
MOVE B79 87
MOVE B80 87
MOVE B81 87
MOVE B82 87
MOVE B83 87
MOVE B84 87
MOVE B85 87
MOVE B86 87
MOVE B87 87
MOVE B88 87
MOVE B89 77
MOVE B92 101
MOVE B93 112
MOVE B94 112
MOVE B95 112
MOVE B102 220
MOVE B103 220
MOVE B104 220
MOVE B105 220
MOVE B106 220
END TURN 259
TURN 260
COMMAND LEFT START
TRAIN 1
COMMAND LEFT END
COMMAND RIGHT START
MOVE B95 5
MOVE B94 5
MOVE B93 5
MOVE B91 5
MOVE B90 5
COMMAND RIGHT END
TURN 260 RESULT
TIME LEFT 0 5 RIGHT 0 5
TRAIN A83
MOVE A80 0
MOVE B61 0
MOVE B62 0
MOVE B71 0
MOVE B72 0
MOVE B73 0
MOVE B74 0
MOVE B75 0
MOVE B76 0
MOVE B78 72
MOVE B79 72
MOVE B80 72
MOVE B81 72
MOVE B82 72
MOVE B83 72
MOVE B84 72
MOVE B85 72
MOVE B86 72
MOVE B87 72
MOVE B88 72
MOVE B89 65
MOVE B90 96
MOVE B91 96
MOVE B92 87
MOVE B93 96
MOVE B94 96
MOVE B95 96
MOVE B102 207
MOVE B103 207
MOVE B104 207
MOVE B105 207
MOVE B106 207
DAMAGE TURRET B61 1
DAMAGE TURRET B89 1
DAMAGE COMBAT A1 4
DAMAGE COMBAT A79 1
DAMAGE COMBAT A80 4
DAMAGE COMBAT B61 4
DAMAGE COMBAT B89 1
END TURN 260
TURN 261
COMMAND LEFT START
COMMAND LEFT END
COMMAND RIGHT START
MOVE B109 112
MOVE B108 112
MOVE B107 112
MOVE B101 112
MOVE B100 112
MOVE B99 112
TRAIN 3
COMMAND RIGHT END
TURN 261 RESULT
TIME LEFT 0 5 RIGHT 0 5
TRAIN B110 B111 B112
MOVE B78 57
MOVE B79 57
MOVE B80 57
MOVE B81 57
MOVE B82 57
MOVE B83 57
MOVE B84 57
MOVE B85 57
MOVE B86 57
MOVE B87 57
MOVE B88 57
MOVE B90 83
MOVE B91 83
MOVE B92 72
MOVE B93 83
MOVE B94 83
MOVE B95 83
MOVE B99 220
MOVE B100 220
MOVE B101 220
MOVE B102 185
MOVE B103 185
MOVE B104 185
MOVE B105 185
MOVE B106 185
MOVE B107 220
MOVE B108 220
MOVE B109 220
DAMAGE TURRET B61 1
DAMAGE TURRET B89 1
DAMAGE COMBAT A79 1
DAMAGE COMBAT A82 4
DAMAGE COMBAT A83 4
DAMAGE COMBAT B61 1
DAMAGE COMBAT B62 1
DAMAGE COMBAT B89 1
END TURN 261
TURN 262
COMMAND LEFT START
TRAIN 1
COMMAND LEFT END
COMMAND RIGHT START
TRAIN 3
COMMAND RIGHT END
TURN 262 RESULT
TIME LEFT 0 5 RIGHT 0 5
TRAIN A84 B113 B114 B115
MOVE B78 41
MOVE B79 41
MOVE B80 41
MOVE B81 41
MOVE B82 41
MOVE B83 41
MOVE B84 41
MOVE B85 41
MOVE B86 41
MOVE B87 41
MOVE B88 41
MOVE B90 73
MOVE B91 73
MOVE B92 57
MOVE B93 73
MOVE B94 73
MOVE B95 73
MOVE B99 207
MOVE B100 207
MOVE B101 207
MOVE B102 162
MOVE B103 162
MOVE B104 162
MOVE B105 162
MOVE B106 162
MOVE B107 207
MOVE B108 207
MOVE B109 207
DAMAGE TURRET B62 1
DAMAGE TURRET B89 1
DAMAGE COMBAT A79 1
DAMAGE COMBAT A84 4
DAMAGE COMBAT B62 1
DAMAGE COMBAT B89 1
SIEGE A 0 3
END TURN 262
TURN 263
COMMAND LEFT START
COMMAND LEFT END
COMMAND RIGHT START
TRAIN 3
COMMAND RIGHT END
TURN 263 RESULT
TIME LEFT 0 5 RIGHT 0 5
TRAIN B116 B117 B118
MOVE B78 19
MOVE B79 19
MOVE B80 19
MOVE B81 19
MOVE B82 19
MOVE B83 19
MOVE B84 19
MOVE B85 19
MOVE B86 19
MOVE B87 19
MOVE B88 19
MOVE B90 53
MOVE B91 53
MOVE B92 50
MOVE B93 53
MOVE B94 53
MOVE B95 53
MOVE B99 185
MOVE B100 185
MOVE B101 185
MOVE B102 154
MOVE B103 154
MOVE B104 154
MOVE B105 154
MOVE B106 154
MOVE B107 185
MOVE B108 185
MOVE B109 185
DAMAGE TURRET B62 1
DAMAGE TURRET B78 1
DAMAGE TURRET B89 1
DAMAGE COMBAT A79 1
DAMAGE COMBAT A81 4
DAMAGE COMBAT B78 1
DAMAGE COMBAT B89 1
SIEGE A 0 7
SIEGE A 19 6
END TURN 263
RESULT RIGHT_WIN HQ_DESTROYED
