[LEFT ""]
[RIGHT ""]
MAP
227 17
-11040 -10448 -10129 -8999 -10127 -9066 -8744 -9056 -8266 -8240 -9097 -7927 -7749 -7571 -7390 -7448 -7401 -7026 -7017 -7026 -7103 -6740 -6580 -7543 -7540 -6443 -6544 -6356 -6502 -6363 -6278 -6119 -5883 -5932 -5703 -5652 -5524 -5576 -5536 -5231 -5371 -5175 -5322 -5296 -5938 -4999 -4916 -5618 -4987 -4781 -4697 -4630 -4485 -4285 -4327 -4336 -4174 -4068 -3940 -3977 -3783 -3754 -3797 -3425 -4120 -4028 -3565 -3503 -3253 -3237 -3026 -3025 -2865 -2913 -2850 -2695 -2496 -2770 -2624 -2447 -2474 -2518 -2410 -2016 -2151 -1992 -1971 -1897 -2057 -1928 -1803 -1643 -1523 -1609 -1406 -1409 -1361 -1063 -1118 -1016 -936 -841 -814 -567 -1200 -656 -496 -634 -591 -308 -211 -191 -42 0 42 191 211 308 591 634 496 656 1200 567 814 841 936 1016 1118 1063 1361 1409 1406 1609 1523 1643 1803 1928 2057 1897 1971 1992 2151 2016 2410 2518 2474 2447 2624 2770 2496 2695 2850 2913 2865 3025 3026 3237 3253 3503 3565 4028 4120 3425 3797 3754 3783 3977 3940 4068 4174 4336 4327 4285 4485 4630 4697 4781 4987 5618 4916 4999 5938 5296 5322 5175 5371 5231 5536 5576 5524 5652 5703 5932 5883 6119 6278 6363 6502 6356 6544 6443 7540 7543 6580 6740 7103 7026 7017 7026 7401 7448 7390 7571 7749 7927 9097 8240 8266 9056 8744 9066 10127 8999 10129 10448 11040
1026 -3624 -1866 268 4292 -936 1934 6254 -4161 3268 -6063 -2224 4361 457 2035 -870 -3333 3013 -4971 5658 -6098 -2181 4548 8198 -7750 -3194 -667 3647 6515 603 -4472 1759 -1479 -5640 -3696 2810 -539 -6915 5963 1182 -2341 -4895 7711 3952 -8960 -6048 6886 9525 5017 441 -3925 -2848 2161 -550 -1564 3680 -7266 6182 -6249 -4998 -3340 4593 7901 3142 -10251 10410 318 -8130 -1986 1714 5280 -4305 6385 -7232 -5751 7394 10314 -857 -3319 8441 4390 175 -9988 -8215 1101 -2307 -4724 -7064 2502 3478 -6027 -386 -3465 5595 -1480 6799 7975 627 1795 4341 -7521 -4831 -5983 -795 -10322 3084 -3653 8874 11127 5165 6466 -2168 -7920 0 7920 2168 -6466 -5165 -11127 -8874 3653 -3084 10322 795 5983 4831 7521 -4341 -1795 -627 -7975 -6799 1480 -5595 3465 386 6027 -3478 -2502 7064 4724 2307 -1101 8215 9988 -175 -4390 -8441 3319 857 -10314 -7394 5751 7232 -6385 4305 -5280 -1714 1986 8130 -318 -10410 10251 -3142 -7901 -4593 3340 4998 6249 -6182 7266 -3680 1564 550 -2161 2848 3925 -441 -5017 -9525 -6886 6048 8960 -3952 -7711 4895 2341 -1182 -5963 6915 539 -2810 3696 5640 1479 -1759 4472 -603 -6515 -3647 667 3194 7750 -8198 -4548 2181 6098 -5658 4971 -3013 3333 870 -2035 -457 -4361 2224 6063 -3268 4161 -6254 -1934 936 -4292 -268 1866 3624 -1026
STRONGHOLDS 7 15 24 36 42 58 66 96 113 130 160 168 184 190 202 211 219
5 2 3 4 5 6
4 2 8 10 11
4 0 1 5 11
5 0 5 6 13 15
5 0 6 7 9 12
5 0 2 3 11 15
6 0 3 4 9 13 14
5 4 12 19 23 28
5 1 10 11 16 18
5 4 6 12 14 17
5 1 8 18 20 24
7 1 2 5 8 15 16 21
7 4 7 9 17 19 22 27
6 3 6 14 15 26 29
6 6 9 13 17 29 31
6 3 5 11 13 21 26
6 8 11 18 21 25 30
6 9 12 14 27 31 35
6 8 10 16 20 30 33
5 7 12 22 28 38
5 10 18 24 33 37
7 11 15 16 25 26 32 40
6 12 19 27 38 43 48
4 7 28 42 47
4 10 20 37 44
5 16 21 30 34 40
6 13 15 21 29 32 36
5 12 17 22 35 43
6 7 19 23 38 42 46
7 13 14 26 31 36 39 49
6 16 18 25 33 34 41
6 14 17 29 35 39 52
5 21 26 36 40 54
6 18 20 30 37 41 45
6 25 30 40 41 50 51
6 17 27 31 43 52 55
6 26 29 32 49 53 54
6 20 24 33 44 45 56
6 19 22 28 46 48 57
4 29 31 49 52
6 21 25 32 34 51 54
6 30 33 34 45 50 59
5 23 28 46 47 62
5 22 27 35 48 55
5 24 37 56 64 67
6 33 37 41 56 58 59
5 28 38 42 57 62
4 23 42 62 65
6 22 38 43 55 57 61
7 29 36 39 52 53 66 69
5 34 41 51 59 60
6 34 40 50 54 60 68
7 31 35 39 49 55 63 69
5 36 49 54 66 77
7 32 36 40 51 53 68 77
6 35 43 48 52 61 63
6 37 44 45 58 67 73
7 38 46 48 61 62 70 72
5 45 56 59 73 74
7 41 45 50 58 60 71 74
6 50 51 59 68 71 78
6 48 55 57 63 70 80
8 42 46 47 57 65 72 75 79
7 52 55 61 69 80 88 89
3 44 67 82
4 47 62 76 79
6 49 53 69 77 81 84
6 44 56 64 73 82 83
6 51 54 60 77 78 85
6 49 52 63 66 84 88
5 57 61 72 80 93
5 59 60 74 78 86
6 57 62 70 75 93 95
6 56 58 67 74 83 87
7 58 59 71 73 86 87 90
5 62 72 79 95 96
4 65 79 107 108
8 53 54 66 68 81 85 91 94
6 60 68 71 85 86 92
6 62 65 75 76 96 107
6 61 63 70 89 93 99
5 66 77 84 91 97
4 64 67 83 104
7 67 73 82 87 100 104 112
6 66 69 81 88 97 98
6 68 77 78 92 94 111
6 71 74 78 90 92 101
6 73 74 83 90 100 102
6 63 69 84 89 98 105
5 63 80 88 99 105
5 74 86 87 101 102
5 77 81 94 97 103
6 78 85 86 101 106 111
7 70 72 80 95 99 109 110
5 77 85 91 103 111
6 72 75 93 96 110 114
5 75 79 95 107 114
7 81 84 91 98 103 113 123
6 84 88 97 105 115 123
6 80 89 93 105 109 120
5 83 87 102 112 116
6 86 90 92 102 106 117
6 87 90 100 101 116 117
7 91 94 97 111 113 128 129
5 82 83 112 118 119
6 88 89 98 99 115 120
6 92 101 111 117 121 127
6 76 79 96 108 114 122
3 76 107 122
6 93 99 110 120 124 125
6 93 95 109 114 124 126
7 85 92 94 103 106 121 128
7 83 100 104 116 119 130 131
4 97 103 123 129
7 95 96 107 110 122 126 143
7 98 105 120 123 132 134 141
6 100 102 112 117 131 133
6 101 102 106 116 127 133
3 104 119 150
6 104 112 118 130 147 150
6 99 105 109 115 125 134
6 106 111 127 128 137 138
5 107 108 114 143 144
7 97 98 113 115 129 132 135
6 109 110 125 126 136 139
6 109 120 124 134 136 140
5 110 114 124 139 143
6 106 117 121 133 137 146
6 103 111 121 129 138 142
7 103 113 123 128 135 142 145
5 112 119 131 147 151
6 112 116 130 133 151 154
5 115 123 135 141 149
7 116 117 127 131 146 154 156
6 115 120 125 140 141 148
5 123 129 132 145 149
5 124 125 139 140 152
5 121 127 138 146 163
6 121 128 137 142 157 163
6 124 126 136 143 152 153
6 125 134 136 148 152 155
6 115 132 134 148 149 158
6 128 129 138 145 157 160
7 114 122 126 139 144 153 159
4 122 143 159 162
5 129 135 142 149 160
6 127 133 137 156 163 165
6 119 130 150 151 161 164
6 134 140 141 155 158 166
8 132 135 141 145 158 160 172 173
4 118 119 147 161
5 130 131 147 154 164
7 136 139 140 153 155 167 168
6 139 143 152 159 168 170
6 131 133 151 156 164 169
5 140 148 152 166 167
5 133 146 154 165 169
6 138 142 160 163 174 177
6 141 148 149 166 172 175
6 143 144 153 162 170 182
6 142 145 149 157 173 177
4 147 150 164 179
3 144 159 182
7 137 138 146 157 165 171 174
8 147 151 154 161 169 179 180 184
6 146 156 163 169 171 178
6 148 155 158 167 175 176
7 152 155 166 168 176 181 185
5 152 153 167 170 181
7 154 156 164 165 178 180 188
6 153 159 168 181 182 189
6 163 165 174 178 183 191
7 149 158 173 175 186 190 194
5 149 160 172 177 190
7 157 163 171 177 187 191 195
6 158 166 172 176 186 192
5 166 167 175 185 192
7 157 160 173 174 187 190 197
6 165 169 171 183 188 204
4 161 164 184 203
5 164 169 184 188 198
6 167 168 170 185 189 193
5 159 162 170 189 202
5 171 178 191 199 204
5 164 179 180 198 203
6 167 176 181 192 193 196
6 172 175 192 194 201 205
4 174 177 195 197
6 169 178 180 198 204 207
6 170 181 182 193 202 206
6 172 173 177 194 197 200
6 171 174 183 195 199 209
6 175 176 185 186 196 201
6 181 185 189 196 206 208
5 172 186 190 200 205
6 174 187 191 197 209 212
6 185 192 193 201 208 210
7 177 187 190 195 200 212 213
6 180 184 188 203 207 219
5 183 191 204 209 214
6 190 194 197 205 211 213
5 186 192 196 205 210
4 182 189 206 216
4 179 184 198 219
6 178 183 188 199 207 214
7 186 194 200 201 210 211 215
5 189 193 202 208 216
5 188 198 204 214 219
6 193 196 206 210 216 218
6 191 195 199 212 214 217
6 196 201 205 208 215 218
6 200 205 213 215 221 223
6 195 197 209 213 217 220
6 197 200 211 212 220 223
7 199 204 207 209 217 219 222
7 205 210 211 218 221 224 225
5 202 206 208 218 225
5 209 212 214 220 222
5 208 210 215 216 225
5 198 203 207 214 222
6 212 213 217 222 223 226
5 211 215 223 224 226
5 214 217 219 220 226
5 211 213 220 221 226
4 215 221 225 226
4 215 216 218 224
5 220 221 222 223 224
END MAP
TURN 1
COMMAND LEFT START
TRAIN 1
COMMAND LEFT END
COMMAND RIGHT START
MOVE B2 103
MOVE B3 211
TRAIN 1
COMMAND RIGHT END
TURN 1 RESULT
TIME LEFT 7 5 RIGHT 5 5
TRAIN A4 B4
MOVE B2 223
MOVE B3 223
END TURN 1
TURN 2
COMMAND LEFT START
TRAIN 1
COMMAND LEFT END
COMMAND RIGHT START
UPGRADE 226
COMMAND RIGHT END
TURN 2 RESULT
TIME LEFT 0 5 RIGHT 0 5
UPGRADE B 226
TRAIN A5
MOVE B2 213
MOVE B3 211
END TURN 2
TURN 3
COMMAND LEFT START
TRAIN 1
COMMAND LEFT END
COMMAND RIGHT START
COMMAND RIGHT END
TURN 3 RESULT
TIME LEFT 0 5 RIGHT 0 5
TRAIN A6
MOVE B2 197
END TURN 3
TURN 4
COMMAND LEFT START
TRAIN 1
COMMAND LEFT END
COMMAND RIGHT START
COMMAND RIGHT END
TURN 4 RESULT
TIME LEFT 0 5 RIGHT 0 5
TRAIN A7
MOVE B2 177
END TURN 4
TURN 5
COMMAND LEFT START
TRAIN 1
COMMAND LEFT END
COMMAND RIGHT START
COMMAND RIGHT END
TURN 5 RESULT
TIME LEFT 0 5 RIGHT 0 5
TRAIN A8
MOVE B2 160
END TURN 5
TURN 6
COMMAND LEFT START
MOVE A2 226
MOVE A3 226
MOVE A4 226
MOVE A5 226
MOVE A6 226
MOVE A7 226
MOVE A8 226
COMMAND LEFT END
COMMAND RIGHT START
COMMAND RIGHT END
TURN 6 RESULT
TIME LEFT 0 5 RIGHT 0 5
MOVE A2 3
MOVE A3 3
MOVE A4 3
MOVE A5 3
MOVE A6 3
MOVE A7 3
MOVE A8 3
MOVE B2 145
END TURN 6
TURN 7
COMMAND LEFT START
COMMAND LEFT END
COMMAND RIGHT START
COMMAND RIGHT END
TURN 7 RESULT
TIME LEFT 0 5 RIGHT 0 5
MOVE A2 13
MOVE A3 13
MOVE A4 13
MOVE A5 13
MOVE A6 13
MOVE A7 13
MOVE A8 13
MOVE B2 129
END TURN 7
TURN 8
COMMAND LEFT START
COMMAND LEFT END
COMMAND RIGHT START
COMMAND RIGHT END
TURN 8 RESULT
TIME LEFT 0 5 RIGHT 0 5
MOVE A2 29
MOVE A3 29
MOVE A4 29
MOVE A5 29
MOVE A6 29
MOVE A7 29
MOVE A8 29
MOVE B2 103
END TURN 8
TURN 9
COMMAND LEFT START
COMMAND LEFT END
COMMAND RIGHT START
COMMAND RIGHT END
TURN 9 RESULT
TIME LEFT 0 5 RIGHT 0 5
MOVE A2 49
MOVE A3 49
MOVE A4 49
MOVE A5 49
MOVE A6 49
MOVE A7 49
MOVE A8 49
END TURN 9
TURN 10
COMMAND LEFT START
COMMAND LEFT END
COMMAND RIGHT START
COMMAND RIGHT END
TURN 10 RESULT
TIME LEFT 0 5 RIGHT 0 5
MOVE A2 66
MOVE A3 66
MOVE A4 66
MOVE A5 66
MOVE A6 66
MOVE A7 66
MOVE A8 66
END TURN 10
TURN 11
COMMAND LEFT START
COMMAND LEFT END
COMMAND RIGHT START
COMMAND RIGHT END
TURN 11 RESULT
TIME LEFT 0 5 RIGHT 0 5
MOVE A2 81
MOVE A3 81
MOVE A4 81
MOVE A5 81
MOVE A6 81
MOVE A7 81
MOVE A8 81
END TURN 11
TURN 12
COMMAND LEFT START
COMMAND LEFT END
COMMAND RIGHT START
COMMAND RIGHT END
TURN 12 RESULT
TIME LEFT 0 5 RIGHT 0 5
MOVE A2 91
MOVE A3 91
MOVE A4 91
MOVE A5 91
MOVE A6 91
MOVE A7 91
MOVE A8 91
END TURN 12
TURN 13
COMMAND LEFT START
COMMAND LEFT END
COMMAND RIGHT START
TRAIN 1
COMMAND RIGHT END
TURN 13 RESULT
TIME LEFT 0 5 RIGHT 0 5
TRAIN B5
MOVE A2 103
MOVE A3 103
MOVE A4 103
MOVE A5 103
MOVE A6 103
MOVE A7 103
MOVE A8 103
DAMAGE COMBAT A2 1
DAMAGE COMBAT B2 4
END TURN 13
TURN 14
COMMAND LEFT START
COMMAND LEFT END
COMMAND RIGHT START
COMMAND RIGHT END
TURN 14 RESULT
TIME LEFT 0 5 RIGHT 0 5
MOVE A2 129
MOVE A3 129
MOVE A4 129
MOVE A5 129
MOVE A6 129
MOVE A7 129
MOVE A8 129
END TURN 14
TURN 15
COMMAND LEFT START
COMMAND LEFT END
COMMAND RIGHT START
COMMAND RIGHT END
TURN 15 RESULT
TIME LEFT 1 5 RIGHT 1 5
MOVE A2 145
MOVE A3 145
MOVE A4 145
MOVE A5 145
MOVE A6 145
MOVE A7 145
MOVE A8 145
END TURN 15
TURN 16
COMMAND LEFT START
COMMAND LEFT END
COMMAND RIGHT START
COMMAND RIGHT END
TURN 16 RESULT
TIME LEFT 0 5 RIGHT 0 5
MOVE A2 160
MOVE A3 160
MOVE A4 160
MOVE A5 160
MOVE A6 160
MOVE A7 160
MOVE A8 160
END TURN 16
TURN 17
COMMAND LEFT START
COMMAND LEFT END
COMMAND RIGHT START
COMMAND RIGHT END
TURN 17 RESULT
TIME LEFT 0 5 RIGHT 0 5
MOVE A2 177
MOVE A3 177
MOVE A4 177
MOVE A5 177
MOVE A6 177
MOVE A7 177
MOVE A8 177
END TURN 17
TURN 18
COMMAND LEFT START
COMMAND LEFT END
COMMAND RIGHT START
COMMAND RIGHT END
TURN 18 RESULT
TIME LEFT 0 5 RIGHT 0 5
MOVE A2 197
MOVE A3 197
MOVE A4 197
MOVE A5 197
MOVE A6 197
MOVE A7 197
MOVE A8 197
END TURN 18
TURN 19
COMMAND LEFT START
COMMAND LEFT END
COMMAND RIGHT START
COMMAND RIGHT END
TURN 19 RESULT
TIME LEFT 0 5 RIGHT 0 5
MOVE A2 213
MOVE A3 213
MOVE A4 213
MOVE A5 213
MOVE A6 213
MOVE A7 213
MOVE A8 213
END TURN 19
TURN 20
COMMAND LEFT START
COMMAND LEFT END
COMMAND RIGHT START
TRAIN 1
COMMAND RIGHT END
TURN 20 RESULT
TIME LEFT 0 5 RIGHT 0 5
TRAIN B6
MOVE A2 223
MOVE A3 223
MOVE A4 223
MOVE A5 223
MOVE A6 223
MOVE A7 223
MOVE A8 223
END TURN 20
TURN 21
COMMAND LEFT START
COMMAND LEFT END
COMMAND RIGHT START
COMMAND RIGHT END
TURN 21 RESULT
TIME LEFT 0 5 RIGHT 0 5
MOVE A2 226
MOVE A3 226
MOVE A4 226
MOVE A5 226
MOVE A6 226
MOVE A7 226
MOVE A8 226
DAMAGE TURRET A2 2
DAMAGE COMBAT A2 1
DAMAGE COMBAT A3 3
DAMAGE COMBAT B1 4
DAMAGE COMBAT B4 3
END TURN 21
TURN 22
COMMAND LEFT START
COMMAND LEFT END
COMMAND RIGHT START
COMMAND RIGHT END
TURN 22 RESULT
TIME LEFT 0 5 RIGHT 0 5
DAMAGE TURRET A3 1
DAMAGE TURRET A4 1
DAMAGE COMBAT A4 3
DAMAGE COMBAT B4 1
DAMAGE COMBAT B5 5
END TURN 22
TURN 23
COMMAND LEFT START
COMMAND LEFT END
COMMAND RIGHT START
TRAIN 1
COMMAND RIGHT END
TURN 23 RESULT
TIME LEFT 0 5 RIGHT 0 5
TRAIN B7
DAMAGE TURRET A5 2
DAMAGE COMBAT A5 2
DAMAGE COMBAT B6 4
END TURN 23
TURN 24
COMMAND LEFT START
COMMAND LEFT END
COMMAND RIGHT START
COMMAND RIGHT END
TURN 24 RESULT
TIME LEFT 0 5 RIGHT 0 5
DAMAGE TURRET A6 2
DAMAGE COMBAT A6 2
DAMAGE COMBAT B6 1
DAMAGE COMBAT B7 2
END TURN 24
TURN 25
COMMAND LEFT START
COMMAND LEFT END
COMMAND RIGHT START
TRAIN 1
COMMAND RIGHT END
TURN 25 RESULT
TIME LEFT 0 5 RIGHT 0 5
TRAIN B8
DAMAGE TURRET A7 2
DAMAGE COMBAT A7 2
DAMAGE COMBAT B7 2
END TURN 25
TURN 26
COMMAND LEFT START
COMMAND LEFT END
COMMAND RIGHT START
COMMAND RIGHT END
TURN 26 RESULT
TIME LEFT 0 5 RIGHT 0 5
DAMAGE TURRET A8 2
DAMAGE COMBAT A8 2
DAMAGE COMBAT B7 1
END TURN 26
TURN 27
COMMAND LEFT START
TRAIN 1
COMMAND LEFT END
COMMAND RIGHT START
COMMAND RIGHT END
TURN 27 RESULT
TIME LEFT 0 5 RIGHT 0 5
TRAIN A9
END TURN 27
TURN 28
COMMAND LEFT START
COMMAND LEFT END
COMMAND RIGHT START
COMMAND RIGHT END
TURN 28 RESULT
TIME LEFT 0 5 RIGHT 0 5
END TURN 28
TURN 29
COMMAND LEFT START
COMMAND LEFT END
COMMAND RIGHT START
COMMAND RIGHT END
TURN 29 RESULT
TIME LEFT 0 5 RIGHT 0 5
END TURN 29
TURN 30
COMMAND LEFT START
COMMAND LEFT END
COMMAND RIGHT START
COMMAND RIGHT END
TURN 30 RESULT
TIME LEFT 0 5 RIGHT 0 5
END TURN 30
TURN 31
COMMAND LEFT START
COMMAND LEFT END
COMMAND RIGHT START
COMMAND RIGHT END
TURN 31 RESULT
TIME LEFT 0 5 RIGHT 0 5
END TURN 31
TURN 32
COMMAND LEFT START
COMMAND LEFT END
COMMAND RIGHT START
COMMAND RIGHT END
TURN 32 RESULT
TIME LEFT 0 5 RIGHT 0 5
END TURN 32
TURN 33
COMMAND LEFT START
COMMAND LEFT END
COMMAND RIGHT START
TRAIN 1
COMMAND RIGHT END
TURN 33 RESULT
TIME LEFT 0 5 RIGHT 0 5
TRAIN B9
END TURN 33
TURN 34
COMMAND LEFT START
COMMAND LEFT END
COMMAND RIGHT START
COMMAND RIGHT END
TURN 34 RESULT
TIME LEFT 0 5 RIGHT 0 5
END TURN 34
TURN 35
COMMAND LEFT START
COMMAND LEFT END
COMMAND RIGHT START
COMMAND RIGHT END
TURN 35 RESULT
TIME LEFT 0 5 RIGHT 0 5
END TURN 35
TURN 36
COMMAND LEFT START
COMMAND LEFT END
COMMAND RIGHT START
COMMAND RIGHT END
TURN 36 RESULT
TIME LEFT 0 5 RIGHT 0 5
END TURN 36
TURN 37
COMMAND LEFT START
COMMAND LEFT END
COMMAND RIGHT START
COMMAND RIGHT END
TURN 37 RESULT
TIME LEFT 0 5 RIGHT 0 5
END TURN 37
TURN 38
COMMAND LEFT START
TRAIN 1
COMMAND LEFT END
COMMAND RIGHT START
COMMAND RIGHT END
TURN 38 RESULT
TIME LEFT 0 5 RIGHT 0 5
TRAIN A10
END TURN 38
TURN 39
COMMAND LEFT START
COMMAND LEFT END
COMMAND RIGHT START
COMMAND RIGHT END
TURN 39 RESULT
TIME LEFT 0 5 RIGHT 0 5
END TURN 39
TURN 40
COMMAND LEFT START
COMMAND LEFT END
COMMAND RIGHT START
COMMAND RIGHT END
TURN 40 RESULT
TIME LEFT 0 5 RIGHT 0 5
END TURN 40
TURN 41
COMMAND LEFT START
COMMAND LEFT END
COMMAND RIGHT START
COMMAND RIGHT END
TURN 41 RESULT
TIME LEFT 0 5 RIGHT 0 5
END TURN 41
TURN 42
COMMAND LEFT START
COMMAND LEFT END
COMMAND RIGHT START
COMMAND RIGHT END
TURN 42 RESULT
TIME LEFT 0 5 RIGHT 0 5
END TURN 42
TURN 43
COMMAND LEFT START
COMMAND LEFT END
COMMAND RIGHT START
COMMAND RIGHT END
TURN 43 RESULT
TIME LEFT 0 5 RIGHT 0 5
END TURN 43
TURN 44
COMMAND LEFT START
COMMAND LEFT END
COMMAND RIGHT START
COMMAND RIGHT END
TURN 44 RESULT
TIME LEFT 0 5 RIGHT 0 5
END TURN 44
TURN 45
COMMAND LEFT START
COMMAND LEFT END
COMMAND RIGHT START
COMMAND RIGHT END
TURN 45 RESULT
TIME LEFT 0 5 RIGHT 0 5
END TURN 45
TURN 46
COMMAND LEFT START
COMMAND LEFT END
COMMAND RIGHT START
COMMAND RIGHT END
TURN 46 RESULT
TIME LEFT 0 5 RIGHT 0 5
END TURN 46
TURN 47
COMMAND LEFT START
COMMAND LEFT END
COMMAND RIGHT START
COMMAND RIGHT END
TURN 47 RESULT
TIME LEFT 0 5 RIGHT 0 5
END TURN 47
TURN 48
COMMAND LEFT START
COMMAND LEFT END
COMMAND RIGHT START
COMMAND RIGHT END
TURN 48 RESULT
TIME LEFT 0 5 RIGHT 0 5
END TURN 48
TURN 49
COMMAND LEFT START
COMMAND LEFT END
COMMAND RIGHT START
COMMAND RIGHT END
TURN 49 RESULT
TIME LEFT 0 5 RIGHT 0 5
END TURN 49
TURN 50
COMMAND LEFT START
COMMAND LEFT END
COMMAND RIGHT START
COMMAND RIGHT END
TURN 50 RESULT
TIME LEFT 0 5 RIGHT 0 5
END TURN 50
TURN 51
COMMAND LEFT START
TRAIN 1
COMMAND LEFT END
COMMAND RIGHT START
COMMAND RIGHT END
TURN 51 RESULT
TIME LEFT 0 5 RIGHT 0 5
TRAIN A11
END TURN 51
TURN 52
COMMAND LEFT START
COMMAND LEFT END
COMMAND RIGHT START
COMMAND RIGHT END
TURN 52 RESULT
TIME LEFT 0 5 RIGHT 0 5
END TURN 52
TURN 53
COMMAND LEFT START
COMMAND LEFT END
COMMAND RIGHT START
COMMAND RIGHT END
TURN 53 RESULT
TIME LEFT 0 5 RIGHT 0 5
END TURN 53
TURN 54
COMMAND LEFT START
COMMAND LEFT END
COMMAND RIGHT START
UPGRADE 211
COMMAND RIGHT END
TURN 54 RESULT
TIME LEFT 0 5 RIGHT 0 5
UPGRADE B 211
END TURN 54
TURN 55
COMMAND LEFT START
COMMAND LEFT END
COMMAND RIGHT START
COMMAND RIGHT END
TURN 55 RESULT
TIME LEFT 0 5 RIGHT 0 5
END TURN 55
TURN 56
COMMAND LEFT START
COMMAND LEFT END
COMMAND RIGHT START
COMMAND RIGHT END
TURN 56 RESULT
TIME LEFT 0 5 RIGHT 0 5
END TURN 56
TURN 57
COMMAND LEFT START
COMMAND LEFT END
COMMAND RIGHT START
COMMAND RIGHT END
TURN 57 RESULT
TIME LEFT 0 5 RIGHT 0 5
END TURN 57
TURN 58
COMMAND LEFT START
COMMAND LEFT END
COMMAND RIGHT START
COMMAND RIGHT END
TURN 58 RESULT
TIME LEFT 0 5 RIGHT 0 5
END TURN 58
TURN 59
COMMAND LEFT START
COMMAND LEFT END
COMMAND RIGHT START
COMMAND RIGHT END
TURN 59 RESULT
TIME LEFT 0 5 RIGHT 0 5
END TURN 59
TURN 60
COMMAND LEFT START
COMMAND LEFT END
COMMAND RIGHT START
COMMAND RIGHT END
TURN 60 RESULT
TIME LEFT 0 5 RIGHT 0 5
END TURN 60
TURN 61
COMMAND LEFT START
COMMAND LEFT END
COMMAND RIGHT START
COMMAND RIGHT END
TURN 61 RESULT
TIME LEFT 0 5 RIGHT 0 5
END TURN 61
TURN 62
COMMAND LEFT START
COMMAND LEFT END
COMMAND RIGHT START
COMMAND RIGHT END
TURN 62 RESULT
TIME LEFT 0 5 RIGHT 0 5
END TURN 62
TURN 63
COMMAND LEFT START
COMMAND LEFT END
COMMAND RIGHT START
COMMAND RIGHT END
TURN 63 RESULT
TIME LEFT 0 5 RIGHT 0 5
END TURN 63
TURN 64
COMMAND LEFT START
COMMAND LEFT END
COMMAND RIGHT START
COMMAND RIGHT END
TURN 64 RESULT
TIME LEFT 0 5 RIGHT 0 5
END TURN 64
TURN 65
COMMAND LEFT START
COMMAND LEFT END
COMMAND RIGHT START
COMMAND RIGHT END
TURN 65 RESULT
TIME LEFT 0 5 RIGHT 0 5
END TURN 65
TURN 66
COMMAND LEFT START
COMMAND LEFT END
COMMAND RIGHT START
COMMAND RIGHT END
TURN 66 RESULT
TIME LEFT 0 5 RIGHT 0 5
END TURN 66
TURN 67
COMMAND LEFT START
COMMAND LEFT END
COMMAND RIGHT START
COMMAND RIGHT END
TURN 67 RESULT
TIME LEFT 0 5 RIGHT 0 5
END TURN 67
TURN 68
COMMAND LEFT START
TRAIN 1
COMMAND LEFT END
COMMAND RIGHT START
COMMAND RIGHT END
TURN 68 RESULT
TIME LEFT 0 5 RIGHT 0 5
TRAIN A12
END TURN 68
TURN 69
COMMAND LEFT START
COMMAND LEFT END
COMMAND RIGHT START
COMMAND RIGHT END
TURN 69 RESULT
TIME LEFT 0 5 RIGHT 0 5
END TURN 69
TURN 70
COMMAND LEFT START
COMMAND LEFT END
COMMAND RIGHT START
COMMAND RIGHT END
TURN 70 RESULT
TIME LEFT 0 5 RIGHT 0 5
END TURN 70
TURN 71
COMMAND LEFT START
COMMAND LEFT END
COMMAND RIGHT START
COMMAND RIGHT END
TURN 71 RESULT
TIME LEFT 0 5 RIGHT 0 5
END TURN 71
TURN 72
COMMAND LEFT START
COMMAND LEFT END
COMMAND RIGHT START
COMMAND RIGHT END
TURN 72 RESULT
TIME LEFT 0 5 RIGHT 0 5
END TURN 72
TURN 73
COMMAND LEFT START
COMMAND LEFT END
COMMAND RIGHT START
COMMAND RIGHT END
TURN 73 RESULT
TIME LEFT 0 5 RIGHT 0 5
END TURN 73
TURN 74
COMMAND LEFT START
COMMAND LEFT END
COMMAND RIGHT START
COMMAND RIGHT END
TURN 74 RESULT
TIME LEFT 0 5 RIGHT 0 5
END TURN 74
TURN 75
COMMAND LEFT START
COMMAND LEFT END
COMMAND RIGHT START
COMMAND RIGHT END
TURN 75 RESULT
TIME LEFT 0 5 RIGHT 0 5
END TURN 75
TURN 76
COMMAND LEFT START
COMMAND LEFT END
COMMAND RIGHT START
COMMAND RIGHT END
TURN 76 RESULT
TIME LEFT 0 5 RIGHT 0 5
END TURN 76
TURN 77
COMMAND LEFT START
COMMAND LEFT END
COMMAND RIGHT START
COMMAND RIGHT END
TURN 77 RESULT
TIME LEFT 0 5 RIGHT 0 5
END TURN 77
TURN 78
COMMAND LEFT START
COMMAND LEFT END
COMMAND RIGHT START
COMMAND RIGHT END
TURN 78 RESULT
TIME LEFT 0 5 RIGHT 0 5
END TURN 78
TURN 79
COMMAND LEFT START
COMMAND LEFT END
COMMAND RIGHT START
COMMAND RIGHT END
TURN 79 RESULT
TIME LEFT 0 5 RIGHT 0 5
END TURN 79
TURN 80
COMMAND LEFT START
COMMAND LEFT END
COMMAND RIGHT START
UPGRADE 226
COMMAND RIGHT END
TURN 80 RESULT
TIME LEFT 0 5 RIGHT 0 5
UPGRADE B 226
END TURN 80
TURN 81
COMMAND LEFT START
COMMAND LEFT END
COMMAND RIGHT START
COMMAND RIGHT END
TURN 81 RESULT
TIME LEFT 0 5 RIGHT 0 5
END TURN 81
TURN 82
COMMAND LEFT START
COMMAND LEFT END
COMMAND RIGHT START
COMMAND RIGHT END
TURN 82 RESULT
TIME LEFT 0 5 RIGHT 0 5
END TURN 82
TURN 83
COMMAND LEFT START
COMMAND LEFT END
COMMAND RIGHT START
TRAIN 1
COMMAND RIGHT END
TURN 83 RESULT
TIME LEFT 0 5 RIGHT 0 5
TRAIN B10
END TURN 83
TURN 84
COMMAND LEFT START
COMMAND LEFT END
COMMAND RIGHT START
COMMAND RIGHT END
TURN 84 RESULT
TIME LEFT 0 5 RIGHT 0 5
END TURN 84
TURN 85
COMMAND LEFT START
COMMAND LEFT END
COMMAND RIGHT START
COMMAND RIGHT END
TURN 85 RESULT
TIME LEFT 0 5 RIGHT 0 5
END TURN 85
TURN 86
COMMAND LEFT START
COMMAND LEFT END
COMMAND RIGHT START
COMMAND RIGHT END
TURN 86 RESULT
TIME LEFT 0 5 RIGHT 0 5
END TURN 86
TURN 87
COMMAND LEFT START
COMMAND LEFT END
COMMAND RIGHT START
COMMAND RIGHT END
TURN 87 RESULT
TIME LEFT 0 5 RIGHT 0 5
END TURN 87
TURN 88
COMMAND LEFT START
COMMAND LEFT END
COMMAND RIGHT START
COMMAND RIGHT END
TURN 88 RESULT
TIME LEFT 0 5 RIGHT 0 5
END TURN 88
TURN 89
COMMAND LEFT START
COMMAND LEFT END
COMMAND RIGHT START
COMMAND RIGHT END
TURN 89 RESULT
TIME LEFT 0 5 RIGHT 0 5
END TURN 89
TURN 90
COMMAND LEFT START
COMMAND LEFT END
COMMAND RIGHT START
COMMAND RIGHT END
TURN 90 RESULT
TIME LEFT 0 5 RIGHT 0 5
END TURN 90
TURN 91
COMMAND LEFT START
COMMAND LEFT END
COMMAND RIGHT START
COMMAND RIGHT END
TURN 91 RESULT
TIME LEFT 0 5 RIGHT 0 5
END TURN 91
TURN 92
COMMAND LEFT START
TRAIN 1
COMMAND LEFT END
COMMAND RIGHT START
COMMAND RIGHT END
TURN 92 RESULT
TIME LEFT 0 5 RIGHT 0 5
TRAIN A13
END TURN 92
TURN 93
COMMAND LEFT START
COMMAND LEFT END
COMMAND RIGHT START
COMMAND RIGHT END
TURN 93 RESULT
TIME LEFT 0 5 RIGHT 0 5
END TURN 93
TURN 94
COMMAND LEFT START
COMMAND LEFT END
COMMAND RIGHT START
COMMAND RIGHT END
TURN 94 RESULT
TIME LEFT 0 5 RIGHT 0 5
END TURN 94
TURN 95
COMMAND LEFT START
COMMAND LEFT END
COMMAND RIGHT START
COMMAND RIGHT END
TURN 95 RESULT
TIME LEFT 0 5 RIGHT 0 5
END TURN 95
TURN 96
COMMAND LEFT START
COMMAND LEFT END
COMMAND RIGHT START
COMMAND RIGHT END
TURN 96 RESULT
TIME LEFT 0 5 RIGHT 0 5
END TURN 96
TURN 97
COMMAND LEFT START
COMMAND LEFT END
COMMAND RIGHT START
COMMAND RIGHT END
TURN 97 RESULT
TIME LEFT 0 5 RIGHT 0 5
END TURN 97
TURN 98
COMMAND LEFT START
COMMAND LEFT END
COMMAND RIGHT START
COMMAND RIGHT END
TURN 98 RESULT
TIME LEFT 0 5 RIGHT 0 5
END TURN 98
TURN 99
COMMAND LEFT START
COMMAND LEFT END
COMMAND RIGHT START
COMMAND RIGHT END
TURN 99 RESULT
TIME LEFT 0 5 RIGHT 0 5
END TURN 99
TURN 100
COMMAND LEFT START
COMMAND LEFT END
COMMAND RIGHT START
COMMAND RIGHT END
TURN 100 RESULT
TIME LEFT 0 5 RIGHT 0 5
END TURN 100
TURN 101
COMMAND LEFT START
COMMAND LEFT END
COMMAND RIGHT START
COMMAND RIGHT END
TURN 101 RESULT
TIME LEFT 0 5 RIGHT 0 5
END TURN 101
TURN 102
COMMAND LEFT START
COMMAND LEFT END
COMMAND RIGHT START
COMMAND RIGHT END
TURN 102 RESULT
TIME LEFT 0 5 RIGHT 0 5
END TURN 102
TURN 103
COMMAND LEFT START
COMMAND LEFT END
COMMAND RIGHT START
COMMAND RIGHT END
TURN 103 RESULT
TIME LEFT 0 5 RIGHT 0 5
END TURN 103
TURN 104
COMMAND LEFT START
COMMAND LEFT END
COMMAND RIGHT START
COMMAND RIGHT END
TURN 104 RESULT
TIME LEFT 0 5 RIGHT 0 5
END TURN 104
TURN 105
COMMAND LEFT START
COMMAND LEFT END
COMMAND RIGHT START
COMMAND RIGHT END
TURN 105 RESULT
TIME LEFT 0 5 RIGHT 0 5
END TURN 105
TURN 106
COMMAND LEFT START
COMMAND LEFT END
COMMAND RIGHT START
COMMAND RIGHT END
TURN 106 RESULT
TIME LEFT 0 5 RIGHT 0 5
END TURN 106
TURN 107
COMMAND LEFT START
COMMAND LEFT END
COMMAND RIGHT START
COMMAND RIGHT END
TURN 107 RESULT
TIME LEFT 0 5 RIGHT 0 5
END TURN 107
TURN 108
COMMAND LEFT START
COMMAND LEFT END
COMMAND RIGHT START
COMMAND RIGHT END
TURN 108 RESULT
TIME LEFT 0 5 RIGHT 0 5
END TURN 108
TURN 109
COMMAND LEFT START
COMMAND LEFT END
COMMAND RIGHT START
COMMAND RIGHT END
TURN 109 RESULT
TIME LEFT 0 5 RIGHT 0 5
END TURN 109
TURN 110
COMMAND LEFT START
COMMAND LEFT END
COMMAND RIGHT START
COMMAND RIGHT END
TURN 110 RESULT
TIME LEFT 0 5 RIGHT 0 5
END TURN 110
TURN 111
COMMAND LEFT START
COMMAND LEFT END
COMMAND RIGHT START
COMMAND RIGHT END
TURN 111 RESULT
TIME LEFT 0 5 RIGHT 0 5
END TURN 111
TURN 112
COMMAND LEFT START
COMMAND LEFT END
COMMAND RIGHT START
COMMAND RIGHT END
TURN 112 RESULT
TIME LEFT 0 5 RIGHT 0 5
END TURN 112
TURN 113
COMMAND LEFT START
COMMAND LEFT END
COMMAND RIGHT START
COMMAND RIGHT END
TURN 113 RESULT
TIME LEFT 0 5 RIGHT 0 5
END TURN 113
TURN 114
COMMAND LEFT START
COMMAND LEFT END
COMMAND RIGHT START
COMMAND RIGHT END
TURN 114 RESULT
TIME LEFT 0 5 RIGHT 0 5
END TURN 114
TURN 115
COMMAND LEFT START
COMMAND LEFT END
COMMAND RIGHT START
COMMAND RIGHT END
TURN 115 RESULT
TIME LEFT 0 5 RIGHT 0 5
END TURN 115
TURN 116
COMMAND LEFT START
COMMAND LEFT END
COMMAND RIGHT START
COMMAND RIGHT END
TURN 116 RESULT
TIME LEFT 0 5 RIGHT 0 5
END TURN 116
TURN 117
COMMAND LEFT START
COMMAND LEFT END
COMMAND RIGHT START
COMMAND RIGHT END
TURN 117 RESULT
TIME LEFT 0 5 RIGHT 0 5
END TURN 117
TURN 118
COMMAND LEFT START
COMMAND LEFT END
COMMAND RIGHT START
COMMAND RIGHT END
TURN 118 RESULT
TIME LEFT 0 5 RIGHT 0 5
END TURN 118
TURN 119
COMMAND LEFT START
COMMAND LEFT END
COMMAND RIGHT START
COMMAND RIGHT END
TURN 119 RESULT
TIME LEFT 0 5 RIGHT 0 5
END TURN 119
TURN 120
COMMAND LEFT START
COMMAND LEFT END
COMMAND RIGHT START
COMMAND RIGHT END
TURN 120 RESULT
TIME LEFT 0 5 RIGHT 0 5
END TURN 120
TURN 121
COMMAND LEFT START
COMMAND LEFT END
COMMAND RIGHT START
COMMAND RIGHT END
TURN 121 RESULT
TIME LEFT 0 5 RIGHT 0 5
END TURN 121
TURN 122
COMMAND LEFT START
COMMAND LEFT END
COMMAND RIGHT START
UPGRADE 226
COMMAND RIGHT END
TURN 122 RESULT
TIME LEFT 0 5 RIGHT 0 5
UPGRADE B 226
END TURN 122
TURN 123
COMMAND LEFT START
COMMAND LEFT END
COMMAND RIGHT START
COMMAND RIGHT END
TURN 123 RESULT
TIME LEFT 0 5 RIGHT 0 5
END TURN 123
TURN 124
COMMAND LEFT START
COMMAND LEFT END
COMMAND RIGHT START
TRAIN 1
COMMAND RIGHT END
TURN 124 RESULT
TIME LEFT 0 5 RIGHT 0 5
TRAIN B11
END TURN 124
TURN 125
COMMAND LEFT START
COMMAND LEFT END
COMMAND RIGHT START
COMMAND RIGHT END
TURN 125 RESULT
TIME LEFT 0 5 RIGHT 0 5
END TURN 125
TURN 126
COMMAND LEFT START
COMMAND LEFT END
COMMAND RIGHT START
COMMAND RIGHT END
TURN 126 RESULT
TIME LEFT 0 5 RIGHT 0 5
END TURN 126
TURN 127
COMMAND LEFT START
COMMAND LEFT END
COMMAND RIGHT START
COMMAND RIGHT END
TURN 127 RESULT
TIME LEFT 0 5 RIGHT 0 5
END TURN 127
TURN 128
COMMAND LEFT START
COMMAND LEFT END
COMMAND RIGHT START
COMMAND RIGHT END
TURN 128 RESULT
TIME LEFT 0 5 RIGHT 0 5
END TURN 128
TURN 129
COMMAND LEFT START
COMMAND LEFT END
COMMAND RIGHT START
COMMAND RIGHT END
TURN 129 RESULT
TIME LEFT 0 5 RIGHT 0 5
END TURN 129
TURN 130
COMMAND LEFT START
COMMAND LEFT END
COMMAND RIGHT START
COMMAND RIGHT END
TURN 130 RESULT
TIME LEFT 0 5 RIGHT 0 5
END TURN 130
TURN 131
COMMAND LEFT START
TRAIN 1
COMMAND LEFT END
COMMAND RIGHT START
COMMAND RIGHT END
TURN 131 RESULT
TIME LEFT 0 5 RIGHT 0 5
TRAIN A14
END TURN 131
TURN 132
COMMAND LEFT START
COMMAND LEFT END
COMMAND RIGHT START
COMMAND RIGHT END
TURN 132 RESULT
TIME LEFT 0 5 RIGHT 0 5
END TURN 132
TURN 133
COMMAND LEFT START
COMMAND LEFT END
COMMAND RIGHT START
COMMAND RIGHT END
TURN 133 RESULT
TIME LEFT 0 5 RIGHT 0 5
END TURN 133
TURN 134
COMMAND LEFT START
COMMAND LEFT END
COMMAND RIGHT START
COMMAND RIGHT END
TURN 134 RESULT
TIME LEFT 0 5 RIGHT 0 5
END TURN 134
TURN 135
COMMAND LEFT START
COMMAND LEFT END
COMMAND RIGHT START
COMMAND RIGHT END
TURN 135 RESULT
TIME LEFT 0 5 RIGHT 0 5
END TURN 135
TURN 136
COMMAND LEFT START
COMMAND LEFT END
COMMAND RIGHT START
COMMAND RIGHT END
TURN 136 RESULT
TIME LEFT 0 5 RIGHT 0 5
END TURN 136
TURN 137
COMMAND LEFT START
COMMAND LEFT END
COMMAND RIGHT START
COMMAND RIGHT END
TURN 137 RESULT
TIME LEFT 0 5 RIGHT 0 5
END TURN 137
TURN 138
COMMAND LEFT START
COMMAND LEFT END
COMMAND RIGHT START
COMMAND RIGHT END
TURN 138 RESULT
TIME LEFT 0 5 RIGHT 0 5
END TURN 138
TURN 139
COMMAND LEFT START
COMMAND LEFT END
COMMAND RIGHT START
COMMAND RIGHT END
TURN 139 RESULT
TIME LEFT 0 5 RIGHT 0 5
END TURN 139
TURN 140
COMMAND LEFT START
COMMAND LEFT END
COMMAND RIGHT START
COMMAND RIGHT END
TURN 140 RESULT
TIME LEFT 0 5 RIGHT 0 5
END TURN 140
TURN 141
COMMAND LEFT START
COMMAND LEFT END
COMMAND RIGHT START
COMMAND RIGHT END
TURN 141 RESULT
TIME LEFT 0 5 RIGHT 0 5
END TURN 141
TURN 142
COMMAND LEFT START
COMMAND LEFT END
COMMAND RIGHT START
COMMAND RIGHT END
TURN 142 RESULT
TIME LEFT 0 5 RIGHT 0 5
END TURN 142
TURN 143
COMMAND LEFT START
COMMAND LEFT END
COMMAND RIGHT START
COMMAND RIGHT END
TURN 143 RESULT
TIME LEFT 0 5 RIGHT 0 5
END TURN 143
TURN 144
COMMAND LEFT START
COMMAND LEFT END
COMMAND RIGHT START
COMMAND RIGHT END
TURN 144 RESULT
TIME LEFT 0 5 RIGHT 0 5
END TURN 144
TURN 145
COMMAND LEFT START
COMMAND LEFT END
COMMAND RIGHT START
COMMAND RIGHT END
TURN 145 RESULT
TIME LEFT 0 5 RIGHT 0 5
END TURN 145
TURN 146
COMMAND LEFT START
COMMAND LEFT END
COMMAND RIGHT START
COMMAND RIGHT END
TURN 146 RESULT
TIME LEFT 0 5 RIGHT 0 5
END TURN 146
TURN 147
COMMAND LEFT START
COMMAND LEFT END
COMMAND RIGHT START
COMMAND RIGHT END
TURN 147 RESULT
TIME LEFT 0 5 RIGHT 0 5
END TURN 147
TURN 148
COMMAND LEFT START
COMMAND LEFT END
COMMAND RIGHT START
COMMAND RIGHT END
TURN 148 RESULT
TIME LEFT 0 5 RIGHT 0 5
END TURN 148
TURN 149
COMMAND LEFT START
COMMAND LEFT END
COMMAND RIGHT START
COMMAND RIGHT END
TURN 149 RESULT
TIME LEFT 0 5 RIGHT 0 5
END TURN 149
TURN 150
COMMAND LEFT START
COMMAND LEFT END
COMMAND RIGHT START
COMMAND RIGHT END
TURN 150 RESULT
TIME LEFT 0 5 RIGHT 0 5
END TURN 150
TURN 151
COMMAND LEFT START
COMMAND LEFT END
COMMAND RIGHT START
COMMAND RIGHT END
TURN 151 RESULT
TIME LEFT 0 5 RIGHT 0 5
END TURN 151
TURN 152
COMMAND LEFT START
COMMAND LEFT END
COMMAND RIGHT START
COMMAND RIGHT END
TURN 152 RESULT
TIME LEFT 0 5 RIGHT 0 5
END TURN 152
TURN 153
COMMAND LEFT START
COMMAND LEFT END
COMMAND RIGHT START
COMMAND RIGHT END
TURN 153 RESULT
TIME LEFT 0 5 RIGHT 0 5
END TURN 153
TURN 154
COMMAND LEFT START
COMMAND LEFT END
COMMAND RIGHT START
COMMAND RIGHT END
TURN 154 RESULT
TIME LEFT 0 5 RIGHT 0 5
END TURN 154
TURN 155
COMMAND LEFT START
COMMAND LEFT END
COMMAND RIGHT START
COMMAND RIGHT END
TURN 155 RESULT
TIME LEFT 0 5 RIGHT 0 5
END TURN 155
TURN 156
COMMAND LEFT START
COMMAND LEFT END
COMMAND RIGHT START
COMMAND RIGHT END
TURN 156 RESULT
TIME LEFT 0 5 RIGHT 0 5
END TURN 156
TURN 157
COMMAND LEFT START
COMMAND LEFT END
COMMAND RIGHT START
COMMAND RIGHT END
TURN 157 RESULT
TIME LEFT 0 5 RIGHT 0 5
END TURN 157
TURN 158
COMMAND LEFT START
COMMAND LEFT END
COMMAND RIGHT START
COMMAND RIGHT END
TURN 158 RESULT
TIME LEFT 0 5 RIGHT 0 5
END TURN 158
TURN 159
COMMAND LEFT START
COMMAND LEFT END
COMMAND RIGHT START
COMMAND RIGHT END
TURN 159 RESULT
TIME LEFT 0 5 RIGHT 0 5
END TURN 159
TURN 160
COMMAND LEFT START
COMMAND LEFT END
COMMAND RIGHT START
COMMAND RIGHT END
TURN 160 RESULT
TIME LEFT 0 5 RIGHT 0 5
END TURN 160
TURN 161
COMMAND LEFT START
COMMAND LEFT END
COMMAND RIGHT START
COMMAND RIGHT END
TURN 161 RESULT
TIME LEFT 0 5 RIGHT 0 5
END TURN 161
TURN 162
COMMAND LEFT START
COMMAND LEFT END
COMMAND RIGHT START
COMMAND RIGHT END
TURN 162 RESULT
TIME LEFT 0 5 RIGHT 0 5
END TURN 162
TURN 163
COMMAND LEFT START
COMMAND LEFT END
COMMAND RIGHT START
COMMAND RIGHT END
TURN 163 RESULT
TIME LEFT 0 5 RIGHT 0 5
END TURN 163
TURN 164
COMMAND LEFT START
COMMAND LEFT END
COMMAND RIGHT START
COMMAND RIGHT END
TURN 164 RESULT
TIME LEFT 0 5 RIGHT 0 5
END TURN 164
TURN 165
COMMAND LEFT START
COMMAND LEFT END
COMMAND RIGHT START
COMMAND RIGHT END
TURN 165 RESULT
TIME LEFT 0 5 RIGHT 0 5
END TURN 165
TURN 166
COMMAND LEFT START
COMMAND LEFT END
COMMAND RIGHT START
COMMAND RIGHT END
TURN 166 RESULT
TIME LEFT 0 5 RIGHT 0 5
END TURN 166
TURN 167
COMMAND LEFT START
COMMAND LEFT END
COMMAND RIGHT START
COMMAND RIGHT END
TURN 167 RESULT
TIME LEFT 0 5 RIGHT 0 5
END TURN 167
TURN 168
COMMAND LEFT START
COMMAND LEFT END
COMMAND RIGHT START
COMMAND RIGHT END
TURN 168 RESULT
TIME LEFT 0 5 RIGHT 0 5
END TURN 168
TURN 169
COMMAND LEFT START
COMMAND LEFT END
COMMAND RIGHT START
COMMAND RIGHT END
TURN 169 RESULT
TIME LEFT 0 5 RIGHT 0 5
END TURN 169
TURN 170
COMMAND LEFT START
COMMAND LEFT END
COMMAND RIGHT START
UPGRADE 226
COMMAND RIGHT END
TURN 170 RESULT
TIME LEFT 0 5 RIGHT 0 5
UPGRADE B 226
END TURN 170
TURN 171
COMMAND LEFT START
COMMAND LEFT END
COMMAND RIGHT START
COMMAND RIGHT END
TURN 171 RESULT
TIME LEFT 0 5 RIGHT 0 5
END TURN 171
TURN 172
COMMAND LEFT START
COMMAND LEFT END
COMMAND RIGHT START
TRAIN 1
COMMAND RIGHT END
TURN 172 RESULT
TIME LEFT 0 5 RIGHT 0 5
TRAIN B12
END TURN 172
TURN 173
COMMAND LEFT START
COMMAND LEFT END
COMMAND RIGHT START
COMMAND RIGHT END
TURN 173 RESULT
TIME LEFT 0 5 RIGHT 0 5
END TURN 173
TURN 174
COMMAND LEFT START
COMMAND LEFT END
COMMAND RIGHT START
TRAIN 1
COMMAND RIGHT END
TURN 174 RESULT
TIME LEFT 0 5 RIGHT 0 5
TRAIN B13
END TURN 174
TURN 175
COMMAND LEFT START
COMMAND LEFT END
COMMAND RIGHT START
MOVE B13 219
COMMAND RIGHT END
TURN 175 RESULT
TIME LEFT 0 5 RIGHT 0 5
MOVE B13 222
END TURN 175
TURN 176
COMMAND LEFT START
COMMAND LEFT END
COMMAND RIGHT START
COMMAND RIGHT END
TURN 176 RESULT
TIME LEFT 0 5 RIGHT 0 5
MOVE B13 219
END TURN 176
TURN 177
COMMAND LEFT START
COMMAND LEFT END
COMMAND RIGHT START
COMMAND RIGHT END
TURN 177 RESULT
TIME LEFT 0 5 RIGHT 0 5
END TURN 177
TURN 178
COMMAND LEFT START
COMMAND LEFT END
COMMAND RIGHT START
COMMAND RIGHT END
TURN 178 RESULT
TIME LEFT 0 5 RIGHT 0 5
END TURN 178
TURN 179
COMMAND LEFT START
COMMAND LEFT END
COMMAND RIGHT START
COMMAND RIGHT END
TURN 179 RESULT
TIME LEFT 0 5 RIGHT 0 5
END TURN 179
TURN 180
COMMAND LEFT START
COMMAND LEFT END
COMMAND RIGHT START
UPGRADE 219
COMMAND RIGHT END
TURN 180 RESULT
TIME LEFT 0 5 RIGHT 0 5
UPGRADE B 219
END TURN 180
TURN 181
COMMAND LEFT START
COMMAND LEFT END
COMMAND RIGHT START
COMMAND RIGHT END
TURN 181 RESULT
TIME LEFT 0 5 RIGHT 0 5
END TURN 181
TURN 182
COMMAND LEFT START
COMMAND LEFT END
COMMAND RIGHT START
TRAIN 1
COMMAND RIGHT END
TURN 182 RESULT
TIME LEFT 0 5 RIGHT 0 5
TRAIN B14
END TURN 182
TURN 183
COMMAND LEFT START
COMMAND LEFT END
COMMAND RIGHT START
MOVE B14 190
TRAIN 1
COMMAND RIGHT END
TURN 183 RESULT
TIME LEFT 0 5 RIGHT 0 5
TRAIN B15
MOVE B14 223
END TURN 183
TURN 184
COMMAND LEFT START
COMMAND LEFT END
COMMAND RIGHT START
COMMAND RIGHT END
TURN 184 RESULT
TIME LEFT 0 5 RIGHT 0 5
MOVE B14 211
END TURN 184
TURN 185
COMMAND LEFT START
COMMAND LEFT END
COMMAND RIGHT START
COMMAND RIGHT END
TURN 185 RESULT
TIME LEFT 0 5 RIGHT 0 5
MOVE B14 200
END TURN 185
TURN 186
COMMAND LEFT START
COMMAND LEFT END
COMMAND RIGHT START
COMMAND RIGHT END
TURN 186 RESULT
TIME LEFT 0 5 RIGHT 0 5
MOVE B14 190
END TURN 186
TURN 187
COMMAND LEFT START
COMMAND LEFT END
COMMAND RIGHT START
COMMAND RIGHT END
TURN 187 RESULT
TIME LEFT 0 5 RIGHT 0 5
END TURN 187
TURN 188
COMMAND LEFT START
COMMAND LEFT END
COMMAND RIGHT START
COMMAND RIGHT END
TURN 188 RESULT
TIME LEFT 0 5 RIGHT 0 5
END TURN 188
TURN 189
COMMAND LEFT START
COMMAND LEFT END
COMMAND RIGHT START
MOVE B15 202
UPGRADE 190
COMMAND RIGHT END
TURN 189 RESULT
TIME LEFT 0 5 RIGHT 0 5
UPGRADE B 190
MOVE B15 224
END TURN 189
TURN 190
COMMAND LEFT START
COMMAND LEFT END
COMMAND RIGHT START
COMMAND RIGHT END
TURN 190 RESULT
TIME LEFT 0 5 RIGHT 0 5
MOVE B15 225
END TURN 190
TURN 191
COMMAND LEFT START
COMMAND LEFT END
COMMAND RIGHT START
COMMAND RIGHT END
TURN 191 RESULT
TIME LEFT 0 5 RIGHT 0 5
MOVE B15 216
END TURN 191
TURN 192
COMMAND LEFT START
COMMAND LEFT END
COMMAND RIGHT START
COMMAND RIGHT END
TURN 192 RESULT
TIME LEFT 0 5 RIGHT 0 5
MOVE B15 202
END TURN 192
TURN 193
COMMAND LEFT START
COMMAND LEFT END
COMMAND RIGHT START
COMMAND RIGHT END
TURN 193 RESULT
TIME LEFT 0 5 RIGHT 0 5
END TURN 193
TURN 194
COMMAND LEFT START
COMMAND LEFT END
COMMAND RIGHT START
UPGRADE 202
COMMAND RIGHT END
TURN 194 RESULT
TIME LEFT 0 5 RIGHT 0 5
UPGRADE B 202
END TURN 194
TURN 195
COMMAND LEFT START
COMMAND LEFT END
COMMAND RIGHT START
TRAIN 1
COMMAND RIGHT END
TURN 195 RESULT
TIME LEFT 0 5 RIGHT 0 5
TRAIN B16
END TURN 195
TURN 196
COMMAND LEFT START
COMMAND LEFT END
COMMAND RIGHT START
MOVE B16 160
TRAIN 1
COMMAND RIGHT END
TURN 196 RESULT
TIME LEFT 0 5 RIGHT 0 5
TRAIN B17
MOVE B16 223
END TURN 196
TURN 197
COMMAND LEFT START
COMMAND LEFT END
COMMAND RIGHT START
MOVE B17 184
TRAIN 1
COMMAND RIGHT END
TURN 197 RESULT
TIME LEFT 0 5 RIGHT 0 5
TRAIN B18
MOVE B16 213
MOVE B17 220
END TURN 197
TURN 198
COMMAND LEFT START
COMMAND LEFT END
COMMAND RIGHT START
COMMAND RIGHT END
TURN 198 RESULT
TIME LEFT 0 5 RIGHT 0 5
MOVE B16 197
MOVE B17 217
END TURN 198
TURN 199
COMMAND LEFT START
COMMAND LEFT END
COMMAND RIGHT START
COMMAND RIGHT END
TURN 199 RESULT
TIME LEFT 0 5 RIGHT 0 5
MOVE B16 177
MOVE B17 214
END TURN 199
TURN 200
COMMAND LEFT START
COMMAND LEFT END
COMMAND RIGHT START
COMMAND RIGHT END
TURN 200 RESULT
TIME LEFT 0 5 RIGHT 0 5
MOVE B16 160
MOVE B17 207
END TURN 200
TURN 201
COMMAND LEFT START
COMMAND LEFT END
COMMAND RIGHT START
COMMAND RIGHT END
TURN 201 RESULT
TIME LEFT 0 5 RIGHT 0 5
MOVE B17 198
END TURN 201
TURN 202
COMMAND LEFT START
COMMAND LEFT END
COMMAND RIGHT START
MOVE B18 168
UPGRADE 160
COMMAND RIGHT END
TURN 202 RESULT
TIME LEFT 0 5 RIGHT 0 5
UPGRADE B 160
MOVE B17 184
MOVE B18 221
END TURN 202
TURN 203
COMMAND LEFT START
COMMAND LEFT END
COMMAND RIGHT START
COMMAND RIGHT END
TURN 203 RESULT
TIME LEFT 0 5 RIGHT 0 5
MOVE B18 215
END TURN 203
TURN 204
COMMAND LEFT START
COMMAND LEFT END
COMMAND RIGHT START
COMMAND RIGHT END
TURN 204 RESULT
TIME LEFT 0 5 RIGHT 0 5
MOVE B18 210
END TURN 204
TURN 205
COMMAND LEFT START
COMMAND LEFT END
COMMAND RIGHT START
COMMAND RIGHT END
TURN 205 RESULT
TIME LEFT 0 5 RIGHT 0 5
MOVE B18 196
END TURN 205
TURN 206
COMMAND LEFT START
COMMAND LEFT END
COMMAND RIGHT START
UPGRADE 184
COMMAND RIGHT END
TURN 206 RESULT
TIME LEFT 0 5 RIGHT 0 5
UPGRADE B 184
MOVE B18 193
END TURN 206
TURN 207
COMMAND LEFT START
COMMAND LEFT END
COMMAND RIGHT START
COMMAND RIGHT END
TURN 207 RESULT
TIME LEFT 0 5 RIGHT 0 5
MOVE B18 181
END TURN 207
TURN 208
COMMAND LEFT START
COMMAND LEFT END
COMMAND RIGHT START
COMMAND RIGHT END
TURN 208 RESULT
TIME LEFT 0 5 RIGHT 0 5
MOVE B18 168
END TURN 208
TURN 209
COMMAND LEFT START
COMMAND LEFT END
COMMAND RIGHT START
COMMAND RIGHT END
TURN 209 RESULT
TIME LEFT 0 5 RIGHT 0 5
END TURN 209
TURN 210
COMMAND LEFT START
COMMAND LEFT END
COMMAND RIGHT START
UPGRADE 168
TRAIN 1
COMMAND RIGHT END
TURN 210 RESULT
TIME LEFT 0 5 RIGHT 0 5
UPGRADE B 168
TRAIN B19
END TURN 210
TURN 211
COMMAND LEFT START
COMMAND LEFT END
COMMAND RIGHT START
MOVE B19 113
TRAIN 1
COMMAND RIGHT END
TURN 211 RESULT
TIME LEFT 0 5 RIGHT 0 5
TRAIN B20
MOVE B19 223
END TURN 211
TURN 212
COMMAND LEFT START
COMMAND LEFT END
COMMAND RIGHT START
MOVE B20 130
TRAIN 1
COMMAND RIGHT END
TURN 212 RESULT
TIME LEFT 0 5 RIGHT 0 5
TRAIN B21
MOVE B19 213
MOVE B20 220
END TURN 212
TURN 213
COMMAND LEFT START
COMMAND LEFT END
COMMAND RIGHT START
MOVE B21 66
TRAIN 1
COMMAND RIGHT END
TURN 213 RESULT
TIME LEFT 0 5 RIGHT 0 5
TRAIN B22
MOVE B19 197
MOVE B20 217
MOVE B21 223
END TURN 213
TURN 214
COMMAND LEFT START
COMMAND LEFT END
COMMAND RIGHT START
MOVE B22 96
TRAIN 1
COMMAND RIGHT END
TURN 214 RESULT
TIME LEFT 0 5 RIGHT 0 5
TRAIN B23
MOVE B19 177
MOVE B20 214
MOVE B21 213
MOVE B22 221
END TURN 214
TURN 215
COMMAND LEFT START
COMMAND LEFT END
COMMAND RIGHT START
MOVE B23 36
TRAIN 1
COMMAND RIGHT END
TURN 215 RESULT
TIME LEFT 0 5 RIGHT 0 5
TRAIN B24
MOVE B19 160
MOVE B20 204
MOVE B21 197
MOVE B22 215
MOVE B23 223
END TURN 215
TURN 216
COMMAND LEFT START
COMMAND LEFT END
COMMAND RIGHT START
MOVE B24 58
TRAIN 2
COMMAND RIGHT END
TURN 216 RESULT
TIME LEFT 0 5 RIGHT 0 5
TRAIN B25 B26
MOVE B19 145
MOVE B20 178
MOVE B21 177
MOVE B22 210
MOVE B23 213
MOVE B24 220
END TURN 216
TURN 217
COMMAND LEFT START
COMMAND LEFT END
COMMAND RIGHT START
MOVE B25 190
MOVE B26 190
COMMAND RIGHT END
TURN 217 RESULT
TIME LEFT 0 5 RIGHT 0 5
MOVE B19 129
MOVE B20 169
MOVE B21 160
MOVE B22 196
MOVE B23 197
MOVE B24 212
MOVE B25 223
MOVE B26 223
END TURN 217
TURN 218
COMMAND LEFT START
COMMAND LEFT END
COMMAND RIGHT START
COMMAND RIGHT END
TURN 218 RESULT
TIME LEFT 0 5 RIGHT 0 5
MOVE B19 113
MOVE B20 154
MOVE B21 145
MOVE B22 185
MOVE B23 177
MOVE B24 195
MOVE B25 211
MOVE B26 211
END TURN 218
TURN 219
COMMAND LEFT START
COMMAND LEFT END
COMMAND RIGHT START
COMMAND RIGHT END
TURN 219 RESULT
TIME LEFT 0 5 RIGHT 0 5
MOVE B20 151
MOVE B21 129
MOVE B22 167
MOVE B23 160
MOVE B24 174
MOVE B25 200
MOVE B26 200
END TURN 219
TURN 220
COMMAND LEFT START
COMMAND LEFT END
COMMAND RIGHT START
UPGRADE 113
COMMAND RIGHT END
TURN 220 RESULT
TIME LEFT 0 5 RIGHT 0 5
UPGRADE B 113
MOVE B20 130
MOVE B21 103
MOVE B22 152
MOVE B23 145
MOVE B24 163
MOVE B25 190
MOVE B26 190
END TURN 220
TURN 221
COMMAND LEFT START
COMMAND LEFT END
COMMAND RIGHT START
MOVE B25 7
COMMAND RIGHT END
TURN 221 RESULT
TIME LEFT 0 5 RIGHT 0 5
MOVE B21 91
MOVE B22 139
MOVE B23 129
MOVE B24 137
MOVE B25 173
END TURN 221
TURN 222
COMMAND LEFT START
COMMAND LEFT END
COMMAND RIGHT START
MOVE B26 15
COMMAND RIGHT END
TURN 222 RESULT
TIME LEFT 0 5 RIGHT 0 5
MOVE B21 81
MOVE B22 126
MOVE B23 103
MOVE B24 127
MOVE B25 149
MOVE B26 173
END TURN 222
TURN 223
COMMAND LEFT START
COMMAND LEFT END
COMMAND RIGHT START
UPGRADE 130
COMMAND RIGHT END
TURN 223 RESULT
TIME LEFT 0 5 RIGHT 0 5
UPGRADE B 130
MOVE B21 66
MOVE B22 114
MOVE B23 91
MOVE B24 117
MOVE B25 132
MOVE B26 149
END TURN 223
TURN 224
COMMAND LEFT START
COMMAND LEFT END
COMMAND RIGHT START
COMMAND RIGHT END
TURN 224 RESULT
TIME LEFT 0 5 RIGHT 0 5
MOVE B22 96
MOVE B23 77
MOVE B24 102
MOVE B25 115
MOVE B26 135
END TURN 224
TURN 225
COMMAND LEFT START
COMMAND LEFT END
COMMAND RIGHT START
COMMAND RIGHT END
TURN 225 RESULT
TIME LEFT 0 5 RIGHT 0 5
MOVE B23 53
MOVE B24 90
MOVE B25 98
MOVE B26 123
END TURN 225
TURN 226
COMMAND LEFT START
COMMAND LEFT END
COMMAND RIGHT START
UPGRADE 96
COMMAND RIGHT END
TURN 226 RESULT
TIME LEFT 0 5 RIGHT 0 5
UPGRADE B 96
MOVE B23 36
MOVE B24 74
MOVE B25 88
MOVE B26 97
END TURN 226
TURN 227
COMMAND LEFT START
COMMAND LEFT END
COMMAND RIGHT START
COMMAND RIGHT END
TURN 227 RESULT
TIME LEFT 0 5 RIGHT 0 5
MOVE B24 58
MOVE B25 63
MOVE B26 81
END TURN 227
TURN 228
COMMAND LEFT START
COMMAND LEFT END
COMMAND RIGHT START
COMMAND RIGHT END
TURN 228 RESULT
TIME LEFT 0 5 RIGHT 0 5
MOVE B25 55
MOVE B26 66
END TURN 228
TURN 229
COMMAND LEFT START
COMMAND LEFT END
COMMAND RIGHT START
UPGRADE 66
COMMAND RIGHT END
TURN 229 RESULT
TIME LEFT 2 5 RIGHT 2 5
UPGRADE B 66
MOVE B25 43
MOVE B26 53
END TURN 229
TURN 230
COMMAND LEFT START
COMMAND LEFT END
COMMAND RIGHT START
COMMAND RIGHT END
TURN 230 RESULT
TIME LEFT 0 5 RIGHT 0 5
MOVE B25 22
MOVE B26 36
END TURN 230
TURN 231
COMMAND LEFT START
COMMAND LEFT END
COMMAND RIGHT START
COMMAND RIGHT END
TURN 231 RESULT
TIME LEFT 0 5 RIGHT 0 5
MOVE B25 19
MOVE B26 26
END TURN 231
TURN 232
COMMAND LEFT START
COMMAND LEFT END
COMMAND RIGHT START
UPGRADE 58
TRAIN 1
COMMAND RIGHT END
TURN 232 RESULT
TIME LEFT 0 5 RIGHT 0 5
UPGRADE B 58
TRAIN B27
MOVE B25 7
MOVE B26 15
END TURN 232
TURN 233
COMMAND LEFT START
COMMAND LEFT END
COMMAND RIGHT START
MOVE B26 24
MOVE B27 160
COMMAND RIGHT END
TURN 233 RESULT
TIME LEFT 0 5 RIGHT 0 5
MOVE B26 11
MOVE B27 223
END TURN 233
TURN 234
COMMAND LEFT START
COMMAND LEFT END
COMMAND RIGHT START
MOVE B25 15
COMMAND RIGHT END
TURN 234 RESULT
TIME LEFT 0 5 RIGHT 0 5
MOVE B25 12
MOVE B26 16
MOVE B27 213
END TURN 234
TURN 235
COMMAND LEFT START
COMMAND LEFT END
COMMAND RIGHT START
TRAIN 3
COMMAND RIGHT END
TURN 235 RESULT
TIME LEFT 0 5 RIGHT 0 5
TRAIN B28 B29 B30
MOVE B25 17
MOVE B26 18
MOVE B27 197
END TURN 235
TURN 236
COMMAND LEFT START
COMMAND LEFT END
COMMAND RIGHT START
MOVE B28 42
MOVE B29 7
MOVE B30 66
UPGRADE 36
COMMAND RIGHT END
TURN 236 RESULT
TIME LEFT 0 5 RIGHT 0 5
UPGRADE B 36
MOVE B25 14
MOVE B26 20
MOVE B27 177
MOVE B28 223
MOVE B29 223
MOVE B30 223
END TURN 236
TURN 237
COMMAND LEFT START
COMMAND LEFT END
COMMAND RIGHT START
TRAIN 1
COMMAND RIGHT END
TURN 237 RESULT
TIME LEFT 0 5 RIGHT 0 5
TRAIN B31
MOVE B25 13
MOVE B26 24
MOVE B27 160
MOVE B28 211
MOVE B29 213
MOVE B30 213
END TURN 237
TURN 238
COMMAND LEFT START
COMMAND LEFT END
COMMAND RIGHT START
MOVE B26 36
MOVE B27 36
MOVE B31 36
TRAIN 2
COMMAND RIGHT END
TURN 238 RESULT
TIME LEFT 0 5 RIGHT 0 5
TRAIN B32 B33
MOVE B25 15
MOVE B26 20
MOVE B27 145
MOVE B28 205
MOVE B29 197
MOVE B30 197
MOVE B31 223
END TURN 238
TURN 239
COMMAND LEFT START
COMMAND LEFT END
COMMAND RIGHT START
MOVE B32 24
MOVE B33 160
COMMAND RIGHT END
TURN 239 RESULT
TIME LEFT 0 5 RIGHT 0 5
MOVE B26 18
MOVE B27 129
MOVE B28 186
MOVE B29 177
MOVE B30 177
MOVE B31 213
MOVE B32 220
MOVE B33 223
END TURN 239
TURN 240
COMMAND LEFT START
COMMAND LEFT END
COMMAND RIGHT START
UPGRADE 15
COMMAND RIGHT END
TURN 240 RESULT
TIME LEFT 0 5 RIGHT 0 5
UPGRADE B 15
MOVE B26 16
MOVE B27 103
MOVE B28 175
MOVE B29 160
MOVE B30 160
MOVE B31 197
MOVE B32 212
MOVE B33 213
END TURN 240
TURN 241
COMMAND LEFT START
COMMAND LEFT END
COMMAND RIGHT START
TRAIN 1
COMMAND RIGHT END
TURN 241 RESULT
TIME LEFT 0 5 RIGHT 0 5
TRAIN B34
MOVE B26 21
MOVE B27 91
MOVE B28 166
MOVE B29 145
MOVE B30 145
MOVE B31 177
MOVE B32 195
MOVE B33 197
END TURN 241
TURN 242
COMMAND LEFT START
COMMAND LEFT END
COMMAND RIGHT START
MOVE B34 15
TRAIN 2
COMMAND RIGHT END
TURN 242 RESULT
TIME LEFT 0 5 RIGHT 0 5
TRAIN B35 B36
MOVE B26 32
MOVE B27 77
MOVE B28 155
MOVE B29 135
MOVE B30 129
MOVE B31 160
MOVE B32 174
MOVE B33 177
MOVE B34 223
END TURN 242
TURN 243
COMMAND LEFT START
COMMAND LEFT END
COMMAND RIGHT START
MOVE B35 15
MOVE B36 15
TRAIN 2
COMMAND RIGHT END
TURN 243 RESULT
TIME LEFT 0 5 RIGHT 0 5
TRAIN B37 B38
MOVE B26 36
MOVE B27 53
MOVE B28 140
MOVE B29 123
MOVE B30 103
MOVE B31 145
MOVE B32 163
MOVE B33 160
MOVE B34 213
MOVE B35 223
MOVE B36 223
END TURN 243
TURN 244
COMMAND LEFT START
COMMAND LEFT END
COMMAND RIGHT START
MOVE B26 15
MOVE B33 15
MOVE B37 15
MOVE B38 15
TRAIN 2
COMMAND RIGHT END
TURN 244 RESULT
TIME LEFT 0 5 RIGHT 0 5
TRAIN B39 B40
MOVE B26 26
MOVE B27 36
MOVE B28 125
MOVE B29 98
MOVE B30 91
MOVE B31 129
MOVE B32 137
MOVE B33 145
MOVE B34 197
MOVE B35 213
MOVE B36 213
MOVE B37 223
MOVE B38 223
END TURN 244
TURN 245
COMMAND LEFT START
COMMAND LEFT END
COMMAND RIGHT START
MOVE B27 15
MOVE B39 160
MOVE B40 160
TRAIN 2
COMMAND RIGHT END
TURN 245 RESULT
TIME LEFT 0 5 RIGHT 0 5
TRAIN B41 B42
MOVE B26 15
MOVE B27 26
MOVE B28 109
MOVE B29 88
MOVE B30 81
MOVE B31 103
MOVE B32 127
MOVE B33 129
MOVE B34 177
MOVE B35 197
MOVE B36 197
MOVE B37 213
MOVE B38 213
MOVE B39 223
MOVE B40 223
END TURN 245
TURN 246
COMMAND LEFT START
COMMAND LEFT END
COMMAND RIGHT START
MOVE B41 160
MOVE B42 160
TRAIN 2
COMMAND RIGHT END
TURN 246 RESULT
TIME LEFT 0 5 RIGHT 0 5
TRAIN B43 B44
MOVE B27 15
MOVE B28 93
MOVE B29 63
MOVE B30 66
MOVE B31 91
MOVE B32 117
MOVE B33 103
MOVE B34 160
MOVE B35 177
MOVE B36 177
MOVE B37 197
MOVE B38 197
MOVE B39 213
MOVE B40 213
MOVE B41 223
MOVE B42 223
END TURN 246
TURN 247
COMMAND LEFT START
COMMAND LEFT END
COMMAND RIGHT START
MOVE B43 160
MOVE B44 160
TRAIN 1
COMMAND RIGHT END
TURN 247 RESULT
TIME LEFT 0 5 RIGHT 0 5
TRAIN B45
MOVE B28 72
MOVE B29 55
MOVE B31 77
MOVE B32 102
MOVE B33 91
MOVE B34 145
MOVE B35 160
MOVE B36 160
MOVE B37 177
MOVE B38 177
MOVE B39 197
MOVE B40 197
MOVE B41 213
MOVE B42 213
MOVE B43 223
MOVE B44 223
END TURN 247
TURN 248
COMMAND LEFT START
COMMAND LEFT END
COMMAND RIGHT START
MOVE B45 160
TRAIN 2
COMMAND RIGHT END
TURN 248 RESULT
TIME LEFT 0 5 RIGHT 0 5
TRAIN B46 B47
MOVE B28 57
MOVE B29 43
MOVE B31 53
MOVE B32 87
MOVE B33 77
MOVE B34 129
MOVE B35 145
MOVE B36 145
MOVE B37 160
MOVE B38 160
MOVE B39 177
MOVE B40 177
MOVE B41 197
MOVE B42 197
MOVE B43 213
MOVE B44 213
MOVE B45 223
END TURN 248
TURN 249
COMMAND LEFT START
COMMAND LEFT END
COMMAND RIGHT START
MOVE B46 160
MOVE B47 160
TRAIN 2
COMMAND RIGHT END
TURN 249 RESULT
TIME LEFT 0 5 RIGHT 0 5
TRAIN B48 B49
MOVE B28 46
MOVE B29 22
MOVE B31 36
MOVE B32 73
MOVE B33 53
MOVE B34 103
MOVE B35 129
MOVE B36 129
MOVE B37 145
MOVE B38 145
MOVE B39 160
MOVE B40 160
MOVE B41 177
MOVE B42 177
MOVE B43 197
MOVE B44 197
MOVE B45 213
MOVE B46 223
MOVE B47 223
END TURN 249
TURN 250
COMMAND LEFT START
COMMAND LEFT END
COMMAND RIGHT START
MOVE B48 160
MOVE B49 160
COMMAND RIGHT END
TURN 250 RESULT
TIME LEFT 0 5 RIGHT 0 5
MOVE B28 42
MOVE B29 19
MOVE B32 56
MOVE B33 36
MOVE B34 91
MOVE B35 103
MOVE B36 103
MOVE B37 129
MOVE B38 129
MOVE B41 160
MOVE B42 160
MOVE B43 177
MOVE B44 177
MOVE B45 197
MOVE B46 213
MOVE B47 213
MOVE B48 223
MOVE B49 223
END TURN 250
TURN 251
COMMAND LEFT START
TRAIN 1
COMMAND LEFT END
COMMAND RIGHT START
COMMAND RIGHT END
TURN 251 RESULT
TIME LEFT 0 5 RIGHT 0 5
TRAIN A15
MOVE B29 7
MOVE B32 37
MOVE B33 26
MOVE B34 77
MOVE B35 91
MOVE B36 91
MOVE B37 103
MOVE B38 103
MOVE B43 160
MOVE B44 160
MOVE B45 177
MOVE B46 197
MOVE B47 197
MOVE B48 213
MOVE B49 213
DAMAGE HUNGER A15 1
END TURN 251
TURN 252
COMMAND LEFT START
COMMAND LEFT END
COMMAND RIGHT START
UPGRADE 42
TRAIN 1
COMMAND RIGHT END
TURN 252 RESULT
TIME LEFT 0 5 RIGHT 0 5
UPGRADE B 42
TRAIN B50
MOVE B32 24
MOVE B33 15
MOVE B34 53
MOVE B35 77
MOVE B36 77
MOVE B37 91
MOVE B38 91
MOVE B45 160
MOVE B46 177
MOVE B47 177
MOVE B48 197
MOVE B49 197
END TURN 252
TURN 253
COMMAND LEFT START
COMMAND LEFT END
COMMAND RIGHT START
MOVE B50 160
COMMAND RIGHT END
TURN 253 RESULT
TIME LEFT 0 5 RIGHT 0 5
MOVE B34 36
MOVE B35 53
MOVE B36 53
MOVE B37 77
MOVE B38 77
MOVE B46 160
MOVE B47 160
MOVE B48 177
MOVE B49 177
MOVE B50 223
DAMAGE HUNGER A15 1
END TURN 253
TURN 254
COMMAND LEFT START
COMMAND LEFT END
COMMAND RIGHT START
COMMAND RIGHT END
TURN 254 RESULT
TIME LEFT 0 5 RIGHT 0 5
MOVE B34 26
MOVE B35 36
MOVE B36 36
MOVE B37 53
MOVE B38 53
MOVE B48 160
MOVE B49 160
MOVE B50 213
END TURN 254
TURN 255
COMMAND LEFT START
COMMAND LEFT END
COMMAND RIGHT START
UPGRADE 24
TRAIN 1
COMMAND RIGHT END
TURN 255 RESULT
TIME LEFT 0 5 RIGHT 0 5
UPGRADE B 24
TRAIN B51
MOVE B34 15
MOVE B35 26
MOVE B36 26
MOVE B37 36
MOVE B38 36
MOVE B50 197
DAMAGE HUNGER A15 1
END TURN 255
TURN 256
COMMAND LEFT START
COMMAND LEFT END
COMMAND RIGHT START
MOVE B51 160
COMMAND RIGHT END
TURN 256 RESULT
TIME LEFT 0 5 RIGHT 0 5
MOVE B35 15
MOVE B36 15
MOVE B37 26
MOVE B38 26
MOVE B50 177
MOVE B51 223
END TURN 256
TURN 257
COMMAND LEFT START
COMMAND LEFT END
COMMAND RIGHT START
COMMAND RIGHT END
TURN 257 RESULT
TIME LEFT 0 5 RIGHT 0 5
MOVE B37 15
MOVE B38 15
MOVE B50 160
MOVE B51 213
DAMAGE HUNGER A15 1
END TURN 257
TURN 258
COMMAND LEFT START
COMMAND LEFT END
COMMAND RIGHT START
MOVE B26 0
MOVE B27 0
MOVE B33 0
MOVE B34 0
MOVE B35 0
MOVE B36 0
MOVE B37 0
MOVE B38 0
MOVE B31 15
MOVE B30 15
MOVE B39 15
MOVE B40 15
MOVE B41 15
MOVE B42 15
MOVE B43 15
MOVE B44 15
UPGRADE 7
TRAIN 1
COMMAND RIGHT END
TURN 258 RESULT
TIME LEFT 0 5 RIGHT 0 5
UPGRADE B 7
TRAIN B52
MOVE B26 3
MOVE B27 3
MOVE B30 53
MOVE B31 26
MOVE B33 3
MOVE B34 3
MOVE B35 3
MOVE B36 3
MOVE B37 3
MOVE B38 3
MOVE B39 145
MOVE B40 145
MOVE B41 145
MOVE B42 145
MOVE B43 145
MOVE B44 145
MOVE B51 197
END TURN 258
TURN 259
COMMAND LEFT START
COMMAND LEFT END
COMMAND RIGHT START
MOVE B45 7
MOVE B46 7
MOVE B47 7
MOVE B48 7
MOVE B49 7
MOVE B50 7
MOVE B52 7
TRAIN 2
COMMAND RIGHT END
TURN 259 RESULT
TIME LEFT 0 5 RIGHT 0 5
TRAIN B53 B54
MOVE B26 0
MOVE B27 0
MOVE B30 36
MOVE B31 15
MOVE B33 0
MOVE B34 0
MOVE B35 0
MOVE B36 0
MOVE B37 0
MOVE B38 0
MOVE B39 129
MOVE B40 129
MOVE B41 129
MOVE B42 129
MOVE B43 129
MOVE B44 129
MOVE B45 145
MOVE B46 145
MOVE B47 145
MOVE B48 145
MOVE B49 145
MOVE B50 145
MOVE B51 177
MOVE B52 223
DAMAGE TURRET B26 1
DAMAGE COMBAT A1 4
DAMAGE COMBAT A9 4
DAMAGE COMBAT B26 7
END TURN 259
TURN 260
COMMAND LEFT START
COMMAND LEFT END
COMMAND RIGHT START
MOVE B31 7
MOVE B53 160
MOVE B54 160
TRAIN 2
COMMAND RIGHT END
TURN 260 RESULT
TIME LEFT 0 5 RIGHT 0 5
TRAIN B55 B56
MOVE B30 26
MOVE B31 13
MOVE B39 103
MOVE B40 103
MOVE B41 103
MOVE B42 103
MOVE B43 103
MOVE B44 103
MOVE B45 135
MOVE B46 135
MOVE B47 135
MOVE B48 135
MOVE B49 135
MOVE B50 135
MOVE B51 160
MOVE B52 213
MOVE B53 223
MOVE B54 223
DAMAGE TURRET B27 1
DAMAGE COMBAT A10 4
DAMAGE COMBAT A11 3
DAMAGE COMBAT B27 5
END TURN 260
TURN 261
COMMAND LEFT START
COMMAND LEFT END
COMMAND RIGHT START
MOVE B55 160
MOVE B56 160
TRAIN 1
COMMAND RIGHT END
TURN 261 RESULT
TIME LEFT 0 5 RIGHT 0 5
TRAIN B57
MOVE B30 15
MOVE B31 14
MOVE B39 91
MOVE B40 91
MOVE B41 91
MOVE B42 91
MOVE B43 91
MOVE B44 91
MOVE B45 123
MOVE B46 123
MOVE B47 123
MOVE B48 123
MOVE B49 123
MOVE B50 123
MOVE B52 197
MOVE B53 213
MOVE B54 213
MOVE B55 223
MOVE B56 223
DAMAGE TURRET B27 1
DAMAGE COMBAT A11 1
DAMAGE COMBAT A12 4
DAMAGE COMBAT A13 2
DAMAGE COMBAT B27 1
DAMAGE COMBAT B33 3
END TURN 261
TURN 262
COMMAND LEFT START
COMMAND LEFT END
COMMAND RIGHT START
MOVE B57 160
TRAIN 2
COMMAND RIGHT END
TURN 262 RESULT
TIME LEFT 0 5 RIGHT 0 5
TRAIN B58 B59
MOVE B31 17
MOVE B39 77
MOVE B40 77
MOVE B41 77
MOVE B42 77
MOVE B43 77
MOVE B44 77
MOVE B45 98
MOVE B46 98
MOVE B47 98
MOVE B48 98
MOVE B49 98
MOVE B50 98
MOVE B52 177
MOVE B53 197
MOVE B54 197
MOVE B55 213
MOVE B56 213
MOVE B57 223
DAMAGE TURRET B33 1
DAMAGE COMBAT A13 2
DAMAGE COMBAT A14 4
DAMAGE COMBAT B33 2
END TURN 262
TURN 263
COMMAND LEFT START
COMMAND LEFT END
COMMAND RIGHT START
MOVE B58 160
MOVE B59 160
TRAIN 2
COMMAND RIGHT END
TURN 263 RESULT
TIME LEFT 0 5 RIGHT 0 5
TRAIN B60 B61
MOVE B31 12
MOVE B39 53
MOVE B40 53
MOVE B41 53
MOVE B42 53
MOVE B43 53
MOVE B44 53
MOVE B45 88
MOVE B46 88
MOVE B47 88
MOVE B48 88
MOVE B49 88
MOVE B50 88
MOVE B52 160
MOVE B53 177
MOVE B54 177
MOVE B55 197
MOVE B56 197
MOVE B57 213
MOVE B58 223
MOVE B59 223
DAMAGE TURRET B33 1
SIEGE A 0 6
END TURN 263
TURN 264
COMMAND LEFT START
COMMAND LEFT END
COMMAND RIGHT START
MOVE B60 160
MOVE B61 160
TRAIN 2
COMMAND RIGHT END
TURN 264 RESULT
TIME LEFT 0 5 RIGHT 0 5
TRAIN B62 B63
MOVE B31 7
MOVE B39 36
MOVE B40 36
MOVE B41 36
MOVE B42 36
MOVE B43 36
MOVE B44 36
MOVE B45 63
MOVE B46 63
MOVE B47 63
MOVE B48 63
MOVE B49 63
MOVE B50 63
MOVE B52 145
MOVE B53 160
MOVE B54 160
MOVE B55 177
MOVE B56 177
MOVE B57 197
MOVE B58 213
MOVE B59 213
MOVE B60 223
MOVE B61 223
DAMAGE TURRET B33 1
SIEGE A 0 4
END TURN 264
RESULT RIGHT_WIN HQ_DESTROYED
