[LEFT ""]
[RIGHT ""]
MAP
197 15
-11043 -10763 -10148 -10064 -8982 -10077 -8374 -9632 -8232 -8209 -9089 -8164 -8247 -8952 -7633 -7629 -7271 -8218 -7112 -7105 -6910 -6988 -6684 -7582 -6620 -6465 -7154 -6100 -5944 -6082 -6021 -5786 -5688 -6326 -5515 -5770 -5500 -5851 -5277 -4948 -4892 -4883 -4817 -4857 -4549 -4601 -4472 -4200 -4487 -4367 -4631 -3851 -3872 -3713 -3513 -3648 -3540 -3321 -3492 -3569 -3119 -3060 -3278 -2837 -2853 -2791 -2686 -2667 -2535 -2651 -2408 -2182 -2120 -1900 -1673 -1657 -1751 -1512 -1652 -1375 -1698 -1370 -1180 -1423 -1548 -1332 -1194 -1156 -855 -676 -526 -397 -308 -347 -428 -63 -110 -155 0 155 110 63 428 347 308 397 526 676 855 1156 1194 1332 1548 1423 1180 1370 1698 1375 1652 1512 1751 1657 1673 1900 2120 2182 2408 2651 2535 2667 2686 2791 2853 2837 3278 3060 3119 3569 3492 3321 3540 3648 3513 3713 3872 3851 4631 4367 4487 4200 4472 4601 4549 4857 4817 4883 4892 4948 5277 5851 5500 5770 5515 6326 5688 5786 6021 6082 5944 6100 7154 6465 6620 7582 6684 6988 6910 7105 7112 8218 7271 7629 7633 8952 8247 8164 9089 8209 8232 9632 8374 10077 8982 10064 10148 10763 11043
-2075 1477 -421 3225 -2525 -4634 -87 4678 -1380 2159 -6075 3371 -3343 6369 818 -4333 4346 -7040 -2802 -1378 2036 6394 -4252 8228 -5434 3056 -7907 -6313 4093 -691 5527 -2103 -3300 -9118 6880 9170 -4528 701 2580 -5411 4765 -6439 -68 1332 6258 -1174 -7820 -3993 -2587 3374 -9906 1988 -7052 7852 -825 5571 -2253 3521 352 10325 -6582 4756 -5384 6547 -10484 1069 2121 -4372 -3012 -7699 -1416 161 -6309 3695 -8134 1332 4812 -5558 2582 10605 8058 -6953 -10214 -4341 6674 -2656 -994 141 5034 2611 1165 6269 -4843 -1939 -6885 9804 7921 -3403 0 3403 -7921 -9804 6885 1939 4843 -6269 -1165 -2611 -5034 -141 994 2656 -6674 4341 10214 6953 -8058 -10605 -2582 5558 -4812 -1332 8134 -3695 6309 -161 1416 7699 3012 4372 -2121 -1069 10484 -6547 5384 -4756 6582 -10325 -352 -3521 2253 -5571 825 -7852 7052 -1988 9906 -3374 2587 3993 7820 1174 -6258 -1332 68 6439 -4765 5411 -2580 -701 4528 -9170 -6880 9118 3300 2103 -5527 691 -4093 6313 7907 -3056 5434 -8228 4252 -6394 -2036 1378 2802 7040 -4346 4333 -818 -6369 3343 -3371 6075 -2159 1380 -4678 87 4634 2525 -3225 421 -1477 2075
STRONGHOLDS 2 17 20 47 66 82 92 98 104 114 130 149 176 179 194
3 2 4 5
4 2 3 6 9
5 0 1 4 6 8
4 1 7 9 11
6 0 2 5 8 12 18
5 0 4 10 12 15
6 1 2 8 9 14 19
4 3 11 13 16
5 2 4 6 18 19
6 1 3 6 11 14 20
4 5 15 17 24
6 3 7 9 16 20 25
4 4 5 15 18
4 7 16 21 23
6 6 9 19 20 29 37
6 5 10 12 18 22 24
7 7 11 13 21 25 28 30
4 10 24 26 27
8 4 8 12 15 19 22 31 32
6 6 8 14 18 29 31
6 9 11 14 25 37 38
5 13 16 23 30 34
5 15 18 24 32 36
4 13 21 34 35
7 10 15 17 22 27 36 39
5 11 16 20 28 38
4 17 27 33 46
6 17 24 26 39 41 46
6 16 25 30 38 40 49
6 14 19 31 37 42 45
6 16 21 28 34 40 44
6 18 19 29 32 45 48
6 18 22 31 36 47 48
3 26 46 50
6 21 23 30 35 44 53
4 23 34 53 59
5 22 24 32 39 47
6 14 20 29 38 42 43
7 20 25 28 37 43 49 51
6 24 27 36 41 47 62
6 28 30 44 49 55 61
5 27 39 46 52 62
6 29 37 43 45 54 58
5 37 38 42 51 58
6 30 34 40 53 55 63
6 29 31 42 48 54 56
7 26 27 33 41 50 52 69
8 32 36 39 48 56 62 67 68
5 31 32 45 47 56
6 28 38 40 51 57 61
4 33 46 64 69
7 38 43 49 57 58 65 66
5 41 46 60 62 69
6 34 35 44 59 63 80
6 42 45 56 58 70 71
4 40 44 61 63
6 45 47 48 54 68 70
5 49 51 61 66 73
6 42 43 51 54 65 71
4 35 53 79 80
4 52 62 69 72
7 40 49 55 57 63 73 76
8 39 41 47 52 60 67 72 77
7 44 53 55 61 76 80 84
4 50 69 74 82
5 51 58 66 71 75
6 51 57 65 73 75 78
5 47 62 68 77 83
6 47 56 67 70 83 85
8 46 50 52 60 64 72 74 81
6 54 56 68 71 85 86
7 54 58 65 70 75 86 87
5 60 62 69 77 81
8 57 61 66 76 78 88 89 99
7 64 69 81 82 94 100 101
7 65 66 71 78 87 89 90
5 61 63 73 84 88
8 62 67 72 81 83 92 94 105
4 66 73 75 89
4 59 80 95 114
7 53 59 63 79 84 95 96
5 69 72 74 77 94
4 64 74 101 117
6 67 68 77 85 92 97
6 63 76 80 88 91 96
6 68 70 83 86 93 97
7 70 71 85 87 93 98 106
5 71 75 86 90 98
6 73 76 84 91 99 104
6 73 75 78 90 99 103
6 75 87 89 98 103 110
6 84 88 96 102 104 119
5 77 83 97 105 108
5 85 86 97 106 107
5 74 77 81 100 105
5 79 80 96 114 122
6 80 84 91 95 102 122
7 83 85 92 93 107 108 123
6 86 87 90 106 109 110
7 73 88 89 103 104 111 113
6 74 94 101 105 112 116
5 74 82 100 116 117
5 91 96 115 119 122
5 89 90 99 110 111
5 88 91 99 113 119
6 77 92 94 100 108 112
6 86 93 98 107 109 121
6 93 97 106 118 121 123
6 92 97 105 112 120 123
5 98 106 110 121 125
7 90 98 103 109 111 125 126
6 99 103 110 113 126 128
6 100 105 108 116 120 133
6 99 104 111 119 128 129
4 79 95 122 132
5 102 119 122 124 127
7 100 101 112 117 133 137 143
4 82 101 116 137
4 107 121 123 130
8 91 102 104 113 115 124 129 134
5 108 112 123 133 135
7 106 107 109 118 125 130 131
7 95 96 102 114 115 127 132
8 97 107 108 118 120 130 135 139
5 115 119 127 134 136
7 109 110 121 126 131 138 142
6 110 111 125 128 140 142
8 115 122 124 132 136 144 146 150
6 111 113 126 129 140 149
5 113 119 128 134 149
6 118 121 123 131 139 145
5 121 125 130 138 145
4 114 122 127 146
7 112 116 120 135 141 143 152
8 119 124 129 136 144 149 155 157
7 120 123 133 139 141 147 156
4 124 127 134 144
4 116 117 143 161
6 125 131 142 145 153 154
5 123 130 135 145 147
6 126 128 142 148 149 151
4 133 135 152 156
6 125 126 138 140 151 154
6 116 133 137 152 161 162
5 127 134 136 150 155
7 130 131 138 139 147 153 158
4 127 132 150 163
6 135 139 145 156 158 168
5 140 149 151 164 165
8 128 129 134 140 148 157 160 164
7 127 144 146 155 163 169 170
6 140 142 148 154 165 167
6 133 141 143 156 162 166
5 138 145 154 158 159
6 138 142 151 153 159 167
5 134 144 150 157 169
6 135 141 147 152 166 168
6 134 149 155 160 169 172
7 145 147 153 159 168 171 176
6 153 154 158 167 176 182
5 149 157 164 172 174
4 137 143 162 173
6 143 152 161 166 173 175
3 146 150 170
6 148 149 160 165 174 178
6 148 151 164 167 177 178
6 152 156 162 168 175 180
6 151 154 159 165 177 182
6 147 156 158 166 171 180
6 150 155 157 170 172 179
4 150 163 169 179
5 158 168 176 180 185
7 157 160 169 174 179 181 186
4 161 162 175 183
5 160 164 172 178 181
5 162 166 173 180 183
6 158 159 171 182 185 187
6 165 167 178 182 188 190
8 164 165 174 177 181 184 188 192
4 169 170 172 186
7 166 168 171 175 183 185 189
6 172 174 178 184 186 191
6 159 167 176 177 187 190
4 173 175 180 189
4 178 181 191 192
6 171 176 180 187 189 193
4 172 179 181 191
6 176 182 185 190 193 195
5 177 178 190 192 194
4 180 183 185 193
6 177 182 187 188 194 195
5 181 184 186 192 196
6 178 184 188 191 194 196
4 185 187 189 195
5 188 190 192 195 196
4 187 190 193 194
3 191 192 194
END MAP
TURN 1
COMMAND LEFT START
MOVE A2 2
MOVE A3 17
COMMAND LEFT END
COMMAND RIGHT START
TRAIN 1
COMMAND RIGHT END
TURN 1 RESULT
TIME LEFT 1 5 RIGHT 0 5
TRAIN B4
MOVE A2 2
MOVE A3 5
END TURN 1
TURN 2
COMMAND LEFT START
UPGRADE 2
COMMAND LEFT END
COMMAND RIGHT START
TRAIN 1
COMMAND RIGHT END
TURN 2 RESULT
TIME LEFT 0 5 RIGHT 0 5
UPGRADE A 2
TRAIN B5
MOVE A3 10
END TURN 2
TURN 3
COMMAND LEFT START
COMMAND LEFT END
COMMAND RIGHT START
TRAIN 1
COMMAND RIGHT END
TURN 3 RESULT
TIME LEFT 0 5 RIGHT 0 5
TRAIN B6
MOVE A3 17
END TURN 3
TURN 4
COMMAND LEFT START
COMMAND LEFT END
COMMAND RIGHT START
TRAIN 1
COMMAND RIGHT END
TURN 4 RESULT
TIME LEFT 0 5 RIGHT 0 5
TRAIN B7
END TURN 4
TURN 5
COMMAND LEFT START
COMMAND LEFT END
COMMAND RIGHT START
TRAIN 1
COMMAND RIGHT END
TURN 5 RESULT
TIME LEFT 0 5 RIGHT 0 5
TRAIN B8
END TURN 5
TURN 6
COMMAND LEFT START
COMMAND LEFT END
COMMAND RIGHT START
MOVE B2 0
MOVE B3 0
MOVE B4 0
MOVE B5 0
MOVE B6 0
MOVE B7 0
MOVE B8 0
COMMAND RIGHT END
TURN 6 RESULT
TIME LEFT 0 5 RIGHT 0 5
MOVE B2 192
MOVE B3 192
MOVE B4 192
MOVE B5 192
MOVE B6 192
MOVE B7 192
MOVE B8 192
END TURN 6
TURN 7
COMMAND LEFT START
COMMAND LEFT END
COMMAND RIGHT START
COMMAND RIGHT END
TURN 7 RESULT
TIME LEFT 0 5 RIGHT 0 5
MOVE B2 178
MOVE B3 178
MOVE B4 178
MOVE B5 178
MOVE B6 178
MOVE B7 178
MOVE B8 178
END TURN 7
TURN 8
COMMAND LEFT START
COMMAND LEFT END
COMMAND RIGHT START
COMMAND RIGHT END
TURN 8 RESULT
TIME LEFT 0 5 RIGHT 0 5
MOVE B2 165
MOVE B3 165
MOVE B4 165
MOVE B5 165
MOVE B6 165
MOVE B7 165
MOVE B8 165
END TURN 8
TURN 9
COMMAND LEFT START
COMMAND LEFT END
COMMAND RIGHT START
COMMAND RIGHT END
TURN 9 RESULT
TIME LEFT 0 5 RIGHT 0 5
MOVE B2 151
MOVE B3 151
MOVE B4 151
MOVE B5 151
MOVE B6 151
MOVE B7 151
MOVE B8 151
END TURN 9
TURN 10
COMMAND LEFT START
COMMAND LEFT END
COMMAND RIGHT START
COMMAND RIGHT END
TURN 10 RESULT
TIME LEFT 0 5 RIGHT 0 5
MOVE B2 142
MOVE B3 142
MOVE B4 142
MOVE B5 142
MOVE B6 142
MOVE B7 142
MOVE B8 142
END TURN 10
TURN 11
COMMAND LEFT START
COMMAND LEFT END
COMMAND RIGHT START
COMMAND RIGHT END
TURN 11 RESULT
TIME LEFT 0 5 RIGHT 0 5
MOVE B2 125
MOVE B3 125
MOVE B4 125
MOVE B5 125
MOVE B6 125
MOVE B7 125
MOVE B8 125
END TURN 11
TURN 12
COMMAND LEFT START
COMMAND LEFT END
COMMAND RIGHT START
COMMAND RIGHT END
TURN 12 RESULT
TIME LEFT 0 5 RIGHT 0 5
MOVE B2 109
MOVE B3 109
MOVE B4 109
MOVE B5 109
MOVE B6 109
MOVE B7 109
MOVE B8 109
END TURN 12
TURN 13
COMMAND LEFT START
UPGRADE 17
COMMAND LEFT END
COMMAND RIGHT START
COMMAND RIGHT END
TURN 13 RESULT
TIME LEFT 0 5 RIGHT 0 5
UPGRADE A 17
MOVE B2 98
MOVE B3 98
MOVE B4 98
MOVE B5 98
MOVE B6 98
MOVE B7 98
MOVE B8 98
END TURN 13
TURN 14
COMMAND LEFT START
COMMAND LEFT END
COMMAND RIGHT START
COMMAND RIGHT END
TURN 14 RESULT
TIME LEFT 0 5 RIGHT 0 5
MOVE B2 87
MOVE B3 87
MOVE B4 87
MOVE B5 87
MOVE B6 87
MOVE B7 87
MOVE B8 87
END TURN 14
TURN 15
COMMAND LEFT START
COMMAND LEFT END
COMMAND RIGHT START
COMMAND RIGHT END
TURN 15 RESULT
TIME LEFT 0 5 RIGHT 0 5
MOVE B2 71
MOVE B3 71
MOVE B4 71
MOVE B5 71
MOVE B6 71
MOVE B7 71
MOVE B8 71
END TURN 15
TURN 16
COMMAND LEFT START
TRAIN 1
COMMAND LEFT END
COMMAND RIGHT START
COMMAND RIGHT END
TURN 16 RESULT
TIME LEFT 0 5 RIGHT 0 5
TRAIN A4
MOVE B2 54
MOVE B3 54
MOVE B4 54
MOVE B5 54
MOVE B6 54
MOVE B7 54
MOVE B8 54
END TURN 16
TURN 17
COMMAND LEFT START
MOVE A4 2
COMMAND LEFT END
COMMAND RIGHT START
COMMAND RIGHT END
TURN 17 RESULT
TIME LEFT 0 5 RIGHT 0 5
MOVE A4 2
MOVE B2 45
MOVE B3 45
MOVE B4 45
MOVE B5 45
MOVE B6 45
MOVE B7 45
MOVE B8 45
END TURN 17
TURN 18
COMMAND LEFT START
MOVE A4 20
COMMAND LEFT END
COMMAND RIGHT START
COMMAND RIGHT END
TURN 18 RESULT
TIME LEFT 0 5 RIGHT 0 5
MOVE A4 6
MOVE B2 31
MOVE B3 31
MOVE B4 31
MOVE B5 31
MOVE B6 31
MOVE B7 31
MOVE B8 31
END TURN 18
TURN 19
COMMAND LEFT START
MOVE A3 0
COMMAND LEFT END
COMMAND RIGHT START
COMMAND RIGHT END
TURN 19 RESULT
TIME LEFT 0 5 RIGHT 0 5
MOVE A3 10
MOVE A4 14
MOVE B2 18
MOVE B3 18
MOVE B4 18
MOVE B5 18
MOVE B6 18
MOVE B7 18
MOVE B8 18
END TURN 19
TURN 20
COMMAND LEFT START
TRAIN 1
COMMAND LEFT END
COMMAND RIGHT START
COMMAND RIGHT END
TURN 20 RESULT
TIME LEFT 0 5 RIGHT 0 5
TRAIN A5
MOVE A3 5
MOVE A4 20
MOVE B2 4
MOVE B3 4
MOVE B4 4
MOVE B5 4
MOVE B6 4
MOVE B7 4
MOVE B8 4
END TURN 20
TURN 21
COMMAND LEFT START
MOVE A4 0
COMMAND LEFT END
COMMAND RIGHT START
COMMAND RIGHT END
TURN 21 RESULT
TIME LEFT 0 5 RIGHT 0 5
MOVE A3 0
MOVE A4 14
MOVE B2 0
MOVE B3 0
MOVE B4 0
MOVE B5 0
MOVE B6 0
MOVE B7 0
MOVE B8 0
DAMAGE TURRET B2 1
DAMAGE COMBAT A1 4
DAMAGE COMBAT A3 3
DAMAGE COMBAT B2 3
END TURN 21
TURN 22
COMMAND LEFT START
COMMAND LEFT END
COMMAND RIGHT START
COMMAND RIGHT END
TURN 22 RESULT
TIME LEFT 0 5 RIGHT 0 5
MOVE A4 6
DAMAGE TURRET B3 1
DAMAGE COMBAT A3 1
DAMAGE COMBAT A5 4
DAMAGE COMBAT B3 2
SIEGE A 0 1
END TURN 22
TURN 23
COMMAND LEFT START
MOVE A2 0
COMMAND LEFT END
COMMAND RIGHT START
COMMAND RIGHT END
TURN 23 RESULT
TIME LEFT 0 5 RIGHT 0 5
MOVE A2 0
MOVE A4 2
DAMAGE TURRET B3 1
DAMAGE COMBAT A2 4
DAMAGE COMBAT B4 1
SIEGE A 0 2
END TURN 23
TURN 24
COMMAND LEFT START
COMMAND LEFT END
COMMAND RIGHT START
COMMAND RIGHT END
TURN 24 RESULT
TIME LEFT 0 5 RIGHT 0 5
MOVE A4 0
DAMAGE TURRET B4 1
DAMAGE COMBAT A4 4
DAMAGE COMBAT B4 1
SIEGE A 0 1
END TURN 24
TURN 25
COMMAND LEFT START
COMMAND LEFT END
COMMAND RIGHT START
COMMAND RIGHT END
TURN 25 RESULT
TIME LEFT 0 5 RIGHT 0 5
DAMAGE TURRET B4 1
SIEGE A 0 5
END TURN 25
TURN 26
COMMAND LEFT START
COMMAND LEFT END
COMMAND RIGHT START
COMMAND RIGHT END
TURN 26 RESULT
TIME LEFT 0 5 RIGHT 0 5
DAMAGE TURRET B5 1
SIEGE A 0 1
END TURN 26
RESULT RIGHT_WIN HQ_DESTROYED
