[LEFT ""]
[RIGHT ""]
MAP
221 15
-11117 -10853 -10680 -9290 -10562 -9108 -9878 -8471 -9644 -8987 -8643 -8190 -8224 -8208 -9233 -8011 -7788 -8374 -7678 -8684 -7273 -7280 -7258 -7217 -7029 -7087 -7056 -6880 -6785 -7289 -6666 -6390 -6283 -6225 -6216 -6175 -6770 -6146 -6081 -5933 -5840 -5544 -5360 -5200 -5264 -5276 -5241 -5051 -5890 -4961 -4765 -4720 -5358 -4357 -4115 -4164 -4302 -4284 -4200 -4525 -4086 -3649 -4209 -3550 -3565 -2935 -3479 -3366 -3226 -3205 -3091 -3703 -2932 -2871 -2762 -3074 -2498 -2501 -2417 -2395 -2273 -2393 -2276 -2187 -2041 -1818 -2382 -1840 -1621 -1604 -1488 -1405 -1213 -1121 -1181 -1128 -1113 -945 -846 -749 -698 -787 -1005 -585 -579 -620 -352 -159 -206 -18 0 18 206 159 352 620 579 585 1005 787 698 749 846 945 1113 1128 1181 1121 1213 1405 1488 1604 1621 1840 2382 1818 2041 2187 2276 2393 2273 2395 2417 2501 2498 3074 2762 2871 2932 3703 3091 3205 3226 3366 3479 2935 3565 3550 4209 3649 4086 4525 4200 4284 4302 4164 4115 4357 5358 4720 4765 4961 5890 5051 5241 5276 5264 5200 5360 5544 5840 5933 6081 6146 6770 6175 6216 6225 6283 6390 6666 7289 6785 6880 7056 7087 7029 7217 7258 7280 7273 8684 7678 8374 7788 8011 9233 8208 8224 8190 8643 8987 9644 8471 9878 9108 10562 9290 10680 10853 11117
720 -1267 -3034 -267 2970 1533 4299 -1726 -5781 -3947 4609 2264 571 -2812 5723 -804 3651 -7090 -4555 7085 -3411 -119 1348 3041 5656 4643 -2007 -6384 -5168 8459 2357 -1199 -3945 37 4380 1545 -7785 6105 -2892 3332 7301 -5095 668 4706 -950 5719 1888 -2192 -9012 2902 -3554 6853 8954 5854 2126 778 -5220 -6828 -647 -9058 3807 7477 9645 -4242 5703 -7940 -2264 4706 -909 2574 6608 -10586 -6350 1197 -3470 9529 234 -5067 5507 4430 7345 3296 -950 -9677 2175 -2991 10752 -1925 4110 6113 8303 -5146 -874 -6439 -10970 403 -8489 1518 2761 5305 6803 3871 -4190 8952 -2181 11070 -3318 -917 -7693 4660 0 -4660 7693 917 3318 -11070 2181 -8952 4190 -3871 -6803 -5305 -2761 -1518 8489 -403 10970 6439 874 5146 -8303 -6113 -4110 1925 -10752 2991 -2175 9677 950 -3296 -7345 -4430 -5507 5067 -234 -9529 3470 -1197 6350 10586 -6608 -2574 909 -4706 2264 7940 -5703 4242 -9645 -7477 -3807 9058 647 6828 5220 -778 -2126 -5854 -8954 -6853 3554 -2902 9012 2192 -1888 -5719 950 -4706 -668 5095 -7301 -3332 2892 -6105 7785 -1545 -4380 -37 3945 1199 -2357 -8459 5168 6384 2007 -4643 -5656 -3041 -1348 119 3411 -7085 4555 7090 -3651 804 -5723 2812 -571 -2264 -4609 3947 5781 1726 -4299 -1533 -2970 267 3034 1267 -720
STRONGHOLDS 13 36 41 43 76 78 90 110 130 142 144 177 179 184 207
4 1 3 4 5
4 0 2 3 7
5 1 7 8 9 13
6 0 1 5 7 12 15
4 0 5 6 11
5 0 3 4 11 12
5 4 10 11 14 16
6 1 2 3 13 15 26
4 2 9 17 18
5 2 8 13 18 20
5 6 14 16 24 25
8 4 5 6 12 16 22 23 30
6 3 5 11 15 21 22
5 2 7 9 20 26
4 6 10 19 24
6 3 7 12 21 26 31
5 6 10 11 23 25
4 8 18 27 36
7 8 9 17 20 27 28 32
3 14 24 29
6 9 13 18 26 32 38
5 12 15 22 31 33
6 11 12 21 30 33 35
6 11 16 25 30 34 39
8 10 14 19 25 29 34 37 40
5 10 16 23 24 34
6 7 13 15 20 31 38
6 17 18 28 36 41 57
4 18 27 32 41
4 19 24 40 52
6 11 22 23 35 39 46
7 15 21 26 33 38 44 47
6 18 20 28 38 41 50
6 21 22 31 35 42 44
7 23 24 25 37 39 43 45
5 22 30 33 42 46
4 17 27 48 57
5 24 34 40 45 51
6 20 26 31 32 47 50
6 23 30 34 43 46 49
5 24 29 37 51 52
6 27 28 32 50 56 57
6 33 35 44 46 55 58
7 34 39 45 49 53 60 67
5 31 33 42 47 58
5 34 37 43 51 53
7 30 35 39 42 49 54 55
6 31 38 44 50 58 66
4 36 57 59 71
5 39 43 46 54 60
7 32 38 41 47 56 63 66
7 37 40 45 52 53 61 70
5 29 40 51 61 62
6 43 45 51 64 67 70
6 46 49 55 60 69 73
7 42 46 54 58 68 73 76
6 41 50 57 63 72 77
8 27 36 41 48 56 59 65 72
6 42 44 47 55 66 68
5 48 57 65 71 83
6 43 49 54 67 69 81
6 51 52 62 70 75 80
4 52 61 75 86
5 50 56 66 74 77
4 53 67 70 78
6 57 59 72 83 93 96
9 47 50 58 63 68 74 82 85 87
7 43 53 60 64 78 79 81
5 55 58 66 76 82
5 54 60 73 81 84
7 51 53 61 64 78 80 89
4 48 59 83 94
6 56 57 65 77 91 93
7 54 55 69 76 84 95 97
5 63 66 77 85 102
5 61 62 80 86 90
6 55 68 73 82 92 95
6 56 63 72 74 91 102
7 64 67 70 79 88 89 99
4 67 78 81 88
6 61 70 75 89 90 100
7 60 67 69 79 84 88 98
5 66 68 76 87 92
5 59 65 71 94 96
5 69 73 81 97 98
6 66 74 87 102 104 106
5 62 75 90 103 105
5 66 82 85 92 104
6 78 79 81 98 99 101
5 70 78 80 99 100
6 75 80 86 100 103 112
5 72 77 93 102 111
7 76 82 87 95 104 107 110
8 65 72 91 96 108 111 120 121
5 71 83 96 115 117
6 73 76 92 97 110 113
6 65 83 93 94 108 117
6 73 84 95 98 113 116
7 81 84 88 97 101 114 116
7 78 88 89 100 101 109 127
6 80 89 90 99 112 127
5 88 98 99 109 114
6 74 77 85 91 106 111
6 86 90 105 112 124 126
7 85 87 92 106 107 122 123
3 86 103 126
6 85 102 104 111 119 122
5 92 104 110 123 125
5 93 96 117 120 130
6 99 101 114 118 127 129
6 92 95 107 113 125 128
6 91 93 102 106 119 121
5 90 100 103 124 127
5 95 97 110 116 128
6 98 101 109 116 118 135
3 94 117 134
7 97 98 113 114 128 133 135
6 94 96 108 115 130 134
6 109 114 129 135 143 146
5 106 111 121 122 132
6 93 108 121 130 131 140
7 93 111 119 120 131 132 142
7 104 106 119 123 132 136 139
6 104 107 122 125 136 147
6 103 112 126 127 137 155
6 107 110 123 128 144 147
5 103 105 124 137 149
8 99 100 109 112 124 129 148 155
7 110 113 116 125 133 138 144
5 109 118 127 143 148
6 108 117 120 134 140 145
5 120 121 140 142 150
6 119 121 122 139 141 142
5 116 128 135 138 154
5 115 117 130 145 158
6 114 116 118 133 146 154
5 122 123 139 147 151
5 124 126 149 155 161
5 128 133 144 152 154
7 122 132 136 141 151 153 160
6 120 130 131 145 150 159
4 132 139 142 153
7 121 131 132 141 150 153 156
6 118 129 146 148 157 164
6 125 128 138 147 152 165
5 130 134 140 158 159
5 118 135 143 154 157
7 123 125 136 144 151 165 166
6 127 129 143 155 163 164
4 126 137 161 172
7 131 140 142 156 159 167 169
5 136 139 147 160 166
5 138 144 154 162 165
7 139 141 142 156 160 167 177
9 133 135 138 146 152 157 162 170 173
6 124 127 137 148 161 163
4 142 150 153 167
5 143 146 154 164 170
4 134 145 159 168
6 140 145 150 158 168 169
6 139 151 153 166 171 177
5 137 149 155 163 172
6 152 154 165 173 176 178
8 148 155 161 164 172 179 184 193
6 143 148 157 163 170 179
7 144 147 152 162 166 174 178
6 147 151 160 165 171 174
6 150 153 156 169 175 177
5 158 159 169 180 191
7 150 159 167 168 175 180 183
7 154 157 164 173 179 182 188
5 160 166 174 177 181
4 149 161 163 184
6 154 162 170 176 182 189
7 165 166 171 178 181 185 190
5 167 169 177 183 186
5 162 173 178 187 189
7 153 160 167 171 175 181 186
6 162 165 174 176 185 187
6 163 164 170 188 192 193
5 168 169 183 191 196
6 171 174 177 186 190 197
6 170 173 188 189 194 200
5 169 175 180 186 196
4 163 172 193 203
5 174 178 187 190 198
7 175 177 181 183 195 196 197
6 176 178 185 189 198 199
6 170 179 182 192 200 202
7 173 176 182 187 194 199 205
6 174 181 185 197 198 209
4 168 180 196 201
4 179 188 193 202
6 163 179 184 192 202 203
6 182 189 200 205 207 213
5 186 196 197 204 210
8 180 183 186 191 195 201 206 210
6 181 186 190 195 204 209
6 185 187 190 199 208 209
5 187 189 198 205 208
6 182 188 194 202 207 211
3 191 196 206
7 188 192 193 200 203 211 212
4 184 193 202 212
5 195 197 209 210 214
6 189 194 199 208 213 217
4 196 201 210 214
5 194 200 211 213 218
6 198 199 205 209 215 217
8 190 197 198 204 208 214 215 216
5 195 196 204 206 214
5 200 202 207 212 218
4 202 203 211 218
6 194 205 207 217 218 219
5 204 206 209 210 216
5 208 209 216 217 220
4 209 214 215 220
6 205 208 213 215 219 220
5 207 211 212 213 219
4 213 217 218 220
4 215 216 217 219
END MAP
TURN 1
COMMAND LEFT START
UPGRADE 0
COMMAND LEFT END
COMMAND RIGHT START
TRAIN 1
COMMAND RIGHT END
TURN 1 RESULT
TIME LEFT 14 5 RIGHT 3 5
UPGRADE A 0
TRAIN B4
END TURN 1
TURN 2
COMMAND LEFT START
MOVE A1 13
TRAIN 1
COMMAND LEFT END
COMMAND RIGHT START
TRAIN 1
COMMAND RIGHT END
TURN 2 RESULT
TIME LEFT 0 5 RIGHT 0 5
TRAIN A4 B5
MOVE A1 3
END TURN 2
TURN 3
COMMAND LEFT START
MOVE A2 36
COMMAND LEFT END
COMMAND RIGHT START
TRAIN 1
COMMAND RIGHT END
TURN 3 RESULT
TIME LEFT 0 5 RIGHT 0 5
TRAIN B6
MOVE A1 7
MOVE A2 1
END TURN 3
TURN 4
COMMAND LEFT START
COMMAND LEFT END
COMMAND RIGHT START
TRAIN 1
COMMAND RIGHT END
TURN 4 RESULT
TIME LEFT 0 5 RIGHT 0 5
TRAIN B7
MOVE A1 13
MOVE A2 2
END TURN 4
TURN 5
COMMAND LEFT START
COMMAND LEFT END
COMMAND RIGHT START
TRAIN 1
COMMAND RIGHT END
TURN 5 RESULT
TIME LEFT 0 5 RIGHT 0 5
TRAIN B8
MOVE A2 8
END TURN 5
TURN 6
COMMAND LEFT START
COMMAND LEFT END
COMMAND RIGHT START
MOVE B2 0
MOVE B3 0
MOVE B4 0
MOVE B5 0
MOVE B6 0
MOVE B7 0
MOVE B8 0
COMMAND RIGHT END
TURN 6 RESULT
TIME LEFT 0 5 RIGHT 0 5
MOVE A2 17
MOVE B2 215
MOVE B3 215
MOVE B4 215
MOVE B5 215
MOVE B6 215
MOVE B7 215
MOVE B8 215
END TURN 6
TURN 7
COMMAND LEFT START
COMMAND LEFT END
COMMAND RIGHT START
COMMAND RIGHT END
TURN 7 RESULT
TIME LEFT 0 5 RIGHT 0 5
MOVE A2 36
MOVE B2 209
MOVE B3 209
MOVE B4 209
MOVE B5 209
MOVE B6 209
MOVE B7 209
MOVE B8 209
END TURN 7
TURN 8
COMMAND LEFT START
COMMAND LEFT END
COMMAND RIGHT START
COMMAND RIGHT END
TURN 8 RESULT
TIME LEFT 0 5 RIGHT 0 5
MOVE B2 190
MOVE B3 190
MOVE B4 190
MOVE B5 190
MOVE B6 190
MOVE B7 190
MOVE B8 190
END TURN 8
TURN 9
COMMAND LEFT START
COMMAND LEFT END
COMMAND RIGHT START
COMMAND RIGHT END
TURN 9 RESULT
TIME LEFT 0 5 RIGHT 0 5
MOVE B2 174
MOVE B3 174
MOVE B4 174
MOVE B5 174
MOVE B6 174
MOVE B7 174
MOVE B8 174
END TURN 9
TURN 10
COMMAND LEFT START
COMMAND LEFT END
COMMAND RIGHT START
COMMAND RIGHT END
TURN 10 RESULT
TIME LEFT 0 5 RIGHT 0 5
MOVE B2 166
MOVE B3 166
MOVE B4 166
MOVE B5 166
MOVE B6 166
MOVE B7 166
MOVE B8 166
END TURN 10
TURN 11
COMMAND LEFT START
COMMAND LEFT END
COMMAND RIGHT START
COMMAND RIGHT END
TURN 11 RESULT
TIME LEFT 0 5 RIGHT 0 5
MOVE B2 147
MOVE B3 147
MOVE B4 147
MOVE B5 147
MOVE B6 147
MOVE B7 147
MOVE B8 147
END TURN 11
TURN 12
COMMAND LEFT START
COMMAND LEFT END
COMMAND RIGHT START
COMMAND RIGHT END
TURN 12 RESULT
TIME LEFT 0 5 RIGHT 0 5
MOVE B2 123
MOVE B3 123
MOVE B4 123
MOVE B5 123
MOVE B6 123
MOVE B7 123
MOVE B8 123
END TURN 12
TURN 13
COMMAND LEFT START
COMMAND LEFT END
COMMAND RIGHT START
COMMAND RIGHT END
TURN 13 RESULT
TIME LEFT 0 5 RIGHT 0 5
MOVE B2 107
MOVE B3 107
MOVE B4 107
MOVE B5 107
MOVE B6 107
MOVE B7 107
MOVE B8 107
END TURN 13
TURN 14
COMMAND LEFT START
COMMAND LEFT END
COMMAND RIGHT START
COMMAND RIGHT END
TURN 14 RESULT
TIME LEFT 0 5 RIGHT 0 5
MOVE B2 92
MOVE B3 92
MOVE B4 92
MOVE B5 92
MOVE B6 92
MOVE B7 92
MOVE B8 92
END TURN 14
TURN 15
COMMAND LEFT START
COMMAND LEFT END
COMMAND RIGHT START
COMMAND RIGHT END
TURN 15 RESULT
TIME LEFT 0 5 RIGHT 0 5
MOVE B2 82
MOVE B3 82
MOVE B4 82
MOVE B5 82
MOVE B6 82
MOVE B7 82
MOVE B8 82
END TURN 15
TURN 16
COMMAND LEFT START
COMMAND LEFT END
COMMAND RIGHT START
COMMAND RIGHT END
TURN 16 RESULT
TIME LEFT 0 5 RIGHT 0 5
MOVE B2 68
MOVE B3 68
MOVE B4 68
MOVE B5 68
MOVE B6 68
MOVE B7 68
MOVE B8 68
END TURN 16
TURN 17
COMMAND LEFT START
COMMAND LEFT END
COMMAND RIGHT START
COMMAND RIGHT END
TURN 17 RESULT
TIME LEFT 0 5 RIGHT 0 5
MOVE B2 58
MOVE B3 58
MOVE B4 58
MOVE B5 58
MOVE B6 58
MOVE B7 58
MOVE B8 58
END TURN 17
TURN 18
COMMAND LEFT START
COMMAND LEFT END
COMMAND RIGHT START
COMMAND RIGHT END
TURN 18 RESULT
TIME LEFT 0 5 RIGHT 0 5
MOVE B2 44
MOVE B3 44
MOVE B4 44
MOVE B5 44
MOVE B6 44
MOVE B7 44
MOVE B8 44
END TURN 18
TURN 19
COMMAND LEFT START
COMMAND LEFT END
COMMAND RIGHT START
COMMAND RIGHT END
TURN 19 RESULT
TIME LEFT 0 5 RIGHT 0 5
MOVE B2 31
MOVE B3 31
MOVE B4 31
MOVE B5 31
MOVE B6 31
MOVE B7 31
MOVE B8 31
END TURN 19
TURN 20
COMMAND LEFT START
MOVE A1 0
TRAIN 1
COMMAND LEFT END
COMMAND RIGHT START
COMMAND RIGHT END
TURN 20 RESULT
TIME LEFT 0 5 RIGHT 0 5
TRAIN A5
MOVE A1 7
MOVE B2 15
MOVE B3 15
MOVE B4 15
MOVE B5 15
MOVE B6 15
MOVE B7 15
MOVE B8 15
END TURN 20
TURN 21
COMMAND LEFT START
MOVE A2 0
TRAIN 1
COMMAND LEFT END
COMMAND RIGHT START
COMMAND RIGHT END
TURN 21 RESULT
TIME LEFT 0 5 RIGHT 0 5
TRAIN A6
MOVE A1 3
MOVE A2 17
MOVE B2 3
MOVE B3 3
MOVE B4 3
MOVE B5 3
MOVE B6 3
MOVE B7 3
MOVE B8 3
DAMAGE COMBAT A1 4
DAMAGE COMBAT B2 1
END TURN 21
TURN 22
COMMAND LEFT START
TRAIN 1
COMMAND LEFT END
COMMAND RIGHT START
COMMAND RIGHT END
TURN 22 RESULT
TIME LEFT 0 5 RIGHT 0 5
TRAIN A7
MOVE A2 8
MOVE B2 0
MOVE B3 0
MOVE B4 0
MOVE B5 0
MOVE B6 0
MOVE B7 0
MOVE B8 0
DAMAGE TURRET B2 2
DAMAGE COMBAT A3 4
DAMAGE COMBAT A4 3
DAMAGE COMBAT B2 1
DAMAGE COMBAT B3 4
END TURN 22
TURN 23
COMMAND LEFT START
TRAIN 1
COMMAND LEFT END
COMMAND RIGHT START
COMMAND RIGHT END
TURN 23 RESULT
TIME LEFT 0 5 RIGHT 0 5
TRAIN A8
MOVE A2 2
DAMAGE TURRET B4 2
DAMAGE COMBAT A4 2
DAMAGE COMBAT A5 3
DAMAGE COMBAT B4 2
DAMAGE COMBAT B5 3
END TURN 23
TURN 24
COMMAND LEFT START
COMMAND LEFT END
COMMAND RIGHT START
COMMAND RIGHT END
TURN 24 RESULT
TIME LEFT 0 5 RIGHT 0 5
MOVE A2 1
DAMAGE TURRET B5 1
DAMAGE TURRET B6 1
DAMAGE COMBAT A5 2
DAMAGE COMBAT A6 2
DAMAGE COMBAT B6 3
DAMAGE COMBAT B7 1
END TURN 24
TURN 25
COMMAND LEFT START
COMMAND LEFT END
COMMAND RIGHT START
COMMAND RIGHT END
TURN 25 RESULT
TIME LEFT 0 5 RIGHT 0 5
MOVE A2 0
DAMAGE TURRET B7 2
DAMAGE COMBAT A6 2
DAMAGE COMBAT B7 1
DAMAGE COMBAT B8 3
END TURN 25
TURN 26
COMMAND LEFT START
COMMAND LEFT END
COMMAND RIGHT START
COMMAND RIGHT END
TURN 26 RESULT
TIME LEFT 0 5 RIGHT 0 5
DAMAGE TURRET B8 1
DAMAGE COMBAT A6 1
END TURN 26
TURN 27
COMMAND LEFT START
COMMAND LEFT END
COMMAND RIGHT START
TRAIN 1
COMMAND RIGHT END
TURN 27 RESULT
TIME LEFT 0 5 RIGHT 0 5
TRAIN B9
END TURN 27
TURN 28
COMMAND LEFT START
MOVE A2 13
COMMAND LEFT END
COMMAND RIGHT START
COMMAND RIGHT END
TURN 28 RESULT
TIME LEFT 0 5 RIGHT 0 5
MOVE A2 3
END TURN 28
TURN 29
COMMAND LEFT START
COMMAND LEFT END
COMMAND RIGHT START
COMMAND RIGHT END
TURN 29 RESULT
TIME LEFT 0 5 RIGHT 0 5
MOVE A2 7
END TURN 29
TURN 30
COMMAND LEFT START
COMMAND LEFT END
COMMAND RIGHT START
COMMAND RIGHT END
TURN 30 RESULT
TIME LEFT 0 5 RIGHT 0 5
MOVE A2 13
END TURN 30
TURN 31
COMMAND LEFT START
COMMAND LEFT END
COMMAND RIGHT START
COMMAND RIGHT END
TURN 31 RESULT
TIME LEFT 0 5 RIGHT 0 5
END TURN 31
TURN 32
COMMAND LEFT START
COMMAND LEFT END
COMMAND RIGHT START
COMMAND RIGHT END
TURN 32 RESULT
TIME LEFT 0 5 RIGHT 0 5
END TURN 32
TURN 33
COMMAND LEFT START
COMMAND LEFT END
COMMAND RIGHT START
COMMAND RIGHT END
TURN 33 RESULT
TIME LEFT 0 5 RIGHT 0 5
END TURN 33
TURN 34
COMMAND LEFT START
COMMAND LEFT END
COMMAND RIGHT START
COMMAND RIGHT END
TURN 34 RESULT
TIME LEFT 0 5 RIGHT 0 5
END TURN 34
TURN 35
COMMAND LEFT START
COMMAND LEFT END
COMMAND RIGHT START
COMMAND RIGHT END
TURN 35 RESULT
TIME LEFT 0 5 RIGHT 0 5
END TURN 35
TURN 36
COMMAND LEFT START
COMMAND LEFT END
COMMAND RIGHT START
COMMAND RIGHT END
TURN 36 RESULT
TIME LEFT 0 5 RIGHT 0 5
END TURN 36
TURN 37
COMMAND LEFT START
COMMAND LEFT END
COMMAND RIGHT START
COMMAND RIGHT END
TURN 37 RESULT
TIME LEFT 0 5 RIGHT 0 5
END TURN 37
TURN 38
COMMAND LEFT START
COMMAND LEFT END
COMMAND RIGHT START
TRAIN 1
COMMAND RIGHT END
TURN 38 RESULT
TIME LEFT 0 5 RIGHT 0 5
TRAIN B10
END TURN 38
TURN 39
COMMAND LEFT START
COMMAND LEFT END
COMMAND RIGHT START
COMMAND RIGHT END
TURN 39 RESULT
TIME LEFT 0 5 RIGHT 0 5
END TURN 39
TURN 40
COMMAND LEFT START
COMMAND LEFT END
COMMAND RIGHT START
COMMAND RIGHT END
TURN 40 RESULT
TIME LEFT 0 5 RIGHT 0 5
END TURN 40
TURN 41
COMMAND LEFT START
COMMAND LEFT END
COMMAND RIGHT START
COMMAND RIGHT END
TURN 41 RESULT
TIME LEFT 0 5 RIGHT 0 5
END TURN 41
TURN 42
COMMAND LEFT START
COMMAND LEFT END
COMMAND RIGHT START
COMMAND RIGHT END
TURN 42 RESULT
TIME LEFT 0 5 RIGHT 0 5
END TURN 42
TURN 43
COMMAND LEFT START
COMMAND LEFT END
COMMAND RIGHT START
COMMAND RIGHT END
TURN 43 RESULT
TIME LEFT 0 5 RIGHT 0 5
END TURN 43
TURN 44
COMMAND LEFT START
COMMAND LEFT END
COMMAND RIGHT START
COMMAND RIGHT END
TURN 44 RESULT
TIME LEFT 0 5 RIGHT 0 5
END TURN 44
TURN 45
COMMAND LEFT START
UPGRADE 13
COMMAND LEFT END
COMMAND RIGHT START
COMMAND RIGHT END
TURN 45 RESULT
TIME LEFT 0 5 RIGHT 0 5
UPGRADE A 13
END TURN 45
TURN 46
COMMAND LEFT START
COMMAND LEFT END
COMMAND RIGHT START
COMMAND RIGHT END
TURN 46 RESULT
TIME LEFT 0 5 RIGHT 0 5
END TURN 46
TURN 47
COMMAND LEFT START
COMMAND LEFT END
COMMAND RIGHT START
COMMAND RIGHT END
TURN 47 RESULT
TIME LEFT 0 5 RIGHT 0 5
END TURN 47
TURN 48
COMMAND LEFT START
TRAIN 1
COMMAND LEFT END
COMMAND RIGHT START
COMMAND RIGHT END
TURN 48 RESULT
TIME LEFT 0 5 RIGHT 0 5
TRAIN A9
END TURN 48
TURN 49
COMMAND LEFT START
MOVE A7 36
COMMAND LEFT END
COMMAND RIGHT START
COMMAND RIGHT END
TURN 49 RESULT
TIME LEFT 0 5 RIGHT 0 5
MOVE A7 1
END TURN 49
TURN 50
COMMAND LEFT START
COMMAND LEFT END
COMMAND RIGHT START
COMMAND RIGHT END
TURN 50 RESULT
TIME LEFT 0 5 RIGHT 0 5
MOVE A7 2
END TURN 50
TURN 51
COMMAND LEFT START
COMMAND LEFT END
COMMAND RIGHT START
COMMAND RIGHT END
TURN 51 RESULT
TIME LEFT 0 5 RIGHT 0 5
MOVE A7 8
END TURN 51
TURN 52
COMMAND LEFT START
COMMAND LEFT END
COMMAND RIGHT START
TRAIN 1
COMMAND RIGHT END
TURN 52 RESULT
TIME LEFT 0 5 RIGHT 0 5
TRAIN B11
MOVE A7 17
END TURN 52
TURN 53
COMMAND LEFT START
COMMAND LEFT END
COMMAND RIGHT START
COMMAND RIGHT END
TURN 53 RESULT
TIME LEFT 0 5 RIGHT 0 5
MOVE A7 36
END TURN 53
TURN 54
COMMAND LEFT START
COMMAND LEFT END
COMMAND RIGHT START
COMMAND RIGHT END
TURN 54 RESULT
TIME LEFT 0 5 RIGHT 0 5
END TURN 54
TURN 55
COMMAND LEFT START
COMMAND LEFT END
COMMAND RIGHT START
COMMAND RIGHT END
TURN 55 RESULT
TIME LEFT 0 5 RIGHT 0 5
END TURN 55
TURN 56
COMMAND LEFT START
COMMAND LEFT END
COMMAND RIGHT START
COMMAND RIGHT END
TURN 56 RESULT
TIME LEFT 0 5 RIGHT 0 5
END TURN 56
TURN 57
COMMAND LEFT START
COMMAND LEFT END
COMMAND RIGHT START
COMMAND RIGHT END
TURN 57 RESULT
TIME LEFT 0 5 RIGHT 0 5
END TURN 57
TURN 58
COMMAND LEFT START
COMMAND LEFT END
COMMAND RIGHT START
COMMAND RIGHT END
TURN 58 RESULT
TIME LEFT 0 5 RIGHT 0 5
END TURN 58
TURN 59
COMMAND LEFT START
COMMAND LEFT END
COMMAND RIGHT START
COMMAND RIGHT END
TURN 59 RESULT
TIME LEFT 0 5 RIGHT 0 5
END TURN 59
TURN 60
COMMAND LEFT START
COMMAND LEFT END
COMMAND RIGHT START
COMMAND RIGHT END
TURN 60 RESULT
TIME LEFT 0 5 RIGHT 0 5
END TURN 60
TURN 61
COMMAND LEFT START
COMMAND LEFT END
COMMAND RIGHT START
COMMAND RIGHT END
TURN 61 RESULT
TIME LEFT 0 5 RIGHT 0 5
END TURN 61
TURN 62
COMMAND LEFT START
UPGRADE 36
COMMAND LEFT END
COMMAND RIGHT START
COMMAND RIGHT END
TURN 62 RESULT
TIME LEFT 0 5 RIGHT 0 5
UPGRADE A 36
END TURN 62
TURN 63
COMMAND LEFT START
COMMAND LEFT END
COMMAND RIGHT START
COMMAND RIGHT END
TURN 63 RESULT
TIME LEFT 0 5 RIGHT 0 5
END TURN 63
TURN 64
COMMAND LEFT START
TRAIN 1
COMMAND LEFT END
COMMAND RIGHT START
COMMAND RIGHT END
TURN 64 RESULT
TIME LEFT 0 5 RIGHT 0 5
TRAIN A10
END TURN 64
TURN 65
COMMAND LEFT START
MOVE A8 43
COMMAND LEFT END
COMMAND RIGHT START
COMMAND RIGHT END
TURN 65 RESULT
TIME LEFT 0 5 RIGHT 0 5
MOVE A8 5
END TURN 65
TURN 66
COMMAND LEFT START
COMMAND LEFT END
COMMAND RIGHT START
COMMAND RIGHT END
TURN 66 RESULT
TIME LEFT 0 5 RIGHT 0 5
MOVE A8 11
END TURN 66
TURN 67
COMMAND LEFT START
COMMAND LEFT END
COMMAND RIGHT START
COMMAND RIGHT END
TURN 67 RESULT
TIME LEFT 0 5 RIGHT 0 5
MOVE A8 23
END TURN 67
TURN 68
COMMAND LEFT START
COMMAND LEFT END
COMMAND RIGHT START
COMMAND RIGHT END
TURN 68 RESULT
TIME LEFT 0 5 RIGHT 0 5
MOVE A8 34
END TURN 68
TURN 69
COMMAND LEFT START
COMMAND LEFT END
COMMAND RIGHT START
TRAIN 1
COMMAND RIGHT END
TURN 69 RESULT
TIME LEFT 0 5 RIGHT 0 5
TRAIN B12
MOVE A8 43
END TURN 69
TURN 70
COMMAND LEFT START
COMMAND LEFT END
COMMAND RIGHT START
COMMAND RIGHT END
TURN 70 RESULT
TIME LEFT 0 5 RIGHT 0 5
END TURN 70
TURN 71
COMMAND LEFT START
COMMAND LEFT END
COMMAND RIGHT START
COMMAND RIGHT END
TURN 71 RESULT
TIME LEFT 0 5 RIGHT 0 5
END TURN 71
TURN 72
COMMAND LEFT START
COMMAND LEFT END
COMMAND RIGHT START
COMMAND RIGHT END
TURN 72 RESULT
TIME LEFT 0 5 RIGHT 0 5
END TURN 72
TURN 73
COMMAND LEFT START
COMMAND LEFT END
COMMAND RIGHT START
COMMAND RIGHT END
TURN 73 RESULT
TIME LEFT 0 5 RIGHT 0 5
END TURN 73
TURN 74
COMMAND LEFT START
COMMAND LEFT END
COMMAND RIGHT START
COMMAND RIGHT END
TURN 74 RESULT
TIME LEFT 0 5 RIGHT 0 5
END TURN 74
TURN 75
COMMAND LEFT START
UPGRADE 43
COMMAND LEFT END
COMMAND RIGHT START
COMMAND RIGHT END
TURN 75 RESULT
TIME LEFT 0 5 RIGHT 0 5
UPGRADE A 43
END TURN 75
TURN 76
COMMAND LEFT START
COMMAND LEFT END
COMMAND RIGHT START
COMMAND RIGHT END
TURN 76 RESULT
TIME LEFT 0 5 RIGHT 0 5
END TURN 76
TURN 77
COMMAND LEFT START
TRAIN 1
COMMAND LEFT END
COMMAND RIGHT START
COMMAND RIGHT END
TURN 77 RESULT
TIME LEFT 0 5 RIGHT 0 5
TRAIN A11
END TURN 77
TURN 78
COMMAND LEFT START
MOVE A9 76
COMMAND LEFT END
COMMAND RIGHT START
COMMAND RIGHT END
TURN 78 RESULT
TIME LEFT 0 5 RIGHT 0 5
MOVE A9 3
END TURN 78
TURN 79
COMMAND LEFT START
COMMAND LEFT END
COMMAND RIGHT START
COMMAND RIGHT END
TURN 79 RESULT
TIME LEFT 0 5 RIGHT 0 5
MOVE A9 15
END TURN 79
TURN 80
COMMAND LEFT START
COMMAND LEFT END
COMMAND RIGHT START
COMMAND RIGHT END
TURN 80 RESULT
TIME LEFT 0 5 RIGHT 0 5
MOVE A9 21
END TURN 80
TURN 81
COMMAND LEFT START
COMMAND LEFT END
COMMAND RIGHT START
COMMAND RIGHT END
TURN 81 RESULT
TIME LEFT 0 5 RIGHT 0 5
MOVE A9 33
END TURN 81
TURN 82
COMMAND LEFT START
COMMAND LEFT END
COMMAND RIGHT START
COMMAND RIGHT END
TURN 82 RESULT
TIME LEFT 0 5 RIGHT 0 5
MOVE A9 42
END TURN 82
TURN 83
COMMAND LEFT START
COMMAND LEFT END
COMMAND RIGHT START
COMMAND RIGHT END
TURN 83 RESULT
TIME LEFT 0 5 RIGHT 0 5
MOVE A9 55
END TURN 83
TURN 84
COMMAND LEFT START
COMMAND LEFT END
COMMAND RIGHT START
COMMAND RIGHT END
TURN 84 RESULT
TIME LEFT 0 5 RIGHT 0 5
MOVE A9 76
END TURN 84
TURN 85
COMMAND LEFT START
UPGRADE 76
COMMAND LEFT END
COMMAND RIGHT START
COMMAND RIGHT END
TURN 85 RESULT
TIME LEFT 0 5 RIGHT 0 5
UPGRADE A 76
END TURN 85
TURN 86
COMMAND LEFT START
TRAIN 1
COMMAND LEFT END
COMMAND RIGHT START
COMMAND RIGHT END
TURN 86 RESULT
TIME LEFT 0 5 RIGHT 0 5
TRAIN A12
END TURN 86
TURN 87
COMMAND LEFT START
MOVE A10 41
COMMAND LEFT END
COMMAND RIGHT START
COMMAND RIGHT END
TURN 87 RESULT
TIME LEFT 0 5 RIGHT 0 5
MOVE A10 3
END TURN 87
TURN 88
COMMAND LEFT START
COMMAND LEFT END
COMMAND RIGHT START
COMMAND RIGHT END
TURN 88 RESULT
TIME LEFT 0 5 RIGHT 0 5
MOVE A10 7
END TURN 88
TURN 89
COMMAND LEFT START
COMMAND LEFT END
COMMAND RIGHT START
COMMAND RIGHT END
TURN 89 RESULT
TIME LEFT 0 5 RIGHT 0 5
MOVE A10 13
END TURN 89
TURN 90
COMMAND LEFT START
COMMAND LEFT END
COMMAND RIGHT START
COMMAND RIGHT END
TURN 90 RESULT
TIME LEFT 0 5 RIGHT 0 5
MOVE A10 20
END TURN 90
TURN 91
COMMAND LEFT START
COMMAND LEFT END
COMMAND RIGHT START
COMMAND RIGHT END
TURN 91 RESULT
TIME LEFT 0 5 RIGHT 0 5
MOVE A10 32
END TURN 91
TURN 92
COMMAND LEFT START
COMMAND LEFT END
COMMAND RIGHT START
TRAIN 1
COMMAND RIGHT END
TURN 92 RESULT
TIME LEFT 0 5 RIGHT 0 5
TRAIN B13
MOVE A10 41
END TURN 92
TURN 93
COMMAND LEFT START
UPGRADE 41
COMMAND LEFT END
COMMAND RIGHT START
COMMAND RIGHT END
TURN 93 RESULT
TIME LEFT 0 5 RIGHT 0 5
UPGRADE A 41
END TURN 93
TURN 94
COMMAND LEFT START
TRAIN 1
COMMAND LEFT END
COMMAND RIGHT START
COMMAND RIGHT END
TURN 94 RESULT
TIME LEFT 0 5 RIGHT 0 5
TRAIN A13
END TURN 94
TURN 95
COMMAND LEFT START
MOVE A12 110
COMMAND LEFT END
COMMAND RIGHT START
COMMAND RIGHT END
TURN 95 RESULT
TIME LEFT 0 5 RIGHT 0 5
MOVE A12 3
END TURN 95
TURN 96
COMMAND LEFT START
TRAIN 1
COMMAND LEFT END
COMMAND RIGHT START
COMMAND RIGHT END
TURN 96 RESULT
TIME LEFT 0 5 RIGHT 0 5
TRAIN A14
MOVE A12 15
END TURN 96
TURN 97
COMMAND LEFT START
MOVE A13 76
COMMAND LEFT END
COMMAND RIGHT START
COMMAND RIGHT END
TURN 97 RESULT
TIME LEFT 0 5 RIGHT 0 5
MOVE A12 31
MOVE A13 3
END TURN 97
TURN 98
COMMAND LEFT START
COMMAND LEFT END
COMMAND RIGHT START
COMMAND RIGHT END
TURN 98 RESULT
TIME LEFT 0 5 RIGHT 0 5
MOVE A12 44
MOVE A13 15
END TURN 98
TURN 99
COMMAND LEFT START
COMMAND LEFT END
COMMAND RIGHT START
COMMAND RIGHT END
TURN 99 RESULT
TIME LEFT 0 5 RIGHT 0 5
MOVE A12 58
MOVE A13 21
END TURN 99
TURN 100
COMMAND LEFT START
COMMAND LEFT END
COMMAND RIGHT START
COMMAND RIGHT END
TURN 100 RESULT
TIME LEFT 0 5 RIGHT 0 5
MOVE A12 68
MOVE A13 33
END TURN 100
TURN 101
COMMAND LEFT START
COMMAND LEFT END
COMMAND RIGHT START
COMMAND RIGHT END
TURN 101 RESULT
TIME LEFT 0 5 RIGHT 0 5
MOVE A12 82
MOVE A13 42
END TURN 101
TURN 102
COMMAND LEFT START
COMMAND LEFT END
COMMAND RIGHT START
COMMAND RIGHT END
TURN 102 RESULT
TIME LEFT 0 5 RIGHT 0 5
MOVE A12 92
MOVE A13 55
END TURN 102
TURN 103
COMMAND LEFT START
COMMAND LEFT END
COMMAND RIGHT START
COMMAND RIGHT END
TURN 103 RESULT
TIME LEFT 0 5 RIGHT 0 5
MOVE A12 110
MOVE A13 76
END TURN 103
TURN 104
COMMAND LEFT START
MOVE A9 78
UPGRADE 110
COMMAND LEFT END
COMMAND RIGHT START
COMMAND RIGHT END
TURN 104 RESULT
TIME LEFT 0 5 RIGHT 0 5
UPGRADE A 110
MOVE A9 73
END TURN 104
TURN 105
COMMAND LEFT START
COMMAND LEFT END
COMMAND RIGHT START
COMMAND RIGHT END
TURN 105 RESULT
TIME LEFT 0 5 RIGHT 0 5
MOVE A9 84
END TURN 105
TURN 106
COMMAND LEFT START
COMMAND LEFT END
COMMAND RIGHT START
COMMAND RIGHT END
TURN 106 RESULT
TIME LEFT 0 5 RIGHT 0 5
MOVE A9 81
END TURN 106
TURN 107
COMMAND LEFT START
COMMAND LEFT END
COMMAND RIGHT START
COMMAND RIGHT END
TURN 107 RESULT
TIME LEFT 0 5 RIGHT 0 5
MOVE A9 79
END TURN 107
TURN 108
COMMAND LEFT START
TRAIN 1
COMMAND LEFT END
COMMAND RIGHT START
COMMAND RIGHT END
TURN 108 RESULT
TIME LEFT 0 5 RIGHT 0 5
TRAIN A15
MOVE A9 78
END TURN 108
TURN 109
COMMAND LEFT START
MOVE A14 110
UPGRADE 78
TRAIN 1
COMMAND LEFT END
COMMAND RIGHT START
COMMAND RIGHT END
TURN 109 RESULT
TIME LEFT 0 5 RIGHT 0 5
UPGRADE A 78
TRAIN A16
MOVE A14 3
END TURN 109
TURN 110
COMMAND LEFT START
MOVE A15 110
COMMAND LEFT END
COMMAND RIGHT START
COMMAND RIGHT END
TURN 110 RESULT
TIME LEFT 0 5 RIGHT 0 5
MOVE A14 15
MOVE A15 3
END TURN 110
TURN 111
COMMAND LEFT START
TRAIN 1
COMMAND LEFT END
COMMAND RIGHT START
COMMAND RIGHT END
TURN 111 RESULT
TIME LEFT 0 5 RIGHT 0 5
TRAIN A17
MOVE A14 31
MOVE A15 15
END TURN 111
TURN 112
COMMAND LEFT START
MOVE A16 110
COMMAND LEFT END
COMMAND RIGHT START
COMMAND RIGHT END
TURN 112 RESULT
TIME LEFT 0 5 RIGHT 0 5
MOVE A14 44
MOVE A15 31
MOVE A16 3
END TURN 112
TURN 113
COMMAND LEFT START
COMMAND LEFT END
COMMAND RIGHT START
COMMAND RIGHT END
TURN 113 RESULT
TIME LEFT 0 5 RIGHT 0 5
MOVE A14 58
MOVE A15 44
MOVE A16 15
END TURN 113
TURN 114
COMMAND LEFT START
COMMAND LEFT END
COMMAND RIGHT START
COMMAND RIGHT END
TURN 114 RESULT
TIME LEFT 0 5 RIGHT 0 5
MOVE A14 68
MOVE A15 58
MOVE A16 31
END TURN 114
TURN 115
COMMAND LEFT START
COMMAND LEFT END
COMMAND RIGHT START
COMMAND RIGHT END
TURN 115 RESULT
TIME LEFT 0 5 RIGHT 0 5
MOVE A14 82
MOVE A15 68
MOVE A16 44
END TURN 115
TURN 116
COMMAND LEFT START
COMMAND LEFT END
COMMAND RIGHT START
COMMAND RIGHT END
TURN 116 RESULT
TIME LEFT 0 5 RIGHT 0 5
MOVE A14 92
MOVE A15 82
MOVE A16 58
END TURN 116
TURN 117
COMMAND LEFT START
COMMAND LEFT END
COMMAND RIGHT START
COMMAND RIGHT END
TURN 117 RESULT
TIME LEFT 0 5 RIGHT 0 5
MOVE A14 110
MOVE A15 92
MOVE A16 68
END TURN 117
TURN 118
COMMAND LEFT START
MOVE A12 90
COMMAND LEFT END
COMMAND RIGHT START
COMMAND RIGHT END
TURN 118 RESULT
TIME LEFT 0 5 RIGHT 0 5
MOVE A12 113
MOVE A15 110
MOVE A16 82
END TURN 118
TURN 119
COMMAND LEFT START
TRAIN 1
COMMAND LEFT END
COMMAND RIGHT START
COMMAND RIGHT END
TURN 119 RESULT
TIME LEFT 0 5 RIGHT 0 5
TRAIN A18
MOVE A12 116
MOVE A16 92
END TURN 119
TURN 120
COMMAND LEFT START
MOVE A17 110
TRAIN 1
COMMAND LEFT END
COMMAND RIGHT START
COMMAND RIGHT END
TURN 120 RESULT
TIME LEFT 0 5 RIGHT 0 5
TRAIN A19
MOVE A12 114
MOVE A16 110
MOVE A17 3
END TURN 120
TURN 121
COMMAND LEFT START
MOVE A11 90
MOVE A14 90
MOVE A15 90
TRAIN 1
COMMAND LEFT END
COMMAND RIGHT START
COMMAND RIGHT END
TURN 121 RESULT
TIME LEFT 0 5 RIGHT 0 5
TRAIN A20
MOVE A11 5
MOVE A12 109
MOVE A14 113
MOVE A15 113
MOVE A17 15
END TURN 121
TURN 122
COMMAND LEFT START
MOVE A19 110
TRAIN 1
COMMAND LEFT END
COMMAND RIGHT START
COMMAND RIGHT END
TURN 122 RESULT
TIME LEFT 0 5 RIGHT 0 5
TRAIN A21
MOVE A11 11
MOVE A12 99
MOVE A14 116
MOVE A15 116
MOVE A17 31
MOVE A19 3
END TURN 122
TURN 123
COMMAND LEFT START
MOVE A20 110
COMMAND LEFT END
COMMAND RIGHT START
COMMAND RIGHT END
TURN 123 RESULT
TIME LEFT 0 5 RIGHT 0 5
MOVE A11 23
MOVE A12 100
MOVE A14 114
MOVE A15 114
MOVE A17 44
MOVE A19 15
MOVE A20 3
END TURN 123
TURN 124
COMMAND LEFT START
UPGRADE 0
COMMAND LEFT END
COMMAND RIGHT START
COMMAND RIGHT END
TURN 124 RESULT
TIME LEFT 0 5 RIGHT 0 5
UPGRADE A 0
MOVE A11 34
MOVE A12 90
MOVE A14 109
MOVE A15 109
MOVE A17 58
MOVE A19 31
MOVE A20 15
END TURN 124
TURN 125
COMMAND LEFT START
COMMAND LEFT END
COMMAND RIGHT START
COMMAND RIGHT END
TURN 125 RESULT
TIME LEFT 0 5 RIGHT 0 5
MOVE A11 43
MOVE A14 99
MOVE A15 99
MOVE A17 68
MOVE A19 44
MOVE A20 31
END TURN 125
TURN 126
COMMAND LEFT START
TRAIN 1
COMMAND LEFT END
COMMAND RIGHT START
COMMAND RIGHT END
TURN 126 RESULT
TIME LEFT 0 5 RIGHT 0 5
TRAIN A22
MOVE A11 53
MOVE A14 100
MOVE A15 100
MOVE A17 82
MOVE A19 58
MOVE A20 44
END TURN 126
TURN 127
COMMAND LEFT START
COMMAND LEFT END
COMMAND RIGHT START
COMMAND RIGHT END
TURN 127 RESULT
TIME LEFT 0 5 RIGHT 0 5
MOVE A11 70
MOVE A14 90
MOVE A15 90
MOVE A17 92
MOVE A19 68
MOVE A20 58
END TURN 127
TURN 128
COMMAND LEFT START
MOVE A14 78
MOVE A15 78
COMMAND LEFT END
COMMAND RIGHT START
COMMAND RIGHT END
TURN 128 RESULT
TIME LEFT 0 5 RIGHT 0 5
MOVE A11 80
MOVE A14 80
MOVE A15 80
MOVE A17 110
MOVE A19 82
MOVE A20 68
END TURN 128
TURN 129
COMMAND LEFT START
COMMAND LEFT END
COMMAND RIGHT START
COMMAND RIGHT END
TURN 129 RESULT
TIME LEFT 0 5 RIGHT 0 5
MOVE A11 90
MOVE A14 70
MOVE A15 70
MOVE A19 92
MOVE A20 82
END TURN 129
TURN 130
COMMAND LEFT START
MOVE A12 78
UPGRADE 90
COMMAND LEFT END
COMMAND RIGHT START
COMMAND RIGHT END
TURN 130 RESULT
TIME LEFT 0 5 RIGHT 0 5
UPGRADE A 90
MOVE A12 80
MOVE A14 78
MOVE A15 78
MOVE A19 110
MOVE A20 92
END TURN 130
TURN 131
COMMAND LEFT START
MOVE A9 142
MOVE A14 142
MOVE A16 142
MOVE A17 142
COMMAND LEFT END
COMMAND RIGHT START
COMMAND RIGHT END
TURN 131 RESULT
TIME LEFT 0 5 RIGHT 0 5
MOVE A9 88
MOVE A12 70
MOVE A14 88
MOVE A16 107
MOVE A17 107
MOVE A20 110
END TURN 131
TURN 132
COMMAND LEFT START
COMMAND LEFT END
COMMAND RIGHT START
TRAIN 1
COMMAND RIGHT END
TURN 132 RESULT
TIME LEFT 0 5 RIGHT 0 5
TRAIN B14
MOVE A9 98
MOVE A12 78
MOVE A14 98
MOVE A16 123
MOVE A17 123
END TURN 132
TURN 133
COMMAND LEFT START
MOVE A12 110
COMMAND LEFT END
COMMAND RIGHT START
COMMAND RIGHT END
TURN 133 RESULT
TIME LEFT 0 5 RIGHT 0 5
MOVE A9 97
MOVE A12 88
MOVE A14 97
MOVE A16 122
MOVE A17 122
END TURN 133
TURN 134
COMMAND LEFT START
COMMAND LEFT END
COMMAND RIGHT START
COMMAND RIGHT END
TURN 134 RESULT
TIME LEFT 0 5 RIGHT 0 5
MOVE A9 95
MOVE A12 98
MOVE A14 95
MOVE A16 132
MOVE A17 132
END TURN 134
TURN 135
COMMAND LEFT START
TRAIN 2
COMMAND LEFT END
COMMAND RIGHT START
COMMAND RIGHT END
TURN 135 RESULT
TIME LEFT 0 5 RIGHT 0 5
TRAIN A23 A24
MOVE A9 92
MOVE A12 97
MOVE A14 92
MOVE A16 142
MOVE A17 142
END TURN 135
TURN 136
COMMAND LEFT START
MOVE A17 110
MOVE A18 142
MOVE A19 142
MOVE A21 142
UPGRADE 142
COMMAND LEFT END
COMMAND RIGHT START
COMMAND RIGHT END
TURN 136 RESULT
TIME LEFT 0 5 RIGHT 0 5
UPGRADE A 142
MOVE A9 104
MOVE A12 113
MOVE A14 104
MOVE A17 132
MOVE A18 3
MOVE A19 107
MOVE A21 3
END TURN 136
TURN 137
COMMAND LEFT START
COMMAND LEFT END
COMMAND RIGHT START
COMMAND RIGHT END
TURN 137 RESULT
TIME LEFT 0 5 RIGHT 0 5
MOVE A9 122
MOVE A12 110
MOVE A14 122
MOVE A17 122
MOVE A18 15
MOVE A19 123
MOVE A21 15
END TURN 137
TURN 138
COMMAND LEFT START
MOVE A12 142
COMMAND LEFT END
COMMAND RIGHT START
COMMAND RIGHT END
TURN 138 RESULT
TIME LEFT 0 5 RIGHT 0 5
MOVE A9 132
MOVE A12 107
MOVE A14 132
MOVE A17 123
MOVE A18 31
MOVE A19 122
MOVE A21 31
END TURN 138
TURN 139
COMMAND LEFT START
COMMAND LEFT END
COMMAND RIGHT START
COMMAND RIGHT END
TURN 139 RESULT
TIME LEFT 0 5 RIGHT 0 5
MOVE A9 142
MOVE A12 123
MOVE A14 142
MOVE A17 107
MOVE A18 47
MOVE A19 132
MOVE A21 47
END TURN 139
TURN 140
COMMAND LEFT START
COMMAND LEFT END
COMMAND RIGHT START
COMMAND RIGHT END
TURN 140 RESULT
TIME LEFT 0 5 RIGHT 0 5
MOVE A12 122
MOVE A17 110
MOVE A18 66
MOVE A19 142
MOVE A21 66
END TURN 140
TURN 141
COMMAND LEFT START
MOVE A9 130
MOVE A14 130
MOVE A16 130
MOVE A17 130
COMMAND LEFT END
COMMAND RIGHT START
COMMAND RIGHT END
TURN 141 RESULT
TIME LEFT 0 5 RIGHT 0 5
MOVE A9 150
MOVE A12 132
MOVE A14 150
MOVE A16 150
MOVE A17 107
MOVE A18 85
MOVE A21 85
END TURN 141
TURN 142
COMMAND LEFT START
COMMAND LEFT END
COMMAND RIGHT START
COMMAND RIGHT END
TURN 142 RESULT
TIME LEFT 0 5 RIGHT 0 5
MOVE A9 140
MOVE A12 142
MOVE A14 140
MOVE A16 140
MOVE A17 104
MOVE A18 102
MOVE A21 102
END TURN 142
TURN 143
COMMAND LEFT START
COMMAND LEFT END
COMMAND RIGHT START
COMMAND RIGHT END
TURN 143 RESULT
TIME LEFT 0 5 RIGHT 0 5
MOVE A9 130
MOVE A14 130
MOVE A16 130
MOVE A17 106
MOVE A18 111
MOVE A21 111
END TURN 143
TURN 144
COMMAND LEFT START
MOVE A14 142
MOVE A16 142
UPGRADE 130
COMMAND LEFT END
COMMAND RIGHT START
COMMAND RIGHT END
TURN 144 RESULT
TIME LEFT 0 5 RIGHT 0 5
UPGRADE A 130
MOVE A14 140
MOVE A16 140
MOVE A17 111
MOVE A18 121
MOVE A21 121
END TURN 144
TURN 145
COMMAND LEFT START
COMMAND LEFT END
COMMAND RIGHT START
COMMAND RIGHT END
TURN 145 RESULT
TIME LEFT 0 5 RIGHT 0 5
MOVE A14 150
MOVE A16 150
MOVE A17 121
MOVE A18 142
MOVE A21 142
END TURN 145
TURN 146
COMMAND LEFT START
MOVE A12 144
MOVE A18 144
MOVE A19 144
COMMAND LEFT END
COMMAND RIGHT START
COMMAND RIGHT END
TURN 146 RESULT
TIME LEFT 0 5 RIGHT 0 5
MOVE A12 141
MOVE A14 142
MOVE A16 142
MOVE A17 120
MOVE A18 141
MOVE A19 141
END TURN 146
TURN 147
COMMAND LEFT START
COMMAND LEFT END
COMMAND RIGHT START
COMMAND RIGHT END
TURN 147 RESULT
TIME LEFT 0 5 RIGHT 0 5
MOVE A12 139
MOVE A17 130
MOVE A18 139
MOVE A19 139
END TURN 147
TURN 148
COMMAND LEFT START
MOVE A9 144
MOVE A14 144
MOVE A16 144
COMMAND LEFT END
COMMAND RIGHT START
COMMAND RIGHT END
TURN 148 RESULT
TIME LEFT 0 5 RIGHT 0 5
MOVE A9 120
MOVE A12 136
MOVE A14 141
MOVE A16 141
MOVE A18 136
MOVE A19 136
END TURN 148
TURN 149
COMMAND LEFT START
COMMAND LEFT END
COMMAND RIGHT START
COMMAND RIGHT END
TURN 149 RESULT
TIME LEFT 0 5 RIGHT 0 5
MOVE A9 121
MOVE A12 147
MOVE A14 139
MOVE A16 139
MOVE A18 147
MOVE A19 147
END TURN 149
TURN 150
COMMAND LEFT START
TRAIN 2
COMMAND LEFT END
COMMAND RIGHT START
COMMAND RIGHT END
TURN 150 RESULT
TIME LEFT 0 5 RIGHT 0 5
TRAIN A25 A26
MOVE A9 132
MOVE A12 144
MOVE A14 136
MOVE A16 136
MOVE A18 144
MOVE A19 144
END TURN 150
TURN 151
COMMAND LEFT START
MOVE A18 110
MOVE A19 110
MOVE A23 142
MOVE A24 142
UPGRADE 144
TRAIN 2
COMMAND LEFT END
COMMAND RIGHT START
COMMAND RIGHT END
TURN 151 RESULT
TIME LEFT 0 5 RIGHT 0 5
UPGRADE A 144
TRAIN A27 A28
MOVE A9 139
MOVE A14 147
MOVE A16 147
MOVE A18 125
MOVE A19 125
MOVE A23 3
MOVE A24 3
END TURN 151
TURN 152
COMMAND LEFT START
MOVE A25 144
MOVE A26 144
TRAIN 2
COMMAND LEFT END
COMMAND RIGHT START
COMMAND RIGHT END
TURN 152 RESULT
TIME LEFT 0 5 RIGHT 0 5
TRAIN A29 A30
MOVE A9 136
MOVE A14 144
MOVE A16 144
MOVE A18 110
MOVE A19 110
MOVE A23 15
MOVE A24 15
MOVE A25 3
MOVE A26 3
END TURN 152
TURN 153
COMMAND LEFT START
MOVE A12 177
MOVE A14 177
MOVE A18 177
MOVE A19 177
MOVE A22 177
MOVE A27 177
TRAIN 2
COMMAND LEFT END
COMMAND RIGHT START
COMMAND RIGHT END
TURN 153 RESULT
TIME LEFT 0 5 RIGHT 0 5
TRAIN A31 A32
MOVE A9 147
MOVE A12 147
MOVE A14 147
MOVE A18 125
MOVE A19 125
MOVE A22 3
MOVE A23 31
MOVE A24 31
MOVE A25 15
MOVE A26 15
MOVE A27 3
END TURN 153
TURN 154
COMMAND LEFT START
MOVE A29 144
MOVE A30 144
TRAIN 1
COMMAND LEFT END
COMMAND RIGHT START
COMMAND RIGHT END
TURN 154 RESULT
TIME LEFT 0 5 RIGHT 0 5
TRAIN A33
MOVE A9 144
MOVE A12 151
MOVE A14 151
MOVE A18 147
MOVE A19 147
MOVE A22 15
MOVE A23 47
MOVE A24 47
MOVE A25 31
MOVE A26 31
MOVE A27 15
MOVE A29 3
MOVE A30 3
END TURN 154
TURN 155
COMMAND LEFT START
MOVE A31 144
COMMAND LEFT END
COMMAND RIGHT START
COMMAND RIGHT END
TURN 155 RESULT
TIME LEFT 0 5 RIGHT 0 5
MOVE A12 160
MOVE A14 160
MOVE A18 151
MOVE A19 151
MOVE A22 31
MOVE A23 66
MOVE A24 66
MOVE A25 44
MOVE A26 44
MOVE A27 31
MOVE A29 15
MOVE A30 15
MOVE A31 3
END TURN 155
TURN 156
COMMAND LEFT START
COMMAND LEFT END
COMMAND RIGHT START
COMMAND RIGHT END
TURN 156 RESULT
TIME LEFT 0 5 RIGHT 0 5
MOVE A12 177
MOVE A14 177
MOVE A18 160
MOVE A19 160
MOVE A22 47
MOVE A23 85
MOVE A24 85
MOVE A25 58
MOVE A26 58
MOVE A27 47
MOVE A29 31
MOVE A30 31
MOVE A31 15
END TURN 156
TURN 157
COMMAND LEFT START
MOVE A14 142
UPGRADE 177
COMMAND LEFT END
COMMAND RIGHT START
COMMAND RIGHT END
TURN 157 RESULT
TIME LEFT 0 5 RIGHT 0 5
UPGRADE A 177
MOVE A14 153
MOVE A18 177
MOVE A19 177
MOVE A22 66
MOVE A23 102
MOVE A24 102
MOVE A25 68
MOVE A26 68
MOVE A27 66
MOVE A29 44
MOVE A30 44
MOVE A31 31
END TURN 157
TURN 158
COMMAND LEFT START
MOVE A9 184
MOVE A12 184
MOVE A18 184
TRAIN 2
COMMAND LEFT END
COMMAND RIGHT START
COMMAND RIGHT END
TURN 158 RESULT
TIME LEFT 0 5 RIGHT 0 5
TRAIN A34 A35
MOVE A9 152
MOVE A12 171
MOVE A14 142
MOVE A18 171
MOVE A22 85
MOVE A23 111
MOVE A24 111
MOVE A25 82
MOVE A26 82
MOVE A27 85
MOVE A29 58
MOVE A30 58
MOVE A31 44
END TURN 158
TURN 159
COMMAND LEFT START
MOVE A14 184
MOVE A28 184
MOVE A32 184
COMMAND LEFT END
COMMAND RIGHT START
COMMAND RIGHT END
TURN 159 RESULT
TIME LEFT 0 5 RIGHT 0 5
MOVE A9 154
MOVE A12 174
MOVE A14 153
MOVE A18 174
MOVE A22 106
MOVE A23 121
MOVE A24 121
MOVE A25 92
MOVE A26 92
MOVE A27 106
MOVE A28 5
MOVE A29 68
MOVE A30 68
MOVE A31 58
MOVE A32 5
END TURN 159
TURN 160
COMMAND LEFT START
COMMAND LEFT END
COMMAND RIGHT START
COMMAND RIGHT END
TURN 160 RESULT
TIME LEFT 0 5 RIGHT 0 5
MOVE A9 170
MOVE A12 178
MOVE A14 160
MOVE A18 178
MOVE A22 119
MOVE A23 142
MOVE A24 142
MOVE A25 107
MOVE A26 107
MOVE A27 119
MOVE A28 11
MOVE A29 82
MOVE A30 82
MOVE A31 68
MOVE A32 11
END TURN 160
TURN 161
COMMAND LEFT START
MOVE A21 177
MOVE A23 177
COMMAND LEFT END
COMMAND RIGHT START
COMMAND RIGHT END
TURN 161 RESULT
TIME LEFT 0 5 RIGHT 0 5
MOVE A9 179
MOVE A12 187
MOVE A14 166
MOVE A18 187
MOVE A21 153
MOVE A22 132
MOVE A23 153
MOVE A25 125
MOVE A26 125
MOVE A27 132
MOVE A28 23
MOVE A29 92
MOVE A30 92
MOVE A31 82
MOVE A32 23
END TURN 161
TURN 162
COMMAND LEFT START
UPGRADE 179
COMMAND LEFT END
COMMAND RIGHT START
COMMAND RIGHT END
TURN 162 RESULT
TIME LEFT 0 5 RIGHT 0 5
UPGRADE A 179
MOVE A9 193
MOVE A12 189
MOVE A14 165
MOVE A18 189
MOVE A21 177
MOVE A22 141
MOVE A23 177
MOVE A25 144
MOVE A26 144
MOVE A27 141
MOVE A28 34
MOVE A29 107
MOVE A30 107
MOVE A31 92
MOVE A32 34
END TURN 162
TURN 163
COMMAND LEFT START
MOVE A16 184
MOVE A19 184
MOVE A21 184
MOVE A25 184
TRAIN 2
COMMAND LEFT END
COMMAND RIGHT START
COMMAND RIGHT END
TURN 163 RESULT
TIME LEFT 0 5 RIGHT 0 5
TRAIN A36 A37
MOVE A9 184
MOVE A12 182
MOVE A14 162
MOVE A16 152
MOVE A18 182
MOVE A19 171
MOVE A21 171
MOVE A22 153
MOVE A25 152
MOVE A27 153
MOVE A28 43
MOVE A29 125
MOVE A30 125
MOVE A31 107
MOVE A32 43
END TURN 163
TURN 164
COMMAND LEFT START
MOVE A34 179
MOVE A35 179
UPGRADE 184
COMMAND LEFT END
COMMAND RIGHT START
COMMAND RIGHT END
TURN 164 RESULT
TIME LEFT 0 5 RIGHT 0 5
UPGRADE A 184
MOVE A12 188
MOVE A14 173
MOVE A16 154
MOVE A18 188
MOVE A19 174
MOVE A21 174
MOVE A22 177
MOVE A25 154
MOVE A27 177
MOVE A28 67
MOVE A29 144
MOVE A30 144
MOVE A31 125
MOVE A32 67
MOVE A34 5
MOVE A35 5
END TURN 164
TURN 165
COMMAND LEFT START
MOVE A22 207
MOVE A23 207
MOVE A26 207
MOVE A29 207
TRAIN 1
COMMAND LEFT END
COMMAND RIGHT START
COMMAND RIGHT END
TURN 165 RESULT
TIME LEFT 0 5 RIGHT 0 5
TRAIN A38
MOVE A12 192
MOVE A14 182
MOVE A16 170
MOVE A18 192
MOVE A19 178
MOVE A21 178
MOVE A22 181
MOVE A23 181
MOVE A25 170
MOVE A26 152
MOVE A28 78
MOVE A29 152
MOVE A31 144
MOVE A32 78
MOVE A34 11
MOVE A35 11
END TURN 165
TURN 166
COMMAND LEFT START
MOVE A30 220
MOVE A36 220
TRAIN 1
COMMAND LEFT END
COMMAND RIGHT START
COMMAND RIGHT END
TURN 166 RESULT
TIME LEFT 0 5 RIGHT 0 5
TRAIN A39
MOVE A12 193
MOVE A14 188
MOVE A16 179
MOVE A18 193
MOVE A19 187
MOVE A21 187
MOVE A22 190
MOVE A23 190
MOVE A25 179
MOVE A26 162
MOVE A28 99
MOVE A29 162
MOVE A30 165
MOVE A32 99
MOVE A34 30
MOVE A35 30
MOVE A36 3
END TURN 166
TURN 167
COMMAND LEFT START
MOVE A33 220
COMMAND LEFT END
COMMAND RIGHT START
COMMAND RIGHT END
TURN 167 RESULT
TIME LEFT 0 5 RIGHT 0 5
MOVE A12 184
MOVE A14 192
MOVE A16 193
MOVE A18 184
MOVE A19 189
MOVE A21 189
MOVE A22 198
MOVE A23 198
MOVE A25 193
MOVE A26 176
MOVE A28 127
MOVE A29 176
MOVE A30 178
MOVE A32 127
MOVE A33 3
MOVE A34 46
MOVE A35 46
MOVE A36 15
END TURN 167
TURN 168
COMMAND LEFT START
MOVE A9 220
MOVE A12 220
COMMAND LEFT END
COMMAND RIGHT START
COMMAND RIGHT END
TURN 168 RESULT
TIME LEFT 0 5 RIGHT 0 5
MOVE A9 203
MOVE A12 203
MOVE A14 193
MOVE A16 184
MOVE A19 182
MOVE A21 182
MOVE A22 199
MOVE A23 199
MOVE A25 184
MOVE A26 189
MOVE A28 148
MOVE A29 189
MOVE A30 187
MOVE A32 148
MOVE A33 15
MOVE A34 54
MOVE A35 54
MOVE A36 31
END TURN 168
TURN 169
COMMAND LEFT START
MOVE A16 220
MOVE A18 220
COMMAND LEFT END
COMMAND RIGHT START
COMMAND RIGHT END
TURN 169 RESULT
TIME LEFT 0 5 RIGHT 0 5
MOVE A9 212
MOVE A12 212
MOVE A14 184
MOVE A16 203
MOVE A18 203
MOVE A19 188
MOVE A21 188
MOVE A22 205
MOVE A23 205
MOVE A26 194
MOVE A28 163
MOVE A29 194
MOVE A30 199
MOVE A32 163
MOVE A33 31
MOVE A34 69
MOVE A35 69
MOVE A36 44
END TURN 169
TURN 170
COMMAND LEFT START
MOVE A25 220
COMMAND LEFT END
COMMAND RIGHT START
COMMAND RIGHT END
TURN 170 RESULT
TIME LEFT 0 5 RIGHT 0 5
MOVE A9 218
MOVE A12 218
MOVE A16 212
MOVE A18 212
MOVE A19 192
MOVE A21 192
MOVE A22 213
MOVE A23 213
MOVE A25 203
MOVE A26 207
MOVE A28 184
MOVE A29 207
MOVE A30 205
MOVE A32 184
MOVE A33 44
MOVE A34 84
MOVE A35 84
MOVE A36 58
END TURN 170
TURN 171
COMMAND LEFT START
MOVE A14 220
MOVE A26 220
MOVE A28 220
MOVE A29 220
UPGRADE 207
COMMAND LEFT END
COMMAND RIGHT START
COMMAND RIGHT END
TURN 171 RESULT
TIME LEFT 0 5 RIGHT 0 5
UPGRADE A 207
MOVE A9 219
MOVE A12 219
MOVE A14 203
MOVE A16 218
MOVE A18 218
MOVE A19 193
MOVE A21 193
MOVE A22 207
MOVE A23 207
MOVE A25 212
MOVE A26 213
MOVE A28 203
MOVE A29 213
MOVE A30 217
MOVE A33 58
MOVE A34 98
MOVE A35 98
MOVE A36 68
END TURN 171
TURN 172
COMMAND LEFT START
MOVE A22 220
TRAIN 2
COMMAND LEFT END
COMMAND RIGHT START
COMMAND RIGHT END
TURN 172 RESULT
TIME LEFT 0 5 RIGHT 0 5
TRAIN A40 A41
MOVE A9 220
MOVE A12 220
MOVE A14 212
MOVE A16 219
MOVE A18 219
MOVE A19 184
MOVE A21 184
MOVE A22 213
MOVE A25 218
MOVE A26 217
MOVE A28 212
MOVE A29 217
MOVE A30 220
MOVE A33 68
MOVE A34 114
MOVE A35 114
MOVE A36 82
DAMAGE TURRET A9 1
DAMAGE COMBAT A9 4
DAMAGE COMBAT A12 3
DAMAGE COMBAT B1 3
END TURN 172
TURN 173
COMMAND LEFT START
MOVE A19 220
MOVE A32 220
MOVE A37 220
MOVE A38 220
TRAIN 1
COMMAND LEFT END
COMMAND RIGHT START
COMMAND RIGHT END
TURN 173 RESULT
TIME LEFT 0 5 RIGHT 0 5
TRAIN A42
MOVE A14 218
MOVE A16 220
MOVE A18 220
MOVE A19 203
MOVE A22 217
MOVE A25 219
MOVE A26 220
MOVE A28 218
MOVE A29 220
MOVE A32 203
MOVE A33 82
MOVE A34 118
MOVE A35 118
MOVE A36 92
MOVE A37 3
MOVE A38 3
DAMAGE TURRET A12 1
DAMAGE COMBAT A12 1
DAMAGE COMBAT A16 5
DAMAGE COMBAT A18 1
DAMAGE COMBAT B1 1
DAMAGE COMBAT B9 4
DAMAGE COMBAT B10 1
END TURN 173
TURN 174
COMMAND LEFT START
MOVE A39 220
TRAIN 2
COMMAND LEFT END
COMMAND RIGHT START
COMMAND RIGHT END
TURN 174 RESULT
TIME LEFT 0 5 RIGHT 0 5
TRAIN A43 A44
MOVE A14 219
MOVE A19 212
MOVE A22 220
MOVE A25 220
MOVE A28 219
MOVE A32 212
MOVE A33 92
MOVE A34 143
MOVE A35 143
MOVE A36 107
MOVE A37 15
MOVE A38 15
MOVE A39 3
DAMAGE TURRET A18 1
DAMAGE COMBAT A18 3
DAMAGE COMBAT A22 2
DAMAGE COMBAT B10 3
DAMAGE COMBAT B11 3
END TURN 174
TURN 175
COMMAND LEFT START
MOVE A40 220
MOVE A41 220
TRAIN 1
COMMAND LEFT END
COMMAND RIGHT START
COMMAND RIGHT END
TURN 175 RESULT
TIME LEFT 1 5 RIGHT 0 5
TRAIN A45
MOVE A14 220
MOVE A19 218
MOVE A28 220
MOVE A32 218
MOVE A33 107
MOVE A34 164
MOVE A35 164
MOVE A36 123
MOVE A37 31
MOVE A38 31
MOVE A39 15
MOVE A40 3
MOVE A41 3
DAMAGE TURRET A22 1
DAMAGE COMBAT A14 1
DAMAGE COMBAT A22 3
DAMAGE COMBAT B11 1
DAMAGE COMBAT B12 4
DAMAGE COMBAT B13 2
END TURN 175
TURN 176
COMMAND LEFT START
MOVE A42 220
TRAIN 1
COMMAND LEFT END
COMMAND RIGHT START
COMMAND RIGHT END
TURN 176 RESULT
TIME LEFT 0 5 RIGHT 0 5
TRAIN A46
MOVE A19 219
MOVE A32 219
MOVE A33 123
MOVE A34 179
MOVE A35 179
MOVE A36 147
MOVE A37 44
MOVE A38 44
MOVE A39 31
MOVE A40 15
MOVE A41 15
MOVE A42 3
DAMAGE TURRET A14 1
DAMAGE COMBAT A14 2
DAMAGE COMBAT B13 2
DAMAGE COMBAT B14 4
END TURN 176
TURN 177
COMMAND LEFT START
MOVE A34 220
MOVE A43 220
COMMAND LEFT END
COMMAND RIGHT START
COMMAND RIGHT END
TURN 177 RESULT
TIME LEFT 0 5 RIGHT 0 5
MOVE A19 220
MOVE A32 220
MOVE A33 147
MOVE A34 188
MOVE A36 166
MOVE A37 58
MOVE A38 58
MOVE A39 44
MOVE A40 31
MOVE A41 31
MOVE A42 15
MOVE A43 3
DAMAGE TURRET A14 1
SIEGE B 220 8
END TURN 177
TURN 178
COMMAND LEFT START
TRAIN 1
COMMAND LEFT END
COMMAND RIGHT START
COMMAND RIGHT END
TURN 178 RESULT
TIME LEFT 0 5 RIGHT 0 5
TRAIN A47
MOVE A33 166
MOVE A34 200
MOVE A36 174
MOVE A37 68
MOVE A38 68
MOVE A39 58
MOVE A40 44
MOVE A41 44
MOVE A42 31
MOVE A43 15
DAMAGE TURRET A19 1
SIEGE B 220 2
END TURN 178
RESULT LEFT_WIN HQ_DESTROYED
