[LEFT ""]
[RIGHT ""]
MAP
229 19
-10850 -10720 -10646 -8993 -10201 -9949 -8818 -8817 -8404 -9087 -8009 -7901 -7968 -7786 -8761 -8183 -7300 -7406 -7152 -7285 -6942 -7041 -6456 -6737 -7785 -6692 -6701 -6627 -6250 -6236 -7131 -6153 -6018 -5877 -6213 -5685 -5712 -5443 -6200 -5448 -5310 -5124 -5255 -5319 -5178 -4931 -4982 -4676 -4858 -4657 -4324 -4552 -4396 -4636 -4122 -4130 -4490 -3960 -4099 -3982 -3804 -3968 -3860 -3706 -3715 -3431 -3493 -3347 -3275 -3357 -3947 -3165 -3172 -2899 -3046 -2848 -2984 -2782 -2661 -2705 -2579 -2336 -2450 -2329 -2053 -2194 -2144 -2017 -1946 -1893 -2008 -1749 -1641 -1393 -1495 -1396 -1413 -1205 -1152 -1149 -1045 -1083 -1279 -854 -858 -688 -471 -654 -365 -480 -125 -141 23 39 0 -39 -23 141 125 480 365 654 471 688 858 854 1279 1083 1045 1149 1152 1205 1413 1396 1495 1393 1641 1749 2008 1893 1946 2017 2144 2194 2053 2329 2450 2336 2579 2705 2661 2782 2984 2848 3046 2899 3172 3165 3947 3357 3275 3347 3493 3431 3715 3706 3860 3968 3804 3982 4099 3960 4490 4130 4122 4636 4396 4552 4324 4657 4858 4676 4982 4931 5178 5319 5255 5124 5310 5448 6200 5443 5712 5685 6213 5877 6018 6153 7131 6236 6250 6627 6701 6692 7785 6737 6456 7041 6942 7285 7152 7406 7300 8183 8761 7786 7968 7901 8009 9087 8404 8817 8818 9949 10201 8993 10646 10720 10850
1367 -567 -2312 -1230 -4476 3884 1739 -3035 -190 -6098 -4282 2712 -1763 610 5805 -7092 -505 -3140 1859 3651 -2107 -4162 814 5868 7790 -5385 4467 -6597 -745 -3358 -8021 3326 -4374 4790 8957 -2038 2408 -5062 -9213 6212 -6038 -7112 4061 -3210 1344 5145 -1151 3333 96 -4123 -2949 7095 2243 8700 4248 -2036 -10126 5178 -5491 -790 -4637 -7389 959 6034 -6377 2409 7220 8139 -3688 3550 10403 -1395 -7934 -10067 -267 4665 -2452 1141 6904 -5628 -4595 8366 3336 -6761 -7947 5634 -2992 -1642 2318 10812 -235 -3915 6842 3655 -5989 -4825 1378 463 -850 -3028 8969 4986 -9039 -7287 -1995 7194 -5492 -10993 6077 2118 -1157 -4059 -2953 -8219 0 8219 2953 4059 1157 -2118 -6077 10993 5492 -7194 1995 7287 9039 -4986 -8969 3028 850 -463 -1378 4825 5989 -3655 -6842 3915 235 -10812 -2318 1642 2992 -5634 7947 6761 -3336 -8366 4595 5628 -6904 -1141 2452 -4665 267 10067 7934 1395 -10403 -3550 3688 -8139 -7220 -2409 6377 -6034 -959 7389 4637 790 5491 -5178 10126 2036 -4248 -8700 -2243 -7095 2949 4123 -96 -3333 1151 -5145 -1344 3210 -4061 7112 6038 -6212 9213 5062 -2408 2038 -8957 -4790 4374 -3326 8021 3358 745 6597 -4467 5385 -7790 -5868 -814 4162 2107 -3651 -1859 3140 505 7092 -5805 -610 1763 -2712 4282 6098 190 3035 -1739 -3884 4476 1230 2312 567 -1367
STRONGHOLDS 14 34 36 48 67 75 79 90 100 114 128 138 149 153 161 180 192 194 214
4 1 5 6 8
4 0 2 3 8
4 1 3 4 7
5 1 2 7 8 12
4 2 7 9 10
5 0 6 11 14 19
6 0 5 8 11 13 18
6 2 3 4 10 12 17
7 0 1 3 6 12 13 16
4 4 10 15 25
6 4 7 9 17 21 25
4 5 6 18 19
6 3 7 8 16 17 20
5 6 8 16 18 22
5 5 19 23 24 26
4 9 25 27 30
6 8 12 13 20 22 28
6 7 10 12 20 21 29
7 6 11 13 19 22 31 36
6 5 11 14 18 26 31
6 12 16 17 28 29 35
5 10 17 25 29 32
7 13 16 18 28 36 44 48
5 14 24 26 33 39
4 14 23 34 39
8 9 10 15 21 27 32 37 40
5 14 19 23 31 33
5 15 25 30 40 41
6 16 20 22 35 46 48
6 17 20 21 32 35 43
4 15 27 38 41
7 18 19 26 33 36 42 47
6 21 25 29 37 43 49
6 23 26 31 39 42 45
5 24 39 51 53 70
7 20 28 29 43 46 50 55
6 18 22 31 44 47 52
5 25 32 40 49 58
4 30 41 56 61
7 23 24 33 34 45 51 63
6 25 27 37 41 58 64
6 27 30 38 40 61 64
5 31 33 45 47 54
5 29 32 35 49 50
5 22 36 48 52 62
6 33 39 42 54 57 63
5 28 35 48 55 59
7 31 36 42 52 54 65 69
6 22 28 44 46 59 62
7 32 37 43 50 58 60 68
6 35 43 49 55 68 76
6 34 39 53 63 66 67
5 36 44 47 62 65
4 34 51 67 70
6 42 45 47 57 69 75
6 35 46 50 59 71 76
4 38 61 72 73
4 45 54 63 75
6 37 40 49 60 64 79
6 46 48 55 62 71 74
5 49 58 68 79 80
6 38 41 56 64 72 83
7 44 48 52 59 65 74 77
8 39 45 51 57 66 75 78 85
6 40 41 58 61 79 83
7 47 52 62 69 77 82 88
4 51 63 67 78
6 51 53 66 70 78 81
7 49 50 60 76 80 86 91
5 47 54 65 75 82
5 34 53 67 81 89
6 55 59 74 76 87 90
5 56 61 73 83 84
5 56 72 84 102 107
5 59 62 71 77 90
8 54 57 63 69 82 85 93 101
6 50 55 68 71 86 87
7 62 65 74 88 90 96 97
6 63 66 67 81 85 92
7 58 60 64 80 83 94 95
5 60 68 79 91 95
7 67 70 78 89 92 100 105
5 65 69 75 88 93
7 61 64 72 79 84 94 103
5 72 73 83 102 103
6 63 75 78 92 101 108
5 68 76 87 91 99
7 71 76 86 90 98 99 104
6 65 77 82 93 96 109
4 70 81 100 121
6 71 74 77 87 97 98
6 68 80 86 95 99 111
5 78 81 85 105 108
7 75 82 88 101 109 116 117
5 79 83 95 103 106
6 79 80 91 94 106 111
5 77 88 97 109 118
6 77 90 96 98 114 118
6 87 90 97 104 110 114
6 86 87 91 104 111 112
6 81 89 105 115 121 126
6 75 85 93 108 117 122
6 73 84 103 107 113 128
8 83 84 94 102 106 113 120 123
6 87 98 99 110 112 119
6 81 92 100 108 115 125
6 94 95 103 111 120 127
4 73 102 128 139
6 85 92 101 105 122 125
6 88 93 96 116 118 124
6 98 104 114 119 131 132
7 91 95 99 106 112 127 135
5 99 104 111 119 135
4 102 103 123 128
6 97 98 110 118 130 131
4 100 105 125 126
5 93 109 117 124 129
7 93 101 116 122 129 133 137
6 96 97 109 114 124 130
6 104 110 112 132 135 140
6 103 106 123 127 136 143
4 89 100 126 155
6 101 108 117 125 133 134
6 103 113 120 128 136 147
6 109 116 118 129 130 141
8 105 108 115 122 126 134 144 145
6 100 115 121 125 144 155
6 106 111 120 135 143 153
6 102 107 113 123 139 147
6 116 117 124 137 141 142
6 114 118 124 131 138 141
6 110 114 130 132 138 151
5 110 119 131 140 151
6 117 122 134 137 148 149
5 122 125 133 145 149
7 111 112 119 127 140 146 153
5 120 123 143 147 150
6 117 129 133 142 148 160
6 130 131 141 151 154 157
4 107 128 147 158
6 119 132 135 146 151 163
7 124 129 130 138 142 152 157
5 129 137 141 152 160
6 120 127 136 150 153 165
5 125 126 145 155 156
7 125 134 144 149 156 164 167
5 135 140 153 159 163
7 123 128 136 139 150 158 161
5 133 137 149 160 168
7 133 134 145 148 164 168 170
6 136 143 147 161 162 165
7 131 132 138 140 154 163 166
6 141 142 157 160 173 178
8 127 135 143 146 159 165 171 174
5 138 151 157 166 169
5 121 126 144 156 172
5 144 145 155 167 172
6 138 141 152 154 169 173
5 139 147 161 175 194
5 146 153 163 174 181
7 137 142 148 152 168 178 179
6 147 150 158 162 175 177
4 150 161 165 177
7 140 146 151 159 166 176 181
6 145 149 167 170 187 188
8 143 150 153 162 171 177 183 189
7 151 154 163 169 176 180 184
6 145 156 164 172 187 190
5 148 149 160 170 179
6 154 157 166 173 180 182
6 149 164 168 179 188 191
4 153 165 174 183
4 155 156 167 190
6 152 157 169 178 182 193
6 153 159 171 181 183 186
4 158 161 177 194
5 163 166 181 184 192
6 161 162 165 175 189 194
6 152 160 173 179 185 193
7 160 168 170 178 185 191 196
6 166 169 182 184 200 206
7 159 163 174 176 186 192 197
5 169 173 180 193 200
6 165 171 174 186 189 195
5 166 176 180 192 206
5 178 179 193 196 199
5 174 181 183 195 197
6 164 167 188 190 198 201
6 164 170 187 191 201 203
7 165 177 183 194 195 204 205
4 167 172 187 198
5 170 179 188 196 203
6 176 181 184 197 206 210
7 173 178 182 185 199 200 208
5 158 175 177 189 204
6 183 186 189 197 202 205
6 179 185 191 199 203 207
7 181 186 192 195 202 209 210
4 187 190 201 213
6 185 193 196 207 208 211
6 180 182 193 206 208 212
5 187 188 198 203 213
5 195 197 205 209 214
8 188 191 196 201 207 213 218 219
4 189 194 205 214
5 189 195 202 204 214
7 180 184 192 200 210 212 215
5 196 199 203 211 218
6 193 199 200 211 212 216
6 197 202 210 214 217 223
7 192 197 206 209 215 217 222
6 199 207 208 216 218 221
6 200 206 208 215 216 220
4 198 201 203 219
5 202 204 205 209 223
5 206 210 212 220 222
6 208 211 212 220 221 225
4 209 210 222 223
6 203 207 211 219 221 224
4 203 213 218 224
7 212 215 216 222 225 227 228
6 211 216 218 224 225 226
6 210 215 217 220 223 228
5 209 214 217 222 228
4 218 219 221 226
5 216 220 221 226 227
4 221 224 225 227
4 220 225 226 228
4 220 222 223 227
END MAP
TURN 1
COMMAND LEFT START
TRAIN 1
COMMAND LEFT END
COMMAND RIGHT START
MOVE B2 214
MOVE B3 214
COMMAND RIGHT END
TURN 1 RESULT
TIME LEFT 8 5 RIGHT 20 5
TRAIN A4
MOVE B2 223
MOVE B3 223
END TURN 1
TURN 2
COMMAND LEFT START
TRAIN 1
COMMAND LEFT END
COMMAND RIGHT START
UPGRADE 228
COMMAND RIGHT END
TURN 2 RESULT
TIME LEFT 0 5 RIGHT 18 5
UPGRADE B 228
TRAIN A5
MOVE B2 214
MOVE B3 214
END TURN 2
TURN 3
COMMAND LEFT START
TRAIN 1
COMMAND LEFT END
COMMAND RIGHT START
TRAIN 1
COMMAND RIGHT END
TURN 3 RESULT
TIME LEFT 0 5 RIGHT 19 5
TRAIN A6 B4
END TURN 3
TURN 4
COMMAND LEFT START
TRAIN 1
COMMAND LEFT END
COMMAND RIGHT START
COMMAND RIGHT END
TURN 4 RESULT
TIME LEFT 0 5 RIGHT 19 5
TRAIN A7
END TURN 4
TURN 5
COMMAND LEFT START
TRAIN 1
COMMAND LEFT END
COMMAND RIGHT START
COMMAND RIGHT END
TURN 5 RESULT
TIME LEFT 0 5 RIGHT 19 5
TRAIN A8
END TURN 5
TURN 6
COMMAND LEFT START
MOVE A2 228
MOVE A3 228
MOVE A4 228
MOVE A5 228
MOVE A6 228
MOVE A7 228
MOVE A8 228
COMMAND LEFT END
COMMAND RIGHT START
COMMAND RIGHT END
TURN 6 RESULT
TIME LEFT 0 5 RIGHT 19 5
MOVE A2 6
MOVE A3 6
MOVE A4 6
MOVE A5 6
MOVE A6 6
MOVE A7 6
MOVE A8 6
END TURN 6
TURN 7
COMMAND LEFT START
COMMAND LEFT END
COMMAND RIGHT START
COMMAND RIGHT END
TURN 7 RESULT
TIME LEFT 0 5 RIGHT 19 5
MOVE A2 18
MOVE A3 18
MOVE A4 18
MOVE A5 18
MOVE A6 18
MOVE A7 18
MOVE A8 18
END TURN 7
TURN 8
COMMAND LEFT START
COMMAND LEFT END
COMMAND RIGHT START
COMMAND RIGHT END
TURN 8 RESULT
TIME LEFT 0 5 RIGHT 19 5
MOVE A2 36
MOVE A3 36
MOVE A4 36
MOVE A5 36
MOVE A6 36
MOVE A7 36
MOVE A8 36
END TURN 8
TURN 9
COMMAND LEFT START
COMMAND LEFT END
COMMAND RIGHT START
COMMAND RIGHT END
TURN 9 RESULT
TIME LEFT 0 5 RIGHT 19 5
MOVE A2 52
MOVE A3 52
MOVE A4 52
MOVE A5 52
MOVE A6 52
MOVE A7 52
MOVE A8 52
END TURN 9
TURN 10
COMMAND LEFT START
COMMAND LEFT END
COMMAND RIGHT START
COMMAND RIGHT END
TURN 10 RESULT
TIME LEFT 0 5 RIGHT 19 5
MOVE A2 65
MOVE A3 65
MOVE A4 65
MOVE A5 65
MOVE A6 65
MOVE A7 65
MOVE A8 65
END TURN 10
TURN 11
COMMAND LEFT START
COMMAND LEFT END
COMMAND RIGHT START
COMMAND RIGHT END
TURN 11 RESULT
TIME LEFT 0 5 RIGHT 19 5
MOVE A2 88
MOVE A3 88
MOVE A4 88
MOVE A5 88
MOVE A6 88
MOVE A7 88
MOVE A8 88
END TURN 11
TURN 12
COMMAND LEFT START
COMMAND LEFT END
COMMAND RIGHT START
COMMAND RIGHT END
TURN 12 RESULT
TIME LEFT 0 5 RIGHT 20 5
MOVE A2 109
MOVE A3 109
MOVE A4 109
MOVE A5 109
MOVE A6 109
MOVE A7 109
MOVE A8 109
END TURN 12
TURN 13
COMMAND LEFT START
COMMAND LEFT END
COMMAND RIGHT START
COMMAND RIGHT END
TURN 13 RESULT
TIME LEFT 0 5 RIGHT 19 5
MOVE A2 124
MOVE A3 124
MOVE A4 124
MOVE A5 124
MOVE A6 124
MOVE A7 124
MOVE A8 124
END TURN 13
TURN 14
COMMAND LEFT START
COMMAND LEFT END
COMMAND RIGHT START
COMMAND RIGHT END
TURN 14 RESULT
TIME LEFT 0 5 RIGHT 19 5
MOVE A2 141
MOVE A3 141
MOVE A4 141
MOVE A5 141
MOVE A6 141
MOVE A7 141
MOVE A8 141
END TURN 14
TURN 15
COMMAND LEFT START
COMMAND LEFT END
COMMAND RIGHT START
COMMAND RIGHT END
TURN 15 RESULT
TIME LEFT 0 5 RIGHT 19 5
MOVE A2 157
MOVE A3 157
MOVE A4 157
MOVE A5 157
MOVE A6 157
MOVE A7 157
MOVE A8 157
END TURN 15
TURN 16
COMMAND LEFT START
COMMAND LEFT END
COMMAND RIGHT START
COMMAND RIGHT END
TURN 16 RESULT
TIME LEFT 0 5 RIGHT 19 5
MOVE A2 169
MOVE A3 169
MOVE A4 169
MOVE A5 169
MOVE A6 169
MOVE A7 169
MOVE A8 169
END TURN 16
TURN 17
COMMAND LEFT START
COMMAND LEFT END
COMMAND RIGHT START
COMMAND RIGHT END
TURN 17 RESULT
TIME LEFT 0 5 RIGHT 19 5
MOVE A2 182
MOVE A3 182
MOVE A4 182
MOVE A5 182
MOVE A6 182
MOVE A7 182
MOVE A8 182
END TURN 17
TURN 18
COMMAND LEFT START
COMMAND LEFT END
COMMAND RIGHT START
COMMAND RIGHT END
TURN 18 RESULT
TIME LEFT 0 5 RIGHT 20 5
MOVE A2 200
MOVE A3 200
MOVE A4 200
MOVE A5 200
MOVE A6 200
MOVE A7 200
MOVE A8 200
END TURN 18
TURN 19
COMMAND LEFT START
COMMAND LEFT END
COMMAND RIGHT START
COMMAND RIGHT END
TURN 19 RESULT
TIME LEFT 0 5 RIGHT 19 5
MOVE A2 212
MOVE A3 212
MOVE A4 212
MOVE A5 212
MOVE A6 212
MOVE A7 212
MOVE A8 212
END TURN 19
TURN 20
COMMAND LEFT START
COMMAND LEFT END
COMMAND RIGHT START
MOVE B2 228
MOVE B3 228
TRAIN 1
COMMAND RIGHT END
TURN 20 RESULT
TIME LEFT 0 5 RIGHT 20 5
TRAIN B5
MOVE A2 220
MOVE A3 220
MOVE A4 220
MOVE A5 220
MOVE A6 220
MOVE A7 220
MOVE A8 220
MOVE B2 223
MOVE B3 223
END TURN 20
TURN 21
COMMAND LEFT START
COMMAND LEFT END
COMMAND RIGHT START
TRAIN 1
COMMAND RIGHT END
TURN 21 RESULT
TIME LEFT 0 5 RIGHT 19 5
TRAIN B6
MOVE A2 228
MOVE A3 228
MOVE A4 228
MOVE A5 228
MOVE A6 228
MOVE A7 228
MOVE A8 228
MOVE B2 228
MOVE B3 228
DAMAGE TURRET A2 2
DAMAGE COMBAT A2 2
DAMAGE COMBAT A3 4
DAMAGE COMBAT B1 4
DAMAGE COMBAT B2 3
END TURN 21
TURN 22
COMMAND LEFT START
COMMAND LEFT END
COMMAND RIGHT START
TRAIN 1
COMMAND RIGHT END
TURN 22 RESULT
TIME LEFT 0 5 RIGHT 18 5
TRAIN B7
DAMAGE TURRET A4 2
DAMAGE COMBAT A4 2
DAMAGE COMBAT A5 4
DAMAGE COMBAT B2 1
DAMAGE COMBAT B3 4
END TURN 22
TURN 23
COMMAND LEFT START
COMMAND LEFT END
COMMAND RIGHT START
COMMAND RIGHT END
TURN 23 RESULT
TIME LEFT 0 5 RIGHT 18 5
DAMAGE TURRET A6 2
DAMAGE COMBAT A6 2
DAMAGE COMBAT A7 2
DAMAGE COMBAT B4 3
END TURN 23
TURN 24
COMMAND LEFT START
COMMAND LEFT END
COMMAND RIGHT START
COMMAND RIGHT END
TURN 24 RESULT
TIME LEFT 0 5 RIGHT 18 5
DAMAGE TURRET A7 2
DAMAGE COMBAT A8 4
DAMAGE COMBAT B4 2
END TURN 24
TURN 25
COMMAND LEFT START
COMMAND LEFT END
COMMAND RIGHT START
COMMAND RIGHT END
TURN 25 RESULT
TIME LEFT 0 5 RIGHT 18 5
END TURN 25
TURN 26
COMMAND LEFT START
TRAIN 1
COMMAND LEFT END
COMMAND RIGHT START
COMMAND RIGHT END
TURN 26 RESULT
TIME LEFT 0 5 RIGHT 18 5
TRAIN A9
END TURN 26
TURN 27
COMMAND LEFT START
COMMAND LEFT END
COMMAND RIGHT START
COMMAND RIGHT END
TURN 27 RESULT
TIME LEFT 0 5 RIGHT 18 5
END TURN 27
TURN 28
COMMAND LEFT START
COMMAND LEFT END
COMMAND RIGHT START
COMMAND RIGHT END
TURN 28 RESULT
TIME LEFT 0 5 RIGHT 18 5
END TURN 28
TURN 29
COMMAND LEFT START
COMMAND LEFT END
COMMAND RIGHT START
COMMAND RIGHT END
TURN 29 RESULT
TIME LEFT 0 5 RIGHT 18 5
END TURN 29
TURN 30
COMMAND LEFT START
COMMAND LEFT END
COMMAND RIGHT START
COMMAND RIGHT END
TURN 30 RESULT
TIME LEFT 0 5 RIGHT 18 5
END TURN 30
TURN 31
COMMAND LEFT START
COMMAND LEFT END
COMMAND RIGHT START
COMMAND RIGHT END
TURN 31 RESULT
TIME LEFT 0 5 RIGHT 18 5
END TURN 31
TURN 32
COMMAND LEFT START
COMMAND LEFT END
COMMAND RIGHT START
COMMAND RIGHT END
TURN 32 RESULT
TIME LEFT 0 5 RIGHT 18 5
END TURN 32
TURN 33
COMMAND LEFT START
COMMAND LEFT END
COMMAND RIGHT START
COMMAND RIGHT END
TURN 33 RESULT
TIME LEFT 0 5 RIGHT 19 5
END TURN 33
TURN 34
COMMAND LEFT START
COMMAND LEFT END
COMMAND RIGHT START
COMMAND RIGHT END
TURN 34 RESULT
TIME LEFT 0 5 RIGHT 19 5
END TURN 34
TURN 35
COMMAND LEFT START
COMMAND LEFT END
COMMAND RIGHT START
COMMAND RIGHT END
TURN 35 RESULT
TIME LEFT 0 5 RIGHT 19 5
END TURN 35
TURN 36
COMMAND LEFT START
COMMAND LEFT END
COMMAND RIGHT START
COMMAND RIGHT END
TURN 36 RESULT
TIME LEFT 0 5 RIGHT 18 5
END TURN 36
TURN 37
COMMAND LEFT START
TRAIN 1
COMMAND LEFT END
COMMAND RIGHT START
COMMAND RIGHT END
TURN 37 RESULT
TIME LEFT 0 5 RIGHT 19 5
TRAIN A10
END TURN 37
TURN 38
COMMAND LEFT START
COMMAND LEFT END
COMMAND RIGHT START
COMMAND RIGHT END
TURN 38 RESULT
TIME LEFT 0 5 RIGHT 18 5
END TURN 38
TURN 39
COMMAND LEFT START
COMMAND LEFT END
COMMAND RIGHT START
COMMAND RIGHT END
TURN 39 RESULT
TIME LEFT 0 5 RIGHT 19 5
END TURN 39
TURN 40
COMMAND LEFT START
COMMAND LEFT END
COMMAND RIGHT START
COMMAND RIGHT END
TURN 40 RESULT
TIME LEFT 0 5 RIGHT 18 5
END TURN 40
TURN 41
COMMAND LEFT START
COMMAND LEFT END
COMMAND RIGHT START
COMMAND RIGHT END
TURN 41 RESULT
TIME LEFT 0 5 RIGHT 18 5
END TURN 41
TURN 42
COMMAND LEFT START
COMMAND LEFT END
COMMAND RIGHT START
COMMAND RIGHT END
TURN 42 RESULT
TIME LEFT 0 5 RIGHT 18 5
END TURN 42
TURN 43
COMMAND LEFT START
COMMAND LEFT END
COMMAND RIGHT START
COMMAND RIGHT END
TURN 43 RESULT
TIME LEFT 0 5 RIGHT 18 5
END TURN 43
TURN 44
COMMAND LEFT START
COMMAND LEFT END
COMMAND RIGHT START
COMMAND RIGHT END
TURN 44 RESULT
TIME LEFT 0 5 RIGHT 18 5
END TURN 44
TURN 45
COMMAND LEFT START
COMMAND LEFT END
COMMAND RIGHT START
COMMAND RIGHT END
TURN 45 RESULT
TIME LEFT 0 5 RIGHT 19 5
END TURN 45
TURN 46
COMMAND LEFT START
COMMAND LEFT END
COMMAND RIGHT START
COMMAND RIGHT END
TURN 46 RESULT
TIME LEFT 0 5 RIGHT 18 5
END TURN 46
TURN 47
COMMAND LEFT START
COMMAND LEFT END
COMMAND RIGHT START
COMMAND RIGHT END
TURN 47 RESULT
TIME LEFT 0 5 RIGHT 19 5
END TURN 47
TURN 48
COMMAND LEFT START
COMMAND LEFT END
COMMAND RIGHT START
COMMAND RIGHT END
TURN 48 RESULT
TIME LEFT 0 5 RIGHT 19 5
END TURN 48
TURN 49
COMMAND LEFT START
COMMAND LEFT END
COMMAND RIGHT START
COMMAND RIGHT END
TURN 49 RESULT
TIME LEFT 0 5 RIGHT 19 5
END TURN 49
TURN 50
COMMAND LEFT START
TRAIN 1
COMMAND LEFT END
COMMAND RIGHT START
COMMAND RIGHT END
TURN 50 RESULT
TIME LEFT 0 5 RIGHT 19 5
TRAIN A11
END TURN 50
TURN 51
COMMAND LEFT START
COMMAND LEFT END
COMMAND RIGHT START
COMMAND RIGHT END
TURN 51 RESULT
TIME LEFT 0 5 RIGHT 19 5
END TURN 51
TURN 52
COMMAND LEFT START
COMMAND LEFT END
COMMAND RIGHT START
COMMAND RIGHT END
TURN 52 RESULT
TIME LEFT 0 5 RIGHT 19 5
END TURN 52
TURN 53
COMMAND LEFT START
COMMAND LEFT END
COMMAND RIGHT START
COMMAND RIGHT END
TURN 53 RESULT
TIME LEFT 0 5 RIGHT 19 5
END TURN 53
TURN 54
COMMAND LEFT START
COMMAND LEFT END
COMMAND RIGHT START
COMMAND RIGHT END
TURN 54 RESULT
TIME LEFT 0 5 RIGHT 19 5
END TURN 54
TURN 55
COMMAND LEFT START
COMMAND LEFT END
COMMAND RIGHT START
COMMAND RIGHT END
TURN 55 RESULT
TIME LEFT 0 5 RIGHT 18 5
END TURN 55
TURN 56
COMMAND LEFT START
COMMAND LEFT END
COMMAND RIGHT START
COMMAND RIGHT END
TURN 56 RESULT
TIME LEFT 0 5 RIGHT 18 5
END TURN 56
TURN 57
COMMAND LEFT START
COMMAND LEFT END
COMMAND RIGHT START
COMMAND RIGHT END
TURN 57 RESULT
TIME LEFT 0 5 RIGHT 18 5
END TURN 57
TURN 58
COMMAND LEFT START
COMMAND LEFT END
COMMAND RIGHT START
COMMAND RIGHT END
TURN 58 RESULT
TIME LEFT 0 5 RIGHT 18 5
END TURN 58
TURN 59
COMMAND LEFT START
COMMAND LEFT END
COMMAND RIGHT START
COMMAND RIGHT END
TURN 59 RESULT
TIME LEFT 0 5 RIGHT 19 5
END TURN 59
TURN 60
COMMAND LEFT START
COMMAND LEFT END
COMMAND RIGHT START
COMMAND RIGHT END
TURN 60 RESULT
TIME LEFT 0 5 RIGHT 19 5
END TURN 60
TURN 61
COMMAND LEFT START
COMMAND LEFT END
COMMAND RIGHT START
COMMAND RIGHT END
TURN 61 RESULT
TIME LEFT 0 5 RIGHT 19 5
END TURN 61
TURN 62
COMMAND LEFT START
COMMAND LEFT END
COMMAND RIGHT START
UPGRADE 228
COMMAND RIGHT END
TURN 62 RESULT
TIME LEFT 0 5 RIGHT 18 5
UPGRADE B 228
END TURN 62
TURN 63
COMMAND LEFT START
COMMAND LEFT END
COMMAND RIGHT START
COMMAND RIGHT END
TURN 63 RESULT
TIME LEFT 0 5 RIGHT 19 5
END TURN 63
TURN 64
COMMAND LEFT START
COMMAND LEFT END
COMMAND RIGHT START
COMMAND RIGHT END
TURN 64 RESULT
TIME LEFT 0 5 RIGHT 19 5
END TURN 64
TURN 65
COMMAND LEFT START
COMMAND LEFT END
COMMAND RIGHT START
COMMAND RIGHT END
TURN 65 RESULT
TIME LEFT 0 5 RIGHT 19 5
END TURN 65
TURN 66
COMMAND LEFT START
COMMAND LEFT END
COMMAND RIGHT START
COMMAND RIGHT END
TURN 66 RESULT
TIME LEFT 0 5 RIGHT 19 5
END TURN 66
TURN 67
COMMAND LEFT START
TRAIN 1
COMMAND LEFT END
COMMAND RIGHT START
COMMAND RIGHT END
TURN 67 RESULT
TIME LEFT 0 5 RIGHT 19 5
TRAIN A12
END TURN 67
TURN 68
COMMAND LEFT START
COMMAND LEFT END
COMMAND RIGHT START
COMMAND RIGHT END
TURN 68 RESULT
TIME LEFT 0 5 RIGHT 18 5
END TURN 68
TURN 69
COMMAND LEFT START
COMMAND LEFT END
COMMAND RIGHT START
COMMAND RIGHT END
TURN 69 RESULT
TIME LEFT 0 5 RIGHT 18 5
END TURN 69
TURN 70
COMMAND LEFT START
COMMAND LEFT END
COMMAND RIGHT START
COMMAND RIGHT END
TURN 70 RESULT
TIME LEFT 0 5 RIGHT 18 5
END TURN 70
TURN 71
COMMAND LEFT START
COMMAND LEFT END
COMMAND RIGHT START
COMMAND RIGHT END
TURN 71 RESULT
TIME LEFT 0 5 RIGHT 18 5
END TURN 71
TURN 72
COMMAND LEFT START
COMMAND LEFT END
COMMAND RIGHT START
COMMAND RIGHT END
TURN 72 RESULT
TIME LEFT 0 5 RIGHT 18 5
END TURN 72
TURN 73
COMMAND LEFT START
COMMAND LEFT END
COMMAND RIGHT START
COMMAND RIGHT END
TURN 73 RESULT
TIME LEFT 0 5 RIGHT 18 5
END TURN 73
TURN 74
COMMAND LEFT START
COMMAND LEFT END
COMMAND RIGHT START
COMMAND RIGHT END
TURN 74 RESULT
TIME LEFT 0 5 RIGHT 19 5
END TURN 74
TURN 75
COMMAND LEFT START
COMMAND LEFT END
COMMAND RIGHT START
COMMAND RIGHT END
TURN 75 RESULT
TIME LEFT 0 5 RIGHT 18 5
END TURN 75
TURN 76
COMMAND LEFT START
COMMAND LEFT END
COMMAND RIGHT START
COMMAND RIGHT END
TURN 76 RESULT
TIME LEFT 0 5 RIGHT 18 5
END TURN 76
TURN 77
COMMAND LEFT START
COMMAND LEFT END
COMMAND RIGHT START
COMMAND RIGHT END
TURN 77 RESULT
TIME LEFT 0 5 RIGHT 18 5
END TURN 77
TURN 78
COMMAND LEFT START
COMMAND LEFT END
COMMAND RIGHT START
COMMAND RIGHT END
TURN 78 RESULT
TIME LEFT 0 5 RIGHT 18 5
END TURN 78
TURN 79
COMMAND LEFT START
COMMAND LEFT END
COMMAND RIGHT START
COMMAND RIGHT END
TURN 79 RESULT
TIME LEFT 0 5 RIGHT 18 5
END TURN 79
TURN 80
COMMAND LEFT START
COMMAND LEFT END
COMMAND RIGHT START
COMMAND RIGHT END
TURN 80 RESULT
TIME LEFT 0 5 RIGHT 18 5
END TURN 80
TURN 81
COMMAND LEFT START
COMMAND LEFT END
COMMAND RIGHT START
COMMAND RIGHT END
TURN 81 RESULT
TIME LEFT 0 5 RIGHT 18 5
END TURN 81
TURN 82
COMMAND LEFT START
COMMAND LEFT END
COMMAND RIGHT START
COMMAND RIGHT END
TURN 82 RESULT
TIME LEFT 0 5 RIGHT 18 5
END TURN 82
TURN 83
COMMAND LEFT START
COMMAND LEFT END
COMMAND RIGHT START
COMMAND RIGHT END
TURN 83 RESULT
TIME LEFT 0 5 RIGHT 18 5
END TURN 83
TURN 84
COMMAND LEFT START
COMMAND LEFT END
COMMAND RIGHT START
COMMAND RIGHT END
TURN 84 RESULT
TIME LEFT 0 5 RIGHT 18 5
END TURN 84
TURN 85
COMMAND LEFT START
COMMAND LEFT END
COMMAND RIGHT START
COMMAND RIGHT END
TURN 85 RESULT
TIME LEFT 0 5 RIGHT 18 5
END TURN 85
TURN 86
COMMAND LEFT START
COMMAND LEFT END
COMMAND RIGHT START
COMMAND RIGHT END
TURN 86 RESULT
TIME LEFT 0 5 RIGHT 18 5
END TURN 86
TURN 87
COMMAND LEFT START
COMMAND LEFT END
COMMAND RIGHT START
COMMAND RIGHT END
TURN 87 RESULT
TIME LEFT 0 5 RIGHT 18 5
END TURN 87
TURN 88
COMMAND LEFT START
COMMAND LEFT END
COMMAND RIGHT START
COMMAND RIGHT END
TURN 88 RESULT
TIME LEFT 0 5 RIGHT 19 5
END TURN 88
TURN 89
COMMAND LEFT START
COMMAND LEFT END
COMMAND RIGHT START
COMMAND RIGHT END
TURN 89 RESULT
TIME LEFT 0 5 RIGHT 19 5
END TURN 89
TURN 90
COMMAND LEFT START
COMMAND LEFT END
COMMAND RIGHT START
COMMAND RIGHT END
TURN 90 RESULT
TIME LEFT 0 5 RIGHT 19 5
END TURN 90
TURN 91
COMMAND LEFT START
TRAIN 1
COMMAND LEFT END
COMMAND RIGHT START
COMMAND RIGHT END
TURN 91 RESULT
TIME LEFT 0 5 RIGHT 19 5
TRAIN A13
END TURN 91
TURN 92
COMMAND LEFT START
COMMAND LEFT END
COMMAND RIGHT START
COMMAND RIGHT END
TURN 92 RESULT
TIME LEFT 0 5 RIGHT 18 5
END TURN 92
TURN 93
COMMAND LEFT START
COMMAND LEFT END
COMMAND RIGHT START
COMMAND RIGHT END
TURN 93 RESULT
TIME LEFT 0 5 RIGHT 18 5
END TURN 93
TURN 94
COMMAND LEFT START
COMMAND LEFT END
COMMAND RIGHT START
COMMAND RIGHT END
TURN 94 RESULT
TIME LEFT 0 5 RIGHT 19 5
END TURN 94
TURN 95
COMMAND LEFT START
COMMAND LEFT END
COMMAND RIGHT START
COMMAND RIGHT END
TURN 95 RESULT
TIME LEFT 0 5 RIGHT 18 5
END TURN 95
TURN 96
COMMAND LEFT START
COMMAND LEFT END
COMMAND RIGHT START
COMMAND RIGHT END
TURN 96 RESULT
TIME LEFT 0 5 RIGHT 18 5
END TURN 96
TURN 97
COMMAND LEFT START
COMMAND LEFT END
COMMAND RIGHT START
COMMAND RIGHT END
TURN 97 RESULT
TIME LEFT 0 5 RIGHT 18 5
END TURN 97
TURN 98
COMMAND LEFT START
COMMAND LEFT END
COMMAND RIGHT START
COMMAND RIGHT END
TURN 98 RESULT
TIME LEFT 0 5 RIGHT 19 5
END TURN 98
TURN 99
COMMAND LEFT START
COMMAND LEFT END
COMMAND RIGHT START
COMMAND RIGHT END
TURN 99 RESULT
TIME LEFT 0 5 RIGHT 19 5
END TURN 99
TURN 100
COMMAND LEFT START
COMMAND LEFT END
COMMAND RIGHT START
COMMAND RIGHT END
TURN 100 RESULT
TIME LEFT 0 5 RIGHT 19 5
END TURN 100
TURN 101
COMMAND LEFT START
COMMAND LEFT END
COMMAND RIGHT START
COMMAND RIGHT END
TURN 101 RESULT
TIME LEFT 0 5 RIGHT 20 5
END TURN 101
TURN 102
COMMAND LEFT START
COMMAND LEFT END
COMMAND RIGHT START
COMMAND RIGHT END
TURN 102 RESULT
TIME LEFT 0 5 RIGHT 19 5
END TURN 102
TURN 103
COMMAND LEFT START
COMMAND LEFT END
COMMAND RIGHT START
COMMAND RIGHT END
TURN 103 RESULT
TIME LEFT 0 5 RIGHT 19 5
END TURN 103
TURN 104
COMMAND LEFT START
COMMAND LEFT END
COMMAND RIGHT START
COMMAND RIGHT END
TURN 104 RESULT
TIME LEFT 0 5 RIGHT 19 5
END TURN 104
TURN 105
COMMAND LEFT START
COMMAND LEFT END
COMMAND RIGHT START
COMMAND RIGHT END
TURN 105 RESULT
TIME LEFT 0 5 RIGHT 19 5
END TURN 105
TURN 106
COMMAND LEFT START
COMMAND LEFT END
COMMAND RIGHT START
COMMAND RIGHT END
TURN 106 RESULT
TIME LEFT 0 5 RIGHT 19 5
END TURN 106
TURN 107
COMMAND LEFT START
COMMAND LEFT END
COMMAND RIGHT START
COMMAND RIGHT END
TURN 107 RESULT
TIME LEFT 0 5 RIGHT 18 5
END TURN 107
TURN 108
COMMAND LEFT START
COMMAND LEFT END
COMMAND RIGHT START
COMMAND RIGHT END
TURN 108 RESULT
TIME LEFT 0 5 RIGHT 19 5
END TURN 108
TURN 109
COMMAND LEFT START
COMMAND LEFT END
COMMAND RIGHT START
COMMAND RIGHT END
TURN 109 RESULT
TIME LEFT 0 5 RIGHT 19 5
END TURN 109
TURN 110
COMMAND LEFT START
COMMAND LEFT END
COMMAND RIGHT START
COMMAND RIGHT END
TURN 110 RESULT
TIME LEFT 0 5 RIGHT 19 5
END TURN 110
TURN 111
COMMAND LEFT START
COMMAND LEFT END
COMMAND RIGHT START
COMMAND RIGHT END
TURN 111 RESULT
TIME LEFT 0 5 RIGHT 19 5
END TURN 111
TURN 112
COMMAND LEFT START
COMMAND LEFT END
COMMAND RIGHT START
COMMAND RIGHT END
TURN 112 RESULT
TIME LEFT 0 5 RIGHT 19 5
END TURN 112
TURN 113
COMMAND LEFT START
COMMAND LEFT END
COMMAND RIGHT START
COMMAND RIGHT END
TURN 113 RESULT
TIME LEFT 0 5 RIGHT 19 5
END TURN 113
TURN 114
COMMAND LEFT START
COMMAND LEFT END
COMMAND RIGHT START
COMMAND RIGHT END
TURN 114 RESULT
TIME LEFT 0 5 RIGHT 20 5
END TURN 114
TURN 115
COMMAND LEFT START
COMMAND LEFT END
COMMAND RIGHT START
COMMAND RIGHT END
TURN 115 RESULT
TIME LEFT 0 5 RIGHT 19 5
END TURN 115
TURN 116
COMMAND LEFT START
COMMAND LEFT END
COMMAND RIGHT START
COMMAND RIGHT END
TURN 116 RESULT
TIME LEFT 0 5 RIGHT 19 5
END TURN 116
TURN 117
COMMAND LEFT START
COMMAND LEFT END
COMMAND RIGHT START
UPGRADE 228
COMMAND RIGHT END
TURN 117 RESULT
TIME LEFT 0 5 RIGHT 19 5
UPGRADE B 228
END TURN 117
TURN 118
COMMAND LEFT START
COMMAND LEFT END
COMMAND RIGHT START
COMMAND RIGHT END
TURN 118 RESULT
TIME LEFT 0 5 RIGHT 19 5
END TURN 118
TURN 119
COMMAND LEFT START
COMMAND LEFT END
COMMAND RIGHT START
COMMAND RIGHT END
TURN 119 RESULT
TIME LEFT 0 5 RIGHT 19 5
END TURN 119
TURN 120
COMMAND LEFT START
COMMAND LEFT END
COMMAND RIGHT START
COMMAND RIGHT END
TURN 120 RESULT
TIME LEFT 0 5 RIGHT 18 5
END TURN 120
TURN 121
COMMAND LEFT START
COMMAND LEFT END
COMMAND RIGHT START
COMMAND RIGHT END
TURN 121 RESULT
TIME LEFT 0 5 RIGHT 18 5
END TURN 121
TURN 122
COMMAND LEFT START
COMMAND LEFT END
COMMAND RIGHT START
COMMAND RIGHT END
TURN 122 RESULT
TIME LEFT 0 5 RIGHT 18 5
END TURN 122
TURN 123
COMMAND LEFT START
COMMAND LEFT END
COMMAND RIGHT START
COMMAND RIGHT END
TURN 123 RESULT
TIME LEFT 0 5 RIGHT 18 5
END TURN 123
TURN 124
COMMAND LEFT START
COMMAND LEFT END
COMMAND RIGHT START
COMMAND RIGHT END
TURN 124 RESULT
TIME LEFT 0 5 RIGHT 18 5
END TURN 124
TURN 125
COMMAND LEFT START
COMMAND LEFT END
COMMAND RIGHT START
COMMAND RIGHT END
TURN 125 RESULT
TIME LEFT 0 5 RIGHT 18 5
END TURN 125
TURN 126
COMMAND LEFT START
COMMAND LEFT END
COMMAND RIGHT START
COMMAND RIGHT END
TURN 126 RESULT
TIME LEFT 0 5 RIGHT 18 5
END TURN 126
TURN 127
COMMAND LEFT START
COMMAND LEFT END
COMMAND RIGHT START
COMMAND RIGHT END
TURN 127 RESULT
TIME LEFT 0 5 RIGHT 18 5
END TURN 127
TURN 128
COMMAND LEFT START
COMMAND LEFT END
COMMAND RIGHT START
COMMAND RIGHT END
TURN 128 RESULT
TIME LEFT 0 5 RIGHT 18 5
END TURN 128
TURN 129
COMMAND LEFT START
COMMAND LEFT END
COMMAND RIGHT START
COMMAND RIGHT END
TURN 129 RESULT
TIME LEFT 0 5 RIGHT 19 5
END TURN 129
TURN 130
COMMAND LEFT START
COMMAND LEFT END
COMMAND RIGHT START
COMMAND RIGHT END
TURN 130 RESULT
TIME LEFT 0 5 RIGHT 19 5
END TURN 130
TURN 131
COMMAND LEFT START
TRAIN 1
COMMAND LEFT END
COMMAND RIGHT START
COMMAND RIGHT END
TURN 131 RESULT
TIME LEFT 0 5 RIGHT 19 5
TRAIN A14
END TURN 131
TURN 132
COMMAND LEFT START
COMMAND LEFT END
COMMAND RIGHT START
COMMAND RIGHT END
TURN 132 RESULT
TIME LEFT 0 5 RIGHT 19 5
END TURN 132
TURN 133
COMMAND LEFT START
COMMAND LEFT END
COMMAND RIGHT START
TRAIN 2
COMMAND RIGHT END
TURN 133 RESULT
TIME LEFT 0 5 RIGHT 18 5
TRAIN B8 B9
END TURN 133
TURN 134
COMMAND LEFT START
COMMAND LEFT END
COMMAND RIGHT START
COMMAND RIGHT END
TURN 134 RESULT
TIME LEFT 0 5 RIGHT 18 5
END TURN 134
TURN 135
COMMAND LEFT START
COMMAND LEFT END
COMMAND RIGHT START
COMMAND RIGHT END
TURN 135 RESULT
TIME LEFT 0 5 RIGHT 18 5
END TURN 135
TURN 136
COMMAND LEFT START
COMMAND LEFT END
COMMAND RIGHT START
COMMAND RIGHT END
TURN 136 RESULT
TIME LEFT 0 5 RIGHT 18 5
END TURN 136
TURN 137
COMMAND LEFT START
COMMAND LEFT END
COMMAND RIGHT START
COMMAND RIGHT END
TURN 137 RESULT
TIME LEFT 0 5 RIGHT 18 5
END TURN 137
TURN 138
COMMAND LEFT START
COMMAND LEFT END
COMMAND RIGHT START
COMMAND RIGHT END
TURN 138 RESULT
TIME LEFT 0 5 RIGHT 18 5
END TURN 138
TURN 139
COMMAND LEFT START
COMMAND LEFT END
COMMAND RIGHT START
MOVE B9 222
COMMAND RIGHT END
TURN 139 RESULT
TIME LEFT 0 5 RIGHT 18 5
MOVE B9 222
END TURN 139
TURN 140
COMMAND LEFT START
COMMAND LEFT END
COMMAND RIGHT START
MOVE B9 45
COMMAND RIGHT END
TURN 140 RESULT
TIME LEFT 0 5 RIGHT 19 5
MOVE B9 215
END TURN 140
TURN 141
COMMAND LEFT START
COMMAND LEFT END
COMMAND RIGHT START
COMMAND RIGHT END
TURN 141 RESULT
TIME LEFT 0 5 RIGHT 19 5
MOVE B9 206
END TURN 141
TURN 142
COMMAND LEFT START
COMMAND LEFT END
COMMAND RIGHT START
COMMAND RIGHT END
TURN 142 RESULT
TIME LEFT 0 5 RIGHT 19 5
MOVE B9 180
END TURN 142
TURN 143
COMMAND LEFT START
COMMAND LEFT END
COMMAND RIGHT START
UPGRADE 180
COMMAND RIGHT END
TURN 143 RESULT
TIME LEFT 0 5 RIGHT 19 5
UPGRADE B 180
MOVE B9 169
END TURN 143
TURN 144
COMMAND LEFT START
COMMAND LEFT END
COMMAND RIGHT START
COMMAND RIGHT END
TURN 144 RESULT
TIME LEFT 0 5 RIGHT 19 5
MOVE B9 157
END TURN 144
TURN 145
COMMAND LEFT START
COMMAND LEFT END
COMMAND RIGHT START
COMMAND RIGHT END
TURN 145 RESULT
TIME LEFT 0 5 RIGHT 19 5
MOVE B9 141
END TURN 145
TURN 146
COMMAND LEFT START
COMMAND LEFT END
COMMAND RIGHT START
COMMAND RIGHT END
TURN 146 RESULT
TIME LEFT 0 5 RIGHT 19 5
MOVE B9 124
END TURN 146
TURN 147
COMMAND LEFT START
COMMAND LEFT END
COMMAND RIGHT START
COMMAND RIGHT END
TURN 147 RESULT
TIME LEFT 0 5 RIGHT 19 5
MOVE B9 116
END TURN 147
TURN 148
COMMAND LEFT START
COMMAND LEFT END
COMMAND RIGHT START
COMMAND RIGHT END
TURN 148 RESULT
TIME LEFT 0 5 RIGHT 19 5
MOVE B9 93
END TURN 148
TURN 149
COMMAND LEFT START
COMMAND LEFT END
COMMAND RIGHT START
COMMAND RIGHT END
TURN 149 RESULT
TIME LEFT 0 5 RIGHT 19 5
MOVE B9 75
END TURN 149
TURN 150
COMMAND LEFT START
COMMAND LEFT END
COMMAND RIGHT START
UPGRADE 75
COMMAND RIGHT END
TURN 150 RESULT
TIME LEFT 0 5 RIGHT 19 5
UPGRADE B 75
MOVE B9 57
END TURN 150
TURN 151
COMMAND LEFT START
COMMAND LEFT END
COMMAND RIGHT START
COMMAND RIGHT END
TURN 151 RESULT
TIME LEFT 0 5 RIGHT 19 5
MOVE B9 45
END TURN 151
TURN 152
COMMAND LEFT START
COMMAND LEFT END
COMMAND RIGHT START
MOVE B9 180
COMMAND RIGHT END
TURN 152 RESULT
TIME LEFT 0 5 RIGHT 19 5
MOVE B9 57
END TURN 152
TURN 153
COMMAND LEFT START
COMMAND LEFT END
COMMAND RIGHT START
COMMAND RIGHT END
TURN 153 RESULT
TIME LEFT 0 5 RIGHT 19 5
MOVE B9 75
END TURN 153
TURN 154
COMMAND LEFT START
COMMAND LEFT END
COMMAND RIGHT START
COMMAND RIGHT END
TURN 154 RESULT
TIME LEFT 0 5 RIGHT 19 5
MOVE B9 93
END TURN 154
TURN 155
COMMAND LEFT START
COMMAND LEFT END
COMMAND RIGHT START
COMMAND RIGHT END
TURN 155 RESULT
TIME LEFT 0 5 RIGHT 19 5
MOVE B9 116
END TURN 155
TURN 156
COMMAND LEFT START
COMMAND LEFT END
COMMAND RIGHT START
COMMAND RIGHT END
TURN 156 RESULT
TIME LEFT 0 5 RIGHT 20 5
MOVE B9 124
END TURN 156
TURN 157
COMMAND LEFT START
COMMAND LEFT END
COMMAND RIGHT START
COMMAND RIGHT END
TURN 157 RESULT
TIME LEFT 1 5 RIGHT 20 5
MOVE B9 141
END TURN 157
TURN 158
COMMAND LEFT START
COMMAND LEFT END
COMMAND RIGHT START
COMMAND RIGHT END
TURN 158 RESULT
TIME LEFT 0 5 RIGHT 19 5
MOVE B9 157
END TURN 158
TURN 159
COMMAND LEFT START
COMMAND LEFT END
COMMAND RIGHT START
COMMAND RIGHT END
TURN 159 RESULT
TIME LEFT 0 5 RIGHT 19 5
MOVE B9 169
END TURN 159
TURN 160
COMMAND LEFT START
COMMAND LEFT END
COMMAND RIGHT START
COMMAND RIGHT END
TURN 160 RESULT
TIME LEFT 0 5 RIGHT 19 5
MOVE B9 180
END TURN 160
TURN 161
COMMAND LEFT START
COMMAND LEFT END
COMMAND RIGHT START
COMMAND RIGHT END
TURN 161 RESULT
TIME LEFT 0 5 RIGHT 19 5
END TURN 161
TURN 162
COMMAND LEFT START
COMMAND LEFT END
COMMAND RIGHT START
COMMAND RIGHT END
TURN 162 RESULT
TIME LEFT 0 5 RIGHT 19 5
END TURN 162
TURN 163
COMMAND LEFT START
COMMAND LEFT END
COMMAND RIGHT START
COMMAND RIGHT END
TURN 163 RESULT
TIME LEFT 0 5 RIGHT 19 5
END TURN 163
TURN 164
COMMAND LEFT START
COMMAND LEFT END
COMMAND RIGHT START
TRAIN 2
COMMAND RIGHT END
TURN 164 RESULT
TIME LEFT 0 5 RIGHT 19 5
TRAIN B10 B11
END TURN 164
TURN 165
COMMAND LEFT START
COMMAND LEFT END
COMMAND RIGHT START
MOVE B10 180
MOVE B11 180
COMMAND RIGHT END
TURN 165 RESULT
TIME LEFT 0 5 RIGHT 19 5
MOVE B10 222
MOVE B11 222
END TURN 165
TURN 166
COMMAND LEFT START
COMMAND LEFT END
COMMAND RIGHT START
COMMAND RIGHT END
TURN 166 RESULT
TIME LEFT 0 5 RIGHT 20 5
MOVE B10 215
MOVE B11 215
END TURN 166
TURN 167
COMMAND LEFT START
COMMAND LEFT END
COMMAND RIGHT START
TRAIN 2
COMMAND RIGHT END
TURN 167 RESULT
TIME LEFT 0 5 RIGHT 20 5
TRAIN B12 B13
MOVE B10 206
MOVE B11 206
END TURN 167
TURN 168
COMMAND LEFT START
COMMAND LEFT END
COMMAND RIGHT START
MOVE B12 180
MOVE B13 180
COMMAND RIGHT END
TURN 168 RESULT
TIME LEFT 0 5 RIGHT 19 5
MOVE B10 180
MOVE B11 180
MOVE B12 222
MOVE B13 222
END TURN 168
TURN 169
COMMAND LEFT START
COMMAND LEFT END
COMMAND RIGHT START
COMMAND RIGHT END
TURN 169 RESULT
TIME LEFT 0 5 RIGHT 19 5
MOVE B12 215
MOVE B13 215
END TURN 169
TURN 170
COMMAND LEFT START
COMMAND LEFT END
COMMAND RIGHT START
TRAIN 2
COMMAND RIGHT END
TURN 170 RESULT
TIME LEFT 0 5 RIGHT 19 5
TRAIN B14 B15
MOVE B12 206
MOVE B13 206
END TURN 170
TURN 171
COMMAND LEFT START
COMMAND LEFT END
COMMAND RIGHT START
MOVE B9 0
MOVE B10 0
MOVE B11 0
MOVE B14 180
MOVE B15 180
COMMAND RIGHT END
TURN 171 RESULT
TIME LEFT 0 5 RIGHT 19 5
MOVE B9 169
MOVE B10 169
MOVE B11 169
MOVE B12 180
MOVE B13 180
MOVE B14 222
MOVE B15 222
END TURN 171
TURN 172
COMMAND LEFT START
COMMAND LEFT END
COMMAND RIGHT START
MOVE B12 0
MOVE B13 0
COMMAND RIGHT END
TURN 172 RESULT
TIME LEFT 0 5 RIGHT 20 5
MOVE B9 157
MOVE B10 157
MOVE B11 157
MOVE B12 169
MOVE B13 169
MOVE B14 215
MOVE B15 215
END TURN 172
TURN 173
COMMAND LEFT START
COMMAND LEFT END
COMMAND RIGHT START
COMMAND RIGHT END
TURN 173 RESULT
TIME LEFT 0 5 RIGHT 19 5
MOVE B9 141
MOVE B10 141
MOVE B11 141
MOVE B12 157
MOVE B13 157
MOVE B14 206
MOVE B15 206
END TURN 173
TURN 174
COMMAND LEFT START
COMMAND LEFT END
COMMAND RIGHT START
COMMAND RIGHT END
TURN 174 RESULT
TIME LEFT 0 5 RIGHT 19 5
MOVE B9 124
MOVE B10 124
MOVE B11 124
MOVE B12 141
MOVE B13 141
MOVE B14 180
MOVE B15 180
END TURN 174
TURN 175
COMMAND LEFT START
COMMAND LEFT END
COMMAND RIGHT START
COMMAND RIGHT END
TURN 175 RESULT
TIME LEFT 0 5 RIGHT 20 5
MOVE B9 109
MOVE B10 109
MOVE B11 109
MOVE B12 124
MOVE B13 124
END TURN 175
TURN 176
COMMAND LEFT START
COMMAND LEFT END
COMMAND RIGHT START
COMMAND RIGHT END
TURN 176 RESULT
TIME LEFT 0 5 RIGHT 19 5
MOVE B9 88
MOVE B10 88
MOVE B11 88
MOVE B12 109
MOVE B13 109
END TURN 176
TURN 177
COMMAND LEFT START
COMMAND LEFT END
COMMAND RIGHT START
COMMAND RIGHT END
TURN 177 RESULT
TIME LEFT 0 5 RIGHT 19 5
MOVE B9 65
MOVE B10 65
MOVE B11 65
MOVE B12 88
MOVE B13 88
END TURN 177
TURN 178
COMMAND LEFT START
COMMAND LEFT END
COMMAND RIGHT START
MOVE B15 0
COMMAND RIGHT END
TURN 178 RESULT
TIME LEFT 0 5 RIGHT 19 5
MOVE B9 52
MOVE B10 52
MOVE B11 52
MOVE B12 65
MOVE B13 65
MOVE B15 169
END TURN 178
TURN 179
COMMAND LEFT START
COMMAND LEFT END
COMMAND RIGHT START
COMMAND RIGHT END
TURN 179 RESULT
TIME LEFT 0 5 RIGHT 19 5
MOVE B9 36
MOVE B10 36
MOVE B11 36
MOVE B12 52
MOVE B13 52
MOVE B15 157
END TURN 179
TURN 180
COMMAND LEFT START
COMMAND LEFT END
COMMAND RIGHT START
UPGRADE 36
COMMAND RIGHT END
TURN 180 RESULT
TIME LEFT 0 5 RIGHT 19 5
UPGRADE B 36
MOVE B9 18
MOVE B10 18
MOVE B11 18
MOVE B12 36
MOVE B13 36
MOVE B15 141
END TURN 180
TURN 181
COMMAND LEFT START
COMMAND LEFT END
COMMAND RIGHT START
COMMAND RIGHT END
TURN 181 RESULT
TIME LEFT 0 5 RIGHT 21 5
MOVE B9 6
MOVE B10 6
MOVE B11 6
MOVE B12 18
MOVE B13 18
MOVE B15 124
END TURN 181
TURN 182
COMMAND LEFT START
COMMAND LEFT END
COMMAND RIGHT START
COMMAND RIGHT END
TURN 182 RESULT
TIME LEFT 0 5 RIGHT 20 5
MOVE B9 0
MOVE B10 0
MOVE B11 0
MOVE B12 6
MOVE B13 6
MOVE B15 109
DAMAGE TURRET B9 1
DAMAGE COMBAT A1 3
DAMAGE COMBAT B9 6
DAMAGE COMBAT B10 1
END TURN 182
TURN 183
COMMAND LEFT START
COMMAND LEFT END
COMMAND RIGHT START
COMMAND RIGHT END
TURN 183 RESULT
TIME LEFT 0 5 RIGHT 20 5
MOVE B12 0
MOVE B13 0
MOVE B15 88
DAMAGE TURRET B10 1
DAMAGE COMBAT A1 1
DAMAGE COMBAT A9 3
DAMAGE COMBAT B10 5
DAMAGE COMBAT B11 2
END TURN 183
TURN 184
COMMAND LEFT START
COMMAND LEFT END
COMMAND RIGHT START
COMMAND RIGHT END
TURN 184 RESULT
TIME LEFT 0 5 RIGHT 20 5
MOVE B15 65
DAMAGE TURRET B11 1
DAMAGE COMBAT A9 1
DAMAGE COMBAT A10 2
DAMAGE COMBAT B11 4
DAMAGE COMBAT B12 2
END TURN 184
TURN 185
COMMAND LEFT START
COMMAND LEFT END
COMMAND RIGHT START
COMMAND RIGHT END
TURN 185 RESULT
TIME LEFT 0 5 RIGHT 20 5
MOVE B15 52
DAMAGE TURRET B12 1
DAMAGE COMBAT A10 2
DAMAGE COMBAT B12 4
DAMAGE COMBAT B13 1
END TURN 185
TURN 186
COMMAND LEFT START
COMMAND LEFT END
COMMAND RIGHT START
COMMAND RIGHT END
TURN 186 RESULT
TIME LEFT 0 5 RIGHT 20 5
MOVE B15 36
DAMAGE TURRET B13 1
DAMAGE COMBAT A11 1
DAMAGE COMBAT B13 4
END TURN 186
TURN 187
COMMAND LEFT START
COMMAND LEFT END
COMMAND RIGHT START
COMMAND RIGHT END
TURN 187 RESULT
TIME LEFT 0 5 RIGHT 20 5
MOVE B15 18
DAMAGE TURRET B13 1
DAMAGE COMBAT A11 1
END TURN 187
TURN 188
COMMAND LEFT START
COMMAND LEFT END
COMMAND RIGHT START
COMMAND RIGHT END
TURN 188 RESULT
TIME LEFT 0 5 RIGHT 20 5
MOVE B15 6
END TURN 188
TURN 189
COMMAND LEFT START
COMMAND LEFT END
COMMAND RIGHT START
COMMAND RIGHT END
TURN 189 RESULT
TIME LEFT 0 5 RIGHT 19 5
MOVE B15 0
DAMAGE TURRET B15 1
DAMAGE COMBAT A11 1
DAMAGE COMBAT B15 4
END TURN 189
TURN 190
COMMAND LEFT START
COMMAND LEFT END
COMMAND RIGHT START
COMMAND RIGHT END
TURN 190 RESULT
TIME LEFT 0 5 RIGHT 20 5
DAMAGE TURRET B15 1
DAMAGE COMBAT A11 1
DAMAGE COMBAT B15 1
END TURN 190
TURN 191
COMMAND LEFT START
COMMAND LEFT END
COMMAND RIGHT START
COMMAND RIGHT END
TURN 191 RESULT
TIME LEFT 0 5 RIGHT 19 5
END TURN 191
TURN 192
COMMAND LEFT START
COMMAND LEFT END
COMMAND RIGHT START
COMMAND RIGHT END
TURN 192 RESULT
TIME LEFT 0 5 RIGHT 19 5
END TURN 192
TURN 193
COMMAND LEFT START
TRAIN 1
COMMAND LEFT END
COMMAND RIGHT START
COMMAND RIGHT END
TURN 193 RESULT
TIME LEFT 0 5 RIGHT 19 5
TRAIN A15
END TURN 193
TURN 194
COMMAND LEFT START
COMMAND LEFT END
COMMAND RIGHT START
COMMAND RIGHT END
TURN 194 RESULT
TIME LEFT 0 5 RIGHT 19 5
END TURN 194
TURN 195
COMMAND LEFT START
COMMAND LEFT END
COMMAND RIGHT START
COMMAND RIGHT END
TURN 195 RESULT
TIME LEFT 0 5 RIGHT 19 5
END TURN 195
TURN 196
COMMAND LEFT START
COMMAND LEFT END
COMMAND RIGHT START
COMMAND RIGHT END
TURN 196 RESULT
TIME LEFT 0 5 RIGHT 20 5
END TURN 196
TURN 197
COMMAND LEFT START
COMMAND LEFT END
COMMAND RIGHT START
COMMAND RIGHT END
TURN 197 RESULT
TIME LEFT 0 5 RIGHT 19 5
END TURN 197
TURN 198
COMMAND LEFT START
COMMAND LEFT END
COMMAND RIGHT START
COMMAND RIGHT END
TURN 198 RESULT
TIME LEFT 0 5 RIGHT 19 5
END TURN 198
TURN 199
COMMAND LEFT START
COMMAND LEFT END
COMMAND RIGHT START
COMMAND RIGHT END
TURN 199 RESULT
TIME LEFT 0 5 RIGHT 19 5
END TURN 199
TURN 200
COMMAND LEFT START
COMMAND LEFT END
COMMAND RIGHT START
COMMAND RIGHT END
TURN 200 RESULT
TIME LEFT 0 5 RIGHT 19 5
END TURN 200
TURN 201
COMMAND LEFT START
COMMAND LEFT END
COMMAND RIGHT START
COMMAND RIGHT END
TURN 201 RESULT
TIME LEFT 0 5 RIGHT 19 5
END TURN 201
TURN 202
COMMAND LEFT START
COMMAND LEFT END
COMMAND RIGHT START
COMMAND RIGHT END
TURN 202 RESULT
TIME LEFT 0 5 RIGHT 19 5
END TURN 202
TURN 203
COMMAND LEFT START
COMMAND LEFT END
COMMAND RIGHT START
COMMAND RIGHT END
TURN 203 RESULT
TIME LEFT 0 5 RIGHT 19 5
END TURN 203
TURN 204
COMMAND LEFT START
COMMAND LEFT END
COMMAND RIGHT START
COMMAND RIGHT END
TURN 204 RESULT
TIME LEFT 0 5 RIGHT 19 5
END TURN 204
TURN 205
COMMAND LEFT START
COMMAND LEFT END
COMMAND RIGHT START
COMMAND RIGHT END
TURN 205 RESULT
TIME LEFT 0 5 RIGHT 19 5
END TURN 205
TURN 206
COMMAND LEFT START
COMMAND LEFT END
COMMAND RIGHT START
COMMAND RIGHT END
TURN 206 RESULT
TIME LEFT 0 5 RIGHT 19 5
END TURN 206
TURN 207
COMMAND LEFT START
COMMAND LEFT END
COMMAND RIGHT START
COMMAND RIGHT END
TURN 207 RESULT
TIME LEFT 0 5 RIGHT 19 5
END TURN 207
TURN 208
COMMAND LEFT START
COMMAND LEFT END
COMMAND RIGHT START
COMMAND RIGHT END
TURN 208 RESULT
TIME LEFT 0 5 RIGHT 19 5
END TURN 208
TURN 209
COMMAND LEFT START
COMMAND LEFT END
COMMAND RIGHT START
COMMAND RIGHT END
TURN 209 RESULT
TIME LEFT 0 5 RIGHT 19 5
END TURN 209
TURN 210
COMMAND LEFT START
TRAIN 1
COMMAND LEFT END
COMMAND RIGHT START
COMMAND RIGHT END
TURN 210 RESULT
TIME LEFT 0 5 RIGHT 19 5
TRAIN A16
END TURN 210
TURN 211
COMMAND LEFT START
COMMAND LEFT END
COMMAND RIGHT START
COMMAND RIGHT END
TURN 211 RESULT
TIME LEFT 0 5 RIGHT 19 5
END TURN 211
TURN 212
COMMAND LEFT START
COMMAND LEFT END
COMMAND RIGHT START
COMMAND RIGHT END
TURN 212 RESULT
TIME LEFT 0 5 RIGHT 19 5
END TURN 212
TURN 213
COMMAND LEFT START
COMMAND LEFT END
COMMAND RIGHT START
COMMAND RIGHT END
TURN 213 RESULT
TIME LEFT 0 5 RIGHT 20 5
END TURN 213
TURN 214
COMMAND LEFT START
COMMAND LEFT END
COMMAND RIGHT START
COMMAND RIGHT END
TURN 214 RESULT
TIME LEFT 0 5 RIGHT 20 5
END TURN 214
TURN 215
COMMAND LEFT START
COMMAND LEFT END
COMMAND RIGHT START
COMMAND RIGHT END
TURN 215 RESULT
TIME LEFT 0 5 RIGHT 19 5
END TURN 215
TURN 216
COMMAND LEFT START
COMMAND LEFT END
COMMAND RIGHT START
UPGRADE 228
COMMAND RIGHT END
TURN 216 RESULT
TIME LEFT 0 5 RIGHT 19 5
UPGRADE B 228
END TURN 216
TURN 217
COMMAND LEFT START
COMMAND LEFT END
COMMAND RIGHT START
COMMAND RIGHT END
TURN 217 RESULT
TIME LEFT 0 5 RIGHT 20 5
END TURN 217
TURN 218
COMMAND LEFT START
COMMAND LEFT END
COMMAND RIGHT START
COMMAND RIGHT END
TURN 218 RESULT
TIME LEFT 0 5 RIGHT 19 5
END TURN 218
TURN 219
COMMAND LEFT START
COMMAND LEFT END
COMMAND RIGHT START
COMMAND RIGHT END
TURN 219 RESULT
TIME LEFT 0 5 RIGHT 19 5
END TURN 219
TURN 220
COMMAND LEFT START
COMMAND LEFT END
COMMAND RIGHT START
COMMAND RIGHT END
TURN 220 RESULT
TIME LEFT 0 5 RIGHT 19 5
END TURN 220
TURN 221
COMMAND LEFT START
COMMAND LEFT END
COMMAND RIGHT START
COMMAND RIGHT END
TURN 221 RESULT
TIME LEFT 0 5 RIGHT 19 5
END TURN 221
TURN 222
COMMAND LEFT START
COMMAND LEFT END
COMMAND RIGHT START
COMMAND RIGHT END
TURN 222 RESULT
TIME LEFT 0 5 RIGHT 19 5
END TURN 222
TURN 223
COMMAND LEFT START
COMMAND LEFT END
COMMAND RIGHT START
COMMAND RIGHT END
TURN 223 RESULT
TIME LEFT 0 5 RIGHT 19 5
END TURN 223
TURN 224
COMMAND LEFT START
COMMAND LEFT END
COMMAND RIGHT START
COMMAND RIGHT END
TURN 224 RESULT
TIME LEFT 0 5 RIGHT 19 5
END TURN 224
TURN 225
COMMAND LEFT START
COMMAND LEFT END
COMMAND RIGHT START
COMMAND RIGHT END
TURN 225 RESULT
TIME LEFT 5 5 RIGHT 20 5
END TURN 225
TURN 226
COMMAND LEFT START
COMMAND LEFT END
COMMAND RIGHT START
COMMAND RIGHT END
TURN 226 RESULT
TIME LEFT 0 5 RIGHT 20 5
END TURN 226
TURN 227
COMMAND LEFT START
COMMAND LEFT END
COMMAND RIGHT START
COMMAND RIGHT END
TURN 227 RESULT
TIME LEFT 0 5 RIGHT 19 5
END TURN 227
TURN 228
COMMAND LEFT START
COMMAND LEFT END
COMMAND RIGHT START
COMMAND RIGHT END
TURN 228 RESULT
TIME LEFT 0 5 RIGHT 19 5
END TURN 228
TURN 229
COMMAND LEFT START
COMMAND LEFT END
COMMAND RIGHT START
COMMAND RIGHT END
TURN 229 RESULT
TIME LEFT 0 5 RIGHT 19 5
END TURN 229
TURN 230
COMMAND LEFT START
COMMAND LEFT END
COMMAND RIGHT START
COMMAND RIGHT END
TURN 230 RESULT
TIME LEFT 0 5 RIGHT 19 5
END TURN 230
TURN 231
COMMAND LEFT START
COMMAND LEFT END
COMMAND RIGHT START
COMMAND RIGHT END
TURN 231 RESULT
TIME LEFT 0 5 RIGHT 19 5
END TURN 231
TURN 232
COMMAND LEFT START
COMMAND LEFT END
COMMAND RIGHT START
COMMAND RIGHT END
TURN 232 RESULT
TIME LEFT 0 5 RIGHT 19 5
END TURN 232
TURN 233
COMMAND LEFT START
COMMAND LEFT END
COMMAND RIGHT START
COMMAND RIGHT END
TURN 233 RESULT
TIME LEFT 0 5 RIGHT 19 5
END TURN 233
TURN 234
COMMAND LEFT START
TRAIN 1
COMMAND LEFT END
COMMAND RIGHT START
COMMAND RIGHT END
TURN 234 RESULT
TIME LEFT 0 5 RIGHT 19 5
TRAIN A17
END TURN 234
TURN 235
COMMAND LEFT START
COMMAND LEFT END
COMMAND RIGHT START
COMMAND RIGHT END
TURN 235 RESULT
TIME LEFT 0 5 RIGHT 19 5
END TURN 235
TURN 236
COMMAND LEFT START
COMMAND LEFT END
COMMAND RIGHT START
COMMAND RIGHT END
TURN 236 RESULT
TIME LEFT 0 5 RIGHT 19 5
END TURN 236
TURN 237
COMMAND LEFT START
COMMAND LEFT END
COMMAND RIGHT START
COMMAND RIGHT END
TURN 237 RESULT
TIME LEFT 0 5 RIGHT 19 5
END TURN 237
TURN 238
COMMAND LEFT START
COMMAND LEFT END
COMMAND RIGHT START
COMMAND RIGHT END
TURN 238 RESULT
TIME LEFT 0 5 RIGHT 19 5
END TURN 238
TURN 239
COMMAND LEFT START
COMMAND LEFT END
COMMAND RIGHT START
COMMAND RIGHT END
TURN 239 RESULT
TIME LEFT 0 5 RIGHT 19 5
END TURN 239
TURN 240
COMMAND LEFT START
COMMAND LEFT END
COMMAND RIGHT START
COMMAND RIGHT END
TURN 240 RESULT
TIME LEFT 0 5 RIGHT 19 5
END TURN 240
TURN 241
COMMAND LEFT START
COMMAND LEFT END
COMMAND RIGHT START
COMMAND RIGHT END
TURN 241 RESULT
TIME LEFT 0 5 RIGHT 19 5
END TURN 241
TURN 242
COMMAND LEFT START
COMMAND LEFT END
COMMAND RIGHT START
COMMAND RIGHT END
TURN 242 RESULT
TIME LEFT 0 5 RIGHT 19 5
END TURN 242
TURN 243
COMMAND LEFT START
COMMAND LEFT END
COMMAND RIGHT START
COMMAND RIGHT END
TURN 243 RESULT
TIME LEFT 0 5 RIGHT 19 5
END TURN 243
TURN 244
COMMAND LEFT START
COMMAND LEFT END
COMMAND RIGHT START
COMMAND RIGHT END
TURN 244 RESULT
TIME LEFT 0 5 RIGHT 19 5
END TURN 244
TURN 245
COMMAND LEFT START
COMMAND LEFT END
COMMAND RIGHT START
COMMAND RIGHT END
TURN 245 RESULT
TIME LEFT 0 5 RIGHT 19 5
END TURN 245
TURN 246
COMMAND LEFT START
COMMAND LEFT END
COMMAND RIGHT START
COMMAND RIGHT END
TURN 246 RESULT
TIME LEFT 0 5 RIGHT 19 5
END TURN 246
TURN 247
COMMAND LEFT START
COMMAND LEFT END
COMMAND RIGHT START
COMMAND RIGHT END
TURN 247 RESULT
TIME LEFT 0 5 RIGHT 19 5
END TURN 247
TURN 248
COMMAND LEFT START
COMMAND LEFT END
COMMAND RIGHT START
COMMAND RIGHT END
TURN 248 RESULT
TIME LEFT 0 5 RIGHT 19 5
END TURN 248
TURN 249
COMMAND LEFT START
COMMAND LEFT END
COMMAND RIGHT START
COMMAND RIGHT END
TURN 249 RESULT
TIME LEFT 0 5 RIGHT 19 5
END TURN 249
TURN 250
COMMAND LEFT START
COMMAND LEFT END
COMMAND RIGHT START
COMMAND RIGHT END
TURN 250 RESULT
TIME LEFT 0 5 RIGHT 19 5
END TURN 250
TURN 251
COMMAND LEFT START
COMMAND LEFT END
COMMAND RIGHT START
COMMAND RIGHT END
TURN 251 RESULT
TIME LEFT 0 5 RIGHT 19 5
END TURN 251
TURN 252
COMMAND LEFT START
COMMAND LEFT END
COMMAND RIGHT START
COMMAND RIGHT END
TURN 252 RESULT
TIME LEFT 0 5 RIGHT 19 5
END TURN 252
TURN 253
COMMAND LEFT START
COMMAND LEFT END
COMMAND RIGHT START
COMMAND RIGHT END
TURN 253 RESULT
TIME LEFT 0 5 RIGHT 19 5
END TURN 253
TURN 254
COMMAND LEFT START
COMMAND LEFT END
COMMAND RIGHT START
COMMAND RIGHT END
TURN 254 RESULT
TIME LEFT 0 5 RIGHT 19 5
END TURN 254
TURN 255
COMMAND LEFT START
COMMAND LEFT END
COMMAND RIGHT START
COMMAND RIGHT END
TURN 255 RESULT
TIME LEFT 0 5 RIGHT 19 5
END TURN 255
TURN 256
COMMAND LEFT START
COMMAND LEFT END
COMMAND RIGHT START
COMMAND RIGHT END
TURN 256 RESULT
TIME LEFT 0 5 RIGHT 19 5
END TURN 256
TURN 257
COMMAND LEFT START
COMMAND LEFT END
COMMAND RIGHT START
COMMAND RIGHT END
TURN 257 RESULT
TIME LEFT 0 5 RIGHT 20 5
END TURN 257
TURN 258
COMMAND LEFT START
COMMAND LEFT END
COMMAND RIGHT START
COMMAND RIGHT END
TURN 258 RESULT
TIME LEFT 0 5 RIGHT 19 5
END TURN 258
TURN 259
COMMAND LEFT START
COMMAND LEFT END
COMMAND RIGHT START
COMMAND RIGHT END
TURN 259 RESULT
TIME LEFT 0 5 RIGHT 19 5
END TURN 259
TURN 260
COMMAND LEFT START
COMMAND LEFT END
COMMAND RIGHT START
COMMAND RIGHT END
TURN 260 RESULT
TIME LEFT 0 5 RIGHT 19 5
END TURN 260
TURN 261
COMMAND LEFT START
COMMAND LEFT END
COMMAND RIGHT START
COMMAND RIGHT END
TURN 261 RESULT
TIME LEFT 0 5 RIGHT 19 5
END TURN 261
TURN 262
COMMAND LEFT START
COMMAND LEFT END
COMMAND RIGHT START
COMMAND RIGHT END
TURN 262 RESULT
TIME LEFT 0 5 RIGHT 20 5
END TURN 262
TURN 263
COMMAND LEFT START
COMMAND LEFT END
COMMAND RIGHT START
COMMAND RIGHT END
TURN 263 RESULT
TIME LEFT 0 5 RIGHT 19 5
END TURN 263
TURN 264
COMMAND LEFT START
COMMAND LEFT END
COMMAND RIGHT START
COMMAND RIGHT END
TURN 264 RESULT
TIME LEFT 0 5 RIGHT 20 5
END TURN 264
TURN 265
COMMAND LEFT START
COMMAND LEFT END
COMMAND RIGHT START
COMMAND RIGHT END
TURN 265 RESULT
TIME LEFT 0 5 RIGHT 19 5
END TURN 265
TURN 266
COMMAND LEFT START
COMMAND LEFT END
COMMAND RIGHT START
COMMAND RIGHT END
TURN 266 RESULT
TIME LEFT 0 5 RIGHT 19 5
END TURN 266
TURN 267
COMMAND LEFT START
COMMAND LEFT END
COMMAND RIGHT START
COMMAND RIGHT END
TURN 267 RESULT
TIME LEFT 0 5 RIGHT 19 5
END TURN 267
TURN 268
COMMAND LEFT START
COMMAND LEFT END
COMMAND RIGHT START
COMMAND RIGHT END
TURN 268 RESULT
TIME LEFT 0 5 RIGHT 19 5
END TURN 268
TURN 269
COMMAND LEFT START
COMMAND LEFT END
COMMAND RIGHT START
COMMAND RIGHT END
TURN 269 RESULT
TIME LEFT 0 5 RIGHT 20 5
END TURN 269
TURN 270
COMMAND LEFT START
COMMAND LEFT END
COMMAND RIGHT START
COMMAND RIGHT END
TURN 270 RESULT
TIME LEFT 0 5 RIGHT 20 5
END TURN 270
TURN 271
COMMAND LEFT START
COMMAND LEFT END
COMMAND RIGHT START
COMMAND RIGHT END
TURN 271 RESULT
TIME LEFT 0 5 RIGHT 20 5
END TURN 271
TURN 272
COMMAND LEFT START
COMMAND LEFT END
COMMAND RIGHT START
COMMAND RIGHT END
TURN 272 RESULT
TIME LEFT 0 5 RIGHT 21 5
END TURN 272
TURN 273
COMMAND LEFT START
TRAIN 1
COMMAND LEFT END
COMMAND RIGHT START
COMMAND RIGHT END
TURN 273 RESULT
TIME LEFT 0 5 RIGHT 20 5
TRAIN A18
END TURN 273
TURN 274
COMMAND LEFT START
COMMAND LEFT END
COMMAND RIGHT START
COMMAND RIGHT END
TURN 274 RESULT
TIME LEFT 0 5 RIGHT 20 5
END TURN 274
TURN 275
COMMAND LEFT START
COMMAND LEFT END
COMMAND RIGHT START
COMMAND RIGHT END
TURN 275 RESULT
TIME LEFT 0 5 RIGHT 20 5
END TURN 275
TURN 276
COMMAND LEFT START
COMMAND LEFT END
COMMAND RIGHT START
COMMAND RIGHT END
TURN 276 RESULT
TIME LEFT 0 5 RIGHT 19 5
END TURN 276
TURN 277
COMMAND LEFT START
COMMAND LEFT END
COMMAND RIGHT START
COMMAND RIGHT END
TURN 277 RESULT
TIME LEFT 0 5 RIGHT 19 5
END TURN 277
TURN 278
COMMAND LEFT START
COMMAND LEFT END
COMMAND RIGHT START
COMMAND RIGHT END
TURN 278 RESULT
TIME LEFT 0 5 RIGHT 19 5
END TURN 278
TURN 279
COMMAND LEFT START
COMMAND LEFT END
COMMAND RIGHT START
COMMAND RIGHT END
TURN 279 RESULT
TIME LEFT 0 5 RIGHT 19 5
END TURN 279
TURN 280
COMMAND LEFT START
COMMAND LEFT END
COMMAND RIGHT START
COMMAND RIGHT END
TURN 280 RESULT
TIME LEFT 0 5 RIGHT 19 5
END TURN 280
TURN 281
COMMAND LEFT START
COMMAND LEFT END
COMMAND RIGHT START
COMMAND RIGHT END
TURN 281 RESULT
TIME LEFT 0 5 RIGHT 19 5
END TURN 281
TURN 282
COMMAND LEFT START
COMMAND LEFT END
COMMAND RIGHT START
COMMAND RIGHT END
TURN 282 RESULT
TIME LEFT 0 5 RIGHT 19 5
END TURN 282
TURN 283
COMMAND LEFT START
COMMAND LEFT END
COMMAND RIGHT START
COMMAND RIGHT END
TURN 283 RESULT
TIME LEFT 0 5 RIGHT 19 5
END TURN 283
TURN 284
COMMAND LEFT START
COMMAND LEFT END
COMMAND RIGHT START
COMMAND RIGHT END
TURN 284 RESULT
TIME LEFT 0 5 RIGHT 19 5
END TURN 284
TURN 285
COMMAND LEFT START
COMMAND LEFT END
COMMAND RIGHT START
COMMAND RIGHT END
TURN 285 RESULT
TIME LEFT 0 5 RIGHT 19 5
END TURN 285
TURN 286
COMMAND LEFT START
COMMAND LEFT END
COMMAND RIGHT START
COMMAND RIGHT END
TURN 286 RESULT
TIME LEFT 0 5 RIGHT 19 5
END TURN 286
TURN 287
COMMAND LEFT START
COMMAND LEFT END
COMMAND RIGHT START
COMMAND RIGHT END
TURN 287 RESULT
TIME LEFT 0 5 RIGHT 19 5
END TURN 287
TURN 288
COMMAND LEFT START
COMMAND LEFT END
COMMAND RIGHT START
COMMAND RIGHT END
TURN 288 RESULT
TIME LEFT 0 5 RIGHT 19 5
END TURN 288
TURN 289
COMMAND LEFT START
COMMAND LEFT END
COMMAND RIGHT START
COMMAND RIGHT END
TURN 289 RESULT
TIME LEFT 0 5 RIGHT 19 5
END TURN 289
TURN 290
COMMAND LEFT START
COMMAND LEFT END
COMMAND RIGHT START
COMMAND RIGHT END
TURN 290 RESULT
TIME LEFT 0 5 RIGHT 19 5
END TURN 290
TURN 291
COMMAND LEFT START
COMMAND LEFT END
COMMAND RIGHT START
COMMAND RIGHT END
TURN 291 RESULT
TIME LEFT 0 5 RIGHT 19 5
END TURN 291
TURN 292
COMMAND LEFT START
COMMAND LEFT END
COMMAND RIGHT START
COMMAND RIGHT END
TURN 292 RESULT
TIME LEFT 0 5 RIGHT 19 5
END TURN 292
TURN 293
COMMAND LEFT START
COMMAND LEFT END
COMMAND RIGHT START
COMMAND RIGHT END
TURN 293 RESULT
TIME LEFT 0 5 RIGHT 19 5
END TURN 293
TURN 294
COMMAND LEFT START
COMMAND LEFT END
COMMAND RIGHT START
COMMAND RIGHT END
TURN 294 RESULT
TIME LEFT 0 5 RIGHT 19 5
END TURN 294
TURN 295
COMMAND LEFT START
COMMAND LEFT END
COMMAND RIGHT START
COMMAND RIGHT END
TURN 295 RESULT
TIME LEFT 0 5 RIGHT 19 5
END TURN 295
TURN 296
COMMAND LEFT START
COMMAND LEFT END
COMMAND RIGHT START
COMMAND RIGHT END
TURN 296 RESULT
TIME LEFT 0 5 RIGHT 19 5
END TURN 296
TURN 297
COMMAND LEFT START
COMMAND LEFT END
COMMAND RIGHT START
COMMAND RIGHT END
TURN 297 RESULT
TIME LEFT 0 5 RIGHT 19 5
END TURN 297
TURN 298
COMMAND LEFT START
COMMAND LEFT END
COMMAND RIGHT START
COMMAND RIGHT END
TURN 298 RESULT
TIME LEFT 0 5 RIGHT 19 5
END TURN 298
TURN 299
COMMAND LEFT START
COMMAND LEFT END
COMMAND RIGHT START
COMMAND RIGHT END
TURN 299 RESULT
TIME LEFT 0 5 RIGHT 20 5
END TURN 299
TURN 300
COMMAND LEFT START
COMMAND LEFT END
COMMAND RIGHT START
COMMAND RIGHT END
TURN 300 RESULT
TIME LEFT 0 5 RIGHT 19 5
END TURN 300
TURN 301
COMMAND LEFT START
COMMAND LEFT END
COMMAND RIGHT START
COMMAND RIGHT END
TURN 301 RESULT
TIME LEFT 0 5 RIGHT 19 5
END TURN 301
TURN 302
COMMAND LEFT START
COMMAND LEFT END
COMMAND RIGHT START
COMMAND RIGHT END
TURN 302 RESULT
TIME LEFT 0 5 RIGHT 19 5
END TURN 302
TURN 303
COMMAND LEFT START
COMMAND LEFT END
COMMAND RIGHT START
COMMAND RIGHT END
TURN 303 RESULT
TIME LEFT 0 5 RIGHT 19 5
END TURN 303
TURN 304
COMMAND LEFT START
COMMAND LEFT END
COMMAND RIGHT START
COMMAND RIGHT END
TURN 304 RESULT
TIME LEFT 0 5 RIGHT 19 5
END TURN 304
TURN 305
COMMAND LEFT START
COMMAND LEFT END
COMMAND RIGHT START
COMMAND RIGHT END
TURN 305 RESULT
TIME LEFT 0 5 RIGHT 19 5
END TURN 305
TURN 306
COMMAND LEFT START
COMMAND LEFT END
COMMAND RIGHT START
COMMAND RIGHT END
TURN 306 RESULT
TIME LEFT 0 5 RIGHT 20 5
END TURN 306
TURN 307
COMMAND LEFT START
COMMAND LEFT END
COMMAND RIGHT START
COMMAND RIGHT END
TURN 307 RESULT
TIME LEFT 0 5 RIGHT 20 5
END TURN 307
TURN 308
COMMAND LEFT START
COMMAND LEFT END
COMMAND RIGHT START
COMMAND RIGHT END
TURN 308 RESULT
TIME LEFT 0 5 RIGHT 19 5
END TURN 308
TURN 309
COMMAND LEFT START
COMMAND LEFT END
COMMAND RIGHT START
COMMAND RIGHT END
TURN 309 RESULT
TIME LEFT 0 5 RIGHT 20 5
END TURN 309
TURN 310
COMMAND LEFT START
COMMAND LEFT END
COMMAND RIGHT START
COMMAND RIGHT END
TURN 310 RESULT
TIME LEFT 0 5 RIGHT 19 5
END TURN 310
TURN 311
COMMAND LEFT START
COMMAND LEFT END
COMMAND RIGHT START
COMMAND RIGHT END
TURN 311 RESULT
TIME LEFT 0 5 RIGHT 20 5
END TURN 311
TURN 312
COMMAND LEFT START
COMMAND LEFT END
COMMAND RIGHT START
COMMAND RIGHT END
TURN 312 RESULT
TIME LEFT 0 5 RIGHT 19 5
END TURN 312
TURN 313
COMMAND LEFT START
COMMAND LEFT END
COMMAND RIGHT START
COMMAND RIGHT END
TURN 313 RESULT
TIME LEFT 0 5 RIGHT 19 5
END TURN 313
TURN 314
COMMAND LEFT START
COMMAND LEFT END
COMMAND RIGHT START
COMMAND RIGHT END
TURN 314 RESULT
TIME LEFT 0 5 RIGHT 19 5
END TURN 314
TURN 315
COMMAND LEFT START
COMMAND LEFT END
COMMAND RIGHT START
COMMAND RIGHT END
TURN 315 RESULT
TIME LEFT 0 5 RIGHT 19 5
END TURN 315
TURN 316
COMMAND LEFT START
COMMAND LEFT END
COMMAND RIGHT START
COMMAND RIGHT END
TURN 316 RESULT
TIME LEFT 0 5 RIGHT 19 5
END TURN 316
TURN 317
COMMAND LEFT START
COMMAND LEFT END
COMMAND RIGHT START
COMMAND RIGHT END
TURN 317 RESULT
TIME LEFT 0 5 RIGHT 19 5
END TURN 317
TURN 318
COMMAND LEFT START
COMMAND LEFT END
COMMAND RIGHT START
COMMAND RIGHT END
TURN 318 RESULT
TIME LEFT 0 5 RIGHT 19 5
END TURN 318
TURN 319
COMMAND LEFT START
COMMAND LEFT END
COMMAND RIGHT START
COMMAND RIGHT END
TURN 319 RESULT
TIME LEFT 0 5 RIGHT 19 5
END TURN 319
TURN 320
COMMAND LEFT START
COMMAND LEFT END
COMMAND RIGHT START
COMMAND RIGHT END
TURN 320 RESULT
TIME LEFT 0 5 RIGHT 19 5
END TURN 320
TURN 321
COMMAND LEFT START
COMMAND LEFT END
COMMAND RIGHT START
COMMAND RIGHT END
TURN 321 RESULT
TIME LEFT 0 5 RIGHT 19 5
END TURN 321
TURN 322
COMMAND LEFT START
COMMAND LEFT END
COMMAND RIGHT START
COMMAND RIGHT END
TURN 322 RESULT
TIME LEFT 0 5 RIGHT 19 5
END TURN 322
TURN 323
COMMAND LEFT START
COMMAND LEFT END
COMMAND RIGHT START
COMMAND RIGHT END
TURN 323 RESULT
TIME LEFT 0 5 RIGHT 19 5
END TURN 323
TURN 324
COMMAND LEFT START
COMMAND LEFT END
COMMAND RIGHT START
COMMAND RIGHT END
TURN 324 RESULT
TIME LEFT 0 5 RIGHT 19 5
END TURN 324
TURN 325
COMMAND LEFT START
COMMAND LEFT END
COMMAND RIGHT START
COMMAND RIGHT END
TURN 325 RESULT
TIME LEFT 0 5 RIGHT 19 5
END TURN 325
TURN 326
COMMAND LEFT START
COMMAND LEFT END
COMMAND RIGHT START
COMMAND RIGHT END
TURN 326 RESULT
TIME LEFT 0 5 RIGHT 19 5
END TURN 326
TURN 327
COMMAND LEFT START
COMMAND LEFT END
COMMAND RIGHT START
COMMAND RIGHT END
TURN 327 RESULT
TIME LEFT 0 5 RIGHT 19 5
END TURN 327
TURN 328
COMMAND LEFT START
COMMAND LEFT END
COMMAND RIGHT START
COMMAND RIGHT END
TURN 328 RESULT
TIME LEFT 0 5 RIGHT 19 5
END TURN 328
TURN 329
COMMAND LEFT START
COMMAND LEFT END
COMMAND RIGHT START
COMMAND RIGHT END
TURN 329 RESULT
TIME LEFT 0 5 RIGHT 19 5
END TURN 329
TURN 330
COMMAND LEFT START
COMMAND LEFT END
COMMAND RIGHT START
COMMAND RIGHT END
TURN 330 RESULT
TIME LEFT 0 5 RIGHT 19 5
END TURN 330
TURN 331
COMMAND LEFT START
COMMAND LEFT END
COMMAND RIGHT START
COMMAND RIGHT END
TURN 331 RESULT
TIME LEFT 0 5 RIGHT 19 5
END TURN 331
TURN 332
COMMAND LEFT START
COMMAND LEFT END
COMMAND RIGHT START
COMMAND RIGHT END
TURN 332 RESULT
TIME LEFT 0 5 RIGHT 19 5
END TURN 332
TURN 333
COMMAND LEFT START
COMMAND LEFT END
COMMAND RIGHT START
COMMAND RIGHT END
TURN 333 RESULT
TIME LEFT 0 5 RIGHT 19 5
END TURN 333
TURN 334
COMMAND LEFT START
COMMAND LEFT END
COMMAND RIGHT START
COMMAND RIGHT END
TURN 334 RESULT
TIME LEFT 0 5 RIGHT 19 5
END TURN 334
TURN 335
COMMAND LEFT START
COMMAND LEFT END
COMMAND RIGHT START
COMMAND RIGHT END
TURN 335 RESULT
TIME LEFT 0 5 RIGHT 19 5
END TURN 335
TURN 336
COMMAND LEFT START
COMMAND LEFT END
COMMAND RIGHT START
COMMAND RIGHT END
TURN 336 RESULT
TIME LEFT 0 5 RIGHT 19 5
END TURN 336
TURN 337
COMMAND LEFT START
COMMAND LEFT END
COMMAND RIGHT START
COMMAND RIGHT END
TURN 337 RESULT
TIME LEFT 0 5 RIGHT 19 5
END TURN 337
TURN 338
COMMAND LEFT START
COMMAND LEFT END
COMMAND RIGHT START
COMMAND RIGHT END
TURN 338 RESULT
TIME LEFT 0 5 RIGHT 19 5
END TURN 338
TURN 339
COMMAND LEFT START
COMMAND LEFT END
COMMAND RIGHT START
COMMAND RIGHT END
TURN 339 RESULT
TIME LEFT 0 5 RIGHT 19 5
END TURN 339
TURN 340
COMMAND LEFT START
COMMAND LEFT END
COMMAND RIGHT START
COMMAND RIGHT END
TURN 340 RESULT
TIME LEFT 0 5 RIGHT 19 5
END TURN 340
TURN 341
COMMAND LEFT START
COMMAND LEFT END
COMMAND RIGHT START
COMMAND RIGHT END
TURN 341 RESULT
TIME LEFT 0 5 RIGHT 19 5
END TURN 341
TURN 342
COMMAND LEFT START
COMMAND LEFT END
COMMAND RIGHT START
COMMAND RIGHT END
TURN 342 RESULT
TIME LEFT 0 5 RIGHT 19 5
END TURN 342
TURN 343
COMMAND LEFT START
COMMAND LEFT END
COMMAND RIGHT START
COMMAND RIGHT END
TURN 343 RESULT
TIME LEFT 0 5 RIGHT 19 5
END TURN 343
TURN 344
COMMAND LEFT START
COMMAND LEFT END
COMMAND RIGHT START
COMMAND RIGHT END
TURN 344 RESULT
TIME LEFT 0 5 RIGHT 20 5
END TURN 344
TURN 345
COMMAND LEFT START
COMMAND LEFT END
COMMAND RIGHT START
COMMAND RIGHT END
TURN 345 RESULT
TIME LEFT 0 5 RIGHT 19 5
END TURN 345
TURN 346
COMMAND LEFT START
COMMAND LEFT END
COMMAND RIGHT START
COMMAND RIGHT END
TURN 346 RESULT
TIME LEFT 0 5 RIGHT 20 5
END TURN 346
TURN 347
COMMAND LEFT START
COMMAND LEFT END
COMMAND RIGHT START
COMMAND RIGHT END
TURN 347 RESULT
TIME LEFT 0 5 RIGHT 20 5
END TURN 347
TURN 348
COMMAND LEFT START
COMMAND LEFT END
COMMAND RIGHT START
COMMAND RIGHT END
TURN 348 RESULT
TIME LEFT 0 5 RIGHT 20 5
END TURN 348
TURN 349
COMMAND LEFT START
COMMAND LEFT END
COMMAND RIGHT START
COMMAND RIGHT END
TURN 349 RESULT
TIME LEFT 0 5 RIGHT 19 5
END TURN 349
TURN 350
COMMAND LEFT START
COMMAND LEFT END
COMMAND RIGHT START
COMMAND RIGHT END
TURN 350 RESULT
TIME LEFT 0 5 RIGHT 19 5
END TURN 350
TURN 351
COMMAND LEFT START
COMMAND LEFT END
COMMAND RIGHT START
COMMAND RIGHT END
TURN 351 RESULT
TIME LEFT 0 5 RIGHT 19 5
END TURN 351
TURN 352
COMMAND LEFT START
COMMAND LEFT END
COMMAND RIGHT START
COMMAND RIGHT END
TURN 352 RESULT
TIME LEFT 0 5 RIGHT 19 5
END TURN 352
TURN 353
COMMAND LEFT START
COMMAND LEFT END
COMMAND RIGHT START
COMMAND RIGHT END
TURN 353 RESULT
TIME LEFT 0 5 RIGHT 19 5
END TURN 353
TURN 354
COMMAND LEFT START
COMMAND LEFT END
COMMAND RIGHT START
COMMAND RIGHT END
TURN 354 RESULT
TIME LEFT 0 5 RIGHT 19 5
END TURN 354
TURN 355
COMMAND LEFT START
COMMAND LEFT END
COMMAND RIGHT START
COMMAND RIGHT END
TURN 355 RESULT
TIME LEFT 0 5 RIGHT 19 5
END TURN 355
TURN 356
COMMAND LEFT START
COMMAND LEFT END
COMMAND RIGHT START
COMMAND RIGHT END
TURN 356 RESULT
TIME LEFT 0 5 RIGHT 19 5
END TURN 356
TURN 357
COMMAND LEFT START
COMMAND LEFT END
COMMAND RIGHT START
COMMAND RIGHT END
TURN 357 RESULT
TIME LEFT 0 5 RIGHT 19 5
END TURN 357
TURN 358
COMMAND LEFT START
COMMAND LEFT END
COMMAND RIGHT START
COMMAND RIGHT END
TURN 358 RESULT
TIME LEFT 0 5 RIGHT 19 5
END TURN 358
TURN 359
COMMAND LEFT START
COMMAND LEFT END
COMMAND RIGHT START
COMMAND RIGHT END
TURN 359 RESULT
TIME LEFT 0 5 RIGHT 19 5
END TURN 359
TURN 360
COMMAND LEFT START
COMMAND LEFT END
COMMAND RIGHT START
COMMAND RIGHT END
TURN 360 RESULT
TIME LEFT 0 5 RIGHT 19 5
END TURN 360
TURN 361
COMMAND LEFT START
COMMAND LEFT END
COMMAND RIGHT START
COMMAND RIGHT END
TURN 361 RESULT
TIME LEFT 0 5 RIGHT 19 5
END TURN 361
TURN 362
COMMAND LEFT START
COMMAND LEFT END
COMMAND RIGHT START
COMMAND RIGHT END
TURN 362 RESULT
TIME LEFT 0 5 RIGHT 19 5
END TURN 362
TURN 363
COMMAND LEFT START
COMMAND LEFT END
COMMAND RIGHT START
COMMAND RIGHT END
TURN 363 RESULT
TIME LEFT 0 5 RIGHT 19 5
END TURN 363
TURN 364
COMMAND LEFT START
COMMAND LEFT END
COMMAND RIGHT START
COMMAND RIGHT END
TURN 364 RESULT
TIME LEFT 0 5 RIGHT 19 5
END TURN 364
TURN 365
COMMAND LEFT START
COMMAND LEFT END
COMMAND RIGHT START
COMMAND RIGHT END
TURN 365 RESULT
TIME LEFT 0 5 RIGHT 19 5
END TURN 365
TURN 366
COMMAND LEFT START
COMMAND LEFT END
COMMAND RIGHT START
COMMAND RIGHT END
TURN 366 RESULT
TIME LEFT 0 5 RIGHT 19 5
END TURN 366
TURN 367
COMMAND LEFT START
COMMAND LEFT END
COMMAND RIGHT START
COMMAND RIGHT END
TURN 367 RESULT
TIME LEFT 0 5 RIGHT 19 5
END TURN 367
TURN 368
COMMAND LEFT START
COMMAND LEFT END
COMMAND RIGHT START
COMMAND RIGHT END
TURN 368 RESULT
TIME LEFT 0 5 RIGHT 19 5
END TURN 368
TURN 369
COMMAND LEFT START
COMMAND LEFT END
COMMAND RIGHT START
COMMAND RIGHT END
TURN 369 RESULT
TIME LEFT 0 5 RIGHT 19 5
END TURN 369
TURN 370
COMMAND LEFT START
COMMAND LEFT END
COMMAND RIGHT START
COMMAND RIGHT END
TURN 370 RESULT
TIME LEFT 0 5 RIGHT 19 5
END TURN 370
TURN 371
COMMAND LEFT START
COMMAND LEFT END
COMMAND RIGHT START
COMMAND RIGHT END
TURN 371 RESULT
TIME LEFT 0 5 RIGHT 19 5
END TURN 371
TURN 372
COMMAND LEFT START
COMMAND LEFT END
COMMAND RIGHT START
COMMAND RIGHT END
TURN 372 RESULT
TIME LEFT 0 5 RIGHT 19 5
END TURN 372
TURN 373
COMMAND LEFT START
COMMAND LEFT END
COMMAND RIGHT START
COMMAND RIGHT END
TURN 373 RESULT
TIME LEFT 0 5 RIGHT 19 5
END TURN 373
TURN 374
COMMAND LEFT START
COMMAND LEFT END
COMMAND RIGHT START
COMMAND RIGHT END
TURN 374 RESULT
TIME LEFT 0 5 RIGHT 19 5
END TURN 374
TURN 375
COMMAND LEFT START
COMMAND LEFT END
COMMAND RIGHT START
COMMAND RIGHT END
TURN 375 RESULT
TIME LEFT 0 5 RIGHT 19 5
END TURN 375
TURN 376
COMMAND LEFT START
COMMAND LEFT END
COMMAND RIGHT START
COMMAND RIGHT END
TURN 376 RESULT
TIME LEFT 0 5 RIGHT 19 5
END TURN 376
TURN 377
COMMAND LEFT START
COMMAND LEFT END
COMMAND RIGHT START
COMMAND RIGHT END
TURN 377 RESULT
TIME LEFT 0 5 RIGHT 19 5
END TURN 377
TURN 378
COMMAND LEFT START
COMMAND LEFT END
COMMAND RIGHT START
COMMAND RIGHT END
TURN 378 RESULT
TIME LEFT 0 5 RIGHT 19 5
END TURN 378
TURN 379
COMMAND LEFT START
COMMAND LEFT END
COMMAND RIGHT START
COMMAND RIGHT END
TURN 379 RESULT
TIME LEFT 0 5 RIGHT 19 5
END TURN 379
TURN 380
COMMAND LEFT START
COMMAND LEFT END
COMMAND RIGHT START
COMMAND RIGHT END
TURN 380 RESULT
TIME LEFT 0 5 RIGHT 20 5
END TURN 380
TURN 381
COMMAND LEFT START
COMMAND LEFT END
COMMAND RIGHT START
COMMAND RIGHT END
TURN 381 RESULT
TIME LEFT 0 5 RIGHT 20 5
END TURN 381
TURN 382
COMMAND LEFT START
COMMAND LEFT END
COMMAND RIGHT START
COMMAND RIGHT END
TURN 382 RESULT
TIME LEFT 0 5 RIGHT 19 5
END TURN 382
TURN 383
COMMAND LEFT START
COMMAND LEFT END
COMMAND RIGHT START
COMMAND RIGHT END
TURN 383 RESULT
TIME LEFT 0 5 RIGHT 19 5
END TURN 383
TURN 384
COMMAND LEFT START
COMMAND LEFT END
COMMAND RIGHT START
COMMAND RIGHT END
TURN 384 RESULT
TIME LEFT 0 5 RIGHT 20 5
END TURN 384
TURN 385
COMMAND LEFT START
COMMAND LEFT END
COMMAND RIGHT START
COMMAND RIGHT END
TURN 385 RESULT
TIME LEFT 0 5 RIGHT 20 5
END TURN 385
TURN 386
COMMAND LEFT START
COMMAND LEFT END
COMMAND RIGHT START
COMMAND RIGHT END
TURN 386 RESULT
TIME LEFT 0 5 RIGHT 20 5
END TURN 386
TURN 387
COMMAND LEFT START
COMMAND LEFT END
COMMAND RIGHT START
COMMAND RIGHT END
TURN 387 RESULT
TIME LEFT 0 5 RIGHT 19 5
END TURN 387
TURN 388
COMMAND LEFT START
COMMAND LEFT END
COMMAND RIGHT START
COMMAND RIGHT END
TURN 388 RESULT
TIME LEFT 0 5 RIGHT 19 5
END TURN 388
TURN 389
COMMAND LEFT START
COMMAND LEFT END
COMMAND RIGHT START
COMMAND RIGHT END
TURN 389 RESULT
TIME LEFT 0 5 RIGHT 19 5
END TURN 389
TURN 390
COMMAND LEFT START
COMMAND LEFT END
COMMAND RIGHT START
COMMAND RIGHT END
TURN 390 RESULT
TIME LEFT 0 5 RIGHT 20 5
END TURN 390
TURN 391
COMMAND LEFT START
COMMAND LEFT END
COMMAND RIGHT START
COMMAND RIGHT END
TURN 391 RESULT
TIME LEFT 0 5 RIGHT 20 5
END TURN 391
TURN 392
COMMAND LEFT START
COMMAND LEFT END
COMMAND RIGHT START
COMMAND RIGHT END
TURN 392 RESULT
TIME LEFT 0 5 RIGHT 20 5
END TURN 392
TURN 393
COMMAND LEFT START
TRAIN 1
COMMAND LEFT END
COMMAND RIGHT START
COMMAND RIGHT END
TURN 393 RESULT
TIME LEFT 0 5 RIGHT 19 5
TRAIN A19
DAMAGE HUNGER A19 1
END TURN 393
TURN 394
COMMAND LEFT START
COMMAND LEFT END
COMMAND RIGHT START
COMMAND RIGHT END
TURN 394 RESULT
TIME LEFT 0 5 RIGHT 19 5
END TURN 394
TURN 395
COMMAND LEFT START
COMMAND LEFT END
COMMAND RIGHT START
COMMAND RIGHT END
TURN 395 RESULT
TIME LEFT 0 5 RIGHT 20 5
DAMAGE HUNGER A19 1
END TURN 395
TURN 396
COMMAND LEFT START
COMMAND LEFT END
COMMAND RIGHT START
COMMAND RIGHT END
TURN 396 RESULT
TIME LEFT 0 5 RIGHT 20 5
END TURN 396
TURN 397
COMMAND LEFT START
COMMAND LEFT END
COMMAND RIGHT START
COMMAND RIGHT END
TURN 397 RESULT
TIME LEFT 0 5 RIGHT 20 5
DAMAGE HUNGER A19 1
END TURN 397
TURN 398
COMMAND LEFT START
COMMAND LEFT END
COMMAND RIGHT START
COMMAND RIGHT END
TURN 398 RESULT
TIME LEFT 0 5 RIGHT 20 5
END TURN 398
TURN 399
COMMAND LEFT START
COMMAND LEFT END
COMMAND RIGHT START
COMMAND RIGHT END
TURN 399 RESULT
TIME LEFT 0 5 RIGHT 19 5
DAMAGE HUNGER A19 1
END TURN 399
TURN 400
COMMAND LEFT START
COMMAND LEFT END
COMMAND RIGHT START
COMMAND RIGHT END
TURN 400 RESULT
TIME LEFT 0 5 RIGHT 19 5
END TURN 400
RESULT RIGHT_WIN TURN_LIMIT
