[LEFT ""]
[RIGHT ""]
MAP
241 19
-11270 -9979 -10591 -10360 -9085 -10015 -9767 -8564 -8813 -8692 -8434 -9506 -8319 -8959 -7525 -7635 -7605 -7795 -7491 -7388 -7440 -7987 -7852 -7111 -6837 -6896 -6654 -7316 -6508 -6400 -6424 -6204 -6276 -6423 -6237 -6245 -6085 -5877 -5712 -5598 -5605 -5527 -5366 -5486 -5182 -6133 -5709 -5152 -4872 -5037 -4710 -4560 -4648 -4706 -4529 -4362 -4379 -4391 -4316 -4866 -4214 -3906 -3968 -3762 -3729 -3559 -4596 -3504 -3406 -3280 -3791 -3418 -3329 -3236 -3367 -2999 -2865 -3142 -2945 -2937 -3544 -2817 -2719 -2479 -2422 -2475 -2223 -2409 -2135 -2174 -2150 -2178 -2003 -1868 -1681 -1678 -1550 -1527 -1673 -1686 -1528 -1434 -1385 -1170 -1178 -1218 -918 -947 -1023 -918 -718 -797 -397 -515 -437 -338 -217 -97 -256 -35 0 35 256 97 217 338 437 515 397 797 718 918 1023 947 918 1218 1178 1170 1385 1434 1528 1686 1673 1527 1550 1678 1681 1868 2003 2178 2150 2174 2135 2409 2223 2475 2422 2479 2719 2817 3544 2937 2945 3142 2865 2999 3367 3236 3329 3418 3791 3280 3406 3504 4596 3559 3729 3762 3968 3906 4214 4866 4316 4391 4379 4362 4529 4706 4648 4560 4710 5037 4872 5152 5709 6133 5182 5486 5366 5527 5605 5598 5712 5877 6085 6245 6237 6423 6276 6204 6424 6400 6508 7316 6654 6896 6837 7111 7852 7987 7440 7388 7491 7795 7605 7635 7525 8959 8319 9506 8434 8692 8813 8564 9767 10015 9085 10360 10591 9979 11270
237 1288 -2050 2828 -796 -4128 5618 120 -2760 3203 1509 -5358 4104 -6400 5083 1126 -340 -1476 -3086 3178 -4438 -7737 6690 2217 627 -2193 -1223 8155 -4578 -3335 -5803 1766 -471 4005 5534 -7224 3031 -2138 4790 836 -4115 6369 -400 -5382 2518 -8847 8636 -3212 3696 -1914 -5919 -867 -4612 -6971 6081 7389 1870 4841 -2716 -9162 539 -1666 -3713 -5339 -7456 -6573 9651 6886 5843 -8076 -10508 3997 -358 -2406 2880 -4551 -3444 1773 5066 7995 10416 802 -1498 3566 -8088 -5868 -561 6323 -2335 2011 11015 -9145 4621 7688 3333 -4562 8754 -3251 427 -6939 6680 -10783 5747 2547 -1297 1617 -8390 5015 -5547 4037 7747 385 10533 -2306 -7398 6637 1368 3133 -4266 -5620 0 5620 4266 -3133 -1368 -6637 7398 2306 -10533 -385 -7747 -4037 5547 -5015 8390 -1617 1297 -2547 -5747 10783 -6680 6939 -427 3251 -8754 4562 -3333 -7688 -4621 9145 -11015 -2011 2335 -6323 561 5868 8088 -3566 1498 -802 -10416 -7995 -5066 -1773 3444 4551 -2880 2406 358 -3997 10508 8076 -5843 -6886 -9651 6573 7456 5339 3713 1666 -539 9162 2716 -4841 -1870 -7389 -6081 6971 4612 867 5919 1914 -3696 3212 -8636 8847 -2518 5382 400 -6369 4115 -836 -4790 2138 -3031 7224 -5534 -4005 471 -1766 5803 3335 4578 -8155 1223 2193 -627 -2217 -6690 7737 4438 -3178 3086 1476 340 -1126 -5083 6400 -4104 5358 -1509 -3203 2760 -120 -5618 4128 796 -2828 2050 -1288 -237
STRONGHOLDS 5 15 19 22 30 62 82 90 114 120 126 150 158 178 210 218 221 225 235
4 1 2 3 4
6 0 3 4 7 9 10
4 0 4 5 8
4 0 1 6 9
7 0 1 2 7 8 16 17
4 2 8 11 20
5 3 9 12 14 22
5 1 4 10 15 16
6 2 4 5 17 18 20
7 1 3 6 10 12 19 23
5 1 7 9 15 23
3 5 13 20
5 6 9 14 19 33
4 11 20 21 30
5 6 12 22 33 34
6 7 10 16 23 24 31
7 4 7 15 17 24 26 32
6 4 8 16 18 25 26
5 8 17 20 25 29
5 9 12 23 33 36
8 5 8 11 13 18 28 29 30
4 13 30 35 45
5 6 14 27 34 41
6 9 10 15 19 31 36
5 15 16 31 32 39
5 17 18 26 29 37
6 16 17 25 32 37 42
3 22 41 46
5 20 29 30 40 43
7 18 20 25 28 37 40 47
7 13 20 21 28 35 43 50
6 15 23 24 36 39 44
5 16 24 26 39 42
7 12 14 19 34 36 38 48
5 14 22 33 38 41
5 21 30 45 50 53
6 19 23 31 33 44 48
6 25 26 29 42 47 49
6 33 34 41 48 54 57
7 24 31 32 42 44 56 60
5 28 29 43 47 52
7 22 27 34 38 46 54 55
7 26 32 37 39 49 51 60
5 28 30 40 50 52
6 31 36 39 48 56 74
4 21 35 53 59
4 27 41 55 66
7 29 37 40 49 52 58 62
7 33 36 38 44 57 71 74
6 37 42 47 51 58 61
7 30 35 43 52 53 63 65
5 42 49 60 61 72
6 40 43 47 50 62 63
6 35 45 50 59 64 65
6 38 41 55 57 67 68
6 41 46 54 66 67 79
5 39 44 60 74 77
6 38 48 54 68 71 78
5 47 49 61 62 73
5 45 53 64 69 70
7 39 42 51 56 72 77 81
6 49 51 58 72 73 82
7 47 52 58 63 73 75 76
6 50 52 62 65 75 85
5 53 59 65 69 84
7 50 53 63 64 84 85 99
4 46 55 79 80
5 54 55 68 79 87
5 54 57 67 78 87
5 59 64 70 84 91
4 59 69 91 101
6 48 57 74 78 83 92
6 51 60 61 81 82 86
6 58 61 62 76 82 88
7 44 48 56 71 77 83 89
5 62 63 76 85 95
6 62 73 75 88 95 97
5 56 60 74 81 89
6 57 68 71 87 92 102
7 55 66 67 80 87 93 96
4 66 79 90 96
6 60 72 77 86 89 98
6 61 72 73 86 88 104
5 71 74 89 92 94
6 64 65 69 91 99 106
6 63 65 75 95 99 108
5 72 81 82 98 104
7 67 68 78 79 93 100 102
6 73 76 82 97 104 113
8 74 77 81 83 94 98 103 105
3 80 96 112
5 69 70 84 101 106
7 71 78 83 94 102 107 109
5 79 87 96 100 110
5 83 89 92 103 109
6 75 76 85 97 108 118
7 79 80 90 93 110 112 134
6 76 88 95 113 118 123
6 81 86 89 104 105 111
6 65 84 85 106 108 114
5 87 93 102 110 115
4 70 91 106 128
7 78 87 92 100 107 115 121
7 89 94 105 109 116 117 127
8 82 86 88 98 111 113 120 124
5 89 98 103 111 116
8 84 91 99 101 114 128 130 144
5 92 102 109 121 122
7 85 95 99 114 118 119 125
6 92 94 103 107 117 122
6 93 96 100 115 126 134
5 98 104 105 116 120
4 90 96 134 139
6 88 97 104 123 124 137
5 99 106 108 125 130
6 100 102 110 121 126 132
6 103 105 111 120 127 136
5 103 109 122 127 143
7 95 97 108 119 123 131 133
5 108 118 125 133 138
6 104 111 116 124 129 136
5 102 107 115 122 132
7 107 109 117 121 132 143 145
5 97 113 118 131 137
6 104 113 120 129 135 137
6 108 114 119 130 138 140
5 110 115 132 134 141
6 103 116 117 136 143 152
4 101 106 144 150
5 120 124 135 136 142
6 106 114 125 140 144 147
6 118 123 133 137 146 148
7 115 121 122 126 141 145 155
5 118 119 131 138 148
8 96 110 112 126 139 141 149 156
5 124 129 137 142 151
8 116 120 127 129 142 152 154 158
7 113 123 124 131 135 146 151
7 119 125 133 140 148 153 162
4 112 134 149 170
5 125 130 138 147 153
6 126 132 134 155 156 175
6 129 135 136 151 154 159
6 117 122 127 145 152 164
7 106 128 130 147 150 160 161
6 122 132 143 155 164 165
5 131 137 148 151 157
5 130 140 144 153 161
7 131 133 138 146 157 162 169
5 134 139 156 170 171
3 128 144 160
8 135 137 142 146 157 159 163 166
6 127 136 143 158 164 167
7 138 140 147 161 162 172 173
5 136 142 158 159 168
6 132 141 145 165 175 177
6 134 141 149 171 175 176
5 146 148 151 166 169
6 136 152 154 167 168 179
6 142 151 154 163 168 180
4 144 150 161 174
7 144 147 153 160 173 174 185
6 138 148 153 169 172 183
5 151 159 166 180 184
6 143 145 152 165 167 178
5 145 155 164 177 178
7 151 157 163 169 184 192 196
6 152 158 164 178 179 182
6 154 158 159 179 180 189
6 148 157 162 166 183 192
4 139 149 171 181
5 149 156 170 176 181
5 153 162 173 183 186
5 153 161 172 185 186
4 160 161 185 194
7 141 155 156 176 177 187 190
5 156 171 175 181 187
6 155 165 175 178 188 190
7 164 165 167 177 182 188 193
6 158 167 168 182 189 191
7 159 163 168 184 189 198 201
5 170 171 176 187 195
5 167 178 179 191 193
6 162 169 172 186 192 202
5 163 166 180 196 201
6 161 173 174 186 194 199
6 172 173 183 185 199 202
6 175 176 181 190 195 205
6 177 178 190 193 197 200
5 168 179 180 191 198
7 175 177 187 188 197 205 210
6 179 182 189 193 198 203
7 166 169 183 196 202 204 207
7 178 182 188 191 200 203 211
4 174 185 199 213
4 181 187 205 219
6 166 184 192 201 204 209
5 188 190 200 210 212
7 180 189 191 201 203 208 214
7 185 186 194 202 206 213 218
5 188 193 197 211 212
7 180 184 196 198 208 209 216
6 183 186 192 199 206 207
6 191 193 198 211 214 215
6 192 196 207 209 217 221
5 187 190 195 210 219
5 199 202 207 218 226
7 192 202 204 206 221 226 228
5 198 201 214 216 224
6 196 201 204 216 217 225
7 190 197 205 212 219 220 227
7 193 200 203 212 215 220 222
5 197 200 210 211 220
3 194 199 218
6 198 203 208 215 223 224
5 203 211 214 222 223
5 201 208 209 224 225
6 204 209 221 225 230 231
5 199 206 213 226 234
4 195 205 210 227
8 210 211 212 222 227 229 232 235
5 204 207 217 228 231
5 211 215 220 223 232
6 214 215 222 224 232 236
7 208 214 216 223 225 233 236
6 209 216 217 224 230 233
5 206 207 218 228 234
4 210 219 220 229
5 207 221 226 231 234
3 220 227 235
5 217 225 231 233 239
7 217 221 228 230 234 237 239
6 220 222 223 235 236 238
5 224 225 230 236 239
5 218 226 228 231 237
4 220 229 232 238
7 223 224 232 233 238 239 240
4 231 234 239 240
4 232 235 236 240
6 230 231 233 236 237 240
4 236 237 238 239
END MAP
TURN 1
COMMAND LEFT START
TRAIN 1
COMMAND LEFT END
COMMAND RIGHT START
TRAIN 1
COMMAND RIGHT END
TURN 1 RESULT
TIME LEFT 0 5 RIGHT 0 5
TRAIN A4 B4
END TURN 1
TURN 2
COMMAND LEFT START
TRAIN 1
COMMAND LEFT END
COMMAND RIGHT START
TRAIN 1
COMMAND RIGHT END
TURN 2 RESULT
TIME LEFT 0 5 RIGHT 0 5
TRAIN A5 B5
END TURN 2
TURN 3
COMMAND LEFT START
TRAIN 1
COMMAND LEFT END
COMMAND RIGHT START
TRAIN 1
COMMAND RIGHT END
TURN 3 RESULT
TIME LEFT 0 5 RIGHT 0 5
TRAIN A6 B6
END TURN 3
TURN 4
COMMAND LEFT START
TRAIN 1
COMMAND LEFT END
COMMAND RIGHT START
TRAIN 1
COMMAND RIGHT END
TURN 4 RESULT
TIME LEFT 0 5 RIGHT 0 5
TRAIN A7 B7
END TURN 4
TURN 5
COMMAND LEFT START
MOVE A1 240
MOVE A2 240
MOVE A3 240
MOVE A4 240
MOVE A5 240
MOVE A6 240
MOVE A7 240
TRAIN 1
COMMAND LEFT END
COMMAND RIGHT START
TRAIN 1
COMMAND RIGHT END
TURN 5 RESULT
TIME LEFT 0 5 RIGHT 0 5
TRAIN A8 B8
MOVE A1 4
MOVE A2 4
MOVE A3 4
MOVE A4 4
MOVE A5 4
MOVE A6 4
MOVE A7 4
END TURN 5
TURN 6
COMMAND LEFT START
COMMAND LEFT END
COMMAND RIGHT START
MOVE B2 0
MOVE B3 0
MOVE B4 0
MOVE B5 0
MOVE B6 0
MOVE B7 0
MOVE B8 0
COMMAND RIGHT END
TURN 6 RESULT
TIME LEFT 0 5 RIGHT 0 5
MOVE A1 16
MOVE A2 16
MOVE A3 16
MOVE A4 16
MOVE A5 16
MOVE A6 16
MOVE A7 16
MOVE B2 236
MOVE B3 236
MOVE B4 236
MOVE B5 236
MOVE B6 236
MOVE B7 236
MOVE B8 236
END TURN 6
TURN 7
COMMAND LEFT START
COMMAND LEFT END
COMMAND RIGHT START
COMMAND RIGHT END
TURN 7 RESULT
TIME LEFT 0 5 RIGHT 0 5
MOVE A1 32
MOVE A2 32
MOVE A3 32
MOVE A4 32
MOVE A5 32
MOVE A6 32
MOVE A7 32
MOVE B2 224
MOVE B3 224
MOVE B4 224
MOVE B5 224
MOVE B6 224
MOVE B7 224
MOVE B8 224
END TURN 7
TURN 8
COMMAND LEFT START
COMMAND LEFT END
COMMAND RIGHT START
COMMAND RIGHT END
TURN 8 RESULT
TIME LEFT 0 5 RIGHT 0 5
MOVE A1 42
MOVE A2 42
MOVE A3 42
MOVE A4 42
MOVE A5 42
MOVE A6 42
MOVE A7 42
MOVE B2 208
MOVE B3 208
MOVE B4 208
MOVE B5 208
MOVE B6 208
MOVE B7 208
MOVE B8 208
END TURN 8
TURN 9
COMMAND LEFT START
COMMAND LEFT END
COMMAND RIGHT START
COMMAND RIGHT END
TURN 9 RESULT
TIME LEFT 0 5 RIGHT 0 5
MOVE A1 60
MOVE A2 60
MOVE A3 60
MOVE A4 60
MOVE A5 60
MOVE A6 60
MOVE A7 60
MOVE B2 198
MOVE B3 198
MOVE B4 198
MOVE B5 198
MOVE B6 198
MOVE B7 198
MOVE B8 198
END TURN 9
TURN 10
COMMAND LEFT START
COMMAND LEFT END
COMMAND RIGHT START
COMMAND RIGHT END
TURN 10 RESULT
TIME LEFT 0 5 RIGHT 0 5
MOVE A1 81
MOVE A2 81
MOVE A3 81
MOVE A4 81
MOVE A5 81
MOVE A6 81
MOVE A7 81
MOVE B2 180
MOVE B3 180
MOVE B4 180
MOVE B5 180
MOVE B6 180
MOVE B7 180
MOVE B8 180
END TURN 10
TURN 11
COMMAND LEFT START
COMMAND LEFT END
COMMAND RIGHT START
COMMAND RIGHT END
TURN 11 RESULT
TIME LEFT 0 5 RIGHT 0 5
MOVE A1 98
MOVE A2 98
MOVE A3 98
MOVE A4 98
MOVE A5 98
MOVE A6 98
MOVE A7 98
MOVE B2 159
MOVE B3 159
MOVE B4 159
MOVE B5 159
MOVE B6 159
MOVE B7 159
MOVE B8 159
END TURN 11
TURN 12
COMMAND LEFT START
COMMAND LEFT END
COMMAND RIGHT START
COMMAND RIGHT END
TURN 12 RESULT
TIME LEFT 0 5 RIGHT 0 5
MOVE A1 111
MOVE A2 111
MOVE A3 111
MOVE A4 111
MOVE A5 111
MOVE A6 111
MOVE A7 111
MOVE B2 142
MOVE B3 142
MOVE B4 142
MOVE B5 142
MOVE B6 142
MOVE B7 142
MOVE B8 142
END TURN 12
TURN 13
COMMAND LEFT START
COMMAND LEFT END
COMMAND RIGHT START
COMMAND RIGHT END
TURN 13 RESULT
TIME LEFT 0 5 RIGHT 0 5
MOVE A1 120
MOVE A2 120
MOVE A3 120
MOVE A4 120
MOVE A5 120
MOVE A6 120
MOVE A7 120
MOVE B2 129
MOVE B3 129
MOVE B4 129
MOVE B5 129
MOVE B6 129
MOVE B7 129
MOVE B8 129
END TURN 13
TURN 14
COMMAND LEFT START
COMMAND LEFT END
COMMAND RIGHT START
COMMAND RIGHT END
TURN 14 RESULT
TIME LEFT 0 5 RIGHT 0 5
MOVE A1 129
MOVE A2 129
MOVE A3 129
MOVE A4 129
MOVE A5 129
MOVE A6 129
MOVE A7 129
MOVE B2 120
MOVE B3 120
MOVE B4 120
MOVE B5 120
MOVE B6 120
MOVE B7 120
MOVE B8 120
END TURN 14
TURN 15
COMMAND LEFT START
COMMAND LEFT END
COMMAND RIGHT START
COMMAND RIGHT END
TURN 15 RESULT
TIME LEFT 0 5 RIGHT 0 5
MOVE A1 142
MOVE A2 142
MOVE A3 142
MOVE A4 142
MOVE A5 142
MOVE A6 142
MOVE A7 142
MOVE B2 111
MOVE B3 111
MOVE B4 111
MOVE B5 111
MOVE B6 111
MOVE B7 111
MOVE B8 111
END TURN 15
TURN 16
COMMAND LEFT START
COMMAND LEFT END
COMMAND RIGHT START
COMMAND RIGHT END
TURN 16 RESULT
TIME LEFT 0 5 RIGHT 0 5
MOVE A1 159
MOVE A2 159
MOVE A3 159
MOVE A4 159
MOVE A5 159
MOVE A6 159
MOVE A7 159
MOVE B2 98
MOVE B3 98
MOVE B4 98
MOVE B5 98
MOVE B6 98
MOVE B7 98
MOVE B8 98
END TURN 16
TURN 17
COMMAND LEFT START
COMMAND LEFT END
COMMAND RIGHT START
COMMAND RIGHT END
TURN 17 RESULT
TIME LEFT 0 5 RIGHT 0 5
MOVE A1 180
MOVE A2 180
MOVE A3 180
MOVE A4 180
MOVE A5 180
MOVE A6 180
MOVE A7 180
MOVE B2 81
MOVE B3 81
MOVE B4 81
MOVE B5 81
MOVE B6 81
MOVE B7 81
MOVE B8 81
END TURN 17
TURN 18
COMMAND LEFT START
COMMAND LEFT END
COMMAND RIGHT START
COMMAND RIGHT END
TURN 18 RESULT
TIME LEFT 0 5 RIGHT 0 5
MOVE A1 198
MOVE A2 198
MOVE A3 198
MOVE A4 198
MOVE A5 198
MOVE A6 198
MOVE A7 198
MOVE B2 60
MOVE B3 60
MOVE B4 60
MOVE B5 60
MOVE B6 60
MOVE B7 60
MOVE B8 60
END TURN 18
TURN 19
COMMAND LEFT START
COMMAND LEFT END
COMMAND RIGHT START
COMMAND RIGHT END
TURN 19 RESULT
TIME LEFT 0 5 RIGHT 0 5
MOVE A1 208
MOVE A2 208
MOVE A3 208
MOVE A4 208
MOVE A5 208
MOVE A6 208
MOVE A7 208
MOVE B2 42
MOVE B3 42
MOVE B4 42
MOVE B5 42
MOVE B6 42
MOVE B7 42
MOVE B8 42
END TURN 19
TURN 20
COMMAND LEFT START
COMMAND LEFT END
COMMAND RIGHT START
COMMAND RIGHT END
TURN 20 RESULT
TIME LEFT 0 5 RIGHT 0 5
MOVE A1 224
MOVE A2 224
MOVE A3 224
MOVE A4 224
MOVE A5 224
MOVE A6 224
MOVE A7 224
MOVE B2 32
MOVE B3 32
MOVE B4 32
MOVE B5 32
MOVE B6 32
MOVE B7 32
MOVE B8 32
END TURN 20
TURN 21
COMMAND LEFT START
COMMAND LEFT END
COMMAND RIGHT START
COMMAND RIGHT END
TURN 21 RESULT
TIME LEFT 0 5 RIGHT 0 5
MOVE A1 236
MOVE A2 236
MOVE A3 236
MOVE A4 236
MOVE A5 236
MOVE A6 236
MOVE A7 236
MOVE B2 16
MOVE B3 16
MOVE B4 16
MOVE B5 16
MOVE B6 16
MOVE B7 16
MOVE B8 16
END TURN 21
TURN 22
COMMAND LEFT START
COMMAND LEFT END
COMMAND RIGHT START
COMMAND RIGHT END
TURN 22 RESULT
TIME LEFT 0 5 RIGHT 0 5
MOVE A1 240
MOVE A2 240
MOVE A3 240
MOVE A4 240
MOVE A5 240
MOVE A6 240
MOVE A7 240
MOVE B2 4
MOVE B3 4
MOVE B4 4
MOVE B5 4
MOVE B6 4
MOVE B7 4
MOVE B8 4
DAMAGE TURRET A1 1
DAMAGE COMBAT A1 1
DAMAGE COMBAT B1 4
SIEGE B 240 3
END TURN 22
TURN 23
COMMAND LEFT START
COMMAND LEFT END
COMMAND RIGHT START
COMMAND RIGHT END
TURN 23 RESULT
TIME LEFT 0 5 RIGHT 0 5
MOVE B2 0
MOVE B3 0
MOVE B4 0
MOVE B5 0
MOVE B6 0
MOVE B7 0
MOVE B8 0
DAMAGE TURRET A1 1
DAMAGE TURRET B2 1
DAMAGE COMBAT A8 4
DAMAGE COMBAT B2 1
SIEGE A 0 3
SIEGE B 240 7
END TURN 23
RESULT LEFT_WIN HQ_DESTROYED
