[LEFT ""]
[RIGHT ""]
MAP
209 15
-11071 -10817 -10613 -9471 -9293 -10000 -9760 -8882 -8596 -8591 -9564 -8215 -8136 -8088 -7806 -7587 -7424 -7463 -7995 -7256 -8237 -6986 -6972 -6761 -7547 -6494 -6314 -6472 -6440 -6431 -6585 -6052 -6553 -5764 -5742 -5705 -5849 -5396 -5496 -5327 -5123 -5793 -4989 -4723 -4856 -4840 -4687 -4654 -4651 -4306 -4310 -4259 -4182 -4024 -3679 -3631 -4060 -3787 -3525 -3539 -3225 -3882 -3313 -3156 -3101 -2798 -3006 -3149 -2743 -3744 -2564 -2477 -2419 -2253 -2258 -2144 -2686 -2143 -2089 -2051 -1641 -1566 -1426 -1618 -1521 -1408 -1730 -1494 -1165 -1282 -1386 -993 -897 -773 -713 -617 -523 -469 -505 -400 -302 -291 -36 18 0 -18 36 291 302 400 505 469 523 617 713 773 897 993 1386 1282 1165 1494 1730 1408 1521 1618 1426 1566 1641 2051 2089 2143 2686 2144 2258 2253 2419 2477 2564 3744 2743 3149 3006 2798 3101 3156 3313 3882 3225 3539 3525 3787 4060 3631 3679 4024 4182 4259 4310 4306 4651 4654 4687 4840 4856 4723 4989 5793 5123 5327 5496 5396 5849 5705 5742 5764 6553 6052 6585 6431 6440 6472 6314 6494 7547 6761 6972 6986 8237 7256 7995 7463 7424 7587 7806 8088 8136 8215 9564 8591 8596 8882 9760 10000 9293 9471 10613 10817 11071
581 -1935 2681 -537 1432 -4798 3674 -2636 531 3945 5795 -3594 -1213 1470 122 4628 2174 -4477 6571 -2615 -6508 -451 3087 1187 7661 -3664 3900 5117 -6462 -1474 -8562 -4639 8250 1121 -5827 -2296 3 5190 2430 -3272 6524 9272 -606 669 -5141 -1525 -6235 -4304 4160 2863 -3349 7943 -2351 5550 -6503 7133 10281 1320 -1595 -517 -3316 -7846 -4534 4359 8286 -2431 5978 2746 478 -9445 -5530 1744 -7667 8689 6863 2865 -10843 -1462 4981 -514 3700 1080 6054 -4127 -7580 -2104 10867 -3098 -44 7743 -5721 4830 2632 -8549 -6939 1505 8740 6909 -1085 -10987 -4786 -2407 -5821 -3682 0 3682 5821 2407 4786 10987 1085 -6909 -8740 -1505 6939 8549 -2632 -4830 5721 -7743 44 3098 -10867 2104 7580 4127 -6054 -1080 -3700 514 -4981 1462 10843 -2865 -6863 -8689 7667 -1744 5530 9445 -478 -2746 -5978 2431 -8286 -4359 4534 7846 3316 517 1595 -1320 -10281 -7133 6503 -5550 2351 -7943 3349 -2863 -4160 4304 6235 1525 5141 -669 606 -9272 -6524 3272 -2430 -5190 -3 2296 5827 -1121 -8250 4639 8562 1474 6462 -5117 -3900 3664 -7661 -1187 -3087 451 6508 2615 -6571 4477 -2174 -4628 -122 -1470 1213 3594 -5795 -3945 -531 2636 -3674 4798 -1432 537 -2681 1935 -581
STRONGHOLDS 2 18 22 35 54 94 101 104 107 114 154 173 186 190 206
4 1 2 3 4
4 0 3 5 7
3 0 4 6
7 0 1 4 7 8 12 14
7 0 2 3 6 8 9 13
5 1 7 11 17 20
4 2 4 9 10
6 1 3 5 11 12 19
4 3 4 13 14
7 4 6 10 13 15 16 22
5 6 9 15 18 24
5 5 7 17 19 25
6 3 7 14 19 21 29
6 4 8 9 14 16 23
6 3 8 12 13 21 23
6 9 10 18 22 26 27
5 9 13 22 23 38
6 5 11 20 25 28 31
5 10 15 24 27 40
6 7 11 12 25 29 35
4 5 17 28 30
5 12 14 23 29 36
5 9 15 16 26 38
7 13 14 16 21 33 36 38
4 10 18 32 40
6 11 17 19 31 35 39
6 15 22 27 37 38 48
5 15 18 26 37 40
6 17 20 30 31 34 46
7 12 19 21 35 36 42 45
5 20 28 46 61 69
7 17 25 28 34 39 44 47
4 24 40 41 51
4 23 36 38 43
4 28 31 44 46
6 19 25 29 39 45 52
6 21 23 29 33 42 43
5 26 27 40 48 53
9 16 22 23 26 33 43 48 49 57
6 25 31 35 47 50 52
8 18 24 27 32 37 51 53 55
3 32 51 56
5 29 36 43 45 59
6 33 36 38 42 57 59
6 31 34 46 47 54 62
6 29 35 42 52 58 59
6 28 30 34 44 54 61
5 31 39 44 50 62
6 26 37 38 49 53 63
5 38 48 57 63 67
5 39 47 52 60 62
6 32 40 41 55 56 64
7 35 39 45 50 58 60 65
6 37 40 48 55 63 66
6 44 46 61 62 70 72
6 40 51 53 64 66 74
5 41 51 64 73 86
7 38 43 49 59 67 68 71
5 45 52 59 65 77
8 42 43 45 57 58 68 77 79
6 50 52 62 65 83 87
5 30 46 54 69 72
7 44 47 50 54 60 70 83
8 48 49 53 66 67 75 78 80
5 51 55 56 73 74
6 52 58 60 77 85 87
6 53 55 63 74 78 82
5 49 57 63 71 75
6 57 59 71 79 81 88
5 30 61 72 76 93
5 54 62 72 83 90
6 57 67 68 75 81 92
7 54 61 69 70 84 90 93
6 56 64 74 86 89 96
6 55 64 66 73 82 89
5 63 67 71 80 92
3 69 93 99
6 58 59 65 79 85 98
5 63 66 80 82 91
5 59 68 77 88 98
6 63 75 78 91 92 105
5 68 71 88 92 95
7 66 74 78 89 91 97 106
7 60 62 70 87 90 100 103
4 72 90 93 94
5 65 77 87 98 101
4 56 73 96 109
6 60 65 83 85 101 103
6 68 79 81 95 98 104
5 73 74 82 96 97
7 70 72 83 84 94 100 102
6 78 80 82 105 106 108
7 71 75 80 81 95 105 107
8 69 72 76 84 94 99 111 112
5 84 90 93 102 111
6 81 88 92 104 107 110
6 73 86 89 97 109 115
6 82 89 96 106 114 115
7 77 79 85 88 101 104 113
4 76 93 112 122
5 83 90 102 103 117
6 85 87 98 103 113 116
6 90 94 100 111 117 126
7 83 87 100 101 116 117 128
6 88 95 98 110 113 120
7 80 91 92 107 108 121 125
6 82 91 97 108 114 118
6 92 95 105 110 121 123
5 91 105 106 118 125
4 86 96 115 132
7 95 104 107 120 123 129 131
6 93 94 102 112 119 126
6 93 99 111 119 122 135
6 98 101 104 116 120 127
5 97 106 115 118 124
8 96 97 109 114 124 132 136 139
7 101 103 113 127 128 133 137
6 100 102 103 126 128 130
7 106 108 114 124 125 136 138
5 111 112 126 134 135
6 104 110 113 127 129 140
6 105 107 123 125 143 148
4 99 112 135 152
5 107 110 121 131 143
4 114 115 118 136
7 105 108 118 121 138 146 148
7 102 111 117 119 130 134 142
5 113 116 120 137 140
6 103 116 117 130 133 145
5 110 120 131 140 149
5 117 126 128 142 145
6 110 123 129 143 149 150
3 109 115 139
5 116 128 137 141 145
6 119 126 135 142 144 153
6 112 119 122 134 144 152
7 115 118 124 138 139 147 154
6 116 127 133 140 141 151
5 118 125 136 146 154
5 115 132 136 147 178
6 120 127 129 137 149 151
5 133 137 145 151 159
6 126 130 134 145 153 155
6 121 123 131 148 150 156
5 134 135 152 153 157
8 128 130 133 141 142 155 159 160
7 125 138 148 154 158 161 164
5 136 139 154 162 178
6 121 125 143 146 156 158
8 129 131 140 150 151 163 165 166
5 131 143 149 156 163
7 137 140 141 149 159 165 170
5 122 135 144 157 167
6 134 142 144 155 157 168
6 136 138 146 147 162 164
6 142 145 153 160 168 171
7 143 148 150 158 163 169 173
6 144 152 153 167 168 176
5 146 148 156 161 169
5 141 145 151 160 170
6 145 155 159 170 171 182
5 146 158 164 169 177
6 147 154 164 174 178 180
6 149 150 156 166 173 179
6 146 154 161 162 174 177
6 149 151 166 170 172 175
5 149 163 165 172 179
3 152 157 176
8 153 155 157 171 176 181 184 190
6 156 158 161 173 177 183
9 151 159 160 165 175 182 185 186 192
5 155 160 168 181 182
6 165 166 175 179 185 187
6 156 163 169 179 183 189
4 162 164 177 180
4 165 170 172 185
4 157 167 168 184
7 161 164 169 174 180 183 191
5 139 147 162 180 188
7 163 166 172 173 187 189 196
6 162 174 177 178 188 191
5 168 171 182 190 193
6 160 170 171 181 186 193
6 169 173 177 189 191 197
4 168 176 190 198
7 170 172 175 187 192 194 195
5 170 182 192 193 199
5 172 179 185 194 196
4 178 180 191 203
6 173 179 183 196 197 201
5 168 181 184 193 198
6 177 180 183 188 197 203
5 170 185 186 195 199
6 181 182 186 190 198 199
6 185 187 195 196 200 205
6 185 192 194 199 200 204
6 179 187 189 194 201 205
5 183 189 191 201 203
5 184 190 193 199 202
7 186 192 193 195 198 202 204
4 194 195 204 205
6 189 196 197 203 205 207
4 198 199 204 206
5 188 191 197 201 207
7 195 199 200 202 205 206 208
7 194 196 200 201 204 207 208
3 202 204 208
4 201 203 205 208
4 204 205 206 207
END MAP
TURN 1
COMMAND LEFT START
MOVE A1 104
MOVE A2 104
COMMAND LEFT END
COMMAND RIGHT START
TRAIN 1
COMMAND RIGHT END
TURN 1 RESULT
TIME LEFT 0 5 RIGHT 0 5
TRAIN B4
MOVE A1 3
MOVE A2 3
END TURN 1
TURN 2
COMMAND LEFT START
COMMAND LEFT END
COMMAND RIGHT START
TRAIN 1
COMMAND RIGHT END
TURN 2 RESULT
TIME LEFT 0 5 RIGHT 0 5
TRAIN B5
MOVE A1 12
MOVE A2 12
END TURN 2
TURN 3
COMMAND LEFT START
COMMAND LEFT END
COMMAND RIGHT START
TRAIN 1
COMMAND RIGHT END
TURN 3 RESULT
TIME LEFT 0 5 RIGHT 0 5
TRAIN B6
MOVE A1 29
MOVE A2 29
END TURN 3
TURN 4
COMMAND LEFT START
COMMAND LEFT END
COMMAND RIGHT START
TRAIN 1
COMMAND RIGHT END
TURN 4 RESULT
TIME LEFT 0 5 RIGHT 0 5
TRAIN B7
MOVE A1 42
MOVE A2 42
END TURN 4
TURN 5
COMMAND LEFT START
COMMAND LEFT END
COMMAND RIGHT START
TRAIN 1
COMMAND RIGHT END
TURN 5 RESULT
TIME LEFT 0 5 RIGHT 0 5
TRAIN B8
MOVE A1 59
MOVE A2 59
END TURN 5
TURN 6
COMMAND LEFT START
COMMAND LEFT END
COMMAND RIGHT START
MOVE B2 0
MOVE B3 0
MOVE B4 0
MOVE B5 0
MOVE B6 0
MOVE B7 0
MOVE B8 0
COMMAND RIGHT END
TURN 6 RESULT
TIME LEFT 0 5 RIGHT 0 5
MOVE A1 79
MOVE A2 79
MOVE B2 204
MOVE B3 204
MOVE B4 204
MOVE B5 204
MOVE B6 204
MOVE B7 204
MOVE B8 204
END TURN 6
TURN 7
COMMAND LEFT START
COMMAND LEFT END
COMMAND RIGHT START
COMMAND RIGHT END
TURN 7 RESULT
TIME LEFT 0 5 RIGHT 0 5
MOVE A1 88
MOVE A2 88
MOVE B2 195
MOVE B3 195
MOVE B4 195
MOVE B5 195
MOVE B6 195
MOVE B7 195
MOVE B8 195
END TURN 7
TURN 8
COMMAND LEFT START
COMMAND LEFT END
COMMAND RIGHT START
COMMAND RIGHT END
TURN 8 RESULT
TIME LEFT 0 5 RIGHT 0 5
MOVE A1 104
MOVE A2 104
MOVE B2 192
MOVE B3 192
MOVE B4 192
MOVE B5 192
MOVE B6 192
MOVE B7 192
MOVE B8 192
END TURN 8
TURN 9
COMMAND LEFT START
MOVE A2 0
UPGRADE 104
COMMAND LEFT END
COMMAND RIGHT START
COMMAND RIGHT END
TURN 9 RESULT
TIME LEFT 0 5 RIGHT 0 5
UPGRADE A 104
MOVE A2 88
MOVE B2 170
MOVE B3 170
MOVE B4 170
MOVE B5 170
MOVE B6 170
MOVE B7 170
MOVE B8 170
END TURN 9
TURN 10
COMMAND LEFT START
MOVE A3 104
COMMAND LEFT END
COMMAND RIGHT START
COMMAND RIGHT END
TURN 10 RESULT
TIME LEFT 0 5 RIGHT 0 5
MOVE A2 79
MOVE A3 3
MOVE B2 159
MOVE B3 159
MOVE B4 159
MOVE B5 159
MOVE B6 159
MOVE B7 159
MOVE B8 159
END TURN 10
TURN 11
COMMAND LEFT START
COMMAND LEFT END
COMMAND RIGHT START
COMMAND RIGHT END
TURN 11 RESULT
TIME LEFT 0 5 RIGHT 0 5
MOVE A2 59
MOVE A3 12
MOVE B2 141
MOVE B3 141
MOVE B4 141
MOVE B5 141
MOVE B6 141
MOVE B7 141
MOVE B8 141
END TURN 11
TURN 12
COMMAND LEFT START
COMMAND LEFT END
COMMAND RIGHT START
COMMAND RIGHT END
TURN 12 RESULT
TIME LEFT 0 5 RIGHT 0 5
MOVE A2 42
MOVE A3 29
MOVE B2 133
MOVE B3 133
MOVE B4 133
MOVE B5 133
MOVE B6 133
MOVE B7 133
MOVE B8 133
END TURN 12
TURN 13
COMMAND LEFT START
COMMAND LEFT END
COMMAND RIGHT START
COMMAND RIGHT END
TURN 13 RESULT
TIME LEFT 0 5 RIGHT 0 5
MOVE A2 29
MOVE A3 42
MOVE B2 116
MOVE B3 116
MOVE B4 116
MOVE B5 116
MOVE B6 116
MOVE B7 116
MOVE B8 116
END TURN 13
TURN 14
COMMAND LEFT START
TRAIN 1
COMMAND LEFT END
COMMAND RIGHT START
COMMAND RIGHT END
TURN 14 RESULT
TIME LEFT 0 5 RIGHT 0 5
TRAIN A4
MOVE A2 12
MOVE A3 59
MOVE B2 101
MOVE B3 101
MOVE B4 101
MOVE B5 101
MOVE B6 101
MOVE B7 101
MOVE B8 101
END TURN 14
TURN 15
COMMAND LEFT START
MOVE A4 104
TRAIN 1
COMMAND LEFT END
COMMAND RIGHT START
COMMAND RIGHT END
TURN 15 RESULT
TIME LEFT 0 5 RIGHT 0 5
TRAIN A5
MOVE A2 3
MOVE A3 79
MOVE A4 3
MOVE B2 85
MOVE B3 85
MOVE B4 85
MOVE B5 85
MOVE B6 85
MOVE B7 85
MOVE B8 85
END TURN 15
TURN 16
COMMAND LEFT START
TRAIN 1
COMMAND LEFT END
COMMAND RIGHT START
COMMAND RIGHT END
TURN 16 RESULT
TIME LEFT 0 5 RIGHT 0 5
TRAIN A6
MOVE A2 0
MOVE A3 88
MOVE A4 12
MOVE B2 77
MOVE B3 77
MOVE B4 77
MOVE B5 77
MOVE B6 77
MOVE B7 77
MOVE B8 77
END TURN 16
TURN 17
COMMAND LEFT START
COMMAND LEFT END
COMMAND RIGHT START
COMMAND RIGHT END
TURN 17 RESULT
TIME LEFT 0 5 RIGHT 0 5
MOVE A3 104
MOVE A4 29
MOVE B2 58
MOVE B3 58
MOVE B4 58
MOVE B5 58
MOVE B6 58
MOVE B7 58
MOVE B8 58
END TURN 17
TURN 18
COMMAND LEFT START
MOVE A3 0
COMMAND LEFT END
COMMAND RIGHT START
COMMAND RIGHT END
TURN 18 RESULT
TIME LEFT 0 5 RIGHT 0 5
MOVE A3 88
MOVE A4 42
MOVE B2 45
MOVE B3 45
MOVE B4 45
MOVE B5 45
MOVE B6 45
MOVE B7 45
MOVE B8 45
END TURN 18
TURN 19
COMMAND LEFT START
COMMAND LEFT END
COMMAND RIGHT START
COMMAND RIGHT END
TURN 19 RESULT
TIME LEFT 0 5 RIGHT 0 5
MOVE A3 79
MOVE A4 59
MOVE B2 29
MOVE B3 29
MOVE B4 29
MOVE B5 29
MOVE B6 29
MOVE B7 29
MOVE B8 29
END TURN 19
TURN 20
COMMAND LEFT START
COMMAND LEFT END
COMMAND RIGHT START
COMMAND RIGHT END
TURN 20 RESULT
TIME LEFT 0 5 RIGHT 0 5
MOVE A3 59
MOVE A4 79
MOVE B2 12
MOVE B3 12
MOVE B4 12
MOVE B5 12
MOVE B6 12
MOVE B7 12
MOVE B8 12
END TURN 20
TURN 21
COMMAND LEFT START
TRAIN 1
COMMAND LEFT END
COMMAND RIGHT START
COMMAND RIGHT END
TURN 21 RESULT
TIME LEFT 0 5 RIGHT 0 5
TRAIN A7
MOVE A3 42
MOVE A4 88
MOVE B2 3
MOVE B3 3
MOVE B4 3
MOVE B5 3
MOVE B6 3
MOVE B7 3
MOVE B8 3
END TURN 21
TURN 22
COMMAND LEFT START
COMMAND LEFT END
COMMAND RIGHT START
COMMAND RIGHT END
TURN 22 RESULT
TIME LEFT 0 5 RIGHT 0 5
MOVE A3 29
MOVE A4 104
MOVE B2 0
MOVE B3 0
MOVE B4 0
MOVE B5 0
MOVE B6 0
MOVE B7 0
MOVE B8 0
DAMAGE TURRET B2 1
DAMAGE COMBAT A2 4
DAMAGE COMBAT A5 3
DAMAGE COMBAT B2 3
DAMAGE COMBAT B3 1
END TURN 22
TURN 23
COMMAND LEFT START
MOVE A4 0
MOVE A1 0
COMMAND LEFT END
COMMAND RIGHT START
COMMAND RIGHT END
TURN 23 RESULT
TIME LEFT 0 5 RIGHT 0 5
MOVE A1 88
MOVE A3 12
MOVE A4 88
DAMAGE TURRET B3 1
DAMAGE COMBAT A5 1
DAMAGE COMBAT A6 4
DAMAGE COMBAT A7 1
DAMAGE COMBAT B3 2
DAMAGE COMBAT B4 1
END TURN 23
TURN 24
COMMAND LEFT START
COMMAND LEFT END
COMMAND RIGHT START
COMMAND RIGHT END
TURN 24 RESULT
TIME LEFT 0 5 RIGHT 0 5
MOVE A1 79
MOVE A3 3
MOVE A4 79
DAMAGE TURRET B4 1
DAMAGE COMBAT A7 3
DAMAGE COMBAT B4 1
SIEGE A 0 2
END TURN 24
TURN 25
COMMAND LEFT START
COMMAND LEFT END
COMMAND RIGHT START
COMMAND RIGHT END
TURN 25 RESULT
TIME LEFT 0 5 RIGHT 0 5
MOVE A1 59
MOVE A3 0
MOVE A4 59
DAMAGE TURRET B4 1
DAMAGE COMBAT A3 4
DAMAGE COMBAT B5 1
SIEGE A 0 1
END TURN 25
TURN 26
COMMAND LEFT START
COMMAND LEFT END
COMMAND RIGHT START
COMMAND RIGHT END
TURN 26 RESULT
TIME LEFT 0 5 RIGHT 0 5
MOVE A1 42
MOVE A4 42
DAMAGE TURRET B5 1
SIEGE A 0 4
END TURN 26
TURN 27
COMMAND LEFT START
COMMAND LEFT END
COMMAND RIGHT START
COMMAND RIGHT END
TURN 27 RESULT
TIME LEFT 0 5 RIGHT 0 5
MOVE A1 29
MOVE A4 29
DAMAGE TURRET B5 1
SIEGE A 0 3
END TURN 27
RESULT RIGHT_WIN HQ_DESTROYED
