[LEFT ""]
[RIGHT ""]
MAP
239 17
-10875 -10777 -10525 -10314 -10397 -10170 -8915 -8646 -9414 -8449 -8322 -8409 -8167 -8942 -8013 -7919 -7711 -8408 -7498 -7332 -7380 -7081 -8086 -8116 -7087 -7136 -6925 -7965 -6651 -6469 -6469 -6443 -6502 -6437 -6703 -6252 -6931 -6560 -6029 -6008 -5953 -5569 -5593 -5586 -5257 -5419 -5260 -5054 -5040 -5017 -5047 -5040 -4938 -4841 -4914 -5044 -4557 -4407 -4238 -4393 -4635 -4272 -4065 -3914 -3907 -3859 -3858 -3729 -3624 -3584 -3510 -3414 -3225 -3371 -3269 -3070 -2974 -2861 -2872 -2724 -3165 -2664 -2500 -2636 -2500 -2508 -2167 -2235 -2292 -2068 -2003 -2184 -1982 -1917 -1766 -1850 -1596 -1687 -1413 -1418 -1247 -1348 -1353 -1230 -997 -961 -959 -706 -756 -593 -725 -528 -512 -375 -387 -370 -115 -252 -27 0 27 252 115 370 387 375 512 528 725 593 756 706 959 961 997 1230 1353 1348 1247 1418 1413 1687 1596 1850 1766 1917 1982 2184 2003 2068 2292 2235 2167 2508 2500 2636 2500 2664 3165 2724 2872 2861 2974 3070 3269 3371 3225 3414 3510 3584 3624 3729 3858 3859 3907 3914 4065 4272 4635 4393 4238 4407 4557 5044 4914 4841 4938 5040 5047 5017 5040 5054 5260 5419 5257 5586 5593 5569 5953 6008 6029 6560 6931 6252 6703 6437 6502 6443 6469 6469 6651 7965 6925 7136 7087 8116 8086 7081 7380 7332 7498 8408 7711 7919 8013 8942 8167 8409 8322 8449 9414 8646 8915 10170 10397 10314 10525 10777 10875
91 -1566 1859 -2789 4146 -4281 2687 -1098 -5858 1029 -2711 49 3759 5277 -3878 1820 -1303 5940 2830 -11 -4789 -3235 -6790 6673 -2188 4075 1885 7906 714 -761 -4172 3190 5330 -5439 -7112 4381 -8829 8837 6330 1501 -1882 2281 -5656 -3700 5640 3327 4633 -4832 -6437 -1894 7048 929 -2820 -7983 -271 9345 2899 -1315 -3868 3927 -10117 1964 6096 7426 -6966 4885 -5572 983 -2486 3173 -16 -1198 -8314 8529 2117 -4701 -3511 4608 6761 3486 10459 1258 -241 -1567 -7212 -6205 2520 7736 5840 -2301 -3195 -10608 -5428 4148 1429 -8490 -1123 -4314 -7594 4982 3371 283 8192 6712 -3419 -6649 -5125 -8923 1459 11006 -2142 8738 6084 -5844 -1025 2553 7477 4878 -3791 0 3791 -4878 -7477 -2553 1025 5844 -6084 -8738 2142 -11006 -1459 8923 5125 6649 3419 -6712 -8192 -283 -3371 -4982 7594 4314 1123 8490 -1429 -4148 5428 10608 3195 2301 -5840 -7736 -2520 6205 7212 1567 241 -1258 -10459 -3486 -6761 -4608 3511 4701 -2117 -8529 8314 1198 16 -3173 2486 -983 5572 -4885 6966 -7426 -6096 -1964 10117 -3927 3868 1315 -2899 -9345 271 7983 2820 -929 -7048 1894 6437 4832 -4633 -3327 -5640 3700 5656 -2281 1882 -1501 -6330 -8837 8829 -4381 7112 5439 -5330 -3190 4172 761 -714 -7906 -1885 -4075 2188 -6673 6790 3235 4789 11 -2830 -5940 1303 -1820 3878 -5277 -3759 -49 2711 -1029 5858 1098 -2687 4281 -4146 2789 -1859 1566 -91
STRONGHOLDS 7 13 31 39 47 67 87 107 119 131 151 171 191 199 207 225 231
5 1 2 7 9 11
3 0 3 7
4 0 4 6 9
4 1 5 7 10
4 2 6 12 13
4 3 8 10 14
6 2 4 9 12 15 18
6 0 1 3 10 11 16
4 5 14 20 22
7 0 2 6 11 15 19 28
7 3 5 7 14 16 21 24
5 0 7 9 16 19
5 4 6 13 18 25
4 4 12 17 25
6 5 8 10 20 21 30
5 6 9 18 26 28
6 7 10 11 19 24 29
4 13 23 25 32
6 6 12 15 25 26 31
5 9 11 16 28 29
5 8 14 22 30 33
6 10 14 24 30 40 43
5 8 20 33 34 36
4 17 27 32 38
5 10 16 21 29 40
7 12 13 17 18 31 32 35
6 15 18 28 31 39 41
3 23 37 38
8 9 15 19 26 29 39 51 54
6 16 19 24 28 40 54
6 14 20 21 33 43 47
6 18 25 26 35 41 45
7 17 23 25 35 38 44 46
6 20 22 30 34 42 47
6 22 33 36 42 48 53
5 25 31 32 45 46
4 22 34 53 60
4 27 38 50 55
6 23 27 32 37 44 50
4 26 28 41 51
7 21 24 29 43 49 52 54
7 26 31 39 45 51 56 61
4 33 34 47 48
6 21 30 40 47 52 58
6 32 38 46 50 62 65
6 31 35 41 46 56 59
6 32 35 44 45 59 65
7 30 33 42 43 48 58 66
6 34 42 47 53 64 66
5 40 52 54 57 68
6 37 38 44 55 62 63
6 28 39 41 54 61 67
5 40 43 49 58 68
6 34 36 48 60 64 72
8 28 29 40 49 51 57 67 70
5 37 50 63 73 80
5 41 45 59 61 69
5 49 54 68 70 71
7 43 47 52 66 68 75 76
6 45 46 56 65 69 77
4 36 53 72 91
6 41 51 56 67 69 74
6 44 50 63 65 78 88
6 50 55 62 73 78 87
6 48 53 66 72 84 85
6 44 46 59 62 77 88
6 47 48 58 64 75 85
6 51 54 61 70 74 81
8 49 52 57 58 71 76 83 89
6 56 59 61 74 77 79
6 54 57 67 71 81 82
5 57 68 70 82 83
6 53 60 64 84 91 95
5 55 63 80 87 102
6 61 67 69 79 81 86
6 58 66 76 85 92 97
6 58 68 75 89 90 97
7 59 65 69 79 88 93 99
5 62 63 87 88 103
6 69 74 77 86 93 100
5 55 73 102 109 111
7 67 70 74 82 86 94 101
6 70 71 81 83 96 101
5 68 71 82 89 96
6 64 72 85 95 98 105
6 64 66 75 84 92 105
7 74 79 81 94 100 108 115
5 63 73 78 102 103
6 62 65 77 78 99 103
7 68 76 83 90 96 104 110
4 76 89 97 104
5 60 72 95 107 129
5 75 85 97 105 106
4 77 79 99 100
4 81 86 101 108
5 72 84 91 98 107
6 82 83 89 101 110 114
6 75 76 90 92 104 106
5 84 95 105 107 122
7 77 88 93 100 103 112 117
7 79 86 93 99 115 117 120
7 81 82 94 96 108 114 119
6 73 80 87 103 111 116
7 78 87 88 99 102 112 116
7 89 90 97 106 110 118 123
8 84 85 92 98 106 113 122 126
7 92 97 104 105 113 118 121
6 91 95 98 122 127 129
7 86 94 101 115 119 124 128
4 80 111 131 147
6 89 96 104 114 123 130
5 80 102 109 116 131
6 99 103 116 117 125 133
4 105 106 121 126
5 96 101 110 119 130
6 86 100 108 120 128 134
7 102 103 111 112 131 133 140
6 99 100 112 120 125 132
5 104 106 121 123 138
6 101 108 114 124 130 137
5 100 115 117 132 134
6 106 113 118 126 138 139
7 98 105 107 126 127 135 136
6 104 110 118 130 138 152
5 108 119 128 137 142
4 112 117 132 133
6 105 113 121 122 135 139
5 107 122 129 136 158
6 108 115 124 134 142 149
4 91 107 127 158
7 110 114 119 123 137 144 152
6 109 111 116 140 143 147
7 117 120 125 133 134 141 146
8 112 116 125 132 140 146 153 154
7 115 120 128 132 141 148 149
7 122 126 136 139 150 151 160
6 122 127 135 151 158 165
7 119 124 130 142 144 156 157
7 118 121 123 139 145 152 159
7 121 126 135 138 145 150 161
5 116 131 133 143 154
6 132 134 146 148 162 163
6 124 128 137 149 155 156
5 131 140 147 154 166
4 130 137 152 157
4 138 139 159 161
5 132 133 141 153 163
5 109 131 143 166 178
4 134 141 149 162
7 128 134 142 148 155 162 170
6 135 139 160 161 173 176
5 135 136 160 165 175
7 123 130 138 144 157 159 164
6 133 146 154 163 172 174
6 133 140 143 153 166 174
5 142 149 156 167 170
6 137 142 155 157 167 168
7 137 144 152 156 164 168 171
5 127 129 136 165 183
6 138 145 152 161 164 169
5 135 150 151 175 176
7 139 145 150 159 169 173 179
6 141 148 149 163 170 180
6 141 146 153 162 172 180
6 152 157 159 169 171 177
5 136 151 158 175 183
6 143 147 154 174 178 185
5 155 156 168 170 181
6 156 157 167 171 181 184
6 159 161 164 177 179 182
8 149 155 162 167 180 181 186 189
6 157 164 168 177 184 187
6 153 163 174 180 190 191
6 150 161 176 179 192 194
6 153 154 166 172 185 190
6 151 160 165 176 183 188
6 150 160 173 175 188 194
6 164 169 171 182 187 197
4 147 166 185 202
6 161 169 173 182 192 193
7 162 163 170 172 186 191 195
5 167 168 170 184 189
5 169 177 179 193 197
5 158 165 175 188 201
8 168 171 181 187 189 198 209 210
6 166 174 178 190 202 204
5 170 180 189 195 198
6 171 177 184 197 199 210
6 175 176 183 194 200 201
5 170 181 184 186 198
6 172 174 185 191 196 204
7 172 180 190 195 196 205 208
6 173 179 193 194 203 206
6 179 182 192 197 203 207
6 173 176 188 192 200 206
6 180 186 191 198 208 217
4 190 191 204 205
7 177 182 187 193 199 207 212
7 184 186 189 195 209 214 217
4 187 197 210 212
6 188 194 201 206 211 215
4 183 188 200 211
4 178 185 204 216
5 192 193 206 207 213
6 185 190 196 202 205 216
6 191 196 204 208 216 218
7 192 194 200 203 213 215 221
6 193 197 203 212 213 220
6 191 195 205 217 218 224
6 184 198 210 214 219 222
8 184 187 199 209 212 219 223 229
3 200 201 215
6 197 199 207 210 220 223
7 203 206 207 220 221 225 226
5 198 209 217 222 228
4 200 206 211 221
5 202 204 205 218 230
6 195 198 208 214 224 228
5 205 208 216 224 230
5 209 210 222 227 229
6 207 212 213 223 226 232
4 206 213 215 225
6 209 214 219 227 228 231
5 210 212 220 229 232
6 208 217 218 228 230 233
4 213 221 226 234
5 213 220 225 232 234
5 219 222 229 231 238
7 214 217 222 224 231 233 235
7 210 219 223 227 232 236 238
4 216 218 224 233
6 222 227 228 235 237 238
6 220 223 226 229 234 236
4 224 228 230 235
4 225 226 232 236
4 228 231 233 237
4 229 232 234 238
3 231 235 238
5 227 229 231 236 237
END MAP
TURN 1
COMMAND LEFT START
MOVE A1 7
MOVE A2 39
TRAIN 1
COMMAND LEFT END
COMMAND RIGHT START
TRAIN 1
COMMAND RIGHT END
TURN 1 RESULT
TIME LEFT 57 5 RIGHT 0 5
TRAIN A4 B4
MOVE A1 7
MOVE A2 9
END TURN 1
TURN 2
COMMAND LEFT START
MOVE A1 67
UPGRADE 7
COMMAND LEFT END
COMMAND RIGHT START
TRAIN 1
COMMAND RIGHT END
TURN 2 RESULT
TIME LEFT 0 5 RIGHT 0 5
UPGRADE A 7
TRAIN B5
MOVE A1 16
MOVE A2 28
END TURN 2
TURN 3
COMMAND LEFT START
COMMAND LEFT END
COMMAND RIGHT START
TRAIN 1
COMMAND RIGHT END
TURN 3 RESULT
TIME LEFT 0 5 RIGHT 0 5
TRAIN B6
MOVE A1 29
MOVE A2 39
END TURN 3
TURN 4
COMMAND LEFT START
COMMAND LEFT END
COMMAND RIGHT START
TRAIN 1
COMMAND RIGHT END
TURN 4 RESULT
TIME LEFT 0 5 RIGHT 0 5
TRAIN B7
MOVE A1 54
END TURN 4
TURN 5
COMMAND LEFT START
COMMAND LEFT END
COMMAND RIGHT START
TRAIN 1
COMMAND RIGHT END
TURN 5 RESULT
TIME LEFT 0 5 RIGHT 0 5
TRAIN B8
MOVE A1 67
END TURN 5
TURN 6
COMMAND LEFT START
COMMAND LEFT END
COMMAND RIGHT START
MOVE B2 0
MOVE B3 0
MOVE B4 0
MOVE B5 0
MOVE B6 0
MOVE B7 0
MOVE B8 0
COMMAND RIGHT END
TURN 6 RESULT
TIME LEFT 0 5 RIGHT 0 5
MOVE B2 227
MOVE B3 227
MOVE B4 227
MOVE B5 227
MOVE B6 227
MOVE B7 227
MOVE B8 227
END TURN 6
TURN 7
COMMAND LEFT START
COMMAND LEFT END
COMMAND RIGHT START
COMMAND RIGHT END
TURN 7 RESULT
TIME LEFT 0 5 RIGHT 0 5
MOVE B2 219
MOVE B3 219
MOVE B4 219
MOVE B5 219
MOVE B6 219
MOVE B7 219
MOVE B8 219
END TURN 7
TURN 8
COMMAND LEFT START
COMMAND LEFT END
COMMAND RIGHT START
COMMAND RIGHT END
TURN 8 RESULT
TIME LEFT 0 5 RIGHT 0 5
MOVE B2 209
MOVE B3 209
MOVE B4 209
MOVE B5 209
MOVE B6 209
MOVE B7 209
MOVE B8 209
END TURN 8
TURN 9
COMMAND LEFT START
COMMAND LEFT END
COMMAND RIGHT START
COMMAND RIGHT END
TURN 9 RESULT
TIME LEFT 0 5 RIGHT 0 5
MOVE B2 184
MOVE B3 184
MOVE B4 184
MOVE B5 184
MOVE B6 184
MOVE B7 184
MOVE B8 184
END TURN 9
TURN 10
COMMAND LEFT START
COMMAND LEFT END
COMMAND RIGHT START
COMMAND RIGHT END
TURN 10 RESULT
TIME LEFT 0 5 RIGHT 0 5
MOVE B2 168
MOVE B3 168
MOVE B4 168
MOVE B5 168
MOVE B6 168
MOVE B7 168
MOVE B8 168
END TURN 10
TURN 11
COMMAND LEFT START
COMMAND LEFT END
COMMAND RIGHT START
COMMAND RIGHT END
TURN 11 RESULT
TIME LEFT 0 5 RIGHT 0 5
MOVE B2 156
MOVE B3 156
MOVE B4 156
MOVE B5 156
MOVE B6 156
MOVE B7 156
MOVE B8 156
END TURN 11
TURN 12
COMMAND LEFT START
COMMAND LEFT END
COMMAND RIGHT START
COMMAND RIGHT END
TURN 12 RESULT
TIME LEFT 0 5 RIGHT 0 5
MOVE B2 137
MOVE B3 137
MOVE B4 137
MOVE B5 137
MOVE B6 137
MOVE B7 137
MOVE B8 137
END TURN 12
TURN 13
COMMAND LEFT START
COMMAND LEFT END
COMMAND RIGHT START
COMMAND RIGHT END
TURN 13 RESULT
TIME LEFT 0 5 RIGHT 0 5
MOVE B2 119
MOVE B3 119
MOVE B4 119
MOVE B5 119
MOVE B6 119
MOVE B7 119
MOVE B8 119
END TURN 13
TURN 14
COMMAND LEFT START
COMMAND LEFT END
COMMAND RIGHT START
COMMAND RIGHT END
TURN 14 RESULT
TIME LEFT 0 5 RIGHT 0 5
MOVE B2 101
MOVE B3 101
MOVE B4 101
MOVE B5 101
MOVE B6 101
MOVE B7 101
MOVE B8 101
END TURN 14
TURN 15
COMMAND LEFT START
COMMAND LEFT END
COMMAND RIGHT START
COMMAND RIGHT END
TURN 15 RESULT
TIME LEFT 0 5 RIGHT 0 5
MOVE B2 82
MOVE B3 82
MOVE B4 82
MOVE B5 82
MOVE B6 82
MOVE B7 82
MOVE B8 82
END TURN 15
TURN 16
COMMAND LEFT START
COMMAND LEFT END
COMMAND RIGHT START
COMMAND RIGHT END
TURN 16 RESULT
TIME LEFT 0 5 RIGHT 0 5
MOVE B2 70
MOVE B3 70
MOVE B4 70
MOVE B5 70
MOVE B6 70
MOVE B7 70
MOVE B8 70
END TURN 16
TURN 17
COMMAND LEFT START
MOVE A1 0
MOVE A2 0
COMMAND LEFT END
COMMAND RIGHT START
COMMAND RIGHT END
TURN 17 RESULT
TIME LEFT 0 5 RIGHT 0 5
MOVE A1 51
MOVE A2 28
MOVE B2 54
MOVE B3 54
MOVE B4 54
MOVE B5 54
MOVE B6 54
MOVE B7 54
MOVE B8 54
END TURN 17
TURN 18
COMMAND LEFT START
MOVE A4 39
COMMAND LEFT END
COMMAND RIGHT START
COMMAND RIGHT END
TURN 18 RESULT
TIME LEFT 0 5 RIGHT 0 5
MOVE A1 28
MOVE A2 9
MOVE A4 9
MOVE B2 29
MOVE B3 29
MOVE B4 29
MOVE B5 29
MOVE B6 29
MOVE B7 29
MOVE B8 29
END TURN 18
TURN 19
COMMAND LEFT START
COMMAND LEFT END
COMMAND RIGHT START
COMMAND RIGHT END
TURN 19 RESULT
TIME LEFT 0 5 RIGHT 0 5
MOVE A1 9
MOVE A2 0
MOVE A4 28
MOVE B2 19
MOVE B3 19
MOVE B4 19
MOVE B5 19
MOVE B6 19
MOVE B7 19
MOVE B8 19
END TURN 19
TURN 20
COMMAND LEFT START
MOVE A3 67
COMMAND LEFT END
COMMAND RIGHT START
COMMAND RIGHT END
TURN 20 RESULT
TIME LEFT 0 5 RIGHT 0 5
MOVE A1 0
MOVE A3 9
MOVE A4 39
MOVE B2 11
MOVE B3 11
MOVE B4 11
MOVE B5 11
MOVE B6 11
MOVE B7 11
MOVE B8 11
END TURN 20
TURN 21
COMMAND LEFT START
MOVE A4 0
COMMAND LEFT END
COMMAND RIGHT START
COMMAND RIGHT END
TURN 21 RESULT
TIME LEFT 0 5 RIGHT 0 5
MOVE A3 28
MOVE A4 28
MOVE B2 0
MOVE B3 0
MOVE B4 0
MOVE B5 0
MOVE B6 0
MOVE B7 0
MOVE B8 0
DAMAGE TURRET B2 1
DAMAGE COMBAT A1 4
DAMAGE COMBAT A2 3
DAMAGE COMBAT B2 2
END TURN 21
TURN 22
COMMAND LEFT START
COMMAND LEFT END
COMMAND RIGHT START
COMMAND RIGHT END
TURN 22 RESULT
TIME LEFT 0 5 RIGHT 0 5
MOVE A3 51
MOVE A4 9
DAMAGE TURRET B2 1
DAMAGE COMBAT A2 1
DAMAGE COMBAT B3 1
SIEGE A 0 6
END TURN 22
TURN 23
COMMAND LEFT START
COMMAND LEFT END
COMMAND RIGHT START
COMMAND RIGHT END
TURN 23 RESULT
TIME LEFT 0 5 RIGHT 0 5
MOVE A3 67
MOVE A4 0
DAMAGE TURRET B3 1
DAMAGE COMBAT A4 4
DAMAGE COMBAT B3 1
SIEGE A 0 2
END TURN 23
TURN 24
COMMAND LEFT START
MOVE A3 39
COMMAND LEFT END
COMMAND RIGHT START
COMMAND RIGHT END
TURN 24 RESULT
TIME LEFT 0 5 RIGHT 0 5
MOVE A3 51
DAMAGE TURRET B3 1
SIEGE A 0 2
END TURN 24
RESULT RIGHT_WIN HQ_DESTROYED
