[LEFT ""]
[RIGHT ""]
MAP
211 17
-11053 -10901 -10841 -10444 -9346 -8795 -8962 -9932 -9646 -8213 -8313 -8139 -7913 -7872 -8459 -8099 -7524 -7504 -8615 -7287 -7086 -7885 -7013 -6395 -6854 -6623 -6625 -6643 -6530 -5968 -7271 -6274 -6123 -5870 -5741 -5622 -5816 -5636 -6257 -5698 -5548 -5312 -5292 -5053 -5011 -4859 -4813 -5218 -4667 -4573 -4407 -4232 -4135 -4207 -4247 -4049 -4228 -3982 -3702 -3688 -3896 -3390 -3415 -3379 -3276 -3389 -3818 -2925 -2921 -2996 -3307 -2712 -2554 -2516 -2408 -2437 -2149 -2467 -2534 -2105 -2049 -2082 -2263 -1964 -1594 -1787 -1768 -1387 -1236 -1272 -1272 -1075 -1135 -1212 -989 -1034 -819 -731 -652 -588 -508 -83 -94 -233 -274 0 274 233 94 83 508 588 652 731 819 1034 989 1212 1135 1075 1272 1272 1236 1387 1768 1787 1594 1964 2263 2082 2049 2105 2534 2467 2149 2437 2408 2516 2554 2712 3307 2996 2921 2925 3818 3389 3276 3379 3415 3390 3896 3688 3702 3982 4228 4049 4247 4207 4135 4232 4407 4573 4667 5218 4813 4859 5011 5053 5292 5312 5548 5698 6257 5636 5816 5622 5741 5870 6123 6274 7271 5968 6530 6643 6625 6623 6854 6395 7013 7885 7086 7287 8615 7504 7524 8099 8459 7872 7913 8139 8313 8213 9646 9932 8962 8795 9346 10444 10841 10901 11053
16 1697 -2163 3190 -3121 1495 -672 -5120 4410 2227 -1506 388 -4377 -2673 -6407 4769 3306 -842 6598 1883 -5128 -7923 -2207 -1416 -3787 4795 6417 74 3476 -2736 8599 1885 -5479 2793 6756 -4284 -6520 4645 -8471 882 9265 3614 -717 5738 2500 -5468 1327 -9427 -7161 6699 4597 -6444 3154 -3210 8299 1988 -917 593 6940 -4841 -9028 -6255 3730 5005 -7549 -1262 10053 1750 231 8011 -10167 6086 7187 2921 -1391 4030 -6177 -4649 -2510 5206 -7511 8345 10722 -353 -8591 1213 -3693 4526 3288 6874 9072 163 -4919 -11038 7974 -2695 -1470 1884 10390 5307 -7290 -3151 -4209 -8493 -6104 0 6104 8493 4209 3151 7290 -5307 -10390 -1884 1470 2695 -7974 11038 4919 -163 -9072 -6874 -3288 -4526 3693 -1213 8591 353 -10722 -8345 7511 -5206 2510 4649 6177 -4030 1391 -2921 -7187 -6086 10167 -8011 -231 -1750 -10053 1262 7549 -5005 -3730 6255 9028 4841 -6940 -593 917 -1988 -8299 3210 -3154 6444 -4597 -6699 7161 9427 -1327 5468 -2500 -5738 717 -3614 -9265 -882 8471 -4645 6520 4284 -6756 -2793 5479 -1885 -8599 2736 -3476 -74 -6417 -4795 3787 1416 2207 7923 5128 -1883 -6598 842 -3306 -4769 6407 2673 4377 -388 1506 -2227 -4410 5120 672 -1495 3121 -3190 2163 -1697 -16
STRONGHOLDS 1 2 9 17 20 31 80 95 105 115 130 179 190 193 201 208 209
4 1 2 5 6
3 0 3 5
5 0 4 6 7 10
4 1 5 8 9
5 2 7 10 12 13
7 0 1 3 6 9 11 19
6 0 2 5 10 11 17
4 2 4 12 14
5 3 9 15 16 18
5 3 5 8 16 19
6 2 4 6 13 17 22
5 5 6 17 19 27
6 4 7 13 14 20 24
5 4 10 12 22 24
5 7 12 20 21 36
5 8 16 18 25 26
6 8 9 15 19 25 28
6 6 10 11 22 23 27
4 8 15 26 30
7 5 9 11 16 27 28 31
6 12 14 24 32 35 36
3 14 36 38
6 10 13 17 23 24 29
5 17 22 27 29 42
6 12 13 20 22 29 35
6 15 16 26 28 37 43
6 15 18 25 30 34 43
7 11 17 19 23 31 39 42
7 16 19 25 31 33 37 41
7 22 23 24 35 42 53 56
4 18 26 34 40
7 19 27 28 33 39 44 46
4 20 35 36 45
4 28 31 41 44
6 26 30 40 43 49 54
7 20 24 29 32 45 53 59
8 14 20 21 32 38 45 48 51
5 25 28 41 43 50
4 21 36 47 48
5 27 31 42 46 57
4 30 34 54 66
6 28 33 37 44 50 52
6 23 27 29 39 56 57
7 25 26 34 37 49 50 63
6 31 33 41 46 52 55
5 32 35 36 51 59
5 31 39 44 55 57
4 38 48 60 70
6 36 38 47 51 60 64
5 34 43 54 58 63
6 37 41 43 52 62 63
6 36 45 48 59 61 64
6 41 44 50 55 62 73
7 29 35 56 59 65 77 78
6 34 40 49 58 66 69
6 44 46 52 57 67 73
6 29 42 53 57 65 68
7 39 42 46 55 56 67 68
6 49 54 63 69 71 72
6 35 45 51 53 61 77
5 47 48 64 70 84
5 51 59 64 76 77
5 50 52 63 73 75
8 43 49 50 58 62 71 75 79
7 48 51 60 61 76 80 84
5 53 56 68 74 78
5 40 54 69 81 82
5 55 57 68 73 85
7 56 57 65 67 74 83 85
5 54 58 66 72 81
4 47 60 84 93
5 58 63 72 79 89
5 58 69 71 81 89
8 52 55 62 67 75 85 88 97
6 65 68 78 83 95 96
6 62 63 73 79 87 88
7 61 64 77 80 92 100 104
7 53 59 61 76 78 86 92
6 53 65 74 77 86 95
6 63 71 75 87 89 99
4 64 76 84 100
7 66 69 72 82 89 90 94
4 66 81 90 98
5 68 74 85 91 96
7 60 64 70 80 93 100 103
6 67 68 73 83 91 97
6 77 78 92 95 101 102
5 75 79 88 99 108
6 73 75 87 97 108 109
8 71 72 79 81 94 99 106 110
5 81 82 94 98 107
5 83 85 96 97 105
6 76 77 86 102 104 111
4 70 84 103 112
5 81 89 90 107 110
5 74 78 86 96 101
7 74 83 91 95 101 105 113
7 73 85 88 91 105 109 114
4 82 90 107 117
6 79 87 89 106 108 118
7 76 80 84 103 104 116 121
6 86 95 96 102 113 122
6 86 92 101 111 122 123
6 84 93 100 112 116 120
5 76 92 100 111 121
6 91 96 97 113 114 119
5 89 99 110 118 134
6 90 94 98 110 117 126
6 87 88 99 109 118 124
6 88 97 108 114 115 124
7 89 94 106 107 126 130 134
6 92 102 104 121 123 131
4 93 103 120 128
7 96 101 105 119 122 125 137
7 97 105 109 115 119 127 136
5 109 114 124 132 136
5 100 103 120 121 129
4 98 107 126 140
6 99 106 108 124 133 134
5 105 113 114 125 127
5 103 112 116 128 129
8 100 104 111 116 129 131 138 139
6 101 102 113 123 135 137
5 102 111 122 131 135
6 108 109 115 118 132 133
6 113 119 127 137 142 143
7 107 110 117 130 140 146 150
5 114 119 125 136 142
4 112 120 129 144
7 116 120 121 128 138 141 144
4 110 126 134 146
6 111 121 123 135 139 147
6 115 124 133 136 145 157
7 118 124 132 134 149 151 157
7 106 110 118 130 133 146 149
6 122 123 131 137 147 148
6 114 115 127 132 142 145
8 113 122 125 135 143 148 155 158
5 121 129 139 141 152
5 121 131 138 147 152
4 117 126 150 163
5 129 138 144 152 156
7 125 127 136 143 145 153 154
5 125 137 142 153 155
5 128 129 141 156 170
5 132 136 142 154 157
7 126 130 134 149 150 159 162
8 131 135 139 148 152 160 161 167
5 135 137 147 158 160
5 133 134 146 151 159
5 126 140 146 162 163
6 133 149 157 159 165 175
6 138 139 141 147 156 161
7 142 143 154 155 164 168 171
6 142 145 153 157 168 181
6 137 143 153 158 164 166
6 141 144 152 161 170 176
7 132 133 145 151 154 175 181
6 137 148 155 160 166 169
6 146 149 151 162 165 174
6 147 148 158 167 169 173
5 147 152 156 167 176
6 146 150 159 163 172 174
4 140 150 162 172
5 153 155 166 171 179
5 151 159 174 175 178
6 155 158 164 169 177 179
7 147 160 161 173 176 184 185
6 153 154 171 181 183 187
6 158 160 166 173 177 182
4 144 156 176 180
5 153 164 168 179 183
4 162 163 174 189
5 160 167 169 182 185
8 159 162 165 172 178 189 190 196
7 151 157 165 178 181 186 190
6 156 161 167 170 180 184
4 166 169 179 182
4 165 174 175 190
7 164 166 171 177 182 183 191
4 170 176 184 192
7 154 157 168 175 186 187 188
7 169 173 177 179 185 191 194
7 168 171 179 187 191 193 199
6 167 176 180 185 192 195
6 167 173 182 184 194 195
6 175 181 188 190 197 198
5 168 181 183 188 193
6 181 186 187 193 197 200
3 172 174 196
6 174 175 178 186 196 198
7 179 182 183 194 199 201 205
4 180 184 195 202
6 183 187 188 199 200 204
6 182 185 191 195 201 202
5 184 185 192 194 202
5 174 189 190 198 203
5 186 188 198 200 206
6 186 190 196 197 203 206
5 183 191 193 204 205
6 188 193 197 204 206 208
5 191 194 202 205 207
5 192 194 195 201 207
4 196 198 206 208
6 193 199 200 205 208 210
7 191 199 201 204 207 209 210
5 197 198 200 203 208
4 201 202 205 209
5 200 203 204 206 210
3 205 207 210
4 204 205 208 209
END MAP
TURN 1
COMMAND LEFT START
TRAIN 1
COMMAND LEFT END
COMMAND RIGHT START
MOVE B1 209
MOVE B2 105
COMMAND RIGHT END
TURN 1 RESULT
TIME LEFT 6 5 RIGHT 1 5
TRAIN A4
MOVE B1 209
MOVE B2 204
END TURN 1
TURN 2
COMMAND LEFT START
TRAIN 1
COMMAND LEFT END
COMMAND RIGHT START
UPGRADE 209
COMMAND RIGHT END
TURN 2 RESULT
TIME LEFT 0 5 RIGHT 0 5
UPGRADE B 209
TRAIN A5
MOVE B2 193
END TURN 2
TURN 3
COMMAND LEFT START
TRAIN 1
COMMAND LEFT END
COMMAND RIGHT START
COMMAND RIGHT END
TURN 3 RESULT
TIME LEFT 0 5 RIGHT 0 5
TRAIN A6
MOVE B2 183
END TURN 3
TURN 4
COMMAND LEFT START
TRAIN 1
COMMAND LEFT END
COMMAND RIGHT START
COMMAND RIGHT END
TURN 4 RESULT
TIME LEFT 0 5 RIGHT 0 5
TRAIN A7
MOVE B2 171
END TURN 4
TURN 5
COMMAND LEFT START
TRAIN 1
COMMAND LEFT END
COMMAND RIGHT START
COMMAND RIGHT END
TURN 5 RESULT
TIME LEFT 0 5 RIGHT 0 5
TRAIN A8
MOVE B2 153
END TURN 5
TURN 6
COMMAND LEFT START
MOVE A2 210
MOVE A3 210
MOVE A4 210
MOVE A5 210
MOVE A6 210
MOVE A7 210
MOVE A8 210
COMMAND LEFT END
COMMAND RIGHT START
COMMAND RIGHT END
TURN 6 RESULT
TIME LEFT 0 5 RIGHT 0 5
MOVE A2 5
MOVE A3 5
MOVE A4 5
MOVE A5 5
MOVE A6 5
MOVE A7 5
MOVE A8 5
MOVE B2 142
END TURN 6
TURN 7
COMMAND LEFT START
COMMAND LEFT END
COMMAND RIGHT START
COMMAND RIGHT END
TURN 7 RESULT
TIME LEFT 0 5 RIGHT 0 5
MOVE A2 19
MOVE A3 19
MOVE A4 19
MOVE A5 19
MOVE A6 19
MOVE A7 19
MOVE A8 19
MOVE B2 127
END TURN 7
TURN 8
COMMAND LEFT START
COMMAND LEFT END
COMMAND RIGHT START
COMMAND RIGHT END
TURN 8 RESULT
TIME LEFT 0 5 RIGHT 0 5
MOVE A2 31
MOVE A3 31
MOVE A4 31
MOVE A5 31
MOVE A6 31
MOVE A7 31
MOVE A8 31
MOVE B2 119
END TURN 8
TURN 9
COMMAND LEFT START
COMMAND LEFT END
COMMAND RIGHT START
COMMAND RIGHT END
TURN 9 RESULT
TIME LEFT 0 5 RIGHT 0 5
MOVE A2 44
MOVE A3 44
MOVE A4 44
MOVE A5 44
MOVE A6 44
MOVE A7 44
MOVE A8 44
MOVE B2 105
END TURN 9
TURN 10
COMMAND LEFT START
COMMAND LEFT END
COMMAND RIGHT START
COMMAND RIGHT END
TURN 10 RESULT
TIME LEFT 0 5 RIGHT 0 5
MOVE A2 55
MOVE A3 55
MOVE A4 55
MOVE A5 55
MOVE A6 55
MOVE A7 55
MOVE A8 55
END TURN 10
TURN 11
COMMAND LEFT START
COMMAND LEFT END
COMMAND RIGHT START
COMMAND RIGHT END
TURN 11 RESULT
TIME LEFT 0 5 RIGHT 0 5
MOVE A2 67
MOVE A3 67
MOVE A4 67
MOVE A5 67
MOVE A6 67
MOVE A7 67
MOVE A8 67
END TURN 11
TURN 12
COMMAND LEFT START
COMMAND LEFT END
COMMAND RIGHT START
COMMAND RIGHT END
TURN 12 RESULT
TIME LEFT 0 5 RIGHT 0 5
MOVE A2 85
MOVE A3 85
MOVE A4 85
MOVE A5 85
MOVE A6 85
MOVE A7 85
MOVE A8 85
END TURN 12
TURN 13
COMMAND LEFT START
COMMAND LEFT END
COMMAND RIGHT START
TRAIN 1
COMMAND RIGHT END
TURN 13 RESULT
TIME LEFT 0 5 RIGHT 0 5
TRAIN B4
MOVE A2 97
MOVE A3 97
MOVE A4 97
MOVE A5 97
MOVE A6 97
MOVE A7 97
MOVE A8 97
END TURN 13
TURN 14
COMMAND LEFT START
COMMAND LEFT END
COMMAND RIGHT START
TRAIN 1
COMMAND RIGHT END
TURN 14 RESULT
TIME LEFT 0 5 RIGHT 0 5
TRAIN B5
MOVE A2 114
MOVE A3 114
MOVE A4 114
MOVE A5 114
MOVE A6 114
MOVE A7 114
MOVE A8 114
END TURN 14
TURN 15
COMMAND LEFT START
COMMAND LEFT END
COMMAND RIGHT START
TRAIN 1
COMMAND RIGHT END
TURN 15 RESULT
TIME LEFT 0 5 RIGHT 0 5
TRAIN B6
MOVE A2 136
MOVE A3 136
MOVE A4 136
MOVE A5 136
MOVE A6 136
MOVE A7 136
MOVE A8 136
END TURN 15
TURN 16
COMMAND LEFT START
COMMAND LEFT END
COMMAND RIGHT START
TRAIN 1
COMMAND RIGHT END
TURN 16 RESULT
TIME LEFT 0 5 RIGHT 0 5
TRAIN B7
MOVE A2 145
MOVE A3 145
MOVE A4 145
MOVE A5 145
MOVE A6 145
MOVE A7 145
MOVE A8 145
END TURN 16
TURN 17
COMMAND LEFT START
COMMAND LEFT END
COMMAND RIGHT START
COMMAND RIGHT END
TURN 17 RESULT
TIME LEFT 0 5 RIGHT 0 5
MOVE A2 154
MOVE A3 154
MOVE A4 154
MOVE A5 154
MOVE A6 154
MOVE A7 154
MOVE A8 154
END TURN 17
TURN 18
COMMAND LEFT START
COMMAND LEFT END
COMMAND RIGHT START
COMMAND RIGHT END
TURN 18 RESULT
TIME LEFT 0 5 RIGHT 0 5
MOVE A2 168
MOVE A3 168
MOVE A4 168
MOVE A5 168
MOVE A6 168
MOVE A7 168
MOVE A8 168
END TURN 18
TURN 19
COMMAND LEFT START
COMMAND LEFT END
COMMAND RIGHT START
COMMAND RIGHT END
TURN 19 RESULT
TIME LEFT 0 5 RIGHT 0 5
MOVE A2 187
MOVE A3 187
MOVE A4 187
MOVE A5 187
MOVE A6 187
MOVE A7 187
MOVE A8 187
END TURN 19
TURN 20
COMMAND LEFT START
COMMAND LEFT END
COMMAND RIGHT START
COMMAND RIGHT END
TURN 20 RESULT
TIME LEFT 0 5 RIGHT 0 5
MOVE A2 193
MOVE A3 193
MOVE A4 193
MOVE A5 193
MOVE A6 193
MOVE A7 193
MOVE A8 193
END TURN 20
TURN 21
COMMAND LEFT START
COMMAND LEFT END
COMMAND RIGHT START
COMMAND RIGHT END
TURN 21 RESULT
TIME LEFT 0 5 RIGHT 0 5
MOVE A2 204
MOVE A3 204
MOVE A4 204
MOVE A5 204
MOVE A6 204
MOVE A7 204
MOVE A8 204
END TURN 21
TURN 22
COMMAND LEFT START
COMMAND LEFT END
COMMAND RIGHT START
MOVE B1 210
TRAIN 1
COMMAND RIGHT END
TURN 22 RESULT
TIME LEFT 0 5 RIGHT 0 5
TRAIN B8
MOVE A2 210
MOVE A3 210
MOVE A4 210
MOVE A5 210
MOVE A6 210
MOVE A7 210
MOVE A8 210
MOVE B1 210
DAMAGE TURRET A2 1
DAMAGE COMBAT A2 3
DAMAGE COMBAT A3 4
DAMAGE COMBAT B1 4
DAMAGE COMBAT B3 3
END TURN 22
TURN 23
COMMAND LEFT START
COMMAND LEFT END
COMMAND RIGHT START
COMMAND RIGHT END
TURN 23 RESULT
TIME LEFT 0 5 RIGHT 0 5
DAMAGE TURRET A4 1
DAMAGE COMBAT A4 3
DAMAGE COMBAT A5 3
DAMAGE COMBAT B3 1
DAMAGE COMBAT B4 4
END TURN 23
TURN 24
COMMAND LEFT START
COMMAND LEFT END
COMMAND RIGHT START
COMMAND RIGHT END
TURN 24 RESULT
TIME LEFT 0 5 RIGHT 0 5
DAMAGE TURRET A5 1
DAMAGE COMBAT A6 4
DAMAGE COMBAT B5 4
END TURN 24
TURN 25
COMMAND LEFT START
COMMAND LEFT END
COMMAND RIGHT START
COMMAND RIGHT END
TURN 25 RESULT
TIME LEFT 0 5 RIGHT 0 5
DAMAGE TURRET A7 1
DAMAGE COMBAT A7 3
DAMAGE COMBAT B6 2
END TURN 25
TURN 26
COMMAND LEFT START
COMMAND LEFT END
COMMAND RIGHT START
COMMAND RIGHT END
TURN 26 RESULT
TIME LEFT 0 5 RIGHT 0 5
DAMAGE TURRET A8 1
DAMAGE COMBAT A8 3
DAMAGE COMBAT B6 1
END TURN 26
TURN 27
COMMAND LEFT START
COMMAND LEFT END
COMMAND RIGHT START
COMMAND RIGHT END
TURN 27 RESULT
TIME LEFT 0 5 RIGHT 0 5
END TURN 27
TURN 28
COMMAND LEFT START
COMMAND LEFT END
COMMAND RIGHT START
COMMAND RIGHT END
TURN 28 RESULT
TIME LEFT 0 5 RIGHT 0 5
END TURN 28
TURN 29
COMMAND LEFT START
COMMAND LEFT END
COMMAND RIGHT START
COMMAND RIGHT END
TURN 29 RESULT
TIME LEFT 0 5 RIGHT 0 5
END TURN 29
TURN 30
COMMAND LEFT START
COMMAND LEFT END
COMMAND RIGHT START
COMMAND RIGHT END
TURN 30 RESULT
TIME LEFT 0 5 RIGHT 0 5
END TURN 30
TURN 31
COMMAND LEFT START
COMMAND LEFT END
COMMAND RIGHT START
MOVE B6 209
COMMAND RIGHT END
TURN 31 RESULT
TIME LEFT 0 5 RIGHT 0 5
MOVE B6 209
END TURN 31
TURN 32
COMMAND LEFT START
COMMAND LEFT END
COMMAND RIGHT START
COMMAND RIGHT END
TURN 32 RESULT
TIME LEFT 0 5 RIGHT 0 5
END TURN 32
TURN 33
COMMAND LEFT START
COMMAND LEFT END
COMMAND RIGHT START
COMMAND RIGHT END
TURN 33 RESULT
TIME LEFT 0 5 RIGHT 0 5
END TURN 33
TURN 34
COMMAND LEFT START
COMMAND LEFT END
COMMAND RIGHT START
COMMAND RIGHT END
TURN 34 RESULT
TIME LEFT 0 5 RIGHT 0 5
END TURN 34
TURN 35
COMMAND LEFT START
COMMAND LEFT END
COMMAND RIGHT START
COMMAND RIGHT END
TURN 35 RESULT
TIME LEFT 0 5 RIGHT 0 5
END TURN 35
TURN 36
COMMAND LEFT START
COMMAND LEFT END
COMMAND RIGHT START
COMMAND RIGHT END
TURN 36 RESULT
TIME LEFT 0 5 RIGHT 0 5
END TURN 36
TURN 37
COMMAND LEFT START
COMMAND LEFT END
COMMAND RIGHT START
COMMAND RIGHT END
TURN 37 RESULT
TIME LEFT 0 5 RIGHT 0 5
END TURN 37
TURN 38
COMMAND LEFT START
COMMAND LEFT END
COMMAND RIGHT START
COMMAND RIGHT END
TURN 38 RESULT
TIME LEFT 0 5 RIGHT 0 5
END TURN 38
TURN 39
COMMAND LEFT START
COMMAND LEFT END
COMMAND RIGHT START
COMMAND RIGHT END
TURN 39 RESULT
TIME LEFT 0 5 RIGHT 0 5
END TURN 39
TURN 40
COMMAND LEFT START
COMMAND LEFT END
COMMAND RIGHT START
COMMAND RIGHT END
TURN 40 RESULT
TIME LEFT 0 5 RIGHT 0 5
END TURN 40
TURN 41
COMMAND LEFT START
COMMAND LEFT END
COMMAND RIGHT START
COMMAND RIGHT END
TURN 41 RESULT
TIME LEFT 0 5 RIGHT 0 5
END TURN 41
TURN 42
COMMAND LEFT START
COMMAND LEFT END
COMMAND RIGHT START
COMMAND RIGHT END
TURN 42 RESULT
TIME LEFT 0 5 RIGHT 0 5
END TURN 42
TURN 43
COMMAND LEFT START
COMMAND LEFT END
COMMAND RIGHT START
COMMAND RIGHT END
TURN 43 RESULT
TIME LEFT 0 5 RIGHT 0 5
END TURN 43
TURN 44
COMMAND LEFT START
COMMAND LEFT END
COMMAND RIGHT START
COMMAND RIGHT END
TURN 44 RESULT
TIME LEFT 0 5 RIGHT 0 5
END TURN 44
TURN 45
COMMAND LEFT START
COMMAND LEFT END
COMMAND RIGHT START
COMMAND RIGHT END
TURN 45 RESULT
TIME LEFT 0 5 RIGHT 0 5
END TURN 45
TURN 46
COMMAND LEFT START
COMMAND LEFT END
COMMAND RIGHT START
COMMAND RIGHT END
TURN 46 RESULT
TIME LEFT 0 5 RIGHT 0 5
END TURN 46
TURN 47
COMMAND LEFT START
COMMAND LEFT END
COMMAND RIGHT START
COMMAND RIGHT END
TURN 47 RESULT
TIME LEFT 0 5 RIGHT 0 5
END TURN 47
TURN 48
COMMAND LEFT START
COMMAND LEFT END
COMMAND RIGHT START
COMMAND RIGHT END
TURN 48 RESULT
TIME LEFT 0 5 RIGHT 0 5
END TURN 48
TURN 49
COMMAND LEFT START
COMMAND LEFT END
COMMAND RIGHT START
UPGRADE 105
COMMAND RIGHT END
TURN 49 RESULT
TIME LEFT 0 5 RIGHT 0 5
UPGRADE B 105
END TURN 49
TURN 50
COMMAND LEFT START
COMMAND LEFT END
COMMAND RIGHT START
COMMAND RIGHT END
TURN 50 RESULT
TIME LEFT 0 5 RIGHT 0 5
END TURN 50
TURN 51
COMMAND LEFT START
COMMAND LEFT END
COMMAND RIGHT START
COMMAND RIGHT END
TURN 51 RESULT
TIME LEFT 0 5 RIGHT 0 5
END TURN 51
TURN 52
COMMAND LEFT START
COMMAND LEFT END
COMMAND RIGHT START
COMMAND RIGHT END
TURN 52 RESULT
TIME LEFT 0 5 RIGHT 0 5
END TURN 52
TURN 53
COMMAND LEFT START
COMMAND LEFT END
COMMAND RIGHT START
COMMAND RIGHT END
TURN 53 RESULT
TIME LEFT 0 5 RIGHT 0 5
END TURN 53
TURN 54
COMMAND LEFT START
COMMAND LEFT END
COMMAND RIGHT START
COMMAND RIGHT END
TURN 54 RESULT
TIME LEFT 0 5 RIGHT 0 5
END TURN 54
TURN 55
COMMAND LEFT START
COMMAND LEFT END
COMMAND RIGHT START
COMMAND RIGHT END
TURN 55 RESULT
TIME LEFT 0 5 RIGHT 0 5
END TURN 55
TURN 56
COMMAND LEFT START
COMMAND LEFT END
COMMAND RIGHT START
COMMAND RIGHT END
TURN 56 RESULT
TIME LEFT 0 5 RIGHT 0 5
END TURN 56
TURN 57
COMMAND LEFT START
COMMAND LEFT END
COMMAND RIGHT START
COMMAND RIGHT END
TURN 57 RESULT
TIME LEFT 0 5 RIGHT 0 5
END TURN 57
TURN 58
COMMAND LEFT START
COMMAND LEFT END
COMMAND RIGHT START
COMMAND RIGHT END
TURN 58 RESULT
TIME LEFT 0 5 RIGHT 0 5
END TURN 58
TURN 59
COMMAND LEFT START
COMMAND LEFT END
COMMAND RIGHT START
COMMAND RIGHT END
TURN 59 RESULT
TIME LEFT 0 5 RIGHT 0 5
END TURN 59
TURN 60
COMMAND LEFT START
COMMAND LEFT END
COMMAND RIGHT START
COMMAND RIGHT END
TURN 60 RESULT
TIME LEFT 0 5 RIGHT 0 5
END TURN 60
TURN 61
COMMAND LEFT START
COMMAND LEFT END
COMMAND RIGHT START
COMMAND RIGHT END
TURN 61 RESULT
TIME LEFT 0 5 RIGHT 0 5
END TURN 61
TURN 62
COMMAND LEFT START
COMMAND LEFT END
COMMAND RIGHT START
COMMAND RIGHT END
TURN 62 RESULT
TIME LEFT 0 5 RIGHT 0 5
END TURN 62
TURN 63
COMMAND LEFT START
COMMAND LEFT END
COMMAND RIGHT START
COMMAND RIGHT END
TURN 63 RESULT
TIME LEFT 0 5 RIGHT 0 5
END TURN 63
TURN 64
COMMAND LEFT START
COMMAND LEFT END
COMMAND RIGHT START
COMMAND RIGHT END
TURN 64 RESULT
TIME LEFT 0 5 RIGHT 0 5
END TURN 64
TURN 65
COMMAND LEFT START
COMMAND LEFT END
COMMAND RIGHT START
UPGRADE 210
COMMAND RIGHT END
TURN 65 RESULT
TIME LEFT 0 5 RIGHT 0 5
UPGRADE B 210
END TURN 65
TURN 66
COMMAND LEFT START
COMMAND LEFT END
COMMAND RIGHT START
COMMAND RIGHT END
TURN 66 RESULT
TIME LEFT 0 5 RIGHT 0 5
END TURN 66
TURN 67
COMMAND LEFT START
COMMAND LEFT END
COMMAND RIGHT START
COMMAND RIGHT END
TURN 67 RESULT
TIME LEFT 0 5 RIGHT 0 5
END TURN 67
TURN 68
COMMAND LEFT START
COMMAND LEFT END
COMMAND RIGHT START
COMMAND RIGHT END
TURN 68 RESULT
TIME LEFT 0 5 RIGHT 0 5
END TURN 68
TURN 69
COMMAND LEFT START
COMMAND LEFT END
COMMAND RIGHT START
COMMAND RIGHT END
TURN 69 RESULT
TIME LEFT 0 5 RIGHT 0 5
END TURN 69
TURN 70
COMMAND LEFT START
COMMAND LEFT END
COMMAND RIGHT START
COMMAND RIGHT END
TURN 70 RESULT
TIME LEFT 0 5 RIGHT 0 5
END TURN 70
TURN 71
COMMAND LEFT START
COMMAND LEFT END
COMMAND RIGHT START
COMMAND RIGHT END
TURN 71 RESULT
TIME LEFT 0 5 RIGHT 0 5
END TURN 71
TURN 72
COMMAND LEFT START
COMMAND LEFT END
COMMAND RIGHT START
COMMAND RIGHT END
TURN 72 RESULT
TIME LEFT 0 5 RIGHT 0 5
END TURN 72
TURN 73
COMMAND LEFT START
COMMAND LEFT END
COMMAND RIGHT START
COMMAND RIGHT END
TURN 73 RESULT
TIME LEFT 0 5 RIGHT 0 5
END TURN 73
TURN 74
COMMAND LEFT START
COMMAND LEFT END
COMMAND RIGHT START
COMMAND RIGHT END
TURN 74 RESULT
TIME LEFT 0 5 RIGHT 0 5
END TURN 74
TURN 75
COMMAND LEFT START
COMMAND LEFT END
COMMAND RIGHT START
COMMAND RIGHT END
TURN 75 RESULT
TIME LEFT 0 5 RIGHT 0 5
END TURN 75
TURN 76
COMMAND LEFT START
COMMAND LEFT END
COMMAND RIGHT START
UPGRADE 209
COMMAND RIGHT END
TURN 76 RESULT
TIME LEFT 0 5 RIGHT 0 5
UPGRADE B 209
END TURN 76
TURN 77
COMMAND LEFT START
COMMAND LEFT END
COMMAND RIGHT START
COMMAND RIGHT END
TURN 77 RESULT
TIME LEFT 0 5 RIGHT 0 5
END TURN 77
TURN 78
COMMAND LEFT START
COMMAND LEFT END
COMMAND RIGHT START
TRAIN 1
COMMAND RIGHT END
TURN 78 RESULT
TIME LEFT 0 5 RIGHT 0 5
TRAIN B9
END TURN 78
TURN 79
COMMAND LEFT START
COMMAND LEFT END
COMMAND RIGHT START
MOVE B7 209
COMMAND RIGHT END
TURN 79 RESULT
TIME LEFT 0 5 RIGHT 0 5
MOVE B7 209
END TURN 79
TURN 80
COMMAND LEFT START
COMMAND LEFT END
COMMAND RIGHT START
COMMAND RIGHT END
TURN 80 RESULT
TIME LEFT 0 5 RIGHT 0 5
END TURN 80
TURN 81
COMMAND LEFT START
COMMAND LEFT END
COMMAND RIGHT START
COMMAND RIGHT END
TURN 81 RESULT
TIME LEFT 0 5 RIGHT 0 5
END TURN 81
TURN 82
COMMAND LEFT START
COMMAND LEFT END
COMMAND RIGHT START
COMMAND RIGHT END
TURN 82 RESULT
TIME LEFT 0 5 RIGHT 0 5
END TURN 82
TURN 83
COMMAND LEFT START
COMMAND LEFT END
COMMAND RIGHT START
COMMAND RIGHT END
TURN 83 RESULT
TIME LEFT 0 5 RIGHT 0 5
END TURN 83
TURN 84
COMMAND LEFT START
COMMAND LEFT END
COMMAND RIGHT START
COMMAND RIGHT END
TURN 84 RESULT
TIME LEFT 0 5 RIGHT 0 5
END TURN 84
TURN 85
COMMAND LEFT START
COMMAND LEFT END
COMMAND RIGHT START
COMMAND RIGHT END
TURN 85 RESULT
TIME LEFT 0 5 RIGHT 0 5
END TURN 85
TURN 86
COMMAND LEFT START
COMMAND LEFT END
COMMAND RIGHT START
COMMAND RIGHT END
TURN 86 RESULT
TIME LEFT 0 5 RIGHT 0 5
END TURN 86
TURN 87
COMMAND LEFT START
COMMAND LEFT END
COMMAND RIGHT START
UPGRADE 105
COMMAND RIGHT END
TURN 87 RESULT
TIME LEFT 0 5 RIGHT 0 5
UPGRADE B 105
END TURN 87
TURN 88
COMMAND LEFT START
COMMAND LEFT END
COMMAND RIGHT START
COMMAND RIGHT END
TURN 88 RESULT
TIME LEFT 0 5 RIGHT 0 5
END TURN 88
TURN 89
COMMAND LEFT START
COMMAND LEFT END
COMMAND RIGHT START
TRAIN 1
COMMAND RIGHT END
TURN 89 RESULT
TIME LEFT 0 5 RIGHT 0 5
TRAIN B10
END TURN 89
TURN 90
COMMAND LEFT START
COMMAND LEFT END
COMMAND RIGHT START
MOVE B8 105
COMMAND RIGHT END
TURN 90 RESULT
TIME LEFT 0 5 RIGHT 0 5
MOVE B8 204
END TURN 90
TURN 91
COMMAND LEFT START
COMMAND LEFT END
COMMAND RIGHT START
COMMAND RIGHT END
TURN 91 RESULT
TIME LEFT 0 5 RIGHT 0 5
MOVE B8 193
END TURN 91
TURN 92
COMMAND LEFT START
COMMAND LEFT END
COMMAND RIGHT START
COMMAND RIGHT END
TURN 92 RESULT
TIME LEFT 0 5 RIGHT 0 5
MOVE B8 183
END TURN 92
TURN 93
COMMAND LEFT START
COMMAND LEFT END
COMMAND RIGHT START
COMMAND RIGHT END
TURN 93 RESULT
TIME LEFT 0 5 RIGHT 0 5
MOVE B8 171
END TURN 93
TURN 94
COMMAND LEFT START
COMMAND LEFT END
COMMAND RIGHT START
COMMAND RIGHT END
TURN 94 RESULT
TIME LEFT 0 5 RIGHT 0 5
MOVE B8 153
END TURN 94
TURN 95
COMMAND LEFT START
COMMAND LEFT END
COMMAND RIGHT START
COMMAND RIGHT END
TURN 95 RESULT
TIME LEFT 0 5 RIGHT 0 5
MOVE B8 142
END TURN 95
TURN 96
COMMAND LEFT START
COMMAND LEFT END
COMMAND RIGHT START
COMMAND RIGHT END
TURN 96 RESULT
TIME LEFT 0 5 RIGHT 0 5
MOVE B8 127
END TURN 96
TURN 97
COMMAND LEFT START
COMMAND LEFT END
COMMAND RIGHT START
COMMAND RIGHT END
TURN 97 RESULT
TIME LEFT 0 5 RIGHT 0 5
MOVE B8 119
END TURN 97
TURN 98
COMMAND LEFT START
COMMAND LEFT END
COMMAND RIGHT START
UPGRADE 209
COMMAND RIGHT END
TURN 98 RESULT
TIME LEFT 0 5 RIGHT 0 5
UPGRADE B 209
MOVE B8 105
END TURN 98
TURN 99
COMMAND LEFT START
COMMAND LEFT END
COMMAND RIGHT START
COMMAND RIGHT END
TURN 99 RESULT
TIME LEFT 0 5 RIGHT 0 5
END TURN 99
TURN 100
COMMAND LEFT START
COMMAND LEFT END
COMMAND RIGHT START
TRAIN 1
COMMAND RIGHT END
TURN 100 RESULT
TIME LEFT 0 5 RIGHT 0 5
TRAIN B11
END TURN 100
TURN 101
COMMAND LEFT START
COMMAND LEFT END
COMMAND RIGHT START
MOVE B9 209
COMMAND RIGHT END
TURN 101 RESULT
TIME LEFT 0 5 RIGHT 0 5
MOVE B9 209
END TURN 101
TURN 102
COMMAND LEFT START
COMMAND LEFT END
COMMAND RIGHT START
COMMAND RIGHT END
TURN 102 RESULT
TIME LEFT 0 5 RIGHT 0 5
END TURN 102
TURN 103
COMMAND LEFT START
COMMAND LEFT END
COMMAND RIGHT START
COMMAND RIGHT END
TURN 103 RESULT
TIME LEFT 0 5 RIGHT 0 5
END TURN 103
TURN 104
COMMAND LEFT START
COMMAND LEFT END
COMMAND RIGHT START
COMMAND RIGHT END
TURN 104 RESULT
TIME LEFT 0 5 RIGHT 0 5
END TURN 104
TURN 105
COMMAND LEFT START
COMMAND LEFT END
COMMAND RIGHT START
COMMAND RIGHT END
TURN 105 RESULT
TIME LEFT 0 5 RIGHT 0 5
END TURN 105
TURN 106
COMMAND LEFT START
COMMAND LEFT END
COMMAND RIGHT START
COMMAND RIGHT END
TURN 106 RESULT
TIME LEFT 0 5 RIGHT 0 5
END TURN 106
TURN 107
COMMAND LEFT START
COMMAND LEFT END
COMMAND RIGHT START
COMMAND RIGHT END
TURN 107 RESULT
TIME LEFT 0 5 RIGHT 0 5
END TURN 107
TURN 108
COMMAND LEFT START
COMMAND LEFT END
COMMAND RIGHT START
COMMAND RIGHT END
TURN 108 RESULT
TIME LEFT 0 5 RIGHT 0 5
END TURN 108
TURN 109
COMMAND LEFT START
COMMAND LEFT END
COMMAND RIGHT START
COMMAND RIGHT END
TURN 109 RESULT
TIME LEFT 0 5 RIGHT 0 5
END TURN 109
TURN 110
COMMAND LEFT START
COMMAND LEFT END
COMMAND RIGHT START
COMMAND RIGHT END
TURN 110 RESULT
TIME LEFT 0 5 RIGHT 0 5
END TURN 110
TURN 111
COMMAND LEFT START
COMMAND LEFT END
COMMAND RIGHT START
UPGRADE 210
COMMAND RIGHT END
TURN 111 RESULT
TIME LEFT 0 5 RIGHT 0 5
UPGRADE B 210
END TURN 111
TURN 112
COMMAND LEFT START
COMMAND LEFT END
COMMAND RIGHT START
COMMAND RIGHT END
TURN 112 RESULT
TIME LEFT 0 5 RIGHT 0 5
END TURN 112
TURN 113
COMMAND LEFT START
COMMAND LEFT END
COMMAND RIGHT START
TRAIN 1
COMMAND RIGHT END
TURN 113 RESULT
TIME LEFT 0 5 RIGHT 0 5
TRAIN B12
END TURN 113
TURN 114
COMMAND LEFT START
COMMAND LEFT END
COMMAND RIGHT START
COMMAND RIGHT END
TURN 114 RESULT
TIME LEFT 0 5 RIGHT 0 5
END TURN 114
TURN 115
COMMAND LEFT START
COMMAND LEFT END
COMMAND RIGHT START
COMMAND RIGHT END
TURN 115 RESULT
TIME LEFT 0 5 RIGHT 0 5
END TURN 115
TURN 116
COMMAND LEFT START
COMMAND LEFT END
COMMAND RIGHT START
COMMAND RIGHT END
TURN 116 RESULT
TIME LEFT 0 5 RIGHT 0 5
END TURN 116
TURN 117
COMMAND LEFT START
COMMAND LEFT END
COMMAND RIGHT START
COMMAND RIGHT END
TURN 117 RESULT
TIME LEFT 0 5 RIGHT 0 5
END TURN 117
TURN 118
COMMAND LEFT START
COMMAND LEFT END
COMMAND RIGHT START
UPGRADE 105
COMMAND RIGHT END
TURN 118 RESULT
TIME LEFT 0 5 RIGHT 0 5
UPGRADE B 105
END TURN 118
TURN 119
COMMAND LEFT START
COMMAND LEFT END
COMMAND RIGHT START
COMMAND RIGHT END
TURN 119 RESULT
TIME LEFT 0 5 RIGHT 0 5
END TURN 119
TURN 120
COMMAND LEFT START
COMMAND LEFT END
COMMAND RIGHT START
TRAIN 1
COMMAND RIGHT END
TURN 120 RESULT
TIME LEFT 0 5 RIGHT 0 5
TRAIN B13
END TURN 120
TURN 121
COMMAND LEFT START
COMMAND LEFT END
COMMAND RIGHT START
MOVE B10 105
COMMAND RIGHT END
TURN 121 RESULT
TIME LEFT 0 5 RIGHT 0 5
MOVE B10 204
END TURN 121
TURN 122
COMMAND LEFT START
COMMAND LEFT END
COMMAND RIGHT START
COMMAND RIGHT END
TURN 122 RESULT
TIME LEFT 0 5 RIGHT 0 5
MOVE B10 193
END TURN 122
TURN 123
COMMAND LEFT START
COMMAND LEFT END
COMMAND RIGHT START
COMMAND RIGHT END
TURN 123 RESULT
TIME LEFT 0 5 RIGHT 0 5
MOVE B10 183
END TURN 123
TURN 124
COMMAND LEFT START
COMMAND LEFT END
COMMAND RIGHT START
COMMAND RIGHT END
TURN 124 RESULT
TIME LEFT 0 5 RIGHT 0 5
MOVE B10 171
END TURN 124
TURN 125
COMMAND LEFT START
COMMAND LEFT END
COMMAND RIGHT START
COMMAND RIGHT END
TURN 125 RESULT
TIME LEFT 0 5 RIGHT 0 5
MOVE B10 153
END TURN 125
TURN 126
COMMAND LEFT START
COMMAND LEFT END
COMMAND RIGHT START
TRAIN 1
COMMAND RIGHT END
TURN 126 RESULT
TIME LEFT 0 5 RIGHT 0 5
TRAIN B14
MOVE B10 142
END TURN 126
TURN 127
COMMAND LEFT START
COMMAND LEFT END
COMMAND RIGHT START
MOVE B14 105
TRAIN 1
COMMAND RIGHT END
TURN 127 RESULT
TIME LEFT 0 5 RIGHT 0 5
TRAIN B15
MOVE B10 127
MOVE B14 204
END TURN 127
TURN 128
COMMAND LEFT START
COMMAND LEFT END
COMMAND RIGHT START
MOVE B15 105
TRAIN 1
COMMAND RIGHT END
TURN 128 RESULT
TIME LEFT 0 5 RIGHT 0 5
TRAIN B16
MOVE B10 119
MOVE B14 193
MOVE B15 204
END TURN 128
TURN 129
COMMAND LEFT START
COMMAND LEFT END
COMMAND RIGHT START
MOVE B16 105
TRAIN 1
COMMAND RIGHT END
TURN 129 RESULT
TIME LEFT 0 5 RIGHT 0 5
TRAIN B17
MOVE B10 105
MOVE B14 183
MOVE B15 193
MOVE B16 204
END TURN 129
TURN 130
COMMAND LEFT START
COMMAND LEFT END
COMMAND RIGHT START
MOVE B17 105
TRAIN 1
COMMAND RIGHT END
TURN 130 RESULT
TIME LEFT 0 5 RIGHT 0 5
TRAIN B18
MOVE B14 171
MOVE B15 183
MOVE B16 193
MOVE B17 204
END TURN 130
TURN 131
COMMAND LEFT START
COMMAND LEFT END
COMMAND RIGHT START
MOVE B18 105
COMMAND RIGHT END
TURN 131 RESULT
TIME LEFT 0 5 RIGHT 0 5
MOVE B14 153
MOVE B15 171
MOVE B16 183
MOVE B17 193
MOVE B18 204
END TURN 131
TURN 132
COMMAND LEFT START
COMMAND LEFT END
COMMAND RIGHT START
TRAIN 1
COMMAND RIGHT END
TURN 132 RESULT
TIME LEFT 0 5 RIGHT 0 5
TRAIN B19
MOVE B14 142
MOVE B15 153
MOVE B16 171
MOVE B17 183
MOVE B18 193
END TURN 132
TURN 133
COMMAND LEFT START
COMMAND LEFT END
COMMAND RIGHT START
MOVE B19 105
TRAIN 1
COMMAND RIGHT END
TURN 133 RESULT
TIME LEFT 0 5 RIGHT 0 5
TRAIN B20
MOVE B14 127
MOVE B15 142
MOVE B16 153
MOVE B17 171
MOVE B18 183
MOVE B19 204
END TURN 133
TURN 134
COMMAND LEFT START
COMMAND LEFT END
COMMAND RIGHT START
MOVE B20 105
TRAIN 1
COMMAND RIGHT END
TURN 134 RESULT
TIME LEFT 0 5 RIGHT 0 5
TRAIN B21
MOVE B14 119
MOVE B15 127
MOVE B16 142
MOVE B17 153
MOVE B18 171
MOVE B19 193
MOVE B20 204
END TURN 134
TURN 135
COMMAND LEFT START
COMMAND LEFT END
COMMAND RIGHT START
MOVE B21 105
TRAIN 1
COMMAND RIGHT END
TURN 135 RESULT
TIME LEFT 0 5 RIGHT 0 5
TRAIN B22
MOVE B14 105
MOVE B15 119
MOVE B16 127
MOVE B17 142
MOVE B18 153
MOVE B19 183
MOVE B20 193
MOVE B21 204
END TURN 135
TURN 136
COMMAND LEFT START
COMMAND LEFT END
COMMAND RIGHT START
MOVE B22 105
TRAIN 1
COMMAND RIGHT END
TURN 136 RESULT
TIME LEFT 0 5 RIGHT 0 5
TRAIN B23
MOVE B15 105
MOVE B16 119
MOVE B17 127
MOVE B18 142
MOVE B19 171
MOVE B20 183
MOVE B21 193
MOVE B22 204
END TURN 136
TURN 137
COMMAND LEFT START
COMMAND LEFT END
COMMAND RIGHT START
MOVE B15 208
MOVE B23 105
COMMAND RIGHT END
TURN 137 RESULT
TIME LEFT 0 5 RIGHT 0 5
MOVE B15 119
MOVE B16 105
MOVE B17 119
MOVE B18 127
MOVE B19 153
MOVE B20 171
MOVE B21 183
MOVE B22 193
MOVE B23 204
END TURN 137
TURN 138
COMMAND LEFT START
COMMAND LEFT END
COMMAND RIGHT START
TRAIN 1
COMMAND RIGHT END
TURN 138 RESULT
TIME LEFT 0 5 RIGHT 0 5
TRAIN B24
MOVE B15 127
MOVE B17 105
MOVE B18 119
MOVE B19 142
MOVE B20 153
MOVE B21 171
MOVE B22 183
MOVE B23 193
END TURN 138
TURN 139
COMMAND LEFT START
COMMAND LEFT END
COMMAND RIGHT START
MOVE B24 105
TRAIN 1
COMMAND RIGHT END
TURN 139 RESULT
TIME LEFT 0 5 RIGHT 0 5
TRAIN B25
MOVE B15 142
MOVE B18 105
MOVE B19 127
MOVE B20 142
MOVE B21 153
MOVE B22 171
MOVE B23 183
MOVE B24 204
END TURN 139
TURN 140
COMMAND LEFT START
COMMAND LEFT END
COMMAND RIGHT START
TRAIN 1
COMMAND RIGHT END
TURN 140 RESULT
TIME LEFT 0 5 RIGHT 0 5
TRAIN B26
MOVE B15 153
MOVE B19 119
MOVE B20 127
MOVE B21 142
MOVE B22 153
MOVE B23 171
MOVE B24 193
END TURN 140
TURN 141
COMMAND LEFT START
COMMAND LEFT END
COMMAND RIGHT START
TRAIN 1
COMMAND RIGHT END
TURN 141 RESULT
TIME LEFT 0 5 RIGHT 0 5
TRAIN B27
MOVE B15 171
MOVE B19 105
MOVE B20 119
MOVE B21 127
MOVE B22 142
MOVE B23 153
MOVE B24 183
END TURN 141
TURN 142
COMMAND LEFT START
COMMAND LEFT END
COMMAND RIGHT START
COMMAND RIGHT END
TURN 142 RESULT
TIME LEFT 0 5 RIGHT 0 5
MOVE B15 183
MOVE B20 105
MOVE B21 119
MOVE B22 127
MOVE B23 142
MOVE B24 171
END TURN 142
TURN 143
COMMAND LEFT START
COMMAND LEFT END
COMMAND RIGHT START
TRAIN 1
COMMAND RIGHT END
TURN 143 RESULT
TIME LEFT 0 5 RIGHT 0 5
TRAIN B28
MOVE B15 193
MOVE B21 105
MOVE B22 119
MOVE B23 127
MOVE B24 153
END TURN 143
TURN 144
COMMAND LEFT START
COMMAND LEFT END
COMMAND RIGHT START
TRAIN 1
COMMAND RIGHT END
TURN 144 RESULT
TIME LEFT 0 5 RIGHT 0 5
TRAIN B29
MOVE B15 200
MOVE B22 105
MOVE B23 119
MOVE B24 142
END TURN 144
TURN 145
COMMAND LEFT START
COMMAND LEFT END
COMMAND RIGHT START
COMMAND RIGHT END
TURN 145 RESULT
TIME LEFT 0 5 RIGHT 0 5
MOVE B15 208
MOVE B23 105
MOVE B24 127
END TURN 145
TURN 146
COMMAND LEFT START
COMMAND LEFT END
COMMAND RIGHT START
UPGRADE 208
COMMAND RIGHT END
TURN 146 RESULT
TIME LEFT 0 5 RIGHT 0 5
UPGRADE B 208
MOVE B24 119
END TURN 146
TURN 147
COMMAND LEFT START
COMMAND LEFT END
COMMAND RIGHT START
COMMAND RIGHT END
TURN 147 RESULT
TIME LEFT 0 5 RIGHT 0 5
MOVE B24 105
END TURN 147
TURN 148
COMMAND LEFT START
COMMAND LEFT END
COMMAND RIGHT START
COMMAND RIGHT END
TURN 148 RESULT
TIME LEFT 0 5 RIGHT 0 5
END TURN 148
TURN 149
COMMAND LEFT START
COMMAND LEFT END
COMMAND RIGHT START
MOVE B29 201
COMMAND RIGHT END
TURN 149 RESULT
TIME LEFT 0 5 RIGHT 0 5
MOVE B29 205
END TURN 149
TURN 150
COMMAND LEFT START
COMMAND LEFT END
COMMAND RIGHT START
UPGRADE 208
COMMAND RIGHT END
TURN 150 RESULT
TIME LEFT 0 5 RIGHT 0 5
UPGRADE B 208
MOVE B29 201
END TURN 150
TURN 151
COMMAND LEFT START
COMMAND LEFT END
COMMAND RIGHT START
MOVE B11 208
COMMAND RIGHT END
TURN 151 RESULT
TIME LEFT 0 5 RIGHT 0 5
MOVE B11 208
END TURN 151
TURN 152
COMMAND LEFT START
COMMAND LEFT END
COMMAND RIGHT START
COMMAND RIGHT END
TURN 152 RESULT
TIME LEFT 0 5 RIGHT 0 5
END TURN 152
TURN 153
COMMAND LEFT START
COMMAND LEFT END
COMMAND RIGHT START
COMMAND RIGHT END
TURN 153 RESULT
TIME LEFT 0 5 RIGHT 0 5
END TURN 153
TURN 154
COMMAND LEFT START
COMMAND LEFT END
COMMAND RIGHT START
COMMAND RIGHT END
TURN 154 RESULT
TIME LEFT 0 5 RIGHT 0 5
END TURN 154
TURN 155
COMMAND LEFT START
COMMAND LEFT END
COMMAND RIGHT START
UPGRADE 201
COMMAND RIGHT END
TURN 155 RESULT
TIME LEFT 0 5 RIGHT 0 5
UPGRADE B 201
END TURN 155
TURN 156
COMMAND LEFT START
COMMAND LEFT END
COMMAND RIGHT START
COMMAND RIGHT END
TURN 156 RESULT
TIME LEFT 0 5 RIGHT 0 5
END TURN 156
TURN 157
COMMAND LEFT START
COMMAND LEFT END
COMMAND RIGHT START
COMMAND RIGHT END
TURN 157 RESULT
TIME LEFT 0 5 RIGHT 0 5
END TURN 157
TURN 158
COMMAND LEFT START
COMMAND LEFT END
COMMAND RIGHT START
COMMAND RIGHT END
TURN 158 RESULT
TIME LEFT 0 5 RIGHT 0 5
END TURN 158
TURN 159
COMMAND LEFT START
COMMAND LEFT END
COMMAND RIGHT START
MOVE B28 193
COMMAND RIGHT END
TURN 159 RESULT
TIME LEFT 0 5 RIGHT 0 5
MOVE B28 204
END TURN 159
TURN 160
COMMAND LEFT START
COMMAND LEFT END
COMMAND RIGHT START
UPGRADE 201
COMMAND RIGHT END
TURN 160 RESULT
TIME LEFT 0 5 RIGHT 0 5
UPGRADE B 201
MOVE B28 193
END TURN 160
TURN 161
COMMAND LEFT START
COMMAND LEFT END
COMMAND RIGHT START
MOVE B12 201
COMMAND RIGHT END
TURN 161 RESULT
TIME LEFT 0 5 RIGHT 0 5
MOVE B12 205
END TURN 161
TURN 162
COMMAND LEFT START
COMMAND LEFT END
COMMAND RIGHT START
COMMAND RIGHT END
TURN 162 RESULT
TIME LEFT 0 5 RIGHT 0 5
MOVE B12 201
END TURN 162
TURN 163
COMMAND LEFT START
COMMAND LEFT END
COMMAND RIGHT START
UPGRADE 193
COMMAND RIGHT END
TURN 163 RESULT
TIME LEFT 0 5 RIGHT 0 5
UPGRADE B 193
END TURN 163
TURN 164
COMMAND LEFT START
COMMAND LEFT END
COMMAND RIGHT START
COMMAND RIGHT END
TURN 164 RESULT
TIME LEFT 0 5 RIGHT 0 5
END TURN 164
TURN 165
COMMAND LEFT START
COMMAND LEFT END
COMMAND RIGHT START
COMMAND RIGHT END
TURN 165 RESULT
TIME LEFT 0 5 RIGHT 0 5
END TURN 165
TURN 166
COMMAND LEFT START
COMMAND LEFT END
COMMAND RIGHT START
MOVE B24 179
COMMAND RIGHT END
TURN 166 RESULT
TIME LEFT 0 5 RIGHT 0 5
MOVE B24 119
END TURN 166
TURN 167
COMMAND LEFT START
COMMAND LEFT END
COMMAND RIGHT START
MOVE B27 105
UPGRADE 193
COMMAND RIGHT END
TURN 167 RESULT
TIME LEFT 0 5 RIGHT 0 5
UPGRADE B 193
MOVE B24 127
MOVE B27 204
END TURN 167
TURN 168
COMMAND LEFT START
COMMAND LEFT END
COMMAND RIGHT START
MOVE B2 193
COMMAND RIGHT END
TURN 168 RESULT
TIME LEFT 0 5 RIGHT 0 5
MOVE B2 119
MOVE B24 142
MOVE B27 193
END TURN 168
TURN 169
COMMAND LEFT START
COMMAND LEFT END
COMMAND RIGHT START
COMMAND RIGHT END
TURN 169 RESULT
TIME LEFT 0 5 RIGHT 0 5
MOVE B2 127
MOVE B24 153
MOVE B27 183
END TURN 169
TURN 170
COMMAND LEFT START
COMMAND LEFT END
COMMAND RIGHT START
UPGRADE 208
COMMAND RIGHT END
TURN 170 RESULT
TIME LEFT 0 5 RIGHT 0 5
UPGRADE B 208
MOVE B2 142
MOVE B24 164
MOVE B27 171
END TURN 170
TURN 171
COMMAND LEFT START
COMMAND LEFT END
COMMAND RIGHT START
MOVE B8 208
COMMAND RIGHT END
TURN 171 RESULT
TIME LEFT 0 5 RIGHT 0 5
MOVE B2 153
MOVE B8 119
MOVE B24 179
MOVE B27 153
END TURN 171
TURN 172
COMMAND LEFT START
COMMAND LEFT END
COMMAND RIGHT START
COMMAND RIGHT END
TURN 172 RESULT
TIME LEFT 0 5 RIGHT 0 5
MOVE B2 171
MOVE B8 127
MOVE B27 142
END TURN 172
TURN 173
COMMAND LEFT START
COMMAND LEFT END
COMMAND RIGHT START
UPGRADE 179
COMMAND RIGHT END
TURN 173 RESULT
TIME LEFT 0 5 RIGHT 0 5
UPGRADE B 179
MOVE B2 183
MOVE B8 142
MOVE B27 127
END TURN 173
TURN 174
COMMAND LEFT START
COMMAND LEFT END
COMMAND RIGHT START
COMMAND RIGHT END
TURN 174 RESULT
TIME LEFT 0 5 RIGHT 0 5
MOVE B2 193
MOVE B8 153
MOVE B27 119
END TURN 174
TURN 175
COMMAND LEFT START
COMMAND LEFT END
COMMAND RIGHT START
COMMAND RIGHT END
TURN 175 RESULT
TIME LEFT 0 5 RIGHT 0 5
MOVE B8 171
MOVE B27 105
END TURN 175
TURN 176
COMMAND LEFT START
COMMAND LEFT END
COMMAND RIGHT START
MOVE B27 190
COMMAND RIGHT END
TURN 176 RESULT
TIME LEFT 0 5 RIGHT 0 5
MOVE B8 183
MOVE B27 119
END TURN 176
TURN 177
COMMAND LEFT START
COMMAND LEFT END
COMMAND RIGHT START
UPGRADE 179
COMMAND RIGHT END
TURN 177 RESULT
TIME LEFT 0 5 RIGHT 0 5
UPGRADE B 179
MOVE B8 193
MOVE B27 127
END TURN 177
TURN 178
COMMAND LEFT START
COMMAND LEFT END
COMMAND RIGHT START
MOVE B10 179
COMMAND RIGHT END
TURN 178 RESULT
TIME LEFT 0 5 RIGHT 0 5
MOVE B8 200
MOVE B10 119
MOVE B27 136
END TURN 178
TURN 179
COMMAND LEFT START
COMMAND LEFT END
COMMAND RIGHT START
UPGRADE 201
COMMAND RIGHT END
TURN 179 RESULT
TIME LEFT 0 5 RIGHT 0 5
UPGRADE B 201
MOVE B8 208
MOVE B10 127
MOVE B27 132
END TURN 179
TURN 180
COMMAND LEFT START
COMMAND LEFT END
COMMAND RIGHT START
MOVE B14 201
COMMAND RIGHT END
TURN 180 RESULT
TIME LEFT 0 5 RIGHT 0 5
MOVE B10 142
MOVE B14 119
MOVE B27 157
END TURN 180
TURN 181
COMMAND LEFT START
COMMAND LEFT END
COMMAND RIGHT START
COMMAND RIGHT END
TURN 181 RESULT
TIME LEFT 0 5 RIGHT 0 5
MOVE B10 153
MOVE B14 127
MOVE B27 175
END TURN 181
TURN 182
COMMAND LEFT START
COMMAND LEFT END
COMMAND RIGHT START
UPGRADE 193
COMMAND RIGHT END
TURN 182 RESULT
TIME LEFT 0 5 RIGHT 0 5
UPGRADE B 193
MOVE B10 164
MOVE B14 142
MOVE B27 190
END TURN 182
TURN 183
COMMAND LEFT START
COMMAND LEFT END
COMMAND RIGHT START
MOVE B16 193
COMMAND RIGHT END
TURN 183 RESULT
TIME LEFT 0 5 RIGHT 0 5
MOVE B10 179
MOVE B14 153
MOVE B16 119
END TURN 183
TURN 184
COMMAND LEFT START
COMMAND LEFT END
COMMAND RIGHT START
COMMAND RIGHT END
TURN 184 RESULT
TIME LEFT 0 5 RIGHT 0 5
MOVE B14 164
MOVE B16 127
END TURN 184
TURN 185
COMMAND LEFT START
COMMAND LEFT END
COMMAND RIGHT START
UPGRADE 190
COMMAND RIGHT END
TURN 185 RESULT
TIME LEFT 0 5 RIGHT 0 5
UPGRADE B 190
MOVE B14 179
MOVE B16 142
END TURN 185
TURN 186
COMMAND LEFT START
COMMAND LEFT END
COMMAND RIGHT START
COMMAND RIGHT END
TURN 186 RESULT
TIME LEFT 0 5 RIGHT 0 5
MOVE B14 191
MOVE B16 153
END TURN 186
TURN 187
COMMAND LEFT START
COMMAND LEFT END
COMMAND RIGHT START
MOVE B23 115
COMMAND RIGHT END
TURN 187 RESULT
TIME LEFT 0 5 RIGHT 0 5
MOVE B14 201
MOVE B16 171
MOVE B23 114
END TURN 187
TURN 188
COMMAND LEFT START
COMMAND LEFT END
COMMAND RIGHT START
COMMAND RIGHT END
TURN 188 RESULT
TIME LEFT 0 5 RIGHT 0 5
MOVE B16 183
MOVE B23 115
END TURN 188
TURN 189
COMMAND LEFT START
COMMAND LEFT END
COMMAND RIGHT START
COMMAND RIGHT END
TURN 189 RESULT
TIME LEFT 0 5 RIGHT 0 5
MOVE B16 193
END TURN 189
TURN 190
COMMAND LEFT START
COMMAND LEFT END
COMMAND RIGHT START
COMMAND RIGHT END
TURN 190 RESULT
TIME LEFT 0 5 RIGHT 0 5
END TURN 190
TURN 191
COMMAND LEFT START
COMMAND LEFT END
COMMAND RIGHT START
COMMAND RIGHT END
TURN 191 RESULT
TIME LEFT 0 5 RIGHT 0 5
END TURN 191
TURN 192
COMMAND LEFT START
COMMAND LEFT END
COMMAND RIGHT START
COMMAND RIGHT END
TURN 192 RESULT
TIME LEFT 0 5 RIGHT 0 5
END TURN 192
TURN 193
COMMAND LEFT START
COMMAND LEFT END
COMMAND RIGHT START
MOVE B17 210
UPGRADE 210
COMMAND RIGHT END
TURN 193 RESULT
TIME LEFT 0 5 RIGHT 0 5
UPGRADE B 210
MOVE B17 119
END TURN 193
TURN 194
COMMAND LEFT START
COMMAND LEFT END
COMMAND RIGHT START
COMMAND RIGHT END
TURN 194 RESULT
TIME LEFT 0 5 RIGHT 0 5
MOVE B17 127
END TURN 194
TURN 195
COMMAND LEFT START
COMMAND LEFT END
COMMAND RIGHT START
UPGRADE 115
COMMAND RIGHT END
TURN 195 RESULT
TIME LEFT 0 5 RIGHT 0 5
UPGRADE B 115
MOVE B17 142
END TURN 195
TURN 196
COMMAND LEFT START
COMMAND LEFT END
COMMAND RIGHT START
MOVE B22 130
COMMAND RIGHT END
TURN 196 RESULT
TIME LEFT 0 5 RIGHT 0 5
MOVE B17 153
MOVE B22 114
END TURN 196
TURN 197
COMMAND LEFT START
COMMAND LEFT END
COMMAND RIGHT START
UPGRADE 190
COMMAND RIGHT END
TURN 197 RESULT
TIME LEFT 0 5 RIGHT 0 5
UPGRADE B 190
MOVE B17 171
MOVE B22 115
END TURN 197
TURN 198
COMMAND LEFT START
COMMAND LEFT END
COMMAND RIGHT START
MOVE B18 190
COMMAND RIGHT END
TURN 198 RESULT
TIME LEFT 0 5 RIGHT 0 5
MOVE B17 183
MOVE B18 119
MOVE B22 124
END TURN 198
TURN 199
COMMAND LEFT START
COMMAND LEFT END
COMMAND RIGHT START
UPGRADE 115
COMMAND RIGHT END
TURN 199 RESULT
TIME LEFT 0 5 RIGHT 0 5
UPGRADE B 115
MOVE B17 193
MOVE B18 127
MOVE B22 133
END TURN 199
TURN 200
COMMAND LEFT START
COMMAND LEFT END
COMMAND RIGHT START
TRAIN 1
COMMAND RIGHT END
TURN 200 RESULT
TIME LEFT 0 5 RIGHT 0 5
TRAIN B30
MOVE B17 204
MOVE B18 136
MOVE B22 134
END TURN 200
TURN 201
COMMAND LEFT START
COMMAND LEFT END
COMMAND RIGHT START
TRAIN 1
COMMAND RIGHT END
TURN 201 RESULT
TIME LEFT 0 5 RIGHT 0 5
TRAIN B31
MOVE B17 210
MOVE B18 132
MOVE B22 130
END TURN 201
TURN 202
COMMAND LEFT START
COMMAND LEFT END
COMMAND RIGHT START
MOVE B13 115
MOVE B31 105
UPGRADE 130
COMMAND RIGHT END
TURN 202 RESULT
TIME LEFT 0 5 RIGHT 0 5
UPGRADE B 130
MOVE B13 204
MOVE B18 157
MOVE B31 204
END TURN 202
TURN 203
COMMAND LEFT START
COMMAND LEFT END
COMMAND RIGHT START
UPGRADE 130
COMMAND RIGHT END
TURN 203 RESULT
TIME LEFT 0 5 RIGHT 0 5
UPGRADE B 130
MOVE B13 200
MOVE B18 175
MOVE B31 193
END TURN 203
TURN 204
COMMAND LEFT START
COMMAND LEFT END
COMMAND RIGHT START
TRAIN 1
COMMAND RIGHT END
TURN 204 RESULT
TIME LEFT 0 5 RIGHT 0 5
TRAIN B32
MOVE B13 188
MOVE B18 190
MOVE B31 183
END TURN 204
TURN 205
COMMAND LEFT START
COMMAND LEFT END
COMMAND RIGHT START
MOVE B17 130
UPGRADE 190
COMMAND RIGHT END
TURN 205 RESULT
TIME LEFT 0 5 RIGHT 0 5
UPGRADE B 190
MOVE B13 181
MOVE B17 204
MOVE B31 171
END TURN 205
TURN 206
COMMAND LEFT START
COMMAND LEFT END
COMMAND RIGHT START
TRAIN 1
COMMAND RIGHT END
TURN 206 RESULT
TIME LEFT 0 5 RIGHT 0 5
TRAIN B33
MOVE B13 157
MOVE B17 200
MOVE B31 153
END TURN 206
TURN 207
COMMAND LEFT START
COMMAND LEFT END
COMMAND RIGHT START
MOVE B25 190
COMMAND RIGHT END
TURN 207 RESULT
TIME LEFT 0 5 RIGHT 0 5
MOVE B13 132
MOVE B17 197
MOVE B25 208
MOVE B31 142
END TURN 207
TURN 208
COMMAND LEFT START
COMMAND LEFT END
COMMAND RIGHT START
UPGRADE 179
COMMAND RIGHT END
TURN 208 RESULT
TIME LEFT 0 5 RIGHT 0 5
UPGRADE B 179
MOVE B13 115
MOVE B17 186
MOVE B25 206
MOVE B31 127
END TURN 208
TURN 209
COMMAND LEFT START
COMMAND LEFT END
COMMAND RIGHT START
TRAIN 1
COMMAND RIGHT END
TURN 209 RESULT
TIME LEFT 0 5 RIGHT 0 5
TRAIN B34
MOVE B17 175
MOVE B25 198
MOVE B31 119
END TURN 209
TURN 210
COMMAND LEFT START
COMMAND LEFT END
COMMAND RIGHT START
MOVE B26 179
UPGRADE 130
COMMAND RIGHT END
TURN 210 RESULT
TIME LEFT 0 5 RIGHT 0 5
UPGRADE B 130
MOVE B17 165
MOVE B25 190
MOVE B26 205
MOVE B31 105
END TURN 210
TURN 211
COMMAND LEFT START
COMMAND LEFT END
COMMAND RIGHT START
MOVE B19 130
COMMAND RIGHT END
TURN 211 RESULT
TIME LEFT 0 5 RIGHT 0 5
MOVE B17 159
MOVE B19 114
MOVE B26 191
END TURN 211
TURN 212
COMMAND LEFT START
COMMAND LEFT END
COMMAND RIGHT START
UPGRADE 115
TRAIN 1
COMMAND RIGHT END
TURN 212 RESULT
TIME LEFT 0 5 RIGHT 0 5
UPGRADE B 115
TRAIN B35
MOVE B17 146
MOVE B19 115
MOVE B26 179
END TURN 212
TURN 213
COMMAND LEFT START
COMMAND LEFT END
COMMAND RIGHT START
MOVE B30 115
COMMAND RIGHT END
TURN 213 RESULT
TIME LEFT 0 5 RIGHT 0 5
MOVE B17 130
MOVE B19 124
MOVE B30 204
END TURN 213
TURN 214
COMMAND LEFT START
COMMAND LEFT END
COMMAND RIGHT START
TRAIN 2
COMMAND RIGHT END
TURN 214 RESULT
TIME LEFT 0 5 RIGHT 0 5
TRAIN B36 B37
MOVE B19 133
MOVE B30 200
END TURN 214
TURN 215
COMMAND LEFT START
COMMAND LEFT END
COMMAND RIGHT START
MOVE B37 95
MOVE B36 105
COMMAND RIGHT END
TURN 215 RESULT
TIME LEFT 0 5 RIGHT 0 5
MOVE B19 134
MOVE B30 188
MOVE B36 204
MOVE B37 205
END TURN 215
TURN 216
COMMAND LEFT START
COMMAND LEFT END
COMMAND RIGHT START
COMMAND RIGHT END
TURN 216 RESULT
TIME LEFT 0 5 RIGHT 0 5
MOVE B19 130
MOVE B30 181
MOVE B36 193
MOVE B37 191
END TURN 216
TURN 217
COMMAND LEFT START
COMMAND LEFT END
COMMAND RIGHT START
COMMAND RIGHT END
TURN 217 RESULT
TIME LEFT 0 5 RIGHT 0 5
MOVE B30 157
MOVE B36 183
MOVE B37 179
END TURN 217
TURN 218
COMMAND LEFT START
COMMAND LEFT END
COMMAND RIGHT START
COMMAND RIGHT END
TURN 218 RESULT
TIME LEFT 0 5 RIGHT 0 5
MOVE B30 132
MOVE B36 171
MOVE B37 166
END TURN 218
TURN 219
COMMAND LEFT START
COMMAND LEFT END
COMMAND RIGHT START
COMMAND RIGHT END
TURN 219 RESULT
TIME LEFT 0 5 RIGHT 0 5
MOVE B30 115
MOVE B36 153
MOVE B37 158
END TURN 219
TURN 220
COMMAND LEFT START
COMMAND LEFT END
COMMAND RIGHT START
COMMAND RIGHT END
TURN 220 RESULT
TIME LEFT 0 5 RIGHT 0 5
MOVE B36 142
MOVE B37 137
END TURN 220
TURN 221
COMMAND LEFT START
COMMAND LEFT END
COMMAND RIGHT START
UPGRADE 210
TRAIN 1
COMMAND RIGHT END
TURN 221 RESULT
TIME LEFT 0 5 RIGHT 0 5
UPGRADE B 210
TRAIN B38
MOVE B36 127
MOVE B37 122
END TURN 221
TURN 222
COMMAND LEFT START
COMMAND LEFT END
COMMAND RIGHT START
TRAIN 1
COMMAND RIGHT END
TURN 222 RESULT
TIME LEFT 0 5 RIGHT 0 5
TRAIN B39
MOVE B36 119
MOVE B37 101
END TURN 222
TURN 223
COMMAND LEFT START
COMMAND LEFT END
COMMAND RIGHT START
MOVE B39 105
TRAIN 3
COMMAND RIGHT END
TURN 223 RESULT
TIME LEFT 0 5 RIGHT 0 5
TRAIN B40 B41 B42
MOVE B36 105
MOVE B37 95
MOVE B39 204
END TURN 223
TURN 224
COMMAND LEFT START
COMMAND LEFT END
COMMAND RIGHT START
MOVE B42 105
MOVE B41 105
MOVE B40 105
UPGRADE 95
COMMAND RIGHT END
TURN 224 RESULT
TIME LEFT 0 5 RIGHT 0 5
UPGRADE B 95
MOVE B39 193
MOVE B40 204
MOVE B41 204
MOVE B42 204
END TURN 224
TURN 225
COMMAND LEFT START
COMMAND LEFT END
COMMAND RIGHT START
UPGRADE 95
COMMAND RIGHT END
TURN 225 RESULT
TIME LEFT 0 5 RIGHT 0 5
UPGRADE B 95
MOVE B39 183
MOVE B40 193
MOVE B41 193
MOVE B42 193
END TURN 225
TURN 226
COMMAND LEFT START
COMMAND LEFT END
COMMAND RIGHT START
MOVE B20 95
UPGRADE 95
COMMAND RIGHT END
TURN 226 RESULT
TIME LEFT 0 5 RIGHT 0 5
UPGRADE B 95
MOVE B20 96
MOVE B39 171
MOVE B40 183
MOVE B41 183
MOVE B42 183
END TURN 226
TURN 227
COMMAND LEFT START
COMMAND LEFT END
COMMAND RIGHT START
TRAIN 1
COMMAND RIGHT END
TURN 227 RESULT
TIME LEFT 0 5 RIGHT 0 5
TRAIN B43
MOVE B20 95
MOVE B39 153
MOVE B40 171
MOVE B41 171
MOVE B42 171
END TURN 227
TURN 228
COMMAND LEFT START
COMMAND LEFT END
COMMAND RIGHT START
MOVE B32 95
TRAIN 3
COMMAND RIGHT END
TURN 228 RESULT
TIME LEFT 0 5 RIGHT 0 5
TRAIN B44 B45 B46
MOVE B32 205
MOVE B39 142
MOVE B40 153
MOVE B41 153
MOVE B42 153
END TURN 228
TURN 229
COMMAND LEFT START
COMMAND LEFT END
COMMAND RIGHT START
MOVE B46 80
MOVE B45 105
MOVE B44 105
COMMAND RIGHT END
TURN 229 RESULT
TIME LEFT 0 5 RIGHT 0 5
MOVE B32 191
MOVE B39 127
MOVE B40 142
MOVE B41 142
MOVE B42 142
MOVE B44 204
MOVE B45 204
MOVE B46 205
END TURN 229
TURN 230
COMMAND LEFT START
COMMAND LEFT END
COMMAND RIGHT START
TRAIN 3
COMMAND RIGHT END
TURN 230 RESULT
TIME LEFT 0 5 RIGHT 0 5
TRAIN B47 B48 B49
MOVE B32 179
MOVE B39 119
MOVE B40 127
MOVE B41 127
MOVE B42 127
MOVE B44 193
MOVE B45 193
MOVE B46 201
END TURN 230
TURN 231
COMMAND LEFT START
COMMAND LEFT END
COMMAND RIGHT START
MOVE B49 105
MOVE B48 105
MOVE B47 105
TRAIN 3
COMMAND RIGHT END
TURN 231 RESULT
TIME LEFT 0 5 RIGHT 0 5
TRAIN B50 B51 B52
MOVE B32 166
MOVE B39 105
MOVE B40 119
MOVE B41 119
MOVE B42 119
MOVE B44 183
MOVE B45 183
MOVE B46 194
MOVE B47 204
MOVE B48 204
MOVE B49 204
END TURN 231
TURN 232
COMMAND LEFT START
COMMAND LEFT END
COMMAND RIGHT START
MOVE B52 105
MOVE B51 105
MOVE B50 105
TRAIN 3
COMMAND RIGHT END
TURN 232 RESULT
TIME LEFT 0 5 RIGHT 0 5
TRAIN B53 B54 B55
MOVE B32 158
MOVE B40 105
MOVE B41 105
MOVE B42 105
MOVE B44 171
MOVE B45 171
MOVE B46 182
MOVE B47 193
MOVE B48 193
MOVE B49 193
MOVE B50 204
MOVE B51 204
MOVE B52 204
END TURN 232
TURN 233
COMMAND LEFT START
COMMAND LEFT END
COMMAND RIGHT START
MOVE B55 105
MOVE B54 105
MOVE B53 105
TRAIN 3
COMMAND RIGHT END
TURN 233 RESULT
TIME LEFT 0 5 RIGHT 0 5
TRAIN B56 B57 B58
MOVE B32 137
MOVE B44 153
MOVE B45 153
MOVE B46 169
MOVE B47 183
MOVE B48 183
MOVE B49 183
MOVE B50 193
MOVE B51 193
MOVE B52 193
MOVE B53 204
MOVE B54 204
MOVE B55 204
END TURN 233
TURN 234
COMMAND LEFT START
COMMAND LEFT END
COMMAND RIGHT START
MOVE B58 105
MOVE B57 105
MOVE B56 105
TRAIN 3
COMMAND RIGHT END
TURN 234 RESULT
TIME LEFT 0 5 RIGHT 0 5
TRAIN B59 B60 B61
MOVE B32 122
MOVE B44 142
MOVE B45 142
MOVE B46 160
MOVE B47 171
MOVE B48 171
MOVE B49 171
MOVE B50 183
MOVE B51 183
MOVE B52 183
MOVE B53 193
MOVE B54 193
MOVE B55 193
MOVE B56 204
MOVE B57 204
MOVE B58 204
END TURN 234
TURN 235
COMMAND LEFT START
COMMAND LEFT END
COMMAND RIGHT START
MOVE B61 105
MOVE B60 105
MOVE B59 105
TRAIN 3
COMMAND RIGHT END
TURN 235 RESULT
TIME LEFT 0 5 RIGHT 0 5
TRAIN B62 B63 B64
MOVE B32 101
MOVE B44 127
MOVE B45 127
MOVE B46 147
MOVE B47 153
MOVE B48 153
MOVE B49 153
MOVE B50 171
MOVE B51 171
MOVE B52 171
MOVE B53 183
MOVE B54 183
MOVE B55 183
MOVE B56 193
MOVE B57 193
MOVE B58 193
MOVE B59 204
MOVE B60 204
MOVE B61 204
END TURN 235
TURN 236
COMMAND LEFT START
COMMAND LEFT END
COMMAND RIGHT START
MOVE B64 105
MOVE B63 105
MOVE B62 105
TRAIN 3
COMMAND RIGHT END
TURN 236 RESULT
TIME LEFT 0 5 RIGHT 0 5
TRAIN B65 B66 B67
MOVE B32 95
MOVE B44 119
MOVE B45 119
MOVE B46 139
MOVE B47 142
MOVE B48 142
MOVE B49 142
MOVE B50 153
MOVE B51 153
MOVE B52 153
MOVE B53 171
MOVE B54 171
MOVE B55 171
MOVE B56 183
MOVE B57 183
MOVE B58 183
MOVE B59 193
MOVE B60 193
MOVE B61 193
MOVE B62 204
MOVE B63 204
MOVE B64 204
END TURN 236
TURN 237
COMMAND LEFT START
COMMAND LEFT END
COMMAND RIGHT START
MOVE B67 105
MOVE B66 105
MOVE B65 105
TRAIN 3
COMMAND RIGHT END
TURN 237 RESULT
TIME LEFT 0 5 RIGHT 0 5
TRAIN B68 B69 B70
MOVE B44 105
MOVE B45 105
MOVE B46 121
MOVE B47 127
MOVE B48 127
MOVE B49 127
MOVE B50 142
MOVE B51 142
MOVE B52 142
MOVE B53 153
MOVE B54 153
MOVE B55 153
MOVE B56 171
MOVE B57 171
MOVE B58 171
MOVE B59 183
MOVE B60 183
MOVE B61 183
MOVE B62 193
MOVE B63 193
MOVE B64 193
MOVE B65 204
MOVE B66 204
MOVE B67 204
END TURN 237
TURN 238
COMMAND LEFT START
COMMAND LEFT END
COMMAND RIGHT START
MOVE B70 105
MOVE B69 105
MOVE B68 105
TRAIN 3
COMMAND RIGHT END
TURN 238 RESULT
TIME LEFT 0 5 RIGHT 0 5
TRAIN B71 B72 B73
MOVE B46 100
MOVE B47 119
MOVE B48 119
MOVE B49 119
MOVE B50 127
MOVE B51 127
MOVE B52 127
MOVE B53 142
MOVE B54 142
MOVE B55 142
MOVE B56 153
MOVE B57 153
MOVE B58 153
MOVE B59 171
MOVE B60 171
MOVE B61 171
MOVE B62 183
MOVE B63 183
MOVE B64 183
MOVE B65 193
MOVE B66 193
MOVE B67 193
MOVE B68 204
MOVE B69 204
MOVE B70 204
END TURN 238
TURN 239
COMMAND LEFT START
COMMAND LEFT END
COMMAND RIGHT START
MOVE B73 105
MOVE B72 105
MOVE B71 105
TRAIN 3
COMMAND RIGHT END
TURN 239 RESULT
TIME LEFT 0 5 RIGHT 0 5
TRAIN B74 B75 B76
MOVE B46 80
MOVE B47 105
MOVE B48 105
MOVE B49 105
MOVE B50 119
MOVE B51 119
MOVE B52 119
MOVE B53 127
MOVE B54 127
MOVE B55 127
MOVE B56 142
MOVE B57 142
MOVE B58 142
MOVE B59 153
MOVE B60 153
MOVE B61 153
MOVE B62 171
MOVE B63 171
MOVE B64 171
MOVE B65 183
MOVE B66 183
MOVE B67 183
MOVE B68 193
MOVE B69 193
MOVE B70 193
MOVE B71 204
MOVE B72 204
MOVE B73 204
END TURN 239
TURN 240
COMMAND LEFT START
COMMAND LEFT END
COMMAND RIGHT START
MOVE B49 31
MOVE B76 105
MOVE B75 105
MOVE B74 105
UPGRADE 80
TRAIN 2
COMMAND RIGHT END
TURN 240 RESULT
TIME LEFT 0 5 RIGHT 0 5
UPGRADE B 80
TRAIN B77 B78
MOVE B49 91
MOVE B50 105
MOVE B51 105
MOVE B52 105
MOVE B53 119
MOVE B54 119
MOVE B55 119
MOVE B56 127
MOVE B57 127
MOVE B58 127
MOVE B59 142
MOVE B60 142
MOVE B61 142
MOVE B62 153
MOVE B63 153
MOVE B64 153
MOVE B65 171
MOVE B66 171
MOVE B67 171
MOVE B68 183
MOVE B69 183
MOVE B70 183
MOVE B71 193
MOVE B72 193
MOVE B73 193
MOVE B74 204
MOVE B75 204
MOVE B76 204
END TURN 240
TURN 241
COMMAND LEFT START
COMMAND LEFT END
COMMAND RIGHT START
MOVE B78 105
MOVE B77 105
UPGRADE 80
COMMAND RIGHT END
TURN 241 RESULT
TIME LEFT 0 5 RIGHT 0 5
UPGRADE B 80
MOVE B49 83
MOVE B53 105
MOVE B54 105
MOVE B55 105
MOVE B56 119
MOVE B57 119
MOVE B58 119
MOVE B59 127
MOVE B60 127
MOVE B61 127
MOVE B62 142
MOVE B63 142
MOVE B64 142
MOVE B65 153
MOVE B66 153
MOVE B67 153
MOVE B68 171
MOVE B69 171
MOVE B70 171
MOVE B71 183
MOVE B72 183
MOVE B73 183
MOVE B74 193
MOVE B75 193
MOVE B76 193
MOVE B77 204
MOVE B78 204
END TURN 241
TURN 242
COMMAND LEFT START
COMMAND LEFT END
COMMAND RIGHT START
MOVE B21 80
UPGRADE 80
COMMAND RIGHT END
TURN 242 RESULT
TIME LEFT 0 5 RIGHT 0 5
UPGRADE B 80
MOVE B21 96
MOVE B49 68
MOVE B56 105
MOVE B57 105
MOVE B58 105
MOVE B59 119
MOVE B60 119
MOVE B61 119
MOVE B62 127
MOVE B63 127
MOVE B64 127
MOVE B65 142
MOVE B66 142
MOVE B67 142
MOVE B68 153
MOVE B69 153
MOVE B70 153
MOVE B71 171
MOVE B72 171
MOVE B73 171
MOVE B74 183
MOVE B75 183
MOVE B76 183
MOVE B77 193
MOVE B78 193
END TURN 242
TURN 243
COMMAND LEFT START
COMMAND LEFT END
COMMAND RIGHT START
MOVE B31 80
TRAIN 3
COMMAND RIGHT END
TURN 243 RESULT
TIME LEFT 0 5 RIGHT 0 5
TRAIN B79 B80 B81
MOVE B21 95
MOVE B31 96
MOVE B49 57
MOVE B59 105
MOVE B60 105
MOVE B61 105
MOVE B62 119
MOVE B63 119
MOVE B64 119
MOVE B65 127
MOVE B66 127
MOVE B67 127
MOVE B68 142
MOVE B69 142
MOVE B70 142
MOVE B71 153
MOVE B72 153
MOVE B73 153
MOVE B74 171
MOVE B75 171
MOVE B76 171
MOVE B77 183
MOVE B78 183
END TURN 243
TURN 244
COMMAND LEFT START
COMMAND LEFT END
COMMAND RIGHT START
MOVE B81 105
MOVE B80 105
MOVE B79 105
TRAIN 3
COMMAND RIGHT END
TURN 244 RESULT
TIME LEFT 0 5 RIGHT 0 5
TRAIN B82 B83 B84
MOVE B21 86
MOVE B31 95
MOVE B49 46
MOVE B62 105
MOVE B63 105
MOVE B64 105
MOVE B65 119
MOVE B66 119
MOVE B67 119
MOVE B68 127
MOVE B69 127
MOVE B70 127
MOVE B71 142
MOVE B72 142
MOVE B73 142
MOVE B74 153
MOVE B75 153
MOVE B76 153
MOVE B77 171
MOVE B78 171
MOVE B79 204
MOVE B80 204
MOVE B81 204
END TURN 244
TURN 245
COMMAND LEFT START
COMMAND LEFT END
COMMAND RIGHT START
MOVE B84 105
MOVE B83 105
MOVE B82 105
TRAIN 3
COMMAND RIGHT END
TURN 245 RESULT
TIME LEFT 0 5 RIGHT 0 5
TRAIN B85 B86 B87
MOVE B21 77
MOVE B31 86
MOVE B49 31
MOVE B65 105
MOVE B66 105
MOVE B67 105
MOVE B68 119
MOVE B69 119
MOVE B70 119
MOVE B71 127
MOVE B72 127
MOVE B73 127
MOVE B74 142
MOVE B75 142
MOVE B76 142
MOVE B77 153
MOVE B78 153
MOVE B79 193
MOVE B80 193
MOVE B81 193
MOVE B82 204
MOVE B83 204
MOVE B84 204
END TURN 245
TURN 246
COMMAND LEFT START
COMMAND LEFT END
COMMAND RIGHT START
MOVE B67 20
UPGRADE 31
COMMAND RIGHT END
TURN 246 RESULT
TIME LEFT 0 5 RIGHT 0 5
UPGRADE B 31
MOVE B21 76
MOVE B31 77
MOVE B67 91
MOVE B68 105
MOVE B69 105
MOVE B70 105
MOVE B71 119
MOVE B72 119
MOVE B73 119
MOVE B74 127
MOVE B75 127
MOVE B76 127
MOVE B77 142
MOVE B78 142
MOVE B79 183
MOVE B80 183
MOVE B81 183
MOVE B82 193
MOVE B83 193
MOVE B84 193
END TURN 246
TURN 247
COMMAND LEFT START
COMMAND LEFT END
COMMAND RIGHT START
UPGRADE 31
COMMAND RIGHT END
TURN 247 RESULT
TIME LEFT 0 5 RIGHT 0 5
UPGRADE B 31
MOVE B21 80
MOVE B31 76
MOVE B67 83
MOVE B71 105
MOVE B72 105
MOVE B73 105
MOVE B74 119
MOVE B75 119
MOVE B76 119
MOVE B77 127
MOVE B78 127
MOVE B79 171
MOVE B80 171
MOVE B81 171
MOVE B82 183
MOVE B83 183
MOVE B84 183
END TURN 247
TURN 248
COMMAND LEFT START
COMMAND LEFT END
COMMAND RIGHT START
MOVE B36 31
UPGRADE 31
COMMAND RIGHT END
TURN 248 RESULT
TIME LEFT 0 5 RIGHT 0 5
UPGRADE B 31
MOVE B31 80
MOVE B36 91
MOVE B67 74
MOVE B74 105
MOVE B75 105
MOVE B76 105
MOVE B77 119
MOVE B78 119
MOVE B79 153
MOVE B80 153
MOVE B81 153
MOVE B82 171
MOVE B83 171
MOVE B84 171
END TURN 248
TURN 249
COMMAND LEFT START
COMMAND LEFT END
COMMAND RIGHT START
MOVE B39 31
TRAIN 1
COMMAND RIGHT END
TURN 249 RESULT
TIME LEFT 0 5 RIGHT 0 5
TRAIN B88
MOVE B36 83
MOVE B39 91
MOVE B67 78
MOVE B77 105
MOVE B78 105
MOVE B79 142
MOVE B80 142
MOVE B81 142
MOVE B82 153
MOVE B83 153
MOVE B84 153
END TURN 249
TURN 250
COMMAND LEFT START
COMMAND LEFT END
COMMAND RIGHT START
TRAIN 3
COMMAND RIGHT END
TURN 250 RESULT
TIME LEFT 0 5 RIGHT 0 5
TRAIN B89 B90 B91
MOVE B36 68
MOVE B39 83
MOVE B67 53
MOVE B79 127
MOVE B80 127
MOVE B81 127
MOVE B82 142
MOVE B83 142
MOVE B84 142
END TURN 250
TURN 251
COMMAND LEFT START
COMMAND LEFT END
COMMAND RIGHT START
TRAIN 3
COMMAND RIGHT END
TURN 251 RESULT
TIME LEFT 0 5 RIGHT 0 5
TRAIN B92 B93 B94
MOVE B36 57
MOVE B39 68
MOVE B67 35
MOVE B79 119
MOVE B80 119
MOVE B81 119
MOVE B82 127
MOVE B83 127
MOVE B84 127
END TURN 251
TURN 252
COMMAND LEFT START
COMMAND LEFT END
COMMAND RIGHT START
TRAIN 3
COMMAND RIGHT END
TURN 252 RESULT
TIME LEFT 0 5 RIGHT 0 5
TRAIN B95 B96 B97
MOVE B36 46
MOVE B39 57
MOVE B67 20
MOVE B79 105
MOVE B80 105
MOVE B81 105
MOVE B82 119
MOVE B83 119
MOVE B84 119
END TURN 252
TURN 253
COMMAND LEFT START
COMMAND LEFT END
COMMAND RIGHT START
MOVE B81 17
UPGRADE 20
COMMAND RIGHT END
TURN 253 RESULT
TIME LEFT 0 5 RIGHT 0 5
UPGRADE B 20
MOVE B36 31
MOVE B39 46
MOVE B81 91
MOVE B82 105
MOVE B83 105
MOVE B84 105
END TURN 253
TURN 254
COMMAND LEFT START
COMMAND LEFT END
COMMAND RIGHT START
UPGRADE 20
COMMAND RIGHT END
TURN 254 RESULT
TIME LEFT 0 5 RIGHT 0 5
UPGRADE B 20
MOVE B39 31
MOVE B81 83
END TURN 254
TURN 255
COMMAND LEFT START
COMMAND LEFT END
COMMAND RIGHT START
MOVE B40 20
UPGRADE 20
COMMAND RIGHT END
TURN 255 RESULT
TIME LEFT 0 5 RIGHT 0 5
UPGRADE B 20
MOVE B40 91
MOVE B81 68
END TURN 255
TURN 256
COMMAND LEFT START
COMMAND LEFT END
COMMAND RIGHT START
MOVE B41 20
TRAIN 2
COMMAND RIGHT END
TURN 256 RESULT
TIME LEFT 0 5 RIGHT 0 5
TRAIN B98 B99
MOVE B40 83
MOVE B41 91
MOVE B81 57
END TURN 256
TURN 257
COMMAND LEFT START
COMMAND LEFT END
COMMAND RIGHT START
TRAIN 3
COMMAND RIGHT END
TURN 257 RESULT
TIME LEFT 0 5 RIGHT 0 5
TRAIN B100 B101 B102
MOVE B40 74
MOVE B41 83
MOVE B81 39
END TURN 257
TURN 258
COMMAND LEFT START
COMMAND LEFT END
COMMAND RIGHT START
TRAIN 3
COMMAND RIGHT END
TURN 258 RESULT
TIME LEFT 0 5 RIGHT 0 5
TRAIN B103 B104 B105
MOVE B40 78
MOVE B41 74
MOVE B81 27
END TURN 258
TURN 259
COMMAND LEFT START
COMMAND LEFT END
COMMAND RIGHT START
TRAIN 3
COMMAND RIGHT END
TURN 259 RESULT
TIME LEFT 0 5 RIGHT 0 5
TRAIN B106 B107 B108
MOVE B40 53
MOVE B41 78
MOVE B81 17
END TURN 259
TURN 260
COMMAND LEFT START
COMMAND LEFT END
COMMAND RIGHT START
MOVE B84 9
UPGRADE 17
COMMAND RIGHT END
TURN 260 RESULT
TIME LEFT 0 5 RIGHT 0 5
UPGRADE B 17
MOVE B40 35
MOVE B41 53
MOVE B84 91
END TURN 260
TURN 261
COMMAND LEFT START
COMMAND LEFT END
COMMAND RIGHT START
UPGRADE 17
COMMAND RIGHT END
TURN 261 RESULT
TIME LEFT 0 5 RIGHT 0 5
UPGRADE B 17
MOVE B40 20
MOVE B41 35
MOVE B84 83
END TURN 261
TURN 262
COMMAND LEFT START
COMMAND LEFT END
COMMAND RIGHT START
MOVE B42 17
UPGRADE 17
COMMAND RIGHT END
TURN 262 RESULT
TIME LEFT 0 5 RIGHT 0 5
UPGRADE B 17
MOVE B41 20
MOVE B42 91
MOVE B84 68
END TURN 262
TURN 263
COMMAND LEFT START
COMMAND LEFT END
COMMAND RIGHT START
MOVE B44 17
TRAIN 2
COMMAND RIGHT END
TURN 263 RESULT
TIME LEFT 0 5 RIGHT 0 5
TRAIN B109 B110
MOVE B42 83
MOVE B44 91
MOVE B84 57
END TURN 263
TURN 264
COMMAND LEFT START
COMMAND LEFT END
COMMAND RIGHT START
TRAIN 3
COMMAND RIGHT END
TURN 264 RESULT
TIME LEFT 0 5 RIGHT 0 5
TRAIN B111 B112 B113
MOVE B42 68
MOVE B44 83
MOVE B84 46
END TURN 264
TURN 265
COMMAND LEFT START
COMMAND LEFT END
COMMAND RIGHT START
TRAIN 1
COMMAND RIGHT END
TURN 265 RESULT
TIME LEFT 0 5 RIGHT 0 5
TRAIN B114
MOVE B42 57
MOVE B44 68
MOVE B84 31
END TURN 265
TURN 266
COMMAND LEFT START
COMMAND LEFT END
COMMAND RIGHT START
TRAIN 3
COMMAND RIGHT END
TURN 266 RESULT
TIME LEFT 0 5 RIGHT 0 5
TRAIN B115 B116 B117
MOVE B42 39
MOVE B44 57
MOVE B84 19
END TURN 266
TURN 267
COMMAND LEFT START
COMMAND LEFT END
COMMAND RIGHT START
TRAIN 3
COMMAND RIGHT END
TURN 267 RESULT
TIME LEFT 0 5 RIGHT 0 5
TRAIN B118 B119 B120
MOVE B42 27
MOVE B44 39
MOVE B84 9
END TURN 267
TURN 268
COMMAND LEFT START
COMMAND LEFT END
COMMAND RIGHT START
MOVE B83 1
UPGRADE 9
TRAIN 1
COMMAND RIGHT END
TURN 268 RESULT
TIME LEFT 0 5 RIGHT 1 5
UPGRADE B 9
TRAIN B121
MOVE B42 17
MOVE B44 27
MOVE B83 91
END TURN 268
TURN 269
COMMAND LEFT START
COMMAND LEFT END
COMMAND RIGHT START
TRAIN 3
COMMAND RIGHT END
TURN 269 RESULT
TIME LEFT 0 5 RIGHT 0 5
TRAIN B122 B123 B124
MOVE B44 17
MOVE B83 83
END TURN 269
TURN 270
COMMAND LEFT START
COMMAND LEFT END
COMMAND RIGHT START
TRAIN 3
COMMAND RIGHT END
TURN 270 RESULT
TIME LEFT 0 5 RIGHT 0 5
TRAIN B125 B126 B127
MOVE B83 68
END TURN 270
TURN 271
COMMAND LEFT START
COMMAND LEFT END
COMMAND RIGHT START
TRAIN 3
COMMAND RIGHT END
TURN 271 RESULT
TIME LEFT 0 5 RIGHT 1 5
TRAIN B128 B129 B130
MOVE B83 57
END TURN 271
TURN 272
COMMAND LEFT START
COMMAND LEFT END
COMMAND RIGHT START
TRAIN 3
COMMAND RIGHT END
TURN 272 RESULT
TIME LEFT 0 5 RIGHT 0 5
TRAIN B131 B132 B133
MOVE B83 46
END TURN 272
TURN 273
COMMAND LEFT START
COMMAND LEFT END
COMMAND RIGHT START
TRAIN 3
COMMAND RIGHT END
TURN 273 RESULT
TIME LEFT 0 5 RIGHT 0 5
TRAIN B134 B135 B136
MOVE B83 31
END TURN 273
TURN 274
COMMAND LEFT START
COMMAND LEFT END
COMMAND RIGHT START
TRAIN 3
COMMAND RIGHT END
TURN 274 RESULT
TIME LEFT 0 5 RIGHT 0 5
TRAIN B137 B138 B139
MOVE B83 19
END TURN 274
TURN 275
COMMAND LEFT START
COMMAND LEFT END
COMMAND RIGHT START
TRAIN 3
COMMAND RIGHT END
TURN 275 RESULT
TIME LEFT 0 5 RIGHT 0 5
TRAIN B140 B141 B142
MOVE B83 5
END TURN 275
TURN 276
COMMAND LEFT START
COMMAND LEFT END
COMMAND RIGHT START
TRAIN 3
COMMAND RIGHT END
TURN 276 RESULT
TIME LEFT 0 5 RIGHT 0 5
TRAIN B143 B144 B145
MOVE B83 1
END TURN 276
TURN 277
COMMAND LEFT START
COMMAND LEFT END
COMMAND RIGHT START
MOVE B82 2
MOVE B80 0
MOVE B79 0
MOVE B78 0
MOVE B77 0
MOVE B76 0
MOVE B75 0
MOVE B74 0
MOVE B73 0
MOVE B72 0
MOVE B71 0
MOVE B70 0
MOVE B69 0
MOVE B68 0
MOVE B66 0
MOVE B65 0
MOVE B64 0
MOVE B63 0
MOVE B62 0
MOVE B61 0
MOVE B60 0
MOVE B59 0
MOVE B58 0
MOVE B57 0
MOVE B56 0
MOVE B55 0
MOVE B54 0
MOVE B53 0
MOVE B52 0
MOVE B51 0
MOVE B50 0
MOVE B48 0
UPGRADE 1
COMMAND RIGHT END
TURN 277 RESULT
TIME LEFT 0 5 RIGHT 0 5
UPGRADE B 1
MOVE B48 91
MOVE B50 91
MOVE B51 91
MOVE B52 91
MOVE B53 91
MOVE B54 91
MOVE B55 91
MOVE B56 91
MOVE B57 91
MOVE B58 91
MOVE B59 91
MOVE B60 91
MOVE B61 91
MOVE B62 91
MOVE B63 91
MOVE B64 91
MOVE B65 91
MOVE B66 91
MOVE B68 91
MOVE B69 91
MOVE B70 91
MOVE B71 91
MOVE B72 91
MOVE B73 91
MOVE B74 91
MOVE B75 91
MOVE B76 91
MOVE B77 91
MOVE B78 91
MOVE B79 91
MOVE B80 91
MOVE B82 91
END TURN 277
TURN 278
COMMAND LEFT START
COMMAND LEFT END
COMMAND RIGHT START
MOVE B33 105
MOVE B145 105
MOVE B144 105
MOVE B143 105
MOVE B142 105
MOVE B141 105
MOVE B140 105
MOVE B139 105
MOVE B138 105
TRAIN 3
COMMAND RIGHT END
TURN 278 RESULT
TIME LEFT 0 5 RIGHT 0 5
TRAIN B146 B147 B148
MOVE B33 204
MOVE B48 83
MOVE B50 83
MOVE B51 83
MOVE B52 83
MOVE B53 83
MOVE B54 83
MOVE B55 83
MOVE B56 83
MOVE B57 83
MOVE B58 83
MOVE B59 83
MOVE B60 83
MOVE B61 83
MOVE B62 83
MOVE B63 83
MOVE B64 83
MOVE B65 83
MOVE B66 83
MOVE B68 83
MOVE B69 83
MOVE B70 83
MOVE B71 83
MOVE B72 83
MOVE B73 83
MOVE B74 83
MOVE B75 83
MOVE B76 83
MOVE B77 83
MOVE B78 83
MOVE B79 83
MOVE B80 83
MOVE B82 83
MOVE B138 204
MOVE B139 204
MOVE B140 204
MOVE B141 204
MOVE B142 204
MOVE B143 204
MOVE B144 204
MOVE B145 204
END TURN 278
TURN 279
COMMAND LEFT START
COMMAND LEFT END
COMMAND RIGHT START
MOVE B148 105
MOVE B147 105
TRAIN 3
COMMAND RIGHT END
TURN 279 RESULT
TIME LEFT 0 5 RIGHT 0 5
TRAIN B149 B150 B151
MOVE B33 193
MOVE B48 68
MOVE B50 68
MOVE B51 68
MOVE B52 68
MOVE B53 68
MOVE B54 68
MOVE B55 68
MOVE B56 68
MOVE B57 68
MOVE B58 68
MOVE B59 68
MOVE B60 68
MOVE B61 68
MOVE B62 68
MOVE B63 68
MOVE B64 68
MOVE B65 68
MOVE B66 68
MOVE B68 68
MOVE B69 68
MOVE B70 68
MOVE B71 68
MOVE B72 68
MOVE B73 68
MOVE B74 68
MOVE B75 68
MOVE B76 68
MOVE B77 68
MOVE B78 68
MOVE B79 68
MOVE B80 68
MOVE B82 68
MOVE B138 193
MOVE B139 193
MOVE B140 193
MOVE B141 193
MOVE B142 193
MOVE B143 193
MOVE B144 193
MOVE B145 193
MOVE B147 204
MOVE B148 204
END TURN 279
TURN 280
COMMAND LEFT START
COMMAND LEFT END
COMMAND RIGHT START
TRAIN 3
COMMAND RIGHT END
TURN 280 RESULT
TIME LEFT 0 5 RIGHT 0 5
TRAIN B152 B153 B154
MOVE B33 183
MOVE B48 57
MOVE B50 57
MOVE B51 57
MOVE B52 57
MOVE B53 57
MOVE B54 57
MOVE B55 57
MOVE B56 57
MOVE B57 57
MOVE B58 57
MOVE B59 57
MOVE B60 57
MOVE B61 57
MOVE B62 57
MOVE B63 57
MOVE B64 57
MOVE B65 57
MOVE B66 57
MOVE B68 57
MOVE B69 57
MOVE B70 57
MOVE B71 57
MOVE B72 57
MOVE B73 57
MOVE B74 57
MOVE B75 57
MOVE B76 57
MOVE B77 57
MOVE B78 57
MOVE B79 57
MOVE B80 57
MOVE B82 57
MOVE B138 183
MOVE B139 183
MOVE B140 183
MOVE B141 183
MOVE B142 183
MOVE B143 183
MOVE B144 183
MOVE B145 183
MOVE B147 193
MOVE B148 193
END TURN 280
TURN 281
COMMAND LEFT START
COMMAND LEFT END
COMMAND RIGHT START
TRAIN 3
COMMAND RIGHT END
TURN 281 RESULT
TIME LEFT 0 5 RIGHT 0 5
TRAIN B155 B156 B157
MOVE B33 171
MOVE B48 39
MOVE B50 39
MOVE B51 39
MOVE B52 39
MOVE B53 39
MOVE B54 39
MOVE B55 39
MOVE B56 39
MOVE B57 39
MOVE B58 39
MOVE B59 39
MOVE B60 39
MOVE B61 39
MOVE B62 39
MOVE B63 39
MOVE B64 39
MOVE B65 39
MOVE B66 39
MOVE B68 39
MOVE B69 39
MOVE B70 39
MOVE B71 39
MOVE B72 39
MOVE B73 39
MOVE B74 39
MOVE B75 39
MOVE B76 39
MOVE B77 39
MOVE B78 39
MOVE B79 39
MOVE B80 39
MOVE B82 39
MOVE B138 171
MOVE B139 171
MOVE B140 171
MOVE B141 171
MOVE B142 171
MOVE B143 171
MOVE B144 171
MOVE B145 171
MOVE B147 183
MOVE B148 183
END TURN 281
TURN 282
COMMAND LEFT START
COMMAND LEFT END
COMMAND RIGHT START
TRAIN 3
COMMAND RIGHT END
TURN 282 RESULT
TIME LEFT 0 5 RIGHT 0 5
TRAIN B158 B159 B160
MOVE B33 153
MOVE B48 27
MOVE B50 27
MOVE B51 27
MOVE B52 27
MOVE B53 27
MOVE B54 27
MOVE B55 27
MOVE B56 27
MOVE B57 27
MOVE B58 27
MOVE B59 27
MOVE B60 27
MOVE B61 27
MOVE B62 27
MOVE B63 27
MOVE B64 27
MOVE B65 27
MOVE B66 27
MOVE B68 27
MOVE B69 27
MOVE B70 27
MOVE B71 27
MOVE B72 27
MOVE B73 27
MOVE B74 27
MOVE B75 27
MOVE B76 27
MOVE B77 27
MOVE B78 27
MOVE B79 27
MOVE B80 27
MOVE B82 27
MOVE B138 153
MOVE B139 153
MOVE B140 153
MOVE B141 153
MOVE B142 153
MOVE B143 153
MOVE B144 153
MOVE B145 153
MOVE B147 171
MOVE B148 171
END TURN 282
TURN 283
COMMAND LEFT START
COMMAND LEFT END
COMMAND RIGHT START
TRAIN 3
COMMAND RIGHT END
TURN 283 RESULT
TIME LEFT 0 5 RIGHT 0 5
TRAIN B161 B162 B163
MOVE B33 142
MOVE B48 17
MOVE B50 17
MOVE B51 17
MOVE B52 17
MOVE B53 17
MOVE B54 17
MOVE B55 17
MOVE B56 17
MOVE B57 17
MOVE B58 17
MOVE B59 17
MOVE B60 17
MOVE B61 17
MOVE B62 17
MOVE B63 17
MOVE B64 17
MOVE B65 17
MOVE B66 17
MOVE B68 17
MOVE B69 17
MOVE B70 17
MOVE B71 17
MOVE B72 17
MOVE B73 17
MOVE B74 17
MOVE B75 17
MOVE B76 17
MOVE B77 17
MOVE B78 17
MOVE B79 17
MOVE B80 17
MOVE B82 17
MOVE B138 142
MOVE B139 142
MOVE B140 142
MOVE B141 142
MOVE B142 142
MOVE B143 142
MOVE B144 142
MOVE B145 142
MOVE B147 153
MOVE B148 153
END TURN 283
TURN 284
COMMAND LEFT START
COMMAND LEFT END
COMMAND RIGHT START
TRAIN 3
COMMAND RIGHT END
TURN 284 RESULT
TIME LEFT 0 5 RIGHT 0 5
TRAIN B164 B165 B166
MOVE B33 127
MOVE B48 6
MOVE B50 6
MOVE B51 6
MOVE B52 6
MOVE B53 6
MOVE B54 6
MOVE B55 6
MOVE B56 6
MOVE B57 6
MOVE B58 6
MOVE B59 6
MOVE B60 6
MOVE B61 6
MOVE B62 6
MOVE B63 6
MOVE B64 6
MOVE B65 6
MOVE B66 6
MOVE B68 6
MOVE B69 6
MOVE B70 6
MOVE B71 6
MOVE B72 6
MOVE B73 6
MOVE B74 6
MOVE B75 6
MOVE B76 6
MOVE B77 6
MOVE B78 6
MOVE B79 6
MOVE B80 6
MOVE B82 10
MOVE B138 127
MOVE B139 127
MOVE B140 127
MOVE B141 127
MOVE B142 127
MOVE B143 127
MOVE B144 127
MOVE B145 127
MOVE B147 142
MOVE B148 142
END TURN 284
TURN 285
COMMAND LEFT START
COMMAND LEFT END
COMMAND RIGHT START
TRAIN 3
COMMAND RIGHT END
TURN 285 RESULT
TIME LEFT 0 5 RIGHT 1 5
TRAIN B167 B168 B169
MOVE B33 119
MOVE B48 0
MOVE B50 0
MOVE B51 0
MOVE B52 0
MOVE B53 0
MOVE B54 0
MOVE B55 0
MOVE B56 0
MOVE B57 0
MOVE B58 0
MOVE B59 0
MOVE B60 0
MOVE B61 0
MOVE B62 0
MOVE B63 0
MOVE B64 0
MOVE B65 0
MOVE B66 0
MOVE B68 0
MOVE B69 0
MOVE B70 0
MOVE B71 0
MOVE B72 0
MOVE B73 0
MOVE B74 0
MOVE B75 0
MOVE B76 0
MOVE B77 0
MOVE B78 0
MOVE B79 0
MOVE B80 0
MOVE B82 2
MOVE B138 119
MOVE B139 119
MOVE B140 119
MOVE B141 119
MOVE B142 119
MOVE B143 119
MOVE B144 119
MOVE B145 119
MOVE B147 127
MOVE B148 127
DAMAGE TURRET B48 1
DAMAGE COMBAT A1 4
DAMAGE COMBAT B48 1
SIEGE A 0 10
END TURN 285
RESULT RIGHT_WIN HQ_DESTROYED
