[LEFT ""]
[RIGHT ""]
MAP
227 17
-10841 -10838 -10754 -10481 -9287 -9071 -9984 -9957 -8600 -8366 -8227 -8062 -8783 -9064 -7743 -7766 -7478 -7851 -7843 -8274 -7139 -7009 -7048 -6838 -6995 -6698 -7373 -6437 -7334 -6367 -6130 -6093 -6217 -5825 -5873 -5700 -5829 -5793 -5456 -5223 -5160 -5703 -5084 -5751 -5089 -4946 -4630 -4861 -4445 -4146 -4269 -4196 -4284 -4248 -4303 -4450 -3939 -3947 -3816 -3964 -3941 -3864 -4143 -3310 -3467 -3253 -3222 -3358 -3343 -2958 -3237 -3081 -2902 -2790 -2815 -2674 -2674 -2385 -2315 -2552 -2597 -2383 -2292 -2273 -2267 -1860 -2023 -1839 -1631 -1519 -1483 -1519 -1765 -1657 -1375 -1327 -1430 -1275 -993 -1048 -869 -765 -1097 -649 -643 -513 -396 -464 -369 -303 -75 128 45 0 -45 -128 75 303 369 464 396 513 643 649 1097 765 869 1048 993 1275 1430 1327 1375 1657 1765 1519 1483 1519 1631 1839 2023 1860 2267 2273 2292 2383 2597 2552 2315 2385 2674 2674 2815 2790 2902 3081 3237 2958 3343 3358 3222 3253 3467 3310 4143 3864 3941 3964 3816 3947 3939 4450 4303 4248 4284 4196 4269 4146 4445 4861 4630 4946 5089 5751 5084 5703 5160 5223 5456 5793 5829 5700 5873 5825 6217 6093 6130 6367 7334 6437 7373 6698 6995 6838 7048 7009 7139 8274 7843 7851 7478 7766 7743 9064 8783 8062 8227 8366 8600 9957 9984 9071 9287 10481 10754 10838 10841
-2842 -590 1111 2716 -1841 371 -4594 4642 -895 1513 -3504 282 5719 -6070 -2372 3827 -1038 2796 -6588 6855 -4564 405 -3459 4367 1701 2981 8150 5248 -8248 -5991 -3727 -160 -1630 6057 3621 1801 -2732 -5029 -6741 -4113 6721 9022 -1320 -9330 497 3302 -5799 4641 -3636 -6853 -299 7224 -2679 2133 5337 -10074 -1698 3904 -7751 -4826 6161 998 10235 -3919 3097 -74 5412 -9681 7514 -2865 -5688 4472 6417 1345 -1262 2415 8326 3638 7257 -7147 10453 -10378 5713 -5901 -4770 -630 4774 515 2253 6798 -6520 -3977 -2546 -8125 8376 3281 11013 5599 1122 4431 -5340 -1372 -10187 -2702 -7377 6022 -8439 7674 2097 -6413 3449 10919 4559 0 -4559 -10919 -3449 6413 -2097 -7674 8439 -6022 7377 2702 10187 1372 5340 -4431 -1122 -5599 -11013 -3281 -8376 8125 2546 3977 6520 -6798 -2253 -515 -4774 630 4770 5901 -5713 10378 -10453 7147 -7257 -3638 -8326 -2415 1262 -1345 -6417 -4472 5688 2865 -7514 9681 -5412 74 -3097 3919 -10235 -998 -6161 4826 7751 -3904 1698 10074 -5337 -2133 2679 -7224 299 6853 3636 -4641 5799 -3302 -497 9330 1320 -9022 -6721 4113 6741 5029 2732 -1801 -3621 -6057 1630 160 3727 5991 8248 -5248 -8150 -2981 -1701 -4367 3459 -405 4564 -6855 6588 -2796 1038 -3827 2372 6070 -5719 -282 3504 -1513 895 -4642 4594 -371 1841 -2716 -1111 590 2842
STRONGHOLDS 13 19 37 41 53 77 96 108 113 118 130 149 173 185 189 207 213
4 1 4 6 10
5 0 2 4 5 8
4 1 3 5 9
4 2 7 9 17
5 0 1 8 10 14
5 1 2 8 9 11
3 0 10 13
4 3 12 15 17
6 1 4 5 11 14 16
7 2 3 5 11 17 21 24
7 0 4 6 13 14 20 22
5 5 8 9 16 21
5 7 15 19 23 27
5 6 10 18 20 28
7 4 8 10 16 22 32 36
5 7 12 17 23 25
6 8 11 14 21 31 32
6 3 7 9 15 24 25
4 13 20 28 29
4 12 26 27 33
7 10 13 18 22 29 30 37
6 9 11 16 24 31 35
5 10 14 20 30 36
5 12 15 25 27 34
5 9 17 21 25 35
6 15 17 23 24 34 35
4 19 33 40 41
6 12 19 23 33 34 47
5 13 18 29 38 43
6 18 20 28 37 38 46
5 20 22 36 37 39
6 16 21 32 35 42 44
5 14 16 31 36 42
6 19 26 27 40 47 54
6 23 25 27 35 45 47
8 21 24 25 31 34 44 45 53
8 14 22 30 32 39 42 48 52
5 20 29 30 39 46
6 28 29 43 46 49 58
6 30 36 37 46 48 59
6 26 33 41 51 54 60
5 26 40 51 62 68
7 31 32 36 44 50 52 56
4 28 38 55 58
6 31 35 42 50 53 61
6 34 35 47 53 57 64
7 29 37 38 39 49 59 70
6 27 33 34 45 54 57
5 36 39 52 59 63
5 38 46 58 70 79
6 42 44 56 61 65 74
4 40 41 60 68
6 36 42 48 56 63 69
7 35 44 45 61 64 73 75
7 33 40 47 57 60 66 71
4 43 58 67 81
5 42 50 52 69 74
5 45 47 54 64 71
7 38 43 49 55 67 79 93
6 39 46 48 63 70 84
6 40 51 54 66 68 72
5 44 50 53 65 73
4 41 68 76 80
6 48 52 59 69 84 91
6 45 53 57 71 75 77
6 50 61 73 74 85 87
6 54 60 71 72 82 86
4 55 58 81 93
7 41 51 60 62 72 76 78
6 52 56 63 74 91 92
6 46 49 59 79 83 84
6 54 57 64 66 77 86
6 60 66 68 78 82 89
6 53 61 65 75 87 88
6 50 56 65 69 85 92
5 53 64 73 77 88
5 62 68 78 80 94
7 64 71 75 86 88 95 99
5 68 72 76 89 94
6 49 58 70 83 90 93
4 62 76 94 96
5 55 67 93 102 115
5 66 72 86 89 97
5 70 79 84 90 100
6 59 63 70 83 91 100
6 65 74 87 92 101 113
6 66 71 77 82 97 99
6 65 73 85 88 98 113
7 73 75 77 87 95 98 108
7 72 78 82 94 97 105 107
6 79 83 93 100 104 109
8 63 69 84 92 100 103 114 116
6 69 74 85 91 101 103
8 58 67 79 81 90 102 104 106
8 76 78 80 89 96 107 111 120
5 77 88 99 108 110
3 80 94 111
6 82 86 89 99 105 112
5 87 88 108 113 125
6 77 86 95 97 110 112
7 83 84 90 91 109 114 121
6 85 92 103 113 118 128
4 81 93 106 115
5 91 92 101 116 118
5 90 93 106 109 119
6 89 97 107 112 117 126
6 93 102 104 115 119 132
6 89 94 105 117 120 122
6 88 95 98 110 123 125
5 90 100 104 119 121
6 95 99 108 112 123 135
5 94 96 120 124 145
6 97 99 105 110 126 135
8 85 87 98 101 125 128 139 141
6 91 100 116 121 127 129
5 81 102 106 130 132
6 91 103 114 118 127 131
5 105 107 122 126 136
6 101 103 116 128 131 138
6 104 106 109 121 132 137
6 94 107 111 122 124 133
6 100 109 114 119 129 137
5 107 117 120 133 136
5 108 110 125 134 135
4 111 120 133 145
6 98 108 113 123 134 141
7 105 112 117 135 136 142 143
6 114 116 129 131 140 149
5 101 113 118 138 139
6 114 121 127 137 140 144
3 115 132 146
5 116 118 127 138 149
8 106 115 119 130 137 146 148 150
8 120 122 124 136 145 147 159 168
6 123 125 135 141 152 157
8 110 112 123 126 134 142 157 163
6 117 122 126 133 143 147
7 119 121 129 132 144 148 154
7 118 128 131 139 149 151 153
6 113 128 138 141 153 161
6 127 129 144 149 155 160
6 113 125 134 139 152 161
6 126 135 143 156 163 167
5 126 136 142 147 156
5 129 137 140 154 160
5 111 124 133 159 171
4 130 132 150 164
6 133 136 143 156 168 177
5 132 137 150 154 158
7 127 131 138 140 151 155 162
5 132 146 148 158 164
5 138 149 153 162 173
6 134 141 157 161 170 176
6 138 139 151 161 165 173
6 137 144 148 158 160 166
6 140 149 160 162 169 172
6 142 143 147 167 177 180
6 134 135 152 163 170 174
7 148 150 154 164 166 175 185
4 133 145 168 171
6 140 144 154 155 166 172
6 139 141 152 153 165 176
6 149 151 155 169 173 181
6 135 142 157 167 174 178
4 146 150 158 185
5 153 161 173 176 182
6 154 158 160 172 175 186
6 142 156 163 178 180 187
7 133 147 159 171 177 183 188
5 155 162 172 179 181
5 152 157 174 176 184
4 145 159 168 183
7 155 160 166 169 179 186 193
7 151 153 162 165 181 182 191
6 157 163 170 178 184 190
4 158 166 185 186
6 152 161 165 170 182 184
5 147 156 168 180 188
5 163 167 174 187 190
6 169 172 181 192 193 199
7 156 167 177 187 188 189 197
6 162 169 173 179 191 192
6 165 173 176 184 191 195
4 168 171 188 198
7 170 174 176 182 190 194 195
5 158 164 175 186 200
6 166 172 175 185 193 200
6 167 178 180 189 190 196
6 168 177 180 183 197 198
5 180 187 196 197 206
8 174 178 184 187 194 196 204 212
8 173 181 182 192 195 201 202 205
6 179 181 191 199 201 203
6 172 179 186 199 200 207
5 184 190 195 210 212
6 182 184 191 194 205 210
5 187 189 190 204 206
6 180 188 189 198 206 208
5 183 188 197 208 213
6 179 192 193 203 207 214
4 185 186 193 207
6 191 192 202 203 209 211
5 191 201 205 209 217
5 192 199 201 211 214
5 190 196 206 212 216
6 191 195 202 210 215 217
7 189 196 197 204 208 213 216
4 193 199 200 214
4 197 198 206 213
6 201 202 211 217 219 223
6 194 195 205 212 215 218
5 201 203 209 214 219
7 190 194 204 210 216 218 222
5 198 206 208 216 220
5 199 203 207 211 219
5 205 210 217 218 221
7 204 206 212 213 220 222 226
7 202 205 209 215 221 223 224
6 210 212 215 221 222 225
4 209 211 214 223
3 213 216 226
5 215 217 218 224 225
5 212 216 218 225 226
4 209 217 219 224
4 217 221 223 225
5 218 221 222 224 226
4 216 220 222 225
END MAP
TURN 1
COMMAND LEFT START
TRAIN 1
COMMAND LEFT END
COMMAND RIGHT START
MOVE B1 213
MOVE B2 113
COMMAND RIGHT END
TURN 1 RESULT
TIME LEFT 38 5 RIGHT 1 5
TRAIN A4
MOVE B1 220
MOVE B2 222
END TURN 1
TURN 2
COMMAND LEFT START
TRAIN 1
COMMAND LEFT END
COMMAND RIGHT START
COMMAND RIGHT END
TURN 2 RESULT
TIME LEFT 0 5 RIGHT 0 5
TRAIN A5
MOVE B1 213
MOVE B2 212
END TURN 2
TURN 3
COMMAND LEFT START
TRAIN 1
COMMAND LEFT END
COMMAND RIGHT START
UPGRADE 213
COMMAND RIGHT END
TURN 3 RESULT
TIME LEFT 0 5 RIGHT 0 5
UPGRADE B 213
TRAIN A6
MOVE B2 194
END TURN 3
TURN 4
COMMAND LEFT START
TRAIN 1
COMMAND LEFT END
COMMAND RIGHT START
COMMAND RIGHT END
TURN 4 RESULT
TIME LEFT 0 5 RIGHT 0 5
TRAIN A7
MOVE B2 184
END TURN 4
TURN 5
COMMAND LEFT START
TRAIN 1
COMMAND LEFT END
COMMAND RIGHT START
COMMAND RIGHT END
TURN 5 RESULT
TIME LEFT 0 5 RIGHT 0 5
TRAIN A8
MOVE B2 170
END TURN 5
TURN 6
COMMAND LEFT START
MOVE A2 226
MOVE A3 226
MOVE A4 226
MOVE A5 226
MOVE A6 226
MOVE A7 226
MOVE A8 226
COMMAND LEFT END
COMMAND RIGHT START
COMMAND RIGHT END
TURN 6 RESULT
TIME LEFT 0 5 RIGHT 0 5
MOVE A2 4
MOVE A3 4
MOVE A4 4
MOVE A5 4
MOVE A6 4
MOVE A7 4
MOVE A8 4
MOVE B2 152
END TURN 6
TURN 7
COMMAND LEFT START
COMMAND LEFT END
COMMAND RIGHT START
COMMAND RIGHT END
TURN 7 RESULT
TIME LEFT 0 5 RIGHT 0 5
MOVE A2 14
MOVE A3 14
MOVE A4 14
MOVE A5 14
MOVE A6 14
MOVE A7 14
MOVE A8 14
MOVE B2 141
END TURN 7
TURN 8
COMMAND LEFT START
COMMAND LEFT END
COMMAND RIGHT START
COMMAND RIGHT END
TURN 8 RESULT
TIME LEFT 0 5 RIGHT 0 5
MOVE A2 32
MOVE A3 32
MOVE A4 32
MOVE A5 32
MOVE A6 32
MOVE A7 32
MOVE A8 32
MOVE B2 113
END TURN 8
TURN 9
COMMAND LEFT START
COMMAND LEFT END
COMMAND RIGHT START
COMMAND RIGHT END
TURN 9 RESULT
TIME LEFT 0 5 RIGHT 0 5
MOVE A2 42
MOVE A3 42
MOVE A4 42
MOVE A5 42
MOVE A6 42
MOVE A7 42
MOVE A8 42
END TURN 9
TURN 10
COMMAND LEFT START
COMMAND LEFT END
COMMAND RIGHT START
COMMAND RIGHT END
TURN 10 RESULT
TIME LEFT 1 5 RIGHT 0 5
MOVE A2 56
MOVE A3 56
MOVE A4 56
MOVE A5 56
MOVE A6 56
MOVE A7 56
MOVE A8 56
END TURN 10
TURN 11
COMMAND LEFT START
COMMAND LEFT END
COMMAND RIGHT START
COMMAND RIGHT END
TURN 11 RESULT
TIME LEFT 0 5 RIGHT 0 5
MOVE A2 74
MOVE A3 74
MOVE A4 74
MOVE A5 74
MOVE A6 74
MOVE A7 74
MOVE A8 74
END TURN 11
TURN 12
COMMAND LEFT START
COMMAND LEFT END
COMMAND RIGHT START
TRAIN 1
COMMAND RIGHT END
TURN 12 RESULT
TIME LEFT 0 5 RIGHT 0 5
TRAIN B4
MOVE A2 85
MOVE A3 85
MOVE A4 85
MOVE A5 85
MOVE A6 85
MOVE A7 85
MOVE A8 85
END TURN 12
TURN 13
COMMAND LEFT START
COMMAND LEFT END
COMMAND RIGHT START
TRAIN 1
COMMAND RIGHT END
TURN 13 RESULT
TIME LEFT 0 5 RIGHT 0 5
TRAIN B5
MOVE A2 113
MOVE A3 113
MOVE A4 113
MOVE A5 113
MOVE A6 113
MOVE A7 113
MOVE A8 113
DAMAGE COMBAT A2 1
DAMAGE COMBAT B2 4
END TURN 13
TURN 14
COMMAND LEFT START
COMMAND LEFT END
COMMAND RIGHT START
MOVE B3 113
COMMAND RIGHT END
TURN 14 RESULT
TIME LEFT 0 5 RIGHT 0 5
MOVE A2 141
MOVE A3 141
MOVE A4 141
MOVE A5 141
MOVE A6 141
MOVE A7 141
MOVE A8 141
MOVE B3 222
END TURN 14
TURN 15
COMMAND LEFT START
COMMAND LEFT END
COMMAND RIGHT START
COMMAND RIGHT END
TURN 15 RESULT
TIME LEFT 0 5 RIGHT 0 5
MOVE A2 152
MOVE A3 152
MOVE A4 152
MOVE A5 152
MOVE A6 152
MOVE A7 152
MOVE A8 152
MOVE B3 212
END TURN 15
TURN 16
COMMAND LEFT START
COMMAND LEFT END
COMMAND RIGHT START
COMMAND RIGHT END
TURN 16 RESULT
TIME LEFT 0 5 RIGHT 0 5
MOVE A2 170
MOVE A3 170
MOVE A4 170
MOVE A5 170
MOVE A6 170
MOVE A7 170
MOVE A8 170
MOVE B3 194
END TURN 16
TURN 17
COMMAND LEFT START
COMMAND LEFT END
COMMAND RIGHT START
TRAIN 1
COMMAND RIGHT END
TURN 17 RESULT
TIME LEFT 0 5 RIGHT 0 5
TRAIN B6
MOVE A2 184
MOVE A3 184
MOVE A4 184
MOVE A5 184
MOVE A6 184
MOVE A7 184
MOVE A8 184
MOVE B3 184
DAMAGE COMBAT A2 1
DAMAGE COMBAT B3 4
END TURN 17
TURN 18
COMMAND LEFT START
COMMAND LEFT END
COMMAND RIGHT START
MOVE B4 113
COMMAND RIGHT END
TURN 18 RESULT
TIME LEFT 0 5 RIGHT 0 5
MOVE A2 194
MOVE A3 194
MOVE A4 194
MOVE A5 194
MOVE A6 194
MOVE A7 194
MOVE A8 194
MOVE B4 222
END TURN 18
TURN 19
COMMAND LEFT START
COMMAND LEFT END
COMMAND RIGHT START
TRAIN 1
COMMAND RIGHT END
TURN 19 RESULT
TIME LEFT 0 5 RIGHT 0 5
TRAIN B7
MOVE A2 212
MOVE A3 212
MOVE A4 212
MOVE A5 212
MOVE A6 212
MOVE A7 212
MOVE A8 212
MOVE B4 212
DAMAGE COMBAT A2 1
DAMAGE COMBAT B4 4
END TURN 19
TURN 20
COMMAND LEFT START
COMMAND LEFT END
COMMAND RIGHT START
MOVE B1 226
TRAIN 1
COMMAND RIGHT END
TURN 20 RESULT
TIME LEFT 0 5 RIGHT 0 5
TRAIN B8
MOVE A2 222
MOVE A3 222
MOVE A4 222
MOVE A5 222
MOVE A6 222
MOVE A7 222
MOVE A8 222
MOVE B1 220
END TURN 20
TURN 21
COMMAND LEFT START
COMMAND LEFT END
COMMAND RIGHT START
COMMAND RIGHT END
TURN 21 RESULT
TIME LEFT 0 5 RIGHT 0 5
MOVE A2 226
MOVE A3 226
MOVE A4 226
MOVE A5 226
MOVE A6 226
MOVE A7 226
MOVE A8 226
MOVE B1 226
DAMAGE TURRET A2 1
DAMAGE COMBAT A3 4
DAMAGE COMBAT A4 1
DAMAGE COMBAT B1 4
DAMAGE COMBAT B5 3
END TURN 21
TURN 22
COMMAND LEFT START
COMMAND LEFT END
COMMAND RIGHT START
COMMAND RIGHT END
TURN 22 RESULT
TIME LEFT 0 5 RIGHT 0 5
DAMAGE TURRET A4 1
DAMAGE COMBAT A4 2
DAMAGE COMBAT A5 2
DAMAGE COMBAT B5 1
DAMAGE COMBAT B6 4
END TURN 22
TURN 23
COMMAND LEFT START
COMMAND LEFT END
COMMAND RIGHT START
COMMAND RIGHT END
TURN 23 RESULT
TIME LEFT 0 5 RIGHT 0 5
DAMAGE TURRET A5 1
DAMAGE COMBAT A5 1
DAMAGE COMBAT A6 1
DAMAGE COMBAT B7 4
END TURN 23
TURN 24
COMMAND LEFT START
COMMAND LEFT END
COMMAND RIGHT START
COMMAND RIGHT END
TURN 24 RESULT
TIME LEFT 0 5 RIGHT 0 5
DAMAGE TURRET A6 1
DAMAGE COMBAT A6 1
DAMAGE COMBAT B8 3
END TURN 24
TURN 25
COMMAND LEFT START
COMMAND LEFT END
COMMAND RIGHT START
COMMAND RIGHT END
TURN 25 RESULT
TIME LEFT 2 5 RIGHT 0 5
DAMAGE TURRET A6 1
DAMAGE COMBAT A7 1
DAMAGE COMBAT B8 1
SIEGE B 226 2
END TURN 25
TURN 26
COMMAND LEFT START
COMMAND LEFT END
COMMAND RIGHT START
COMMAND RIGHT END
TURN 26 RESULT
TIME LEFT 3 5 RIGHT 2 5
DAMAGE TURRET A7 1
SIEGE B 226 2
END TURN 26
TURN 27
COMMAND LEFT START
COMMAND LEFT END
COMMAND RIGHT START
COMMAND RIGHT END
TURN 27 RESULT
TIME LEFT 0 5 RIGHT 0 5
DAMAGE TURRET A7 1
SIEGE B 226 2
END TURN 27
TURN 28
COMMAND LEFT START
COMMAND LEFT END
COMMAND RIGHT START
COMMAND RIGHT END
TURN 28 RESULT
TIME LEFT 0 5 RIGHT 0 5
DAMAGE TURRET A7 1
SIEGE B 226 2
END TURN 28
TURN 29
COMMAND LEFT START
TRAIN 1
COMMAND LEFT END
COMMAND RIGHT START
COMMAND RIGHT END
TURN 29 RESULT
TIME LEFT 0 5 RIGHT 0 5
TRAIN A9
DAMAGE TURRET A8 1
SIEGE B 226 1
END TURN 29
TURN 30
COMMAND LEFT START
MOVE A9 13
COMMAND LEFT END
COMMAND RIGHT START
COMMAND RIGHT END
TURN 30 RESULT
TIME LEFT 0 5 RIGHT 0 5
MOVE A9 6
DAMAGE TURRET A8 1
SIEGE B 226 1
END TURN 30
RESULT LEFT_WIN HQ_DESTROYED
