[LEFT ""]
[RIGHT ""]
MAP
217 15
-11177 -10014 -10051 -10254 -10181 -8854 -9485 -8450 -8633 -8277 -9461 -8281 -8186 -7402 -7570 -8437 -7621 -7398 -7121 -7164 -7101 -7718 -6640 -6535 -6975 -6184 -6253 -6037 -6080 -6060 -5983 -6604 -5920 -5625 -5630 -5448 -5255 -5065 -5320 -5103 -5082 -5065 -4968 -4789 -5589 -4761 -4680 -4671 -4455 -4505 -4341 -4135 -4195 -4210 -4055 -4074 -4333 -4052 -3858 -3799 -3852 -3417 -3561 -3481 -3326 -3293 -3804 -3262 -2905 -2929 -3099 -2980 -2875 -2771 -2488 -2487 -2209 -2745 -2628 -2290 -2268 -2119 -1829 -1829 -1814 -1879 -1790 -1517 -1786 -1640 -1525 -1276 -1233 -1078 -1127 -923 -1020 -853 -771 -837 -541 -557 -724 -118 -351 -126 2 -100 0 100 -2 126 351 118 724 557 541 837 771 853 1020 923 1127 1078 1233 1276 1525 1640 1786 1517 1790 1879 1814 1829 1829 2119 2268 2290 2628 2745 2209 2487 2488 2771 2875 2980 3099 2929 2905 3262 3804 3293 3326 3481 3561 3417 3852 3799 3858 4052 4333 4074 4055 4210 4195 4135 4341 4505 4455 4671 4680 4761 5589 4789 4968 5065 5082 5103 5320 5065 5255 5448 5630 5625 5920 6604 5983 6060 6080 6037 6253 6184 6975 6535 6640 7718 7101 7164 7121 7398 7621 8437 7570 7402 8186 8281 9461 8277 8633 8450 9485 8854 10181 10254 10051 10014 11177
379 -1329 2353 -3593 3961 1085 -5596 102 -2719 2748 6048 -1496 4125 -2490 1303 -7117 5894 -522 4399 2902 -4537 7392 -6063 682 -8233 -625 -3528 -1711 1930 3314 6000 9056 4679 190 7140 -6617 -2877 3841 -5478 2859 -4086 1299 5456 8075 -9351 6506 -210 -7540 4455 -1813 2174 -5533 -4568 3041 1359 7121 10073 -6734 5174 318 -3310 3751 -8360 6068 2438 -2090 -10480 7420 -4339 -7350 -961 -5487 -6439 1367 6466 -3231 346 9837 5066 2379 7663 -8573 -1208 -5986 -7508 3436 4684 -10894 9680 -4817 -2670 5827 6818 4033 7847 2449 -6816 -8211 -1784 -3777 5062 -5478 10712 8621 1501 4008 -6345 7362 0 -7362 6345 -4008 -1501 -8621 -10712 5478 -5062 3777 1784 8211 6816 -2449 -7847 -4033 -6818 -5827 2670 4817 -9680 10894 -4684 -3436 7508 5986 1208 8573 -7663 -2379 -5066 -9837 -346 3231 -6466 -1367 6439 5487 961 7350 4339 -7420 10480 2090 -2438 -6068 8360 -3751 3310 -318 -5174 6734 -10073 -7121 -1359 -3041 4568 5533 -2174 1813 -4455 7540 210 -6506 9351 -8075 -5456 -1299 4086 -2859 5478 -3841 2877 6617 -7140 -190 -4679 -9056 -6000 -3314 -1930 1711 3528 625 8233 -682 6063 -7392 4537 -2902 -4399 522 -5894 7117 -1303 2490 -4125 1496 -6048 -2748 2719 -102 5596 -1085 -3961 3593 -2353 1329 -379
STRONGHOLDS 9 28 34 53 69 78 92 108 124 138 147 163 182 188 207
4 1 2 5 7
5 0 3 7 8 11
4 0 4 5 9
3 1 6 8
4 2 9 10 12
5 0 2 7 9 14
5 3 8 15 20 22
6 0 1 5 11 14 17
6 1 3 6 11 13 20
6 2 4 5 12 14 19
4 4 12 16 21
5 1 7 8 13 17
6 4 9 10 16 18 19
6 8 11 17 20 26 27
7 5 7 9 17 19 23 28
3 6 22 24
5 10 12 18 21 30
7 7 11 13 14 23 25 27
6 12 16 19 29 30 32
6 9 12 14 18 28 29
7 6 8 13 22 26 38 40
5 10 16 30 31 34
6 6 15 20 24 35 38
6 14 17 25 28 33 41
5 15 22 35 44 47
5 17 23 27 33 46
5 13 20 27 36 40
7 13 17 25 26 36 46 49
6 14 19 23 29 39 41
6 18 19 28 32 37 39
7 16 18 21 32 34 42 45
4 21 34 43 56
6 18 29 30 37 42 48
4 23 25 41 46
5 21 30 31 43 45
6 22 24 38 47 51 57
5 26 27 40 49 60
5 29 32 39 48 53
6 20 22 35 40 51 52
6 28 29 37 41 50 53
6 20 26 36 38 52 60
8 23 28 33 39 46 50 54 59
5 30 32 45 48 58
7 31 34 45 55 56 67 77
4 24 47 62 66
7 30 34 42 43 55 58 63
7 25 27 33 41 49 59 70
5 24 35 44 57 62
6 32 37 42 53 58 61
6 27 36 46 60 65 70
5 39 41 53 54 64
6 35 38 52 57 71 72
6 38 40 51 60 68 71
6 37 39 48 50 61 64
5 41 50 59 64 73
4 43 45 63 67
3 31 43 77
6 35 47 51 62 69 72
6 42 45 48 61 63 78
6 41 46 54 70 73 76
7 36 40 49 52 65 68 75
8 48 53 58 64 78 79 85 86
6 44 47 57 66 69 81
6 45 55 58 67 74 78
6 50 53 54 61 73 79
6 49 60 70 75 82 90
4 44 62 81 87
6 43 55 63 74 77 80
5 52 60 71 75 89
5 57 62 72 81 84
6 46 49 59 65 76 82
6 51 52 68 72 83 89
6 51 57 69 71 83 84
6 54 59 64 76 79 104
6 63 67 78 80 91 92
6 60 65 68 89 90 99
6 59 70 73 82 104 108
6 43 56 67 80 88 102
6 58 61 63 74 86 91
6 61 64 73 85 95 104
6 67 74 77 88 92 94
6 62 66 69 84 87 97
6 65 70 76 90 98 108
6 71 72 84 89 96 101
6 69 72 81 83 96 97
5 61 79 86 93 95
6 61 78 85 91 93 100
5 66 81 97 113 114
5 77 80 94 102 103
6 68 71 75 83 99 101
5 65 75 82 98 99
6 74 78 86 92 100 110
6 74 80 91 94 107 110
5 85 86 95 100 105
5 80 88 92 103 107
7 79 85 93 104 105 117 118
6 83 84 97 101 106 109
6 81 84 87 96 109 113
6 82 90 99 108 112 121
7 75 89 90 98 101 111 121
6 86 91 93 105 110 115
7 83 89 96 99 106 111 116
4 77 88 103 129
6 88 94 102 107 119 129
6 73 76 79 95 108 118
5 93 95 100 115 117
6 96 101 109 116 124 125
6 92 94 103 110 119 120
8 76 82 98 104 112 118 134 140
6 96 97 106 113 122 124
6 91 92 100 107 115 120
5 99 101 116 121 123
6 98 108 121 137 140 143
6 87 97 109 114 122 128
4 87 113 128 139
7 100 105 110 117 120 127 133
6 101 106 111 123 125 130
7 95 105 115 118 126 127 141
6 95 104 108 117 126 134
6 103 107 120 129 132 135
6 107 110 115 119 132 133
7 98 99 111 112 123 131 137
5 109 113 124 128 136
5 111 116 121 130 131
6 106 109 122 125 136 142
6 106 116 124 130 138 142
5 117 118 134 141 151
6 115 117 133 141 145 148
5 113 114 122 136 139
5 102 103 119 135 150
6 116 123 125 131 138 155
5 121 123 130 137 155
6 119 120 133 135 144 147
6 115 120 127 132 144 145
6 108 118 126 140 146 151
6 119 129 132 147 150 154
6 122 124 128 139 142 149
6 112 121 131 143 152 155
6 125 130 142 153 155 158
6 114 128 136 149 160 173
6 108 112 134 143 146 157
6 117 126 127 148 151 156
6 124 125 136 138 149 153
6 112 137 140 152 157 162
6 132 133 145 147 159 165
6 127 133 144 148 164 165
6 134 140 151 157 167 170
5 132 135 144 154 159
5 127 141 145 156 164
6 136 139 142 153 161 173
4 129 135 154 172
6 126 134 141 146 156 167
6 137 143 155 162 163 166
6 138 142 149 158 161 171
6 135 147 150 159 169 172
8 130 131 137 138 152 158 163 168
7 141 148 151 164 167 176 180
6 140 143 146 162 170 175
6 138 153 155 168 171 174
6 144 147 154 165 169 181
3 139 173 185
4 149 153 171 173
5 143 152 157 166 175
6 152 155 166 168 177 179
6 145 148 156 165 176 178
6 144 145 159 164 178 181
5 152 162 163 175 177
6 146 151 156 170 180 189
6 155 158 163 174 179 184
5 154 159 172 181 192
7 146 157 167 175 183 189 191
7 153 158 161 173 174 182 186
4 150 154 169 192
7 139 149 160 161 171 182 185
5 158 168 171 184 186
8 157 162 166 170 177 183 188 193
6 156 164 178 180 190 196
6 163 166 175 179 187 188
6 164 165 176 181 194 196
5 163 168 177 184 187
5 156 167 176 189 190
6 159 165 169 178 192 194
5 171 173 185 186 195
4 170 175 191 193
6 168 174 179 186 187 198
4 160 173 182 195
7 171 174 182 184 195 198 200
6 177 179 184 188 197 198
6 175 177 187 193 197 202
7 167 170 180 190 191 199 203
5 176 180 189 196 203
5 170 183 189 193 199
5 169 172 181 194 201
6 175 183 188 191 199 202
6 178 181 192 196 201 210
5 182 185 186 200 206
7 176 178 190 194 203 208 210
6 187 188 198 202 204 207
6 184 186 187 197 200 204
7 189 191 193 202 203 205 209
5 186 195 198 204 206
3 192 194 210
7 188 193 197 199 207 209 211
6 189 190 196 199 205 208
6 197 198 200 206 207 212
5 199 203 208 209 215
4 195 200 204 212
6 197 202 204 211 212 214
6 196 203 205 210 213 215
6 199 202 205 211 215 216
5 194 196 201 208 213
5 202 207 209 214 216
4 204 206 207 214
3 208 210 215
4 207 211 212 216
5 205 208 209 213 216
4 209 211 214 215
END MAP
TURN 1
COMMAND LEFT START
MOVE A1 9
MOVE A2 108
COMMAND LEFT END
COMMAND RIGHT START
MOVE B2 207
MOVE B3 188
UPGRADE 216
COMMAND RIGHT END
TURN 1 RESULT
TIME LEFT 8 5 RIGHT 0 5
UPGRADE B 216
MOVE A1 2
MOVE A2 7
MOVE B2 214
MOVE B3 211
END TURN 1
TURN 2
COMMAND LEFT START
COMMAND LEFT END
COMMAND RIGHT START
COMMAND RIGHT END
TURN 2 RESULT
TIME LEFT 0 5 RIGHT 0 5
MOVE A1 9
MOVE A2 17
MOVE B2 207
MOVE B3 202
END TURN 2
TURN 3
COMMAND LEFT START
UPGRADE 9
COMMAND LEFT END
COMMAND RIGHT START
MOVE B2 216
COMMAND RIGHT END
TURN 3 RESULT
TIME LEFT 0 5 RIGHT 0 5
UPGRADE A 9
MOVE A2 25
MOVE B2 214
MOVE B3 188
END TURN 3
TURN 4
COMMAND LEFT START
COMMAND LEFT END
COMMAND RIGHT START
MOVE B3 207
COMMAND RIGHT END
TURN 4 RESULT
TIME LEFT 0 5 RIGHT 0 5
MOVE A2 46
MOVE B2 216
MOVE B3 197
END TURN 4
TURN 5
COMMAND LEFT START
COMMAND LEFT END
COMMAND RIGHT START
COMMAND RIGHT END
TURN 5 RESULT
TIME LEFT 0 5 RIGHT 0 5
MOVE A2 59
MOVE B3 207
END TURN 5
TURN 6
COMMAND LEFT START
COMMAND LEFT END
COMMAND RIGHT START
COMMAND RIGHT END
TURN 6 RESULT
TIME LEFT 0 5 RIGHT 0 5
MOVE A2 76
END TURN 6
TURN 7
COMMAND LEFT START
COMMAND LEFT END
COMMAND RIGHT START
COMMAND RIGHT END
TURN 7 RESULT
TIME LEFT 0 5 RIGHT 0 5
MOVE A2 108
END TURN 7
TURN 8
COMMAND LEFT START
COMMAND LEFT END
COMMAND RIGHT START
COMMAND RIGHT END
TURN 8 RESULT
TIME LEFT 0 5 RIGHT 0 5
END TURN 8
TURN 9
COMMAND LEFT START
COMMAND LEFT END
COMMAND RIGHT START
COMMAND RIGHT END
TURN 9 RESULT
TIME LEFT 0 5 RIGHT 0 5
END TURN 9
TURN 10
COMMAND LEFT START
COMMAND LEFT END
COMMAND RIGHT START
COMMAND RIGHT END
TURN 10 RESULT
TIME LEFT 0 5 RIGHT 0 5
END TURN 10
TURN 11
COMMAND LEFT START
COMMAND LEFT END
COMMAND RIGHT START
COMMAND RIGHT END
TURN 11 RESULT
TIME LEFT 0 5 RIGHT 0 5
END TURN 11
TURN 12
COMMAND LEFT START
COMMAND LEFT END
COMMAND RIGHT START
COMMAND RIGHT END
TURN 12 RESULT
TIME LEFT 0 5 RIGHT 0 5
END TURN 12
TURN 13
COMMAND LEFT START
COMMAND LEFT END
COMMAND RIGHT START
COMMAND RIGHT END
TURN 13 RESULT
TIME LEFT 0 5 RIGHT 0 5
END TURN 13
TURN 14
COMMAND LEFT START
UPGRADE 108
COMMAND LEFT END
COMMAND RIGHT START
COMMAND RIGHT END
TURN 14 RESULT
TIME LEFT 0 5 RIGHT 0 5
UPGRADE A 108
END TURN 14
TURN 15
COMMAND LEFT START
COMMAND LEFT END
COMMAND RIGHT START
COMMAND RIGHT END
TURN 15 RESULT
TIME LEFT 0 5 RIGHT 0 5
END TURN 15
TURN 16
COMMAND LEFT START
COMMAND LEFT END
COMMAND RIGHT START
COMMAND RIGHT END
TURN 16 RESULT
TIME LEFT 0 5 RIGHT 0 5
END TURN 16
TURN 17
COMMAND LEFT START
TRAIN 1
COMMAND LEFT END
COMMAND RIGHT START
COMMAND RIGHT END
TURN 17 RESULT
TIME LEFT 0 5 RIGHT 0 5
TRAIN A4
END TURN 17
TURN 18
COMMAND LEFT START
COMMAND LEFT END
COMMAND RIGHT START
COMMAND RIGHT END
TURN 18 RESULT
TIME LEFT 0 5 RIGHT 0 5
END TURN 18
TURN 19
COMMAND LEFT START
COMMAND LEFT END
COMMAND RIGHT START
UPGRADE 207
COMMAND RIGHT END
TURN 19 RESULT
TIME LEFT 0 5 RIGHT 0 5
UPGRADE B 207
END TURN 19
TURN 20
COMMAND LEFT START
COMMAND LEFT END
COMMAND RIGHT START
COMMAND RIGHT END
TURN 20 RESULT
TIME LEFT 0 5 RIGHT 0 5
END TURN 20
TURN 21
COMMAND LEFT START
COMMAND LEFT END
COMMAND RIGHT START
COMMAND RIGHT END
TURN 21 RESULT
TIME LEFT 0 5 RIGHT 0 5
END TURN 21
TURN 22
COMMAND LEFT START
COMMAND LEFT END
COMMAND RIGHT START
COMMAND RIGHT END
TURN 22 RESULT
TIME LEFT 0 5 RIGHT 0 5
END TURN 22
TURN 23
COMMAND LEFT START
COMMAND LEFT END
COMMAND RIGHT START
COMMAND RIGHT END
TURN 23 RESULT
TIME LEFT 0 5 RIGHT 0 5
END TURN 23
TURN 24
COMMAND LEFT START
COMMAND LEFT END
COMMAND RIGHT START
COMMAND RIGHT END
TURN 24 RESULT
TIME LEFT 0 5 RIGHT 0 5
END TURN 24
TURN 25
COMMAND LEFT START
COMMAND LEFT END
COMMAND RIGHT START
COMMAND RIGHT END
TURN 25 RESULT
TIME LEFT 0 5 RIGHT 0 5
END TURN 25
TURN 26
COMMAND LEFT START
COMMAND LEFT END
COMMAND RIGHT START
TRAIN 1
COMMAND RIGHT END
TURN 26 RESULT
TIME LEFT 0 5 RIGHT 0 5
TRAIN B4
END TURN 26
TURN 27
COMMAND LEFT START
COMMAND LEFT END
COMMAND RIGHT START
MOVE B4 188
COMMAND RIGHT END
TURN 27 RESULT
TIME LEFT 0 5 RIGHT 0 5
MOVE B4 211
END TURN 27
TURN 28
COMMAND LEFT START
MOVE A3 28
COMMAND LEFT END
COMMAND RIGHT START
COMMAND RIGHT END
TURN 28 RESULT
TIME LEFT 0 5 RIGHT 0 5
MOVE A3 5
MOVE B4 202
END TURN 28
TURN 29
COMMAND LEFT START
COMMAND LEFT END
COMMAND RIGHT START
COMMAND RIGHT END
TURN 29 RESULT
TIME LEFT 0 5 RIGHT 0 5
MOVE A3 14
MOVE B4 188
END TURN 29
TURN 30
COMMAND LEFT START
COMMAND LEFT END
COMMAND RIGHT START
COMMAND RIGHT END
TURN 30 RESULT
TIME LEFT 0 5 RIGHT 0 5
MOVE A3 28
END TURN 30
TURN 31
COMMAND LEFT START
UPGRADE 28
COMMAND LEFT END
COMMAND RIGHT START
COMMAND RIGHT END
TURN 31 RESULT
TIME LEFT 0 5 RIGHT 0 5
UPGRADE A 28
END TURN 31
TURN 32
COMMAND LEFT START
COMMAND LEFT END
COMMAND RIGHT START
COMMAND RIGHT END
TURN 32 RESULT
TIME LEFT 0 5 RIGHT 0 5
END TURN 32
TURN 33
COMMAND LEFT START
TRAIN 1
COMMAND LEFT END
COMMAND RIGHT START
COMMAND RIGHT END
TURN 33 RESULT
TIME LEFT 0 5 RIGHT 0 5
TRAIN A5
END TURN 33
TURN 34
COMMAND LEFT START
COMMAND LEFT END
COMMAND RIGHT START
COMMAND RIGHT END
TURN 34 RESULT
TIME LEFT 0 5 RIGHT 0 5
END TURN 34
TURN 35
COMMAND LEFT START
COMMAND LEFT END
COMMAND RIGHT START
COMMAND RIGHT END
TURN 35 RESULT
TIME LEFT 0 5 RIGHT 0 5
END TURN 35
TURN 36
COMMAND LEFT START
COMMAND LEFT END
COMMAND RIGHT START
UPGRADE 188
COMMAND RIGHT END
TURN 36 RESULT
TIME LEFT 0 5 RIGHT 0 5
UPGRADE B 188
END TURN 36
TURN 37
COMMAND LEFT START
COMMAND LEFT END
COMMAND RIGHT START
COMMAND RIGHT END
TURN 37 RESULT
TIME LEFT 0 5 RIGHT 0 5
END TURN 37
TURN 38
COMMAND LEFT START
COMMAND LEFT END
COMMAND RIGHT START
COMMAND RIGHT END
TURN 38 RESULT
TIME LEFT 0 5 RIGHT 0 5
END TURN 38
TURN 39
COMMAND LEFT START
MOVE A5 53
COMMAND LEFT END
COMMAND RIGHT START
COMMAND RIGHT END
TURN 39 RESULT
TIME LEFT 0 5 RIGHT 0 5
MOVE A5 5
END TURN 39
TURN 40
COMMAND LEFT START
COMMAND LEFT END
COMMAND RIGHT START
COMMAND RIGHT END
TURN 40 RESULT
TIME LEFT 0 5 RIGHT 0 5
MOVE A5 14
END TURN 40
TURN 41
COMMAND LEFT START
COMMAND LEFT END
COMMAND RIGHT START
TRAIN 1
COMMAND RIGHT END
TURN 41 RESULT
TIME LEFT 0 5 RIGHT 0 5
TRAIN B5
MOVE A5 28
END TURN 41
TURN 42
COMMAND LEFT START
COMMAND LEFT END
COMMAND RIGHT START
MOVE B5 163
COMMAND RIGHT END
TURN 42 RESULT
TIME LEFT 0 5 RIGHT 0 5
MOVE A5 39
MOVE B5 211
END TURN 42
TURN 43
COMMAND LEFT START
COMMAND LEFT END
COMMAND RIGHT START
COMMAND RIGHT END
TURN 43 RESULT
TIME LEFT 0 5 RIGHT 0 5
MOVE A5 53
MOVE B5 202
END TURN 43
TURN 44
COMMAND LEFT START
UPGRADE 53
COMMAND LEFT END
COMMAND RIGHT START
COMMAND RIGHT END
TURN 44 RESULT
TIME LEFT 0 5 RIGHT 0 5
UPGRADE A 53
MOVE B5 188
END TURN 44
TURN 45
COMMAND LEFT START
COMMAND LEFT END
COMMAND RIGHT START
COMMAND RIGHT END
TURN 45 RESULT
TIME LEFT 0 5 RIGHT 0 5
MOVE B5 177
END TURN 45
TURN 46
COMMAND LEFT START
COMMAND LEFT END
COMMAND RIGHT START
COMMAND RIGHT END
TURN 46 RESULT
TIME LEFT 0 5 RIGHT 0 5
MOVE B5 163
END TURN 46
TURN 47
COMMAND LEFT START
COMMAND LEFT END
COMMAND RIGHT START
COMMAND RIGHT END
TURN 47 RESULT
TIME LEFT 0 5 RIGHT 0 5
END TURN 47
TURN 48
COMMAND LEFT START
COMMAND LEFT END
COMMAND RIGHT START
COMMAND RIGHT END
TURN 48 RESULT
TIME LEFT 0 5 RIGHT 0 5
END TURN 48
TURN 49
COMMAND LEFT START
COMMAND LEFT END
COMMAND RIGHT START
UPGRADE 163
COMMAND RIGHT END
TURN 49 RESULT
TIME LEFT 0 5 RIGHT 0 5
UPGRADE B 163
END TURN 49
TURN 50
COMMAND LEFT START
COMMAND LEFT END
COMMAND RIGHT START
COMMAND RIGHT END
TURN 50 RESULT
TIME LEFT 0 5 RIGHT 0 5
END TURN 50
TURN 51
COMMAND LEFT START
COMMAND LEFT END
COMMAND RIGHT START
COMMAND RIGHT END
TURN 51 RESULT
TIME LEFT 0 5 RIGHT 0 5
END TURN 51
TURN 52
COMMAND LEFT START
COMMAND LEFT END
COMMAND RIGHT START
COMMAND RIGHT END
TURN 52 RESULT
TIME LEFT 0 5 RIGHT 0 5
END TURN 52
TURN 53
COMMAND LEFT START
UPGRADE 0
COMMAND LEFT END
COMMAND RIGHT START
TRAIN 1
COMMAND RIGHT END
TURN 53 RESULT
TIME LEFT 0 5 RIGHT 0 5
UPGRADE A 0
TRAIN B6
END TURN 53
TURN 54
COMMAND LEFT START
COMMAND LEFT END
COMMAND RIGHT START
MOVE B6 182
COMMAND RIGHT END
TURN 54 RESULT
TIME LEFT 0 5 RIGHT 0 5
MOVE B6 214
END TURN 54
TURN 55
COMMAND LEFT START
TRAIN 1
COMMAND LEFT END
COMMAND RIGHT START
COMMAND RIGHT END
TURN 55 RESULT
TIME LEFT 0 5 RIGHT 0 5
TRAIN A6
MOVE B6 207
END TURN 55
TURN 56
COMMAND LEFT START
COMMAND LEFT END
COMMAND RIGHT START
COMMAND RIGHT END
TURN 56 RESULT
TIME LEFT 0 5 RIGHT 0 5
MOVE B6 204
END TURN 56
TURN 57
COMMAND LEFT START
COMMAND LEFT END
COMMAND RIGHT START
COMMAND RIGHT END
TURN 57 RESULT
TIME LEFT 0 5 RIGHT 0 5
MOVE B6 198
END TURN 57
TURN 58
COMMAND LEFT START
COMMAND LEFT END
COMMAND RIGHT START
COMMAND RIGHT END
TURN 58 RESULT
TIME LEFT 0 5 RIGHT 0 5
MOVE B6 186
END TURN 58
TURN 59
COMMAND LEFT START
COMMAND LEFT END
COMMAND RIGHT START
COMMAND RIGHT END
TURN 59 RESULT
TIME LEFT 0 5 RIGHT 0 5
MOVE B6 182
END TURN 59
TURN 60
COMMAND LEFT START
COMMAND LEFT END
COMMAND RIGHT START
UPGRADE 182
COMMAND RIGHT END
TURN 60 RESULT
TIME LEFT 0 5 RIGHT 0 5
UPGRADE B 182
END TURN 60
TURN 61
COMMAND LEFT START
COMMAND LEFT END
COMMAND RIGHT START
COMMAND RIGHT END
TURN 61 RESULT
TIME LEFT 0 5 RIGHT 0 5
END TURN 61
TURN 62
COMMAND LEFT START
UPGRADE 9
COMMAND LEFT END
COMMAND RIGHT START
TRAIN 1
COMMAND RIGHT END
TURN 62 RESULT
TIME LEFT 0 5 RIGHT 0 5
UPGRADE A 9
TRAIN B7
END TURN 62
TURN 63
COMMAND LEFT START
COMMAND LEFT END
COMMAND RIGHT START
MOVE B7 138
COMMAND RIGHT END
TURN 63 RESULT
TIME LEFT 0 5 RIGHT 0 5
MOVE B7 211
END TURN 63
TURN 64
COMMAND LEFT START
TRAIN 1
COMMAND LEFT END
COMMAND RIGHT START
COMMAND RIGHT END
TURN 64 RESULT
TIME LEFT 0 5 RIGHT 0 5
TRAIN A7
MOVE B7 202
END TURN 64
TURN 65
COMMAND LEFT START
MOVE A4 9
COMMAND LEFT END
COMMAND RIGHT START
COMMAND RIGHT END
TURN 65 RESULT
TIME LEFT 0 5 RIGHT 0 5
MOVE A4 2
MOVE B7 188
END TURN 65
TURN 66
COMMAND LEFT START
COMMAND LEFT END
COMMAND RIGHT START
COMMAND RIGHT END
TURN 66 RESULT
TIME LEFT 0 5 RIGHT 0 5
MOVE A4 9
MOVE B7 177
END TURN 66
TURN 67
COMMAND LEFT START
COMMAND LEFT END
COMMAND RIGHT START
COMMAND RIGHT END
TURN 67 RESULT
TIME LEFT 0 5 RIGHT 0 5
MOVE B7 163
END TURN 67
TURN 68
COMMAND LEFT START
COMMAND LEFT END
COMMAND RIGHT START
COMMAND RIGHT END
TURN 68 RESULT
TIME LEFT 0 5 RIGHT 0 5
MOVE B7 155
END TURN 68
TURN 69
COMMAND LEFT START
COMMAND LEFT END
COMMAND RIGHT START
COMMAND RIGHT END
TURN 69 RESULT
TIME LEFT 0 5 RIGHT 0 5
MOVE B7 138
END TURN 69
TURN 70
COMMAND LEFT START
UPGRADE 28
COMMAND LEFT END
COMMAND RIGHT START
UPGRADE 138
TRAIN 1
COMMAND RIGHT END
TURN 70 RESULT
TIME LEFT 0 5 RIGHT 0 5
UPGRADE A 28
UPGRADE B 138
TRAIN B8
END TURN 70
TURN 71
COMMAND LEFT START
TRAIN 1
COMMAND LEFT END
COMMAND RIGHT START
MOVE B8 147
COMMAND RIGHT END
TURN 71 RESULT
TIME LEFT 0 5 RIGHT 0 5
TRAIN A8
MOVE B8 215
END TURN 71
TURN 72
COMMAND LEFT START
MOVE A6 28
COMMAND LEFT END
COMMAND RIGHT START
COMMAND RIGHT END
TURN 72 RESULT
TIME LEFT 0 5 RIGHT 0 5
MOVE A6 5
MOVE B8 208
END TURN 72
TURN 73
COMMAND LEFT START
COMMAND LEFT END
COMMAND RIGHT START
COMMAND RIGHT END
TURN 73 RESULT
TIME LEFT 0 5 RIGHT 0 5
MOVE A6 14
MOVE B8 196
END TURN 73
TURN 74
COMMAND LEFT START
COMMAND LEFT END
COMMAND RIGHT START
COMMAND RIGHT END
TURN 74 RESULT
TIME LEFT 0 5 RIGHT 0 5
MOVE A6 28
MOVE B8 194
END TURN 74
TURN 75
COMMAND LEFT START
COMMAND LEFT END
COMMAND RIGHT START
COMMAND RIGHT END
TURN 75 RESULT
TIME LEFT 0 5 RIGHT 0 5
MOVE B8 181
END TURN 75
TURN 76
COMMAND LEFT START
COMMAND LEFT END
COMMAND RIGHT START
COMMAND RIGHT END
TURN 76 RESULT
TIME LEFT 0 5 RIGHT 0 5
MOVE B8 159
END TURN 76
TURN 77
COMMAND LEFT START
UPGRADE 53
COMMAND LEFT END
COMMAND RIGHT START
COMMAND RIGHT END
TURN 77 RESULT
TIME LEFT 0 5 RIGHT 0 5
UPGRADE A 53
MOVE B8 147
END TURN 77
TURN 78
COMMAND LEFT START
TRAIN 1
COMMAND LEFT END
COMMAND RIGHT START
UPGRADE 147
TRAIN 1
COMMAND RIGHT END
TURN 78 RESULT
TIME LEFT 0 5 RIGHT 0 5
UPGRADE B 147
TRAIN A9 B9
END TURN 78
TURN 79
COMMAND LEFT START
MOVE A7 53
COMMAND LEFT END
COMMAND RIGHT START
MOVE B9 124
COMMAND RIGHT END
TURN 79 RESULT
TIME LEFT 0 5 RIGHT 0 5
MOVE A7 5
MOVE B9 214
END TURN 79
TURN 80
COMMAND LEFT START
COMMAND LEFT END
COMMAND RIGHT START
COMMAND RIGHT END
TURN 80 RESULT
TIME LEFT 0 5 RIGHT 0 5
MOVE A7 14
MOVE B9 207
END TURN 80
TURN 81
COMMAND LEFT START
COMMAND LEFT END
COMMAND RIGHT START
COMMAND RIGHT END
TURN 81 RESULT
TIME LEFT 0 5 RIGHT 0 5
MOVE A7 28
MOVE B9 197
END TURN 81
TURN 82
COMMAND LEFT START
COMMAND LEFT END
COMMAND RIGHT START
COMMAND RIGHT END
TURN 82 RESULT
TIME LEFT 0 5 RIGHT 0 5
MOVE A7 39
MOVE B9 187
END TURN 82
TURN 83
COMMAND LEFT START
COMMAND LEFT END
COMMAND RIGHT START
COMMAND RIGHT END
TURN 83 RESULT
TIME LEFT 0 5 RIGHT 0 5
MOVE A7 53
MOVE B9 179
END TURN 83
TURN 84
COMMAND LEFT START
UPGRADE 108
COMMAND LEFT END
COMMAND RIGHT START
TRAIN 1
COMMAND RIGHT END
TURN 84 RESULT
TIME LEFT 0 5 RIGHT 0 5
UPGRADE A 108
TRAIN B10
MOVE B9 168
END TURN 84
TURN 85
COMMAND LEFT START
TRAIN 1
COMMAND LEFT END
COMMAND RIGHT START
MOVE B10 17
TRAIN 1
COMMAND RIGHT END
TURN 85 RESULT
TIME LEFT 0 5 RIGHT 0 5
TRAIN A10 B11
MOVE B9 158
MOVE B10 209
END TURN 85
TURN 86
COMMAND LEFT START
MOVE A8 108
COMMAND LEFT END
COMMAND RIGHT START
MOVE B11 17
COMMAND RIGHT END
TURN 86 RESULT
TIME LEFT 0 5 RIGHT 0 5
MOVE A8 7
MOVE B9 153
MOVE B10 199
MOVE B11 209
END TURN 86
TURN 87
COMMAND LEFT START
COMMAND LEFT END
COMMAND RIGHT START
TRAIN 1
COMMAND RIGHT END
TURN 87 RESULT
TIME LEFT 0 5 RIGHT 0 5
TRAIN B12
MOVE A8 17
MOVE B9 142
MOVE B10 191
MOVE B11 199
END TURN 87
TURN 88
COMMAND LEFT START
COMMAND LEFT END
COMMAND RIGHT START
TRAIN 1
COMMAND RIGHT END
TURN 88 RESULT
TIME LEFT 0 5 RIGHT 0 5
TRAIN B13
MOVE A8 25
MOVE B9 124
MOVE B10 170
MOVE B11 191
END TURN 88
TURN 89
COMMAND LEFT START
COMMAND LEFT END
COMMAND RIGHT START
UPGRADE 124
TRAIN 1
COMMAND RIGHT END
TURN 89 RESULT
TIME LEFT 0 5 RIGHT 0 5
UPGRADE B 124
TRAIN B14
MOVE A8 46
MOVE B10 157
MOVE B11 170
END TURN 89
TURN 90
COMMAND LEFT START
UPGRADE 9
COMMAND LEFT END
COMMAND RIGHT START
TRAIN 1
COMMAND RIGHT END
TURN 90 RESULT
TIME LEFT 0 5 RIGHT 0 5
UPGRADE A 9
TRAIN B15
MOVE A8 59
MOVE B10 140
MOVE B11 157
END TURN 90
TURN 91
COMMAND LEFT START
TRAIN 1
COMMAND LEFT END
COMMAND RIGHT START
TRAIN 1
COMMAND RIGHT END
TURN 91 RESULT
TIME LEFT 0 5 RIGHT 0 5
TRAIN A11 B16
MOVE A8 76
MOVE B10 108
MOVE B11 140
DAMAGE TURRET B10 1
DAMAGE COMBAT A2 1
DAMAGE COMBAT B10 1
END TURN 91
TURN 92
COMMAND LEFT START
MOVE A9 9
COMMAND LEFT END
COMMAND RIGHT START
COMMAND RIGHT END
TURN 92 RESULT
TIME LEFT 0 5 RIGHT 0 5
MOVE A8 108
MOVE A9 2
MOVE B11 108
DAMAGE TURRET B10 1
DAMAGE COMBAT A2 2
DAMAGE COMBAT B10 2
END TURN 92
TURN 93
COMMAND LEFT START
COMMAND LEFT END
COMMAND RIGHT START
MOVE B12 17
TRAIN 1
COMMAND RIGHT END
TURN 93 RESULT
TIME LEFT 0 5 RIGHT 0 5
TRAIN B17
MOVE A9 9
MOVE B12 209
DAMAGE TURRET B11 1
DAMAGE COMBAT A2 1
DAMAGE COMBAT B11 2
END TURN 93
TURN 94
COMMAND LEFT START
TRAIN 1
COMMAND LEFT END
COMMAND RIGHT START
TRAIN 1
COMMAND RIGHT END
TURN 94 RESULT
TIME LEFT 0 5 RIGHT 0 5
TRAIN A12 B18
MOVE B12 199
DAMAGE TURRET B11 1
DAMAGE COMBAT A8 1
DAMAGE COMBAT B11 1
END TURN 94
TURN 95
COMMAND LEFT START
MOVE A10 108
COMMAND LEFT END
COMMAND RIGHT START
MOVE B13 17
TRAIN 1
COMMAND RIGHT END
TURN 95 RESULT
TIME LEFT 0 5 RIGHT 0 5
TRAIN B19
MOVE A10 7
MOVE B12 191
MOVE B13 209
END TURN 95
TURN 96
COMMAND LEFT START
COMMAND LEFT END
COMMAND RIGHT START
TRAIN 1
COMMAND RIGHT END
TURN 96 RESULT
TIME LEFT 0 5 RIGHT 0 5
TRAIN B20
MOVE A10 17
MOVE B12 170
MOVE B13 199
END TURN 96
TURN 97
COMMAND LEFT START
UPGRADE 28
COMMAND LEFT END
COMMAND RIGHT START
COMMAND RIGHT END
TURN 97 RESULT
TIME LEFT 0 5 RIGHT 0 5
UPGRADE A 28
MOVE A10 25
MOVE B12 157
MOVE B13 191
END TURN 97
TURN 98
COMMAND LEFT START
TRAIN 1
COMMAND LEFT END
COMMAND RIGHT START
TRAIN 1
COMMAND RIGHT END
TURN 98 RESULT
TIME LEFT 0 5 RIGHT 0 5
TRAIN A13 B21
MOVE A10 46
MOVE B12 140
MOVE B13 170
END TURN 98
TURN 99
COMMAND LEFT START
MOVE A11 28
COMMAND LEFT END
COMMAND RIGHT START
TRAIN 1
COMMAND RIGHT END
TURN 99 RESULT
TIME LEFT 0 5 RIGHT 0 5
TRAIN B22
MOVE A10 59
MOVE A11 5
MOVE B12 108
MOVE B13 157
DAMAGE TURRET B12 1
DAMAGE COMBAT A8 1
DAMAGE COMBAT B12 1
END TURN 99
TURN 100
COMMAND LEFT START
COMMAND LEFT END
COMMAND RIGHT START
TRAIN 1
COMMAND RIGHT END
TURN 100 RESULT
TIME LEFT 0 5 RIGHT 0 5
TRAIN B23
MOVE A10 76
MOVE A11 14
MOVE B13 140
DAMAGE TURRET B12 1
DAMAGE COMBAT A8 1
DAMAGE COMBAT B12 1
END TURN 100
TURN 101
COMMAND LEFT START
COMMAND LEFT END
COMMAND RIGHT START
TRAIN 1
COMMAND RIGHT END
TURN 101 RESULT
TIME LEFT 0 5 RIGHT 0 5
TRAIN B24
MOVE A10 108
MOVE A11 28
MOVE B13 108
DAMAGE TURRET B12 1
DAMAGE COMBAT A8 2
DAMAGE COMBAT B13 2
END TURN 101
TURN 102
COMMAND LEFT START
TRAIN 1
COMMAND LEFT END
COMMAND RIGHT START
MOVE B14 17
COMMAND RIGHT END
TURN 102 RESULT
TIME LEFT 0 5 RIGHT 0 5
TRAIN A14
MOVE B14 209
DAMAGE TURRET B13 1
DAMAGE COMBAT A10 1
DAMAGE COMBAT B13 1
END TURN 102
TURN 103
COMMAND LEFT START
TRAIN 1
COMMAND LEFT END
COMMAND RIGHT START
TRAIN 1
COMMAND RIGHT END
TURN 103 RESULT
TIME LEFT 0 5 RIGHT 0 5
TRAIN A15 B25
MOVE B14 199
DAMAGE TURRET B13 1
DAMAGE COMBAT A10 1
END TURN 103
TURN 104
COMMAND LEFT START
MOVE A12 108
UPGRADE 53
COMMAND LEFT END
COMMAND RIGHT START
MOVE B15 17
TRAIN 1
COMMAND RIGHT END
TURN 104 RESULT
TIME LEFT 0 5 RIGHT 0 5
UPGRADE A 53
TRAIN B26
MOVE A12 7
MOVE B14 191
MOVE B15 209
END TURN 104
TURN 105
COMMAND LEFT START
MOVE A13 53
COMMAND LEFT END
COMMAND RIGHT START
TRAIN 1
COMMAND RIGHT END
TURN 105 RESULT
TIME LEFT 0 5 RIGHT 0 5
TRAIN B27
MOVE A12 17
MOVE A13 5
MOVE B14 170
MOVE B15 199
END TURN 105
TURN 106
COMMAND LEFT START
COMMAND LEFT END
COMMAND RIGHT START
COMMAND RIGHT END
TURN 106 RESULT
TIME LEFT 0 5 RIGHT 0 5
MOVE A12 25
MOVE A13 14
MOVE B14 157
MOVE B15 191
END TURN 106
TURN 107
COMMAND LEFT START
COMMAND LEFT END
COMMAND RIGHT START
TRAIN 1
COMMAND RIGHT END
TURN 107 RESULT
TIME LEFT 0 5 RIGHT 0 5
TRAIN B28
MOVE A12 46
MOVE A13 28
MOVE B14 140
MOVE B15 170
END TURN 107
TURN 108
COMMAND LEFT START
UPGRADE 108
COMMAND LEFT END
COMMAND RIGHT START
TRAIN 1
COMMAND RIGHT END
TURN 108 RESULT
TIME LEFT 0 5 RIGHT 0 5
UPGRADE A 108
TRAIN B29
MOVE A12 59
MOVE A13 39
MOVE B14 108
MOVE B15 157
DAMAGE TURRET B14 2
DAMAGE COMBAT A10 1
DAMAGE COMBAT B14 1
END TURN 108
TURN 109
COMMAND LEFT START
TRAIN 1
COMMAND LEFT END
COMMAND RIGHT START
COMMAND RIGHT END
TURN 109 RESULT
TIME LEFT 0 5 RIGHT 0 5
TRAIN A16
MOVE A12 76
MOVE A13 53
MOVE B15 140
DAMAGE TURRET B14 2
DAMAGE COMBAT A10 1
END TURN 109
TURN 110
COMMAND LEFT START
MOVE A14 108
COMMAND LEFT END
COMMAND RIGHT START
MOVE B16 17
TRAIN 1
COMMAND RIGHT END
TURN 110 RESULT
TIME LEFT 0 5 RIGHT 0 5
TRAIN B30
MOVE A12 108
MOVE A14 7
MOVE B15 108
MOVE B16 209
DAMAGE TURRET B15 2
DAMAGE COMBAT A10 1
DAMAGE COMBAT B15 2
END TURN 110
TURN 111
COMMAND LEFT START
TRAIN 1
COMMAND LEFT END
COMMAND RIGHT START
TRAIN 1
COMMAND RIGHT END
TURN 111 RESULT
TIME LEFT 0 5 RIGHT 0 5
TRAIN A17 B31
MOVE A14 17
MOVE B16 199
DAMAGE TURRET B15 1
DAMAGE COMBAT A12 1
END TURN 111
TURN 112
COMMAND LEFT START
MOVE A15 108
COMMAND LEFT END
COMMAND RIGHT START
MOVE B17 17
COMMAND RIGHT END
TURN 112 RESULT
TIME LEFT 0 5 RIGHT 0 5
MOVE A14 25
MOVE A15 7
MOVE B16 191
MOVE B17 209
END TURN 112
TURN 113
COMMAND LEFT START
COMMAND LEFT END
COMMAND RIGHT START
TRAIN 1
COMMAND RIGHT END
TURN 113 RESULT
TIME LEFT 0 5 RIGHT 0 5
TRAIN B32
MOVE A14 46
MOVE A15 17
MOVE B16 170
MOVE B17 199
END TURN 113
TURN 114
COMMAND LEFT START
COMMAND LEFT END
COMMAND RIGHT START
TRAIN 1
COMMAND RIGHT END
TURN 114 RESULT
TIME LEFT 0 5 RIGHT 0 5
TRAIN B33
MOVE A14 59
MOVE A15 25
MOVE B16 157
MOVE B17 191
END TURN 114
TURN 115
COMMAND LEFT START
COMMAND LEFT END
COMMAND RIGHT START
COMMAND RIGHT END
TURN 115 RESULT
TIME LEFT 0 5 RIGHT 0 5
MOVE A14 76
MOVE A15 46
MOVE B16 140
MOVE B17 170
END TURN 115
TURN 116
COMMAND LEFT START
COMMAND LEFT END
COMMAND RIGHT START
TRAIN 1
COMMAND RIGHT END
TURN 116 RESULT
TIME LEFT 0 5 RIGHT 0 5
TRAIN B34
MOVE A14 108
MOVE A15 59
MOVE B16 108
MOVE B17 157
DAMAGE TURRET B16 2
DAMAGE COMBAT A12 1
DAMAGE COMBAT B16 2
END TURN 116
TURN 117
COMMAND LEFT START
UPGRADE 0
TRAIN 1
COMMAND LEFT END
COMMAND RIGHT START
TRAIN 1
COMMAND RIGHT END
TURN 117 RESULT
TIME LEFT 0 5 RIGHT 0 5
UPGRADE A 0
TRAIN A18 B35
MOVE A15 76
MOVE B17 140
DAMAGE TURRET B16 1
DAMAGE COMBAT A12 1
END TURN 117
TURN 118
COMMAND LEFT START
COMMAND LEFT END
COMMAND RIGHT START
MOVE B18 17
COMMAND RIGHT END
TURN 118 RESULT
TIME LEFT 0 5 RIGHT 0 5
MOVE A15 108
MOVE B17 108
MOVE B18 209
DAMAGE TURRET B17 2
DAMAGE COMBAT A12 1
DAMAGE COMBAT B17 3
END TURN 118
TURN 119
COMMAND LEFT START
COMMAND LEFT END
COMMAND RIGHT START
MOVE B19 17
TRAIN 1
COMMAND RIGHT END
TURN 119 RESULT
TIME LEFT 0 5 RIGHT 0 5
TRAIN B36
MOVE B18 199
MOVE B19 209
END TURN 119
TURN 120
COMMAND LEFT START
COMMAND LEFT END
COMMAND RIGHT START
TRAIN 1
COMMAND RIGHT END
TURN 120 RESULT
TIME LEFT 0 5 RIGHT 0 5
TRAIN B37
MOVE B18 191
MOVE B19 199
END TURN 120
TURN 121
COMMAND LEFT START
TRAIN 1
COMMAND LEFT END
COMMAND RIGHT START
COMMAND RIGHT END
TURN 121 RESULT
TIME LEFT 0 5 RIGHT 0 5
TRAIN A19
MOVE B18 170
MOVE B19 191
END TURN 121
TURN 122
COMMAND LEFT START
TRAIN 2
COMMAND LEFT END
COMMAND RIGHT START
TRAIN 1
COMMAND RIGHT END
TURN 122 RESULT
TIME LEFT 0 5 RIGHT 0 5
TRAIN A20 A21 B38
MOVE B18 157
MOVE B19 170
END TURN 122
TURN 123
COMMAND LEFT START
MOVE A21 34
COMMAND LEFT END
COMMAND RIGHT START
COMMAND RIGHT END
TURN 123 RESULT
TIME LEFT 0 5 RIGHT 0 5
MOVE A21 2
MOVE B18 140
MOVE B19 157
END TURN 123
TURN 124
COMMAND LEFT START
MOVE A20 108
MOVE A19 108
TRAIN 2
COMMAND LEFT END
COMMAND RIGHT START
TRAIN 1
COMMAND RIGHT END
TURN 124 RESULT
TIME LEFT 0 5 RIGHT 0 5
TRAIN A22 A23 B39
MOVE A19 7
MOVE A20 7
MOVE A21 9
MOVE B18 108
MOVE B19 140
DAMAGE TURRET B18 2
DAMAGE COMBAT A12 1
DAMAGE COMBAT B18 3
END TURN 124
TURN 125
COMMAND LEFT START
MOVE A23 108
MOVE A22 108
TRAIN 2
COMMAND LEFT END
COMMAND RIGHT START
MOVE B20 17
TRAIN 1
COMMAND RIGHT END
TURN 125 RESULT
TIME LEFT 0 5 RIGHT 0 5
TRAIN A24 A25 B40
MOVE A19 17
MOVE A20 17
MOVE A21 12
MOVE A22 7
MOVE A23 7
MOVE B19 108
MOVE B20 209
DAMAGE TURRET B19 2
DAMAGE COMBAT A14 1
DAMAGE COMBAT B19 2
END TURN 125
TURN 126
COMMAND LEFT START
TRAIN 2
COMMAND LEFT END
COMMAND RIGHT START
COMMAND RIGHT END
TURN 126 RESULT
TIME LEFT 0 5 RIGHT 0 5
TRAIN A26 A27
MOVE A19 25
MOVE A20 25
MOVE A21 18
MOVE A22 17
MOVE A23 17
MOVE B20 199
DAMAGE TURRET B19 1
DAMAGE COMBAT A14 1
END TURN 126
TURN 127
COMMAND LEFT START
MOVE A27 216
MOVE A26 108
MOVE A25 108
MOVE A24 108
TRAIN 1
COMMAND LEFT END
COMMAND RIGHT START
MOVE B21 17
TRAIN 1
COMMAND RIGHT END
TURN 127 RESULT
TIME LEFT 0 5 RIGHT 0 5
TRAIN A28 B41
MOVE A19 46
MOVE A20 46
MOVE A21 30
MOVE A22 25
MOVE A23 25
MOVE A24 7
MOVE A25 7
MOVE A26 7
MOVE A27 7
MOVE B20 191
MOVE B21 209
END TURN 127
TURN 128
COMMAND LEFT START
MOVE A28 108
TRAIN 2
COMMAND LEFT END
COMMAND RIGHT START
COMMAND RIGHT END
TURN 128 RESULT
TIME LEFT 0 5 RIGHT 0 5
TRAIN A29 A30
MOVE A19 59
MOVE A20 59
MOVE A21 34
MOVE A22 46
MOVE A23 46
MOVE A24 17
MOVE A25 17
MOVE A26 17
MOVE A27 17
MOVE A28 7
MOVE B20 170
MOVE B21 199
END TURN 128
TURN 129
COMMAND LEFT START
MOVE A30 108
MOVE A29 108
UPGRADE 34
COMMAND LEFT END
COMMAND RIGHT START
TRAIN 1
COMMAND RIGHT END
TURN 129 RESULT
TIME LEFT 0 5 RIGHT 0 5
UPGRADE A 34
TRAIN B42
MOVE A19 76
MOVE A20 76
MOVE A22 59
MOVE A23 59
MOVE A24 25
MOVE A25 25
MOVE A26 25
MOVE A27 25
MOVE A28 17
MOVE A29 7
MOVE A30 7
MOVE B20 157
MOVE B21 191
END TURN 129
TURN 130
COMMAND LEFT START
COMMAND LEFT END
COMMAND RIGHT START
MOVE B22 25
MOVE B23 25
MOVE B24 25
MOVE B25 25
MOVE B26 25
MOVE B27 25
MOVE B28 25
MOVE B29 25
MOVE B30 25
MOVE B31 25
MOVE B32 25
MOVE B33 25
MOVE B34 25
MOVE B35 25
MOVE B36 25
MOVE B37 25
MOVE B38 25
MOVE B39 25
MOVE B40 25
MOVE B41 25
MOVE B42 25
COMMAND RIGHT END
TURN 130 RESULT
TIME LEFT 0 5 RIGHT 0 5
MOVE A19 108
MOVE A20 108
MOVE A22 76
MOVE A23 76
MOVE A24 46
MOVE A25 46
MOVE A26 46
MOVE A27 46
MOVE A28 25
MOVE A29 17
MOVE A30 17
MOVE B20 140
MOVE B21 170
MOVE B22 209
MOVE B23 209
MOVE B24 209
MOVE B25 209
MOVE B26 209
MOVE B27 209
MOVE B28 209
MOVE B29 209
MOVE B30 209
MOVE B31 209
MOVE B32 209
MOVE B33 209
MOVE B34 209
MOVE B35 209
MOVE B36 209
MOVE B37 209
MOVE B38 209
MOVE B39 209
MOVE B40 209
MOVE B41 209
MOVE B42 209
END TURN 130
TURN 131
COMMAND LEFT START
UPGRADE 34
COMMAND LEFT END
COMMAND RIGHT START
COMMAND RIGHT END
TURN 131 RESULT
TIME LEFT 0 5 RIGHT 0 5
UPGRADE A 34
MOVE A22 108
MOVE A23 108
MOVE A24 59
MOVE A25 59
MOVE A26 59
MOVE A27 59
MOVE A28 46
MOVE A29 25
MOVE A30 25
MOVE B20 108
MOVE B21 157
MOVE B22 199
MOVE B23 199
MOVE B24 199
MOVE B25 199
MOVE B26 199
MOVE B27 199
MOVE B28 199
MOVE B29 199
MOVE B30 199
MOVE B31 199
MOVE B32 199
MOVE B33 199
MOVE B34 199
MOVE B35 199
MOVE B36 199
MOVE B37 199
MOVE B38 199
MOVE B39 199
MOVE B40 199
MOVE B41 199
MOVE B42 199
DAMAGE TURRET B20 2
DAMAGE COMBAT A14 1
DAMAGE COMBAT B20 3
END TURN 131
TURN 132
COMMAND LEFT START
MOVE A14 34
COMMAND LEFT END
COMMAND RIGHT START
COMMAND RIGHT END
TURN 132 RESULT
TIME LEFT 0 5 RIGHT 0 5
MOVE A14 104
MOVE A24 76
MOVE A25 76
MOVE A26 76
MOVE A27 76
MOVE A28 59
MOVE A29 46
MOVE A30 46
MOVE B21 140
MOVE B22 191
MOVE B23 191
MOVE B24 191
MOVE B25 191
MOVE B26 191
MOVE B27 191
MOVE B28 191
MOVE B29 191
MOVE B30 191
MOVE B31 191
MOVE B32 191
MOVE B33 191
MOVE B34 191
MOVE B35 191
MOVE B36 191
MOVE B37 191
MOVE B38 191
MOVE B39 191
MOVE B40 191
MOVE B41 191
MOVE B42 191
END TURN 132
TURN 133
COMMAND LEFT START
COMMAND LEFT END
COMMAND RIGHT START
TRAIN 1
COMMAND RIGHT END
TURN 133 RESULT
TIME LEFT 0 5 RIGHT 0 5
TRAIN B43
MOVE A14 79
MOVE A24 108
MOVE A25 108
MOVE A26 108
MOVE A27 108
MOVE A28 76
MOVE A29 59
MOVE A30 59
MOVE B21 108
MOVE B22 170
MOVE B23 170
MOVE B24 170
MOVE B25 170
MOVE B26 170
MOVE B27 170
MOVE B28 170
MOVE B29 170
MOVE B30 170
MOVE B31 170
MOVE B32 170
MOVE B33 170
MOVE B34 170
MOVE B35 170
MOVE B36 170
MOVE B37 170
MOVE B38 170
MOVE B39 170
MOVE B40 170
MOVE B41 170
MOVE B42 170
DAMAGE TURRET B21 2
DAMAGE COMBAT A15 1
DAMAGE COMBAT B21 3
END TURN 133
TURN 134
COMMAND LEFT START
MOVE A26 78
COMMAND LEFT END
COMMAND RIGHT START
MOVE B43 17
COMMAND RIGHT END
TURN 134 RESULT
TIME LEFT 0 5 RIGHT 0 5
MOVE A14 61
MOVE A26 104
MOVE A27 140
MOVE A28 108
MOVE A29 76
MOVE A30 76
MOVE B22 157
MOVE B23 157
MOVE B24 157
MOVE B25 157
MOVE B26 157
MOVE B27 157
MOVE B28 157
MOVE B29 157
MOVE B30 157
MOVE B31 157
MOVE B32 157
MOVE B33 157
MOVE B34 157
MOVE B35 157
MOVE B36 157
MOVE B37 157
MOVE B38 157
MOVE B39 157
MOVE B40 157
MOVE B41 157
MOVE B42 157
MOVE B43 209
END TURN 134
TURN 135
COMMAND LEFT START
UPGRADE 34
COMMAND LEFT END
COMMAND RIGHT START
TRAIN 1
COMMAND RIGHT END
TURN 135 RESULT
TIME LEFT 0 5 RIGHT 0 5
UPGRADE A 34
TRAIN B44
MOVE A14 58
MOVE A26 95
MOVE A27 157
MOVE A29 108
MOVE A30 108
MOVE B22 140
MOVE B23 140
MOVE B24 140
MOVE B25 140
MOVE B26 140
MOVE B27 140
MOVE B28 140
MOVE B29 140
MOVE B30 140
MOVE B31 140
MOVE B32 140
MOVE B33 140
MOVE B34 140
MOVE B35 140
MOVE B36 140
MOVE B37 140
MOVE B38 140
MOVE B39 140
MOVE B40 140
MOVE B41 140
MOVE B42 140
MOVE B43 199
END TURN 135
TURN 136
COMMAND LEFT START
MOVE A15 34
COMMAND LEFT END
COMMAND RIGHT START
MOVE B44 25
COMMAND RIGHT END
TURN 136 RESULT
TIME LEFT 0 5 RIGHT 0 5
MOVE A14 45
MOVE A15 104
MOVE A26 93
MOVE A27 170
MOVE B22 108
MOVE B23 108
MOVE B24 108
MOVE B25 108
MOVE B26 108
MOVE B27 108
MOVE B28 108
MOVE B29 108
MOVE B30 108
MOVE B31 108
MOVE B32 108
MOVE B33 108
MOVE B34 108
MOVE B35 108
MOVE B36 108
MOVE B37 108
MOVE B38 108
MOVE B39 108
MOVE B40 108
MOVE B41 108
MOVE B42 108
MOVE B43 191
MOVE B44 209
DAMAGE TURRET B22 2
DAMAGE COMBAT A19 6
DAMAGE COMBAT A20 6
DAMAGE COMBAT A22 6
DAMAGE COMBAT A23 3
DAMAGE COMBAT B22 3
DAMAGE COMBAT B23 5
DAMAGE COMBAT B24 1
END TURN 136
TURN 137
COMMAND LEFT START
COMMAND LEFT END
COMMAND RIGHT START
TRAIN 1
COMMAND RIGHT END
TURN 137 RESULT
TIME LEFT 0 5 RIGHT 0 5
TRAIN B45
MOVE A14 34
MOVE A15 79
MOVE A26 86
MOVE A27 191
MOVE B43 170
MOVE B44 199
DAMAGE TURRET B24 2
DAMAGE COMBAT A23 3
DAMAGE COMBAT A24 6
DAMAGE COMBAT A25 6
DAMAGE COMBAT A28 4
DAMAGE COMBAT B24 2
DAMAGE COMBAT B25 4
END TURN 137
TURN 138
COMMAND LEFT START
TRAIN 1
COMMAND LEFT END
COMMAND RIGHT START
MOVE B45 17
TRAIN 1
COMMAND RIGHT END
TURN 138 RESULT
TIME LEFT 0 5 RIGHT 0 5
TRAIN A31 B46
MOVE A15 61
MOVE A26 78
MOVE A27 199
MOVE B43 157
MOVE B44 191
MOVE B45 209
DAMAGE TURRET B25 1
DAMAGE TURRET B26 1
DAMAGE COMBAT A28 2
DAMAGE COMBAT A29 6
DAMAGE COMBAT A30 6
DAMAGE COMBAT B26 3
SIEGE A 108 4
END TURN 138
TURN 139
COMMAND LEFT START
MOVE A31 53
TRAIN 2
COMMAND LEFT END
COMMAND RIGHT START
TRAIN 1
COMMAND RIGHT END
TURN 139 RESULT
TIME LEFT 0 5 RIGHT 0 5
TRAIN A32 A33 B47
MOVE A15 58
MOVE A27 209
MOVE A31 5
MOVE B26 76
MOVE B27 76
MOVE B28 76
MOVE B29 76
MOVE B30 76
MOVE B31 76
MOVE B32 76
MOVE B33 76
MOVE B34 76
MOVE B35 76
MOVE B36 76
MOVE B37 76
MOVE B38 76
MOVE B39 76
MOVE B40 76
MOVE B41 76
MOVE B42 76
MOVE B43 140
MOVE B44 170
MOVE B45 199
END TURN 139
TURN 140
COMMAND LEFT START
MOVE A14 108
MOVE A26 108
TRAIN 2
COMMAND LEFT END
COMMAND RIGHT START
TRAIN 1
COMMAND RIGHT END
TURN 140 RESULT
TIME LEFT 0 5 RIGHT 0 5
TRAIN A34 A35 B48
MOVE A14 45
MOVE A15 45
MOVE A26 86
MOVE A27 216
MOVE A31 14
MOVE B26 59
MOVE B27 59
MOVE B28 59
MOVE B29 59
MOVE B30 59
MOVE B31 59
MOVE B32 59
MOVE B33 59
MOVE B34 59
MOVE B35 59
MOVE B36 59
MOVE B37 59
MOVE B38 59
MOVE B39 59
MOVE B40 59
MOVE B41 59
MOVE B42 59
MOVE B43 108
MOVE B44 157
MOVE B45 191
DAMAGE TURRET A27 2
DAMAGE TURRET B43 2
DAMAGE COMBAT A27 4
DAMAGE COMBAT B1 1
SIEGE A 108 1
END TURN 140
TURN 141
COMMAND LEFT START
MOVE A16 34
MOVE A35 53
MOVE A34 53
MOVE A33 53
TRAIN 1
COMMAND LEFT END
COMMAND RIGHT START
MOVE B46 25
MOVE B47 25
MOVE B48 25
COMMAND RIGHT END
TURN 141 RESULT
TIME LEFT 0 5 RIGHT 0 5
TRAIN A36
MOVE A14 58
MOVE A15 34
MOVE A16 2
MOVE A26 93
MOVE A31 28
MOVE A33 5
MOVE A34 5
MOVE A35 5
MOVE B26 46
MOVE B27 46
MOVE B28 46
MOVE B29 46
MOVE B30 46
MOVE B31 46
MOVE B32 46
MOVE B33 46
MOVE B34 46
MOVE B35 46
MOVE B36 46
MOVE B37 46
MOVE B38 46
MOVE B39 46
MOVE B40 46
MOVE B41 46
MOVE B42 46
MOVE B43 76
MOVE B44 140
MOVE B45 170
MOVE B46 209
MOVE B47 209
MOVE B48 209
END TURN 141
TURN 142
COMMAND LEFT START
MOVE A15 108
MOVE A17 34
TRAIN 1
COMMAND LEFT END
COMMAND RIGHT START
COMMAND RIGHT END
TURN 142 RESULT
TIME LEFT 0 5 RIGHT 0 5
TRAIN A37
MOVE A14 61
MOVE A15 45
MOVE A16 9
MOVE A17 2
MOVE A26 95
MOVE A31 39
MOVE A33 14
MOVE A34 14
MOVE A35 14
MOVE B26 25
MOVE B27 25
MOVE B28 25
MOVE B29 25
MOVE B30 25
MOVE B31 25
MOVE B32 25
MOVE B33 25
MOVE B34 25
MOVE B35 25
MOVE B36 25
MOVE B37 25
MOVE B38 25
MOVE B39 25
MOVE B40 25
MOVE B41 25
MOVE B42 25
MOVE B43 59
MOVE B44 108
MOVE B45 157
MOVE B46 199
MOVE B47 199
MOVE B48 199
DAMAGE TURRET B44 2
SIEGE A 108 1
END TURN 142
TURN 143
COMMAND LEFT START
MOVE A1 0
MOVE A4 0
MOVE A9 0
MOVE A3 0
MOVE A6 0
MOVE A11 0
MOVE A5 0
MOVE A7 0
MOVE A13 0
MOVE A21 0
TRAIN 2
COMMAND LEFT END
COMMAND RIGHT START
MOVE B26 0
MOVE B27 0
MOVE B28 0
MOVE B29 0
MOVE B30 0
MOVE B31 0
MOVE B32 0
MOVE B33 0
MOVE B34 0
MOVE B35 0
MOVE B36 0
MOVE B37 0
MOVE B38 0
MOVE B39 0
MOVE B40 0
MOVE B41 0
MOVE B42 0
COMMAND RIGHT END
TURN 143 RESULT
TIME LEFT 0 5 RIGHT 0 5
TRAIN A38 A39
MOVE A1 2
MOVE A3 14
MOVE A4 2
MOVE A5 39
MOVE A6 14
MOVE A7 39
MOVE A9 2
MOVE A11 14
MOVE A13 39
MOVE A14 79
MOVE A15 58
MOVE A16 12
MOVE A17 9
MOVE A21 30
MOVE A26 104
MOVE A31 53
MOVE A33 28
MOVE A34 28
MOVE A35 28
MOVE B26 17
MOVE B27 17
MOVE B28 17
MOVE B29 17
MOVE B30 17
MOVE B31 17
MOVE B32 17
MOVE B33 17
MOVE B34 17
MOVE B35 17
MOVE B36 17
MOVE B37 17
MOVE B38 17
MOVE B39 17
MOVE B40 17
MOVE B41 17
MOVE B42 17
MOVE B43 46
MOVE B44 76
MOVE B45 140
MOVE B46 191
MOVE B47 191
MOVE B48 191
END TURN 143
TURN 144
COMMAND LEFT START
TRAIN 1
COMMAND LEFT END
COMMAND RIGHT START
COMMAND RIGHT END
TURN 144 RESULT
TIME LEFT 0 5 RIGHT 0 5
TRAIN A40
MOVE A1 0
MOVE A3 5
MOVE A4 0
MOVE A5 28
MOVE A6 5
MOVE A7 28
MOVE A9 0
MOVE A11 5
MOVE A13 28
MOVE A14 104
MOVE A15 61
MOVE A16 18
MOVE A17 12
MOVE A21 18
MOVE A26 108
MOVE A33 39
MOVE A34 39
MOVE A35 39
MOVE B26 7
MOVE B27 7
MOVE B28 7
MOVE B29 7
MOVE B30 7
MOVE B31 7
MOVE B32 7
MOVE B33 7
MOVE B34 7
MOVE B35 7
MOVE B36 7
MOVE B37 7
MOVE B38 7
MOVE B39 7
MOVE B40 7
MOVE B41 7
MOVE B42 7
MOVE B43 25
MOVE B44 59
MOVE B45 108
MOVE B46 170
MOVE B47 170
MOVE B48 170
DAMAGE TURRET B45 2
DAMAGE COMBAT A26 1
DAMAGE COMBAT B45 1
END TURN 144
TURN 145
COMMAND LEFT START
TRAIN 1
COMMAND LEFT END
COMMAND RIGHT START
COMMAND RIGHT END
TURN 145 RESULT
TIME LEFT 0 5 RIGHT 0 5
TRAIN A41
MOVE A3 0
MOVE A5 14
MOVE A6 0
MOVE A7 14
MOVE A11 0
MOVE A13 14
MOVE A14 108
MOVE A15 79
MOVE A16 30
MOVE A17 18
MOVE A21 12
MOVE A33 53
MOVE A34 53
MOVE A35 53
MOVE B26 0
MOVE B27 0
MOVE B28 0
MOVE B29 0
MOVE B30 0
MOVE B31 0
MOVE B32 0
MOVE B33 0
MOVE B34 0
MOVE B35 0
MOVE B36 0
MOVE B37 0
MOVE B38 0
MOVE B39 0
MOVE B40 0
MOVE B41 0
MOVE B42 0
MOVE B43 17
MOVE B44 46
MOVE B46 157
MOVE B47 157
MOVE B48 157
DAMAGE TURRET B26 1
DAMAGE TURRET B27 1
DAMAGE TURRET B45 2
DAMAGE COMBAT A1 4
DAMAGE COMBAT A3 4
DAMAGE COMBAT A4 4
DAMAGE COMBAT A6 5
DAMAGE COMBAT A14 1
DAMAGE COMBAT B27 4
DAMAGE COMBAT B28 5
DAMAGE COMBAT B29 5
END TURN 145
TURN 146
COMMAND LEFT START
MOVE A31 9
MOVE A33 28
MOVE A34 34
TRAIN 2
COMMAND LEFT END
COMMAND RIGHT START
COMMAND RIGHT END
TURN 146 RESULT
TIME LEFT 0 5 RIGHT 0 5
TRAIN A42 A43
MOVE A5 5
MOVE A7 5
MOVE A13 5
MOVE A15 104
MOVE A16 34
MOVE A17 30
MOVE A21 9
MOVE A31 39
MOVE A33 39
MOVE A34 48
MOVE B44 25
MOVE B46 140
MOVE B47 140
MOVE B48 140
DAMAGE TURRET B30 2
DAMAGE COMBAT A9 5
DAMAGE COMBAT A11 5
DAMAGE COMBAT A18 3
DAMAGE COMBAT B30 3
DAMAGE COMBAT B31 5
DAMAGE COMBAT B32 4
END TURN 146
TURN 147
COMMAND LEFT START
MOVE A14 9
TRAIN 2
COMMAND LEFT END
COMMAND RIGHT START
MOVE B44 17
COMMAND RIGHT END
TURN 147 RESULT
TIME LEFT 0 5 RIGHT 0 5
TRAIN A44 A45
MOVE A5 0
MOVE A7 0
MOVE A13 0
MOVE A14 76
MOVE A15 108
MOVE A17 34
MOVE A21 2
MOVE A31 29
MOVE A33 28
MOVE A34 42
MOVE B44 17
MOVE B46 108
MOVE B47 108
MOVE B48 108
DAMAGE TURRET B32 1
DAMAGE TURRET B33 1
DAMAGE TURRET B46 2
DAMAGE COMBAT A5 4
DAMAGE COMBAT A7 4
DAMAGE COMBAT A15 3
DAMAGE COMBAT A18 3
DAMAGE COMBAT B33 4
DAMAGE COMBAT B34 5
DAMAGE COMBAT B35 5
DAMAGE COMBAT B36 1
DAMAGE COMBAT B46 2
END TURN 147
TURN 148
COMMAND LEFT START
MOVE A16 9
TRAIN 1
COMMAND LEFT END
COMMAND RIGHT START
COMMAND RIGHT END
TURN 148 RESULT
TIME LEFT 0 5 RIGHT 0 5
TRAIN A46
MOVE A14 59
MOVE A16 30
MOVE A21 0
MOVE A31 19
MOVE A34 45
DAMAGE TURRET B36 2
DAMAGE TURRET B46 1
DAMAGE TURRET B47 1
DAMAGE COMBAT A7 1
DAMAGE COMBAT A13 5
DAMAGE COMBAT A15 1
DAMAGE COMBAT A21 1
DAMAGE COMBAT A26 2
DAMAGE COMBAT B36 2
DAMAGE COMBAT B37 5
DAMAGE COMBAT B38 5
DAMAGE COMBAT B39 3
DAMAGE COMBAT B47 2
END TURN 148
TURN 149
COMMAND LEFT START
COMMAND LEFT END
COMMAND RIGHT START
COMMAND RIGHT END
TURN 149 RESULT
TIME LEFT 0 5 RIGHT 0 5
MOVE A14 41
MOVE A16 18
MOVE A31 9
MOVE A34 34
DAMAGE TURRET B39 2
DAMAGE TURRET B47 2
DAMAGE COMBAT A21 4
DAMAGE COMBAT A26 2
DAMAGE COMBAT B40 5
DAMAGE COMBAT B41 5
DAMAGE COMBAT B42 3
DAMAGE COMBAT B48 1
END TURN 149
TURN 150
COMMAND LEFT START
TRAIN 1
COMMAND LEFT END
COMMAND RIGHT START
COMMAND RIGHT END
TURN 150 RESULT
TIME LEFT 0 5 RIGHT 0 5
TRAIN A47
MOVE A14 28
MOVE A16 12
DAMAGE TURRET B42 2
DAMAGE TURRET B48 2
DAMAGE COMBAT A21 1
DAMAGE COMBAT A26 1
DAMAGE COMBAT B48 1
END TURN 150
TURN 151
COMMAND LEFT START
MOVE A32 28
MOVE A36 28
MOVE A37 53
MOVE A38 53
MOVE A47 53
MOVE A46 53
MOVE A45 53
MOVE A44 53
MOVE A43 53
MOVE A42 53
TRAIN 1
COMMAND LEFT END
COMMAND RIGHT START
COMMAND RIGHT END
TURN 151 RESULT
TIME LEFT 0 5 RIGHT 0 5
TRAIN A48
MOVE A14 19
MOVE A16 9
MOVE A32 5
MOVE A36 5
MOVE A37 5
MOVE A38 5
MOVE A42 5
MOVE A43 5
MOVE A44 5
MOVE A45 5
MOVE A46 5
MOVE A47 5
MOVE B48 76
END TURN 151
TURN 152
COMMAND LEFT START
MOVE A17 108
MOVE A39 34
TRAIN 1
COMMAND LEFT END
COMMAND RIGHT START
COMMAND RIGHT END
TURN 152 RESULT
TIME LEFT 0 5 RIGHT 0 5
TRAIN A49
MOVE A14 9
MOVE A17 45
MOVE A32 14
MOVE A36 14
MOVE A37 14
MOVE A38 14
MOVE A39 2
MOVE A42 14
MOVE A43 14
MOVE A44 14
MOVE A45 14
MOVE A46 14
MOVE A47 14
MOVE B48 59
END TURN 152
TURN 153
COMMAND LEFT START
TRAIN 1
COMMAND LEFT END
COMMAND RIGHT START
COMMAND RIGHT END
TURN 153 RESULT
TIME LEFT 0 5 RIGHT 0 5
TRAIN A50
MOVE A17 58
MOVE A32 28
MOVE A36 28
MOVE A37 28
MOVE A38 28
MOVE A39 9
MOVE A42 28
MOVE A43 28
MOVE A44 28
MOVE A45 28
MOVE A46 28
MOVE A47 28
MOVE B48 46
END TURN 153
TURN 154
COMMAND LEFT START
MOVE A32 108
MOVE A40 28
MOVE A41 34
TRAIN 1
COMMAND LEFT END
COMMAND RIGHT START
UPGRADE 216
COMMAND RIGHT END
TURN 154 RESULT
TIME LEFT 0 5 RIGHT 0 5
UPGRADE B 216
TRAIN A51
MOVE A17 61
MOVE A32 41
MOVE A37 39
MOVE A38 39
MOVE A39 12
MOVE A40 5
MOVE A41 2
MOVE A42 39
MOVE A43 39
MOVE A44 39
MOVE A45 39
MOVE A46 39
MOVE A47 39
MOVE B48 25
END TURN 154
TURN 155
COMMAND LEFT START
MOVE A33 108
MOVE A48 28
COMMAND LEFT END
COMMAND RIGHT START
MOVE B3 216
MOVE B48 207
COMMAND RIGHT END
TURN 155 RESULT
TIME LEFT 0 5 RIGHT 0 5
MOVE A17 79
MOVE A32 59
MOVE A33 41
MOVE A37 53
MOVE A38 53
MOVE A39 18
MOVE A40 14
MOVE A41 9
MOVE A42 53
MOVE A43 53
MOVE A44 53
MOVE A45 53
MOVE A46 53
MOVE A47 53
MOVE A48 5
MOVE B3 214
MOVE B48 46
END TURN 155
TURN 156
COMMAND LEFT START
MOVE A35 108
COMMAND LEFT END
COMMAND RIGHT START
TRAIN 1
COMMAND RIGHT END
TURN 156 RESULT
TIME LEFT 0 5 RIGHT 0 5
TRAIN B49
MOVE A17 104
MOVE A32 76
MOVE A33 59
MOVE A35 64
MOVE A39 30
MOVE A40 28
MOVE A41 12
MOVE A48 14
MOVE B3 216
MOVE B48 70
END TURN 156
TURN 157
COMMAND LEFT START
MOVE A37 108
MOVE A47 182
MOVE A46 108
MOVE A45 108
MOVE A44 108
COMMAND LEFT END
COMMAND RIGHT START
TRAIN 1
COMMAND RIGHT END
TURN 157 RESULT
TIME LEFT 0 5 RIGHT 0 5
TRAIN B50
MOVE A17 108
MOVE A32 108
MOVE A33 76
MOVE A35 73
MOVE A37 64
MOVE A39 34
MOVE A41 18
MOVE A44 64
MOVE A45 64
MOVE A46 64
MOVE A47 64
MOVE A48 28
MOVE B48 82
END TURN 157
TURN 158
COMMAND LEFT START
COMMAND LEFT END
COMMAND RIGHT START
TRAIN 1
COMMAND RIGHT END
TURN 158 RESULT
TIME LEFT 0 5 RIGHT 0 5
TRAIN B51
MOVE A33 108
MOVE A35 76
MOVE A37 73
MOVE A41 30
MOVE A44 73
MOVE A45 73
MOVE A46 73
MOVE A47 73
MOVE B48 98
END TURN 158
TURN 159
COMMAND LEFT START
TRAIN 1
COMMAND LEFT END
COMMAND RIGHT START
TRAIN 1
COMMAND RIGHT END
TURN 159 RESULT
TIME LEFT 0 5 RIGHT 0 5
TRAIN A52 B52
MOVE A35 108
MOVE A37 76
MOVE A41 34
MOVE A44 76
MOVE A45 76
MOVE A46 76
MOVE A47 76
MOVE B48 121
END TURN 159
TURN 160
COMMAND LEFT START
TRAIN 2
COMMAND LEFT END
COMMAND RIGHT START
TRAIN 1
COMMAND RIGHT END
TURN 160 RESULT
TIME LEFT 0 5 RIGHT 0 5
TRAIN A53 A54 B53
MOVE A37 108
MOVE A44 108
MOVE A45 108
MOVE A46 108
MOVE A47 82
MOVE B48 137
END TURN 160
TURN 161
COMMAND LEFT START
TRAIN 2
COMMAND LEFT END
COMMAND RIGHT START
COMMAND RIGHT END
TURN 161 RESULT
TIME LEFT 0 5 RIGHT 0 5
TRAIN A55 A56
MOVE A47 98
MOVE B48 152
END TURN 161
TURN 162
COMMAND LEFT START
TRAIN 1
COMMAND LEFT END
COMMAND RIGHT START
TRAIN 1
COMMAND RIGHT END
TURN 162 RESULT
TIME LEFT 0 5 RIGHT 0 5
TRAIN A57 B54
MOVE A47 121
MOVE B48 163
END TURN 162
TURN 163
COMMAND LEFT START
TRAIN 2
COMMAND LEFT END
COMMAND RIGHT START
TRAIN 1
COMMAND RIGHT END
TURN 163 RESULT
TIME LEFT 0 5 RIGHT 0 5
TRAIN A58 A59 B55
MOVE A47 131
MOVE B48 177
END TURN 163
TURN 164
COMMAND LEFT START
MOVE A46 138
MOVE A45 138
MOVE A44 138
MOVE A37 138
MOVE A35 138
MOVE A33 138
COMMAND LEFT END
COMMAND RIGHT START
TRAIN 1
COMMAND RIGHT END
TURN 164 RESULT
TIME LEFT 0 5 RIGHT 0 5
TRAIN B56
MOVE A33 112
MOVE A35 112
MOVE A37 112
MOVE A44 112
MOVE A45 112
MOVE A46 112
MOVE A47 155
MOVE B48 187
END TURN 164
TURN 165
COMMAND LEFT START
TRAIN 1
COMMAND LEFT END
COMMAND RIGHT START
TRAIN 1
COMMAND RIGHT END
TURN 165 RESULT
TIME LEFT 0 5 RIGHT 0 5
TRAIN A60 B57
MOVE A33 121
MOVE A35 121
MOVE A37 121
MOVE A44 121
MOVE A45 121
MOVE A46 121
MOVE A47 158
MOVE B48 197
END TURN 165
TURN 166
COMMAND LEFT START
TRAIN 1
COMMAND LEFT END
COMMAND RIGHT START
COMMAND RIGHT END
TURN 166 RESULT
TIME LEFT 0 5 RIGHT 0 5
TRAIN A61
MOVE A33 123
MOVE A35 123
MOVE A37 123
MOVE A44 123
MOVE A45 123
MOVE A46 123
MOVE A47 171
MOVE B48 207
END TURN 166
TURN 167
COMMAND LEFT START
TRAIN 1
COMMAND LEFT END
COMMAND RIGHT START
TRAIN 1
COMMAND RIGHT END
TURN 167 RESULT
TIME LEFT 0 5 RIGHT 0 5
TRAIN A62 B58
MOVE A33 130
MOVE A35 130
MOVE A37 130
MOVE A44 130
MOVE A45 130
MOVE A46 130
MOVE A47 182
DAMAGE TURRET A47 1
DAMAGE COMBAT A47 1
DAMAGE COMBAT B6 1
END TURN 167
TURN 168
COMMAND LEFT START
TRAIN 1
COMMAND LEFT END
COMMAND RIGHT START
TRAIN 1
COMMAND RIGHT END
TURN 168 RESULT
TIME LEFT 0 5 RIGHT 0 5
TRAIN A63 B59
MOVE A33 138
MOVE A35 138
MOVE A37 138
MOVE A44 138
MOVE A45 138
MOVE A46 138
DAMAGE TURRET A33 1
DAMAGE TURRET A47 1
DAMAGE COMBAT A33 1
DAMAGE COMBAT A47 1
DAMAGE COMBAT B6 1
DAMAGE COMBAT B7 5
SIEGE B 138 1
END TURN 168
TURN 169
COMMAND LEFT START
MOVE A33 108
MOVE A63 78
TRAIN 1
COMMAND LEFT END
COMMAND RIGHT START
MOVE B4 163
MOVE B5 138
MOVE B48 188
MOVE B49 207
TRAIN 1
COMMAND RIGHT END
TURN 169 RESULT
TIME LEFT 0 5 RIGHT 0 5
TRAIN A64 B60
MOVE A33 130
MOVE A63 5
MOVE B4 177
MOVE B5 155
MOVE B48 197
MOVE B49 214
DAMAGE TURRET A35 1
DAMAGE TURRET A47 1
DAMAGE COMBAT A47 1
DAMAGE COMBAT B6 1
SIEGE B 138 5
END TURN 169
TURN 170
COMMAND LEFT START
MOVE A35 108
MOVE A37 108
MOVE A44 108
MOVE A45 108
UPGRADE 138
TRAIN 1
COMMAND LEFT END
COMMAND RIGHT START
MOVE B50 138
COMMAND RIGHT END
TURN 170 RESULT
TIME LEFT 0 5 RIGHT 0 5
UPGRADE A 138
TRAIN A65
MOVE A33 123
MOVE A35 130
MOVE A37 130
MOVE A44 130
MOVE A45 130
MOVE A63 14
MOVE B4 163
MOVE B5 138
MOVE B48 188
MOVE B49 207
MOVE B50 211
DAMAGE TURRET B5 1
DAMAGE COMBAT A46 1
DAMAGE COMBAT B5 1
END TURN 170
TURN 171
COMMAND LEFT START
TRAIN 2
COMMAND LEFT END
COMMAND RIGHT START
TRAIN 1
COMMAND RIGHT END
TURN 171 RESULT
TIME LEFT 0 5 RIGHT 0 5
TRAIN A66 A67 B61
MOVE A33 121
MOVE A35 123
MOVE A37 123
MOVE A44 123
MOVE A45 123
MOVE A63 28
MOVE B50 202
DAMAGE TURRET B5 1
DAMAGE COMBAT A46 1
DAMAGE COMBAT B5 1
END TURN 171
TURN 172
COMMAND LEFT START
TRAIN 2
COMMAND LEFT END
COMMAND RIGHT START
TRAIN 1
COMMAND RIGHT END
TURN 172 RESULT
TIME LEFT 0 5 RIGHT 0 5
TRAIN A68 A69 B62
MOVE A33 112
MOVE A35 121
MOVE A37 121
MOVE A44 121
MOVE A45 121
MOVE A63 39
MOVE B50 188
DAMAGE TURRET B5 1
DAMAGE COMBAT A46 1
END TURN 172
TURN 173
COMMAND LEFT START
UPGRADE 138
COMMAND LEFT END
COMMAND RIGHT START
COMMAND RIGHT END
TURN 173 RESULT
TIME LEFT 0 5 RIGHT 0 5
UPGRADE A 138
MOVE A33 108
MOVE A35 112
MOVE A37 112
MOVE A44 112
MOVE A45 112
MOVE A63 53
MOVE B50 177
END TURN 173
TURN 174
COMMAND LEFT START
TRAIN 1
COMMAND LEFT END
COMMAND RIGHT START
TRAIN 1
COMMAND RIGHT END
TURN 174 RESULT
TIME LEFT 0 5 RIGHT 0 5
TRAIN A70 B63
MOVE A35 108
MOVE A37 108
MOVE A44 108
MOVE A45 108
MOVE A63 61
MOVE B50 163
END TURN 174
TURN 175
COMMAND LEFT START
MOVE A17 138
MOVE A45 163
MOVE A44 163
MOVE A37 163
MOVE A35 163
COMMAND LEFT END
COMMAND RIGHT START
TRAIN 1
COMMAND RIGHT END
TURN 175 RESULT
TIME LEFT 0 5 RIGHT 0 5
TRAIN B64
MOVE A17 112
MOVE A35 140
MOVE A37 140
MOVE A44 140
MOVE A45 140
MOVE A63 78
MOVE B50 155
END TURN 175
TURN 176
COMMAND LEFT START
MOVE A63 108
UPGRADE 78
TRAIN 1
COMMAND LEFT END
COMMAND RIGHT START
COMMAND RIGHT END
TURN 176 RESULT
TIME LEFT 0 5 RIGHT 0 5
UPGRADE A 78
TRAIN A71
MOVE A17 121
MOVE A35 143
MOVE A37 143
MOVE A44 143
MOVE A45 143
MOVE A63 86
MOVE B50 138
DAMAGE TURRET B50 1
DAMAGE COMBAT A46 1
DAMAGE COMBAT B50 1
END TURN 176
TURN 177
COMMAND LEFT START
MOVE A49 78
COMMAND LEFT END
COMMAND RIGHT START
TRAIN 1
COMMAND RIGHT END
TURN 177 RESULT
TIME LEFT 0 5 RIGHT 0 5
TRAIN B65
MOVE A17 123
MOVE A35 152
MOVE A37 152
MOVE A44 152
MOVE A45 152
MOVE A49 5
MOVE A63 93
DAMAGE TURRET B50 1
DAMAGE COMBAT A46 1
DAMAGE COMBAT B50 1
END TURN 177
TURN 178
COMMAND LEFT START
MOVE A50 78
COMMAND LEFT END
COMMAND RIGHT START
TRAIN 1
COMMAND RIGHT END
TURN 178 RESULT
TIME LEFT 0 5 RIGHT 0 5
TRAIN B66
MOVE A17 130
MOVE A35 163
MOVE A37 163
MOVE A44 163
MOVE A45 163
MOVE A49 14
MOVE A50 5
MOVE A63 95
DAMAGE TURRET A35 1
DAMAGE TURRET B50 1
DAMAGE COMBAT A35 1
DAMAGE COMBAT A46 1
DAMAGE COMBAT B4 4
DAMAGE COMBAT B50 1
END TURN 178
TURN 179
COMMAND LEFT START
MOVE A51 78
MOVE A32 138
TRAIN 1
COMMAND LEFT END
COMMAND RIGHT START
COMMAND RIGHT END
TURN 179 RESULT
TIME LEFT 0 5 RIGHT 0 5
TRAIN A72
MOVE A17 138
MOVE A32 112
MOVE A49 28
MOVE A50 14
MOVE A51 5
MOVE A63 104
DAMAGE TURRET A35 1
DAMAGE COMBAT A35 1
DAMAGE COMBAT B4 1
SIEGE B 163 3
END TURN 179
TURN 180
COMMAND LEFT START
MOVE A52 78
MOVE A35 108
MOVE A72 69
COMMAND LEFT END
COMMAND RIGHT START
MOVE B48 163
MOVE B49 188
MOVE B51 207
TRAIN 1
COMMAND RIGHT END
TURN 180 RESULT
TIME LEFT 0 5 RIGHT 0 5
TRAIN B67
MOVE A32 121
MOVE A35 152
MOVE A49 39
MOVE A50 28
MOVE A51 14
MOVE A52 5
MOVE A63 108
MOVE A72 1
MOVE B48 177
MOVE B49 197
MOVE B51 214
DAMAGE TURRET A37 1
SIEGE B 163 3
END TURN 180
TURN 181
COMMAND LEFT START
MOVE A53 78
MOVE A37 108
MOVE A44 108
UPGRADE 163
COMMAND LEFT END
COMMAND RIGHT START
MOVE B52 163
COMMAND RIGHT END
TURN 181 RESULT
TIME LEFT 0 5 RIGHT 0 5
UPGRADE A 163
MOVE A32 123
MOVE A35 143
MOVE A37 152
MOVE A44 152
MOVE A49 53
MOVE A50 39
MOVE A51 28
MOVE A52 14
MOVE A53 5
MOVE A72 8
MOVE B48 163
MOVE B49 188
MOVE B51 207
MOVE B52 211
DAMAGE TURRET B48 1
DAMAGE COMBAT A45 1
END TURN 181
TURN 182
COMMAND LEFT START
MOVE A54 78
COMMAND LEFT END
COMMAND RIGHT START
TRAIN 1
COMMAND RIGHT END
TURN 182 RESULT
TIME LEFT 0 5 RIGHT 0 5
TRAIN B68
MOVE A32 130
MOVE A35 140
MOVE A37 143
MOVE A44 143
MOVE A49 61
MOVE A50 53
MOVE A51 39
MOVE A52 28
MOVE A53 14
MOVE A54 5
MOVE A72 20
MOVE B52 202
END TURN 182
TURN 183
COMMAND LEFT START
MOVE A55 78
UPGRADE 163
COMMAND LEFT END
COMMAND RIGHT START
COMMAND RIGHT END
TURN 183 RESULT
TIME LEFT 0 5 RIGHT 0 5
UPGRADE A 163
MOVE A32 138
MOVE A35 108
MOVE A37 140
MOVE A44 140
MOVE A49 78
MOVE A50 61
MOVE A51 53
MOVE A52 39
MOVE A53 28
MOVE A54 14
MOVE A55 5
MOVE A72 22
MOVE B52 188
END TURN 183
TURN 184
COMMAND LEFT START
TRAIN 1
COMMAND LEFT END
COMMAND RIGHT START
TRAIN 1
COMMAND RIGHT END
TURN 184 RESULT
TIME LEFT 0 5 RIGHT 0 5
TRAIN A73 B69
MOVE A37 108
MOVE A44 108
MOVE A50 78
MOVE A51 61
MOVE A52 53
MOVE A53 39
MOVE A54 28
MOVE A55 14
MOVE A72 35
MOVE B52 177
END TURN 184
TURN 185
COMMAND LEFT START
MOVE A33 163
COMMAND LEFT END
COMMAND RIGHT START
COMMAND RIGHT END
TURN 185 RESULT
TIME LEFT 0 5 RIGHT 0 5
MOVE A33 140
MOVE A51 78
MOVE A52 61
MOVE A53 53
MOVE A54 39
MOVE A55 28
MOVE A72 57
MOVE B52 163
DAMAGE TURRET B52 1
DAMAGE COMBAT A45 1
DAMAGE COMBAT B52 1
END TURN 185
TURN 186
COMMAND LEFT START
UPGRADE 78
COMMAND LEFT END
COMMAND RIGHT START
TRAIN 1
COMMAND RIGHT END
TURN 186 RESULT
TIME LEFT 0 5 RIGHT 0 5
UPGRADE A 78
TRAIN B70
MOVE A33 143
MOVE A52 78
MOVE A53 61
MOVE A54 53
MOVE A55 39
MOVE A72 69
DAMAGE TURRET B52 1
DAMAGE COMBAT A45 1
DAMAGE COMBAT B52 1
END TURN 186
TURN 187
COMMAND LEFT START
COMMAND LEFT END
COMMAND RIGHT START
COMMAND RIGHT END
TURN 187 RESULT
TIME LEFT 0 5 RIGHT 0 5
MOVE A33 152
MOVE A53 78
MOVE A54 61
MOVE A55 53
DAMAGE TURRET B52 1
DAMAGE COMBAT A45 1
DAMAGE COMBAT B52 1
END TURN 187
TURN 188
COMMAND LEFT START
UPGRADE 69
COMMAND LEFT END
COMMAND RIGHT START
TRAIN 1
COMMAND RIGHT END
TURN 188 RESULT
TIME LEFT 0 5 RIGHT 0 5
UPGRADE A 69
TRAIN B71
MOVE A33 163
MOVE A54 78
MOVE A55 61
END TURN 188
TURN 189
COMMAND LEFT START
COMMAND LEFT END
COMMAND RIGHT START
TRAIN 1
COMMAND RIGHT END
TURN 189 RESULT
TIME LEFT 0 5 RIGHT 0 5
TRAIN B72
MOVE A55 78
END TURN 189
TURN 190
COMMAND LEFT START
MOVE A55 92
MOVE A54 108
MOVE A53 108
MOVE A52 108
MOVE A51 108
COMMAND LEFT END
COMMAND RIGHT START
COMMAND RIGHT END
TURN 190 RESULT
TIME LEFT 0 5 RIGHT 0 5
MOVE A51 86
MOVE A52 86
MOVE A53 86
MOVE A54 86
MOVE A55 91
END TURN 190
TURN 191
COMMAND LEFT START
UPGRADE 69
COMMAND LEFT END
COMMAND RIGHT START
TRAIN 1
COMMAND RIGHT END
TURN 191 RESULT
TIME LEFT 0 5 RIGHT 0 5
UPGRADE A 69
TRAIN B73
MOVE A51 93
MOVE A52 93
MOVE A53 93
MOVE A54 93
MOVE A55 92
END TURN 191
TURN 192
COMMAND LEFT START
MOVE A35 69
UPGRADE 92
COMMAND LEFT END
COMMAND RIGHT START
COMMAND RIGHT END
TURN 192 RESULT
TIME LEFT 0 5 RIGHT 0 5
UPGRADE A 92
MOVE A35 98
MOVE A51 95
MOVE A52 95
MOVE A53 95
MOVE A54 95
END TURN 192
TURN 193
COMMAND LEFT START
MOVE A73 147
COMMAND LEFT END
COMMAND RIGHT START
COMMAND RIGHT END
TURN 193 RESULT
TIME LEFT 0 5 RIGHT 0 5
MOVE A35 90
MOVE A51 104
MOVE A52 104
MOVE A53 104
MOVE A54 104
MOVE A73 5
END TURN 193
TURN 194
COMMAND LEFT START
UPGRADE 92
COMMAND LEFT END
COMMAND RIGHT START
TRAIN 1
COMMAND RIGHT END
TURN 194 RESULT
TIME LEFT 0 5 RIGHT 0 5
UPGRADE A 92
TRAIN B74
MOVE A35 75
MOVE A51 108
MOVE A52 108
MOVE A53 108
MOVE A54 108
MOVE A73 14
END TURN 194
TURN 195
COMMAND LEFT START
MOVE A37 92
MOVE A63 124
MOVE A54 124
MOVE A53 124
MOVE A52 124
COMMAND LEFT END
COMMAND RIGHT START
COMMAND RIGHT END
TURN 195 RESULT
TIME LEFT 0 5 RIGHT 0 5
MOVE A35 68
MOVE A37 104
MOVE A52 112
MOVE A53 112
MOVE A54 112
MOVE A63 112
MOVE A73 28
END TURN 195
TURN 196
COMMAND LEFT START
TRAIN 1
COMMAND LEFT END
COMMAND RIGHT START
TRAIN 1
COMMAND RIGHT END
TURN 196 RESULT
TIME LEFT 0 5 RIGHT 0 5
TRAIN A74 B75
MOVE A35 71
MOVE A37 95
MOVE A52 121
MOVE A53 121
MOVE A54 121
MOVE A63 121
MOVE A73 39
END TURN 196
TURN 197
COMMAND LEFT START
TRAIN 1
COMMAND LEFT END
COMMAND RIGHT START
COMMAND RIGHT END
TURN 197 RESULT
TIME LEFT 0 5 RIGHT 0 5
TRAIN A75
MOVE A35 72
MOVE A37 93
MOVE A52 123
MOVE A53 123
MOVE A54 123
MOVE A63 123
MOVE A73 53
END TURN 197
TURN 198
COMMAND LEFT START
TRAIN 1
COMMAND LEFT END
COMMAND RIGHT START
TRAIN 1
COMMAND RIGHT END
TURN 198 RESULT
TIME LEFT 0 5 RIGHT 0 5
TRAIN A76 B76
MOVE A35 69
MOVE A37 86
MOVE A52 130
MOVE A53 130
MOVE A54 130
MOVE A63 130
MOVE A73 61
END TURN 198
TURN 199
COMMAND LEFT START
TRAIN 1
COMMAND LEFT END
COMMAND RIGHT START
COMMAND RIGHT END
TURN 199 RESULT
TIME LEFT 0 5 RIGHT 0 5
TRAIN A77
MOVE A37 91
MOVE A52 125
MOVE A53 125
MOVE A54 125
MOVE A63 125
MOVE A73 78
END TURN 199
TURN 200
COMMAND LEFT START
COMMAND LEFT END
COMMAND RIGHT START
TRAIN 1
COMMAND RIGHT END
TURN 200 RESULT
TIME LEFT 0 5 RIGHT 0 5
TRAIN B77
MOVE A37 92
MOVE A52 124
MOVE A53 124
MOVE A54 124
MOVE A63 124
MOVE A73 91
DAMAGE TURRET A52 1
DAMAGE COMBAT A52 1
DAMAGE COMBAT B9 4
END TURN 200
TURN 201
COMMAND LEFT START
COMMAND LEFT END
COMMAND RIGHT START
COMMAND RIGHT END
TURN 201 RESULT
TIME LEFT 0 5 RIGHT 0 5
MOVE A73 110
DAMAGE TURRET A52 1
DAMAGE COMBAT A52 1
DAMAGE COMBAT B9 1
SIEGE B 124 3
END TURN 201
TURN 202
COMMAND LEFT START
MOVE A52 108
UPGRADE 0
COMMAND LEFT END
COMMAND RIGHT START
MOVE B6 124
MOVE B49 182
MOVE B51 188
MOVE B53 207
COMMAND RIGHT END
TURN 202 RESULT
TIME LEFT 0 5 RIGHT 0 5
UPGRADE A 0
MOVE A52 125
MOVE A73 120
MOVE B6 171
MOVE B49 187
MOVE B51 197
MOVE B53 214
DAMAGE TURRET A53 1
SIEGE B 124 3
END TURN 202
TURN 203
COMMAND LEFT START
MOVE A53 108
MOVE A54 108
UPGRADE 124
COMMAND LEFT END
COMMAND RIGHT START
MOVE B43 124
MOVE B54 17
COMMAND RIGHT END
TURN 203 RESULT
TIME LEFT 0 5 RIGHT 0 5
UPGRADE A 124
MOVE A52 130
MOVE A53 125
MOVE A54 125
MOVE A73 132
MOVE B6 153
MOVE B43 27
MOVE B49 184
MOVE B51 188
MOVE B53 207
MOVE B54 209
END TURN 203
TURN 204
COMMAND LEFT START
COMMAND LEFT END
COMMAND RIGHT START
COMMAND RIGHT END
TURN 204 RESULT
TIME LEFT 0 5 RIGHT 0 5
MOVE A52 123
MOVE A53 130
MOVE A54 130
MOVE A73 147
MOVE B6 142
MOVE B43 36
MOVE B49 186
MOVE B54 199
DAMAGE TURRET A73 1
DAMAGE COMBAT A73 1
DAMAGE COMBAT B8 1
END TURN 204
TURN 205
COMMAND LEFT START
UPGRADE 124
COMMAND LEFT END
COMMAND RIGHT START
COMMAND RIGHT END
TURN 205 RESULT
TIME LEFT 0 5 RIGHT 0 5
UPGRADE A 124
MOVE A52 121
MOVE A53 123
MOVE A54 123
MOVE B6 124
MOVE B43 60
MOVE B49 182
MOVE B54 191
DAMAGE TURRET A73 1
DAMAGE TURRET B6 1
DAMAGE COMBAT A63 1
DAMAGE COMBAT A73 1
DAMAGE COMBAT B6 1
DAMAGE COMBAT B8 1
END TURN 205
TURN 206
COMMAND LEFT START
TRAIN 1
COMMAND LEFT END
COMMAND RIGHT START
MOVE B44 124
MOVE B55 138
MOVE B56 17
COMMAND RIGHT END
TURN 206 RESULT
TIME LEFT 0 5 RIGHT 0 5
TRAIN A78
MOVE A52 112
MOVE A53 121
MOVE A54 121
MOVE B43 68
MOVE B44 27
MOVE B54 170
MOVE B55 211
MOVE B56 209
DAMAGE TURRET A73 1
DAMAGE COMBAT A73 1
DAMAGE COMBAT B8 1
END TURN 206
TURN 207
COMMAND LEFT START
MOVE A56 124
MOVE A78 147
MOVE A77 108
MOVE A76 108
MOVE A75 108
MOVE A74 108
MOVE A71 108
MOVE A70 108
MOVE A69 108
MOVE A68 108
MOVE A67 108
MOVE A66 108
MOVE A65 108
MOVE A64 108
MOVE A62 108
MOVE A61 108
COMMAND LEFT END
COMMAND RIGHT START
COMMAND RIGHT END
TURN 207 RESULT
TIME LEFT 0 5 RIGHT 0 5
MOVE A52 108
MOVE A53 112
MOVE A54 112
MOVE A56 7
MOVE A61 7
MOVE A62 7
MOVE A64 7
MOVE A65 7
MOVE A66 7
MOVE A67 7
MOVE A68 7
MOVE A69 7
MOVE A70 7
MOVE A71 7
MOVE A74 7
MOVE A75 7
MOVE A76 7
MOVE A77 7
MOVE A78 5
MOVE B43 89
MOVE B44 36
MOVE B54 157
MOVE B55 202
MOVE B56 199
END TURN 207
TURN 208
COMMAND LEFT START
UPGRADE 69
COMMAND LEFT END
COMMAND RIGHT START
COMMAND RIGHT END
TURN 208 RESULT
TIME LEFT 0 5 RIGHT 0 5
UPGRADE A 69
MOVE A53 108
MOVE A54 108
MOVE A56 17
MOVE A61 17
MOVE A62 17
MOVE A64 17
MOVE A65 17
MOVE A66 17
MOVE A67 17
MOVE A68 17
MOVE A69 17
MOVE A70 17
MOVE A71 17
MOVE A74 17
MOVE A75 17
MOVE A76 17
MOVE A77 17
MOVE A78 14
MOVE B43 101
MOVE B44 60
MOVE B54 140
MOVE B55 188
MOVE B56 191
END TURN 208
TURN 209
COMMAND LEFT START
MOVE A44 69
UPGRADE 78
COMMAND LEFT END
COMMAND RIGHT START
COMMAND RIGHT END
TURN 209 RESULT
TIME LEFT 0 5 RIGHT 0 5
UPGRADE A 78
MOVE A44 98
MOVE A56 27
MOVE A61 25
MOVE A62 25
MOVE A64 25
MOVE A65 25
MOVE A66 25
MOVE A67 25
MOVE A68 25
MOVE A69 25
MOVE A70 25
MOVE A71 25
MOVE A74 25
MOVE A75 25
MOVE A76 25
MOVE A77 25
MOVE A78 28
MOVE B43 106
MOVE B44 68
MOVE B54 108
MOVE B55 177
MOVE B56 170
DAMAGE TURRET B54 2
DAMAGE COMBAT A52 1
DAMAGE COMBAT B54 4
END TURN 209
TURN 210
COMMAND LEFT START
MOVE A51 78
COMMAND LEFT END
COMMAND RIGHT START
MOVE B57 17
COMMAND RIGHT END
TURN 210 RESULT
TIME LEFT 0 5 RIGHT 0 5
MOVE A44 90
MOVE A51 104
MOVE A56 36
MOVE A61 46
MOVE A62 46
MOVE A64 46
MOVE A65 46
MOVE A66 46
MOVE A67 46
MOVE A68 46
MOVE A69 46
MOVE A70 46
MOVE A71 46
MOVE A74 46
MOVE A75 46
MOVE A76 46
MOVE A77 46
MOVE A78 39
MOVE B43 124
MOVE B44 89
MOVE B55 163
MOVE B56 157
MOVE B57 209
DAMAGE TURRET B43 1
DAMAGE TURRET B55 1
DAMAGE COMBAT A45 1
DAMAGE COMBAT A63 1
DAMAGE COMBAT B43 1
DAMAGE COMBAT B55 2
END TURN 210
TURN 211
COMMAND LEFT START
UPGRADE 92
COMMAND LEFT END
COMMAND RIGHT START
COMMAND RIGHT END
TURN 211 RESULT
TIME LEFT 0 5 RIGHT 0 5
UPGRADE A 92
MOVE A44 75
MOVE A51 95
MOVE A56 60
MOVE A61 59
MOVE A62 59
MOVE A64 59
MOVE A65 59
MOVE A66 59
MOVE A67 59
MOVE A68 59
MOVE A69 59
MOVE A70 59
MOVE A71 59
MOVE A74 59
MOVE A75 59
MOVE A76 59
MOVE A77 59
MOVE A78 53
MOVE B44 101
MOVE B56 140
MOVE B57 199
DAMAGE TURRET B43 1
DAMAGE TURRET B55 1
DAMAGE COMBAT A45 1
DAMAGE COMBAT A63 1
DAMAGE COMBAT B55 2
END TURN 211
TURN 212
COMMAND LEFT START
TRAIN 2
COMMAND LEFT END
COMMAND RIGHT START
MOVE B58 138
COMMAND RIGHT END
TURN 212 RESULT
TIME LEFT 0 5 RIGHT 0 5
TRAIN A79 A80
MOVE A44 68
MOVE A51 93
MOVE A56 68
MOVE A61 76
MOVE A62 76
MOVE A64 76
MOVE A65 76
MOVE A66 76
MOVE A67 76
MOVE A68 76
MOVE A69 76
MOVE A70 76
MOVE A71 76
MOVE A74 76
MOVE A75 76
MOVE A76 76
MOVE A77 76
MOVE A78 61
MOVE B44 106
MOVE B56 108
MOVE B57 191
MOVE B58 211
DAMAGE TURRET B56 2
DAMAGE COMBAT A52 1
DAMAGE COMBAT B56 3
END TURN 212
TURN 213
COMMAND LEFT START
MOVE A57 92
MOVE A58 163
UPGRADE 124
COMMAND LEFT END
COMMAND RIGHT START
COMMAND RIGHT END
TURN 213 RESULT
TIME LEFT 0 5 RIGHT 0 5
UPGRADE A 124
MOVE A44 71
MOVE A51 86
MOVE A56 89
MOVE A57 2
MOVE A58 7
MOVE A61 108
MOVE A62 108
MOVE A64 108
MOVE A65 108
MOVE A66 108
MOVE A67 108
MOVE A68 108
MOVE A69 108
MOVE A70 108
MOVE A71 108
MOVE A74 108
MOVE A75 108
MOVE A76 108
MOVE A77 108
MOVE A78 78
MOVE B44 124
MOVE B57 170
MOVE B58 202
DAMAGE TURRET B44 2
DAMAGE TURRET B56 1
DAMAGE COMBAT A53 1
DAMAGE COMBAT A63 1
DAMAGE COMBAT B44 1
END TURN 213
TURN 214
COMMAND LEFT START
MOVE A53 124
MOVE A77 188
MOVE A76 188
MOVE A75 188
MOVE A74 188
MOVE A71 188
MOVE A70 188
MOVE A69 188
MOVE A68 188
MOVE A67 188
MOVE A66 188
MOVE A65 188
MOVE A64 188
MOVE A62 188
COMMAND LEFT END
COMMAND RIGHT START
MOVE B59 138
MOVE B60 124
MOVE B61 17
COMMAND RIGHT END
TURN 214 RESULT
TIME LEFT 0 5 RIGHT 0 5
MOVE A44 72
MOVE A51 78
MOVE A53 112
MOVE A56 101
MOVE A57 9
MOVE A58 17
MOVE A62 140
MOVE A64 140
MOVE A65 140
MOVE A66 140
MOVE A67 140
MOVE A68 140
MOVE A69 140
MOVE A70 140
MOVE A71 140
MOVE A74 140
MOVE A75 140
MOVE A76 140
MOVE A77 140
MOVE A78 91
MOVE B57 157
MOVE B58 188
MOVE B59 211
MOVE B60 214
MOVE B61 209
END TURN 214
TURN 215
COMMAND LEFT START
TRAIN 1
COMMAND LEFT END
COMMAND RIGHT START
COMMAND RIGHT END
TURN 215 RESULT
TIME LEFT 0 5 RIGHT 0 5
TRAIN A81
MOVE A44 69
MOVE A53 121
MOVE A56 106
MOVE A57 19
MOVE A58 25
MOVE A62 157
MOVE A64 157
MOVE A65 157
MOVE A66 157
MOVE A67 157
MOVE A68 157
MOVE A69 157
MOVE A70 157
MOVE A71 157
MOVE A74 157
MOVE A75 157
MOVE A76 157
MOVE A77 157
MOVE A78 110
MOVE B57 140
MOVE B58 177
MOVE B59 202
MOVE B60 207
MOVE B61 199
END TURN 215
TURN 216
COMMAND LEFT START
MOVE A59 108
UPGRADE 138
COMMAND LEFT END
COMMAND RIGHT START
COMMAND RIGHT END
TURN 216 RESULT
TIME LEFT 0 5 RIGHT 0 5
UPGRADE A 138
MOVE A53 123
MOVE A56 124
MOVE A57 29
MOVE A58 46
MOVE A59 7
MOVE A62 175
MOVE A64 175
MOVE A65 175
MOVE A66 175
MOVE A67 175
MOVE A68 175
MOVE A69 175
MOVE A70 175
MOVE A71 175
MOVE A74 175
MOVE A75 175
MOVE A76 175
MOVE A77 175
MOVE A78 120
MOVE B57 108
MOVE B58 163
MOVE B59 188
MOVE B60 197
MOVE B61 191
DAMAGE TURRET B57 2
DAMAGE TURRET B58 1
DAMAGE COMBAT A33 1
DAMAGE COMBAT A54 1
DAMAGE COMBAT B57 2
DAMAGE COMBAT B58 1
END TURN 216
TURN 217
COMMAND LEFT START
TRAIN 1
COMMAND LEFT END
COMMAND RIGHT START
COMMAND RIGHT END
TURN 217 RESULT
TIME LEFT 0 5 RIGHT 0 5
TRAIN A82
MOVE A53 130
MOVE A57 37
MOVE A58 70
MOVE A59 17
MOVE A62 188
MOVE A64 188
MOVE A65 188
MOVE A66 188
MOVE A67 188
MOVE A68 188
MOVE A69 188
MOVE A70 188
MOVE A71 188
MOVE A74 188
MOVE A75 188
MOVE A76 188
MOVE A77 188
MOVE A78 132
MOVE B59 177
MOVE B60 187
MOVE B61 170
DAMAGE TURRET A62 1
DAMAGE TURRET B57 2
DAMAGE TURRET B58 1
DAMAGE COMBAT A33 1
DAMAGE COMBAT A54 1
DAMAGE COMBAT A62 1
DAMAGE COMBAT B51 6
DAMAGE COMBAT B58 1
SIEGE B 188 6
END TURN 217
TURN 218
COMMAND LEFT START
MOVE A60 138
MOVE A62 108
MOVE A64 108
MOVE A65 108
MOVE A66 108
MOVE A67 108
MOVE A68 108
MOVE A69 108
MOVE A70 108
MOVE A71 108
MOVE A74 108
MOVE A75 108
MOVE A76 108
UPGRADE 188
COMMAND LEFT END
COMMAND RIGHT START
MOVE B71 188
MOVE B72 17
COMMAND RIGHT END
TURN 218 RESULT
TIME LEFT 0 5 RIGHT 0 5
UPGRADE A 188
MOVE A53 125
MOVE A57 48
MOVE A58 82
MOVE A59 25
MOVE A60 7
MOVE A62 175
MOVE A64 175
MOVE A65 175
MOVE A66 175
MOVE A67 175
MOVE A68 175
MOVE A69 175
MOVE A70 175
MOVE A71 175
MOVE A74 175
MOVE A75 175
MOVE A76 175
MOVE A78 147
MOVE B59 163
MOVE B60 179
MOVE B61 157
MOVE B71 211
MOVE B72 209
DAMAGE TURRET A78 1
DAMAGE TURRET B58 1
DAMAGE COMBAT A33 2
DAMAGE COMBAT A78 1
DAMAGE COMBAT B8 1
DAMAGE COMBAT B58 1
END TURN 218
TURN 219
COMMAND LEFT START
TRAIN 1
COMMAND LEFT END
COMMAND RIGHT START
COMMAND RIGHT END
TURN 219 RESULT
TIME LEFT 0 5 RIGHT 0 5
TRAIN A83
MOVE A53 124
MOVE A57 58
MOVE A58 98
MOVE A59 46
MOVE A60 17
MOVE A62 157
MOVE A64 157
MOVE A65 157
MOVE A66 157
MOVE A67 157
MOVE A68 157
MOVE A69 157
MOVE A70 157
MOVE A71 157
MOVE A74 157
MOVE A75 157
MOVE A76 157
MOVE B59 155
MOVE B60 168
MOVE B61 140
MOVE B71 202
MOVE B72 199
DAMAGE TURRET A78 1
DAMAGE COMBAT A78 1
DAMAGE COMBAT B8 1
END TURN 219
TURN 220
COMMAND LEFT START
MOVE A79 163
MOVE A78 92
UPGRADE 188
COMMAND LEFT END
COMMAND RIGHT START
MOVE B62 147
COMMAND RIGHT END
TURN 220 RESULT
TIME LEFT 0 5 RIGHT 0 5
UPGRADE A 188
MOVE A57 63
MOVE A58 121
MOVE A59 59
MOVE A60 27
MOVE A62 140
MOVE A64 140
MOVE A65 140
MOVE A66 140
MOVE A67 140
MOVE A68 140
MOVE A69 140
MOVE A70 140
MOVE A71 140
MOVE A74 140
MOVE A75 140
MOVE A76 140
MOVE A78 132
MOVE A79 7
MOVE B59 138
MOVE B60 158
MOVE B61 108
MOVE B62 215
MOVE B71 188
MOVE B72 191
DAMAGE TURRET B59 2
DAMAGE TURRET B61 2
DAMAGE TURRET B71 1
DAMAGE COMBAT A17 1
DAMAGE COMBAT A54 1
DAMAGE COMBAT A77 1
DAMAGE COMBAT B59 2
DAMAGE COMBAT B61 2
DAMAGE COMBAT B71 1
END TURN 220
TURN 221
COMMAND LEFT START
MOVE A49 163
TRAIN 2
COMMAND LEFT END
COMMAND RIGHT START
COMMAND RIGHT END
TURN 221 RESULT
TIME LEFT 0 5 RIGHT 0 5
TRAIN A84 A85
MOVE A49 86
MOVE A57 74
MOVE A58 137
MOVE A59 76
MOVE A60 49
MOVE A62 108
MOVE A64 108
MOVE A65 108
MOVE A66 108
MOVE A67 108
MOVE A68 108
MOVE A69 108
MOVE A70 108
MOVE A71 108
MOVE A74 108
MOVE A75 108
MOVE A76 108
MOVE A78 120
MOVE A79 17
MOVE B60 153
MOVE B62 208
MOVE B72 170
DAMAGE TURRET B59 2
DAMAGE TURRET B61 2
DAMAGE TURRET B71 1
DAMAGE COMBAT A17 1
DAMAGE COMBAT A54 1
DAMAGE COMBAT A77 1
DAMAGE COMBAT B71 1
END TURN 221
TURN 222
COMMAND LEFT START
MOVE A54 163
MOVE A61 78
MOVE A76 147
MOVE A75 147
MOVE A74 147
MOVE A71 147
MOVE A70 147
MOVE A69 147
MOVE A68 147
MOVE A67 147
MOVE A66 147
MOVE A65 147
TRAIN 1
COMMAND LEFT END
COMMAND RIGHT START
COMMAND RIGHT END
TURN 222 RESULT
TIME LEFT 0 5 RIGHT 0 5
TRAIN A86
MOVE A49 93
MOVE A54 140
MOVE A57 92
MOVE A58 152
MOVE A59 108
MOVE A60 65
MOVE A61 104
MOVE A65 118
MOVE A66 118
MOVE A67 118
MOVE A68 118
MOVE A69 118
MOVE A70 118
MOVE A71 118
MOVE A74 118
MOVE A75 118
MOVE A76 118
MOVE A78 110
MOVE A79 25
MOVE B60 142
MOVE B62 196
MOVE B72 157
DAMAGE TURRET B71 1
DAMAGE COMBAT A77 1
DAMAGE COMBAT B71 1
END TURN 222
TURN 223
COMMAND LEFT START
MOVE A80 163
MOVE A81 188
MOVE A86 108
UPGRADE 188
COMMAND LEFT END
COMMAND RIGHT START
MOVE B63 163
MOVE B64 17
COMMAND RIGHT END
TURN 223 RESULT
TIME LEFT 0 5 RIGHT 0 5
UPGRADE A 188
MOVE A49 95
MOVE A54 143
MOVE A58 163
MOVE A60 75
MOVE A61 95
MOVE A65 126
MOVE A66 126
MOVE A67 126
MOVE A68 126
MOVE A69 126
MOVE A70 126
MOVE A71 126
MOVE A74 126
MOVE A75 126
MOVE A76 126
MOVE A78 92
MOVE A79 46
MOVE A80 7
MOVE A81 7
MOVE A86 7
MOVE B60 124
MOVE B62 194
MOVE B63 211
MOVE B64 209
MOVE B72 140
DAMAGE TURRET B60 2
DAMAGE COMBAT A63 1
DAMAGE COMBAT B60 3
END TURN 223
TURN 224
COMMAND LEFT START
MOVE A37 188
UPGRADE 163
COMMAND LEFT END
COMMAND RIGHT START
COMMAND RIGHT END
TURN 224 RESULT
TIME LEFT 0 5 RIGHT 0 5
UPGRADE A 163
MOVE A37 110
MOVE A49 118
MOVE A54 152
MOVE A60 99
MOVE A61 93
MOVE A65 141
MOVE A66 141
MOVE A67 141
MOVE A68 141
MOVE A69 141
MOVE A70 141
MOVE A71 141
MOVE A74 141
MOVE A75 141
MOVE A76 141
MOVE A79 70
MOVE A80 17
MOVE A81 17
MOVE A86 17
MOVE B62 181
MOVE B63 202
MOVE B64 199
MOVE B72 108
DAMAGE TURRET B60 1
DAMAGE TURRET B72 2
DAMAGE COMBAT A62 1
DAMAGE COMBAT A63 1
DAMAGE COMBAT B72 3
END TURN 224
TURN 225
COMMAND LEFT START
TRAIN 1
COMMAND LEFT END
COMMAND RIGHT START
MOVE B65 138
COMMAND RIGHT END
TURN 225 RESULT
TIME LEFT 0 5 RIGHT 0 5
TRAIN A87
MOVE A37 115
MOVE A49 134
MOVE A54 163
MOVE A60 111
MOVE A61 86
MOVE A65 148
MOVE A66 148
MOVE A67 148
MOVE A68 148
MOVE A69 148
MOVE A70 148
MOVE A71 148
MOVE A74 148
MOVE A75 148
MOVE A76 148
MOVE A79 82
MOVE A80 25
MOVE A81 25
MOVE A86 25
MOVE B62 159
MOVE B63 188
MOVE B64 191
MOVE B65 211
DAMAGE TURRET B63 2
DAMAGE TURRET B72 1
DAMAGE COMBAT A62 1
DAMAGE COMBAT A77 1
DAMAGE COMBAT B63 1
END TURN 225
TURN 226
COMMAND LEFT START
MOVE A82 124
TRAIN 2
COMMAND LEFT END
COMMAND RIGHT START
MOVE B66 124
MOVE B67 17
COMMAND RIGHT END
TURN 226 RESULT
TIME LEFT 0 5 RIGHT 0 5
TRAIN A88 A89
MOVE A37 127
MOVE A49 140
MOVE A60 123
MOVE A61 78
MOVE A65 145
MOVE A66 145
MOVE A67 145
MOVE A68 145
MOVE A69 145
MOVE A70 145
MOVE A71 145
MOVE A74 145
MOVE A75 145
MOVE A76 145
MOVE A79 98
MOVE A80 46
MOVE A81 46
MOVE A82 7
MOVE A86 46
MOVE B62 147
MOVE B64 170
MOVE B65 202
MOVE B66 214
MOVE B67 209
DAMAGE TURRET B63 2
DAMAGE COMBAT A77 1
DAMAGE COMBAT B63 1
END TURN 226
TURN 227
COMMAND LEFT START
MOVE A89 182
MOVE A88 108
TRAIN 1
COMMAND LEFT END
COMMAND RIGHT START
MOVE B68 163
COMMAND RIGHT END
TURN 227 RESULT
TIME LEFT 0 5 RIGHT 0 5
TRAIN A90
MOVE A37 141
MOVE A49 143
MOVE A60 130
MOVE A65 144
MOVE A66 144
MOVE A67 144
MOVE A68 144
MOVE A69 144
MOVE A70 144
MOVE A71 144
MOVE A74 144
MOVE A75 144
MOVE A76 144
MOVE A79 121
MOVE A80 70
MOVE A81 70
MOVE A82 17
MOVE A86 59
MOVE A88 7
MOVE A89 7
MOVE B64 157
MOVE B65 188
MOVE B66 207
MOVE B67 199
MOVE B68 211
DAMAGE TURRET B65 2
DAMAGE COMBAT A77 1
DAMAGE COMBAT B65 1
END TURN 227
TURN 228
COMMAND LEFT START
MOVE A90 108
TRAIN 1
COMMAND LEFT END
COMMAND RIGHT START
MOVE B69 124
COMMAND RIGHT END
TURN 228 RESULT
TIME LEFT 0 5 RIGHT 0 5
TRAIN A91
MOVE A37 151
MOVE A49 152
MOVE A60 138
MOVE A65 147
MOVE A66 147
MOVE A67 147
MOVE A68 147
MOVE A69 147
MOVE A70 147
MOVE A71 147
MOVE A74 147
MOVE A75 147
MOVE A76 147
MOVE A79 137
MOVE A80 82
MOVE A81 82
MOVE A82 27
MOVE A86 76
MOVE A88 17
MOVE A89 17
MOVE A90 7
MOVE B64 140
MOVE B65 177
MOVE B66 197
MOVE B67 191
MOVE B68 202
MOVE B69 214
DAMAGE TURRET A65 1
DAMAGE COMBAT A65 1
DAMAGE COMBAT B62 6
SIEGE B 147 4
END TURN 228
TURN 229
COMMAND LEFT START
MOVE A83 188
TRAIN 2
COMMAND LEFT END
COMMAND RIGHT START
MOVE B70 147
COMMAND RIGHT END
TURN 229 RESULT
TIME LEFT 0 5 RIGHT 0 5
TRAIN A92 A93
MOVE A37 146
MOVE A49 163
MOVE A79 152
MOVE A80 98
MOVE A81 98
MOVE A82 36
MOVE A83 7
MOVE A86 108
MOVE A88 25
MOVE A89 27
MOVE A90 17
MOVE B64 108
MOVE B65 163
MOVE B66 187
MOVE B67 170
MOVE B68 188
MOVE B69 207
MOVE B70 215
DAMAGE TURRET A65 1
DAMAGE TURRET B64 2
DAMAGE TURRET B65 2
DAMAGE TURRET B68 2
DAMAGE COMBAT A54 1
DAMAGE COMBAT A62 1
DAMAGE COMBAT B64 4
DAMAGE COMBAT B65 1
SIEGE B 147 2
SIEGE A 188 1
END TURN 229
TURN 230
COMMAND LEFT START
MOVE A65 108
MOVE A66 108
MOVE A67 108
MOVE A68 108
MOVE A69 108
MOVE A70 108
MOVE A71 108
MOVE A74 108
MOVE A75 108
MOVE A93 108
MOVE A92 108
UPGRADE 147
TRAIN 2
COMMAND LEFT END
COMMAND RIGHT START
MOVE B73 138
MOVE B74 147
MOVE B75 17
COMMAND RIGHT END
TURN 230 RESULT
TIME LEFT 0 5 RIGHT 0 5
UPGRADE A 147
TRAIN A94 A95
MOVE A37 157
MOVE A65 144
MOVE A66 144
MOVE A67 144
MOVE A68 144
MOVE A69 144
MOVE A70 144
MOVE A71 144
MOVE A74 144
MOVE A75 144
MOVE A79 163
MOVE A80 121
MOVE A81 112
MOVE A82 60
MOVE A83 17
MOVE A88 46
MOVE A89 49
MOVE A90 25
MOVE A92 7
MOVE A93 7
MOVE B66 179
MOVE B67 157
MOVE B68 177
MOVE B69 197
MOVE B70 208
MOVE B73 211
MOVE B74 215
MOVE B75 209
DAMAGE COMBAT A37 1
DAMAGE COMBAT B67 1
END TURN 230
TURN 231
COMMAND LEFT START
MOVE A84 188
MOVE A95 108
MOVE A79 108
UPGRADE 147
COMMAND LEFT END
COMMAND RIGHT START
COMMAND RIGHT END
TURN 231 RESULT
TIME LEFT 0 5 RIGHT 0 5
UPGRADE A 147
MOVE A65 145
MOVE A66 145
MOVE A67 145
MOVE A68 145
MOVE A69 145
MOVE A70 145
MOVE A71 145
MOVE A74 145
MOVE A75 145
MOVE A79 152
MOVE A80 137
MOVE A81 143
MOVE A82 68
MOVE A83 25
MOVE A84 7
MOVE A88 59
MOVE A89 65
MOVE A90 46
MOVE A92 17
MOVE A93 17
MOVE A95 7
MOVE B66 168
MOVE B68 163
MOVE B69 187
MOVE B70 196
MOVE B73 202
MOVE B74 208
MOVE B75 199
DAMAGE TURRET B68 2
DAMAGE COMBAT A37 1
DAMAGE COMBAT A54 1
DAMAGE COMBAT B67 1
DAMAGE COMBAT B68 2
END TURN 231
TURN 232
COMMAND LEFT START
MOVE A49 188
MOVE A59 147
TRAIN 1
COMMAND LEFT END
COMMAND RIGHT START
MOVE B76 124
COMMAND RIGHT END
TURN 232 RESULT
TIME LEFT 0 5 RIGHT 0 5
TRAIN A96
MOVE A49 177
MOVE A59 118
MOVE A65 148
MOVE A66 148
MOVE A67 148
MOVE A68 148
MOVE A69 148
MOVE A70 148
MOVE A71 148
MOVE A74 148
MOVE A75 148
MOVE A79 143
MOVE A80 152
MOVE A81 162
MOVE A82 89
MOVE A83 46
MOVE A84 17
MOVE A88 76
MOVE A89 75
MOVE A90 59
MOVE A92 25
MOVE A93 25
MOVE A95 17
MOVE B66 158
MOVE B69 179
MOVE B70 194
MOVE B73 188
MOVE B74 196
MOVE B75 191
MOVE B76 214
DAMAGE TURRET B73 2
DAMAGE COMBAT A37 1
DAMAGE COMBAT B67 1
SIEGE A 188 1
END TURN 232
TURN 233
COMMAND LEFT START
MOVE A85 163
UPGRADE 147
COMMAND LEFT END
COMMAND RIGHT START
COMMAND RIGHT END
TURN 233 RESULT
TIME LEFT 0 5 RIGHT 0 5
UPGRADE A 147
MOVE A49 188
MOVE A59 126
MOVE A65 141
MOVE A66 141
MOVE A67 141
MOVE A68 141
MOVE A69 141
MOVE A70 141
MOVE A71 141
MOVE A74 141
MOVE A75 141
MOVE A79 140
MOVE A80 163
MOVE A81 175
MOVE A82 101
MOVE A83 70
MOVE A84 25
MOVE A85 7
MOVE A88 108
MOVE A89 99
MOVE A90 76
MOVE A92 46
MOVE A93 46
MOVE A95 25
MOVE B66 153
MOVE B69 168
MOVE B70 181
MOVE B73 177
MOVE B74 194
MOVE B75 170
MOVE B76 207
DAMAGE COMBAT A37 1
DAMAGE COMBAT B67 1
END TURN 233
TURN 234
COMMAND LEFT START
MOVE A62 147
TRAIN 2
COMMAND LEFT END
COMMAND RIGHT START
COMMAND RIGHT END
TURN 234 RESULT
TIME LEFT 0 5 RIGHT 0 5
TRAIN A97 A98
MOVE A59 141
MOVE A62 118
MOVE A65 126
MOVE A66 126
MOVE A67 126
MOVE A68 126
MOVE A69 126
MOVE A70 126
MOVE A71 126
MOVE A74 126
MOVE A75 126
MOVE A79 108
MOVE A81 188
MOVE A82 106
MOVE A83 82
MOVE A84 46
MOVE A85 17
MOVE A89 111
MOVE A90 108
MOVE A92 59
MOVE A93 59
MOVE A95 46
MOVE B66 142
MOVE B69 158
MOVE B70 159
MOVE B73 163
MOVE B74 181
MOVE B75 157
MOVE B76 197
DAMAGE TURRET B73 2
DAMAGE COMBAT A37 1
DAMAGE COMBAT A58 1
DAMAGE COMBAT B67 1
DAMAGE COMBAT B73 2
END TURN 234
TURN 235
COMMAND LEFT START
MOVE A98 108
MOVE A97 108
TRAIN 2
COMMAND LEFT END
COMMAND RIGHT START
COMMAND RIGHT END
TURN 235 RESULT
TIME LEFT 0 5 RIGHT 0 5
TRAIN A99 A100
MOVE A59 148
MOVE A62 126
MOVE A65 118
MOVE A66 118
MOVE A67 118
MOVE A68 118
MOVE A69 118
MOVE A70 118
MOVE A71 118
MOVE A74 118
MOVE A75 118
MOVE A82 124
MOVE A83 98
MOVE A84 70
MOVE A85 25
MOVE A89 123
MOVE A92 76
MOVE A93 76
MOVE A95 59
MOVE A97 7
MOVE A98 7
MOVE B66 124
MOVE B67 140
MOVE B69 153
MOVE B70 147
MOVE B74 159
MOVE B75 140
MOVE B76 187
DAMAGE TURRET B66 2
DAMAGE TURRET B70 2
DAMAGE COMBAT A53 1
DAMAGE COMBAT A76 1
DAMAGE COMBAT B66 3
DAMAGE COMBAT B70 1
END TURN 235
TURN 236
COMMAND LEFT START
COMMAND LEFT END
COMMAND RIGHT START
COMMAND RIGHT END
TURN 236 RESULT
TIME LEFT 0 5 RIGHT 0 5
MOVE A59 145
MOVE A62 141
MOVE A65 108
MOVE A66 108
MOVE A67 108
MOVE A68 108
MOVE A69 108
MOVE A70 108
MOVE A71 108
MOVE A74 108
MOVE A75 108
MOVE A83 112
MOVE A84 82
MOVE A85 46
MOVE A89 130
MOVE A92 108
MOVE A93 108
MOVE A95 76
MOVE A97 17
MOVE A98 17
MOVE B67 108
MOVE B69 142
MOVE B74 147
MOVE B75 108
MOVE B76 179
DAMAGE TURRET B66 1
DAMAGE TURRET B67 1
DAMAGE TURRET B70 2
DAMAGE TURRET B75 1
DAMAGE COMBAT A53 1
DAMAGE COMBAT A65 2
DAMAGE COMBAT A76 2
DAMAGE COMBAT B70 1
DAMAGE COMBAT B75 5
END TURN 236
TURN 237
COMMAND LEFT START
COMMAND LEFT END
COMMAND RIGHT START
MOVE B77 17
COMMAND RIGHT END
TURN 237 RESULT
TIME LEFT 0 5 RIGHT 0 5
MOVE A59 144
MOVE A62 148
MOVE A83 143
MOVE A84 98
MOVE A85 70
MOVE A89 138
MOVE A95 108
MOVE A97 25
MOVE A98 25
MOVE B69 124
MOVE B76 168
MOVE B77 209
DAMAGE TURRET B69 2
DAMAGE TURRET B74 2
DAMAGE COMBAT A53 1
DAMAGE COMBAT A76 1
DAMAGE COMBAT B69 3
DAMAGE COMBAT B74 1
END TURN 237
TURN 238
COMMAND LEFT START
MOVE A100 108
UPGRADE 0
COMMAND LEFT END
COMMAND RIGHT START
COMMAND RIGHT END
TURN 238 RESULT
TIME LEFT 0 5 RIGHT 0 5
UPGRADE A 0
MOVE A59 147
MOVE A62 145
MOVE A83 162
MOVE A84 112
MOVE A85 82
MOVE A89 153
MOVE A97 46
MOVE A98 46
MOVE A100 7
MOVE B76 158
MOVE B77 199
DAMAGE TURRET B69 1
DAMAGE TURRET B74 2
DAMAGE COMBAT A53 1
DAMAGE COMBAT A76 1
DAMAGE COMBAT B74 1
END TURN 238
TURN 239
COMMAND LEFT START
MOVE A64 124
MOVE A95 207
MOVE A93 207
MOVE A92 207
MOVE A90 207
MOVE A88 207
MOVE A86 207
MOVE A79 207
MOVE A75 207
MOVE A74 207
MOVE A71 207
MOVE A70 207
MOVE A69 207
MOVE A68 207
MOVE A67 207
COMMAND LEFT END
COMMAND RIGHT START
COMMAND RIGHT END
TURN 239 RESULT
TIME LEFT 0 5 RIGHT 0 5
MOVE A62 144
MOVE A64 112
MOVE A67 140
MOVE A68 140
MOVE A69 140
MOVE A70 140
MOVE A71 140
MOVE A74 140
MOVE A75 140
MOVE A79 140
MOVE A83 175
MOVE A84 143
MOVE A85 98
MOVE A86 140
MOVE A88 140
MOVE A89 171
MOVE A90 140
MOVE A92 140
MOVE A93 140
MOVE A95 140
MOVE A97 59
MOVE A98 59
MOVE A100 17
MOVE B76 153
MOVE B77 191
END TURN 239
TURN 240
COMMAND LEFT START
TRAIN 2
COMMAND LEFT END
COMMAND RIGHT START
COMMAND RIGHT END
TURN 240 RESULT
TIME LEFT 0 5 RIGHT 0 5
TRAIN A101 A102
MOVE A62 147
MOVE A64 121
MOVE A67 157
MOVE A68 157
MOVE A69 157
MOVE A70 157
MOVE A71 157
MOVE A74 157
MOVE A75 157
MOVE A79 157
MOVE A83 188
MOVE A84 162
MOVE A85 121
MOVE A86 157
MOVE A88 157
MOVE A89 182
MOVE A90 157
MOVE A92 157
MOVE A93 157
MOVE A95 157
MOVE A97 76
MOVE A98 76
MOVE A100 25
MOVE B76 142
MOVE B77 170
DAMAGE TURRET A89 1
DAMAGE COMBAT A89 1
DAMAGE COMBAT B49 1
END TURN 240
TURN 241
COMMAND LEFT START
MOVE A102 108
MOVE A101 108
TRAIN 3
COMMAND LEFT END
COMMAND RIGHT START
COMMAND RIGHT END
TURN 241 RESULT
TIME LEFT 0 5 RIGHT 0 5
TRAIN A103 A104 A105
MOVE A64 123
MOVE A67 175
MOVE A68 175
MOVE A69 175
MOVE A70 175
MOVE A71 175
MOVE A74 175
MOVE A75 175
MOVE A79 175
MOVE A84 175
MOVE A85 137
MOVE A86 175
MOVE A88 175
MOVE A90 175
MOVE A92 175
MOVE A93 175
MOVE A95 175
MOVE A97 108
MOVE A98 108
MOVE A100 46
MOVE A101 7
MOVE A102 7
MOVE B76 124
MOVE B77 157
DAMAGE TURRET A89 1
DAMAGE TURRET B76 2
DAMAGE COMBAT A56 1
DAMAGE COMBAT A89 1
DAMAGE COMBAT B49 1
DAMAGE COMBAT B76 2
END TURN 241
TURN 242
COMMAND LEFT START
MOVE A105 108
MOVE A104 108
MOVE A103 108
TRAIN 1
COMMAND LEFT END
COMMAND RIGHT START
COMMAND RIGHT END
TURN 242 RESULT
TIME LEFT 0 5 RIGHT 0 5
TRAIN A106
MOVE A64 130
MOVE A67 188
MOVE A68 188
MOVE A69 188
MOVE A70 188
MOVE A71 188
MOVE A74 188
MOVE A75 188
MOVE A79 188
MOVE A84 188
MOVE A85 152
MOVE A86 188
MOVE A88 188
MOVE A90 188
MOVE A92 188
MOVE A93 188
MOVE A95 188
MOVE A100 59
MOVE A101 17
MOVE A102 17
MOVE A103 7
MOVE A104 7
MOVE A105 7
MOVE B77 140
DAMAGE TURRET A89 1
DAMAGE TURRET B76 2
DAMAGE COMBAT A56 1
DAMAGE COMBAT A89 1
DAMAGE COMBAT B49 1
END TURN 242
TURN 243
COMMAND LEFT START
MOVE A106 108
TRAIN 3
COMMAND LEFT END
COMMAND RIGHT START
COMMAND RIGHT END
TURN 243 RESULT
TIME LEFT 0 5 RIGHT 0 5
TRAIN A107 A108 A109
MOVE A64 125
MOVE A67 197
MOVE A68 197
MOVE A69 197
MOVE A70 197
MOVE A71 197
MOVE A74 197
MOVE A75 197
MOVE A79 197
MOVE A85 163
MOVE A86 197
MOVE A88 197
MOVE A90 197
MOVE A92 197
MOVE A93 197
MOVE A95 197
MOVE A100 76
MOVE A101 25
MOVE A102 25
MOVE A103 17
MOVE A104 17
MOVE A105 17
MOVE A106 7
MOVE B77 108
DAMAGE TURRET A89 1
DAMAGE TURRET B77 2
DAMAGE COMBAT A65 1
DAMAGE COMBAT B49 1
DAMAGE COMBAT B77 4
END TURN 243
TURN 244
COMMAND LEFT START
MOVE A109 182
MOVE A108 108
MOVE A107 108
MOVE A84 108
TRAIN 1
COMMAND LEFT END
COMMAND RIGHT START
COMMAND RIGHT END
TURN 244 RESULT
TIME LEFT 0 5 RIGHT 0 5
TRAIN A110
MOVE A64 124
MOVE A67 207
MOVE A68 207
MOVE A69 207
MOVE A70 207
MOVE A71 207
MOVE A74 207
MOVE A75 207
MOVE A79 207
MOVE A84 175
MOVE A86 207
MOVE A88 207
MOVE A90 207
MOVE A92 207
MOVE A93 207
MOVE A95 207
MOVE A100 108
MOVE A101 46
MOVE A102 46
MOVE A103 25
MOVE A104 25
MOVE A105 25
MOVE A106 17
MOVE A107 7
MOVE A108 7
MOVE A109 7
DAMAGE TURRET A67 1
DAMAGE COMBAT A67 1
DAMAGE COMBAT B53 6
SIEGE B 207 6
END TURN 244
TURN 245
COMMAND LEFT START
MOVE A67 108
MOVE A68 108
MOVE A69 108
MOVE A70 108
MOVE A71 108
MOVE A74 108
MOVE A75 108
MOVE A79 108
MOVE A86 108
MOVE A88 108
MOVE A90 108
MOVE A92 108
MOVE A93 108
MOVE A110 108
UPGRADE 207
TRAIN 3
COMMAND LEFT END
COMMAND RIGHT START
COMMAND RIGHT END
TURN 245 RESULT
TIME LEFT 0 5 RIGHT 0 5
UPGRADE A 207
TRAIN A111 A112 A113
MOVE A67 197
MOVE A68 197
MOVE A69 197
MOVE A70 197
MOVE A71 197
MOVE A74 197
MOVE A75 197
MOVE A79 197
MOVE A84 157
MOVE A86 197
MOVE A88 197
MOVE A90 197
MOVE A92 197
MOVE A93 197
MOVE A101 59
MOVE A102 59
MOVE A103 46
MOVE A104 46
MOVE A105 46
MOVE A106 25
MOVE A107 17
MOVE A108 17
MOVE A109 17
MOVE A110 7
END TURN 245
TURN 246
COMMAND LEFT START
MOVE A113 108
MOVE A112 108
MOVE A111 108
UPGRADE 207
TRAIN 2
COMMAND LEFT END
COMMAND RIGHT START
COMMAND RIGHT END
TURN 246 RESULT
TIME LEFT 0 5 RIGHT 0 5
UPGRADE A 207
TRAIN A114 A115
MOVE A67 188
MOVE A68 188
MOVE A69 188
MOVE A70 188
MOVE A71 188
MOVE A74 188
MOVE A75 188
MOVE A79 188
MOVE A84 140
MOVE A86 188
MOVE A88 188
MOVE A90 188
MOVE A92 188
MOVE A93 188
MOVE A101 76
MOVE A102 76
MOVE A103 59
MOVE A104 59
MOVE A105 59
MOVE A106 46
MOVE A107 25
MOVE A108 25
MOVE A109 27
MOVE A110 17
MOVE A111 7
MOVE A112 7
MOVE A113 7
END TURN 246
TURN 247
COMMAND LEFT START
MOVE A66 207
MOVE A115 108
MOVE A114 108
UPGRADE 207
TRAIN 3
COMMAND LEFT END
COMMAND RIGHT START
UPGRADE 216
COMMAND RIGHT END
TURN 247 RESULT
TIME LEFT 0 5 RIGHT 0 5
UPGRADE A 207
UPGRADE B 216
TRAIN A116 A117 A118
MOVE A66 140
MOVE A67 175
MOVE A68 175
MOVE A69 175
MOVE A70 175
MOVE A71 175
MOVE A74 175
MOVE A75 175
MOVE A79 175
MOVE A84 108
MOVE A86 175
MOVE A88 175
MOVE A90 175
MOVE A92 175
MOVE A93 175
MOVE A101 108
MOVE A102 108
MOVE A103 76
MOVE A104 76
MOVE A105 76
MOVE A106 59
MOVE A107 46
MOVE A108 46
MOVE A109 49
MOVE A110 25
MOVE A111 17
MOVE A112 17
MOVE A113 17
MOVE A114 7
MOVE A115 7
END TURN 247
TURN 248
COMMAND LEFT START
MOVE A84 207
MOVE A118 108
MOVE A117 108
MOVE A116 108
TRAIN 3
COMMAND LEFT END
COMMAND RIGHT START
MOVE B49 216
COMMAND RIGHT END
TURN 248 RESULT
TIME LEFT 0 5 RIGHT 0 5
TRAIN A119 A120 A121
MOVE A66 157
MOVE A67 157
MOVE A68 157
MOVE A69 157
MOVE A70 157
MOVE A71 157
MOVE A74 157
MOVE A75 157
MOVE A79 157
MOVE A84 140
MOVE A86 157
MOVE A88 157
MOVE A90 157
MOVE A92 157
MOVE A93 157
MOVE A103 108
MOVE A104 108
MOVE A105 108
MOVE A106 76
MOVE A107 59
MOVE A108 59
MOVE A109 65
MOVE A110 46
MOVE A111 25
MOVE A112 25
MOVE A113 25
MOVE A114 17
MOVE A115 17
MOVE A116 7
MOVE A117 7
MOVE A118 7
MOVE B49 186
END TURN 248
TURN 249
COMMAND LEFT START
MOVE A121 108
MOVE A120 108
MOVE A119 108
TRAIN 2
COMMAND LEFT END
COMMAND RIGHT START
COMMAND RIGHT END
TURN 249 RESULT
TIME LEFT 0 5 RIGHT 0 5
TRAIN A122 A123
MOVE A66 175
MOVE A67 140
MOVE A68 140
MOVE A69 140
MOVE A70 140
MOVE A71 140
MOVE A74 140
MOVE A75 140
MOVE A79 140
MOVE A84 157
MOVE A86 140
MOVE A88 140
MOVE A90 140
MOVE A92 140
MOVE A93 140
MOVE A106 108
MOVE A107 76
MOVE A108 76
MOVE A109 75
MOVE A110 59
MOVE A111 46
MOVE A112 46
MOVE A113 46
MOVE A114 25
MOVE A115 25
MOVE A116 17
MOVE A117 17
MOVE A118 17
MOVE A119 7
MOVE A120 7
MOVE A121 7
MOVE B49 198
END TURN 249
TURN 250
COMMAND LEFT START
MOVE A123 108
MOVE A122 108
TRAIN 3
COMMAND LEFT END
COMMAND RIGHT START
TRAIN 1
COMMAND RIGHT END
TURN 250 RESULT
TIME LEFT 0 5 RIGHT 0 5
TRAIN A124 A125 A126 B78
MOVE A66 188
MOVE A67 108
MOVE A68 108
MOVE A69 108
MOVE A70 108
MOVE A71 108
MOVE A74 108
MOVE A75 108
MOVE A79 108
MOVE A84 175
MOVE A86 108
MOVE A88 108
MOVE A90 108
MOVE A92 108
MOVE A93 108
MOVE A107 108
MOVE A108 108
MOVE A109 99
MOVE A110 76
MOVE A111 59
MOVE A112 59
MOVE A113 59
MOVE A114 46
MOVE A115 46
MOVE A116 25
MOVE A117 25
MOVE A118 25
MOVE A119 17
MOVE A120 17
MOVE A121 17
MOVE A122 7
MOVE A123 7
MOVE B49 204
END TURN 250
TURN 251
COMMAND LEFT START
MOVE A126 108
MOVE A125 108
MOVE A124 108
TRAIN 3
COMMAND LEFT END
COMMAND RIGHT START
COMMAND RIGHT END
TURN 251 RESULT
TIME LEFT 0 5 RIGHT 0 5
TRAIN A127 A128 A129
MOVE A66 197
MOVE A84 188
MOVE A109 111
MOVE A110 108
MOVE A111 76
MOVE A112 76
MOVE A113 76
MOVE A114 59
MOVE A115 59
MOVE A116 46
MOVE A117 46
MOVE A118 46
MOVE A119 25
MOVE A120 25
MOVE A121 25
MOVE A122 17
MOVE A123 17
MOVE A124 7
MOVE A125 7
MOVE A126 7
MOVE B49 207
DAMAGE TURRET B49 2
DAMAGE COMBAT A95 1
END TURN 251
TURN 252
COMMAND LEFT START
MOVE A129 108
MOVE A128 108
MOVE A127 108
TRAIN 3
COMMAND LEFT END
COMMAND RIGHT START
TRAIN 1
COMMAND RIGHT END
TURN 252 RESULT
TIME LEFT 1 5 RIGHT 0 5
TRAIN A130 A131 A132 B79
MOVE A66 207
MOVE A84 197
MOVE A109 123
MOVE A111 108
MOVE A112 108
MOVE A113 108
MOVE A114 76
MOVE A115 76
MOVE A116 59
MOVE A117 59
MOVE A118 59
MOVE A119 46
MOVE A120 46
MOVE A121 46
MOVE A122 25
MOVE A123 25
MOVE A124 17
MOVE A125 17
MOVE A126 17
MOVE A127 7
MOVE A128 7
MOVE A129 7
END TURN 252
TURN 253
COMMAND LEFT START
MOVE A132 108
MOVE A131 108
MOVE A130 108
TRAIN 3
COMMAND LEFT END
COMMAND RIGHT START
MOVE B79 182
COMMAND RIGHT END
TURN 253 RESULT
TIME LEFT 1 5 RIGHT 0 5
TRAIN A133 A134 A135
MOVE A84 207
MOVE A109 130
MOVE A114 108
MOVE A115 108
MOVE A116 76
MOVE A117 76
MOVE A118 76
MOVE A119 59
MOVE A120 59
MOVE A121 59
MOVE A122 46
MOVE A123 46
MOVE A124 25
MOVE A125 25
MOVE A126 25
MOVE A127 17
MOVE A128 17
MOVE A129 17
MOVE A130 7
MOVE A131 7
MOVE A132 7
MOVE B79 214
END TURN 253
TURN 254
COMMAND LEFT START
MOVE A115 216
MOVE A114 216
MOVE A113 216
MOVE A112 216
MOVE A111 216
MOVE A110 216
MOVE A108 216
MOVE A107 216
MOVE A106 216
MOVE A105 216
MOVE A104 216
MOVE A103 216
MOVE A102 216
MOVE A101 216
MOVE A100 216
MOVE A98 216
MOVE A97 216
MOVE A93 216
MOVE A92 216
MOVE A90 216
MOVE A88 216
MOVE A86 216
MOVE A79 216
MOVE A75 216
MOVE A74 216
MOVE A71 216
MOVE A70 216
MOVE A69 216
COMMAND LEFT END
COMMAND RIGHT START
COMMAND RIGHT END
TURN 254 RESULT
TIME LEFT 0 5 RIGHT 0 5
MOVE A69 140
MOVE A70 140
MOVE A71 140
MOVE A74 140
MOVE A75 140
MOVE A79 140
MOVE A86 140
MOVE A88 140
MOVE A90 140
MOVE A92 140
MOVE A93 140
MOVE A97 140
MOVE A98 140
MOVE A100 140
MOVE A101 140
MOVE A102 140
MOVE A103 140
MOVE A104 140
MOVE A105 140
MOVE A106 140
MOVE A107 140
MOVE A108 140
MOVE A109 138
MOVE A110 140
MOVE A111 140
MOVE A112 140
MOVE A113 140
MOVE A114 140
MOVE A115 140
MOVE A116 108
MOVE A117 108
MOVE A118 108
MOVE A119 76
MOVE A120 76
MOVE A121 76
MOVE A122 59
MOVE A123 59
MOVE A124 46
MOVE A125 46
MOVE A126 46
MOVE A127 25
MOVE A128 25
MOVE A129 25
MOVE A130 17
MOVE A131 17
MOVE A132 17
MOVE B79 207
DAMAGE TURRET B79 2
DAMAGE COMBAT A66 1
DAMAGE COMBAT B79 3
END TURN 254
TURN 255
COMMAND LEFT START
TRAIN 3
COMMAND LEFT END
COMMAND RIGHT START
TRAIN 1
COMMAND RIGHT END
TURN 255 RESULT
TIME LEFT 0 5 RIGHT 0 5
TRAIN A136 A137 A138 B80
MOVE A69 157
MOVE A70 157
MOVE A71 157
MOVE A74 157
MOVE A75 157
MOVE A79 157
MOVE A86 157
MOVE A88 157
MOVE A90 157
MOVE A92 157
MOVE A93 157
MOVE A97 157
MOVE A98 157
MOVE A100 157
MOVE A101 157
MOVE A102 157
MOVE A103 157
MOVE A104 157
MOVE A105 157
MOVE A106 157
MOVE A107 157
MOVE A108 157
MOVE A109 153
MOVE A110 157
MOVE A111 157
MOVE A112 157
MOVE A113 157
MOVE A114 157
MOVE A115 157
MOVE A119 108
MOVE A120 108
MOVE A121 108
MOVE A122 76
MOVE A123 76
MOVE A124 59
MOVE A125 59
MOVE A126 59
MOVE A127 46
MOVE A128 46
MOVE A129 46
MOVE A130 25
MOVE A131 25
MOVE A132 25
DAMAGE TURRET B79 2
DAMAGE COMBAT A66 1
END TURN 255
TURN 256
COMMAND LEFT START
TRAIN 3
COMMAND LEFT END
COMMAND RIGHT START
MOVE B80 182
COMMAND RIGHT END
TURN 256 RESULT
TIME LEFT 0 5 RIGHT 0 5
TRAIN A139 A140 A141
MOVE A69 170
MOVE A70 170
MOVE A71 170
MOVE A74 170
MOVE A75 170
MOVE A79 170
MOVE A86 170
MOVE A88 170
MOVE A90 170
MOVE A92 170
MOVE A93 170
MOVE A97 170
MOVE A98 170
MOVE A100 170
MOVE A101 170
MOVE A102 170
MOVE A103 170
MOVE A104 170
MOVE A105 170
MOVE A106 170
MOVE A107 170
MOVE A108 170
MOVE A109 171
MOVE A110 170
MOVE A111 170
MOVE A112 170
MOVE A113 170
MOVE A114 170
MOVE A115 170
MOVE A122 108
MOVE A123 108
MOVE A124 76
MOVE A125 76
MOVE A126 76
MOVE A127 59
MOVE A128 59
MOVE A129 59
MOVE A130 46
MOVE A131 46
MOVE A132 46
MOVE B80 214
END TURN 256
TURN 257
COMMAND LEFT START
TRAIN 3
COMMAND LEFT END
COMMAND RIGHT START
TRAIN 1
COMMAND RIGHT END
TURN 257 RESULT
TIME LEFT 0 5 RIGHT 0 5
TRAIN A142 A143 A144 B81
MOVE A69 191
MOVE A70 191
MOVE A71 191
MOVE A74 191
MOVE A75 191
MOVE A79 191
MOVE A86 191
MOVE A88 191
MOVE A90 191
MOVE A92 191
MOVE A93 191
MOVE A97 191
MOVE A98 191
MOVE A100 191
MOVE A101 191
MOVE A102 191
MOVE A103 191
MOVE A104 191
MOVE A105 191
MOVE A106 191
MOVE A107 191
MOVE A108 191
MOVE A109 182
MOVE A110 191
MOVE A111 191
MOVE A112 191
MOVE A113 191
MOVE A114 191
MOVE A115 191
MOVE A124 108
MOVE A125 108
MOVE A126 108
MOVE A127 76
MOVE A128 76
MOVE A129 76
MOVE A130 59
MOVE A131 59
MOVE A132 59
MOVE B80 207
DAMAGE TURRET A109 1
DAMAGE TURRET B80 2
DAMAGE COMBAT A66 1
DAMAGE COMBAT B80 3
SIEGE B 182 1
END TURN 257
TURN 258
COMMAND LEFT START
TRAIN 3
COMMAND LEFT END
COMMAND RIGHT START
MOVE B81 163
COMMAND RIGHT END
TURN 258 RESULT
TIME LEFT 0 5 RIGHT 0 5
TRAIN A145 A146 A147
MOVE A69 199
MOVE A70 199
MOVE A71 199
MOVE A74 199
MOVE A75 199
MOVE A79 199
MOVE A86 199
MOVE A88 199
MOVE A90 199
MOVE A92 199
MOVE A93 199
MOVE A97 199
MOVE A98 199
MOVE A100 199
MOVE A101 199
MOVE A102 199
MOVE A103 199
MOVE A104 199
MOVE A105 199
MOVE A106 199
MOVE A107 199
MOVE A108 199
MOVE A110 199
MOVE A111 199
MOVE A112 199
MOVE A113 199
MOVE A114 199
MOVE A115 199
MOVE A127 108
MOVE A128 108
MOVE A129 108
MOVE A130 76
MOVE A131 76
MOVE A132 76
MOVE B81 211
DAMAGE TURRET A109 1
DAMAGE TURRET B80 2
DAMAGE COMBAT A66 1
SIEGE B 182 1
END TURN 258
TURN 259
COMMAND LEFT START
TRAIN 3
COMMAND LEFT END
COMMAND RIGHT START
COMMAND RIGHT END
TURN 259 RESULT
TIME LEFT 0 5 RIGHT 0 5
TRAIN A148 A149 A150
MOVE A69 209
MOVE A70 209
MOVE A71 209
MOVE A74 209
MOVE A75 209
MOVE A79 209
MOVE A86 209
MOVE A88 209
MOVE A90 209
MOVE A92 209
MOVE A93 209
MOVE A97 209
MOVE A98 209
MOVE A100 209
MOVE A101 209
MOVE A102 209
MOVE A103 209
MOVE A104 209
MOVE A105 209
MOVE A106 209
MOVE A107 209
MOVE A108 209
MOVE A110 209
MOVE A111 209
MOVE A112 209
MOVE A113 209
MOVE A114 209
MOVE A115 209
MOVE A130 108
MOVE A131 108
MOVE A132 108
MOVE B81 202
DAMAGE TURRET A109 1
SIEGE B 182 1
END TURN 259
TURN 260
COMMAND LEFT START
TRAIN 3
COMMAND LEFT END
COMMAND RIGHT START
TRAIN 1
COMMAND RIGHT END
TURN 260 RESULT
TIME LEFT 0 5 RIGHT 0 5
TRAIN A151 A152 A153 B82
MOVE A69 216
MOVE A70 216
MOVE A71 216
MOVE A74 216
MOVE A75 216
MOVE A79 216
MOVE A86 216
MOVE A88 216
MOVE A90 216
MOVE A92 216
MOVE A93 216
MOVE A97 216
MOVE A98 216
MOVE A100 216
MOVE A101 216
MOVE A102 216
MOVE A103 216
MOVE A104 216
MOVE A105 216
MOVE A106 216
MOVE A107 216
MOVE A108 216
MOVE A110 216
MOVE A111 216
MOVE A112 216
MOVE A113 216
MOVE A114 216
MOVE A115 216
MOVE B81 188
DAMAGE TURRET A69 3
DAMAGE TURRET A109 1
DAMAGE TURRET B81 2
DAMAGE COMBAT A49 1
DAMAGE COMBAT A69 3
DAMAGE COMBAT A70 2
DAMAGE COMBAT B1 3
DAMAGE COMBAT B2 4
DAMAGE COMBAT B3 4
DAMAGE COMBAT B78 7
DAMAGE COMBAT B81 3
DAMAGE COMBAT B82 7
SIEGE B 182 1
SIEGE B 216 3
END TURN 260
TURN 261
COMMAND LEFT START
TRAIN 3
COMMAND LEFT END
COMMAND RIGHT START
COMMAND RIGHT END
TURN 261 RESULT
TIME LEFT 0 5 RIGHT 0 5
TRAIN A154 A155 A156
DAMAGE TURRET A70 3
DAMAGE TURRET A109 1
DAMAGE TURRET B81 2
DAMAGE COMBAT A49 1
SIEGE B 182 1
SIEGE B 216 22
END TURN 261
RESULT LEFT_WIN HQ_DESTROYED
