[LEFT ""]
[RIGHT ""]
MAP
203 15
-10998 -10781 -10823 -10244 -8806 -8715 -9865 -8492 -8898 -7910 -8210 -8550 -7697 -7671 -8686 -7441 -7357 -7501 -7435 -7357 -7151 -6732 -6631 -6460 -6988 -7010 -6374 -6309 -6056 -6113 -6103 -6093 -6139 -5537 -5398 -5659 -5245 -5279 -5208 -5108 -5026 -5681 -4908 -5020 -4403 -4324 -4495 -4329 -3853 -4277 -4162 -3777 -3682 -3856 -3534 -3983 -3893 -3808 -4038 -3131 -3299 -3283 -2984 -3157 -2821 -2700 -2780 -3015 -2407 -2362 -2242 -2521 -1992 -1837 -2170 -1812 -1894 -1682 -1680 -1835 -1870 -1729 -1569 -1712 -1317 -1279 -891 -899 -856 -752 -718 -749 -737 -593 -646 -618 -396 -290 35 -131 144 0 -144 131 -35 290 396 618 646 593 737 749 718 752 856 899 891 1279 1317 1712 1569 1729 1870 1835 1680 1682 1894 1812 2170 1837 1992 2521 2242 2362 2407 3015 2780 2700 2821 3157 2984 3283 3299 3131 4038 3808 3893 3983 3534 3856 3682 3777 4162 4277 3853 4329 4495 4324 4403 5020 4908 5681 5026 5108 5208 5279 5245 5659 5398 5537 6139 6093 6103 6113 6056 6309 6374 7010 6988 6460 6631 6732 7151 7357 7435 7501 7357 7441 8686 7671 7697 8550 8210 7910 8898 8492 9865 8715 8806 10244 10823 10781 10998
415 -1720 2089 3894 378 -1169 -4273 1684 -6668 -377 -2245 4649 2293 -3914 6752 741 -1186 3360 -2950 -5144 4972 -242 2692 -3418 -7606 7955 -5072 -2136 5369 -1088 470 3865 1952 -3559 -4882 8605 2997 1608 -1117 363 4819 -9486 -2272 -6539 -4053 1310 -669 -7498 -3062 2974 -5347 3996 4860 175 -1511 6026 7432 -9320 10005 3077 -7310 -6109 222 1738 7110 -8342 -4840 -10857 -6916 5654 8385 -3567 2446 1103 -1470 -51 -5863 -10285 6983 -8241 4777 10844 -3000 3756 -6943 -4318 -8786 -5497 -7865 8555 4494 3141 -2362 -1132 5718 1977 -10697 6661 -7544 -4863 3691 0 -3691 4863 7544 -6661 10697 -1977 -5718 1132 2362 -3141 -4494 -8555 7865 5497 8786 4318 6943 -3756 3000 -10844 -4777 8241 -6983 10285 5863 51 1470 -1103 -2446 3567 -8385 -5654 6916 10857 4840 8342 -7110 -1738 -222 6109 7310 -3077 -10005 9320 -7432 -6026 1511 -175 -4860 -3996 5347 -2974 3062 7498 669 -1310 4053 6539 2272 9486 -4819 -363 1117 -1608 -2997 -8605 4882 3559 -1952 -3865 -470 1088 -5369 2136 5072 -7955 7606 3418 -2692 242 -4972 5144 2950 -3360 1186 -741 -6752 3914 -2293 -4649 2245 377 6668 -1684 4273 1169 -378 -3894 -2089 1720 -415
STRONGHOLDS 10 36 38 41 71 76 86 101 116 126 131 161 164 166 192
4 1 2 4 5
4 0 5 6 10
4 0 3 4 7
5 2 7 11 14 17
6 0 2 5 7 9 15
6 0 1 4 9 10 16
5 1 8 10 13 19
6 2 3 4 12 15 17
3 6 19 24
5 4 5 15 16 21
6 1 5 6 13 16 18
4 3 14 17 20
5 7 15 17 22 32
6 6 10 18 19 23 26
4 3 11 20 25
7 4 7 9 12 21 30 32
7 5 9 10 18 21 27 29
7 3 7 11 12 20 22 31
5 10 13 16 23 27
5 6 8 13 24 26
6 11 14 17 25 28 31
5 9 15 16 29 30
5 12 17 31 32 36
5 13 18 26 27 33
6 8 19 26 41 43 47
4 14 20 28 35
7 13 19 23 24 33 34 43
7 16 18 23 29 33 38 42
7 20 25 31 35 40 55 56
6 16 21 27 30 38 39
6 15 21 29 32 37 39
6 17 20 22 28 36 40
6 12 15 22 30 36 37
7 23 26 27 34 42 44 48
5 26 33 43 44 50
4 25 28 56 58
7 22 31 32 37 40 49 51
6 30 32 36 39 45 49
5 27 29 39 42 46
7 29 30 37 38 45 46 53
6 28 31 36 51 52 55
4 24 47 57 67
6 27 33 38 46 48 54
6 24 26 34 47 50 61
6 33 34 48 50 66 71
5 37 39 49 53 63
5 38 39 42 53 54
7 24 41 43 57 60 61 65
5 33 42 44 54 71
6 36 37 45 51 59 63
5 34 43 44 61 66
7 36 40 49 52 59 80 83
5 40 51 55 69 80
6 39 45 46 54 62 63
7 42 46 48 53 62 71 74
6 28 40 52 56 64 69
6 28 35 55 58 64 70
5 41 47 65 67 77
4 35 56 70 81
5 49 51 63 72 83
4 47 61 65 68
7 43 47 50 60 66 68 76
6 53 54 63 73 74 75
7 45 49 53 59 62 72 73
5 55 56 69 70 78
6 47 57 60 68 77 79
6 44 50 61 71 76 85
4 41 57 77 96
6 60 61 65 76 79 84
6 52 55 64 78 80 94
6 56 58 64 78 81 89
7 44 48 54 66 74 82 85
6 59 63 73 83 91 95
6 62 63 72 75 95 101
7 54 62 71 75 82 92 93
5 62 73 74 93 101
6 61 66 68 84 85 87
6 57 65 67 79 86 96
7 64 69 70 89 94 97 104
6 65 68 77 84 86 88
6 51 52 69 83 90 94
4 58 70 89 106
5 71 74 85 92 102
6 51 59 72 80 90 91
7 68 76 79 87 88 98 105
7 66 71 76 82 87 99 102
6 77 79 88 96 98 113
6 76 84 85 99 105 108
4 79 84 86 98
6 70 78 81 104 106 116
6 80 83 91 94 100 103
6 72 83 90 95 100 110
6 74 82 93 102 107 111
5 74 75 92 101 107
7 69 78 80 90 97 103 115
6 72 73 91 101 109 110
5 67 77 86 113 121
5 78 94 104 115 118
6 84 86 88 105 113 124
5 85 87 102 108 112
6 90 91 103 110 117 120
8 73 75 93 95 107 109 127 129
6 82 85 92 99 111 112
5 90 94 100 115 117
6 78 89 97 114 116 118
5 84 87 98 108 124
5 81 89 116 125 135
6 92 93 101 111 129 130
7 87 99 105 112 122 124 133
5 95 101 110 127 128
6 91 95 100 109 120 128
6 92 102 107 112 119 130
6 99 102 108 111 119 122
6 86 96 98 121 124 132
4 104 116 118 123
6 94 97 103 117 118 126
6 89 104 106 114 123 125
7 100 103 115 120 126 131 136
7 97 104 114 115 123 126 134
6 111 112 122 130 143 151
5 100 110 117 128 131
4 96 113 132 144
6 108 112 119 133 150 151
6 114 116 118 125 134 137
7 98 105 108 113 132 133 138
6 106 116 123 135 137 145
6 115 117 118 134 136 141
5 101 109 128 129 140
7 109 110 120 127 131 140 148
6 101 107 127 130 139 140
6 107 111 119 129 139 143
7 117 120 128 136 148 154 158
6 113 121 124 138 144 146
6 108 122 124 138 147 150
6 118 123 126 137 141 142
4 106 125 145 161
6 117 126 131 141 152 158
6 123 125 134 142 145 155
5 124 132 133 146 147
7 129 130 140 143 149 153 157
6 127 128 129 139 148 149
7 126 134 136 142 152 155 159
4 134 137 141 155
5 119 130 139 151 153
4 121 132 146 167
5 125 135 137 155 161
6 132 138 144 147 167 174
6 133 138 146 150 162 174
7 128 131 140 149 154 156 160
6 139 140 148 156 157 163
5 122 133 147 151 162
7 119 122 143 150 153 162 166
5 136 141 158 159 168
6 139 143 151 157 165 166
5 131 148 158 160 169
7 137 141 142 145 159 161 178
5 148 149 160 163 164
5 139 149 153 163 165
6 131 136 152 154 168 169
6 141 152 155 168 176 178
6 148 154 156 164 169 175
4 135 145 155 178
6 147 150 151 166 171 174
7 149 156 157 164 165 172 173
5 156 160 163 173 175
6 153 157 163 166 170 172
7 151 153 162 165 170 171 180
4 144 146 174 177
5 152 158 159 169 176
7 154 158 160 168 175 176 179
6 165 166 172 180 187 190
6 162 166 174 180 182 185
6 163 165 170 173 181 187
6 163 164 172 175 181 186
7 146 147 162 167 171 177 182
7 160 164 169 173 179 184 186
7 159 168 169 178 179 183 189
4 167 174 182 188
6 155 159 161 176 183 194
5 169 175 176 184 189
5 166 170 171 185 190
5 172 173 186 187 193
6 171 174 177 185 188 191
5 176 178 189 194 196
5 175 179 186 189 192
7 171 180 182 190 191 195 199
7 173 175 181 184 192 193 197
7 170 172 181 190 193 195 198
4 177 182 191 199
6 176 179 183 184 192 196
5 170 180 185 187 195
4 182 185 188 199
6 184 186 189 196 197 201
5 181 186 187 197 198
3 178 183 196
6 185 187 190 198 199 200
5 183 189 192 194 201
6 186 192 193 198 201 202
6 187 193 195 197 200 202
5 185 188 191 195 200
4 195 198 199 202
4 192 196 197 202
4 197 198 200 201
END MAP
TURN 1
COMMAND LEFT START
MOVE A2 10
MOVE A3 36
COMMAND LEFT END
COMMAND RIGHT START
MOVE B1 192
MOVE B2 101
COMMAND RIGHT END
TURN 1 RESULT
TIME LEFT 260 3 RIGHT 1 5
MOVE A2 5
MOVE A3 4
MOVE B1 197
MOVE B2 198
END TURN 1
TURN 2
COMMAND LEFT START
COMMAND LEFT END
COMMAND RIGHT START
COMMAND RIGHT END
TURN 2 RESULT
TIME LEFT 17 3 RIGHT 0 5
MOVE A2 10
MOVE A3 15
MOVE B1 192
MOVE B2 187
END TURN 2
TURN 3
COMMAND LEFT START
UPGRADE 10
COMMAND LEFT END
COMMAND RIGHT START
UPGRADE 192
COMMAND RIGHT END
TURN 3 RESULT
TIME LEFT 18 3 RIGHT 0 5
UPGRADE A 10
UPGRADE B 192
MOVE A3 32
MOVE B2 172
END TURN 3
TURN 4
COMMAND LEFT START
COMMAND LEFT END
COMMAND RIGHT START
COMMAND RIGHT END
TURN 4 RESULT
TIME LEFT 14 3 RIGHT 0 5
MOVE A3 36
MOVE B2 163
END TURN 4
TURN 5
COMMAND LEFT START
COMMAND LEFT END
COMMAND RIGHT START
COMMAND RIGHT END
TURN 5 RESULT
TIME LEFT 14 3 RIGHT 0 5
MOVE B2 149
END TURN 5
TURN 6
COMMAND LEFT START
COMMAND LEFT END
COMMAND RIGHT START
COMMAND RIGHT END
TURN 6 RESULT
TIME LEFT 14 3 RIGHT 0 5
MOVE B2 140
END TURN 6
TURN 7
COMMAND LEFT START
COMMAND LEFT END
COMMAND RIGHT START
COMMAND RIGHT END
TURN 7 RESULT
TIME LEFT 14 3 RIGHT 0 5
MOVE B2 127
END TURN 7
TURN 8
COMMAND LEFT START
COMMAND LEFT END
COMMAND RIGHT START
COMMAND RIGHT END
TURN 8 RESULT
TIME LEFT 14 3 RIGHT 0 5
MOVE B2 101
END TURN 8
TURN 9
COMMAND LEFT START
COMMAND LEFT END
COMMAND RIGHT START
COMMAND RIGHT END
TURN 9 RESULT
TIME LEFT 14 3 RIGHT 0 5
END TURN 9
TURN 10
COMMAND LEFT START
COMMAND LEFT END
COMMAND RIGHT START
COMMAND RIGHT END
TURN 10 RESULT
TIME LEFT 14 3 RIGHT 0 5
END TURN 10
TURN 11
COMMAND LEFT START
COMMAND LEFT END
COMMAND RIGHT START
COMMAND RIGHT END
TURN 11 RESULT
TIME LEFT 14 3 RIGHT 0 5
END TURN 11
TURN 12
COMMAND LEFT START
COMMAND LEFT END
COMMAND RIGHT START
COMMAND RIGHT END
TURN 12 RESULT
TIME LEFT 14 3 RIGHT 0 5
END TURN 12
TURN 13
COMMAND LEFT START
COMMAND LEFT END
COMMAND RIGHT START
COMMAND RIGHT END
TURN 13 RESULT
TIME LEFT 14 3 RIGHT 0 5
END TURN 13
TURN 14
COMMAND LEFT START
UPGRADE 36
COMMAND LEFT END
COMMAND RIGHT START
UPGRADE 101
COMMAND RIGHT END
TURN 14 RESULT
TIME LEFT 19 3 RIGHT 0 5
UPGRADE A 36
UPGRADE B 101
END TURN 14
TURN 15
COMMAND LEFT START
COMMAND LEFT END
COMMAND RIGHT START
COMMAND RIGHT END
TURN 15 RESULT
TIME LEFT 15 3 RIGHT 0 5
END TURN 15
TURN 16
COMMAND LEFT START
COMMAND LEFT END
COMMAND RIGHT START
COMMAND RIGHT END
TURN 16 RESULT
TIME LEFT 14 3 RIGHT 0 5
END TURN 16
TURN 17
COMMAND LEFT START
COMMAND LEFT END
COMMAND RIGHT START
TRAIN 1
COMMAND RIGHT END
TURN 17 RESULT
TIME LEFT 14 3 RIGHT 0 5
TRAIN B4
END TURN 17
TURN 18
COMMAND LEFT START
COMMAND LEFT END
COMMAND RIGHT START
COMMAND RIGHT END
TURN 18 RESULT
TIME LEFT 15 3 RIGHT 0 5
END TURN 18
TURN 19
COMMAND LEFT START
COMMAND LEFT END
COMMAND RIGHT START
COMMAND RIGHT END
TURN 19 RESULT
TIME LEFT 14 3 RIGHT 0 5
END TURN 19
TURN 20
COMMAND LEFT START
COMMAND LEFT END
COMMAND RIGHT START
COMMAND RIGHT END
TURN 20 RESULT
TIME LEFT 18 3 RIGHT 0 5
END TURN 20
TURN 21
COMMAND LEFT START
COMMAND LEFT END
COMMAND RIGHT START
COMMAND RIGHT END
TURN 21 RESULT
TIME LEFT 14 3 RIGHT 0 5
END TURN 21
TURN 22
COMMAND LEFT START
TRAIN 1
COMMAND LEFT END
COMMAND RIGHT START
COMMAND RIGHT END
TURN 22 RESULT
TIME LEFT 14 3 RIGHT 0 5
TRAIN A4
END TURN 22
TURN 23
COMMAND LEFT START
MOVE A4 38
COMMAND LEFT END
COMMAND RIGHT START
COMMAND RIGHT END
TURN 23 RESULT
TIME LEFT 14 3 RIGHT 0 5
MOVE A4 5
END TURN 23
TURN 24
COMMAND LEFT START
COMMAND LEFT END
COMMAND RIGHT START
COMMAND RIGHT END
TURN 24 RESULT
TIME LEFT 14 3 RIGHT 0 5
MOVE A4 16
END TURN 24
TURN 25
COMMAND LEFT START
COMMAND LEFT END
COMMAND RIGHT START
COMMAND RIGHT END
TURN 25 RESULT
TIME LEFT 14 3 RIGHT 0 5
MOVE A4 29
END TURN 25
TURN 26
COMMAND LEFT START
COMMAND LEFT END
COMMAND RIGHT START
COMMAND RIGHT END
TURN 26 RESULT
TIME LEFT 14 3 RIGHT 0 5
MOVE A4 38
END TURN 26
TURN 27
COMMAND LEFT START
COMMAND LEFT END
COMMAND RIGHT START
MOVE B3 164
COMMAND RIGHT END
TURN 27 RESULT
TIME LEFT 14 3 RIGHT 0 5
MOVE B3 197
END TURN 27
TURN 28
COMMAND LEFT START
COMMAND LEFT END
COMMAND RIGHT START
COMMAND RIGHT END
TURN 28 RESULT
TIME LEFT 14 3 RIGHT 0 5
MOVE B3 186
END TURN 28
TURN 29
COMMAND LEFT START
COMMAND LEFT END
COMMAND RIGHT START
COMMAND RIGHT END
TURN 29 RESULT
TIME LEFT 14 3 RIGHT 0 5
MOVE B3 173
END TURN 29
TURN 30
COMMAND LEFT START
COMMAND LEFT END
COMMAND RIGHT START
COMMAND RIGHT END
TURN 30 RESULT
TIME LEFT 14 3 RIGHT 0 5
MOVE B3 164
END TURN 30
TURN 31
COMMAND LEFT START
UPGRADE 38
COMMAND LEFT END
COMMAND RIGHT START
UPGRADE 164
COMMAND RIGHT END
TURN 31 RESULT
TIME LEFT 14 3 RIGHT 0 5
UPGRADE A 38
UPGRADE B 164
END TURN 31
TURN 32
COMMAND LEFT START
COMMAND LEFT END
COMMAND RIGHT START
COMMAND RIGHT END
TURN 32 RESULT
TIME LEFT 14 3 RIGHT 0 5
END TURN 32
TURN 33
COMMAND LEFT START
TRAIN 1
COMMAND LEFT END
COMMAND RIGHT START
TRAIN 1
COMMAND RIGHT END
TURN 33 RESULT
TIME LEFT 14 3 RIGHT 0 5
TRAIN A5 B5
END TURN 33
TURN 34
COMMAND LEFT START
MOVE A5 41
COMMAND LEFT END
COMMAND RIGHT START
COMMAND RIGHT END
TURN 34 RESULT
TIME LEFT 15 3 RIGHT 0 5
MOVE A5 5
END TURN 34
TURN 35
COMMAND LEFT START
COMMAND LEFT END
COMMAND RIGHT START
COMMAND RIGHT END
TURN 35 RESULT
TIME LEFT 14 3 RIGHT 0 5
MOVE A5 10
END TURN 35
TURN 36
COMMAND LEFT START
COMMAND LEFT END
COMMAND RIGHT START
COMMAND RIGHT END
TURN 36 RESULT
TIME LEFT 14 3 RIGHT 0 5
MOVE A5 13
END TURN 36
TURN 37
COMMAND LEFT START
COMMAND LEFT END
COMMAND RIGHT START
COMMAND RIGHT END
TURN 37 RESULT
TIME LEFT 14 3 RIGHT 0 5
MOVE A5 19
END TURN 37
TURN 38
COMMAND LEFT START
COMMAND LEFT END
COMMAND RIGHT START
COMMAND RIGHT END
TURN 38 RESULT
TIME LEFT 14 3 RIGHT 0 5
MOVE A5 24
END TURN 38
TURN 39
COMMAND LEFT START
COMMAND LEFT END
COMMAND RIGHT START
COMMAND RIGHT END
TURN 39 RESULT
TIME LEFT 14 3 RIGHT 0 5
MOVE A5 41
END TURN 39
TURN 40
COMMAND LEFT START
COMMAND LEFT END
COMMAND RIGHT START
MOVE B5 166
COMMAND RIGHT END
TURN 40 RESULT
TIME LEFT 14 3 RIGHT 0 5
MOVE B5 198
END TURN 40
TURN 41
COMMAND LEFT START
COMMAND LEFT END
COMMAND RIGHT START
COMMAND RIGHT END
TURN 41 RESULT
TIME LEFT 15 3 RIGHT 0 5
MOVE B5 187
END TURN 41
TURN 42
COMMAND LEFT START
COMMAND LEFT END
COMMAND RIGHT START
COMMAND RIGHT END
TURN 42 RESULT
TIME LEFT 14 3 RIGHT 0 5
MOVE B5 170
END TURN 42
TURN 43
COMMAND LEFT START
UPGRADE 41
COMMAND LEFT END
COMMAND RIGHT START
COMMAND RIGHT END
TURN 43 RESULT
TIME LEFT 14 3 RIGHT 0 5
UPGRADE A 41
MOVE B5 166
END TURN 43
TURN 44
COMMAND LEFT START
COMMAND LEFT END
COMMAND RIGHT START
UPGRADE 166
COMMAND RIGHT END
TURN 44 RESULT
TIME LEFT 14 3 RIGHT 0 5
UPGRADE B 166
END TURN 44
TURN 45
COMMAND LEFT START
COMMAND LEFT END
COMMAND RIGHT START
COMMAND RIGHT END
TURN 45 RESULT
TIME LEFT 14 3 RIGHT 0 5
END TURN 45
TURN 46
COMMAND LEFT START
COMMAND LEFT END
COMMAND RIGHT START
TRAIN 1
COMMAND RIGHT END
TURN 46 RESULT
TIME LEFT 14 3 RIGHT 0 5
TRAIN B6
END TURN 46
TURN 47
COMMAND LEFT START
COMMAND LEFT END
COMMAND RIGHT START
COMMAND RIGHT END
TURN 47 RESULT
TIME LEFT 14 3 RIGHT 0 5
END TURN 47
TURN 48
COMMAND LEFT START
COMMAND LEFT END
COMMAND RIGHT START
COMMAND RIGHT END
TURN 48 RESULT
TIME LEFT 14 3 RIGHT 0 5
END TURN 48
TURN 49
COMMAND LEFT START
COMMAND LEFT END
COMMAND RIGHT START
COMMAND RIGHT END
TURN 49 RESULT
TIME LEFT 14 3 RIGHT 0 5
END TURN 49
TURN 50
COMMAND LEFT START
COMMAND LEFT END
COMMAND RIGHT START
COMMAND RIGHT END
TURN 50 RESULT
TIME LEFT 14 3 RIGHT 0 5
END TURN 50
TURN 51
COMMAND LEFT START
COMMAND LEFT END
COMMAND RIGHT START
COMMAND RIGHT END
TURN 51 RESULT
TIME LEFT 14 3 RIGHT 0 5
END TURN 51
TURN 52
COMMAND LEFT START
COMMAND LEFT END
COMMAND RIGHT START
COMMAND RIGHT END
TURN 52 RESULT
TIME LEFT 14 3 RIGHT 0 5
END TURN 52
TURN 53
COMMAND LEFT START
COMMAND LEFT END
COMMAND RIGHT START
COMMAND RIGHT END
TURN 53 RESULT
TIME LEFT 14 3 RIGHT 0 5
END TURN 53
TURN 54
COMMAND LEFT START
UPGRADE 0
COMMAND LEFT END
COMMAND RIGHT START
COMMAND RIGHT END
TURN 54 RESULT
TIME LEFT 14 3 RIGHT 0 5
UPGRADE A 0
END TURN 54
TURN 55
COMMAND LEFT START
TRAIN 1
COMMAND LEFT END
COMMAND RIGHT START
UPGRADE 202
COMMAND RIGHT END
TURN 55 RESULT
TIME LEFT 14 3 RIGHT 0 5
UPGRADE B 202
TRAIN A6
END TURN 55
TURN 56
COMMAND LEFT START
TRAIN 1
COMMAND LEFT END
COMMAND RIGHT START
COMMAND RIGHT END
TURN 56 RESULT
TIME LEFT 14 3 RIGHT 0 5
TRAIN A7
END TURN 56
TURN 57
COMMAND LEFT START
COMMAND LEFT END
COMMAND RIGHT START
COMMAND RIGHT END
TURN 57 RESULT
TIME LEFT 14 3 RIGHT 0 5
END TURN 57
TURN 58
COMMAND LEFT START
COMMAND LEFT END
COMMAND RIGHT START
COMMAND RIGHT END
TURN 58 RESULT
TIME LEFT 14 3 RIGHT 0 5
END TURN 58
TURN 59
COMMAND LEFT START
COMMAND LEFT END
COMMAND RIGHT START
COMMAND RIGHT END
TURN 59 RESULT
TIME LEFT 14 3 RIGHT 0 5
END TURN 59
TURN 60
COMMAND LEFT START
COMMAND LEFT END
COMMAND RIGHT START
COMMAND RIGHT END
TURN 60 RESULT
TIME LEFT 14 3 RIGHT 0 5
END TURN 60
TURN 61
COMMAND LEFT START
MOVE A7 71
TRAIN 1
COMMAND LEFT END
COMMAND RIGHT START
COMMAND RIGHT END
TURN 61 RESULT
TIME LEFT 15 3 RIGHT 0 5
TRAIN A8
MOVE A7 5
END TURN 61
TURN 62
COMMAND LEFT START
MOVE A8 9
COMMAND LEFT END
COMMAND RIGHT START
UPGRADE 192
COMMAND RIGHT END
TURN 62 RESULT
TIME LEFT 14 3 RIGHT 0 5
UPGRADE B 192
MOVE A7 16
MOVE A8 4
END TURN 62
TURN 63
COMMAND LEFT START
COMMAND LEFT END
COMMAND RIGHT START
COMMAND RIGHT END
TURN 63 RESULT
TIME LEFT 14 3 RIGHT 0 5
MOVE A7 27
MOVE A8 9
END TURN 63
TURN 64
COMMAND LEFT START
COMMAND LEFT END
COMMAND RIGHT START
TRAIN 1
COMMAND RIGHT END
TURN 64 RESULT
TIME LEFT 14 3 RIGHT 0 5
TRAIN B7
MOVE A7 42
END TURN 64
TURN 65
COMMAND LEFT START
COMMAND LEFT END
COMMAND RIGHT START
MOVE B4 192
COMMAND RIGHT END
TURN 65 RESULT
TIME LEFT 14 3 RIGHT 0 5
MOVE A7 48
MOVE B4 197
END TURN 65
TURN 66
COMMAND LEFT START
MOVE A8 8
COMMAND LEFT END
COMMAND RIGHT START
COMMAND RIGHT END
TURN 66 RESULT
TIME LEFT 14 3 RIGHT 0 5
MOVE A7 71
MOVE A8 16
MOVE B4 192
END TURN 66
TURN 67
COMMAND LEFT START
UPGRADE 71
COMMAND LEFT END
COMMAND RIGHT START
COMMAND RIGHT END
TURN 67 RESULT
TIME LEFT 14 3 RIGHT 0 5
UPGRADE A 71
MOVE A8 18
END TURN 67
TURN 68
COMMAND LEFT START
COMMAND LEFT END
COMMAND RIGHT START
COMMAND RIGHT END
TURN 68 RESULT
TIME LEFT 15 3 RIGHT 0 5
MOVE A8 13
END TURN 68
TURN 69
COMMAND LEFT START
COMMAND LEFT END
COMMAND RIGHT START
COMMAND RIGHT END
TURN 69 RESULT
TIME LEFT 14 3 RIGHT 0 5
MOVE A8 19
END TURN 69
TURN 70
COMMAND LEFT START
COMMAND LEFT END
COMMAND RIGHT START
COMMAND RIGHT END
TURN 70 RESULT
TIME LEFT 14 3 RIGHT 0 5
MOVE A8 8
END TURN 70
TURN 71
COMMAND LEFT START
MOVE A8 76
COMMAND LEFT END
COMMAND RIGHT START
COMMAND RIGHT END
TURN 71 RESULT
TIME LEFT 14 3 RIGHT 0 5
MOVE A8 24
END TURN 71
TURN 72
COMMAND LEFT START
COMMAND LEFT END
COMMAND RIGHT START
COMMAND RIGHT END
TURN 72 RESULT
TIME LEFT 15 3 RIGHT 0 5
MOVE A8 43
END TURN 72
TURN 73
COMMAND LEFT START
COMMAND LEFT END
COMMAND RIGHT START
COMMAND RIGHT END
TURN 73 RESULT
TIME LEFT 14 3 RIGHT 0 5
MOVE A8 61
END TURN 73
TURN 74
COMMAND LEFT START
COMMAND LEFT END
COMMAND RIGHT START
COMMAND RIGHT END
TURN 74 RESULT
TIME LEFT 14 3 RIGHT 0 5
MOVE A8 76
END TURN 74
TURN 75
COMMAND LEFT START
UPGRADE 76
COMMAND LEFT END
COMMAND RIGHT START
UPGRADE 202
COMMAND RIGHT END
TURN 75 RESULT
TIME LEFT 14 3 RIGHT 0 5
UPGRADE A 76
UPGRADE B 202
END TURN 75
TURN 76
COMMAND LEFT START
TRAIN 1
COMMAND LEFT END
COMMAND RIGHT START
COMMAND RIGHT END
TURN 76 RESULT
TIME LEFT 14 3 RIGHT 0 5
TRAIN A9
END TURN 76
TURN 77
COMMAND LEFT START
TRAIN 1
COMMAND LEFT END
COMMAND RIGHT START
TRAIN 1
COMMAND RIGHT END
TURN 77 RESULT
TIME LEFT 14 3 RIGHT 0 5
TRAIN A10 B8
END TURN 77
TURN 78
COMMAND LEFT START
TRAIN 1
COMMAND LEFT END
COMMAND RIGHT START
COMMAND RIGHT END
TURN 78 RESULT
TIME LEFT 14 3 RIGHT 0 5
TRAIN A11
END TURN 78
TURN 79
COMMAND LEFT START
TRAIN 1
COMMAND LEFT END
COMMAND RIGHT START
COMMAND RIGHT END
TURN 79 RESULT
TIME LEFT 14 3 RIGHT 0 5
TRAIN A12
END TURN 79
TURN 80
COMMAND LEFT START
TRAIN 1
COMMAND LEFT END
COMMAND RIGHT START
COMMAND RIGHT END
TURN 80 RESULT
TIME LEFT 14 3 RIGHT 0 5
TRAIN A13
END TURN 80
TURN 81
COMMAND LEFT START
TRAIN 1
COMMAND LEFT END
COMMAND RIGHT START
COMMAND RIGHT END
TURN 81 RESULT
TIME LEFT 14 3 RIGHT 0 5
TRAIN A14
END TURN 81
TURN 82
COMMAND LEFT START
TRAIN 1
COMMAND LEFT END
COMMAND RIGHT START
UPGRADE 166
COMMAND RIGHT END
TURN 82 RESULT
TIME LEFT 14 3 RIGHT 0 5
UPGRADE B 166
TRAIN A15
END TURN 82
TURN 83
COMMAND LEFT START
TRAIN 1
COMMAND LEFT END
COMMAND RIGHT START
TRAIN 1
COMMAND RIGHT END
TURN 83 RESULT
TIME LEFT 14 3 RIGHT 0 5
TRAIN A16 B9
END TURN 83
TURN 84
COMMAND LEFT START
TRAIN 1
COMMAND LEFT END
COMMAND RIGHT START
MOVE B6 166
COMMAND RIGHT END
TURN 84 RESULT
TIME LEFT 14 3 RIGHT 0 5
TRAIN A17
MOVE B6 198
END TURN 84
TURN 85
COMMAND LEFT START
MOVE A9 82
MOVE A10 82
TRAIN 1
COMMAND LEFT END
COMMAND RIGHT START
COMMAND RIGHT END
TURN 85 RESULT
TIME LEFT 14 3 RIGHT 0 5
TRAIN A18
MOVE A9 5
MOVE A10 5
MOVE B6 187
END TURN 85
TURN 86
COMMAND LEFT START
TRAIN 1
COMMAND LEFT END
COMMAND RIGHT START
COMMAND RIGHT END
TURN 86 RESULT
TIME LEFT 14 3 RIGHT 0 5
TRAIN A19
MOVE A9 16
MOVE A10 16
MOVE B6 170
END TURN 86
TURN 87
COMMAND LEFT START
TRAIN 1
COMMAND LEFT END
COMMAND RIGHT START
COMMAND RIGHT END
TURN 87 RESULT
TIME LEFT 17 3 RIGHT 0 5
TRAIN A20
MOVE A9 27
MOVE A10 27
MOVE B6 166
END TURN 87
TURN 88
COMMAND LEFT START
TRAIN 1
COMMAND LEFT END
COMMAND RIGHT START
UPGRADE 164
COMMAND RIGHT END
TURN 88 RESULT
TIME LEFT 14 3 RIGHT 0 5
UPGRADE B 164
TRAIN A21
MOVE A9 42
MOVE A10 42
END TURN 88
TURN 89
COMMAND LEFT START
COMMAND LEFT END
COMMAND RIGHT START
TRAIN 1
COMMAND RIGHT END
TURN 89 RESULT
TIME LEFT 16 3 RIGHT 0 5
TRAIN B10
MOVE A9 48
MOVE A10 48
END TURN 89
TURN 90
COMMAND LEFT START
TRAIN 1
COMMAND LEFT END
COMMAND RIGHT START
MOVE B7 164
COMMAND RIGHT END
TURN 90 RESULT
TIME LEFT 14 3 RIGHT 0 5
TRAIN A22
MOVE A9 71
MOVE A10 71
MOVE B7 197
END TURN 90
TURN 91
COMMAND LEFT START
COMMAND LEFT END
COMMAND RIGHT START
COMMAND RIGHT END
TURN 91 RESULT
TIME LEFT 14 3 RIGHT 0 5
MOVE A9 82
MOVE A10 82
MOVE B7 186
END TURN 91
TURN 92
COMMAND LEFT START
MOVE A9 202
MOVE A10 202
MOVE A6 202
MOVE A11 202
MOVE A12 202
MOVE A13 202
MOVE A14 202
MOVE A15 202
MOVE A16 202
MOVE A17 202
MOVE A18 202
MOVE A19 202
MOVE A20 202
MOVE A21 202
MOVE A22 202
COMMAND LEFT END
COMMAND RIGHT START
COMMAND RIGHT END
TURN 92 RESULT
TIME LEFT 17 3 RIGHT 0 5
MOVE A6 4
MOVE A9 92
MOVE A10 92
MOVE A11 4
MOVE A12 4
MOVE A13 4
MOVE A14 4
MOVE A15 4
MOVE A16 4
MOVE A17 4
MOVE A18 4
MOVE A19 4
MOVE A20 4
MOVE A21 4
MOVE A22 4
MOVE B7 173
END TURN 92
TURN 93
COMMAND LEFT START
COMMAND LEFT END
COMMAND RIGHT START
COMMAND RIGHT END
TURN 93 RESULT
TIME LEFT 14 3 RIGHT 0 5
MOVE A6 15
MOVE A9 107
MOVE A10 107
MOVE A11 15
MOVE A12 15
MOVE A13 15
MOVE A14 15
MOVE A15 15
MOVE A16 15
MOVE A17 15
MOVE A18 15
MOVE A19 15
MOVE A20 15
MOVE A21 15
MOVE A22 15
MOVE B7 164
END TURN 93
TURN 94
COMMAND LEFT START
TRAIN 1
COMMAND LEFT END
COMMAND RIGHT START
MOVE B5 101
MOVE B3 101
MOVE B1 101
COMMAND RIGHT END
TURN 94 RESULT
TIME LEFT 17 3 RIGHT 0 5
TRAIN A23
MOVE A6 30
MOVE A9 129
MOVE A10 129
MOVE A11 30
MOVE A12 30
MOVE A13 30
MOVE A14 30
MOVE A15 30
MOVE A16 30
MOVE A17 30
MOVE A18 30
MOVE A19 30
MOVE A20 30
MOVE A21 30
MOVE A22 30
MOVE B1 186
MOVE B3 156
MOVE B5 153
END TURN 94
TURN 95
COMMAND LEFT START
TRAIN 1
COMMAND LEFT END
COMMAND RIGHT START
TRAIN 2
COMMAND RIGHT END
TURN 95 RESULT
TIME LEFT 14 3 RIGHT 0 5
TRAIN A24 B11 B12
MOVE A6 39
MOVE A9 140
MOVE A10 140
MOVE A11 39
MOVE A12 39
MOVE A13 39
MOVE A14 39
MOVE A15 39
MOVE A16 39
MOVE A17 39
MOVE A18 39
MOVE A19 39
MOVE A20 39
MOVE A21 39
MOVE A22 39
MOVE B1 173
MOVE B3 149
MOVE B5 139
END TURN 95
TURN 96
COMMAND LEFT START
MOVE A24 202
COMMAND LEFT END
COMMAND RIGHT START
MOVE B12 131
COMMAND RIGHT END
TURN 96 RESULT
TIME LEFT 14 3 RIGHT 0 5
MOVE A6 53
MOVE A9 149
MOVE A10 149
MOVE A11 53
MOVE A12 53
MOVE A13 53
MOVE A14 53
MOVE A15 53
MOVE A16 53
MOVE A17 53
MOVE A18 53
MOVE A19 53
MOVE A20 53
MOVE A21 53
MOVE A22 53
MOVE A24 4
MOVE B1 164
MOVE B3 140
MOVE B5 129
MOVE B12 197
END TURN 96
TURN 97
COMMAND LEFT START
TRAIN 1
COMMAND LEFT END
COMMAND RIGHT START
MOVE B8 192
TRAIN 2
COMMAND RIGHT END
TURN 97 RESULT
TIME LEFT 17 3 RIGHT 0 5
TRAIN A25 B13 B14
MOVE A6 62
MOVE A9 163
MOVE A10 163
MOVE A11 62
MOVE A12 62
MOVE A13 62
MOVE A14 62
MOVE A15 62
MOVE A16 62
MOVE A17 62
MOVE A18 62
MOVE A19 62
MOVE A20 62
MOVE A21 62
MOVE A22 62
MOVE A24 15
MOVE B1 156
MOVE B3 127
MOVE B5 101
MOVE B8 197
MOVE B12 186
END TURN 97
TURN 98
COMMAND LEFT START
MOVE A25 101
COMMAND LEFT END
COMMAND RIGHT START
MOVE B2 166
MOVE B9 164
TRAIN 1
COMMAND RIGHT END
TURN 98 RESULT
TIME LEFT 14 3 RIGHT 0 5
TRAIN B15
MOVE A6 75
MOVE A9 172
MOVE A10 172
MOVE A11 75
MOVE A12 75
MOVE A13 75
MOVE A14 75
MOVE A15 75
MOVE A16 75
MOVE A17 75
MOVE A18 75
MOVE A19 75
MOVE A20 75
MOVE A21 75
MOVE A22 75
MOVE A24 30
MOVE A25 4
MOVE B1 149
MOVE B2 129
MOVE B3 101
MOVE B8 192
MOVE B9 197
MOVE B12 175
END TURN 98
TURN 99
COMMAND LEFT START
TRAIN 1
COMMAND LEFT END
COMMAND RIGHT START
COMMAND RIGHT END
TURN 99 RESULT
TIME LEFT 16 3 RIGHT 0 5
TRAIN A26
MOVE A6 101
MOVE A9 187
MOVE A10 187
MOVE A11 101
MOVE A12 101
MOVE A13 101
MOVE A14 101
MOVE A15 101
MOVE A16 101
MOVE A17 101
MOVE A18 101
MOVE A19 101
MOVE A20 101
MOVE A21 101
MOVE A22 101
MOVE A24 39
MOVE A25 15
MOVE B1 140
MOVE B2 139
MOVE B9 186
MOVE B12 160
DAMAGE TURRET A6 1
DAMAGE COMBAT A6 2
DAMAGE COMBAT B3 4
DAMAGE COMBAT B5 4
SIEGE B 101 5
END TURN 99
TURN 100
COMMAND LEFT START
MOVE A26 202
COMMAND LEFT END
COMMAND RIGHT START
TRAIN 2
COMMAND RIGHT END
TURN 100 RESULT
TIME LEFT 14 3 RIGHT 0 5
TRAIN B16 B17
MOVE A6 127
MOVE A9 198
MOVE A10 198
MOVE A11 127
MOVE A12 127
MOVE A13 127
MOVE A14 127
MOVE A15 127
MOVE A16 127
MOVE A17 127
MOVE A18 127
MOVE A19 127
MOVE A20 127
MOVE A21 127
MOVE A22 127
MOVE A24 53
MOVE A25 30
MOVE A26 4
MOVE B1 127
MOVE B2 153
MOVE B9 173
MOVE B12 154
DAMAGE COMBAT A6 1
DAMAGE COMBAT B1 4
END TURN 100
TURN 101
COMMAND LEFT START
COMMAND LEFT END
COMMAND RIGHT START
TRAIN 2
COMMAND RIGHT END
TURN 101 RESULT
TIME LEFT 14 3 RIGHT 0 5
TRAIN B18 B19
MOVE A6 140
MOVE A9 202
MOVE A10 202
MOVE A11 140
MOVE A12 140
MOVE A13 140
MOVE A14 140
MOVE A15 140
MOVE A16 140
MOVE A17 140
MOVE A18 140
MOVE A19 140
MOVE A20 140
MOVE A21 140
MOVE A22 140
MOVE A24 62
MOVE A25 39
MOVE A26 15
MOVE B2 166
MOVE B9 164
MOVE B12 131
DAMAGE TURRET A9 2
DAMAGE COMBAT A9 3
DAMAGE COMBAT A10 5
DAMAGE COMBAT B10 2
END TURN 101
TURN 102
COMMAND LEFT START
COMMAND LEFT END
COMMAND RIGHT START
MOVE B2 101
MOVE B10 166
COMMAND RIGHT END
TURN 102 RESULT
TIME LEFT 16 3 RIGHT 0 5
MOVE A6 149
MOVE A11 149
MOVE A12 149
MOVE A13 149
MOVE A14 149
MOVE A15 149
MOVE A16 149
MOVE A17 149
MOVE A18 149
MOVE A19 149
MOVE A20 149
MOVE A21 149
MOVE A22 149
MOVE A24 75
MOVE A25 53
MOVE A26 30
MOVE B2 153
MOVE B10 198
END TURN 102
TURN 103
COMMAND LEFT START
COMMAND LEFT END
COMMAND RIGHT START
TRAIN 1
COMMAND RIGHT END
TURN 103 RESULT
TIME LEFT 14 3 RIGHT 0 5
TRAIN B20
MOVE A6 163
MOVE A11 163
MOVE A12 163
MOVE A13 163
MOVE A14 163
MOVE A15 163
MOVE A16 163
MOVE A17 163
MOVE A18 163
MOVE A19 163
MOVE A20 163
MOVE A21 163
MOVE A22 163
MOVE A24 101
MOVE A25 62
MOVE A26 39
MOVE B2 139
MOVE B10 187
DAMAGE TURRET A24 1
SIEGE B 101 1
END TURN 103
TURN 104
COMMAND LEFT START
COMMAND LEFT END
COMMAND RIGHT START
COMMAND RIGHT END
TURN 104 RESULT
TIME LEFT 16 3 RIGHT 0 5
MOVE A6 172
MOVE A11 172
MOVE A12 172
MOVE A13 172
MOVE A14 172
MOVE A15 172
MOVE A16 172
MOVE A17 172
MOVE A18 172
MOVE A19 172
MOVE A20 172
MOVE A21 172
MOVE A22 172
MOVE A24 127
MOVE A25 75
MOVE A26 53
MOVE B2 129
MOVE B10 170
END TURN 104
TURN 105
COMMAND LEFT START
COMMAND LEFT END
COMMAND RIGHT START
MOVE B4 202
MOVE B8 202
TRAIN 2
COMMAND RIGHT END
TURN 105 RESULT
TIME LEFT 14 3 RIGHT 0 5
TRAIN B21 B22
MOVE A6 187
MOVE A11 187
MOVE A12 187
MOVE A13 187
MOVE A14 187
MOVE A15 187
MOVE A16 187
MOVE A17 187
MOVE A18 187
MOVE A19 187
MOVE A20 187
MOVE A21 187
MOVE A22 187
MOVE A24 140
MOVE A25 101
MOVE A26 62
MOVE B2 101
MOVE B4 197
MOVE B8 197
MOVE B10 166
DAMAGE COMBAT A25 1
DAMAGE COMBAT B2 1
END TURN 105
TURN 106
COMMAND LEFT START
COMMAND LEFT END
COMMAND RIGHT START
MOVE B11 192
MOVE B13 192
COMMAND RIGHT END
TURN 106 RESULT
TIME LEFT 14 3 RIGHT 0 5
MOVE A6 198
MOVE A11 198
MOVE A12 198
MOVE A13 198
MOVE A14 198
MOVE A15 198
MOVE A16 198
MOVE A17 198
MOVE A18 198
MOVE A19 198
MOVE A20 198
MOVE A21 198
MOVE A22 198
MOVE A24 149
MOVE A26 75
MOVE B4 202
MOVE B8 202
MOVE B11 197
MOVE B13 197
DAMAGE COMBAT A25 1
DAMAGE COMBAT B2 1
END TURN 106
TURN 107
COMMAND LEFT START
COMMAND LEFT END
COMMAND RIGHT START
MOVE B7 202
TRAIN 1
COMMAND RIGHT END
TURN 107 RESULT
TIME LEFT 17 3 RIGHT 0 5
TRAIN B23
MOVE A6 202
MOVE A11 202
MOVE A12 202
MOVE A13 202
MOVE A14 202
MOVE A15 202
MOVE A16 202
MOVE A17 202
MOVE A18 202
MOVE A19 202
MOVE A20 202
MOVE A21 202
MOVE A22 202
MOVE A24 163
MOVE A26 101
MOVE B7 173
MOVE B11 192
MOVE B13 192
DAMAGE TURRET A6 1
DAMAGE TURRET A11 1
DAMAGE COMBAT A11 4
DAMAGE COMBAT A12 5
DAMAGE COMBAT A13 3
DAMAGE COMBAT A25 1
DAMAGE COMBAT B2 2
DAMAGE COMBAT B4 4
DAMAGE COMBAT B8 6
DAMAGE COMBAT B14 3
END TURN 107
TURN 108
COMMAND LEFT START
UPGRADE 101
COMMAND LEFT END
COMMAND RIGHT START
MOVE B12 164
TRAIN 1
COMMAND RIGHT END
TURN 108 RESULT
TIME LEFT 14 3 RIGHT 0 5
UPGRADE A 101
TRAIN B24
MOVE A24 172
MOVE A26 127
MOVE B7 186
MOVE B12 154
DAMAGE TURRET A13 2
DAMAGE COMBAT A14 5
DAMAGE COMBAT A15 5
DAMAGE COMBAT A16 1
DAMAGE COMBAT B14 3
DAMAGE COMBAT B15 6
DAMAGE COMBAT B16 1
END TURN 108
TURN 109
COMMAND LEFT START
TRAIN 1
COMMAND LEFT END
COMMAND RIGHT START
COMMAND RIGHT END
TURN 109 RESULT
TIME LEFT 14 3 RIGHT 0 5
TRAIN A27
MOVE A24 187
MOVE A26 140
MOVE B7 197
MOVE B12 160
DAMAGE TURRET A16 2
DAMAGE COMBAT A16 2
DAMAGE COMBAT A17 5
DAMAGE COMBAT A18 2
DAMAGE COMBAT B16 5
DAMAGE COMBAT B17 2
END TURN 109
TURN 110
COMMAND LEFT START
MOVE A27 101
COMMAND LEFT END
COMMAND RIGHT START
COMMAND RIGHT END
TURN 110 RESULT
TIME LEFT 14 3 RIGHT 0 5
MOVE A24 198
MOVE A26 149
MOVE A27 4
MOVE B7 202
MOVE B12 164
DAMAGE TURRET A18 2
DAMAGE COMBAT A18 1
DAMAGE COMBAT A19 5
DAMAGE COMBAT A20 3
DAMAGE COMBAT B7 1
DAMAGE COMBAT B17 4
END TURN 110
TURN 111
COMMAND LEFT START
COMMAND LEFT END
COMMAND RIGHT START
COMMAND RIGHT END
TURN 111 RESULT
TIME LEFT 14 3 RIGHT 0 5
MOVE A24 202
MOVE A26 163
MOVE A27 15
DAMAGE TURRET A20 2
DAMAGE COMBAT A21 4
DAMAGE COMBAT A24 4
DAMAGE COMBAT B7 4
END TURN 111
TURN 112
COMMAND LEFT START
COMMAND LEFT END
COMMAND RIGHT START
COMMAND RIGHT END
TURN 112 RESULT
TIME LEFT 17 3 RIGHT 0 5
MOVE A26 172
MOVE A27 30
DAMAGE TURRET A21 1
DAMAGE TURRET A22 1
DAMAGE COMBAT A22 4
DAMAGE COMBAT B18 2
END TURN 112
TURN 113
COMMAND LEFT START
COMMAND LEFT END
COMMAND RIGHT START
MOVE B24 131
COMMAND RIGHT END
TURN 113 RESULT
TIME LEFT 25 3 RIGHT 0 5
MOVE A26 187
MOVE A27 39
MOVE B24 197
END TURN 113
TURN 114
COMMAND LEFT START
COMMAND LEFT END
COMMAND RIGHT START
UPGRADE 192
COMMAND RIGHT END
TURN 114 RESULT
TIME LEFT 16 3 RIGHT 0 5
UPGRADE B 192
MOVE A26 198
MOVE A27 53
MOVE B24 186
END TURN 114
TURN 115
COMMAND LEFT START
COMMAND LEFT END
COMMAND RIGHT START
MOVE B18 192
COMMAND RIGHT END
TURN 115 RESULT
TIME LEFT 15 3 RIGHT 0 5
MOVE A26 202
MOVE A27 62
MOVE B18 197
MOVE B24 175
DAMAGE TURRET A26 2
DAMAGE COMBAT A26 3
DAMAGE COMBAT B19 1
END TURN 115
TURN 116
COMMAND LEFT START
COMMAND LEFT END
COMMAND RIGHT START
COMMAND RIGHT END
TURN 116 RESULT
TIME LEFT 14 3 RIGHT 0 5
MOVE A27 75
MOVE B18 192
MOVE B24 160
END TURN 116
TURN 117
COMMAND LEFT START
UPGRADE 0
COMMAND LEFT END
COMMAND RIGHT START
COMMAND RIGHT END
TURN 117 RESULT
TIME LEFT 17 3 RIGHT 0 5
UPGRADE A 0
MOVE A27 101
MOVE B24 154
END TURN 117
TURN 118
COMMAND LEFT START
COMMAND LEFT END
COMMAND RIGHT START
COMMAND RIGHT END
TURN 118 RESULT
TIME LEFT 14 3 RIGHT 0 5
MOVE B24 131
END TURN 118
TURN 119
COMMAND LEFT START
COMMAND LEFT END
COMMAND RIGHT START
UPGRADE 131
COMMAND RIGHT END
TURN 119 RESULT
TIME LEFT 14 3 RIGHT 0 5
UPGRADE B 131
END TURN 119
TURN 120
COMMAND LEFT START
COMMAND LEFT END
COMMAND RIGHT START
COMMAND RIGHT END
TURN 120 RESULT
TIME LEFT 14 3 RIGHT 0 5
END TURN 120
TURN 121
COMMAND LEFT START
COMMAND LEFT END
COMMAND RIGHT START
COMMAND RIGHT END
TURN 121 RESULT
TIME LEFT 14 3 RIGHT 0 5
END TURN 121
TURN 122
COMMAND LEFT START
COMMAND LEFT END
COMMAND RIGHT START
MOVE B23 101
COMMAND RIGHT END
TURN 122 RESULT
TIME LEFT 14 3 RIGHT 0 5
MOVE B23 198
END TURN 122
TURN 123
COMMAND LEFT START
COMMAND LEFT END
COMMAND RIGHT START
UPGRADE 131
COMMAND RIGHT END
TURN 123 RESULT
TIME LEFT 14 3 RIGHT 0 5
UPGRADE B 131
MOVE B23 187
END TURN 123
TURN 124
COMMAND LEFT START
COMMAND LEFT END
COMMAND RIGHT START
MOVE B19 131
COMMAND RIGHT END
TURN 124 RESULT
TIME LEFT 15 3 RIGHT 0 5
MOVE B19 197
MOVE B23 172
END TURN 124
TURN 125
COMMAND LEFT START
COMMAND LEFT END
COMMAND RIGHT START
COMMAND RIGHT END
TURN 125 RESULT
TIME LEFT 17 3 RIGHT 0 5
MOVE B19 186
MOVE B23 163
END TURN 125
TURN 126
COMMAND LEFT START
COMMAND LEFT END
COMMAND RIGHT START
COMMAND RIGHT END
TURN 126 RESULT
TIME LEFT 14 3 RIGHT 0 5
MOVE B19 175
MOVE B23 149
END TURN 126
TURN 127
COMMAND LEFT START
COMMAND LEFT END
COMMAND RIGHT START
UPGRADE 166
COMMAND RIGHT END
TURN 127 RESULT
TIME LEFT 14 3 RIGHT 0 5
UPGRADE B 166
MOVE B19 160
MOVE B23 140
END TURN 127
TURN 128
COMMAND LEFT START
COMMAND LEFT END
COMMAND RIGHT START
TRAIN 1
COMMAND RIGHT END
TURN 128 RESULT
TIME LEFT 14 3 RIGHT 0 5
TRAIN B25
MOVE B19 154
MOVE B23 127
END TURN 128
TURN 129
COMMAND LEFT START
COMMAND LEFT END
COMMAND RIGHT START
MOVE B20 166
COMMAND RIGHT END
TURN 129 RESULT
TIME LEFT 14 3 RIGHT 0 5
MOVE B19 131
MOVE B20 198
MOVE B23 101
DAMAGE TURRET B23 1
DAMAGE COMBAT A25 1
DAMAGE COMBAT B23 2
END TURN 129
TURN 130
COMMAND LEFT START
COMMAND LEFT END
COMMAND RIGHT START
COMMAND RIGHT END
TURN 130 RESULT
TIME LEFT 14 3 RIGHT 0 5
MOVE B20 187
DAMAGE TURRET B23 1
DAMAGE COMBAT A25 1
DAMAGE COMBAT B23 2
END TURN 130
TURN 131
COMMAND LEFT START
COMMAND LEFT END
COMMAND RIGHT START
COMMAND RIGHT END
TURN 131 RESULT
TIME LEFT 14 3 RIGHT 0 5
MOVE B20 170
END TURN 131
TURN 132
COMMAND LEFT START
COMMAND LEFT END
COMMAND RIGHT START
UPGRADE 164
TRAIN 1
COMMAND RIGHT END
TURN 132 RESULT
TIME LEFT 14 3 RIGHT 0 5
UPGRADE B 164
TRAIN B26
MOVE B20 166
END TURN 132
TURN 133
COMMAND LEFT START
COMMAND LEFT END
COMMAND RIGHT START
MOVE B21 164
COMMAND RIGHT END
TURN 133 RESULT
TIME LEFT 14 3 RIGHT 0 5
MOVE B21 197
END TURN 133
TURN 134
COMMAND LEFT START
COMMAND LEFT END
COMMAND RIGHT START
COMMAND RIGHT END
TURN 134 RESULT
TIME LEFT 15 3 RIGHT 0 5
MOVE B21 186
END TURN 134
TURN 135
COMMAND LEFT START
UPGRADE 0
COMMAND LEFT END
COMMAND RIGHT START
COMMAND RIGHT END
TURN 135 RESULT
TIME LEFT 15 3 RIGHT 0 5
UPGRADE A 0
MOVE B21 173
END TURN 135
TURN 136
COMMAND LEFT START
COMMAND LEFT END
COMMAND RIGHT START
UPGRADE 131
COMMAND RIGHT END
TURN 136 RESULT
TIME LEFT 14 3 RIGHT 0 5
UPGRADE B 131
MOVE B21 164
END TURN 136
TURN 137
COMMAND LEFT START
COMMAND LEFT END
COMMAND RIGHT START
TRAIN 1
COMMAND RIGHT END
TURN 137 RESULT
TIME LEFT 14 3 RIGHT 0 5
TRAIN B27
END TURN 137
TURN 138
COMMAND LEFT START
TRAIN 1
COMMAND LEFT END
COMMAND RIGHT START
MOVE B22 131
COMMAND RIGHT END
TURN 138 RESULT
TIME LEFT 14 3 RIGHT 0 5
TRAIN A28
MOVE B22 197
END TURN 138
TURN 139
COMMAND LEFT START
TRAIN 1
COMMAND LEFT END
COMMAND RIGHT START
COMMAND RIGHT END
TURN 139 RESULT
TIME LEFT 14 3 RIGHT 0 5
TRAIN A29
MOVE B22 186
END TURN 139
TURN 140
COMMAND LEFT START
TRAIN 2
COMMAND LEFT END
COMMAND RIGHT START
TRAIN 1
COMMAND RIGHT END
TURN 140 RESULT
TIME LEFT 14 3 RIGHT 0 5
TRAIN A30 A31 B28
MOVE B22 175
END TURN 140
TURN 141
COMMAND LEFT START
TRAIN 1
COMMAND LEFT END
COMMAND RIGHT START
MOVE B28 131
TRAIN 1
COMMAND RIGHT END
TURN 141 RESULT
TIME LEFT 14 3 RIGHT 0 5
TRAIN A32 B29
MOVE B22 160
MOVE B28 197
END TURN 141
TURN 142
COMMAND LEFT START
TRAIN 2
COMMAND LEFT END
COMMAND RIGHT START
MOVE B29 131
TRAIN 2
COMMAND RIGHT END
TURN 142 RESULT
TIME LEFT 14 3 RIGHT 0 5
TRAIN A33 A34 B30 B31
MOVE B22 154
MOVE B28 186
MOVE B29 197
END TURN 142
TURN 143
COMMAND LEFT START
TRAIN 1
COMMAND LEFT END
COMMAND RIGHT START
MOVE B31 101
MOVE B30 131
COMMAND RIGHT END
TURN 143 RESULT
TIME LEFT 14 3 RIGHT 0 5
TRAIN A35
MOVE B22 131
MOVE B28 175
MOVE B29 186
MOVE B30 197
MOVE B31 198
END TURN 143
TURN 144
COMMAND LEFT START
TRAIN 2
COMMAND LEFT END
COMMAND RIGHT START
TRAIN 2
COMMAND RIGHT END
TURN 144 RESULT
TIME LEFT 14 3 RIGHT 0 5
TRAIN A36 A37 B32 B33
MOVE B28 160
MOVE B29 175
MOVE B30 186
MOVE B31 187
END TURN 144
TURN 145
COMMAND LEFT START
TRAIN 1
COMMAND LEFT END
COMMAND RIGHT START
MOVE B33 131
MOVE B32 131
TRAIN 2
COMMAND RIGHT END
TURN 145 RESULT
TIME LEFT 14 3 RIGHT 0 5
TRAIN A38 B34 B35
MOVE B28 154
MOVE B29 160
MOVE B30 175
MOVE B31 172
MOVE B32 197
MOVE B33 197
END TURN 145
TURN 146
COMMAND LEFT START
TRAIN 1
COMMAND LEFT END
COMMAND RIGHT START
MOVE B35 131
MOVE B34 131
TRAIN 2
COMMAND RIGHT END
TURN 146 RESULT
TIME LEFT 14 3 RIGHT 0 5
TRAIN A39 B36 B37
MOVE B28 131
MOVE B29 154
MOVE B30 160
MOVE B31 163
MOVE B32 186
MOVE B33 186
MOVE B34 197
MOVE B35 197
END TURN 146
TURN 147
COMMAND LEFT START
TRAIN 1
COMMAND LEFT END
COMMAND RIGHT START
MOVE B37 131
MOVE B36 131
TRAIN 1
COMMAND RIGHT END
TURN 147 RESULT
TIME LEFT 14 3 RIGHT 0 5
TRAIN A40 B38
MOVE B29 131
MOVE B30 154
MOVE B31 149
MOVE B32 175
MOVE B33 175
MOVE B34 186
MOVE B35 186
MOVE B36 197
MOVE B37 197
END TURN 147
TURN 148
COMMAND LEFT START
TRAIN 1
COMMAND LEFT END
COMMAND RIGHT START
MOVE B38 131
TRAIN 2
COMMAND RIGHT END
TURN 148 RESULT
TIME LEFT 14 3 RIGHT 0 5
TRAIN A41 B39 B40
MOVE B30 131
MOVE B31 140
MOVE B32 160
MOVE B33 160
MOVE B34 175
MOVE B35 175
MOVE B36 186
MOVE B37 186
MOVE B38 197
END TURN 148
TURN 149
COMMAND LEFT START
TRAIN 1
COMMAND LEFT END
COMMAND RIGHT START
MOVE B30 126
MOVE B40 131
MOVE B39 131
COMMAND RIGHT END
TURN 149 RESULT
TIME LEFT 14 3 RIGHT 0 5
TRAIN A42
MOVE B30 136
MOVE B31 127
MOVE B32 154
MOVE B33 154
MOVE B34 160
MOVE B35 160
MOVE B36 175
MOVE B37 175
MOVE B38 186
MOVE B39 197
MOVE B40 197
END TURN 149
TURN 150
COMMAND LEFT START
TRAIN 1
COMMAND LEFT END
COMMAND RIGHT START
TRAIN 2
COMMAND RIGHT END
TURN 150 RESULT
TIME LEFT 17 3 RIGHT 0 5
TRAIN A43 B41 B42
MOVE B30 126
MOVE B31 101
MOVE B32 131
MOVE B33 131
MOVE B34 154
MOVE B35 154
MOVE B36 160
MOVE B37 160
MOVE B38 175
MOVE B39 186
MOVE B40 186
DAMAGE TURRET B31 1
DAMAGE COMBAT A27 1
DAMAGE COMBAT B31 1
END TURN 150
TURN 151
COMMAND LEFT START
MOVE A28 101
MOVE A29 101
MOVE A30 101
MOVE A31 101
MOVE A32 101
MOVE A33 101
MOVE A34 101
MOVE A35 101
MOVE A36 101
MOVE A37 101
MOVE A38 101
MOVE A39 101
MOVE A40 101
MOVE A41 101
MOVE A42 101
MOVE A43 101
TRAIN 1
COMMAND LEFT END
COMMAND RIGHT START
MOVE B42 131
MOVE B41 131
UPGRADE 126
COMMAND RIGHT END
TURN 151 RESULT
TIME LEFT 14 3 RIGHT 0 5
UPGRADE B 126
TRAIN A44
MOVE A28 4
MOVE A29 4
MOVE A30 4
MOVE A31 4
MOVE A32 4
MOVE A33 4
MOVE A34 4
MOVE A35 4
MOVE A36 4
MOVE A37 4
MOVE A38 4
MOVE A39 4
MOVE A40 4
MOVE A41 4
MOVE A42 4
MOVE A43 4
MOVE B34 131
MOVE B35 131
MOVE B36 154
MOVE B37 154
MOVE B38 160
MOVE B39 175
MOVE B40 175
MOVE B41 197
MOVE B42 197
DAMAGE TURRET B31 1
DAMAGE COMBAT A27 1
DAMAGE COMBAT B31 1
END TURN 151
TURN 152
COMMAND LEFT START
MOVE A44 101
TRAIN 1
COMMAND LEFT END
COMMAND RIGHT START
COMMAND RIGHT END
TURN 152 RESULT
TIME LEFT 17 3 RIGHT 0 5
TRAIN A45
MOVE A28 15
MOVE A29 15
MOVE A30 15
MOVE A31 15
MOVE A32 15
MOVE A33 15
MOVE A34 15
MOVE A35 15
MOVE A36 15
MOVE A37 15
MOVE A38 15
MOVE A39 15
MOVE A40 15
MOVE A41 15
MOVE A42 15
MOVE A43 15
MOVE A44 4
MOVE B36 131
MOVE B37 131
MOVE B38 154
MOVE B39 160
MOVE B40 160
MOVE B41 186
MOVE B42 186
DAMAGE TURRET B31 1
DAMAGE COMBAT A27 1
DAMAGE COMBAT B31 1
END TURN 152
TURN 153
COMMAND LEFT START
TRAIN 1
COMMAND LEFT END
COMMAND RIGHT START
MOVE B37 101
COMMAND RIGHT END
TURN 153 RESULT
TIME LEFT 14 3 RIGHT 0 5
TRAIN A46
MOVE A28 30
MOVE A29 30
MOVE A30 30
MOVE A31 30
MOVE A32 30
MOVE A33 30
MOVE A34 30
MOVE A35 30
MOVE A36 30
MOVE A37 30
MOVE A38 30
MOVE A39 30
MOVE A40 30
MOVE A41 30
MOVE A42 30
MOVE A43 30
MOVE A44 15
MOVE B37 120
MOVE B38 131
MOVE B39 154
MOVE B40 154
MOVE B41 175
MOVE B42 175
END TURN 153
TURN 154
COMMAND LEFT START
MOVE A45 101
MOVE A46 101
TRAIN 1
COMMAND LEFT END
COMMAND RIGHT START
UPGRADE 126
COMMAND RIGHT END
TURN 154 RESULT
TIME LEFT 17 3 RIGHT 0 5
UPGRADE B 126
TRAIN A47
MOVE A28 39
MOVE A29 39
MOVE A30 39
MOVE A31 39
MOVE A32 39
MOVE A33 39
MOVE A34 39
MOVE A35 39
MOVE A36 39
MOVE A37 39
MOVE A38 39
MOVE A39 39
MOVE A40 39
MOVE A41 39
MOVE A42 39
MOVE A43 39
MOVE A44 30
MOVE A45 4
MOVE A46 4
MOVE B37 110
MOVE B39 131
MOVE B40 131
MOVE B41 160
MOVE B42 160
END TURN 154
TURN 155
COMMAND LEFT START
COMMAND LEFT END
COMMAND RIGHT START
MOVE B19 126
COMMAND RIGHT END
TURN 155 RESULT
TIME LEFT 14 3 RIGHT 0 5
MOVE A28 53
MOVE A29 53
MOVE A30 53
MOVE A31 53
MOVE A32 53
MOVE A33 53
MOVE A34 53
MOVE A35 53
MOVE A36 53
MOVE A37 53
MOVE A38 53
MOVE A39 53
MOVE A40 53
MOVE A41 53
MOVE A42 53
MOVE A43 53
MOVE A44 39
MOVE A45 15
MOVE A46 15
MOVE B19 136
MOVE B37 109
MOVE B41 154
MOVE B42 154
END TURN 155
TURN 156
COMMAND LEFT START
TRAIN 1
COMMAND LEFT END
COMMAND RIGHT START
MOVE B40 161
COMMAND RIGHT END
TURN 156 RESULT
TIME LEFT 17 3 RIGHT 0 5
TRAIN A48
MOVE A28 62
MOVE A29 62
MOVE A30 62
MOVE A31 62
MOVE A32 62
MOVE A33 62
MOVE A34 62
MOVE A35 62
MOVE A36 62
MOVE A37 62
MOVE A38 62
MOVE A39 62
MOVE A40 62
MOVE A41 62
MOVE A42 62
MOVE A43 62
MOVE A44 53
MOVE A45 30
MOVE A46 30
MOVE B19 126
MOVE B37 101
MOVE B40 136
MOVE B41 131
MOVE B42 131
DAMAGE TURRET B37 1
DAMAGE COMBAT A27 1
DAMAGE COMBAT B37 1
END TURN 156
TURN 157
COMMAND LEFT START
TRAIN 1
COMMAND LEFT END
COMMAND RIGHT START
UPGRADE 126
COMMAND RIGHT END
TURN 157 RESULT
TIME LEFT 14 3 RIGHT 0 5
UPGRADE B 126
TRAIN A49
MOVE A28 75
MOVE A29 75
MOVE A30 75
MOVE A31 75
MOVE A32 75
MOVE A33 75
MOVE A34 75
MOVE A35 75
MOVE A36 75
MOVE A37 75
MOVE A38 75
MOVE A39 75
MOVE A40 75
MOVE A41 75
MOVE A42 75
MOVE A43 75
MOVE A44 62
MOVE A45 39
MOVE A46 39
MOVE B40 141
DAMAGE TURRET B37 1
DAMAGE COMBAT A27 1
DAMAGE COMBAT B37 1
END TURN 157
TURN 158
COMMAND LEFT START
TRAIN 1
COMMAND LEFT END
COMMAND RIGHT START
MOVE B37 131
MOVE B22 126
COMMAND RIGHT END
TURN 158 RESULT
TIME LEFT 14 3 RIGHT 0 5
TRAIN A50
MOVE A28 101
MOVE A29 101
MOVE A30 101
MOVE A31 101
MOVE A32 101
MOVE A33 101
MOVE A34 101
MOVE A35 101
MOVE A36 101
MOVE A37 101
MOVE A38 101
MOVE A39 101
MOVE A40 101
MOVE A41 101
MOVE A42 101
MOVE A43 101
MOVE A44 75
MOVE A45 53
MOVE A46 53
MOVE B22 136
MOVE B37 109
MOVE B40 155
END TURN 158
TURN 159
COMMAND LEFT START
COMMAND LEFT END
COMMAND RIGHT START
COMMAND RIGHT END
TURN 159 RESULT
TIME LEFT 15 3 RIGHT 0 5
MOVE A44 101
MOVE A45 62
MOVE A46 62
MOVE B22 126
MOVE B37 110
MOVE B40 161
END TURN 159
TURN 160
COMMAND LEFT START
COMMAND LEFT END
COMMAND RIGHT START
UPGRADE 161
COMMAND RIGHT END
TURN 160 RESULT
TIME LEFT 14 3 RIGHT 0 5
UPGRADE B 161
MOVE A45 75
MOVE A46 75
MOVE B37 120
END TURN 160
TURN 161
COMMAND LEFT START
COMMAND LEFT END
COMMAND RIGHT START
MOVE B42 101
COMMAND RIGHT END
TURN 161 RESULT
TIME LEFT 14 3 RIGHT 0 5
MOVE A45 101
MOVE A46 101
MOVE B37 131
MOVE B42 120
END TURN 161
TURN 162
COMMAND LEFT START
TRAIN 2
COMMAND LEFT END
COMMAND RIGHT START
UPGRADE 161
COMMAND RIGHT END
TURN 162 RESULT
TIME LEFT 14 3 RIGHT 0 5
UPGRADE B 161
TRAIN A51 A52
MOVE B42 110
END TURN 162
TURN 163
COMMAND LEFT START
TRAIN 2
COMMAND LEFT END
COMMAND RIGHT START
MOVE B24 161
COMMAND RIGHT END
TURN 163 RESULT
TIME LEFT 17 3 RIGHT 0 5
TRAIN A53 A54
MOVE B24 136
MOVE B42 109
END TURN 163
TURN 164
COMMAND LEFT START
MOVE A53 101
MOVE A54 101
TRAIN 1
COMMAND LEFT END
COMMAND RIGHT START
UPGRADE 161
COMMAND RIGHT END
TURN 164 RESULT
TIME LEFT 14 3 RIGHT 0 5
UPGRADE B 161
TRAIN A55
MOVE A53 4
MOVE A54 4
MOVE B24 141
MOVE B42 101
DAMAGE TURRET B42 1
DAMAGE COMBAT A28 1
DAMAGE COMBAT B42 5
END TURN 164
TURN 165
COMMAND LEFT START
MOVE A47 101
MOVE A48 101
MOVE A49 101
MOVE A50 101
MOVE A51 101
MOVE A52 101
MOVE A55 101
TRAIN 1
COMMAND LEFT END
COMMAND RIGHT START
MOVE B28 161
COMMAND RIGHT END
TURN 165 RESULT
TIME LEFT 17 3 RIGHT 0 5
TRAIN A56
MOVE A47 4
MOVE A48 4
MOVE A49 4
MOVE A50 4
MOVE A51 4
MOVE A52 4
MOVE A53 15
MOVE A54 15
MOVE A55 4
MOVE B24 155
MOVE B28 136
END TURN 165
TURN 166
COMMAND LEFT START
MOVE A56 101
COMMAND LEFT END
COMMAND RIGHT START
MOVE B41 101
COMMAND RIGHT END
TURN 166 RESULT
TIME LEFT 14 3 RIGHT 0 5
MOVE A47 15
MOVE A48 15
MOVE A49 15
MOVE A50 15
MOVE A51 15
MOVE A52 15
MOVE A53 30
MOVE A54 30
MOVE A55 15
MOVE A56 4
MOVE B24 161
MOVE B28 141
MOVE B41 120
END TURN 166
TURN 167
COMMAND LEFT START
TRAIN 1
COMMAND LEFT END
COMMAND RIGHT START
TRAIN 2
COMMAND RIGHT END
TURN 167 RESULT
TIME LEFT 14 3 RIGHT 0 5
TRAIN A57 B43 B44
MOVE A47 30
MOVE A48 30
MOVE A49 30
MOVE A50 30
MOVE A51 30
MOVE A52 30
MOVE A53 39
MOVE A54 39
MOVE A55 30
MOVE A56 15
MOVE B28 155
MOVE B41 110
END TURN 167
TURN 168
COMMAND LEFT START
MOVE A57 101
COMMAND LEFT END
COMMAND RIGHT START
MOVE B44 131
MOVE B43 131
MOVE B39 116
COMMAND RIGHT END
TURN 168 RESULT
TIME LEFT 17 3 RIGHT 0 5
MOVE A47 39
MOVE A48 39
MOVE A49 39
MOVE A50 39
MOVE A51 39
MOVE A52 39
MOVE A53 53
MOVE A54 53
MOVE A55 39
MOVE A56 30
MOVE A57 4
MOVE B28 161
MOVE B39 136
MOVE B41 109
MOVE B43 197
MOVE B44 197
END TURN 168
TURN 169
COMMAND LEFT START
COMMAND LEFT END
COMMAND RIGHT START
TRAIN 2
COMMAND RIGHT END
TURN 169 RESULT
TIME LEFT 14 3 RIGHT 0 5
TRAIN B45 B46
MOVE A47 53
MOVE A48 53
MOVE A49 53
MOVE A50 53
MOVE A51 53
MOVE A52 53
MOVE A53 62
MOVE A54 62
MOVE A55 53
MOVE A56 39
MOVE A57 15
MOVE B39 126
MOVE B41 101
MOVE B43 186
MOVE B44 186
DAMAGE TURRET B41 1
DAMAGE COMBAT A28 1
DAMAGE COMBAT B41 5
END TURN 169
TURN 170
COMMAND LEFT START
TRAIN 1
COMMAND LEFT END
COMMAND RIGHT START
COMMAND RIGHT END
TURN 170 RESULT
TIME LEFT 17 3 RIGHT 0 5
TRAIN A58
MOVE A47 62
MOVE A48 62
MOVE A49 62
MOVE A50 62
MOVE A51 62
MOVE A52 62
MOVE A53 75
MOVE A54 75
MOVE A55 62
MOVE A56 53
MOVE A57 30
MOVE B39 118
MOVE B43 175
MOVE B44 175
END TURN 170
TURN 171
COMMAND LEFT START
TRAIN 1
COMMAND LEFT END
COMMAND RIGHT START
COMMAND RIGHT END
TURN 171 RESULT
TIME LEFT 14 3 RIGHT 0 5
TRAIN A59
MOVE A47 75
MOVE A48 75
MOVE A49 75
MOVE A50 75
MOVE A51 75
MOVE A52 75
MOVE A53 101
MOVE A54 101
MOVE A55 75
MOVE A56 62
MOVE A57 39
MOVE B39 114
MOVE B43 160
MOVE B44 160
END TURN 171
TURN 172
COMMAND LEFT START
COMMAND LEFT END
COMMAND RIGHT START
COMMAND RIGHT END
TURN 172 RESULT
TIME LEFT 17 3 RIGHT 0 5
MOVE A47 101
MOVE A48 101
MOVE A49 101
MOVE A50 101
MOVE A51 101
MOVE A52 101
MOVE A55 101
MOVE A56 75
MOVE A57 53
MOVE B39 116
MOVE B43 154
MOVE B44 154
END TURN 172
TURN 173
COMMAND LEFT START
TRAIN 1
COMMAND LEFT END
COMMAND RIGHT START
COMMAND RIGHT END
TURN 173 RESULT
TIME LEFT 14 3 RIGHT 0 5
TRAIN A60
MOVE A56 101
MOVE A57 62
MOVE B43 131
MOVE B44 131
END TURN 173
TURN 174
COMMAND LEFT START
MOVE A58 101
MOVE A59 101
MOVE A60 101
COMMAND LEFT END
COMMAND RIGHT START
MOVE B46 131
UPGRADE 202
COMMAND RIGHT END
TURN 174 RESULT
TIME LEFT 14 3 RIGHT 0 5
UPGRADE B 202
MOVE A57 75
MOVE A58 4
MOVE A59 4
MOVE A60 4
MOVE B46 197
END TURN 174
TURN 175
COMMAND LEFT START
COMMAND LEFT END
COMMAND RIGHT START
COMMAND RIGHT END
TURN 175 RESULT
TIME LEFT 17 3 RIGHT 0 5
MOVE A57 101
MOVE A58 15
MOVE A59 15
MOVE A60 15
MOVE B46 186
END TURN 175
TURN 176
COMMAND LEFT START
COMMAND LEFT END
COMMAND RIGHT START
UPGRADE 116
COMMAND RIGHT END
TURN 176 RESULT
TIME LEFT 14 3 RIGHT 0 5
UPGRADE B 116
MOVE A58 30
MOVE A59 30
MOVE A60 30
MOVE B46 175
END TURN 176
TURN 177
COMMAND LEFT START
COMMAND LEFT END
COMMAND RIGHT START
COMMAND RIGHT END
TURN 177 RESULT
TIME LEFT 17 3 RIGHT 0 5
MOVE A58 39
MOVE A59 39
MOVE A60 39
MOVE B46 160
END TURN 177
TURN 178
COMMAND LEFT START
COMMAND LEFT END
COMMAND RIGHT START
MOVE B44 101
COMMAND RIGHT END
TURN 178 RESULT
TIME LEFT 14 3 RIGHT 0 5
MOVE A58 53
MOVE A59 53
MOVE A60 53
MOVE B44 120
MOVE B46 154
END TURN 178
TURN 179
COMMAND LEFT START
COMMAND LEFT END
COMMAND RIGHT START
UPGRADE 116
COMMAND RIGHT END
TURN 179 RESULT
TIME LEFT 17 3 RIGHT 0 5
UPGRADE B 116
MOVE A58 62
MOVE A59 62
MOVE A60 62
MOVE B44 110
MOVE B46 131
END TURN 179
TURN 180
COMMAND LEFT START
MOVE A36 202
MOVE A37 202
MOVE A38 202
MOVE A39 202
MOVE A40 202
MOVE A41 202
MOVE A42 202
MOVE A43 202
MOVE A44 202
MOVE A45 202
MOVE A46 202
MOVE A47 202
MOVE A48 202
MOVE A49 202
MOVE A50 202
MOVE A51 202
MOVE A52 202
MOVE A53 202
MOVE A54 202
MOVE A55 202
MOVE A56 202
MOVE A57 202
COMMAND LEFT END
COMMAND RIGHT START
MOVE B29 116
UPGRADE 116
COMMAND RIGHT END
TURN 180 RESULT
TIME LEFT 15 3 RIGHT 0 5
UPGRADE B 116
MOVE A36 127
MOVE A37 127
MOVE A38 127
MOVE A39 127
MOVE A40 127
MOVE A41 127
MOVE A42 127
MOVE A43 127
MOVE A44 127
MOVE A45 127
MOVE A46 127
MOVE A47 127
MOVE A48 127
MOVE A49 127
MOVE A50 127
MOVE A51 127
MOVE A52 127
MOVE A53 127
MOVE A54 127
MOVE A55 127
MOVE A56 127
MOVE A57 127
MOVE A58 75
MOVE A59 75
MOVE A60 75
MOVE B29 136
MOVE B44 109
END TURN 180
TURN 181
COMMAND LEFT START
MOVE A29 202
MOVE A30 202
MOVE A31 202
MOVE A32 202
MOVE A33 202
MOVE A34 202
MOVE A35 202
COMMAND LEFT END
COMMAND RIGHT START
MOVE B32 116
TRAIN 2
COMMAND RIGHT END
TURN 181 RESULT
TIME LEFT 14 3 RIGHT 0 5
TRAIN B47 B48
MOVE A29 127
MOVE A30 127
MOVE A31 127
MOVE A32 127
MOVE A33 127
MOVE A34 127
MOVE A35 127
MOVE A36 140
MOVE A37 140
MOVE A38 140
MOVE A39 140
MOVE A40 140
MOVE A41 140
MOVE A42 140
MOVE A43 140
MOVE A44 140
MOVE A45 140
MOVE A46 140
MOVE A47 140
MOVE A48 140
MOVE A49 140
MOVE A50 140
MOVE A51 140
MOVE A52 140
MOVE A53 140
MOVE A54 140
MOVE A55 140
MOVE A56 140
MOVE A57 140
MOVE A58 101
MOVE A59 101
MOVE A60 101
MOVE B29 126
MOVE B32 136
MOVE B44 101
DAMAGE TURRET B44 1
DAMAGE COMBAT A28 1
DAMAGE COMBAT B44 4
END TURN 181
TURN 182
COMMAND LEFT START
COMMAND LEFT END
COMMAND RIGHT START
MOVE B48 131
MOVE B47 131
COMMAND RIGHT END
TURN 182 RESULT
TIME LEFT 17 3 RIGHT 0 5
MOVE A29 140
MOVE A30 140
MOVE A31 140
MOVE A32 140
MOVE A33 140
MOVE A34 140
MOVE A35 140
MOVE A36 149
MOVE A37 149
MOVE A38 149
MOVE A39 149
MOVE A40 149
MOVE A41 149
MOVE A42 149
MOVE A43 149
MOVE A44 149
MOVE A45 149
MOVE A46 149
MOVE A47 149
MOVE A48 149
MOVE A49 149
MOVE A50 149
MOVE A51 149
MOVE A52 149
MOVE A53 149
MOVE A54 149
MOVE A55 149
MOVE A56 149
MOVE A57 149
MOVE B29 118
MOVE B32 126
MOVE B47 197
MOVE B48 197
DAMAGE TURRET B44 1
DAMAGE COMBAT A28 1
END TURN 182
TURN 183
COMMAND LEFT START
COMMAND LEFT END
COMMAND RIGHT START
MOVE B46 101
COMMAND RIGHT END
TURN 183 RESULT
TIME LEFT 14 3 RIGHT 0 5
MOVE A29 149
MOVE A30 149
MOVE A31 149
MOVE A32 149
MOVE A33 149
MOVE A34 149
MOVE A35 149
MOVE A36 163
MOVE A37 163
MOVE A38 163
MOVE A39 163
MOVE A40 163
MOVE A41 163
MOVE A42 163
MOVE A43 163
MOVE A44 163
MOVE A45 163
MOVE A46 163
MOVE A47 163
MOVE A48 163
MOVE A49 163
MOVE A50 163
MOVE A51 163
MOVE A52 163
MOVE A53 163
MOVE A54 163
MOVE A55 163
MOVE A56 163
MOVE A57 163
MOVE B29 114
MOVE B32 118
MOVE B46 120
MOVE B47 186
MOVE B48 186
END TURN 183
TURN 184
COMMAND LEFT START
MOVE A59 202
MOVE A60 202
COMMAND LEFT END
COMMAND RIGHT START
TRAIN 2
COMMAND RIGHT END
TURN 184 RESULT
TIME LEFT 17 3 RIGHT 0 5
TRAIN B49 B50
MOVE A29 163
MOVE A30 163
MOVE A31 163
MOVE A32 163
MOVE A33 163
MOVE A34 163
MOVE A35 163
MOVE A36 172
MOVE A37 172
MOVE A38 172
MOVE A39 172
MOVE A40 172
MOVE A41 172
MOVE A42 172
MOVE A43 172
MOVE A44 172
MOVE A45 172
MOVE A46 172
MOVE A47 172
MOVE A48 172
MOVE A49 172
MOVE A50 172
MOVE A51 172
MOVE A52 172
MOVE A53 172
MOVE A54 172
MOVE A55 172
MOVE A56 172
MOVE A57 172
MOVE A59 127
MOVE A60 127
MOVE B29 116
MOVE B32 114
MOVE B46 110
MOVE B47 175
MOVE B48 175
END TURN 184
TURN 185
COMMAND LEFT START
COMMAND LEFT END
COMMAND RIGHT START
MOVE B11 202
MOVE B13 202
MOVE B18 202
MOVE B9 202
MOVE B12 202
MOVE B21 202
MOVE B6 202
MOVE B10 202
MOVE B20 202
MOVE B33 202
MOVE B34 202
MOVE B35 202
MOVE B36 202
MOVE B37 202
MOVE B38 202
MOVE B43 202
MOVE B24 202
MOVE B28 202
MOVE B40 202
TRAIN 2
COMMAND RIGHT END
TURN 185 RESULT
TIME LEFT 14 3 RIGHT 0 5
TRAIN B51 B52
MOVE A29 172
MOVE A30 172
MOVE A31 172
MOVE A32 172
MOVE A33 172
MOVE A34 172
MOVE A35 172
MOVE A36 187
MOVE A37 187
MOVE A38 187
MOVE A39 187
MOVE A40 187
MOVE A41 187
MOVE A42 187
MOVE A43 187
MOVE A44 187
MOVE A45 187
MOVE A46 187
MOVE A47 187
MOVE A48 187
MOVE A49 187
MOVE A50 187
MOVE A51 187
MOVE A52 187
MOVE A53 187
MOVE A54 187
MOVE A55 187
MOVE A56 187
MOVE A57 187
MOVE A59 140
MOVE A60 140
MOVE B6 170
MOVE B9 173
MOVE B10 170
MOVE B11 197
MOVE B12 173
MOVE B13 197
MOVE B18 197
MOVE B20 170
MOVE B21 173
MOVE B24 178
MOVE B28 178
MOVE B32 116
MOVE B33 154
MOVE B34 154
MOVE B35 154
MOVE B36 154
MOVE B37 154
MOVE B38 154
MOVE B40 178
MOVE B43 154
MOVE B46 109
MOVE B47 160
MOVE B48 160
END TURN 185
TURN 186
COMMAND LEFT START
COMMAND LEFT END
COMMAND RIGHT START
MOVE B19 202
MOVE B22 202
MOVE B30 202
MOVE B29 202
MOVE B32 202
MOVE B39 202
TRAIN 2
COMMAND RIGHT END
TURN 186 RESULT
TIME LEFT 14 3 RIGHT 0 5
TRAIN B53 B54
MOVE A29 187
MOVE A30 187
MOVE A31 187
MOVE A32 187
MOVE A33 187
MOVE A34 187
MOVE A35 187
MOVE A36 198
MOVE A37 198
MOVE A38 198
MOVE A39 198
MOVE A40 198
MOVE A41 198
MOVE A42 198
MOVE A43 198
MOVE A44 198
MOVE A45 198
MOVE A46 198
MOVE A47 198
MOVE A48 198
MOVE A49 198
MOVE A50 198
MOVE A51 198
MOVE A52 198
MOVE A53 198
MOVE A54 198
MOVE A55 198
MOVE A56 198
MOVE A57 198
MOVE A59 149
MOVE A60 149
MOVE B6 187
MOVE B9 186
MOVE B10 187
MOVE B11 202
MOVE B12 186
MOVE B13 202
MOVE B18 202
MOVE B19 136
MOVE B20 187
MOVE B21 186
MOVE B22 136
MOVE B24 183
MOVE B28 183
MOVE B29 123
MOVE B30 136
MOVE B32 123
MOVE B33 160
MOVE B34 160
MOVE B35 160
MOVE B36 160
MOVE B37 160
MOVE B38 160
MOVE B39 123
MOVE B40 183
MOVE B43 160
MOVE B46 101
MOVE B47 154
MOVE B48 154
DAMAGE TURRET B46 1
DAMAGE COMBAT A28 1
DAMAGE COMBAT A29 3
DAMAGE COMBAT B6 4
DAMAGE COMBAT B10 3
DAMAGE COMBAT B46 2
END TURN 186
TURN 187
COMMAND LEFT START
COMMAND LEFT END
COMMAND RIGHT START
TRAIN 1
COMMAND RIGHT END
TURN 187 RESULT
TIME LEFT 17 3 RIGHT 0 5
TRAIN B55
MOVE A36 202
MOVE A37 202
MOVE A38 202
MOVE A39 202
MOVE A40 202
MOVE A41 202
MOVE A42 202
MOVE A43 202
MOVE A44 202
MOVE A45 202
MOVE A46 202
MOVE A47 202
MOVE A48 202
MOVE A49 202
MOVE A50 202
MOVE A51 202
MOVE A52 202
MOVE A53 202
MOVE A54 202
MOVE A55 202
MOVE A56 202
MOVE A57 202
MOVE A59 163
MOVE A60 163
MOVE B9 197
MOVE B12 197
MOVE B19 158
MOVE B21 197
MOVE B22 158
MOVE B24 189
MOVE B28 189
MOVE B29 137
MOVE B30 158
MOVE B32 137
MOVE B33 175
MOVE B34 175
MOVE B35 175
MOVE B36 175
MOVE B37 175
MOVE B38 175
MOVE B39 137
MOVE B40 189
MOVE B43 175
MOVE B47 131
MOVE B48 131
DAMAGE TURRET A36 3
DAMAGE TURRET B46 1
DAMAGE COMBAT A28 1
DAMAGE COMBAT A29 2
DAMAGE COMBAT A36 4
DAMAGE COMBAT A37 7
DAMAGE COMBAT A38 3
DAMAGE COMBAT B10 1
DAMAGE COMBAT B11 6
DAMAGE COMBAT B13 6
DAMAGE COMBAT B18 4
DAMAGE COMBAT B20 6
DAMAGE COMBAT B25 6
DAMAGE COMBAT B46 2
END TURN 187
TURN 188
COMMAND LEFT START
COMMAND LEFT END
COMMAND RIGHT START
TRAIN 1
COMMAND RIGHT END
TURN 188 RESULT
TIME LEFT 14 3 RIGHT 0 5
TRAIN B56
MOVE A29 198
MOVE A30 198
MOVE A31 198
MOVE A32 198
MOVE A33 198
MOVE A34 198
MOVE A35 198
MOVE A59 172
MOVE A60 172
MOVE B9 202
MOVE B12 202
MOVE B19 169
MOVE B21 202
MOVE B22 169
MOVE B24 192
MOVE B28 192
MOVE B29 155
MOVE B30 169
MOVE B32 155
MOVE B33 186
MOVE B34 186
MOVE B35 186
MOVE B36 186
MOVE B37 186
MOVE B38 186
MOVE B39 155
MOVE B40 192
MOVE B43 186
DAMAGE TURRET A38 3
DAMAGE COMBAT A38 1
DAMAGE COMBAT A39 7
DAMAGE COMBAT A40 6
DAMAGE COMBAT B9 6
DAMAGE COMBAT B12 6
DAMAGE COMBAT B21 6
DAMAGE COMBAT B26 2
END TURN 188
TURN 189
COMMAND LEFT START
COMMAND LEFT END
COMMAND RIGHT START
MOVE B47 202
TRAIN 2
COMMAND RIGHT END
TURN 189 RESULT
TIME LEFT 17 3 RIGHT 0 5
TRAIN B57 B58
MOVE A29 202
MOVE A30 202
MOVE A31 202
MOVE A32 202
MOVE A33 202
MOVE A34 202
MOVE A35 202
MOVE A59 187
MOVE A60 187
MOVE B19 179
MOVE B22 179
MOVE B24 197
MOVE B28 197
MOVE B29 159
MOVE B30 179
MOVE B32 159
MOVE B33 197
MOVE B34 197
MOVE B35 197
MOVE B36 197
MOVE B37 197
MOVE B38 197
MOVE B39 159
MOVE B40 197
MOVE B43 197
MOVE B47 154
DAMAGE TURRET A29 2
DAMAGE TURRET A40 1
DAMAGE COMBAT A30 7
DAMAGE COMBAT A31 6
DAMAGE COMBAT B26 4
DAMAGE COMBAT B27 6
DAMAGE COMBAT B45 6
DAMAGE COMBAT B49 7
DAMAGE COMBAT B50 2
END TURN 189
TURN 190
COMMAND LEFT START
COMMAND LEFT END
COMMAND RIGHT START
TRAIN 1
COMMAND RIGHT END
TURN 190 RESULT
TIME LEFT 14 3 RIGHT 0 5
TRAIN B59
MOVE A59 198
MOVE A60 198
MOVE B19 184
MOVE B22 184
MOVE B24 202
MOVE B28 202
MOVE B29 176
MOVE B30 184
MOVE B32 176
MOVE B33 202
MOVE B34 202
MOVE B35 202
MOVE B36 202
MOVE B37 202
MOVE B38 202
MOVE B39 176
MOVE B40 202
MOVE B43 202
MOVE B47 160
DAMAGE TURRET A31 1
DAMAGE TURRET A32 2
DAMAGE COMBAT A32 5
DAMAGE COMBAT A33 7
DAMAGE COMBAT A34 7
DAMAGE COMBAT A35 1
DAMAGE COMBAT B24 6
DAMAGE COMBAT B28 6
DAMAGE COMBAT B33 3
DAMAGE COMBAT B37 2
DAMAGE COMBAT B50 5
END TURN 190
TURN 191
COMMAND LEFT START
COMMAND LEFT END
COMMAND RIGHT START
COMMAND RIGHT END
TURN 191 RESULT
TIME LEFT 17 3 RIGHT 0 5
MOVE A59 202
MOVE A60 202
MOVE B19 192
MOVE B22 192
MOVE B29 189
MOVE B30 192
MOVE B32 189
MOVE B39 189
MOVE B47 175
DAMAGE TURRET A35 3
DAMAGE COMBAT A35 3
DAMAGE COMBAT A41 7
DAMAGE COMBAT A42 6
DAMAGE COMBAT B33 3
DAMAGE COMBAT B34 6
DAMAGE COMBAT B35 6
DAMAGE COMBAT B36 5
END TURN 191
TURN 192
COMMAND LEFT START
COMMAND LEFT END
COMMAND RIGHT START
TRAIN 1
COMMAND RIGHT END
TURN 192 RESULT
TIME LEFT 14 3 RIGHT 0 5
TRAIN B60
MOVE B19 197
MOVE B22 197
MOVE B29 192
MOVE B30 197
MOVE B32 192
MOVE B39 192
MOVE B47 186
DAMAGE TURRET A42 1
DAMAGE TURRET A43 2
DAMAGE COMBAT A43 5
DAMAGE COMBAT A44 7
DAMAGE COMBAT A45 2
DAMAGE COMBAT B36 1
DAMAGE COMBAT B38 6
DAMAGE COMBAT B40 6
DAMAGE COMBAT B43 5
END TURN 192
TURN 193
COMMAND LEFT START
COMMAND LEFT END
COMMAND RIGHT START
TRAIN 1
COMMAND RIGHT END
TURN 193 RESULT
TIME LEFT 17 3 RIGHT 0 5
TRAIN B61
MOVE B19 202
MOVE B22 202
MOVE B29 197
MOVE B30 202
MOVE B32 197
MOVE B39 197
MOVE B47 197
DAMAGE TURRET A45 3
DAMAGE COMBAT A45 2
DAMAGE COMBAT A46 7
DAMAGE COMBAT A47 6
DAMAGE COMBAT B19 5
DAMAGE COMBAT B22 6
DAMAGE COMBAT B30 3
DAMAGE COMBAT B43 1
END TURN 193
TURN 194
COMMAND LEFT START
COMMAND LEFT END
COMMAND RIGHT START
COMMAND RIGHT END
TURN 194 RESULT
TIME LEFT 14 3 RIGHT 0 5
MOVE B29 202
MOVE B32 202
MOVE B39 202
MOVE B47 202
DAMAGE TURRET A47 1
DAMAGE TURRET A48 2
DAMAGE COMBAT A48 5
DAMAGE COMBAT A49 7
DAMAGE COMBAT A50 4
DAMAGE COMBAT B29 6
DAMAGE COMBAT B30 3
DAMAGE COMBAT B32 4
END TURN 194
TURN 195
COMMAND LEFT START
COMMAND LEFT END
COMMAND RIGHT START
TRAIN 1
COMMAND RIGHT END
TURN 195 RESULT
TIME LEFT 17 3 RIGHT 0 5
TRAIN B62
DAMAGE TURRET A50 3
DAMAGE COMBAT A51 7
DAMAGE COMBAT A52 7
DAMAGE COMBAT A53 1
DAMAGE COMBAT B32 2
DAMAGE COMBAT B39 6
DAMAGE COMBAT B47 2
END TURN 195
TURN 196
COMMAND LEFT START
COMMAND LEFT END
COMMAND RIGHT START
COMMAND RIGHT END
TURN 196 RESULT
TIME LEFT 14 3 RIGHT 0 5
DAMAGE TURRET A53 3
DAMAGE COMBAT A53 3
DAMAGE COMBAT A54 7
DAMAGE COMBAT A55 3
DAMAGE COMBAT B47 5
DAMAGE COMBAT B51 2
END TURN 196
TURN 197
COMMAND LEFT START
COMMAND LEFT END
COMMAND RIGHT START
COMMAND RIGHT END
TURN 197 RESULT
TIME LEFT 17 3 RIGHT 0 5
DAMAGE TURRET A55 3
DAMAGE COMBAT A55 1
DAMAGE COMBAT A56 7
DAMAGE COMBAT A57 4
DAMAGE COMBAT B51 5
END TURN 197
TURN 198
COMMAND LEFT START
COMMAND LEFT END
COMMAND RIGHT START
TRAIN 1
COMMAND RIGHT END
TURN 198 RESULT
TIME LEFT 14 3 RIGHT 0 5
TRAIN B63
DAMAGE TURRET A57 3
DAMAGE COMBAT A59 7
DAMAGE COMBAT A60 5
DAMAGE COMBAT B52 3
END TURN 198
TURN 199
COMMAND LEFT START
COMMAND LEFT END
COMMAND RIGHT START
COMMAND RIGHT END
TURN 199 RESULT
TIME LEFT 17 3 RIGHT 0 5
DAMAGE TURRET A60 2
DAMAGE COMBAT B52 1
END TURN 199
TURN 200
COMMAND LEFT START
COMMAND LEFT END
COMMAND RIGHT START
MOVE B52 192
MOVE B53 164
MOVE B54 166
MOVE B55 126
MOVE B56 161
MOVE B57 116
MOVE B58 192
MOVE B59 192
TRAIN 1
COMMAND RIGHT END
TURN 200 RESULT
TIME LEFT 14 3 RIGHT 0 5
TRAIN B64
MOVE B52 197
MOVE B53 197
MOVE B54 198
MOVE B55 197
MOVE B56 197
MOVE B57 197
MOVE B58 197
MOVE B59 197
END TURN 200
TURN 201
COMMAND LEFT START
COMMAND LEFT END
COMMAND RIGHT START
MOVE B60 192
MOVE B61 164
MOVE B62 166
MOVE B63 126
COMMAND RIGHT END
TURN 201 RESULT
TIME LEFT 17 3 RIGHT 0 5
MOVE B52 192
MOVE B53 186
MOVE B54 187
MOVE B55 192
MOVE B56 192
MOVE B57 192
MOVE B58 192
MOVE B59 192
MOVE B60 197
MOVE B61 197
MOVE B62 198
MOVE B63 197
END TURN 201
TURN 202
COMMAND LEFT START
COMMAND LEFT END
COMMAND RIGHT START
MOVE B52 164
MOVE B58 166
COMMAND RIGHT END
TURN 202 RESULT
TIME LEFT 14 3 RIGHT 0 5
MOVE B52 186
MOVE B53 173
MOVE B54 170
MOVE B55 184
MOVE B56 189
MOVE B57 189
MOVE B58 186
MOVE B60 192
MOVE B61 186
MOVE B62 187
MOVE B63 192
END TURN 202
TURN 203
COMMAND LEFT START
COMMAND LEFT END
COMMAND RIGHT START
MOVE B59 164
TRAIN 1
COMMAND RIGHT END
TURN 203 RESULT
TIME LEFT 17 3 RIGHT 0 5
TRAIN B65
MOVE B52 173
MOVE B53 164
MOVE B54 166
MOVE B55 179
MOVE B56 183
MOVE B57 176
MOVE B58 181
MOVE B59 186
MOVE B61 173
MOVE B62 170
MOVE B63 184
END TURN 203
TURN 204
COMMAND LEFT START
COMMAND LEFT END
COMMAND RIGHT START
MOVE B64 126
COMMAND RIGHT END
TURN 204 RESULT
TIME LEFT 14 3 RIGHT 0 5
MOVE B52 164
MOVE B55 169
MOVE B56 178
MOVE B57 159
MOVE B58 172
MOVE B59 173
MOVE B61 164
MOVE B62 166
MOVE B63 179
MOVE B64 197
END TURN 204
TURN 205
COMMAND LEFT START
COMMAND LEFT END
COMMAND RIGHT START
MOVE B52 126
MOVE B53 161
MOVE B54 116
TRAIN 1
COMMAND RIGHT END
TURN 205 RESULT
TIME LEFT 17 3 RIGHT 0 5
TRAIN B66
MOVE B52 160
MOVE B53 160
MOVE B54 165
MOVE B55 158
MOVE B56 161
MOVE B57 155
MOVE B58 165
MOVE B59 164
MOVE B63 169
MOVE B64 192
END TURN 205
TURN 206
COMMAND LEFT START
COMMAND LEFT END
COMMAND RIGHT START
MOVE B59 126
MOVE B65 116
TRAIN 1
COMMAND RIGHT END
TURN 206 RESULT
TIME LEFT 14 3 RIGHT 0 5
TRAIN B67
MOVE B52 154
MOVE B53 169
MOVE B54 163
MOVE B55 136
MOVE B57 137
MOVE B58 166
MOVE B59 160
MOVE B63 158
MOVE B64 184
MOVE B65 197
END TURN 206
TURN 207
COMMAND LEFT START
COMMAND LEFT END
COMMAND RIGHT START
MOVE B58 126
MOVE B66 116
TRAIN 1
COMMAND RIGHT END
TURN 207 RESULT
TIME LEFT 17 3 RIGHT 0 5
TRAIN B68
MOVE B52 131
MOVE B53 168
MOVE B54 156
MOVE B55 126
MOVE B57 123
MOVE B58 165
MOVE B59 154
MOVE B63 136
MOVE B64 179
MOVE B65 192
MOVE B66 197
END TURN 207
TURN 208
COMMAND LEFT START
COMMAND LEFT END
COMMAND RIGHT START
MOVE B67 116
TRAIN 1
COMMAND RIGHT END
TURN 208 RESULT
TIME LEFT 14 3 RIGHT 0 5
TRAIN B69
MOVE B52 136
MOVE B53 159
MOVE B54 148
MOVE B57 116
MOVE B58 163
MOVE B59 131
MOVE B63 126
MOVE B64 169
MOVE B65 189
MOVE B66 192
MOVE B67 197
END TURN 208
TURN 209
COMMAND LEFT START
COMMAND LEFT END
COMMAND RIGHT START
TRAIN 1
COMMAND RIGHT END
TURN 209 RESULT
TIME LEFT 17 3 RIGHT 0 5
TRAIN B70
MOVE B52 126
MOVE B53 155
MOVE B54 131
MOVE B58 156
MOVE B59 136
MOVE B64 158
MOVE B65 176
MOVE B66 189
MOVE B67 192
END TURN 209
TURN 210
COMMAND LEFT START
MOVE A58 76
COMMAND LEFT END
COMMAND RIGHT START
TRAIN 1
COMMAND RIGHT END
TURN 210 RESULT
TIME LEFT 14 3 RIGHT 0 5
TRAIN B71
MOVE A58 93
MOVE B53 161
MOVE B54 136
MOVE B58 148
MOVE B59 126
MOVE B64 136
MOVE B65 159
MOVE B66 176
MOVE B67 189
END TURN 210
TURN 211
COMMAND LEFT START
COMMAND LEFT END
COMMAND RIGHT START
MOVE B52 192
TRAIN 2
COMMAND RIGHT END
TURN 211 RESULT
TIME LEFT 17 3 RIGHT 0 5
TRAIN B72 B73
MOVE A58 92
MOVE B52 136
MOVE B54 126
MOVE B58 131
MOVE B64 126
MOVE B65 155
MOVE B66 159
MOVE B67 176
END TURN 211
TURN 212
COMMAND LEFT START
UPGRADE 0
COMMAND LEFT END
COMMAND RIGHT START
MOVE B68 166
MOVE B69 166
MOVE B55 164
TRAIN 1
COMMAND RIGHT END
TURN 212 RESULT
TIME LEFT 14 3 RIGHT 0 5
UPGRADE A 0
TRAIN B74
MOVE A58 82
MOVE B52 158
MOVE B54 118
MOVE B55 136
MOVE B58 136
MOVE B65 137
MOVE B66 155
MOVE B67 159
MOVE B68 198
MOVE B69 198
END TURN 212
TURN 213
COMMAND LEFT START
COMMAND LEFT END
COMMAND RIGHT START
MOVE B70 131
TRAIN 1
COMMAND RIGHT END
TURN 213 RESULT
TIME LEFT 16 3 RIGHT 0 5
TRAIN B75
MOVE A58 85
MOVE B52 169
MOVE B54 114
MOVE B55 131
MOVE B58 126
MOVE B65 123
MOVE B66 137
MOVE B67 155
MOVE B68 187
MOVE B69 187
MOVE B70 197
END TURN 213
TURN 214
COMMAND LEFT START
COMMAND LEFT END
COMMAND RIGHT START
MOVE B71 192
MOVE B58 164
TRAIN 2
COMMAND RIGHT END
TURN 214 RESULT
TIME LEFT 14 3 RIGHT 0 5
TRAIN B76 B77
MOVE A58 76
MOVE B52 179
MOVE B54 116
MOVE B55 154
MOVE B58 136
MOVE B65 116
MOVE B66 123
MOVE B67 137
MOVE B68 170
MOVE B69 170
MOVE B70 186
MOVE B71 197
END TURN 214
TURN 215
COMMAND LEFT START
COMMAND LEFT END
COMMAND RIGHT START
MOVE B72 161
MOVE B73 131
COMMAND RIGHT END
TURN 215 RESULT
TIME LEFT 17 3 RIGHT 0 5
MOVE B52 184
MOVE B55 160
MOVE B58 131
MOVE B66 116
MOVE B67 123
MOVE B68 166
MOVE B69 166
MOVE B70 175
MOVE B71 192
MOVE B72 197
MOVE B73 197
END TURN 215
TURN 216
COMMAND LEFT START
COMMAND LEFT END
COMMAND RIGHT START
MOVE B66 131
COMMAND RIGHT END
TURN 216 RESULT
TIME LEFT 14 3 RIGHT 0 5
MOVE B52 192
MOVE B55 164
MOVE B58 154
MOVE B66 114
MOVE B67 116
MOVE B70 160
MOVE B72 192
MOVE B73 186
END TURN 216
TURN 217
COMMAND LEFT START
COMMAND LEFT END
COMMAND RIGHT START
MOVE B67 131
TRAIN 1
COMMAND RIGHT END
TURN 217 RESULT
TIME LEFT 17 3 RIGHT 0 5
TRAIN B78
MOVE B58 160
MOVE B66 118
MOVE B67 114
MOVE B70 154
MOVE B72 189
MOVE B73 175
END TURN 217
TURN 218
COMMAND LEFT START
COMMAND LEFT END
COMMAND RIGHT START
MOVE B78 131
TRAIN 2
COMMAND RIGHT END
TURN 218 RESULT
TIME LEFT 14 3 RIGHT 0 5
TRAIN B79 B80
MOVE B58 164
MOVE B66 126
MOVE B67 118
MOVE B70 131
MOVE B72 183
MOVE B73 160
MOVE B78 197
END TURN 218
TURN 219
COMMAND LEFT START
COMMAND LEFT END
COMMAND RIGHT START
MOVE B80 101
MOVE B79 131
COMMAND RIGHT END
TURN 219 RESULT
TIME LEFT 17 3 RIGHT 0 5
MOVE B66 136
MOVE B67 126
MOVE B72 178
MOVE B73 154
MOVE B78 186
MOVE B79 197
MOVE B80 198
END TURN 219
TURN 220
COMMAND LEFT START
TRAIN 1
COMMAND LEFT END
COMMAND RIGHT START
TRAIN 2
COMMAND RIGHT END
TURN 220 RESULT
TIME LEFT 14 3 RIGHT 0 5
TRAIN A61 B81 B82
MOVE B66 131
MOVE B67 136
MOVE B72 161
MOVE B73 131
MOVE B78 175
MOVE B79 186
MOVE B80 187
END TURN 220
TURN 221
COMMAND LEFT START
UPGRADE 0
COMMAND LEFT END
COMMAND RIGHT START
MOVE B82 131
MOVE B81 131
TRAIN 2
COMMAND RIGHT END
TURN 221 RESULT
TIME LEFT 17 3 RIGHT 0 5
UPGRADE A 0
TRAIN B83 B84
MOVE B67 131
MOVE B78 160
MOVE B79 175
MOVE B80 172
MOVE B81 197
MOVE B82 197
END TURN 221
TURN 222
COMMAND LEFT START
COMMAND LEFT END
COMMAND RIGHT START
MOVE B84 131
MOVE B83 131
TRAIN 2
COMMAND RIGHT END
TURN 222 RESULT
TIME LEFT 14 3 RIGHT 0 5
TRAIN B85 B86
MOVE B78 154
MOVE B79 160
MOVE B80 163
MOVE B81 186
MOVE B82 186
MOVE B83 197
MOVE B84 197
END TURN 222
TURN 223
COMMAND LEFT START
TRAIN 1
COMMAND LEFT END
COMMAND RIGHT START
MOVE B86 131
MOVE B85 131
TRAIN 2
COMMAND RIGHT END
TURN 223 RESULT
TIME LEFT 17 3 RIGHT 0 5
TRAIN A62 B87 B88
MOVE B78 131
MOVE B79 154
MOVE B80 149
MOVE B81 175
MOVE B82 175
MOVE B83 186
MOVE B84 186
MOVE B85 197
MOVE B86 197
END TURN 223
TURN 224
COMMAND LEFT START
COMMAND LEFT END
COMMAND RIGHT START
MOVE B88 131
MOVE B87 131
TRAIN 2
COMMAND RIGHT END
TURN 224 RESULT
TIME LEFT 14 3 RIGHT 0 5
TRAIN B89 B90
MOVE B79 131
MOVE B80 140
MOVE B81 160
MOVE B82 160
MOVE B83 175
MOVE B84 175
MOVE B85 186
MOVE B86 186
MOVE B87 197
MOVE B88 197
END TURN 224
TURN 225
COMMAND LEFT START
COMMAND LEFT END
COMMAND RIGHT START
MOVE B79 86
MOVE B90 131
MOVE B89 131
TRAIN 2
COMMAND RIGHT END
TURN 225 RESULT
TIME LEFT 17 3 RIGHT 0 5
TRAIN B91 B92
MOVE B79 128
MOVE B80 127
MOVE B81 154
MOVE B82 154
MOVE B83 160
MOVE B84 160
MOVE B85 175
MOVE B86 175
MOVE B87 186
MOVE B88 186
MOVE B89 197
MOVE B90 197
END TURN 225
TURN 226
COMMAND LEFT START
COMMAND LEFT END
COMMAND RIGHT START
MOVE B92 131
MOVE B91 131
TRAIN 2
COMMAND RIGHT END
TURN 226 RESULT
TIME LEFT 14 3 RIGHT 0 5
TRAIN B93 B94
MOVE B79 127
MOVE B80 101
MOVE B81 131
MOVE B82 131
MOVE B83 154
MOVE B84 154
MOVE B85 160
MOVE B86 160
MOVE B87 175
MOVE B88 175
MOVE B89 186
MOVE B90 186
MOVE B91 197
MOVE B92 197
DAMAGE TURRET B80 1
DAMAGE COMBAT A28 1
DAMAGE COMBAT B80 1
END TURN 226
TURN 227
COMMAND LEFT START
TRAIN 1
COMMAND LEFT END
COMMAND RIGHT START
MOVE B80 131
COMMAND RIGHT END
TURN 227 RESULT
TIME LEFT 17 3 RIGHT 0 5
TRAIN A63
MOVE B79 129
MOVE B80 109
MOVE B83 131
MOVE B84 131
MOVE B85 154
MOVE B86 154
MOVE B87 160
MOVE B88 160
MOVE B89 175
MOVE B90 175
MOVE B91 186
MOVE B92 186
END TURN 227
TURN 228
COMMAND LEFT START
COMMAND LEFT END
COMMAND RIGHT START
COMMAND RIGHT END
TURN 228 RESULT
TIME LEFT 14 3 RIGHT 0 5
MOVE B79 130
MOVE B80 110
MOVE B85 131
MOVE B86 131
MOVE B87 154
MOVE B88 154
MOVE B89 160
MOVE B90 160
MOVE B91 175
MOVE B92 175
END TURN 228
TURN 229
COMMAND LEFT START
COMMAND LEFT END
COMMAND RIGHT START
COMMAND RIGHT END
TURN 229 RESULT
TIME LEFT 17 3 RIGHT 0 5
MOVE B79 119
MOVE B80 120
MOVE B87 131
MOVE B88 131
MOVE B89 154
MOVE B90 154
MOVE B91 160
MOVE B92 160
END TURN 229
TURN 230
COMMAND LEFT START
COMMAND LEFT END
COMMAND RIGHT START
COMMAND RIGHT END
TURN 230 RESULT
TIME LEFT 14 3 RIGHT 0 5
MOVE B79 112
MOVE B80 131
MOVE B89 131
MOVE B90 131
MOVE B91 154
MOVE B92 154
END TURN 230
TURN 231
COMMAND LEFT START
COMMAND LEFT END
COMMAND RIGHT START
COMMAND RIGHT END
TURN 231 RESULT
TIME LEFT 17 3 RIGHT 0 5
MOVE B79 108
MOVE B91 131
MOVE B92 131
END TURN 231
TURN 232
COMMAND LEFT START
COMMAND LEFT END
COMMAND RIGHT START
MOVE B94 131
UPGRADE 202
COMMAND RIGHT END
TURN 232 RESULT
TIME LEFT 14 3 RIGHT 0 5
UPGRADE B 202
MOVE B79 105
MOVE B94 197
END TURN 232
TURN 233
COMMAND LEFT START
COMMAND LEFT END
COMMAND RIGHT START
MOVE B92 76
MOVE B91 76
MOVE B90 76
MOVE B89 76
MOVE B88 76
MOVE B87 76
MOVE B86 76
MOVE B85 76
MOVE B84 76
MOVE B83 76
MOVE B82 76
MOVE B81 76
MOVE B80 76
MOVE B78 76
MOVE B73 76
MOVE B70 76
MOVE B67 76
COMMAND RIGHT END
TURN 233 RESULT
TIME LEFT 17 3 RIGHT 0 5
MOVE B67 120
MOVE B70 120
MOVE B73 120
MOVE B78 120
MOVE B79 98
MOVE B80 120
MOVE B81 120
MOVE B82 120
MOVE B83 120
MOVE B84 120
MOVE B85 120
MOVE B86 120
MOVE B87 120
MOVE B88 120
MOVE B89 120
MOVE B90 120
MOVE B91 120
MOVE B92 120
MOVE B94 186
END TURN 233
TURN 234
COMMAND LEFT START
UPGRADE 0
COMMAND LEFT END
COMMAND RIGHT START
COMMAND RIGHT END
TURN 234 RESULT
TIME LEFT 14 3 RIGHT 0 5
UPGRADE A 0
MOVE B67 110
MOVE B70 110
MOVE B73 110
MOVE B78 110
MOVE B79 86
MOVE B80 110
MOVE B81 110
MOVE B82 110
MOVE B83 110
MOVE B84 110
MOVE B85 110
MOVE B86 110
MOVE B87 110
MOVE B88 110
MOVE B89 110
MOVE B90 110
MOVE B91 110
MOVE B92 110
MOVE B94 175
END TURN 234
TURN 235
COMMAND LEFT START
COMMAND LEFT END
COMMAND RIGHT START
UPGRADE 86
COMMAND RIGHT END
TURN 235 RESULT
TIME LEFT 17 3 RIGHT 0 5
UPGRADE B 86
MOVE B67 109
MOVE B70 109
MOVE B73 109
MOVE B78 109
MOVE B80 109
MOVE B81 109
MOVE B82 109
MOVE B83 109
MOVE B84 109
MOVE B85 109
MOVE B86 109
MOVE B87 109
MOVE B88 109
MOVE B89 109
MOVE B90 109
MOVE B91 109
MOVE B92 109
MOVE B94 160
END TURN 235
TURN 236
COMMAND LEFT START
MOVE A63 101
COMMAND LEFT END
COMMAND RIGHT START
COMMAND RIGHT END
TURN 236 RESULT
TIME LEFT 14 3 RIGHT 0 5
MOVE A63 4
MOVE B67 101
MOVE B70 101
MOVE B73 101
MOVE B78 101
MOVE B80 101
MOVE B81 101
MOVE B82 101
MOVE B83 101
MOVE B84 101
MOVE B85 101
MOVE B86 101
MOVE B87 101
MOVE B88 101
MOVE B89 101
MOVE B90 101
MOVE B91 101
MOVE B92 101
MOVE B94 154
DAMAGE TURRET B80 1
SIEGE A 101 6
END TURN 236
TURN 237
COMMAND LEFT START
COMMAND LEFT END
COMMAND RIGHT START
UPGRADE 86
COMMAND RIGHT END
TURN 237 RESULT
TIME LEFT 17 3 RIGHT 0 5
UPGRADE B 86
MOVE A63 15
MOVE B67 93
MOVE B70 93
MOVE B73 93
MOVE B78 93
MOVE B80 93
MOVE B81 93
MOVE B82 93
MOVE B83 93
MOVE B84 93
MOVE B85 93
MOVE B86 93
MOVE B87 93
MOVE B88 93
MOVE B89 93
MOVE B90 93
MOVE B91 93
MOVE B92 93
MOVE B94 131
END TURN 237
TURN 238
COMMAND LEFT START
COMMAND LEFT END
COMMAND RIGHT START
TRAIN 1
COMMAND RIGHT END
TURN 238 RESULT
TIME LEFT 14 3 RIGHT 0 5
TRAIN B95
MOVE A63 30
MOVE B67 92
MOVE B70 92
MOVE B73 92
MOVE B78 92
MOVE B80 92
MOVE B81 92
MOVE B82 92
MOVE B83 92
MOVE B84 92
MOVE B85 92
MOVE B86 92
MOVE B87 92
MOVE B88 92
MOVE B89 92
MOVE B90 92
MOVE B91 92
MOVE B92 92
END TURN 238
TURN 239
COMMAND LEFT START
COMMAND LEFT END
COMMAND RIGHT START
MOVE B74 86
UPGRADE 86
COMMAND RIGHT END
TURN 239 RESULT
TIME LEFT 17 3 RIGHT 0 5
UPGRADE B 86
MOVE A63 39
MOVE B67 82
MOVE B70 82
MOVE B73 82
MOVE B74 198
MOVE B78 82
MOVE B80 82
MOVE B81 82
MOVE B82 82
MOVE B83 82
MOVE B84 82
MOVE B85 82
MOVE B86 82
MOVE B87 82
MOVE B88 82
MOVE B89 82
MOVE B90 82
MOVE B91 82
MOVE B92 82
END TURN 239
TURN 240
COMMAND LEFT START
COMMAND LEFT END
COMMAND RIGHT START
TRAIN 1
COMMAND RIGHT END
TURN 240 RESULT
TIME LEFT 14 3 RIGHT 0 5
TRAIN B96
MOVE A63 53
MOVE B67 85
MOVE B70 85
MOVE B73 85
MOVE B74 187
MOVE B78 85
MOVE B80 85
MOVE B81 85
MOVE B82 85
MOVE B83 85
MOVE B84 85
MOVE B85 85
MOVE B86 85
MOVE B87 85
MOVE B88 85
MOVE B89 85
MOVE B90 85
MOVE B91 85
MOVE B92 85
END TURN 240
TURN 241
COMMAND LEFT START
COMMAND LEFT END
COMMAND RIGHT START
MOVE B75 86
TRAIN 1
COMMAND RIGHT END
TURN 241 RESULT
TIME LEFT 17 3 RIGHT 0 5
TRAIN B97
MOVE A63 62
MOVE B67 76
MOVE B70 76
MOVE B73 76
MOVE B74 170
MOVE B75 198
MOVE B78 76
MOVE B80 76
MOVE B81 76
MOVE B82 76
MOVE B83 76
MOVE B84 76
MOVE B85 76
MOVE B86 76
MOVE B87 76
MOVE B88 76
MOVE B89 76
MOVE B90 76
MOVE B91 76
MOVE B92 76
DAMAGE TURRET B80 1
DAMAGE COMBAT A8 5
DAMAGE COMBAT A58 7
DAMAGE COMBAT B80 2
SIEGE A 76 5
END TURN 241
TURN 242
COMMAND LEFT START
COMMAND LEFT END
COMMAND RIGHT START
MOVE B97 131
TRAIN 3
COMMAND RIGHT END
TURN 242 RESULT
TIME LEFT 14 3 RIGHT 0 5
TRAIN B98 B99 B100
MOVE A63 75
MOVE B74 166
MOVE B75 187
MOVE B97 197
DAMAGE TURRET B80 1
SIEGE A 76 1
END TURN 242
TURN 243
COMMAND LEFT START
COMMAND LEFT END
COMMAND RIGHT START
MOVE B67 131
MOVE B70 131
MOVE B73 131
MOVE B78 131
MOVE B81 131
MOVE B82 131
MOVE B83 131
MOVE B84 131
MOVE B85 131
MOVE B86 131
MOVE B87 131
MOVE B88 131
MOVE B89 131
MOVE B90 131
MOVE B91 131
MOVE B100 131
MOVE B99 131
MOVE B98 131
UPGRADE 76
COMMAND RIGHT END
TURN 243 RESULT
TIME LEFT 17 3 RIGHT 0 5
UPGRADE B 76
MOVE A63 101
MOVE B67 85
MOVE B70 85
MOVE B73 85
MOVE B74 151
MOVE B75 170
MOVE B78 85
MOVE B81 85
MOVE B82 85
MOVE B83 85
MOVE B84 85
MOVE B85 85
MOVE B86 85
MOVE B87 85
MOVE B88 85
MOVE B89 85
MOVE B90 85
MOVE B91 85
MOVE B97 186
MOVE B98 197
MOVE B99 197
MOVE B100 197
END TURN 243
TURN 244
COMMAND LEFT START
UPGRADE 101
COMMAND LEFT END
COMMAND RIGHT START
UPGRADE 76
COMMAND RIGHT END
TURN 244 RESULT
TIME LEFT 14 3 RIGHT 0 5
UPGRADE B 76
UPGRADE A 101
MOVE B67 82
MOVE B70 82
MOVE B73 82
MOVE B74 122
MOVE B75 166
MOVE B78 82
MOVE B81 82
MOVE B82 82
MOVE B83 82
MOVE B84 82
MOVE B85 82
MOVE B86 82
MOVE B87 82
MOVE B88 82
MOVE B89 82
MOVE B90 82
MOVE B91 82
MOVE B97 175
MOVE B98 186
MOVE B99 186
MOVE B100 186
END TURN 244
TURN 245
COMMAND LEFT START
COMMAND LEFT END
COMMAND RIGHT START
TRAIN 1
COMMAND RIGHT END
TURN 245 RESULT
TIME LEFT 17 3 RIGHT 0 5
TRAIN B101
MOVE B67 92
MOVE B70 92
MOVE B73 92
MOVE B74 108
MOVE B75 151
MOVE B78 92
MOVE B81 92
MOVE B82 92
MOVE B83 92
MOVE B84 92
MOVE B85 92
MOVE B86 92
MOVE B87 92
MOVE B88 92
MOVE B89 92
MOVE B90 92
MOVE B91 92
MOVE B97 160
MOVE B98 175
MOVE B99 175
MOVE B100 175
END TURN 245
TURN 246
COMMAND LEFT START
UPGRADE 0
COMMAND LEFT END
COMMAND RIGHT START
MOVE B76 76
UPGRADE 76
COMMAND RIGHT END
TURN 246 RESULT
TIME LEFT 14 3 RIGHT 0 5
UPGRADE A 0
UPGRADE B 76
MOVE B67 93
MOVE B70 93
MOVE B73 93
MOVE B74 105
MOVE B75 122
MOVE B76 198
MOVE B78 93
MOVE B81 93
MOVE B82 93
MOVE B83 93
MOVE B84 93
MOVE B85 93
MOVE B86 93
MOVE B87 93
MOVE B88 93
MOVE B89 93
MOVE B90 93
MOVE B91 93
MOVE B97 154
MOVE B98 160
MOVE B99 160
MOVE B100 160
END TURN 246
TURN 247
COMMAND LEFT START
COMMAND LEFT END
COMMAND RIGHT START
TRAIN 1
COMMAND RIGHT END
TURN 247 RESULT
TIME LEFT 16 3 RIGHT 0 5
TRAIN B102
MOVE B67 101
MOVE B70 101
MOVE B73 101
MOVE B74 98
MOVE B75 108
MOVE B76 187
MOVE B78 101
MOVE B81 101
MOVE B82 101
MOVE B83 101
MOVE B84 101
MOVE B85 101
MOVE B86 101
MOVE B87 101
MOVE B88 101
MOVE B89 101
MOVE B90 101
MOVE B91 101
MOVE B97 131
MOVE B98 154
MOVE B99 154
MOVE B100 154
DAMAGE TURRET B67 1
DAMAGE COMBAT A63 8
DAMAGE COMBAT B67 1
SIEGE A 101 6
END TURN 247
TURN 248
COMMAND LEFT START
COMMAND LEFT END
COMMAND RIGHT START
MOVE B48 76
MOVE B102 131
COMMAND RIGHT END
TURN 248 RESULT
TIME LEFT 14 3 RIGHT 0 5
MOVE B48 120
MOVE B67 109
MOVE B70 109
MOVE B73 109
MOVE B74 86
MOVE B75 105
MOVE B76 170
MOVE B78 109
MOVE B81 109
MOVE B82 109
MOVE B83 109
MOVE B84 109
MOVE B85 109
MOVE B86 109
MOVE B87 109
MOVE B88 109
MOVE B89 109
MOVE B90 109
MOVE B91 109
MOVE B98 131
MOVE B99 131
MOVE B100 131
MOVE B102 197
END TURN 248
TURN 249
COMMAND LEFT START
COMMAND LEFT END
COMMAND RIGHT START
MOVE B100 101
COMMAND RIGHT END
TURN 249 RESULT
TIME LEFT 17 3 RIGHT 0 5
MOVE B48 110
MOVE B67 110
MOVE B70 110
MOVE B73 110
MOVE B75 98
MOVE B76 166
MOVE B78 110
MOVE B81 110
MOVE B82 110
MOVE B83 110
MOVE B84 110
MOVE B85 110
MOVE B86 110
MOVE B87 110
MOVE B88 110
MOVE B89 110
MOVE B90 110
MOVE B91 110
MOVE B100 120
MOVE B102 186
END TURN 249
TURN 250
COMMAND LEFT START
COMMAND LEFT END
COMMAND RIGHT START
TRAIN 1
COMMAND RIGHT END
TURN 250 RESULT
TIME LEFT 14 3 RIGHT 0 5
TRAIN B103
MOVE B48 109
MOVE B67 120
MOVE B70 120
MOVE B73 120
MOVE B75 86
MOVE B76 153
MOVE B78 120
MOVE B81 120
MOVE B82 120
MOVE B83 120
MOVE B84 120
MOVE B85 120
MOVE B86 120
MOVE B87 120
MOVE B88 120
MOVE B89 120
MOVE B90 120
MOVE B91 120
MOVE B100 110
MOVE B102 175
END TURN 250
TURN 251
COMMAND LEFT START
COMMAND LEFT END
COMMAND RIGHT START
MOVE B103 131
TRAIN 3
COMMAND RIGHT END
TURN 251 RESULT
TIME LEFT 17 3 RIGHT 0 5
TRAIN B104 B105 B106
MOVE B48 101
MOVE B67 131
MOVE B70 131
MOVE B73 131
MOVE B76 143
MOVE B78 131
MOVE B81 131
MOVE B82 131
MOVE B83 131
MOVE B84 131
MOVE B85 131
MOVE B86 131
MOVE B87 131
MOVE B88 131
MOVE B89 131
MOVE B90 131
MOVE B91 131
MOVE B100 109
MOVE B102 160
MOVE B103 197
END TURN 251
TURN 252
COMMAND LEFT START
COMMAND LEFT END
COMMAND RIGHT START
MOVE B99 71
MOVE B98 71
MOVE B97 71
MOVE B94 71
MOVE B91 71
MOVE B90 71
MOVE B89 71
MOVE B88 71
MOVE B87 71
MOVE B86 71
MOVE B85 71
MOVE B84 71
MOVE B83 71
MOVE B82 71
MOVE B81 71
MOVE B78 71
MOVE B73 71
MOVE B70 71
COMMAND RIGHT END
TURN 252 RESULT
TIME LEFT 14 3 RIGHT 0 5
MOVE B48 93
MOVE B70 120
MOVE B73 120
MOVE B76 119
MOVE B78 120
MOVE B81 120
MOVE B82 120
MOVE B83 120
MOVE B84 120
MOVE B85 120
MOVE B86 120
MOVE B87 120
MOVE B88 120
MOVE B89 120
MOVE B90 120
MOVE B91 120
MOVE B94 120
MOVE B97 120
MOVE B98 120
MOVE B99 120
MOVE B100 101
MOVE B102 154
MOVE B103 186
END TURN 252
TURN 253
COMMAND LEFT START
UPGRADE 0
COMMAND LEFT END
COMMAND RIGHT START
MOVE B106 38
MOVE B105 131
MOVE B104 131
UPGRADE 101
COMMAND RIGHT END
TURN 253 RESULT
TIME LEFT 17 3 RIGHT 0 5
UPGRADE A 0
UPGRADE B 101
MOVE B48 92
MOVE B70 110
MOVE B73 110
MOVE B76 112
MOVE B78 110
MOVE B81 110
MOVE B82 110
MOVE B83 110
MOVE B84 110
MOVE B85 110
MOVE B86 110
MOVE B87 110
MOVE B88 110
MOVE B89 110
MOVE B90 110
MOVE B91 110
MOVE B94 110
MOVE B97 110
MOVE B98 110
MOVE B99 110
MOVE B102 131
MOVE B103 175
MOVE B104 197
MOVE B105 197
MOVE B106 198
END TURN 253
TURN 254
COMMAND LEFT START
COMMAND LEFT END
COMMAND RIGHT START
UPGRADE 101
COMMAND RIGHT END
TURN 254 RESULT
TIME LEFT 14 3 RIGHT 0 5
UPGRADE B 101
MOVE B48 82
MOVE B70 109
MOVE B73 109
MOVE B76 99
MOVE B78 109
MOVE B81 109
MOVE B82 109
MOVE B83 109
MOVE B84 109
MOVE B85 109
MOVE B86 109
MOVE B87 109
MOVE B88 109
MOVE B89 109
MOVE B90 109
MOVE B91 109
MOVE B94 109
MOVE B97 109
MOVE B98 109
MOVE B99 109
MOVE B103 160
MOVE B104 186
MOVE B105 186
MOVE B106 187
END TURN 254
TURN 255
COMMAND LEFT START
COMMAND LEFT END
COMMAND RIGHT START
TRAIN 1
COMMAND RIGHT END
TURN 255 RESULT
TIME LEFT 17 3 RIGHT 0 5
TRAIN B107
MOVE B48 85
MOVE B70 101
MOVE B73 101
MOVE B76 87
MOVE B78 101
MOVE B81 101
MOVE B82 101
MOVE B83 101
MOVE B84 101
MOVE B85 101
MOVE B86 101
MOVE B87 101
MOVE B88 101
MOVE B89 101
MOVE B90 101
MOVE B91 101
MOVE B94 101
MOVE B97 101
MOVE B98 101
MOVE B99 101
MOVE B103 154
MOVE B104 175
MOVE B105 175
MOVE B106 172
END TURN 255
TURN 256
COMMAND LEFT START
COMMAND LEFT END
COMMAND RIGHT START
MOVE B77 101
UPGRADE 101
COMMAND RIGHT END
TURN 256 RESULT
TIME LEFT 14 3 RIGHT 0 5
UPGRADE B 101
MOVE B48 76
MOVE B70 93
MOVE B73 93
MOVE B76 76
MOVE B77 198
MOVE B78 93
MOVE B81 93
MOVE B82 93
MOVE B83 93
MOVE B84 93
MOVE B85 93
MOVE B86 93
MOVE B87 93
MOVE B88 93
MOVE B89 93
MOVE B90 93
MOVE B91 93
MOVE B94 93
MOVE B97 93
MOVE B98 93
MOVE B99 93
MOVE B103 131
MOVE B104 160
MOVE B105 160
MOVE B106 163
END TURN 256
TURN 257
COMMAND LEFT START
COMMAND LEFT END
COMMAND RIGHT START
MOVE B66 101
TRAIN 2
COMMAND RIGHT END
TURN 257 RESULT
TIME LEFT 17 3 RIGHT 0 5
TRAIN B108 B109
MOVE B66 120
MOVE B70 92
MOVE B73 92
MOVE B77 187
MOVE B78 92
MOVE B81 92
MOVE B82 92
MOVE B83 92
MOVE B84 92
MOVE B85 92
MOVE B86 92
MOVE B87 92
MOVE B88 92
MOVE B89 92
MOVE B90 92
MOVE B91 92
MOVE B94 92
MOVE B97 92
MOVE B98 92
MOVE B99 92
MOVE B104 154
MOVE B105 154
MOVE B106 149
END TURN 257
TURN 258
COMMAND LEFT START
UPGRADE 0
COMMAND LEFT END
COMMAND RIGHT START
MOVE B109 101
MOVE B108 101
TRAIN 3
COMMAND RIGHT END
TURN 258 RESULT
TIME LEFT 14 3 RIGHT 0 5
UPGRADE A 0
TRAIN B110 B111 B112
MOVE B66 110
MOVE B70 82
MOVE B73 82
MOVE B77 172
MOVE B78 82
MOVE B81 82
MOVE B82 82
MOVE B83 82
MOVE B84 82
MOVE B85 82
MOVE B86 82
MOVE B87 82
MOVE B88 82
MOVE B89 82
MOVE B90 82
MOVE B91 82
MOVE B94 82
MOVE B97 82
MOVE B98 82
MOVE B99 82
MOVE B104 131
MOVE B105 131
MOVE B106 140
MOVE B108 198
MOVE B109 198
END TURN 258
TURN 259
COMMAND LEFT START
COMMAND LEFT END
COMMAND RIGHT START
MOVE B112 101
MOVE B111 101
MOVE B110 101
MOVE B105 101
MOVE B104 101
TRAIN 3
COMMAND RIGHT END
TURN 259 RESULT
TIME LEFT 17 3 RIGHT 0 5
TRAIN B113 B114 B115
MOVE B66 109
MOVE B70 71
MOVE B73 71
MOVE B77 163
MOVE B78 71
MOVE B81 71
MOVE B82 71
MOVE B83 71
MOVE B84 71
MOVE B85 71
MOVE B86 71
MOVE B87 71
MOVE B88 71
MOVE B89 71
MOVE B90 71
MOVE B91 71
MOVE B94 71
MOVE B97 71
MOVE B98 71
MOVE B99 71
MOVE B104 120
MOVE B105 120
MOVE B106 127
MOVE B108 187
MOVE B109 187
MOVE B110 198
MOVE B111 198
MOVE B112 198
DAMAGE TURRET B70 1
DAMAGE COMBAT A7 5
DAMAGE COMBAT B70 1
SIEGE A 71 6
END TURN 259
TURN 260
COMMAND LEFT START
COMMAND LEFT END
COMMAND RIGHT START
MOVE B70 101
MOVE B73 101
MOVE B78 101
MOVE B81 101
MOVE B82 101
MOVE B83 101
MOVE B84 101
MOVE B85 101
MOVE B86 101
MOVE B87 101
MOVE B88 101
MOVE B89 101
MOVE B90 101
MOVE B91 101
MOVE B94 101
MOVE B97 101
MOVE B98 101
MOVE B115 101
MOVE B114 101
MOVE B113 101
UPGRADE 71
TRAIN 3
COMMAND RIGHT END
TURN 260 RESULT
TIME LEFT 14 3 RIGHT 0 5
UPGRADE B 71
TRAIN B116 B117 B118
MOVE B66 101
MOVE B70 82
MOVE B73 82
MOVE B77 149
MOVE B78 82
MOVE B81 82
MOVE B82 82
MOVE B83 82
MOVE B84 82
MOVE B85 82
MOVE B86 82
MOVE B87 82
MOVE B88 82
MOVE B89 82
MOVE B90 82
MOVE B91 82
MOVE B94 82
MOVE B97 82
MOVE B98 82
MOVE B104 110
MOVE B105 110
MOVE B106 101
MOVE B108 172
MOVE B109 172
MOVE B110 187
MOVE B111 187
MOVE B112 187
MOVE B113 198
MOVE B114 198
MOVE B115 198
END TURN 260
TURN 261
COMMAND LEFT START
COMMAND LEFT END
COMMAND RIGHT START
MOVE B118 101
MOVE B117 101
MOVE B116 101
UPGRADE 71
COMMAND RIGHT END
TURN 261 RESULT
TIME LEFT 17 3 RIGHT 0 5
UPGRADE B 71
MOVE B70 92
MOVE B73 92
MOVE B77 140
MOVE B78 92
MOVE B81 92
MOVE B82 92
MOVE B83 92
MOVE B84 92
MOVE B85 92
MOVE B86 92
MOVE B87 92
MOVE B88 92
MOVE B89 92
MOVE B90 92
MOVE B91 92
MOVE B94 92
MOVE B97 92
MOVE B98 92
MOVE B104 109
MOVE B105 109
MOVE B106 75
MOVE B108 163
MOVE B109 163
MOVE B110 172
MOVE B111 172
MOVE B112 172
MOVE B113 187
MOVE B114 187
MOVE B115 187
MOVE B116 198
MOVE B117 198
MOVE B118 198
END TURN 261
TURN 262
COMMAND LEFT START
COMMAND LEFT END
COMMAND RIGHT START
TRAIN 1
COMMAND RIGHT END
TURN 262 RESULT
TIME LEFT 14 3 RIGHT 0 5
TRAIN B119
MOVE B70 93
MOVE B73 93
MOVE B77 127
MOVE B78 93
MOVE B81 93
MOVE B82 93
MOVE B83 93
MOVE B84 93
MOVE B85 93
MOVE B86 93
MOVE B87 93
MOVE B88 93
MOVE B89 93
MOVE B90 93
MOVE B91 93
MOVE B94 93
MOVE B97 93
MOVE B98 93
MOVE B104 101
MOVE B105 101
MOVE B106 62
MOVE B108 149
MOVE B109 149
MOVE B110 163
MOVE B111 163
MOVE B112 163
MOVE B113 172
MOVE B114 172
MOVE B115 172
MOVE B116 187
MOVE B117 187
MOVE B118 187
END TURN 262
TURN 263
COMMAND LEFT START
COMMAND LEFT END
COMMAND RIGHT START
MOVE B66 71
MOVE B119 101
UPGRADE 71
COMMAND RIGHT END
TURN 263 RESULT
TIME LEFT 17 3 RIGHT 0 5
UPGRADE B 71
MOVE B66 93
MOVE B70 101
MOVE B73 101
MOVE B77 101
MOVE B78 101
MOVE B81 101
MOVE B82 101
MOVE B83 101
MOVE B84 101
MOVE B85 101
MOVE B86 101
MOVE B87 101
MOVE B88 101
MOVE B89 101
MOVE B90 101
MOVE B91 101
MOVE B94 101
MOVE B97 101
MOVE B98 101
MOVE B106 53
MOVE B108 140
MOVE B109 140
MOVE B110 149
MOVE B111 149
MOVE B112 149
MOVE B113 163
MOVE B114 163
MOVE B115 163
MOVE B116 172
MOVE B117 172
MOVE B118 172
MOVE B119 198
END TURN 263
TURN 264
COMMAND LEFT START
COMMAND LEFT END
COMMAND RIGHT START
MOVE B70 71
MOVE B105 36
COMMAND RIGHT END
TURN 264 RESULT
TIME LEFT 14 3 RIGHT 1 5
MOVE B66 92
MOVE B70 93
MOVE B105 73
MOVE B106 46
MOVE B108 127
MOVE B109 127
MOVE B110 140
MOVE B111 140
MOVE B112 140
MOVE B113 149
MOVE B114 149
MOVE B115 149
MOVE B116 163
MOVE B117 163
MOVE B118 163
MOVE B119 187
END TURN 264
TURN 265
COMMAND LEFT START
COMMAND LEFT END
COMMAND RIGHT START
TRAIN 2
COMMAND RIGHT END
TURN 265 RESULT
TIME LEFT 17 3 RIGHT 0 5
TRAIN B120 B121
MOVE B66 82
MOVE B70 92
MOVE B105 63
MOVE B106 38
MOVE B108 101
MOVE B109 101
MOVE B110 127
MOVE B111 127
MOVE B112 127
MOVE B113 140
MOVE B114 140
MOVE B115 140
MOVE B116 149
MOVE B117 149
MOVE B118 149
MOVE B119 172
DAMAGE TURRET B106 1
DAMAGE COMBAT A4 1
DAMAGE COMBAT B106 1
END TURN 265
TURN 266
COMMAND LEFT START
COMMAND LEFT END
COMMAND RIGHT START
MOVE B109 41
MOVE B121 101
MOVE B120 101
TRAIN 3
COMMAND RIGHT END
TURN 266 RESULT
TIME LEFT 14 3 RIGHT 0 5
TRAIN B122 B123 B124
MOVE B66 71
MOVE B70 82
MOVE B105 49
MOVE B109 93
MOVE B110 101
MOVE B111 101
MOVE B112 101
MOVE B113 127
MOVE B114 127
MOVE B115 127
MOVE B116 140
MOVE B117 140
MOVE B118 140
MOVE B119 163
MOVE B120 198
MOVE B121 198
DAMAGE TURRET B106 1
DAMAGE COMBAT A4 1
DAMAGE COMBAT B106 1
END TURN 266
TURN 267
COMMAND LEFT START
COMMAND LEFT END
COMMAND RIGHT START
MOVE B124 101
MOVE B123 101
MOVE B122 101
TRAIN 3
COMMAND RIGHT END
TURN 267 RESULT
TIME LEFT 17 3 RIGHT 0 5
TRAIN B125 B126 B127
MOVE B70 71
MOVE B105 36
MOVE B109 92
MOVE B113 101
MOVE B114 101
MOVE B115 101
MOVE B116 127
MOVE B117 127
MOVE B118 127
MOVE B119 149
MOVE B120 187
MOVE B121 187
MOVE B122 198
MOVE B123 198
MOVE B124 198
DAMAGE TURRET B105 1
DAMAGE TURRET B106 1
DAMAGE COMBAT A3 1
DAMAGE COMBAT A4 1
DAMAGE COMBAT B105 1
DAMAGE COMBAT B106 1
END TURN 267
TURN 268
COMMAND LEFT START
COMMAND LEFT END
COMMAND RIGHT START
MOVE B127 101
MOVE B126 101
MOVE B125 101
TRAIN 3
COMMAND RIGHT END
TURN 268 RESULT
TIME LEFT 14 3 RIGHT 0 5
TRAIN B128 B129 B130
MOVE B109 82
MOVE B116 101
MOVE B117 101
MOVE B118 101
MOVE B119 140
MOVE B120 172
MOVE B121 172
MOVE B122 187
MOVE B123 187
MOVE B124 187
MOVE B125 198
MOVE B126 198
MOVE B127 198
DAMAGE TURRET B105 1
DAMAGE TURRET B106 1
DAMAGE COMBAT A3 1
DAMAGE COMBAT A4 1
DAMAGE COMBAT B105 1
DAMAGE COMBAT B106 1
END TURN 268
TURN 269
COMMAND LEFT START
COMMAND LEFT END
COMMAND RIGHT START
MOVE B130 101
MOVE B129 101
MOVE B128 101
TRAIN 3
COMMAND RIGHT END
TURN 269 RESULT
TIME LEFT 17 3 RIGHT 0 5
TRAIN B131 B132 B133
MOVE B109 71
MOVE B119 127
MOVE B120 163
MOVE B121 163
MOVE B122 172
MOVE B123 172
MOVE B124 172
MOVE B125 187
MOVE B126 187
MOVE B127 187
MOVE B128 198
MOVE B129 198
MOVE B130 198
DAMAGE TURRET B105 1
DAMAGE COMBAT A3 1
DAMAGE COMBAT B105 1
END TURN 269
TURN 270
COMMAND LEFT START
COMMAND LEFT END
COMMAND RIGHT START
MOVE B133 101
MOVE B132 101
MOVE B131 101
TRAIN 3
COMMAND RIGHT END
TURN 270 RESULT
TIME LEFT 14 3 RIGHT 0 5
TRAIN B134 B135 B136
MOVE B109 66
MOVE B119 101
MOVE B120 149
MOVE B121 149
MOVE B122 163
MOVE B123 163
MOVE B124 163
MOVE B125 172
MOVE B126 172
MOVE B127 172
MOVE B128 187
MOVE B129 187
MOVE B130 187
MOVE B131 198
MOVE B132 198
MOVE B133 198
DAMAGE TURRET B105 1
DAMAGE COMBAT A3 1
DAMAGE COMBAT B105 1
END TURN 270
TURN 271
COMMAND LEFT START
UPGRADE 0
COMMAND LEFT END
COMMAND RIGHT START
MOVE B136 101
MOVE B135 101
MOVE B134 101
TRAIN 3
COMMAND RIGHT END
TURN 271 RESULT
TIME LEFT 17 3 RIGHT 1 5
UPGRADE A 0
TRAIN B137 B138 B139
MOVE B109 61
MOVE B120 140
MOVE B121 140
MOVE B122 149
MOVE B123 149
MOVE B124 149
MOVE B125 163
MOVE B126 163
MOVE B127 163
MOVE B128 172
MOVE B129 172
MOVE B130 172
MOVE B131 187
MOVE B132 187
MOVE B133 187
MOVE B134 198
MOVE B135 198
MOVE B136 198
END TURN 271
TURN 272
COMMAND LEFT START
COMMAND LEFT END
COMMAND RIGHT START
MOVE B119 38
MOVE B139 101
MOVE B138 101
MOVE B137 101
TRAIN 1
COMMAND RIGHT END
TURN 272 RESULT
TIME LEFT 14 3 RIGHT 1 5
TRAIN B140
MOVE B109 47
MOVE B119 75
MOVE B120 127
MOVE B121 127
MOVE B122 140
MOVE B123 140
MOVE B124 140
MOVE B125 149
MOVE B126 149
MOVE B127 149
MOVE B128 163
MOVE B129 163
MOVE B130 163
MOVE B131 172
MOVE B132 172
MOVE B133 172
MOVE B134 187
MOVE B135 187
MOVE B136 187
MOVE B137 198
MOVE B138 198
MOVE B139 198
END TURN 272
TURN 273
COMMAND LEFT START
COMMAND LEFT END
COMMAND RIGHT START
MOVE B140 101
TRAIN 3
COMMAND RIGHT END
TURN 273 RESULT
TIME LEFT 17 3 RIGHT 0 5
TRAIN B141 B142 B143
MOVE B109 41
MOVE B119 62
MOVE B120 101
MOVE B121 101
MOVE B122 127
MOVE B123 127
MOVE B124 127
MOVE B125 140
MOVE B126 140
MOVE B127 140
MOVE B128 149
MOVE B129 149
MOVE B130 149
MOVE B131 163
MOVE B132 163
MOVE B133 163
MOVE B134 172
MOVE B135 172
MOVE B136 172
MOVE B137 187
MOVE B138 187
MOVE B139 187
MOVE B140 198
DAMAGE TURRET B109 1
DAMAGE COMBAT A5 1
DAMAGE COMBAT B109 1
END TURN 273
TURN 274
COMMAND LEFT START
COMMAND LEFT END
COMMAND RIGHT START
MOVE B143 101
MOVE B142 101
MOVE B141 101
TRAIN 3
COMMAND RIGHT END
TURN 274 RESULT
TIME LEFT 14 3 RIGHT 1 5
TRAIN B144 B145 B146
MOVE B119 53
MOVE B122 101
MOVE B123 101
MOVE B124 101
MOVE B125 127
MOVE B126 127
MOVE B127 127
MOVE B128 140
MOVE B129 140
MOVE B130 140
MOVE B131 149
MOVE B132 149
MOVE B133 149
MOVE B134 163
MOVE B135 163
MOVE B136 163
MOVE B137 172
MOVE B138 172
MOVE B139 172
MOVE B140 187
MOVE B141 198
MOVE B142 198
MOVE B143 198
DAMAGE TURRET B109 1
DAMAGE COMBAT A5 1
DAMAGE COMBAT B109 1
END TURN 274
TURN 275
COMMAND LEFT START
COMMAND LEFT END
COMMAND RIGHT START
MOVE B124 36
MOVE B146 101
MOVE B145 101
MOVE B144 101
TRAIN 3
COMMAND RIGHT END
TURN 275 RESULT
TIME LEFT 17 3 RIGHT 1 5
TRAIN B147 B148 B149
MOVE B119 46
MOVE B124 73
MOVE B125 101
MOVE B126 101
MOVE B127 101
MOVE B128 127
MOVE B129 127
MOVE B130 127
MOVE B131 140
MOVE B132 140
MOVE B133 140
MOVE B134 149
MOVE B135 149
MOVE B136 149
MOVE B137 163
MOVE B138 163
MOVE B139 163
MOVE B140 172
MOVE B141 187
MOVE B142 187
MOVE B143 187
MOVE B144 198
MOVE B145 198
MOVE B146 198
DAMAGE TURRET B109 1
DAMAGE COMBAT A5 1
DAMAGE COMBAT B109 1
END TURN 275
TURN 276
COMMAND LEFT START
COMMAND LEFT END
COMMAND RIGHT START
MOVE B127 0
MOVE B126 0
MOVE B125 0
MOVE B123 0
MOVE B122 0
MOVE B121 0
MOVE B120 0
MOVE B118 0
MOVE B117 0
MOVE B116 0
MOVE B115 0
MOVE B114 0
MOVE B113 0
MOVE B112 0
MOVE B111 0
MOVE B110 0
MOVE B108 0
MOVE B104 0
MOVE B100 0
MOVE B98 0
MOVE B97 0
MOVE B94 0
MOVE B91 0
MOVE B90 0
MOVE B89 0
MOVE B88 0
MOVE B87 0
MOVE B86 0
MOVE B85 0
MOVE B84 0
MOVE B83 0
MOVE B82 0
MOVE B81 0
MOVE B78 0
COMMAND RIGHT END
TURN 276 RESULT
TIME LEFT 14 3 RIGHT 1 5
MOVE B78 75
MOVE B81 75
MOVE B82 75
MOVE B83 75
MOVE B84 75
MOVE B85 75
MOVE B86 75
MOVE B87 75
MOVE B88 75
MOVE B89 75
MOVE B90 75
MOVE B91 75
MOVE B94 75
MOVE B97 75
MOVE B98 75
MOVE B100 75
MOVE B104 75
MOVE B108 75
MOVE B110 75
MOVE B111 75
MOVE B112 75
MOVE B113 75
MOVE B114 75
MOVE B115 75
MOVE B116 75
MOVE B117 75
MOVE B118 75
MOVE B119 38
MOVE B120 75
MOVE B121 75
MOVE B122 75
MOVE B123 75
MOVE B124 63
MOVE B125 75
MOVE B126 75
MOVE B127 75
MOVE B128 101
MOVE B129 101
MOVE B130 101
MOVE B131 127
MOVE B132 127
MOVE B133 127
MOVE B134 140
MOVE B135 140
MOVE B136 140
MOVE B137 149
MOVE B138 149
MOVE B139 149
MOVE B140 163
MOVE B141 172
MOVE B142 172
MOVE B143 172
MOVE B144 187
MOVE B145 187
MOVE B146 187
DAMAGE TURRET B109 1
DAMAGE TURRET B119 1
DAMAGE COMBAT A5 1
DAMAGE COMBAT B109 1
SIEGE A 38 1
END TURN 276
TURN 277
COMMAND LEFT START
COMMAND LEFT END
COMMAND RIGHT START
MOVE B130 41
TRAIN 3
COMMAND RIGHT END
TURN 277 RESULT
TIME LEFT 16 3 RIGHT 0 5
TRAIN B150 B151 B152
MOVE B78 62
MOVE B81 62
MOVE B82 62
MOVE B83 62
MOVE B84 62
MOVE B85 62
MOVE B86 62
MOVE B87 62
MOVE B88 62
MOVE B89 62
MOVE B90 62
MOVE B91 62
MOVE B94 62
MOVE B97 62
MOVE B98 62
MOVE B100 62
MOVE B104 62
MOVE B108 62
MOVE B110 62
MOVE B111 62
MOVE B112 62
MOVE B113 62
MOVE B114 62
MOVE B115 62
MOVE B116 62
MOVE B117 62
MOVE B118 62
MOVE B120 62
MOVE B121 62
MOVE B122 62
MOVE B123 62
MOVE B124 49
MOVE B125 62
MOVE B126 62
MOVE B127 62
MOVE B130 93
MOVE B131 101
MOVE B132 101
MOVE B133 101
MOVE B134 127
MOVE B135 127
MOVE B136 127
MOVE B137 140
MOVE B138 140
MOVE B139 140
MOVE B140 149
MOVE B141 163
MOVE B142 163
MOVE B143 163
MOVE B144 172
MOVE B145 172
MOVE B146 172
DAMAGE TURRET B119 1
SIEGE A 38 1
END TURN 277
TURN 278
COMMAND LEFT START
TRAIN 2
COMMAND LEFT END
COMMAND RIGHT START
TRAIN 3
COMMAND RIGHT END
TURN 278 RESULT
TIME LEFT 14 3 RIGHT 0 5
TRAIN A64 A65 B153 B154 B155
MOVE B78 53
MOVE B81 53
MOVE B82 53
MOVE B83 53
MOVE B84 53
MOVE B85 53
MOVE B86 53
MOVE B87 53
MOVE B88 53
MOVE B89 53
MOVE B90 53
MOVE B91 53
MOVE B94 53
MOVE B97 53
MOVE B98 53
MOVE B100 53
MOVE B104 53
MOVE B108 53
MOVE B110 53
MOVE B111 53
MOVE B112 53
MOVE B113 53
MOVE B114 53
MOVE B115 53
MOVE B116 53
MOVE B117 53
MOVE B118 53
MOVE B120 53
MOVE B121 53
MOVE B122 53
MOVE B123 53
MOVE B124 36
MOVE B125 53
MOVE B126 53
MOVE B127 53
MOVE B130 92
MOVE B134 101
MOVE B135 101
MOVE B136 101
MOVE B137 127
MOVE B138 127
MOVE B139 127
MOVE B140 140
MOVE B141 149
MOVE B142 149
MOVE B143 149
MOVE B144 163
MOVE B145 163
MOVE B146 163
DAMAGE TURRET B119 1
DAMAGE TURRET B124 1
SIEGE A 36 1
SIEGE A 38 1
END TURN 278
TURN 279
COMMAND LEFT START
COMMAND LEFT END
COMMAND RIGHT START
TRAIN 3
COMMAND RIGHT END
TURN 279 RESULT
TIME LEFT 17 3 RIGHT 0 5
TRAIN B156 B157 B158
MOVE B78 39
MOVE B81 39
MOVE B82 39
MOVE B83 39
MOVE B84 39
MOVE B85 39
MOVE B86 39
MOVE B87 39
MOVE B88 39
MOVE B89 39
MOVE B90 39
MOVE B91 39
MOVE B94 39
MOVE B97 39
MOVE B98 39
MOVE B100 39
MOVE B104 39
MOVE B108 39
MOVE B110 39
MOVE B111 39
MOVE B112 39
MOVE B113 39
MOVE B114 39
MOVE B115 39
MOVE B116 39
MOVE B117 39
MOVE B118 39
MOVE B120 39
MOVE B121 39
MOVE B122 39
MOVE B123 39
MOVE B125 39
MOVE B126 39
MOVE B127 39
MOVE B130 82
MOVE B137 101
MOVE B138 101
MOVE B139 101
MOVE B140 127
MOVE B141 140
MOVE B142 140
MOVE B143 140
MOVE B144 149
MOVE B145 149
MOVE B146 149
DAMAGE TURRET B119 1
DAMAGE TURRET B124 1
SIEGE A 36 1
SIEGE A 38 1
END TURN 279
TURN 280
COMMAND LEFT START
TRAIN 1
COMMAND LEFT END
COMMAND RIGHT START
TRAIN 3
COMMAND RIGHT END
TURN 280 RESULT
TIME LEFT 14 3 RIGHT 0 5
TRAIN A66 B159 B160 B161
MOVE B78 30
MOVE B81 30
MOVE B82 30
MOVE B83 30
MOVE B84 30
MOVE B85 30
MOVE B86 30
MOVE B87 30
MOVE B88 30
MOVE B89 30
MOVE B90 30
MOVE B91 30
MOVE B94 30
MOVE B97 30
MOVE B98 30
MOVE B100 30
MOVE B104 30
MOVE B108 30
MOVE B110 30
MOVE B111 30
MOVE B112 30
MOVE B113 30
MOVE B114 30
MOVE B115 30
MOVE B116 30
MOVE B117 30
MOVE B118 30
MOVE B120 30
MOVE B121 30
MOVE B122 30
MOVE B123 30
MOVE B125 30
MOVE B126 30
MOVE B127 30
MOVE B130 71
MOVE B140 101
MOVE B141 127
MOVE B142 127
MOVE B143 127
MOVE B144 140
MOVE B145 140
MOVE B146 140
DAMAGE TURRET B119 1
DAMAGE TURRET B124 1
SIEGE A 36 1
SIEGE A 38 1
END TURN 280
TURN 281
COMMAND LEFT START
COMMAND LEFT END
COMMAND RIGHT START
TRAIN 3
COMMAND RIGHT END
TURN 281 RESULT
TIME LEFT 14 3 RIGHT 0 5
TRAIN B162 B163 B164
MOVE B78 15
MOVE B81 15
MOVE B82 15
MOVE B83 15
MOVE B84 15
MOVE B85 15
MOVE B86 15
MOVE B87 15
MOVE B88 15
MOVE B89 15
MOVE B90 15
MOVE B91 15
MOVE B94 15
MOVE B97 15
MOVE B98 15
MOVE B100 15
MOVE B104 15
MOVE B108 15
MOVE B110 15
MOVE B111 15
MOVE B112 15
MOVE B113 15
MOVE B114 15
MOVE B115 15
MOVE B116 15
MOVE B117 15
MOVE B118 15
MOVE B120 15
MOVE B121 15
MOVE B122 15
MOVE B123 15
MOVE B125 15
MOVE B126 15
MOVE B127 15
MOVE B130 66
MOVE B141 101
MOVE B142 101
MOVE B143 101
MOVE B144 127
MOVE B145 127
MOVE B146 127
DAMAGE TURRET B119 1
DAMAGE TURRET B124 1
SIEGE A 36 1
SIEGE A 38 1
END TURN 281
TURN 282
COMMAND LEFT START
COMMAND LEFT END
COMMAND RIGHT START
UPGRADE 38
TRAIN 3
COMMAND RIGHT END
TURN 282 RESULT
TIME LEFT 14 3 RIGHT 0 5
UPGRADE B 38
TRAIN B165 B166 B167
MOVE B78 4
MOVE B81 4
MOVE B82 4
MOVE B83 4
MOVE B84 4
MOVE B85 4
MOVE B86 4
MOVE B87 4
MOVE B88 4
MOVE B89 4
MOVE B90 4
MOVE B91 4
MOVE B94 4
MOVE B97 4
MOVE B98 4
MOVE B100 4
MOVE B104 4
MOVE B108 4
MOVE B110 4
MOVE B111 4
MOVE B112 4
MOVE B113 4
MOVE B114 4
MOVE B115 4
MOVE B116 4
MOVE B117 4
MOVE B118 4
MOVE B120 4
MOVE B121 4
MOVE B122 4
MOVE B123 4
MOVE B125 4
MOVE B126 4
MOVE B127 4
MOVE B130 61
MOVE B144 101
MOVE B145 101
MOVE B146 101
DAMAGE TURRET B124 1
SIEGE A 36 1
END TURN 282
TURN 283
COMMAND LEFT START
TRAIN 1
COMMAND LEFT END
COMMAND RIGHT START
MOVE B146 10
MOVE B145 10
MOVE B144 10
MOVE B143 10
MOVE B142 10
MOVE B141 10
MOVE B140 10
MOVE B139 10
MOVE B138 10
MOVE B137 10
MOVE B136 10
MOVE B135 10
MOVE B134 10
MOVE B133 10
MOVE B132 10
MOVE B131 10
MOVE B129 10
MOVE B128 10
COMMAND RIGHT END
TURN 283 RESULT
TIME LEFT 14 3 RIGHT 0 5
TRAIN A67
MOVE B78 0
MOVE B81 0
MOVE B82 0
MOVE B83 0
MOVE B84 0
MOVE B85 0
MOVE B86 0
MOVE B87 0
MOVE B88 0
MOVE B89 0
MOVE B90 0
MOVE B91 0
MOVE B94 0
MOVE B97 0
MOVE B98 0
MOVE B100 0
MOVE B104 0
MOVE B108 0
MOVE B110 0
MOVE B111 0
MOVE B112 0
MOVE B113 0
MOVE B114 0
MOVE B115 0
MOVE B116 0
MOVE B117 0
MOVE B118 0
MOVE B120 0
MOVE B121 0
MOVE B122 0
MOVE B123 0
MOVE B125 0
MOVE B126 0
MOVE B127 0
MOVE B128 75
MOVE B129 75
MOVE B130 47
MOVE B131 75
MOVE B132 75
MOVE B133 75
MOVE B134 75
MOVE B135 75
MOVE B136 75
MOVE B137 75
MOVE B138 75
MOVE B139 75
MOVE B140 75
MOVE B141 75
MOVE B142 75
MOVE B143 75
MOVE B144 75
MOVE B145 75
MOVE B146 75
DAMAGE TURRET B78 3
DAMAGE TURRET B124 1
DAMAGE COMBAT A1 4
DAMAGE COMBAT A23 5
DAMAGE COMBAT A61 8
DAMAGE COMBAT A62 8
DAMAGE COMBAT A64 8
DAMAGE COMBAT A65 1
DAMAGE COMBAT B78 4
DAMAGE COMBAT B81 4
SIEGE A 36 1
END TURN 283
TURN 284
COMMAND LEFT START
TRAIN 2
COMMAND LEFT END
COMMAND RIGHT START
MOVE B93 101
MOVE B167 101
MOVE B166 101
MOVE B165 101
MOVE B164 101
MOVE B163 101
MOVE B162 101
MOVE B161 101
MOVE B160 101
UPGRADE 36
UPGRADE 38
COMMAND RIGHT END
TURN 284 RESULT
TIME LEFT 14 3 RIGHT 0 5
UPGRADE B 36
UPGRADE B 38
TRAIN A68 A69
MOVE B93 198
MOVE B128 62
MOVE B129 62
MOVE B130 41
MOVE B131 62
MOVE B132 62
MOVE B133 62
MOVE B134 62
MOVE B135 62
MOVE B136 62
MOVE B137 62
MOVE B138 62
MOVE B139 62
MOVE B140 62
MOVE B141 62
MOVE B142 62
MOVE B143 62
MOVE B144 62
MOVE B145 62
MOVE B146 62
MOVE B160 198
MOVE B161 198
MOVE B162 198
MOVE B163 198
MOVE B164 198
MOVE B165 198
MOVE B166 198
MOVE B167 198
DAMAGE TURRET B81 3
DAMAGE TURRET B130 1
DAMAGE COMBAT A65 7
DAMAGE COMBAT A66 8
DAMAGE COMBAT A67 8
DAMAGE COMBAT A68 8
DAMAGE COMBAT A69 2
DAMAGE COMBAT B82 5
SIEGE A 41 1
END TURN 284
TURN 285
COMMAND LEFT START
MOVE A2 0
TRAIN 2
COMMAND LEFT END
COMMAND RIGHT START
MOVE B95 38
MOVE B159 101
MOVE B158 101
UPGRADE 36
COMMAND RIGHT END
TURN 285 RESULT
TIME LEFT 14 3 RIGHT 0 5
UPGRADE B 36
TRAIN A70 A71
MOVE A2 5
MOVE B93 187
MOVE B95 198
MOVE B128 53
MOVE B129 53
MOVE B131 53
MOVE B132 53
MOVE B133 53
MOVE B134 53
MOVE B135 53
MOVE B136 53
MOVE B137 53
MOVE B138 53
MOVE B139 53
MOVE B140 53
MOVE B141 53
MOVE B142 53
MOVE B143 53
MOVE B144 53
MOVE B145 53
MOVE B146 53
MOVE B158 198
MOVE B159 198
MOVE B160 187
MOVE B161 187
MOVE B162 187
MOVE B163 187
MOVE B164 187
MOVE B165 187
MOVE B166 187
MOVE B167 187
DAMAGE TURRET B82 2
DAMAGE TURRET B83 1
DAMAGE TURRET B130 1
DAMAGE COMBAT A69 6
DAMAGE COMBAT A70 8
DAMAGE COMBAT A71 8
DAMAGE COMBAT B83 3
SIEGE A 0 10
SIEGE A 41 1
END TURN 285
TURN 286
COMMAND LEFT START
TRAIN 2
COMMAND LEFT END
COMMAND RIGHT START
MOVE B96 36
UPGRADE 38
COMMAND RIGHT END
TURN 286 RESULT
TIME LEFT 14 3 RIGHT 0 5
UPGRADE B 38
TRAIN A72 A73
MOVE A2 0
MOVE B93 172
MOVE B95 187
MOVE B96 198
MOVE B128 46
MOVE B129 46
MOVE B131 46
MOVE B132 46
MOVE B133 46
MOVE B134 46
MOVE B135 46
MOVE B136 46
MOVE B137 46
MOVE B138 46
MOVE B139 46
MOVE B140 46
MOVE B141 46
MOVE B142 46
MOVE B143 46
MOVE B144 46
MOVE B145 46
MOVE B146 46
MOVE B158 187
MOVE B159 187
MOVE B160 172
MOVE B161 172
MOVE B162 172
MOVE B163 172
MOVE B164 172
MOVE B165 172
MOVE B166 172
MOVE B167 172
DAMAGE TURRET B83 3
DAMAGE TURRET B130 1
DAMAGE COMBAT A2 4
DAMAGE COMBAT A72 8
DAMAGE COMBAT A73 8
DAMAGE COMBAT B84 3
SIEGE A 0 11
SIEGE A 41 1
END TURN 286
TURN 287
COMMAND LEFT START
COMMAND LEFT END
COMMAND RIGHT START
MOVE B101 38
UPGRADE 36
COMMAND RIGHT END
TURN 287 RESULT
TIME LEFT 16 3 RIGHT 0 5
UPGRADE B 36
MOVE B93 163
MOVE B95 172
MOVE B96 187
MOVE B101 198
MOVE B128 38
MOVE B129 38
MOVE B131 38
MOVE B132 38
MOVE B133 38
MOVE B134 38
MOVE B135 38
MOVE B136 38
MOVE B137 38
MOVE B138 38
MOVE B139 38
MOVE B140 38
MOVE B141 38
MOVE B142 38
MOVE B143 38
MOVE B144 38
MOVE B145 38
MOVE B146 38
MOVE B158 172
MOVE B159 172
MOVE B160 163
MOVE B161 163
MOVE B162 163
MOVE B163 163
MOVE B164 163
MOVE B165 163
MOVE B166 163
MOVE B167 163
DAMAGE TURRET B84 3
DAMAGE TURRET B130 1
SIEGE A 0 9
SIEGE A 41 1
END TURN 287
RESULT RIGHT_WIN HQ_DESTROYED
