[LEFT ""]
[RIGHT ""]
MAP
207 17
-11152 -10943 -10759 -10217 -9611 -9798 -9759 -9058 -9607 -8300 -8877 -8381 -8346 -8805 -9078 -7658 -7435 -7266 -7401 -8222 -8048 -7110 -7278 -7225 -6872 -7081 -6760 -6824 -6532 -6722 -6145 -6606 -6019 -6088 -5882 -5880 -5694 -6510 -5869 -5533 -6174 -5143 -4870 -4790 -4834 -4900 -4989 -4743 -4791 -4665 -4626 -4549 -4441 -4631 -3988 -4318 -4196 -3787 -3705 -3783 -3581 -3560 -3455 -3393 -3522 -3477 -3144 -2724 -2693 -2530 -2706 -2697 -2459 -2467 -2460 -2520 -2452 -2465 -2510 -2334 -1675 -1586 -1822 -1604 -1688 -1182 -1365 -1562 -987 -1032 -1049 -670 -1174 -1204 -892 -864 -1002 -514 -470 -14 -237 -139 425 0 -425 139 237 14 470 514 1002 864 892 1204 1174 670 1049 1032 987 1562 1365 1182 1688 1604 1822 1586 1675 2334 2510 2465 2452 2520 2460 2467 2459 2697 2706 2530 2693 2724 3144 3477 3522 3393 3455 3560 3581 3783 3705 3787 4196 4318 3988 4631 4441 4549 4626 4665 4791 4743 4989 4900 4834 4790 4870 5143 6174 5533 5869 6510 5694 5880 5882 6088 6019 6606 6145 6722 6532 6824 6760 7081 6872 7225 7278 7110 8048 8222 7401 7266 7435 7658 9078 8805 8346 8381 8877 8300 9607 9058 9759 9798 9611 10217 10759 10943 11152
-2015 1000 3304 -3708 2170 -1000 4306 50 5581 -1638 -4115 2410 1292 6410 -5809 4212 605 3012 1863 7617 -7008 5006 -658 -3090 -5165 -2013 5774 -4134 1600 7694 -2796 -7265 -936 4065 5889 -4960 1612 -9010 276 -2015 8974 -3968 5063 -5219 152 6334 3215 7345 1622 -3026 -7723 -6419 -1855 10062 2455 -861 -10190 6262 134 1248 -7576 -5719 7777 -1524 4057 -3260 9229 1367 -7920 -315 7045 -5263 -1901 -3930 -6650 4894 5829 2824 10342 -9204 3881 -5490 7884 6660 2041 8659 -2448 -10034 -7923 1149 -6943 7591 49 10988 -3483 -1200 5382 2437 -5757 4792 6688 3868 10675 0 -10675 -3868 -6688 -4792 5757 -2437 -5382 1200 3483 -10988 -49 -7591 6943 -1149 7923 10034 2448 -8659 -2041 -6660 -7884 5490 -3881 9204 -10342 -2824 -5829 -4894 6650 3930 1901 5263 -7045 315 7920 -1367 -9229 3260 -4057 1524 -7777 5719 7576 -1248 -134 -6262 10190 861 -2455 -10062 1855 6419 7723 3026 -1622 -7345 -3215 -6334 -152 5219 -5063 3968 -8974 2015 -276 9010 -1612 4960 -5889 -4065 936 7265 2796 -7694 -1600 4134 -5774 2013 5165 3090 658 -5006 7008 -7617 -1863 -3012 -605 -4212 5809 -6410 -1292 -2410 4115 1638 -5581 -50 -4306 1000 -2170 3708 -3304 -1000 2015
STRONGHOLDS 31 40 48 67 82 86 90 102 103 104 116 120 124 139 158 166 175
3 1 3 5
5 0 2 4 5 7
4 1 4 6 8
5 0 5 9 10 14
6 1 2 6 7 11 12
5 0 1 3 7 9
5 2 4 8 11 15
7 1 4 5 9 12 16 22
4 2 6 13 15
7 3 5 7 10 22 23 25
6 3 9 14 23 24 27
6 4 6 12 15 17 18
5 4 7 11 16 18
5 8 15 19 21 26
4 3 10 20 24
7 6 8 11 13 17 21 33
6 7 12 18 22 28 38
7 11 15 18 28 33 36 46
5 11 12 16 17 28
4 13 26 29 40
4 14 24 31 37
5 13 15 26 33 34
6 7 9 16 25 32 38
5 9 10 25 27 30
6 10 14 20 27 31 35
6 9 22 23 30 32 39
5 13 19 21 29 34
6 10 23 24 30 35 41
5 16 17 18 36 38
5 19 26 34 40 47
6 23 25 27 39 41 49
6 20 24 35 37 50 51
6 22 25 38 39 44 55
6 15 17 21 34 42 46
7 21 26 29 33 42 45 47
6 24 27 31 41 43 51
6 17 28 38 44 46 48
4 20 31 50 56
6 16 22 28 32 36 44
6 25 30 32 49 52 55
4 19 29 47 53
6 27 30 35 43 49 65
6 33 34 45 46 57 64
5 35 41 51 61 65
7 32 36 38 48 55 58 59
4 34 42 47 57
7 17 33 36 42 48 54 64
7 29 34 40 45 53 57 62
5 36 44 46 54 59
5 30 39 41 52 65
5 31 37 51 56 60
6 31 35 43 50 60 61
5 39 49 55 63 65
5 40 47 62 66 78
6 46 48 59 64 67 77
6 32 39 44 52 58 63
5 37 50 60 79 87
8 42 45 47 62 64 70 75 76
6 44 55 59 63 67 69
5 44 48 54 58 67
7 50 51 56 61 68 74 79
6 43 51 60 65 71 74
6 47 53 57 66 70 82
6 52 55 58 65 69 72
7 42 46 54 57 75 77 80
9 41 43 49 52 61 63 71 72 73
5 53 62 78 82 85
8 54 58 59 69 77 84 89 92
5 60 74 79 88 90
6 58 63 67 72 92 95
5 57 62 76 82 83
5 61 65 73 74 81
6 63 65 69 73 86 95
6 65 71 72 81 86 94
6 60 61 68 71 81 90
5 57 64 76 80 96
5 57 70 75 83 96
5 54 64 67 80 84
4 53 66 85 93
5 56 60 68 87 88
7 64 75 77 84 96 97 101
7 71 73 74 90 94 98 107
6 62 66 70 83 85 91
6 70 76 82 91 96 100
5 67 77 80 89 97
7 66 78 82 91 93 102 118
5 72 73 94 95 109
4 56 79 88 104
8 68 79 87 90 104 106 115 121
6 67 84 92 97 103 111
6 68 74 81 88 98 106
5 82 83 85 100 118
5 67 69 89 95 103
3 78 85 102
6 73 81 86 105 107 109
7 69 72 86 92 103 109 117
8 75 76 80 83 99 100 101 108
7 80 84 89 101 111 112 120
5 81 90 106 107 110
5 96 101 108 112 125
6 83 91 96 108 116 118
5 80 96 97 99 112
4 85 93 118 119
6 89 92 95 111 114 117
4 87 88 113 121
5 94 107 109 110 126
6 88 90 98 110 115 123
5 81 94 98 105 110
5 96 99 100 116 125
7 86 94 95 105 117 122 126
8 98 105 106 107 123 126 130 131
7 89 97 103 114 120 134 137
6 97 99 101 120 125 133
3 104 121 128
5 103 111 117 137 139
5 88 106 121 123 124
6 100 108 118 125 132 138
6 95 103 109 114 122 139
8 85 91 100 102 116 119 127 138
4 102 118 127 150
5 97 111 112 133 134
7 88 104 113 115 124 128 140
5 109 117 126 129 139
6 106 110 115 124 130 136
6 115 121 123 136 140 144
7 99 108 112 116 132 133 135
7 105 109 110 122 129 131 142
5 118 119 138 146 150
4 113 121 140 153
5 122 126 139 142 152
5 110 123 131 136 149
5 110 126 130 142 149
6 116 125 135 138 145 146
6 112 120 125 134 135 141
6 111 120 133 137 141 143
5 125 132 133 141 145
5 123 124 130 144 149
6 111 114 134 139 143 148
5 116 118 127 132 146
8 114 117 122 129 137 147 148 152
5 121 124 128 144 153
9 133 134 135 143 145 154 157 163 165
7 126 129 131 149 152 160 164
6 134 137 141 148 151 154
6 124 136 140 149 153 159
6 132 135 141 146 155 163
7 127 132 138 145 150 155 156
5 139 148 152 158 162
6 137 139 143 147 151 162
8 130 131 136 142 144 159 161 164
5 119 127 146 156 169
6 143 148 154 162 167 174
6 129 139 142 147 158 160
5 128 140 144 159 166
5 141 143 151 157 167
6 145 146 156 163 171 175
5 146 150 155 169 175
5 141 154 165 167 176
5 147 152 160 162 170
7 144 149 153 161 166 172 177
7 142 152 158 164 170 173 189
4 149 159 164 172
7 147 148 151 158 168 170 174
5 141 145 155 165 171
6 142 149 160 161 172 173
6 141 157 163 171 176 179
4 153 159 177 187
6 151 154 157 174 176 181
6 162 170 174 178 184 190
4 150 156 175 186
6 158 160 162 168 178 189
6 155 163 165 175 179 182
7 159 161 164 173 177 180 185
6 160 164 172 185 189 191
6 151 162 167 168 181 184
6 155 156 169 171 182 186
6 157 165 167 179 181 183
5 159 166 172 180 187
5 168 170 188 189 190
6 165 171 176 182 183 196
5 172 177 185 187 193
6 167 174 176 183 184 197
6 171 175 179 186 192 196
5 176 179 181 196 197
6 168 174 181 190 197 199
5 172 173 180 191 193
4 169 175 182 192
4 166 177 180 193
5 178 189 190 194 195
7 160 170 173 178 188 191 195
6 168 178 184 188 194 199
7 173 185 189 193 195 198 200
4 182 186 196 203
5 180 185 187 191 198
5 188 190 195 199 202
6 188 189 191 194 200 202
6 179 182 183 192 197 203
7 181 183 184 196 199 201 203
4 191 193 200 204
7 184 190 194 197 201 202 205
5 191 195 198 202 204
5 197 199 203 205 206
6 194 195 199 200 204 205
5 192 196 197 201 206
4 198 200 202 205
5 199 201 202 204 206
3 201 203 205
END MAP
TURN 1
COMMAND LEFT START
MOVE A1 31
MOVE A2 103
COMMAND LEFT END
COMMAND RIGHT START
MOVE B2 175
COMMAND RIGHT END
TURN 1 RESULT
TIME LEFT 7 5 RIGHT 0 5
MOVE A1 3
MOVE A2 5
MOVE B2 203
END TURN 1
TURN 2
COMMAND LEFT START
COMMAND LEFT END
COMMAND RIGHT START
COMMAND RIGHT END
TURN 2 RESULT
TIME LEFT 0 5 RIGHT 0 5
MOVE A1 14
MOVE A2 7
MOVE B2 192
END TURN 2
TURN 3
COMMAND LEFT START
COMMAND LEFT END
COMMAND RIGHT START
COMMAND RIGHT END
TURN 3 RESULT
TIME LEFT 0 5 RIGHT 0 5
MOVE A1 20
MOVE A2 16
MOVE B2 186
END TURN 3
TURN 4
COMMAND LEFT START
COMMAND LEFT END
COMMAND RIGHT START
COMMAND RIGHT END
TURN 4 RESULT
TIME LEFT 0 5 RIGHT 0 5
MOVE A1 31
MOVE A2 38
MOVE B2 175
END TURN 4
TURN 5
COMMAND LEFT START
UPGRADE 31
COMMAND LEFT END
COMMAND RIGHT START
UPGRADE 175
COMMAND RIGHT END
TURN 5 RESULT
TIME LEFT 0 5 RIGHT 0 5
UPGRADE A 31
UPGRADE B 175
MOVE A2 44
END TURN 5
TURN 6
COMMAND LEFT START
COMMAND LEFT END
COMMAND RIGHT START
MOVE B3 158
COMMAND RIGHT END
TURN 6 RESULT
TIME LEFT 0 5 RIGHT 0 5
MOVE A2 58
MOVE B3 201
END TURN 6
TURN 7
COMMAND LEFT START
COMMAND LEFT END
COMMAND RIGHT START
COMMAND RIGHT END
TURN 7 RESULT
TIME LEFT 0 5 RIGHT 0 5
MOVE A2 69
MOVE B3 199
END TURN 7
TURN 8
COMMAND LEFT START
COMMAND LEFT END
COMMAND RIGHT START
COMMAND RIGHT END
TURN 8 RESULT
TIME LEFT 0 5 RIGHT 0 5
MOVE A2 92
MOVE B3 190
END TURN 8
TURN 9
COMMAND LEFT START
COMMAND LEFT END
COMMAND RIGHT START
COMMAND RIGHT END
TURN 9 RESULT
TIME LEFT 0 5 RIGHT 0 5
MOVE A2 103
MOVE B3 178
END TURN 9
TURN 10
COMMAND LEFT START
COMMAND LEFT END
COMMAND RIGHT START
COMMAND RIGHT END
TURN 10 RESULT
TIME LEFT 0 5 RIGHT 0 5
MOVE B3 170
END TURN 10
TURN 11
COMMAND LEFT START
COMMAND LEFT END
COMMAND RIGHT START
COMMAND RIGHT END
TURN 11 RESULT
TIME LEFT 0 5 RIGHT 0 5
MOVE B3 158
END TURN 11
TURN 12
COMMAND LEFT START
COMMAND LEFT END
COMMAND RIGHT START
COMMAND RIGHT END
TURN 12 RESULT
TIME LEFT 0 5 RIGHT 0 5
END TURN 12
TURN 13
COMMAND LEFT START
COMMAND LEFT END
COMMAND RIGHT START
COMMAND RIGHT END
TURN 13 RESULT
TIME LEFT 0 5 RIGHT 0 5
END TURN 13
TURN 14
COMMAND LEFT START
COMMAND LEFT END
COMMAND RIGHT START
COMMAND RIGHT END
TURN 14 RESULT
TIME LEFT 0 5 RIGHT 0 5
END TURN 14
TURN 15
COMMAND LEFT START
UPGRADE 103
COMMAND LEFT END
COMMAND RIGHT START
COMMAND RIGHT END
TURN 15 RESULT
TIME LEFT 0 5 RIGHT 0 5
UPGRADE A 103
END TURN 15
TURN 16
COMMAND LEFT START
COMMAND LEFT END
COMMAND RIGHT START
UPGRADE 158
COMMAND RIGHT END
TURN 16 RESULT
TIME LEFT 0 5 RIGHT 0 5
UPGRADE B 158
END TURN 16
TURN 17
COMMAND LEFT START
COMMAND LEFT END
COMMAND RIGHT START
COMMAND RIGHT END
TURN 17 RESULT
TIME LEFT 0 5 RIGHT 0 5
END TURN 17
TURN 18
COMMAND LEFT START
TRAIN 1
COMMAND LEFT END
COMMAND RIGHT START
COMMAND RIGHT END
TURN 18 RESULT
TIME LEFT 0 5 RIGHT 0 5
TRAIN A4
END TURN 18
TURN 19
COMMAND LEFT START
COMMAND LEFT END
COMMAND RIGHT START
TRAIN 1
COMMAND RIGHT END
TURN 19 RESULT
TIME LEFT 0 5 RIGHT 0 5
TRAIN B4
END TURN 19
TURN 20
COMMAND LEFT START
COMMAND LEFT END
COMMAND RIGHT START
MOVE B4 166
COMMAND RIGHT END
TURN 20 RESULT
TIME LEFT 0 5 RIGHT 0 5
MOVE B4 201
END TURN 20
TURN 21
COMMAND LEFT START
COMMAND LEFT END
COMMAND RIGHT START
COMMAND RIGHT END
TURN 21 RESULT
TIME LEFT 0 5 RIGHT 0 5
MOVE B4 199
END TURN 21
TURN 22
COMMAND LEFT START
COMMAND LEFT END
COMMAND RIGHT START
COMMAND RIGHT END
TURN 22 RESULT
TIME LEFT 0 5 RIGHT 0 5
MOVE B4 194
END TURN 22
TURN 23
COMMAND LEFT START
COMMAND LEFT END
COMMAND RIGHT START
COMMAND RIGHT END
TURN 23 RESULT
TIME LEFT 0 5 RIGHT 0 5
MOVE B4 195
END TURN 23
TURN 24
COMMAND LEFT START
COMMAND LEFT END
COMMAND RIGHT START
COMMAND RIGHT END
TURN 24 RESULT
TIME LEFT 0 5 RIGHT 0 5
MOVE B4 191
END TURN 24
TURN 25
COMMAND LEFT START
COMMAND LEFT END
COMMAND RIGHT START
COMMAND RIGHT END
TURN 25 RESULT
TIME LEFT 0 5 RIGHT 0 5
MOVE B4 185
END TURN 25
TURN 26
COMMAND LEFT START
MOVE A3 48
COMMAND LEFT END
COMMAND RIGHT START
COMMAND RIGHT END
TURN 26 RESULT
TIME LEFT 0 5 RIGHT 0 5
MOVE A3 5
MOVE B4 180
END TURN 26
TURN 27
COMMAND LEFT START
COMMAND LEFT END
COMMAND RIGHT START
COMMAND RIGHT END
TURN 27 RESULT
TIME LEFT 0 5 RIGHT 0 5
MOVE A3 7
MOVE B4 177
END TURN 27
TURN 28
COMMAND LEFT START
COMMAND LEFT END
COMMAND RIGHT START
COMMAND RIGHT END
TURN 28 RESULT
TIME LEFT 0 5 RIGHT 0 5
MOVE A3 16
MOVE B4 166
END TURN 28
TURN 29
COMMAND LEFT START
COMMAND LEFT END
COMMAND RIGHT START
COMMAND RIGHT END
TURN 29 RESULT
TIME LEFT 0 5 RIGHT 0 5
MOVE A3 28
END TURN 29
TURN 30
COMMAND LEFT START
COMMAND LEFT END
COMMAND RIGHT START
COMMAND RIGHT END
TURN 30 RESULT
TIME LEFT 0 5 RIGHT 0 5
MOVE A3 36
END TURN 30
TURN 31
COMMAND LEFT START
COMMAND LEFT END
COMMAND RIGHT START
COMMAND RIGHT END
TURN 31 RESULT
TIME LEFT 0 5 RIGHT 0 5
MOVE A3 48
END TURN 31
TURN 32
COMMAND LEFT START
UPGRADE 48
COMMAND LEFT END
COMMAND RIGHT START
COMMAND RIGHT END
TURN 32 RESULT
TIME LEFT 0 5 RIGHT 0 5
UPGRADE A 48
END TURN 32
TURN 33
COMMAND LEFT START
COMMAND LEFT END
COMMAND RIGHT START
UPGRADE 166
COMMAND RIGHT END
TURN 33 RESULT
TIME LEFT 0 5 RIGHT 0 5
UPGRADE B 166
END TURN 33
TURN 34
COMMAND LEFT START
COMMAND LEFT END
COMMAND RIGHT START
COMMAND RIGHT END
TURN 34 RESULT
TIME LEFT 0 5 RIGHT 0 5
END TURN 34
TURN 35
COMMAND LEFT START
TRAIN 1
COMMAND LEFT END
COMMAND RIGHT START
TRAIN 1
COMMAND RIGHT END
TURN 35 RESULT
TIME LEFT 0 5 RIGHT 0 5
TRAIN A5 B5
END TURN 35
TURN 36
COMMAND LEFT START
COMMAND LEFT END
COMMAND RIGHT START
MOVE B5 102
COMMAND RIGHT END
TURN 36 RESULT
TIME LEFT 0 5 RIGHT 0 5
MOVE B5 203
END TURN 36
TURN 37
COMMAND LEFT START
MOVE A5 67
COMMAND LEFT END
COMMAND RIGHT START
COMMAND RIGHT END
TURN 37 RESULT
TIME LEFT 0 5 RIGHT 0 5
MOVE A5 5
MOVE B5 196
END TURN 37
TURN 38
COMMAND LEFT START
COMMAND LEFT END
COMMAND RIGHT START
COMMAND RIGHT END
TURN 38 RESULT
TIME LEFT 0 5 RIGHT 0 5
MOVE A5 7
MOVE B5 182
END TURN 38
TURN 39
COMMAND LEFT START
COMMAND LEFT END
COMMAND RIGHT START
COMMAND RIGHT END
TURN 39 RESULT
TIME LEFT 0 5 RIGHT 0 5
MOVE A5 16
MOVE B5 171
END TURN 39
TURN 40
COMMAND LEFT START
COMMAND LEFT END
COMMAND RIGHT START
COMMAND RIGHT END
TURN 40 RESULT
TIME LEFT 0 5 RIGHT 0 5
MOVE A5 28
MOVE B5 155
END TURN 40
TURN 41
COMMAND LEFT START
COMMAND LEFT END
COMMAND RIGHT START
COMMAND RIGHT END
TURN 41 RESULT
TIME LEFT 0 5 RIGHT 0 5
MOVE A5 36
MOVE B5 146
END TURN 41
TURN 42
COMMAND LEFT START
COMMAND LEFT END
COMMAND RIGHT START
COMMAND RIGHT END
TURN 42 RESULT
TIME LEFT 0 5 RIGHT 0 5
MOVE A5 48
MOVE B5 127
END TURN 42
TURN 43
COMMAND LEFT START
COMMAND LEFT END
COMMAND RIGHT START
COMMAND RIGHT END
TURN 43 RESULT
TIME LEFT 0 5 RIGHT 0 5
MOVE A5 59
MOVE B5 119
END TURN 43
TURN 44
COMMAND LEFT START
COMMAND LEFT END
COMMAND RIGHT START
COMMAND RIGHT END
TURN 44 RESULT
TIME LEFT 0 5 RIGHT 0 5
MOVE A5 67
MOVE B5 102
END TURN 44
TURN 45
COMMAND LEFT START
UPGRADE 67
COMMAND LEFT END
COMMAND RIGHT START
COMMAND RIGHT END
TURN 45 RESULT
TIME LEFT 0 5 RIGHT 0 5
UPGRADE A 67
END TURN 45
TURN 46
COMMAND LEFT START
COMMAND LEFT END
COMMAND RIGHT START
UPGRADE 102
COMMAND RIGHT END
TURN 46 RESULT
TIME LEFT 0 5 RIGHT 0 5
UPGRADE B 102
END TURN 46
TURN 47
COMMAND LEFT START
COMMAND LEFT END
COMMAND RIGHT START
COMMAND RIGHT END
TURN 47 RESULT
TIME LEFT 0 5 RIGHT 0 5
END TURN 47
TURN 48
COMMAND LEFT START
COMMAND LEFT END
COMMAND RIGHT START
TRAIN 1
COMMAND RIGHT END
TURN 48 RESULT
TIME LEFT 0 5 RIGHT 0 5
TRAIN B6
END TURN 48
TURN 49
COMMAND LEFT START
COMMAND LEFT END
COMMAND RIGHT START
MOVE B6 120
COMMAND RIGHT END
TURN 49 RESULT
TIME LEFT 0 5 RIGHT 0 5
MOVE B6 201
END TURN 49
TURN 50
COMMAND LEFT START
COMMAND LEFT END
COMMAND RIGHT START
COMMAND RIGHT END
TURN 50 RESULT
TIME LEFT 0 5 RIGHT 0 5
MOVE B6 197
END TURN 50
TURN 51
COMMAND LEFT START
COMMAND LEFT END
COMMAND RIGHT START
COMMAND RIGHT END
TURN 51 RESULT
TIME LEFT 0 5 RIGHT 0 5
MOVE B6 181
END TURN 51
TURN 52
COMMAND LEFT START
COMMAND LEFT END
COMMAND RIGHT START
COMMAND RIGHT END
TURN 52 RESULT
TIME LEFT 0 5 RIGHT 0 5
MOVE B6 167
END TURN 52
TURN 53
COMMAND LEFT START
COMMAND LEFT END
COMMAND RIGHT START
COMMAND RIGHT END
TURN 53 RESULT
TIME LEFT 0 5 RIGHT 0 5
MOVE B6 154
END TURN 53
TURN 54
COMMAND LEFT START
UPGRADE 0
COMMAND LEFT END
COMMAND RIGHT START
COMMAND RIGHT END
TURN 54 RESULT
TIME LEFT 0 5 RIGHT 0 5
UPGRADE A 0
MOVE B6 143
END TURN 54
TURN 55
COMMAND LEFT START
COMMAND LEFT END
COMMAND RIGHT START
COMMAND RIGHT END
TURN 55 RESULT
TIME LEFT 0 5 RIGHT 0 5
MOVE B6 134
END TURN 55
TURN 56
COMMAND LEFT START
TRAIN 1
COMMAND LEFT END
COMMAND RIGHT START
COMMAND RIGHT END
TURN 56 RESULT
TIME LEFT 0 5 RIGHT 0 5
TRAIN A6
MOVE B6 120
END TURN 56
TURN 57
COMMAND LEFT START
COMMAND LEFT END
COMMAND RIGHT START
UPGRADE 120
COMMAND RIGHT END
TURN 57 RESULT
TIME LEFT 0 5 RIGHT 0 5
UPGRADE B 120
END TURN 57
TURN 58
COMMAND LEFT START
COMMAND LEFT END
COMMAND RIGHT START
TRAIN 1
COMMAND RIGHT END
TURN 58 RESULT
TIME LEFT 0 5 RIGHT 0 5
TRAIN B7
END TURN 58
TURN 59
COMMAND LEFT START
COMMAND LEFT END
COMMAND RIGHT START
MOVE B7 139
COMMAND RIGHT END
TURN 59 RESULT
TIME LEFT 0 5 RIGHT 0 5
MOVE B7 201
END TURN 59
TURN 60
COMMAND LEFT START
TRAIN 1
COMMAND LEFT END
COMMAND RIGHT START
COMMAND RIGHT END
TURN 60 RESULT
TIME LEFT 0 5 RIGHT 0 5
TRAIN A7
MOVE B7 199
END TURN 60
TURN 61
COMMAND LEFT START
TRAIN 1
COMMAND LEFT END
COMMAND RIGHT START
COMMAND RIGHT END
TURN 61 RESULT
TIME LEFT 0 5 RIGHT 0 5
TRAIN A8
MOVE B7 190
END TURN 61
TURN 62
COMMAND LEFT START
COMMAND LEFT END
COMMAND RIGHT START
COMMAND RIGHT END
TURN 62 RESULT
TIME LEFT 0 5 RIGHT 0 5
MOVE B7 168
END TURN 62
TURN 63
COMMAND LEFT START
TRAIN 1
COMMAND LEFT END
COMMAND RIGHT START
COMMAND RIGHT END
TURN 63 RESULT
TIME LEFT 0 5 RIGHT 0 5
TRAIN A9
MOVE B7 162
END TURN 63
TURN 64
COMMAND LEFT START
COMMAND LEFT END
COMMAND RIGHT START
COMMAND RIGHT END
TURN 64 RESULT
TIME LEFT 0 5 RIGHT 0 5
MOVE B7 147
END TURN 64
TURN 65
COMMAND LEFT START
TRAIN 1
COMMAND LEFT END
COMMAND RIGHT START
COMMAND RIGHT END
TURN 65 RESULT
TIME LEFT 0 5 RIGHT 0 5
TRAIN A10
MOVE B7 139
END TURN 65
TURN 66
COMMAND LEFT START
TRAIN 1
COMMAND LEFT END
COMMAND RIGHT START
UPGRADE 139
COMMAND RIGHT END
TURN 66 RESULT
TIME LEFT 0 5 RIGHT 0 5
UPGRADE B 139
TRAIN A11
END TURN 66
TURN 67
COMMAND LEFT START
COMMAND LEFT END
COMMAND RIGHT START
TRAIN 1
COMMAND RIGHT END
TURN 67 RESULT
TIME LEFT 0 5 RIGHT 0 5
TRAIN B8
END TURN 67
TURN 68
COMMAND LEFT START
TRAIN 1
COMMAND LEFT END
COMMAND RIGHT START
MOVE B8 116
COMMAND RIGHT END
TURN 68 RESULT
TIME LEFT 0 5 RIGHT 0 5
TRAIN A12
MOVE B8 203
END TURN 68
TURN 69
COMMAND LEFT START
COMMAND LEFT END
COMMAND RIGHT START
COMMAND RIGHT END
TURN 69 RESULT
TIME LEFT 0 5 RIGHT 0 5
MOVE B8 196
END TURN 69
TURN 70
COMMAND LEFT START
TRAIN 1
COMMAND LEFT END
COMMAND RIGHT START
COMMAND RIGHT END
TURN 70 RESULT
TIME LEFT 0 5 RIGHT 0 5
TRAIN A13
MOVE B8 182
END TURN 70
TURN 71
COMMAND LEFT START
COMMAND LEFT END
COMMAND RIGHT START
COMMAND RIGHT END
TURN 71 RESULT
TIME LEFT 0 5 RIGHT 0 5
MOVE B8 171
END TURN 71
TURN 72
COMMAND LEFT START
TRAIN 1
COMMAND LEFT END
COMMAND RIGHT START
COMMAND RIGHT END
TURN 72 RESULT
TIME LEFT 0 5 RIGHT 0 5
TRAIN A14
MOVE B8 163
END TURN 72
TURN 73
COMMAND LEFT START
COMMAND LEFT END
COMMAND RIGHT START
COMMAND RIGHT END
TURN 73 RESULT
TIME LEFT 0 5 RIGHT 0 5
MOVE B8 145
END TURN 73
TURN 74
COMMAND LEFT START
TRAIN 1
COMMAND LEFT END
COMMAND RIGHT START
COMMAND RIGHT END
TURN 74 RESULT
TIME LEFT 0 5 RIGHT 0 5
TRAIN A15
MOVE B8 132
END TURN 74
TURN 75
COMMAND LEFT START
COMMAND LEFT END
COMMAND RIGHT START
COMMAND RIGHT END
TURN 75 RESULT
TIME LEFT 0 5 RIGHT 0 5
MOVE B8 116
END TURN 75
TURN 76
COMMAND LEFT START
TRAIN 1
COMMAND LEFT END
COMMAND RIGHT START
UPGRADE 116
COMMAND RIGHT END
TURN 76 RESULT
TIME LEFT 0 5 RIGHT 0 5
UPGRADE B 116
TRAIN A16
END TURN 76
TURN 77
COMMAND LEFT START
COMMAND LEFT END
COMMAND RIGHT START
COMMAND RIGHT END
TURN 77 RESULT
TIME LEFT 0 5 RIGHT 0 5
END TURN 77
TURN 78
COMMAND LEFT START
TRAIN 1
COMMAND LEFT END
COMMAND RIGHT START
UPGRADE 206
COMMAND RIGHT END
TURN 78 RESULT
TIME LEFT 0 5 RIGHT 0 5
UPGRADE B 206
TRAIN A17
END TURN 78
TURN 79
COMMAND LEFT START
COMMAND LEFT END
COMMAND RIGHT START
TRAIN 1
COMMAND RIGHT END
TURN 79 RESULT
TIME LEFT 0 5 RIGHT 0 5
TRAIN B9
END TURN 79
TURN 80
COMMAND LEFT START
TRAIN 1
COMMAND LEFT END
COMMAND RIGHT START
COMMAND RIGHT END
TURN 80 RESULT
TIME LEFT 0 5 RIGHT 0 5
TRAIN A18
END TURN 80
TURN 81
COMMAND LEFT START
COMMAND LEFT END
COMMAND RIGHT START
COMMAND RIGHT END
TURN 81 RESULT
TIME LEFT 0 5 RIGHT 0 5
END TURN 81
TURN 82
COMMAND LEFT START
TRAIN 1
COMMAND LEFT END
COMMAND RIGHT START
COMMAND RIGHT END
TURN 82 RESULT
TIME LEFT 0 5 RIGHT 0 5
TRAIN A19
END TURN 82
TURN 83
COMMAND LEFT START
COMMAND LEFT END
COMMAND RIGHT START
COMMAND RIGHT END
TURN 83 RESULT
TIME LEFT 0 5 RIGHT 0 5
END TURN 83
TURN 84
COMMAND LEFT START
TRAIN 1
COMMAND LEFT END
COMMAND RIGHT START
COMMAND RIGHT END
TURN 84 RESULT
TIME LEFT 0 5 RIGHT 0 5
TRAIN A20
END TURN 84
TURN 85
COMMAND LEFT START
COMMAND LEFT END
COMMAND RIGHT START
COMMAND RIGHT END
TURN 85 RESULT
TIME LEFT 0 5 RIGHT 0 5
END TURN 85
TURN 86
COMMAND LEFT START
COMMAND LEFT END
COMMAND RIGHT START
COMMAND RIGHT END
TURN 86 RESULT
TIME LEFT 0 5 RIGHT 0 5
END TURN 86
TURN 87
COMMAND LEFT START
TRAIN 1
COMMAND LEFT END
COMMAND RIGHT START
COMMAND RIGHT END
TURN 87 RESULT
TIME LEFT 0 5 RIGHT 0 5
TRAIN A21
END TURN 87
TURN 88
COMMAND LEFT START
COMMAND LEFT END
COMMAND RIGHT START
UPGRADE 206
COMMAND RIGHT END
TURN 88 RESULT
TIME LEFT 0 5 RIGHT 0 5
UPGRADE B 206
END TURN 88
TURN 89
COMMAND LEFT START
TRAIN 1
COMMAND LEFT END
COMMAND RIGHT START
TRAIN 1
COMMAND RIGHT END
TURN 89 RESULT
TIME LEFT 0 5 RIGHT 0 5
TRAIN A22 B10
END TURN 89
TURN 90
COMMAND LEFT START
COMMAND LEFT END
COMMAND RIGHT START
COMMAND RIGHT END
TURN 90 RESULT
TIME LEFT 0 5 RIGHT 0 5
END TURN 90
TURN 91
COMMAND LEFT START
COMMAND LEFT END
COMMAND RIGHT START
COMMAND RIGHT END
TURN 91 RESULT
TIME LEFT 0 5 RIGHT 0 5
END TURN 91
TURN 92
COMMAND LEFT START
TRAIN 1
COMMAND LEFT END
COMMAND RIGHT START
COMMAND RIGHT END
TURN 92 RESULT
TIME LEFT 0 5 RIGHT 0 5
TRAIN A23
END TURN 92
TURN 93
COMMAND LEFT START
COMMAND LEFT END
COMMAND RIGHT START
UPGRADE 175
COMMAND RIGHT END
TURN 93 RESULT
TIME LEFT 0 5 RIGHT 0 5
UPGRADE B 175
END TURN 93
TURN 94
COMMAND LEFT START
COMMAND LEFT END
COMMAND RIGHT START
TRAIN 1
COMMAND RIGHT END
TURN 94 RESULT
TIME LEFT 0 5 RIGHT 0 5
TRAIN B11
END TURN 94
TURN 95
COMMAND LEFT START
TRAIN 1
COMMAND LEFT END
COMMAND RIGHT START
MOVE B11 175
COMMAND RIGHT END
TURN 95 RESULT
TIME LEFT 0 5 RIGHT 0 5
TRAIN A24
MOVE B11 203
END TURN 95
TURN 96
COMMAND LEFT START
COMMAND LEFT END
COMMAND RIGHT START
COMMAND RIGHT END
TURN 96 RESULT
TIME LEFT 0 5 RIGHT 0 5
MOVE B11 192
END TURN 96
TURN 97
COMMAND LEFT START
TRAIN 1
COMMAND LEFT END
COMMAND RIGHT START
COMMAND RIGHT END
TURN 97 RESULT
TIME LEFT 0 5 RIGHT 0 5
TRAIN A25
MOVE B11 186
END TURN 97
TURN 98
COMMAND LEFT START
COMMAND LEFT END
COMMAND RIGHT START
UPGRADE 158
COMMAND RIGHT END
TURN 98 RESULT
TIME LEFT 0 5 RIGHT 0 5
UPGRADE B 158
MOVE B11 175
END TURN 98
TURN 99
COMMAND LEFT START
COMMAND LEFT END
COMMAND RIGHT START
TRAIN 1
COMMAND RIGHT END
TURN 99 RESULT
TIME LEFT 0 5 RIGHT 0 5
TRAIN B12
END TURN 99
TURN 100
COMMAND LEFT START
TRAIN 1
COMMAND LEFT END
COMMAND RIGHT START
MOVE B12 158
COMMAND RIGHT END
TURN 100 RESULT
TIME LEFT 0 5 RIGHT 0 5
TRAIN A26
MOVE B12 201
END TURN 100
TURN 101
COMMAND LEFT START
COMMAND LEFT END
COMMAND RIGHT START
COMMAND RIGHT END
TURN 101 RESULT
TIME LEFT 0 5 RIGHT 0 5
MOVE B12 199
END TURN 101
TURN 102
COMMAND LEFT START
COMMAND LEFT END
COMMAND RIGHT START
COMMAND RIGHT END
TURN 102 RESULT
TIME LEFT 0 5 RIGHT 0 5
MOVE B12 190
END TURN 102
TURN 103
COMMAND LEFT START
COMMAND LEFT END
COMMAND RIGHT START
UPGRADE 166
COMMAND RIGHT END
TURN 103 RESULT
TIME LEFT 0 5 RIGHT 0 5
UPGRADE B 166
MOVE B12 178
END TURN 103
TURN 104
COMMAND LEFT START
TRAIN 1
COMMAND LEFT END
COMMAND RIGHT START
TRAIN 1
COMMAND RIGHT END
TURN 104 RESULT
TIME LEFT 0 5 RIGHT 0 5
TRAIN A27 B13
MOVE B12 170
END TURN 104
TURN 105
COMMAND LEFT START
COMMAND LEFT END
COMMAND RIGHT START
MOVE B13 166
COMMAND RIGHT END
TURN 105 RESULT
TIME LEFT 0 5 RIGHT 0 5
MOVE B12 158
MOVE B13 201
END TURN 105
TURN 106
COMMAND LEFT START
COMMAND LEFT END
COMMAND RIGHT START
COMMAND RIGHT END
TURN 106 RESULT
TIME LEFT 0 5 RIGHT 0 5
MOVE B13 199
END TURN 106
TURN 107
COMMAND LEFT START
TRAIN 1
COMMAND LEFT END
COMMAND RIGHT START
COMMAND RIGHT END
TURN 107 RESULT
TIME LEFT 0 5 RIGHT 0 5
TRAIN A28
MOVE B13 194
END TURN 107
TURN 108
COMMAND LEFT START
COMMAND LEFT END
COMMAND RIGHT START
UPGRADE 102
COMMAND RIGHT END
TURN 108 RESULT
TIME LEFT 0 5 RIGHT 0 5
UPGRADE B 102
MOVE B13 195
END TURN 108
TURN 109
COMMAND LEFT START
COMMAND LEFT END
COMMAND RIGHT START
TRAIN 1
COMMAND RIGHT END
TURN 109 RESULT
TIME LEFT 0 5 RIGHT 0 5
TRAIN B14
MOVE B13 191
END TURN 109
TURN 110
COMMAND LEFT START
TRAIN 1
COMMAND LEFT END
COMMAND RIGHT START
MOVE B14 102
COMMAND RIGHT END
TURN 110 RESULT
TIME LEFT 0 5 RIGHT 0 5
TRAIN A29
MOVE B13 185
MOVE B14 203
END TURN 110
TURN 111
COMMAND LEFT START
COMMAND LEFT END
COMMAND RIGHT START
COMMAND RIGHT END
TURN 111 RESULT
TIME LEFT 0 5 RIGHT 0 5
MOVE B13 180
MOVE B14 196
END TURN 111
TURN 112
COMMAND LEFT START
COMMAND LEFT END
COMMAND RIGHT START
UPGRADE 120
COMMAND RIGHT END
TURN 112 RESULT
TIME LEFT 0 5 RIGHT 0 5
UPGRADE B 120
MOVE B13 177
MOVE B14 182
END TURN 112
TURN 113
COMMAND LEFT START
COMMAND LEFT END
COMMAND RIGHT START
TRAIN 1
COMMAND RIGHT END
TURN 113 RESULT
TIME LEFT 0 5 RIGHT 0 5
TRAIN B15
MOVE B13 166
MOVE B14 171
END TURN 113
TURN 114
COMMAND LEFT START
TRAIN 1
COMMAND LEFT END
COMMAND RIGHT START
MOVE B15 120
COMMAND RIGHT END
TURN 114 RESULT
TIME LEFT 0 5 RIGHT 0 5
TRAIN A30
MOVE B14 155
MOVE B15 201
END TURN 114
TURN 115
COMMAND LEFT START
COMMAND LEFT END
COMMAND RIGHT START
COMMAND RIGHT END
TURN 115 RESULT
TIME LEFT 0 5 RIGHT 0 5
MOVE B14 146
MOVE B15 197
END TURN 115
TURN 116
COMMAND LEFT START
COMMAND LEFT END
COMMAND RIGHT START
UPGRADE 139
COMMAND RIGHT END
TURN 116 RESULT
TIME LEFT 0 5 RIGHT 0 5
UPGRADE B 139
MOVE B14 127
MOVE B15 181
END TURN 116
TURN 117
COMMAND LEFT START
COMMAND LEFT END
COMMAND RIGHT START
TRAIN 1
COMMAND RIGHT END
TURN 117 RESULT
TIME LEFT 0 5 RIGHT 0 5
TRAIN B16
MOVE B14 119
MOVE B15 167
END TURN 117
TURN 118
COMMAND LEFT START
TRAIN 1
COMMAND LEFT END
COMMAND RIGHT START
MOVE B16 139
COMMAND RIGHT END
TURN 118 RESULT
TIME LEFT 0 5 RIGHT 0 5
TRAIN A31
MOVE B14 102
MOVE B15 154
MOVE B16 201
END TURN 118
TURN 119
COMMAND LEFT START
COMMAND LEFT END
COMMAND RIGHT START
COMMAND RIGHT END
TURN 119 RESULT
TIME LEFT 0 5 RIGHT 0 5
MOVE B15 143
MOVE B16 199
END TURN 119
TURN 120
COMMAND LEFT START
COMMAND LEFT END
COMMAND RIGHT START
UPGRADE 116
COMMAND RIGHT END
TURN 120 RESULT
TIME LEFT 0 5 RIGHT 0 5
UPGRADE B 116
MOVE B15 134
MOVE B16 190
END TURN 120
TURN 121
COMMAND LEFT START
COMMAND LEFT END
COMMAND RIGHT START
TRAIN 1
COMMAND RIGHT END
TURN 121 RESULT
TIME LEFT 0 5 RIGHT 0 5
TRAIN B17
MOVE B15 120
MOVE B16 168
END TURN 121
TURN 122
COMMAND LEFT START
TRAIN 1
COMMAND LEFT END
COMMAND RIGHT START
MOVE B17 116
COMMAND RIGHT END
TURN 122 RESULT
TIME LEFT 0 5 RIGHT 0 5
TRAIN A32
MOVE B16 162
MOVE B17 203
END TURN 122
TURN 123
COMMAND LEFT START
COMMAND LEFT END
COMMAND RIGHT START
COMMAND RIGHT END
TURN 123 RESULT
TIME LEFT 0 5 RIGHT 0 5
MOVE B16 147
MOVE B17 196
END TURN 123
TURN 124
COMMAND LEFT START
MOVE A32 103
MOVE A31 103
MOVE A30 103
MOVE A29 103
MOVE A28 103
MOVE A27 103
MOVE A26 103
MOVE A25 103
COMMAND LEFT END
COMMAND RIGHT START
UPGRADE 175
COMMAND RIGHT END
TURN 124 RESULT
TIME LEFT 0 5 RIGHT 0 5
UPGRADE B 175
MOVE A25 5
MOVE A26 5
MOVE A27 5
MOVE A28 5
MOVE A29 5
MOVE A30 5
MOVE A31 5
MOVE A32 5
MOVE B16 139
MOVE B17 182
END TURN 124
TURN 125
COMMAND LEFT START
MOVE A24 103
MOVE A23 103
MOVE A22 103
MOVE A21 103
MOVE A20 103
MOVE A19 103
MOVE A18 103
MOVE A17 103
COMMAND LEFT END
COMMAND RIGHT START
TRAIN 1
COMMAND RIGHT END
TURN 125 RESULT
TIME LEFT 0 5 RIGHT 0 5
TRAIN B18
MOVE A17 5
MOVE A18 5
MOVE A19 5
MOVE A20 5
MOVE A21 5
MOVE A22 5
MOVE A23 5
MOVE A24 5
MOVE A25 7
MOVE A26 7
MOVE A27 7
MOVE A28 7
MOVE A29 7
MOVE A30 7
MOVE A31 7
MOVE A32 7
MOVE B17 171
END TURN 125
TURN 126
COMMAND LEFT START
MOVE A16 103
MOVE A15 103
MOVE A14 103
MOVE A13 103
MOVE A12 103
MOVE A11 103
MOVE A10 103
MOVE A9 103
COMMAND LEFT END
COMMAND RIGHT START
MOVE B18 175
COMMAND RIGHT END
TURN 126 RESULT
TIME LEFT 0 5 RIGHT 0 5
MOVE A9 5
MOVE A10 5
MOVE A11 5
MOVE A12 5
MOVE A13 5
MOVE A14 5
MOVE A15 5
MOVE A16 5
MOVE A17 7
MOVE A18 7
MOVE A19 7
MOVE A20 7
MOVE A21 7
MOVE A22 7
MOVE A23 7
MOVE A24 7
MOVE A25 16
MOVE A26 16
MOVE A27 16
MOVE A28 16
MOVE A29 16
MOVE A30 16
MOVE A31 16
MOVE A32 16
MOVE B17 163
MOVE B18 203
END TURN 126
TURN 127
COMMAND LEFT START
MOVE A8 103
MOVE A7 103
TRAIN 1
COMMAND LEFT END
COMMAND RIGHT START
COMMAND RIGHT END
TURN 127 RESULT
TIME LEFT 0 5 RIGHT 0 5
TRAIN A33
MOVE A7 5
MOVE A8 5
MOVE A9 7
MOVE A10 7
MOVE A11 7
MOVE A12 7
MOVE A13 7
MOVE A14 7
MOVE A15 7
MOVE A16 7
MOVE A17 16
MOVE A18 16
MOVE A19 16
MOVE A20 16
MOVE A21 16
MOVE A22 16
MOVE A23 16
MOVE A24 16
MOVE A25 38
MOVE A26 38
MOVE A27 38
MOVE A28 38
MOVE A29 38
MOVE A30 38
MOVE A31 38
MOVE A32 38
MOVE B17 145
MOVE B18 192
END TURN 127
TURN 128
COMMAND LEFT START
MOVE A33 103
COMMAND LEFT END
COMMAND RIGHT START
UPGRADE 158
COMMAND RIGHT END
TURN 128 RESULT
TIME LEFT 0 5 RIGHT 0 5
UPGRADE B 158
MOVE A7 7
MOVE A8 7
MOVE A9 16
MOVE A10 16
MOVE A11 16
MOVE A12 16
MOVE A13 16
MOVE A14 16
MOVE A15 16
MOVE A16 16
MOVE A17 38
MOVE A18 38
MOVE A19 38
MOVE A20 38
MOVE A21 38
MOVE A22 38
MOVE A23 38
MOVE A24 38
MOVE A25 44
MOVE A26 44
MOVE A27 44
MOVE A28 44
MOVE A29 44
MOVE A30 44
MOVE A31 44
MOVE A32 44
MOVE A33 5
MOVE B17 132
MOVE B18 186
END TURN 128
TURN 129
COMMAND LEFT START
COMMAND LEFT END
COMMAND RIGHT START
TRAIN 1
COMMAND RIGHT END
TURN 129 RESULT
TIME LEFT 0 5 RIGHT 0 5
TRAIN B19
MOVE A7 16
MOVE A8 16
MOVE A9 38
MOVE A10 38
MOVE A11 38
MOVE A12 38
MOVE A13 38
MOVE A14 38
MOVE A15 38
MOVE A16 38
MOVE A17 44
MOVE A18 44
MOVE A19 44
MOVE A20 44
MOVE A21 44
MOVE A22 44
MOVE A23 44
MOVE A24 44
MOVE A25 58
MOVE A26 58
MOVE A27 58
MOVE A28 58
MOVE A29 58
MOVE A30 58
MOVE A31 58
MOVE A32 58
MOVE A33 7
MOVE B17 116
MOVE B18 175
END TURN 129
TURN 130
COMMAND LEFT START
COMMAND LEFT END
COMMAND RIGHT START
MOVE B19 158
COMMAND RIGHT END
TURN 130 RESULT
TIME LEFT 0 5 RIGHT 0 5
MOVE A7 38
MOVE A8 38
MOVE A9 44
MOVE A10 44
MOVE A11 44
MOVE A12 44
MOVE A13 44
MOVE A14 44
MOVE A15 44
MOVE A16 44
MOVE A17 58
MOVE A18 58
MOVE A19 58
MOVE A20 58
MOVE A21 58
MOVE A22 58
MOVE A23 58
MOVE A24 58
MOVE A25 69
MOVE A26 69
MOVE A27 69
MOVE A28 69
MOVE A29 69
MOVE A30 69
MOVE A31 69
MOVE A32 69
MOVE A33 16
MOVE B19 201
END TURN 130
TURN 131
COMMAND LEFT START
COMMAND LEFT END
COMMAND RIGHT START
UPGRADE 166
COMMAND RIGHT END
TURN 131 RESULT
TIME LEFT 0 5 RIGHT 0 5
UPGRADE B 166
MOVE A7 44
MOVE A8 44
MOVE A9 58
MOVE A10 58
MOVE A11 58
MOVE A12 58
MOVE A13 58
MOVE A14 58
MOVE A15 58
MOVE A16 58
MOVE A17 69
MOVE A18 69
MOVE A19 69
MOVE A20 69
MOVE A21 69
MOVE A22 69
MOVE A23 69
MOVE A24 69
MOVE A25 92
MOVE A26 92
MOVE A27 92
MOVE A28 92
MOVE A29 92
MOVE A30 92
MOVE A31 92
MOVE A32 92
MOVE A33 38
MOVE B19 199
END TURN 131
TURN 132
COMMAND LEFT START
TRAIN 1
COMMAND LEFT END
COMMAND RIGHT START
TRAIN 1
COMMAND RIGHT END
TURN 132 RESULT
TIME LEFT 0 5 RIGHT 0 5
TRAIN A34 B20
MOVE A7 58
MOVE A8 58
MOVE A9 69
MOVE A10 69
MOVE A11 69
MOVE A12 69
MOVE A13 69
MOVE A14 69
MOVE A15 69
MOVE A16 69
MOVE A17 92
MOVE A18 92
MOVE A19 92
MOVE A20 92
MOVE A21 92
MOVE A22 92
MOVE A23 92
MOVE A24 92
MOVE A25 103
MOVE A26 103
MOVE A27 103
MOVE A28 103
MOVE A29 103
MOVE A30 103
MOVE A31 103
MOVE A32 103
MOVE A33 44
MOVE B19 190
END TURN 132
TURN 133
COMMAND LEFT START
MOVE A34 103
COMMAND LEFT END
COMMAND RIGHT START
MOVE B20 166
COMMAND RIGHT END
TURN 133 RESULT
TIME LEFT 0 5 RIGHT 0 5
MOVE A7 69
MOVE A8 69
MOVE A9 92
MOVE A10 92
MOVE A11 92
MOVE A12 92
MOVE A13 92
MOVE A14 92
MOVE A15 92
MOVE A16 92
MOVE A17 103
MOVE A18 103
MOVE A19 103
MOVE A20 103
MOVE A21 103
MOVE A22 103
MOVE A23 103
MOVE A24 103
MOVE A33 58
MOVE A34 5
MOVE B19 178
MOVE B20 201
END TURN 133
TURN 134
COMMAND LEFT START
COMMAND LEFT END
COMMAND RIGHT START
UPGRADE 102
COMMAND RIGHT END
TURN 134 RESULT
TIME LEFT 0 5 RIGHT 0 5
UPGRADE B 102
MOVE A7 92
MOVE A8 92
MOVE A9 103
MOVE A10 103
MOVE A11 103
MOVE A12 103
MOVE A13 103
MOVE A14 103
MOVE A15 103
MOVE A16 103
MOVE A33 69
MOVE A34 7
MOVE B19 170
MOVE B20 199
END TURN 134
TURN 135
COMMAND LEFT START
COMMAND LEFT END
COMMAND RIGHT START
TRAIN 1
COMMAND RIGHT END
TURN 135 RESULT
TIME LEFT 0 5 RIGHT 0 5
TRAIN B21
MOVE A7 103
MOVE A8 103
MOVE A33 92
MOVE A34 16
MOVE B19 158
MOVE B20 194
END TURN 135
TURN 136
COMMAND LEFT START
COMMAND LEFT END
COMMAND RIGHT START
MOVE B21 102
COMMAND RIGHT END
TURN 136 RESULT
TIME LEFT 0 5 RIGHT 0 5
MOVE A33 103
MOVE A34 38
MOVE B20 195
MOVE B21 203
END TURN 136
TURN 137
COMMAND LEFT START
TRAIN 1
COMMAND LEFT END
COMMAND RIGHT START
UPGRADE 120
COMMAND RIGHT END
TURN 137 RESULT
TIME LEFT 0 5 RIGHT 0 5
UPGRADE B 120
TRAIN A35
MOVE A34 44
MOVE B20 191
MOVE B21 196
END TURN 137
TURN 138
COMMAND LEFT START
COMMAND LEFT END
COMMAND RIGHT START
TRAIN 1
COMMAND RIGHT END
TURN 138 RESULT
TIME LEFT 0 5 RIGHT 0 5
TRAIN B22
MOVE A34 58
MOVE B20 185
MOVE B21 182
END TURN 138
TURN 139
COMMAND LEFT START
COMMAND LEFT END
COMMAND RIGHT START
MOVE B22 120
COMMAND RIGHT END
TURN 139 RESULT
TIME LEFT 0 5 RIGHT 0 5
MOVE A34 69
MOVE B20 180
MOVE B21 171
MOVE B22 201
END TURN 139
TURN 140
COMMAND LEFT START
COMMAND LEFT END
COMMAND RIGHT START
UPGRADE 139
COMMAND RIGHT END
TURN 140 RESULT
TIME LEFT 0 5 RIGHT 0 5
UPGRADE B 139
MOVE A34 92
MOVE B20 177
MOVE B21 155
MOVE B22 197
END TURN 140
TURN 141
COMMAND LEFT START
COMMAND LEFT END
COMMAND RIGHT START
TRAIN 1
COMMAND RIGHT END
TURN 141 RESULT
TIME LEFT 0 5 RIGHT 0 5
TRAIN B23
MOVE A34 103
MOVE B20 166
MOVE B21 146
MOVE B22 181
END TURN 141
TURN 142
COMMAND LEFT START
COMMAND LEFT END
COMMAND RIGHT START
MOVE B23 139
COMMAND RIGHT END
TURN 142 RESULT
TIME LEFT 0 5 RIGHT 0 5
MOVE B21 127
MOVE B22 167
MOVE B23 201
END TURN 142
TURN 143
COMMAND LEFT START
TRAIN 1
COMMAND LEFT END
COMMAND RIGHT START
UPGRADE 116
TRAIN 1
COMMAND RIGHT END
TURN 143 RESULT
TIME LEFT 0 5 RIGHT 0 5
UPGRADE B 116
TRAIN A36 B24
MOVE B21 119
MOVE B22 154
MOVE B23 199
END TURN 143
TURN 144
COMMAND LEFT START
COMMAND LEFT END
COMMAND RIGHT START
MOVE B24 116
TRAIN 2
COMMAND RIGHT END
TURN 144 RESULT
TIME LEFT 0 5 RIGHT 0 5
TRAIN B25 B26
MOVE B21 102
MOVE B22 143
MOVE B23 190
MOVE B24 203
END TURN 144
TURN 145
COMMAND LEFT START
COMMAND LEFT END
COMMAND RIGHT START
MOVE B25 4
MOVE B26 120
TRAIN 2
COMMAND RIGHT END
TURN 145 RESULT
TIME LEFT 0 5 RIGHT 0 5
TRAIN B27 B28
MOVE B22 134
MOVE B23 168
MOVE B24 196
MOVE B25 201
MOVE B26 201
END TURN 145
TURN 146
COMMAND LEFT START
COMMAND LEFT END
COMMAND RIGHT START
MOVE B27 120
MOVE B28 120
TRAIN 2
COMMAND RIGHT END
TURN 146 RESULT
TIME LEFT 0 5 RIGHT 0 5
TRAIN B29 B30
MOVE B22 120
MOVE B23 162
MOVE B24 182
MOVE B25 197
MOVE B26 197
MOVE B27 201
MOVE B28 201
END TURN 146
TURN 147
COMMAND LEFT START
COMMAND LEFT END
COMMAND RIGHT START
MOVE B29 120
MOVE B30 120
TRAIN 2
COMMAND RIGHT END
TURN 147 RESULT
TIME LEFT 0 5 RIGHT 0 5
TRAIN B31 B32
MOVE B23 147
MOVE B24 171
MOVE B25 181
MOVE B26 181
MOVE B27 197
MOVE B28 197
MOVE B29 201
MOVE B30 201
END TURN 147
TURN 148
COMMAND LEFT START
COMMAND LEFT END
COMMAND RIGHT START
MOVE B31 120
MOVE B32 120
TRAIN 2
COMMAND RIGHT END
TURN 148 RESULT
TIME LEFT 0 5 RIGHT 0 5
TRAIN B33 B34
MOVE B23 139
MOVE B24 163
MOVE B25 167
MOVE B26 167
MOVE B27 181
MOVE B28 181
MOVE B29 197
MOVE B30 197
MOVE B31 201
MOVE B32 201
END TURN 148
TURN 149
COMMAND LEFT START
COMMAND LEFT END
COMMAND RIGHT START
MOVE B33 120
MOVE B34 120
TRAIN 2
COMMAND RIGHT END
TURN 149 RESULT
TIME LEFT 0 5 RIGHT 0 5
TRAIN B35 B36
MOVE B24 145
MOVE B25 154
MOVE B26 154
MOVE B27 167
MOVE B28 167
MOVE B29 181
MOVE B30 181
MOVE B31 197
MOVE B32 197
MOVE B33 201
MOVE B34 201
END TURN 149
TURN 150
COMMAND LEFT START
TRAIN 1
COMMAND LEFT END
COMMAND RIGHT START
MOVE B35 120
MOVE B36 120
TRAIN 2
COMMAND RIGHT END
TURN 150 RESULT
TIME LEFT 0 5 RIGHT 0 5
TRAIN A37 B37 B38
MOVE B24 132
MOVE B25 143
MOVE B26 143
MOVE B27 154
MOVE B28 154
MOVE B29 167
MOVE B30 167
MOVE B31 181
MOVE B32 181
MOVE B33 197
MOVE B34 197
MOVE B35 201
MOVE B36 201
END TURN 150
TURN 151
COMMAND LEFT START
COMMAND LEFT END
COMMAND RIGHT START
MOVE B37 120
MOVE B38 120
TRAIN 2
COMMAND RIGHT END
TURN 151 RESULT
TIME LEFT 0 5 RIGHT 0 5
TRAIN B39 B40
MOVE B24 116
MOVE B25 134
MOVE B26 134
MOVE B27 143
MOVE B28 143
MOVE B29 154
MOVE B30 154
MOVE B31 167
MOVE B32 167
MOVE B33 181
MOVE B34 181
MOVE B35 197
MOVE B36 197
MOVE B37 201
MOVE B38 201
END TURN 151
TURN 152
COMMAND LEFT START
COMMAND LEFT END
COMMAND RIGHT START
MOVE B39 120
MOVE B40 120
TRAIN 2
COMMAND RIGHT END
TURN 152 RESULT
TIME LEFT 0 5 RIGHT 0 5
TRAIN B41 B42
MOVE B25 111
MOVE B26 120
MOVE B27 134
MOVE B28 134
MOVE B29 143
MOVE B30 143
MOVE B31 154
MOVE B32 154
MOVE B33 167
MOVE B34 167
MOVE B35 181
MOVE B36 181
MOVE B37 197
MOVE B38 197
MOVE B39 201
MOVE B40 201
END TURN 152
TURN 153
COMMAND LEFT START
COMMAND LEFT END
COMMAND RIGHT START
MOVE B26 41
MOVE B41 120
MOVE B42 120
TRAIN 2
COMMAND RIGHT END
TURN 153 RESULT
TIME LEFT 0 5 RIGHT 0 5
TRAIN B43 B44
MOVE B25 89
MOVE B26 111
MOVE B27 120
MOVE B28 120
MOVE B29 134
MOVE B30 134
MOVE B31 143
MOVE B32 143
MOVE B33 154
MOVE B34 154
MOVE B35 167
MOVE B36 167
MOVE B37 181
MOVE B38 181
MOVE B39 197
MOVE B40 197
MOVE B41 201
MOVE B42 201
END TURN 153
TURN 154
COMMAND LEFT START
COMMAND LEFT END
COMMAND RIGHT START
MOVE B43 120
MOVE B44 120
TRAIN 2
COMMAND RIGHT END
TURN 154 RESULT
TIME LEFT 0 5 RIGHT 0 5
TRAIN B45 B46
MOVE B25 67
MOVE B26 103
MOVE B29 120
MOVE B30 120
MOVE B31 134
MOVE B32 134
MOVE B33 143
MOVE B34 143
MOVE B35 154
MOVE B36 154
MOVE B37 167
MOVE B38 167
MOVE B39 181
MOVE B40 181
MOVE B41 197
MOVE B42 197
MOVE B43 201
MOVE B44 201
DAMAGE TURRET B25 1
DAMAGE TURRET B26 1
DAMAGE COMBAT A2 1
DAMAGE COMBAT A5 1
DAMAGE COMBAT B25 1
DAMAGE COMBAT B26 5
END TURN 154
TURN 155
COMMAND LEFT START
COMMAND LEFT END
COMMAND RIGHT START
MOVE B27 41
MOVE B45 120
MOVE B46 120
TRAIN 2
COMMAND RIGHT END
TURN 155 RESULT
TIME LEFT 0 5 RIGHT 0 5
TRAIN B47 B48
MOVE B27 111
MOVE B31 120
MOVE B32 120
MOVE B33 134
MOVE B34 134
MOVE B35 143
MOVE B36 143
MOVE B37 154
MOVE B38 154
MOVE B39 167
MOVE B40 167
MOVE B41 181
MOVE B42 181
MOVE B43 197
MOVE B44 197
MOVE B45 201
MOVE B46 201
DAMAGE TURRET B25 1
DAMAGE COMBAT A5 1
DAMAGE COMBAT B25 1
END TURN 155
TURN 156
COMMAND LEFT START
COMMAND LEFT END
COMMAND RIGHT START
MOVE B47 120
MOVE B48 120
TRAIN 2
COMMAND RIGHT END
TURN 156 RESULT
TIME LEFT 0 5 RIGHT 0 5
TRAIN B49 B50
MOVE B27 103
MOVE B33 120
MOVE B34 120
MOVE B35 134
MOVE B36 134
MOVE B37 143
MOVE B38 143
MOVE B39 154
MOVE B40 154
MOVE B41 167
MOVE B42 167
MOVE B43 181
MOVE B44 181
MOVE B45 197
MOVE B46 197
MOVE B47 201
MOVE B48 201
DAMAGE TURRET B25 1
DAMAGE TURRET B27 1
DAMAGE COMBAT A2 1
DAMAGE COMBAT A5 1
DAMAGE COMBAT B25 1
DAMAGE COMBAT B27 5
END TURN 156
TURN 157
COMMAND LEFT START
MOVE A34 120
MOVE A33 120
MOVE A32 120
MOVE A31 120
MOVE A30 120
MOVE A29 120
MOVE A28 120
MOVE A27 120
MOVE A26 120
MOVE A25 120
MOVE A24 120
MOVE A23 120
MOVE A22 120
MOVE A21 120
MOVE A20 120
MOVE A19 120
MOVE A18 120
MOVE A17 120
MOVE A16 120
MOVE A15 120
MOVE A14 120
MOVE A13 120
MOVE A12 120
MOVE A11 120
MOVE A10 120
MOVE A9 120
MOVE A8 120
MOVE A7 120
MOVE A2 120
COMMAND LEFT END
COMMAND RIGHT START
MOVE B28 41
MOVE B29 4
MOVE B49 120
MOVE B50 120
TRAIN 2
COMMAND RIGHT END
TURN 157 RESULT
TIME LEFT 0 5 RIGHT 0 5
TRAIN B51 B52
MOVE A2 111
MOVE A7 111
MOVE A8 111
MOVE A9 111
MOVE A10 111
MOVE A11 111
MOVE A12 111
MOVE A13 111
MOVE A14 111
MOVE A15 111
MOVE A16 111
MOVE A17 111
MOVE A18 111
MOVE A19 111
MOVE A20 111
MOVE A21 111
MOVE A22 111
MOVE A23 111
MOVE A24 111
MOVE A25 111
MOVE A26 111
MOVE A27 111
MOVE A28 111
MOVE A29 111
MOVE A30 111
MOVE A31 111
MOVE A32 111
MOVE A33 111
MOVE A34 111
MOVE B28 111
MOVE B29 97
MOVE B35 120
MOVE B36 120
MOVE B37 134
MOVE B38 134
MOVE B39 143
MOVE B40 143
MOVE B41 154
MOVE B42 154
MOVE B43 167
MOVE B44 167
MOVE B45 181
MOVE B46 181
MOVE B47 197
MOVE B48 197
MOVE B49 201
MOVE B50 201
DAMAGE COMBAT A2 1
DAMAGE COMBAT B28 6
END TURN 157
TURN 158
COMMAND LEFT START
MOVE A4 103
MOVE A37 103
MOVE A36 103
COMMAND LEFT END
COMMAND RIGHT START
MOVE B30 41
TRAIN 2
COMMAND RIGHT END
TURN 158 RESULT
TIME LEFT 0 5 RIGHT 0 5
TRAIN B53 B54
MOVE A2 120
MOVE A4 5
MOVE A7 120
MOVE A8 120
MOVE A9 120
MOVE A10 120
MOVE A11 120
MOVE A12 120
MOVE A13 120
MOVE A14 120
MOVE A15 120
MOVE A16 120
MOVE A17 120
MOVE A18 120
MOVE A19 120
MOVE A20 120
MOVE A21 120
MOVE A22 120
MOVE A23 120
MOVE A24 120
MOVE A25 120
MOVE A26 120
MOVE A27 120
MOVE A28 120
MOVE A29 120
MOVE A30 120
MOVE A31 120
MOVE A32 120
MOVE A33 120
MOVE A34 120
MOVE A36 5
MOVE A37 5
MOVE B29 84
MOVE B30 111
MOVE B37 120
MOVE B38 120
MOVE B39 134
MOVE B40 134
MOVE B41 143
MOVE B42 143
MOVE B43 154
MOVE B44 154
MOVE B45 167
MOVE B46 167
MOVE B47 181
MOVE B48 181
MOVE B49 197
MOVE B50 197
DAMAGE TURRET A2 1
DAMAGE TURRET A7 1
DAMAGE COMBAT A7 4
DAMAGE COMBAT A8 5
DAMAGE COMBAT A9 2
DAMAGE COMBAT B6 4
DAMAGE COMBAT B15 6
DAMAGE COMBAT B22 6
DAMAGE COMBAT B31 6
DAMAGE COMBAT B32 6
DAMAGE COMBAT B33 1
END TURN 158
TURN 159
COMMAND LEFT START
MOVE A6 103
COMMAND LEFT END
COMMAND RIGHT START
MOVE B53 120
MOVE B54 120
TRAIN 2
COMMAND RIGHT END
TURN 159 RESULT
TIME LEFT 0 5 RIGHT 0 5
TRAIN B55 B56
MOVE A4 7
MOVE A6 5
MOVE A36 7
MOVE A37 7
MOVE B29 67
MOVE B30 103
MOVE B39 120
MOVE B40 120
MOVE B41 134
MOVE B42 134
MOVE B43 143
MOVE B44 143
MOVE B45 154
MOVE B46 154
MOVE B47 167
MOVE B48 167
MOVE B49 181
MOVE B50 181
MOVE B53 201
MOVE B54 201
DAMAGE TURRET A9 2
DAMAGE TURRET B29 1
DAMAGE TURRET B30 1
DAMAGE COMBAT A5 1
DAMAGE COMBAT A9 1
DAMAGE COMBAT A10 5
DAMAGE COMBAT A11 2
DAMAGE COMBAT B29 1
DAMAGE COMBAT B33 5
DAMAGE COMBAT B34 6
DAMAGE COMBAT B35 6
DAMAGE COMBAT B36 6
DAMAGE COMBAT B37 3
SIEGE A 103 1
END TURN 159
TURN 160
COMMAND LEFT START
COMMAND LEFT END
COMMAND RIGHT START
MOVE B55 120
MOVE B56 120
TRAIN 2
COMMAND RIGHT END
TURN 160 RESULT
TIME LEFT 0 5 RIGHT 0 5
TRAIN B57 B58
MOVE A4 16
MOVE A6 7
MOVE A36 16
MOVE A37 16
MOVE B29 59
MOVE B30 95
MOVE B41 120
MOVE B42 120
MOVE B43 134
MOVE B44 134
MOVE B45 143
MOVE B46 143
MOVE B47 154
MOVE B48 154
MOVE B49 167
MOVE B50 167
MOVE B53 197
MOVE B54 197
MOVE B55 201
MOVE B56 201
DAMAGE TURRET A11 2
DAMAGE COMBAT A11 1
DAMAGE COMBAT A12 5
DAMAGE COMBAT B37 3
DAMAGE COMBAT B38 6
DAMAGE COMBAT B39 6
DAMAGE COMBAT B40 6
DAMAGE COMBAT B41 3
DAMAGE HUNGER A33 1
DAMAGE HUNGER A34 1
DAMAGE HUNGER A35 1
DAMAGE HUNGER A36 1
DAMAGE HUNGER A37 1
END TURN 160
TURN 161
COMMAND LEFT START
COMMAND LEFT END
COMMAND RIGHT START
MOVE B57 120
MOVE B58 120
TRAIN 2
COMMAND RIGHT END
TURN 161 RESULT
TIME LEFT 0 5 RIGHT 0 5
TRAIN B59 B60
MOVE A4 38
MOVE A6 16
MOVE A36 38
MOVE A37 38
MOVE B29 48
MOVE B30 72
MOVE B43 120
MOVE B44 120
MOVE B45 134
MOVE B46 134
MOVE B47 143
MOVE B48 143
MOVE B49 154
MOVE B50 154
MOVE B53 181
MOVE B54 181
MOVE B55 197
MOVE B56 197
MOVE B57 201
MOVE B58 201
DAMAGE TURRET A33 2
DAMAGE TURRET B29 1
DAMAGE COMBAT A3 1
DAMAGE COMBAT A33 2
DAMAGE COMBAT A34 2
DAMAGE COMBAT B29 1
DAMAGE COMBAT B41 3
DAMAGE COMBAT B42 6
DAMAGE COMBAT B43 6
DAMAGE COMBAT B44 6
DAMAGE HUNGER A31 1
DAMAGE HUNGER A32 1
DAMAGE HUNGER A34 1
DAMAGE HUNGER A35 1
DAMAGE HUNGER A36 1
DAMAGE HUNGER A37 1
SIEGE B 120 1
END TURN 161
TURN 162
COMMAND LEFT START
MOVE A13 67
MOVE A14 103
MOVE A15 0
COMMAND LEFT END
COMMAND RIGHT START
MOVE B59 120
MOVE B60 120
TRAIN 2
COMMAND RIGHT END
TURN 162 RESULT
TIME LEFT 0 5 RIGHT 0 5
TRAIN B61 B62
MOVE A4 44
MOVE A6 38
MOVE A13 97
MOVE A14 111
MOVE A15 97
MOVE A36 44
MOVE A37 44
MOVE B30 65
MOVE B45 120
MOVE B46 120
MOVE B47 134
MOVE B48 134
MOVE B49 143
MOVE B50 143
MOVE B53 167
MOVE B54 167
MOVE B55 181
MOVE B56 181
MOVE B57 197
MOVE B58 197
MOVE B59 201
MOVE B60 201
DAMAGE TURRET A31 1
DAMAGE TURRET A34 1
DAMAGE TURRET B29 1
DAMAGE COMBAT A3 1
DAMAGE COMBAT A31 2
DAMAGE COMBAT B29 1
DAMAGE COMBAT B45 6
DAMAGE COMBAT B46 6
DAMAGE HUNGER A32 1
DAMAGE HUNGER A35 1
DAMAGE HUNGER A36 1
DAMAGE HUNGER A37 1
SIEGE B 120 6
END TURN 162
TURN 163
COMMAND LEFT START
MOVE A16 67
MOVE A17 103
COMMAND LEFT END
COMMAND RIGHT START
MOVE B61 120
MOVE B62 120
TRAIN 2
COMMAND RIGHT END
TURN 163 RESULT
TIME LEFT 0 5 RIGHT 0 5
TRAIN B63 B64
MOVE A4 58
MOVE A6 44
MOVE A13 84
MOVE A14 103
MOVE A15 84
MOVE A16 97
MOVE A17 111
MOVE A36 58
MOVE A37 58
MOVE B30 41
MOVE B47 120
MOVE B48 120
MOVE B49 134
MOVE B50 134
MOVE B53 154
MOVE B54 154
MOVE B55 167
MOVE B56 167
MOVE B57 181
MOVE B58 181
MOVE B59 197
MOVE B60 197
MOVE B61 201
MOVE B62 201
DAMAGE TURRET A31 1
DAMAGE TURRET A32 1
DAMAGE COMBAT A32 2
DAMAGE COMBAT B47 6
DAMAGE COMBAT B48 6
SIEGE B 120 3
END TURN 163
TURN 164
COMMAND LEFT START
MOVE A18 67
COMMAND LEFT END
COMMAND RIGHT START
MOVE B64 120
TRAIN 2
COMMAND RIGHT END
TURN 164 RESULT
TIME LEFT 0 5 RIGHT 0 5
TRAIN B65 B66
MOVE A4 69
MOVE A6 58
MOVE A13 67
MOVE A15 67
MOVE A16 84
MOVE A17 103
MOVE A18 97
MOVE A36 69
MOVE A37 69
MOVE B49 120
MOVE B50 120
MOVE B53 143
MOVE B54 143
MOVE B55 154
MOVE B56 154
MOVE B57 167
MOVE B58 167
MOVE B59 181
MOVE B60 181
MOVE B61 197
MOVE B62 197
MOVE B64 201
DAMAGE TURRET A19 2
DAMAGE COMBAT A19 2
DAMAGE COMBAT B49 6
DAMAGE COMBAT B50 6
END TURN 164
TURN 165
COMMAND LEFT START
COMMAND LEFT END
COMMAND RIGHT START
TRAIN 2
COMMAND RIGHT END
TURN 165 RESULT
TIME LEFT 0 5 RIGHT 0 5
TRAIN B67 B68
MOVE A4 92
MOVE A6 69
MOVE A15 59
MOVE A16 67
MOVE A18 84
MOVE A36 92
MOVE A37 92
MOVE B53 134
MOVE B54 134
MOVE B55 143
MOVE B56 143
MOVE B57 154
MOVE B58 154
MOVE B59 167
MOVE B60 167
MOVE B61 181
MOVE B62 181
MOVE B64 197
DAMAGE TURRET A19 1
DAMAGE TURRET A20 1
SIEGE B 120 8
END TURN 165
TURN 166
COMMAND LEFT START
MOVE A20 103
MOVE A21 103
MOVE A22 103
MOVE A23 103
MOVE A24 103
MOVE A25 103
MOVE A26 103
MOVE A27 103
MOVE A28 103
MOVE A29 103
COMMAND LEFT END
COMMAND RIGHT START
MOVE B67 139
MOVE B68 139
TRAIN 1
COMMAND RIGHT END
TURN 166 RESULT
TIME LEFT 0 5 RIGHT 0 5
TRAIN B69
MOVE A4 103
MOVE A6 92
MOVE A15 44
MOVE A18 67
MOVE A20 111
MOVE A21 111
MOVE A22 111
MOVE A23 111
MOVE A24 111
MOVE A25 111
MOVE A26 111
MOVE A27 111
MOVE A28 111
MOVE A29 111
MOVE A36 103
MOVE A37 103
MOVE B53 120
MOVE B54 120
MOVE B55 134
MOVE B56 134
MOVE B57 143
MOVE B58 143
MOVE B59 154
MOVE B60 154
MOVE B61 167
MOVE B62 167
MOVE B64 181
MOVE B67 201
MOVE B68 201
DAMAGE COMBAT A30 2
DAMAGE COMBAT B53 1
END TURN 166
TURN 167
COMMAND LEFT START
COMMAND LEFT END
COMMAND RIGHT START
MOVE B69 139
TRAIN 2
COMMAND RIGHT END
TURN 167 RESULT
TIME LEFT 0 5 RIGHT 0 5
TRAIN B70 B71
MOVE A6 103
MOVE A15 38
MOVE A20 103
MOVE A21 103
MOVE A22 103
MOVE A23 103
MOVE A24 103
MOVE A25 103
MOVE A26 103
MOVE A27 103
MOVE A28 103
MOVE A29 103
MOVE B55 120
MOVE B56 120
MOVE B57 134
MOVE B58 134
MOVE B59 143
MOVE B60 143
MOVE B61 154
MOVE B62 154
MOVE B64 167
MOVE B67 199
MOVE B68 199
MOVE B69 201
DAMAGE COMBAT A30 3
DAMAGE COMBAT B53 1
END TURN 167
TURN 168
COMMAND LEFT START
MOVE A6 120
MOVE A14 120
MOVE A17 120
MOVE A20 120
MOVE A21 120
MOVE A18 103
MOVE A16 103
COMMAND LEFT END
COMMAND RIGHT START
MOVE B51 139
MOVE B52 139
MOVE B54 139
MOVE B55 4
MOVE B56 139
MOVE B63 139
MOVE B65 139
MOVE B66 139
MOVE B70 139
MOVE B71 139
UPGRADE 120
TRAIN 2
COMMAND RIGHT END
TURN 168 RESULT
TIME LEFT 0 5 RIGHT 0 5
UPGRADE B 120
TRAIN B72 B73
MOVE A6 111
MOVE A14 111
MOVE A15 16
MOVE A16 92
MOVE A17 111
MOVE A18 92
MOVE A20 111
MOVE A21 111
MOVE B51 201
MOVE B52 201
MOVE B54 134
MOVE B55 97
MOVE B56 134
MOVE B57 120
MOVE B58 120
MOVE B59 134
MOVE B60 134
MOVE B61 143
MOVE B62 143
MOVE B63 201
MOVE B64 154
MOVE B65 201
MOVE B66 201
MOVE B67 190
MOVE B68 190
MOVE B69 199
MOVE B70 201
MOVE B71 201
END TURN 168
TURN 169
COMMAND LEFT START
COMMAND LEFT END
COMMAND RIGHT START
MOVE B57 139
MOVE B58 139
MOVE B72 120
MOVE B73 120
COMMAND RIGHT END
TURN 169 RESULT
TIME LEFT 0 5 RIGHT 0 5
MOVE A6 120
MOVE A14 120
MOVE A15 7
MOVE A16 103
MOVE A17 120
MOVE A18 103
MOVE A20 120
MOVE A21 120
MOVE B51 199
MOVE B52 199
MOVE B54 137
MOVE B55 84
MOVE B56 137
MOVE B57 134
MOVE B58 134
MOVE B59 120
MOVE B60 120
MOVE B61 134
MOVE B62 134
MOVE B63 199
MOVE B64 143
MOVE B65 199
MOVE B66 199
MOVE B67 168
MOVE B68 168
MOVE B69 190
MOVE B70 199
MOVE B71 199
MOVE B72 201
MOVE B73 201
DAMAGE TURRET A20 1
DAMAGE COMBAT A20 3
DAMAGE COMBAT B53 4
DAMAGE COMBAT B59 1
END TURN 169
TURN 170
COMMAND LEFT START
COMMAND LEFT END
COMMAND RIGHT START
COMMAND RIGHT END
TURN 170 RESULT
TIME LEFT 0 5 RIGHT 0 5
MOVE A15 5
MOVE B51 190
MOVE B52 190
MOVE B54 139
MOVE B55 67
MOVE B56 139
MOVE B57 137
MOVE B58 137
MOVE B61 120
MOVE B62 120
MOVE B63 190
MOVE B64 134
MOVE B65 190
MOVE B66 190
MOVE B67 162
MOVE B68 162
MOVE B69 168
MOVE B70 190
MOVE B71 190
MOVE B72 197
MOVE B73 197
DAMAGE TURRET A6 1
DAMAGE TURRET B55 1
DAMAGE COMBAT A6 4
DAMAGE COMBAT A13 1
DAMAGE COMBAT B55 1
DAMAGE COMBAT B59 4
END TURN 170
TURN 171
COMMAND LEFT START
MOVE A37 139
MOVE A36 139
MOVE A29 139
MOVE A28 139
MOVE A27 139
MOVE A26 139
MOVE A25 139
MOVE A24 139
MOVE A23 139
MOVE A22 139
MOVE A18 139
MOVE A16 139
MOVE A4 139
COMMAND LEFT END
COMMAND RIGHT START
TRAIN 1
COMMAND RIGHT END
TURN 171 RESULT
TIME LEFT 0 5 RIGHT 0 5
TRAIN B74
MOVE A4 114
MOVE A15 0
MOVE A16 114
MOVE A18 114
MOVE A22 114
MOVE A23 114
MOVE A24 114
MOVE A25 114
MOVE A26 114
MOVE A27 114
MOVE A28 114
MOVE A29 114
MOVE A36 114
MOVE A37 114
MOVE B51 168
MOVE B52 168
MOVE B57 139
MOVE B58 139
MOVE B63 168
MOVE B64 120
MOVE B65 168
MOVE B66 168
MOVE B67 147
MOVE B68 147
MOVE B69 162
MOVE B70 168
MOVE B71 168
MOVE B72 181
MOVE B73 181
DAMAGE TURRET A14 1
DAMAGE TURRET B55 1
DAMAGE COMBAT A13 1
DAMAGE COMBAT A14 4
DAMAGE COMBAT A17 1
DAMAGE COMBAT B55 1
DAMAGE COMBAT B59 1
DAMAGE COMBAT B60 2
END TURN 171
TURN 172
COMMAND LEFT START
MOVE A15 103
COMMAND LEFT END
COMMAND RIGHT START
TRAIN 2
COMMAND RIGHT END
TURN 172 RESULT
TIME LEFT 0 5 RIGHT 0 5
TRAIN B75 B76
MOVE A4 139
MOVE A15 5
MOVE A16 139
MOVE A18 139
MOVE A22 139
MOVE A23 139
MOVE A24 139
MOVE A25 139
MOVE A26 139
MOVE A27 139
MOVE A28 139
MOVE A29 139
MOVE A36 139
MOVE A37 139
MOVE B51 162
MOVE B52 162
MOVE B63 162
MOVE B65 162
MOVE B66 162
MOVE B67 139
MOVE B68 139
MOVE B69 147
MOVE B70 162
MOVE B71 162
MOVE B72 167
MOVE B73 167
DAMAGE TURRET A17 1
DAMAGE TURRET A36 2
DAMAGE TURRET B55 1
DAMAGE COMBAT A4 4
DAMAGE COMBAT A13 1
DAMAGE COMBAT A16 3
DAMAGE COMBAT A17 3
DAMAGE COMBAT A21 1
DAMAGE COMBAT A37 2
DAMAGE COMBAT B7 4
DAMAGE COMBAT B16 6
DAMAGE COMBAT B23 3
DAMAGE COMBAT B55 1
DAMAGE COMBAT B60 2
END TURN 172
TURN 173
COMMAND LEFT START
COMMAND LEFT END
COMMAND RIGHT START
MOVE B74 120
MOVE B75 120
MOVE B76 120
TRAIN 2
COMMAND RIGHT END
TURN 173 RESULT
TIME LEFT 0 5 RIGHT 0 5
TRAIN B77 B78
MOVE A15 7
MOVE B51 147
MOVE B52 147
MOVE B63 147
MOVE B65 147
MOVE B66 147
MOVE B69 139
MOVE B70 147
MOVE B71 147
MOVE B72 154
MOVE B73 154
MOVE B74 201
MOVE B75 201
MOVE B76 201
DAMAGE TURRET A16 2
DAMAGE TURRET A21 1
DAMAGE COMBAT A18 5
DAMAGE COMBAT A21 3
DAMAGE COMBAT A22 3
DAMAGE COMBAT B23 3
DAMAGE COMBAT B54 6
DAMAGE COMBAT B56 1
DAMAGE COMBAT B60 1
END TURN 173
TURN 174
COMMAND LEFT START
TRAIN 1
COMMAND LEFT END
COMMAND RIGHT START
MOVE B61 4
MOVE B77 120
MOVE B78 120
UPGRADE 120
TRAIN 2
COMMAND RIGHT END
TURN 174 RESULT
TIME LEFT 0 5 RIGHT 0 5
UPGRADE B 120
TRAIN A38 B79 B80
MOVE A15 16
MOVE B51 139
MOVE B52 139
MOVE B61 97
MOVE B63 139
MOVE B65 139
MOVE B66 139
MOVE B70 139
MOVE B71 139
MOVE B72 143
MOVE B73 143
MOVE B74 197
MOVE B75 197
MOVE B76 197
MOVE B77 201
MOVE B78 201
DAMAGE TURRET A22 2
DAMAGE COMBAT A23 5
DAMAGE COMBAT A24 5
DAMAGE COMBAT A25 3
DAMAGE COMBAT B51 3
DAMAGE COMBAT B56 5
END TURN 174
TURN 175
COMMAND LEFT START
MOVE A35 103
COMMAND LEFT END
COMMAND RIGHT START
MOVE B79 120
MOVE B80 120
COMMAND RIGHT END
TURN 175 RESULT
TIME LEFT 0 5 RIGHT 0 5
MOVE A15 38
MOVE A35 5
MOVE B61 84
MOVE B72 134
MOVE B73 134
MOVE B74 181
MOVE B75 181
MOVE B76 181
MOVE B77 197
MOVE B78 197
MOVE B79 201
MOVE B80 201
DAMAGE TURRET A25 2
DAMAGE COMBAT A26 5
DAMAGE COMBAT A27 5
DAMAGE COMBAT A28 2
DAMAGE COMBAT B51 3
DAMAGE COMBAT B52 2
END TURN 175
TURN 176
COMMAND LEFT START
COMMAND LEFT END
COMMAND RIGHT START
UPGRADE 120
COMMAND RIGHT END
TURN 176 RESULT
TIME LEFT 0 5 RIGHT 0 5
UPGRADE B 120
MOVE A15 44
MOVE A35 7
MOVE B61 67
MOVE B72 120
MOVE B73 120
MOVE B74 167
MOVE B75 167
MOVE B76 167
MOVE B77 181
MOVE B78 181
MOVE B79 197
MOVE B80 197
DAMAGE TURRET A28 2
DAMAGE TURRET B61 1
DAMAGE COMBAT A13 1
DAMAGE COMBAT A28 1
DAMAGE COMBAT A29 5
DAMAGE COMBAT B52 2
DAMAGE COMBAT B61 1
END TURN 176
TURN 177
COMMAND LEFT START
TRAIN 1
COMMAND LEFT END
COMMAND RIGHT START
MOVE B63 120
MOVE B65 120
MOVE B66 120
MOVE B67 120
MOVE B68 120
MOVE B69 120
MOVE B70 120
MOVE B71 120
TRAIN 2
COMMAND RIGHT END
TURN 177 RESULT
TIME LEFT 0 5 RIGHT 0 5
TRAIN A39 B81 B82
MOVE A15 58
MOVE A35 16
MOVE B63 137
MOVE B65 137
MOVE B66 137
MOVE B67 137
MOVE B68 137
MOVE B69 137
MOVE B70 137
MOVE B71 137
MOVE B74 154
MOVE B75 154
MOVE B76 154
MOVE B77 167
MOVE B78 167
MOVE B79 181
MOVE B80 181
DAMAGE TURRET B61 1
DAMAGE COMBAT A13 1
DAMAGE COMBAT B61 1
END TURN 177
TURN 178
COMMAND LEFT START
MOVE A38 103
COMMAND LEFT END
COMMAND RIGHT START
MOVE B81 120
MOVE B82 120
TRAIN 2
COMMAND RIGHT END
TURN 178 RESULT
TIME LEFT 0 5 RIGHT 0 5
TRAIN B83 B84
MOVE A15 69
MOVE A35 38
MOVE A38 5
MOVE B61 59
MOVE B63 134
MOVE B65 134
MOVE B66 134
MOVE B67 134
MOVE B68 134
MOVE B69 134
MOVE B70 134
MOVE B71 134
MOVE B74 143
MOVE B75 143
MOVE B76 143
MOVE B77 154
MOVE B78 154
MOVE B79 167
MOVE B80 167
MOVE B81 201
MOVE B82 201
END TURN 178
TURN 179
COMMAND LEFT START
COMMAND LEFT END
COMMAND RIGHT START
MOVE B83 120
MOVE B84 120
TRAIN 2
COMMAND RIGHT END
TURN 179 RESULT
TIME LEFT 0 5 RIGHT 0 5
TRAIN B85 B86
MOVE A15 92
MOVE A35 44
MOVE A38 7
MOVE B61 48
MOVE B63 120
MOVE B65 120
MOVE B66 120
MOVE B67 120
MOVE B68 120
MOVE B69 120
MOVE B70 120
MOVE B71 120
MOVE B74 134
MOVE B75 134
MOVE B76 134
MOVE B77 143
MOVE B78 143
MOVE B79 154
MOVE B80 154
MOVE B81 197
MOVE B82 197
MOVE B83 201
MOVE B84 201
DAMAGE TURRET B61 1
DAMAGE COMBAT A3 1
DAMAGE COMBAT B61 1
END TURN 179
TURN 180
COMMAND LEFT START
TRAIN 1
COMMAND LEFT END
COMMAND RIGHT START
MOVE B63 4
MOVE B85 120
MOVE B86 120
TRAIN 2
COMMAND RIGHT END
TURN 180 RESULT
TIME LEFT 0 5 RIGHT 0 5
TRAIN A40 B87 B88
MOVE A15 103
MOVE A35 58
MOVE A38 16
MOVE B63 97
MOVE B74 120
MOVE B75 120
MOVE B76 120
MOVE B77 134
MOVE B78 134
MOVE B79 143
MOVE B80 143
MOVE B81 181
MOVE B82 181
MOVE B83 197
MOVE B84 197
MOVE B85 201
MOVE B86 201
END TURN 180
TURN 181
COMMAND LEFT START
MOVE A39 67
COMMAND LEFT END
COMMAND RIGHT START
MOVE B65 59
MOVE B66 59
MOVE B67 59
MOVE B68 59
MOVE B69 59
MOVE B70 59
MOVE B71 59
MOVE B72 59
MOVE B73 59
MOVE B74 59
MOVE B75 59
MOVE B76 59
MOVE B87 120
MOVE B88 120
TRAIN 2
COMMAND RIGHT END
TURN 181 RESULT
TIME LEFT 0 5 RIGHT 0 5
TRAIN B89 B90
MOVE A35 69
MOVE A38 38
MOVE A39 5
MOVE B63 84
MOVE B65 97
MOVE B66 97
MOVE B67 97
MOVE B68 97
MOVE B69 97
MOVE B70 97
MOVE B71 97
MOVE B72 97
MOVE B73 97
MOVE B74 97
MOVE B75 97
MOVE B76 97
MOVE B77 120
MOVE B78 120
MOVE B79 134
MOVE B80 134
MOVE B81 167
MOVE B82 167
MOVE B83 181
MOVE B84 181
MOVE B85 197
MOVE B86 197
MOVE B87 201
MOVE B88 201
END TURN 181
TURN 182
COMMAND LEFT START
TRAIN 1
COMMAND LEFT END
COMMAND RIGHT START
MOVE B77 59
MOVE B78 59
MOVE B89 120
MOVE B90 120
TRAIN 2
COMMAND RIGHT END
TURN 182 RESULT
TIME LEFT 0 5 RIGHT 0 5
TRAIN A41 B91 B92
MOVE A35 92
MOVE A38 44
MOVE A39 7
MOVE B63 67
MOVE B65 84
MOVE B66 84
MOVE B67 84
MOVE B68 84
MOVE B69 84
MOVE B70 84
MOVE B71 84
MOVE B72 84
MOVE B73 84
MOVE B74 84
MOVE B75 84
MOVE B76 84
MOVE B77 97
MOVE B78 97
MOVE B79 120
MOVE B80 120
MOVE B81 154
MOVE B82 154
MOVE B83 167
MOVE B84 167
MOVE B85 181
MOVE B86 181
MOVE B87 197
MOVE B88 197
MOVE B89 201
MOVE B90 201
DAMAGE TURRET B63 1
SIEGE A 67 1
END TURN 182
TURN 183
COMMAND LEFT START
COMMAND LEFT END
COMMAND RIGHT START
MOVE B79 59
MOVE B80 59
MOVE B91 120
MOVE B92 120
TRAIN 2
COMMAND RIGHT END
TURN 183 RESULT
TIME LEFT 0 5 RIGHT 0 5
TRAIN B93 B94
MOVE A35 103
MOVE A38 58
MOVE A39 16
MOVE B63 59
MOVE B65 67
MOVE B66 67
MOVE B67 67
MOVE B68 67
MOVE B69 67
MOVE B70 67
MOVE B71 67
MOVE B72 67
MOVE B73 67
MOVE B74 67
MOVE B75 67
MOVE B76 67
MOVE B77 84
MOVE B78 84
MOVE B79 97
MOVE B80 97
MOVE B81 143
MOVE B82 143
MOVE B83 154
MOVE B84 154
MOVE B85 167
MOVE B86 167
MOVE B87 181
MOVE B88 181
MOVE B89 197
MOVE B90 197
MOVE B91 201
MOVE B92 201
DAMAGE TURRET B65 1
SIEGE A 67 5
END TURN 183
TURN 184
COMMAND LEFT START
TRAIN 1
COMMAND LEFT END
COMMAND RIGHT START
MOVE B93 120
MOVE B94 120
TRAIN 2
COMMAND RIGHT END
TURN 184 RESULT
TIME LEFT 0 5 RIGHT 0 5
TRAIN A42 B95 B96
MOVE A38 69
MOVE A39 28
MOVE B63 48
MOVE B65 59
MOVE B66 59
MOVE B67 59
MOVE B68 59
MOVE B69 59
MOVE B70 59
MOVE B71 59
MOVE B72 59
MOVE B73 59
MOVE B74 59
MOVE B75 59
MOVE B76 59
MOVE B77 67
MOVE B78 67
MOVE B79 84
MOVE B80 84
MOVE B81 134
MOVE B82 134
MOVE B83 143
MOVE B84 143
MOVE B85 154
MOVE B86 154
MOVE B87 167
MOVE B88 167
MOVE B89 181
MOVE B90 181
MOVE B91 197
MOVE B92 197
MOVE B93 201
MOVE B94 201
DAMAGE TURRET B63 1
DAMAGE COMBAT A3 1
DAMAGE COMBAT B63 1
END TURN 184
TURN 185
COMMAND LEFT START
MOVE A42 103
COMMAND LEFT END
COMMAND RIGHT START
MOVE B65 7
MOVE B66 7
MOVE B67 7
MOVE B68 7
MOVE B69 7
MOVE B70 7
MOVE B71 7
MOVE B72 7
MOVE B73 7
MOVE B74 7
MOVE B75 7
MOVE B76 7
MOVE B95 120
MOVE B96 120
TRAIN 1
COMMAND RIGHT END
TURN 185 RESULT
TIME LEFT 0 5 RIGHT 0 5
TRAIN B97
MOVE A38 92
MOVE A39 36
MOVE A42 5
MOVE B63 36
MOVE B65 44
MOVE B66 44
MOVE B67 44
MOVE B68 44
MOVE B69 44
MOVE B70 44
MOVE B71 44
MOVE B72 44
MOVE B73 44
MOVE B74 44
MOVE B75 44
MOVE B76 44
MOVE B77 59
MOVE B78 59
MOVE B79 67
MOVE B80 67
MOVE B81 120
MOVE B82 120
MOVE B83 134
MOVE B84 134
MOVE B85 143
MOVE B86 143
MOVE B87 154
MOVE B88 154
MOVE B89 167
MOVE B90 167
MOVE B91 181
MOVE B92 181
MOVE B93 197
MOVE B94 197
MOVE B95 201
MOVE B96 201
DAMAGE COMBAT A39 1
DAMAGE COMBAT B63 1
END TURN 185
TURN 186
COMMAND LEFT START
COMMAND LEFT END
COMMAND RIGHT START
MOVE B77 7
MOVE B78 7
MOVE B97 120
TRAIN 2
COMMAND RIGHT END
TURN 186 RESULT
TIME LEFT 0 5 RIGHT 0 5
TRAIN B98 B99
MOVE A38 103
MOVE A42 7
MOVE B65 38
MOVE B66 38
MOVE B67 38
MOVE B68 38
MOVE B69 38
MOVE B70 38
MOVE B71 38
MOVE B72 38
MOVE B73 38
MOVE B74 38
MOVE B75 38
MOVE B76 38
MOVE B77 44
MOVE B78 44
MOVE B79 59
MOVE B80 59
MOVE B83 120
MOVE B84 120
MOVE B85 134
MOVE B86 134
MOVE B87 143
MOVE B88 143
MOVE B89 154
MOVE B90 154
MOVE B91 167
MOVE B92 167
MOVE B93 181
MOVE B94 181
MOVE B95 197
MOVE B96 197
MOVE B97 201
DAMAGE COMBAT A39 1
DAMAGE COMBAT B63 1
END TURN 186
TURN 187
COMMAND LEFT START
TRAIN 1
COMMAND LEFT END
COMMAND RIGHT START
MOVE B79 7
MOVE B80 7
MOVE B98 120
MOVE B99 120
TRAIN 1
COMMAND RIGHT END
TURN 187 RESULT
TIME LEFT 0 5 RIGHT 0 5
TRAIN A43 B100
MOVE A42 16
MOVE B65 16
MOVE B66 16
MOVE B67 16
MOVE B68 16
MOVE B69 16
MOVE B70 16
MOVE B71 16
MOVE B72 16
MOVE B73 16
MOVE B74 16
MOVE B75 16
MOVE B76 16
MOVE B77 38
MOVE B78 38
MOVE B79 44
MOVE B80 44
MOVE B85 120
MOVE B86 120
MOVE B87 134
MOVE B88 134
MOVE B89 143
MOVE B90 143
MOVE B91 154
MOVE B92 154
MOVE B93 167
MOVE B94 167
MOVE B95 181
MOVE B96 181
MOVE B97 197
MOVE B98 201
MOVE B99 201
DAMAGE COMBAT A39 1
DAMAGE COMBAT A42 5
DAMAGE COMBAT B63 1
DAMAGE COMBAT B65 1
END TURN 187
TURN 188
COMMAND LEFT START
MOVE A15 48
COMMAND LEFT END
COMMAND RIGHT START
MOVE B100 120
TRAIN 2
COMMAND RIGHT END
TURN 188 RESULT
TIME LEFT 0 5 RIGHT 0 5
TRAIN B101 B102
MOVE A15 92
MOVE A39 48
MOVE B65 7
MOVE B66 7
MOVE B67 7
MOVE B68 7
MOVE B69 7
MOVE B70 7
MOVE B71 7
MOVE B72 7
MOVE B73 7
MOVE B74 7
MOVE B75 7
MOVE B76 7
MOVE B77 16
MOVE B78 16
MOVE B79 38
MOVE B80 38
MOVE B87 120
MOVE B88 120
MOVE B89 134
MOVE B90 134
MOVE B91 143
MOVE B92 143
MOVE B93 154
MOVE B94 154
MOVE B95 167
MOVE B96 167
MOVE B97 181
MOVE B98 197
MOVE B99 197
MOVE B100 201
END TURN 188
TURN 189
COMMAND LEFT START
MOVE A35 48
TRAIN 1
COMMAND LEFT END
COMMAND RIGHT START
MOVE B66 0
MOVE B67 0
MOVE B68 0
MOVE B69 0
MOVE B70 0
MOVE B71 0
MOVE B72 0
MOVE B73 0
MOVE B74 0
MOVE B75 0
MOVE B76 0
MOVE B65 4
MOVE B101 120
MOVE B102 120
TRAIN 1
COMMAND RIGHT END
TURN 189 RESULT
TIME LEFT 0 5 RIGHT 0 5
TRAIN A44 B103
MOVE A15 67
MOVE A35 92
MOVE A39 59
MOVE B65 4
MOVE B66 5
MOVE B67 5
MOVE B68 5
MOVE B69 5
MOVE B70 5
MOVE B71 5
MOVE B72 5
MOVE B73 5
MOVE B74 5
MOVE B75 5
MOVE B76 5
MOVE B77 7
MOVE B78 7
MOVE B79 16
MOVE B80 16
MOVE B89 120
MOVE B90 120
MOVE B91 134
MOVE B92 134
MOVE B93 143
MOVE B94 143
MOVE B95 154
MOVE B96 154
MOVE B97 167
MOVE B98 181
MOVE B99 181
MOVE B100 197
MOVE B101 201
MOVE B102 201
END TURN 189
TURN 190
COMMAND LEFT START
COMMAND LEFT END
COMMAND RIGHT START
MOVE B77 0
MOVE B78 0
MOVE B103 120
TRAIN 2
COMMAND RIGHT END
TURN 190 RESULT
TIME LEFT 0 5 RIGHT 0 5
TRAIN B104 B105
MOVE A15 59
MOVE A35 67
MOVE A39 67
MOVE B66 0
MOVE B67 0
MOVE B68 0
MOVE B69 0
MOVE B70 0
MOVE B71 0
MOVE B72 0
MOVE B73 0
MOVE B74 0
MOVE B75 0
MOVE B76 0
MOVE B77 5
MOVE B78 5
MOVE B79 7
MOVE B80 7
MOVE B91 120
MOVE B92 120
MOVE B93 134
MOVE B94 134
MOVE B95 143
MOVE B96 143
MOVE B97 154
MOVE B98 167
MOVE B99 167
MOVE B100 181
MOVE B101 197
MOVE B102 197
MOVE B103 201
DAMAGE TURRET B66 2
DAMAGE COMBAT A40 5
DAMAGE COMBAT A41 5
DAMAGE COMBAT A43 1
DAMAGE COMBAT B66 4
END TURN 190
TURN 191
COMMAND LEFT START
MOVE A1 0
COMMAND LEFT END
COMMAND RIGHT START
MOVE B79 0
MOVE B80 0
MOVE B104 120
MOVE B105 120
TRAIN 2
COMMAND RIGHT END
TURN 191 RESULT
TIME LEFT 0 5 RIGHT 0 5
TRAIN B106 B107
MOVE A1 20
MOVE A15 48
MOVE A35 59
MOVE B77 0
MOVE B78 0
MOVE B79 5
MOVE B80 5
MOVE B93 120
MOVE B94 120
MOVE B95 134
MOVE B96 134
MOVE B97 143
MOVE B98 154
MOVE B99 154
MOVE B100 167
MOVE B101 181
MOVE B102 181
MOVE B103 197
MOVE B104 201
MOVE B105 201
DAMAGE TURRET B67 2
DAMAGE COMBAT A43 4
DAMAGE COMBAT A44 5
DAMAGE COMBAT B67 2
SIEGE A 0 3
END TURN 191
TURN 192
COMMAND LEFT START
COMMAND LEFT END
COMMAND RIGHT START
MOVE B106 120
MOVE B107 120
TRAIN 2
COMMAND RIGHT END
TURN 192 RESULT
TIME LEFT 0 5 RIGHT 0 5
TRAIN B108 B109
MOVE A1 14
MOVE A35 48
MOVE B79 0
MOVE B80 0
MOVE B95 120
MOVE B96 120
MOVE B97 134
MOVE B98 143
MOVE B99 143
MOVE B100 154
MOVE B101 167
MOVE B102 167
MOVE B103 181
MOVE B104 197
MOVE B105 197
MOVE B106 201
MOVE B107 201
DAMAGE TURRET B67 2
SIEGE A 0 12
END TURN 192
RESULT RIGHT_WIN HQ_DESTROYED
