[LEFT ""]
[RIGHT ""]
MAP
217 15
-11177 -10014 -10051 -10254 -10181 -8854 -9485 -8450 -8633 -8277 -9461 -8281 -8186 -7402 -7570 -8437 -7621 -7398 -7121 -7164 -7101 -7718 -6640 -6535 -6975 -6184 -6253 -6037 -6080 -6060 -5983 -6604 -5920 -5625 -5630 -5448 -5255 -5065 -5320 -5103 -5082 -5065 -4968 -4789 -5589 -4761 -4680 -4671 -4455 -4505 -4341 -4135 -4195 -4210 -4055 -4074 -4333 -4052 -3858 -3799 -3852 -3417 -3561 -3481 -3326 -3293 -3804 -3262 -2905 -2929 -3099 -2980 -2875 -2771 -2488 -2487 -2209 -2745 -2628 -2290 -2268 -2119 -1829 -1829 -1814 -1879 -1790 -1517 -1786 -1640 -1525 -1276 -1233 -1078 -1127 -923 -1020 -853 -771 -837 -541 -557 -724 -118 -351 -126 2 -100 0 100 -2 126 351 118 724 557 541 837 771 853 1020 923 1127 1078 1233 1276 1525 1640 1786 1517 1790 1879 1814 1829 1829 2119 2268 2290 2628 2745 2209 2487 2488 2771 2875 2980 3099 2929 2905 3262 3804 3293 3326 3481 3561 3417 3852 3799 3858 4052 4333 4074 4055 4210 4195 4135 4341 4505 4455 4671 4680 4761 5589 4789 4968 5065 5082 5103 5320 5065 5255 5448 5630 5625 5920 6604 5983 6060 6080 6037 6253 6184 6975 6535 6640 7718 7101 7164 7121 7398 7621 8437 7570 7402 8186 8281 9461 8277 8633 8450 9485 8854 10181 10254 10051 10014 11177
379 -1329 2353 -3593 3961 1085 -5596 102 -2719 2748 6048 -1496 4125 -2490 1303 -7117 5894 -522 4399 2902 -4537 7392 -6063 682 -8233 -625 -3528 -1711 1930 3314 6000 9056 4679 190 7140 -6617 -2877 3841 -5478 2859 -4086 1299 5456 8075 -9351 6506 -210 -7540 4455 -1813 2174 -5533 -4568 3041 1359 7121 10073 -6734 5174 318 -3310 3751 -8360 6068 2438 -2090 -10480 7420 -4339 -7350 -961 -5487 -6439 1367 6466 -3231 346 9837 5066 2379 7663 -8573 -1208 -5986 -7508 3436 4684 -10894 9680 -4817 -2670 5827 6818 4033 7847 2449 -6816 -8211 -1784 -3777 5062 -5478 10712 8621 1501 4008 -6345 7362 0 -7362 6345 -4008 -1501 -8621 -10712 5478 -5062 3777 1784 8211 6816 -2449 -7847 -4033 -6818 -5827 2670 4817 -9680 10894 -4684 -3436 7508 5986 1208 8573 -7663 -2379 -5066 -9837 -346 3231 -6466 -1367 6439 5487 961 7350 4339 -7420 10480 2090 -2438 -6068 8360 -3751 3310 -318 -5174 6734 -10073 -7121 -1359 -3041 4568 5533 -2174 1813 -4455 7540 210 -6506 9351 -8075 -5456 -1299 4086 -2859 5478 -3841 2877 6617 -7140 -190 -4679 -9056 -6000 -3314 -1930 1711 3528 625 8233 -682 6063 -7392 4537 -2902 -4399 522 -5894 7117 -1303 2490 -4125 1496 -6048 -2748 2719 -102 5596 -1085 -3961 3593 -2353 1329 -379
STRONGHOLDS 9 28 34 53 69 78 92 108 124 138 147 163 182 188 207
4 1 2 5 7
5 0 3 7 8 11
4 0 4 5 9
3 1 6 8
4 2 9 10 12
5 0 2 7 9 14
5 3 8 15 20 22
6 0 1 5 11 14 17
6 1 3 6 11 13 20
6 2 4 5 12 14 19
4 4 12 16 21
5 1 7 8 13 17
6 4 9 10 16 18 19
6 8 11 17 20 26 27
7 5 7 9 17 19 23 28
3 6 22 24
5 10 12 18 21 30
7 7 11 13 14 23 25 27
6 12 16 19 29 30 32
6 9 12 14 18 28 29
7 6 8 13 22 26 38 40
5 10 16 30 31 34
6 6 15 20 24 35 38
6 14 17 25 28 33 41
5 15 22 35 44 47
5 17 23 27 33 46
5 13 20 27 36 40
7 13 17 25 26 36 46 49
6 14 19 23 29 39 41
6 18 19 28 32 37 39
7 16 18 21 32 34 42 45
4 21 34 43 56
6 18 29 30 37 42 48
4 23 25 41 46
5 21 30 31 43 45
6 22 24 38 47 51 57
5 26 27 40 49 60
5 29 32 39 48 53
6 20 22 35 40 51 52
6 28 29 37 41 50 53
6 20 26 36 38 52 60
8 23 28 33 39 46 50 54 59
5 30 32 45 48 58
7 31 34 45 55 56 67 77
4 24 47 62 66
7 30 34 42 43 55 58 63
7 25 27 33 41 49 59 70
5 24 35 44 57 62
6 32 37 42 53 58 61
6 27 36 46 60 65 70
5 39 41 53 54 64
6 35 38 52 57 71 72
6 38 40 51 60 68 71
6 37 39 48 50 61 64
5 41 50 59 64 73
4 43 45 63 67
3 31 43 77
6 35 47 51 62 69 72
6 42 45 48 61 63 78
6 41 46 54 70 73 76
7 36 40 49 52 65 68 75
8 48 53 58 64 78 79 85 86
6 44 47 57 66 69 81
6 45 55 58 67 74 78
6 50 53 54 61 73 79
6 49 60 70 75 82 90
4 44 62 81 87
6 43 55 63 74 77 80
5 52 60 71 75 89
5 57 62 72 81 84
6 46 49 59 65 76 82
6 51 52 68 72 83 89
6 51 57 69 71 83 84
6 54 59 64 76 79 104
6 63 67 78 80 91 92
6 60 65 68 89 90 99
6 59 70 73 82 104 108
6 43 56 67 80 88 102
6 58 61 63 74 86 91
6 61 64 73 85 95 104
6 67 74 77 88 92 94
6 62 66 69 84 87 97
6 65 70 76 90 98 108
6 71 72 84 89 96 101
6 69 72 81 83 96 97
5 61 79 86 93 95
6 61 78 85 91 93 100
5 66 81 97 113 114
5 77 80 94 102 103
6 68 71 75 83 99 101
5 65 75 82 98 99
6 74 78 86 92 100 110
6 74 80 91 94 107 110
5 85 86 95 100 105
5 80 88 92 103 107
7 79 85 93 104 105 117 118
6 83 84 97 101 106 109
6 81 84 87 96 109 113
6 82 90 99 108 112 121
7 75 89 90 98 101 111 121
6 86 91 93 105 110 115
7 83 89 96 99 106 111 116
4 77 88 103 129
6 88 94 102 107 119 129
6 73 76 79 95 108 118
5 93 95 100 115 117
6 96 101 109 116 124 125
6 92 94 103 110 119 120
8 76 82 98 104 112 118 134 140
6 96 97 106 113 122 124
6 91 92 100 107 115 120
5 99 101 116 121 123
6 98 108 121 137 140 143
6 87 97 109 114 122 128
4 87 113 128 139
7 100 105 110 117 120 127 133
6 101 106 111 123 125 130
7 95 105 115 118 126 127 141
6 95 104 108 117 126 134
6 103 107 120 129 132 135
6 107 110 115 119 132 133
7 98 99 111 112 123 131 137
5 109 113 124 128 136
5 111 116 121 130 131
6 106 109 122 125 136 142
6 106 116 124 130 138 142
5 117 118 134 141 151
6 115 117 133 141 145 148
5 113 114 122 136 139
5 102 103 119 135 150
6 116 123 125 131 138 155
5 121 123 130 137 155
6 119 120 133 135 144 147
6 115 120 127 132 144 145
6 108 118 126 140 146 151
6 119 129 132 147 150 154
6 122 124 128 139 142 149
6 112 121 131 143 152 155
6 125 130 142 153 155 158
6 114 128 136 149 160 173
6 108 112 134 143 146 157
6 117 126 127 148 151 156
6 124 125 136 138 149 153
6 112 137 140 152 157 162
6 132 133 145 147 159 165
6 127 133 144 148 164 165
6 134 140 151 157 167 170
5 132 135 144 154 159
5 127 141 145 156 164
6 136 139 142 153 161 173
4 129 135 154 172
6 126 134 141 146 156 167
6 137 143 155 162 163 166
6 138 142 149 158 161 171
6 135 147 150 159 169 172
8 130 131 137 138 152 158 163 168
7 141 148 151 164 167 176 180
6 140 143 146 162 170 175
6 138 153 155 168 171 174
6 144 147 154 165 169 181
3 139 173 185
4 149 153 171 173
5 143 152 157 166 175
6 152 155 166 168 177 179
6 145 148 156 165 176 178
6 144 145 159 164 178 181
5 152 162 163 175 177
6 146 151 156 170 180 189
6 155 158 163 174 179 184
5 154 159 172 181 192
7 146 157 167 175 183 189 191
7 153 158 161 173 174 182 186
4 150 154 169 192
7 139 149 160 161 171 182 185
5 158 168 171 184 186
8 157 162 166 170 177 183 188 193
6 156 164 178 180 190 196
6 163 166 175 179 187 188
6 164 165 176 181 194 196
5 163 168 177 184 187
5 156 167 176 189 190
6 159 165 169 178 192 194
5 171 173 185 186 195
4 170 175 191 193
6 168 174 179 186 187 198
4 160 173 182 195
7 171 174 182 184 195 198 200
6 177 179 184 188 197 198
6 175 177 187 193 197 202
7 167 170 180 190 191 199 203
5 176 180 189 196 203
5 170 183 189 193 199
5 169 172 181 194 201
6 175 183 188 191 199 202
6 178 181 192 196 201 210
5 182 185 186 200 206
7 176 178 190 194 203 208 210
6 187 188 198 202 204 207
6 184 186 187 197 200 204
7 189 191 193 202 203 205 209
5 186 195 198 204 206
3 192 194 210
7 188 193 197 199 207 209 211
6 189 190 196 199 205 208
6 197 198 200 206 207 212
5 199 203 208 209 215
4 195 200 204 212
6 197 202 204 211 212 214
6 196 203 205 210 213 215
6 199 202 205 211 215 216
5 194 196 201 208 213
5 202 207 209 214 216
4 204 206 207 214
3 208 210 215
4 207 211 212 216
5 205 208 209 213 216
4 209 211 214 215
END MAP
TURN 1
COMMAND LEFT START
MOVE A1 9
MOVE A2 108
COMMAND LEFT END
COMMAND RIGHT START
MOVE B2 207
MOVE B3 188
UPGRADE 216
COMMAND RIGHT END
TURN 1 RESULT
TIME LEFT 8 5 RIGHT 0 5
UPGRADE B 216
MOVE A1 2
MOVE A2 7
MOVE B2 214
MOVE B3 211
END TURN 1
TURN 2
COMMAND LEFT START
COMMAND LEFT END
COMMAND RIGHT START
COMMAND RIGHT END
TURN 2 RESULT
TIME LEFT 0 5 RIGHT 0 5
MOVE A1 9
MOVE A2 17
MOVE B2 207
MOVE B3 202
END TURN 2
TURN 3
COMMAND LEFT START
UPGRADE 9
COMMAND LEFT END
COMMAND RIGHT START
MOVE B2 216
COMMAND RIGHT END
TURN 3 RESULT
TIME LEFT 0 5 RIGHT 0 5
UPGRADE A 9
MOVE A2 25
MOVE B2 214
MOVE B3 188
END TURN 3
TURN 4
COMMAND LEFT START
COMMAND LEFT END
COMMAND RIGHT START
MOVE B3 207
COMMAND RIGHT END
TURN 4 RESULT
TIME LEFT 0 5 RIGHT 0 5
MOVE A2 46
MOVE B2 216
MOVE B3 197
END TURN 4
TURN 5
COMMAND LEFT START
COMMAND LEFT END
COMMAND RIGHT START
COMMAND RIGHT END
TURN 5 RESULT
TIME LEFT 0 5 RIGHT 0 5
MOVE A2 59
MOVE B3 207
END TURN 5
TURN 6
COMMAND LEFT START
COMMAND LEFT END
COMMAND RIGHT START
COMMAND RIGHT END
TURN 6 RESULT
TIME LEFT 0 5 RIGHT 0 5
MOVE A2 76
END TURN 6
TURN 7
COMMAND LEFT START
COMMAND LEFT END
COMMAND RIGHT START
COMMAND RIGHT END
TURN 7 RESULT
TIME LEFT 0 5 RIGHT 0 5
MOVE A2 108
END TURN 7
TURN 8
COMMAND LEFT START
COMMAND LEFT END
COMMAND RIGHT START
COMMAND RIGHT END
TURN 8 RESULT
TIME LEFT 0 5 RIGHT 0 5
END TURN 8
TURN 9
COMMAND LEFT START
COMMAND LEFT END
COMMAND RIGHT START
COMMAND RIGHT END
TURN 9 RESULT
TIME LEFT 0 5 RIGHT 0 5
END TURN 9
TURN 10
COMMAND LEFT START
COMMAND LEFT END
COMMAND RIGHT START
COMMAND RIGHT END
TURN 10 RESULT
TIME LEFT 0 5 RIGHT 0 5
END TURN 10
TURN 11
COMMAND LEFT START
COMMAND LEFT END
COMMAND RIGHT START
COMMAND RIGHT END
TURN 11 RESULT
TIME LEFT 0 5 RIGHT 0 5
END TURN 11
TURN 12
COMMAND LEFT START
COMMAND LEFT END
COMMAND RIGHT START
COMMAND RIGHT END
TURN 12 RESULT
TIME LEFT 0 5 RIGHT 0 5
END TURN 12
TURN 13
COMMAND LEFT START
COMMAND LEFT END
COMMAND RIGHT START
COMMAND RIGHT END
TURN 13 RESULT
TIME LEFT 0 5 RIGHT 0 5
END TURN 13
TURN 14
COMMAND LEFT START
MOVE A1 28
COMMAND LEFT END
COMMAND RIGHT START
COMMAND RIGHT END
TURN 14 RESULT
TIME LEFT 0 5 RIGHT 0 5
MOVE A1 19
END TURN 14
TURN 15
COMMAND LEFT START
COMMAND LEFT END
COMMAND RIGHT START
COMMAND RIGHT END
TURN 15 RESULT
TIME LEFT 0 5 RIGHT 0 5
MOVE A1 28
END TURN 15
TURN 16
COMMAND LEFT START
COMMAND LEFT END
COMMAND RIGHT START
COMMAND RIGHT END
TURN 16 RESULT
TIME LEFT 0 5 RIGHT 0 5
END TURN 16
TURN 17
COMMAND LEFT START
COMMAND LEFT END
COMMAND RIGHT START
COMMAND RIGHT END
TURN 17 RESULT
TIME LEFT 0 5 RIGHT 0 5
END TURN 17
TURN 18
COMMAND LEFT START
COMMAND LEFT END
COMMAND RIGHT START
COMMAND RIGHT END
TURN 18 RESULT
TIME LEFT 0 5 RIGHT 0 5
END TURN 18
TURN 19
COMMAND LEFT START
COMMAND LEFT END
COMMAND RIGHT START
UPGRADE 207
COMMAND RIGHT END
TURN 19 RESULT
TIME LEFT 0 5 RIGHT 0 5
UPGRADE B 207
END TURN 19
TURN 20
COMMAND LEFT START
COMMAND LEFT END
COMMAND RIGHT START
COMMAND RIGHT END
TURN 20 RESULT
TIME LEFT 0 5 RIGHT 0 5
END TURN 20
TURN 21
COMMAND LEFT START
UPGRADE 108
COMMAND LEFT END
COMMAND RIGHT START
COMMAND RIGHT END
TURN 21 RESULT
TIME LEFT 0 5 RIGHT 0 5
UPGRADE A 108
END TURN 21
TURN 22
COMMAND LEFT START
COMMAND LEFT END
COMMAND RIGHT START
COMMAND RIGHT END
TURN 22 RESULT
TIME LEFT 0 5 RIGHT 0 5
END TURN 22
TURN 23
COMMAND LEFT START
COMMAND LEFT END
COMMAND RIGHT START
COMMAND RIGHT END
TURN 23 RESULT
TIME LEFT 0 5 RIGHT 0 5
END TURN 23
TURN 24
COMMAND LEFT START
COMMAND LEFT END
COMMAND RIGHT START
COMMAND RIGHT END
TURN 24 RESULT
TIME LEFT 0 5 RIGHT 0 5
END TURN 24
TURN 25
COMMAND LEFT START
COMMAND LEFT END
COMMAND RIGHT START
COMMAND RIGHT END
TURN 25 RESULT
TIME LEFT 0 5 RIGHT 0 5
END TURN 25
TURN 26
COMMAND LEFT START
COMMAND LEFT END
COMMAND RIGHT START
TRAIN 1
COMMAND RIGHT END
TURN 26 RESULT
TIME LEFT 0 5 RIGHT 0 5
TRAIN B4
END TURN 26
TURN 27
COMMAND LEFT START
COMMAND LEFT END
COMMAND RIGHT START
MOVE B4 188
COMMAND RIGHT END
TURN 27 RESULT
TIME LEFT 0 5 RIGHT 0 5
MOVE B4 211
END TURN 27
TURN 28
COMMAND LEFT START
COMMAND LEFT END
COMMAND RIGHT START
COMMAND RIGHT END
TURN 28 RESULT
TIME LEFT 0 5 RIGHT 0 5
MOVE B4 202
END TURN 28
TURN 29
COMMAND LEFT START
COMMAND LEFT END
COMMAND RIGHT START
COMMAND RIGHT END
TURN 29 RESULT
TIME LEFT 0 5 RIGHT 0 5
MOVE B4 188
END TURN 29
TURN 30
COMMAND LEFT START
COMMAND LEFT END
COMMAND RIGHT START
COMMAND RIGHT END
TURN 30 RESULT
TIME LEFT 0 5 RIGHT 0 5
END TURN 30
TURN 31
COMMAND LEFT START
COMMAND LEFT END
COMMAND RIGHT START
COMMAND RIGHT END
TURN 31 RESULT
TIME LEFT 0 5 RIGHT 0 5
END TURN 31
TURN 32
COMMAND LEFT START
COMMAND LEFT END
COMMAND RIGHT START
COMMAND RIGHT END
TURN 32 RESULT
TIME LEFT 0 5 RIGHT 0 5
END TURN 32
TURN 33
COMMAND LEFT START
COMMAND LEFT END
COMMAND RIGHT START
COMMAND RIGHT END
TURN 33 RESULT
TIME LEFT 0 5 RIGHT 0 5
END TURN 33
TURN 34
COMMAND LEFT START
COMMAND LEFT END
COMMAND RIGHT START
COMMAND RIGHT END
TURN 34 RESULT
TIME LEFT 0 5 RIGHT 0 5
END TURN 34
TURN 35
COMMAND LEFT START
COMMAND LEFT END
COMMAND RIGHT START
COMMAND RIGHT END
TURN 35 RESULT
TIME LEFT 0 5 RIGHT 0 5
END TURN 35
TURN 36
COMMAND LEFT START
COMMAND LEFT END
COMMAND RIGHT START
UPGRADE 188
COMMAND RIGHT END
TURN 36 RESULT
TIME LEFT 0 5 RIGHT 0 5
UPGRADE B 188
END TURN 36
TURN 37
COMMAND LEFT START
COMMAND LEFT END
COMMAND RIGHT START
COMMAND RIGHT END
TURN 37 RESULT
TIME LEFT 0 5 RIGHT 0 5
END TURN 37
TURN 38
COMMAND LEFT START
COMMAND LEFT END
COMMAND RIGHT START
COMMAND RIGHT END
TURN 38 RESULT
TIME LEFT 0 5 RIGHT 0 5
END TURN 38
TURN 39
COMMAND LEFT START
COMMAND LEFT END
COMMAND RIGHT START
COMMAND RIGHT END
TURN 39 RESULT
TIME LEFT 0 5 RIGHT 0 5
END TURN 39
TURN 40
COMMAND LEFT START
UPGRADE 28
COMMAND LEFT END
COMMAND RIGHT START
COMMAND RIGHT END
TURN 40 RESULT
TIME LEFT 0 5 RIGHT 0 5
UPGRADE A 28
END TURN 40
TURN 41
COMMAND LEFT START
COMMAND LEFT END
COMMAND RIGHT START
TRAIN 1
COMMAND RIGHT END
TURN 41 RESULT
TIME LEFT 0 5 RIGHT 0 5
TRAIN B5
END TURN 41
TURN 42
COMMAND LEFT START
COMMAND LEFT END
COMMAND RIGHT START
MOVE B5 163
COMMAND RIGHT END
TURN 42 RESULT
TIME LEFT 0 5 RIGHT 0 5
MOVE B5 211
END TURN 42
TURN 43
COMMAND LEFT START
TRAIN 1
COMMAND LEFT END
COMMAND RIGHT START
COMMAND RIGHT END
TURN 43 RESULT
TIME LEFT 0 5 RIGHT 0 5
TRAIN A4
MOVE B5 202
END TURN 43
TURN 44
COMMAND LEFT START
MOVE A3 9
COMMAND LEFT END
COMMAND RIGHT START
COMMAND RIGHT END
TURN 44 RESULT
TIME LEFT 0 5 RIGHT 0 5
MOVE A3 2
MOVE B5 188
END TURN 44
TURN 45
COMMAND LEFT START
COMMAND LEFT END
COMMAND RIGHT START
COMMAND RIGHT END
TURN 45 RESULT
TIME LEFT 0 5 RIGHT 0 5
MOVE A3 9
MOVE B5 177
END TURN 45
TURN 46
COMMAND LEFT START
TRAIN 1
COMMAND LEFT END
COMMAND RIGHT START
COMMAND RIGHT END
TURN 46 RESULT
TIME LEFT 0 5 RIGHT 0 5
TRAIN A5
MOVE B5 163
END TURN 46
TURN 47
COMMAND LEFT START
COMMAND LEFT END
COMMAND RIGHT START
COMMAND RIGHT END
TURN 47 RESULT
TIME LEFT 0 5 RIGHT 0 5
END TURN 47
TURN 48
COMMAND LEFT START
COMMAND LEFT END
COMMAND RIGHT START
COMMAND RIGHT END
TURN 48 RESULT
TIME LEFT 0 5 RIGHT 0 5
END TURN 48
TURN 49
COMMAND LEFT START
COMMAND LEFT END
COMMAND RIGHT START
UPGRADE 163
COMMAND RIGHT END
TURN 49 RESULT
TIME LEFT 0 5 RIGHT 0 5
UPGRADE B 163
END TURN 49
TURN 50
COMMAND LEFT START
COMMAND LEFT END
COMMAND RIGHT START
COMMAND RIGHT END
TURN 50 RESULT
TIME LEFT 0 5 RIGHT 0 5
END TURN 50
TURN 51
COMMAND LEFT START
COMMAND LEFT END
COMMAND RIGHT START
COMMAND RIGHT END
TURN 51 RESULT
TIME LEFT 0 5 RIGHT 0 5
END TURN 51
TURN 52
COMMAND LEFT START
COMMAND LEFT END
COMMAND RIGHT START
COMMAND RIGHT END
TURN 52 RESULT
TIME LEFT 0 5 RIGHT 0 5
END TURN 52
TURN 53
COMMAND LEFT START
COMMAND LEFT END
COMMAND RIGHT START
TRAIN 1
COMMAND RIGHT END
TURN 53 RESULT
TIME LEFT 0 5 RIGHT 0 5
TRAIN B6
END TURN 53
TURN 54
COMMAND LEFT START
COMMAND LEFT END
COMMAND RIGHT START
MOVE B6 182
COMMAND RIGHT END
TURN 54 RESULT
TIME LEFT 0 5 RIGHT 0 5
MOVE B6 214
END TURN 54
TURN 55
COMMAND LEFT START
COMMAND LEFT END
COMMAND RIGHT START
COMMAND RIGHT END
TURN 55 RESULT
TIME LEFT 0 5 RIGHT 0 5
MOVE B6 207
END TURN 55
TURN 56
COMMAND LEFT START
COMMAND LEFT END
COMMAND RIGHT START
COMMAND RIGHT END
TURN 56 RESULT
TIME LEFT 0 5 RIGHT 0 5
MOVE B6 204
END TURN 56
TURN 57
COMMAND LEFT START
COMMAND LEFT END
COMMAND RIGHT START
COMMAND RIGHT END
TURN 57 RESULT
TIME LEFT 0 5 RIGHT 0 5
MOVE B6 198
END TURN 57
TURN 58
COMMAND LEFT START
UPGRADE 0
COMMAND LEFT END
COMMAND RIGHT START
COMMAND RIGHT END
TURN 58 RESULT
TIME LEFT 0 5 RIGHT 0 5
UPGRADE A 0
MOVE B6 186
END TURN 58
TURN 59
COMMAND LEFT START
COMMAND LEFT END
COMMAND RIGHT START
COMMAND RIGHT END
TURN 59 RESULT
TIME LEFT 0 5 RIGHT 0 5
MOVE B6 182
END TURN 59
TURN 60
COMMAND LEFT START
COMMAND LEFT END
COMMAND RIGHT START
UPGRADE 182
COMMAND RIGHT END
TURN 60 RESULT
TIME LEFT 0 5 RIGHT 0 5
UPGRADE B 182
END TURN 60
TURN 61
COMMAND LEFT START
COMMAND LEFT END
COMMAND RIGHT START
COMMAND RIGHT END
TURN 61 RESULT
TIME LEFT 0 5 RIGHT 0 5
END TURN 61
TURN 62
COMMAND LEFT START
COMMAND LEFT END
COMMAND RIGHT START
TRAIN 1
COMMAND RIGHT END
TURN 62 RESULT
TIME LEFT 0 5 RIGHT 0 5
TRAIN B7
END TURN 62
TURN 63
COMMAND LEFT START
COMMAND LEFT END
COMMAND RIGHT START
MOVE B7 138
COMMAND RIGHT END
TURN 63 RESULT
TIME LEFT 0 5 RIGHT 0 5
MOVE B7 211
END TURN 63
TURN 64
COMMAND LEFT START
COMMAND LEFT END
COMMAND RIGHT START
COMMAND RIGHT END
TURN 64 RESULT
TIME LEFT 0 5 RIGHT 0 5
MOVE B7 202
END TURN 64
TURN 65
COMMAND LEFT START
COMMAND LEFT END
COMMAND RIGHT START
COMMAND RIGHT END
TURN 65 RESULT
TIME LEFT 0 5 RIGHT 0 5
MOVE B7 188
END TURN 65
TURN 66
COMMAND LEFT START
COMMAND LEFT END
COMMAND RIGHT START
COMMAND RIGHT END
TURN 66 RESULT
TIME LEFT 0 5 RIGHT 0 5
MOVE B7 177
END TURN 66
TURN 67
COMMAND LEFT START
UPGRADE 9
COMMAND LEFT END
COMMAND RIGHT START
COMMAND RIGHT END
TURN 67 RESULT
TIME LEFT 0 5 RIGHT 0 5
UPGRADE A 9
MOVE B7 163
END TURN 67
TURN 68
COMMAND LEFT START
TRAIN 1
COMMAND LEFT END
COMMAND RIGHT START
COMMAND RIGHT END
TURN 68 RESULT
TIME LEFT 0 5 RIGHT 0 5
TRAIN A6
MOVE B7 155
END TURN 68
TURN 69
COMMAND LEFT START
MOVE A4 9
COMMAND LEFT END
COMMAND RIGHT START
COMMAND RIGHT END
TURN 69 RESULT
TIME LEFT 0 5 RIGHT 0 5
MOVE A4 2
MOVE B7 138
END TURN 69
TURN 70
COMMAND LEFT START
COMMAND LEFT END
COMMAND RIGHT START
UPGRADE 138
TRAIN 1
COMMAND RIGHT END
TURN 70 RESULT
TIME LEFT 0 5 RIGHT 0 5
UPGRADE B 138
TRAIN B8
MOVE A4 9
END TURN 70
TURN 71
COMMAND LEFT START
COMMAND LEFT END
COMMAND RIGHT START
MOVE B8 147
COMMAND RIGHT END
TURN 71 RESULT
TIME LEFT 0 5 RIGHT 0 5
MOVE B8 215
END TURN 71
TURN 72
COMMAND LEFT START
COMMAND LEFT END
COMMAND RIGHT START
COMMAND RIGHT END
TURN 72 RESULT
TIME LEFT 0 5 RIGHT 0 5
MOVE B8 208
END TURN 72
TURN 73
COMMAND LEFT START
COMMAND LEFT END
COMMAND RIGHT START
COMMAND RIGHT END
TURN 73 RESULT
TIME LEFT 0 5 RIGHT 0 5
MOVE B8 196
END TURN 73
TURN 74
COMMAND LEFT START
COMMAND LEFT END
COMMAND RIGHT START
COMMAND RIGHT END
TURN 74 RESULT
TIME LEFT 0 5 RIGHT 0 5
MOVE B8 194
END TURN 74
TURN 75
COMMAND LEFT START
COMMAND LEFT END
COMMAND RIGHT START
COMMAND RIGHT END
TURN 75 RESULT
TIME LEFT 0 5 RIGHT 0 5
MOVE B8 181
END TURN 75
TURN 76
COMMAND LEFT START
UPGRADE 28
COMMAND LEFT END
COMMAND RIGHT START
COMMAND RIGHT END
TURN 76 RESULT
TIME LEFT 0 5 RIGHT 0 5
UPGRADE A 28
MOVE B8 159
END TURN 76
TURN 77
COMMAND LEFT START
TRAIN 1
COMMAND LEFT END
COMMAND RIGHT START
COMMAND RIGHT END
TURN 77 RESULT
TIME LEFT 0 5 RIGHT 0 5
TRAIN A7
MOVE B8 147
END TURN 77
TURN 78
COMMAND LEFT START
MOVE A5 28
COMMAND LEFT END
COMMAND RIGHT START
UPGRADE 147
TRAIN 1
COMMAND RIGHT END
TURN 78 RESULT
TIME LEFT 0 5 RIGHT 0 5
UPGRADE B 147
TRAIN B9
MOVE A5 5
END TURN 78
TURN 79
COMMAND LEFT START
COMMAND LEFT END
COMMAND RIGHT START
MOVE B9 124
COMMAND RIGHT END
TURN 79 RESULT
TIME LEFT 0 5 RIGHT 0 5
MOVE A5 14
MOVE B9 214
END TURN 79
TURN 80
COMMAND LEFT START
COMMAND LEFT END
COMMAND RIGHT START
COMMAND RIGHT END
TURN 80 RESULT
TIME LEFT 0 5 RIGHT 0 5
MOVE A5 28
MOVE B9 207
END TURN 80
TURN 81
COMMAND LEFT START
COMMAND LEFT END
COMMAND RIGHT START
COMMAND RIGHT END
TURN 81 RESULT
TIME LEFT 0 5 RIGHT 0 5
MOVE B9 197
END TURN 81
TURN 82
COMMAND LEFT START
COMMAND LEFT END
COMMAND RIGHT START
COMMAND RIGHT END
TURN 82 RESULT
TIME LEFT 0 5 RIGHT 0 5
MOVE B9 187
END TURN 82
TURN 83
COMMAND LEFT START
COMMAND LEFT END
COMMAND RIGHT START
COMMAND RIGHT END
TURN 83 RESULT
TIME LEFT 0 5 RIGHT 0 5
MOVE B9 179
END TURN 83
TURN 84
COMMAND LEFT START
COMMAND LEFT END
COMMAND RIGHT START
TRAIN 1
COMMAND RIGHT END
TURN 84 RESULT
TIME LEFT 0 5 RIGHT 0 5
TRAIN B10
MOVE B9 168
END TURN 84
TURN 85
COMMAND LEFT START
COMMAND LEFT END
COMMAND RIGHT START
MOVE B10 17
TRAIN 1
COMMAND RIGHT END
TURN 85 RESULT
TIME LEFT 0 5 RIGHT 0 5
TRAIN B11
MOVE B9 158
MOVE B10 209
END TURN 85
TURN 86
COMMAND LEFT START
COMMAND LEFT END
COMMAND RIGHT START
MOVE B11 17
COMMAND RIGHT END
TURN 86 RESULT
TIME LEFT 0 5 RIGHT 0 5
MOVE B9 153
MOVE B10 199
MOVE B11 209
END TURN 86
TURN 87
COMMAND LEFT START
COMMAND LEFT END
COMMAND RIGHT START
TRAIN 1
COMMAND RIGHT END
TURN 87 RESULT
TIME LEFT 0 5 RIGHT 0 5
TRAIN B12
MOVE B9 142
MOVE B10 191
MOVE B11 199
END TURN 87
TURN 88
COMMAND LEFT START
COMMAND LEFT END
COMMAND RIGHT START
TRAIN 1
COMMAND RIGHT END
TURN 88 RESULT
TIME LEFT 0 5 RIGHT 0 5
TRAIN B13
MOVE B9 124
MOVE B10 170
MOVE B11 191
END TURN 88
TURN 89
COMMAND LEFT START
UPGRADE 0
COMMAND LEFT END
COMMAND RIGHT START
UPGRADE 124
TRAIN 1
COMMAND RIGHT END
TURN 89 RESULT
TIME LEFT 0 5 RIGHT 0 5
UPGRADE A 0
UPGRADE B 124
TRAIN B14
MOVE B10 157
MOVE B11 170
END TURN 89
TURN 90
COMMAND LEFT START
TRAIN 1
COMMAND LEFT END
COMMAND RIGHT START
TRAIN 1
COMMAND RIGHT END
TURN 90 RESULT
TIME LEFT 0 5 RIGHT 0 5
TRAIN A8 B15
MOVE B10 140
MOVE B11 157
END TURN 90
TURN 91
COMMAND LEFT START
COMMAND LEFT END
COMMAND RIGHT START
TRAIN 1
COMMAND RIGHT END
TURN 91 RESULT
TIME LEFT 0 5 RIGHT 0 5
TRAIN B16
MOVE B10 108
MOVE B11 140
DAMAGE TURRET B10 1
DAMAGE COMBAT A2 1
DAMAGE COMBAT B10 1
END TURN 91
TURN 92
COMMAND LEFT START
COMMAND LEFT END
COMMAND RIGHT START
COMMAND RIGHT END
TURN 92 RESULT
TIME LEFT 0 5 RIGHT 0 5
MOVE B11 108
DAMAGE TURRET B10 1
DAMAGE COMBAT A2 2
DAMAGE COMBAT B10 1
END TURN 92
TURN 93
COMMAND LEFT START
COMMAND LEFT END
COMMAND RIGHT START
TRAIN 1
COMMAND RIGHT END
TURN 93 RESULT
TIME LEFT 0 5 RIGHT 0 5
TRAIN B17
DAMAGE TURRET B10 1
DAMAGE COMBAT A2 1
DAMAGE COMBAT B11 1
SIEGE A 108 1
END TURN 93
TURN 94
COMMAND LEFT START
TRAIN 1
COMMAND LEFT END
COMMAND RIGHT START
MOVE B12 17
TRAIN 1
COMMAND RIGHT END
TURN 94 RESULT
TIME LEFT 0 5 RIGHT 0 5
TRAIN A9 B18
MOVE B11 76
MOVE B12 209
END TURN 94
TURN 95
COMMAND LEFT START
TRAIN 1
COMMAND LEFT END
COMMAND RIGHT START
TRAIN 1
COMMAND RIGHT END
TURN 95 RESULT
TIME LEFT 0 5 RIGHT 0 5
TRAIN A10 B19
MOVE B11 59
MOVE B12 199
END TURN 95
TURN 96
COMMAND LEFT START
TRAIN 1
COMMAND LEFT END
COMMAND RIGHT START
TRAIN 1
COMMAND RIGHT END
TURN 96 RESULT
TIME LEFT 0 5 RIGHT 0 5
TRAIN A11 B20
MOVE B11 46
MOVE B12 191
END TURN 96
TURN 97
COMMAND LEFT START
MOVE A1 108
COMMAND LEFT END
COMMAND RIGHT START
COMMAND RIGHT END
TURN 97 RESULT
TIME LEFT 0 5 RIGHT 0 5
MOVE A1 41
MOVE B11 25
MOVE B12 170
END TURN 97
TURN 98
COMMAND LEFT START
MOVE A3 108
MOVE A6 9
MOVE A7 28
COMMAND LEFT END
COMMAND RIGHT START
TRAIN 1
COMMAND RIGHT END
TURN 98 RESULT
TIME LEFT 0 5 RIGHT 0 5
TRAIN B21
MOVE A1 59
MOVE A3 19
MOVE A6 2
MOVE A7 5
MOVE B11 17
MOVE B12 157
END TURN 98
TURN 99
COMMAND LEFT START
TRAIN 1
COMMAND LEFT END
COMMAND RIGHT START
COMMAND RIGHT END
TURN 99 RESULT
TIME LEFT 0 5 RIGHT 0 5
TRAIN A12
MOVE A1 76
MOVE A3 28
MOVE A6 9
MOVE A7 14
MOVE B12 140
END TURN 99
TURN 100
COMMAND LEFT START
MOVE A4 108
COMMAND LEFT END
COMMAND RIGHT START
COMMAND RIGHT END
TURN 100 RESULT
TIME LEFT 0 5 RIGHT 0 5
MOVE A1 108
MOVE A3 41
MOVE A4 19
MOVE A7 28
MOVE B12 108
DAMAGE TURRET B12 1
DAMAGE COMBAT A1 1
DAMAGE COMBAT B12 1
END TURN 100
TURN 101
COMMAND LEFT START
MOVE A8 9
COMMAND LEFT END
COMMAND RIGHT START
COMMAND RIGHT END
TURN 101 RESULT
TIME LEFT 0 5 RIGHT 0 5
MOVE A3 59
MOVE A4 28
MOVE A8 2
DAMAGE TURRET B12 1
DAMAGE COMBAT A1 1
DAMAGE COMBAT B12 1
END TURN 101
TURN 102
COMMAND LEFT START
COMMAND LEFT END
COMMAND RIGHT START
COMMAND RIGHT END
TURN 102 RESULT
TIME LEFT 0 5 RIGHT 0 5
MOVE A3 76
MOVE A4 41
MOVE A8 9
DAMAGE TURRET B12 1
DAMAGE COMBAT A1 1
END TURN 102
TURN 103
COMMAND LEFT START
UPGRADE 108
COMMAND LEFT END
COMMAND RIGHT START
MOVE B13 17
COMMAND RIGHT END
TURN 103 RESULT
TIME LEFT 0 5 RIGHT 0 5
UPGRADE A 108
MOVE A3 108
MOVE A4 59
MOVE B13 209
END TURN 103
TURN 104
COMMAND LEFT START
COMMAND LEFT END
COMMAND RIGHT START
COMMAND RIGHT END
TURN 104 RESULT
TIME LEFT 0 5 RIGHT 0 5
MOVE A4 76
MOVE B13 199
END TURN 104
TURN 105
COMMAND LEFT START
COMMAND LEFT END
COMMAND RIGHT START
COMMAND RIGHT END
TURN 105 RESULT
TIME LEFT 0 5 RIGHT 0 5
MOVE A4 108
MOVE B13 191
END TURN 105
TURN 106
COMMAND LEFT START
COMMAND LEFT END
COMMAND RIGHT START
COMMAND RIGHT END
TURN 106 RESULT
TIME LEFT 0 5 RIGHT 0 5
MOVE B13 170
END TURN 106
TURN 107
COMMAND LEFT START
COMMAND LEFT END
COMMAND RIGHT START
UPGRADE 216
COMMAND RIGHT END
TURN 107 RESULT
TIME LEFT 0 5 RIGHT 0 5
UPGRADE B 216
MOVE B13 157
END TURN 107
TURN 108
COMMAND LEFT START
UPGRADE 9
COMMAND LEFT END
COMMAND RIGHT START
COMMAND RIGHT END
TURN 108 RESULT
TIME LEFT 0 5 RIGHT 0 5
UPGRADE A 9
MOVE B13 140
END TURN 108
TURN 109
COMMAND LEFT START
MOVE A9 9
COMMAND LEFT END
COMMAND RIGHT START
TRAIN 1
COMMAND RIGHT END
TURN 109 RESULT
TIME LEFT 0 5 RIGHT 0 5
TRAIN B22
MOVE A9 2
MOVE B13 108
DAMAGE TURRET B13 1
DAMAGE COMBAT A1 1
DAMAGE COMBAT B13 3
END TURN 109
TURN 110
COMMAND LEFT START
COMMAND LEFT END
COMMAND RIGHT START
TRAIN 1
COMMAND RIGHT END
TURN 110 RESULT
TIME LEFT 0 5 RIGHT 0 5
TRAIN B23
MOVE A9 9
DAMAGE TURRET B13 1
DAMAGE COMBAT A3 1
END TURN 110
TURN 111
COMMAND LEFT START
COMMAND LEFT END
COMMAND RIGHT START
MOVE B15 17
TRAIN 1
COMMAND RIGHT END
TURN 111 RESULT
TIME LEFT 0 5 RIGHT 0 5
TRAIN B24
MOVE B15 209
END TURN 111
TURN 112
COMMAND LEFT START
COMMAND LEFT END
COMMAND RIGHT START
TRAIN 1
COMMAND RIGHT END
TURN 112 RESULT
TIME LEFT 0 5 RIGHT 0 5
TRAIN B25
MOVE B15 199
END TURN 112
TURN 113
COMMAND LEFT START
UPGRADE 28
COMMAND LEFT END
COMMAND RIGHT START
COMMAND RIGHT END
TURN 113 RESULT
TIME LEFT 0 5 RIGHT 0 5
UPGRADE A 28
MOVE B15 191
END TURN 113
TURN 114
COMMAND LEFT START
TRAIN 1
COMMAND LEFT END
COMMAND RIGHT START
TRAIN 1
COMMAND RIGHT END
TURN 114 RESULT
TIME LEFT 0 5 RIGHT 0 5
TRAIN A13 B26
MOVE B15 170
END TURN 114
TURN 115
COMMAND LEFT START
MOVE A10 28
COMMAND LEFT END
COMMAND RIGHT START
TRAIN 1
COMMAND RIGHT END
TURN 115 RESULT
TIME LEFT 0 5 RIGHT 0 5
TRAIN B27
MOVE A10 5
MOVE B15 157
END TURN 115
TURN 116
COMMAND LEFT START
COMMAND LEFT END
COMMAND RIGHT START
TRAIN 1
COMMAND RIGHT END
TURN 116 RESULT
TIME LEFT 0 5 RIGHT 0 5
TRAIN B28
MOVE A10 14
MOVE B15 140
END TURN 116
TURN 117
COMMAND LEFT START
COMMAND LEFT END
COMMAND RIGHT START
TRAIN 1
COMMAND RIGHT END
TURN 117 RESULT
TIME LEFT 0 5 RIGHT 0 5
TRAIN B29
MOVE A10 28
MOVE B15 108
DAMAGE TURRET B15 1
DAMAGE COMBAT A3 1
DAMAGE COMBAT B15 2
END TURN 117
TURN 118
COMMAND LEFT START
TRAIN 1
COMMAND LEFT END
COMMAND RIGHT START
TRAIN 1
COMMAND RIGHT END
TURN 118 RESULT
TIME LEFT 0 5 RIGHT 0 5
TRAIN A14 B30
DAMAGE TURRET B15 1
DAMAGE COMBAT A3 1
DAMAGE COMBAT B15 1
END TURN 118
TURN 119
COMMAND LEFT START
UPGRADE 108
COMMAND LEFT END
COMMAND RIGHT START
MOVE B16 17
COMMAND RIGHT END
TURN 119 RESULT
TIME LEFT 0 5 RIGHT 0 5
UPGRADE A 108
MOVE B16 209
END TURN 119
TURN 120
COMMAND LEFT START
TRAIN 1
COMMAND LEFT END
COMMAND RIGHT START
TRAIN 1
COMMAND RIGHT END
TURN 120 RESULT
TIME LEFT 0 5 RIGHT 0 5
TRAIN A15 B31
MOVE B16 199
END TURN 120
TURN 121
COMMAND LEFT START
TRAIN 1
COMMAND LEFT END
COMMAND RIGHT START
TRAIN 1
COMMAND RIGHT END
TURN 121 RESULT
TIME LEFT 0 5 RIGHT 0 5
TRAIN A16 B32
MOVE B16 191
END TURN 121
TURN 122
COMMAND LEFT START
TRAIN 1
COMMAND LEFT END
COMMAND RIGHT START
TRAIN 1
COMMAND RIGHT END
TURN 122 RESULT
TIME LEFT 0 5 RIGHT 0 5
TRAIN A17 B33
MOVE B16 170
END TURN 122
TURN 123
COMMAND LEFT START
TRAIN 1
COMMAND LEFT END
COMMAND RIGHT START
COMMAND RIGHT END
TURN 123 RESULT
TIME LEFT 0 5 RIGHT 0 5
TRAIN A18
MOVE B16 157
END TURN 123
TURN 124
COMMAND LEFT START
TRAIN 1
COMMAND LEFT END
COMMAND RIGHT START
TRAIN 1
COMMAND RIGHT END
TURN 124 RESULT
TIME LEFT 0 5 RIGHT 0 5
TRAIN A19 B34
MOVE B16 140
END TURN 124
TURN 125
COMMAND LEFT START
TRAIN 1
COMMAND LEFT END
COMMAND RIGHT START
TRAIN 1
COMMAND RIGHT END
TURN 125 RESULT
TIME LEFT 0 5 RIGHT 0 5
TRAIN A20 B35
MOVE B16 108
DAMAGE TURRET B16 2
DAMAGE COMBAT A3 1
DAMAGE COMBAT B16 2
END TURN 125
TURN 126
COMMAND LEFT START
TRAIN 2
COMMAND LEFT END
COMMAND RIGHT START
TRAIN 1
COMMAND RIGHT END
TURN 126 RESULT
TIME LEFT 0 5 RIGHT 0 5
TRAIN A21 A22 B36
DAMAGE TURRET B16 1
DAMAGE COMBAT A4 1
END TURN 126
TURN 127
COMMAND LEFT START
TRAIN 1
COMMAND LEFT END
COMMAND RIGHT START
MOVE B17 17
COMMAND RIGHT END
TURN 127 RESULT
TIME LEFT 0 5 RIGHT 0 5
TRAIN A23
MOVE B17 209
END TURN 127
TURN 128
COMMAND LEFT START
TRAIN 1
COMMAND LEFT END
COMMAND RIGHT START
TRAIN 1
COMMAND RIGHT END
TURN 128 RESULT
TIME LEFT 0 5 RIGHT 0 5
TRAIN A24 B37
MOVE B17 199
END TURN 128
TURN 129
COMMAND LEFT START
TRAIN 1
COMMAND LEFT END
COMMAND RIGHT START
TRAIN 1
COMMAND RIGHT END
TURN 129 RESULT
TIME LEFT 0 5 RIGHT 0 5
TRAIN A25 B38
MOVE B17 191
END TURN 129
TURN 130
COMMAND LEFT START
COMMAND LEFT END
COMMAND RIGHT START
COMMAND RIGHT END
TURN 130 RESULT
TIME LEFT 0 5 RIGHT 0 5
MOVE B17 170
END TURN 130
TURN 131
COMMAND LEFT START
TRAIN 1
COMMAND LEFT END
COMMAND RIGHT START
TRAIN 1
COMMAND RIGHT END
TURN 131 RESULT
TIME LEFT 0 5 RIGHT 0 5
TRAIN A26 B39
MOVE B17 157
END TURN 131
TURN 132
COMMAND LEFT START
TRAIN 1
COMMAND LEFT END
COMMAND RIGHT START
TRAIN 1
COMMAND RIGHT END
TURN 132 RESULT
TIME LEFT 0 5 RIGHT 0 5
TRAIN A27 B40
MOVE B17 140
END TURN 132
TURN 133
COMMAND LEFT START
TRAIN 1
COMMAND LEFT END
COMMAND RIGHT START
COMMAND RIGHT END
TURN 133 RESULT
TIME LEFT 0 5 RIGHT 0 5
TRAIN A28
MOVE B17 108
DAMAGE TURRET B17 2
DAMAGE COMBAT A4 1
DAMAGE COMBAT B17 1
END TURN 133
TURN 134
COMMAND LEFT START
TRAIN 1
COMMAND LEFT END
COMMAND RIGHT START
TRAIN 1
COMMAND RIGHT END
TURN 134 RESULT
TIME LEFT 0 5 RIGHT 0 5
TRAIN A29 B41
DAMAGE TURRET B17 2
DAMAGE COMBAT A4 1
END TURN 134
TURN 135
COMMAND LEFT START
TRAIN 1
COMMAND LEFT END
COMMAND RIGHT START
MOVE B18 17
TRAIN 1
COMMAND RIGHT END
TURN 135 RESULT
TIME LEFT 0 5 RIGHT 0 5
TRAIN A30 B42
MOVE B18 209
END TURN 135
TURN 136
COMMAND LEFT START
TRAIN 1
COMMAND LEFT END
COMMAND RIGHT START
COMMAND RIGHT END
TURN 136 RESULT
TIME LEFT 0 5 RIGHT 0 5
TRAIN A31
MOVE B18 199
END TURN 136
TURN 137
COMMAND LEFT START
COMMAND LEFT END
COMMAND RIGHT START
TRAIN 1
COMMAND RIGHT END
TURN 137 RESULT
TIME LEFT 0 5 RIGHT 0 5
TRAIN B43
MOVE B18 191
END TURN 137
TURN 138
COMMAND LEFT START
TRAIN 1
COMMAND LEFT END
COMMAND RIGHT START
TRAIN 1
COMMAND RIGHT END
TURN 138 RESULT
TIME LEFT 0 5 RIGHT 0 5
TRAIN A32 B44
MOVE B18 170
END TURN 138
TURN 139
COMMAND LEFT START
TRAIN 1
COMMAND LEFT END
COMMAND RIGHT START
COMMAND RIGHT END
TURN 139 RESULT
TIME LEFT 0 5 RIGHT 0 5
TRAIN A33
MOVE B18 157
END TURN 139
TURN 140
COMMAND LEFT START
TRAIN 1
COMMAND LEFT END
COMMAND RIGHT START
TRAIN 1
COMMAND RIGHT END
TURN 140 RESULT
TIME LEFT 0 5 RIGHT 0 5
TRAIN A34 B45
MOVE B18 140
END TURN 140
TURN 141
COMMAND LEFT START
COMMAND LEFT END
COMMAND RIGHT START
COMMAND RIGHT END
TURN 141 RESULT
TIME LEFT 0 5 RIGHT 0 5
MOVE B18 108
DAMAGE TURRET B18 2
DAMAGE COMBAT A4 1
DAMAGE COMBAT B18 1
END TURN 141
TURN 142
COMMAND LEFT START
MOVE A34 28
MOVE A33 28
MOVE A32 28
MOVE A31 28
MOVE A30 28
MOVE A29 28
MOVE A28 28
MOVE A27 28
MOVE A26 28
MOVE A25 28
MOVE A24 28
MOVE A23 28
MOVE A22 28
MOVE A21 28
MOVE A20 28
MOVE A19 28
MOVE A18 28
MOVE A17 28
MOVE A16 28
TRAIN 1
COMMAND LEFT END
COMMAND RIGHT START
TRAIN 1
COMMAND RIGHT END
TURN 142 RESULT
TIME LEFT 0 5 RIGHT 0 5
TRAIN A35 B46
MOVE A16 5
MOVE A17 5
MOVE A18 5
MOVE A19 5
MOVE A20 5
MOVE A21 5
MOVE A22 5
MOVE A23 5
MOVE A24 5
MOVE A25 5
MOVE A26 5
MOVE A27 5
MOVE A28 5
MOVE A29 5
MOVE A30 5
MOVE A31 5
MOVE A32 5
MOVE A33 5
MOVE A34 5
MOVE B18 76
END TURN 142
TURN 143
COMMAND LEFT START
TRAIN 1
COMMAND LEFT END
COMMAND RIGHT START
TRAIN 1
COMMAND RIGHT END
TURN 143 RESULT
TIME LEFT 0 5 RIGHT 0 5
TRAIN A36 B47
MOVE A16 14
MOVE A17 14
MOVE A18 14
MOVE A19 14
MOVE A20 14
MOVE A21 14
MOVE A22 14
MOVE A23 14
MOVE A24 14
MOVE A25 14
MOVE A26 14
MOVE A27 14
MOVE A28 14
MOVE A29 14
MOVE A30 14
MOVE A31 14
MOVE A32 14
MOVE A33 14
MOVE A34 14
MOVE B18 59
END TURN 143
TURN 144
COMMAND LEFT START
COMMAND LEFT END
COMMAND RIGHT START
COMMAND RIGHT END
TURN 144 RESULT
TIME LEFT 0 5 RIGHT 0 5
MOVE A16 28
MOVE A17 28
MOVE A18 28
MOVE A19 28
MOVE A20 28
MOVE A21 28
MOVE A22 28
MOVE A23 28
MOVE A24 28
MOVE A25 28
MOVE A26 28
MOVE A27 28
MOVE A28 28
MOVE A29 28
MOVE A30 28
MOVE A31 28
MOVE A32 28
MOVE A33 28
MOVE A34 28
MOVE B18 46
END TURN 144
TURN 145
COMMAND LEFT START
MOVE A5 108
MOVE A7 108
MOVE A10 108
MOVE A34 216
COMMAND LEFT END
COMMAND RIGHT START
TRAIN 1
COMMAND RIGHT END
TURN 145 RESULT
TIME LEFT 0 5 RIGHT 0 5
TRAIN B48
MOVE A5 41
MOVE A7 41
MOVE A10 41
MOVE A34 41
MOVE B18 25
END TURN 145
TURN 146
COMMAND LEFT START
MOVE A16 108
COMMAND LEFT END
COMMAND RIGHT START
COMMAND RIGHT END
TURN 146 RESULT
TIME LEFT 0 5 RIGHT 0 5
MOVE A5 59
MOVE A7 59
MOVE A10 59
MOVE A16 41
MOVE A34 54
MOVE B18 17
END TURN 146
TURN 147
COMMAND LEFT START
MOVE A17 108
COMMAND LEFT END
COMMAND RIGHT START
TRAIN 1
COMMAND RIGHT END
TURN 147 RESULT
TIME LEFT 0 5 RIGHT 0 5
TRAIN B49
MOVE A5 76
MOVE A7 76
MOVE A10 76
MOVE A16 59
MOVE A17 41
MOVE A34 73
END TURN 147
TURN 148
COMMAND LEFT START
MOVE A18 108
COMMAND LEFT END
COMMAND RIGHT START
COMMAND RIGHT END
TURN 148 RESULT
TIME LEFT 0 5 RIGHT 0 5
MOVE A5 108
MOVE A7 108
MOVE A10 108
MOVE A16 76
MOVE A17 59
MOVE A18 41
MOVE A34 104
END TURN 148
TURN 149
COMMAND LEFT START
COMMAND LEFT END
COMMAND RIGHT START
TRAIN 1
COMMAND RIGHT END
TURN 149 RESULT
TIME LEFT 0 5 RIGHT 0 5
TRAIN B50
MOVE A16 108
MOVE A17 76
MOVE A18 59
MOVE A34 118
END TURN 149
TURN 150
COMMAND LEFT START
MOVE A33 53
COMMAND LEFT END
COMMAND RIGHT START
COMMAND RIGHT END
TURN 150 RESULT
TIME LEFT 0 5 RIGHT 0 5
MOVE A17 108
MOVE A18 76
MOVE A33 39
MOVE A34 134
END TURN 150
TURN 151
COMMAND LEFT START
TRAIN 1
COMMAND LEFT END
COMMAND RIGHT START
TRAIN 1
COMMAND RIGHT END
TURN 151 RESULT
TIME LEFT 0 5 RIGHT 0 5
TRAIN A37 B51
MOVE A18 108
MOVE A33 53
MOVE A34 146
END TURN 151
TURN 152
COMMAND LEFT START
UPGRADE 53
COMMAND LEFT END
COMMAND RIGHT START
COMMAND RIGHT END
TURN 152 RESULT
TIME LEFT 0 5 RIGHT 0 5
UPGRADE A 53
MOVE A34 170
END TURN 152
TURN 153
COMMAND LEFT START
COMMAND LEFT END
COMMAND RIGHT START
TRAIN 1
COMMAND RIGHT END
TURN 153 RESULT
TIME LEFT 0 5 RIGHT 0 5
TRAIN B52
MOVE A34 191
END TURN 153
TURN 154
COMMAND LEFT START
COMMAND LEFT END
COMMAND RIGHT START
TRAIN 1
COMMAND RIGHT END
TURN 154 RESULT
TIME LEFT 0 5 RIGHT 0 5
TRAIN B53
MOVE A34 199
END TURN 154
TURN 155
COMMAND LEFT START
MOVE A32 108
MOVE A31 108
MOVE A30 108
MOVE A29 108
MOVE A28 108
MOVE A27 108
MOVE A26 108
MOVE A25 108
MOVE A24 108
MOVE A23 108
MOVE A22 108
TRAIN 2
COMMAND LEFT END
COMMAND RIGHT START
COMMAND RIGHT END
TURN 155 RESULT
TIME LEFT 0 5 RIGHT 0 5
TRAIN A38 A39
MOVE A22 41
MOVE A23 41
MOVE A24 41
MOVE A25 41
MOVE A26 41
MOVE A27 41
MOVE A28 41
MOVE A29 41
MOVE A30 41
MOVE A31 41
MOVE A32 41
MOVE A34 209
END TURN 155
TURN 156
COMMAND LEFT START
TRAIN 2
COMMAND LEFT END
COMMAND RIGHT START
COMMAND RIGHT END
TURN 156 RESULT
TIME LEFT 0 5 RIGHT 0 5
TRAIN A40 A41
MOVE A22 59
MOVE A23 59
MOVE A24 59
MOVE A25 59
MOVE A26 59
MOVE A27 59
MOVE A28 59
MOVE A29 59
MOVE A30 59
MOVE A31 59
MOVE A32 59
MOVE A34 216
DAMAGE TURRET A34 2
DAMAGE COMBAT A34 4
DAMAGE COMBAT B1 1
END TURN 156
TURN 157
COMMAND LEFT START
COMMAND LEFT END
COMMAND RIGHT START
MOVE B19 25
MOVE B20 25
MOVE B21 25
MOVE B22 25
MOVE B23 25
MOVE B24 25
MOVE B25 25
MOVE B26 25
MOVE B27 25
MOVE B28 25
MOVE B29 25
MOVE B30 25
MOVE B31 25
MOVE B32 25
MOVE B33 25
MOVE B34 25
MOVE B35 25
MOVE B36 25
MOVE B37 25
MOVE B38 25
MOVE B39 25
MOVE B40 25
MOVE B41 25
MOVE B42 25
MOVE B43 25
MOVE B44 25
MOVE B45 25
MOVE B46 25
MOVE B47 25
MOVE B48 25
MOVE B49 25
MOVE B50 25
MOVE B51 25
MOVE B52 25
MOVE B53 25
COMMAND RIGHT END
TURN 157 RESULT
TIME LEFT 0 5 RIGHT 0 5
MOVE A22 76
MOVE A23 76
MOVE A24 76
MOVE A25 76
MOVE A26 76
MOVE A27 76
MOVE A28 76
MOVE A29 76
MOVE A30 76
MOVE A31 76
MOVE A32 76
MOVE B19 209
MOVE B20 209
MOVE B21 209
MOVE B22 209
MOVE B23 209
MOVE B24 209
MOVE B25 209
MOVE B26 209
MOVE B27 209
MOVE B28 209
MOVE B29 209
MOVE B30 209
MOVE B31 209
MOVE B32 209
MOVE B33 209
MOVE B34 209
MOVE B35 209
MOVE B36 209
MOVE B37 209
MOVE B38 209
MOVE B39 209
MOVE B40 209
MOVE B41 209
MOVE B42 209
MOVE B43 209
MOVE B44 209
MOVE B45 209
MOVE B46 209
MOVE B47 209
MOVE B48 209
MOVE B49 209
MOVE B50 209
MOVE B51 209
MOVE B52 209
MOVE B53 209
END TURN 157
TURN 158
COMMAND LEFT START
COMMAND LEFT END
COMMAND RIGHT START
COMMAND RIGHT END
TURN 158 RESULT
TIME LEFT 0 5 RIGHT 0 5
MOVE A22 108
MOVE A23 108
MOVE A24 108
MOVE A25 108
MOVE A26 108
MOVE A27 108
MOVE A28 108
MOVE A29 108
MOVE A30 108
MOVE A31 108
MOVE A32 108
MOVE B19 199
MOVE B20 199
MOVE B21 199
MOVE B22 199
MOVE B23 199
MOVE B24 199
MOVE B25 199
MOVE B26 199
MOVE B27 199
MOVE B28 199
MOVE B29 199
MOVE B30 199
MOVE B31 199
MOVE B32 199
MOVE B33 199
MOVE B34 199
MOVE B35 199
MOVE B36 199
MOVE B37 199
MOVE B38 199
MOVE B39 199
MOVE B40 199
MOVE B41 199
MOVE B42 199
MOVE B43 199
MOVE B44 199
MOVE B45 199
MOVE B46 199
MOVE B47 199
MOVE B48 199
MOVE B49 199
MOVE B50 199
MOVE B51 199
MOVE B52 199
MOVE B53 199
END TURN 158
TURN 159
COMMAND LEFT START
MOVE A32 34
COMMAND LEFT END
COMMAND RIGHT START
COMMAND RIGHT END
TURN 159 RESULT
TIME LEFT 0 5 RIGHT 0 5
MOVE A32 104
MOVE B19 191
MOVE B20 191
MOVE B21 191
MOVE B22 191
MOVE B23 191
MOVE B24 191
MOVE B25 191
MOVE B26 191
MOVE B27 191
MOVE B28 191
MOVE B29 191
MOVE B30 191
MOVE B31 191
MOVE B32 191
MOVE B33 191
MOVE B34 191
MOVE B35 191
MOVE B36 191
MOVE B37 191
MOVE B38 191
MOVE B39 191
MOVE B40 191
MOVE B41 191
MOVE B42 191
MOVE B43 191
MOVE B44 191
MOVE B45 191
MOVE B46 191
MOVE B47 191
MOVE B48 191
MOVE B49 191
MOVE B50 191
MOVE B51 191
MOVE B52 191
MOVE B53 191
END TURN 159
TURN 160
COMMAND LEFT START
UPGRADE 53
COMMAND LEFT END
COMMAND RIGHT START
COMMAND RIGHT END
TURN 160 RESULT
TIME LEFT 0 5 RIGHT 0 5
UPGRADE A 53
MOVE A32 79
MOVE B19 170
MOVE B20 170
MOVE B21 170
MOVE B22 170
MOVE B23 170
MOVE B24 170
MOVE B25 170
MOVE B26 170
MOVE B27 170
MOVE B28 170
MOVE B29 170
MOVE B30 170
MOVE B31 170
MOVE B32 170
MOVE B33 170
MOVE B34 170
MOVE B35 170
MOVE B36 170
MOVE B37 170
MOVE B38 170
MOVE B39 170
MOVE B40 170
MOVE B41 170
MOVE B42 170
MOVE B43 170
MOVE B44 170
MOVE B45 170
MOVE B46 170
MOVE B47 170
MOVE B48 170
MOVE B49 170
MOVE B50 170
MOVE B51 170
MOVE B52 170
MOVE B53 170
END TURN 160
TURN 161
COMMAND LEFT START
MOVE A5 53
COMMAND LEFT END
COMMAND RIGHT START
COMMAND RIGHT END
TURN 161 RESULT
TIME LEFT 0 5 RIGHT 0 5
MOVE A5 76
MOVE A32 61
MOVE B19 157
MOVE B20 157
MOVE B21 157
MOVE B22 157
MOVE B23 157
MOVE B24 157
MOVE B25 157
MOVE B26 157
MOVE B27 157
MOVE B28 157
MOVE B29 157
MOVE B30 157
MOVE B31 157
MOVE B32 157
MOVE B33 157
MOVE B34 157
MOVE B35 157
MOVE B36 157
MOVE B37 157
MOVE B38 157
MOVE B39 157
MOVE B40 157
MOVE B41 157
MOVE B42 157
MOVE B43 157
MOVE B44 157
MOVE B45 157
MOVE B46 157
MOVE B47 157
MOVE B48 157
MOVE B49 157
MOVE B50 157
MOVE B51 157
MOVE B52 157
MOVE B53 157
END TURN 161
TURN 162
COMMAND LEFT START
TRAIN 1
COMMAND LEFT END
COMMAND RIGHT START
COMMAND RIGHT END
TURN 162 RESULT
TIME LEFT 0 5 RIGHT 0 5
TRAIN A42
MOVE A5 73
MOVE A32 58
MOVE B19 140
MOVE B20 140
MOVE B21 140
MOVE B22 140
MOVE B23 140
MOVE B24 140
MOVE B25 140
MOVE B26 140
MOVE B27 140
MOVE B28 140
MOVE B29 140
MOVE B30 140
MOVE B31 140
MOVE B32 140
MOVE B33 140
MOVE B34 140
MOVE B35 140
MOVE B36 140
MOVE B37 140
MOVE B38 140
MOVE B39 140
MOVE B40 140
MOVE B41 140
MOVE B42 140
MOVE B43 140
MOVE B44 140
MOVE B45 140
MOVE B46 140
MOVE B47 140
MOVE B48 140
MOVE B49 140
MOVE B50 140
MOVE B51 140
MOVE B52 140
MOVE B53 140
END TURN 162
TURN 163
COMMAND LEFT START
COMMAND LEFT END
COMMAND RIGHT START
TRAIN 1
COMMAND RIGHT END
TURN 163 RESULT
TIME LEFT 0 5 RIGHT 0 5
TRAIN B54
MOVE A5 64
MOVE A32 45
MOVE B19 108
MOVE B20 108
MOVE B21 108
MOVE B22 108
MOVE B23 108
MOVE B24 108
MOVE B25 108
MOVE B26 108
MOVE B27 108
MOVE B28 108
MOVE B29 108
MOVE B30 108
MOVE B31 108
MOVE B32 108
MOVE B33 108
MOVE B34 108
MOVE B35 108
MOVE B36 108
MOVE B37 108
MOVE B38 108
MOVE B39 108
MOVE B40 108
MOVE B41 108
MOVE B42 108
MOVE B43 108
MOVE B44 108
MOVE B45 108
MOVE B46 108
MOVE B47 108
MOVE B48 108
MOVE B49 108
MOVE B50 108
MOVE B51 108
MOVE B52 108
MOVE B53 108
DAMAGE TURRET B19 2
DAMAGE COMBAT A7 5
DAMAGE COMBAT A10 6
DAMAGE COMBAT A16 6
DAMAGE COMBAT A17 6
DAMAGE COMBAT A18 6
DAMAGE COMBAT A22 6
DAMAGE COMBAT B19 3
DAMAGE COMBAT B20 5
DAMAGE COMBAT B21 5
DAMAGE COMBAT B22 2
END TURN 163
TURN 164
COMMAND LEFT START
MOVE A42 53
MOVE A41 53
MOVE A40 53
MOVE A39 53
MOVE A38 53
MOVE A37 53
MOVE A36 53
MOVE A35 53
MOVE A15 53
MOVE A14 53
TRAIN 2
COMMAND LEFT END
COMMAND RIGHT START
COMMAND RIGHT END
TURN 164 RESULT
TIME LEFT 0 5 RIGHT 0 5
TRAIN A43 A44
MOVE A5 53
MOVE A14 5
MOVE A15 5
MOVE A32 34
MOVE A35 5
MOVE A36 5
MOVE A37 5
MOVE A38 5
MOVE A39 5
MOVE A40 5
MOVE A41 5
MOVE A42 5
DAMAGE TURRET B22 2
DAMAGE COMBAT A23 6
DAMAGE COMBAT A24 6
DAMAGE COMBAT A25 6
DAMAGE COMBAT A26 6
DAMAGE COMBAT A27 6
DAMAGE COMBAT A28 2
DAMAGE COMBAT B22 2
DAMAGE COMBAT B23 6
DAMAGE COMBAT B24 1
END TURN 164
TURN 165
COMMAND LEFT START
MOVE A44 53
MOVE A43 53
TRAIN 2
COMMAND LEFT END
COMMAND RIGHT START
TRAIN 1
COMMAND RIGHT END
TURN 165 RESULT
TIME LEFT 0 5 RIGHT 0 5
TRAIN A45 A46 B55
MOVE A14 14
MOVE A15 14
MOVE A35 14
MOVE A36 14
MOVE A37 14
MOVE A38 14
MOVE A39 14
MOVE A40 14
MOVE A41 14
MOVE A42 14
MOVE A43 5
MOVE A44 5
DAMAGE TURRET B24 2
DAMAGE COMBAT A28 4
DAMAGE COMBAT A29 6
DAMAGE COMBAT A30 6
DAMAGE COMBAT A31 6
DAMAGE COMBAT B24 3
DAMAGE COMBAT B25 1
SIEGE A 108 8
END TURN 165
TURN 166
COMMAND LEFT START
MOVE A46 53
MOVE A45 53
TRAIN 2
COMMAND LEFT END
COMMAND RIGHT START
COMMAND RIGHT END
TURN 166 RESULT
TIME LEFT 0 5 RIGHT 0 5
TRAIN A47 A48
MOVE A14 28
MOVE A15 28
MOVE A35 28
MOVE A36 28
MOVE A37 28
MOVE A38 28
MOVE A39 28
MOVE A40 28
MOVE A41 28
MOVE A42 28
MOVE A43 14
MOVE A44 14
MOVE A45 5
MOVE A46 5
MOVE B25 76
MOVE B26 76
MOVE B27 76
MOVE B28 76
MOVE B29 76
MOVE B30 76
MOVE B31 76
MOVE B32 76
MOVE B33 76
MOVE B34 76
MOVE B35 76
MOVE B36 76
MOVE B37 76
MOVE B38 76
MOVE B39 76
MOVE B40 76
MOVE B41 76
MOVE B42 76
MOVE B43 76
MOVE B44 76
MOVE B45 76
MOVE B46 76
MOVE B47 76
MOVE B48 76
MOVE B49 76
MOVE B50 76
MOVE B51 76
MOVE B52 76
MOVE B53 76
END TURN 166
TURN 167
COMMAND LEFT START
MOVE A32 108
TRAIN 1
COMMAND LEFT END
COMMAND RIGHT START
TRAIN 1
COMMAND RIGHT END
TURN 167 RESULT
TIME LEFT 0 5 RIGHT 0 5
TRAIN A49 B56
MOVE A14 39
MOVE A15 39
MOVE A32 45
MOVE A35 39
MOVE A36 39
MOVE A37 39
MOVE A38 39
MOVE A39 39
MOVE A40 39
MOVE A41 39
MOVE A42 39
MOVE A43 28
MOVE A44 28
MOVE A45 14
MOVE A46 14
MOVE B25 59
MOVE B26 59
MOVE B27 59
MOVE B28 59
MOVE B29 59
MOVE B30 59
MOVE B31 59
MOVE B32 59
MOVE B33 59
MOVE B34 59
MOVE B35 59
MOVE B36 59
MOVE B37 59
MOVE B38 59
MOVE B39 59
MOVE B40 59
MOVE B41 59
MOVE B42 59
MOVE B43 59
MOVE B44 59
MOVE B45 59
MOVE B46 59
MOVE B47 59
MOVE B48 59
MOVE B49 59
MOVE B50 59
MOVE B51 59
MOVE B52 59
MOVE B53 59
END TURN 167
TURN 168
COMMAND LEFT START
MOVE A5 108
TRAIN 1
COMMAND LEFT END
COMMAND RIGHT START
COMMAND RIGHT END
TURN 168 RESULT
TIME LEFT 0 5 RIGHT 0 5
TRAIN A50
MOVE A5 64
MOVE A14 53
MOVE A15 53
MOVE A32 58
MOVE A35 53
MOVE A36 53
MOVE A37 53
MOVE A38 53
MOVE A39 53
MOVE A40 53
MOVE A41 53
MOVE A42 53
MOVE A43 39
MOVE A44 39
MOVE A45 28
MOVE A46 28
MOVE B25 46
MOVE B26 46
MOVE B27 46
MOVE B28 46
MOVE B29 46
MOVE B30 46
MOVE B31 46
MOVE B32 46
MOVE B33 46
MOVE B34 46
MOVE B35 46
MOVE B36 46
MOVE B37 46
MOVE B38 46
MOVE B39 46
MOVE B40 46
MOVE B41 46
MOVE B42 46
MOVE B43 46
MOVE B44 46
MOVE B45 46
MOVE B46 46
MOVE B47 46
MOVE B48 46
MOVE B49 46
MOVE B50 46
MOVE B51 46
MOVE B52 46
MOVE B53 46
END TURN 168
TURN 169
COMMAND LEFT START
MOVE A14 108
MOVE A42 108
MOVE A41 108
MOVE A40 108
MOVE A39 108
MOVE A38 108
MOVE A37 108
MOVE A36 108
MOVE A35 108
TRAIN 1
COMMAND LEFT END
COMMAND RIGHT START
TRAIN 1
COMMAND RIGHT END
TURN 169 RESULT
TIME LEFT 0 5 RIGHT 0 5
TRAIN A51 B57
MOVE A5 73
MOVE A14 64
MOVE A32 61
MOVE A35 64
MOVE A36 64
MOVE A37 64
MOVE A38 64
MOVE A39 64
MOVE A40 64
MOVE A41 64
MOVE A42 64
MOVE A43 53
MOVE A44 53
MOVE A45 39
MOVE A46 39
MOVE B25 25
MOVE B26 25
MOVE B27 25
MOVE B28 25
MOVE B29 25
MOVE B30 25
MOVE B31 25
MOVE B32 25
MOVE B33 25
MOVE B34 25
MOVE B35 25
MOVE B36 25
MOVE B37 25
MOVE B38 25
MOVE B39 25
MOVE B40 25
MOVE B41 25
MOVE B42 25
MOVE B43 25
MOVE B44 25
MOVE B45 25
MOVE B46 25
MOVE B47 25
MOVE B48 25
MOVE B49 25
MOVE B50 25
MOVE B51 25
MOVE B52 25
MOVE B53 25
END TURN 169
TURN 170
COMMAND LEFT START
MOVE A6 0
MOVE A8 0
MOVE A9 0
MOVE A19 0
MOVE A20 0
MOVE A21 0
MOVE A15 0
MOVE A33 0
MOVE A43 0
MOVE A44 0
TRAIN 1
COMMAND LEFT END
COMMAND RIGHT START
MOVE B25 0
MOVE B26 0
MOVE B27 0
MOVE B28 0
MOVE B29 0
MOVE B30 0
MOVE B31 0
MOVE B32 0
MOVE B33 0
MOVE B34 0
MOVE B35 0
MOVE B36 0
MOVE B37 0
MOVE B38 0
MOVE B39 0
MOVE B40 0
MOVE B41 0
MOVE B42 0
MOVE B43 0
MOVE B44 0
MOVE B45 0
MOVE B46 0
MOVE B47 0
MOVE B48 0
MOVE B49 0
MOVE B50 0
MOVE B51 0
MOVE B52 0
MOVE B53 0
COMMAND RIGHT END
TURN 170 RESULT
TIME LEFT 0 5 RIGHT 0 5
TRAIN A52
MOVE A5 76
MOVE A6 2
MOVE A8 2
MOVE A9 2
MOVE A14 73
MOVE A15 39
MOVE A19 14
MOVE A20 14
MOVE A21 14
MOVE A32 79
MOVE A33 39
MOVE A35 73
MOVE A36 73
MOVE A37 73
MOVE A38 73
MOVE A39 73
MOVE A40 73
MOVE A41 73
MOVE A42 73
MOVE A43 39
MOVE A44 39
MOVE A45 53
MOVE A46 53
MOVE B25 17
MOVE B26 17
MOVE B27 17
MOVE B28 17
MOVE B29 17
MOVE B30 17
MOVE B31 17
MOVE B32 17
MOVE B33 17
MOVE B34 17
MOVE B35 17
MOVE B36 17
MOVE B37 17
MOVE B38 17
MOVE B39 17
MOVE B40 17
MOVE B41 17
MOVE B42 17
MOVE B43 17
MOVE B44 17
MOVE B45 17
MOVE B46 17
MOVE B47 17
MOVE B48 17
MOVE B49 17
MOVE B50 17
MOVE B51 17
MOVE B52 17
MOVE B53 17
END TURN 170
TURN 171
COMMAND LEFT START
MOVE A45 0
MOVE A46 0
COMMAND LEFT END
COMMAND RIGHT START
COMMAND RIGHT END
TURN 171 RESULT
TIME LEFT 0 5 RIGHT 0 5
MOVE A5 108
MOVE A6 0
MOVE A8 0
MOVE A9 0
MOVE A14 76
MOVE A15 28
MOVE A19 5
MOVE A20 5
MOVE A21 5
MOVE A32 104
MOVE A33 28
MOVE A35 76
MOVE A36 76
MOVE A37 76
MOVE A38 76
MOVE A39 76
MOVE A40 76
MOVE A41 76
MOVE A42 76
MOVE A43 28
MOVE A44 28
MOVE A45 39
MOVE A46 39
MOVE B25 7
MOVE B26 7
MOVE B27 7
MOVE B28 7
MOVE B29 7
MOVE B30 7
MOVE B31 7
MOVE B32 7
MOVE B33 7
MOVE B34 7
MOVE B35 7
MOVE B36 7
MOVE B37 7
MOVE B38 7
MOVE B39 7
MOVE B40 7
MOVE B41 7
MOVE B42 7
MOVE B43 7
MOVE B44 7
MOVE B45 7
MOVE B46 7
MOVE B47 7
MOVE B48 7
MOVE B49 7
MOVE B50 7
MOVE B51 7
MOVE B52 7
MOVE B53 7
END TURN 171
TURN 172
COMMAND LEFT START
COMMAND LEFT END
COMMAND RIGHT START
COMMAND RIGHT END
TURN 172 RESULT
TIME LEFT 0 5 RIGHT 0 5
MOVE A14 108
MOVE A15 14
MOVE A19 0
MOVE A20 0
MOVE A21 0
MOVE A32 108
MOVE A33 14
MOVE A35 108
MOVE A36 108
MOVE A37 108
MOVE A38 108
MOVE A39 108
MOVE A40 108
MOVE A41 108
MOVE A42 108
MOVE A43 14
MOVE A44 14
MOVE A45 28
MOVE A46 28
MOVE B25 0
MOVE B26 0
MOVE B27 0
MOVE B28 0
MOVE B29 0
MOVE B30 0
MOVE B31 0
MOVE B32 0
MOVE B33 0
MOVE B34 0
MOVE B35 0
MOVE B36 0
MOVE B37 0
MOVE B38 0
MOVE B39 0
MOVE B40 0
MOVE B41 0
MOVE B42 0
MOVE B43 0
MOVE B44 0
MOVE B45 0
MOVE B46 0
MOVE B47 0
MOVE B48 0
MOVE B49 0
MOVE B50 0
MOVE B51 0
MOVE B52 0
MOVE B53 0
DAMAGE TURRET B25 2
DAMAGE COMBAT A6 5
DAMAGE COMBAT A8 6
DAMAGE COMBAT A9 6
DAMAGE COMBAT A11 6
DAMAGE COMBAT A12 6
DAMAGE COMBAT B25 3
DAMAGE COMBAT B26 6
DAMAGE COMBAT B27 6
END TURN 172
TURN 173
COMMAND LEFT START
TRAIN 1
COMMAND LEFT END
COMMAND RIGHT START
COMMAND RIGHT END
TURN 173 RESULT
TIME LEFT 0 5 RIGHT 0 5
TRAIN A53
MOVE A15 5
MOVE A33 5
MOVE A43 5
MOVE A44 5
MOVE A45 14
MOVE A46 14
DAMAGE TURRET B28 2
DAMAGE COMBAT A13 6
DAMAGE COMBAT A19 6
DAMAGE COMBAT A20 6
DAMAGE COMBAT A21 6
DAMAGE COMBAT A47 2
DAMAGE COMBAT B28 4
DAMAGE COMBAT B29 6
DAMAGE COMBAT B30 1
END TURN 173
TURN 174
COMMAND LEFT START
MOVE A5 9
MOVE A14 28
MOVE A32 53
MOVE A35 9
MOVE A36 9
MOVE A37 28
MOVE A38 28
COMMAND LEFT END
COMMAND RIGHT START
COMMAND RIGHT END
TURN 174 RESULT
TIME LEFT 0 5 RIGHT 0 5
MOVE A5 76
MOVE A14 76
MOVE A15 0
MOVE A32 76
MOVE A33 0
MOVE A35 76
MOVE A36 76
MOVE A37 76
MOVE A38 76
MOVE A43 0
MOVE A44 0
MOVE A45 5
MOVE A46 5
DAMAGE TURRET B30 2
DAMAGE COMBAT A15 6
DAMAGE COMBAT A33 6
DAMAGE COMBAT A43 6
DAMAGE COMBAT A44 2
DAMAGE COMBAT A47 4
DAMAGE COMBAT B30 3
DAMAGE COMBAT B31 6
DAMAGE COMBAT B32 2
END TURN 174
TURN 175
COMMAND LEFT START
MOVE A39 9
MOVE A40 28
MOVE A41 53
COMMAND LEFT END
COMMAND RIGHT START
TRAIN 1
COMMAND RIGHT END
TURN 175 RESULT
TIME LEFT 0 5 RIGHT 0 5
TRAIN B58
MOVE A5 59
MOVE A14 59
MOVE A32 73
MOVE A35 59
MOVE A36 59
MOVE A37 59
MOVE A38 59
MOVE A39 76
MOVE A40 76
MOVE A41 76
MOVE A45 0
MOVE A46 0
DAMAGE TURRET B32 2
DAMAGE COMBAT A44 4
DAMAGE COMBAT A45 6
DAMAGE COMBAT A46 6
DAMAGE COMBAT A48 6
DAMAGE COMBAT B32 2
DAMAGE COMBAT B33 6
DAMAGE COMBAT B34 1
END TURN 175
TURN 176
COMMAND LEFT START
TRAIN 1
COMMAND LEFT END
COMMAND RIGHT START
COMMAND RIGHT END
TURN 176 RESULT
TIME LEFT 0 5 RIGHT 0 5
TRAIN A54
MOVE A5 41
MOVE A14 41
MOVE A32 64
MOVE A35 41
MOVE A36 41
MOVE A37 41
MOVE A38 41
MOVE A39 59
MOVE A40 59
MOVE A41 73
DAMAGE TURRET B34 2
DAMAGE COMBAT A49 6
DAMAGE COMBAT A50 6
DAMAGE COMBAT A51 6
DAMAGE COMBAT A52 2
DAMAGE COMBAT B34 3
DAMAGE COMBAT B35 3
END TURN 176
TURN 177
COMMAND LEFT START
COMMAND LEFT END
COMMAND RIGHT START
TRAIN 1
COMMAND RIGHT END
TURN 177 RESULT
TIME LEFT 0 5 RIGHT 0 5
TRAIN B59
MOVE A5 28
MOVE A14 28
MOVE A32 53
MOVE A35 28
MOVE A36 28
MOVE A37 28
MOVE A38 28
MOVE A39 41
MOVE A40 41
MOVE A41 64
DAMAGE TURRET B35 2
DAMAGE COMBAT A52 4
DAMAGE COMBAT A53 6
DAMAGE COMBAT A54 6
DAMAGE COMBAT B35 1
DAMAGE COMBAT B36 2
SIEGE A 0 3
END TURN 177
TURN 178
COMMAND LEFT START
MOVE A14 0
MOVE A37 0
MOVE A38 0
MOVE A32 0
COMMAND LEFT END
COMMAND RIGHT START
TRAIN 1
COMMAND RIGHT END
TURN 178 RESULT
TIME LEFT 0 5 RIGHT 0 5
TRAIN B60
MOVE A5 19
MOVE A14 14
MOVE A32 39
MOVE A35 19
MOVE A36 19
MOVE A37 14
MOVE A38 14
MOVE A39 28
MOVE A40 28
MOVE A41 53
DAMAGE TURRET B36 2
SIEGE A 0 17
END TURN 178
RESULT RIGHT_WIN HQ_DESTROYED
