[LEFT ""]
[RIGHT ""]
MAP
215 17
-10734 -10565 -10623 -10007 -9714 -9183 -9656 -8254 -8447 -8672 -8768 -7724 -7696 -7298 -7706 -7446 -7341 -8528 -7081 -6773 -6855 -6638 -6660 -6392 -6317 -6877 -6439 -6009 -6032 -6815 -5711 -5622 -5558 -5743 -5146 -5083 -5033 -4888 -4868 -4600 -5183 -4535 -4724 -4665 -4625 -4475 -4341 -4313 -3977 -3974 -3772 -4246 -3620 -3593 -3523 -3325 -3358 -3157 -3248 -3185 -2962 -2985 -2963 -3037 -2811 -2918 -2627 -2493 -2627 -2494 -2464 -2364 -2260 -2206 -2178 -1862 -2065 -1848 -1708 -1572 -1615 -1529 -1573 -1513 -1471 -1453 -1261 -1993 -1215 -999 -1054 -734 -1165 -577 -826 -684 -600 -660 -968 -531 -537 -495 -387 -284 -152 -228 -246 0 246 228 152 284 387 495 537 531 968 660 600 684 826 577 1165 734 1054 999 1215 1993 1261 1453 1471 1513 1573 1529 1615 1572 1708 1848 2065 1862 2178 2206 2260 2364 2464 2494 2627 2493 2627 2918 2811 3037 2963 2985 2962 3185 3248 3157 3358 3325 3523 3593 3620 4246 3772 3974 3977 4313 4341 4475 4625 4665 4724 4535 5183 4600 4868 4888 5033 5083 5146 5743 5558 5622 5711 6815 6032 6009 6439 6877 6317 6392 6660 6638 6855 6773 7081 8528 7341 7446 7706 7298 7696 7724 8768 8672 8447 8254 9656 9183 9714 10007 10623 10565 10734
2399 -3351 -1729 170 -4657 -1042 4117 -2429 1533 5276 -6364 594 3020 3982 -3596 -1089 2149 7241 -2429 -5561 -4351 43 6019 -3225 1224 8412 -6638 2878 -1242 -8729 6542 -4120 -2368 4907 -5317 -353 -8084 7574 861 6477 9835 5225 -3365 1848 2873 -1448 -6707 4026 -2483 -4082 -5460 -9704 1917 5734 -142 3172 -1215 7811 9908 6640 826 4986 -3837 -6768 -2043 -9499 1935 -5641 -7667 4226 -2857 -933 -4682 6629 3313 -6756 9323 -8697 5197 -3563 -1598 -7740 22 1431 2573 7571 6223 -10255 4080 9047 -6006 -2205 11152 2983 -4892 -948 -7951 -7089 -11071 8185 -3354 4935 1320 -8774 4050 5769 6804 0 -6804 -5769 -4050 8774 -1320 -4935 3354 -8185 11071 7089 7951 948 4892 -2983 -11152 2205 6006 -9047 -4080 10255 -6223 -7571 -2573 -1431 -22 7740 1598 3563 -5197 8697 -9323 6756 -3313 -6629 4682 933 2857 -4226 7667 5641 -1935 9499 2043 6768 3837 -4986 -826 -6640 -9908 -7811 1215 -3172 142 -5734 -1917 9704 5460 4082 2483 -4026 6707 1448 -2873 -1848 3365 -5225 -9835 -6477 -861 -7574 8084 353 5317 -4907 2368 4120 -6542 8729 1242 -2878 6638 -8412 -1224 3225 -6019 -43 4351 5561 2429 -7241 -2149 1089 3596 -3982 -3020 -594 6364 -5276 -1533 2429 -4117 1042 4657 -170 1729 3351 -2399
STRONGHOLDS 3 29 52 65 81 88 98 99 107 115 116 126 133 149 162 185 211
3 3 6 8
3 2 4 7
4 1 3 5 7
5 0 2 5 8 11
4 1 7 10 14
5 2 3 7 11 15
5 0 8 9 12 13
7 1 2 4 5 14 15 18
6 0 3 6 11 12 16
4 6 13 17 22
6 4 14 19 20 26 29
7 3 5 8 15 16 21 24
5 6 8 13 16 27
6 6 9 12 22 27 33
6 4 7 10 18 20 23
6 5 7 11 18 21 28
5 8 11 12 24 27
3 9 22 25
6 7 14 15 23 28 32
5 10 20 26 31 34
5 10 14 19 23 31
6 11 15 24 28 35 38
6 9 13 17 25 30 33
6 14 18 20 31 32 42
6 11 16 21 27 38 43
5 17 22 30 37 40
6 10 19 29 34 36 46
8 12 13 16 24 33 43 44 47
6 15 18 21 32 35 45
4 10 26 36 51
6 22 25 33 37 39 41
6 19 20 23 34 42 49
6 18 23 28 42 45 48
6 13 22 27 30 41 47
6 19 26 31 46 49 50
5 21 28 38 45 54
6 26 29 46 51 65 68
6 25 30 39 40 57 59
7 21 24 35 43 52 54 60
5 30 37 41 53 59
4 25 37 57 58
6 30 33 39 47 53 61
5 23 31 32 48 49
5 24 27 38 44 52
5 27 43 47 52 55
6 28 32 35 48 54 56
6 26 34 36 50 63 68
7 27 33 41 44 55 61 69
8 32 42 45 49 56 62 64 70
6 31 34 42 48 50 62
7 34 46 49 62 63 67 72
4 29 36 65 87
6 38 43 44 55 60 66
5 39 41 59 61 73
6 35 38 45 56 60 71
6 44 47 52 66 69 74
5 45 48 54 64 71
7 37 40 58 59 73 76 85
4 40 57 76 92
5 37 39 53 57 73
7 38 52 54 66 71 82 83
6 41 47 53 69 73 78
6 48 49 50 70 72 79
5 46 50 67 68 75
5 48 56 70 71 80
5 36 51 68 77 87
6 52 55 60 74 83 84
5 50 63 72 75 90
7 36 46 63 65 75 77 81
6 47 55 61 74 78 88
6 48 62 64 79 80 91
6 54 56 60 64 80 82
6 50 62 67 79 90 94
7 53 57 59 61 78 85 86
5 55 66 69 84 88
6 63 67 68 81 90 97
5 57 58 85 89 92
6 65 68 81 87 96 103
6 61 69 73 86 88 101
6 62 70 72 91 94 100
6 64 70 71 82 91 95
5 68 75 77 96 97
7 60 71 80 83 95 102 107
5 60 66 82 84 102
6 66 74 83 88 93 102
7 57 73 76 86 89 99 106
6 73 78 85 101 105 106
5 51 65 77 98 103
7 69 74 78 84 93 101 104
6 76 85 92 99 111 116
7 67 72 75 94 97 108 109
7 70 79 80 95 100 112 121
4 58 76 89 116
6 84 88 102 104 114 123
7 72 79 90 100 109 110 113
5 80 82 91 107 112
6 77 81 97 103 108 115
5 75 81 90 96 108
4 87 103 122 125
5 85 89 106 111 118
5 79 91 94 110 121
6 78 86 88 104 105 120
7 82 83 84 93 107 119 123
6 77 87 96 98 115 125
5 88 93 101 114 120
5 86 101 106 120 124
7 85 86 99 105 117 118 124
6 82 95 102 112 119 132
7 90 96 97 109 115 128 129
5 90 94 108 113 128
5 94 100 113 121 126
6 89 99 116 118 127 137
7 91 95 107 121 130 131 132
6 94 109 110 126 128 136
5 93 104 120 123 135
5 96 103 108 125 129
4 89 92 111 127
5 106 118 124 133 139
6 99 106 111 117 133 137
5 102 107 123 132 134
7 101 104 105 114 124 135 142
6 91 100 110 112 126 130
4 98 125 138 156
7 93 102 114 119 134 135 144
7 105 106 117 120 139 142 147
6 98 103 115 122 129 138
7 110 113 121 130 136 140 145
5 111 116 137 149 163
6 108 109 113 129 136 141
7 108 115 125 128 138 141 157
6 112 121 126 131 140 148
5 112 130 132 148 154
7 107 112 119 131 134 143 154
5 117 118 137 139 146
6 119 123 132 143 144 150
6 114 120 123 142 144 152
6 113 126 128 141 145 153
6 111 118 127 133 146 149
5 122 125 129 156 157
6 117 124 133 146 147 151
5 126 130 145 148 159
7 128 129 136 153 155 157 161
6 120 124 135 147 152 164
6 132 134 150 154 158 160
6 123 134 135 150 152 166
6 126 136 140 153 159 167
7 133 137 139 149 151 168 178
5 124 139 142 151 164
6 130 131 140 154 159 162
5 127 137 146 163 178
5 134 143 144 158 166
5 139 146 147 164 168
6 135 142 144 164 165 166
6 136 141 145 161 167 173
7 131 132 143 148 160 162 176
5 141 157 161 175 177
4 122 138 157 174
7 129 138 141 155 156 174 177
5 143 150 160 166 169
6 140 145 148 162 167 170
6 143 154 158 169 176 179
5 141 153 155 173 175
6 148 154 159 170 171 176
4 127 149 178 185
7 142 147 151 152 165 168 180
6 152 164 166 172 180 183
8 144 150 152 158 165 169 172 182
7 145 153 159 170 173 181 187
6 146 151 164 178 180 188
6 158 160 166 179 182 186
5 159 162 167 171 187
5 162 170 176 187 190
5 165 166 182 183 191
6 153 161 167 175 181 184
4 156 157 177 189
5 155 161 173 177 184
7 154 160 162 171 179 190 193
6 155 157 174 175 184 189
6 146 149 163 168 185 188
5 160 169 176 186 193
6 164 165 168 183 188 195
6 167 173 184 187 192 201
6 166 169 172 186 191 196
6 165 172 180 191 194 195
6 173 175 177 181 189 192
4 163 178 188 204
6 169 179 182 193 196 199
8 167 170 171 181 190 198 201 202
6 168 178 180 185 195 204
5 174 177 184 192 197
6 171 176 187 193 198 203
6 172 182 183 194 196 200
6 181 184 189 197 201 205
6 176 179 186 190 199 203
5 183 191 195 200 204
5 180 183 188 194 204
6 182 186 191 199 200 207
3 189 192 205
5 187 190 202 203 206
6 186 193 196 203 207 209
6 191 194 196 204 207 210
6 181 187 192 202 205 208
5 187 198 201 206 208
7 190 193 198 199 206 209 211
6 185 188 194 195 200 210
4 192 197 201 208
6 198 202 203 208 211 214
7 196 199 200 209 210 212 213
5 201 202 205 206 214
5 199 203 207 211 212
4 200 204 207 213
5 203 206 209 212 214
4 207 209 211 213
3 207 210 212
3 206 208 211
END MAP
TURN 1
COMMAND LEFT START
MOVE A3 107
MOVE A1 107
UPGRADE 0
TRAIN 1
COMMAND LEFT END
COMMAND RIGHT START
MOVE B1 211
MOVE B2 107
COMMAND RIGHT END
TURN 1 RESULT
TIME LEFT 35 5 RIGHT 6 5
UPGRADE A 0
TRAIN A4
MOVE A1 8
MOVE A3 8
MOVE B1 211
MOVE B2 206
END TURN 1
TURN 2
COMMAND LEFT START
COMMAND LEFT END
COMMAND RIGHT START
UPGRADE 211
COMMAND RIGHT END
TURN 2 RESULT
TIME LEFT 0 5 RIGHT 0 5
UPGRADE B 211
MOVE A1 16
MOVE A3 16
MOVE B2 198
END TURN 2
TURN 3
COMMAND LEFT START
COMMAND LEFT END
COMMAND RIGHT START
COMMAND RIGHT END
TURN 3 RESULT
TIME LEFT 0 5 RIGHT 0 5
MOVE A1 24
MOVE A3 24
MOVE B2 190
END TURN 3
TURN 4
COMMAND LEFT START
COMMAND LEFT END
COMMAND RIGHT START
COMMAND RIGHT END
TURN 4 RESULT
TIME LEFT 0 5 RIGHT 0 5
MOVE A1 38
MOVE A3 38
MOVE B2 176
END TURN 4
TURN 5
COMMAND LEFT START
COMMAND LEFT END
COMMAND RIGHT START
COMMAND RIGHT END
TURN 5 RESULT
TIME LEFT 0 5 RIGHT 0 5
MOVE A1 60
MOVE A3 60
MOVE B2 154
END TURN 5
TURN 6
COMMAND LEFT START
COMMAND LEFT END
COMMAND RIGHT START
COMMAND RIGHT END
TURN 6 RESULT
TIME LEFT 0 5 RIGHT 0 5
MOVE A1 82
MOVE A3 82
MOVE B2 132
END TURN 6
TURN 7
COMMAND LEFT START
COMMAND LEFT END
COMMAND RIGHT START
COMMAND RIGHT END
TURN 7 RESULT
TIME LEFT 0 5 RIGHT 0 5
MOVE A1 107
MOVE A3 107
MOVE B2 107
DAMAGE COMBAT A1 1
DAMAGE COMBAT B2 2
END TURN 7
TURN 8
COMMAND LEFT START
COMMAND LEFT END
COMMAND RIGHT START
COMMAND RIGHT END
TURN 8 RESULT
TIME LEFT 0 5 RIGHT 0 5
DAMAGE COMBAT A1 1
DAMAGE COMBAT B2 2
END TURN 8
TURN 9
COMMAND LEFT START
COMMAND LEFT END
COMMAND RIGHT START
MOVE B3 107
TRAIN 1
COMMAND RIGHT END
TURN 9 RESULT
TIME LEFT 0 5 RIGHT 0 5
TRAIN B4
MOVE B3 206
END TURN 9
TURN 10
COMMAND LEFT START
COMMAND LEFT END
COMMAND RIGHT START
COMMAND RIGHT END
TURN 10 RESULT
TIME LEFT 0 5 RIGHT 0 5
MOVE B3 198
END TURN 10
TURN 11
COMMAND LEFT START
COMMAND LEFT END
COMMAND RIGHT START
COMMAND RIGHT END
TURN 11 RESULT
TIME LEFT 0 5 RIGHT 0 5
MOVE B3 190
END TURN 11
TURN 12
COMMAND LEFT START
COMMAND LEFT END
COMMAND RIGHT START
COMMAND RIGHT END
TURN 12 RESULT
TIME LEFT 0 5 RIGHT 0 5
MOVE B3 176
END TURN 12
TURN 13
COMMAND LEFT START
COMMAND LEFT END
COMMAND RIGHT START
COMMAND RIGHT END
TURN 13 RESULT
TIME LEFT 0 5 RIGHT 0 5
MOVE B3 154
END TURN 13
TURN 14
COMMAND LEFT START
COMMAND LEFT END
COMMAND RIGHT START
COMMAND RIGHT END
TURN 14 RESULT
TIME LEFT 0 5 RIGHT 0 5
MOVE B3 132
END TURN 14
TURN 15
COMMAND LEFT START
COMMAND LEFT END
COMMAND RIGHT START
COMMAND RIGHT END
TURN 15 RESULT
TIME LEFT 0 5 RIGHT 0 5
MOVE B3 107
DAMAGE COMBAT A1 1
DAMAGE COMBAT B3 2
END TURN 15
TURN 16
COMMAND LEFT START
COMMAND LEFT END
COMMAND RIGHT START
COMMAND RIGHT END
TURN 16 RESULT
TIME LEFT 0 5 RIGHT 0 5
DAMAGE COMBAT A1 1
DAMAGE COMBAT B3 2
END TURN 16
TURN 17
COMMAND LEFT START
COMMAND LEFT END
COMMAND RIGHT START
TRAIN 1
COMMAND RIGHT END
TURN 17 RESULT
TIME LEFT 0 5 RIGHT 0 5
TRAIN B5
END TURN 17
TURN 18
COMMAND LEFT START
COMMAND LEFT END
COMMAND RIGHT START
COMMAND RIGHT END
TURN 18 RESULT
TIME LEFT 0 5 RIGHT 0 5
END TURN 18
TURN 19
COMMAND LEFT START
COMMAND LEFT END
COMMAND RIGHT START
MOVE B4 162
COMMAND RIGHT END
TURN 19 RESULT
TIME LEFT 0 5 RIGHT 0 5
MOVE B4 206
END TURN 19
TURN 20
COMMAND LEFT START
COMMAND LEFT END
COMMAND RIGHT START
COMMAND RIGHT END
TURN 20 RESULT
TIME LEFT 0 5 RIGHT 0 5
MOVE B4 198
END TURN 20
TURN 21
COMMAND LEFT START
COMMAND LEFT END
COMMAND RIGHT START
COMMAND RIGHT END
TURN 21 RESULT
TIME LEFT 0 5 RIGHT 0 5
MOVE B4 190
END TURN 21
TURN 22
COMMAND LEFT START
COMMAND LEFT END
COMMAND RIGHT START
COMMAND RIGHT END
TURN 22 RESULT
TIME LEFT 0 5 RIGHT 0 5
MOVE B4 171
END TURN 22
TURN 23
COMMAND LEFT START
UPGRADE 107
COMMAND LEFT END
COMMAND RIGHT START
COMMAND RIGHT END
TURN 23 RESULT
TIME LEFT 0 5 RIGHT 0 5
UPGRADE A 107
MOVE B4 162
END TURN 23
TURN 24
COMMAND LEFT START
COMMAND LEFT END
COMMAND RIGHT START
UPGRADE 162
COMMAND RIGHT END
TURN 24 RESULT
TIME LEFT 0 5 RIGHT 0 5
UPGRADE B 162
END TURN 24
TURN 25
COMMAND LEFT START
COMMAND LEFT END
COMMAND RIGHT START
COMMAND RIGHT END
TURN 25 RESULT
TIME LEFT 0 5 RIGHT 0 5
END TURN 25
TURN 26
COMMAND LEFT START
COMMAND LEFT END
COMMAND RIGHT START
COMMAND RIGHT END
TURN 26 RESULT
TIME LEFT 0 5 RIGHT 0 5
END TURN 26
TURN 27
COMMAND LEFT START
MOVE A2 3
TRAIN 1
COMMAND LEFT END
COMMAND RIGHT START
TRAIN 1
COMMAND RIGHT END
TURN 27 RESULT
TIME LEFT 0 5 RIGHT 0 5
TRAIN A5 B6
MOVE A2 3
END TURN 27
TURN 28
COMMAND LEFT START
COMMAND LEFT END
COMMAND RIGHT START
COMMAND RIGHT END
TURN 28 RESULT
TIME LEFT 0 5 RIGHT 0 5
END TURN 28
TURN 29
COMMAND LEFT START
COMMAND LEFT END
COMMAND RIGHT START
COMMAND RIGHT END
TURN 29 RESULT
TIME LEFT 0 5 RIGHT 0 5
END TURN 29
TURN 30
COMMAND LEFT START
COMMAND LEFT END
COMMAND RIGHT START
COMMAND RIGHT END
TURN 30 RESULT
TIME LEFT 0 5 RIGHT 0 5
END TURN 30
TURN 31
COMMAND LEFT START
COMMAND LEFT END
COMMAND RIGHT START
COMMAND RIGHT END
TURN 31 RESULT
TIME LEFT 0 5 RIGHT 0 5
END TURN 31
TURN 32
COMMAND LEFT START
COMMAND LEFT END
COMMAND RIGHT START
COMMAND RIGHT END
TURN 32 RESULT
TIME LEFT 0 5 RIGHT 0 5
END TURN 32
TURN 33
COMMAND LEFT START
COMMAND LEFT END
COMMAND RIGHT START
COMMAND RIGHT END
TURN 33 RESULT
TIME LEFT 0 5 RIGHT 0 5
END TURN 33
TURN 34
COMMAND LEFT START
COMMAND LEFT END
COMMAND RIGHT START
MOVE B6 126
COMMAND RIGHT END
TURN 34 RESULT
TIME LEFT 0 5 RIGHT 0 5
MOVE B6 206
END TURN 34
TURN 35
COMMAND LEFT START
COMMAND LEFT END
COMMAND RIGHT START
COMMAND RIGHT END
TURN 35 RESULT
TIME LEFT 0 5 RIGHT 0 5
MOVE B6 198
END TURN 35
TURN 36
COMMAND LEFT START
COMMAND LEFT END
COMMAND RIGHT START
COMMAND RIGHT END
TURN 36 RESULT
TIME LEFT 0 5 RIGHT 0 5
MOVE B6 187
END TURN 36
TURN 37
COMMAND LEFT START
COMMAND LEFT END
COMMAND RIGHT START
COMMAND RIGHT END
TURN 37 RESULT
TIME LEFT 0 5 RIGHT 0 5
MOVE B6 170
END TURN 37
TURN 38
COMMAND LEFT START
COMMAND LEFT END
COMMAND RIGHT START
COMMAND RIGHT END
TURN 38 RESULT
TIME LEFT 0 5 RIGHT 0 5
MOVE B6 159
END TURN 38
TURN 39
COMMAND LEFT START
COMMAND LEFT END
COMMAND RIGHT START
COMMAND RIGHT END
TURN 39 RESULT
TIME LEFT 0 5 RIGHT 0 5
MOVE B6 140
END TURN 39
TURN 40
COMMAND LEFT START
UPGRADE 3
COMMAND LEFT END
COMMAND RIGHT START
COMMAND RIGHT END
TURN 40 RESULT
TIME LEFT 0 5 RIGHT 0 5
UPGRADE A 3
MOVE B6 126
END TURN 40
TURN 41
COMMAND LEFT START
COMMAND LEFT END
COMMAND RIGHT START
UPGRADE 126
COMMAND RIGHT END
TURN 41 RESULT
TIME LEFT 0 5 RIGHT 0 5
UPGRADE B 126
END TURN 41
TURN 42
COMMAND LEFT START
COMMAND LEFT END
COMMAND RIGHT START
COMMAND RIGHT END
TURN 42 RESULT
TIME LEFT 0 5 RIGHT 0 5
END TURN 42
TURN 43
COMMAND LEFT START
TRAIN 1
COMMAND LEFT END
COMMAND RIGHT START
TRAIN 1
COMMAND RIGHT END
TURN 43 RESULT
TIME LEFT 0 5 RIGHT 0 5
TRAIN A6 B7
END TURN 43
TURN 44
COMMAND LEFT START
COMMAND LEFT END
COMMAND RIGHT START
COMMAND RIGHT END
TURN 44 RESULT
TIME LEFT 0 5 RIGHT 0 5
END TURN 44
TURN 45
COMMAND LEFT START
COMMAND LEFT END
COMMAND RIGHT START
COMMAND RIGHT END
TURN 45 RESULT
TIME LEFT 0 5 RIGHT 0 5
END TURN 45
TURN 46
COMMAND LEFT START
COMMAND LEFT END
COMMAND RIGHT START
COMMAND RIGHT END
TURN 46 RESULT
TIME LEFT 0 5 RIGHT 0 5
END TURN 46
TURN 47
COMMAND LEFT START
COMMAND LEFT END
COMMAND RIGHT START
COMMAND RIGHT END
TURN 47 RESULT
TIME LEFT 0 5 RIGHT 0 5
END TURN 47
TURN 48
COMMAND LEFT START
MOVE A6 52
COMMAND LEFT END
COMMAND RIGHT START
COMMAND RIGHT END
TURN 48 RESULT
TIME LEFT 0 5 RIGHT 0 5
MOVE A6 8
END TURN 48
TURN 49
COMMAND LEFT START
COMMAND LEFT END
COMMAND RIGHT START
COMMAND RIGHT END
TURN 49 RESULT
TIME LEFT 0 5 RIGHT 0 5
MOVE A6 16
END TURN 49
TURN 50
COMMAND LEFT START
COMMAND LEFT END
COMMAND RIGHT START
COMMAND RIGHT END
TURN 50 RESULT
TIME LEFT 0 5 RIGHT 0 5
MOVE A6 24
END TURN 50
TURN 51
COMMAND LEFT START
COMMAND LEFT END
COMMAND RIGHT START
COMMAND RIGHT END
TURN 51 RESULT
TIME LEFT 0 5 RIGHT 0 5
MOVE A6 43
END TURN 51
TURN 52
COMMAND LEFT START
COMMAND LEFT END
COMMAND RIGHT START
COMMAND RIGHT END
TURN 52 RESULT
TIME LEFT 0 5 RIGHT 0 5
MOVE A6 52
END TURN 52
TURN 53
COMMAND LEFT START
UPGRADE 52
COMMAND LEFT END
COMMAND RIGHT START
COMMAND RIGHT END
TURN 53 RESULT
TIME LEFT 0 5 RIGHT 0 5
UPGRADE A 52
END TURN 53
TURN 54
COMMAND LEFT START
COMMAND LEFT END
COMMAND RIGHT START
COMMAND RIGHT END
TURN 54 RESULT
TIME LEFT 0 5 RIGHT 0 5
END TURN 54
TURN 55
COMMAND LEFT START
MOVE A4 88
TRAIN 1
COMMAND LEFT END
COMMAND RIGHT START
UPGRADE 214
COMMAND RIGHT END
TURN 55 RESULT
TIME LEFT 0 5 RIGHT 0 5
UPGRADE B 214
TRAIN A7
MOVE A4 8
END TURN 55
TURN 56
COMMAND LEFT START
COMMAND LEFT END
COMMAND RIGHT START
COMMAND RIGHT END
TURN 56 RESULT
TIME LEFT 0 5 RIGHT 0 5
MOVE A4 16
END TURN 56
TURN 57
COMMAND LEFT START
COMMAND LEFT END
COMMAND RIGHT START
COMMAND RIGHT END
TURN 57 RESULT
TIME LEFT 0 5 RIGHT 0 5
MOVE A4 27
END TURN 57
TURN 58
COMMAND LEFT START
COMMAND LEFT END
COMMAND RIGHT START
COMMAND RIGHT END
TURN 58 RESULT
TIME LEFT 0 5 RIGHT 0 5
MOVE A4 44
END TURN 58
TURN 59
COMMAND LEFT START
COMMAND LEFT END
COMMAND RIGHT START
COMMAND RIGHT END
TURN 59 RESULT
TIME LEFT 0 5 RIGHT 0 5
MOVE A4 55
END TURN 59
TURN 60
COMMAND LEFT START
COMMAND LEFT END
COMMAND RIGHT START
COMMAND RIGHT END
TURN 60 RESULT
TIME LEFT 0 5 RIGHT 0 5
MOVE A4 74
END TURN 60
TURN 61
COMMAND LEFT START
COMMAND LEFT END
COMMAND RIGHT START
COMMAND RIGHT END
TURN 61 RESULT
TIME LEFT 0 5 RIGHT 0 5
MOVE A4 88
END TURN 61
TURN 62
COMMAND LEFT START
COMMAND LEFT END
COMMAND RIGHT START
COMMAND RIGHT END
TURN 62 RESULT
TIME LEFT 0 5 RIGHT 0 5
END TURN 62
TURN 63
COMMAND LEFT START
UPGRADE 88
COMMAND LEFT END
COMMAND RIGHT START
COMMAND RIGHT END
TURN 63 RESULT
TIME LEFT 0 5 RIGHT 0 5
UPGRADE A 88
END TURN 63
TURN 64
COMMAND LEFT START
COMMAND LEFT END
COMMAND RIGHT START
UPGRADE 211
COMMAND RIGHT END
TURN 64 RESULT
TIME LEFT 0 5 RIGHT 0 5
UPGRADE B 211
END TURN 64
TURN 65
COMMAND LEFT START
MOVE A5 29
TRAIN 1
COMMAND LEFT END
COMMAND RIGHT START
COMMAND RIGHT END
TURN 65 RESULT
TIME LEFT 0 5 RIGHT 0 5
TRAIN A8
MOVE A5 3
END TURN 65
TURN 66
COMMAND LEFT START
COMMAND LEFT END
COMMAND RIGHT START
TRAIN 1
COMMAND RIGHT END
TURN 66 RESULT
TIME LEFT 0 5 RIGHT 0 5
TRAIN B8
MOVE A5 5
END TURN 66
TURN 67
COMMAND LEFT START
COMMAND LEFT END
COMMAND RIGHT START
MOVE B5 211
COMMAND RIGHT END
TURN 67 RESULT
TIME LEFT 0 5 RIGHT 0 5
MOVE A5 7
MOVE B5 211
END TURN 67
TURN 68
COMMAND LEFT START
COMMAND LEFT END
COMMAND RIGHT START
COMMAND RIGHT END
TURN 68 RESULT
TIME LEFT 0 5 RIGHT 0 5
MOVE A5 14
END TURN 68
TURN 69
COMMAND LEFT START
COMMAND LEFT END
COMMAND RIGHT START
COMMAND RIGHT END
TURN 69 RESULT
TIME LEFT 0 5 RIGHT 0 5
MOVE A5 20
END TURN 69
TURN 70
COMMAND LEFT START
COMMAND LEFT END
COMMAND RIGHT START
COMMAND RIGHT END
TURN 70 RESULT
TIME LEFT 0 5 RIGHT 0 5
MOVE A5 19
END TURN 70
TURN 71
COMMAND LEFT START
COMMAND LEFT END
COMMAND RIGHT START
COMMAND RIGHT END
TURN 71 RESULT
TIME LEFT 0 5 RIGHT 0 5
MOVE A5 26
END TURN 71
TURN 72
COMMAND LEFT START
COMMAND LEFT END
COMMAND RIGHT START
COMMAND RIGHT END
TURN 72 RESULT
TIME LEFT 0 5 RIGHT 0 5
MOVE A5 29
END TURN 72
TURN 73
COMMAND LEFT START
UPGRADE 29
COMMAND LEFT END
COMMAND RIGHT START
UPGRADE 162
COMMAND RIGHT END
TURN 73 RESULT
TIME LEFT 0 5 RIGHT 0 5
UPGRADE A 29
UPGRADE B 162
END TURN 73
TURN 74
COMMAND LEFT START
MOVE A7 99
TRAIN 1
COMMAND LEFT END
COMMAND RIGHT START
COMMAND RIGHT END
TURN 74 RESULT
TIME LEFT 0 5 RIGHT 0 5
TRAIN A9
MOVE A7 6
END TURN 74
TURN 75
COMMAND LEFT START
COMMAND LEFT END
COMMAND RIGHT START
TRAIN 1
COMMAND RIGHT END
TURN 75 RESULT
TIME LEFT 0 5 RIGHT 0 5
TRAIN B9
MOVE A7 13
END TURN 75
TURN 76
COMMAND LEFT START
COMMAND LEFT END
COMMAND RIGHT START
MOVE B7 162
COMMAND RIGHT END
TURN 76 RESULT
TIME LEFT 0 5 RIGHT 0 5
MOVE A7 33
MOVE B7 206
END TURN 76
TURN 77
COMMAND LEFT START
COMMAND LEFT END
COMMAND RIGHT START
COMMAND RIGHT END
TURN 77 RESULT
TIME LEFT 0 5 RIGHT 0 5
MOVE A7 41
MOVE B7 198
END TURN 77
TURN 78
COMMAND LEFT START
COMMAND LEFT END
COMMAND RIGHT START
COMMAND RIGHT END
TURN 78 RESULT
TIME LEFT 0 5 RIGHT 0 5
MOVE A7 53
MOVE B7 190
END TURN 78
TURN 79
COMMAND LEFT START
COMMAND LEFT END
COMMAND RIGHT START
COMMAND RIGHT END
TURN 79 RESULT
TIME LEFT 0 5 RIGHT 0 5
MOVE A7 73
MOVE B7 171
END TURN 79
TURN 80
COMMAND LEFT START
COMMAND LEFT END
COMMAND RIGHT START
COMMAND RIGHT END
TURN 80 RESULT
TIME LEFT 0 5 RIGHT 0 5
MOVE A7 85
MOVE B7 162
END TURN 80
TURN 81
COMMAND LEFT START
COMMAND LEFT END
COMMAND RIGHT START
COMMAND RIGHT END
TURN 81 RESULT
TIME LEFT 0 5 RIGHT 0 5
MOVE A7 99
END TURN 81
TURN 82
COMMAND LEFT START
UPGRADE 99
COMMAND LEFT END
COMMAND RIGHT START
COMMAND RIGHT END
TURN 82 RESULT
TIME LEFT 0 5 RIGHT 0 5
UPGRADE A 99
END TURN 82
TURN 83
COMMAND LEFT START
MOVE A8 65
TRAIN 1
COMMAND LEFT END
COMMAND RIGHT START
COMMAND RIGHT END
TURN 83 RESULT
TIME LEFT 0 5 RIGHT 0 5
TRAIN A10
MOVE A8 3
END TURN 83
TURN 84
COMMAND LEFT START
COMMAND LEFT END
COMMAND RIGHT START
COMMAND RIGHT END
TURN 84 RESULT
TIME LEFT 0 5 RIGHT 0 5
MOVE A8 5
END TURN 84
TURN 85
COMMAND LEFT START
COMMAND LEFT END
COMMAND RIGHT START
COMMAND RIGHT END
TURN 85 RESULT
TIME LEFT 0 5 RIGHT 0 5
MOVE A8 7
END TURN 85
TURN 86
COMMAND LEFT START
COMMAND LEFT END
COMMAND RIGHT START
COMMAND RIGHT END
TURN 86 RESULT
TIME LEFT 0 5 RIGHT 0 5
MOVE A8 14
END TURN 86
TURN 87
COMMAND LEFT START
COMMAND LEFT END
COMMAND RIGHT START
UPGRADE 214
COMMAND RIGHT END
TURN 87 RESULT
TIME LEFT 0 5 RIGHT 0 5
UPGRADE B 214
MOVE A8 20
END TURN 87
TURN 88
COMMAND LEFT START
COMMAND LEFT END
COMMAND RIGHT START
TRAIN 1
COMMAND RIGHT END
TURN 88 RESULT
TIME LEFT 0 5 RIGHT 0 5
TRAIN B10
MOVE A8 19
END TURN 88
TURN 89
COMMAND LEFT START
COMMAND LEFT END
COMMAND RIGHT START
COMMAND RIGHT END
TURN 89 RESULT
TIME LEFT 0 5 RIGHT 0 5
MOVE A8 26
END TURN 89
TURN 90
COMMAND LEFT START
COMMAND LEFT END
COMMAND RIGHT START
COMMAND RIGHT END
TURN 90 RESULT
TIME LEFT 2 5 RIGHT 2 5
MOVE A8 36
END TURN 90
TURN 91
COMMAND LEFT START
COMMAND LEFT END
COMMAND RIGHT START
COMMAND RIGHT END
TURN 91 RESULT
TIME LEFT 0 5 RIGHT 0 5
MOVE A8 65
END TURN 91
TURN 92
COMMAND LEFT START
UPGRADE 65
COMMAND LEFT END
COMMAND RIGHT START
COMMAND RIGHT END
TURN 92 RESULT
TIME LEFT 0 5 RIGHT 0 5
UPGRADE A 65
END TURN 92
TURN 93
COMMAND LEFT START
MOVE A9 107
TRAIN 1
COMMAND LEFT END
COMMAND RIGHT START
UPGRADE 126
COMMAND RIGHT END
TURN 93 RESULT
TIME LEFT 0 5 RIGHT 0 5
UPGRADE B 126
TRAIN A11
MOVE A9 8
END TURN 93
TURN 94
COMMAND LEFT START
MOVE A10 107
TRAIN 1
COMMAND LEFT END
COMMAND RIGHT START
TRAIN 1
COMMAND RIGHT END
TURN 94 RESULT
TIME LEFT 0 5 RIGHT 0 5
TRAIN A12 B11
MOVE A9 16
MOVE A10 8
END TURN 94
TURN 95
COMMAND LEFT START
MOVE A11 107
TRAIN 1
COMMAND LEFT END
COMMAND RIGHT START
MOVE B8 126
COMMAND RIGHT END
TURN 95 RESULT
TIME LEFT 0 5 RIGHT 0 5
TRAIN A13
MOVE A9 24
MOVE A10 16
MOVE A11 8
MOVE B8 206
END TURN 95
TURN 96
COMMAND LEFT START
MOVE A12 107
TRAIN 1
COMMAND LEFT END
COMMAND RIGHT START
COMMAND RIGHT END
TURN 96 RESULT
TIME LEFT 0 5 RIGHT 0 5
TRAIN A14
MOVE A9 38
MOVE A10 24
MOVE A11 16
MOVE A12 8
MOVE B8 198
END TURN 96
TURN 97
COMMAND LEFT START
MOVE A13 107
TRAIN 1
COMMAND LEFT END
COMMAND RIGHT START
COMMAND RIGHT END
TURN 97 RESULT
TIME LEFT 0 5 RIGHT 0 5
TRAIN A15
MOVE A9 60
MOVE A10 38
MOVE A11 24
MOVE A12 16
MOVE A13 8
MOVE B8 187
END TURN 97
TURN 98
COMMAND LEFT START
COMMAND LEFT END
COMMAND RIGHT START
COMMAND RIGHT END
TURN 98 RESULT
TIME LEFT 0 5 RIGHT 0 5
MOVE A9 82
MOVE A10 60
MOVE A11 38
MOVE A12 24
MOVE A13 16
MOVE B8 170
END TURN 98
TURN 99
COMMAND LEFT START
COMMAND LEFT END
COMMAND RIGHT START
COMMAND RIGHT END
TURN 99 RESULT
TIME LEFT 0 5 RIGHT 0 5
MOVE A9 107
MOVE A10 82
MOVE A11 60
MOVE A12 38
MOVE A13 24
MOVE B8 159
END TURN 99
TURN 100
COMMAND LEFT START
COMMAND LEFT END
COMMAND RIGHT START
UPGRADE 211
COMMAND RIGHT END
TURN 100 RESULT
TIME LEFT 0 5 RIGHT 0 5
UPGRADE B 211
MOVE A10 107
MOVE A11 82
MOVE A12 60
MOVE A13 38
MOVE B8 140
END TURN 100
TURN 101
COMMAND LEFT START
MOVE A9 0
MOVE A14 107
UPGRADE 0
TRAIN 1
COMMAND LEFT END
COMMAND RIGHT START
COMMAND RIGHT END
TURN 101 RESULT
TIME LEFT 0 5 RIGHT 0 5
UPGRADE A 0
TRAIN A16
MOVE A9 82
MOVE A11 107
MOVE A12 82
MOVE A13 60
MOVE A14 8
MOVE B8 126
END TURN 101
TURN 102
COMMAND LEFT START
MOVE A15 107
MOVE A10 0
TRAIN 1
COMMAND LEFT END
COMMAND RIGHT START
TRAIN 1
COMMAND RIGHT END
TURN 102 RESULT
TIME LEFT 0 5 RIGHT 0 5
TRAIN A17 B12
MOVE A9 60
MOVE A10 82
MOVE A12 107
MOVE A13 82
MOVE A14 16
MOVE A15 8
END TURN 102
TURN 103
COMMAND LEFT START
MOVE A17 116
COMMAND LEFT END
COMMAND RIGHT START
MOVE B9 211
COMMAND RIGHT END
TURN 103 RESULT
TIME LEFT 0 5 RIGHT 0 5
MOVE A9 38
MOVE A10 60
MOVE A13 107
MOVE A14 24
MOVE A15 16
MOVE A17 6
MOVE B9 211
END TURN 103
TURN 104
COMMAND LEFT START
MOVE A16 107
TRAIN 1
COMMAND LEFT END
COMMAND RIGHT START
COMMAND RIGHT END
TURN 104 RESULT
TIME LEFT 0 5 RIGHT 0 5
TRAIN A18
MOVE A9 24
MOVE A10 38
MOVE A14 38
MOVE A15 24
MOVE A16 8
MOVE A17 9
END TURN 104
TURN 105
COMMAND LEFT START
MOVE A18 107
TRAIN 1
COMMAND LEFT END
COMMAND RIGHT START
COMMAND RIGHT END
TURN 105 RESULT
TIME LEFT 0 5 RIGHT 0 5
TRAIN A19
MOVE A9 16
MOVE A10 24
MOVE A14 60
MOVE A15 38
MOVE A16 16
MOVE A17 22
MOVE A18 8
END TURN 105
TURN 106
COMMAND LEFT START
COMMAND LEFT END
COMMAND RIGHT START
UPGRADE 162
COMMAND RIGHT END
TURN 106 RESULT
TIME LEFT 0 5 RIGHT 0 5
UPGRADE B 162
MOVE A9 8
MOVE A10 16
MOVE A14 82
MOVE A15 60
MOVE A16 24
MOVE A17 30
MOVE A18 16
END TURN 106
TURN 107
COMMAND LEFT START
MOVE A19 107
TRAIN 1
COMMAND LEFT END
COMMAND RIGHT START
TRAIN 1
COMMAND RIGHT END
TURN 107 RESULT
TIME LEFT 0 5 RIGHT 0 5
TRAIN A20 B13
MOVE A9 0
MOVE A10 8
MOVE A14 107
MOVE A15 82
MOVE A16 38
MOVE A17 37
MOVE A18 24
MOVE A19 8
END TURN 107
TURN 108
COMMAND LEFT START
MOVE A9 107
TRAIN 1
COMMAND LEFT END
COMMAND RIGHT START
MOVE B10 162
COMMAND RIGHT END
TURN 108 RESULT
TIME LEFT 0 5 RIGHT 0 5
TRAIN A21
MOVE A9 8
MOVE A10 0
MOVE A15 107
MOVE A16 60
MOVE A17 57
MOVE A18 38
MOVE A19 16
MOVE B10 206
END TURN 108
TURN 109
COMMAND LEFT START
MOVE A10 107
TRAIN 1
COMMAND LEFT END
COMMAND RIGHT START
COMMAND RIGHT END
TURN 109 RESULT
TIME LEFT 0 5 RIGHT 0 5
TRAIN A22
MOVE A9 16
MOVE A10 8
MOVE A16 82
MOVE A17 76
MOVE A18 60
MOVE A19 24
MOVE B10 198
END TURN 109
TURN 110
COMMAND LEFT START
MOVE A20 107
TRAIN 1
COMMAND LEFT END
COMMAND RIGHT START
COMMAND RIGHT END
TURN 110 RESULT
TIME LEFT 0 5 RIGHT 0 5
TRAIN A23
MOVE A9 24
MOVE A10 16
MOVE A16 107
MOVE A17 89
MOVE A18 82
MOVE A19 38
MOVE A20 8
MOVE B10 190
END TURN 110
TURN 111
COMMAND LEFT START
MOVE A21 107
TRAIN 1
COMMAND LEFT END
COMMAND RIGHT START
COMMAND RIGHT END
TURN 111 RESULT
TIME LEFT 0 5 RIGHT 0 5
TRAIN A24
MOVE A9 38
MOVE A10 24
MOVE A17 116
MOVE A18 107
MOVE A19 60
MOVE A20 16
MOVE A21 8
MOVE B10 171
END TURN 111
TURN 112
COMMAND LEFT START
MOVE A22 107
TRAIN 1
COMMAND LEFT END
COMMAND RIGHT START
UPGRADE 126
COMMAND RIGHT END
TURN 112 RESULT
TIME LEFT 0 5 RIGHT 0 5
UPGRADE B 126
TRAIN A25
MOVE A9 60
MOVE A10 38
MOVE A19 82
MOVE A20 24
MOVE A21 16
MOVE A22 8
MOVE B10 162
END TURN 112
TURN 113
COMMAND LEFT START
COMMAND LEFT END
COMMAND RIGHT START
TRAIN 1
COMMAND RIGHT END
TURN 113 RESULT
TIME LEFT 0 5 RIGHT 0 5
TRAIN B14
MOVE A9 82
MOVE A10 60
MOVE A19 107
MOVE A20 38
MOVE A21 24
MOVE A22 16
END TURN 113
TURN 114
COMMAND LEFT START
MOVE A23 107
TRAIN 1
COMMAND LEFT END
COMMAND RIGHT START
MOVE B11 126
COMMAND RIGHT END
TURN 114 RESULT
TIME LEFT 0 5 RIGHT 0 5
TRAIN A26
MOVE A9 107
MOVE A10 82
MOVE A20 60
MOVE A21 38
MOVE A22 24
MOVE A23 8
MOVE B11 206
END TURN 114
TURN 115
COMMAND LEFT START
MOVE A24 107
TRAIN 1
COMMAND LEFT END
COMMAND RIGHT START
COMMAND RIGHT END
TURN 115 RESULT
TIME LEFT 0 5 RIGHT 0 5
TRAIN A27
MOVE A10 107
MOVE A20 82
MOVE A21 60
MOVE A22 38
MOVE A23 16
MOVE A24 8
MOVE B11 198
END TURN 115
TURN 116
COMMAND LEFT START
MOVE A25 107
TRAIN 1
COMMAND LEFT END
COMMAND RIGHT START
COMMAND RIGHT END
TURN 116 RESULT
TIME LEFT 0 5 RIGHT 0 5
TRAIN A28
MOVE A20 107
MOVE A21 82
MOVE A22 60
MOVE A23 24
MOVE A24 16
MOVE A25 8
MOVE B11 187
END TURN 116
TURN 117
COMMAND LEFT START
MOVE A26 107
TRAIN 1
COMMAND LEFT END
COMMAND RIGHT START
TRAIN 1
COMMAND RIGHT END
TURN 117 RESULT
TIME LEFT 0 5 RIGHT 0 5
TRAIN A29 B15
MOVE A21 107
MOVE A22 82
MOVE A23 38
MOVE A24 24
MOVE A25 16
MOVE A26 8
MOVE B11 170
END TURN 117
TURN 118
COMMAND LEFT START
COMMAND LEFT END
COMMAND RIGHT START
TRAIN 1
COMMAND RIGHT END
TURN 118 RESULT
TIME LEFT 0 5 RIGHT 0 5
TRAIN B16
MOVE A22 107
MOVE A23 60
MOVE A24 38
MOVE A25 24
MOVE A26 16
MOVE B11 159
END TURN 118
TURN 119
COMMAND LEFT START
MOVE A9 214
MOVE A10 214
MOVE A11 214
MOVE A12 214
MOVE A13 214
MOVE A14 214
MOVE A15 214
MOVE A16 214
MOVE A18 214
MOVE A19 214
MOVE A20 214
MOVE A21 214
MOVE A22 214
COMMAND LEFT END
COMMAND RIGHT START
MOVE B16 107
COMMAND RIGHT END
TURN 119 RESULT
TIME LEFT 0 5 RIGHT 0 5
MOVE A9 132
MOVE A10 132
MOVE A11 132
MOVE A12 132
MOVE A13 132
MOVE A14 132
MOVE A15 132
MOVE A16 132
MOVE A18 132
MOVE A19 132
MOVE A20 132
MOVE A21 132
MOVE A22 132
MOVE A23 82
MOVE A24 60
MOVE A25 38
MOVE A26 24
MOVE B11 140
MOVE B16 206
END TURN 119
TURN 120
COMMAND LEFT START
MOVE A27 107
TRAIN 1
COMMAND LEFT END
COMMAND RIGHT START
TRAIN 2
COMMAND RIGHT END
TURN 120 RESULT
TIME LEFT 0 5 RIGHT 0 5
TRAIN A30 B17 B18
MOVE A9 154
MOVE A10 154
MOVE A11 154
MOVE A12 154
MOVE A13 154
MOVE A14 154
MOVE A15 154
MOVE A16 154
MOVE A18 154
MOVE A19 154
MOVE A20 154
MOVE A21 154
MOVE A22 154
MOVE A23 107
MOVE A24 82
MOVE A25 60
MOVE A26 38
MOVE A27 8
MOVE B11 126
MOVE B16 198
END TURN 120
TURN 121
COMMAND LEFT START
MOVE A28 107
TRAIN 1
COMMAND LEFT END
COMMAND RIGHT START
MOVE B18 185
COMMAND RIGHT END
TURN 121 RESULT
TIME LEFT 0 5 RIGHT 0 5
TRAIN A31
MOVE A9 176
MOVE A10 176
MOVE A11 176
MOVE A12 176
MOVE A13 176
MOVE A14 176
MOVE A15 176
MOVE A16 176
MOVE A18 176
MOVE A19 176
MOVE A20 176
MOVE A21 176
MOVE A22 176
MOVE A24 107
MOVE A25 82
MOVE A26 60
MOVE A27 16
MOVE A28 8
MOVE B16 190
MOVE B18 211
END TURN 121
TURN 122
COMMAND LEFT START
COMMAND LEFT END
COMMAND RIGHT START
MOVE B17 115
COMMAND RIGHT END
TURN 122 RESULT
TIME LEFT 0 5 RIGHT 0 5
MOVE A9 190
MOVE A10 190
MOVE A11 190
MOVE A12 190
MOVE A13 190
MOVE A14 190
MOVE A15 190
MOVE A16 190
MOVE A18 190
MOVE A19 190
MOVE A20 190
MOVE A21 190
MOVE A22 190
MOVE A25 107
MOVE A26 82
MOVE A27 24
MOVE A28 16
MOVE B16 176
MOVE B17 208
MOVE B18 209
END TURN 122
TURN 123
COMMAND LEFT START
MOVE A29 107
TRAIN 1
COMMAND LEFT END
COMMAND RIGHT START
MOVE B1 214
MOVE B5 214
MOVE B9 214
MOVE B6 214
MOVE B8 214
MOVE B11 214
TRAIN 2
COMMAND RIGHT END
TURN 123 RESULT
TIME LEFT 0 5 RIGHT 0 5
TRAIN A32 B19 B20
MOVE A9 198
MOVE A10 198
MOVE A11 198
MOVE A12 198
MOVE A13 198
MOVE A14 198
MOVE A15 198
MOVE A16 198
MOVE A18 198
MOVE A19 198
MOVE A20 198
MOVE A21 198
MOVE A22 198
MOVE A26 107
MOVE A27 38
MOVE A28 24
MOVE A29 8
MOVE B1 214
MOVE B5 214
MOVE B6 140
MOVE B8 140
MOVE B9 214
MOVE B11 140
MOVE B16 154
MOVE B17 201
MOVE B18 207
END TURN 123
TURN 124
COMMAND LEFT START
MOVE A30 107
TRAIN 1
COMMAND LEFT END
COMMAND RIGHT START
TRAIN 2
COMMAND RIGHT END
TURN 124 RESULT
TIME LEFT 0 5 RIGHT 0 5
TRAIN A33 B21 B22
MOVE A9 206
MOVE A10 206
MOVE A11 206
MOVE A12 206
MOVE A13 206
MOVE A14 206
MOVE A15 206
MOVE A16 206
MOVE A18 206
MOVE A19 206
MOVE A20 206
MOVE A21 206
MOVE A22 206
MOVE A27 60
MOVE A28 38
MOVE A29 16
MOVE A30 8
MOVE B6 159
MOVE B8 159
MOVE B11 159
MOVE B16 132
MOVE B17 181
MOVE B18 200
END TURN 124
TURN 125
COMMAND LEFT START
MOVE A31 107
TRAIN 1
COMMAND LEFT END
COMMAND RIGHT START
COMMAND RIGHT END
TURN 125 RESULT
TIME LEFT 0 5 RIGHT 0 5
TRAIN A34
MOVE A9 214
MOVE A10 214
MOVE A11 214
MOVE A12 214
MOVE A13 214
MOVE A14 214
MOVE A15 214
MOVE A16 214
MOVE A18 214
MOVE A19 214
MOVE A20 214
MOVE A21 214
MOVE A22 214
MOVE A27 82
MOVE A28 60
MOVE A29 24
MOVE A30 16
MOVE A31 8
MOVE B6 170
MOVE B8 170
MOVE B11 170
MOVE B16 107
MOVE B17 173
MOVE B18 194
DAMAGE TURRET A9 2
DAMAGE TURRET B16 1
DAMAGE COMBAT A3 1
DAMAGE COMBAT A9 3
DAMAGE COMBAT A10 5
DAMAGE COMBAT A11 3
DAMAGE COMBAT B1 4
DAMAGE COMBAT B5 4
DAMAGE COMBAT B9 5
DAMAGE COMBAT B16 5
END TURN 125
TURN 126
COMMAND LEFT START
COMMAND LEFT END
COMMAND RIGHT START
COMMAND RIGHT END
TURN 126 RESULT
TIME LEFT 0 5 RIGHT 0 5
MOVE A27 107
MOVE A28 82
MOVE A29 38
MOVE A30 24
MOVE A31 16
MOVE B6 187
MOVE B8 187
MOVE B11 187
MOVE B17 161
MOVE B18 195
DAMAGE TURRET A11 2
DAMAGE COMBAT A12 5
DAMAGE COMBAT A13 3
DAMAGE COMBAT B12 6
DAMAGE COMBAT B13 5
END TURN 126
TURN 127
COMMAND LEFT START
MOVE A32 107
TRAIN 1
COMMAND LEFT END
COMMAND RIGHT START
COMMAND RIGHT END
TURN 127 RESULT
TIME LEFT 0 5 RIGHT 0 5
TRAIN A35
MOVE A28 107
MOVE A29 60
MOVE A30 38
MOVE A31 24
MOVE A32 8
MOVE B6 198
MOVE B8 198
MOVE B11 198
MOVE B17 141
MOVE B18 188
DAMAGE TURRET A13 2
DAMAGE COMBAT A14 5
DAMAGE COMBAT A15 2
DAMAGE COMBAT B13 1
DAMAGE COMBAT B14 6
DAMAGE COMBAT B15 2
END TURN 127
TURN 128
COMMAND LEFT START
MOVE A33 107
TRAIN 1
COMMAND LEFT END
COMMAND RIGHT START
COMMAND RIGHT END
TURN 128 RESULT
TIME LEFT 0 5 RIGHT 0 5
TRAIN A36
MOVE A29 82
MOVE A30 60
MOVE A31 38
MOVE A32 16
MOVE A33 8
MOVE B6 206
MOVE B8 206
MOVE B11 206
MOVE B17 129
MOVE B18 185
DAMAGE TURRET A15 2
DAMAGE COMBAT A15 1
DAMAGE COMBAT A16 4
DAMAGE COMBAT B15 4
DAMAGE COMBAT B19 3
END TURN 128
TURN 129
COMMAND LEFT START
MOVE A23 162
MOVE A24 162
MOVE A25 162
MOVE A26 162
MOVE A27 162
MOVE A28 162
COMMAND LEFT END
COMMAND RIGHT START
COMMAND RIGHT END
TURN 129 RESULT
TIME LEFT 0 5 RIGHT 0 5
MOVE A23 132
MOVE A24 132
MOVE A25 132
MOVE A26 132
MOVE A27 132
MOVE A28 132
MOVE A29 107
MOVE A30 82
MOVE A31 60
MOVE A32 24
MOVE A33 16
MOVE B6 214
MOVE B8 214
MOVE B11 214
MOVE B17 115
DAMAGE TURRET A16 2
DAMAGE COMBAT A18 6
DAMAGE COMBAT A19 1
DAMAGE COMBAT B6 3
DAMAGE COMBAT B19 3
END TURN 129
TURN 130
COMMAND LEFT START
MOVE A34 107
TRAIN 1
COMMAND LEFT END
COMMAND RIGHT START
COMMAND RIGHT END
TURN 130 RESULT
TIME LEFT 0 5 RIGHT 0 5
TRAIN A37
MOVE A23 154
MOVE A24 154
MOVE A25 154
MOVE A26 154
MOVE A27 154
MOVE A28 154
MOVE A30 107
MOVE A31 82
MOVE A32 38
MOVE A33 24
MOVE A34 8
DAMAGE TURRET A19 2
DAMAGE COMBAT A19 3
DAMAGE COMBAT A20 3
DAMAGE COMBAT B6 1
DAMAGE COMBAT B8 3
END TURN 130
TURN 131
COMMAND LEFT START
MOVE A35 107
TRAIN 1
COMMAND LEFT END
COMMAND RIGHT START
COMMAND RIGHT END
TURN 131 RESULT
TIME LEFT 0 5 RIGHT 0 5
TRAIN A38
MOVE A23 162
MOVE A24 162
MOVE A25 162
MOVE A26 162
MOVE A27 162
MOVE A28 162
MOVE A31 107
MOVE A32 60
MOVE A33 38
MOVE A34 16
MOVE A35 8
DAMAGE TURRET A20 2
DAMAGE TURRET A23 2
DAMAGE COMBAT A20 1
DAMAGE COMBAT A21 4
DAMAGE COMBAT A23 3
DAMAGE COMBAT B4 4
DAMAGE COMBAT B7 2
DAMAGE COMBAT B8 2
DAMAGE COMBAT B11 1
END TURN 131
TURN 132
COMMAND LEFT START
MOVE A36 107
TRAIN 1
COMMAND LEFT END
COMMAND RIGHT START
COMMAND RIGHT END
TURN 132 RESULT
TIME LEFT 0 5 RIGHT 0 5
TRAIN A39
MOVE A32 82
MOVE A33 60
MOVE A34 24
MOVE A35 16
MOVE A36 8
DAMAGE TURRET A21 2
DAMAGE TURRET A23 1
DAMAGE TURRET A24 1
DAMAGE COMBAT A22 4
DAMAGE COMBAT A24 2
DAMAGE COMBAT B7 2
DAMAGE COMBAT B10 4
DAMAGE COMBAT B11 2
END TURN 132
TURN 133
COMMAND LEFT START
MOVE A37 107
TRAIN 1
COMMAND LEFT END
COMMAND RIGHT START
COMMAND RIGHT END
TURN 133 RESULT
TIME LEFT 0 5 RIGHT 0 5
TRAIN A40
MOVE A32 107
MOVE A33 82
MOVE A34 38
MOVE A35 24
MOVE A36 16
MOVE A37 8
DAMAGE TURRET A22 2
DAMAGE TURRET A24 2
DAMAGE COMBAT A24 1
DAMAGE COMBAT B10 2
DAMAGE COMBAT B11 1
SIEGE B 162 3
END TURN 133
TURN 134
COMMAND LEFT START
COMMAND LEFT END
COMMAND RIGHT START
MOVE B11 211
MOVE B20 211
MOVE B21 126
MOVE B18 126
MOVE B17 126
TRAIN 2
COMMAND RIGHT END
TURN 134 RESULT
TIME LEFT 0 5 RIGHT 0 5
TRAIN B23 B24
MOVE A33 107
MOVE A34 60
MOVE A35 38
MOVE A36 24
MOVE A37 16
MOVE B11 211
MOVE B17 108
MOVE B18 188
MOVE B20 211
MOVE B21 206
DAMAGE TURRET A25 2
SIEGE B 162 4
END TURN 134
TURN 135
COMMAND LEFT START
MOVE A38 107
TRAIN 1
COMMAND LEFT END
COMMAND RIGHT START
MOVE B11 126
TRAIN 2
COMMAND RIGHT END
TURN 135 RESULT
TIME LEFT 0 5 RIGHT 0 5
TRAIN A41 B25 B26
MOVE A34 82
MOVE A35 60
MOVE A36 38
MOVE A37 24
MOVE A38 8
MOVE B11 206
MOVE B17 109
MOVE B18 180
MOVE B21 198
DAMAGE TURRET A25 2
SIEGE B 162 4
END TURN 135
TURN 136
COMMAND LEFT START
MOVE A39 107
TRAIN 1
COMMAND LEFT END
COMMAND RIGHT START
MOVE B22 126
MOVE B23 211
TRAIN 2
COMMAND RIGHT END
TURN 136 RESULT
TIME LEFT 0 5 RIGHT 0 5
TRAIN A42 B27 B28
MOVE A34 107
MOVE A35 82
MOVE A36 60
MOVE A37 38
MOVE A38 16
MOVE A39 8
MOVE B11 198
MOVE B17 113
MOVE B18 165
MOVE B21 187
MOVE B22 206
MOVE B23 211
DAMAGE TURRET A25 2
SIEGE B 162 4
END TURN 136
TURN 137
COMMAND LEFT START
MOVE A40 107
TRAIN 1
COMMAND LEFT END
COMMAND RIGHT START
MOVE B24 126
MOVE B25 211
TRAIN 2
COMMAND RIGHT END
TURN 137 RESULT
TIME LEFT 0 5 RIGHT 0 5
TRAIN A43 B29 B30
MOVE A35 107
MOVE A36 82
MOVE A37 60
MOVE A38 24
MOVE A39 16
MOVE A40 8
MOVE B11 187
MOVE B17 126
MOVE B18 166
MOVE B21 170
MOVE B22 198
MOVE B24 206
MOVE B25 211
DAMAGE TURRET A26 2
SIEGE B 162 3
END TURN 137
TURN 138
COMMAND LEFT START
MOVE A26 107
MOVE A27 107
MOVE A28 107
MOVE A41 107
TRAIN 1
COMMAND LEFT END
COMMAND RIGHT START
COMMAND RIGHT END
TURN 138 RESULT
TIME LEFT 0 5 RIGHT 0 5
TRAIN A44
MOVE A26 154
MOVE A27 154
MOVE A28 154
MOVE A36 107
MOVE A37 82
MOVE A38 38
MOVE A39 24
MOVE A40 16
MOVE A41 8
MOVE B11 170
MOVE B18 158
MOVE B21 159
MOVE B22 187
MOVE B24 198
END TURN 138
TURN 139
COMMAND LEFT START
COMMAND LEFT END
COMMAND RIGHT START
COMMAND RIGHT END
TURN 139 RESULT
TIME LEFT 0 5 RIGHT 0 5
MOVE A26 132
MOVE A27 132
MOVE A28 132
MOVE A37 107
MOVE A38 60
MOVE A39 38
MOVE A40 24
MOVE A41 16
MOVE B11 159
MOVE B18 160
MOVE B21 140
MOVE B22 170
MOVE B24 187
END TURN 139
TURN 140
COMMAND LEFT START
MOVE A42 107
TRAIN 1
COMMAND LEFT END
COMMAND RIGHT START
MOVE B30 162
COMMAND RIGHT END
TURN 140 RESULT
TIME LEFT 0 5 RIGHT 0 5
TRAIN A45
MOVE A26 107
MOVE A27 107
MOVE A28 107
MOVE A38 82
MOVE A39 60
MOVE A40 38
MOVE A41 24
MOVE A42 8
MOVE B11 140
MOVE B18 154
MOVE B21 126
MOVE B22 159
MOVE B24 170
MOVE B30 206
END TURN 140
TURN 141
COMMAND LEFT START
MOVE A43 107
TRAIN 1
COMMAND LEFT END
COMMAND RIGHT START
MOVE B29 126
TRAIN 1
COMMAND RIGHT END
TURN 141 RESULT
TIME LEFT 0 5 RIGHT 0 5
TRAIN A46 B31
MOVE A38 107
MOVE A39 82
MOVE A40 60
MOVE A41 38
MOVE A42 16
MOVE A43 8
MOVE B11 126
MOVE B18 148
MOVE B22 140
MOVE B24 159
MOVE B29 206
MOVE B30 198
END TURN 141
TURN 142
COMMAND LEFT START
MOVE A44 107
TRAIN 1
COMMAND LEFT END
COMMAND RIGHT START
MOVE B31 126
TRAIN 1
COMMAND RIGHT END
TURN 142 RESULT
TIME LEFT 1 5 RIGHT 0 5
TRAIN A47 B32
MOVE A39 107
MOVE A40 82
MOVE A41 60
MOVE A42 24
MOVE A43 16
MOVE A44 8
MOVE B18 140
MOVE B22 126
MOVE B24 140
MOVE B29 198
MOVE B30 190
MOVE B31 206
END TURN 142
TURN 143
COMMAND LEFT START
MOVE A45 107
TRAIN 1
COMMAND LEFT END
COMMAND RIGHT START
MOVE B32 126
COMMAND RIGHT END
TURN 143 RESULT
TIME LEFT 1 5 RIGHT 0 5
TRAIN A48
MOVE A40 107
MOVE A41 82
MOVE A42 38
MOVE A43 24
MOVE A44 16
MOVE A45 8
MOVE B18 126
MOVE B24 126
MOVE B29 187
MOVE B30 171
MOVE B31 198
MOVE B32 206
END TURN 143
TURN 144
COMMAND LEFT START
COMMAND LEFT END
COMMAND RIGHT START
TRAIN 1
COMMAND RIGHT END
TURN 144 RESULT
TIME LEFT 1 5 RIGHT 0 5
TRAIN B33
MOVE A41 107
MOVE A42 60
MOVE A43 38
MOVE A44 24
MOVE A45 16
MOVE B29 170
MOVE B30 162
MOVE B31 187
MOVE B32 198
END TURN 144
TURN 145
COMMAND LEFT START
MOVE A46 107
TRAIN 1
COMMAND LEFT END
COMMAND RIGHT START
MOVE B33 126
UPGRADE 162
COMMAND RIGHT END
TURN 145 RESULT
TIME LEFT 1 5 RIGHT 0 5
UPGRADE B 162
TRAIN A49
MOVE A42 82
MOVE A43 60
MOVE A44 38
MOVE A45 24
MOVE A46 8
MOVE B29 159
MOVE B31 170
MOVE B32 187
MOVE B33 206
END TURN 145
TURN 146
COMMAND LEFT START
MOVE A47 107
TRAIN 1
COMMAND LEFT END
COMMAND RIGHT START
COMMAND RIGHT END
TURN 146 RESULT
TIME LEFT 1 5 RIGHT 0 5
TRAIN A50
MOVE A42 107
MOVE A43 82
MOVE A44 60
MOVE A45 38
MOVE A46 16
MOVE A47 8
MOVE B29 140
MOVE B31 159
MOVE B32 170
MOVE B33 198
END TURN 146
TURN 147
COMMAND LEFT START
COMMAND LEFT END
COMMAND RIGHT START
COMMAND RIGHT END
TURN 147 RESULT
TIME LEFT 1 5 RIGHT 0 5
MOVE A43 107
MOVE A44 82
MOVE A45 60
MOVE A46 24
MOVE A47 16
MOVE B29 126
MOVE B31 140
MOVE B32 159
MOVE B33 187
END TURN 147
TURN 148
COMMAND LEFT START
MOVE A48 107
TRAIN 1
COMMAND LEFT END
COMMAND RIGHT START
MOVE B29 107
COMMAND RIGHT END
TURN 148 RESULT
TIME LEFT 1 5 RIGHT 0 5
TRAIN A51
MOVE A44 107
MOVE A45 82
MOVE A46 38
MOVE A47 24
MOVE A48 8
MOVE B29 121
MOVE B31 126
MOVE B32 140
MOVE B33 170
END TURN 148
TURN 149
COMMAND LEFT START
MOVE A49 107
TRAIN 1
COMMAND LEFT END
COMMAND RIGHT START
TRAIN 2
COMMAND RIGHT END
TURN 149 RESULT
TIME LEFT 2 5 RIGHT 0 5
TRAIN A52 B34 B35
MOVE A45 107
MOVE A46 60
MOVE A47 38
MOVE A48 16
MOVE A49 8
MOVE B29 112
MOVE B32 126
MOVE B33 159
END TURN 149
TURN 150
COMMAND LEFT START
MOVE A50 107
TRAIN 1
COMMAND LEFT END
COMMAND RIGHT START
MOVE B35 126
MOVE B34 126
TRAIN 2
COMMAND RIGHT END
TURN 150 RESULT
TIME LEFT 2 5 RIGHT 0 5
TRAIN A53 B36 B37
MOVE A46 82
MOVE A47 60
MOVE A48 24
MOVE A49 16
MOVE A50 8
MOVE B29 107
MOVE B33 140
MOVE B34 206
MOVE B35 206
DAMAGE TURRET B29 1
DAMAGE COMBAT A3 1
DAMAGE COMBAT B29 5
END TURN 150
TURN 151
COMMAND LEFT START
COMMAND LEFT END
COMMAND RIGHT START
MOVE B37 126
MOVE B36 126
COMMAND RIGHT END
TURN 151 RESULT
TIME LEFT 2 5 RIGHT 0 5
MOVE A46 107
MOVE A47 82
MOVE A48 38
MOVE A49 24
MOVE A50 16
MOVE B33 126
MOVE B34 198
MOVE B35 198
MOVE B36 206
MOVE B37 206
END TURN 151
TURN 152
COMMAND LEFT START
MOVE A51 107
TRAIN 1
COMMAND LEFT END
COMMAND RIGHT START
MOVE B33 107
COMMAND RIGHT END
TURN 152 RESULT
TIME LEFT 2 5 RIGHT 0 5
TRAIN A54
MOVE A47 107
MOVE A48 60
MOVE A49 38
MOVE A50 24
MOVE A51 8
MOVE B33 121
MOVE B34 187
MOVE B35 187
MOVE B36 198
MOVE B37 198
END TURN 152
TURN 153
COMMAND LEFT START
COMMAND LEFT END
COMMAND RIGHT START
TRAIN 2
COMMAND RIGHT END
TURN 153 RESULT
TIME LEFT 2 5 RIGHT 0 5
TRAIN B38 B39
MOVE A48 82
MOVE A49 60
MOVE A50 38
MOVE A51 16
MOVE B33 112
MOVE B34 170
MOVE B35 170
MOVE B36 187
MOVE B37 187
END TURN 153
TURN 154
COMMAND LEFT START
MOVE A52 107
TRAIN 1
COMMAND LEFT END
COMMAND RIGHT START
MOVE B39 126
MOVE B38 126
TRAIN 2
COMMAND RIGHT END
TURN 154 RESULT
TIME LEFT 2 5 RIGHT 0 5
TRAIN A55 B40 B41
MOVE A48 107
MOVE A49 82
MOVE A50 60
MOVE A51 24
MOVE A52 8
MOVE B33 107
MOVE B34 159
MOVE B35 159
MOVE B36 170
MOVE B37 170
MOVE B38 206
MOVE B39 206
DAMAGE TURRET B33 1
DAMAGE COMBAT A3 1
DAMAGE COMBAT B33 5
END TURN 154
TURN 155
COMMAND LEFT START
MOVE A53 107
TRAIN 1
COMMAND LEFT END
COMMAND RIGHT START
MOVE B41 126
MOVE B40 126
COMMAND RIGHT END
TURN 155 RESULT
TIME LEFT 4 5 RIGHT 0 5
TRAIN A56
MOVE A49 107
MOVE A50 82
MOVE A51 38
MOVE A52 16
MOVE A53 8
MOVE B34 140
MOVE B35 140
MOVE B36 159
MOVE B37 159
MOVE B38 198
MOVE B39 198
MOVE B40 206
MOVE B41 206
END TURN 155
TURN 156
COMMAND LEFT START
COMMAND LEFT END
COMMAND RIGHT START
COMMAND RIGHT END
TURN 156 RESULT
TIME LEFT 4 5 RIGHT 1 5
MOVE A50 107
MOVE A51 60
MOVE A52 24
MOVE A53 16
MOVE B34 126
MOVE B35 126
MOVE B36 140
MOVE B37 140
MOVE B38 187
MOVE B39 187
MOVE B40 198
MOVE B41 198
END TURN 156
TURN 157
COMMAND LEFT START
COMMAND LEFT END
COMMAND RIGHT START
MOVE B35 107
COMMAND RIGHT END
TURN 157 RESULT
TIME LEFT 2 5 RIGHT 3 5
MOVE A51 82
MOVE A52 38
MOVE A53 24
MOVE B35 121
MOVE B36 126
MOVE B37 126
MOVE B38 170
MOVE B39 170
MOVE B40 187
MOVE B41 187
END TURN 157
TURN 158
COMMAND LEFT START
MOVE A54 107
MOVE A55 107
TRAIN 2
COMMAND LEFT END
COMMAND RIGHT START
TRAIN 2
COMMAND RIGHT END
TURN 158 RESULT
TIME LEFT 3 5 RIGHT 0 5
TRAIN A57 A58 B42 B43
MOVE A51 107
MOVE A52 60
MOVE A53 38
MOVE A54 8
MOVE A55 8
MOVE B35 112
MOVE B38 159
MOVE B39 159
MOVE B40 170
MOVE B41 170
END TURN 158
TURN 159
COMMAND LEFT START
COMMAND LEFT END
COMMAND RIGHT START
MOVE B43 126
MOVE B42 126
TRAIN 2
COMMAND RIGHT END
TURN 159 RESULT
TIME LEFT 2 5 RIGHT 0 5
TRAIN B44 B45
MOVE A52 82
MOVE A53 60
MOVE A54 16
MOVE A55 16
MOVE B35 107
MOVE B38 140
MOVE B39 140
MOVE B40 159
MOVE B41 159
MOVE B42 206
MOVE B43 206
DAMAGE TURRET B35 1
DAMAGE COMBAT A3 1
DAMAGE COMBAT B35 5
END TURN 159
TURN 160
COMMAND LEFT START
COMMAND LEFT END
COMMAND RIGHT START
MOVE B45 126
MOVE B44 126
COMMAND RIGHT END
TURN 160 RESULT
TIME LEFT 2 5 RIGHT 0 5
MOVE A52 107
MOVE A53 82
MOVE A54 24
MOVE A55 24
MOVE B38 126
MOVE B39 126
MOVE B40 140
MOVE B41 140
MOVE B42 198
MOVE B43 198
MOVE B44 206
MOVE B45 206
END TURN 160
TURN 161
COMMAND LEFT START
COMMAND LEFT END
COMMAND RIGHT START
COMMAND RIGHT END
TURN 161 RESULT
TIME LEFT 2 5 RIGHT 0 5
MOVE A53 107
MOVE A54 38
MOVE A55 38
MOVE B40 126
MOVE B41 126
MOVE B42 187
MOVE B43 187
MOVE B44 198
MOVE B45 198
END TURN 161
TURN 162
COMMAND LEFT START
MOVE A27 211
MOVE A28 211
MOVE A29 211
MOVE A30 211
MOVE A31 211
MOVE A32 211
MOVE A33 211
MOVE A34 211
MOVE A35 211
MOVE A36 211
MOVE A37 211
MOVE A38 211
MOVE A39 211
MOVE A40 211
MOVE A41 211
MOVE A42 211
MOVE A43 211
MOVE A44 211
MOVE A45 211
MOVE A46 211
MOVE A47 211
MOVE A48 211
MOVE A49 211
MOVE A50 211
MOVE A51 211
COMMAND LEFT END
COMMAND RIGHT START
MOVE B41 107
COMMAND RIGHT END
TURN 162 RESULT
TIME LEFT 3 5 RIGHT 0 5
MOVE A27 132
MOVE A28 132
MOVE A29 132
MOVE A30 132
MOVE A31 132
MOVE A32 132
MOVE A33 132
MOVE A34 132
MOVE A35 132
MOVE A36 132
MOVE A37 132
MOVE A38 132
MOVE A39 132
MOVE A40 132
MOVE A41 132
MOVE A42 132
MOVE A43 132
MOVE A44 132
MOVE A45 132
MOVE A46 132
MOVE A47 132
MOVE A48 132
MOVE A49 132
MOVE A50 132
MOVE A51 132
MOVE A54 60
MOVE A55 60
MOVE B41 121
MOVE B42 170
MOVE B43 170
MOVE B44 187
MOVE B45 187
END TURN 162
TURN 163
COMMAND LEFT START
COMMAND LEFT END
COMMAND RIGHT START
TRAIN 2
COMMAND RIGHT END
TURN 163 RESULT
TIME LEFT 0 5 RIGHT 0 5
TRAIN B46 B47
MOVE A27 154
MOVE A28 154
MOVE A29 154
MOVE A30 154
MOVE A31 154
MOVE A32 154
MOVE A33 154
MOVE A34 154
MOVE A35 154
MOVE A36 154
MOVE A37 154
MOVE A38 154
MOVE A39 154
MOVE A40 154
MOVE A41 154
MOVE A42 154
MOVE A43 154
MOVE A44 154
MOVE A45 154
MOVE A46 154
MOVE A47 154
MOVE A48 154
MOVE A49 154
MOVE A50 154
MOVE A51 154
MOVE A54 82
MOVE A55 82
MOVE B41 112
MOVE B42 159
MOVE B43 159
MOVE B44 170
MOVE B45 170
END TURN 163
TURN 164
COMMAND LEFT START
MOVE A56 107
TRAIN 1
COMMAND LEFT END
COMMAND RIGHT START
MOVE B47 126
MOVE B46 126
TRAIN 2
COMMAND RIGHT END
TURN 164 RESULT
TIME LEFT 0 5 RIGHT 0 5
TRAIN A59 B48 B49
MOVE A27 176
MOVE A28 176
MOVE A29 176
MOVE A30 176
MOVE A31 176
MOVE A32 176
MOVE A33 176
MOVE A34 176
MOVE A35 176
MOVE A36 176
MOVE A37 176
MOVE A38 176
MOVE A39 176
MOVE A40 176
MOVE A41 176
MOVE A42 176
MOVE A43 176
MOVE A44 176
MOVE A45 176
MOVE A46 176
MOVE A47 176
MOVE A48 176
MOVE A49 176
MOVE A50 176
MOVE A51 176
MOVE A54 107
MOVE A55 107
MOVE A56 8
MOVE B41 107
MOVE B42 140
MOVE B43 140
MOVE B44 159
MOVE B45 159
MOVE B46 206
MOVE B47 206
DAMAGE TURRET B41 1
DAMAGE COMBAT A26 1
DAMAGE COMBAT B41 5
END TURN 164
TURN 165
COMMAND LEFT START
MOVE A52 162
MOVE A53 162
MOVE A54 162
MOVE A55 162
COMMAND LEFT END
COMMAND RIGHT START
MOVE B49 126
MOVE B48 126
COMMAND RIGHT END
TURN 165 RESULT
TIME LEFT 0 5 RIGHT 0 5
MOVE A27 190
MOVE A28 190
MOVE A29 190
MOVE A30 190
MOVE A31 190
MOVE A32 190
MOVE A33 190
MOVE A34 190
MOVE A35 190
MOVE A36 190
MOVE A37 190
MOVE A38 190
MOVE A39 190
MOVE A40 190
MOVE A41 190
MOVE A42 190
MOVE A43 190
MOVE A44 190
MOVE A45 190
MOVE A46 190
MOVE A47 190
MOVE A48 190
MOVE A49 190
MOVE A50 190
MOVE A51 190
MOVE A52 132
MOVE A53 132
MOVE A54 132
MOVE A55 132
MOVE A56 16
MOVE B42 126
MOVE B43 126
MOVE B44 140
MOVE B45 140
MOVE B46 198
MOVE B47 198
MOVE B48 206
MOVE B49 206
END TURN 165
TURN 166
COMMAND LEFT START
MOVE A57 107
TRAIN 1
COMMAND LEFT END
COMMAND RIGHT START
MOVE B20 214
MOVE B23 214
MOVE B25 214
MOVE B11 214
MOVE B17 214
MOVE B18 214
MOVE B21 214
MOVE B22 214
MOVE B24 214
MOVE B31 214
MOVE B32 214
MOVE B34 214
MOVE B36 214
MOVE B37 214
MOVE B38 214
MOVE B39 214
MOVE B40 214
MOVE B42 214
MOVE B43 214
TRAIN 2
COMMAND RIGHT END
TURN 166 RESULT
TIME LEFT 0 5 RIGHT 0 5
TRAIN A60 B50 B51
MOVE A27 203
MOVE A28 203
MOVE A29 203
MOVE A30 203
MOVE A31 203
MOVE A32 203
MOVE A33 203
MOVE A34 203
MOVE A35 203
MOVE A36 203
MOVE A37 203
MOVE A38 203
MOVE A39 203
MOVE A40 203
MOVE A41 203
MOVE A42 203
MOVE A43 203
MOVE A44 203
MOVE A45 203
MOVE A46 203
MOVE A47 203
MOVE A48 203
MOVE A49 203
MOVE A50 203
MOVE A51 203
MOVE A52 154
MOVE A53 154
MOVE A54 154
MOVE A55 154
MOVE A56 24
MOVE A57 8
MOVE B11 140
MOVE B17 140
MOVE B18 140
MOVE B20 214
MOVE B21 140
MOVE B22 140
MOVE B23 214
MOVE B24 140
MOVE B25 214
MOVE B31 140
MOVE B32 140
MOVE B34 140
MOVE B36 140
MOVE B37 140
MOVE B38 140
MOVE B39 140
MOVE B40 140
MOVE B42 140
MOVE B43 140
MOVE B44 126
MOVE B45 126
MOVE B46 187
MOVE B47 187
MOVE B48 198
MOVE B49 198
END TURN 166
TURN 167
COMMAND LEFT START
COMMAND LEFT END
COMMAND RIGHT START
MOVE B30 214
TRAIN 1
COMMAND RIGHT END
TURN 167 RESULT
TIME LEFT 0 5 RIGHT 0 5
TRAIN B52
MOVE A27 211
MOVE A28 211
MOVE A29 211
MOVE A30 211
MOVE A31 211
MOVE A32 211
MOVE A33 211
MOVE A34 211
MOVE A35 211
MOVE A36 211
MOVE A37 211
MOVE A38 211
MOVE A39 211
MOVE A40 211
MOVE A41 211
MOVE A42 211
MOVE A43 211
MOVE A44 211
MOVE A45 211
MOVE A46 211
MOVE A47 211
MOVE A48 211
MOVE A49 211
MOVE A50 211
MOVE A51 211
MOVE A52 162
MOVE A53 162
MOVE A54 162
MOVE A55 162
MOVE A56 38
MOVE A57 16
MOVE B11 159
MOVE B17 159
MOVE B18 159
MOVE B21 159
MOVE B22 159
MOVE B24 159
MOVE B30 171
MOVE B31 159
MOVE B32 159
MOVE B34 159
MOVE B36 159
MOVE B37 159
MOVE B38 159
MOVE B39 159
MOVE B40 159
MOVE B42 159
MOVE B43 159
MOVE B46 170
MOVE B47 170
MOVE B48 187
MOVE B49 187
DAMAGE TURRET A27 2
DAMAGE TURRET A52 1
SIEGE B 162 4
SIEGE B 211 18
END TURN 167
TURN 168
COMMAND LEFT START
MOVE A27 107
MOVE A28 107
MOVE A29 107
MOVE A30 107
MOVE A31 107
MOVE A32 107
MOVE A33 107
MOVE A34 107
MOVE A35 107
MOVE A36 107
MOVE A37 107
MOVE A38 107
MOVE A39 107
MOVE A40 107
MOVE A41 107
MOVE A42 107
MOVE A43 107
MOVE A44 107
MOVE A45 107
MOVE A46 107
MOVE A47 107
MOVE A48 107
MOVE A49 107
MOVE A50 107
MOVE A51 107
MOVE A58 107
TRAIN 1
COMMAND LEFT END
COMMAND RIGHT START
COMMAND RIGHT END
TURN 168 RESULT
TIME LEFT 0 5 RIGHT 0 5
TRAIN A61
MOVE A27 203
MOVE A28 203
MOVE A29 203
MOVE A30 203
MOVE A31 203
MOVE A32 203
MOVE A33 203
MOVE A34 203
MOVE A35 203
MOVE A36 203
MOVE A37 203
MOVE A38 203
MOVE A39 203
MOVE A40 203
MOVE A41 203
MOVE A42 203
MOVE A43 203
MOVE A44 203
MOVE A45 203
MOVE A46 203
MOVE A47 203
MOVE A48 203
MOVE A49 203
MOVE A50 203
MOVE A51 203
MOVE A56 60
MOVE A57 24
MOVE A58 8
MOVE B11 170
MOVE B17 170
MOVE B18 170
MOVE B21 170
MOVE B22 170
MOVE B24 170
MOVE B30 190
MOVE B31 170
MOVE B32 170
MOVE B34 170
MOVE B36 170
MOVE B37 170
MOVE B38 170
MOVE B39 170
MOVE B40 170
MOVE B42 170
MOVE B43 170
MOVE B46 159
MOVE B47 159
MOVE B48 170
MOVE B49 170
DAMAGE TURRET A52 1
SIEGE B 162 2
END TURN 168
TURN 169
COMMAND LEFT START
MOVE A52 107
MOVE A53 107
MOVE A54 107
MOVE A55 107
COMMAND LEFT END
COMMAND RIGHT START
MOVE B52 126
MOVE B51 126
MOVE B50 126
MOVE B28 126
MOVE B27 126
MOVE B26 126
COMMAND RIGHT END
TURN 169 RESULT
TIME LEFT 0 5 RIGHT 0 5
MOVE A27 190
MOVE A28 190
MOVE A29 190
MOVE A30 190
MOVE A31 190
MOVE A32 190
MOVE A33 190
MOVE A34 190
MOVE A35 190
MOVE A36 190
MOVE A37 190
MOVE A38 190
MOVE A39 190
MOVE A40 190
MOVE A41 190
MOVE A42 190
MOVE A43 190
MOVE A44 190
MOVE A45 190
MOVE A46 190
MOVE A47 190
MOVE A48 190
MOVE A49 190
MOVE A50 190
MOVE A51 190
MOVE A52 154
MOVE A53 154
MOVE A54 154
MOVE A55 154
MOVE A56 82
MOVE A57 38
MOVE A58 16
MOVE B11 187
MOVE B17 187
MOVE B18 187
MOVE B21 187
MOVE B22 187
MOVE B24 187
MOVE B26 206
MOVE B27 206
MOVE B28 206
MOVE B30 198
MOVE B31 187
MOVE B32 187
MOVE B34 187
MOVE B36 187
MOVE B37 187
MOVE B38 187
MOVE B39 187
MOVE B40 187
MOVE B42 187
MOVE B43 187
MOVE B46 140
MOVE B47 140
MOVE B48 159
MOVE B49 159
MOVE B50 206
MOVE B51 206
MOVE B52 206
END TURN 169
TURN 170
COMMAND LEFT START
MOVE A59 107
TRAIN 1
COMMAND LEFT END
COMMAND RIGHT START
COMMAND RIGHT END
TURN 170 RESULT
TIME LEFT 0 5 RIGHT 0 5
TRAIN A62
MOVE A27 176
MOVE A28 176
MOVE A29 176
MOVE A30 176
MOVE A31 176
MOVE A32 176
MOVE A33 176
MOVE A34 176
MOVE A35 176
MOVE A36 176
MOVE A37 176
MOVE A38 176
MOVE A39 176
MOVE A40 176
MOVE A41 176
MOVE A42 176
MOVE A43 176
MOVE A44 176
MOVE A45 176
MOVE A46 176
MOVE A47 176
MOVE A48 176
MOVE A49 176
MOVE A50 176
MOVE A51 176
MOVE A52 132
MOVE A53 132
MOVE A54 132
MOVE A55 132
MOVE A56 107
MOVE A57 60
MOVE A58 24
MOVE A59 8
MOVE B11 198
MOVE B17 198
MOVE B18 198
MOVE B21 198
MOVE B22 198
MOVE B24 198
MOVE B26 198
MOVE B27 198
MOVE B28 198
MOVE B30 206
MOVE B31 198
MOVE B32 198
MOVE B34 198
MOVE B36 198
MOVE B37 198
MOVE B38 198
MOVE B39 198
MOVE B40 198
MOVE B42 198
MOVE B43 198
MOVE B46 126
MOVE B47 126
MOVE B48 140
MOVE B49 140
MOVE B50 198
MOVE B51 198
MOVE B52 198
END TURN 170
TURN 171
COMMAND LEFT START
COMMAND LEFT END
COMMAND RIGHT START
COMMAND RIGHT END
TURN 171 RESULT
TIME LEFT 0 5 RIGHT 0 5
MOVE A27 154
MOVE A28 154
MOVE A29 154
MOVE A30 154
MOVE A31 154
MOVE A32 154
MOVE A33 154
MOVE A34 154
MOVE A35 154
MOVE A36 154
MOVE A37 154
MOVE A38 154
MOVE A39 154
MOVE A40 154
MOVE A41 154
MOVE A42 154
MOVE A43 154
MOVE A44 154
MOVE A45 154
MOVE A46 154
MOVE A47 154
MOVE A48 154
MOVE A49 154
MOVE A50 154
MOVE A51 154
MOVE A52 107
MOVE A53 107
MOVE A54 107
MOVE A55 107
MOVE A57 82
MOVE A58 38
MOVE A59 16
MOVE B11 206
MOVE B17 206
MOVE B18 206
MOVE B21 206
MOVE B22 206
MOVE B24 206
MOVE B26 187
MOVE B27 187
MOVE B28 187
MOVE B30 214
MOVE B31 206
MOVE B32 206
MOVE B34 206
MOVE B36 206
MOVE B37 206
MOVE B38 206
MOVE B39 206
MOVE B40 206
MOVE B42 206
MOVE B43 206
MOVE B48 126
MOVE B49 126
MOVE B50 187
MOVE B51 187
MOVE B52 187
END TURN 171
TURN 172
COMMAND LEFT START
MOVE A60 107
TRAIN 1
COMMAND LEFT END
COMMAND RIGHT START
MOVE B30 126
COMMAND RIGHT END
TURN 172 RESULT
TIME LEFT 0 5 RIGHT 0 5
TRAIN A63
MOVE A27 132
MOVE A28 132
MOVE A29 132
MOVE A30 132
MOVE A31 132
MOVE A32 132
MOVE A33 132
MOVE A34 132
MOVE A35 132
MOVE A36 132
MOVE A37 132
MOVE A38 132
MOVE A39 132
MOVE A40 132
MOVE A41 132
MOVE A42 132
MOVE A43 132
MOVE A44 132
MOVE A45 132
MOVE A46 132
MOVE A47 132
MOVE A48 132
MOVE A49 132
MOVE A50 132
MOVE A51 132
MOVE A57 107
MOVE A58 60
MOVE A59 24
MOVE A60 8
MOVE B11 214
MOVE B17 214
MOVE B18 214
MOVE B21 214
MOVE B22 214
MOVE B24 214
MOVE B26 170
MOVE B27 170
MOVE B28 170
MOVE B30 206
MOVE B31 214
MOVE B32 214
MOVE B34 214
MOVE B36 214
MOVE B37 214
MOVE B38 214
MOVE B39 214
MOVE B40 214
MOVE B42 214
MOVE B43 214
MOVE B50 170
MOVE B51 170
MOVE B52 170
END TURN 172
TURN 173
COMMAND LEFT START
COMMAND LEFT END
COMMAND RIGHT START
COMMAND RIGHT END
TURN 173 RESULT
TIME LEFT 0 5 RIGHT 0 5
MOVE A27 107
MOVE A28 107
MOVE A29 107
MOVE A30 107
MOVE A31 107
MOVE A32 107
MOVE A33 107
MOVE A34 107
MOVE A35 107
MOVE A36 107
MOVE A37 107
MOVE A38 107
MOVE A39 107
MOVE A40 107
MOVE A41 107
MOVE A42 107
MOVE A43 107
MOVE A44 107
MOVE A45 107
MOVE A46 107
MOVE A47 107
MOVE A48 107
MOVE A49 107
MOVE A50 107
MOVE A51 107
MOVE A58 82
MOVE A59 38
MOVE A60 16
MOVE B26 159
MOVE B27 159
MOVE B28 159
MOVE B30 198
MOVE B50 159
MOVE B51 159
MOVE B52 159
END TURN 173
TURN 174
COMMAND LEFT START
MOVE A61 107
TRAIN 1
COMMAND LEFT END
COMMAND RIGHT START
COMMAND RIGHT END
TURN 174 RESULT
TIME LEFT 0 5 RIGHT 0 5
TRAIN A64
MOVE A58 107
MOVE A59 60
MOVE A60 24
MOVE A61 8
MOVE B26 140
MOVE B27 140
MOVE B28 140
MOVE B30 187
MOVE B50 140
MOVE B51 140
MOVE B52 140
END TURN 174
TURN 175
COMMAND LEFT START
COMMAND LEFT END
COMMAND RIGHT START
COMMAND RIGHT END
TURN 175 RESULT
TIME LEFT 0 5 RIGHT 0 5
MOVE A59 82
MOVE A60 38
MOVE A61 16
MOVE B26 126
MOVE B27 126
MOVE B28 126
MOVE B30 170
MOVE B50 126
MOVE B51 126
MOVE B52 126
END TURN 175
TURN 176
COMMAND LEFT START
MOVE A62 107
TRAIN 1
COMMAND LEFT END
COMMAND RIGHT START
COMMAND RIGHT END
TURN 176 RESULT
TIME LEFT 0 5 RIGHT 0 5
TRAIN A65
MOVE A59 107
MOVE A60 60
MOVE A61 24
MOVE A62 8
MOVE B30 159
END TURN 176
TURN 177
COMMAND LEFT START
COMMAND LEFT END
COMMAND RIGHT START
COMMAND RIGHT END
TURN 177 RESULT
TIME LEFT 0 5 RIGHT 0 5
MOVE A60 82
MOVE A61 38
MOVE A62 16
MOVE B30 140
END TURN 177
TURN 178
COMMAND LEFT START
MOVE A63 107
TRAIN 1
COMMAND LEFT END
COMMAND RIGHT START
COMMAND RIGHT END
TURN 178 RESULT
TIME LEFT 0 5 RIGHT 0 5
TRAIN A66
MOVE A60 107
MOVE A61 60
MOVE A62 24
MOVE A63 8
MOVE B30 126
END TURN 178
TURN 179
COMMAND LEFT START
COMMAND LEFT END
COMMAND RIGHT START
COMMAND RIGHT END
TURN 179 RESULT
TIME LEFT 0 5 RIGHT 0 5
MOVE A61 82
MOVE A62 38
MOVE A63 16
END TURN 179
TURN 180
COMMAND LEFT START
MOVE A64 107
TRAIN 1
COMMAND LEFT END
COMMAND RIGHT START
COMMAND RIGHT END
TURN 180 RESULT
TIME LEFT 0 5 RIGHT 0 5
TRAIN A67
MOVE A61 107
MOVE A62 60
MOVE A63 24
MOVE A64 8
END TURN 180
TURN 181
COMMAND LEFT START
COMMAND LEFT END
COMMAND RIGHT START
COMMAND RIGHT END
TURN 181 RESULT
TIME LEFT 0 5 RIGHT 0 5
MOVE A62 82
MOVE A63 38
MOVE A64 16
END TURN 181
TURN 182
COMMAND LEFT START
MOVE A65 107
TRAIN 1
COMMAND LEFT END
COMMAND RIGHT START
COMMAND RIGHT END
TURN 182 RESULT
TIME LEFT 0 5 RIGHT 0 5
TRAIN A68
MOVE A62 107
MOVE A63 60
MOVE A64 24
MOVE A65 8
END TURN 182
TURN 183
COMMAND LEFT START
COMMAND LEFT END
COMMAND RIGHT START
COMMAND RIGHT END
TURN 183 RESULT
TIME LEFT 1 5 RIGHT 0 5
MOVE A63 82
MOVE A64 38
MOVE A65 16
END TURN 183
TURN 184
COMMAND LEFT START
COMMAND LEFT END
COMMAND RIGHT START
MOVE B43 211
MOVE B42 126
MOVE B40 126
MOVE B39 126
MOVE B38 126
MOVE B37 126
MOVE B36 126
MOVE B34 126
MOVE B32 126
MOVE B31 126
MOVE B25 126
MOVE B24 126
COMMAND RIGHT END
TURN 184 RESULT
TIME LEFT 0 5 RIGHT 0 5
MOVE A63 107
MOVE A64 60
MOVE A65 24
MOVE B24 206
MOVE B25 206
MOVE B31 206
MOVE B32 206
MOVE B34 206
MOVE B36 206
MOVE B37 206
MOVE B38 206
MOVE B39 206
MOVE B40 206
MOVE B42 206
MOVE B43 211
END TURN 184
TURN 185
COMMAND LEFT START
MOVE A66 107
TRAIN 1
COMMAND LEFT END
COMMAND RIGHT START
MOVE B23 126
MOVE B22 126
MOVE B21 126
MOVE B20 126
UPGRADE 211
COMMAND RIGHT END
TURN 185 RESULT
TIME LEFT 0 5 RIGHT 0 5
UPGRADE B 211
TRAIN A69
MOVE A64 82
MOVE A65 38
MOVE A66 8
MOVE B20 206
MOVE B21 206
MOVE B22 206
MOVE B23 206
MOVE B24 198
MOVE B25 198
MOVE B31 198
MOVE B32 198
MOVE B34 198
MOVE B36 198
MOVE B37 198
MOVE B38 198
MOVE B39 198
MOVE B40 198
MOVE B42 198
END TURN 185
TURN 186
COMMAND LEFT START
COMMAND LEFT END
COMMAND RIGHT START
COMMAND RIGHT END
TURN 186 RESULT
TIME LEFT 0 5 RIGHT 0 5
MOVE A64 107
MOVE A65 60
MOVE A66 16
MOVE B20 198
MOVE B21 198
MOVE B22 198
MOVE B23 198
MOVE B24 187
MOVE B25 187
MOVE B31 187
MOVE B32 187
MOVE B34 187
MOVE B36 187
MOVE B37 187
MOVE B38 187
MOVE B39 187
MOVE B40 187
MOVE B42 187
END TURN 186
TURN 187
COMMAND LEFT START
MOVE A67 107
TRAIN 1
COMMAND LEFT END
COMMAND RIGHT START
COMMAND RIGHT END
TURN 187 RESULT
TIME LEFT 0 5 RIGHT 0 5
TRAIN A70
MOVE A65 82
MOVE A66 24
MOVE A67 8
MOVE B20 187
MOVE B21 187
MOVE B22 187
MOVE B23 187
MOVE B24 170
MOVE B25 170
MOVE B31 170
MOVE B32 170
MOVE B34 170
MOVE B36 170
MOVE B37 170
MOVE B38 170
MOVE B39 170
MOVE B40 170
MOVE B42 170
END TURN 187
TURN 188
COMMAND LEFT START
COMMAND LEFT END
COMMAND RIGHT START
COMMAND RIGHT END
TURN 188 RESULT
TIME LEFT 0 5 RIGHT 0 5
MOVE A65 107
MOVE A66 38
MOVE A67 16
MOVE B20 170
MOVE B21 170
MOVE B22 170
MOVE B23 170
MOVE B24 159
MOVE B25 159
MOVE B31 159
MOVE B32 159
MOVE B34 159
MOVE B36 159
MOVE B37 159
MOVE B38 159
MOVE B39 159
MOVE B40 159
MOVE B42 159
END TURN 188
TURN 189
COMMAND LEFT START
COMMAND LEFT END
COMMAND RIGHT START
COMMAND RIGHT END
TURN 189 RESULT
TIME LEFT 0 5 RIGHT 0 5
MOVE A66 60
MOVE A67 24
MOVE B20 159
MOVE B21 159
MOVE B22 159
MOVE B23 159
MOVE B24 140
MOVE B25 140
MOVE B31 140
MOVE B32 140
MOVE B34 140
MOVE B36 140
MOVE B37 140
MOVE B38 140
MOVE B39 140
MOVE B40 140
MOVE B42 140
END TURN 189
TURN 190
COMMAND LEFT START
MOVE A68 107
TRAIN 1
COMMAND LEFT END
COMMAND RIGHT START
COMMAND RIGHT END
TURN 190 RESULT
TIME LEFT 0 5 RIGHT 0 5
TRAIN A71
MOVE A66 82
MOVE A67 38
MOVE A68 8
MOVE B20 140
MOVE B21 140
MOVE B22 140
MOVE B23 140
MOVE B24 126
MOVE B25 126
MOVE B31 126
MOVE B32 126
MOVE B34 126
MOVE B36 126
MOVE B37 126
MOVE B38 126
MOVE B39 126
MOVE B40 126
MOVE B42 126
END TURN 190
TURN 191
COMMAND LEFT START
COMMAND LEFT END
COMMAND RIGHT START
COMMAND RIGHT END
TURN 191 RESULT
TIME LEFT 0 5 RIGHT 0 5
MOVE A66 107
MOVE A67 60
MOVE A68 16
MOVE B20 126
MOVE B21 126
MOVE B22 126
MOVE B23 126
END TURN 191
TURN 192
COMMAND LEFT START
MOVE A69 107
TRAIN 1
COMMAND LEFT END
COMMAND RIGHT START
MOVE B52 0
MOVE B51 0
MOVE B50 0
MOVE B49 0
MOVE B48 0
MOVE B47 0
MOVE B46 0
MOVE B45 0
MOVE B44 0
MOVE B42 0
MOVE B40 0
MOVE B39 0
MOVE B38 0
MOVE B37 0
MOVE B36 0
MOVE B34 0
MOVE B32 0
MOVE B31 0
MOVE B30 0
MOVE B28 0
MOVE B27 0
MOVE B26 0
MOVE B25 0
MOVE B24 0
MOVE B23 0
MOVE B22 0
COMMAND RIGHT END
TURN 192 RESULT
TIME LEFT 0 5 RIGHT 0 5
TRAIN A72
MOVE A67 82
MOVE A68 24
MOVE A69 8
MOVE B22 121
MOVE B23 121
MOVE B24 121
MOVE B25 121
MOVE B26 121
MOVE B27 121
MOVE B28 121
MOVE B30 121
MOVE B31 121
MOVE B32 121
MOVE B34 121
MOVE B36 121
MOVE B37 121
MOVE B38 121
MOVE B39 121
MOVE B40 121
MOVE B42 121
MOVE B44 121
MOVE B45 121
MOVE B46 121
MOVE B47 121
MOVE B48 121
MOVE B49 121
MOVE B50 121
MOVE B51 121
MOVE B52 121
END TURN 192
TURN 193
COMMAND LEFT START
COMMAND LEFT END
COMMAND RIGHT START
COMMAND RIGHT END
TURN 193 RESULT
TIME LEFT 1 5 RIGHT 0 5
MOVE A67 107
MOVE A68 38
MOVE A69 16
MOVE B22 91
MOVE B23 91
MOVE B24 91
MOVE B25 91
MOVE B26 91
MOVE B27 91
MOVE B28 91
MOVE B30 91
MOVE B31 91
MOVE B32 91
MOVE B34 91
MOVE B36 91
MOVE B37 91
MOVE B38 91
MOVE B39 91
MOVE B40 91
MOVE B42 91
MOVE B44 91
MOVE B45 91
MOVE B46 91
MOVE B47 91
MOVE B48 91
MOVE B49 91
MOVE B50 91
MOVE B51 91
MOVE B52 91
END TURN 193
TURN 194
COMMAND LEFT START
MOVE A27 52
MOVE A28 52
MOVE A29 52
MOVE A30 52
MOVE A31 52
MOVE A32 52
MOVE A33 52
MOVE A34 52
MOVE A35 52
MOVE A36 52
MOVE A37 52
MOVE A38 52
MOVE A39 52
MOVE A40 52
MOVE A41 52
MOVE A42 52
MOVE A43 52
MOVE A44 52
MOVE A45 52
MOVE A46 52
MOVE A47 52
MOVE A48 52
MOVE A49 52
MOVE A50 52
MOVE A51 52
COMMAND LEFT END
COMMAND RIGHT START
COMMAND RIGHT END
TURN 194 RESULT
TIME LEFT 4 5 RIGHT 4 5
MOVE A27 82
MOVE A28 82
MOVE A29 82
MOVE A30 82
MOVE A31 82
MOVE A32 82
MOVE A33 82
MOVE A34 82
MOVE A35 82
MOVE A36 82
MOVE A37 82
MOVE A38 82
MOVE A39 82
MOVE A40 82
MOVE A41 82
MOVE A42 82
MOVE A43 82
MOVE A44 82
MOVE A45 82
MOVE A46 82
MOVE A47 82
MOVE A48 82
MOVE A49 82
MOVE A50 82
MOVE A51 82
MOVE A68 60
MOVE A69 24
MOVE B22 80
MOVE B23 80
MOVE B24 80
MOVE B25 80
MOVE B26 80
MOVE B27 80
MOVE B28 80
MOVE B30 80
MOVE B31 80
MOVE B32 80
MOVE B34 80
MOVE B36 80
MOVE B37 80
MOVE B38 80
MOVE B39 80
MOVE B40 80
MOVE B42 80
MOVE B44 80
MOVE B45 80
MOVE B46 80
MOVE B47 80
MOVE B48 80
MOVE B49 80
MOVE B50 80
MOVE B51 80
MOVE B52 80
END TURN 194
TURN 195
COMMAND LEFT START
MOVE A70 107
TRAIN 1
COMMAND LEFT END
COMMAND RIGHT START
TRAIN 1
COMMAND RIGHT END
TURN 195 RESULT
TIME LEFT 0 5 RIGHT 0 5
TRAIN A73 B53
MOVE A27 60
MOVE A28 60
MOVE A29 60
MOVE A30 60
MOVE A31 60
MOVE A32 60
MOVE A33 60
MOVE A34 60
MOVE A35 60
MOVE A36 60
MOVE A37 60
MOVE A38 60
MOVE A39 60
MOVE A40 60
MOVE A41 60
MOVE A42 60
MOVE A43 60
MOVE A44 60
MOVE A45 60
MOVE A46 60
MOVE A47 60
MOVE A48 60
MOVE A49 60
MOVE A50 60
MOVE A51 60
MOVE A68 82
MOVE A69 38
MOVE A70 8
MOVE B22 71
MOVE B23 71
MOVE B24 71
MOVE B25 71
MOVE B26 71
MOVE B27 71
MOVE B28 71
MOVE B30 71
MOVE B31 71
MOVE B32 71
MOVE B34 71
MOVE B36 71
MOVE B37 71
MOVE B38 71
MOVE B39 71
MOVE B40 71
MOVE B42 71
MOVE B44 71
MOVE B45 71
MOVE B46 71
MOVE B47 71
MOVE B48 71
MOVE B49 71
MOVE B50 71
MOVE B51 71
MOVE B52 71
END TURN 195
TURN 196
COMMAND LEFT START
COMMAND LEFT END
COMMAND RIGHT START
MOVE B11 126
COMMAND RIGHT END
TURN 196 RESULT
TIME LEFT 0 5 RIGHT 0 5
MOVE A27 52
MOVE A28 52
MOVE A29 52
MOVE A30 52
MOVE A31 52
MOVE A32 52
MOVE A33 52
MOVE A34 52
MOVE A35 52
MOVE A36 52
MOVE A37 52
MOVE A38 52
MOVE A39 52
MOVE A40 52
MOVE A41 52
MOVE A42 52
MOVE A43 52
MOVE A44 52
MOVE A45 52
MOVE A46 52
MOVE A47 52
MOVE A48 52
MOVE A49 52
MOVE A50 52
MOVE A51 52
MOVE A68 107
MOVE A69 60
MOVE A70 16
MOVE B11 206
MOVE B22 54
MOVE B23 54
MOVE B24 54
MOVE B25 54
MOVE B26 54
MOVE B27 54
MOVE B28 54
MOVE B30 54
MOVE B31 54
MOVE B32 54
MOVE B34 54
MOVE B36 54
MOVE B37 54
MOVE B38 54
MOVE B39 54
MOVE B40 54
MOVE B42 54
MOVE B44 54
MOVE B45 54
MOVE B46 54
MOVE B47 54
MOVE B48 54
MOVE B49 54
MOVE B50 54
MOVE B51 54
MOVE B52 54
END TURN 196
TURN 197
COMMAND LEFT START
MOVE A27 3
MOVE A28 3
MOVE A29 3
MOVE A30 3
MOVE A31 3
MOVE A32 3
MOVE A33 3
MOVE A34 3
MOVE A35 3
MOVE A36 3
MOVE A37 3
MOVE A38 3
MOVE A39 3
MOVE A40 3
MOVE A41 3
MOVE A42 3
MOVE A43 3
MOVE A44 3
MOVE A45 3
MOVE A46 3
MOVE A47 3
MOVE A48 3
MOVE A49 3
MOVE A50 3
MOVE A51 3
COMMAND LEFT END
COMMAND RIGHT START
COMMAND RIGHT END
TURN 197 RESULT
TIME LEFT 1 5 RIGHT 0 5
MOVE A27 43
MOVE A28 43
MOVE A29 43
MOVE A30 43
MOVE A31 43
MOVE A32 43
MOVE A33 43
MOVE A34 43
MOVE A35 43
MOVE A36 43
MOVE A37 43
MOVE A38 43
MOVE A39 43
MOVE A40 43
MOVE A41 43
MOVE A42 43
MOVE A43 43
MOVE A44 43
MOVE A45 43
MOVE A46 43
MOVE A47 43
MOVE A48 43
MOVE A49 43
MOVE A50 43
MOVE A51 43
MOVE A69 82
MOVE A70 24
MOVE B11 198
MOVE B22 35
MOVE B23 35
MOVE B24 35
MOVE B25 35
MOVE B26 35
MOVE B27 35
MOVE B28 35
MOVE B30 35
MOVE B31 35
MOVE B32 35
MOVE B34 35
MOVE B36 35
MOVE B37 35
MOVE B38 35
MOVE B39 35
MOVE B40 35
MOVE B42 35
MOVE B44 35
MOVE B45 35
MOVE B46 35
MOVE B47 35
MOVE B48 35
MOVE B49 35
MOVE B50 35
MOVE B51 35
MOVE B52 35
END TURN 197
TURN 198
COMMAND LEFT START
MOVE A71 107
TRAIN 1
COMMAND LEFT END
COMMAND RIGHT START
COMMAND RIGHT END
TURN 198 RESULT
TIME LEFT 0 5 RIGHT 0 5
TRAIN A74
MOVE A27 24
MOVE A28 24
MOVE A29 24
MOVE A30 24
MOVE A31 24
MOVE A32 24
MOVE A33 24
MOVE A34 24
MOVE A35 24
MOVE A36 24
MOVE A37 24
MOVE A38 24
MOVE A39 24
MOVE A40 24
MOVE A41 24
MOVE A42 24
MOVE A43 24
MOVE A44 24
MOVE A45 24
MOVE A46 24
MOVE A47 24
MOVE A48 24
MOVE A49 24
MOVE A50 24
MOVE A51 24
MOVE A69 107
MOVE A70 38
MOVE A71 8
MOVE B11 187
MOVE B22 21
MOVE B23 21
MOVE B24 21
MOVE B25 21
MOVE B26 21
MOVE B27 21
MOVE B28 21
MOVE B30 21
MOVE B31 21
MOVE B32 21
MOVE B34 21
MOVE B36 21
MOVE B37 21
MOVE B38 21
MOVE B39 21
MOVE B40 21
MOVE B42 21
MOVE B44 21
MOVE B45 21
MOVE B46 21
MOVE B47 21
MOVE B48 21
MOVE B49 21
MOVE B50 21
MOVE B51 21
MOVE B52 21
END TURN 198
TURN 199
COMMAND LEFT START
COMMAND LEFT END
COMMAND RIGHT START
COMMAND RIGHT END
TURN 199 RESULT
TIME LEFT 0 5 RIGHT 0 5
MOVE A27 11
MOVE A28 11
MOVE A29 11
MOVE A30 11
MOVE A31 11
MOVE A32 11
MOVE A33 11
MOVE A34 11
MOVE A35 11
MOVE A36 11
MOVE A37 11
MOVE A38 11
MOVE A39 11
MOVE A40 11
MOVE A41 11
MOVE A42 11
MOVE A43 11
MOVE A44 11
MOVE A45 11
MOVE A46 11
MOVE A47 11
MOVE A48 11
MOVE A49 11
MOVE A50 11
MOVE A51 11
MOVE A70 60
MOVE A71 16
MOVE B11 170
MOVE B22 11
MOVE B23 11
MOVE B24 11
MOVE B25 11
MOVE B26 11
MOVE B27 11
MOVE B28 11
MOVE B30 11
MOVE B31 11
MOVE B32 11
MOVE B34 11
MOVE B36 11
MOVE B37 11
MOVE B38 11
MOVE B39 11
MOVE B40 11
MOVE B42 11
MOVE B44 11
MOVE B45 11
MOVE B46 11
MOVE B47 11
MOVE B48 11
MOVE B49 11
MOVE B50 11
MOVE B51 11
MOVE B52 11
DAMAGE COMBAT A27 4
DAMAGE COMBAT A28 6
DAMAGE COMBAT A29 6
DAMAGE COMBAT A30 6
DAMAGE COMBAT A31 4
DAMAGE COMBAT B22 6
DAMAGE COMBAT B23 6
DAMAGE COMBAT B24 6
DAMAGE COMBAT B25 6
DAMAGE COMBAT B26 1
END TURN 199
TURN 200
COMMAND LEFT START
COMMAND LEFT END
COMMAND RIGHT START
COMMAND RIGHT END
TURN 200 RESULT
TIME LEFT 0 5 RIGHT 0 5
MOVE A70 82
MOVE A71 24
MOVE B11 159
DAMAGE COMBAT A31 2
DAMAGE COMBAT A32 6
DAMAGE COMBAT A33 6
DAMAGE COMBAT A34 6
DAMAGE COMBAT A35 2
DAMAGE COMBAT B26 5
DAMAGE COMBAT B27 6
DAMAGE COMBAT B28 6
DAMAGE COMBAT B30 4
END TURN 200
TURN 201
COMMAND LEFT START
COMMAND LEFT END
COMMAND RIGHT START
COMMAND RIGHT END
TURN 201 RESULT
TIME LEFT 0 5 RIGHT 0 5
MOVE A70 107
MOVE A71 38
MOVE B11 140
DAMAGE COMBAT A35 4
DAMAGE COMBAT A36 6
DAMAGE COMBAT A37 6
DAMAGE COMBAT A38 3
DAMAGE COMBAT B30 2
DAMAGE COMBAT B31 6
DAMAGE COMBAT B32 6
DAMAGE COMBAT B34 3
END TURN 201
TURN 202
COMMAND LEFT START
COMMAND LEFT END
COMMAND RIGHT START
COMMAND RIGHT END
TURN 202 RESULT
TIME LEFT 0 5 RIGHT 0 5
MOVE A71 60
MOVE B11 126
DAMAGE COMBAT A38 3
DAMAGE COMBAT A39 6
DAMAGE COMBAT A40 6
DAMAGE COMBAT A41 1
DAMAGE COMBAT B34 3
DAMAGE COMBAT B36 6
DAMAGE COMBAT B37 5
END TURN 202
TURN 203
COMMAND LEFT START
MOVE A17 214
MOVE A52 214
MOVE A53 214
MOVE A54 214
MOVE A55 214
MOVE A56 214
MOVE A57 214
MOVE A58 214
MOVE A59 214
MOVE A60 214
MOVE A61 214
MOVE A62 214
MOVE A63 214
MOVE A64 214
MOVE A65 214
MOVE A66 214
MOVE A67 214
MOVE A68 214
MOVE A69 214
MOVE A70 214
COMMAND LEFT END
COMMAND RIGHT START
COMMAND RIGHT END
TURN 203 RESULT
TIME LEFT 0 5 RIGHT 0 5
MOVE A17 127
MOVE A52 132
MOVE A53 132
MOVE A54 132
MOVE A55 132
MOVE A56 132
MOVE A57 132
MOVE A58 132
MOVE A59 132
MOVE A60 132
MOVE A61 132
MOVE A62 132
MOVE A63 132
MOVE A64 132
MOVE A65 132
MOVE A66 132
MOVE A67 132
MOVE A68 132
MOVE A69 132
MOVE A70 132
MOVE A71 82
DAMAGE COMBAT A41 5
DAMAGE COMBAT A42 6
DAMAGE COMBAT A43 3
DAMAGE COMBAT B37 1
DAMAGE COMBAT B38 6
DAMAGE COMBAT B39 4
END TURN 203
TURN 204
COMMAND LEFT START
COMMAND LEFT END
COMMAND RIGHT START
COMMAND RIGHT END
TURN 204 RESULT
TIME LEFT 0 5 RIGHT 0 5
MOVE A17 149
MOVE A52 154
MOVE A53 154
MOVE A54 154
MOVE A55 154
MOVE A56 154
MOVE A57 154
MOVE A58 154
MOVE A59 154
MOVE A60 154
MOVE A61 154
MOVE A62 154
MOVE A63 154
MOVE A64 154
MOVE A65 154
MOVE A66 154
MOVE A67 154
MOVE A68 154
MOVE A69 154
MOVE A70 154
MOVE A71 107
DAMAGE COMBAT A43 3
DAMAGE COMBAT A44 6
DAMAGE COMBAT A45 3
DAMAGE COMBAT B39 2
DAMAGE COMBAT B40 6
DAMAGE COMBAT B42 1
END TURN 204
TURN 205
COMMAND LEFT START
MOVE A71 214
COMMAND LEFT END
COMMAND RIGHT START
COMMAND RIGHT END
TURN 205 RESULT
TIME LEFT 0 5 RIGHT 0 5
MOVE A17 178
MOVE A52 176
MOVE A53 176
MOVE A54 176
MOVE A55 176
MOVE A56 176
MOVE A57 176
MOVE A58 176
MOVE A59 176
MOVE A60 176
MOVE A61 176
MOVE A62 176
MOVE A63 176
MOVE A64 176
MOVE A65 176
MOVE A66 176
MOVE A67 176
MOVE A68 176
MOVE A69 176
MOVE A70 176
MOVE A71 132
DAMAGE COMBAT A45 3
DAMAGE COMBAT A46 6
DAMAGE COMBAT A47 1
DAMAGE COMBAT B42 5
DAMAGE COMBAT B44 2
END TURN 205
TURN 206
COMMAND LEFT START
COMMAND LEFT END
COMMAND RIGHT START
COMMAND RIGHT END
TURN 206 RESULT
TIME LEFT 0 5 RIGHT 0 5
MOVE A17 188
MOVE A52 190
MOVE A53 190
MOVE A54 190
MOVE A55 190
MOVE A56 190
MOVE A57 190
MOVE A58 190
MOVE A59 190
MOVE A60 190
MOVE A61 190
MOVE A62 190
MOVE A63 190
MOVE A64 190
MOVE A65 190
MOVE A66 190
MOVE A67 190
MOVE A68 190
MOVE A69 190
MOVE A70 190
MOVE A71 154
DAMAGE COMBAT A47 5
DAMAGE COMBAT A48 4
DAMAGE COMBAT B44 4
DAMAGE COMBAT B45 1
END TURN 206
TURN 207
COMMAND LEFT START
MOVE A72 214
TRAIN 1
COMMAND LEFT END
COMMAND RIGHT START
TRAIN 2
COMMAND RIGHT END
TURN 207 RESULT
TIME LEFT 0 5 RIGHT 0 5
TRAIN A75 B54 B55
MOVE A17 195
MOVE A52 198
MOVE A53 198
MOVE A54 198
MOVE A55 198
MOVE A56 198
MOVE A57 198
MOVE A58 198
MOVE A59 198
MOVE A60 198
MOVE A61 198
MOVE A62 198
MOVE A63 198
MOVE A64 198
MOVE A65 198
MOVE A66 198
MOVE A67 198
MOVE A68 198
MOVE A69 198
MOVE A70 198
MOVE A71 176
MOVE A72 8
DAMAGE COMBAT A48 2
DAMAGE COMBAT A49 6
DAMAGE COMBAT B45 4
END TURN 207
TURN 208
COMMAND LEFT START
COMMAND LEFT END
COMMAND RIGHT START
MOVE B43 214
TRAIN 2
COMMAND RIGHT END
TURN 208 RESULT
TIME LEFT 0 5 RIGHT 0 5
TRAIN B56 B57
MOVE A17 194
MOVE A52 206
MOVE A53 206
MOVE A54 206
MOVE A55 206
MOVE A56 206
MOVE A57 206
MOVE A58 206
MOVE A59 206
MOVE A60 206
MOVE A61 206
MOVE A62 206
MOVE A63 206
MOVE A64 206
MOVE A65 206
MOVE A66 206
MOVE A67 206
MOVE A68 206
MOVE A69 206
MOVE A70 206
MOVE A71 190
MOVE A72 16
MOVE B43 214
DAMAGE COMBAT A50 6
DAMAGE COMBAT A51 2
DAMAGE COMBAT B45 1
DAMAGE COMBAT B46 1
END TURN 208
TURN 209
COMMAND LEFT START
MOVE A73 214
TRAIN 1
COMMAND LEFT END
COMMAND RIGHT START
TRAIN 1
COMMAND RIGHT END
TURN 209 RESULT
TIME LEFT 0 5 RIGHT 0 5
TRAIN A76 B58
MOVE A17 200
MOVE A52 214
MOVE A53 214
MOVE A54 214
MOVE A55 214
MOVE A56 214
MOVE A57 214
MOVE A58 214
MOVE A59 214
MOVE A60 214
MOVE A61 214
MOVE A62 214
MOVE A63 214
MOVE A64 214
MOVE A65 214
MOVE A66 214
MOVE A67 214
MOVE A68 214
MOVE A69 214
MOVE A70 214
MOVE A71 198
MOVE A72 24
MOVE A73 8
DAMAGE TURRET A52 2
DAMAGE COMBAT A51 4
DAMAGE COMBAT A52 2
DAMAGE COMBAT A53 6
DAMAGE COMBAT A54 1
DAMAGE COMBAT B17 6
DAMAGE COMBAT B18 6
DAMAGE COMBAT B43 6
DAMAGE COMBAT B46 1
DAMAGE COMBAT B53 1
END TURN 209
TURN 210
COMMAND LEFT START
MOVE A74 214
MOVE A75 214
TRAIN 2
COMMAND LEFT END
COMMAND RIGHT START
TRAIN 1
COMMAND RIGHT END
TURN 210 RESULT
TIME LEFT 0 5 RIGHT 0 5
TRAIN A77 A78 B59
MOVE A17 207
MOVE A71 206
MOVE A72 38
MOVE A73 16
MOVE A74 8
MOVE A75 8
MOVE B46 8
MOVE B47 8
MOVE B48 8
MOVE B49 8
MOVE B50 8
MOVE B51 8
MOVE B52 8
DAMAGE TURRET A54 2
DAMAGE COMBAT A54 3
DAMAGE COMBAT A55 4
DAMAGE COMBAT A74 6
DAMAGE COMBAT A75 1
DAMAGE COMBAT B46 2
DAMAGE COMBAT B53 5
DAMAGE COMBAT B54 6
DAMAGE COMBAT B55 6
END TURN 210
TURN 211
COMMAND LEFT START
MOVE A76 214
TRAIN 1
COMMAND LEFT END
COMMAND RIGHT START
COMMAND RIGHT END
TURN 211 RESULT
TIME LEFT 0 5 RIGHT 0 5
TRAIN A79
MOVE A17 209
MOVE A71 214
MOVE A72 60
MOVE A73 24
MOVE A76 8
DAMAGE TURRET A55 2
DAMAGE COMBAT A56 4
DAMAGE COMBAT A75 5
DAMAGE COMBAT A76 2
DAMAGE COMBAT B46 2
DAMAGE COMBAT B56 6
DAMAGE COMBAT B57 6
DAMAGE COMBAT B58 5
END TURN 211
TURN 212
COMMAND LEFT START
COMMAND LEFT END
COMMAND RIGHT START
MOVE B11 214
MOVE B20 214
MOVE B21 214
TRAIN 1
COMMAND RIGHT END
TURN 212 RESULT
TIME LEFT 0 5 RIGHT 0 5
TRAIN B60
MOVE A17 211
MOVE A72 82
MOVE A73 38
MOVE B11 140
MOVE B20 140
MOVE B21 140
DAMAGE TURRET A17 1
DAMAGE TURRET A56 2
DAMAGE COMBAT A57 3
DAMAGE COMBAT A76 4
DAMAGE COMBAT B47 1
DAMAGE COMBAT B58 1
DAMAGE COMBAT B59 6
DAMAGE COMBAT B60 6
SIEGE B 211 1
SIEGE B 214 3
END TURN 212
TURN 213
COMMAND LEFT START
MOVE A77 214
TRAIN 1
COMMAND LEFT END
COMMAND RIGHT START
COMMAND RIGHT END
TURN 213 RESULT
TIME LEFT 0 5 RIGHT 0 5
TRAIN A80
MOVE A17 214
MOVE A72 107
MOVE A73 60
MOVE A77 8
MOVE B11 159
MOVE B20 159
MOVE B21 159
MOVE B47 0
MOVE B48 0
MOVE B49 0
MOVE B50 0
MOVE B51 0
MOVE B52 0
DAMAGE TURRET A57 2
DAMAGE TURRET B47 2
DAMAGE COMBAT A78 6
DAMAGE COMBAT B47 3
DAMAGE HUNGER B50 1
DAMAGE HUNGER B51 1
DAMAGE HUNGER B52 1
SIEGE B 214 16
END TURN 213
TURN 214
COMMAND LEFT START
TRAIN 1
COMMAND LEFT END
COMMAND RIGHT START
COMMAND RIGHT END
TURN 214 RESULT
TIME LEFT 0 5 RIGHT 0 5
TRAIN A81
MOVE A72 132
MOVE A73 82
MOVE A77 16
MOVE B11 170
MOVE B20 170
MOVE B21 170
DAMAGE TURRET A17 1
DAMAGE TURRET A57 1
DAMAGE TURRET B50 2
DAMAGE COMBAT A79 5
DAMAGE COMBAT B50 3
DAMAGE HUNGER B11 1
DAMAGE HUNGER B20 1
DAMAGE HUNGER B21 1
DAMAGE HUNGER B48 1
DAMAGE HUNGER B49 1
DAMAGE HUNGER B51 1
DAMAGE HUNGER B52 1
SIEGE B 214 1
END TURN 214
RESULT LEFT_WIN HQ_DESTROYED
