[LEFT ""]
[RIGHT ""]
MAP
201 17
-10829 -10920 -9272 -9896 -8935 -9681 -8948 -8503 -9842 -8340 -9153 -7813 -7914 -8724 -7574 -7448 -7287 -7081 -7013 -6769 -7638 -7486 -6766 -6584 -6279 -6539 -6201 -5951 -5949 -5715 -5660 -5830 -5544 -5977 -6020 -5256 -5421 -5574 -4901 -4954 -4837 -4761 -4839 -4383 -4302 -4270 -4111 -4274 -3997 -3802 -3839 -3706 -3536 -3510 -3514 -3454 -3467 -3336 -2890 -3026 -3182 -2968 -2884 -2740 -2747 -2594 -2463 -2187 -2399 -2226 -2237 -1977 -1900 -1924 -1852 -1889 -1638 -1711 -1717 -1744 -1766 -1632 -1242 -1103 -1171 -1157 -820 -794 -842 -685 -689 -795 -462 -619 -382 -914 -326 -345 -219 -106 0 106 219 345 326 914 382 619 462 795 689 685 842 794 820 1157 1171 1103 1242 1632 1766 1744 1717 1711 1638 1889 1852 1924 1900 1977 2237 2226 2399 2187 2463 2594 2747 2740 2884 2968 3182 3026 2890 3336 3467 3454 3514 3510 3536 3706 3839 3802 3997 4274 4111 4270 4302 4383 4839 4761 4837 4954 4901 5574 5421 5256 6020 5977 5544 5830 5660 5715 5949 5951 6201 6539 6279 6584 6766 7486 7638 6769 7013 7081 7287 7448 7574 8724 7914 7813 9153 8340 9842 8503 8948 9681 8935 9896 9272 10920 10829
2100 -814 192 -2178 1082 5012 3458 -765 -4038 -2694 -5953 239 2407 6809 -1115 1274 -5563 -2252 -3669 5691 -7710 8211 2538 4312 -5303 -43 -1472 6608 -4253 2900 -2517 957 -830 9104 -8258 1828 -6665 -9742 4590 -4129 -282 6496 -5398 -2941 -6316 2648 1052 10133 -7781 -214 -4110 -1584 -6945 -5321 3671 7918 6501 -10356 -4200 4503 5456 1458 185 2607 -6725 -8276 -5618 6308 -3140 -1915 8980 153 5107 1713 -790 7601 -6539 -9234 -7551 11064 -4634 3986 -5583 676 -3812 3016 1758 5600 -2868 -1322 -7440 6717 -4804 7721 9927 -10497 4095 -6314 -8298 2486 0 -2486 8298 6314 -4095 10497 -9927 -7721 4804 -6717 7440 1322 2868 -5600 -1758 -3016 3812 -676 5583 -3986 4634 -11064 7551 9234 6539 -7601 790 -1713 -5107 -153 -8980 1915 3140 -6308 5618 8276 6725 -2607 -185 -1458 -5456 -4503 4200 10356 -6501 -7918 -3671 5321 6945 1584 4110 214 7781 -10133 -1052 -2648 6316 2941 5398 -6496 282 4129 -4590 9742 6665 -1828 8258 -9104 830 -957 2517 -2900 4253 -6608 1472 43 5303 -4312 -2538 -8211 7710 -5691 3669 2252 5563 -1274 1115 -6809 -2407 -239 5953 2694 4038 765 -3458 -5012 -1082 2178 -192 814 -2100
STRONGHOLDS 8 19 46 59 63 78 94 99 100 101 106 122 137 141 154 181 192
5 1 2 4 5 6
4 0 2 3 7
5 0 1 4 7 11
4 1 7 8 9
6 0 2 6 11 12 15
5 0 6 13 19 23
5 0 4 5 12 23
6 1 2 3 9 11 14
5 3 9 10 16 18
6 3 7 8 14 17 18
3 8 16 20
6 2 4 7 14 15 25
5 4 6 15 22 23
3 5 19 21
6 7 9 11 17 25 26
6 4 11 12 22 25 31
6 8 10 18 20 24 36
5 9 14 18 26 30
7 8 9 16 17 24 28 30
6 5 13 21 23 27 38
5 10 16 34 36 37
4 13 19 27 33
6 12 15 23 29 31 35
7 5 6 12 19 22 29 38
5 16 18 28 36 42
7 11 14 15 26 31 32 40
5 14 17 25 30 32
5 19 21 33 38 41
5 18 24 30 39 42
5 22 23 35 38 45
8 17 18 26 28 32 39 43 51
6 15 22 25 35 40 46
5 25 26 30 40 51
5 21 27 41 47 55
4 20 36 37 48
5 22 29 31 45 46
7 16 20 24 34 42 44 48
4 20 34 48 57
9 19 23 27 29 41 45 54 59 60
5 28 30 42 43 50
6 25 31 32 46 49 51
6 27 33 38 55 56 60
7 24 28 36 39 44 50 53
5 30 39 50 51 68
5 36 42 48 52 53
7 29 35 38 46 54 61 63
7 31 35 40 45 49 61 62
4 33 55 70 79
7 34 36 37 44 52 57 65
4 40 46 51 62
6 39 42 43 53 58 68
9 30 32 40 43 49 62 68 69 74
5 44 48 53 64 65
7 42 44 50 52 58 64 66
5 38 45 59 63 81
6 33 41 47 56 70 75
5 41 55 60 67 75
5 37 48 65 77 95
5 50 53 66 68 80
5 38 54 60 72 81
6 38 41 56 59 67 72
6 45 46 62 63 71 73
6 46 49 51 61 71 74
6 45 54 61 73 81 85
6 52 53 65 66 76 78
6 48 52 57 64 77 78
6 53 58 64 76 80 82
6 56 60 72 75 87 91
8 43 50 51 58 69 80 84 88
5 51 68 74 88 89
6 47 55 75 79 93 94
5 61 62 73 74 83
5 59 60 67 81 87
6 61 63 71 83 85 86
7 51 62 69 71 83 89 100
6 55 56 67 70 91 93
6 64 66 78 82 90 97
6 57 65 78 95 98 106
6 64 65 76 77 90 98
4 47 70 94 105
6 58 66 68 82 84 92
7 54 59 63 72 85 87 96
5 66 76 80 92 97
6 71 73 74 86 100 111
5 68 80 88 92 104
6 63 73 81 86 96 99
5 73 83 85 99 111
7 67 72 81 91 96 103 108
6 68 69 84 89 101 104
7 69 74 88 100 101 114 117
6 76 78 97 98 107 109
6 67 75 87 93 103 110
6 80 82 84 97 104 113
6 70 75 91 94 102 110
6 70 79 93 102 105 123
4 57 77 106 121
7 81 85 87 99 108 112 116
6 76 82 90 92 109 113
5 77 78 90 106 107
5 85 86 96 111 112
6 74 83 89 111 117 126
5 88 89 104 114 115
5 93 94 110 122 123
6 87 91 108 110 118 124
7 84 88 92 101 113 115 119
4 79 94 123 143
6 77 95 98 107 121 130
6 90 98 106 109 125 130
6 87 96 103 116 118 120
6 90 97 107 113 125 133
6 91 93 102 103 122 124
7 83 86 99 100 112 126 131
6 96 99 111 116 131 132
7 92 97 104 109 119 128 133
5 89 101 115 117 127
6 101 104 114 119 127 137
5 96 108 112 120 132
6 89 100 114 126 127 129
5 103 108 120 124 134
7 104 113 115 128 137 141 146
6 108 116 118 132 134 142
4 95 106 130 153
6 102 110 123 124 135 136
6 94 102 105 122 135 143
6 103 110 118 122 134 136
6 107 109 130 133 144 145
7 100 111 117 129 131 138 149
6 114 115 117 129 137 139
5 113 119 133 140 141
5 117 126 127 138 139
6 106 107 121 125 145 153
5 111 112 126 132 149
8 112 116 120 131 142 149 150 157
6 109 113 125 128 140 144
6 118 120 124 136 142 147
6 122 123 136 143 148 152
6 122 124 134 135 147 148
6 115 119 127 139 146 155
6 126 129 139 149 151 154
6 127 129 137 138 154 155
6 128 133 141 144 159 162
5 119 128 140 146 162
5 120 132 134 147 150
5 105 123 135 152 163
5 125 133 140 145 159
6 125 130 144 153 159 167
5 119 137 141 155 162
7 134 136 142 148 150 156 158
5 135 136 147 152 156
9 126 131 132 138 151 157 160 168 170
6 132 142 147 157 158 161
4 138 149 154 160
7 135 143 148 156 163 164 166
4 121 130 145 167
7 138 139 151 155 160 165 169
7 137 139 146 154 162 165 171
5 147 148 152 158 164
5 132 149 150 161 170
7 147 150 156 161 164 172 176
6 140 144 145 162 167 173
6 149 151 154 168 169 175
5 150 157 158 170 172
9 140 141 146 155 159 171 173 177 181
4 143 152 166 180
7 152 156 158 166 176 180 184
5 154 155 169 171 178
4 152 163 164 180
5 145 153 159 173 179
5 149 160 170 174 175
6 154 160 165 175 178 185
8 149 157 161 168 172 174 182 183
5 155 162 165 177 178
5 158 161 170 176 182
5 159 162 167 179 181
5 168 170 175 183 186
7 160 168 169 174 185 186 189
5 158 164 172 182 184
7 162 171 178 181 188 194 195
6 165 169 171 177 185 188
4 167 173 181 187
5 163 164 166 184 190
6 162 173 177 179 187 195
7 170 172 176 183 184 191 192
5 170 174 182 186 191
6 164 176 180 182 190 192
6 169 175 178 188 189 196
6 174 175 183 189 191 193
3 179 181 195
5 177 178 185 194 196
6 175 185 186 193 196 198
3 180 184 192
6 182 183 186 192 193 197
5 182 184 190 191 197
6 186 189 191 197 198 199
5 177 188 195 196 200
5 177 181 187 194 200
6 185 188 189 194 198 200
4 191 192 193 199
5 189 193 196 199 200
4 193 197 198 200
5 194 195 196 198 199
END MAP
TURN 1
COMMAND LEFT START
MOVE A2 19
UPGRADE 0
COMMAND LEFT END
COMMAND RIGHT START
MOVE B1 181
MOVE B2 100
COMMAND RIGHT END
TURN 1 RESULT
TIME LEFT 5 5 RIGHT 5 5
UPGRADE A 0
MOVE A2 5
MOVE B1 195
MOVE B2 196
END TURN 1
TURN 2
COMMAND LEFT START
COMMAND LEFT END
COMMAND RIGHT START
COMMAND RIGHT END
TURN 2 RESULT
TIME LEFT 0 5 RIGHT 0 5
MOVE A2 19
MOVE B1 181
MOVE B2 185
END TURN 2
TURN 3
COMMAND LEFT START
COMMAND LEFT END
COMMAND RIGHT START
UPGRADE 181
COMMAND RIGHT END
TURN 3 RESULT
TIME LEFT 0 5 RIGHT 0 5
UPGRADE B 181
MOVE B2 169
END TURN 3
TURN 4
COMMAND LEFT START
COMMAND LEFT END
COMMAND RIGHT START
COMMAND RIGHT END
TURN 4 RESULT
TIME LEFT 0 5 RIGHT 0 5
MOVE B2 154
END TURN 4
TURN 5
COMMAND LEFT START
COMMAND LEFT END
COMMAND RIGHT START
COMMAND RIGHT END
TURN 5 RESULT
TIME LEFT 0 5 RIGHT 0 5
MOVE B2 138
END TURN 5
TURN 6
COMMAND LEFT START
COMMAND LEFT END
COMMAND RIGHT START
COMMAND RIGHT END
TURN 6 RESULT
TIME LEFT 0 5 RIGHT 0 5
MOVE B2 129
END TURN 6
TURN 7
COMMAND LEFT START
COMMAND LEFT END
COMMAND RIGHT START
COMMAND RIGHT END
TURN 7 RESULT
TIME LEFT 0 5 RIGHT 0 5
MOVE B2 117
END TURN 7
TURN 8
COMMAND LEFT START
COMMAND LEFT END
COMMAND RIGHT START
COMMAND RIGHT END
TURN 8 RESULT
TIME LEFT 0 5 RIGHT 0 5
MOVE B2 100
END TURN 8
TURN 9
COMMAND LEFT START
COMMAND LEFT END
COMMAND RIGHT START
COMMAND RIGHT END
TURN 9 RESULT
TIME LEFT 0 5 RIGHT 0 5
END TURN 9
TURN 10
COMMAND LEFT START
COMMAND LEFT END
COMMAND RIGHT START
COMMAND RIGHT END
TURN 10 RESULT
TIME LEFT 0 5 RIGHT 0 5
END TURN 10
TURN 11
COMMAND LEFT START
COMMAND LEFT END
COMMAND RIGHT START
COMMAND RIGHT END
TURN 11 RESULT
TIME LEFT 0 5 RIGHT 0 5
END TURN 11
TURN 12
COMMAND LEFT START
COMMAND LEFT END
COMMAND RIGHT START
COMMAND RIGHT END
TURN 12 RESULT
TIME LEFT 0 5 RIGHT 0 5
END TURN 12
TURN 13
COMMAND LEFT START
COMMAND LEFT END
COMMAND RIGHT START
COMMAND RIGHT END
TURN 13 RESULT
TIME LEFT 0 5 RIGHT 0 5
END TURN 13
TURN 14
COMMAND LEFT START
COMMAND LEFT END
COMMAND RIGHT START
UPGRADE 100
COMMAND RIGHT END
TURN 14 RESULT
TIME LEFT 0 5 RIGHT 0 5
UPGRADE B 100
END TURN 14
TURN 15
COMMAND LEFT START
COMMAND LEFT END
COMMAND RIGHT START
COMMAND RIGHT END
TURN 15 RESULT
TIME LEFT 0 5 RIGHT 0 5
END TURN 15
TURN 16
COMMAND LEFT START
UPGRADE 19
COMMAND LEFT END
COMMAND RIGHT START
COMMAND RIGHT END
TURN 16 RESULT
TIME LEFT 0 5 RIGHT 0 5
UPGRADE A 19
END TURN 16
TURN 17
COMMAND LEFT START
COMMAND LEFT END
COMMAND RIGHT START
TRAIN 1
COMMAND RIGHT END
TURN 17 RESULT
TIME LEFT 0 5 RIGHT 0 5
TRAIN B4
END TURN 17
TURN 18
COMMAND LEFT START
COMMAND LEFT END
COMMAND RIGHT START
COMMAND RIGHT END
TURN 18 RESULT
TIME LEFT 0 5 RIGHT 0 5
END TURN 18
TURN 19
COMMAND LEFT START
COMMAND LEFT END
COMMAND RIGHT START
COMMAND RIGHT END
TURN 19 RESULT
TIME LEFT 0 5 RIGHT 0 5
END TURN 19
TURN 20
COMMAND LEFT START
COMMAND LEFT END
COMMAND RIGHT START
COMMAND RIGHT END
TURN 20 RESULT
TIME LEFT 0 5 RIGHT 0 5
END TURN 20
TURN 21
COMMAND LEFT START
COMMAND LEFT END
COMMAND RIGHT START
COMMAND RIGHT END
TURN 21 RESULT
TIME LEFT 0 5 RIGHT 0 5
END TURN 21
TURN 22
COMMAND LEFT START
COMMAND LEFT END
COMMAND RIGHT START
COMMAND RIGHT END
TURN 22 RESULT
TIME LEFT 0 5 RIGHT 0 5
END TURN 22
TURN 23
COMMAND LEFT START
COMMAND LEFT END
COMMAND RIGHT START
COMMAND RIGHT END
TURN 23 RESULT
TIME LEFT 0 5 RIGHT 0 5
END TURN 23
TURN 24
COMMAND LEFT START
COMMAND LEFT END
COMMAND RIGHT START
COMMAND RIGHT END
TURN 24 RESULT
TIME LEFT 0 5 RIGHT 0 5
END TURN 24
TURN 25
COMMAND LEFT START
COMMAND LEFT END
COMMAND RIGHT START
COMMAND RIGHT END
TURN 25 RESULT
TIME LEFT 0 5 RIGHT 0 5
END TURN 25
TURN 26
COMMAND LEFT START
COMMAND LEFT END
COMMAND RIGHT START
COMMAND RIGHT END
TURN 26 RESULT
TIME LEFT 0 5 RIGHT 0 5
END TURN 26
TURN 27
COMMAND LEFT START
COMMAND LEFT END
COMMAND RIGHT START
COMMAND RIGHT END
TURN 27 RESULT
TIME LEFT 0 5 RIGHT 0 5
END TURN 27
TURN 28
COMMAND LEFT START
COMMAND LEFT END
COMMAND RIGHT START
MOVE B3 192
COMMAND RIGHT END
TURN 28 RESULT
TIME LEFT 0 5 RIGHT 0 5
MOVE B3 199
END TURN 28
TURN 29
COMMAND LEFT START
COMMAND LEFT END
COMMAND RIGHT START
COMMAND RIGHT END
TURN 29 RESULT
TIME LEFT 0 5 RIGHT 0 5
MOVE B3 197
END TURN 29
TURN 30
COMMAND LEFT START
COMMAND LEFT END
COMMAND RIGHT START
COMMAND RIGHT END
TURN 30 RESULT
TIME LEFT 0 5 RIGHT 0 5
MOVE B3 192
END TURN 30
TURN 31
COMMAND LEFT START
UPGRADE 19
COMMAND LEFT END
COMMAND RIGHT START
UPGRADE 192
COMMAND RIGHT END
TURN 31 RESULT
TIME LEFT 0 5 RIGHT 0 5
UPGRADE A 19
UPGRADE B 192
END TURN 31
TURN 32
COMMAND LEFT START
COMMAND LEFT END
COMMAND RIGHT START
COMMAND RIGHT END
TURN 32 RESULT
TIME LEFT 0 5 RIGHT 0 5
END TURN 32
TURN 33
COMMAND LEFT START
COMMAND LEFT END
COMMAND RIGHT START
TRAIN 1
COMMAND RIGHT END
TURN 33 RESULT
TIME LEFT 0 5 RIGHT 0 5
TRAIN B5
END TURN 33
TURN 34
COMMAND LEFT START
TRAIN 1
COMMAND LEFT END
COMMAND RIGHT START
COMMAND RIGHT END
TURN 34 RESULT
TIME LEFT 0 5 RIGHT 0 5
TRAIN A4
END TURN 34
TURN 35
COMMAND LEFT START
MOVE A4 19
COMMAND LEFT END
COMMAND RIGHT START
COMMAND RIGHT END
TURN 35 RESULT
TIME LEFT 0 5 RIGHT 0 5
MOVE A4 5
END TURN 35
TURN 36
COMMAND LEFT START
COMMAND LEFT END
COMMAND RIGHT START
COMMAND RIGHT END
TURN 36 RESULT
TIME LEFT 0 5 RIGHT 0 5
MOVE A4 19
END TURN 36
TURN 37
COMMAND LEFT START
COMMAND LEFT END
COMMAND RIGHT START
COMMAND RIGHT END
TURN 37 RESULT
TIME LEFT 0 5 RIGHT 0 5
END TURN 37
TURN 38
COMMAND LEFT START
COMMAND LEFT END
COMMAND RIGHT START
COMMAND RIGHT END
TURN 38 RESULT
TIME LEFT 0 5 RIGHT 0 5
END TURN 38
TURN 39
COMMAND LEFT START
COMMAND LEFT END
COMMAND RIGHT START
COMMAND RIGHT END
TURN 39 RESULT
TIME LEFT 0 5 RIGHT 0 5
END TURN 39
TURN 40
COMMAND LEFT START
COMMAND LEFT END
COMMAND RIGHT START
MOVE B5 154
COMMAND RIGHT END
TURN 40 RESULT
TIME LEFT 0 5 RIGHT 0 5
MOVE B5 196
END TURN 40
TURN 41
COMMAND LEFT START
COMMAND LEFT END
COMMAND RIGHT START
COMMAND RIGHT END
TURN 41 RESULT
TIME LEFT 0 5 RIGHT 0 5
MOVE B5 185
END TURN 41
TURN 42
COMMAND LEFT START
COMMAND LEFT END
COMMAND RIGHT START
COMMAND RIGHT END
TURN 42 RESULT
TIME LEFT 0 5 RIGHT 0 5
MOVE B5 169
END TURN 42
TURN 43
COMMAND LEFT START
COMMAND LEFT END
COMMAND RIGHT START
COMMAND RIGHT END
TURN 43 RESULT
TIME LEFT 0 5 RIGHT 0 5
MOVE B5 154
END TURN 43
TURN 44
COMMAND LEFT START
COMMAND LEFT END
COMMAND RIGHT START
UPGRADE 154
COMMAND RIGHT END
TURN 44 RESULT
TIME LEFT 0 5 RIGHT 0 5
UPGRADE B 154
END TURN 44
TURN 45
COMMAND LEFT START
COMMAND LEFT END
COMMAND RIGHT START
COMMAND RIGHT END
TURN 45 RESULT
TIME LEFT 0 5 RIGHT 0 5
END TURN 45
TURN 46
COMMAND LEFT START
UPGRADE 19
COMMAND LEFT END
COMMAND RIGHT START
TRAIN 1
COMMAND RIGHT END
TURN 46 RESULT
TIME LEFT 0 5 RIGHT 0 5
UPGRADE A 19
TRAIN B6
END TURN 46
TURN 47
COMMAND LEFT START
COMMAND LEFT END
COMMAND RIGHT START
COMMAND RIGHT END
TURN 47 RESULT
TIME LEFT 0 5 RIGHT 0 5
END TURN 47
TURN 48
COMMAND LEFT START
COMMAND LEFT END
COMMAND RIGHT START
COMMAND RIGHT END
TURN 48 RESULT
TIME LEFT 0 5 RIGHT 0 5
END TURN 48
TURN 49
COMMAND LEFT START
TRAIN 1
COMMAND LEFT END
COMMAND RIGHT START
COMMAND RIGHT END
TURN 49 RESULT
TIME LEFT 0 5 RIGHT 0 5
TRAIN A5
END TURN 49
TURN 50
COMMAND LEFT START
MOVE A5 19
COMMAND LEFT END
COMMAND RIGHT START
COMMAND RIGHT END
TURN 50 RESULT
TIME LEFT 0 5 RIGHT 0 5
MOVE A5 5
END TURN 50
TURN 51
COMMAND LEFT START
TRAIN 1
COMMAND LEFT END
COMMAND RIGHT START
COMMAND RIGHT END
TURN 51 RESULT
TIME LEFT 0 5 RIGHT 0 5
TRAIN A6
MOVE A5 19
END TURN 51
TURN 52
COMMAND LEFT START
MOVE A6 8
COMMAND LEFT END
COMMAND RIGHT START
COMMAND RIGHT END
TURN 52 RESULT
TIME LEFT 0 5 RIGHT 0 5
MOVE A6 1
END TURN 52
TURN 53
COMMAND LEFT START
COMMAND LEFT END
COMMAND RIGHT START
COMMAND RIGHT END
TURN 53 RESULT
TIME LEFT 0 5 RIGHT 0 5
MOVE A6 3
END TURN 53
TURN 54
COMMAND LEFT START
COMMAND LEFT END
COMMAND RIGHT START
COMMAND RIGHT END
TURN 54 RESULT
TIME LEFT 0 5 RIGHT 0 5
MOVE A6 8
END TURN 54
TURN 55
COMMAND LEFT START
COMMAND LEFT END
COMMAND RIGHT START
UPGRADE 200
COMMAND RIGHT END
TURN 55 RESULT
TIME LEFT 0 5 RIGHT 0 5
UPGRADE B 200
END TURN 55
TURN 56
COMMAND LEFT START
COMMAND LEFT END
COMMAND RIGHT START
COMMAND RIGHT END
TURN 56 RESULT
TIME LEFT 0 5 RIGHT 0 5
END TURN 56
TURN 57
COMMAND LEFT START
COMMAND LEFT END
COMMAND RIGHT START
COMMAND RIGHT END
TURN 57 RESULT
TIME LEFT 0 5 RIGHT 0 5
END TURN 57
TURN 58
COMMAND LEFT START
COMMAND LEFT END
COMMAND RIGHT START
COMMAND RIGHT END
TURN 58 RESULT
TIME LEFT 0 5 RIGHT 0 5
END TURN 58
TURN 59
COMMAND LEFT START
UPGRADE 8
COMMAND LEFT END
COMMAND RIGHT START
COMMAND RIGHT END
TURN 59 RESULT
TIME LEFT 0 5 RIGHT 0 5
UPGRADE A 8
END TURN 59
TURN 60
COMMAND LEFT START
COMMAND LEFT END
COMMAND RIGHT START
COMMAND RIGHT END
TURN 60 RESULT
TIME LEFT 0 5 RIGHT 0 5
END TURN 60
TURN 61
COMMAND LEFT START
COMMAND LEFT END
COMMAND RIGHT START
COMMAND RIGHT END
TURN 61 RESULT
TIME LEFT 0 5 RIGHT 0 5
END TURN 61
TURN 62
COMMAND LEFT START
COMMAND LEFT END
COMMAND RIGHT START
UPGRADE 192
COMMAND RIGHT END
TURN 62 RESULT
TIME LEFT 0 5 RIGHT 0 5
UPGRADE B 192
END TURN 62
TURN 63
COMMAND LEFT START
COMMAND LEFT END
COMMAND RIGHT START
COMMAND RIGHT END
TURN 63 RESULT
TIME LEFT 0 5 RIGHT 0 5
END TURN 63
TURN 64
COMMAND LEFT START
COMMAND LEFT END
COMMAND RIGHT START
TRAIN 1
COMMAND RIGHT END
TURN 64 RESULT
TIME LEFT 0 5 RIGHT 0 5
TRAIN B7
END TURN 64
TURN 65
COMMAND LEFT START
COMMAND LEFT END
COMMAND RIGHT START
MOVE B4 192
COMMAND RIGHT END
TURN 65 RESULT
TIME LEFT 0 5 RIGHT 0 5
MOVE B4 199
END TURN 65
TURN 66
COMMAND LEFT START
UPGRADE 8
COMMAND LEFT END
COMMAND RIGHT START
COMMAND RIGHT END
TURN 66 RESULT
TIME LEFT 0 5 RIGHT 0 5
UPGRADE A 8
MOVE B4 197
END TURN 66
TURN 67
COMMAND LEFT START
COMMAND LEFT END
COMMAND RIGHT START
COMMAND RIGHT END
TURN 67 RESULT
TIME LEFT 0 5 RIGHT 0 5
MOVE B4 192
END TURN 67
TURN 68
COMMAND LEFT START
TRAIN 1
COMMAND LEFT END
COMMAND RIGHT START
COMMAND RIGHT END
TURN 68 RESULT
TIME LEFT 0 5 RIGHT 0 5
TRAIN A7
END TURN 68
TURN 69
COMMAND LEFT START
MOVE A7 8
COMMAND LEFT END
COMMAND RIGHT START
COMMAND RIGHT END
TURN 69 RESULT
TIME LEFT 0 5 RIGHT 0 5
MOVE A7 1
END TURN 69
TURN 70
COMMAND LEFT START
COMMAND LEFT END
COMMAND RIGHT START
COMMAND RIGHT END
TURN 70 RESULT
TIME LEFT 0 5 RIGHT 0 5
MOVE A7 3
END TURN 70
TURN 71
COMMAND LEFT START
COMMAND LEFT END
COMMAND RIGHT START
COMMAND RIGHT END
TURN 71 RESULT
TIME LEFT 0 5 RIGHT 0 5
MOVE A7 8
END TURN 71
TURN 72
COMMAND LEFT START
COMMAND LEFT END
COMMAND RIGHT START
COMMAND RIGHT END
TURN 72 RESULT
TIME LEFT 0 5 RIGHT 0 5
END TURN 72
TURN 73
COMMAND LEFT START
COMMAND LEFT END
COMMAND RIGHT START
COMMAND RIGHT END
TURN 73 RESULT
TIME LEFT 0 5 RIGHT 0 5
END TURN 73
TURN 74
COMMAND LEFT START
COMMAND LEFT END
COMMAND RIGHT START
COMMAND RIGHT END
TURN 74 RESULT
TIME LEFT 0 5 RIGHT 0 5
END TURN 74
TURN 75
COMMAND LEFT START
UPGRADE 8
COMMAND LEFT END
COMMAND RIGHT START
UPGRADE 200
COMMAND RIGHT END
TURN 75 RESULT
TIME LEFT 0 5 RIGHT 0 5
UPGRADE A 8
UPGRADE B 200
END TURN 75
TURN 76
COMMAND LEFT START
TRAIN 1
COMMAND LEFT END
COMMAND RIGHT START
COMMAND RIGHT END
TURN 76 RESULT
TIME LEFT 0 5 RIGHT 0 5
TRAIN A8
END TURN 76
TURN 77
COMMAND LEFT START
MOVE A8 8
COMMAND LEFT END
COMMAND RIGHT START
TRAIN 1
COMMAND RIGHT END
TURN 77 RESULT
TIME LEFT 0 5 RIGHT 0 5
TRAIN B8
MOVE A8 1
END TURN 77
TURN 78
COMMAND LEFT START
TRAIN 1
COMMAND LEFT END
COMMAND RIGHT START
COMMAND RIGHT END
TURN 78 RESULT
TIME LEFT 0 5 RIGHT 0 5
TRAIN A9
MOVE A8 3
END TURN 78
TURN 79
COMMAND LEFT START
MOVE A9 177
TRAIN 1
COMMAND LEFT END
COMMAND RIGHT START
COMMAND RIGHT END
TURN 79 RESULT
TIME LEFT 0 5 RIGHT 0 5
TRAIN A10
MOVE A8 8
MOVE A9 4
END TURN 79
TURN 80
COMMAND LEFT START
MOVE A10 46
COMMAND LEFT END
COMMAND RIGHT START
COMMAND RIGHT END
TURN 80 RESULT
TIME LEFT 0 5 RIGHT 0 5
MOVE A9 11
MOVE A10 4
END TURN 80
TURN 81
COMMAND LEFT START
COMMAND LEFT END
COMMAND RIGHT START
COMMAND RIGHT END
TURN 81 RESULT
TIME LEFT 0 5 RIGHT 0 5
MOVE A9 25
MOVE A10 15
END TURN 81
TURN 82
COMMAND LEFT START
COMMAND LEFT END
COMMAND RIGHT START
UPGRADE 181
COMMAND RIGHT END
TURN 82 RESULT
TIME LEFT 0 5 RIGHT 0 5
UPGRADE B 181
MOVE A9 32
MOVE A10 31
END TURN 82
TURN 83
COMMAND LEFT START
COMMAND LEFT END
COMMAND RIGHT START
TRAIN 1
COMMAND RIGHT END
TURN 83 RESULT
TIME LEFT 0 5 RIGHT 0 5
TRAIN B9
MOVE A9 51
MOVE A10 46
END TURN 83
TURN 84
COMMAND LEFT START
UPGRADE 46
COMMAND LEFT END
COMMAND RIGHT START
MOVE B6 181
COMMAND RIGHT END
TURN 84 RESULT
TIME LEFT 0 5 RIGHT 0 5
UPGRADE A 46
MOVE A9 69
MOVE B6 195
END TURN 84
TURN 85
COMMAND LEFT START
COMMAND LEFT END
COMMAND RIGHT START
COMMAND RIGHT END
TURN 85 RESULT
TIME LEFT 0 5 RIGHT 0 5
MOVE A9 88
MOVE B6 181
END TURN 85
TURN 86
COMMAND LEFT START
COMMAND LEFT END
COMMAND RIGHT START
COMMAND RIGHT END
TURN 86 RESULT
TIME LEFT 0 5 RIGHT 0 5
MOVE A9 104
END TURN 86
TURN 87
COMMAND LEFT START
COMMAND LEFT END
COMMAND RIGHT START
COMMAND RIGHT END
TURN 87 RESULT
TIME LEFT 0 5 RIGHT 0 5
MOVE A9 119
END TURN 87
TURN 88
COMMAND LEFT START
COMMAND LEFT END
COMMAND RIGHT START
UPGRADE 154
COMMAND RIGHT END
TURN 88 RESULT
TIME LEFT 0 5 RIGHT 0 5
UPGRADE B 154
MOVE A9 141
END TURN 88
TURN 89
COMMAND LEFT START
UPGRADE 46
COMMAND LEFT END
COMMAND RIGHT START
TRAIN 1
COMMAND RIGHT END
TURN 89 RESULT
TIME LEFT 0 5 RIGHT 0 5
UPGRADE A 46
TRAIN B10
MOVE A9 162
END TURN 89
TURN 90
COMMAND LEFT START
COMMAND LEFT END
COMMAND RIGHT START
MOVE B7 154
COMMAND RIGHT END
TURN 90 RESULT
TIME LEFT 0 5 RIGHT 0 5
MOVE A9 177
MOVE B7 196
END TURN 90
TURN 91
COMMAND LEFT START
MOVE A9 178
COMMAND LEFT END
COMMAND RIGHT START
COMMAND RIGHT END
TURN 91 RESULT
TIME LEFT 0 5 RIGHT 0 5
MOVE A9 178
MOVE B7 185
END TURN 91
TURN 92
COMMAND LEFT START
COMMAND LEFT END
COMMAND RIGHT START
COMMAND RIGHT END
TURN 92 RESULT
TIME LEFT 0 5 RIGHT 0 5
MOVE B7 169
END TURN 92
TURN 93
COMMAND LEFT START
MOVE A9 193
COMMAND LEFT END
COMMAND RIGHT START
COMMAND RIGHT END
TURN 93 RESULT
TIME LEFT 0 5 RIGHT 0 5
MOVE A9 185
MOVE B7 154
END TURN 93
TURN 94
COMMAND LEFT START
COMMAND LEFT END
COMMAND RIGHT START
UPGRADE 100
COMMAND RIGHT END
TURN 94 RESULT
TIME LEFT 0 5 RIGHT 0 5
UPGRADE B 100
MOVE A9 189
END TURN 94
TURN 95
COMMAND LEFT START
UPGRADE 46
COMMAND LEFT END
COMMAND RIGHT START
TRAIN 1
COMMAND RIGHT END
TURN 95 RESULT
TIME LEFT 0 5 RIGHT 0 5
UPGRADE A 46
TRAIN B11
MOVE A9 193
END TURN 95
TURN 96
COMMAND LEFT START
TRAIN 1
COMMAND LEFT END
COMMAND RIGHT START
MOVE B8 100
COMMAND RIGHT END
TURN 96 RESULT
TIME LEFT 0 5 RIGHT 0 5
TRAIN A11
MOVE B8 196
END TURN 96
TURN 97
COMMAND LEFT START
MOVE A11 123
TRAIN 1
COMMAND LEFT END
COMMAND RIGHT START
COMMAND RIGHT END
TURN 97 RESULT
TIME LEFT 0 5 RIGHT 0 5
TRAIN A12
MOVE A11 6
MOVE B8 185
END TURN 97
TURN 98
COMMAND LEFT START
MOVE A12 46
TRAIN 1
COMMAND LEFT END
COMMAND RIGHT START
COMMAND RIGHT END
TURN 98 RESULT
TIME LEFT 0 5 RIGHT 0 5
TRAIN A13
MOVE A11 23
MOVE A12 4
MOVE B8 169
END TURN 98
TURN 99
COMMAND LEFT START
MOVE A13 46
TRAIN 1
COMMAND LEFT END
COMMAND RIGHT START
COMMAND RIGHT END
TURN 99 RESULT
TIME LEFT 0 5 RIGHT 0 5
TRAIN A14
MOVE A11 38
MOVE A12 15
MOVE A13 4
MOVE B8 154
END TURN 99
TURN 100
COMMAND LEFT START
MOVE A14 59
COMMAND LEFT END
COMMAND RIGHT START
UPGRADE 192
COMMAND RIGHT END
TURN 100 RESULT
TIME LEFT 0 5 RIGHT 0 5
UPGRADE B 192
MOVE A11 60
MOVE A12 31
MOVE A13 15
MOVE A14 6
MOVE B8 138
END TURN 100
TURN 101
COMMAND LEFT START
TRAIN 1
COMMAND LEFT END
COMMAND RIGHT START
TRAIN 1
COMMAND RIGHT END
TURN 101 RESULT
TIME LEFT 0 5 RIGHT 0 5
TRAIN A15 B12
MOVE A11 67
MOVE A12 46
MOVE A13 31
MOVE A14 23
MOVE B8 129
END TURN 101
TURN 102
COMMAND LEFT START
MOVE A15 46
COMMAND LEFT END
COMMAND RIGHT START
MOVE B9 192
COMMAND RIGHT END
TURN 102 RESULT
TIME LEFT 0 5 RIGHT 0 5
MOVE A11 91
MOVE A13 46
MOVE A14 38
MOVE A15 4
MOVE B8 117
MOVE B9 199
END TURN 102
TURN 103
COMMAND LEFT START
MOVE A9 189
COMMAND LEFT END
COMMAND RIGHT START
COMMAND RIGHT END
TURN 103 RESULT
TIME LEFT 0 5 RIGHT 0 5
MOVE A9 189
MOVE A11 93
MOVE A14 59
MOVE A15 15
MOVE B8 100
MOVE B9 197
END TURN 103
TURN 104
COMMAND LEFT START
UPGRADE 59
COMMAND LEFT END
COMMAND RIGHT START
COMMAND RIGHT END
TURN 104 RESULT
TIME LEFT 0 5 RIGHT 0 5
UPGRADE A 59
MOVE A11 102
MOVE A15 31
MOVE B9 192
END TURN 104
TURN 105
COMMAND LEFT START
COMMAND LEFT END
COMMAND RIGHT START
UPGRADE 181
COMMAND RIGHT END
TURN 105 RESULT
TIME LEFT 0 5 RIGHT 0 5
UPGRADE B 181
MOVE A11 123
MOVE A15 46
END TURN 105
TURN 106
COMMAND LEFT START
MOVE A15 59
COMMAND LEFT END
COMMAND RIGHT START
TRAIN 1
COMMAND RIGHT END
TURN 106 RESULT
TIME LEFT 0 5 RIGHT 0 5
TRAIN B13
MOVE A15 45
END TURN 106
TURN 107
COMMAND LEFT START
COMMAND LEFT END
COMMAND RIGHT START
MOVE B10 181
COMMAND RIGHT END
TURN 107 RESULT
TIME LEFT 0 5 RIGHT 0 5
MOVE A15 54
MOVE B10 195
END TURN 107
TURN 108
COMMAND LEFT START
UPGRADE 59
COMMAND LEFT END
COMMAND RIGHT START
COMMAND RIGHT END
TURN 108 RESULT
TIME LEFT 0 5 RIGHT 0 5
UPGRADE A 59
MOVE A15 59
MOVE B10 181
END TURN 108
TURN 109
COMMAND LEFT START
COMMAND LEFT END
COMMAND RIGHT START
COMMAND RIGHT END
TURN 109 RESULT
TIME LEFT 0 5 RIGHT 0 5
END TURN 109
TURN 110
COMMAND LEFT START
COMMAND LEFT END
COMMAND RIGHT START
UPGRADE 154
TRAIN 1
COMMAND RIGHT END
TURN 110 RESULT
TIME LEFT 0 5 RIGHT 0 5
UPGRADE B 154
TRAIN B14
END TURN 110
TURN 111
COMMAND LEFT START
COMMAND LEFT END
COMMAND RIGHT START
MOVE B11 154
COMMAND RIGHT END
TURN 111 RESULT
TIME LEFT 0 5 RIGHT 0 5
MOVE B11 196
END TURN 111
TURN 112
COMMAND LEFT START
MOVE A9 193
UPGRADE 59
TRAIN 1
COMMAND LEFT END
COMMAND RIGHT START
COMMAND RIGHT END
TURN 112 RESULT
TIME LEFT 0 5 RIGHT 0 5
UPGRADE A 59
TRAIN A16
MOVE A9 193
MOVE B11 185
END TURN 112
TURN 113
COMMAND LEFT START
MOVE A16 59
TRAIN 1
COMMAND LEFT END
COMMAND RIGHT START
COMMAND RIGHT END
TURN 113 RESULT
TIME LEFT 0 5 RIGHT 0 5
TRAIN A17
MOVE A16 6
MOVE B11 169
END TURN 113
TURN 114
COMMAND LEFT START
MOVE A17 63
COMMAND LEFT END
COMMAND RIGHT START
UPGRADE 100
COMMAND RIGHT END
TURN 114 RESULT
TIME LEFT 0 5 RIGHT 0 5
UPGRADE B 100
MOVE A16 23
MOVE A17 6
MOVE B11 154
END TURN 114
TURN 115
COMMAND LEFT START
TRAIN 1
COMMAND LEFT END
COMMAND RIGHT START
TRAIN 1
COMMAND RIGHT END
TURN 115 RESULT
TIME LEFT 0 5 RIGHT 0 5
TRAIN A18 B15
MOVE A16 38
MOVE A17 12
END TURN 115
TURN 116
COMMAND LEFT START
MOVE A18 59
TRAIN 1
COMMAND LEFT END
COMMAND RIGHT START
MOVE B12 100
COMMAND RIGHT END
TURN 116 RESULT
TIME LEFT 0 5 RIGHT 0 5
TRAIN A19
MOVE A16 59
MOVE A17 22
MOVE A18 6
MOVE B12 196
END TURN 116
TURN 117
COMMAND LEFT START
MOVE A19 59
COMMAND LEFT END
COMMAND RIGHT START
COMMAND RIGHT END
TURN 117 RESULT
TIME LEFT 0 5 RIGHT 0 5
MOVE A17 29
MOVE A18 23
MOVE A19 6
MOVE B12 185
END TURN 117
TURN 118
COMMAND LEFT START
COMMAND LEFT END
COMMAND RIGHT START
TRAIN 1
COMMAND RIGHT END
TURN 118 RESULT
TIME LEFT 0 5 RIGHT 0 5
TRAIN B16
MOVE A17 45
MOVE A18 38
MOVE A19 23
MOVE B12 169
END TURN 118
TURN 119
COMMAND LEFT START
TRAIN 1
COMMAND LEFT END
COMMAND RIGHT START
TRAIN 2
COMMAND RIGHT END
TURN 119 RESULT
TIME LEFT 0 5 RIGHT 0 5
TRAIN A20 B17 B18
MOVE A17 63
MOVE A18 59
MOVE A19 38
MOVE B12 154
END TURN 119
TURN 120
COMMAND LEFT START
MOVE A20 59
UPGRADE 63
COMMAND LEFT END
COMMAND RIGHT START
MOVE B18 141
COMMAND RIGHT END
TURN 120 RESULT
TIME LEFT 0 5 RIGHT 0 5
UPGRADE A 63
MOVE A19 59
MOVE A20 6
MOVE B12 138
MOVE B18 194
END TURN 120
TURN 121
COMMAND LEFT START
MOVE A18 63
MOVE A19 63
COMMAND LEFT END
COMMAND RIGHT START
MOVE B17 137
COMMAND RIGHT END
TURN 121 RESULT
TIME LEFT 0 5 RIGHT 0 5
MOVE A18 54
MOVE A19 54
MOVE A20 23
MOVE B12 129
MOVE B17 194
MOVE B18 177
END TURN 121
TURN 122
COMMAND LEFT START
UPGRADE 63
TRAIN 1
COMMAND LEFT END
COMMAND RIGHT START
TRAIN 2
COMMAND RIGHT END
TURN 122 RESULT
TIME LEFT 0 5 RIGHT 0 5
UPGRADE A 63
TRAIN A21 B19 B20
MOVE A18 63
MOVE A19 63
MOVE A20 38
MOVE B12 117
MOVE B17 188
MOVE B18 162
END TURN 122
TURN 123
COMMAND LEFT START
MOVE A21 63
COMMAND LEFT END
COMMAND RIGHT START
MOVE B20 101
COMMAND RIGHT END
TURN 123 RESULT
TIME LEFT 0 5 RIGHT 0 5
MOVE A20 59
MOVE A21 6
MOVE B12 100
MOVE B17 178
MOVE B18 141
MOVE B20 196
END TURN 123
TURN 124
COMMAND LEFT START
MOVE A20 63
COMMAND LEFT END
COMMAND RIGHT START
COMMAND RIGHT END
TURN 124 RESULT
TIME LEFT 0 5 RIGHT 0 5
MOVE A20 54
MOVE A21 12
MOVE B17 171
MOVE B20 185
END TURN 124
TURN 125
COMMAND LEFT START
UPGRADE 63
COMMAND LEFT END
COMMAND RIGHT START
COMMAND RIGHT END
TURN 125 RESULT
TIME LEFT 0 5 RIGHT 0 5
UPGRADE A 63
MOVE A20 63
MOVE A21 22
MOVE B17 155
MOVE B20 169
END TURN 125
TURN 126
COMMAND LEFT START
MOVE A20 99
COMMAND LEFT END
COMMAND RIGHT START
COMMAND RIGHT END
TURN 126 RESULT
TIME LEFT 0 5 RIGHT 0 5
MOVE A20 85
MOVE A21 29
MOVE B17 137
MOVE B20 154
END TURN 126
TURN 127
COMMAND LEFT START
TRAIN 1
COMMAND LEFT END
COMMAND RIGHT START
COMMAND RIGHT END
TURN 127 RESULT
TIME LEFT 0 5 RIGHT 0 5
TRAIN A22
MOVE A20 99
MOVE A21 45
MOVE B20 139
END TURN 127
TURN 128
COMMAND LEFT START
MOVE A22 63
UPGRADE 99
COMMAND LEFT END
COMMAND RIGHT START
COMMAND RIGHT END
TURN 128 RESULT
TIME LEFT 0 5 RIGHT 0 5
UPGRADE A 99
MOVE A21 63
MOVE A22 6
MOVE B20 127
END TURN 128
TURN 129
COMMAND LEFT START
MOVE A21 99
COMMAND LEFT END
COMMAND RIGHT START
MOVE B19 100
UPGRADE 200
COMMAND RIGHT END
TURN 129 RESULT
TIME LEFT 0 5 RIGHT 0 5
UPGRADE B 200
MOVE A21 85
MOVE A22 12
MOVE B19 196
MOVE B20 114
END TURN 129
TURN 130
COMMAND LEFT START
COMMAND LEFT END
COMMAND RIGHT START
COMMAND RIGHT END
TURN 130 RESULT
TIME LEFT 0 5 RIGHT 0 5
MOVE A21 99
MOVE A22 22
MOVE B19 185
MOVE B20 101
END TURN 130
TURN 131
COMMAND LEFT START
UPGRADE 99
TRAIN 1
COMMAND LEFT END
COMMAND RIGHT START
COMMAND RIGHT END
TURN 131 RESULT
TIME LEFT 0 5 RIGHT 0 5
UPGRADE A 99
TRAIN A23
MOVE A22 29
MOVE B19 169
END TURN 131
TURN 132
COMMAND LEFT START
MOVE A23 99
COMMAND LEFT END
COMMAND RIGHT START
UPGRADE 141
COMMAND RIGHT END
TURN 132 RESULT
TIME LEFT 0 5 RIGHT 0 5
UPGRADE B 141
MOVE A22 45
MOVE A23 4
MOVE B19 154
END TURN 132
TURN 133
COMMAND LEFT START
COMMAND LEFT END
COMMAND RIGHT START
COMMAND RIGHT END
TURN 133 RESULT
TIME LEFT 0 5 RIGHT 0 5
MOVE A22 63
MOVE A23 15
MOVE B19 138
END TURN 133
TURN 134
COMMAND LEFT START
MOVE A22 99
UPGRADE 99
TRAIN 1
COMMAND LEFT END
COMMAND RIGHT START
UPGRADE 137
COMMAND RIGHT END
TURN 134 RESULT
TIME LEFT 0 5 RIGHT 0 5
UPGRADE A 99
UPGRADE B 137
TRAIN A24
MOVE A22 85
MOVE A23 31
MOVE B19 129
END TURN 134
TURN 135
COMMAND LEFT START
MOVE A24 94
COMMAND LEFT END
COMMAND RIGHT START
COMMAND RIGHT END
TURN 135 RESULT
TIME LEFT 0 5 RIGHT 0 5
MOVE A22 99
MOVE A23 46
MOVE A24 6
MOVE B19 117
END TURN 135
TURN 136
COMMAND LEFT START
TRAIN 1
COMMAND LEFT END
COMMAND RIGHT START
UPGRADE 101
COMMAND RIGHT END
TURN 136 RESULT
TIME LEFT 0 5 RIGHT 0 5
UPGRADE B 101
TRAIN A25
MOVE A23 61
MOVE A24 23
MOVE B19 100
END TURN 136
TURN 137
COMMAND LEFT START
MOVE A25 99
TRAIN 1
COMMAND LEFT END
COMMAND RIGHT START
COMMAND RIGHT END
TURN 137 RESULT
TIME LEFT 0 5 RIGHT 0 5
TRAIN A26
MOVE A23 73
MOVE A24 38
MOVE A25 4
END TURN 137
TURN 138
COMMAND LEFT START
MOVE A26 99
COMMAND LEFT END
COMMAND RIGHT START
COMMAND RIGHT END
TURN 138 RESULT
TIME LEFT 0 5 RIGHT 0 5
MOVE A23 86
MOVE A24 41
MOVE A25 15
MOVE A26 4
END TURN 138
TURN 139
COMMAND LEFT START
COMMAND LEFT END
COMMAND RIGHT START
UPGRADE 141
COMMAND RIGHT END
TURN 139 RESULT
TIME LEFT 0 5 RIGHT 0 5
UPGRADE B 141
MOVE A23 99
MOVE A24 55
MOVE A25 31
MOVE A26 15
END TURN 139
TURN 140
COMMAND LEFT START
COMMAND LEFT END
COMMAND RIGHT START
MOVE B2 141
COMMAND RIGHT END
TURN 140 RESULT
TIME LEFT 0 5 RIGHT 0 5
MOVE A24 70
MOVE A25 46
MOVE A26 31
MOVE B2 117
END TURN 140
TURN 141
COMMAND LEFT START
COMMAND LEFT END
COMMAND RIGHT START
UPGRADE 137
TRAIN 1
COMMAND RIGHT END
TURN 141 RESULT
TIME LEFT 0 5 RIGHT 0 5
UPGRADE B 137
TRAIN B21
MOVE A24 94
MOVE A25 61
MOVE A26 46
MOVE B2 127
END TURN 141
TURN 142
COMMAND LEFT START
UPGRADE 94
COMMAND LEFT END
COMMAND RIGHT START
MOVE B13 137
COMMAND RIGHT END
TURN 142 RESULT
TIME LEFT 0 5 RIGHT 0 5
UPGRADE A 94
MOVE A25 73
MOVE A26 61
MOVE B2 137
MOVE B13 194
END TURN 142
TURN 143
COMMAND LEFT START
UPGRADE 94
COMMAND LEFT END
COMMAND RIGHT START
COMMAND RIGHT END
TURN 143 RESULT
TIME LEFT 0 5 RIGHT 0 5
UPGRADE A 94
MOVE A25 86
MOVE A26 73
MOVE B2 146
MOVE B13 188
END TURN 143
TURN 144
COMMAND LEFT START
MOVE A23 94
UPGRADE 94
COMMAND LEFT END
COMMAND RIGHT START
UPGRADE 101
TRAIN 1
COMMAND RIGHT END
TURN 144 RESULT
TIME LEFT 0 5 RIGHT 0 5
UPGRADE A 94
UPGRADE B 101
TRAIN B22
MOVE A23 96
MOVE A25 99
MOVE A26 86
MOVE B2 141
MOVE B13 178
END TURN 144
TURN 145
COMMAND LEFT START
MOVE A25 94
TRAIN 1
COMMAND LEFT END
COMMAND RIGHT START
MOVE B14 101
COMMAND RIGHT END
TURN 145 RESULT
TIME LEFT 0 5 RIGHT 0 5
TRAIN A27
MOVE A23 87
MOVE A25 96
MOVE A26 99
MOVE B13 171
MOVE B14 196
END TURN 145
TURN 146
COMMAND LEFT START
MOVE A26 122
MOVE A27 99
UPGRADE 0
COMMAND LEFT END
COMMAND RIGHT START
UPGRADE 141
COMMAND RIGHT END
TURN 146 RESULT
TIME LEFT 0 5 RIGHT 0 5
UPGRADE A 0
UPGRADE B 141
MOVE A23 91
MOVE A25 87
MOVE A26 96
MOVE A27 4
MOVE B13 155
MOVE B14 185
END TURN 146
TURN 147
COMMAND LEFT START
TRAIN 1
COMMAND LEFT END
COMMAND RIGHT START
TRAIN 1
COMMAND RIGHT END
TURN 147 RESULT
TIME LEFT 0 5 RIGHT 0 5
TRAIN A28 B23
MOVE A23 93
MOVE A25 91
MOVE A26 108
MOVE A27 15
MOVE B13 137
MOVE B14 169
END TURN 147
TURN 148
COMMAND LEFT START
TRAIN 1
COMMAND LEFT END
COMMAND RIGHT START
MOVE B15 141
COMMAND RIGHT END
TURN 148 RESULT
TIME LEFT 0 5 RIGHT 0 5
TRAIN A29
MOVE A23 94
MOVE A25 93
MOVE A26 118
MOVE A27 31
MOVE B14 154
MOVE B15 194
END TURN 148
TURN 149
COMMAND LEFT START
MOVE A29 99
COMMAND LEFT END
COMMAND RIGHT START
UPGRADE 137
COMMAND RIGHT END
TURN 149 RESULT
TIME LEFT 0 5 RIGHT 0 5
UPGRADE B 137
MOVE A25 94
MOVE A26 124
MOVE A27 46
MOVE A29 4
MOVE B14 139
MOVE B15 177
END TURN 149
TURN 150
COMMAND LEFT START
COMMAND LEFT END
COMMAND RIGHT START
TRAIN 1
COMMAND RIGHT END
TURN 150 RESULT
TIME LEFT 0 5 RIGHT 0 5
TRAIN B24
MOVE A26 122
MOVE A27 61
MOVE A29 15
MOVE B14 127
MOVE B15 162
END TURN 150
TURN 151
COMMAND LEFT START
UPGRADE 122
COMMAND LEFT END
COMMAND RIGHT START
MOVE B16 137
COMMAND RIGHT END
TURN 151 RESULT
TIME LEFT 0 5 RIGHT 0 5
UPGRADE A 122
MOVE A27 73
MOVE A29 31
MOVE B14 114
MOVE B15 141
MOVE B16 194
END TURN 151
TURN 152
COMMAND LEFT START
UPGRADE 122
TRAIN 1
COMMAND LEFT END
COMMAND RIGHT START
UPGRADE 101
TRAIN 1
COMMAND RIGHT END
TURN 152 RESULT
TIME LEFT 0 5 RIGHT 0 5
UPGRADE B 101
UPGRADE A 122
TRAIN A30 B25
MOVE A27 86
MOVE A29 46
MOVE B14 101
MOVE B16 188
END TURN 152
TURN 153
COMMAND LEFT START
MOVE A30 122
UPGRADE 122
COMMAND LEFT END
COMMAND RIGHT START
MOVE B21 101
COMMAND RIGHT END
TURN 153 RESULT
TIME LEFT 0 5 RIGHT 0 5
UPGRADE A 122
MOVE A27 99
MOVE A29 61
MOVE A30 6
MOVE B16 178
MOVE B21 196
END TURN 153
TURN 154
COMMAND LEFT START
MOVE A27 122
TRAIN 2
COMMAND LEFT END
COMMAND RIGHT START
TRAIN 1
COMMAND RIGHT END
TURN 154 RESULT
TIME LEFT 0 5 RIGHT 0 5
TRAIN A31 A32 B26
MOVE A27 96
MOVE A29 73
MOVE A30 23
MOVE B16 171
MOVE B21 185
END TURN 154
TURN 155
COMMAND LEFT START
MOVE A31 99
MOVE A32 99
TRAIN 2
COMMAND LEFT END
COMMAND RIGHT START
MOVE B26 100
TRAIN 2
COMMAND RIGHT END
TURN 155 RESULT
TIME LEFT 0 5 RIGHT 0 5
TRAIN A33 A34 B27 B28
MOVE A27 108
MOVE A29 86
MOVE A30 38
MOVE A31 4
MOVE A32 4
MOVE B16 155
MOVE B21 169
MOVE B26 196
END TURN 155
TURN 156
COMMAND LEFT START
MOVE A33 99
MOVE A34 99
TRAIN 1
COMMAND LEFT END
COMMAND RIGHT START
MOVE B28 78
MOVE B27 100
COMMAND RIGHT END
TURN 156 RESULT
TIME LEFT 0 5 RIGHT 0 5
TRAIN A35
MOVE A27 118
MOVE A29 99
MOVE A30 60
MOVE A31 15
MOVE A32 15
MOVE A33 4
MOVE A34 4
MOVE B16 137
MOVE B21 154
MOVE B26 185
MOVE B27 196
MOVE B28 194
END TURN 156
TURN 157
COMMAND LEFT START
MOVE A35 99
COMMAND LEFT END
COMMAND RIGHT START
TRAIN 2
COMMAND RIGHT END
TURN 157 RESULT
TIME LEFT 0 5 RIGHT 0 5
TRAIN B29 B30
MOVE A27 124
MOVE A30 67
MOVE A31 31
MOVE A32 31
MOVE A33 15
MOVE A34 15
MOVE A35 4
MOVE B21 139
MOVE B26 169
MOVE B27 185
MOVE B28 177
END TURN 157
TURN 158
COMMAND LEFT START
TRAIN 2
COMMAND LEFT END
COMMAND RIGHT START
MOVE B30 100
MOVE B29 100
TRAIN 2
COMMAND RIGHT END
TURN 158 RESULT
TIME LEFT 0 5 RIGHT 0 5
TRAIN A36 A37 B31 B32
MOVE A27 122
MOVE A30 91
MOVE A31 46
MOVE A32 46
MOVE A33 31
MOVE A34 31
MOVE A35 15
MOVE B21 127
MOVE B26 154
MOVE B27 169
MOVE B28 162
MOVE B29 196
MOVE B30 196
END TURN 158
TURN 159
COMMAND LEFT START
MOVE A36 99
MOVE A37 99
COMMAND LEFT END
COMMAND RIGHT START
MOVE B32 100
MOVE B31 100
TRAIN 2
COMMAND RIGHT END
TURN 159 RESULT
TIME LEFT 0 5 RIGHT 0 5
TRAIN B33 B34
MOVE A30 110
MOVE A31 61
MOVE A32 61
MOVE A33 46
MOVE A34 46
MOVE A35 31
MOVE A36 4
MOVE A37 4
MOVE B21 114
MOVE B26 138
MOVE B27 154
MOVE B28 140
MOVE B29 185
MOVE B30 185
MOVE B31 196
MOVE B32 196
END TURN 159
TURN 160
COMMAND LEFT START
COMMAND LEFT END
COMMAND RIGHT START
MOVE B34 100
MOVE B33 100
TRAIN 2
COMMAND RIGHT END
TURN 160 RESULT
TIME LEFT 0 5 RIGHT 0 5
TRAIN B35 B36
MOVE A30 122
MOVE A31 73
MOVE A32 73
MOVE A33 61
MOVE A34 61
MOVE A35 46
MOVE A36 15
MOVE A37 15
MOVE B21 101
MOVE B26 129
MOVE B27 138
MOVE B28 133
MOVE B29 169
MOVE B30 169
MOVE B31 185
MOVE B32 185
MOVE B33 196
MOVE B34 196
END TURN 160
TURN 161
COMMAND LEFT START
COMMAND LEFT END
COMMAND RIGHT START
MOVE B36 100
MOVE B35 100
TRAIN 2
COMMAND RIGHT END
TURN 161 RESULT
TIME LEFT 0 5 RIGHT 0 5
TRAIN B37 B38
MOVE A31 86
MOVE A32 86
MOVE A33 73
MOVE A34 73
MOVE A35 61
MOVE A36 31
MOVE A37 31
MOVE B26 117
MOVE B27 129
MOVE B28 109
MOVE B29 154
MOVE B30 154
MOVE B31 169
MOVE B32 169
MOVE B33 185
MOVE B34 185
MOVE B35 196
MOVE B36 196
END TURN 161
TURN 162
COMMAND LEFT START
UPGRADE 0
COMMAND LEFT END
COMMAND RIGHT START
MOVE B38 100
MOVE B37 100
TRAIN 2
COMMAND RIGHT END
TURN 162 RESULT
TIME LEFT 0 5 RIGHT 0 5
UPGRADE A 0
TRAIN B39 B40
MOVE A31 99
MOVE A32 99
MOVE A33 86
MOVE A34 86
MOVE A35 73
MOVE A36 46
MOVE A37 46
MOVE B26 100
MOVE B27 117
MOVE B28 90
MOVE B29 138
MOVE B30 138
MOVE B31 154
MOVE B32 154
MOVE B33 169
MOVE B34 169
MOVE B35 185
MOVE B36 185
MOVE B37 196
MOVE B38 196
END TURN 162
TURN 163
COMMAND LEFT START
MOVE A29 0
TRAIN 1
COMMAND LEFT END
COMMAND RIGHT START
MOVE B40 100
MOVE B39 100
TRAIN 2
COMMAND RIGHT END
TURN 163 RESULT
TIME LEFT 0 5 RIGHT 0 5
TRAIN A38 B41 B42
MOVE A29 86
MOVE A33 99
MOVE A34 99
MOVE A35 86
MOVE A36 61
MOVE A37 61
MOVE B27 100
MOVE B28 78
MOVE B29 129
MOVE B30 129
MOVE B31 138
MOVE B32 138
MOVE B33 154
MOVE B34 154
MOVE B35 169
MOVE B36 169
MOVE B37 185
MOVE B38 185
MOVE B39 196
MOVE B40 196
END TURN 163
TURN 164
COMMAND LEFT START
COMMAND LEFT END
COMMAND RIGHT START
MOVE B42 100
MOVE B41 100
MOVE B27 106
UPGRADE 78
COMMAND RIGHT END
TURN 164 RESULT
TIME LEFT 0 5 RIGHT 0 5
UPGRADE B 78
MOVE A29 73
MOVE A35 99
MOVE A36 73
MOVE A37 73
MOVE B27 89
MOVE B29 117
MOVE B30 117
MOVE B31 129
MOVE B32 129
MOVE B33 138
MOVE B34 138
MOVE B35 154
MOVE B36 154
MOVE B37 169
MOVE B38 169
MOVE B39 185
MOVE B40 185
MOVE B41 196
MOVE B42 196
END TURN 164
TURN 165
COMMAND LEFT START
COMMAND LEFT END
COMMAND RIGHT START
UPGRADE 78
COMMAND RIGHT END
TURN 165 RESULT
TIME LEFT 0 5 RIGHT 0 5
UPGRADE B 78
MOVE A29 61
MOVE A36 86
MOVE A37 86
MOVE B27 101
MOVE B29 100
MOVE B30 100
MOVE B31 117
MOVE B32 117
MOVE B33 129
MOVE B34 129
MOVE B35 138
MOVE B36 138
MOVE B37 154
MOVE B38 154
MOVE B39 169
MOVE B40 169
MOVE B41 185
MOVE B42 185
END TURN 165
TURN 166
COMMAND LEFT START
COMMAND LEFT END
COMMAND RIGHT START
MOVE B8 78
MOVE B30 122
UPGRADE 78
COMMAND RIGHT END
TURN 166 RESULT
TIME LEFT 0 5 RIGHT 0 5
UPGRADE B 78
MOVE A29 46
MOVE A36 99
MOVE A37 99
MOVE B8 89
MOVE B27 104
MOVE B30 111
MOVE B31 100
MOVE B32 100
MOVE B33 117
MOVE B34 117
MOVE B35 129
MOVE B36 129
MOVE B37 138
MOVE B38 138
MOVE B39 154
MOVE B40 154
MOVE B41 169
MOVE B42 169
END TURN 166
TURN 167
COMMAND LEFT START
COMMAND LEFT END
COMMAND RIGHT START
MOVE B12 78
MOVE B32 63
COMMAND RIGHT END
TURN 167 RESULT
TIME LEFT 2 5 RIGHT 3 5
MOVE A29 31
MOVE B8 88
MOVE B12 89
MOVE B27 113
MOVE B30 112
MOVE B32 83
MOVE B33 100
MOVE B34 100
MOVE B35 117
MOVE B36 117
MOVE B37 129
MOVE B38 129
MOVE B39 138
MOVE B40 138
MOVE B41 154
MOVE B42 154
END TURN 167
TURN 168
COMMAND LEFT START
COMMAND LEFT END
COMMAND RIGHT START
MOVE B34 46
MOVE B33 8
COMMAND RIGHT END
TURN 168 RESULT
TIME LEFT 0 5 RIGHT 0 5
MOVE A29 15
MOVE B8 84
MOVE B12 88
MOVE B27 109
MOVE B30 116
MOVE B32 73
MOVE B33 74
MOVE B34 83
MOVE B35 100
MOVE B36 100
MOVE B37 117
MOVE B38 117
MOVE B39 129
MOVE B40 129
MOVE B41 138
MOVE B42 138
END TURN 168
TURN 169
COMMAND LEFT START
COMMAND LEFT END
COMMAND RIGHT START
TRAIN 2
COMMAND RIGHT END
TURN 169 RESULT
TIME LEFT 0 5 RIGHT 0 5
TRAIN B43 B44
MOVE A29 4
MOVE B8 80
MOVE B12 84
MOVE B27 107
MOVE B30 120
MOVE B32 63
MOVE B33 51
MOVE B34 71
MOVE B37 100
MOVE B38 100
MOVE B39 117
MOVE B40 117
MOVE B41 129
MOVE B42 129
DAMAGE TURRET B32 2
DAMAGE COMBAT A17 1
DAMAGE COMBAT B32 3
END TURN 169
TURN 170
COMMAND LEFT START
COMMAND LEFT END
COMMAND RIGHT START
MOVE B44 100
MOVE B43 100
TRAIN 2
COMMAND RIGHT END
TURN 170 RESULT
TIME LEFT 0 5 RIGHT 0 5
TRAIN B45 B46
MOVE A29 0
MOVE B8 82
MOVE B12 80
MOVE B27 106
MOVE B30 118
MOVE B33 30
MOVE B34 62
MOVE B39 100
MOVE B40 100
MOVE B41 117
MOVE B42 117
MOVE B43 196
MOVE B44 196
DAMAGE TURRET B32 2
DAMAGE COMBAT A17 1
END TURN 170
TURN 171
COMMAND LEFT START
MOVE A38 99
UPGRADE 0
COMMAND LEFT END
COMMAND RIGHT START
MOVE B46 100
MOVE B45 100
UPGRADE 106
TRAIN 2
COMMAND RIGHT END
TURN 171 RESULT
TIME LEFT 0 5 RIGHT 0 5
UPGRADE A 0
UPGRADE B 106
TRAIN B47 B48
MOVE A38 4
MOVE B8 76
MOVE B12 82
MOVE B30 124
MOVE B33 18
MOVE B34 46
MOVE B41 100
MOVE B42 100
MOVE B43 185
MOVE B44 185
MOVE B45 196
MOVE B46 196
DAMAGE TURRET B34 2
DAMAGE COMBAT A10 1
DAMAGE COMBAT B34 3
END TURN 171
TURN 172
COMMAND LEFT START
MOVE A31 0
TRAIN 2
COMMAND LEFT END
COMMAND RIGHT START
MOVE B48 100
MOVE B47 100
UPGRADE 106
COMMAND RIGHT END
TURN 172 RESULT
TIME LEFT 0 5 RIGHT 0 5
UPGRADE B 106
TRAIN A39 A40
MOVE A31 86
MOVE A38 15
MOVE B8 78
MOVE B12 76
MOVE B30 122
MOVE B33 8
MOVE B43 169
MOVE B44 169
MOVE B45 185
MOVE B46 185
MOVE B47 196
MOVE B48 196
DAMAGE TURRET B30 2
DAMAGE TURRET B33 2
DAMAGE TURRET B34 2
DAMAGE COMBAT A6 1
DAMAGE COMBAT A10 1
DAMAGE COMBAT A26 1
DAMAGE COMBAT B30 3
DAMAGE COMBAT B33 3
END TURN 172
TURN 173
COMMAND LEFT START
MOVE A40 99
TRAIN 3
COMMAND LEFT END
COMMAND RIGHT START
MOVE B19 106
UPGRADE 106
COMMAND RIGHT END
TURN 173 RESULT
TIME LEFT 0 5 RIGHT 0 5
UPGRADE B 106
TRAIN A41 A42 A43
MOVE A31 73
MOVE A38 31
MOVE A40 4
MOVE B12 78
MOVE B19 89
MOVE B43 154
MOVE B44 154
MOVE B45 169
MOVE B46 169
MOVE B47 185
MOVE B48 185
DAMAGE TURRET B30 2
DAMAGE TURRET B33 2
DAMAGE COMBAT A6 1
DAMAGE COMBAT A26 1
END TURN 173
TURN 174
COMMAND LEFT START
MOVE A41 99
MOVE A42 99
MOVE A43 99
TRAIN 3
COMMAND LEFT END
COMMAND RIGHT START
MOVE B26 106
MOVE B42 122
COMMAND RIGHT END
TURN 174 RESULT
TIME LEFT 0 5 RIGHT 0 5
TRAIN A44 A45 A46
MOVE A31 61
MOVE A38 46
MOVE A40 15
MOVE A41 4
MOVE A42 4
MOVE A43 4
MOVE B19 101
MOVE B26 89
MOVE B42 111
MOVE B43 138
MOVE B44 138
MOVE B45 154
MOVE B46 154
MOVE B47 169
MOVE B48 169
END TURN 174
TURN 175
COMMAND LEFT START
MOVE A44 99
MOVE A45 99
MOVE A46 99
TRAIN 3
COMMAND LEFT END
COMMAND RIGHT START
MOVE B41 63
COMMAND RIGHT END
TURN 175 RESULT
TIME LEFT 0 5 RIGHT 0 5
TRAIN A47 A48 A49
MOVE A31 46
MOVE A38 61
MOVE A40 31
MOVE A41 15
MOVE A42 15
MOVE A43 15
MOVE A44 4
MOVE A45 4
MOVE A46 4
MOVE B19 104
MOVE B26 101
MOVE B41 83
MOVE B42 112
MOVE B43 129
MOVE B44 129
MOVE B45 138
MOVE B46 138
MOVE B47 154
MOVE B48 154
END TURN 175
TURN 176
COMMAND LEFT START
MOVE A47 99
MOVE A48 99
MOVE A49 99
TRAIN 3
COMMAND LEFT END
COMMAND RIGHT START
MOVE B40 46
MOVE B39 8
COMMAND RIGHT END
TURN 176 RESULT
TIME LEFT 0 5 RIGHT 0 5
TRAIN A50 A51 A52
MOVE A31 31
MOVE A38 73
MOVE A40 46
MOVE A41 31
MOVE A42 31
MOVE A43 31
MOVE A44 15
MOVE A45 15
MOVE A46 15
MOVE A47 4
MOVE A48 4
MOVE A49 4
MOVE B19 113
MOVE B26 104
MOVE B39 74
MOVE B40 83
MOVE B41 73
MOVE B42 116
MOVE B43 117
MOVE B44 117
MOVE B45 129
MOVE B46 129
MOVE B47 138
MOVE B48 138
DAMAGE COMBAT A38 1
DAMAGE COMBAT B41 1
END TURN 176
TURN 177
COMMAND LEFT START
MOVE A50 99
MOVE A51 99
MOVE A52 99
TRAIN 2
COMMAND LEFT END
COMMAND RIGHT START
TRAIN 2
COMMAND RIGHT END
TURN 177 RESULT
TIME LEFT 0 5 RIGHT 0 5
TRAIN A53 A54 B49 B50
MOVE A31 15
MOVE A40 61
MOVE A41 46
MOVE A42 46
MOVE A43 46
MOVE A44 31
MOVE A45 31
MOVE A46 31
MOVE A47 15
MOVE A48 15
MOVE A49 15
MOVE A50 4
MOVE A51 4
MOVE A52 4
MOVE B19 109
MOVE B26 113
MOVE B39 51
MOVE B40 71
MOVE B42 120
MOVE B43 100
MOVE B44 100
MOVE B45 117
MOVE B46 117
MOVE B47 129
MOVE B48 129
DAMAGE COMBAT A38 1
DAMAGE COMBAT B41 1
END TURN 177
TURN 178
COMMAND LEFT START
MOVE A53 99
MOVE A54 99
TRAIN 3
COMMAND LEFT END
COMMAND RIGHT START
MOVE B50 100
MOVE B49 100
TRAIN 2
COMMAND RIGHT END
TURN 178 RESULT
TIME LEFT 0 5 RIGHT 0 5
TRAIN A55 A56 A57 B51 B52
MOVE A31 4
MOVE A40 73
MOVE A41 61
MOVE A42 61
MOVE A43 61
MOVE A44 46
MOVE A45 46
MOVE A46 46
MOVE A47 31
MOVE A48 31
MOVE A49 31
MOVE A50 15
MOVE A51 15
MOVE A52 15
MOVE A53 4
MOVE A54 4
MOVE B19 107
MOVE B26 109
MOVE B39 30
MOVE B40 62
MOVE B42 118
MOVE B45 100
MOVE B46 100
MOVE B47 117
MOVE B48 117
MOVE B49 196
MOVE B50 196
DAMAGE COMBAT A38 1
DAMAGE COMBAT B41 2
END TURN 178
TURN 179
COMMAND LEFT START
MOVE A55 99
MOVE A56 99
MOVE A57 99
TRAIN 3
COMMAND LEFT END
COMMAND RIGHT START
MOVE B52 100
MOVE B51 100
TRAIN 2
COMMAND RIGHT END
TURN 179 RESULT
TIME LEFT 0 5 RIGHT 0 5
TRAIN A58 A59 A60 B53 B54
MOVE A31 0
MOVE A41 73
MOVE A42 73
MOVE A43 73
MOVE A44 61
MOVE A45 61
MOVE A46 61
MOVE A47 46
MOVE A48 46
MOVE A49 46
MOVE A50 31
MOVE A51 31
MOVE A52 31
MOVE A53 15
MOVE A54 15
MOVE A55 4
MOVE A56 4
MOVE A57 4
MOVE B19 106
MOVE B26 107
MOVE B39 18
MOVE B40 46
MOVE B42 124
MOVE B47 100
MOVE B48 100
MOVE B49 185
MOVE B50 185
MOVE B51 196
MOVE B52 196
DAMAGE TURRET B40 2
DAMAGE COMBAT A10 1
DAMAGE COMBAT A38 1
DAMAGE COMBAT B40 5
DAMAGE COMBAT B41 3
END TURN 179
TURN 180
COMMAND LEFT START
MOVE A39 99
MOVE A58 99
MOVE A59 99
MOVE A60 99
TRAIN 2
COMMAND LEFT END
COMMAND RIGHT START
MOVE B54 100
MOVE B53 100
MOVE B48 46
TRAIN 2
COMMAND RIGHT END
TURN 180 RESULT
TIME LEFT 0 5 RIGHT 0 5
TRAIN A61 A62 B55 B56
MOVE A38 86
MOVE A39 4
MOVE A40 86
MOVE A41 86
MOVE A42 86
MOVE A43 86
MOVE A44 73
MOVE A45 73
MOVE A46 73
MOVE A47 61
MOVE A48 61
MOVE A49 61
MOVE A50 46
MOVE A51 46
MOVE A52 46
MOVE A53 31
MOVE A54 31
MOVE A55 15
MOVE A56 15
MOVE A57 15
MOVE A58 4
MOVE A59 4
MOVE A60 4
MOVE B26 106
MOVE B39 8
MOVE B42 122
MOVE B48 83
MOVE B49 169
MOVE B50 169
MOVE B51 185
MOVE B52 185
MOVE B53 196
MOVE B54 196
DAMAGE TURRET B39 2
DAMAGE TURRET B42 2
DAMAGE COMBAT A6 1
DAMAGE COMBAT A26 1
DAMAGE COMBAT B39 3
DAMAGE COMBAT B42 3
END TURN 180
TURN 181
COMMAND LEFT START
MOVE A61 99
MOVE A62 99
TRAIN 3
COMMAND LEFT END
COMMAND RIGHT START
MOVE B56 100
MOVE B55 100
TRAIN 2
COMMAND RIGHT END
TURN 181 RESULT
TIME LEFT 0 5 RIGHT 0 5
TRAIN A63 A64 A65 B57 B58
MOVE A38 99
MOVE A39 15
MOVE A40 99
MOVE A41 99
MOVE A42 99
MOVE A43 99
MOVE A44 86
MOVE A45 86
MOVE A46 86
MOVE A47 73
MOVE A48 73
MOVE A49 73
MOVE A50 61
MOVE A51 61
MOVE A52 61
MOVE A53 46
MOVE A54 46
MOVE A55 31
MOVE A56 31
MOVE A57 31
MOVE A58 15
MOVE A59 15
MOVE A60 15
MOVE A61 4
MOVE A62 4
MOVE B48 71
MOVE B49 154
MOVE B50 154
MOVE B51 169
MOVE B52 169
MOVE B53 185
MOVE B54 185
MOVE B55 196
MOVE B56 196
DAMAGE TURRET B39 2
DAMAGE TURRET B42 2
DAMAGE COMBAT A6 1
DAMAGE COMBAT A26 1
END TURN 181
TURN 182
COMMAND LEFT START
MOVE A63 99
MOVE A64 99
MOVE A65 99
TRAIN 2
COMMAND LEFT END
COMMAND RIGHT START
MOVE B58 100
MOVE B57 100
MOVE B47 122
MOVE B46 8
TRAIN 2
COMMAND RIGHT END
TURN 182 RESULT
TIME LEFT 0 5 RIGHT 0 5
TRAIN A66 A67 B59 B60
MOVE A39 31
MOVE A44 99
MOVE A45 99
MOVE A46 99
MOVE A47 86
MOVE A48 86
MOVE A49 86
MOVE A50 73
MOVE A51 73
MOVE A52 73
MOVE A53 61
MOVE A54 61
MOVE A55 46
MOVE A56 46
MOVE A57 46
MOVE A58 31
MOVE A59 31
MOVE A60 31
MOVE A61 15
MOVE A62 15
MOVE A63 4
MOVE A64 4
MOVE A65 4
MOVE B46 74
MOVE B47 111
MOVE B48 62
MOVE B49 138
MOVE B50 138
MOVE B51 154
MOVE B52 154
MOVE B53 169
MOVE B54 169
MOVE B55 185
MOVE B56 185
MOVE B57 196
MOVE B58 196
END TURN 182
TURN 183
COMMAND LEFT START
MOVE A66 99
MOVE A67 99
TRAIN 3
COMMAND LEFT END
COMMAND RIGHT START
MOVE B60 100
MOVE B59 100
TRAIN 2
COMMAND RIGHT END
TURN 183 RESULT
TIME LEFT 0 5 RIGHT 0 5
TRAIN A68 A69 A70 B61 B62
MOVE A39 46
MOVE A47 99
MOVE A48 99
MOVE A49 99
MOVE A50 86
MOVE A51 86
MOVE A52 86
MOVE A53 73
MOVE A54 73
MOVE A55 61
MOVE A56 61
MOVE A57 61
MOVE A58 46
MOVE A59 46
MOVE A60 46
MOVE A61 31
MOVE A62 31
MOVE A63 15
MOVE A64 15
MOVE A65 15
MOVE A66 4
MOVE A67 4
MOVE B46 51
MOVE B47 112
MOVE B48 46
MOVE B49 129
MOVE B50 129
MOVE B51 138
MOVE B52 138
MOVE B53 154
MOVE B54 154
MOVE B55 169
MOVE B56 169
MOVE B57 185
MOVE B58 185
MOVE B59 196
MOVE B60 196
DAMAGE TURRET B48 2
DAMAGE COMBAT A10 1
DAMAGE COMBAT B48 5
END TURN 183
TURN 184
COMMAND LEFT START
MOVE A68 99
MOVE A69 99
MOVE A70 99
TRAIN 2
COMMAND LEFT END
COMMAND RIGHT START
MOVE B62 100
MOVE B61 100
TRAIN 2
COMMAND RIGHT END
TURN 184 RESULT
TIME LEFT 0 5 RIGHT 0 5
TRAIN A71 A72 B63 B64
MOVE A39 61
MOVE A50 99
MOVE A51 99
MOVE A52 99
MOVE A53 86
MOVE A54 86
MOVE A55 73
MOVE A56 73
MOVE A57 73
MOVE A58 61
MOVE A59 61
MOVE A60 61
MOVE A61 46
MOVE A62 46
MOVE A63 31
MOVE A64 31
MOVE A65 31
MOVE A66 15
MOVE A67 15
MOVE A68 4
MOVE A69 4
MOVE A70 4
MOVE B46 30
MOVE B47 116
MOVE B49 117
MOVE B50 117
MOVE B51 129
MOVE B52 129
MOVE B53 138
MOVE B54 138
MOVE B55 154
MOVE B56 154
MOVE B57 169
MOVE B58 169
MOVE B59 185
MOVE B60 185
MOVE B61 196
MOVE B62 196
END TURN 184
TURN 185
COMMAND LEFT START
MOVE A71 99
MOVE A72 99
TRAIN 3
COMMAND LEFT END
COMMAND RIGHT START
MOVE B64 100
MOVE B63 100
MOVE B45 46
TRAIN 2
COMMAND RIGHT END
TURN 185 RESULT
TIME LEFT 0 5 RIGHT 0 5
TRAIN A73 A74 A75 B65 B66
MOVE A39 73
MOVE A53 99
MOVE A54 99
MOVE A55 86
MOVE A56 86
MOVE A57 86
MOVE A58 73
MOVE A59 73
MOVE A60 73
MOVE A61 61
MOVE A62 61
MOVE A63 46
MOVE A64 46
MOVE A65 46
MOVE A66 31
MOVE A67 31
MOVE A68 15
MOVE A69 15
MOVE A70 15
MOVE A71 4
MOVE A72 4
MOVE B45 83
MOVE B46 18
MOVE B47 120
MOVE B49 100
MOVE B50 100
MOVE B51 117
MOVE B52 117
MOVE B53 129
MOVE B54 129
MOVE B55 138
MOVE B56 138
MOVE B57 154
MOVE B58 154
MOVE B59 169
MOVE B60 169
MOVE B61 185
MOVE B62 185
MOVE B63 196
MOVE B64 196
END TURN 185
TURN 186
COMMAND LEFT START
MOVE A73 99
MOVE A74 99
MOVE A75 99
TRAIN 2
COMMAND LEFT END
COMMAND RIGHT START
MOVE B66 100
MOVE B65 100
TRAIN 2
COMMAND RIGHT END
TURN 186 RESULT
TIME LEFT 0 5 RIGHT 0 5
TRAIN A76 A77 B67 B68
MOVE A39 86
MOVE A55 99
MOVE A56 99
MOVE A57 99
MOVE A58 86
MOVE A59 86
MOVE A60 86
MOVE A61 73
MOVE A62 73
MOVE A63 61
MOVE A64 61
MOVE A65 61
MOVE A66 46
MOVE A67 46
MOVE A68 31
MOVE A69 31
MOVE A70 31
MOVE A71 15
MOVE A72 15
MOVE A73 4
MOVE A74 4
MOVE A75 4
MOVE B45 71
MOVE B46 8
MOVE B47 118
MOVE B51 100
MOVE B52 100
MOVE B53 117
MOVE B54 117
MOVE B55 129
MOVE B56 129
MOVE B57 138
MOVE B58 138
MOVE B59 154
MOVE B60 154
MOVE B61 169
MOVE B62 169
MOVE B63 185
MOVE B64 185
MOVE B65 196
MOVE B66 196
DAMAGE TURRET B46 2
DAMAGE COMBAT A6 1
DAMAGE COMBAT B46 3
END TURN 186
TURN 187
COMMAND LEFT START
MOVE A32 8
MOVE A76 99
MOVE A77 99
TRAIN 2
COMMAND LEFT END
COMMAND RIGHT START
MOVE B68 100
MOVE B67 100
TRAIN 2
COMMAND RIGHT END
TURN 187 RESULT
TIME LEFT 0 5 RIGHT 0 5
TRAIN A78 A79 B69 B70
MOVE A32 86
MOVE A39 99
MOVE A58 99
MOVE A59 99
MOVE A60 99
MOVE A61 86
MOVE A62 86
MOVE A63 73
MOVE A64 73
MOVE A65 73
MOVE A66 61
MOVE A67 61
MOVE A68 46
MOVE A69 46
MOVE A70 46
MOVE A71 31
MOVE A72 31
MOVE A73 15
MOVE A74 15
MOVE A75 15
MOVE A76 4
MOVE A77 4
MOVE B45 62
MOVE B47 124
MOVE B53 100
MOVE B54 100
MOVE B55 117
MOVE B56 117
MOVE B57 129
MOVE B58 129
MOVE B59 138
MOVE B60 138
MOVE B61 154
MOVE B62 154
MOVE B63 169
MOVE B64 169
MOVE B65 185
MOVE B66 185
MOVE B67 196
MOVE B68 196
DAMAGE TURRET B46 2
DAMAGE COMBAT A7 1
END TURN 187
TURN 188
COMMAND LEFT START
MOVE A78 99
MOVE A79 99
TRAIN 2
COMMAND LEFT END
COMMAND RIGHT START
MOVE B70 100
MOVE B54 8
MOVE B69 100
TRAIN 2
COMMAND RIGHT END
TURN 188 RESULT
TIME LEFT 0 5 RIGHT 0 5
TRAIN A80 A81 B71 B72
MOVE A32 73
MOVE A61 99
MOVE A62 99
MOVE A63 86
MOVE A64 86
MOVE A65 86
MOVE A66 73
MOVE A67 73
MOVE A68 61
MOVE A69 61
MOVE A70 61
MOVE A71 46
MOVE A72 46
MOVE A73 31
MOVE A74 31
MOVE A75 31
MOVE A76 15
MOVE A77 15
MOVE A78 4
MOVE A79 4
MOVE B45 46
MOVE B47 122
MOVE B54 74
MOVE B55 100
MOVE B56 100
MOVE B57 117
MOVE B58 117
MOVE B59 129
MOVE B60 129
MOVE B61 138
MOVE B62 138
MOVE B63 154
MOVE B64 154
MOVE B65 169
MOVE B66 169
MOVE B67 185
MOVE B68 185
MOVE B69 196
MOVE B70 196
DAMAGE TURRET B45 2
DAMAGE TURRET B47 2
DAMAGE COMBAT A10 1
DAMAGE COMBAT A26 1
DAMAGE COMBAT B45 5
DAMAGE COMBAT B47 3
END TURN 188
TURN 189
COMMAND LEFT START
MOVE A33 46
MOVE A34 122
MOVE A80 99
MOVE A81 99
TRAIN 2
COMMAND LEFT END
COMMAND RIGHT START
MOVE B72 100
MOVE B71 100
TRAIN 2
COMMAND RIGHT END
TURN 189 RESULT
TIME LEFT 0 5 RIGHT 0 5
TRAIN A82 A83 B73 B74
MOVE A32 61
MOVE A33 86
MOVE A34 96
MOVE A63 99
MOVE A64 99
MOVE A65 99
MOVE A66 86
MOVE A67 86
MOVE A68 73
MOVE A69 73
MOVE A70 73
MOVE A71 61
MOVE A72 61
MOVE A73 46
MOVE A74 46
MOVE A75 46
MOVE A76 31
MOVE A77 31
MOVE A78 15
MOVE A79 15
MOVE A80 4
MOVE A81 4
MOVE B54 51
MOVE B57 100
MOVE B58 100
MOVE B59 117
MOVE B60 117
MOVE B61 129
MOVE B62 129
MOVE B63 138
MOVE B64 138
MOVE B65 154
MOVE B66 154
MOVE B67 169
MOVE B68 169
MOVE B69 185
MOVE B70 185
MOVE B71 196
MOVE B72 196
DAMAGE TURRET B47 2
DAMAGE COMBAT A27 1
END TURN 189
TURN 190
COMMAND LEFT START
MOVE A82 99
MOVE A83 99
TRAIN 2
COMMAND LEFT END
COMMAND RIGHT START
MOVE B74 100
UPGRADE 200
COMMAND RIGHT END
TURN 190 RESULT
TIME LEFT 0 5 RIGHT 0 5
UPGRADE B 200
TRAIN A84 A85
MOVE A32 46
MOVE A33 73
MOVE A34 108
MOVE A66 99
MOVE A67 99
MOVE A68 86
MOVE A69 86
MOVE A70 86
MOVE A71 73
MOVE A72 73
MOVE A73 61
MOVE A74 61
MOVE A75 61
MOVE A76 46
MOVE A77 46
MOVE A78 31
MOVE A79 31
MOVE A80 15
MOVE A81 15
MOVE A82 4
MOVE A83 4
MOVE B54 30
MOVE B59 100
MOVE B60 100
MOVE B61 117
MOVE B62 117
MOVE B63 129
MOVE B64 129
MOVE B65 138
MOVE B66 138
MOVE B67 154
MOVE B68 154
MOVE B69 169
MOVE B70 169
MOVE B71 185
MOVE B72 185
MOVE B74 196
END TURN 190
TURN 191
COMMAND LEFT START
MOVE A84 99
MOVE A85 99
TRAIN 2
COMMAND LEFT END
COMMAND RIGHT START
COMMAND RIGHT END
TURN 191 RESULT
TIME LEFT 0 5 RIGHT 1 5
TRAIN A86 A87
MOVE A32 40
MOVE A33 61
MOVE A34 118
MOVE A68 99
MOVE A69 99
MOVE A70 99
MOVE A71 86
MOVE A72 86
MOVE A73 73
MOVE A74 73
MOVE A75 73
MOVE A76 61
MOVE A77 61
MOVE A78 46
MOVE A79 46
MOVE A80 31
MOVE A81 31
MOVE A82 15
MOVE A83 15
MOVE A84 4
MOVE A85 4
MOVE B54 18
MOVE B61 100
MOVE B62 100
MOVE B63 117
MOVE B64 117
MOVE B65 129
MOVE B66 129
MOVE B67 138
MOVE B68 138
MOVE B69 154
MOVE B70 154
MOVE B71 169
MOVE B72 169
MOVE B74 185
END TURN 191
TURN 192
COMMAND LEFT START
MOVE A86 99
MOVE A87 99
TRAIN 2
COMMAND LEFT END
COMMAND RIGHT START
MOVE B62 122
COMMAND RIGHT END
TURN 192 RESULT
TIME LEFT 0 5 RIGHT 0 5
TRAIN A88 A89
MOVE A32 32
MOVE A33 46
MOVE A34 124
MOVE A71 99
MOVE A72 99
MOVE A73 86
MOVE A74 86
MOVE A75 86
MOVE A76 73
MOVE A77 73
MOVE A78 61
MOVE A79 61
MOVE A80 46
MOVE A81 46
MOVE A82 31
MOVE A83 31
MOVE A84 15
MOVE A85 15
MOVE A86 4
MOVE A87 4
MOVE B54 8
MOVE B62 111
MOVE B63 100
MOVE B64 100
MOVE B65 117
MOVE B66 117
MOVE B67 129
MOVE B68 129
MOVE B69 138
MOVE B70 138
MOVE B71 154
MOVE B72 154
MOVE B74 169
DAMAGE TURRET B54 2
DAMAGE COMBAT A7 1
DAMAGE COMBAT B54 2
END TURN 192
TURN 193
COMMAND LEFT START
MOVE A35 200
MOVE A36 200
MOVE A37 200
MOVE A38 200
MOVE A39 200
MOVE A40 200
MOVE A41 200
MOVE A42 200
MOVE A43 200
MOVE A44 200
MOVE A45 200
MOVE A46 200
MOVE A47 200
MOVE A48 200
MOVE A49 200
MOVE A50 200
MOVE A51 200
MOVE A52 200
MOVE A53 200
MOVE A54 200
MOVE A55 200
MOVE A56 200
MOVE A57 200
MOVE A58 200
MOVE A59 200
MOVE A60 200
MOVE A61 200
MOVE A62 200
MOVE A63 200
MOVE A64 200
MOVE A65 200
MOVE A66 200
MOVE A67 200
MOVE A68 200
MOVE A69 200
MOVE A70 200
MOVE A71 200
MOVE A72 200
MOVE A88 200
MOVE A89 200
COMMAND LEFT END
COMMAND RIGHT START
MOVE B64 46
COMMAND RIGHT END
TURN 193 RESULT
TIME LEFT 0 5 RIGHT 0 5
MOVE A32 26
MOVE A34 122
MOVE A35 112
MOVE A36 112
MOVE A37 112
MOVE A38 112
MOVE A39 112
MOVE A40 112
MOVE A41 112
MOVE A42 112
MOVE A43 112
MOVE A44 112
MOVE A45 112
MOVE A46 112
MOVE A47 112
MOVE A48 112
MOVE A49 112
MOVE A50 112
MOVE A51 112
MOVE A52 112
MOVE A53 112
MOVE A54 112
MOVE A55 112
MOVE A56 112
MOVE A57 112
MOVE A58 112
MOVE A59 112
MOVE A60 112
MOVE A61 112
MOVE A62 112
MOVE A63 112
MOVE A64 112
MOVE A65 112
MOVE A66 112
MOVE A67 112
MOVE A68 112
MOVE A69 112
MOVE A70 112
MOVE A71 112
MOVE A72 112
MOVE A73 99
MOVE A74 99
MOVE A75 99
MOVE A76 86
MOVE A77 86
MOVE A78 73
MOVE A79 73
MOVE A80 61
MOVE A81 61
MOVE A82 46
MOVE A83 46
MOVE A84 31
MOVE A85 31
MOVE A86 15
MOVE A87 15
MOVE A88 4
MOVE A89 4
MOVE B62 112
MOVE B64 83
MOVE B65 100
MOVE B66 100
MOVE B67 117
MOVE B68 117
MOVE B69 129
MOVE B70 129
MOVE B71 138
MOVE B72 138
MOVE B74 154
DAMAGE TURRET B54 2
DAMAGE COMBAT A7 1
DAMAGE COMBAT A38 1
DAMAGE COMBAT B54 1
DAMAGE COMBAT B62 7
END TURN 193
TURN 194
COMMAND LEFT START
MOVE A75 200
MOVE A74 200
MOVE A73 200
MOVE A34 200
TRAIN 1
COMMAND LEFT END
COMMAND RIGHT START
MOVE B66 8
TRAIN 3
COMMAND RIGHT END
TURN 194 RESULT
TIME LEFT 0 5 RIGHT 0 5
TRAIN A90 B75 B76 B77
MOVE A32 17
MOVE A34 136
MOVE A35 131
MOVE A36 131
MOVE A37 131
MOVE A38 131
MOVE A39 131
MOVE A40 131
MOVE A41 131
MOVE A42 131
MOVE A43 131
MOVE A44 131
MOVE A45 131
MOVE A46 131
MOVE A47 131
MOVE A48 131
MOVE A49 131
MOVE A50 131
MOVE A51 131
MOVE A52 131
MOVE A53 131
MOVE A54 131
MOVE A55 131
MOVE A56 131
MOVE A57 131
MOVE A58 131
MOVE A59 131
MOVE A60 131
MOVE A61 131
MOVE A62 131
MOVE A63 131
MOVE A64 131
MOVE A65 131
MOVE A66 131
MOVE A67 131
MOVE A68 131
MOVE A69 131
MOVE A70 131
MOVE A71 131
MOVE A72 131
MOVE A73 112
MOVE A74 112
MOVE A75 112
MOVE A76 99
MOVE A77 99
MOVE A78 86
MOVE A79 86
MOVE A80 73
MOVE A81 73
MOVE A82 61
MOVE A83 61
MOVE A84 46
MOVE A85 46
MOVE A86 31
MOVE A87 31
MOVE A88 15
MOVE A89 15
MOVE B64 71
MOVE B66 74
MOVE B67 100
MOVE B68 100
MOVE B69 117
MOVE B70 117
MOVE B71 129
MOVE B72 129
MOVE B74 138
END TURN 194
TURN 195
COMMAND LEFT START
MOVE A77 200
MOVE A76 200
MOVE A90 200
TRAIN 1
COMMAND LEFT END
COMMAND RIGHT START
MOVE B77 100
MOVE B76 100
MOVE B75 100
TRAIN 3
COMMAND RIGHT END
TURN 195 RESULT
TIME LEFT 0 5 RIGHT 0 5
TRAIN A91 B78 B79 B80
MOVE A32 9
MOVE A34 147
MOVE A35 149
MOVE A36 149
MOVE A37 149
MOVE A38 149
MOVE A39 149
MOVE A40 149
MOVE A41 149
MOVE A42 149
MOVE A43 149
MOVE A44 149
MOVE A45 149
MOVE A46 149
MOVE A47 149
MOVE A48 149
MOVE A49 149
MOVE A50 149
MOVE A51 149
MOVE A52 149
MOVE A53 149
MOVE A54 149
MOVE A55 149
MOVE A56 149
MOVE A57 149
MOVE A58 149
MOVE A59 149
MOVE A60 149
MOVE A61 149
MOVE A62 149
MOVE A63 149
MOVE A64 149
MOVE A65 149
MOVE A66 149
MOVE A67 149
MOVE A68 149
MOVE A69 149
MOVE A70 149
MOVE A71 149
MOVE A72 149
MOVE A73 131
MOVE A74 131
MOVE A75 131
MOVE A76 112
MOVE A77 112
MOVE A78 99
MOVE A79 99
MOVE A80 86
MOVE A81 86
MOVE A82 73
MOVE A83 73
MOVE A84 61
MOVE A85 61
MOVE A86 46
MOVE A87 46
MOVE A88 31
MOVE A89 31
MOVE A90 4
MOVE B64 62
MOVE B66 51
MOVE B69 100
MOVE B70 100
MOVE B71 117
MOVE B72 117
MOVE B74 129
MOVE B75 196
MOVE B76 196
MOVE B77 196
END TURN 195
TURN 196
COMMAND LEFT START
MOVE A79 200
MOVE A78 200
MOVE A91 200
TRAIN 2
COMMAND LEFT END
COMMAND RIGHT START
TRAIN 3
COMMAND RIGHT END
TURN 196 RESULT
TIME LEFT 0 5 RIGHT 2 5
TRAIN A92 A93 B81 B82 B83
MOVE A32 8
MOVE A34 150
MOVE A35 168
MOVE A36 168
MOVE A37 168
MOVE A38 168
MOVE A39 168
MOVE A40 168
MOVE A41 168
MOVE A42 168
MOVE A43 168
MOVE A44 168
MOVE A45 168
MOVE A46 168
MOVE A47 168
MOVE A48 168
MOVE A49 168
MOVE A50 168
MOVE A51 168
MOVE A52 168
MOVE A53 168
MOVE A54 168
MOVE A55 168
MOVE A56 168
MOVE A57 168
MOVE A58 168
MOVE A59 168
MOVE A60 168
MOVE A61 168
MOVE A62 168
MOVE A63 168
MOVE A64 168
MOVE A65 168
MOVE A66 168
MOVE A67 168
MOVE A68 168
MOVE A69 168
MOVE A70 168
MOVE A71 168
MOVE A72 168
MOVE A73 149
MOVE A74 149
MOVE A75 149
MOVE A76 131
MOVE A77 131
MOVE A78 112
MOVE A79 112
MOVE A80 99
MOVE A81 99
MOVE A82 86
MOVE A83 86
MOVE A84 73
MOVE A85 73
MOVE A86 61
MOVE A87 61
MOVE A88 46
MOVE A89 46
MOVE A90 15
MOVE A91 4
MOVE B64 46
MOVE B66 30
MOVE B71 100
MOVE B72 100
MOVE B74 117
MOVE B75 185
MOVE B76 185
MOVE B77 185
DAMAGE TURRET B64 2
DAMAGE COMBAT A12 1
DAMAGE COMBAT B64 5
END TURN 196
TURN 197
COMMAND LEFT START
MOVE A81 200
MOVE A80 200
MOVE A32 200
MOVE A92 200
MOVE A93 200
TRAIN 1
COMMAND LEFT END
COMMAND RIGHT START
MOVE B72 46
MOVE B83 100
MOVE B82 100
MOVE B81 100
MOVE B80 100
MOVE B79 100
MOVE B78 100
TRAIN 3
COMMAND RIGHT END
TURN 197 RESULT
TIME LEFT 0 5 RIGHT 1 5
TRAIN A94 B84 B85 B86
MOVE A32 18
MOVE A34 157
MOVE A35 175
MOVE A36 175
MOVE A37 175
MOVE A38 175
MOVE A39 175
MOVE A40 175
MOVE A41 175
MOVE A42 175
MOVE A43 175
MOVE A44 175
MOVE A45 175
MOVE A46 175
MOVE A47 175
MOVE A48 175
MOVE A49 175
MOVE A50 175
MOVE A51 175
MOVE A52 175
MOVE A53 175
MOVE A54 175
MOVE A55 175
MOVE A56 175
MOVE A57 175
MOVE A58 175
MOVE A59 175
MOVE A60 175
MOVE A61 175
MOVE A62 175
MOVE A63 175
MOVE A64 175
MOVE A65 175
MOVE A66 175
MOVE A67 175
MOVE A68 175
MOVE A69 175
MOVE A70 175
MOVE A71 175
MOVE A72 175
MOVE A73 168
MOVE A74 168
MOVE A75 168
MOVE A76 149
MOVE A77 149
MOVE A78 131
MOVE A79 131
MOVE A80 112
MOVE A81 112
MOVE A82 99
MOVE A83 99
MOVE A84 86
MOVE A85 86
MOVE A86 73
MOVE A87 73
MOVE A88 61
MOVE A89 61
MOVE A90 31
MOVE A91 15
MOVE A92 4
MOVE A93 4
MOVE B66 18
MOVE B72 83
MOVE B74 100
MOVE B75 169
MOVE B76 169
MOVE B77 169
MOVE B78 196
MOVE B79 196
MOVE B80 196
MOVE B81 196
MOVE B82 196
MOVE B83 196
DAMAGE COMBAT A32 1
DAMAGE COMBAT B66 1
END TURN 197
TURN 198
COMMAND LEFT START
MOVE A83 200
MOVE A82 200
MOVE A94 200
TRAIN 2
COMMAND LEFT END
COMMAND RIGHT START
MOVE B1 200
MOVE B6 200
MOVE B10 200
MOVE B3 200
MOVE B4 200
MOVE B9 200
MOVE B2 200
MOVE B15 200
MOVE B18 200
MOVE B5 200
MOVE B7 200
MOVE B11 200
MOVE B13 200
MOVE B16 200
MOVE B17 200
MOVE B19 200
MOVE B26 200
MOVE B27 200
MOVE B8 200
MOVE B12 200
MOVE B28 200
MOVE B29 200
MOVE B31 200
MOVE B35 200
MOVE B36 200
MOVE B37 200
MOVE B38 200
MOVE B43 200
MOVE B44 200
MOVE B49 200
MOVE B50 200
MOVE B51 200
MOVE B52 200
MOVE B53 200
MOVE B55 200
TRAIN 3
COMMAND RIGHT END
TURN 198 RESULT
TIME LEFT 0 5 RIGHT 0 5
TRAIN A95 A96 B87 B88 B89
MOVE A34 170
MOVE A35 189
MOVE A36 189
MOVE A37 189
MOVE A38 189
MOVE A39 189
MOVE A40 189
MOVE A41 189
MOVE A42 189
MOVE A43 189
MOVE A44 189
MOVE A45 189
MOVE A46 189
MOVE A47 189
MOVE A48 189
MOVE A49 189
MOVE A50 189
MOVE A51 189
MOVE A52 189
MOVE A53 189
MOVE A54 189
MOVE A55 189
MOVE A56 189
MOVE A57 189
MOVE A58 189
MOVE A59 189
MOVE A60 189
MOVE A61 189
MOVE A62 189
MOVE A63 189
MOVE A64 189
MOVE A65 189
MOVE A66 189
MOVE A67 189
MOVE A68 189
MOVE A69 189
MOVE A70 189
MOVE A71 189
MOVE A72 189
MOVE A73 175
MOVE A74 175
MOVE A75 175
MOVE A76 168
MOVE A77 168
MOVE A78 149
MOVE A79 149
MOVE A80 131
MOVE A81 131
MOVE A82 112
MOVE A83 112
MOVE A84 99
MOVE A85 99
MOVE A86 86
MOVE A87 86
MOVE A88 73
MOVE A89 73
MOVE A90 46
MOVE A91 31
MOVE A92 15
MOVE A93 15
MOVE A94 4
MOVE B1 195
MOVE B2 162
MOVE B3 197
MOVE B4 197
MOVE B5 169
MOVE B6 195
MOVE B7 169
MOVE B8 90
MOVE B9 197
MOVE B10 195
MOVE B11 169
MOVE B12 90
MOVE B13 155
MOVE B15 162
MOVE B16 155
MOVE B17 155
MOVE B18 162
MOVE B19 130
MOVE B26 130
MOVE B27 130
MOVE B28 90
MOVE B29 117
MOVE B31 117
MOVE B35 117
MOVE B36 117
MOVE B37 117
MOVE B38 117
MOVE B43 117
MOVE B44 117
MOVE B49 117
MOVE B50 117
MOVE B51 117
MOVE B52 117
MOVE B53 117
MOVE B55 117
MOVE B72 71
MOVE B75 154
MOVE B76 154
MOVE B77 154
MOVE B78 185
MOVE B79 185
MOVE B80 185
MOVE B81 185
MOVE B82 185
MOVE B83 185
DAMAGE COMBAT A32 1
DAMAGE COMBAT B66 1
END TURN 198
TURN 199
COMMAND LEFT START
MOVE A85 200
MOVE A84 200
MOVE A9 186
MOVE A95 200
MOVE A96 200
TRAIN 2
COMMAND LEFT END
COMMAND RIGHT START
TRAIN 3
COMMAND RIGHT END
TURN 199 RESULT
TIME LEFT 0 5 RIGHT 0 5
TRAIN A97 A98 B90 B91 B92
MOVE A9 186
MOVE A34 174
MOVE A35 196
MOVE A36 196
MOVE A37 196
MOVE A38 196
MOVE A39 196
MOVE A40 196
MOVE A41 196
MOVE A42 196
MOVE A43 196
MOVE A44 196
MOVE A45 196
MOVE A46 196
MOVE A47 196
MOVE A48 196
MOVE A49 196
MOVE A50 196
MOVE A51 196
MOVE A52 196
MOVE A53 196
MOVE A54 196
MOVE A55 196
MOVE A56 196
MOVE A57 196
MOVE A58 196
MOVE A59 196
MOVE A60 196
MOVE A61 196
MOVE A62 196
MOVE A63 196
MOVE A64 196
MOVE A65 196
MOVE A66 196
MOVE A67 196
MOVE A68 196
MOVE A69 196
MOVE A70 196
MOVE A71 196
MOVE A72 196
MOVE A73 189
MOVE A74 189
MOVE A75 189
MOVE A76 175
MOVE A77 175
MOVE A78 168
MOVE A79 168
MOVE A80 149
MOVE A81 149
MOVE A82 131
MOVE A83 131
MOVE A84 112
MOVE A85 112
MOVE A86 99
MOVE A87 99
MOVE A88 86
MOVE A89 86
MOVE A90 61
MOVE A91 46
MOVE A92 31
MOVE A93 31
MOVE A94 15
MOVE A95 4
MOVE A96 4
MOVE B1 200
MOVE B2 177
MOVE B3 199
MOVE B4 199
MOVE B5 185
MOVE B6 200
MOVE B7 185
MOVE B8 109
MOVE B9 199
MOVE B10 200
MOVE B11 185
MOVE B12 109
MOVE B13 171
MOVE B15 177
MOVE B16 171
MOVE B17 171
MOVE B18 177
MOVE B19 145
MOVE B26 145
MOVE B27 145
MOVE B28 109
MOVE B29 129
MOVE B31 129
MOVE B35 129
MOVE B36 129
MOVE B37 129
MOVE B38 129
MOVE B43 129
MOVE B44 129
MOVE B49 129
MOVE B50 129
MOVE B51 129
MOVE B52 129
MOVE B53 129
MOVE B55 129
MOVE B72 62
MOVE B75 138
MOVE B76 138
MOVE B77 138
MOVE B78 169
MOVE B79 169
MOVE B80 169
MOVE B81 169
MOVE B82 169
MOVE B83 169
DAMAGE COMBAT A32 1
DAMAGE COMBAT B66 1
END TURN 199
TURN 200
COMMAND LEFT START
MOVE A87 200
MOVE A86 200
MOVE A9 187
MOVE A11 94
MOVE A97 200
MOVE A98 200
TRAIN 1
COMMAND LEFT END
COMMAND RIGHT START
TRAIN 2
COMMAND RIGHT END
TURN 200 RESULT
TIME LEFT 0 5 RIGHT 0 5
TRAIN A99 B93 B94
MOVE A9 189
MOVE A11 94
MOVE A34 186
MOVE A35 200
MOVE A36 200
MOVE A37 200
MOVE A38 200
MOVE A39 200
MOVE A40 200
MOVE A41 200
MOVE A42 200
MOVE A43 200
MOVE A44 200
MOVE A45 200
MOVE A46 200
MOVE A47 200
MOVE A48 200
MOVE A49 200
MOVE A50 200
MOVE A51 200
MOVE A52 200
MOVE A53 200
MOVE A54 200
MOVE A55 200
MOVE A56 200
MOVE A57 200
MOVE A58 200
MOVE A59 200
MOVE A60 200
MOVE A61 200
MOVE A62 200
MOVE A63 200
MOVE A64 200
MOVE A65 200
MOVE A66 200
MOVE A67 200
MOVE A68 200
MOVE A69 200
MOVE A70 200
MOVE A71 200
MOVE A72 200
MOVE A73 196
MOVE A74 196
MOVE A75 196
MOVE A76 189
MOVE A77 189
MOVE A78 175
MOVE A79 175
MOVE A80 168
MOVE A81 168
MOVE A82 149
MOVE A83 149
MOVE A84 131
MOVE A85 131
MOVE A86 112
MOVE A87 112
MOVE A88 111
MOVE A89 111
MOVE A90 73
MOVE A91 61
MOVE A92 46
MOVE A93 46
MOVE A94 31
MOVE A95 15
MOVE A96 15
MOVE A97 4
MOVE A98 4
MOVE B2 194
MOVE B3 200
MOVE B4 200
MOVE B5 196
MOVE B7 196
MOVE B8 133
MOVE B9 200
MOVE B11 196
MOVE B12 133
MOVE B13 178
MOVE B15 194
MOVE B16 178
MOVE B17 178
MOVE B18 194
MOVE B19 159
MOVE B26 159
MOVE B27 159
MOVE B28 133
MOVE B29 138
MOVE B31 138
MOVE B35 138
MOVE B36 138
MOVE B37 138
MOVE B38 138
MOVE B43 138
MOVE B44 138
MOVE B49 138
MOVE B50 138
MOVE B51 138
MOVE B52 138
MOVE B53 138
MOVE B55 138
MOVE B72 46
MOVE B75 129
MOVE B76 129
MOVE B77 129
MOVE B78 154
MOVE B79 154
MOVE B80 154
MOVE B81 154
MOVE B82 154
MOVE B83 154
DAMAGE TURRET A35 1
DAMAGE TURRET A38 2
DAMAGE TURRET B72 2
DAMAGE COMBAT A12 1
DAMAGE COMBAT A32 1
DAMAGE COMBAT A35 5
DAMAGE COMBAT A36 6
DAMAGE COMBAT A37 6
DAMAGE COMBAT A39 5
DAMAGE COMBAT A73 3
DAMAGE COMBAT B1 4
DAMAGE COMBAT B3 4
DAMAGE COMBAT B4 4
DAMAGE COMBAT B5 3
DAMAGE COMBAT B6 4
DAMAGE COMBAT B9 6
DAMAGE COMBAT B10 6
DAMAGE COMBAT B22 7
DAMAGE COMBAT B23 3
DAMAGE COMBAT B66 1
DAMAGE COMBAT B72 5
END TURN 200
TURN 201
COMMAND LEFT START
MOVE A99 200
TRAIN 2
COMMAND LEFT END
COMMAND RIGHT START
TRAIN 3
COMMAND RIGHT END
TURN 201 RESULT
TIME LEFT 0 5 RIGHT 0 5
TRAIN A100 A101 B95 B96 B97
MOVE A9 196
MOVE A34 193
MOVE A76 196
MOVE A77 196
MOVE A78 189
MOVE A79 189
MOVE A80 175
MOVE A81 175
MOVE A82 168
MOVE A83 168
MOVE A84 149
MOVE A85 149
MOVE A86 131
MOVE A87 131
MOVE A88 126
MOVE A89 126
MOVE A90 86
MOVE A91 73
MOVE A92 61
MOVE A93 61
MOVE A94 46
MOVE A95 31
MOVE A96 31
MOVE A97 15
MOVE A98 15
MOVE A99 4
MOVE B2 200
MOVE B8 140
MOVE B12 140
MOVE B13 188
MOVE B15 200
MOVE B16 188
MOVE B17 188
MOVE B18 200
MOVE B19 162
MOVE B26 162
MOVE B27 162
MOVE B28 140
MOVE B29 154
MOVE B31 154
MOVE B35 154
MOVE B36 154
MOVE B37 154
MOVE B38 154
MOVE B43 154
MOVE B44 154
MOVE B49 154
MOVE B50 154
MOVE B51 154
MOVE B52 154
MOVE B53 154
MOVE B55 154
MOVE B75 117
MOVE B76 117
MOVE B77 117
MOVE B78 138
MOVE B79 138
MOVE B80 138
MOVE B81 138
MOVE B82 138
MOVE B83 138
DAMAGE TURRET A39 3
DAMAGE COMBAT A9 3
DAMAGE COMBAT A32 1
DAMAGE COMBAT A40 8
DAMAGE COMBAT A41 8
DAMAGE COMBAT A42 5
DAMAGE COMBAT B2 4
DAMAGE COMBAT B5 1
DAMAGE COMBAT B7 5
DAMAGE COMBAT B15 6
DAMAGE COMBAT B18 6
DAMAGE COMBAT B23 4
DAMAGE COMBAT B24 7
DAMAGE COMBAT B25 7
DAMAGE COMBAT B66 1
END TURN 201
TURN 202
COMMAND LEFT START
MOVE A100 200
MOVE A101 200
TRAIN 1
COMMAND LEFT END
COMMAND RIGHT START
TRAIN 2
COMMAND RIGHT END
TURN 202 RESULT
TIME LEFT 0 5 RIGHT 0 5
TRAIN A102 B98 B99
MOVE A34 198
MOVE A78 196
MOVE A79 196
MOVE A80 189
MOVE A81 189
MOVE A82 175
MOVE A83 175
MOVE A84 168
MOVE A85 168
MOVE A86 149
MOVE A87 149
MOVE A88 138
MOVE A89 138
MOVE A90 111
MOVE A91 86
MOVE A92 73
MOVE A93 73
MOVE A94 61
MOVE A95 46
MOVE A96 46
MOVE A97 31
MOVE A98 31
MOVE A99 15
MOVE A100 4
MOVE A101 4
MOVE B8 162
MOVE B12 162
MOVE B13 194
MOVE B16 194
MOVE B17 194
MOVE B19 177
MOVE B26 177
MOVE B27 177
MOVE B28 162
MOVE B29 169
MOVE B31 169
MOVE B35 169
MOVE B36 169
MOVE B37 169
MOVE B38 169
MOVE B43 169
MOVE B44 169
MOVE B49 169
MOVE B50 169
MOVE B51 169
MOVE B52 169
MOVE B53 169
MOVE B55 169
MOVE B75 100
MOVE B76 100
MOVE B77 100
MOVE B78 129
MOVE B79 129
MOVE B80 129
MOVE B81 129
MOVE B82 129
MOVE B83 129
DAMAGE TURRET A42 3
DAMAGE COMBAT A9 1
DAMAGE COMBAT A32 1
DAMAGE COMBAT A43 8
DAMAGE COMBAT A44 8
DAMAGE COMBAT A45 1
DAMAGE COMBAT B11 6
DAMAGE COMBAT B66 1
DAMAGE COMBAT B73 7
DAMAGE COMBAT B84 8
DAMAGE COMBAT B85 8
DAMAGE COMBAT B86 8
END TURN 202
TURN 203
COMMAND LEFT START
MOVE A102 200
TRAIN 2
COMMAND LEFT END
COMMAND RIGHT START
COMMAND RIGHT END
TURN 203 RESULT
TIME LEFT 0 5 RIGHT 0 5
TRAIN A103 A104
MOVE A9 194
MOVE A34 200
MOVE A73 200
MOVE A74 200
MOVE A75 200
MOVE A76 200
MOVE A77 200
MOVE A78 200
MOVE A79 200
MOVE A80 196
MOVE A81 196
MOVE A82 189
MOVE A83 189
MOVE A84 175
MOVE A85 175
MOVE A86 168
MOVE A87 168
MOVE A88 154
MOVE A89 154
MOVE A90 126
MOVE A91 111
MOVE A92 86
MOVE A93 86
MOVE A94 73
MOVE A95 61
MOVE A96 61
MOVE A97 46
MOVE A98 46
MOVE A99 31
MOVE A100 15
MOVE A101 15
MOVE A102 4
MOVE B8 177
MOVE B12 177
MOVE B13 200
MOVE B16 200
MOVE B17 200
MOVE B19 194
MOVE B26 194
MOVE B27 194
MOVE B28 177
MOVE B29 185
MOVE B31 185
MOVE B35 185
MOVE B36 185
MOVE B37 185
MOVE B38 185
MOVE B43 185
MOVE B44 185
MOVE B49 185
MOVE B50 185
MOVE B51 185
MOVE B52 185
MOVE B53 185
MOVE B55 185
MOVE B66 8
MOVE B78 117
MOVE B79 117
MOVE B80 117
MOVE B81 117
MOVE B82 117
MOVE B83 117
DAMAGE TURRET A73 3
DAMAGE TURRET A88 2
DAMAGE TURRET B66 1
DAMAGE COMBAT A7 1
DAMAGE COMBAT A9 1
DAMAGE COMBAT A34 6
DAMAGE COMBAT A45 7
DAMAGE COMBAT A46 1
DAMAGE COMBAT A73 2
DAMAGE COMBAT B13 6
DAMAGE COMBAT B16 6
DAMAGE COMBAT B17 6
DAMAGE COMBAT B19 1
DAMAGE COMBAT B87 8
DAMAGE COMBAT B88 8
DAMAGE COMBAT B89 2
SIEGE B 154 2
END TURN 203
TURN 204
COMMAND LEFT START
MOVE A104 193
MOVE A103 200
TRAIN 2
COMMAND LEFT END
COMMAND RIGHT START
COMMAND RIGHT END
TURN 204 RESULT
TIME LEFT 0 5 RIGHT 0 5
TRAIN A105 A106
MOVE A80 200
MOVE A81 200
MOVE A82 196
MOVE A83 196
MOVE A84 189
MOVE A85 189
MOVE A86 175
MOVE A87 175
MOVE A88 169
MOVE A89 169
MOVE A90 138
MOVE A91 126
MOVE A92 111
MOVE A93 111
MOVE A94 86
MOVE A95 73
MOVE A96 73
MOVE A97 61
MOVE A98 61
MOVE A99 46
MOVE A100 31
MOVE A101 31
MOVE A102 15
MOVE A103 4
MOVE A104 4
MOVE B8 194
MOVE B12 194
MOVE B19 200
MOVE B26 200
MOVE B27 200
MOVE B28 194
MOVE B29 196
MOVE B31 196
MOVE B35 196
MOVE B36 196
MOVE B37 196
MOVE B38 196
MOVE B43 196
MOVE B44 196
MOVE B49 196
MOVE B50 196
MOVE B51 196
MOVE B52 196
MOVE B53 196
MOVE B55 196
MOVE B78 100
MOVE B79 100
MOVE B80 100
MOVE B81 100
MOVE B82 100
MOVE B83 100
DAMAGE TURRET A46 3
DAMAGE COMBAT A46 4
DAMAGE COMBAT A47 8
DAMAGE COMBAT A48 2
DAMAGE COMBAT A82 8
DAMAGE COMBAT A83 6
DAMAGE COMBAT B19 5
DAMAGE COMBAT B26 7
DAMAGE COMBAT B27 7
DAMAGE COMBAT B29 2
DAMAGE COMBAT B89 6
DAMAGE COMBAT B90 8
DAMAGE COMBAT B91 2
END TURN 204
TURN 205
COMMAND LEFT START
MOVE A105 200
MOVE A106 200
TRAIN 2
COMMAND LEFT END
COMMAND RIGHT START
TRAIN 1
COMMAND RIGHT END
TURN 205 RESULT
TIME LEFT 0 5 RIGHT 0 5
TRAIN A107 A108 B100
MOVE A84 196
MOVE A85 196
MOVE A86 189
MOVE A87 189
MOVE A88 185
MOVE A89 185
MOVE A90 154
MOVE A91 138
MOVE A92 126
MOVE A93 126
MOVE A94 111
MOVE A95 86
MOVE A96 86
MOVE A97 73
MOVE A98 73
MOVE A99 61
MOVE A100 46
MOVE A101 46
MOVE A102 31
MOVE A103 15
MOVE A104 15
MOVE A105 4
MOVE A106 4
MOVE B8 200
MOVE B12 200
MOVE B28 200
DAMAGE TURRET A48 3
DAMAGE TURRET A90 2
DAMAGE COMBAT A48 3
DAMAGE COMBAT A49 8
DAMAGE COMBAT A50 2
DAMAGE COMBAT A83 2
DAMAGE COMBAT A84 8
DAMAGE COMBAT A85 4
DAMAGE COMBAT B8 6
DAMAGE COMBAT B12 6
DAMAGE COMBAT B28 7
DAMAGE COMBAT B29 3
DAMAGE COMBAT B91 6
DAMAGE COMBAT B92 8
SIEGE B 154 1
END TURN 205
TURN 206
COMMAND LEFT START
MOVE A107 200
MOVE A108 200
TRAIN 2
COMMAND LEFT END
COMMAND RIGHT START
TRAIN 1
COMMAND RIGHT END
TURN 206 RESULT
TIME LEFT 0 5 RIGHT 0 5
TRAIN A109 A110 B101
MOVE A86 196
MOVE A87 196
MOVE A88 196
MOVE A89 196
MOVE A90 169
MOVE A91 154
MOVE A92 138
MOVE A93 138
MOVE A94 126
MOVE A95 111
MOVE A96 111
MOVE A97 86
MOVE A98 86
MOVE A99 73
MOVE A100 61
MOVE A101 61
MOVE A102 46
MOVE A103 31
MOVE A104 31
MOVE A105 15
MOVE A106 15
MOVE A107 4
MOVE A108 4
DAMAGE TURRET A50 3
DAMAGE TURRET A91 2
DAMAGE COMBAT A50 3
DAMAGE COMBAT A51 6
DAMAGE COMBAT A85 4
DAMAGE COMBAT A86 4
DAMAGE COMBAT A88 6
DAMAGE COMBAT B29 2
DAMAGE COMBAT B31 3
DAMAGE COMBAT B93 8
DAMAGE COMBAT B94 8
DAMAGE COMBAT B95 8
DAMAGE COMBAT B96 7
SIEGE B 154 1
END TURN 206
TURN 207
COMMAND LEFT START
MOVE A109 200
MOVE A110 200
TRAIN 2
COMMAND LEFT END
COMMAND RIGHT START
COMMAND RIGHT END
TURN 207 RESULT
TIME LEFT 0 5 RIGHT 0 5
TRAIN A111 A112
MOVE A90 185
MOVE A91 169
MOVE A92 154
MOVE A93 154
MOVE A94 138
MOVE A95 126
MOVE A96 126
MOVE A97 111
MOVE A98 111
MOVE A99 86
MOVE A100 73
MOVE A101 73
MOVE A102 61
MOVE A103 46
MOVE A104 46
MOVE A105 31
MOVE A106 31
MOVE A107 15
MOVE A108 15
MOVE A109 4
MOVE A110 4
DAMAGE TURRET A51 2
DAMAGE TURRET A52 1
DAMAGE TURRET A92 2
DAMAGE COMBAT A52 6
DAMAGE COMBAT A86 4
DAMAGE COMBAT A87 8
DAMAGE COMBAT A89 1
DAMAGE COMBAT B31 3
DAMAGE COMBAT B96 1
DAMAGE COMBAT B97 8
DAMAGE COMBAT B98 8
DAMAGE COMBAT B99 8
DAMAGE COMBAT B100 5
SIEGE B 154 2
END TURN 207
TURN 208
COMMAND LEFT START
MOVE A25 76
MOVE A111 200
MOVE A112 200
TRAIN 1
COMMAND LEFT END
COMMAND RIGHT START
COMMAND RIGHT END
TURN 208 RESULT
TIME LEFT 0 5 RIGHT 0 5
TRAIN A113
MOVE A25 93
MOVE A90 196
MOVE A91 185
MOVE A92 169
MOVE A93 169
MOVE A94 154
MOVE A95 138
MOVE A96 138
MOVE A97 126
MOVE A98 126
MOVE A99 111
MOVE A100 86
MOVE A101 86
MOVE A102 73
MOVE A103 61
MOVE A104 61
MOVE A105 46
MOVE A106 46
MOVE A107 31
MOVE A108 31
MOVE A109 15
MOVE A110 15
MOVE A111 4
MOVE A112 4
DAMAGE TURRET A52 1
DAMAGE TURRET A53 2
DAMAGE TURRET A94 2
DAMAGE COMBAT A53 2
DAMAGE COMBAT A89 7
DAMAGE COMBAT A90 6
DAMAGE COMBAT B31 1
DAMAGE COMBAT B35 1
DAMAGE COMBAT B100 3
DAMAGE COMBAT B101 8
SIEGE B 154 1
SIEGE B 200 18
END TURN 208
TURN 209
COMMAND LEFT START
MOVE A113 200
TRAIN 2
COMMAND LEFT END
COMMAND RIGHT START
TRAIN 1
COMMAND RIGHT END
TURN 209 RESULT
TIME LEFT 0 5 RIGHT 0 5
TRAIN A114 A115 B102
MOVE A25 91
MOVE A91 196
MOVE A92 185
MOVE A93 185
MOVE A94 169
MOVE A95 154
MOVE A96 154
MOVE A97 138
MOVE A98 138
MOVE A99 126
MOVE A100 111
MOVE A101 111
MOVE A102 86
MOVE A103 73
MOVE A104 73
MOVE A105 61
MOVE A106 61
MOVE A107 46
MOVE A108 46
MOVE A109 31
MOVE A110 31
MOVE A111 15
MOVE A112 15
MOVE A113 4
MOVE B35 200
MOVE B36 200
MOVE B37 200
MOVE B38 200
MOVE B43 200
MOVE B44 200
MOVE B49 200
MOVE B50 200
MOVE B51 200
MOVE B52 200
MOVE B53 200
MOVE B55 200
DAMAGE TURRET A53 3
DAMAGE TURRET A95 2
DAMAGE COMBAT A53 1
DAMAGE COMBAT A54 8
DAMAGE COMBAT A55 4
DAMAGE COMBAT B35 6
DAMAGE COMBAT B36 7
DAMAGE COMBAT B37 7
DAMAGE COMBAT B38 7
DAMAGE COMBAT B43 1
SIEGE B 154 2
END TURN 209
TURN 210
COMMAND LEFT START
MOVE A114 200
MOVE A115 200
TRAIN 2
COMMAND LEFT END
COMMAND RIGHT START
COMMAND RIGHT END
TURN 210 RESULT
TIME LEFT 0 5 RIGHT 0 5
TRAIN A116 A117
MOVE A25 87
MOVE A91 200
MOVE A92 196
MOVE A93 196
MOVE A94 185
MOVE A95 169
MOVE A96 169
MOVE A97 154
MOVE A98 154
MOVE A99 138
MOVE A100 126
MOVE A101 126
MOVE A102 111
MOVE A103 86
MOVE A104 86
MOVE A105 73
MOVE A106 73
MOVE A107 61
MOVE A108 61
MOVE A109 46
MOVE A110 46
MOVE A111 31
MOVE A112 31
MOVE A113 15
MOVE A114 4
MOVE A115 4
DAMAGE TURRET A55 3
DAMAGE TURRET A97 2
DAMAGE COMBAT A55 1
DAMAGE COMBAT A56 2
DAMAGE COMBAT A91 6
DAMAGE COMBAT B43 6
DAMAGE COMBAT B44 7
DAMAGE COMBAT B49 7
DAMAGE COMBAT B50 7
SIEGE B 154 2
END TURN 210
TURN 211
COMMAND LEFT START
MOVE A116 200
MOVE A117 200
TRAIN 2
COMMAND LEFT END
COMMAND RIGHT START
TRAIN 1
COMMAND RIGHT END
TURN 211 RESULT
TIME LEFT 0 5 RIGHT 0 5
TRAIN A118 A119 B103
MOVE A25 81
MOVE A92 200
MOVE A93 200
MOVE A94 196
MOVE A95 185
MOVE A96 185
MOVE A97 169
MOVE A98 169
MOVE A99 154
MOVE A100 138
MOVE A101 138
MOVE A102 126
MOVE A103 111
MOVE A104 111
MOVE A105 86
MOVE A106 86
MOVE A107 73
MOVE A108 73
MOVE A109 61
MOVE A110 61
MOVE A111 46
MOVE A112 46
MOVE A113 31
MOVE A114 15
MOVE A115 15
MOVE A116 4
MOVE A117 4
DAMAGE TURRET A56 3
DAMAGE TURRET A99 2
DAMAGE COMBAT A56 3
DAMAGE COMBAT A92 3
DAMAGE COMBAT B51 7
DAMAGE COMBAT B52 7
DAMAGE COMBAT B53 7
DAMAGE COMBAT B55 6
SIEGE B 154 1
END TURN 211
TURN 212
COMMAND LEFT START
MOVE A118 200
MOVE A119 200
TRAIN 2
COMMAND LEFT END
COMMAND RIGHT START
TRAIN 1
COMMAND RIGHT END
TURN 212 RESULT
TIME LEFT 0 5 RIGHT 0 5
TRAIN A120 A121 B104
MOVE A25 85
MOVE A94 200
MOVE A95 196
MOVE A96 196
MOVE A97 185
MOVE A98 185
MOVE A99 169
MOVE A100 154
MOVE A101 154
MOVE A102 138
MOVE A103 126
MOVE A104 131
MOVE A105 111
MOVE A106 111
MOVE A107 86
MOVE A108 86
MOVE A109 73
MOVE A110 73
MOVE A111 61
MOVE A112 61
MOVE A113 46
MOVE A114 31
MOVE A115 31
MOVE A116 15
MOVE A117 15
MOVE A118 4
MOVE A119 4
DAMAGE TURRET A92 3
DAMAGE TURRET A100 2
DAMAGE COMBAT A94 4
DAMAGE COMBAT B55 1
DAMAGE COMBAT B102 8
DAMAGE COMBAT B103 8
DAMAGE COMBAT B104 8
SIEGE B 154 2
SIEGE B 200 2
END TURN 212
TURN 213
COMMAND LEFT START
MOVE A120 200
MOVE A121 200
TRAIN 2
COMMAND LEFT END
COMMAND RIGHT START
COMMAND RIGHT END
TURN 213 RESULT
TIME LEFT 0 5 RIGHT 0 5
TRAIN A122 A123
MOVE A25 73
MOVE A95 200
MOVE A96 200
MOVE A97 196
MOVE A98 196
MOVE A99 185
MOVE A100 169
MOVE A101 169
MOVE A102 154
MOVE A103 138
MOVE A104 149
MOVE A105 126
MOVE A106 126
MOVE A107 111
MOVE A108 111
MOVE A109 86
MOVE A110 86
MOVE A111 73
MOVE A112 73
MOVE A113 61
MOVE A114 46
MOVE A115 46
MOVE A116 31
MOVE A117 31
MOVE A118 15
MOVE A119 15
MOVE A120 4
MOVE A121 4
DAMAGE TURRET A94 2
DAMAGE TURRET A95 1
DAMAGE TURRET A102 2
SIEGE B 154 1
SIEGE B 200 10
END TURN 213
RESULT LEFT_WIN HQ_DESTROYED
