[LEFT ""]
[RIGHT ""]
MAP
211 17
-10997 -10614 -10163 -8853 -9882 -8807 -9744 -8184 -8297 -8793 -7741 -7545 -7555 -8368 -7442 -7899 -8323 -7364 -6982 -6524 -6526 -7203 -6295 -6333 -6316 -6154 -6124 -7042 -6014 -5720 -5395 -5485 -5400 -5529 -5230 -5297 -5902 -5079 -5505 -4944 -4771 -4664 -4744 -4391 -4425 -4872 -4259 -4108 -4208 -3904 -4018 -3958 -4453 -3794 -3593 -3514 -3545 -3491 -3304 -3195 -3036 -3229 -2821 -3031 -2974 -2844 -2777 -2939 -2794 -2634 -2552 -2579 -2373 -2877 -2300 -2280 -2048 -1900 -1755 -1720 -1758 -1785 -1950 -1599 -1507 -1361 -1589 -1461 -1425 -1396 -1196 -1384 -1166 -844 -709 -757 -649 -595 -571 -412 -296 -418 -177 -83 -30 0 30 83 177 418 296 412 571 595 649 757 709 844 1166 1384 1196 1396 1425 1461 1589 1361 1507 1599 1950 1785 1758 1720 1755 1900 2048 2280 2300 2877 2373 2579 2552 2634 2794 2939 2777 2844 2974 3031 2821 3229 3036 3195 3304 3491 3545 3514 3593 3794 4453 3958 4018 3904 4208 4108 4259 4872 4425 4391 4744 4664 4771 4944 5505 5079 5902 5297 5230 5529 5400 5485 5395 5720 6014 7042 6124 6154 6316 6333 6295 7203 6526 6524 6982 7364 8323 7899 7442 8368 7555 7545 7741 8793 8297 8184 9744 8807 9882 8853 10163 10614 10997
1713 -2195 -140 -833 4422 2234 -4138 763 -2331 -5251 3134 1965 -1439 7459 4102 5409 -6520 -3110 108 -2190 -3749 -7151 6504 5109 2038 3853 -5018 -8694 -818 -6146 2989 -4142 -1615 349 -7201 4743 8134 5946 -9100 -2548 -5847 -4150 1832 345 4043 9839 -924 -7678 5236 -6357 7105 -3129 -10184 3097 -4349 -1635 1521 5911 -5428 4907 -3105 -22 2463 8371 -7934 3942 -6709 -10393 7447 -2069 6463 809 -4951 9870 -3809 -576 5286 -7957 1479 -2861 3805 7482 10985 -7048 -10968 361 2511 8518 -1680 -8705 -4526 -5873 6622 5029 -910 7871 -6888 -3384 3621 10739 2045 -9701 -8325 7210 -5660 0 5660 -7210 8325 9701 -2045 -10739 -3621 3384 6888 -7871 910 -5029 -6622 5873 4526 8705 1680 -8518 -2511 -361 10968 7048 -10985 -7482 -3805 2861 -1479 7957 -5286 576 3809 -9870 4951 -809 -6463 2069 -7447 10393 6709 -3942 7934 -8371 -2463 22 3105 -4907 5428 -5911 -1521 1635 4349 -3097 10184 3129 -7105 6357 -5236 7678 924 -9839 -4043 -345 -1832 4150 5847 2548 9100 -5946 -8134 -4743 7201 -349 1615 4142 -2989 6146 818 8694 5018 -3853 -2038 -5109 -6504 7151 3749 2190 -108 3110 6520 -5409 -4102 -7459 1439 -1965 -3134 5251 2331 -763 4138 -2234 -4422 833 140 2195 -1713
STRONGHOLDS 9 37 40 74 82 88 93 96 105 114 117 122 128 136 170 173 201
3 2 4 5
4 2 3 6 8
5 0 1 3 5 7
6 1 2 7 8 12 18
6 0 5 10 13 14 15
6 0 2 4 7 10 11
4 1 8 9 17
5 2 3 5 11 18
5 1 3 6 12 17
5 6 16 17 20 26
6 4 5 11 14 24 25
5 5 7 10 18 24
6 3 8 17 18 19 28
4 4 15 22 36
5 4 10 15 23 25
5 4 13 14 22 23
4 9 21 26 27
6 6 8 9 12 19 20
7 3 7 11 12 24 28 33
6 12 17 20 28 32 39
6 9 17 19 26 31 39
5 16 26 27 29 34
5 13 15 23 36 37
6 14 15 22 25 35 37
7 10 11 18 25 30 33 42
7 10 14 23 24 30 35 44
7 9 16 20 21 29 31 40
4 16 21 34 38
6 12 18 19 32 33 46
4 21 26 34 40
5 24 25 42 44 53
5 20 26 39 40 41
4 19 28 39 46
6 18 24 28 42 43 46
7 21 27 29 38 40 47 49
5 23 25 37 44 48
5 13 22 37 45 50
7 22 23 35 36 48 50 57
4 27 34 47 52
8 19 20 31 32 41 46 51 55
8 26 29 31 34 41 49 54 58
5 31 39 40 51 54
6 24 30 33 43 53 56
5 33 42 46 56 61
7 25 30 35 48 53 59 65
5 36 50 63 73 82
7 28 32 33 39 43 55 61
6 34 38 49 52 64 66
5 35 37 44 57 59
5 34 40 47 58 66
7 36 37 45 57 63 68 70
5 39 41 54 55 60
4 38 47 64 67
6 30 42 44 56 62 65
7 40 41 51 58 60 72 74
7 39 46 51 60 61 69 75
6 42 43 53 61 62 71
6 37 48 50 59 70 76
5 40 49 54 66 72
5 44 48 57 65 76
6 51 54 55 69 74 79
6 43 46 55 56 71 75
7 53 56 65 71 78 80 86
6 45 50 68 73 81 87
6 47 52 66 67 77 89
6 44 53 59 62 76 80
8 47 49 58 64 72 77 83 91
4 52 64 84 89
4 50 63 70 81
5 55 60 75 79 88
6 50 57 68 76 81 92
6 56 61 62 75 78 85
6 54 58 66 74 90 91
4 45 63 82 87
5 54 60 72 79 90
7 55 61 69 71 85 88 94
7 57 59 65 70 80 92 93
6 64 66 83 89 96 102
5 62 71 85 86 100
6 60 69 74 88 90 97
6 62 65 76 86 93 98
6 63 68 70 87 92 95
4 45 73 87 99
4 66 77 91 96
4 67 89 101 111
6 71 75 78 94 100 105
5 62 78 80 98 100
8 63 73 81 82 95 99 108 109
6 69 75 79 94 97 110
6 64 67 77 84 101 102
8 72 74 79 91 97 104 112 117
6 66 72 83 90 96 104
7 70 76 81 93 95 103 106
6 76 80 92 98 106 120
5 75 85 88 105 110
5 81 87 92 103 108
6 77 83 91 102 104 107
5 79 88 90 110 112
6 80 86 93 100 113 120
4 82 87 109 126
8 78 85 86 98 105 113 116 122
5 84 89 102 111 123
7 77 89 96 101 107 115 123
5 92 95 106 108 114
6 90 91 96 107 117 118
6 85 94 100 110 116 125
6 92 93 103 114 119 120
5 96 102 104 115 118
7 87 95 103 109 114 121 133
5 87 99 108 121 126
8 88 94 97 105 112 124 125 132
4 84 101 123 128
6 90 97 110 117 124 130
5 98 100 120 122 131
6 103 106 108 119 127 133
5 102 107 118 123 129
5 100 105 122 125 135
6 90 104 112 118 130 134
7 104 107 115 117 129 134 140
6 106 114 120 127 138 144
8 93 98 106 113 119 131 136 138
6 108 109 126 133 143 146
6 100 113 116 131 135 141
8 101 102 111 115 128 129 137 147
5 110 112 130 132 148
6 105 110 116 132 135 139
4 99 109 121 143
4 114 119 133 144
4 111 123 137 165
6 115 118 123 140 142 147
6 112 117 124 134 145 148
6 113 120 122 136 141 150
5 110 124 125 139 148
6 108 114 121 127 144 146
7 117 118 130 140 145 151 153
7 116 122 125 139 141 149 155
5 120 131 138 150 156
4 123 128 147 165
6 119 120 136 144 152 156
6 125 132 135 148 149 154
6 118 129 134 142 153 160
5 122 131 135 150 155
4 129 140 147 160
4 121 126 146 158
8 119 127 133 138 146 152 161 163
6 130 134 148 151 157 166
6 121 133 143 144 158 163
6 123 129 137 142 160 165
7 124 130 132 139 145 154 157
6 135 139 154 155 164 167
6 131 136 141 155 156 159
5 134 145 153 162 166
5 138 144 156 161 170
6 134 140 151 160 162 173
6 139 148 149 157 167 168
7 135 141 149 150 159 164 171
7 136 138 150 152 159 169 170
6 145 148 154 166 168 180
4 143 146 163 172
5 150 155 156 169 171
7 140 142 147 153 165 173 174
5 144 152 163 170 176
5 151 153 166 173 175
6 144 146 158 161 172 176
7 149 155 167 171 177 178 182
5 128 137 147 160 174
7 145 151 157 162 175 180 185
5 149 154 164 168 177
6 154 157 167 177 180 186
5 156 159 170 171 179
8 152 156 161 169 176 179 181 184
8 155 159 164 169 178 179 190 191
4 158 163 176 183
7 153 160 162 174 175 187 188
5 160 165 173 188 197
5 162 166 173 185 187
7 161 163 170 172 181 183 189
6 164 167 168 182 186 192
4 164 171 182 191
5 169 170 171 184 190
5 157 166 168 185 186
4 170 176 184 189
6 164 177 178 191 192 198
4 172 176 189 194
7 170 179 181 189 190 194 201
7 166 175 180 186 187 196 200
7 168 177 180 185 192 199 200
6 173 175 185 188 195 196
5 173 174 187 195 197
5 176 181 183 184 194
6 171 179 184 191 193 201
6 171 178 182 190 193 198
7 177 182 186 198 199 203 207
6 190 191 198 201 202 204
4 183 184 189 201
5 187 188 196 197 206
5 185 187 195 200 206
4 174 188 195 206
6 182 191 192 193 202 207
5 186 192 200 203 205
6 185 186 196 199 205 206
5 184 190 193 194 204
5 193 198 204 207 209
5 192 199 205 207 208
4 193 201 202 209
6 199 200 203 206 208 210
6 195 196 197 200 205 210
6 192 198 202 203 208 209
5 203 205 207 209 210
4 202 204 207 208
3 205 206 208
END MAP
TURN 1
COMMAND LEFT START
MOVE A1 37
MOVE A2 105
COMMAND LEFT END
COMMAND RIGHT START
UPGRADE 210
COMMAND RIGHT END
TURN 1 RESULT
TIME LEFT 6 5 RIGHT 18 5
UPGRADE B 210
MOVE A1 5
MOVE A2 5
END TURN 1
TURN 2
COMMAND LEFT START
COMMAND LEFT END
COMMAND RIGHT START
COMMAND RIGHT END
TURN 2 RESULT
TIME LEFT 0 5 RIGHT 16 5
MOVE A1 10
MOVE A2 11
END TURN 2
TURN 3
COMMAND LEFT START
COMMAND LEFT END
COMMAND RIGHT START
COMMAND RIGHT END
TURN 3 RESULT
TIME LEFT 0 5 RIGHT 16 5
MOVE A1 14
MOVE A2 24
END TURN 3
TURN 4
COMMAND LEFT START
COMMAND LEFT END
COMMAND RIGHT START
COMMAND RIGHT END
TURN 4 RESULT
TIME LEFT 0 5 RIGHT 16 5
MOVE A1 23
MOVE A2 42
END TURN 4
TURN 5
COMMAND LEFT START
COMMAND LEFT END
COMMAND RIGHT START
COMMAND RIGHT END
TURN 5 RESULT
TIME LEFT 0 5 RIGHT 16 5
MOVE A1 37
MOVE A2 56
END TURN 5
TURN 6
COMMAND LEFT START
UPGRADE 37
COMMAND LEFT END
COMMAND RIGHT START
TRAIN 1
COMMAND RIGHT END
TURN 6 RESULT
TIME LEFT 0 5 RIGHT 16 5
UPGRADE A 37
TRAIN B4
MOVE A2 71
END TURN 6
TURN 7
COMMAND LEFT START
COMMAND LEFT END
COMMAND RIGHT START
COMMAND RIGHT END
TURN 7 RESULT
TIME LEFT 0 5 RIGHT 16 5
MOVE A2 85
END TURN 7
TURN 8
COMMAND LEFT START
COMMAND LEFT END
COMMAND RIGHT START
COMMAND RIGHT END
TURN 8 RESULT
TIME LEFT 0 5 RIGHT 16 5
MOVE A2 105
END TURN 8
TURN 9
COMMAND LEFT START
COMMAND LEFT END
COMMAND RIGHT START
COMMAND RIGHT END
TURN 9 RESULT
TIME LEFT 0 5 RIGHT 16 5
END TURN 9
TURN 10
COMMAND LEFT START
COMMAND LEFT END
COMMAND RIGHT START
COMMAND RIGHT END
TURN 10 RESULT
TIME LEFT 0 5 RIGHT 16 5
END TURN 10
TURN 11
COMMAND LEFT START
COMMAND LEFT END
COMMAND RIGHT START
COMMAND RIGHT END
TURN 11 RESULT
TIME LEFT 0 5 RIGHT 16 5
END TURN 11
TURN 12
COMMAND LEFT START
COMMAND LEFT END
COMMAND RIGHT START
COMMAND RIGHT END
TURN 12 RESULT
TIME LEFT 0 5 RIGHT 16 5
END TURN 12
TURN 13
COMMAND LEFT START
COMMAND LEFT END
COMMAND RIGHT START
COMMAND RIGHT END
TURN 13 RESULT
TIME LEFT 0 5 RIGHT 16 5
END TURN 13
TURN 14
COMMAND LEFT START
COMMAND LEFT END
COMMAND RIGHT START
COMMAND RIGHT END
TURN 14 RESULT
TIME LEFT 0 5 RIGHT 16 5
END TURN 14
TURN 15
COMMAND LEFT START
COMMAND LEFT END
COMMAND RIGHT START
COMMAND RIGHT END
TURN 15 RESULT
TIME LEFT 0 5 RIGHT 16 5
END TURN 15
TURN 16
COMMAND LEFT START
UPGRADE 105
COMMAND LEFT END
COMMAND RIGHT START
COMMAND RIGHT END
TURN 16 RESULT
TIME LEFT 0 5 RIGHT 16 5
UPGRADE A 105
END TURN 16
TURN 17
COMMAND LEFT START
COMMAND LEFT END
COMMAND RIGHT START
COMMAND RIGHT END
TURN 17 RESULT
TIME LEFT 0 5 RIGHT 16 5
END TURN 17
TURN 18
COMMAND LEFT START
COMMAND LEFT END
COMMAND RIGHT START
TRAIN 1
COMMAND RIGHT END
TURN 18 RESULT
TIME LEFT 0 5 RIGHT 16 5
TRAIN B5
END TURN 18
TURN 19
COMMAND LEFT START
TRAIN 1
COMMAND LEFT END
COMMAND RIGHT START
COMMAND RIGHT END
TURN 19 RESULT
TIME LEFT 0 5 RIGHT 16 5
TRAIN A4
END TURN 19
TURN 20
COMMAND LEFT START
COMMAND LEFT END
COMMAND RIGHT START
COMMAND RIGHT END
TURN 20 RESULT
TIME LEFT 0 5 RIGHT 16 5
END TURN 20
TURN 21
COMMAND LEFT START
COMMAND LEFT END
COMMAND RIGHT START
COMMAND RIGHT END
TURN 21 RESULT
TIME LEFT 0 5 RIGHT 16 5
END TURN 21
TURN 22
COMMAND LEFT START
COMMAND LEFT END
COMMAND RIGHT START
COMMAND RIGHT END
TURN 22 RESULT
TIME LEFT 0 5 RIGHT 16 5
END TURN 22
TURN 23
COMMAND LEFT START
COMMAND LEFT END
COMMAND RIGHT START
COMMAND RIGHT END
TURN 23 RESULT
TIME LEFT 0 5 RIGHT 16 5
END TURN 23
TURN 24
COMMAND LEFT START
COMMAND LEFT END
COMMAND RIGHT START
COMMAND RIGHT END
TURN 24 RESULT
TIME LEFT 0 5 RIGHT 16 5
END TURN 24
TURN 25
COMMAND LEFT START
COMMAND LEFT END
COMMAND RIGHT START
COMMAND RIGHT END
TURN 25 RESULT
TIME LEFT 0 5 RIGHT 16 5
END TURN 25
TURN 26
COMMAND LEFT START
COMMAND LEFT END
COMMAND RIGHT START
COMMAND RIGHT END
TURN 26 RESULT
TIME LEFT 0 5 RIGHT 16 5
END TURN 26
TURN 27
COMMAND LEFT START
COMMAND LEFT END
COMMAND RIGHT START
COMMAND RIGHT END
TURN 27 RESULT
TIME LEFT 0 5 RIGHT 16 5
END TURN 27
TURN 28
COMMAND LEFT START
COMMAND LEFT END
COMMAND RIGHT START
COMMAND RIGHT END
TURN 28 RESULT
TIME LEFT 0 5 RIGHT 16 5
END TURN 28
TURN 29
COMMAND LEFT START
MOVE A3 9
COMMAND LEFT END
COMMAND RIGHT START
COMMAND RIGHT END
TURN 29 RESULT
TIME LEFT 0 5 RIGHT 16 5
MOVE A3 2
END TURN 29
TURN 30
COMMAND LEFT START
COMMAND LEFT END
COMMAND RIGHT START
COMMAND RIGHT END
TURN 30 RESULT
TIME LEFT 0 5 RIGHT 16 5
MOVE A3 1
END TURN 30
TURN 31
COMMAND LEFT START
COMMAND LEFT END
COMMAND RIGHT START
COMMAND RIGHT END
TURN 31 RESULT
TIME LEFT 0 5 RIGHT 16 5
MOVE A3 6
END TURN 31
TURN 32
COMMAND LEFT START
COMMAND LEFT END
COMMAND RIGHT START
COMMAND RIGHT END
TURN 32 RESULT
TIME LEFT 0 5 RIGHT 16 5
MOVE A3 9
END TURN 32
TURN 33
COMMAND LEFT START
UPGRADE 9
COMMAND LEFT END
COMMAND RIGHT START
COMMAND RIGHT END
TURN 33 RESULT
TIME LEFT 0 5 RIGHT 18 5
UPGRADE A 9
END TURN 33
TURN 34
COMMAND LEFT START
COMMAND LEFT END
COMMAND RIGHT START
COMMAND RIGHT END
TURN 34 RESULT
TIME LEFT 0 5 RIGHT 16 5
END TURN 34
TURN 35
COMMAND LEFT START
TRAIN 1
COMMAND LEFT END
COMMAND RIGHT START
COMMAND RIGHT END
TURN 35 RESULT
TIME LEFT 0 5 RIGHT 16 5
TRAIN A5
END TURN 35
TURN 36
COMMAND LEFT START
COMMAND LEFT END
COMMAND RIGHT START
COMMAND RIGHT END
TURN 36 RESULT
TIME LEFT 0 5 RIGHT 16 5
END TURN 36
TURN 37
COMMAND LEFT START
COMMAND LEFT END
COMMAND RIGHT START
COMMAND RIGHT END
TURN 37 RESULT
TIME LEFT 0 5 RIGHT 16 5
END TURN 37
TURN 38
COMMAND LEFT START
COMMAND LEFT END
COMMAND RIGHT START
COMMAND RIGHT END
TURN 38 RESULT
TIME LEFT 0 5 RIGHT 16 5
END TURN 38
TURN 39
COMMAND LEFT START
MOVE A5 40
COMMAND LEFT END
COMMAND RIGHT START
TRAIN 1
COMMAND RIGHT END
TURN 39 RESULT
TIME LEFT 0 5 RIGHT 16 5
TRAIN B6
MOVE A5 2
END TURN 39
TURN 40
COMMAND LEFT START
COMMAND LEFT END
COMMAND RIGHT START
COMMAND RIGHT END
TURN 40 RESULT
TIME LEFT 0 5 RIGHT 16 5
MOVE A5 3
END TURN 40
TURN 41
COMMAND LEFT START
COMMAND LEFT END
COMMAND RIGHT START
COMMAND RIGHT END
TURN 41 RESULT
TIME LEFT 0 5 RIGHT 16 5
MOVE A5 8
END TURN 41
TURN 42
COMMAND LEFT START
COMMAND LEFT END
COMMAND RIGHT START
COMMAND RIGHT END
TURN 42 RESULT
TIME LEFT 0 5 RIGHT 16 5
MOVE A5 17
END TURN 42
TURN 43
COMMAND LEFT START
COMMAND LEFT END
COMMAND RIGHT START
COMMAND RIGHT END
TURN 43 RESULT
TIME LEFT 0 5 RIGHT 16 5
MOVE A5 20
END TURN 43
TURN 44
COMMAND LEFT START
COMMAND LEFT END
COMMAND RIGHT START
COMMAND RIGHT END
TURN 44 RESULT
TIME LEFT 0 5 RIGHT 16 5
MOVE A5 26
END TURN 44
TURN 45
COMMAND LEFT START
COMMAND LEFT END
COMMAND RIGHT START
COMMAND RIGHT END
TURN 45 RESULT
TIME LEFT 0 5 RIGHT 16 5
MOVE A5 40
END TURN 45
TURN 46
COMMAND LEFT START
UPGRADE 40
COMMAND LEFT END
COMMAND RIGHT START
COMMAND RIGHT END
TURN 46 RESULT
TIME LEFT 0 5 RIGHT 16 5
UPGRADE A 40
END TURN 46
TURN 47
COMMAND LEFT START
COMMAND LEFT END
COMMAND RIGHT START
COMMAND RIGHT END
TURN 47 RESULT
TIME LEFT 0 5 RIGHT 16 5
END TURN 47
TURN 48
COMMAND LEFT START
COMMAND LEFT END
COMMAND RIGHT START
COMMAND RIGHT END
TURN 48 RESULT
TIME LEFT 0 5 RIGHT 16 5
END TURN 48
TURN 49
COMMAND LEFT START
COMMAND LEFT END
COMMAND RIGHT START
TRAIN 1
COMMAND RIGHT END
TURN 49 RESULT
TIME LEFT 0 5 RIGHT 16 5
TRAIN B7
END TURN 49
TURN 50
COMMAND LEFT START
COMMAND LEFT END
COMMAND RIGHT START
COMMAND RIGHT END
TURN 50 RESULT
TIME LEFT 0 5 RIGHT 16 5
END TURN 50
TURN 51
COMMAND LEFT START
COMMAND LEFT END
COMMAND RIGHT START
COMMAND RIGHT END
TURN 51 RESULT
TIME LEFT 0 5 RIGHT 16 5
END TURN 51
TURN 52
COMMAND LEFT START
COMMAND LEFT END
COMMAND RIGHT START
COMMAND RIGHT END
TURN 52 RESULT
TIME LEFT 0 5 RIGHT 16 5
END TURN 52
TURN 53
COMMAND LEFT START
COMMAND LEFT END
COMMAND RIGHT START
MOVE B3 0
MOVE B4 0
MOVE B5 0
MOVE B6 0
MOVE B7 0
COMMAND RIGHT END
TURN 53 RESULT
TIME LEFT 0 5 RIGHT 16 5
MOVE B3 205
MOVE B4 205
MOVE B5 205
MOVE B6 205
MOVE B7 205
END TURN 53
TURN 54
COMMAND LEFT START
COMMAND LEFT END
COMMAND RIGHT START
COMMAND RIGHT END
TURN 54 RESULT
TIME LEFT 0 5 RIGHT 16 5
MOVE B3 199
MOVE B4 199
MOVE B5 199
MOVE B6 199
MOVE B7 199
END TURN 54
TURN 55
COMMAND LEFT START
UPGRADE 0
COMMAND LEFT END
COMMAND RIGHT START
COMMAND RIGHT END
TURN 55 RESULT
TIME LEFT 0 5 RIGHT 16 5
UPGRADE A 0
MOVE B3 186
MOVE B4 186
MOVE B5 186
MOVE B6 186
MOVE B7 186
END TURN 55
TURN 56
COMMAND LEFT START
COMMAND LEFT END
COMMAND RIGHT START
COMMAND RIGHT END
TURN 56 RESULT
TIME LEFT 0 5 RIGHT 16 5
MOVE B3 168
MOVE B4 168
MOVE B5 168
MOVE B6 168
MOVE B7 168
END TURN 56
TURN 57
COMMAND LEFT START
TRAIN 1
COMMAND LEFT END
COMMAND RIGHT START
COMMAND RIGHT END
TURN 57 RESULT
TIME LEFT 0 5 RIGHT 16 5
TRAIN A6
MOVE B3 154
MOVE B4 154
MOVE B5 154
MOVE B6 154
MOVE B7 154
END TURN 57
TURN 58
COMMAND LEFT START
COMMAND LEFT END
COMMAND RIGHT START
COMMAND RIGHT END
TURN 58 RESULT
TIME LEFT 0 5 RIGHT 16 5
MOVE B3 139
MOVE B4 139
MOVE B5 139
MOVE B6 139
MOVE B7 139
END TURN 58
TURN 59
COMMAND LEFT START
COMMAND LEFT END
COMMAND RIGHT START
COMMAND RIGHT END
TURN 59 RESULT
TIME LEFT 0 5 RIGHT 17 5
MOVE B3 125
MOVE B4 125
MOVE B5 125
MOVE B6 125
MOVE B7 125
END TURN 59
TURN 60
COMMAND LEFT START
COMMAND LEFT END
COMMAND RIGHT START
COMMAND RIGHT END
TURN 60 RESULT
TIME LEFT 0 5 RIGHT 17 5
MOVE B3 105
MOVE B4 105
MOVE B5 105
MOVE B6 105
MOVE B7 105
DAMAGE TURRET B3 1
DAMAGE COMBAT A2 4
DAMAGE COMBAT B3 1
SIEGE A 105 1
END TURN 60
TURN 61
COMMAND LEFT START
TRAIN 1
COMMAND LEFT END
COMMAND RIGHT START
COMMAND RIGHT END
TURN 61 RESULT
TIME LEFT 0 5 RIGHT 16 5
TRAIN A7
MOVE B3 85
MOVE B4 85
MOVE B5 85
MOVE B6 85
MOVE B7 85
END TURN 61
TURN 62
COMMAND LEFT START
MOVE A4 9
MOVE A6 9
TRAIN 1
COMMAND LEFT END
COMMAND RIGHT START
COMMAND RIGHT END
TURN 62 RESULT
TIME LEFT 0 5 RIGHT 17 5
TRAIN A8
MOVE A4 2
MOVE A6 2
MOVE B3 71
MOVE B4 71
MOVE B5 71
MOVE B6 71
MOVE B7 71
END TURN 62
TURN 63
COMMAND LEFT START
TRAIN 1
COMMAND LEFT END
COMMAND RIGHT START
COMMAND RIGHT END
TURN 63 RESULT
TIME LEFT 0 5 RIGHT 16 5
TRAIN A9
MOVE A4 1
MOVE A6 1
MOVE B3 56
MOVE B4 56
MOVE B5 56
MOVE B6 56
MOVE B7 56
END TURN 63
TURN 64
COMMAND LEFT START
MOVE A7 105
COMMAND LEFT END
COMMAND RIGHT START
COMMAND RIGHT END
TURN 64 RESULT
TIME LEFT 0 5 RIGHT 17 5
MOVE A4 6
MOVE A6 6
MOVE A7 5
MOVE B3 42
MOVE B4 42
MOVE B5 42
MOVE B6 42
MOVE B7 42
END TURN 64
TURN 65
COMMAND LEFT START
MOVE A8 105
COMMAND LEFT END
COMMAND RIGHT START
COMMAND RIGHT END
TURN 65 RESULT
TIME LEFT 0 5 RIGHT 16 5
MOVE A4 9
MOVE A6 9
MOVE A7 11
MOVE A8 5
MOVE B3 24
MOVE B4 24
MOVE B5 24
MOVE B6 24
MOVE B7 24
END TURN 65
TURN 66
COMMAND LEFT START
MOVE A3 105
MOVE A4 0
COMMAND LEFT END
COMMAND RIGHT START
COMMAND RIGHT END
TURN 66 RESULT
TIME LEFT 0 5 RIGHT 17 5
MOVE A3 20
MOVE A4 6
MOVE A7 24
MOVE A8 11
MOVE B3 11
MOVE B4 11
MOVE B5 11
MOVE B6 11
MOVE B7 11
DAMAGE COMBAT A8 5
DAMAGE COMBAT B3 1
END TURN 66
TURN 67
COMMAND LEFT START
MOVE A6 0
MOVE A1 0
TRAIN 1
COMMAND LEFT END
COMMAND RIGHT START
COMMAND RIGHT END
TURN 67 RESULT
TIME LEFT 0 5 RIGHT 17 5
TRAIN A10
MOVE A1 23
MOVE A3 39
MOVE A4 1
MOVE A6 6
MOVE A7 42
MOVE B3 5
MOVE B4 5
MOVE B5 5
MOVE B6 5
MOVE B7 5
END TURN 67
TURN 68
COMMAND LEFT START
COMMAND LEFT END
COMMAND RIGHT START
COMMAND RIGHT END
TURN 68 RESULT
TIME LEFT 0 5 RIGHT 17 5
MOVE A1 14
MOVE A3 55
MOVE A4 2
MOVE A6 1
MOVE A7 56
MOVE B3 0
MOVE B4 0
MOVE B5 0
MOVE B6 0
MOVE B7 0
DAMAGE TURRET B3 1
DAMAGE TURRET B4 1
DAMAGE COMBAT A9 5
DAMAGE COMBAT B4 2
END TURN 68
TURN 69
COMMAND LEFT START
COMMAND LEFT END
COMMAND RIGHT START
COMMAND RIGHT END
TURN 69 RESULT
TIME LEFT 0 5 RIGHT 17 5
MOVE A1 10
MOVE A3 75
MOVE A4 0
MOVE A6 2
MOVE A7 71
DAMAGE TURRET B4 2
DAMAGE COMBAT A4 4
DAMAGE COMBAT B5 2
END TURN 69
TURN 70
COMMAND LEFT START
COMMAND LEFT END
COMMAND RIGHT START
COMMAND RIGHT END
TURN 70 RESULT
TIME LEFT 0 5 RIGHT 17 5
MOVE A1 5
MOVE A3 85
MOVE A6 0
MOVE A7 85
DAMAGE TURRET B5 2
DAMAGE COMBAT A6 3
DAMAGE COMBAT B5 1
DAMAGE COMBAT B6 1
END TURN 70
TURN 71
COMMAND LEFT START
COMMAND LEFT END
COMMAND RIGHT START
COMMAND RIGHT END
TURN 71 RESULT
TIME LEFT 0 5 RIGHT 17 5
MOVE A1 0
MOVE A3 105
MOVE A7 105
DAMAGE TURRET B6 2
DAMAGE COMBAT A6 2
DAMAGE COMBAT B6 2
DAMAGE COMBAT B7 1
END TURN 71
TURN 72
COMMAND LEFT START
COMMAND LEFT END
COMMAND RIGHT START
COMMAND RIGHT END
TURN 72 RESULT
TIME LEFT 0 5 RIGHT 17 5
DAMAGE TURRET B7 2
DAMAGE COMBAT A1 1
DAMAGE COMBAT B7 2
END TURN 72
TURN 73
COMMAND LEFT START
MOVE A3 37
MOVE A1 9
COMMAND LEFT END
COMMAND RIGHT START
COMMAND RIGHT END
TURN 73 RESULT
TIME LEFT 0 5 RIGHT 17 5
MOVE A1 2
MOVE A3 85
END TURN 73
TURN 74
COMMAND LEFT START
TRAIN 1
COMMAND LEFT END
COMMAND RIGHT START
TRAIN 1
COMMAND RIGHT END
TURN 74 RESULT
TIME LEFT 0 5 RIGHT 17 5
TRAIN A11 B8
MOVE A1 1
MOVE A3 78
END TURN 74
TURN 75
COMMAND LEFT START
MOVE A10 37
TRAIN 1
COMMAND LEFT END
COMMAND RIGHT START
COMMAND RIGHT END
TURN 75 RESULT
TIME LEFT 0 5 RIGHT 17 5
TRAIN A12
MOVE A1 6
MOVE A3 62
MOVE A10 5
END TURN 75
TURN 76
COMMAND LEFT START
MOVE A11 37
TRAIN 1
COMMAND LEFT END
COMMAND RIGHT START
COMMAND RIGHT END
TURN 76 RESULT
TIME LEFT 0 5 RIGHT 17 5
TRAIN A13
MOVE A1 9
MOVE A3 53
MOVE A10 10
MOVE A11 5
END TURN 76
TURN 77
COMMAND LEFT START
MOVE A12 37
COMMAND LEFT END
COMMAND RIGHT START
COMMAND RIGHT END
TURN 77 RESULT
TIME LEFT 0 5 RIGHT 17 5
MOVE A3 44
MOVE A10 14
MOVE A11 10
MOVE A12 5
END TURN 77
TURN 78
COMMAND LEFT START
TRAIN 1
COMMAND LEFT END
COMMAND RIGHT START
COMMAND RIGHT END
TURN 78 RESULT
TIME LEFT 0 5 RIGHT 17 5
TRAIN A14
MOVE A3 48
MOVE A10 23
MOVE A11 14
MOVE A12 10
END TURN 78
TURN 79
COMMAND LEFT START
MOVE A13 37
COMMAND LEFT END
COMMAND RIGHT START
COMMAND RIGHT END
TURN 79 RESULT
TIME LEFT 0 5 RIGHT 17 5
MOVE A3 37
MOVE A10 37
MOVE A11 23
MOVE A12 14
MOVE A13 5
END TURN 79
TURN 80
COMMAND LEFT START
MOVE A3 0
COMMAND LEFT END
COMMAND RIGHT START
COMMAND RIGHT END
TURN 80 RESULT
TIME LEFT 0 5 RIGHT 17 5
MOVE A3 23
MOVE A11 37
MOVE A12 23
MOVE A13 10
END TURN 80
TURN 81
COMMAND LEFT START
COMMAND LEFT END
COMMAND RIGHT START
COMMAND RIGHT END
TURN 81 RESULT
TIME LEFT 0 5 RIGHT 17 5
MOVE A3 14
MOVE A12 37
MOVE A13 14
END TURN 81
TURN 82
COMMAND LEFT START
COMMAND LEFT END
COMMAND RIGHT START
COMMAND RIGHT END
TURN 82 RESULT
TIME LEFT 0 5 RIGHT 17 5
MOVE A3 10
MOVE A13 23
END TURN 82
TURN 83
COMMAND LEFT START
COMMAND LEFT END
COMMAND RIGHT START
UPGRADE 210
COMMAND RIGHT END
TURN 83 RESULT
TIME LEFT 0 5 RIGHT 17 5
UPGRADE B 210
MOVE A3 5
MOVE A13 37
END TURN 83
TURN 84
COMMAND LEFT START
COMMAND LEFT END
COMMAND RIGHT START
COMMAND RIGHT END
TURN 84 RESULT
TIME LEFT 0 5 RIGHT 17 5
MOVE A3 0
END TURN 84
TURN 85
COMMAND LEFT START
MOVE A13 74
COMMAND LEFT END
COMMAND RIGHT START
COMMAND RIGHT END
TURN 85 RESULT
TIME LEFT 0 5 RIGHT 17 5
MOVE A13 48
END TURN 85
TURN 86
COMMAND LEFT START
UPGRADE 9
COMMAND LEFT END
COMMAND RIGHT START
COMMAND RIGHT END
TURN 86 RESULT
TIME LEFT 0 5 RIGHT 17 5
UPGRADE A 9
MOVE A13 44
END TURN 86
TURN 87
COMMAND LEFT START
MOVE A10 9
COMMAND LEFT END
COMMAND RIGHT START
COMMAND RIGHT END
TURN 87 RESULT
TIME LEFT 0 5 RIGHT 17 5
MOVE A10 35
MOVE A13 53
END TURN 87
TURN 88
COMMAND LEFT START
COMMAND LEFT END
COMMAND RIGHT START
COMMAND RIGHT END
TURN 88 RESULT
TIME LEFT 0 5 RIGHT 17 5
MOVE A10 25
MOVE A13 56
END TURN 88
TURN 89
COMMAND LEFT START
COMMAND LEFT END
COMMAND RIGHT START
COMMAND RIGHT END
TURN 89 RESULT
TIME LEFT 0 5 RIGHT 17 5
MOVE A10 24
MOVE A13 61
END TURN 89
TURN 90
COMMAND LEFT START
COMMAND LEFT END
COMMAND RIGHT START
COMMAND RIGHT END
TURN 90 RESULT
TIME LEFT 0 5 RIGHT 17 5
MOVE A10 18
MOVE A13 55
END TURN 90
TURN 91
COMMAND LEFT START
COMMAND LEFT END
COMMAND RIGHT START
COMMAND RIGHT END
TURN 91 RESULT
TIME LEFT 0 5 RIGHT 17 5
MOVE A10 12
MOVE A13 60
END TURN 91
TURN 92
COMMAND LEFT START
COMMAND LEFT END
COMMAND RIGHT START
COMMAND RIGHT END
TURN 92 RESULT
TIME LEFT 0 5 RIGHT 17 5
MOVE A10 17
MOVE A13 74
END TURN 92
TURN 93
COMMAND LEFT START
UPGRADE 74
COMMAND LEFT END
COMMAND RIGHT START
COMMAND RIGHT END
TURN 93 RESULT
TIME LEFT 0 5 RIGHT 17 5
UPGRADE A 74
MOVE A10 9
END TURN 93
TURN 94
COMMAND LEFT START
COMMAND LEFT END
COMMAND RIGHT START
COMMAND RIGHT END
TURN 94 RESULT
TIME LEFT 0 5 RIGHT 17 5
END TURN 94
TURN 95
COMMAND LEFT START
COMMAND LEFT END
COMMAND RIGHT START
COMMAND RIGHT END
TURN 95 RESULT
TIME LEFT 0 5 RIGHT 17 5
END TURN 95
TURN 96
COMMAND LEFT START
COMMAND LEFT END
COMMAND RIGHT START
COMMAND RIGHT END
TURN 96 RESULT
TIME LEFT 0 5 RIGHT 17 5
END TURN 96
TURN 97
COMMAND LEFT START
COMMAND LEFT END
COMMAND RIGHT START
TRAIN 2
COMMAND RIGHT END
TURN 97 RESULT
TIME LEFT 0 5 RIGHT 17 5
TRAIN B9 B10
END TURN 97
TURN 98
COMMAND LEFT START
COMMAND LEFT END
COMMAND RIGHT START
COMMAND RIGHT END
TURN 98 RESULT
TIME LEFT 0 5 RIGHT 17 5
END TURN 98
TURN 99
COMMAND LEFT START
COMMAND LEFT END
COMMAND RIGHT START
COMMAND RIGHT END
TURN 99 RESULT
TIME LEFT 0 5 RIGHT 17 5
END TURN 99
TURN 100
COMMAND LEFT START
COMMAND LEFT END
COMMAND RIGHT START
COMMAND RIGHT END
TURN 100 RESULT
TIME LEFT 0 5 RIGHT 17 5
END TURN 100
TURN 101
COMMAND LEFT START
COMMAND LEFT END
COMMAND RIGHT START
COMMAND RIGHT END
TURN 101 RESULT
TIME LEFT 0 5 RIGHT 17 5
END TURN 101
TURN 102
COMMAND LEFT START
COMMAND LEFT END
COMMAND RIGHT START
COMMAND RIGHT END
TURN 102 RESULT
TIME LEFT 0 5 RIGHT 17 5
END TURN 102
TURN 103
COMMAND LEFT START
MOVE A11 0
UPGRADE 0
COMMAND LEFT END
COMMAND RIGHT START
COMMAND RIGHT END
TURN 103 RESULT
TIME LEFT 0 5 RIGHT 17 5
UPGRADE A 0
MOVE A11 23
END TURN 103
TURN 104
COMMAND LEFT START
COMMAND LEFT END
COMMAND RIGHT START
COMMAND RIGHT END
TURN 104 RESULT
TIME LEFT 0 5 RIGHT 17 5
MOVE A11 14
END TURN 104
TURN 105
COMMAND LEFT START
COMMAND LEFT END
COMMAND RIGHT START
COMMAND RIGHT END
TURN 105 RESULT
TIME LEFT 0 5 RIGHT 17 5
MOVE A11 10
END TURN 105
TURN 106
COMMAND LEFT START
COMMAND LEFT END
COMMAND RIGHT START
COMMAND RIGHT END
TURN 106 RESULT
TIME LEFT 0 5 RIGHT 17 5
MOVE A11 5
END TURN 106
TURN 107
COMMAND LEFT START
COMMAND LEFT END
COMMAND RIGHT START
COMMAND RIGHT END
TURN 107 RESULT
TIME LEFT 0 5 RIGHT 17 5
MOVE A11 0
END TURN 107
TURN 108
COMMAND LEFT START
UPGRADE 37
COMMAND LEFT END
COMMAND RIGHT START
COMMAND RIGHT END
TURN 108 RESULT
TIME LEFT 0 5 RIGHT 17 5
UPGRADE A 37
END TURN 108
TURN 109
COMMAND LEFT START
TRAIN 1
COMMAND LEFT END
COMMAND RIGHT START
COMMAND RIGHT END
TURN 109 RESULT
TIME LEFT 0 5 RIGHT 16 5
TRAIN A15
END TURN 109
TURN 110
COMMAND LEFT START
MOVE A3 37
COMMAND LEFT END
COMMAND RIGHT START
COMMAND RIGHT END
TURN 110 RESULT
TIME LEFT 0 5 RIGHT 17 5
MOVE A3 5
END TURN 110
TURN 111
COMMAND LEFT START
COMMAND LEFT END
COMMAND RIGHT START
COMMAND RIGHT END
TURN 111 RESULT
TIME LEFT 0 5 RIGHT 16 5
MOVE A3 10
END TURN 111
TURN 112
COMMAND LEFT START
COMMAND LEFT END
COMMAND RIGHT START
COMMAND RIGHT END
TURN 112 RESULT
TIME LEFT 0 5 RIGHT 16 5
MOVE A3 14
END TURN 112
TURN 113
COMMAND LEFT START
COMMAND LEFT END
COMMAND RIGHT START
COMMAND RIGHT END
TURN 113 RESULT
TIME LEFT 0 5 RIGHT 16 5
MOVE A3 23
END TURN 113
TURN 114
COMMAND LEFT START
UPGRADE 40
COMMAND LEFT END
COMMAND RIGHT START
COMMAND RIGHT END
TURN 114 RESULT
TIME LEFT 0 5 RIGHT 16 5
UPGRADE A 40
MOVE A3 37
END TURN 114
TURN 115
COMMAND LEFT START
TRAIN 1
COMMAND LEFT END
COMMAND RIGHT START
COMMAND RIGHT END
TURN 115 RESULT
TIME LEFT 0 5 RIGHT 16 5
TRAIN A16
END TURN 115
TURN 116
COMMAND LEFT START
MOVE A11 40
COMMAND LEFT END
COMMAND RIGHT START
COMMAND RIGHT END
TURN 116 RESULT
TIME LEFT 0 5 RIGHT 16 5
MOVE A11 2
END TURN 116
TURN 117
COMMAND LEFT START
COMMAND LEFT END
COMMAND RIGHT START
COMMAND RIGHT END
TURN 117 RESULT
TIME LEFT 0 5 RIGHT 17 5
MOVE A11 3
END TURN 117
TURN 118
COMMAND LEFT START
COMMAND LEFT END
COMMAND RIGHT START
COMMAND RIGHT END
TURN 118 RESULT
TIME LEFT 0 5 RIGHT 16 5
MOVE A11 8
END TURN 118
TURN 119
COMMAND LEFT START
UPGRADE 74
COMMAND LEFT END
COMMAND RIGHT START
COMMAND RIGHT END
TURN 119 RESULT
TIME LEFT 0 5 RIGHT 16 5
UPGRADE A 74
MOVE A11 17
END TURN 119
TURN 120
COMMAND LEFT START
TRAIN 1
COMMAND LEFT END
COMMAND RIGHT START
COMMAND RIGHT END
TURN 120 RESULT
TIME LEFT 0 5 RIGHT 16 5
TRAIN A17
MOVE A11 20
END TURN 120
TURN 121
COMMAND LEFT START
MOVE A14 74
COMMAND LEFT END
COMMAND RIGHT START
COMMAND RIGHT END
TURN 121 RESULT
TIME LEFT 0 5 RIGHT 16 5
MOVE A11 26
MOVE A14 2
END TURN 121
TURN 122
COMMAND LEFT START
COMMAND LEFT END
COMMAND RIGHT START
COMMAND RIGHT END
TURN 122 RESULT
TIME LEFT 0 5 RIGHT 16 5
MOVE A11 40
MOVE A14 3
END TURN 122
TURN 123
COMMAND LEFT START
COMMAND LEFT END
COMMAND RIGHT START
COMMAND RIGHT END
TURN 123 RESULT
TIME LEFT 0 5 RIGHT 16 5
MOVE A14 12
END TURN 123
TURN 124
COMMAND LEFT START
UPGRADE 105
COMMAND LEFT END
COMMAND RIGHT START
COMMAND RIGHT END
TURN 124 RESULT
TIME LEFT 0 5 RIGHT 17 5
UPGRADE A 105
MOVE A14 19
END TURN 124
TURN 125
COMMAND LEFT START
TRAIN 1
COMMAND LEFT END
COMMAND RIGHT START
COMMAND RIGHT END
TURN 125 RESULT
TIME LEFT 0 5 RIGHT 17 5
TRAIN A18
MOVE A14 39
END TURN 125
TURN 126
COMMAND LEFT START
MOVE A15 105
COMMAND LEFT END
COMMAND RIGHT START
COMMAND RIGHT END
TURN 126 RESULT
TIME LEFT 0 5 RIGHT 17 5
MOVE A14 51
MOVE A15 5
END TURN 126
TURN 127
COMMAND LEFT START
COMMAND LEFT END
COMMAND RIGHT START
COMMAND RIGHT END
TURN 127 RESULT
TIME LEFT 0 5 RIGHT 16 5
MOVE A14 60
MOVE A15 11
END TURN 127
TURN 128
COMMAND LEFT START
COMMAND LEFT END
COMMAND RIGHT START
COMMAND RIGHT END
TURN 128 RESULT
TIME LEFT 0 5 RIGHT 17 5
MOVE A14 74
MOVE A15 24
END TURN 128
TURN 129
COMMAND LEFT START
UPGRADE 9
COMMAND LEFT END
COMMAND RIGHT START
COMMAND RIGHT END
TURN 129 RESULT
TIME LEFT 0 5 RIGHT 17 5
UPGRADE A 9
MOVE A15 42
END TURN 129
TURN 130
COMMAND LEFT START
TRAIN 1
COMMAND LEFT END
COMMAND RIGHT START
COMMAND RIGHT END
TURN 130 RESULT
TIME LEFT 0 5 RIGHT 17 5
TRAIN A19
MOVE A15 56
END TURN 130
TURN 131
COMMAND LEFT START
MOVE A16 9
COMMAND LEFT END
COMMAND RIGHT START
COMMAND RIGHT END
TURN 131 RESULT
TIME LEFT 0 5 RIGHT 17 5
MOVE A15 71
MOVE A16 2
END TURN 131
TURN 132
COMMAND LEFT START
COMMAND LEFT END
COMMAND RIGHT START
COMMAND RIGHT END
TURN 132 RESULT
TIME LEFT 0 5 RIGHT 17 5
MOVE A15 85
MOVE A16 1
END TURN 132
TURN 133
COMMAND LEFT START
COMMAND LEFT END
COMMAND RIGHT START
COMMAND RIGHT END
TURN 133 RESULT
TIME LEFT 0 5 RIGHT 17 5
MOVE A15 105
MOVE A16 6
END TURN 133
TURN 134
COMMAND LEFT START
UPGRADE 37
COMMAND LEFT END
COMMAND RIGHT START
COMMAND RIGHT END
TURN 134 RESULT
TIME LEFT 0 5 RIGHT 17 5
UPGRADE A 37
MOVE A16 9
END TURN 134
TURN 135
COMMAND LEFT START
TRAIN 1
COMMAND LEFT END
COMMAND RIGHT START
COMMAND RIGHT END
TURN 135 RESULT
TIME LEFT 0 5 RIGHT 17 5
TRAIN A20
END TURN 135
TURN 136
COMMAND LEFT START
MOVE A17 37
COMMAND LEFT END
COMMAND RIGHT START
COMMAND RIGHT END
TURN 136 RESULT
TIME LEFT 0 5 RIGHT 17 5
MOVE A17 5
END TURN 136
TURN 137
COMMAND LEFT START
COMMAND LEFT END
COMMAND RIGHT START
COMMAND RIGHT END
TURN 137 RESULT
TIME LEFT 0 5 RIGHT 17 5
MOVE A17 10
END TURN 137
TURN 138
COMMAND LEFT START
UPGRADE 40
COMMAND LEFT END
COMMAND RIGHT START
COMMAND RIGHT END
TURN 138 RESULT
TIME LEFT 0 5 RIGHT 17 5
UPGRADE A 40
MOVE A17 14
END TURN 138
TURN 139
COMMAND LEFT START
TRAIN 1
COMMAND LEFT END
COMMAND RIGHT START
COMMAND RIGHT END
TURN 139 RESULT
TIME LEFT 0 5 RIGHT 17 5
TRAIN A21
MOVE A17 23
END TURN 139
TURN 140
COMMAND LEFT START
MOVE A18 40
COMMAND LEFT END
COMMAND RIGHT START
COMMAND RIGHT END
TURN 140 RESULT
TIME LEFT 0 5 RIGHT 17 5
MOVE A17 37
MOVE A18 2
END TURN 140
TURN 141
COMMAND LEFT START
COMMAND LEFT END
COMMAND RIGHT START
COMMAND RIGHT END
TURN 141 RESULT
TIME LEFT 0 5 RIGHT 17 5
MOVE A18 3
END TURN 141
TURN 142
COMMAND LEFT START
UPGRADE 74
TRAIN 1
COMMAND LEFT END
COMMAND RIGHT START
COMMAND RIGHT END
TURN 142 RESULT
TIME LEFT 0 5 RIGHT 17 5
UPGRADE A 74
TRAIN A22
MOVE A18 8
END TURN 142
TURN 143
COMMAND LEFT START
MOVE A19 74
COMMAND LEFT END
COMMAND RIGHT START
COMMAND RIGHT END
TURN 143 RESULT
TIME LEFT 0 5 RIGHT 17 5
MOVE A18 17
MOVE A19 2
END TURN 143
TURN 144
COMMAND LEFT START
COMMAND LEFT END
COMMAND RIGHT START
COMMAND RIGHT END
TURN 144 RESULT
TIME LEFT 0 5 RIGHT 17 5
MOVE A18 20
MOVE A19 3
END TURN 144
TURN 145
COMMAND LEFT START
COMMAND LEFT END
COMMAND RIGHT START
UPGRADE 210
COMMAND RIGHT END
TURN 145 RESULT
TIME LEFT 0 5 RIGHT 17 5
UPGRADE B 210
MOVE A18 26
MOVE A19 12
END TURN 145
TURN 146
COMMAND LEFT START
UPGRADE 105
TRAIN 1
COMMAND LEFT END
COMMAND RIGHT START
COMMAND RIGHT END
TURN 146 RESULT
TIME LEFT 0 5 RIGHT 16 5
UPGRADE A 105
TRAIN A23
MOVE A18 40
MOVE A19 19
END TURN 146
TURN 147
COMMAND LEFT START
MOVE A20 105
COMMAND LEFT END
COMMAND RIGHT START
COMMAND RIGHT END
TURN 147 RESULT
TIME LEFT 0 5 RIGHT 17 5
MOVE A19 39
MOVE A20 5
END TURN 147
TURN 148
COMMAND LEFT START
COMMAND LEFT END
COMMAND RIGHT START
COMMAND RIGHT END
TURN 148 RESULT
TIME LEFT 0 5 RIGHT 17 5
MOVE A19 51
MOVE A20 11
END TURN 148
TURN 149
COMMAND LEFT START
TRAIN 1
COMMAND LEFT END
COMMAND RIGHT START
MOVE B10 201
COMMAND RIGHT END
TURN 149 RESULT
TIME LEFT 0 5 RIGHT 16 5
TRAIN A24
MOVE A19 60
MOVE A20 24
MOVE B10 208
END TURN 149
TURN 150
COMMAND LEFT START
MOVE A24 105
TRAIN 1
COMMAND LEFT END
COMMAND RIGHT START
COMMAND RIGHT END
TURN 150 RESULT
TIME LEFT 0 5 RIGHT 18 5
TRAIN A25
MOVE A19 74
MOVE A20 42
MOVE A24 5
MOVE B10 209
END TURN 150
TURN 151
COMMAND LEFT START
MOVE A25 105
TRAIN 2
COMMAND LEFT END
COMMAND RIGHT START
COMMAND RIGHT END
TURN 151 RESULT
TIME LEFT 0 5 RIGHT 18 5
TRAIN A26 A27
MOVE A20 56
MOVE A24 11
MOVE A25 5
MOVE B10 204
END TURN 151
TURN 152
COMMAND LEFT START
MOVE A27 93
MOVE A26 105
COMMAND LEFT END
COMMAND RIGHT START
COMMAND RIGHT END
TURN 152 RESULT
TIME LEFT 0 5 RIGHT 18 5
MOVE A20 71
MOVE A24 24
MOVE A25 11
MOVE A26 5
MOVE A27 5
MOVE B10 201
END TURN 152
TURN 153
COMMAND LEFT START
COMMAND LEFT END
COMMAND RIGHT START
UPGRADE 201
COMMAND RIGHT END
TURN 153 RESULT
TIME LEFT 0 5 RIGHT 17 5
UPGRADE B 201
MOVE A20 85
MOVE A24 42
MOVE A25 24
MOVE A26 11
MOVE A27 10
END TURN 153
TURN 154
COMMAND LEFT START
COMMAND LEFT END
COMMAND RIGHT START
COMMAND RIGHT END
TURN 154 RESULT
TIME LEFT 0 5 RIGHT 17 5
MOVE A20 105
MOVE A24 56
MOVE A25 42
MOVE A26 24
MOVE A27 25
END TURN 154
TURN 155
COMMAND LEFT START
COMMAND LEFT END
COMMAND RIGHT START
COMMAND RIGHT END
TURN 155 RESULT
TIME LEFT 0 5 RIGHT 17 5
MOVE A24 71
MOVE A25 56
MOVE A26 42
MOVE A27 44
END TURN 155
TURN 156
COMMAND LEFT START
COMMAND LEFT END
COMMAND RIGHT START
COMMAND RIGHT END
TURN 156 RESULT
TIME LEFT 0 5 RIGHT 17 5
MOVE A24 85
MOVE A25 71
MOVE A26 56
MOVE A27 59
END TURN 156
TURN 157
COMMAND LEFT START
COMMAND LEFT END
COMMAND RIGHT START
COMMAND RIGHT END
TURN 157 RESULT
TIME LEFT 0 5 RIGHT 17 5
MOVE A24 105
MOVE A25 85
MOVE A26 71
MOVE A27 76
END TURN 157
TURN 158
COMMAND LEFT START
MOVE A7 0
UPGRADE 0
COMMAND LEFT END
COMMAND RIGHT START
COMMAND RIGHT END
TURN 158 RESULT
TIME LEFT 0 5 RIGHT 17 5
UPGRADE A 0
MOVE A7 85
MOVE A25 105
MOVE A26 85
MOVE A27 93
END TURN 158
TURN 159
COMMAND LEFT START
COMMAND LEFT END
COMMAND RIGHT START
COMMAND RIGHT END
TURN 159 RESULT
TIME LEFT 0 5 RIGHT 17 5
MOVE A7 71
MOVE A26 105
END TURN 159
TURN 160
COMMAND LEFT START
UPGRADE 93
COMMAND LEFT END
COMMAND RIGHT START
COMMAND RIGHT END
TURN 160 RESULT
TIME LEFT 0 5 RIGHT 17 5
UPGRADE A 93
MOVE A7 56
END TURN 160
TURN 161
COMMAND LEFT START
COMMAND LEFT END
COMMAND RIGHT START
COMMAND RIGHT END
TURN 161 RESULT
TIME LEFT 0 5 RIGHT 17 5
MOVE A7 42
END TURN 161
TURN 162
COMMAND LEFT START
MOVE A26 88
COMMAND LEFT END
COMMAND RIGHT START
COMMAND RIGHT END
TURN 162 RESULT
TIME LEFT 0 5 RIGHT 17 5
MOVE A7 24
MOVE A26 94
END TURN 162
TURN 163
COMMAND LEFT START
UPGRADE 93
COMMAND LEFT END
COMMAND RIGHT START
COMMAND RIGHT END
TURN 163 RESULT
TIME LEFT 0 5 RIGHT 17 5
UPGRADE A 93
MOVE A7 11
MOVE A26 88
END TURN 163
TURN 164
COMMAND LEFT START
MOVE A15 93
COMMAND LEFT END
COMMAND RIGHT START
TRAIN 2
COMMAND RIGHT END
TURN 164 RESULT
TIME LEFT 0 5 RIGHT 17 5
TRAIN B11 B12
MOVE A7 5
MOVE A15 100
END TURN 164
TURN 165
COMMAND LEFT START
UPGRADE 88
COMMAND LEFT END
COMMAND RIGHT START
COMMAND RIGHT END
TURN 165 RESULT
TIME LEFT 0 5 RIGHT 17 5
UPGRADE A 88
MOVE A7 0
MOVE A15 98
END TURN 165
TURN 166
COMMAND LEFT START
COMMAND LEFT END
COMMAND RIGHT START
COMMAND RIGHT END
TURN 166 RESULT
TIME LEFT 0 5 RIGHT 17 5
MOVE A15 93
END TURN 166
TURN 167
COMMAND LEFT START
UPGRADE 88
TRAIN 1
COMMAND LEFT END
COMMAND RIGHT START
COMMAND RIGHT END
TURN 167 RESULT
TIME LEFT 0 5 RIGHT 17 5
UPGRADE A 88
TRAIN A28
END TURN 167
TURN 168
COMMAND LEFT START
MOVE A7 88
COMMAND LEFT END
COMMAND RIGHT START
COMMAND RIGHT END
TURN 168 RESULT
TIME LEFT 0 5 RIGHT 17 5
MOVE A7 5
END TURN 168
TURN 169
COMMAND LEFT START
UPGRADE 88
COMMAND LEFT END
COMMAND RIGHT START
COMMAND RIGHT END
TURN 169 RESULT
TIME LEFT 0 5 RIGHT 17 5
UPGRADE A 88
MOVE A7 11
END TURN 169
TURN 170
COMMAND LEFT START
TRAIN 1
COMMAND LEFT END
COMMAND RIGHT START
MOVE B11 201
MOVE B12 201
COMMAND RIGHT END
TURN 170 RESULT
TIME LEFT 0 5 RIGHT 17 5
TRAIN A29
MOVE A7 24
MOVE B11 208
MOVE B12 208
END TURN 170
TURN 171
COMMAND LEFT START
MOVE A21 88
COMMAND LEFT END
COMMAND RIGHT START
COMMAND RIGHT END
TURN 171 RESULT
TIME LEFT 0 5 RIGHT 17 5
MOVE A7 33
MOVE A21 5
MOVE B11 209
MOVE B12 209
END TURN 171
TURN 172
COMMAND LEFT START
UPGRADE 93
TRAIN 1
COMMAND LEFT END
COMMAND RIGHT START
TRAIN 2
COMMAND RIGHT END
TURN 172 RESULT
TIME LEFT 0 5 RIGHT 18 5
UPGRADE A 93
TRAIN A30 B13 B14
MOVE A7 43
MOVE A21 11
MOVE B11 204
MOVE B12 204
END TURN 172
TURN 173
COMMAND LEFT START
MOVE A22 93
COMMAND LEFT END
COMMAND RIGHT START
MOVE B13 201
MOVE B14 201
TRAIN 2
COMMAND RIGHT END
TURN 173 RESULT
TIME LEFT 0 5 RIGHT 17 5
TRAIN B15 B16
MOVE A7 61
MOVE A21 24
MOVE A22 5
MOVE B11 201
MOVE B12 201
MOVE B13 208
MOVE B14 208
END TURN 173
TURN 174
COMMAND LEFT START
TRAIN 1
COMMAND LEFT END
COMMAND RIGHT START
MOVE B15 201
MOVE B16 201
COMMAND RIGHT END
TURN 174 RESULT
TIME LEFT 0 5 RIGHT 17 5
TRAIN A31
MOVE A7 75
MOVE A21 33
MOVE A22 10
MOVE B13 209
MOVE B14 209
MOVE B15 208
MOVE B16 208
END TURN 174
TURN 175
COMMAND LEFT START
MOVE A31 105
TRAIN 2
COMMAND LEFT END
COMMAND RIGHT START
COMMAND RIGHT END
TURN 175 RESULT
TIME LEFT 0 5 RIGHT 17 5
TRAIN A32 A33
MOVE A7 88
MOVE A21 43
MOVE A22 25
MOVE A31 5
MOVE B13 204
MOVE B14 204
MOVE B15 209
MOVE B16 209
END TURN 175
TURN 176
COMMAND LEFT START
MOVE A33 122
MOVE A32 105
COMMAND LEFT END
COMMAND RIGHT START
COMMAND RIGHT END
TURN 176 RESULT
TIME LEFT 0 5 RIGHT 17 5
MOVE A21 61
MOVE A22 44
MOVE A31 11
MOVE A32 5
MOVE A33 5
MOVE B13 201
MOVE B14 201
MOVE B15 204
MOVE B16 204
END TURN 176
TURN 177
COMMAND LEFT START
TRAIN 2
COMMAND LEFT END
COMMAND RIGHT START
COMMAND RIGHT END
TURN 177 RESULT
TIME LEFT 0 5 RIGHT 17 5
TRAIN A34 A35
MOVE A21 75
MOVE A22 59
MOVE A31 24
MOVE A32 11
MOVE A33 11
MOVE B15 201
MOVE B16 201
END TURN 177
TURN 178
COMMAND LEFT START
MOVE A35 105
MOVE A34 105
TRAIN 2
COMMAND LEFT END
COMMAND RIGHT START
COMMAND RIGHT END
TURN 178 RESULT
TIME LEFT 0 5 RIGHT 17 5
TRAIN A36 A37
MOVE A21 88
MOVE A22 76
MOVE A31 42
MOVE A32 24
MOVE A33 24
MOVE A34 5
MOVE A35 5
END TURN 178
TURN 179
COMMAND LEFT START
MOVE A37 105
MOVE A36 105
TRAIN 2
COMMAND LEFT END
COMMAND RIGHT START
MOVE B10 0
MOVE B11 0
MOVE B12 0
MOVE B13 0
MOVE B14 0
MOVE B15 0
MOVE B16 0
COMMAND RIGHT END
TURN 179 RESULT
TIME LEFT 0 5 RIGHT 16 5
TRAIN A38 A39
MOVE A22 93
MOVE A31 56
MOVE A32 42
MOVE A33 42
MOVE A34 11
MOVE A35 11
MOVE A36 5
MOVE A37 5
MOVE B10 184
MOVE B11 184
MOVE B12 184
MOVE B13 184
MOVE B14 184
MOVE B15 184
MOVE B16 184
END TURN 179
TURN 180
COMMAND LEFT START
MOVE A39 105
MOVE A38 105
TRAIN 2
COMMAND LEFT END
COMMAND RIGHT START
COMMAND RIGHT END
TURN 180 RESULT
TIME LEFT 0 5 RIGHT 17 5
TRAIN A40 A41
MOVE A31 71
MOVE A32 56
MOVE A33 56
MOVE A34 24
MOVE A35 24
MOVE A36 11
MOVE A37 11
MOVE A38 5
MOVE A39 5
MOVE B10 170
MOVE B11 170
MOVE B12 170
MOVE B13 170
MOVE B14 170
MOVE B15 170
MOVE B16 170
END TURN 180
TURN 181
COMMAND LEFT START
MOVE A41 105
MOVE A40 105
TRAIN 2
COMMAND LEFT END
COMMAND RIGHT START
UPGRADE 170
COMMAND RIGHT END
TURN 181 RESULT
TIME LEFT 0 5 RIGHT 16 5
UPGRADE B 170
TRAIN A42 A43
MOVE A31 85
MOVE A32 71
MOVE A33 62
MOVE A34 42
MOVE A35 42
MOVE A36 24
MOVE A37 24
MOVE A38 11
MOVE A39 11
MOVE A40 5
MOVE A41 5
MOVE B10 152
MOVE B11 152
MOVE B12 152
MOVE B13 152
MOVE B14 152
MOVE B15 152
MOVE B16 152
END TURN 181
TURN 182
COMMAND LEFT START
TRAIN 2
COMMAND LEFT END
COMMAND RIGHT START
COMMAND RIGHT END
TURN 182 RESULT
TIME LEFT 0 5 RIGHT 17 5
TRAIN A44 A45
MOVE A31 105
MOVE A32 85
MOVE A33 86
MOVE A34 56
MOVE A35 56
MOVE A36 42
MOVE A37 42
MOVE A38 24
MOVE A39 24
MOVE A40 11
MOVE A41 11
MOVE B10 138
MOVE B11 138
MOVE B12 138
MOVE B13 138
MOVE B14 138
MOVE B15 138
MOVE B16 138
END TURN 182
TURN 183
COMMAND LEFT START
MOVE A45 105
MOVE A44 105
MOVE A43 105
MOVE A42 105
TRAIN 2
COMMAND LEFT END
COMMAND RIGHT START
COMMAND RIGHT END
TURN 183 RESULT
TIME LEFT 0 5 RIGHT 18 5
TRAIN A46 A47
MOVE A32 105
MOVE A33 100
MOVE A34 71
MOVE A35 71
MOVE A36 56
MOVE A37 56
MOVE A38 42
MOVE A39 42
MOVE A40 24
MOVE A41 24
MOVE A42 5
MOVE A43 5
MOVE A44 5
MOVE A45 5
MOVE B10 120
MOVE B11 120
MOVE B12 120
MOVE B13 120
MOVE B14 120
MOVE B15 120
MOVE B16 120
END TURN 183
TURN 184
COMMAND LEFT START
MOVE A20 93
MOVE A24 93
MOVE A3 93
MOVE A12 93
MOVE A25 93
MOVE A23 37
MOVE A28 37
TRAIN 2
COMMAND LEFT END
COMMAND RIGHT START
COMMAND RIGHT END
TURN 184 RESULT
TIME LEFT 0 5 RIGHT 18 5
TRAIN A48 A49
MOVE A3 57
MOVE A12 57
MOVE A20 100
MOVE A23 5
MOVE A24 100
MOVE A25 100
MOVE A28 5
MOVE A33 122
MOVE A34 85
MOVE A35 85
MOVE A36 71
MOVE A37 71
MOVE A38 56
MOVE A39 56
MOVE A40 42
MOVE A41 42
MOVE A42 11
MOVE A43 11
MOVE A44 11
MOVE A45 11
MOVE B10 98
MOVE B11 98
MOVE B12 98
MOVE B13 98
MOVE B14 98
MOVE B15 98
MOVE B16 98
END TURN 184
TURN 185
COMMAND LEFT START
MOVE A49 114
MOVE A48 105
UPGRADE 122
COMMAND LEFT END
COMMAND RIGHT START
COMMAND RIGHT END
TURN 185 RESULT
TIME LEFT 0 5 RIGHT 18 5
UPGRADE A 122
MOVE A3 76
MOVE A12 76
MOVE A20 98
MOVE A23 10
MOVE A24 98
MOVE A25 98
MOVE A28 10
MOVE A34 105
MOVE A35 105
MOVE A36 85
MOVE A37 85
MOVE A38 71
MOVE A39 71
MOVE A40 56
MOVE A41 56
MOVE A42 24
MOVE A43 24
MOVE A44 24
MOVE A45 24
MOVE A48 5
MOVE A49 5
MOVE B10 80
MOVE B11 80
MOVE B12 80
MOVE B13 80
MOVE B14 80
MOVE B15 80
MOVE B16 80
END TURN 185
TURN 186
COMMAND LEFT START
UPGRADE 122
COMMAND LEFT END
COMMAND RIGHT START
COMMAND RIGHT END
TURN 186 RESULT
TIME LEFT 0 5 RIGHT 19 5
UPGRADE A 122
MOVE A3 93
MOVE A12 93
MOVE A20 93
MOVE A23 14
MOVE A24 93
MOVE A25 93
MOVE A28 14
MOVE A36 105
MOVE A37 105
MOVE A38 85
MOVE A39 85
MOVE A40 71
MOVE A41 71
MOVE A42 42
MOVE A43 42
MOVE A44 42
MOVE A45 42
MOVE A48 11
MOVE A49 10
MOVE B10 65
MOVE B11 65
MOVE B12 65
MOVE B13 65
MOVE B14 65
MOVE B15 65
MOVE B16 65
END TURN 186
TURN 187
COMMAND LEFT START
MOVE A31 122
MOVE A27 105
MOVE A25 105
MOVE A24 105
MOVE A22 105
MOVE A20 105
UPGRADE 122
COMMAND LEFT END
COMMAND RIGHT START
COMMAND RIGHT END
TURN 187 RESULT
TIME LEFT 0 5 RIGHT 19 5
UPGRADE A 122
MOVE A20 98
MOVE A22 98
MOVE A23 23
MOVE A24 98
MOVE A25 98
MOVE A27 98
MOVE A28 23
MOVE A31 116
MOVE A38 105
MOVE A39 105
MOVE A40 85
MOVE A41 85
MOVE A42 56
MOVE A43 56
MOVE A44 56
MOVE A45 56
MOVE A48 24
MOVE A49 25
MOVE B10 44
MOVE B11 44
MOVE B12 44
MOVE B13 44
MOVE B14 44
MOVE B15 44
MOVE B16 44
END TURN 187
TURN 188
COMMAND LEFT START
MOVE A32 122
TRAIN 1
COMMAND LEFT END
COMMAND RIGHT START
COMMAND RIGHT END
TURN 188 RESULT
TIME LEFT 0 5 RIGHT 19 5
TRAIN A50
MOVE A20 100
MOVE A22 100
MOVE A23 37
MOVE A24 100
MOVE A25 100
MOVE A27 100
MOVE A28 37
MOVE A31 122
MOVE A32 116
MOVE A40 105
MOVE A41 105
MOVE A42 71
MOVE A43 71
MOVE A44 71
MOVE A45 71
MOVE A48 42
MOVE A49 35
MOVE B10 25
MOVE B11 25
MOVE B12 25
MOVE B13 25
MOVE B14 25
MOVE B15 25
MOVE B16 25
END TURN 188
TURN 189
COMMAND LEFT START
TRAIN 2
COMMAND LEFT END
COMMAND RIGHT START
COMMAND RIGHT END
TURN 189 RESULT
TIME LEFT 0 5 RIGHT 18 5
TRAIN A51 A52
MOVE A20 105
MOVE A22 105
MOVE A24 105
MOVE A25 105
MOVE A27 105
MOVE A32 122
MOVE A42 85
MOVE A43 85
MOVE A44 85
MOVE A45 85
MOVE A48 56
MOVE A49 48
MOVE B10 10
MOVE B11 10
MOVE B12 10
MOVE B13 10
MOVE B14 10
MOVE B15 10
MOVE B16 10
END TURN 189
TURN 190
COMMAND LEFT START
COMMAND LEFT END
COMMAND RIGHT START
COMMAND RIGHT END
TURN 190 RESULT
TIME LEFT 0 5 RIGHT 18 5
MOVE A42 105
MOVE A43 105
MOVE A44 105
MOVE A45 105
MOVE A48 71
MOVE A49 57
MOVE B10 5
MOVE B11 5
MOVE B12 5
MOVE B13 5
MOVE B14 5
MOVE B15 5
MOVE B16 5
END TURN 190
TURN 191
COMMAND LEFT START
COMMAND LEFT END
COMMAND RIGHT START
COMMAND RIGHT END
TURN 191 RESULT
TIME LEFT 0 5 RIGHT 17 5
MOVE A48 85
MOVE A49 70
MOVE B10 0
MOVE B11 0
MOVE B12 0
MOVE B13 0
MOVE B14 0
MOVE B15 0
MOVE B16 0
DAMAGE TURRET B10 3
DAMAGE COMBAT A29 7
DAMAGE COMBAT B10 3
DAMAGE COMBAT B11 4
END TURN 191
TURN 192
COMMAND LEFT START
COMMAND LEFT END
COMMAND RIGHT START
MOVE B11 201
MOVE B12 201
MOVE B13 201
MOVE B14 201
MOVE B15 201
MOVE B16 201
COMMAND RIGHT END
TURN 192 RESULT
TIME LEFT 0 5 RIGHT 18 5
MOVE A48 105
MOVE A49 92
DAMAGE TURRET B11 3
DAMAGE COMBAT A30 6
DAMAGE COMBAT B12 6
END TURN 192
TURN 193
COMMAND LEFT START
COMMAND LEFT END
COMMAND RIGHT START
COMMAND RIGHT END
TURN 193 RESULT
TIME LEFT 0 5 RIGHT 18 5
MOVE A49 103
DAMAGE TURRET B12 1
DAMAGE TURRET B13 2
DAMAGE COMBAT A30 1
DAMAGE COMBAT A46 4
DAMAGE COMBAT B13 5
DAMAGE COMBAT B14 1
END TURN 193
TURN 194
COMMAND LEFT START
COMMAND LEFT END
COMMAND RIGHT START
COMMAND RIGHT END
TURN 194 RESULT
TIME LEFT 0 5 RIGHT 18 5
MOVE A49 114
DAMAGE TURRET B14 3
DAMAGE COMBAT A46 3
DAMAGE COMBAT B14 3
DAMAGE COMBAT B15 2
END TURN 194
TURN 195
COMMAND LEFT START
COMMAND LEFT END
COMMAND RIGHT START
COMMAND RIGHT END
TURN 195 RESULT
TIME LEFT 0 5 RIGHT 18 5
DAMAGE TURRET B15 3
DAMAGE COMBAT A47 2
DAMAGE COMBAT B15 2
DAMAGE COMBAT B16 2
END TURN 195
TURN 196
COMMAND LEFT START
COMMAND LEFT END
COMMAND RIGHT START
COMMAND RIGHT END
TURN 196 RESULT
TIME LEFT 0 5 RIGHT 18 5
DAMAGE TURRET B16 3
DAMAGE COMBAT A47 1
DAMAGE COMBAT B16 2
END TURN 196
TURN 197
COMMAND LEFT START
MOVE A20 0
UPGRADE 0
COMMAND LEFT END
COMMAND RIGHT START
COMMAND RIGHT END
TURN 197 RESULT
TIME LEFT 0 5 RIGHT 18 5
UPGRADE A 0
MOVE A20 85
END TURN 197
TURN 198
COMMAND LEFT START
UPGRADE 114
COMMAND LEFT END
COMMAND RIGHT START
COMMAND RIGHT END
TURN 198 RESULT
TIME LEFT 0 5 RIGHT 18 5
UPGRADE A 114
MOVE A20 71
END TURN 198
TURN 199
COMMAND LEFT START
COMMAND LEFT END
COMMAND RIGHT START
COMMAND RIGHT END
TURN 199 RESULT
TIME LEFT 0 5 RIGHT 18 5
MOVE A20 56
END TURN 199
TURN 200
COMMAND LEFT START
MOVE A48 82
COMMAND LEFT END
COMMAND RIGHT START
COMMAND RIGHT END
TURN 200 RESULT
TIME LEFT 0 5 RIGHT 18 5
MOVE A20 42
MOVE A48 100
END TURN 200
TURN 201
COMMAND LEFT START
UPGRADE 114
COMMAND LEFT END
COMMAND RIGHT START
COMMAND RIGHT END
TURN 201 RESULT
TIME LEFT 0 5 RIGHT 18 5
UPGRADE A 114
MOVE A20 24
MOVE A48 98
END TURN 201
TURN 202
COMMAND LEFT START
MOVE A22 114
UPGRADE 114
COMMAND LEFT END
COMMAND RIGHT START
COMMAND RIGHT END
TURN 202 RESULT
TIME LEFT 0 5 RIGHT 18 5
UPGRADE A 114
MOVE A20 11
MOVE A22 100
MOVE A48 93
END TURN 202
TURN 203
COMMAND LEFT START
MOVE A24 114
TRAIN 1
COMMAND LEFT END
COMMAND RIGHT START
COMMAND RIGHT END
TURN 203 RESULT
TIME LEFT 0 5 RIGHT 18 5
TRAIN A53
MOVE A20 5
MOVE A22 98
MOVE A24 100
MOVE A48 92
END TURN 203
TURN 204
COMMAND LEFT START
TRAIN 3
COMMAND LEFT END
COMMAND RIGHT START
COMMAND RIGHT END
TURN 204 RESULT
TIME LEFT 0 5 RIGHT 18 5
TRAIN A54 A55 A56
MOVE A20 0
MOVE A22 93
MOVE A24 98
MOVE A48 81
END TURN 204
TURN 205
COMMAND LEFT START
TRAIN 3
COMMAND LEFT END
COMMAND RIGHT START
COMMAND RIGHT END
TURN 205 RESULT
TIME LEFT 0 5 RIGHT 18 5
TRAIN A57 A58 A59
MOVE A22 106
MOVE A24 93
MOVE A48 87
END TURN 205
TURN 206
COMMAND LEFT START
TRAIN 3
COMMAND LEFT END
COMMAND RIGHT START
COMMAND RIGHT END
TURN 206 RESULT
TIME LEFT 0 5 RIGHT 18 5
TRAIN A60 A61 A62
MOVE A22 114
MOVE A24 106
MOVE A48 82
END TURN 206
TURN 207
COMMAND LEFT START
UPGRADE 82
COMMAND LEFT END
COMMAND RIGHT START
COMMAND RIGHT END
TURN 207 RESULT
TIME LEFT 0 5 RIGHT 18 5
UPGRADE A 82
MOVE A24 114
END TURN 207
TURN 208
COMMAND LEFT START
MOVE A45 96
COMMAND LEFT END
COMMAND RIGHT START
COMMAND RIGHT END
TURN 208 RESULT
TIME LEFT 0 5 RIGHT 18 5
MOVE A45 110
END TURN 208
TURN 209
COMMAND LEFT START
UPGRADE 82
COMMAND LEFT END
COMMAND RIGHT START
COMMAND RIGHT END
TURN 209 RESULT
TIME LEFT 0 5 RIGHT 18 5
UPGRADE A 82
MOVE A45 112
END TURN 209
TURN 210
COMMAND LEFT START
MOVE A25 82
UPGRADE 82
COMMAND LEFT END
COMMAND RIGHT START
COMMAND RIGHT END
TURN 210 RESULT
TIME LEFT 0 5 RIGHT 18 5
UPGRADE A 82
MOVE A25 100
MOVE A45 117
END TURN 210
TURN 211
COMMAND LEFT START
MOVE A27 82
MOVE A62 105
TRAIN 2
COMMAND LEFT END
COMMAND RIGHT START
COMMAND RIGHT END
TURN 211 RESULT
TIME LEFT 0 5 RIGHT 18 5
TRAIN A63 A64
MOVE A25 98
MOVE A27 100
MOVE A45 104
MOVE A62 5
END TURN 211
TURN 212
COMMAND LEFT START
MOVE A64 105
TRAIN 3
COMMAND LEFT END
COMMAND RIGHT START
COMMAND RIGHT END
TURN 212 RESULT
TIME LEFT 0 5 RIGHT 18 5
TRAIN A65 A66 A67
MOVE A25 93
MOVE A27 98
MOVE A45 96
MOVE A62 11
MOVE A64 5
END TURN 212
TURN 213
COMMAND LEFT START
UPGRADE 96
COMMAND LEFT END
COMMAND RIGHT START
COMMAND RIGHT END
TURN 213 RESULT
TIME LEFT 0 5 RIGHT 18 5
UPGRADE A 96
MOVE A25 92
MOVE A27 93
MOVE A62 24
MOVE A64 11
END TURN 213
TURN 214
COMMAND LEFT START
MOVE A44 136
COMMAND LEFT END
COMMAND RIGHT START
COMMAND RIGHT END
TURN 214 RESULT
TIME LEFT 0 5 RIGHT 18 5
MOVE A25 81
MOVE A27 92
MOVE A44 116
MOVE A62 42
MOVE A64 24
END TURN 214
TURN 215
COMMAND LEFT START
MOVE A67 105
UPGRADE 96
COMMAND LEFT END
COMMAND RIGHT START
COMMAND RIGHT END
TURN 215 RESULT
TIME LEFT 0 5 RIGHT 18 5
UPGRADE A 96
MOVE A25 87
MOVE A27 81
MOVE A44 122
MOVE A62 56
MOVE A64 42
MOVE A67 5
END TURN 215
TURN 216
COMMAND LEFT START
MOVE A34 96
UPGRADE 96
COMMAND LEFT END
COMMAND RIGHT START
COMMAND RIGHT END
TURN 216 RESULT
TIME LEFT 0 5 RIGHT 18 5
UPGRADE A 96
MOVE A25 82
MOVE A27 87
MOVE A34 110
MOVE A44 131
MOVE A62 71
MOVE A64 56
MOVE A67 11
END TURN 216
TURN 217
COMMAND LEFT START
MOVE A35 96
MOVE A66 105
TRAIN 3
COMMAND LEFT END
COMMAND RIGHT START
COMMAND RIGHT END
TURN 217 RESULT
TIME LEFT 0 5 RIGHT 18 5
TRAIN A68 A69 A70
MOVE A27 82
MOVE A34 112
MOVE A35 110
MOVE A44 136
MOVE A62 85
MOVE A64 71
MOVE A66 5
MOVE A67 24
END TURN 217
TURN 218
COMMAND LEFT START
MOVE A70 105
MOVE A69 105
MOVE A68 105
MOVE A65 105
UPGRADE 136
COMMAND LEFT END
COMMAND RIGHT START
COMMAND RIGHT END
TURN 218 RESULT
TIME LEFT 1 5 RIGHT 18 5
UPGRADE A 136
MOVE A34 117
MOVE A35 112
MOVE A62 105
MOVE A64 85
MOVE A65 5
MOVE A66 11
MOVE A67 42
MOVE A68 5
MOVE A69 5
MOVE A70 5
END TURN 218
TURN 219
COMMAND LEFT START
MOVE A62 173
MOVE A43 170
MOVE A42 170
MOVE A41 170
MOVE A40 170
MOVE A39 170
MOVE A38 170
COMMAND LEFT END
COMMAND RIGHT START
COMMAND RIGHT END
TURN 219 RESULT
TIME LEFT 0 5 RIGHT 18 5
MOVE A34 104
MOVE A35 117
MOVE A38 116
MOVE A39 116
MOVE A40 116
MOVE A41 116
MOVE A42 116
MOVE A43 116
MOVE A62 125
MOVE A64 105
MOVE A65 11
MOVE A66 24
MOVE A67 56
MOVE A68 11
MOVE A69 11
MOVE A70 11
END TURN 219
TURN 220
COMMAND LEFT START
MOVE A63 105
MOVE A61 105
MOVE A60 105
MOVE A59 105
MOVE A58 105
MOVE A57 105
MOVE A56 105
MOVE A55 105
MOVE A54 105
MOVE A53 105
UPGRADE 136
COMMAND LEFT END
COMMAND RIGHT START
COMMAND RIGHT END
TURN 220 RESULT
TIME LEFT 0 5 RIGHT 18 5
UPGRADE A 136
MOVE A34 96
MOVE A35 104
MOVE A38 122
MOVE A39 122
MOVE A40 122
MOVE A41 122
MOVE A42 122
MOVE A43 122
MOVE A53 5
MOVE A54 5
MOVE A55 5
MOVE A56 5
MOVE A57 5
MOVE A58 5
MOVE A59 5
MOVE A60 5
MOVE A61 5
MOVE A62 132
MOVE A63 5
MOVE A65 24
MOVE A66 42
MOVE A67 71
MOVE A68 24
MOVE A69 24
MOVE A70 24
END TURN 220
TURN 221
COMMAND LEFT START
TRAIN 1
COMMAND LEFT END
COMMAND RIGHT START
COMMAND RIGHT END
TURN 221 RESULT
TIME LEFT 0 5 RIGHT 17 5
TRAIN A71
MOVE A35 96
MOVE A38 131
MOVE A39 131
MOVE A40 131
MOVE A41 131
MOVE A42 131
MOVE A43 131
MOVE A53 11
MOVE A54 11
MOVE A55 11
MOVE A56 11
MOVE A57 11
MOVE A58 11
MOVE A59 11
MOVE A60 11
MOVE A61 11
MOVE A62 148
MOVE A63 11
MOVE A65 42
MOVE A66 56
MOVE A67 85
MOVE A68 42
MOVE A69 42
MOVE A70 42
END TURN 221
TURN 222
COMMAND LEFT START
MOVE A20 136
UPGRADE 136
COMMAND LEFT END
COMMAND RIGHT START
COMMAND RIGHT END
TURN 222 RESULT
TIME LEFT 0 5 RIGHT 18 5
UPGRADE A 136
MOVE A20 5
MOVE A38 136
MOVE A39 136
MOVE A40 136
MOVE A41 136
MOVE A42 136
MOVE A43 136
MOVE A53 24
MOVE A54 24
MOVE A55 24
MOVE A56 24
MOVE A57 24
MOVE A58 24
MOVE A59 24
MOVE A60 24
MOVE A61 24
MOVE A62 157
MOVE A63 24
MOVE A65 56
MOVE A66 71
MOVE A67 105
MOVE A68 56
MOVE A69 56
MOVE A70 56
END TURN 222
TURN 223
COMMAND LEFT START
MOVE A36 136
TRAIN 2
COMMAND LEFT END
COMMAND RIGHT START
COMMAND RIGHT END
TURN 223 RESULT
TIME LEFT 0 5 RIGHT 18 5
TRAIN A72 A73
MOVE A20 10
MOVE A36 116
MOVE A38 156
MOVE A39 156
MOVE A40 156
MOVE A41 156
MOVE A42 156
MOVE A43 156
MOVE A53 42
MOVE A54 42
MOVE A55 42
MOVE A56 42
MOVE A57 42
MOVE A58 42
MOVE A59 42
MOVE A60 42
MOVE A61 42
MOVE A62 166
MOVE A63 42
MOVE A65 71
MOVE A66 85
MOVE A68 71
MOVE A69 71
MOVE A70 71
END TURN 223
TURN 224
COMMAND LEFT START
TRAIN 3
COMMAND LEFT END
COMMAND RIGHT START
COMMAND RIGHT END
TURN 224 RESULT
TIME LEFT 0 5 RIGHT 18 5
TRAIN A74 A75 A76
MOVE A20 25
MOVE A36 122
MOVE A38 170
MOVE A39 170
MOVE A40 170
MOVE A41 170
MOVE A42 170
MOVE A43 170
MOVE A53 56
MOVE A54 56
MOVE A55 56
MOVE A56 56
MOVE A57 56
MOVE A58 56
MOVE A59 56
MOVE A60 56
MOVE A61 56
MOVE A62 162
MOVE A63 56
MOVE A65 85
MOVE A66 105
MOVE A68 85
MOVE A69 85
MOVE A70 85
DAMAGE TURRET A38 1
SIEGE B 170 6
END TURN 224
TURN 225
COMMAND LEFT START
MOVE A38 105
MOVE A39 105
MOVE A40 105
MOVE A41 105
MOVE A42 105
UPGRADE 170
TRAIN 1
COMMAND LEFT END
COMMAND RIGHT START
COMMAND RIGHT END
TURN 225 RESULT
TIME LEFT 0 5 RIGHT 18 5
UPGRADE A 170
TRAIN A77
MOVE A20 44
MOVE A36 131
MOVE A38 156
MOVE A39 156
MOVE A40 156
MOVE A41 156
MOVE A42 156
MOVE A53 71
MOVE A54 71
MOVE A55 71
MOVE A56 71
MOVE A57 71
MOVE A58 71
MOVE A59 71
MOVE A60 71
MOVE A61 71
MOVE A62 173
MOVE A63 71
MOVE A65 105
MOVE A68 105
MOVE A69 105
MOVE A70 105
END TURN 225
TURN 226
COMMAND LEFT START
MOVE A70 117
MOVE A69 201
MOVE A68 201
MOVE A67 201
MOVE A66 201
MOVE A65 201
UPGRADE 173
COMMAND LEFT END
COMMAND RIGHT START
COMMAND RIGHT END
TURN 226 RESULT
TIME LEFT 0 5 RIGHT 17 5
UPGRADE A 173
MOVE A20 65
MOVE A36 136
MOVE A38 136
MOVE A39 136
MOVE A40 136
MOVE A41 136
MOVE A42 136
MOVE A53 85
MOVE A54 85
MOVE A55 85
MOVE A56 85
MOVE A57 85
MOVE A58 85
MOVE A59 85
MOVE A60 85
MOVE A61 85
MOVE A63 85
MOVE A65 125
MOVE A66 125
MOVE A67 125
MOVE A68 125
MOVE A69 125
MOVE A70 110
END TURN 226
TURN 227
COMMAND LEFT START
MOVE A77 105
MOVE A76 105
MOVE A75 105
MOVE A74 105
MOVE A73 105
MOVE A72 105
UPGRADE 170
COMMAND LEFT END
COMMAND RIGHT START
COMMAND RIGHT END
TURN 227 RESULT
TIME LEFT 0 5 RIGHT 17 5
UPGRADE A 170
MOVE A20 80
MOVE A38 131
MOVE A39 131
MOVE A40 131
MOVE A41 131
MOVE A42 131
MOVE A53 105
MOVE A54 105
MOVE A55 105
MOVE A56 105
MOVE A57 105
MOVE A58 105
MOVE A59 105
MOVE A60 105
MOVE A61 105
MOVE A63 105
MOVE A65 135
MOVE A66 135
MOVE A67 135
MOVE A68 135
MOVE A69 135
MOVE A70 112
MOVE A72 5
MOVE A73 5
MOVE A74 5
MOVE A75 5
MOVE A76 5
MOVE A77 5
END TURN 227
TURN 228
COMMAND LEFT START
MOVE A37 170
UPGRADE 173
COMMAND LEFT END
COMMAND RIGHT START
COMMAND RIGHT END
TURN 228 RESULT
TIME LEFT 0 5 RIGHT 18 5
UPGRADE A 173
MOVE A20 98
MOVE A37 116
MOVE A38 122
MOVE A39 122
MOVE A40 122
MOVE A41 122
MOVE A42 122
MOVE A65 155
MOVE A66 155
MOVE A67 155
MOVE A68 155
MOVE A69 155
MOVE A70 117
MOVE A72 11
MOVE A73 11
MOVE A74 11
MOVE A75 11
MOVE A76 11
MOVE A77 11
END TURN 228
TURN 229
COMMAND LEFT START
MOVE A53 173
MOVE A64 128
UPGRADE 117
COMMAND LEFT END
COMMAND RIGHT START
COMMAND RIGHT END
TURN 229 RESULT
TIME LEFT 0 5 RIGHT 18 5
UPGRADE A 117
MOVE A20 120
MOVE A37 122
MOVE A38 116
MOVE A39 116
MOVE A40 116
MOVE A41 116
MOVE A42 116
MOVE A53 125
MOVE A64 110
MOVE A65 171
MOVE A66 171
MOVE A67 171
MOVE A68 171
MOVE A69 171
MOVE A72 24
MOVE A73 24
MOVE A74 24
MOVE A75 24
MOVE A76 24
MOVE A77 24
END TURN 229
TURN 230
COMMAND LEFT START
UPGRADE 117
COMMAND LEFT END
COMMAND RIGHT START
COMMAND RIGHT END
TURN 230 RESULT
TIME LEFT 0 5 RIGHT 18 5
UPGRADE A 117
MOVE A20 136
MOVE A37 131
MOVE A38 105
MOVE A39 105
MOVE A40 105
MOVE A41 105
MOVE A42 105
MOVE A53 132
MOVE A64 112
MOVE A65 190
MOVE A66 190
MOVE A67 190
MOVE A68 190
MOVE A69 190
MOVE A72 42
MOVE A73 42
MOVE A74 42
MOVE A75 42
MOVE A76 42
MOVE A77 42
END TURN 230
TURN 231
COMMAND LEFT START
MOVE A38 117
UPGRADE 117
COMMAND LEFT END
COMMAND RIGHT START
COMMAND RIGHT END
TURN 231 RESULT
TIME LEFT 0 5 RIGHT 18 5
UPGRADE A 117
MOVE A37 136
MOVE A38 110
MOVE A53 148
MOVE A64 117
MOVE A65 201
MOVE A66 201
MOVE A67 201
MOVE A68 201
MOVE A69 201
MOVE A72 56
MOVE A73 56
MOVE A74 56
MOVE A75 56
MOVE A76 56
MOVE A77 56
DAMAGE TURRET A65 1
SIEGE B 201 5
END TURN 231
TURN 232
COMMAND LEFT START
MOVE A39 117
UPGRADE 170
COMMAND LEFT END
COMMAND RIGHT START
COMMAND RIGHT END
TURN 232 RESULT
TIME LEFT 0 5 RIGHT 18 5
UPGRADE A 170
MOVE A37 156
MOVE A38 112
MOVE A39 110
MOVE A53 157
MOVE A64 118
MOVE A72 71
MOVE A73 71
MOVE A74 71
MOVE A75 71
MOVE A76 71
MOVE A77 71
DAMAGE TURRET A65 1
SIEGE B 201 1
END TURN 232
TURN 233
COMMAND LEFT START
MOVE A40 170
MOVE A65 105
MOVE A66 105
MOVE A67 105
MOVE A68 105
UPGRADE 201
UPGRADE 173
COMMAND LEFT END
COMMAND RIGHT START
COMMAND RIGHT END
TURN 233 RESULT
TIME LEFT 0 5 RIGHT 18 5
UPGRADE A 173
UPGRADE A 201
MOVE A37 170
MOVE A38 117
MOVE A39 112
MOVE A40 116
MOVE A53 166
MOVE A64 129
MOVE A65 190
MOVE A66 190
MOVE A67 190
MOVE A68 190
MOVE A72 85
MOVE A73 85
MOVE A74 85
MOVE A75 85
MOVE A76 85
MOVE A77 85
END TURN 233
TURN 234
COMMAND LEFT START
MOVE A41 173
COMMAND LEFT END
COMMAND RIGHT START
COMMAND RIGHT END
TURN 234 RESULT
TIME LEFT 0 5 RIGHT 17 5
MOVE A39 117
MOVE A40 122
MOVE A41 125
MOVE A53 162
MOVE A64 123
MOVE A65 171
MOVE A66 171
MOVE A67 171
MOVE A68 171
MOVE A72 105
MOVE A73 105
MOVE A74 105
MOVE A75 105
MOVE A76 105
MOVE A77 105
END TURN 234
TURN 235
COMMAND LEFT START
TRAIN 1
COMMAND LEFT END
COMMAND RIGHT START
COMMAND RIGHT END
TURN 235 RESULT
TIME LEFT 0 5 RIGHT 18 5
TRAIN A78
MOVE A40 131
MOVE A41 132
MOVE A53 173
MOVE A64 128
MOVE A65 155
MOVE A66 155
MOVE A67 155
MOVE A68 155
END TURN 235
TURN 236
COMMAND LEFT START
MOVE A78 105
UPGRADE 128
TRAIN 1
COMMAND LEFT END
COMMAND RIGHT START
COMMAND RIGHT END
TURN 236 RESULT
TIME LEFT 0 5 RIGHT 17 5
UPGRADE A 128
TRAIN A79
MOVE A40 136
MOVE A41 148
MOVE A65 135
MOVE A66 135
MOVE A67 135
MOVE A68 135
MOVE A78 5
END TURN 236
TURN 237
COMMAND LEFT START
MOVE A79 105
TRAIN 3
COMMAND LEFT END
COMMAND RIGHT START
COMMAND RIGHT END
TURN 237 RESULT
TIME LEFT 0 5 RIGHT 16 5
TRAIN A80 A81 A82
MOVE A40 156
MOVE A41 157
MOVE A65 125
MOVE A66 125
MOVE A67 125
MOVE A68 125
MOVE A78 11
MOVE A79 5
END TURN 237
TURN 238
COMMAND LEFT START
MOVE A82 105
MOVE A81 105
MOVE A80 105
TRAIN 3
COMMAND LEFT END
COMMAND RIGHT START
COMMAND RIGHT END
TURN 238 RESULT
TIME LEFT 1 5 RIGHT 18 5
TRAIN A83 A84 A85
MOVE A40 170
MOVE A41 166
MOVE A65 105
MOVE A66 105
MOVE A67 105
MOVE A68 105
MOVE A78 24
MOVE A79 11
MOVE A80 5
MOVE A81 5
MOVE A82 5
END TURN 238
TURN 239
COMMAND LEFT START
MOVE A85 105
MOVE A84 105
MOVE A83 105
TRAIN 3
COMMAND LEFT END
COMMAND RIGHT START
COMMAND RIGHT END
TURN 239 RESULT
TIME LEFT 1 5 RIGHT 18 5
TRAIN A86 A87 A88
MOVE A41 162
MOVE A78 42
MOVE A79 24
MOVE A80 11
MOVE A81 11
MOVE A82 11
MOVE A83 5
MOVE A84 5
MOVE A85 5
END TURN 239
TURN 240
COMMAND LEFT START
MOVE A88 105
MOVE A87 105
MOVE A86 105
TRAIN 3
COMMAND LEFT END
COMMAND RIGHT START
UPGRADE 210
COMMAND RIGHT END
TURN 240 RESULT
TIME LEFT 1 5 RIGHT 18 5
UPGRADE B 210
TRAIN A89 A90 A91
MOVE A41 173
MOVE A78 56
MOVE A79 42
MOVE A80 24
MOVE A81 24
MOVE A82 24
MOVE A83 11
MOVE A84 11
MOVE A85 11
MOVE A86 5
MOVE A87 5
MOVE A88 5
END TURN 240
TURN 241
COMMAND LEFT START
MOVE A91 105
MOVE A90 105
MOVE A89 105
TRAIN 3
COMMAND LEFT END
COMMAND RIGHT START
COMMAND RIGHT END
TURN 241 RESULT
TIME LEFT 1 5 RIGHT 18 5
TRAIN A92 A93 A94
MOVE A78 71
MOVE A79 56
MOVE A80 42
MOVE A81 42
MOVE A82 42
MOVE A83 24
MOVE A84 24
MOVE A85 24
MOVE A86 11
MOVE A87 11
MOVE A88 11
MOVE A89 5
MOVE A90 5
MOVE A91 5
END TURN 241
TURN 242
COMMAND LEFT START
MOVE A94 105
MOVE A93 105
MOVE A92 105
TRAIN 3
COMMAND LEFT END
COMMAND RIGHT START
COMMAND RIGHT END
TURN 242 RESULT
TIME LEFT 1 5 RIGHT 18 5
TRAIN A95 A96 A97
MOVE A78 85
MOVE A79 71
MOVE A80 56
MOVE A81 56
MOVE A82 56
MOVE A83 42
MOVE A84 42
MOVE A85 42
MOVE A86 24
MOVE A87 24
MOVE A88 24
MOVE A89 11
MOVE A90 11
MOVE A91 11
MOVE A92 5
MOVE A93 5
MOVE A94 5
END TURN 242
TURN 243
COMMAND LEFT START
MOVE A97 105
MOVE A96 105
MOVE A95 105
TRAIN 3
COMMAND LEFT END
COMMAND RIGHT START
COMMAND RIGHT END
TURN 243 RESULT
TIME LEFT 1 5 RIGHT 17 5
TRAIN A98 A99 A100
MOVE A78 105
MOVE A79 85
MOVE A80 71
MOVE A81 71
MOVE A82 71
MOVE A83 56
MOVE A84 56
MOVE A85 56
MOVE A86 42
MOVE A87 42
MOVE A88 42
MOVE A89 24
MOVE A90 24
MOVE A91 24
MOVE A92 11
MOVE A93 11
MOVE A94 11
MOVE A95 5
MOVE A96 5
MOVE A97 5
END TURN 243
TURN 244
COMMAND LEFT START
MOVE A100 105
MOVE A99 105
MOVE A98 105
TRAIN 3
COMMAND LEFT END
COMMAND RIGHT START
COMMAND RIGHT END
TURN 244 RESULT
TIME LEFT 1 5 RIGHT 18 5
TRAIN A101 A102 A103
MOVE A79 105
MOVE A80 85
MOVE A81 85
MOVE A82 85
MOVE A83 71
MOVE A84 71
MOVE A85 71
MOVE A86 56
MOVE A87 56
MOVE A88 56
MOVE A89 42
MOVE A90 42
MOVE A91 42
MOVE A92 24
MOVE A93 24
MOVE A94 24
MOVE A95 11
MOVE A96 11
MOVE A97 11
MOVE A98 5
MOVE A99 5
MOVE A100 5
END TURN 244
TURN 245
COMMAND LEFT START
MOVE A103 105
MOVE A102 105
MOVE A101 105
TRAIN 3
COMMAND LEFT END
COMMAND RIGHT START
COMMAND RIGHT END
TURN 245 RESULT
TIME LEFT 1 5 RIGHT 18 5
TRAIN A104 A105 A106
MOVE A80 105
MOVE A81 105
MOVE A82 105
MOVE A83 85
MOVE A84 85
MOVE A85 85
MOVE A86 71
MOVE A87 71
MOVE A88 71
MOVE A89 56
MOVE A90 56
MOVE A91 56
MOVE A92 42
MOVE A93 42
MOVE A94 42
MOVE A95 24
MOVE A96 24
MOVE A97 24
MOVE A98 11
MOVE A99 11
MOVE A100 11
MOVE A101 5
MOVE A102 5
MOVE A103 5
END TURN 245
TURN 246
COMMAND LEFT START
MOVE A106 105
MOVE A105 105
MOVE A104 105
TRAIN 3
COMMAND LEFT END
COMMAND RIGHT START
COMMAND RIGHT END
TURN 246 RESULT
TIME LEFT 1 5 RIGHT 17 5
TRAIN A107 A108 A109
MOVE A83 105
MOVE A84 105
MOVE A85 105
MOVE A86 85
MOVE A87 85
MOVE A88 85
MOVE A89 71
MOVE A90 71
MOVE A91 71
MOVE A92 56
MOVE A93 56
MOVE A94 56
MOVE A95 42
MOVE A96 42
MOVE A97 42
MOVE A98 24
MOVE A99 24
MOVE A100 24
MOVE A101 11
MOVE A102 11
MOVE A103 11
MOVE A104 5
MOVE A105 5
MOVE A106 5
END TURN 246
TURN 247
COMMAND LEFT START
MOVE A109 105
MOVE A108 105
MOVE A107 105
TRAIN 3
COMMAND LEFT END
COMMAND RIGHT START
COMMAND RIGHT END
TURN 247 RESULT
TIME LEFT 1 5 RIGHT 18 5
TRAIN A110 A111 A112
MOVE A86 105
MOVE A87 105
MOVE A88 105
MOVE A89 85
MOVE A90 85
MOVE A91 85
MOVE A92 71
MOVE A93 71
MOVE A94 71
MOVE A95 56
MOVE A96 56
MOVE A97 56
MOVE A98 42
MOVE A99 42
MOVE A100 42
MOVE A101 24
MOVE A102 24
MOVE A103 24
MOVE A104 11
MOVE A105 11
MOVE A106 11
MOVE A107 5
MOVE A108 5
MOVE A109 5
END TURN 247
TURN 248
COMMAND LEFT START
MOVE A112 105
MOVE A111 105
MOVE A110 105
TRAIN 3
COMMAND LEFT END
COMMAND RIGHT START
COMMAND RIGHT END
TURN 248 RESULT
TIME LEFT 2 5 RIGHT 17 5
TRAIN A113 A114 A115
MOVE A89 105
MOVE A90 105
MOVE A91 105
MOVE A92 85
MOVE A93 85
MOVE A94 85
MOVE A95 71
MOVE A96 71
MOVE A97 71
MOVE A98 56
MOVE A99 56
MOVE A100 56
MOVE A101 42
MOVE A102 42
MOVE A103 42
MOVE A104 24
MOVE A105 24
MOVE A106 24
MOVE A107 11
MOVE A108 11
MOVE A109 11
MOVE A110 5
MOVE A111 5
MOVE A112 5
END TURN 248
TURN 249
COMMAND LEFT START
MOVE A115 105
MOVE A114 105
MOVE A113 105
TRAIN 3
COMMAND LEFT END
COMMAND RIGHT START
COMMAND RIGHT END
TURN 249 RESULT
TIME LEFT 4 5 RIGHT 17 5
TRAIN A116 A117 A118
MOVE A92 105
MOVE A93 105
MOVE A94 105
MOVE A95 85
MOVE A96 85
MOVE A97 85
MOVE A98 71
MOVE A99 71
MOVE A100 71
MOVE A101 56
MOVE A102 56
MOVE A103 56
MOVE A104 42
MOVE A105 42
MOVE A106 42
MOVE A107 24
MOVE A108 24
MOVE A109 24
MOVE A110 11
MOVE A111 11
MOVE A112 11
MOVE A113 5
MOVE A114 5
MOVE A115 5
END TURN 249
TURN 250
COMMAND LEFT START
MOVE A94 210
MOVE A93 210
MOVE A92 210
MOVE A91 210
MOVE A90 210
MOVE A89 210
MOVE A88 210
MOVE A87 210
MOVE A86 210
MOVE A85 210
MOVE A84 210
MOVE A83 210
MOVE A82 210
MOVE A81 210
MOVE A80 210
MOVE A79 210
MOVE A78 210
MOVE A77 210
MOVE A76 210
MOVE A75 210
MOVE A74 210
MOVE A73 210
MOVE A72 210
MOVE A68 210
MOVE A67 210
MOVE A66 210
MOVE A65 210
MOVE A63 210
MOVE A61 210
MOVE A60 210
MOVE A59 210
MOVE A58 210
MOVE A57 210
MOVE A56 210
MOVE A55 210
COMMAND LEFT END
COMMAND RIGHT START
COMMAND RIGHT END
TURN 250 RESULT
TIME LEFT 2 5 RIGHT 17 5
MOVE A55 125
MOVE A56 125
MOVE A57 125
MOVE A58 125
MOVE A59 125
MOVE A60 125
MOVE A61 125
MOVE A63 125
MOVE A65 125
MOVE A66 125
MOVE A67 125
MOVE A68 125
MOVE A72 125
MOVE A73 125
MOVE A74 125
MOVE A75 125
MOVE A76 125
MOVE A77 125
MOVE A78 125
MOVE A79 125
MOVE A80 125
MOVE A81 125
MOVE A82 125
MOVE A83 125
MOVE A84 125
MOVE A85 125
MOVE A86 125
MOVE A87 125
MOVE A88 125
MOVE A89 125
MOVE A90 125
MOVE A91 125
MOVE A92 125
MOVE A93 125
MOVE A94 125
MOVE A95 105
MOVE A96 105
MOVE A97 105
MOVE A98 85
MOVE A99 85
MOVE A100 85
MOVE A101 71
MOVE A102 71
MOVE A103 71
MOVE A104 56
MOVE A105 56
MOVE A106 56
MOVE A107 42
MOVE A108 42
MOVE A109 42
MOVE A110 24
MOVE A111 24
MOVE A112 24
MOVE A113 11
MOVE A114 11
MOVE A115 11
END TURN 250
TURN 251
COMMAND LEFT START
TRAIN 3
COMMAND LEFT END
COMMAND RIGHT START
COMMAND RIGHT END
TURN 251 RESULT
TIME LEFT 0 5 RIGHT 17 5
TRAIN A119 A120 A121
MOVE A55 139
MOVE A56 139
MOVE A57 139
MOVE A58 139
MOVE A59 139
MOVE A60 139
MOVE A61 139
MOVE A63 139
MOVE A65 139
MOVE A66 139
MOVE A67 139
MOVE A68 139
MOVE A72 139
MOVE A73 139
MOVE A74 139
MOVE A75 139
MOVE A76 139
MOVE A77 139
MOVE A78 139
MOVE A79 139
MOVE A80 139
MOVE A81 139
MOVE A82 139
MOVE A83 139
MOVE A84 139
MOVE A85 139
MOVE A86 139
MOVE A87 139
MOVE A88 139
MOVE A89 139
MOVE A90 139
MOVE A91 139
MOVE A92 139
MOVE A93 139
MOVE A94 139
MOVE A98 105
MOVE A99 105
MOVE A100 105
MOVE A101 85
MOVE A102 85
MOVE A103 85
MOVE A104 71
MOVE A105 71
MOVE A106 71
MOVE A107 56
MOVE A108 56
MOVE A109 56
MOVE A110 42
MOVE A111 42
MOVE A112 42
MOVE A113 24
MOVE A114 24
MOVE A115 24
END TURN 251
TURN 252
COMMAND LEFT START
TRAIN 3
COMMAND LEFT END
COMMAND RIGHT START
COMMAND RIGHT END
TURN 252 RESULT
TIME LEFT 0 5 RIGHT 17 5
TRAIN A122 A123 A124
MOVE A55 154
MOVE A56 154
MOVE A57 154
MOVE A58 154
MOVE A59 154
MOVE A60 154
MOVE A61 154
MOVE A63 154
MOVE A65 154
MOVE A66 154
MOVE A67 154
MOVE A68 154
MOVE A72 154
MOVE A73 154
MOVE A74 154
MOVE A75 154
MOVE A76 154
MOVE A77 154
MOVE A78 154
MOVE A79 154
MOVE A80 154
MOVE A81 154
MOVE A82 154
MOVE A83 154
MOVE A84 154
MOVE A85 154
MOVE A86 154
MOVE A87 154
MOVE A88 154
MOVE A89 154
MOVE A90 154
MOVE A91 154
MOVE A92 154
MOVE A93 154
MOVE A94 154
MOVE A101 105
MOVE A102 105
MOVE A103 105
MOVE A104 85
MOVE A105 85
MOVE A106 85
MOVE A107 71
MOVE A108 71
MOVE A109 71
MOVE A110 56
MOVE A111 56
MOVE A112 56
MOVE A113 42
MOVE A114 42
MOVE A115 42
END TURN 252
TURN 253
COMMAND LEFT START
TRAIN 3
COMMAND LEFT END
COMMAND RIGHT START
COMMAND RIGHT END
TURN 253 RESULT
TIME LEFT 0 5 RIGHT 17 5
TRAIN A125 A126 A127
MOVE A55 168
MOVE A56 168
MOVE A57 168
MOVE A58 168
MOVE A59 168
MOVE A60 168
MOVE A61 168
MOVE A63 168
MOVE A65 168
MOVE A66 168
MOVE A67 168
MOVE A68 168
MOVE A72 168
MOVE A73 168
MOVE A74 168
MOVE A75 168
MOVE A76 168
MOVE A77 168
MOVE A78 168
MOVE A79 168
MOVE A80 168
MOVE A81 168
MOVE A82 168
MOVE A83 168
MOVE A84 168
MOVE A85 168
MOVE A86 168
MOVE A87 168
MOVE A88 168
MOVE A89 168
MOVE A90 168
MOVE A91 168
MOVE A92 168
MOVE A93 168
MOVE A94 168
MOVE A104 105
MOVE A105 105
MOVE A106 105
MOVE A107 85
MOVE A108 85
MOVE A109 85
MOVE A110 71
MOVE A111 71
MOVE A112 71
MOVE A113 56
MOVE A114 56
MOVE A115 56
END TURN 253
TURN 254
COMMAND LEFT START
TRAIN 3
COMMAND LEFT END
COMMAND RIGHT START
COMMAND RIGHT END
TURN 254 RESULT
TIME LEFT 0 5 RIGHT 17 5
TRAIN A128 A129 A130
MOVE A55 186
MOVE A56 186
MOVE A57 186
MOVE A58 186
MOVE A59 186
MOVE A60 186
MOVE A61 186
MOVE A63 186
MOVE A65 186
MOVE A66 186
MOVE A67 186
MOVE A68 186
MOVE A72 186
MOVE A73 186
MOVE A74 186
MOVE A75 186
MOVE A76 186
MOVE A77 186
MOVE A78 186
MOVE A79 186
MOVE A80 186
MOVE A81 186
MOVE A82 186
MOVE A83 186
MOVE A84 186
MOVE A85 186
MOVE A86 186
MOVE A87 186
MOVE A88 186
MOVE A89 186
MOVE A90 186
MOVE A91 186
MOVE A92 186
MOVE A93 186
MOVE A94 186
MOVE A107 105
MOVE A108 105
MOVE A109 105
MOVE A110 85
MOVE A111 85
MOVE A112 85
MOVE A113 71
MOVE A114 71
MOVE A115 71
END TURN 254
TURN 255
COMMAND LEFT START
TRAIN 3
COMMAND LEFT END
COMMAND RIGHT START
COMMAND RIGHT END
TURN 255 RESULT
TIME LEFT 0 5 RIGHT 17 5
TRAIN A131 A132 A133
MOVE A55 199
MOVE A56 199
MOVE A57 199
MOVE A58 199
MOVE A59 199
MOVE A60 199
MOVE A61 199
MOVE A63 199
MOVE A65 199
MOVE A66 199
MOVE A67 199
MOVE A68 199
MOVE A72 199
MOVE A73 199
MOVE A74 199
MOVE A75 199
MOVE A76 199
MOVE A77 199
MOVE A78 199
MOVE A79 199
MOVE A80 199
MOVE A81 199
MOVE A82 199
MOVE A83 199
MOVE A84 199
MOVE A85 199
MOVE A86 199
MOVE A87 199
MOVE A88 199
MOVE A89 199
MOVE A90 199
MOVE A91 199
MOVE A92 199
MOVE A93 199
MOVE A94 199
MOVE A110 105
MOVE A111 105
MOVE A112 105
MOVE A113 85
MOVE A114 85
MOVE A115 85
END TURN 255
TURN 256
COMMAND LEFT START
TRAIN 3
COMMAND LEFT END
COMMAND RIGHT START
TRAIN 3
COMMAND RIGHT END
TURN 256 RESULT
TIME LEFT 0 5 RIGHT 17 5
TRAIN A134 A135 A136 B17 B18 B19
MOVE A55 205
MOVE A56 205
MOVE A57 205
MOVE A58 205
MOVE A59 205
MOVE A60 205
MOVE A61 205
MOVE A63 205
MOVE A65 205
MOVE A66 205
MOVE A67 205
MOVE A68 205
MOVE A72 205
MOVE A73 205
MOVE A74 205
MOVE A75 205
MOVE A76 205
MOVE A77 205
MOVE A78 205
MOVE A79 205
MOVE A80 205
MOVE A81 205
MOVE A82 205
MOVE A83 205
MOVE A84 205
MOVE A85 205
MOVE A86 205
MOVE A87 205
MOVE A88 205
MOVE A89 205
MOVE A90 205
MOVE A91 205
MOVE A92 205
MOVE A93 205
MOVE A94 205
MOVE A113 105
MOVE A114 105
MOVE A115 105
END TURN 256
TURN 257
COMMAND LEFT START
TRAIN 3
COMMAND LEFT END
COMMAND RIGHT START
TRAIN 3
COMMAND RIGHT END
TURN 257 RESULT
TIME LEFT 0 5 RIGHT 17 5
TRAIN A137 A138 A139 B20 B21 B22
MOVE A55 210
MOVE A56 210
MOVE A57 210
MOVE A58 210
MOVE A59 210
MOVE A60 210
MOVE A61 210
MOVE A63 210
MOVE A65 210
MOVE A66 210
MOVE A67 210
MOVE A68 210
MOVE A72 210
MOVE A73 210
MOVE A74 210
MOVE A75 210
MOVE A76 210
MOVE A77 210
MOVE A78 210
MOVE A79 210
MOVE A80 210
MOVE A81 210
MOVE A82 210
MOVE A83 210
MOVE A84 210
MOVE A85 210
MOVE A86 210
MOVE A87 210
MOVE A88 210
MOVE A89 210
MOVE A90 210
MOVE A91 210
MOVE A92 210
MOVE A93 210
MOVE A94 210
DAMAGE TURRET A65 3
DAMAGE COMBAT A55 7
DAMAGE COMBAT A65 3
DAMAGE COMBAT B1 4
DAMAGE COMBAT B2 4
DAMAGE COMBAT B8 5
DAMAGE COMBAT B9 6
DAMAGE COMBAT B17 8
DAMAGE COMBAT B18 8
END TURN 257
TURN 258
COMMAND LEFT START
TRAIN 3
COMMAND LEFT END
COMMAND RIGHT START
TRAIN 3
COMMAND RIGHT END
TURN 258 RESULT
TIME LEFT 0 5 RIGHT 16 5
TRAIN A140 A141 A142 B23 B24 B25
DAMAGE TURRET A55 1
DAMAGE TURRET A56 2
DAMAGE COMBAT A56 6
DAMAGE COMBAT A57 1
DAMAGE COMBAT B19 8
DAMAGE COMBAT B20 8
DAMAGE COMBAT B21 8
DAMAGE COMBAT B22 8
DAMAGE COMBAT B23 2
END TURN 258
TURN 259
COMMAND LEFT START
TRAIN 3
COMMAND LEFT END
COMMAND RIGHT START
TRAIN 1
COMMAND RIGHT END
TURN 259 RESULT
TIME LEFT 0 5 RIGHT 17 5
TRAIN A143 A144 A145 B26
DAMAGE TURRET A57 3
DAMAGE COMBAT A57 4
DAMAGE COMBAT B23 6
DAMAGE COMBAT B24 8
DAMAGE COMBAT B25 8
DAMAGE COMBAT B26 8
SIEGE B 210 2
END TURN 259
TURN 260
COMMAND LEFT START
TRAIN 3
COMMAND LEFT END
COMMAND RIGHT START
COMMAND RIGHT END
TURN 260 RESULT
TIME LEFT 0 5 RIGHT 16 5
TRAIN A146 A147 A148
DAMAGE TURRET A58 3
SIEGE B 210 28
END TURN 260
RESULT LEFT_WIN HQ_DESTROYED
