[LEFT ""]
[RIGHT ""]
MAP
205 17
-10894 -10740 -10467 -10568 -8739 -9651 -8615 -9897 -9753 -8551 -9171 -8423 -7979 -7964 -8046 -7908 -7962 -7455 -7496 -7904 -7151 -7179 -7116 -6980 -6897 -6859 -6940 -7095 -6181 -6382 -6021 -6105 -5754 -5912 -5675 -5885 -5578 -5421 -5527 -5205 -6111 -5037 -5010 -4850 -4932 -4869 -4861 -5274 -4568 -4420 -4369 -4434 -4224 -3931 -3831 -4227 -3673 -3442 -3651 -3595 -3567 -3428 -3890 -3493 -3215 -3209 -3154 -2634 -2750 -2764 -3089 -2616 -2544 -2675 -2914 -2203 -2071 -1844 -2032 -1717 -1835 -1677 -1794 -1756 -1516 -1408 -1500 -1243 -1081 -942 -839 -908 -791 -764 -506 -664 -657 -291 -442 -342 -114 -226 0 226 114 342 442 291 657 664 506 764 791 908 839 942 1081 1243 1500 1408 1516 1756 1794 1677 1835 1717 2032 1844 2071 2203 2914 2675 2544 2616 3089 2764 2750 2634 3154 3209 3215 3493 3890 3428 3567 3595 3651 3442 3673 4227 3831 3931 4224 4434 4369 4420 4568 5274 4861 4869 4932 4850 5010 5037 6111 5205 5527 5421 5578 5885 5675 5912 5754 6105 6021 6382 6181 7095 6940 6859 6897 6980 7116 7179 7151 7904 7496 7455 7962 7908 8046 7964 7979 8423 9171 8551 9753 9897 8615 9651 8739 10568 10467 10740 10894
1402 -1992 -468 -3806 -1277 -4844 -2806 5442 3274 224 -6446 2153 3870 -3832 1003 -631 5271 -5421 -2486 7044 2176 -1441 -4040 747 4548 -465 -6295 -8466 -4115 3265 39 -2542 5093 6538 -1425 1948 -6106 -5117 1096 3012 9238 4287 -7318 175 -4224 -2990 7510 -9296 -6248 1091 2355 -946 6533 -3981 3436 -9634 -5004 7636 -6526 -2597 1522 -7949 9526 5404 4412 -1475 30 -7260 -5871 -3653 -10671 1089 2164 6404 10575 3438 -4838 -1755 8167 557 -8292 -612 6936 -3057 -6330 5581 -9727 11038 1423 7946 -4067 4084 2605 9046 6710 -7285 -11157 -5302 -2889 -9007 -8177 -1385 0 1385 8177 9007 2889 5302 11157 7285 -6710 -9046 -2605 -4084 4067 -7946 -1423 -11038 9727 -5581 6330 3057 -6936 612 8292 -557 -8167 1755 4838 -3438 -10575 -6404 -2164 -1089 10671 3653 5871 7260 -30 1475 -4412 -5404 -9526 7949 -1522 2597 6526 -7636 5004 9634 -3436 3981 -6533 946 -2355 -1091 6248 9296 -7510 2990 4224 -175 7318 -4287 -9238 -3012 -1096 5117 6106 -1948 1425 -6538 -5093 2542 -39 -3265 4115 8466 6295 465 -4548 -747 4040 1441 -2176 -7044 2486 5421 -5271 631 -1003 3832 -3870 -2153 6446 -224 -3274 -5442 2806 4844 1277 3806 468 1992 -1402
STRONGHOLDS 25 26 39 45 63 68 87 89 102 115 117 136 141 159 165 178 179
4 2 8 9 11
4 2 3 4 6
4 0 1 4 9
3 1 5 6
7 1 2 6 9 15 18 21
5 3 6 10 13 17
6 1 3 4 5 13 18
4 8 12 16 19
4 0 7 11 12
6 0 2 4 11 14 15
4 5 17 26 27
6 0 8 9 12 14 20
7 7 8 11 16 20 24 29
5 5 6 17 18 22
5 9 11 15 20 23
6 4 9 14 21 23 25
5 7 12 19 24 33
7 5 10 13 22 26 28 37
6 4 6 13 21 22 31
4 7 16 33 40
6 11 12 14 23 29 35
6 4 15 18 25 31 34
5 13 17 18 28 31
7 14 15 20 25 30 35 38
5 12 16 29 32 33
5 15 21 23 30 34
6 10 17 27 36 37 42
4 10 26 42 47
6 17 22 31 37 44 45
7 12 20 24 32 35 39 41
5 23 25 34 38 43
6 18 21 22 28 34 45
6 24 29 33 41 52 63
7 16 19 24 32 40 46 52
7 21 25 30 31 43 45 51
6 20 23 29 38 39 50
4 26 37 42 48
7 17 26 28 36 44 48 56
6 23 30 35 43 49 50
5 29 35 41 50 54
4 19 33 46 62
6 29 32 39 54 63 64
7 26 27 36 47 48 58 61
6 30 34 38 49 51 66
5 28 37 45 53 56
7 28 31 34 44 51 53 59
5 33 40 52 57 62
4 27 42 55 61
5 36 37 42 56 58
5 38 43 50 60 66
7 35 38 39 49 54 60 72
6 34 43 45 59 65 66
6 32 33 46 57 63 73
5 44 45 56 59 69
6 39 41 50 64 72 75
4 47 61 70 80
8 37 44 48 53 58 68 69 76
6 46 52 62 73 78 82
6 42 48 56 61 67 68
7 45 51 53 65 69 77 83
5 49 50 66 71 72
6 42 47 55 58 67 80
5 40 46 57 74 78
6 32 41 52 64 73 85
5 41 54 63 75 85
5 51 59 66 77 81
8 43 49 51 60 65 71 79 81
6 58 61 68 80 84 95
5 56 58 67 76 84
5 53 56 59 76 83
4 55 80 86 96
5 60 66 72 79 88
7 50 54 60 71 75 88 92
5 52 57 63 82 85
4 62 78 87 93
6 54 64 72 85 91 92
7 56 68 69 83 84 90 97
6 59 65 81 83 98 101
6 57 62 74 82 89 93
5 66 71 81 88 102
8 55 61 67 70 86 95 99 100
6 65 66 77 79 101 102
6 57 73 78 85 89 94
6 59 69 76 77 90 98
5 67 68 76 95 97
8 63 64 73 75 82 91 94 107
4 70 80 96 99
3 74 93 108
6 71 72 79 92 102 103
5 78 82 93 94 104
5 76 83 97 98 113
6 75 85 92 106 107 114
6 72 75 88 91 103 106
7 74 78 87 89 104 105 108
6 82 85 89 104 107 109
6 67 80 84 97 100 110
5 70 86 99 111 117
7 76 84 90 95 110 113 119
6 77 83 90 101 112 113
5 80 86 96 100 111
6 80 95 99 110 111 115
6 77 81 98 102 112 116
8 79 81 88 101 103 116 123 125
6 88 92 102 106 123 127
6 89 93 94 105 109 124
5 93 104 108 118 124
6 91 92 103 114 121 127
7 85 91 94 109 114 120 128
5 87 93 105 118 134
6 94 104 107 120 124 137
6 95 97 100 115 119 122
7 96 99 100 115 117 126 130
6 98 101 113 116 129 132
6 90 97 98 112 119 129
5 91 106 107 121 128
5 100 110 111 122 126
6 101 102 112 125 132 133
3 96 111 130
4 105 108 124 134
8 97 110 113 122 129 131 140 141
5 107 109 128 136 137
6 106 114 127 128 135 145
6 110 115 119 126 131 147
6 102 103 125 127 138 139
8 104 105 109 118 134 137 143 149
5 102 116 123 133 138
6 111 115 122 130 142 147
6 103 106 121 123 139 145
7 107 114 120 121 135 136 148
6 112 113 119 132 140 150
4 111 117 126 142
5 119 122 141 147 152
7 112 116 129 133 144 150 154
5 116 125 132 138 144
4 108 118 124 149
5 121 128 145 148 151
5 120 128 137 146 148
6 109 120 124 136 143 146
8 123 125 133 139 144 153 155 161
5 123 127 138 145 153
5 119 129 141 150 163
6 119 131 140 152 163 172
5 126 130 147 158 164
6 124 137 146 149 157 162
5 132 133 138 154 155
7 121 127 135 139 151 153 159
6 136 137 143 148 156 162
6 122 126 131 142 152 158
8 128 135 136 146 151 156 160 167
4 124 134 143 157
6 129 132 140 154 163 165
5 135 145 148 159 160
6 131 141 147 158 171 172
6 138 139 145 159 161 170
7 132 144 150 155 165 166 169
5 138 144 154 161 166
5 146 148 162 167 168
4 143 149 162 177
5 142 147 152 164 171
7 145 151 153 160 170 173 176
5 148 151 159 167 176
6 138 153 155 166 170 174
7 143 146 156 157 168 177 178
6 140 141 150 165 172 175
4 142 158 171 185
5 150 154 163 169 175
6 154 155 161 169 174 181
7 148 156 160 168 176 178 187
4 156 162 167 178
6 154 165 166 175 181 184
7 153 159 161 173 174 179 183
7 152 158 164 172 180 185 188
6 141 152 163 171 175 180
6 159 170 176 182 183 186
5 161 166 170 179 181
7 163 165 169 172 180 184 192
6 159 160 167 173 182 187
4 157 162 178 194
6 162 167 168 177 187 194
5 170 174 181 183 189
5 171 172 175 188 192
7 166 169 174 179 184 189 190
5 173 176 186 187 191
6 170 173 179 186 189 200
6 169 175 181 190 192 193
4 164 171 188 197
6 173 182 183 191 198 200
7 167 176 178 182 191 194 199
5 171 180 185 192 197
6 179 181 183 190 195 200
5 181 184 189 193 195
5 182 186 187 198 199
7 175 180 184 188 193 196 197
6 184 190 192 195 196 204
4 177 178 187 199
6 189 190 193 200 202 204
4 192 193 197 204
4 185 188 192 196
6 186 191 199 200 201 203
5 187 191 194 198 201
7 183 186 189 195 198 202 203
3 198 199 203
4 195 200 203 204
4 198 200 201 202
4 193 195 196 202
END MAP
TURN 1
COMMAND LEFT START
TRAIN 1
COMMAND LEFT END
COMMAND RIGHT START
MOVE B1 179
MOVE B2 102
COMMAND RIGHT END
TURN 1 RESULT
TIME LEFT 0 5 RIGHT 1 5
TRAIN A4
MOVE B1 195
MOVE B2 193
END TURN 1
TURN 2
COMMAND LEFT START
TRAIN 1
COMMAND LEFT END
COMMAND RIGHT START
COMMAND RIGHT END
TURN 2 RESULT
TIME LEFT 0 5 RIGHT 0 5
TRAIN A5
MOVE B1 189
MOVE B2 184
END TURN 2
TURN 3
COMMAND LEFT START
TRAIN 1
COMMAND LEFT END
COMMAND RIGHT START
COMMAND RIGHT END
TURN 3 RESULT
TIME LEFT 0 5 RIGHT 0 5
TRAIN A6
MOVE B1 179
MOVE B2 169
END TURN 3
TURN 4
COMMAND LEFT START
TRAIN 1
COMMAND LEFT END
COMMAND RIGHT START
UPGRADE 179
COMMAND RIGHT END
TURN 4 RESULT
TIME LEFT 0 5 RIGHT 0 5
UPGRADE B 179
TRAIN A7
MOVE B2 154
END TURN 4
TURN 5
COMMAND LEFT START
TRAIN 1
COMMAND LEFT END
COMMAND RIGHT START
COMMAND RIGHT END
TURN 5 RESULT
TIME LEFT 0 5 RIGHT 0 5
TRAIN A8
MOVE B2 144
END TURN 5
TURN 6
COMMAND LEFT START
MOVE A2 204
MOVE A3 204
MOVE A4 204
MOVE A5 204
MOVE A6 204
MOVE A7 204
MOVE A8 204
COMMAND LEFT END
COMMAND RIGHT START
COMMAND RIGHT END
TURN 6 RESULT
TIME LEFT 0 5 RIGHT 0 5
MOVE A2 9
MOVE A3 9
MOVE A4 9
MOVE A5 9
MOVE A6 9
MOVE A7 9
MOVE A8 9
MOVE B2 133
END TURN 6
TURN 7
COMMAND LEFT START
COMMAND LEFT END
COMMAND RIGHT START
COMMAND RIGHT END
TURN 7 RESULT
TIME LEFT 0 5 RIGHT 0 5
MOVE A2 15
MOVE A3 15
MOVE A4 15
MOVE A5 15
MOVE A6 15
MOVE A7 15
MOVE A8 15
MOVE B2 125
END TURN 7
TURN 8
COMMAND LEFT START
COMMAND LEFT END
COMMAND RIGHT START
COMMAND RIGHT END
TURN 8 RESULT
TIME LEFT 0 5 RIGHT 0 5
MOVE A2 25
MOVE A3 25
MOVE A4 25
MOVE A5 25
MOVE A6 25
MOVE A7 25
MOVE A8 25
MOVE B2 102
END TURN 8
TURN 9
COMMAND LEFT START
COMMAND LEFT END
COMMAND RIGHT START
COMMAND RIGHT END
TURN 9 RESULT
TIME LEFT 0 5 RIGHT 0 5
MOVE A2 30
MOVE A3 30
MOVE A4 30
MOVE A5 30
MOVE A6 30
MOVE A7 30
MOVE A8 30
END TURN 9
TURN 10
COMMAND LEFT START
COMMAND LEFT END
COMMAND RIGHT START
COMMAND RIGHT END
TURN 10 RESULT
TIME LEFT 0 5 RIGHT 0 5
MOVE A2 43
MOVE A3 43
MOVE A4 43
MOVE A5 43
MOVE A6 43
MOVE A7 43
MOVE A8 43
END TURN 10
TURN 11
COMMAND LEFT START
COMMAND LEFT END
COMMAND RIGHT START
COMMAND RIGHT END
TURN 11 RESULT
TIME LEFT 0 5 RIGHT 0 5
MOVE A2 66
MOVE A3 66
MOVE A4 66
MOVE A5 66
MOVE A6 66
MOVE A7 66
MOVE A8 66
END TURN 11
TURN 12
COMMAND LEFT START
COMMAND LEFT END
COMMAND RIGHT START
TRAIN 1
COMMAND RIGHT END
TURN 12 RESULT
TIME LEFT 0 5 RIGHT 0 5
TRAIN B4
MOVE A2 81
MOVE A3 81
MOVE A4 81
MOVE A5 81
MOVE A6 81
MOVE A7 81
MOVE A8 81
END TURN 12
TURN 13
COMMAND LEFT START
COMMAND LEFT END
COMMAND RIGHT START
TRAIN 1
COMMAND RIGHT END
TURN 13 RESULT
TIME LEFT 0 5 RIGHT 0 5
TRAIN B5
MOVE A2 101
MOVE A3 101
MOVE A4 101
MOVE A5 101
MOVE A6 101
MOVE A7 101
MOVE A8 101
END TURN 13
TURN 14
COMMAND LEFT START
COMMAND LEFT END
COMMAND RIGHT START
TRAIN 1
COMMAND RIGHT END
TURN 14 RESULT
TIME LEFT 0 5 RIGHT 0 5
TRAIN B6
MOVE A2 116
MOVE A3 116
MOVE A4 116
MOVE A5 116
MOVE A6 116
MOVE A7 116
MOVE A8 116
END TURN 14
TURN 15
COMMAND LEFT START
COMMAND LEFT END
COMMAND RIGHT START
TRAIN 1
COMMAND RIGHT END
TURN 15 RESULT
TIME LEFT 0 5 RIGHT 0 5
TRAIN B7
MOVE A2 132
MOVE A3 132
MOVE A4 132
MOVE A5 132
MOVE A6 132
MOVE A7 132
MOVE A8 132
END TURN 15
TURN 16
COMMAND LEFT START
COMMAND LEFT END
COMMAND RIGHT START
COMMAND RIGHT END
TURN 16 RESULT
TIME LEFT 0 5 RIGHT 0 5
MOVE A2 154
MOVE A3 154
MOVE A4 154
MOVE A5 154
MOVE A6 154
MOVE A7 154
MOVE A8 154
END TURN 16
TURN 17
COMMAND LEFT START
COMMAND LEFT END
COMMAND RIGHT START
COMMAND RIGHT END
TURN 17 RESULT
TIME LEFT 0 5 RIGHT 0 5
MOVE A2 169
MOVE A3 169
MOVE A4 169
MOVE A5 169
MOVE A6 169
MOVE A7 169
MOVE A8 169
END TURN 17
TURN 18
COMMAND LEFT START
COMMAND LEFT END
COMMAND RIGHT START
COMMAND RIGHT END
TURN 18 RESULT
TIME LEFT 0 5 RIGHT 0 5
MOVE A2 184
MOVE A3 184
MOVE A4 184
MOVE A5 184
MOVE A6 184
MOVE A7 184
MOVE A8 184
END TURN 18
TURN 19
COMMAND LEFT START
COMMAND LEFT END
COMMAND RIGHT START
MOVE B1 204
COMMAND RIGHT END
TURN 19 RESULT
TIME LEFT 0 5 RIGHT 0 5
MOVE A2 193
MOVE A3 193
MOVE A4 193
MOVE A5 193
MOVE A6 193
MOVE A7 193
MOVE A8 193
MOVE B1 189
END TURN 19
TURN 20
COMMAND LEFT START
COMMAND LEFT END
COMMAND RIGHT START
COMMAND RIGHT END
TURN 20 RESULT
TIME LEFT 0 5 RIGHT 0 5
MOVE A2 204
MOVE A3 204
MOVE A4 204
MOVE A5 204
MOVE A6 204
MOVE A7 204
MOVE A8 204
MOVE B1 195
DAMAGE TURRET A2 1
DAMAGE COMBAT A2 3
DAMAGE COMBAT A3 2
DAMAGE COMBAT B3 4
DAMAGE COMBAT B4 3
END TURN 20
TURN 21
COMMAND LEFT START
COMMAND LEFT END
COMMAND RIGHT START
MOVE B2 204
COMMAND RIGHT END
TURN 21 RESULT
TIME LEFT 0 5 RIGHT 0 5
MOVE B1 204
MOVE B2 125
DAMAGE TURRET A3 1
DAMAGE COMBAT A3 1
DAMAGE COMBAT A4 4
DAMAGE COMBAT B1 4
DAMAGE COMBAT B4 1
DAMAGE COMBAT B5 1
END TURN 21
TURN 22
COMMAND LEFT START
COMMAND LEFT END
COMMAND RIGHT START
COMMAND RIGHT END
TURN 22 RESULT
TIME LEFT 0 5 RIGHT 0 5
MOVE B2 133
DAMAGE TURRET A5 1
DAMAGE COMBAT A5 3
DAMAGE COMBAT B5 3
DAMAGE COMBAT B6 1
END TURN 22
TURN 23
COMMAND LEFT START
COMMAND LEFT END
COMMAND RIGHT START
COMMAND RIGHT END
TURN 23 RESULT
TIME LEFT 0 5 RIGHT 0 5
MOVE B2 144
DAMAGE TURRET A6 1
DAMAGE COMBAT A6 2
DAMAGE COMBAT B6 3
END TURN 23
TURN 24
COMMAND LEFT START
COMMAND LEFT END
COMMAND RIGHT START
TRAIN 1
COMMAND RIGHT END
TURN 24 RESULT
TIME LEFT 0 5 RIGHT 0 5
TRAIN B8
MOVE B2 154
DAMAGE TURRET A6 1
DAMAGE COMBAT A7 2
DAMAGE COMBAT B7 3
END TURN 24
TURN 25
COMMAND LEFT START
COMMAND LEFT END
COMMAND RIGHT START
COMMAND RIGHT END
TURN 25 RESULT
TIME LEFT 0 5 RIGHT 0 5
MOVE B2 169
DAMAGE TURRET A7 1
DAMAGE COMBAT A7 1
DAMAGE COMBAT A8 1
DAMAGE COMBAT B7 1
DAMAGE COMBAT B8 1
END TURN 25
TURN 26
COMMAND LEFT START
COMMAND LEFT END
COMMAND RIGHT START
COMMAND RIGHT END
TURN 26 RESULT
TIME LEFT 0 5 RIGHT 0 5
MOVE B2 184
DAMAGE TURRET A8 1
DAMAGE COMBAT A8 1
DAMAGE COMBAT B8 1
END TURN 26
TURN 27
COMMAND LEFT START
COMMAND LEFT END
COMMAND RIGHT START
COMMAND RIGHT END
TURN 27 RESULT
TIME LEFT 0 5 RIGHT 0 5
MOVE B2 193
DAMAGE TURRET A8 1
DAMAGE COMBAT B8 1
END TURN 27
TURN 28
COMMAND LEFT START
COMMAND LEFT END
COMMAND RIGHT START
MOVE B8 102
COMMAND RIGHT END
TURN 28 RESULT
TIME LEFT 0 5 RIGHT 0 5
MOVE B2 204
MOVE B8 193
END TURN 28
TURN 29
COMMAND LEFT START
COMMAND LEFT END
COMMAND RIGHT START
COMMAND RIGHT END
TURN 29 RESULT
TIME LEFT 0 5 RIGHT 0 5
MOVE B8 184
END TURN 29
TURN 30
COMMAND LEFT START
COMMAND LEFT END
COMMAND RIGHT START
COMMAND RIGHT END
TURN 30 RESULT
TIME LEFT 0 5 RIGHT 0 5
MOVE B8 169
END TURN 30
TURN 31
COMMAND LEFT START
TRAIN 1
COMMAND LEFT END
COMMAND RIGHT START
COMMAND RIGHT END
TURN 31 RESULT
TIME LEFT 0 5 RIGHT 0 5
TRAIN A9
MOVE B8 154
END TURN 31
TURN 32
COMMAND LEFT START
COMMAND LEFT END
COMMAND RIGHT START
COMMAND RIGHT END
TURN 32 RESULT
TIME LEFT 0 5 RIGHT 0 5
MOVE B8 144
END TURN 32
TURN 33
COMMAND LEFT START
COMMAND LEFT END
COMMAND RIGHT START
COMMAND RIGHT END
TURN 33 RESULT
TIME LEFT 0 5 RIGHT 0 5
MOVE B8 133
END TURN 33
TURN 34
COMMAND LEFT START
COMMAND LEFT END
COMMAND RIGHT START
COMMAND RIGHT END
TURN 34 RESULT
TIME LEFT 0 5 RIGHT 0 5
MOVE B8 125
END TURN 34
TURN 35
COMMAND LEFT START
COMMAND LEFT END
COMMAND RIGHT START
COMMAND RIGHT END
TURN 35 RESULT
TIME LEFT 0 5 RIGHT 0 5
MOVE B8 102
END TURN 35
TURN 36
COMMAND LEFT START
COMMAND LEFT END
COMMAND RIGHT START
COMMAND RIGHT END
TURN 36 RESULT
TIME LEFT 0 5 RIGHT 0 5
END TURN 36
TURN 37
COMMAND LEFT START
COMMAND LEFT END
COMMAND RIGHT START
COMMAND RIGHT END
TURN 37 RESULT
TIME LEFT 0 5 RIGHT 0 5
END TURN 37
TURN 38
COMMAND LEFT START
COMMAND LEFT END
COMMAND RIGHT START
COMMAND RIGHT END
TURN 38 RESULT
TIME LEFT 0 5 RIGHT 0 5
END TURN 38
TURN 39
COMMAND LEFT START
COMMAND LEFT END
COMMAND RIGHT START
COMMAND RIGHT END
TURN 39 RESULT
TIME LEFT 0 5 RIGHT 0 5
END TURN 39
TURN 40
COMMAND LEFT START
COMMAND LEFT END
COMMAND RIGHT START
COMMAND RIGHT END
TURN 40 RESULT
TIME LEFT 0 5 RIGHT 0 5
END TURN 40
TURN 41
COMMAND LEFT START
COMMAND LEFT END
COMMAND RIGHT START
COMMAND RIGHT END
TURN 41 RESULT
TIME LEFT 0 5 RIGHT 0 5
END TURN 41
TURN 42
COMMAND LEFT START
TRAIN 1
COMMAND LEFT END
COMMAND RIGHT START
COMMAND RIGHT END
TURN 42 RESULT
TIME LEFT 0 5 RIGHT 0 5
TRAIN A10
END TURN 42
TURN 43
COMMAND LEFT START
COMMAND LEFT END
COMMAND RIGHT START
COMMAND RIGHT END
TURN 43 RESULT
TIME LEFT 0 5 RIGHT 0 5
END TURN 43
TURN 44
COMMAND LEFT START
COMMAND LEFT END
COMMAND RIGHT START
COMMAND RIGHT END
TURN 44 RESULT
TIME LEFT 0 5 RIGHT 0 5
END TURN 44
TURN 45
COMMAND LEFT START
COMMAND LEFT END
COMMAND RIGHT START
COMMAND RIGHT END
TURN 45 RESULT
TIME LEFT 0 5 RIGHT 0 5
END TURN 45
TURN 46
COMMAND LEFT START
COMMAND LEFT END
COMMAND RIGHT START
COMMAND RIGHT END
TURN 46 RESULT
TIME LEFT 0 5 RIGHT 0 5
END TURN 46
TURN 47
COMMAND LEFT START
COMMAND LEFT END
COMMAND RIGHT START
MOVE B8 179
COMMAND RIGHT END
TURN 47 RESULT
TIME LEFT 0 5 RIGHT 0 5
MOVE B8 125
END TURN 47
TURN 48
COMMAND LEFT START
COMMAND LEFT END
COMMAND RIGHT START
MOVE B2 102
TRAIN 1
COMMAND RIGHT END
TURN 48 RESULT
TIME LEFT 0 5 RIGHT 0 5
TRAIN B9
MOVE B2 193
MOVE B8 138
END TURN 48
TURN 49
COMMAND LEFT START
COMMAND LEFT END
COMMAND RIGHT START
COMMAND RIGHT END
TURN 49 RESULT
TIME LEFT 0 5 RIGHT 0 5
MOVE B2 184
MOVE B8 161
END TURN 49
TURN 50
COMMAND LEFT START
COMMAND LEFT END
COMMAND RIGHT START
COMMAND RIGHT END
TURN 50 RESULT
TIME LEFT 0 5 RIGHT 0 5
MOVE B2 169
MOVE B8 174
END TURN 50
TURN 51
COMMAND LEFT START
COMMAND LEFT END
COMMAND RIGHT START
COMMAND RIGHT END
TURN 51 RESULT
TIME LEFT 0 5 RIGHT 0 5
MOVE B2 154
MOVE B8 179
END TURN 51
TURN 52
COMMAND LEFT START
COMMAND LEFT END
COMMAND RIGHT START
COMMAND RIGHT END
TURN 52 RESULT
TIME LEFT 0 5 RIGHT 0 5
MOVE B2 144
END TURN 52
TURN 53
COMMAND LEFT START
COMMAND LEFT END
COMMAND RIGHT START
COMMAND RIGHT END
TURN 53 RESULT
TIME LEFT 0 5 RIGHT 0 5
MOVE B2 133
END TURN 53
TURN 54
COMMAND LEFT START
COMMAND LEFT END
COMMAND RIGHT START
COMMAND RIGHT END
TURN 54 RESULT
TIME LEFT 0 5 RIGHT 0 5
MOVE B2 125
END TURN 54
TURN 55
COMMAND LEFT START
TRAIN 1
COMMAND LEFT END
COMMAND RIGHT START
COMMAND RIGHT END
TURN 55 RESULT
TIME LEFT 0 5 RIGHT 0 5
TRAIN A11
MOVE B2 102
END TURN 55
TURN 56
COMMAND LEFT START
COMMAND LEFT END
COMMAND RIGHT START
COMMAND RIGHT END
TURN 56 RESULT
TIME LEFT 0 5 RIGHT 0 5
END TURN 56
TURN 57
COMMAND LEFT START
COMMAND LEFT END
COMMAND RIGHT START
COMMAND RIGHT END
TURN 57 RESULT
TIME LEFT 0 5 RIGHT 0 5
END TURN 57
TURN 58
COMMAND LEFT START
COMMAND LEFT END
COMMAND RIGHT START
COMMAND RIGHT END
TURN 58 RESULT
TIME LEFT 0 5 RIGHT 0 5
END TURN 58
TURN 59
COMMAND LEFT START
COMMAND LEFT END
COMMAND RIGHT START
COMMAND RIGHT END
TURN 59 RESULT
TIME LEFT 0 5 RIGHT 0 5
END TURN 59
TURN 60
COMMAND LEFT START
COMMAND LEFT END
COMMAND RIGHT START
COMMAND RIGHT END
TURN 60 RESULT
TIME LEFT 0 5 RIGHT 0 5
END TURN 60
TURN 61
COMMAND LEFT START
COMMAND LEFT END
COMMAND RIGHT START
COMMAND RIGHT END
TURN 61 RESULT
TIME LEFT 0 5 RIGHT 0 5
END TURN 61
TURN 62
COMMAND LEFT START
COMMAND LEFT END
COMMAND RIGHT START
COMMAND RIGHT END
TURN 62 RESULT
TIME LEFT 0 5 RIGHT 0 5
END TURN 62
TURN 63
COMMAND LEFT START
COMMAND LEFT END
COMMAND RIGHT START
COMMAND RIGHT END
TURN 63 RESULT
TIME LEFT 0 5 RIGHT 0 5
END TURN 63
TURN 64
COMMAND LEFT START
COMMAND LEFT END
COMMAND RIGHT START
COMMAND RIGHT END
TURN 64 RESULT
TIME LEFT 0 5 RIGHT 0 5
END TURN 64
TURN 65
COMMAND LEFT START
COMMAND LEFT END
COMMAND RIGHT START
COMMAND RIGHT END
TURN 65 RESULT
TIME LEFT 0 5 RIGHT 0 5
END TURN 65
TURN 66
COMMAND LEFT START
COMMAND LEFT END
COMMAND RIGHT START
UPGRADE 102
COMMAND RIGHT END
TURN 66 RESULT
TIME LEFT 0 5 RIGHT 0 5
UPGRADE B 102
END TURN 66
TURN 67
COMMAND LEFT START
COMMAND LEFT END
COMMAND RIGHT START
COMMAND RIGHT END
TURN 67 RESULT
TIME LEFT 0 5 RIGHT 0 5
END TURN 67
TURN 68
COMMAND LEFT START
COMMAND LEFT END
COMMAND RIGHT START
COMMAND RIGHT END
TURN 68 RESULT
TIME LEFT 0 5 RIGHT 0 5
END TURN 68
TURN 69
COMMAND LEFT START
COMMAND LEFT END
COMMAND RIGHT START
COMMAND RIGHT END
TURN 69 RESULT
TIME LEFT 0 5 RIGHT 0 5
END TURN 69
TURN 70
COMMAND LEFT START
COMMAND LEFT END
COMMAND RIGHT START
COMMAND RIGHT END
TURN 70 RESULT
TIME LEFT 0 5 RIGHT 0 5
END TURN 70
TURN 71
COMMAND LEFT START
COMMAND LEFT END
COMMAND RIGHT START
COMMAND RIGHT END
TURN 71 RESULT
TIME LEFT 0 5 RIGHT 0 5
END TURN 71
TURN 72
COMMAND LEFT START
TRAIN 1
COMMAND LEFT END
COMMAND RIGHT START
COMMAND RIGHT END
TURN 72 RESULT
TIME LEFT 0 5 RIGHT 0 5
TRAIN A12
END TURN 72
TURN 73
COMMAND LEFT START
COMMAND LEFT END
COMMAND RIGHT START
COMMAND RIGHT END
TURN 73 RESULT
TIME LEFT 0 5 RIGHT 0 5
END TURN 73
TURN 74
COMMAND LEFT START
COMMAND LEFT END
COMMAND RIGHT START
COMMAND RIGHT END
TURN 74 RESULT
TIME LEFT 0 5 RIGHT 0 5
END TURN 74
TURN 75
COMMAND LEFT START
COMMAND LEFT END
COMMAND RIGHT START
COMMAND RIGHT END
TURN 75 RESULT
TIME LEFT 0 5 RIGHT 0 5
END TURN 75
TURN 76
COMMAND LEFT START
COMMAND LEFT END
COMMAND RIGHT START
COMMAND RIGHT END
TURN 76 RESULT
TIME LEFT 0 5 RIGHT 0 5
END TURN 76
TURN 77
COMMAND LEFT START
COMMAND LEFT END
COMMAND RIGHT START
COMMAND RIGHT END
TURN 77 RESULT
TIME LEFT 0 5 RIGHT 0 5
END TURN 77
TURN 78
COMMAND LEFT START
COMMAND LEFT END
COMMAND RIGHT START
COMMAND RIGHT END
TURN 78 RESULT
TIME LEFT 0 5 RIGHT 0 5
END TURN 78
TURN 79
COMMAND LEFT START
COMMAND LEFT END
COMMAND RIGHT START
COMMAND RIGHT END
TURN 79 RESULT
TIME LEFT 0 5 RIGHT 0 5
END TURN 79
TURN 80
COMMAND LEFT START
COMMAND LEFT END
COMMAND RIGHT START
COMMAND RIGHT END
TURN 80 RESULT
TIME LEFT 0 5 RIGHT 0 5
END TURN 80
TURN 81
COMMAND LEFT START
COMMAND LEFT END
COMMAND RIGHT START
COMMAND RIGHT END
TURN 81 RESULT
TIME LEFT 0 5 RIGHT 0 5
END TURN 81
TURN 82
COMMAND LEFT START
COMMAND LEFT END
COMMAND RIGHT START
UPGRADE 204
COMMAND RIGHT END
TURN 82 RESULT
TIME LEFT 0 5 RIGHT 0 5
UPGRADE B 204
END TURN 82
TURN 83
COMMAND LEFT START
COMMAND LEFT END
COMMAND RIGHT START
COMMAND RIGHT END
TURN 83 RESULT
TIME LEFT 0 5 RIGHT 0 5
END TURN 83
TURN 84
COMMAND LEFT START
COMMAND LEFT END
COMMAND RIGHT START
COMMAND RIGHT END
TURN 84 RESULT
TIME LEFT 0 5 RIGHT 0 5
END TURN 84
TURN 85
COMMAND LEFT START
COMMAND LEFT END
COMMAND RIGHT START
TRAIN 1
COMMAND RIGHT END
TURN 85 RESULT
TIME LEFT 0 5 RIGHT 0 5
TRAIN B10
END TURN 85
TURN 86
COMMAND LEFT START
COMMAND LEFT END
COMMAND RIGHT START
COMMAND RIGHT END
TURN 86 RESULT
TIME LEFT 0 5 RIGHT 0 5
END TURN 86
TURN 87
COMMAND LEFT START
COMMAND LEFT END
COMMAND RIGHT START
COMMAND RIGHT END
TURN 87 RESULT
TIME LEFT 0 5 RIGHT 0 5
END TURN 87
TURN 88
COMMAND LEFT START
COMMAND LEFT END
COMMAND RIGHT START
COMMAND RIGHT END
TURN 88 RESULT
TIME LEFT 0 5 RIGHT 0 5
END TURN 88
TURN 89
COMMAND LEFT START
COMMAND LEFT END
COMMAND RIGHT START
COMMAND RIGHT END
TURN 89 RESULT
TIME LEFT 0 5 RIGHT 0 5
END TURN 89
TURN 90
COMMAND LEFT START
COMMAND LEFT END
COMMAND RIGHT START
COMMAND RIGHT END
TURN 90 RESULT
TIME LEFT 0 5 RIGHT 0 5
END TURN 90
TURN 91
COMMAND LEFT START
COMMAND LEFT END
COMMAND RIGHT START
COMMAND RIGHT END
TURN 91 RESULT
TIME LEFT 0 5 RIGHT 0 5
END TURN 91
TURN 92
COMMAND LEFT START
COMMAND LEFT END
COMMAND RIGHT START
COMMAND RIGHT END
TURN 92 RESULT
TIME LEFT 0 5 RIGHT 0 5
END TURN 92
TURN 93
COMMAND LEFT START
COMMAND LEFT END
COMMAND RIGHT START
COMMAND RIGHT END
TURN 93 RESULT
TIME LEFT 0 5 RIGHT 0 5
END TURN 93
TURN 94
COMMAND LEFT START
COMMAND LEFT END
COMMAND RIGHT START
COMMAND RIGHT END
TURN 94 RESULT
TIME LEFT 0 5 RIGHT 0 5
END TURN 94
TURN 95
COMMAND LEFT START
COMMAND LEFT END
COMMAND RIGHT START
UPGRADE 179
COMMAND RIGHT END
TURN 95 RESULT
TIME LEFT 0 5 RIGHT 0 5
UPGRADE B 179
END TURN 95
TURN 96
COMMAND LEFT START
TRAIN 1
COMMAND LEFT END
COMMAND RIGHT START
COMMAND RIGHT END
TURN 96 RESULT
TIME LEFT 0 5 RIGHT 0 5
TRAIN A13
END TURN 96
TURN 97
COMMAND LEFT START
COMMAND LEFT END
COMMAND RIGHT START
COMMAND RIGHT END
TURN 97 RESULT
TIME LEFT 0 5 RIGHT 0 5
END TURN 97
TURN 98
COMMAND LEFT START
COMMAND LEFT END
COMMAND RIGHT START
TRAIN 1
COMMAND RIGHT END
TURN 98 RESULT
TIME LEFT 0 5 RIGHT 0 5
TRAIN B11
END TURN 98
TURN 99
COMMAND LEFT START
COMMAND LEFT END
COMMAND RIGHT START
MOVE B9 179
COMMAND RIGHT END
TURN 99 RESULT
TIME LEFT 0 5 RIGHT 0 5
MOVE B9 195
END TURN 99
TURN 100
COMMAND LEFT START
COMMAND LEFT END
COMMAND RIGHT START
COMMAND RIGHT END
TURN 100 RESULT
TIME LEFT 0 5 RIGHT 0 5
MOVE B9 189
END TURN 100
TURN 101
COMMAND LEFT START
COMMAND LEFT END
COMMAND RIGHT START
COMMAND RIGHT END
TURN 101 RESULT
TIME LEFT 0 5 RIGHT 0 5
MOVE B9 179
END TURN 101
TURN 102
COMMAND LEFT START
COMMAND LEFT END
COMMAND RIGHT START
COMMAND RIGHT END
TURN 102 RESULT
TIME LEFT 0 5 RIGHT 0 5
END TURN 102
TURN 103
COMMAND LEFT START
COMMAND LEFT END
COMMAND RIGHT START
COMMAND RIGHT END
TURN 103 RESULT
TIME LEFT 0 5 RIGHT 0 5
END TURN 103
TURN 104
COMMAND LEFT START
COMMAND LEFT END
COMMAND RIGHT START
COMMAND RIGHT END
TURN 104 RESULT
TIME LEFT 0 5 RIGHT 0 5
END TURN 104
TURN 105
COMMAND LEFT START
COMMAND LEFT END
COMMAND RIGHT START
COMMAND RIGHT END
TURN 105 RESULT
TIME LEFT 0 5 RIGHT 0 5
END TURN 105
TURN 106
COMMAND LEFT START
COMMAND LEFT END
COMMAND RIGHT START
COMMAND RIGHT END
TURN 106 RESULT
TIME LEFT 0 5 RIGHT 0 5
END TURN 106
TURN 107
COMMAND LEFT START
COMMAND LEFT END
COMMAND RIGHT START
UPGRADE 102
COMMAND RIGHT END
TURN 107 RESULT
TIME LEFT 0 5 RIGHT 0 5
UPGRADE B 102
END TURN 107
TURN 108
COMMAND LEFT START
COMMAND LEFT END
COMMAND RIGHT START
COMMAND RIGHT END
TURN 108 RESULT
TIME LEFT 0 5 RIGHT 0 5
END TURN 108
TURN 109
COMMAND LEFT START
COMMAND LEFT END
COMMAND RIGHT START
TRAIN 1
COMMAND RIGHT END
TURN 109 RESULT
TIME LEFT 0 5 RIGHT 0 5
TRAIN B12
END TURN 109
TURN 110
COMMAND LEFT START
COMMAND LEFT END
COMMAND RIGHT START
MOVE B10 102
COMMAND RIGHT END
TURN 110 RESULT
TIME LEFT 0 5 RIGHT 0 5
MOVE B10 193
END TURN 110
TURN 111
COMMAND LEFT START
COMMAND LEFT END
COMMAND RIGHT START
COMMAND RIGHT END
TURN 111 RESULT
TIME LEFT 0 5 RIGHT 0 5
MOVE B10 184
END TURN 111
TURN 112
COMMAND LEFT START
COMMAND LEFT END
COMMAND RIGHT START
COMMAND RIGHT END
TURN 112 RESULT
TIME LEFT 0 5 RIGHT 0 5
MOVE B10 169
END TURN 112
TURN 113
COMMAND LEFT START
COMMAND LEFT END
COMMAND RIGHT START
COMMAND RIGHT END
TURN 113 RESULT
TIME LEFT 0 5 RIGHT 0 5
MOVE B10 154
END TURN 113
TURN 114
COMMAND LEFT START
COMMAND LEFT END
COMMAND RIGHT START
COMMAND RIGHT END
TURN 114 RESULT
TIME LEFT 0 5 RIGHT 0 5
MOVE B10 144
END TURN 114
TURN 115
COMMAND LEFT START
COMMAND LEFT END
COMMAND RIGHT START
COMMAND RIGHT END
TURN 115 RESULT
TIME LEFT 0 5 RIGHT 0 5
MOVE B10 133
END TURN 115
TURN 116
COMMAND LEFT START
COMMAND LEFT END
COMMAND RIGHT START
COMMAND RIGHT END
TURN 116 RESULT
TIME LEFT 0 5 RIGHT 0 5
MOVE B10 125
END TURN 116
TURN 117
COMMAND LEFT START
COMMAND LEFT END
COMMAND RIGHT START
COMMAND RIGHT END
TURN 117 RESULT
TIME LEFT 0 5 RIGHT 0 5
MOVE B10 102
END TURN 117
TURN 118
COMMAND LEFT START
COMMAND LEFT END
COMMAND RIGHT START
COMMAND RIGHT END
TURN 118 RESULT
TIME LEFT 0 5 RIGHT 0 5
END TURN 118
TURN 119
COMMAND LEFT START
COMMAND LEFT END
COMMAND RIGHT START
COMMAND RIGHT END
TURN 119 RESULT
TIME LEFT 0 5 RIGHT 0 5
END TURN 119
TURN 120
COMMAND LEFT START
COMMAND LEFT END
COMMAND RIGHT START
COMMAND RIGHT END
TURN 120 RESULT
TIME LEFT 0 5 RIGHT 0 5
END TURN 120
TURN 121
COMMAND LEFT START
COMMAND LEFT END
COMMAND RIGHT START
COMMAND RIGHT END
TURN 121 RESULT
TIME LEFT 0 5 RIGHT 0 5
END TURN 121
TURN 122
COMMAND LEFT START
COMMAND LEFT END
COMMAND RIGHT START
COMMAND RIGHT END
TURN 122 RESULT
TIME LEFT 0 5 RIGHT 0 5
END TURN 122
TURN 123
COMMAND LEFT START
COMMAND LEFT END
COMMAND RIGHT START
UPGRADE 204
COMMAND RIGHT END
TURN 123 RESULT
TIME LEFT 0 5 RIGHT 0 5
UPGRADE B 204
END TURN 123
TURN 124
COMMAND LEFT START
COMMAND LEFT END
COMMAND RIGHT START
COMMAND RIGHT END
TURN 124 RESULT
TIME LEFT 0 5 RIGHT 0 5
END TURN 124
TURN 125
COMMAND LEFT START
COMMAND LEFT END
COMMAND RIGHT START
TRAIN 1
COMMAND RIGHT END
TURN 125 RESULT
TIME LEFT 0 5 RIGHT 0 5
TRAIN B13
END TURN 125
TURN 126
COMMAND LEFT START
COMMAND LEFT END
COMMAND RIGHT START
COMMAND RIGHT END
TURN 126 RESULT
TIME LEFT 0 5 RIGHT 0 5
END TURN 126
TURN 127
COMMAND LEFT START
COMMAND LEFT END
COMMAND RIGHT START
COMMAND RIGHT END
TURN 127 RESULT
TIME LEFT 0 5 RIGHT 0 5
END TURN 127
TURN 128
COMMAND LEFT START
COMMAND LEFT END
COMMAND RIGHT START
COMMAND RIGHT END
TURN 128 RESULT
TIME LEFT 0 5 RIGHT 0 5
END TURN 128
TURN 129
COMMAND LEFT START
COMMAND LEFT END
COMMAND RIGHT START
COMMAND RIGHT END
TURN 129 RESULT
TIME LEFT 0 5 RIGHT 0 5
END TURN 129
TURN 130
COMMAND LEFT START
COMMAND LEFT END
COMMAND RIGHT START
COMMAND RIGHT END
TURN 130 RESULT
TIME LEFT 0 5 RIGHT 0 5
END TURN 130
TURN 131
COMMAND LEFT START
COMMAND LEFT END
COMMAND RIGHT START
COMMAND RIGHT END
TURN 131 RESULT
TIME LEFT 0 5 RIGHT 0 5
END TURN 131
TURN 132
COMMAND LEFT START
COMMAND LEFT END
COMMAND RIGHT START
UPGRADE 179
COMMAND RIGHT END
TURN 132 RESULT
TIME LEFT 0 5 RIGHT 0 5
UPGRADE B 179
END TURN 132
TURN 133
COMMAND LEFT START
COMMAND LEFT END
COMMAND RIGHT START
TRAIN 1
COMMAND RIGHT END
TURN 133 RESULT
TIME LEFT 0 5 RIGHT 0 5
TRAIN B14
END TURN 133
TURN 134
COMMAND LEFT START
COMMAND LEFT END
COMMAND RIGHT START
MOVE B11 179
COMMAND RIGHT END
TURN 134 RESULT
TIME LEFT 0 5 RIGHT 0 5
MOVE B11 195
END TURN 134
TURN 135
COMMAND LEFT START
COMMAND LEFT END
COMMAND RIGHT START
COMMAND RIGHT END
TURN 135 RESULT
TIME LEFT 0 5 RIGHT 0 5
MOVE B11 189
END TURN 135
TURN 136
COMMAND LEFT START
TRAIN 1
COMMAND LEFT END
COMMAND RIGHT START
COMMAND RIGHT END
TURN 136 RESULT
TIME LEFT 0 5 RIGHT 0 5
TRAIN A14
MOVE B11 179
END TURN 136
TURN 137
COMMAND LEFT START
COMMAND LEFT END
COMMAND RIGHT START
COMMAND RIGHT END
TURN 137 RESULT
TIME LEFT 0 5 RIGHT 0 5
END TURN 137
TURN 138
COMMAND LEFT START
COMMAND LEFT END
COMMAND RIGHT START
COMMAND RIGHT END
TURN 138 RESULT
TIME LEFT 0 5 RIGHT 0 5
END TURN 138
TURN 139
COMMAND LEFT START
COMMAND LEFT END
COMMAND RIGHT START
UPGRADE 102
COMMAND RIGHT END
TURN 139 RESULT
TIME LEFT 0 5 RIGHT 0 5
UPGRADE B 102
END TURN 139
TURN 140
COMMAND LEFT START
COMMAND LEFT END
COMMAND RIGHT START
TRAIN 1
COMMAND RIGHT END
TURN 140 RESULT
TIME LEFT 0 5 RIGHT 0 5
TRAIN B15
END TURN 140
TURN 141
COMMAND LEFT START
COMMAND LEFT END
COMMAND RIGHT START
MOVE B12 102
COMMAND RIGHT END
TURN 141 RESULT
TIME LEFT 0 5 RIGHT 0 5
MOVE B12 193
END TURN 141
TURN 142
COMMAND LEFT START
COMMAND LEFT END
COMMAND RIGHT START
COMMAND RIGHT END
TURN 142 RESULT
TIME LEFT 0 5 RIGHT 0 5
MOVE B12 184
END TURN 142
TURN 143
COMMAND LEFT START
COMMAND LEFT END
COMMAND RIGHT START
COMMAND RIGHT END
TURN 143 RESULT
TIME LEFT 0 5 RIGHT 0 5
MOVE B12 169
END TURN 143
TURN 144
COMMAND LEFT START
COMMAND LEFT END
COMMAND RIGHT START
COMMAND RIGHT END
TURN 144 RESULT
TIME LEFT 0 5 RIGHT 0 5
MOVE B12 154
END TURN 144
TURN 145
COMMAND LEFT START
COMMAND LEFT END
COMMAND RIGHT START
COMMAND RIGHT END
TURN 145 RESULT
TIME LEFT 0 5 RIGHT 0 5
MOVE B12 144
END TURN 145
TURN 146
COMMAND LEFT START
COMMAND LEFT END
COMMAND RIGHT START
TRAIN 1
COMMAND RIGHT END
TURN 146 RESULT
TIME LEFT 0 5 RIGHT 0 5
TRAIN B16
MOVE B12 133
END TURN 146
TURN 147
COMMAND LEFT START
COMMAND LEFT END
COMMAND RIGHT START
MOVE B16 102
COMMAND RIGHT END
TURN 147 RESULT
TIME LEFT 0 5 RIGHT 0 5
MOVE B12 125
MOVE B16 193
END TURN 147
TURN 148
COMMAND LEFT START
COMMAND LEFT END
COMMAND RIGHT START
TRAIN 1
COMMAND RIGHT END
TURN 148 RESULT
TIME LEFT 0 5 RIGHT 0 5
TRAIN B17
MOVE B12 102
MOVE B16 184
END TURN 148
TURN 149
COMMAND LEFT START
COMMAND LEFT END
COMMAND RIGHT START
MOVE B17 102
TRAIN 1
COMMAND RIGHT END
TURN 149 RESULT
TIME LEFT 0 5 RIGHT 0 5
TRAIN B18
MOVE B16 169
MOVE B17 193
END TURN 149
TURN 150
COMMAND LEFT START
COMMAND LEFT END
COMMAND RIGHT START
MOVE B18 102
TRAIN 1
COMMAND RIGHT END
TURN 150 RESULT
TIME LEFT 0 5 RIGHT 0 5
TRAIN B19
MOVE B16 154
MOVE B17 184
MOVE B18 193
END TURN 150
TURN 151
COMMAND LEFT START
COMMAND LEFT END
COMMAND RIGHT START
MOVE B19 102
TRAIN 1
COMMAND RIGHT END
TURN 151 RESULT
TIME LEFT 0 5 RIGHT 0 5
TRAIN B20
MOVE B16 144
MOVE B17 169
MOVE B18 184
MOVE B19 193
END TURN 151
TURN 152
COMMAND LEFT START
COMMAND LEFT END
COMMAND RIGHT START
MOVE B20 102
TRAIN 1
COMMAND RIGHT END
TURN 152 RESULT
TIME LEFT 0 5 RIGHT 0 5
TRAIN B21
MOVE B16 133
MOVE B17 154
MOVE B18 169
MOVE B19 184
MOVE B20 193
END TURN 152
TURN 153
COMMAND LEFT START
COMMAND LEFT END
COMMAND RIGHT START
MOVE B21 102
TRAIN 1
COMMAND RIGHT END
TURN 153 RESULT
TIME LEFT 0 5 RIGHT 0 5
TRAIN B22
MOVE B16 125
MOVE B17 144
MOVE B18 154
MOVE B19 169
MOVE B20 184
MOVE B21 193
END TURN 153
TURN 154
COMMAND LEFT START
COMMAND LEFT END
COMMAND RIGHT START
MOVE B22 102
TRAIN 1
COMMAND RIGHT END
TURN 154 RESULT
TIME LEFT 0 5 RIGHT 0 5
TRAIN B23
MOVE B16 102
MOVE B17 133
MOVE B18 144
MOVE B19 154
MOVE B20 169
MOVE B21 184
MOVE B22 193
END TURN 154
TURN 155
COMMAND LEFT START
COMMAND LEFT END
COMMAND RIGHT START
MOVE B23 102
COMMAND RIGHT END
TURN 155 RESULT
TIME LEFT 0 5 RIGHT 0 5
MOVE B17 125
MOVE B18 133
MOVE B19 144
MOVE B20 154
MOVE B21 169
MOVE B22 184
MOVE B23 193
END TURN 155
TURN 156
COMMAND LEFT START
COMMAND LEFT END
COMMAND RIGHT START
TRAIN 1
COMMAND RIGHT END
TURN 156 RESULT
TIME LEFT 0 5 RIGHT 0 5
TRAIN B24
MOVE B17 102
MOVE B18 125
MOVE B19 133
MOVE B20 144
MOVE B21 154
MOVE B22 169
MOVE B23 184
END TURN 156
TURN 157
COMMAND LEFT START
COMMAND LEFT END
COMMAND RIGHT START
MOVE B17 165
MOVE B24 102
COMMAND RIGHT END
TURN 157 RESULT
TIME LEFT 0 5 RIGHT 0 5
MOVE B17 125
MOVE B18 102
MOVE B19 125
MOVE B20 133
MOVE B21 144
MOVE B22 154
MOVE B23 169
MOVE B24 193
END TURN 157
TURN 158
COMMAND LEFT START
COMMAND LEFT END
COMMAND RIGHT START
TRAIN 2
COMMAND RIGHT END
TURN 158 RESULT
TIME LEFT 0 5 RIGHT 0 5
TRAIN B25 B26
MOVE B17 133
MOVE B19 102
MOVE B20 125
MOVE B21 133
MOVE B22 144
MOVE B23 154
MOVE B24 184
END TURN 158
TURN 159
COMMAND LEFT START
COMMAND LEFT END
COMMAND RIGHT START
MOVE B26 102
MOVE B25 102
TRAIN 1
COMMAND RIGHT END
TURN 159 RESULT
TIME LEFT 0 5 RIGHT 0 5
TRAIN B27
MOVE B17 144
MOVE B20 102
MOVE B21 125
MOVE B22 133
MOVE B23 144
MOVE B24 169
MOVE B25 193
MOVE B26 193
END TURN 159
TURN 160
COMMAND LEFT START
COMMAND LEFT END
COMMAND RIGHT START
COMMAND RIGHT END
TURN 160 RESULT
TIME LEFT 0 5 RIGHT 0 5
MOVE B17 154
MOVE B21 102
MOVE B22 125
MOVE B23 133
MOVE B24 154
MOVE B25 184
MOVE B26 184
END TURN 160
TURN 161
COMMAND LEFT START
COMMAND LEFT END
COMMAND RIGHT START
TRAIN 1
COMMAND RIGHT END
TURN 161 RESULT
TIME LEFT 0 5 RIGHT 0 5
TRAIN B28
MOVE B17 165
MOVE B22 102
MOVE B23 125
MOVE B24 144
MOVE B25 169
MOVE B26 169
END TURN 161
TURN 162
COMMAND LEFT START
COMMAND LEFT END
COMMAND RIGHT START
UPGRADE 165
COMMAND RIGHT END
TURN 162 RESULT
TIME LEFT 0 5 RIGHT 0 5
UPGRADE B 165
MOVE B23 102
MOVE B24 133
MOVE B25 154
MOVE B26 154
END TURN 162
TURN 163
COMMAND LEFT START
COMMAND LEFT END
COMMAND RIGHT START
COMMAND RIGHT END
TURN 163 RESULT
TIME LEFT 0 5 RIGHT 0 5
MOVE B24 125
MOVE B25 144
MOVE B26 144
END TURN 163
TURN 164
COMMAND LEFT START
COMMAND LEFT END
COMMAND RIGHT START
COMMAND RIGHT END
TURN 164 RESULT
TIME LEFT 0 5 RIGHT 0 5
MOVE B24 102
MOVE B25 133
MOVE B26 133
END TURN 164
TURN 165
COMMAND LEFT START
COMMAND LEFT END
COMMAND RIGHT START
COMMAND RIGHT END
TURN 165 RESULT
TIME LEFT 0 5 RIGHT 0 5
MOVE B25 125
MOVE B26 125
END TURN 165
TURN 166
COMMAND LEFT START
COMMAND LEFT END
COMMAND RIGHT START
MOVE B24 159
COMMAND RIGHT END
TURN 166 RESULT
TIME LEFT 0 5 RIGHT 0 5
MOVE B24 123
MOVE B25 102
MOVE B26 102
END TURN 166
TURN 167
COMMAND LEFT START
COMMAND LEFT END
COMMAND RIGHT START
MOVE B28 102
UPGRADE 165
COMMAND RIGHT END
TURN 167 RESULT
TIME LEFT 0 5 RIGHT 0 5
UPGRADE B 165
MOVE B24 139
MOVE B28 193
END TURN 167
TURN 168
COMMAND LEFT START
COMMAND LEFT END
COMMAND RIGHT START
MOVE B2 165
COMMAND RIGHT END
TURN 168 RESULT
TIME LEFT 0 5 RIGHT 0 5
MOVE B2 125
MOVE B24 145
MOVE B28 184
END TURN 168
TURN 169
COMMAND LEFT START
COMMAND LEFT END
COMMAND RIGHT START
MOVE B27 102
COMMAND RIGHT END
TURN 169 RESULT
TIME LEFT 0 5 RIGHT 0 5
MOVE B2 133
MOVE B24 159
MOVE B27 193
MOVE B28 169
END TURN 169
TURN 170
COMMAND LEFT START
COMMAND LEFT END
COMMAND RIGHT START
COMMAND RIGHT END
TURN 170 RESULT
TIME LEFT 0 5 RIGHT 0 5
MOVE B2 144
MOVE B27 184
MOVE B28 154
END TURN 170
TURN 171
COMMAND LEFT START
COMMAND LEFT END
COMMAND RIGHT START
UPGRADE 159
COMMAND RIGHT END
TURN 171 RESULT
TIME LEFT 0 5 RIGHT 0 5
UPGRADE B 159
MOVE B2 154
MOVE B27 169
MOVE B28 144
END TURN 171
TURN 172
COMMAND LEFT START
COMMAND LEFT END
COMMAND RIGHT START
COMMAND RIGHT END
TURN 172 RESULT
TIME LEFT 0 5 RIGHT 0 5
MOVE B2 165
MOVE B27 154
MOVE B28 133
END TURN 172
TURN 173
COMMAND LEFT START
COMMAND LEFT END
COMMAND RIGHT START
COMMAND RIGHT END
TURN 173 RESULT
TIME LEFT 0 5 RIGHT 0 5
MOVE B27 144
MOVE B28 125
END TURN 173
TURN 174
COMMAND LEFT START
COMMAND LEFT END
COMMAND RIGHT START
COMMAND RIGHT END
TURN 174 RESULT
TIME LEFT 0 5 RIGHT 0 5
MOVE B27 133
MOVE B28 102
END TURN 174
TURN 175
COMMAND LEFT START
COMMAND LEFT END
COMMAND RIGHT START
MOVE B28 141
COMMAND RIGHT END
TURN 175 RESULT
TIME LEFT 0 5 RIGHT 0 5
MOVE B27 125
MOVE B28 101
END TURN 175
TURN 176
COMMAND LEFT START
COMMAND LEFT END
COMMAND RIGHT START
UPGRADE 159
COMMAND RIGHT END
TURN 176 RESULT
TIME LEFT 0 5 RIGHT 0 5
UPGRADE B 159
MOVE B27 102
MOVE B28 112
END TURN 176
TURN 177
COMMAND LEFT START
COMMAND LEFT END
COMMAND RIGHT START
MOVE B10 159
COMMAND RIGHT END
TURN 177 RESULT
TIME LEFT 0 5 RIGHT 0 5
MOVE B10 123
MOVE B28 129
END TURN 177
TURN 178
COMMAND LEFT START
COMMAND LEFT END
COMMAND RIGHT START
COMMAND RIGHT END
TURN 178 RESULT
TIME LEFT 0 5 RIGHT 0 5
MOVE B10 139
MOVE B28 140
END TURN 178
TURN 179
COMMAND LEFT START
COMMAND LEFT END
COMMAND RIGHT START
COMMAND RIGHT END
TURN 179 RESULT
TIME LEFT 0 5 RIGHT 0 5
MOVE B10 145
MOVE B28 141
END TURN 179
TURN 180
COMMAND LEFT START
COMMAND LEFT END
COMMAND RIGHT START
UPGRADE 141
COMMAND RIGHT END
TURN 180 RESULT
TIME LEFT 0 5 RIGHT 0 5
UPGRADE B 141
MOVE B10 159
END TURN 180
TURN 181
COMMAND LEFT START
COMMAND LEFT END
COMMAND RIGHT START
COMMAND RIGHT END
TURN 181 RESULT
TIME LEFT 0 5 RIGHT 0 5
END TURN 181
TURN 182
COMMAND LEFT START
COMMAND LEFT END
COMMAND RIGHT START
MOVE B27 178
COMMAND RIGHT END
TURN 182 RESULT
TIME LEFT 0 5 RIGHT 0 5
MOVE B27 123
END TURN 182
TURN 183
COMMAND LEFT START
COMMAND LEFT END
COMMAND RIGHT START
UPGRADE 141
COMMAND RIGHT END
TURN 183 RESULT
TIME LEFT 0 5 RIGHT 0 5
UPGRADE B 141
MOVE B27 139
END TURN 183
TURN 184
COMMAND LEFT START
COMMAND LEFT END
COMMAND RIGHT START
MOVE B12 141
COMMAND RIGHT END
TURN 184 RESULT
TIME LEFT 0 5 RIGHT 0 5
MOVE B12 101
MOVE B27 145
END TURN 184
TURN 185
COMMAND LEFT START
COMMAND LEFT END
COMMAND RIGHT START
COMMAND RIGHT END
TURN 185 RESULT
TIME LEFT 0 5 RIGHT 0 5
MOVE B12 112
MOVE B27 151
END TURN 185
TURN 186
COMMAND LEFT START
COMMAND LEFT END
COMMAND RIGHT START
UPGRADE 165
COMMAND RIGHT END
TURN 186 RESULT
TIME LEFT 0 5 RIGHT 0 5
UPGRADE B 165
MOVE B12 129
MOVE B27 160
END TURN 186
TURN 187
COMMAND LEFT START
COMMAND LEFT END
COMMAND RIGHT START
MOVE B16 165
COMMAND RIGHT END
TURN 187 RESULT
TIME LEFT 0 5 RIGHT 0 5
MOVE B12 140
MOVE B16 125
MOVE B27 167
END TURN 187
TURN 188
COMMAND LEFT START
COMMAND LEFT END
COMMAND RIGHT START
COMMAND RIGHT END
TURN 188 RESULT
TIME LEFT 0 5 RIGHT 0 5
MOVE B12 141
MOVE B16 133
MOVE B27 178
END TURN 188
TURN 189
COMMAND LEFT START
COMMAND LEFT END
COMMAND RIGHT START
UPGRADE 178
COMMAND RIGHT END
TURN 189 RESULT
TIME LEFT 0 5 RIGHT 0 5
UPGRADE B 178
MOVE B16 144
END TURN 189
TURN 190
COMMAND LEFT START
COMMAND LEFT END
COMMAND RIGHT START
COMMAND RIGHT END
TURN 190 RESULT
TIME LEFT 0 5 RIGHT 0 5
MOVE B16 154
END TURN 190
TURN 191
COMMAND LEFT START
COMMAND LEFT END
COMMAND RIGHT START
COMMAND RIGHT END
TURN 191 RESULT
TIME LEFT 0 5 RIGHT 0 5
MOVE B16 165
END TURN 191
TURN 192
COMMAND LEFT START
COMMAND LEFT END
COMMAND RIGHT START
MOVE B26 136
COMMAND RIGHT END
TURN 192 RESULT
TIME LEFT 0 5 RIGHT 0 5
MOVE B26 103
END TURN 192
TURN 193
COMMAND LEFT START
COMMAND LEFT END
COMMAND RIGHT START
UPGRADE 178
COMMAND RIGHT END
TURN 193 RESULT
TIME LEFT 0 5 RIGHT 0 5
UPGRADE B 178
MOVE B26 106
END TURN 193
TURN 194
COMMAND LEFT START
COMMAND LEFT END
COMMAND RIGHT START
MOVE B18 178
COMMAND RIGHT END
TURN 194 RESULT
TIME LEFT 0 5 RIGHT 0 5
MOVE B18 123
MOVE B26 114
END TURN 194
TURN 195
COMMAND LEFT START
COMMAND LEFT END
COMMAND RIGHT START
UPGRADE 178
COMMAND RIGHT END
TURN 195 RESULT
TIME LEFT 2 5 RIGHT 2 5
UPGRADE B 178
MOVE B18 139
MOVE B26 128
END TURN 195
TURN 196
COMMAND LEFT START
COMMAND LEFT END
COMMAND RIGHT START
MOVE B19 178
COMMAND RIGHT END
TURN 196 RESULT
TIME LEFT 0 5 RIGHT 0 5
MOVE B18 145
MOVE B19 123
MOVE B26 136
END TURN 196
TURN 197
COMMAND LEFT START
COMMAND LEFT END
COMMAND RIGHT START
UPGRADE 136
COMMAND RIGHT END
TURN 197 RESULT
TIME LEFT 0 5 RIGHT 0 5
UPGRADE B 136
MOVE B18 151
MOVE B19 139
END TURN 197
TURN 198
COMMAND LEFT START
COMMAND LEFT END
COMMAND RIGHT START
COMMAND RIGHT END
TURN 198 RESULT
TIME LEFT 0 5 RIGHT 0 5
MOVE B18 160
MOVE B19 145
END TURN 198
TURN 199
COMMAND LEFT START
COMMAND LEFT END
COMMAND RIGHT START
MOVE B25 115
COMMAND RIGHT END
TURN 199 RESULT
TIME LEFT 0 5 RIGHT 0 5
MOVE B18 167
MOVE B19 151
MOVE B25 101
END TURN 199
TURN 200
COMMAND LEFT START
COMMAND LEFT END
COMMAND RIGHT START
UPGRADE 136
COMMAND RIGHT END
TURN 200 RESULT
TIME LEFT 0 5 RIGHT 0 5
UPGRADE B 136
MOVE B18 178
MOVE B19 160
MOVE B25 98
END TURN 200
TURN 201
COMMAND LEFT START
COMMAND LEFT END
COMMAND RIGHT START
MOVE B20 136
COMMAND RIGHT END
TURN 201 RESULT
TIME LEFT 0 5 RIGHT 0 5
MOVE B19 167
MOVE B20 103
MOVE B25 90
END TURN 201
TURN 202
COMMAND LEFT START
COMMAND LEFT END
COMMAND RIGHT START
UPGRADE 159
COMMAND RIGHT END
TURN 202 RESULT
TIME LEFT 0 5 RIGHT 0 5
UPGRADE B 159
MOVE B19 178
MOVE B20 106
MOVE B25 97
END TURN 202
TURN 203
COMMAND LEFT START
COMMAND LEFT END
COMMAND RIGHT START
TRAIN 1
COMMAND RIGHT END
TURN 203 RESULT
TIME LEFT 0 5 RIGHT 0 5
TRAIN B29
MOVE B20 114
MOVE B25 110
END TURN 203
TURN 204
COMMAND LEFT START
COMMAND LEFT END
COMMAND RIGHT START
MOVE B13 159
COMMAND RIGHT END
TURN 204 RESULT
TIME LEFT 0 5 RIGHT 0 5
MOVE B13 195
MOVE B20 128
MOVE B25 115
END TURN 204
TURN 205
COMMAND LEFT START
COMMAND LEFT END
COMMAND RIGHT START
UPGRADE 115
COMMAND RIGHT END
TURN 205 RESULT
TIME LEFT 0 5 RIGHT 0 5
UPGRADE B 115
MOVE B13 189
MOVE B20 136
END TURN 205
TURN 206
COMMAND LEFT START
COMMAND LEFT END
COMMAND RIGHT START
COMMAND RIGHT END
TURN 206 RESULT
TIME LEFT 0 5 RIGHT 0 5
MOVE B13 183
END TURN 206
TURN 207
COMMAND LEFT START
COMMAND LEFT END
COMMAND RIGHT START
COMMAND RIGHT END
TURN 207 RESULT
TIME LEFT 0 5 RIGHT 0 5
MOVE B13 173
END TURN 207
TURN 208
COMMAND LEFT START
COMMAND LEFT END
COMMAND RIGHT START
COMMAND RIGHT END
TURN 208 RESULT
TIME LEFT 0 5 RIGHT 0 5
MOVE B13 159
END TURN 208
TURN 209
COMMAND LEFT START
COMMAND LEFT END
COMMAND RIGHT START
COMMAND RIGHT END
TURN 209 RESULT
TIME LEFT 0 5 RIGHT 0 5
END TURN 209
TURN 210
COMMAND LEFT START
COMMAND LEFT END
COMMAND RIGHT START
COMMAND RIGHT END
TURN 210 RESULT
TIME LEFT 0 5 RIGHT 0 5
END TURN 210
TURN 211
COMMAND LEFT START
COMMAND LEFT END
COMMAND RIGHT START
COMMAND RIGHT END
TURN 211 RESULT
TIME LEFT 0 5 RIGHT 0 5
END TURN 211
TURN 212
COMMAND LEFT START
COMMAND LEFT END
COMMAND RIGHT START
UPGRADE 204
TRAIN 1
COMMAND RIGHT END
TURN 212 RESULT
TIME LEFT 0 5 RIGHT 0 5
UPGRADE B 204
TRAIN B30
END TURN 212
TURN 213
COMMAND LEFT START
COMMAND LEFT END
COMMAND RIGHT START
COMMAND RIGHT END
TURN 213 RESULT
TIME LEFT 0 5 RIGHT 0 5
END TURN 213
TURN 214
COMMAND LEFT START
COMMAND LEFT END
COMMAND RIGHT START
UPGRADE 115
TRAIN 1
COMMAND RIGHT END
TURN 214 RESULT
TIME LEFT 0 5 RIGHT 0 5
UPGRADE B 115
TRAIN B31
END TURN 214
TURN 215
COMMAND LEFT START
COMMAND LEFT END
COMMAND RIGHT START
MOVE B14 115
COMMAND RIGHT END
TURN 215 RESULT
TIME LEFT 0 5 RIGHT 0 5
MOVE B14 193
END TURN 215
TURN 216
COMMAND LEFT START
COMMAND LEFT END
COMMAND RIGHT START
UPGRADE 141
COMMAND RIGHT END
TURN 216 RESULT
TIME LEFT 0 5 RIGHT 0 5
UPGRADE B 141
MOVE B14 184
END TURN 216
TURN 217
COMMAND LEFT START
COMMAND LEFT END
COMMAND RIGHT START
TRAIN 1
COMMAND RIGHT END
TURN 217 RESULT
TIME LEFT 0 5 RIGHT 0 5
TRAIN B32
MOVE B14 175
END TURN 217
TURN 218
COMMAND LEFT START
COMMAND LEFT END
COMMAND RIGHT START
MOVE B15 141
UPGRADE 136
COMMAND RIGHT END
TURN 218 RESULT
TIME LEFT 0 5 RIGHT 0 5
UPGRADE B 136
MOVE B14 163
MOVE B15 193
END TURN 218
TURN 219
COMMAND LEFT START
COMMAND LEFT END
COMMAND RIGHT START
TRAIN 1
COMMAND RIGHT END
TURN 219 RESULT
TIME LEFT 0 5 RIGHT 0 5
TRAIN B33
MOVE B14 141
MOVE B15 184
END TURN 219
TURN 220
COMMAND LEFT START
COMMAND LEFT END
COMMAND RIGHT START
MOVE B29 136
COMMAND RIGHT END
TURN 220 RESULT
TIME LEFT 0 5 RIGHT 0 5
MOVE B14 131
MOVE B15 175
MOVE B29 195
END TURN 220
TURN 221
COMMAND LEFT START
COMMAND LEFT END
COMMAND RIGHT START
UPGRADE 115
TRAIN 1
COMMAND RIGHT END
TURN 221 RESULT
TIME LEFT 0 5 RIGHT 0 5
UPGRADE B 115
TRAIN B34
MOVE B14 122
MOVE B15 163
MOVE B29 189
END TURN 221
TURN 222
COMMAND LEFT START
COMMAND LEFT END
COMMAND RIGHT START
MOVE B30 115
COMMAND RIGHT END
TURN 222 RESULT
TIME LEFT 0 5 RIGHT 0 5
MOVE B14 115
MOVE B15 141
MOVE B29 183
MOVE B30 193
END TURN 222
TURN 223
COMMAND LEFT START
COMMAND LEFT END
COMMAND RIGHT START
TRAIN 1
COMMAND RIGHT END
TURN 223 RESULT
TIME LEFT 0 5 RIGHT 0 5
TRAIN B35
MOVE B29 173
MOVE B30 184
END TURN 223
TURN 224
COMMAND LEFT START
COMMAND LEFT END
COMMAND RIGHT START
MOVE B35 102
TRAIN 2
COMMAND RIGHT END
TURN 224 RESULT
TIME LEFT 0 5 RIGHT 0 5
TRAIN B36 B37
MOVE B29 159
MOVE B30 175
MOVE B35 193
END TURN 224
TURN 225
COMMAND LEFT START
COMMAND LEFT END
COMMAND RIGHT START
MOVE B37 117
MOVE B36 102
COMMAND RIGHT END
TURN 225 RESULT
TIME LEFT 0 5 RIGHT 0 5
MOVE B29 151
MOVE B30 163
MOVE B35 184
MOVE B36 193
MOVE B37 196
END TURN 225
TURN 226
COMMAND LEFT START
COMMAND LEFT END
COMMAND RIGHT START
COMMAND RIGHT END
TURN 226 RESULT
TIME LEFT 0 5 RIGHT 0 5
MOVE B29 148
MOVE B30 141
MOVE B35 169
MOVE B36 184
MOVE B37 192
END TURN 226
TURN 227
COMMAND LEFT START
COMMAND LEFT END
COMMAND RIGHT START
COMMAND RIGHT END
TURN 227 RESULT
TIME LEFT 0 5 RIGHT 0 5
MOVE B29 136
MOVE B30 131
MOVE B35 154
MOVE B36 169
MOVE B37 180
END TURN 227
TURN 228
COMMAND LEFT START
COMMAND LEFT END
COMMAND RIGHT START
COMMAND RIGHT END
TURN 228 RESULT
TIME LEFT 0 5 RIGHT 0 5
MOVE B30 122
MOVE B35 144
MOVE B36 154
MOVE B37 171
END TURN 228
TURN 229
COMMAND LEFT START
COMMAND LEFT END
COMMAND RIGHT START
COMMAND RIGHT END
TURN 229 RESULT
TIME LEFT 0 5 RIGHT 0 5
MOVE B30 115
MOVE B35 133
MOVE B36 144
MOVE B37 158
END TURN 229
TURN 230
COMMAND LEFT START
COMMAND LEFT END
COMMAND RIGHT START
COMMAND RIGHT END
TURN 230 RESULT
TIME LEFT 0 5 RIGHT 0 5
MOVE B35 125
MOVE B36 133
MOVE B37 142
END TURN 230
TURN 231
COMMAND LEFT START
COMMAND LEFT END
COMMAND RIGHT START
UPGRADE 204
COMMAND RIGHT END
TURN 231 RESULT
TIME LEFT 0 5 RIGHT 0 5
UPGRADE B 204
MOVE B35 102
MOVE B36 125
MOVE B37 130
END TURN 231
TURN 232
COMMAND LEFT START
COMMAND LEFT END
COMMAND RIGHT START
MOVE B21 204
COMMAND RIGHT END
TURN 232 RESULT
TIME LEFT 0 5 RIGHT 0 5
MOVE B21 125
MOVE B36 102
MOVE B37 117
END TURN 232
TURN 233
COMMAND LEFT START
COMMAND LEFT END
COMMAND RIGHT START
UPGRADE 117
COMMAND RIGHT END
TURN 233 RESULT
TIME LEFT 0 5 RIGHT 0 5
UPGRADE B 117
MOVE B21 133
END TURN 233
TURN 234
COMMAND LEFT START
COMMAND LEFT END
COMMAND RIGHT START
UPGRADE 117
COMMAND RIGHT END
TURN 234 RESULT
TIME LEFT 0 5 RIGHT 0 5
UPGRADE B 117
MOVE B21 144
END TURN 234
TURN 235
COMMAND LEFT START
COMMAND LEFT END
COMMAND RIGHT START
MOVE B22 117
COMMAND RIGHT END
TURN 235 RESULT
TIME LEFT 0 5 RIGHT 0 5
MOVE B21 154
MOVE B22 101
END TURN 235
TURN 236
COMMAND LEFT START
COMMAND LEFT END
COMMAND RIGHT START
UPGRADE 117
TRAIN 1
COMMAND RIGHT END
TURN 236 RESULT
TIME LEFT 0 5 RIGHT 0 5
UPGRADE B 117
TRAIN B38
MOVE B21 169
MOVE B22 98
END TURN 236
TURN 237
COMMAND LEFT START
COMMAND LEFT END
COMMAND RIGHT START
TRAIN 1
COMMAND RIGHT END
TURN 237 RESULT
TIME LEFT 0 5 RIGHT 0 5
TRAIN B39
MOVE B21 184
MOVE B22 90
END TURN 237
TURN 238
COMMAND LEFT START
COMMAND LEFT END
COMMAND RIGHT START
MOVE B31 117
TRAIN 2
COMMAND RIGHT END
TURN 238 RESULT
TIME LEFT 0 5 RIGHT 0 5
TRAIN B40 B41
MOVE B21 193
MOVE B22 97
MOVE B31 196
END TURN 238
TURN 239
COMMAND LEFT START
COMMAND LEFT END
COMMAND RIGHT START
MOVE B41 68
MOVE B40 102
COMMAND RIGHT END
TURN 239 RESULT
TIME LEFT 0 5 RIGHT 0 5
MOVE B21 204
MOVE B22 110
MOVE B31 192
MOVE B40 193
MOVE B41 193
END TURN 239
TURN 240
COMMAND LEFT START
COMMAND LEFT END
COMMAND RIGHT START
MOVE B39 102
TRAIN 2
COMMAND RIGHT END
TURN 240 RESULT
TIME LEFT 0 5 RIGHT 0 5
TRAIN B42 B43
MOVE B22 115
MOVE B31 180
MOVE B39 193
MOVE B40 184
MOVE B41 184
END TURN 240
TURN 241
COMMAND LEFT START
COMMAND LEFT END
COMMAND RIGHT START
MOVE B43 102
MOVE B42 102
TRAIN 3
COMMAND RIGHT END
TURN 241 RESULT
TIME LEFT 0 5 RIGHT 0 5
TRAIN B44 B45 B46
MOVE B22 111
MOVE B31 171
MOVE B39 184
MOVE B40 169
MOVE B41 175
MOVE B42 193
MOVE B43 193
END TURN 241
TURN 242
COMMAND LEFT START
COMMAND LEFT END
COMMAND RIGHT START
MOVE B46 102
MOVE B45 102
MOVE B44 102
TRAIN 3
COMMAND RIGHT END
TURN 242 RESULT
TIME LEFT 0 5 RIGHT 0 5
TRAIN B47 B48 B49
MOVE B22 117
MOVE B31 158
MOVE B39 169
MOVE B40 154
MOVE B41 165
MOVE B42 184
MOVE B43 184
MOVE B44 193
MOVE B45 193
MOVE B46 193
END TURN 242
TURN 243
COMMAND LEFT START
COMMAND LEFT END
COMMAND RIGHT START
MOVE B49 102
MOVE B48 102
MOVE B47 102
TRAIN 3
COMMAND RIGHT END
TURN 243 RESULT
TIME LEFT 0 5 RIGHT 0 5
TRAIN B50 B51 B52
MOVE B31 142
MOVE B39 154
MOVE B40 144
MOVE B41 150
MOVE B42 169
MOVE B43 169
MOVE B44 184
MOVE B45 184
MOVE B46 184
MOVE B47 193
MOVE B48 193
MOVE B49 193
END TURN 243
TURN 244
COMMAND LEFT START
COMMAND LEFT END
COMMAND RIGHT START
MOVE B52 102
MOVE B51 102
MOVE B50 102
TRAIN 3
COMMAND RIGHT END
TURN 244 RESULT
TIME LEFT 0 5 RIGHT 0 5
TRAIN B53 B54 B55
MOVE B31 130
MOVE B39 144
MOVE B40 133
MOVE B41 129
MOVE B42 154
MOVE B43 154
MOVE B44 169
MOVE B45 169
MOVE B46 169
MOVE B47 184
MOVE B48 184
MOVE B49 184
MOVE B50 193
MOVE B51 193
MOVE B52 193
END TURN 244
TURN 245
COMMAND LEFT START
COMMAND LEFT END
COMMAND RIGHT START
MOVE B55 102
MOVE B54 102
MOVE B53 102
TRAIN 3
COMMAND RIGHT END
TURN 245 RESULT
TIME LEFT 0 5 RIGHT 0 5
TRAIN B56 B57 B58
MOVE B31 117
MOVE B39 133
MOVE B40 125
MOVE B41 113
MOVE B42 144
MOVE B43 144
MOVE B44 154
MOVE B45 154
MOVE B46 154
MOVE B47 169
MOVE B48 169
MOVE B49 169
MOVE B50 184
MOVE B51 184
MOVE B52 184
MOVE B53 193
MOVE B54 193
MOVE B55 193
END TURN 245
TURN 246
COMMAND LEFT START
COMMAND LEFT END
COMMAND RIGHT START
MOVE B58 102
MOVE B57 102
MOVE B56 102
TRAIN 3
COMMAND RIGHT END
TURN 246 RESULT
TIME LEFT 0 5 RIGHT 0 5
TRAIN B59 B60 B61
MOVE B39 125
MOVE B40 102
MOVE B41 90
MOVE B42 133
MOVE B43 133
MOVE B44 144
MOVE B45 144
MOVE B46 144
MOVE B47 154
MOVE B48 154
MOVE B49 154
MOVE B50 169
MOVE B51 169
MOVE B52 169
MOVE B53 184
MOVE B54 184
MOVE B55 184
MOVE B56 193
MOVE B57 193
MOVE B58 193
END TURN 246
TURN 247
COMMAND LEFT START
COMMAND LEFT END
COMMAND RIGHT START
MOVE B61 102
MOVE B60 102
MOVE B59 102
TRAIN 3
COMMAND RIGHT END
TURN 247 RESULT
TIME LEFT 0 5 RIGHT 0 5
TRAIN B62 B63 B64
MOVE B39 102
MOVE B41 76
MOVE B42 125
MOVE B43 125
MOVE B44 133
MOVE B45 133
MOVE B46 133
MOVE B47 144
MOVE B48 144
MOVE B49 144
MOVE B50 154
MOVE B51 154
MOVE B52 154
MOVE B53 169
MOVE B54 169
MOVE B55 169
MOVE B56 184
MOVE B57 184
MOVE B58 184
MOVE B59 193
MOVE B60 193
MOVE B61 193
END TURN 247
TURN 248
COMMAND LEFT START
COMMAND LEFT END
COMMAND RIGHT START
MOVE B64 102
MOVE B63 102
MOVE B62 102
TRAIN 3
COMMAND RIGHT END
TURN 248 RESULT
TIME LEFT 0 5 RIGHT 0 5
TRAIN B65 B66 B67
MOVE B41 68
MOVE B42 102
MOVE B43 102
MOVE B44 125
MOVE B45 125
MOVE B46 125
MOVE B47 133
MOVE B48 133
MOVE B49 133
MOVE B50 144
MOVE B51 144
MOVE B52 144
MOVE B53 154
MOVE B54 154
MOVE B55 154
MOVE B56 169
MOVE B57 169
MOVE B58 169
MOVE B59 184
MOVE B60 184
MOVE B61 184
MOVE B62 193
MOVE B63 193
MOVE B64 193
END TURN 248
TURN 249
COMMAND LEFT START
COMMAND LEFT END
COMMAND RIGHT START
MOVE B43 89
MOVE B67 102
MOVE B66 102
MOVE B65 102
UPGRADE 68
COMMAND RIGHT END
TURN 249 RESULT
TIME LEFT 0 5 RIGHT 0 5
UPGRADE B 68
MOVE B43 103
MOVE B44 102
MOVE B45 102
MOVE B46 102
MOVE B47 125
MOVE B48 125
MOVE B49 125
MOVE B50 133
MOVE B51 133
MOVE B52 133
MOVE B53 144
MOVE B54 144
MOVE B55 144
MOVE B56 154
MOVE B57 154
MOVE B58 154
MOVE B59 169
MOVE B60 169
MOVE B61 169
MOVE B62 184
MOVE B63 184
MOVE B64 184
MOVE B65 193
MOVE B66 193
MOVE B67 193
END TURN 249
TURN 250
COMMAND LEFT START
COMMAND LEFT END
COMMAND RIGHT START
UPGRADE 68
COMMAND RIGHT END
TURN 250 RESULT
TIME LEFT 0 5 RIGHT 0 5
UPGRADE B 68
MOVE B43 106
MOVE B47 102
MOVE B48 102
MOVE B49 102
MOVE B50 125
MOVE B51 125
MOVE B52 125
MOVE B53 133
MOVE B54 133
MOVE B55 133
MOVE B56 144
MOVE B57 144
MOVE B58 144
MOVE B59 154
MOVE B60 154
MOVE B61 154
MOVE B62 169
MOVE B63 169
MOVE B64 169
MOVE B65 184
MOVE B66 184
MOVE B67 184
END TURN 250
TURN 251
COMMAND LEFT START
COMMAND LEFT END
COMMAND RIGHT START
MOVE B23 68
UPGRADE 68
COMMAND RIGHT END
TURN 251 RESULT
TIME LEFT 0 5 RIGHT 0 5
UPGRADE B 68
MOVE B23 101
MOVE B43 114
MOVE B50 102
MOVE B51 102
MOVE B52 102
MOVE B53 125
MOVE B54 125
MOVE B55 125
MOVE B56 133
MOVE B57 133
MOVE B58 133
MOVE B59 144
MOVE B60 144
MOVE B61 144
MOVE B62 154
MOVE B63 154
MOVE B64 154
MOVE B65 169
MOVE B66 169
MOVE B67 169
END TURN 251
TURN 252
COMMAND LEFT START
COMMAND LEFT END
COMMAND RIGHT START
MOVE B35 68
TRAIN 3
COMMAND RIGHT END
TURN 252 RESULT
TIME LEFT 0 5 RIGHT 0 5
TRAIN B68 B69 B70
MOVE B23 98
MOVE B35 101
MOVE B43 107
MOVE B53 102
MOVE B54 102
MOVE B55 102
MOVE B56 125
MOVE B57 125
MOVE B58 125
MOVE B59 133
MOVE B60 133
MOVE B61 133
MOVE B62 144
MOVE B63 144
MOVE B64 144
MOVE B65 154
MOVE B66 154
MOVE B67 154
END TURN 252
TURN 253
COMMAND LEFT START
COMMAND LEFT END
COMMAND RIGHT START
TRAIN 3
COMMAND RIGHT END
TURN 253 RESULT
TIME LEFT 0 5 RIGHT 0 5
TRAIN B71 B72 B73
MOVE B23 90
MOVE B35 98
MOVE B43 94
MOVE B56 102
MOVE B57 102
MOVE B58 102
MOVE B59 125
MOVE B60 125
MOVE B61 125
MOVE B62 133
MOVE B63 133
MOVE B64 133
MOVE B65 144
MOVE B66 144
MOVE B67 144
END TURN 253
TURN 254
COMMAND LEFT START
COMMAND LEFT END
COMMAND RIGHT START
TRAIN 3
COMMAND RIGHT END
TURN 254 RESULT
TIME LEFT 0 5 RIGHT 0 5
TRAIN B74 B75 B76
MOVE B23 76
MOVE B35 90
MOVE B43 89
MOVE B59 102
MOVE B60 102
MOVE B61 102
MOVE B62 125
MOVE B63 125
MOVE B64 125
MOVE B65 133
MOVE B66 133
MOVE B67 133
END TURN 254
TURN 255
COMMAND LEFT START
TRAIN 1
COMMAND LEFT END
COMMAND RIGHT START
UPGRADE 89
COMMAND RIGHT END
TURN 255 RESULT
TIME LEFT 0 5 RIGHT 0 5
UPGRADE B 89
TRAIN A15
MOVE B23 68
MOVE B35 76
MOVE B62 102
MOVE B63 102
MOVE B64 102
MOVE B65 125
MOVE B66 125
MOVE B67 125
END TURN 255
TURN 256
COMMAND LEFT START
COMMAND LEFT END
COMMAND RIGHT START
MOVE B64 45
COMMAND RIGHT END
TURN 256 RESULT
TIME LEFT 0 5 RIGHT 0 5
MOVE B35 68
MOVE B64 81
MOVE B65 102
MOVE B66 102
MOVE B67 102
END TURN 256
TURN 257
COMMAND LEFT START
COMMAND LEFT END
COMMAND RIGHT START
UPGRADE 89
COMMAND RIGHT END
TURN 257 RESULT
TIME LEFT 0 5 RIGHT 0 5
UPGRADE B 89
MOVE B64 65
END TURN 257
TURN 258
COMMAND LEFT START
COMMAND LEFT END
COMMAND RIGHT START
MOVE B36 89
UPGRADE 89
COMMAND RIGHT END
TURN 258 RESULT
TIME LEFT 0 5 RIGHT 0 5
UPGRADE B 89
MOVE B36 103
MOVE B64 59
END TURN 258
TURN 259
COMMAND LEFT START
COMMAND LEFT END
COMMAND RIGHT START
MOVE B39 89
TRAIN 3
COMMAND RIGHT END
TURN 259 RESULT
TIME LEFT 0 5 RIGHT 0 5
TRAIN B77 B78 B79
MOVE B36 106
MOVE B39 103
MOVE B64 45
END TURN 259
TURN 260
COMMAND LEFT START
COMMAND LEFT END
COMMAND RIGHT START
UPGRADE 45
COMMAND RIGHT END
TURN 260 RESULT
TIME LEFT 0 5 RIGHT 0 5
UPGRADE B 45
MOVE B36 114
MOVE B39 106
END TURN 260
TURN 261
COMMAND LEFT START
COMMAND LEFT END
COMMAND RIGHT START
MOVE B67 63
COMMAND RIGHT END
TURN 261 RESULT
TIME LEFT 0 5 RIGHT 0 5
MOVE B36 107
MOVE B39 114
MOVE B67 103
END TURN 261
TURN 262
COMMAND LEFT START
COMMAND LEFT END
COMMAND RIGHT START
UPGRADE 45
COMMAND RIGHT END
TURN 262 RESULT
TIME LEFT 0 5 RIGHT 0 5
UPGRADE B 45
MOVE B36 94
MOVE B39 107
MOVE B67 92
END TURN 262
TURN 263
COMMAND LEFT START
COMMAND LEFT END
COMMAND RIGHT START
MOVE B40 45
UPGRADE 45
COMMAND RIGHT END
TURN 263 RESULT
TIME LEFT 0 5 RIGHT 0 5
UPGRADE B 45
MOVE B36 89
MOVE B39 94
MOVE B40 81
MOVE B67 75
END TURN 263
TURN 264
COMMAND LEFT START
COMMAND LEFT END
COMMAND RIGHT START
MOVE B42 45
TRAIN 3
COMMAND RIGHT END
TURN 264 RESULT
TIME LEFT 0 5 RIGHT 0 5
TRAIN B80 B81 B82
MOVE B39 89
MOVE B40 65
MOVE B42 81
MOVE B67 64
END TURN 264
TURN 265
COMMAND LEFT START
COMMAND LEFT END
COMMAND RIGHT START
TRAIN 3
COMMAND RIGHT END
TURN 265 RESULT
TIME LEFT 0 5 RIGHT 0 5
TRAIN B83 B84 B85
MOVE B40 59
MOVE B42 65
MOVE B67 63
END TURN 265
TURN 266
COMMAND LEFT START
COMMAND LEFT END
COMMAND RIGHT START
MOVE B66 39
UPGRADE 63
COMMAND RIGHT END
TURN 266 RESULT
TIME LEFT 0 5 RIGHT 0 5
UPGRADE B 63
MOVE B40 45
MOVE B42 59
MOVE B66 79
END TURN 266
TURN 267
COMMAND LEFT START
COMMAND LEFT END
COMMAND RIGHT START
UPGRADE 63
COMMAND RIGHT END
TURN 267 RESULT
TIME LEFT 0 5 RIGHT 0 5
UPGRADE B 63
MOVE B42 45
MOVE B66 71
END TURN 267
TURN 268
COMMAND LEFT START
COMMAND LEFT END
COMMAND RIGHT START
MOVE B44 63
UPGRADE 63
COMMAND RIGHT END
TURN 268 RESULT
TIME LEFT 0 5 RIGHT 0 5
UPGRADE B 63
MOVE B44 103
MOVE B66 60
END TURN 268
TURN 269
COMMAND LEFT START
COMMAND LEFT END
COMMAND RIGHT START
MOVE B45 63
TRAIN 2
COMMAND RIGHT END
TURN 269 RESULT
TIME LEFT 0 5 RIGHT 0 5
TRAIN B86 B87
MOVE B44 92
MOVE B45 103
MOVE B66 50
END TURN 269
TURN 270
COMMAND LEFT START
COMMAND LEFT END
COMMAND RIGHT START
TRAIN 3
COMMAND RIGHT END
TURN 270 RESULT
TIME LEFT 0 5 RIGHT 0 5
TRAIN B88 B89 B90
MOVE B44 75
MOVE B45 92
MOVE B66 39
END TURN 270
TURN 271
COMMAND LEFT START
COMMAND LEFT END
COMMAND RIGHT START
MOVE B65 87
UPGRADE 39
COMMAND RIGHT END
TURN 271 RESULT
TIME LEFT 0 5 RIGHT 0 5
UPGRADE B 39
MOVE B44 64
MOVE B45 75
MOVE B65 103
END TURN 271
TURN 272
COMMAND LEFT START
COMMAND LEFT END
COMMAND RIGHT START
UPGRADE 39
COMMAND RIGHT END
TURN 272 RESULT
TIME LEFT 0 5 RIGHT 0 5
UPGRADE B 39
MOVE B44 63
MOVE B45 64
MOVE B65 106
END TURN 272
TURN 273
COMMAND LEFT START
COMMAND LEFT END
COMMAND RIGHT START
MOVE B46 39
UPGRADE 39
COMMAND RIGHT END
TURN 273 RESULT
TIME LEFT 0 5 RIGHT 0 5
UPGRADE B 39
MOVE B45 63
MOVE B46 79
MOVE B65 114
END TURN 273
TURN 274
COMMAND LEFT START
COMMAND LEFT END
COMMAND RIGHT START
MOVE B47 39
TRAIN 3
COMMAND RIGHT END
TURN 274 RESULT
TIME LEFT 0 5 RIGHT 0 5
TRAIN B91 B92 B93
MOVE B46 71
MOVE B47 79
MOVE B65 107
END TURN 274
TURN 275
COMMAND LEFT START
COMMAND LEFT END
COMMAND RIGHT START
TRAIN 3
COMMAND RIGHT END
TURN 275 RESULT
TIME LEFT 0 5 RIGHT 0 5
TRAIN B94 B95 B96
MOVE B46 60
MOVE B47 71
MOVE B65 94
END TURN 275
TURN 276
COMMAND LEFT START
COMMAND LEFT END
COMMAND RIGHT START
TRAIN 2
COMMAND RIGHT END
TURN 276 RESULT
TIME LEFT 0 5 RIGHT 0 5
TRAIN B97 B98
MOVE B46 50
MOVE B47 60
MOVE B65 89
END TURN 276
TURN 277
COMMAND LEFT START
COMMAND LEFT END
COMMAND RIGHT START
TRAIN 3
COMMAND RIGHT END
TURN 277 RESULT
TIME LEFT 0 5 RIGHT 0 5
TRAIN B99 B100 B101
MOVE B46 39
MOVE B47 50
MOVE B65 93
END TURN 277
TURN 278
COMMAND LEFT START
COMMAND LEFT END
COMMAND RIGHT START
TRAIN 3
COMMAND RIGHT END
TURN 278 RESULT
TIME LEFT 0 5 RIGHT 0 5
TRAIN B102 B103 B104
MOVE B47 39
MOVE B65 87
END TURN 278
TURN 279
COMMAND LEFT START
COMMAND LEFT END
COMMAND RIGHT START
MOVE B63 25
MOVE B104 102
MOVE B103 102
MOVE B102 102
MOVE B101 102
MOVE B100 102
MOVE B99 102
MOVE B98 102
MOVE B97 102
MOVE B96 102
MOVE B95 102
MOVE B94 102
UPGRADE 87
TRAIN 2
COMMAND RIGHT END
TURN 279 RESULT
TIME LEFT 0 5 RIGHT 1 5
UPGRADE B 87
TRAIN B105 B106
MOVE B63 79
MOVE B94 193
MOVE B95 193
MOVE B96 193
MOVE B97 193
MOVE B98 193
MOVE B99 193
MOVE B100 193
MOVE B101 193
MOVE B102 193
MOVE B103 193
MOVE B104 193
END TURN 279
TURN 280
COMMAND LEFT START
COMMAND LEFT END
COMMAND RIGHT START
MOVE B106 102
MOVE B105 102
MOVE B93 102
MOVE B92 102
MOVE B91 102
MOVE B90 102
MOVE B89 102
MOVE B88 102
MOVE B87 102
MOVE B86 102
MOVE B85 102
UPGRADE 87
TRAIN 3
COMMAND RIGHT END
TURN 280 RESULT
TIME LEFT 0 5 RIGHT 1 5
UPGRADE B 87
TRAIN B107 B108 B109
MOVE B63 66
MOVE B85 193
MOVE B86 193
MOVE B87 193
MOVE B88 193
MOVE B89 193
MOVE B90 193
MOVE B91 193
MOVE B92 193
MOVE B93 193
MOVE B94 184
MOVE B95 184
MOVE B96 184
MOVE B97 184
MOVE B98 184
MOVE B99 184
MOVE B100 184
MOVE B101 184
MOVE B102 184
MOVE B103 184
MOVE B104 184
MOVE B105 193
MOVE B106 193
END TURN 280
TURN 281
COMMAND LEFT START
COMMAND LEFT END
COMMAND RIGHT START
MOVE B48 87
MOVE B109 102
MOVE B108 102
MOVE B107 102
MOVE B84 102
MOVE B83 102
MOVE B82 102
MOVE B81 102
MOVE B80 102
MOVE B79 102
MOVE B78 102
MOVE B77 102
UPGRADE 87
COMMAND RIGHT END
TURN 281 RESULT
TIME LEFT 0 5 RIGHT 0 5
UPGRADE B 87
MOVE B48 103
MOVE B63 43
MOVE B77 193
MOVE B78 193
MOVE B79 193
MOVE B80 193
MOVE B81 193
MOVE B82 193
MOVE B83 193
MOVE B84 193
MOVE B85 184
MOVE B86 184
MOVE B87 184
MOVE B88 184
MOVE B89 184
MOVE B90 184
MOVE B91 184
MOVE B92 184
MOVE B93 184
MOVE B94 169
MOVE B95 169
MOVE B96 169
MOVE B97 169
MOVE B98 169
MOVE B99 169
MOVE B100 169
MOVE B101 169
MOVE B102 169
MOVE B103 169
MOVE B104 169
MOVE B105 184
MOVE B106 184
MOVE B107 193
MOVE B108 193
MOVE B109 193
END TURN 281
TURN 282
COMMAND LEFT START
COMMAND LEFT END
COMMAND RIGHT START
MOVE B49 87
MOVE B76 102
MOVE B75 102
MOVE B74 102
MOVE B73 102
MOVE B72 102
MOVE B71 102
MOVE B70 102
MOVE B69 102
MOVE B68 102
TRAIN 3
COMMAND RIGHT END
TURN 282 RESULT
TIME LEFT 0 5 RIGHT 0 5
TRAIN B110 B111 B112
MOVE B48 106
MOVE B49 103
MOVE B63 30
MOVE B68 193
MOVE B69 193
MOVE B70 193
MOVE B71 193
MOVE B72 193
MOVE B73 193
MOVE B74 193
MOVE B75 193
MOVE B76 193
MOVE B77 184
MOVE B78 184
MOVE B79 184
MOVE B80 184
MOVE B81 184
MOVE B82 184
MOVE B83 184
MOVE B84 184
MOVE B85 169
MOVE B86 169
MOVE B87 169
MOVE B88 169
MOVE B89 169
MOVE B90 169
MOVE B91 169
MOVE B92 169
MOVE B93 169
MOVE B94 154
MOVE B95 154
MOVE B96 154
MOVE B97 154
MOVE B98 154
MOVE B99 154
MOVE B100 154
MOVE B101 154
MOVE B102 154
MOVE B103 154
MOVE B104 154
MOVE B105 169
MOVE B106 169
MOVE B107 184
MOVE B108 184
MOVE B109 184
END TURN 282
TURN 283
COMMAND LEFT START
COMMAND LEFT END
COMMAND RIGHT START
MOVE B112 102
MOVE B111 102
MOVE B110 102
TRAIN 1
COMMAND RIGHT END
TURN 283 RESULT
TIME LEFT 0 5 RIGHT 0 5
TRAIN B113
MOVE B48 114
MOVE B49 106
MOVE B63 25
MOVE B68 184
MOVE B69 184
MOVE B70 184
MOVE B71 184
MOVE B72 184
MOVE B73 184
MOVE B74 184
MOVE B75 184
MOVE B76 184
MOVE B77 169
MOVE B78 169
MOVE B79 169
MOVE B80 169
MOVE B81 169
MOVE B82 169
MOVE B83 169
MOVE B84 169
MOVE B85 154
MOVE B86 154
MOVE B87 154
MOVE B88 154
MOVE B89 154
MOVE B90 154
MOVE B91 154
MOVE B92 154
MOVE B93 154
MOVE B94 144
MOVE B95 144
MOVE B96 144
MOVE B97 144
MOVE B98 144
MOVE B99 144
MOVE B100 144
MOVE B101 144
MOVE B102 144
MOVE B103 144
MOVE B104 144
MOVE B105 154
MOVE B106 154
MOVE B107 169
MOVE B108 169
MOVE B109 169
MOVE B110 193
MOVE B111 193
MOVE B112 193
END TURN 283
TURN 284
COMMAND LEFT START
COMMAND LEFT END
COMMAND RIGHT START
MOVE B62 26
MOVE B113 102
UPGRADE 25
COMMAND RIGHT END
TURN 284 RESULT
TIME LEFT 0 5 RIGHT 0 5
UPGRADE B 25
MOVE B48 107
MOVE B49 114
MOVE B62 81
MOVE B68 169
MOVE B69 169
MOVE B70 169
MOVE B71 169
MOVE B72 169
MOVE B73 169
MOVE B74 169
MOVE B75 169
MOVE B76 169
MOVE B77 154
MOVE B78 154
MOVE B79 154
MOVE B80 154
MOVE B81 154
MOVE B82 154
MOVE B83 154
MOVE B84 154
MOVE B85 144
MOVE B86 144
MOVE B87 144
MOVE B88 144
MOVE B89 144
MOVE B90 144
MOVE B91 144
MOVE B92 144
MOVE B93 144
MOVE B94 133
MOVE B95 133
MOVE B96 133
MOVE B97 133
MOVE B98 133
MOVE B99 133
MOVE B100 133
MOVE B101 133
MOVE B102 133
MOVE B103 133
MOVE B104 133
MOVE B105 144
MOVE B106 144
MOVE B107 154
MOVE B108 154
MOVE B109 154
MOVE B110 184
MOVE B111 184
MOVE B112 184
MOVE B113 193
END TURN 284
TURN 285
COMMAND LEFT START
COMMAND LEFT END
COMMAND RIGHT START
UPGRADE 25
TRAIN 3
COMMAND RIGHT END
TURN 285 RESULT
TIME LEFT 0 5 RIGHT 0 5
UPGRADE B 25
TRAIN B114 B115 B116
MOVE B48 94
MOVE B49 107
MOVE B62 65
MOVE B68 154
MOVE B69 154
MOVE B70 154
MOVE B71 154
MOVE B72 154
MOVE B73 154
MOVE B74 154
MOVE B75 154
MOVE B76 154
MOVE B77 144
MOVE B78 144
MOVE B79 144
MOVE B80 144
MOVE B81 144
MOVE B82 144
MOVE B83 144
MOVE B84 144
MOVE B85 133
MOVE B86 133
MOVE B87 133
MOVE B88 133
MOVE B89 133
MOVE B90 133
MOVE B91 133
MOVE B92 133
MOVE B93 133
MOVE B94 125
MOVE B95 125
MOVE B96 125
MOVE B97 125
MOVE B98 125
MOVE B99 125
MOVE B100 125
MOVE B101 125
MOVE B102 125
MOVE B103 125
MOVE B104 125
MOVE B105 133
MOVE B106 133
MOVE B107 144
MOVE B108 144
MOVE B109 144
MOVE B110 169
MOVE B111 169
MOVE B112 169
MOVE B113 184
END TURN 285
TURN 286
COMMAND LEFT START
COMMAND LEFT END
COMMAND RIGHT START
MOVE B50 25
MOVE B116 102
MOVE B115 102
MOVE B114 102
UPGRADE 25
COMMAND RIGHT END
TURN 286 RESULT
TIME LEFT 0 5 RIGHT 0 5
UPGRADE B 25
MOVE B48 89
MOVE B49 94
MOVE B50 79
MOVE B62 59
MOVE B68 144
MOVE B69 144
MOVE B70 144
MOVE B71 144
MOVE B72 144
MOVE B73 144
MOVE B74 144
MOVE B75 144
MOVE B76 144
MOVE B77 133
MOVE B78 133
MOVE B79 133
MOVE B80 133
MOVE B81 133
MOVE B82 133
MOVE B83 133
MOVE B84 133
MOVE B85 125
MOVE B86 125
MOVE B87 125
MOVE B88 125
MOVE B89 125
MOVE B90 125
MOVE B91 125
MOVE B92 125
MOVE B93 125
MOVE B94 102
MOVE B95 102
MOVE B96 102
MOVE B97 102
MOVE B98 102
MOVE B99 102
MOVE B100 102
MOVE B101 102
MOVE B102 102
MOVE B103 102
MOVE B104 102
MOVE B105 125
MOVE B106 125
MOVE B107 133
MOVE B108 133
MOVE B109 133
MOVE B110 154
MOVE B111 154
MOVE B112 154
MOVE B113 169
MOVE B114 193
MOVE B115 193
MOVE B116 193
END TURN 286
TURN 287
COMMAND LEFT START
COMMAND LEFT END
COMMAND RIGHT START
MOVE B51 25
TRAIN 1
COMMAND RIGHT END
TURN 287 RESULT
TIME LEFT 0 5 RIGHT 0 5
TRAIN B117
MOVE B48 93
MOVE B49 89
MOVE B50 66
MOVE B51 79
MOVE B62 53
MOVE B68 133
MOVE B69 133
MOVE B70 133
MOVE B71 133
MOVE B72 133
MOVE B73 133
MOVE B74 133
MOVE B75 133
MOVE B76 133
MOVE B77 125
MOVE B78 125
MOVE B79 125
MOVE B80 125
MOVE B81 125
MOVE B82 125
MOVE B83 125
MOVE B84 125
MOVE B85 102
MOVE B86 102
MOVE B87 102
MOVE B88 102
MOVE B89 102
MOVE B90 102
MOVE B91 102
MOVE B92 102
MOVE B93 102
MOVE B105 102
MOVE B106 102
MOVE B107 125
MOVE B108 125
MOVE B109 125
MOVE B110 144
MOVE B111 144
MOVE B112 144
MOVE B113 154
MOVE B114 184
MOVE B115 184
MOVE B116 184
END TURN 287
TURN 288
COMMAND LEFT START
COMMAND LEFT END
COMMAND RIGHT START
MOVE B117 102
TRAIN 3
COMMAND RIGHT END
TURN 288 RESULT
TIME LEFT 0 5 RIGHT 0 5
TRAIN B118 B119 B120
MOVE B48 87
MOVE B49 93
MOVE B50 43
MOVE B51 66
MOVE B62 44
MOVE B68 125
MOVE B69 125
MOVE B70 125
MOVE B71 125
MOVE B72 125
MOVE B73 125
MOVE B74 125
MOVE B75 125
MOVE B76 125
MOVE B77 102
MOVE B78 102
MOVE B79 102
MOVE B80 102
MOVE B81 102
MOVE B82 102
MOVE B83 102
MOVE B84 102
MOVE B107 102
MOVE B108 102
MOVE B109 102
MOVE B110 133
MOVE B111 133
MOVE B112 133
MOVE B113 144
MOVE B114 169
MOVE B115 169
MOVE B116 169
MOVE B117 193
END TURN 288
TURN 289
COMMAND LEFT START
COMMAND LEFT END
COMMAND RIGHT START
MOVE B109 0
MOVE B108 0
MOVE B107 0
MOVE B106 0
MOVE B105 0
MOVE B104 0
MOVE B103 0
MOVE B102 0
MOVE B101 0
MOVE B100 0
MOVE B99 0
MOVE B98 0
MOVE B97 0
MOVE B96 0
MOVE B95 0
MOVE B94 0
MOVE B93 0
MOVE B92 0
MOVE B91 0
MOVE B90 0
MOVE B89 0
MOVE B88 0
MOVE B87 0
MOVE B86 0
MOVE B85 0
MOVE B84 0
MOVE B83 0
MOVE B82 0
MOVE B81 0
MOVE B80 0
MOVE B79 0
MOVE B78 0
MOVE B77 0
MOVE B61 0
MOVE B60 0
MOVE B59 0
MOVE B58 0
MOVE B57 0
MOVE B56 0
MOVE B55 0
MOVE B54 0
COMMAND RIGHT END
TURN 289 RESULT
TIME LEFT 0 5 RIGHT 0 5
MOVE B49 87
MOVE B50 30
MOVE B51 43
MOVE B54 79
MOVE B55 79
MOVE B56 79
MOVE B57 79
MOVE B58 79
MOVE B59 79
MOVE B60 79
MOVE B61 79
MOVE B62 37
MOVE B68 102
MOVE B69 102
MOVE B70 102
MOVE B71 102
MOVE B72 102
MOVE B73 102
MOVE B74 102
MOVE B75 102
MOVE B76 102
MOVE B77 79
MOVE B78 79
MOVE B79 79
MOVE B80 79
MOVE B81 79
MOVE B82 79
MOVE B83 79
MOVE B84 79
MOVE B85 79
MOVE B86 79
MOVE B87 79
MOVE B88 79
MOVE B89 79
MOVE B90 79
MOVE B91 79
MOVE B92 79
MOVE B93 79
MOVE B94 79
MOVE B95 79
MOVE B96 79
MOVE B97 79
MOVE B98 79
MOVE B99 79
MOVE B100 79
MOVE B101 79
MOVE B102 79
MOVE B103 79
MOVE B104 79
MOVE B105 79
MOVE B106 79
MOVE B107 79
MOVE B108 79
MOVE B109 79
MOVE B110 125
MOVE B111 125
MOVE B112 125
MOVE B113 133
MOVE B114 154
MOVE B115 154
MOVE B116 154
MOVE B117 184
END TURN 289
TURN 290
COMMAND LEFT START
COMMAND LEFT END
COMMAND RIGHT START
TRAIN 3
COMMAND RIGHT END
TURN 290 RESULT
TIME LEFT 0 5 RIGHT 0 5
TRAIN B121 B122 B123
MOVE B50 25
MOVE B51 30
MOVE B54 71
MOVE B55 71
MOVE B56 71
MOVE B57 71
MOVE B58 71
MOVE B59 71
MOVE B60 71
MOVE B61 71
MOVE B62 26
MOVE B77 71
MOVE B78 71
MOVE B79 71
MOVE B80 71
MOVE B81 71
MOVE B82 71
MOVE B83 71
MOVE B84 71
MOVE B85 71
MOVE B86 71
MOVE B87 71
MOVE B88 71
MOVE B89 71
MOVE B90 71
MOVE B91 71
MOVE B92 71
MOVE B93 71
MOVE B94 71
MOVE B95 71
MOVE B96 71
MOVE B97 71
MOVE B98 71
MOVE B99 71
MOVE B100 71
MOVE B101 71
MOVE B102 71
MOVE B103 71
MOVE B104 71
MOVE B105 71
MOVE B106 71
MOVE B107 71
MOVE B108 71
MOVE B109 71
MOVE B110 102
MOVE B111 102
MOVE B112 102
MOVE B113 125
MOVE B114 144
MOVE B115 144
MOVE B116 144
MOVE B117 169
END TURN 290
TURN 291
COMMAND LEFT START
COMMAND LEFT END
COMMAND RIGHT START
UPGRADE 26
TRAIN 3
COMMAND RIGHT END
TURN 291 RESULT
TIME LEFT 0 5 RIGHT 0 5
UPGRADE B 26
TRAIN B124 B125 B126
MOVE B51 25
MOVE B54 60
MOVE B55 60
MOVE B56 60
MOVE B57 60
MOVE B58 60
MOVE B59 60
MOVE B60 60
MOVE B61 60
MOVE B77 60
MOVE B78 60
MOVE B79 60
MOVE B80 60
MOVE B81 60
MOVE B82 60
MOVE B83 60
MOVE B84 60
MOVE B85 60
MOVE B86 60
MOVE B87 60
MOVE B88 60
MOVE B89 60
MOVE B90 60
MOVE B91 60
MOVE B92 60
MOVE B93 60
MOVE B94 60
MOVE B95 60
MOVE B96 60
MOVE B97 60
MOVE B98 60
MOVE B99 60
MOVE B100 60
MOVE B101 60
MOVE B102 60
MOVE B103 60
MOVE B104 60
MOVE B105 60
MOVE B106 60
MOVE B107 60
MOVE B108 60
MOVE B109 60
MOVE B113 102
MOVE B114 133
MOVE B115 133
MOVE B116 133
MOVE B117 154
END TURN 291
TURN 292
COMMAND LEFT START
COMMAND LEFT END
COMMAND RIGHT START
TRAIN 3
COMMAND RIGHT END
TURN 292 RESULT
TIME LEFT 0 5 RIGHT 0 5
TRAIN B127 B128 B129
MOVE B54 50
MOVE B55 50
MOVE B56 50
MOVE B57 50
MOVE B58 50
MOVE B59 50
MOVE B60 50
MOVE B61 50
MOVE B77 50
MOVE B78 50
MOVE B79 50
MOVE B80 50
MOVE B81 50
MOVE B82 50
MOVE B83 50
MOVE B84 50
MOVE B85 50
MOVE B86 50
MOVE B87 50
MOVE B88 50
MOVE B89 50
MOVE B90 50
MOVE B91 50
MOVE B92 50
MOVE B93 50
MOVE B94 50
MOVE B95 50
MOVE B96 50
MOVE B97 50
MOVE B98 50
MOVE B99 50
MOVE B100 50
MOVE B101 50
MOVE B102 50
MOVE B103 50
MOVE B104 50
MOVE B105 50
MOVE B106 50
MOVE B107 50
MOVE B108 50
MOVE B109 50
MOVE B114 125
MOVE B115 125
MOVE B116 125
MOVE B117 144
END TURN 292
TURN 293
COMMAND LEFT START
COMMAND LEFT END
COMMAND RIGHT START
TRAIN 3
COMMAND RIGHT END
TURN 293 RESULT
TIME LEFT 0 5 RIGHT 0 5
TRAIN B130 B131 B132
MOVE B54 35
MOVE B55 35
MOVE B56 35
MOVE B57 35
MOVE B58 35
MOVE B59 35
MOVE B60 35
MOVE B61 35
MOVE B77 35
MOVE B78 35
MOVE B79 35
MOVE B80 35
MOVE B81 35
MOVE B82 35
MOVE B83 35
MOVE B84 35
MOVE B85 35
MOVE B86 35
MOVE B87 35
MOVE B88 35
MOVE B89 35
MOVE B90 35
MOVE B91 35
MOVE B92 35
MOVE B93 35
MOVE B94 35
MOVE B95 35
MOVE B96 35
MOVE B97 35
MOVE B98 35
MOVE B99 35
MOVE B100 35
MOVE B101 35
MOVE B102 35
MOVE B103 35
MOVE B104 35
MOVE B105 35
MOVE B106 35
MOVE B107 35
MOVE B108 35
MOVE B109 35
MOVE B114 102
MOVE B115 102
MOVE B116 102
MOVE B117 133
END TURN 293
TURN 294
COMMAND LEFT START
COMMAND LEFT END
COMMAND RIGHT START
TRAIN 3
COMMAND RIGHT END
TURN 294 RESULT
TIME LEFT 0 5 RIGHT 0 5
TRAIN B133 B134 B135
MOVE B54 20
MOVE B55 20
MOVE B56 20
MOVE B57 20
MOVE B58 20
MOVE B59 20
MOVE B60 20
MOVE B61 20
MOVE B77 20
MOVE B78 20
MOVE B79 20
MOVE B80 20
MOVE B81 20
MOVE B82 20
MOVE B83 20
MOVE B84 20
MOVE B85 20
MOVE B86 20
MOVE B87 20
MOVE B88 20
MOVE B89 20
MOVE B90 20
MOVE B91 20
MOVE B92 20
MOVE B93 20
MOVE B94 20
MOVE B95 20
MOVE B96 20
MOVE B97 20
MOVE B98 20
MOVE B99 20
MOVE B100 20
MOVE B101 20
MOVE B102 20
MOVE B103 20
MOVE B104 20
MOVE B105 20
MOVE B106 20
MOVE B107 20
MOVE B108 20
MOVE B109 20
MOVE B117 125
END TURN 294
TURN 295
COMMAND LEFT START
COMMAND LEFT END
COMMAND RIGHT START
TRAIN 3
COMMAND RIGHT END
TURN 295 RESULT
TIME LEFT 0 5 RIGHT 0 5
TRAIN B136 B137 B138
MOVE B54 11
MOVE B55 11
MOVE B56 11
MOVE B57 11
MOVE B58 11
MOVE B59 11
MOVE B60 11
MOVE B61 11
MOVE B77 11
MOVE B78 11
MOVE B79 11
MOVE B80 11
MOVE B81 11
MOVE B82 11
MOVE B83 11
MOVE B84 11
MOVE B85 11
MOVE B86 11
MOVE B87 11
MOVE B88 11
MOVE B89 11
MOVE B90 11
MOVE B91 11
MOVE B92 11
MOVE B93 11
MOVE B94 11
MOVE B95 11
MOVE B96 11
MOVE B97 11
MOVE B98 11
MOVE B99 11
MOVE B100 11
MOVE B101 11
MOVE B102 11
MOVE B103 11
MOVE B104 11
MOVE B105 11
MOVE B106 11
MOVE B107 11
MOVE B108 11
MOVE B109 11
MOVE B117 102
END TURN 295
TURN 296
COMMAND LEFT START
COMMAND LEFT END
COMMAND RIGHT START
TRAIN 3
COMMAND RIGHT END
TURN 296 RESULT
TIME LEFT 0 5 RIGHT 0 5
TRAIN B139 B140 B141
MOVE B54 0
MOVE B55 0
MOVE B56 0
MOVE B57 0
MOVE B58 0
MOVE B59 0
MOVE B60 0
MOVE B61 0
MOVE B77 0
MOVE B78 0
MOVE B79 0
MOVE B80 0
MOVE B81 0
MOVE B82 0
MOVE B83 0
MOVE B84 0
MOVE B85 0
MOVE B86 0
MOVE B87 0
MOVE B88 0
MOVE B89 0
MOVE B90 0
MOVE B91 0
MOVE B92 0
MOVE B93 0
MOVE B94 0
MOVE B95 0
MOVE B96 0
MOVE B97 0
MOVE B98 0
MOVE B99 0
MOVE B100 0
MOVE B101 0
MOVE B102 0
MOVE B103 0
MOVE B104 0
MOVE B105 0
MOVE B106 0
MOVE B107 0
MOVE B108 0
MOVE B109 0
DAMAGE TURRET B54 1
DAMAGE COMBAT A1 4
DAMAGE COMBAT A9 4
DAMAGE COMBAT A10 4
DAMAGE COMBAT A11 4
DAMAGE COMBAT A12 4
DAMAGE COMBAT A13 4
DAMAGE COMBAT A14 4
DAMAGE COMBAT A15 4
DAMAGE COMBAT B54 7
DAMAGE COMBAT B55 1
SIEGE A 0 9
END TURN 296
TURN 297
COMMAND LEFT START
COMMAND LEFT END
COMMAND RIGHT START
TRAIN 3
COMMAND RIGHT END
TURN 297 RESULT
TIME LEFT 0 5 RIGHT 0 5
TRAIN B142 B143 B144
DAMAGE TURRET B55 1
SIEGE A 0 1
END TURN 297
RESULT RIGHT_WIN HQ_DESTROYED
