[LEFT ""]
[RIGHT ""]
MAP
235 17
-10785 -10876 -10644 -10401 -10076 -9709 -9810 -9142 -8308 -8194 -8280 -8354 -9013 -8020 -7764 -7704 -7394 -8203 -7247 -6778 -6894 -7862 -7231 -6924 -7902 -6644 -6802 -6498 -6353 -6404 -6124 -6071 -6499 -5728 -5715 -5672 -5562 -5576 -5361 -5511 -5209 -5699 -5219 -5097 -5106 -4757 -5039 -4643 -4563 -4423 -4966 -4326 -4223 -4047 -4171 -4196 -4059 -4206 -4114 -3901 -3738 -3624 -3439 -3312 -3741 -3215 -3274 -3234 -3343 -3128 -3021 -2804 -2991 -2844 -2672 -2633 -2494 -2348 -2248 -2402 -2462 -2237 -2576 -2153 -2089 -2076 -1945 -1990 -1835 -1759 -1643 -1576 -1398 -1535 -1410 -1394 -1342 -1214 -1191 -1145 -1095 -846 -930 -979 -1277 -799 -555 -452 -385 -728 -424 -210 -217 -346 14 -122 -17 0 17 122 -14 346 217 210 424 728 385 452 555 799 1277 979 930 846 1095 1145 1191 1214 1342 1394 1410 1535 1398 1576 1643 1759 1835 1990 1945 2076 2089 2153 2576 2237 2462 2402 2248 2348 2494 2633 2672 2844 2991 2804 3021 3128 3343 3234 3274 3215 3741 3312 3439 3624 3738 3901 4114 4206 4059 4196 4171 4047 4223 4326 4966 4423 4563 4643 5039 4757 5106 5097 5219 5699 5209 5511 5361 5576 5562 5672 5715 5728 6499 6071 6124 6404 6353 6498 6802 6644 7902 6924 7231 7862 6894 6778 7247 8203 7394 7704 7764 8020 9013 8354 8280 8194 8308 9142 9810 9709 10076 10401 10644 10876 10785
-1836 594 2396 4118 1560 -385 -5064 -3084 2489 1400 433 -785 5311 -1929 -3796 3509 -622 6247 -2709 4619 517 -7728 -5820 2254 7765 -1222 -4462 6276 -2076 -3141 3290 1392 8777 5627 -3976 -610 -6206 -5102 -2915 -7400 275 -9673 -1730 7174 1924 -4197 4335 2976 6150 -5588 9261 -8268 1437 -2277 -6900 -3321 5007 -1141 314 7174 -4716 -9301 3894 -1037 10086 824 5884 -5992 2125 -3318 7307 -132 3034 -7658 -4811 -6832 5363 2218 1008 9993 -2211 -1196 -10217 7420 3342 -3766 -6069 4420 6460 8210 -8051 -5324 2033 -2739 -7025 -533 5416 -1831 3506 -4398 690 -3392 7117 -8834 10897 8602 -5141 4776 2809 -11021 -6523 3834 -1184 5898 7619 -8595 -2102 0 2102 8595 -7619 -5898 1184 -3834 6523 11021 -2809 -4776 5141 -8602 -10897 8834 -7117 3392 -690 4398 -3506 1831 -5416 533 7025 2739 -2033 5324 8051 -8210 -6460 -4420 6069 3766 -3342 -7420 10217 1196 2211 -9993 -1008 -2218 -5363 6832 4811 7658 -3034 132 -7307 3318 -2125 5992 -5884 -824 -10086 1037 -3894 9301 4716 -7174 -314 1141 -5007 3321 6900 2277 -1437 8268 -9261 5588 -6150 -2976 -4335 4197 -1924 -7174 1730 9673 -275 7400 2915 5102 6206 610 3976 -5627 -8777 -1392 -3290 3141 2076 -6276 4462 1222 -7765 -2254 5820 7728 -517 -4619 2709 -6247 622 -3509 3796 1929 -5311 785 -433 -1400 -2489 3084 5064 385 -1560 -4118 -2396 -594 1836
STRONGHOLDS 14 44 45 58 59 69 76 103 117 131 158 165 175 176 189 190 220
4 1 5 6 7
4 0 2 4 5
4 1 3 4 8
4 2 8 12 15
6 1 2 5 8 9 10
7 0 1 4 7 10 11 13
5 0 7 14 21 22
6 0 5 6 13 14 18
6 2 3 4 9 15 23
5 4 8 10 20 23
6 4 5 9 11 16 20
4 5 10 13 16
4 3 15 17 19
6 5 7 11 16 18 25
6 6 7 18 22 26 29
6 3 8 12 19 23 30
5 10 11 13 20 25
4 12 19 24 27
6 7 13 14 25 28 29
7 12 15 17 27 30 33 46
8 9 10 16 23 25 31 35 40
4 6 22 39 41
7 6 14 21 26 36 37 39
6 8 9 15 20 30 31
3 17 27 32
7 13 16 18 20 28 35 42
5 14 22 29 34 37
6 17 19 24 32 33 43
5 18 25 29 38 42
6 14 18 26 28 34 38
7 15 19 23 31 44 46 47
5 20 23 30 40 44
4 24 27 43 50
6 19 27 43 46 48 56
5 26 29 37 38 45
5 20 25 40 42 57
5 22 37 39 49 54
6 22 26 34 36 45 49
7 28 29 34 42 45 53 55
6 21 22 36 41 51 54
7 20 31 35 44 52 57 58
5 21 39 51 61 82
6 25 28 35 38 53 57
6 27 32 33 48 50 59
5 30 31 40 47 52
6 34 37 38 49 55 60
6 19 30 33 47 56 62
7 30 44 46 52 62 68 72
5 33 43 56 59 66
6 36 37 45 54 60 67
5 32 43 59 64 70
5 39 41 54 61 73
6 40 44 47 58 65 68
7 38 42 55 57 63 69 80
7 36 39 49 51 67 73 75
5 38 45 53 60 69
6 33 46 48 62 66 76
6 35 40 42 53 58 63
6 40 52 57 63 65 71
5 43 48 50 66 70
6 45 49 55 67 69 74
5 41 51 73 82 90
7 46 47 56 72 76 84 87
6 53 57 58 71 80 81
4 50 70 79 104
5 52 58 68 71 78
6 48 56 59 70 76 88
6 49 54 60 74 75 86
6 47 52 65 72 77 78
6 53 55 60 74 80 85
8 50 59 64 66 79 83 88 89
6 58 63 65 78 81 95
5 47 62 68 77 84
5 51 54 61 75 90
7 60 67 69 85 86 91 99
6 54 67 73 86 90 94
6 56 62 66 87 88 96
5 68 72 78 84 92
7 65 68 71 77 92 95 100
5 64 70 89 104 105
7 53 63 69 81 85 93 97
5 63 71 80 95 97
5 41 61 90 103 109
4 70 88 89 102
6 62 72 77 87 92 98
6 69 74 80 93 99 101
6 67 74 75 91 94 110
6 62 76 84 96 98 107
7 66 70 76 83 96 102 113
5 70 79 83 102 105
7 61 73 75 82 94 103 120
5 74 86 99 106 110
7 77 78 84 98 100 108 118
5 80 85 97 101 116
5 75 86 90 110 120
7 71 78 81 97 100 112 117
5 76 87 88 107 113
6 80 81 93 95 112 116
6 84 87 92 107 108 111
6 74 85 91 101 106 123
6 78 92 95 117 118 122
6 85 93 99 116 123 126
7 83 88 89 105 113 114 124
5 82 90 109 115 120
5 64 79 105 119 125
6 79 89 102 104 114 119
6 91 99 110 121 123 127
6 87 96 98 111 113 128
5 92 98 111 118 133
4 82 103 115 130
7 86 91 94 106 120 121 132
6 98 107 108 128 133 135
5 95 97 116 117 134
6 88 96 102 107 124 128
7 102 105 119 124 131 140 144
5 103 109 120 129 130
7 93 97 101 112 126 134 142
6 95 100 112 122 134 139
7 92 100 108 122 133 137 141
5 104 105 114 125 131
7 90 94 103 110 115 129 132
6 106 110 127 132 138 146
5 100 117 118 137 139
6 99 101 106 126 127 136
7 102 113 114 128 140 143 148
4 104 119 131 152
5 101 116 123 136 142
6 106 121 123 136 138 147
6 107 111 113 124 135 143
6 115 120 130 132 145 155
5 109 115 129 155 170
5 114 119 125 144 152
7 110 120 121 129 145 146 151
6 108 111 118 135 141 149
6 112 116 117 139 142 156
6 111 128 133 143 149 160
6 123 126 127 142 147 150
6 118 122 139 141 153 154
5 121 127 146 147 158
7 117 122 134 137 153 156 163
5 114 124 144 148 159
5 118 133 137 149 154
7 116 126 134 136 150 156 157
5 124 128 135 148 160
7 114 131 140 152 159 161 173
5 129 132 151 155 164
7 121 132 138 151 158 164 168
6 127 136 138 150 158 172
6 124 140 143 159 160 167
6 133 135 141 154 160 165
6 136 142 147 157 162 172
4 132 145 146 164
5 125 131 144 173 193
5 137 139 154 163 171
7 137 141 149 153 165 171 181
5 129 130 145 164 170
7 134 139 142 157 163 166 169
5 142 150 156 162 166
6 138 146 147 168 172 178
6 140 144 148 161 167 180
7 135 143 148 149 165 167 174
5 144 159 173 180 183
5 150 157 166 172 187
6 139 153 156 169 171 176
8 145 146 151 155 168 170 175 184
6 149 154 160 174 179 181
6 156 157 162 169 182 187
6 148 159 160 174 180 185
6 146 158 164 175 178 186
5 156 163 166 176 182
4 130 155 164 184
6 153 154 163 176 177 181
7 147 150 158 162 178 187 188
5 144 152 161 183 193
6 160 165 167 179 185 189
5 164 168 184 186 191
6 163 169 171 177 182 194
6 171 176 181 192 194 199
6 158 168 172 186 188 201
5 165 174 181 189 196
7 159 161 167 183 185 195 198
7 154 165 171 177 179 192 196
6 166 169 176 187 190 194
5 161 173 180 193 195
5 164 170 175 191 202
6 167 174 180 189 197 198
5 168 175 178 191 201
7 162 166 172 182 188 190 204
6 172 178 187 201 204 215
6 174 179 185 196 197 200
5 182 187 194 203 204
6 175 184 186 201 202 207
6 177 181 196 199 206 209
5 152 173 183 195 213
7 176 177 182 190 199 203 214
6 180 183 193 198 212 213
7 179 181 189 192 200 205 206
6 185 189 198 200 208 212
5 180 185 195 197 212
5 177 192 194 209 214
5 189 196 197 205 208
6 178 186 188 191 207 215
4 184 191 207 210
5 190 194 204 211 214
7 187 188 190 203 211 215 219
6 196 200 206 208 216 220
5 192 196 205 209 216
6 191 201 202 210 215 217
5 197 200 205 212 220
7 192 199 206 214 216 218 221
3 202 207 217
6 203 204 214 219 225 226
7 195 197 198 208 213 220 228
4 193 195 212 228
8 194 199 203 209 211 218 224 225
7 188 201 204 207 217 219 222
6 205 206 209 220 221 227
4 207 210 215 222
5 209 214 221 223 224
6 204 211 215 222 226 231
6 205 208 212 216 227 228
6 209 216 218 223 227 229
4 215 217 219 231
4 218 221 224 229
6 214 218 223 225 229 230
5 211 214 224 226 230
6 211 219 225 230 231 232
6 216 220 221 228 229 234
5 212 213 220 227 234
7 221 223 224 227 230 233 234
6 224 225 226 229 232 233
4 219 222 226 232
4 226 230 231 233
4 229 230 232 234
4 227 228 229 233
END MAP
TURN 1
COMMAND LEFT START
TRAIN 1
COMMAND LEFT END
COMMAND RIGHT START
MOVE B1 220
MOVE B2 117
COMMAND RIGHT END
TURN 1 RESULT
TIME LEFT 17 5 RIGHT 0 5
TRAIN A4
MOVE B1 227
MOVE B2 229
END TURN 1
TURN 2
COMMAND LEFT START
TRAIN 1
COMMAND LEFT END
COMMAND RIGHT START
COMMAND RIGHT END
TURN 2 RESULT
TIME LEFT 0 5 RIGHT 0 5
TRAIN A5
MOVE B1 220
MOVE B2 224
END TURN 2
TURN 3
COMMAND LEFT START
TRAIN 1
COMMAND LEFT END
COMMAND RIGHT START
UPGRADE 220
COMMAND RIGHT END
TURN 3 RESULT
TIME LEFT 0 5 RIGHT 0 5
UPGRADE B 220
TRAIN A6
MOVE B2 214
END TURN 3
TURN 4
COMMAND LEFT START
TRAIN 1
COMMAND LEFT END
COMMAND RIGHT START
COMMAND RIGHT END
TURN 4 RESULT
TIME LEFT 0 5 RIGHT 0 5
TRAIN A7
MOVE B2 194
END TURN 4
TURN 5
COMMAND LEFT START
TRAIN 1
COMMAND LEFT END
COMMAND RIGHT START
COMMAND RIGHT END
TURN 5 RESULT
TIME LEFT 0 5 RIGHT 0 5
TRAIN A8
MOVE B2 176
END TURN 5
TURN 6
COMMAND LEFT START
MOVE A2 216
MOVE A3 216
MOVE A4 216
MOVE A5 216
MOVE A6 216
MOVE A7 216
MOVE A8 216
COMMAND LEFT END
COMMAND RIGHT START
COMMAND RIGHT END
TURN 6 RESULT
TIME LEFT 0 5 RIGHT 0 5
MOVE A2 5
MOVE A3 5
MOVE A4 5
MOVE A5 5
MOVE A6 5
MOVE A7 5
MOVE A8 5
MOVE B2 163
END TURN 6
TURN 7
COMMAND LEFT START
COMMAND LEFT END
COMMAND RIGHT START
COMMAND RIGHT END
TURN 7 RESULT
TIME LEFT 0 5 RIGHT 0 5
MOVE A2 10
MOVE A3 10
MOVE A4 10
MOVE A5 10
MOVE A6 10
MOVE A7 10
MOVE A8 10
MOVE B2 139
END TURN 7
TURN 8
COMMAND LEFT START
COMMAND LEFT END
COMMAND RIGHT START
COMMAND RIGHT END
TURN 8 RESULT
TIME LEFT 0 5 RIGHT 0 5
MOVE A2 20
MOVE A3 20
MOVE A4 20
MOVE A5 20
MOVE A6 20
MOVE A7 20
MOVE A8 20
MOVE B2 117
END TURN 8
TURN 9
COMMAND LEFT START
COMMAND LEFT END
COMMAND RIGHT START
COMMAND RIGHT END
TURN 9 RESULT
TIME LEFT 0 5 RIGHT 0 5
MOVE A2 40
MOVE A3 40
MOVE A4 40
MOVE A5 40
MOVE A6 40
MOVE A7 40
MOVE A8 40
END TURN 9
TURN 10
COMMAND LEFT START
COMMAND LEFT END
COMMAND RIGHT START
COMMAND RIGHT END
TURN 10 RESULT
TIME LEFT 0 5 RIGHT 0 5
MOVE A2 58
MOVE A3 58
MOVE A4 58
MOVE A5 58
MOVE A6 58
MOVE A7 58
MOVE A8 58
END TURN 10
TURN 11
COMMAND LEFT START
COMMAND LEFT END
COMMAND RIGHT START
COMMAND RIGHT END
TURN 11 RESULT
TIME LEFT 0 5 RIGHT 0 5
MOVE A2 65
MOVE A3 65
MOVE A4 65
MOVE A5 65
MOVE A6 65
MOVE A7 65
MOVE A8 65
END TURN 11
TURN 12
COMMAND LEFT START
COMMAND LEFT END
COMMAND RIGHT START
COMMAND RIGHT END
TURN 12 RESULT
TIME LEFT 0 5 RIGHT 0 5
MOVE A2 78
MOVE A3 78
MOVE A4 78
MOVE A5 78
MOVE A6 78
MOVE A7 78
MOVE A8 78
END TURN 12
TURN 13
COMMAND LEFT START
COMMAND LEFT END
COMMAND RIGHT START
TRAIN 1
COMMAND RIGHT END
TURN 13 RESULT
TIME LEFT 0 5 RIGHT 0 5
TRAIN B4
MOVE A2 100
MOVE A3 100
MOVE A4 100
MOVE A5 100
MOVE A6 100
MOVE A7 100
MOVE A8 100
END TURN 13
TURN 14
COMMAND LEFT START
COMMAND LEFT END
COMMAND RIGHT START
TRAIN 1
COMMAND RIGHT END
TURN 14 RESULT
TIME LEFT 0 5 RIGHT 0 5
TRAIN B5
MOVE A2 122
MOVE A3 122
MOVE A4 122
MOVE A5 122
MOVE A6 122
MOVE A7 122
MOVE A8 122
END TURN 14
TURN 15
COMMAND LEFT START
COMMAND LEFT END
COMMAND RIGHT START
TRAIN 1
COMMAND RIGHT END
TURN 15 RESULT
TIME LEFT 0 5 RIGHT 0 5
TRAIN B6
MOVE A2 137
MOVE A3 137
MOVE A4 137
MOVE A5 137
MOVE A6 137
MOVE A7 137
MOVE A8 137
END TURN 15
TURN 16
COMMAND LEFT START
COMMAND LEFT END
COMMAND RIGHT START
TRAIN 1
COMMAND RIGHT END
TURN 16 RESULT
TIME LEFT 0 5 RIGHT 0 5
TRAIN B7
MOVE A2 154
MOVE A3 154
MOVE A4 154
MOVE A5 154
MOVE A6 154
MOVE A7 154
MOVE A8 154
END TURN 16
TURN 17
COMMAND LEFT START
COMMAND LEFT END
COMMAND RIGHT START
COMMAND RIGHT END
TURN 17 RESULT
TIME LEFT 0 5 RIGHT 0 5
MOVE A2 181
MOVE A3 181
MOVE A4 181
MOVE A5 181
MOVE A6 181
MOVE A7 181
MOVE A8 181
END TURN 17
TURN 18
COMMAND LEFT START
COMMAND LEFT END
COMMAND RIGHT START
COMMAND RIGHT END
TURN 18 RESULT
TIME LEFT 0 5 RIGHT 0 5
MOVE A2 196
MOVE A3 196
MOVE A4 196
MOVE A5 196
MOVE A6 196
MOVE A7 196
MOVE A8 196
END TURN 18
TURN 19
COMMAND LEFT START
COMMAND LEFT END
COMMAND RIGHT START
COMMAND RIGHT END
TURN 19 RESULT
TIME LEFT 0 5 RIGHT 0 5
MOVE A2 205
MOVE A3 205
MOVE A4 205
MOVE A5 205
MOVE A6 205
MOVE A7 205
MOVE A8 205
END TURN 19
TURN 20
COMMAND LEFT START
COMMAND LEFT END
COMMAND RIGHT START
MOVE B1 234
TRAIN 1
COMMAND RIGHT END
TURN 20 RESULT
TIME LEFT 0 5 RIGHT 0 5
TRAIN B8
MOVE A2 216
MOVE A3 216
MOVE A4 216
MOVE A5 216
MOVE A6 216
MOVE A7 216
MOVE A8 216
MOVE B1 227
END TURN 20
TURN 21
COMMAND LEFT START
MOVE A2 234
MOVE A3 234
MOVE A4 234
MOVE A5 234
MOVE A6 14
MOVE A7 44
MOVE A8 45
COMMAND LEFT END
COMMAND RIGHT START
COMMAND RIGHT END
TURN 21 RESULT
TIME LEFT 0 5 RIGHT 0 5
MOVE A2 227
MOVE A3 227
MOVE A4 227
MOVE A5 227
MOVE A6 206
MOVE A7 205
MOVE A8 206
MOVE B1 234
END TURN 21
TURN 22
COMMAND LEFT START
COMMAND LEFT END
COMMAND RIGHT START
COMMAND RIGHT END
TURN 22 RESULT
TIME LEFT 0 5 RIGHT 0 5
MOVE A2 234
MOVE A3 234
MOVE A4 234
MOVE A5 234
MOVE A6 192
MOVE A7 196
MOVE A8 192
DAMAGE TURRET A2 1
DAMAGE COMBAT A2 3
DAMAGE COMBAT A3 4
DAMAGE COMBAT B1 4
END TURN 22
TURN 23
COMMAND LEFT START
COMMAND LEFT END
COMMAND RIGHT START
COMMAND RIGHT END
TURN 23 RESULT
TIME LEFT 0 5 RIGHT 0 5
MOVE A6 177
MOVE A7 181
MOVE A8 177
DAMAGE TURRET A4 1
DAMAGE COMBAT A4 3
DAMAGE COMBAT A5 3
DAMAGE COMBAT B3 2
END TURN 23
TURN 24
COMMAND LEFT START
COMMAND LEFT END
COMMAND RIGHT START
COMMAND RIGHT END
TURN 24 RESULT
TIME LEFT 0 5 RIGHT 0 5
MOVE A6 171
MOVE A7 154
MOVE A8 171
DAMAGE TURRET A5 1
DAMAGE COMBAT B3 1
END TURN 24
TURN 25
COMMAND LEFT START
COMMAND LEFT END
COMMAND RIGHT START
COMMAND RIGHT END
TURN 25 RESULT
TIME LEFT 0 5 RIGHT 0 5
MOVE A6 153
MOVE A7 137
MOVE A8 153
END TURN 25
TURN 26
COMMAND LEFT START
COMMAND LEFT END
COMMAND RIGHT START
COMMAND RIGHT END
TURN 26 RESULT
TIME LEFT 0 5 RIGHT 0 5
MOVE A6 139
MOVE A7 118
MOVE A8 139
END TURN 26
TURN 27
COMMAND LEFT START
COMMAND LEFT END
COMMAND RIGHT START
COMMAND RIGHT END
TURN 27 RESULT
TIME LEFT 0 5 RIGHT 0 5
MOVE A6 117
MOVE A7 92
MOVE A8 117
DAMAGE COMBAT A6 1
DAMAGE COMBAT B2 2
END TURN 27
TURN 28
COMMAND LEFT START
COMMAND LEFT END
COMMAND RIGHT START
COMMAND RIGHT END
TURN 28 RESULT
TIME LEFT 0 5 RIGHT 0 5
MOVE A7 77
DAMAGE COMBAT A6 1
DAMAGE COMBAT B2 2
END TURN 28
TURN 29
COMMAND LEFT START
COMMAND LEFT END
COMMAND RIGHT START
MOVE B4 117
COMMAND RIGHT END
TURN 29 RESULT
TIME LEFT 0 5 RIGHT 0 5
MOVE A6 95
MOVE A7 68
MOVE A8 95
MOVE B4 229
END TURN 29
TURN 30
COMMAND LEFT START
COMMAND LEFT END
COMMAND RIGHT START
COMMAND RIGHT END
TURN 30 RESULT
TIME LEFT 0 5 RIGHT 0 5
MOVE A6 81
MOVE A7 52
MOVE A8 81
MOVE B4 224
END TURN 30
TURN 31
COMMAND LEFT START
COMMAND LEFT END
COMMAND RIGHT START
MOVE B3 220
COMMAND RIGHT END
TURN 31 RESULT
TIME LEFT 0 5 RIGHT 0 5
MOVE A6 63
MOVE A7 44
MOVE A8 80
MOVE B3 227
MOVE B4 214
END TURN 31
TURN 32
COMMAND LEFT START
COMMAND LEFT END
COMMAND RIGHT START
MOVE B5 220
COMMAND RIGHT END
TURN 32 RESULT
TIME LEFT 0 5 RIGHT 0 5
MOVE A6 53
MOVE A8 69
MOVE B3 220
MOVE B4 194
MOVE B5 227
END TURN 32
TURN 33
COMMAND LEFT START
MOVE A7 14
COMMAND LEFT END
COMMAND RIGHT START
COMMAND RIGHT END
TURN 33 RESULT
TIME LEFT 0 5 RIGHT 0 5
MOVE A6 38
MOVE A7 40
MOVE A8 55
MOVE B4 176
MOVE B5 220
END TURN 33
TURN 34
COMMAND LEFT START
COMMAND LEFT END
COMMAND RIGHT START
COMMAND RIGHT END
TURN 34 RESULT
TIME LEFT 0 5 RIGHT 0 5
MOVE A6 29
MOVE A7 35
MOVE A8 45
MOVE B4 163
END TURN 34
TURN 35
COMMAND LEFT START
COMMAND LEFT END
COMMAND RIGHT START
COMMAND RIGHT END
TURN 35 RESULT
TIME LEFT 0 5 RIGHT 0 5
MOVE A6 14
MOVE A7 25
MOVE B4 139
END TURN 35
TURN 36
COMMAND LEFT START
MOVE A8 0
COMMAND LEFT END
COMMAND RIGHT START
COMMAND RIGHT END
TURN 36 RESULT
TIME LEFT 0 5 RIGHT 0 5
MOVE A7 18
MOVE A8 34
MOVE B4 117
END TURN 36
TURN 37
COMMAND LEFT START
COMMAND LEFT END
COMMAND RIGHT START
COMMAND RIGHT END
TURN 37 RESULT
TIME LEFT 0 5 RIGHT 0 5
MOVE A7 14
MOVE A8 26
END TURN 37
TURN 38
COMMAND LEFT START
MOVE A7 0
COMMAND LEFT END
COMMAND RIGHT START
COMMAND RIGHT END
TURN 38 RESULT
TIME LEFT 0 5 RIGHT 0 5
MOVE A7 7
MOVE A8 14
END TURN 38
TURN 39
COMMAND LEFT START
COMMAND LEFT END
COMMAND RIGHT START
COMMAND RIGHT END
TURN 39 RESULT
TIME LEFT 0 5 RIGHT 0 5
MOVE A7 0
MOVE A8 7
END TURN 39
TURN 40
COMMAND LEFT START
COMMAND LEFT END
COMMAND RIGHT START
COMMAND RIGHT END
TURN 40 RESULT
TIME LEFT 0 5 RIGHT 0 5
MOVE A8 0
END TURN 40
TURN 41
COMMAND LEFT START
COMMAND LEFT END
COMMAND RIGHT START
COMMAND RIGHT END
TURN 41 RESULT
TIME LEFT 0 5 RIGHT 0 5
END TURN 41
TURN 42
COMMAND LEFT START
COMMAND LEFT END
COMMAND RIGHT START
COMMAND RIGHT END
TURN 42 RESULT
TIME LEFT 0 5 RIGHT 0 5
END TURN 42
TURN 43
COMMAND LEFT START
COMMAND LEFT END
COMMAND RIGHT START
COMMAND RIGHT END
TURN 43 RESULT
TIME LEFT 0 5 RIGHT 0 5
END TURN 43
TURN 44
COMMAND LEFT START
COMMAND LEFT END
COMMAND RIGHT START
COMMAND RIGHT END
TURN 44 RESULT
TIME LEFT 0 5 RIGHT 0 5
END TURN 44
TURN 45
COMMAND LEFT START
COMMAND LEFT END
COMMAND RIGHT START
COMMAND RIGHT END
TURN 45 RESULT
TIME LEFT 0 5 RIGHT 0 5
END TURN 45
TURN 46
COMMAND LEFT START
COMMAND LEFT END
COMMAND RIGHT START
COMMAND RIGHT END
TURN 46 RESULT
TIME LEFT 0 5 RIGHT 0 5
END TURN 46
TURN 47
COMMAND LEFT START
COMMAND LEFT END
COMMAND RIGHT START
COMMAND RIGHT END
TURN 47 RESULT
TIME LEFT 0 5 RIGHT 0 5
END TURN 47
TURN 48
COMMAND LEFT START
COMMAND LEFT END
COMMAND RIGHT START
COMMAND RIGHT END
TURN 48 RESULT
TIME LEFT 0 5 RIGHT 0 5
END TURN 48
TURN 49
COMMAND LEFT START
COMMAND LEFT END
COMMAND RIGHT START
COMMAND RIGHT END
TURN 49 RESULT
TIME LEFT 0 5 RIGHT 0 5
END TURN 49
TURN 50
COMMAND LEFT START
COMMAND LEFT END
COMMAND RIGHT START
COMMAND RIGHT END
TURN 50 RESULT
TIME LEFT 0 5 RIGHT 0 5
END TURN 50
TURN 51
COMMAND LEFT START
COMMAND LEFT END
COMMAND RIGHT START
COMMAND RIGHT END
TURN 51 RESULT
TIME LEFT 0 5 RIGHT 0 5
END TURN 51
TURN 52
COMMAND LEFT START
COMMAND LEFT END
COMMAND RIGHT START
COMMAND RIGHT END
TURN 52 RESULT
TIME LEFT 0 5 RIGHT 0 5
END TURN 52
TURN 53
COMMAND LEFT START
COMMAND LEFT END
COMMAND RIGHT START
COMMAND RIGHT END
TURN 53 RESULT
TIME LEFT 0 5 RIGHT 0 5
END TURN 53
TURN 54
COMMAND LEFT START
COMMAND LEFT END
COMMAND RIGHT START
COMMAND RIGHT END
TURN 54 RESULT
TIME LEFT 0 5 RIGHT 0 5
END TURN 54
TURN 55
COMMAND LEFT START
COMMAND LEFT END
COMMAND RIGHT START
COMMAND RIGHT END
TURN 55 RESULT
TIME LEFT 0 5 RIGHT 0 5
END TURN 55
TURN 56
COMMAND LEFT START
COMMAND LEFT END
COMMAND RIGHT START
COMMAND RIGHT END
TURN 56 RESULT
TIME LEFT 0 5 RIGHT 0 5
END TURN 56
TURN 57
COMMAND LEFT START
COMMAND LEFT END
COMMAND RIGHT START
COMMAND RIGHT END
TURN 57 RESULT
TIME LEFT 0 5 RIGHT 0 5
END TURN 57
TURN 58
COMMAND LEFT START
COMMAND LEFT END
COMMAND RIGHT START
COMMAND RIGHT END
TURN 58 RESULT
TIME LEFT 0 5 RIGHT 0 5
END TURN 58
TURN 59
COMMAND LEFT START
COMMAND LEFT END
COMMAND RIGHT START
UPGRADE 117
COMMAND RIGHT END
TURN 59 RESULT
TIME LEFT 0 5 RIGHT 0 5
UPGRADE B 117
END TURN 59
TURN 60
COMMAND LEFT START
COMMAND LEFT END
COMMAND RIGHT START
COMMAND RIGHT END
TURN 60 RESULT
TIME LEFT 0 5 RIGHT 0 5
END TURN 60
TURN 61
COMMAND LEFT START
COMMAND LEFT END
COMMAND RIGHT START
COMMAND RIGHT END
TURN 61 RESULT
TIME LEFT 0 5 RIGHT 0 5
END TURN 61
TURN 62
COMMAND LEFT START
COMMAND LEFT END
COMMAND RIGHT START
COMMAND RIGHT END
TURN 62 RESULT
TIME LEFT 0 5 RIGHT 0 5
END TURN 62
TURN 63
COMMAND LEFT START
COMMAND LEFT END
COMMAND RIGHT START
COMMAND RIGHT END
TURN 63 RESULT
TIME LEFT 0 5 RIGHT 0 5
END TURN 63
TURN 64
COMMAND LEFT START
COMMAND LEFT END
COMMAND RIGHT START
COMMAND RIGHT END
TURN 64 RESULT
TIME LEFT 0 5 RIGHT 0 5
END TURN 64
TURN 65
COMMAND LEFT START
COMMAND LEFT END
COMMAND RIGHT START
COMMAND RIGHT END
TURN 65 RESULT
TIME LEFT 0 5 RIGHT 0 5
END TURN 65
TURN 66
COMMAND LEFT START
COMMAND LEFT END
COMMAND RIGHT START
COMMAND RIGHT END
TURN 66 RESULT
TIME LEFT 0 5 RIGHT 0 5
END TURN 66
TURN 67
COMMAND LEFT START
COMMAND LEFT END
COMMAND RIGHT START
COMMAND RIGHT END
TURN 67 RESULT
TIME LEFT 0 5 RIGHT 0 5
END TURN 67
TURN 68
COMMAND LEFT START
COMMAND LEFT END
COMMAND RIGHT START
COMMAND RIGHT END
TURN 68 RESULT
TIME LEFT 0 5 RIGHT 0 5
END TURN 68
TURN 69
COMMAND LEFT START
COMMAND LEFT END
COMMAND RIGHT START
COMMAND RIGHT END
TURN 69 RESULT
TIME LEFT 0 5 RIGHT 0 5
END TURN 69
TURN 70
COMMAND LEFT START
COMMAND LEFT END
COMMAND RIGHT START
COMMAND RIGHT END
TURN 70 RESULT
TIME LEFT 0 5 RIGHT 0 5
END TURN 70
TURN 71
COMMAND LEFT START
COMMAND LEFT END
COMMAND RIGHT START
COMMAND RIGHT END
TURN 71 RESULT
TIME LEFT 0 5 RIGHT 0 5
END TURN 71
TURN 72
COMMAND LEFT START
COMMAND LEFT END
COMMAND RIGHT START
COMMAND RIGHT END
TURN 72 RESULT
TIME LEFT 0 5 RIGHT 0 5
END TURN 72
TURN 73
COMMAND LEFT START
COMMAND LEFT END
COMMAND RIGHT START
COMMAND RIGHT END
TURN 73 RESULT
TIME LEFT 0 5 RIGHT 0 5
END TURN 73
TURN 74
COMMAND LEFT START
COMMAND LEFT END
COMMAND RIGHT START
COMMAND RIGHT END
TURN 74 RESULT
TIME LEFT 0 5 RIGHT 0 5
END TURN 74
TURN 75
COMMAND LEFT START
COMMAND LEFT END
COMMAND RIGHT START
MOVE B8 189
COMMAND RIGHT END
TURN 75 RESULT
TIME LEFT 0 5 RIGHT 0 5
MOVE B8 227
END TURN 75
TURN 76
COMMAND LEFT START
COMMAND LEFT END
COMMAND RIGHT START
COMMAND RIGHT END
TURN 76 RESULT
TIME LEFT 0 5 RIGHT 0 5
MOVE B8 220
END TURN 76
TURN 77
COMMAND LEFT START
COMMAND LEFT END
COMMAND RIGHT START
COMMAND RIGHT END
TURN 77 RESULT
TIME LEFT 0 5 RIGHT 0 5
MOVE B8 208
END TURN 77
TURN 78
COMMAND LEFT START
COMMAND LEFT END
COMMAND RIGHT START
UPGRADE 234
COMMAND RIGHT END
TURN 78 RESULT
TIME LEFT 0 5 RIGHT 0 5
UPGRADE B 234
MOVE B8 200
END TURN 78
TURN 79
COMMAND LEFT START
COMMAND LEFT END
COMMAND RIGHT START
COMMAND RIGHT END
TURN 79 RESULT
TIME LEFT 0 5 RIGHT 0 5
MOVE B8 189
END TURN 79
TURN 80
COMMAND LEFT START
COMMAND LEFT END
COMMAND RIGHT START
COMMAND RIGHT END
TURN 80 RESULT
TIME LEFT 0 5 RIGHT 0 5
END TURN 80
TURN 81
COMMAND LEFT START
COMMAND LEFT END
COMMAND RIGHT START
COMMAND RIGHT END
TURN 81 RESULT
TIME LEFT 0 5 RIGHT 0 5
END TURN 81
TURN 82
COMMAND LEFT START
COMMAND LEFT END
COMMAND RIGHT START
COMMAND RIGHT END
TURN 82 RESULT
TIME LEFT 0 5 RIGHT 0 5
END TURN 82
TURN 83
COMMAND LEFT START
COMMAND LEFT END
COMMAND RIGHT START
COMMAND RIGHT END
TURN 83 RESULT
TIME LEFT 0 5 RIGHT 0 5
END TURN 83
TURN 84
COMMAND LEFT START
COMMAND LEFT END
COMMAND RIGHT START
COMMAND RIGHT END
TURN 84 RESULT
TIME LEFT 0 5 RIGHT 0 5
END TURN 84
TURN 85
COMMAND LEFT START
COMMAND LEFT END
COMMAND RIGHT START
COMMAND RIGHT END
TURN 85 RESULT
TIME LEFT 0 5 RIGHT 0 5
END TURN 85
TURN 86
COMMAND LEFT START
COMMAND LEFT END
COMMAND RIGHT START
COMMAND RIGHT END
TURN 86 RESULT
TIME LEFT 0 5 RIGHT 0 5
END TURN 86
TURN 87
COMMAND LEFT START
COMMAND LEFT END
COMMAND RIGHT START
COMMAND RIGHT END
TURN 87 RESULT
TIME LEFT 0 5 RIGHT 0 5
END TURN 87
TURN 88
COMMAND LEFT START
COMMAND LEFT END
COMMAND RIGHT START
UPGRADE 189
COMMAND RIGHT END
TURN 88 RESULT
TIME LEFT 0 5 RIGHT 0 5
UPGRADE B 189
END TURN 88
TURN 89
COMMAND LEFT START
COMMAND LEFT END
COMMAND RIGHT START
COMMAND RIGHT END
TURN 89 RESULT
TIME LEFT 0 5 RIGHT 0 5
END TURN 89
TURN 90
COMMAND LEFT START
COMMAND LEFT END
COMMAND RIGHT START
COMMAND RIGHT END
TURN 90 RESULT
TIME LEFT 0 5 RIGHT 0 5
END TURN 90
TURN 91
COMMAND LEFT START
COMMAND LEFT END
COMMAND RIGHT START
COMMAND RIGHT END
TURN 91 RESULT
TIME LEFT 0 5 RIGHT 0 5
END TURN 91
TURN 92
COMMAND LEFT START
COMMAND LEFT END
COMMAND RIGHT START
COMMAND RIGHT END
TURN 92 RESULT
TIME LEFT 0 5 RIGHT 0 5
END TURN 92
TURN 93
COMMAND LEFT START
COMMAND LEFT END
COMMAND RIGHT START
COMMAND RIGHT END
TURN 93 RESULT
TIME LEFT 0 5 RIGHT 0 5
END TURN 93
TURN 94
COMMAND LEFT START
COMMAND LEFT END
COMMAND RIGHT START
COMMAND RIGHT END
TURN 94 RESULT
TIME LEFT 0 5 RIGHT 0 5
END TURN 94
TURN 95
COMMAND LEFT START
UPGRADE 14
COMMAND LEFT END
COMMAND RIGHT START
COMMAND RIGHT END
TURN 95 RESULT
TIME LEFT 0 5 RIGHT 0 5
UPGRADE A 14
END TURN 95
TURN 96
COMMAND LEFT START
COMMAND LEFT END
COMMAND RIGHT START
COMMAND RIGHT END
TURN 96 RESULT
TIME LEFT 0 5 RIGHT 0 5
END TURN 96
TURN 97
COMMAND LEFT START
COMMAND LEFT END
COMMAND RIGHT START
UPGRADE 220
COMMAND RIGHT END
TURN 97 RESULT
TIME LEFT 0 5 RIGHT 0 5
UPGRADE B 220
END TURN 97
TURN 98
COMMAND LEFT START
COMMAND LEFT END
COMMAND RIGHT START
COMMAND RIGHT END
TURN 98 RESULT
TIME LEFT 0 5 RIGHT 0 5
END TURN 98
TURN 99
COMMAND LEFT START
COMMAND LEFT END
COMMAND RIGHT START
COMMAND RIGHT END
TURN 99 RESULT
TIME LEFT 0 5 RIGHT 0 5
END TURN 99
TURN 100
COMMAND LEFT START
COMMAND LEFT END
COMMAND RIGHT START
COMMAND RIGHT END
TURN 100 RESULT
TIME LEFT 0 5 RIGHT 0 5
END TURN 100
TURN 101
COMMAND LEFT START
COMMAND LEFT END
COMMAND RIGHT START
COMMAND RIGHT END
TURN 101 RESULT
TIME LEFT 0 5 RIGHT 0 5
END TURN 101
TURN 102
COMMAND LEFT START
COMMAND LEFT END
COMMAND RIGHT START
COMMAND RIGHT END
TURN 102 RESULT
TIME LEFT 0 5 RIGHT 0 5
END TURN 102
TURN 103
COMMAND LEFT START
COMMAND LEFT END
COMMAND RIGHT START
COMMAND RIGHT END
TURN 103 RESULT
TIME LEFT 0 5 RIGHT 0 5
END TURN 103
TURN 104
COMMAND LEFT START
COMMAND LEFT END
COMMAND RIGHT START
UPGRADE 189
COMMAND RIGHT END
TURN 104 RESULT
TIME LEFT 0 5 RIGHT 0 5
UPGRADE B 189
END TURN 104
TURN 105
COMMAND LEFT START
COMMAND LEFT END
COMMAND RIGHT START
COMMAND RIGHT END
TURN 105 RESULT
TIME LEFT 0 5 RIGHT 0 5
END TURN 105
TURN 106
COMMAND LEFT START
COMMAND LEFT END
COMMAND RIGHT START
TRAIN 1
COMMAND RIGHT END
TURN 106 RESULT
TIME LEFT 0 5 RIGHT 0 5
TRAIN B9
END TURN 106
TURN 107
COMMAND LEFT START
COMMAND LEFT END
COMMAND RIGHT START
MOVE B6 189
COMMAND RIGHT END
TURN 107 RESULT
TIME LEFT 0 5 RIGHT 0 5
MOVE B6 227
END TURN 107
TURN 108
COMMAND LEFT START
COMMAND LEFT END
COMMAND RIGHT START
COMMAND RIGHT END
TURN 108 RESULT
TIME LEFT 0 5 RIGHT 0 5
MOVE B6 220
END TURN 108
TURN 109
COMMAND LEFT START
COMMAND LEFT END
COMMAND RIGHT START
COMMAND RIGHT END
TURN 109 RESULT
TIME LEFT 0 5 RIGHT 0 5
MOVE B6 208
END TURN 109
TURN 110
COMMAND LEFT START
COMMAND LEFT END
COMMAND RIGHT START
COMMAND RIGHT END
TURN 110 RESULT
TIME LEFT 0 5 RIGHT 0 5
MOVE B6 200
END TURN 110
TURN 111
COMMAND LEFT START
COMMAND LEFT END
COMMAND RIGHT START
COMMAND RIGHT END
TURN 111 RESULT
TIME LEFT 0 5 RIGHT 0 5
MOVE B6 189
END TURN 111
TURN 112
COMMAND LEFT START
COMMAND LEFT END
COMMAND RIGHT START
COMMAND RIGHT END
TURN 112 RESULT
TIME LEFT 0 5 RIGHT 0 5
END TURN 112
TURN 113
COMMAND LEFT START
COMMAND LEFT END
COMMAND RIGHT START
COMMAND RIGHT END
TURN 113 RESULT
TIME LEFT 0 5 RIGHT 0 5
END TURN 113
TURN 114
COMMAND LEFT START
COMMAND LEFT END
COMMAND RIGHT START
COMMAND RIGHT END
TURN 114 RESULT
TIME LEFT 0 5 RIGHT 0 5
END TURN 114
TURN 115
COMMAND LEFT START
COMMAND LEFT END
COMMAND RIGHT START
COMMAND RIGHT END
TURN 115 RESULT
TIME LEFT 0 5 RIGHT 0 5
END TURN 115
TURN 116
COMMAND LEFT START
COMMAND LEFT END
COMMAND RIGHT START
COMMAND RIGHT END
TURN 116 RESULT
TIME LEFT 0 5 RIGHT 0 5
END TURN 116
TURN 117
COMMAND LEFT START
COMMAND LEFT END
COMMAND RIGHT START
COMMAND RIGHT END
TURN 117 RESULT
TIME LEFT 0 5 RIGHT 0 5
END TURN 117
TURN 118
COMMAND LEFT START
COMMAND LEFT END
COMMAND RIGHT START
UPGRADE 234
COMMAND RIGHT END
TURN 118 RESULT
TIME LEFT 0 5 RIGHT 0 5
UPGRADE B 234
END TURN 118
TURN 119
COMMAND LEFT START
COMMAND LEFT END
COMMAND RIGHT START
TRAIN 1
COMMAND RIGHT END
TURN 119 RESULT
TIME LEFT 0 5 RIGHT 0 5
TRAIN B10
END TURN 119
TURN 120
COMMAND LEFT START
COMMAND LEFT END
COMMAND RIGHT START
COMMAND RIGHT END
TURN 120 RESULT
TIME LEFT 0 5 RIGHT 0 5
END TURN 120
TURN 121
COMMAND LEFT START
COMMAND LEFT END
COMMAND RIGHT START
COMMAND RIGHT END
TURN 121 RESULT
TIME LEFT 0 5 RIGHT 0 5
END TURN 121
TURN 122
COMMAND LEFT START
COMMAND LEFT END
COMMAND RIGHT START
COMMAND RIGHT END
TURN 122 RESULT
TIME LEFT 0 5 RIGHT 0 5
END TURN 122
TURN 123
COMMAND LEFT START
UPGRADE 0
COMMAND LEFT END
COMMAND RIGHT START
COMMAND RIGHT END
TURN 123 RESULT
TIME LEFT 0 5 RIGHT 0 5
UPGRADE A 0
END TURN 123
TURN 124
COMMAND LEFT START
MOVE A8 44
COMMAND LEFT END
COMMAND RIGHT START
UPGRADE 117
COMMAND RIGHT END
TURN 124 RESULT
TIME LEFT 0 5 RIGHT 0 5
UPGRADE B 117
MOVE A8 5
END TURN 124
TURN 125
COMMAND LEFT START
COMMAND LEFT END
COMMAND RIGHT START
COMMAND RIGHT END
TURN 125 RESULT
TIME LEFT 0 5 RIGHT 0 5
MOVE A8 10
END TURN 125
TURN 126
COMMAND LEFT START
COMMAND LEFT END
COMMAND RIGHT START
TRAIN 1
COMMAND RIGHT END
TURN 126 RESULT
TIME LEFT 0 5 RIGHT 0 5
TRAIN B11
MOVE A8 20
END TURN 126
TURN 127
COMMAND LEFT START
COMMAND LEFT END
COMMAND RIGHT START
MOVE B7 117
COMMAND RIGHT END
TURN 127 RESULT
TIME LEFT 0 5 RIGHT 0 5
MOVE A8 31
MOVE B7 229
END TURN 127
TURN 128
COMMAND LEFT START
COMMAND LEFT END
COMMAND RIGHT START
COMMAND RIGHT END
TURN 128 RESULT
TIME LEFT 0 5 RIGHT 0 5
MOVE A8 44
MOVE B7 224
END TURN 128
TURN 129
COMMAND LEFT START
COMMAND LEFT END
COMMAND RIGHT START
COMMAND RIGHT END
TURN 129 RESULT
TIME LEFT 0 5 RIGHT 0 5
MOVE B7 214
END TURN 129
TURN 130
COMMAND LEFT START
COMMAND LEFT END
COMMAND RIGHT START
COMMAND RIGHT END
TURN 130 RESULT
TIME LEFT 0 5 RIGHT 0 5
MOVE B7 194
END TURN 130
TURN 131
COMMAND LEFT START
COMMAND LEFT END
COMMAND RIGHT START
UPGRADE 220
COMMAND RIGHT END
TURN 131 RESULT
TIME LEFT 0 5 RIGHT 0 5
UPGRADE B 220
MOVE B7 176
END TURN 131
TURN 132
COMMAND LEFT START
COMMAND LEFT END
COMMAND RIGHT START
COMMAND RIGHT END
TURN 132 RESULT
TIME LEFT 0 5 RIGHT 0 5
MOVE B7 163
END TURN 132
TURN 133
COMMAND LEFT START
COMMAND LEFT END
COMMAND RIGHT START
TRAIN 1
COMMAND RIGHT END
TURN 133 RESULT
TIME LEFT 0 5 RIGHT 0 5
TRAIN B12
MOVE B7 139
END TURN 133
TURN 134
COMMAND LEFT START
COMMAND LEFT END
COMMAND RIGHT START
MOVE B9 220
COMMAND RIGHT END
TURN 134 RESULT
TIME LEFT 0 5 RIGHT 0 5
MOVE B7 117
MOVE B9 227
END TURN 134
TURN 135
COMMAND LEFT START
COMMAND LEFT END
COMMAND RIGHT START
COMMAND RIGHT END
TURN 135 RESULT
TIME LEFT 0 5 RIGHT 0 5
MOVE B9 220
END TURN 135
TURN 136
COMMAND LEFT START
COMMAND LEFT END
COMMAND RIGHT START
COMMAND RIGHT END
TURN 136 RESULT
TIME LEFT 0 5 RIGHT 0 5
END TURN 136
TURN 137
COMMAND LEFT START
UPGRADE 44
COMMAND LEFT END
COMMAND RIGHT START
COMMAND RIGHT END
TURN 137 RESULT
TIME LEFT 0 5 RIGHT 0 5
UPGRADE A 44
END TURN 137
TURN 138
COMMAND LEFT START
COMMAND LEFT END
COMMAND RIGHT START
UPGRADE 189
COMMAND RIGHT END
TURN 138 RESULT
TIME LEFT 0 5 RIGHT 0 5
UPGRADE B 189
END TURN 138
TURN 139
COMMAND LEFT START
COMMAND LEFT END
COMMAND RIGHT START
TRAIN 1
COMMAND RIGHT END
TURN 139 RESULT
TIME LEFT 0 5 RIGHT 0 5
TRAIN B13
END TURN 139
TURN 140
COMMAND LEFT START
COMMAND LEFT END
COMMAND RIGHT START
MOVE B10 189
COMMAND RIGHT END
TURN 140 RESULT
TIME LEFT 0 5 RIGHT 0 5
MOVE B10 227
END TURN 140
TURN 141
COMMAND LEFT START
COMMAND LEFT END
COMMAND RIGHT START
COMMAND RIGHT END
TURN 141 RESULT
TIME LEFT 0 5 RIGHT 0 5
MOVE B10 220
END TURN 141
TURN 142
COMMAND LEFT START
COMMAND LEFT END
COMMAND RIGHT START
COMMAND RIGHT END
TURN 142 RESULT
TIME LEFT 0 5 RIGHT 0 5
MOVE B10 208
END TURN 142
TURN 143
COMMAND LEFT START
COMMAND LEFT END
COMMAND RIGHT START
UPGRADE 117
COMMAND RIGHT END
TURN 143 RESULT
TIME LEFT 0 5 RIGHT 0 5
UPGRADE B 117
MOVE B10 200
END TURN 143
TURN 144
COMMAND LEFT START
COMMAND LEFT END
COMMAND RIGHT START
TRAIN 1
COMMAND RIGHT END
TURN 144 RESULT
TIME LEFT 0 5 RIGHT 0 5
TRAIN B14
MOVE B10 189
END TURN 144
TURN 145
COMMAND LEFT START
COMMAND LEFT END
COMMAND RIGHT START
MOVE B11 117
COMMAND RIGHT END
TURN 145 RESULT
TIME LEFT 0 5 RIGHT 0 5
MOVE B11 229
END TURN 145
TURN 146
COMMAND LEFT START
COMMAND LEFT END
COMMAND RIGHT START
COMMAND RIGHT END
TURN 146 RESULT
TIME LEFT 0 5 RIGHT 0 5
MOVE B11 224
END TURN 146
TURN 147
COMMAND LEFT START
COMMAND LEFT END
COMMAND RIGHT START
COMMAND RIGHT END
TURN 147 RESULT
TIME LEFT 0 5 RIGHT 0 5
MOVE B11 214
END TURN 147
TURN 148
COMMAND LEFT START
COMMAND LEFT END
COMMAND RIGHT START
COMMAND RIGHT END
TURN 148 RESULT
TIME LEFT 0 5 RIGHT 0 5
MOVE B11 194
END TURN 148
TURN 149
COMMAND LEFT START
COMMAND LEFT END
COMMAND RIGHT START
TRAIN 1
COMMAND RIGHT END
TURN 149 RESULT
TIME LEFT 0 5 RIGHT 0 5
TRAIN B15
MOVE B11 176
END TURN 149
TURN 150
COMMAND LEFT START
COMMAND LEFT END
COMMAND RIGHT START
MOVE B15 117
TRAIN 1
COMMAND RIGHT END
TURN 150 RESULT
TIME LEFT 0 5 RIGHT 0 5
TRAIN B16
MOVE B11 163
MOVE B15 229
END TURN 150
TURN 151
COMMAND LEFT START
COMMAND LEFT END
COMMAND RIGHT START
MOVE B16 117
TRAIN 2
COMMAND RIGHT END
TURN 151 RESULT
TIME LEFT 0 5 RIGHT 0 5
TRAIN B17 B18
MOVE B11 139
MOVE B15 224
MOVE B16 229
END TURN 151
TURN 152
COMMAND LEFT START
COMMAND LEFT END
COMMAND RIGHT START
MOVE B18 190
MOVE B17 117
COMMAND RIGHT END
TURN 152 RESULT
TIME LEFT 0 5 RIGHT 0 5
MOVE B11 117
MOVE B15 214
MOVE B16 224
MOVE B17 229
MOVE B18 229
END TURN 152
TURN 153
COMMAND LEFT START
COMMAND LEFT END
COMMAND RIGHT START
TRAIN 2
COMMAND RIGHT END
TURN 153 RESULT
TIME LEFT 0 5 RIGHT 0 5
TRAIN B19 B20
MOVE B15 194
MOVE B16 214
MOVE B17 224
MOVE B18 224
END TURN 153
TURN 154
COMMAND LEFT START
COMMAND LEFT END
COMMAND RIGHT START
MOVE B20 117
MOVE B19 117
TRAIN 1
COMMAND RIGHT END
TURN 154 RESULT
TIME LEFT 0 5 RIGHT 0 5
TRAIN B21
MOVE B15 176
MOVE B16 194
MOVE B17 214
MOVE B18 214
MOVE B19 229
MOVE B20 229
END TURN 154
TURN 155
COMMAND LEFT START
COMMAND LEFT END
COMMAND RIGHT START
MOVE B21 117
TRAIN 1
COMMAND RIGHT END
TURN 155 RESULT
TIME LEFT 0 5 RIGHT 0 5
TRAIN B22
MOVE B15 163
MOVE B16 176
MOVE B17 194
MOVE B18 203
MOVE B19 224
MOVE B20 224
MOVE B21 229
END TURN 155
TURN 156
COMMAND LEFT START
UPGRADE 0
COMMAND LEFT END
COMMAND RIGHT START
MOVE B22 117
TRAIN 1
COMMAND RIGHT END
TURN 156 RESULT
TIME LEFT 0 5 RIGHT 0 5
UPGRADE A 0
TRAIN B23
MOVE B15 139
MOVE B16 163
MOVE B17 176
MOVE B18 190
MOVE B19 214
MOVE B20 214
MOVE B21 224
MOVE B22 229
END TURN 156
TURN 157
COMMAND LEFT START
COMMAND LEFT END
COMMAND RIGHT START
MOVE B23 117
UPGRADE 190
COMMAND RIGHT END
TURN 157 RESULT
TIME LEFT 0 5 RIGHT 0 5
UPGRADE B 190
MOVE B15 117
MOVE B16 139
MOVE B17 163
MOVE B19 194
MOVE B20 194
MOVE B21 214
MOVE B22 224
MOVE B23 229
END TURN 157
TURN 158
COMMAND LEFT START
COMMAND LEFT END
COMMAND RIGHT START
COMMAND RIGHT END
TURN 158 RESULT
TIME LEFT 0 5 RIGHT 0 5
MOVE B16 117
MOVE B17 139
MOVE B19 176
MOVE B20 176
MOVE B21 194
MOVE B22 214
MOVE B23 224
END TURN 158
TURN 159
COMMAND LEFT START
COMMAND LEFT END
COMMAND RIGHT START
MOVE B16 165
COMMAND RIGHT END
TURN 159 RESULT
TIME LEFT 0 5 RIGHT 0 5
MOVE B16 139
MOVE B17 117
MOVE B19 163
MOVE B20 163
MOVE B21 176
MOVE B22 194
MOVE B23 214
END TURN 159
TURN 160
COMMAND LEFT START
COMMAND LEFT END
COMMAND RIGHT START
UPGRADE 190
COMMAND RIGHT END
TURN 160 RESULT
TIME LEFT 0 5 RIGHT 0 5
UPGRADE B 190
MOVE B16 153
MOVE B19 139
MOVE B20 139
MOVE B21 163
MOVE B22 176
MOVE B23 194
END TURN 160
TURN 161
COMMAND LEFT START
COMMAND LEFT END
COMMAND RIGHT START
MOVE B4 190
COMMAND RIGHT END
TURN 161 RESULT
TIME LEFT 0 5 RIGHT 0 5
MOVE B4 134
MOVE B16 154
MOVE B19 117
MOVE B20 117
MOVE B21 139
MOVE B22 163
MOVE B23 176
END TURN 161
TURN 162
COMMAND LEFT START
COMMAND LEFT END
COMMAND RIGHT START
COMMAND RIGHT END
TURN 162 RESULT
TIME LEFT 0 5 RIGHT 0 5
MOVE B4 156
MOVE B16 165
MOVE B21 117
MOVE B22 139
MOVE B23 163
END TURN 162
TURN 163
COMMAND LEFT START
COMMAND LEFT END
COMMAND RIGHT START
UPGRADE 165
COMMAND RIGHT END
TURN 163 RESULT
TIME LEFT 0 5 RIGHT 0 5
UPGRADE B 165
MOVE B4 169
MOVE B22 117
MOVE B23 139
END TURN 163
TURN 164
COMMAND LEFT START
COMMAND LEFT END
COMMAND RIGHT START
COMMAND RIGHT END
TURN 164 RESULT
TIME LEFT 0 5 RIGHT 0 5
MOVE B4 182
MOVE B23 117
END TURN 164
TURN 165
COMMAND LEFT START
COMMAND LEFT END
COMMAND RIGHT START
COMMAND RIGHT END
TURN 165 RESULT
TIME LEFT 0 5 RIGHT 0 5
MOVE B4 190
END TURN 165
TURN 166
COMMAND LEFT START
COMMAND LEFT END
COMMAND RIGHT START
MOVE B23 176
COMMAND RIGHT END
TURN 166 RESULT
TIME LEFT 0 5 RIGHT 0 5
MOVE B23 139
END TURN 166
TURN 167
COMMAND LEFT START
COMMAND LEFT END
COMMAND RIGHT START
UPGRADE 165
COMMAND RIGHT END
TURN 167 RESULT
TIME LEFT 0 5 RIGHT 0 5
UPGRADE B 165
MOVE B23 163
END TURN 167
TURN 168
COMMAND LEFT START
TRAIN 1
COMMAND LEFT END
COMMAND RIGHT START
MOVE B7 165
COMMAND RIGHT END
TURN 168 RESULT
TIME LEFT 0 5 RIGHT 0 5
TRAIN A9
MOVE B7 139
MOVE B23 176
END TURN 168
TURN 169
COMMAND LEFT START
COMMAND LEFT END
COMMAND RIGHT START
UPGRADE 176
COMMAND RIGHT END
TURN 169 RESULT
TIME LEFT 0 5 RIGHT 0 5
UPGRADE B 176
MOVE B7 153
END TURN 169
TURN 170
COMMAND LEFT START
TRAIN 1
COMMAND LEFT END
COMMAND RIGHT START
COMMAND RIGHT END
TURN 170 RESULT
TIME LEFT 0 5 RIGHT 0 5
TRAIN A10
MOVE B7 154
END TURN 170
TURN 171
COMMAND LEFT START
MOVE A10 45
COMMAND LEFT END
COMMAND RIGHT START
MOVE B22 158
COMMAND RIGHT END
TURN 171 RESULT
TIME LEFT 0 5 RIGHT 0 5
MOVE A10 7
MOVE B7 165
MOVE B22 134
END TURN 171
TURN 172
COMMAND LEFT START
TRAIN 1
COMMAND LEFT END
COMMAND RIGHT START
UPGRADE 176
COMMAND RIGHT END
TURN 172 RESULT
TIME LEFT 0 5 RIGHT 0 5
UPGRADE B 176
TRAIN A11
MOVE A10 14
MOVE B22 142
END TURN 172
TURN 173
COMMAND LEFT START
COMMAND LEFT END
COMMAND RIGHT START
MOVE B11 176
COMMAND RIGHT END
TURN 173 RESULT
TIME LEFT 0 5 RIGHT 0 5
MOVE A10 26
MOVE B11 139
MOVE B22 150
END TURN 173
TURN 174
COMMAND LEFT START
TRAIN 1
COMMAND LEFT END
COMMAND RIGHT START
UPGRADE 190
COMMAND RIGHT END
TURN 174 RESULT
TIME LEFT 0 5 RIGHT 0 5
UPGRADE B 190
TRAIN A12
MOVE A10 34
MOVE B11 163
MOVE B22 147
END TURN 174
TURN 175
COMMAND LEFT START
COMMAND LEFT END
COMMAND RIGHT START
MOVE B15 190
COMMAND RIGHT END
TURN 175 RESULT
TIME LEFT 0 5 RIGHT 0 5
MOVE A10 45
MOVE B11 176
MOVE B15 134
MOVE B22 158
END TURN 175
TURN 176
COMMAND LEFT START
UPGRADE 45
COMMAND LEFT END
COMMAND RIGHT START
COMMAND RIGHT END
TURN 176 RESULT
TIME LEFT 0 5 RIGHT 0 5
UPGRADE A 45
MOVE B15 156
END TURN 176
TURN 177
COMMAND LEFT START
COMMAND LEFT END
COMMAND RIGHT START
UPGRADE 158
COMMAND RIGHT END
TURN 177 RESULT
TIME LEFT 0 5 RIGHT 0 5
UPGRADE B 158
MOVE B15 169
END TURN 177
TURN 178
COMMAND LEFT START
COMMAND LEFT END
COMMAND RIGHT START
COMMAND RIGHT END
TURN 178 RESULT
TIME LEFT 0 5 RIGHT 0 5
MOVE B15 182
END TURN 178
TURN 179
COMMAND LEFT START
COMMAND LEFT END
COMMAND RIGHT START
UPGRADE 158
COMMAND RIGHT END
TURN 179 RESULT
TIME LEFT 0 5 RIGHT 0 5
UPGRADE B 158
MOVE B15 190
END TURN 179
TURN 180
COMMAND LEFT START
COMMAND LEFT END
COMMAND RIGHT START
MOVE B17 158
COMMAND RIGHT END
TURN 180 RESULT
TIME LEFT 0 5 RIGHT 0 5
MOVE B17 134
END TURN 180
TURN 181
COMMAND LEFT START
COMMAND LEFT END
COMMAND RIGHT START
UPGRADE 176
COMMAND RIGHT END
TURN 181 RESULT
TIME LEFT 0 5 RIGHT 0 5
UPGRADE B 176
MOVE B17 142
END TURN 181
TURN 182
COMMAND LEFT START
UPGRADE 14
COMMAND LEFT END
COMMAND RIGHT START
TRAIN 1
COMMAND RIGHT END
TURN 182 RESULT
TIME LEFT 0 5 RIGHT 0 5
UPGRADE A 14
TRAIN B24
MOVE B17 150
END TURN 182
TURN 183
COMMAND LEFT START
COMMAND LEFT END
COMMAND RIGHT START
MOVE B12 176
COMMAND RIGHT END
TURN 183 RESULT
TIME LEFT 0 5 RIGHT 0 5
MOVE B12 229
MOVE B17 147
END TURN 183
TURN 184
COMMAND LEFT START
COMMAND LEFT END
COMMAND RIGHT START
UPGRADE 165
COMMAND RIGHT END
TURN 184 RESULT
TIME LEFT 0 5 RIGHT 0 5
UPGRADE B 165
MOVE B12 224
MOVE B17 158
END TURN 184
TURN 185
COMMAND LEFT START
COMMAND LEFT END
COMMAND RIGHT START
TRAIN 1
COMMAND RIGHT END
TURN 185 RESULT
TIME LEFT 0 5 RIGHT 0 5
TRAIN B25
MOVE B12 214
END TURN 185
TURN 186
COMMAND LEFT START
COMMAND LEFT END
COMMAND RIGHT START
MOVE B13 165
COMMAND RIGHT END
TURN 186 RESULT
TIME LEFT 0 5 RIGHT 0 5
MOVE B12 194
MOVE B13 227
END TURN 186
TURN 187
COMMAND LEFT START
COMMAND LEFT END
COMMAND RIGHT START
COMMAND RIGHT END
TURN 187 RESULT
TIME LEFT 0 5 RIGHT 0 5
MOVE B12 176
MOVE B13 216
END TURN 187
TURN 188
COMMAND LEFT START
COMMAND LEFT END
COMMAND RIGHT START
COMMAND RIGHT END
TURN 188 RESULT
TIME LEFT 0 5 RIGHT 0 5
MOVE B13 205
END TURN 188
TURN 189
COMMAND LEFT START
UPGRADE 44
COMMAND LEFT END
COMMAND RIGHT START
COMMAND RIGHT END
TURN 189 RESULT
TIME LEFT 0 5 RIGHT 0 5
UPGRADE A 44
MOVE B13 196
END TURN 189
TURN 190
COMMAND LEFT START
COMMAND LEFT END
COMMAND RIGHT START
COMMAND RIGHT END
TURN 190 RESULT
TIME LEFT 0 5 RIGHT 0 5
MOVE B13 179
END TURN 190
TURN 191
COMMAND LEFT START
COMMAND LEFT END
COMMAND RIGHT START
COMMAND RIGHT END
TURN 191 RESULT
TIME LEFT 0 5 RIGHT 0 5
MOVE B13 165
END TURN 191
TURN 192
COMMAND LEFT START
COMMAND LEFT END
COMMAND RIGHT START
UPGRADE 234
TRAIN 1
COMMAND RIGHT END
TURN 192 RESULT
TIME LEFT 0 5 RIGHT 0 5
UPGRADE B 234
TRAIN B26
END TURN 192
TURN 193
COMMAND LEFT START
COMMAND LEFT END
COMMAND RIGHT START
COMMAND RIGHT END
TURN 193 RESULT
TIME LEFT 0 5 RIGHT 0 5
END TURN 193
TURN 194
COMMAND LEFT START
COMMAND LEFT END
COMMAND RIGHT START
UPGRADE 158
COMMAND RIGHT END
TURN 194 RESULT
TIME LEFT 0 5 RIGHT 0 5
UPGRADE B 158
END TURN 194
TURN 195
COMMAND LEFT START
COMMAND LEFT END
COMMAND RIGHT START
TRAIN 1
COMMAND RIGHT END
TURN 195 RESULT
TIME LEFT 0 5 RIGHT 0 5
TRAIN B27
END TURN 195
TURN 196
COMMAND LEFT START
COMMAND LEFT END
COMMAND RIGHT START
MOVE B14 158
COMMAND RIGHT END
TURN 196 RESULT
TIME LEFT 0 5 RIGHT 0 5
MOVE B14 229
END TURN 196
TURN 197
COMMAND LEFT START
UPGRADE 45
COMMAND LEFT END
COMMAND RIGHT START
TRAIN 2
COMMAND RIGHT END
TURN 197 RESULT
TIME LEFT 0 5 RIGHT 0 5
UPGRADE A 45
TRAIN B28 B29
MOVE B14 224
END TURN 197
TURN 198
COMMAND LEFT START
COMMAND LEFT END
COMMAND RIGHT START
MOVE B29 175
MOVE B28 117
COMMAND RIGHT END
TURN 198 RESULT
TIME LEFT 0 5 RIGHT 0 5
MOVE B14 214
MOVE B28 229
MOVE B29 229
END TURN 198
TURN 199
COMMAND LEFT START
COMMAND LEFT END
COMMAND RIGHT START
TRAIN 2
COMMAND RIGHT END
TURN 199 RESULT
TIME LEFT 0 5 RIGHT 0 5
TRAIN B30 B31
MOVE B14 203
MOVE B28 224
MOVE B29 224
END TURN 199
TURN 200
COMMAND LEFT START
COMMAND LEFT END
COMMAND RIGHT START
MOVE B31 117
MOVE B30 117
TRAIN 2
COMMAND RIGHT END
TURN 200 RESULT
TIME LEFT 0 5 RIGHT 0 5
TRAIN B32 B33
MOVE B14 190
MOVE B28 214
MOVE B29 225
MOVE B30 229
MOVE B31 229
END TURN 200
TURN 201
COMMAND LEFT START
COMMAND LEFT END
COMMAND RIGHT START
MOVE B33 117
MOVE B32 117
TRAIN 2
COMMAND RIGHT END
TURN 201 RESULT
TIME LEFT 0 5 RIGHT 0 5
TRAIN B34 B35
MOVE B14 187
MOVE B28 194
MOVE B29 226
MOVE B30 224
MOVE B31 224
MOVE B32 229
MOVE B33 229
END TURN 201
TURN 202
COMMAND LEFT START
COMMAND LEFT END
COMMAND RIGHT START
MOVE B35 117
MOVE B34 117
TRAIN 2
COMMAND RIGHT END
TURN 202 RESULT
TIME LEFT 0 5 RIGHT 0 5
TRAIN B36 B37
MOVE B14 172
MOVE B28 176
MOVE B29 219
MOVE B30 214
MOVE B31 214
MOVE B32 224
MOVE B33 224
MOVE B34 229
MOVE B35 229
END TURN 202
TURN 203
COMMAND LEFT START
COMMAND LEFT END
COMMAND RIGHT START
MOVE B37 117
MOVE B36 117
TRAIN 2
COMMAND RIGHT END
TURN 203 RESULT
TIME LEFT 0 5 RIGHT 0 5
TRAIN B38 B39
MOVE B14 158
MOVE B28 163
MOVE B29 215
MOVE B30 194
MOVE B31 194
MOVE B32 214
MOVE B33 214
MOVE B34 224
MOVE B35 224
MOVE B36 229
MOVE B37 229
END TURN 203
TURN 204
COMMAND LEFT START
COMMAND LEFT END
COMMAND RIGHT START
COMMAND RIGHT END
TURN 204 RESULT
TIME LEFT 0 5 RIGHT 0 5
MOVE B28 139
MOVE B29 201
MOVE B30 176
MOVE B31 176
MOVE B32 194
MOVE B33 194
MOVE B34 214
MOVE B35 214
MOVE B36 224
MOVE B37 224
END TURN 204
TURN 205
COMMAND LEFT START
UPGRADE 14
COMMAND LEFT END
COMMAND RIGHT START
COMMAND RIGHT END
TURN 205 RESULT
TIME LEFT 0 5 RIGHT 0 5
UPGRADE A 14
MOVE B28 117
MOVE B29 186
MOVE B30 163
MOVE B31 163
MOVE B32 176
MOVE B33 176
MOVE B34 194
MOVE B35 194
MOVE B36 214
MOVE B37 214
END TURN 205
TURN 206
COMMAND LEFT START
COMMAND LEFT END
COMMAND RIGHT START
COMMAND RIGHT END
TURN 206 RESULT
TIME LEFT 0 5 RIGHT 0 5
MOVE B29 175
MOVE B30 139
MOVE B31 139
MOVE B32 163
MOVE B33 163
MOVE B34 176
MOVE B35 176
MOVE B36 194
MOVE B37 194
END TURN 206
TURN 207
COMMAND LEFT START
COMMAND LEFT END
COMMAND RIGHT START
COMMAND RIGHT END
TURN 207 RESULT
TIME LEFT 0 5 RIGHT 0 5
MOVE B30 117
MOVE B31 117
MOVE B32 139
MOVE B33 139
MOVE B34 163
MOVE B35 163
MOVE B36 176
MOVE B37 176
END TURN 207
TURN 208
COMMAND LEFT START
COMMAND LEFT END
COMMAND RIGHT START
COMMAND RIGHT END
TURN 208 RESULT
TIME LEFT 0 5 RIGHT 0 5
MOVE B32 117
MOVE B33 117
MOVE B34 139
MOVE B35 139
MOVE B36 163
MOVE B37 163
END TURN 208
TURN 209
COMMAND LEFT START
COMMAND LEFT END
COMMAND RIGHT START
MOVE B39 117
UPGRADE 234
COMMAND RIGHT END
TURN 209 RESULT
TIME LEFT 0 5 RIGHT 0 5
UPGRADE B 234
MOVE B34 117
MOVE B35 117
MOVE B36 139
MOVE B37 139
MOVE B39 229
END TURN 209
TURN 210
COMMAND LEFT START
COMMAND LEFT END
COMMAND RIGHT START
COMMAND RIGHT END
TURN 210 RESULT
TIME LEFT 0 5 RIGHT 0 5
MOVE B36 117
MOVE B37 117
MOVE B39 224
END TURN 210
TURN 211
COMMAND LEFT START
COMMAND LEFT END
COMMAND RIGHT START
UPGRADE 175
COMMAND RIGHT END
TURN 211 RESULT
TIME LEFT 0 5 RIGHT 0 5
UPGRADE B 175
MOVE B39 214
END TURN 211
TURN 212
COMMAND LEFT START
COMMAND LEFT END
COMMAND RIGHT START
MOVE B37 131
COMMAND RIGHT END
TURN 212 RESULT
TIME LEFT 0 5 RIGHT 0 5
MOVE B37 122
MOVE B39 194
END TURN 212
TURN 213
COMMAND LEFT START
UPGRADE 44
COMMAND LEFT END
COMMAND RIGHT START
UPGRADE 175
COMMAND RIGHT END
TURN 213 RESULT
TIME LEFT 0 5 RIGHT 0 5
UPGRADE A 44
UPGRADE B 175
MOVE B37 118
MOVE B39 176
END TURN 213
TURN 214
COMMAND LEFT START
COMMAND LEFT END
COMMAND RIGHT START
MOVE B19 175
UPGRADE 175
COMMAND RIGHT END
TURN 214 RESULT
TIME LEFT 0 5 RIGHT 0 5
UPGRADE B 175
MOVE B19 134
MOVE B37 108
MOVE B39 163
END TURN 214
TURN 215
COMMAND LEFT START
COMMAND LEFT END
COMMAND RIGHT START
MOVE B20 175
COMMAND RIGHT END
TURN 215 RESULT
TIME LEFT 0 5 RIGHT 0 5
MOVE B19 142
MOVE B20 134
MOVE B37 111
MOVE B39 139
END TURN 215
TURN 216
COMMAND LEFT START
COMMAND LEFT END
COMMAND RIGHT START
TRAIN 1
COMMAND RIGHT END
TURN 216 RESULT
TIME LEFT 0 5 RIGHT 0 5
TRAIN B40
MOVE B19 150
MOVE B20 142
MOVE B37 128
MOVE B39 117
END TURN 216
TURN 217
COMMAND LEFT START
COMMAND LEFT END
COMMAND RIGHT START
MOVE B40 117
TRAIN 3
COMMAND RIGHT END
TURN 217 RESULT
TIME LEFT 0 5 RIGHT 0 5
TRAIN B41 B42 B43
MOVE B19 147
MOVE B20 150
MOVE B37 124
MOVE B40 229
END TURN 217
TURN 218
COMMAND LEFT START
COMMAND LEFT END
COMMAND RIGHT START
MOVE B43 117
MOVE B42 117
MOVE B41 117
TRAIN 2
COMMAND RIGHT END
TURN 218 RESULT
TIME LEFT 0 5 RIGHT 0 5
TRAIN B44 B45
MOVE B19 158
MOVE B20 147
MOVE B37 114
MOVE B40 224
MOVE B41 229
MOVE B42 229
MOVE B43 229
END TURN 218
TURN 219
COMMAND LEFT START
COMMAND LEFT END
COMMAND RIGHT START
MOVE B45 117
MOVE B44 117
TRAIN 3
COMMAND RIGHT END
TURN 219 RESULT
TIME LEFT 0 5 RIGHT 0 5
TRAIN B46 B47 B48
MOVE B19 168
MOVE B20 158
MOVE B37 131
MOVE B40 214
MOVE B41 224
MOVE B42 224
MOVE B43 224
MOVE B44 229
MOVE B45 229
END TURN 219
TURN 220
COMMAND LEFT START
COMMAND LEFT END
COMMAND RIGHT START
MOVE B48 117
MOVE B47 117
MOVE B46 117
UPGRADE 131
COMMAND RIGHT END
TURN 220 RESULT
TIME LEFT 0 5 RIGHT 0 5
UPGRADE B 131
MOVE B19 175
MOVE B20 168
MOVE B40 194
MOVE B41 214
MOVE B42 214
MOVE B43 214
MOVE B44 224
MOVE B45 224
MOVE B46 229
MOVE B47 229
MOVE B48 229
END TURN 220
TURN 221
COMMAND LEFT START
UPGRADE 45
COMMAND LEFT END
COMMAND RIGHT START
MOVE B39 76
COMMAND RIGHT END
TURN 221 RESULT
TIME LEFT 0 5 RIGHT 0 5
UPGRADE A 45
MOVE B20 175
MOVE B39 100
MOVE B40 176
MOVE B41 194
MOVE B42 194
MOVE B43 194
MOVE B44 214
MOVE B45 214
MOVE B46 224
MOVE B47 224
MOVE B48 224
END TURN 221
TURN 222
COMMAND LEFT START
COMMAND LEFT END
COMMAND RIGHT START
UPGRADE 131
COMMAND RIGHT END
TURN 222 RESULT
TIME LEFT 0 5 RIGHT 0 5
UPGRADE B 131
MOVE B39 92
MOVE B40 163
MOVE B41 176
MOVE B42 176
MOVE B43 176
MOVE B44 194
MOVE B45 194
MOVE B46 214
MOVE B47 214
MOVE B48 214
END TURN 222
TURN 223
COMMAND LEFT START
COMMAND LEFT END
COMMAND RIGHT START
MOVE B21 131
UPGRADE 131
COMMAND RIGHT END
TURN 223 RESULT
TIME LEFT 0 5 RIGHT 0 5
UPGRADE B 131
MOVE B21 122
MOVE B39 84
MOVE B40 139
MOVE B41 163
MOVE B42 163
MOVE B43 163
MOVE B44 176
MOVE B45 176
MOVE B46 194
MOVE B47 194
MOVE B48 194
END TURN 223
TURN 224
COMMAND LEFT START
COMMAND LEFT END
COMMAND RIGHT START
MOVE B28 131
TRAIN 1
COMMAND RIGHT END
TURN 224 RESULT
TIME LEFT 0 5 RIGHT 0 5
TRAIN B49
MOVE B21 118
MOVE B28 122
MOVE B39 87
MOVE B40 117
MOVE B41 139
MOVE B42 139
MOVE B43 139
MOVE B44 163
MOVE B45 163
MOVE B46 176
MOVE B47 176
MOVE B48 176
END TURN 224
TURN 225
COMMAND LEFT START
COMMAND LEFT END
COMMAND RIGHT START
MOVE B49 117
TRAIN 3
COMMAND RIGHT END
TURN 225 RESULT
TIME LEFT 0 5 RIGHT 0 5
TRAIN B50 B51 B52
MOVE B21 108
MOVE B28 118
MOVE B39 76
MOVE B41 117
MOVE B42 117
MOVE B43 117
MOVE B44 139
MOVE B45 139
MOVE B46 163
MOVE B47 163
MOVE B48 163
MOVE B49 229
END TURN 225
TURN 226
COMMAND LEFT START
COMMAND LEFT END
COMMAND RIGHT START
UPGRADE 76
COMMAND RIGHT END
TURN 226 RESULT
TIME LEFT 0 5 RIGHT 0 5
UPGRADE B 76
MOVE B21 111
MOVE B28 108
MOVE B44 117
MOVE B45 117
MOVE B46 139
MOVE B47 139
MOVE B48 139
MOVE B49 224
END TURN 226
TURN 227
COMMAND LEFT START
COMMAND LEFT END
COMMAND RIGHT START
MOVE B45 69
COMMAND RIGHT END
TURN 227 RESULT
TIME LEFT 0 5 RIGHT 0 5
MOVE B21 128
MOVE B28 111
MOVE B45 95
MOVE B46 117
MOVE B47 117
MOVE B48 117
MOVE B49 214
END TURN 227
TURN 228
COMMAND LEFT START
COMMAND LEFT END
COMMAND RIGHT START
UPGRADE 76
COMMAND RIGHT END
TURN 228 RESULT
TIME LEFT 0 5 RIGHT 0 5
UPGRADE B 76
MOVE B21 124
MOVE B28 128
MOVE B45 81
MOVE B49 194
END TURN 228
TURN 229
COMMAND LEFT START
COMMAND LEFT END
COMMAND RIGHT START
MOVE B30 76
UPGRADE 76
COMMAND RIGHT END
TURN 229 RESULT
TIME LEFT 0 5 RIGHT 0 5
UPGRADE B 76
MOVE B21 114
MOVE B28 124
MOVE B30 100
MOVE B45 80
MOVE B49 176
END TURN 229
TURN 230
COMMAND LEFT START
COMMAND LEFT END
COMMAND RIGHT START
MOVE B31 76
TRAIN 1
COMMAND RIGHT END
TURN 230 RESULT
TIME LEFT 0 5 RIGHT 0 5
TRAIN B53
MOVE B21 131
MOVE B28 114
MOVE B30 92
MOVE B31 100
MOVE B45 69
MOVE B49 163
END TURN 230
TURN 231
COMMAND LEFT START
COMMAND LEFT END
COMMAND RIGHT START
MOVE B53 117
MOVE B52 117
MOVE B51 117
MOVE B50 117
UPGRADE 69
COMMAND RIGHT END
TURN 231 RESULT
TIME LEFT 0 5 RIGHT 0 5
UPGRADE B 69
MOVE B28 131
MOVE B30 84
MOVE B31 92
MOVE B49 139
MOVE B50 229
MOVE B51 229
MOVE B52 229
MOVE B53 229
END TURN 231
TURN 232
COMMAND LEFT START
COMMAND LEFT END
COMMAND RIGHT START
MOVE B48 59
MOVE B47 45
MOVE B46 45
MOVE B44 45
MOVE B43 45
MOVE B42 45
MOVE B41 45
MOVE B40 45
MOVE B36 45
MOVE B35 45
MOVE B34 45
COMMAND RIGHT END
TURN 232 RESULT
TIME LEFT 0 5 RIGHT 0 5
MOVE B30 87
MOVE B31 84
MOVE B34 95
MOVE B35 95
MOVE B36 95
MOVE B40 95
MOVE B41 95
MOVE B42 95
MOVE B43 95
MOVE B44 95
MOVE B46 95
MOVE B47 95
MOVE B48 100
MOVE B49 117
MOVE B50 224
MOVE B51 224
MOVE B52 224
MOVE B53 224
END TURN 232
TURN 233
COMMAND LEFT START
COMMAND LEFT END
COMMAND RIGHT START
UPGRADE 69
COMMAND RIGHT END
TURN 233 RESULT
TIME LEFT 0 5 RIGHT 0 5
UPGRADE B 69
MOVE B30 76
MOVE B31 87
MOVE B34 81
MOVE B35 81
MOVE B36 81
MOVE B40 81
MOVE B41 81
MOVE B42 81
MOVE B43 81
MOVE B44 81
MOVE B46 81
MOVE B47 81
MOVE B48 92
MOVE B50 214
MOVE B51 214
MOVE B52 214
MOVE B53 214
END TURN 233
TURN 234
COMMAND LEFT START
COMMAND LEFT END
COMMAND RIGHT START
TRAIN 1
COMMAND RIGHT END
TURN 234 RESULT
TIME LEFT 0 5 RIGHT 0 5
TRAIN B54
MOVE B31 76
MOVE B34 80
MOVE B35 80
MOVE B36 80
MOVE B40 80
MOVE B41 80
MOVE B42 80
MOVE B43 80
MOVE B44 80
MOVE B46 80
MOVE B47 80
MOVE B48 84
MOVE B50 194
MOVE B51 194
MOVE B52 194
MOVE B53 194
END TURN 234
TURN 235
COMMAND LEFT START
COMMAND LEFT END
COMMAND RIGHT START
MOVE B24 69
UPGRADE 69
COMMAND RIGHT END
TURN 235 RESULT
TIME LEFT 0 5 RIGHT 0 5
UPGRADE B 69
MOVE B24 229
MOVE B34 69
MOVE B35 69
MOVE B36 69
MOVE B40 69
MOVE B41 69
MOVE B42 69
MOVE B43 69
MOVE B44 69
MOVE B46 69
MOVE B47 69
MOVE B48 87
MOVE B50 176
MOVE B51 176
MOVE B52 176
MOVE B53 176
END TURN 235
TURN 236
COMMAND LEFT START
COMMAND LEFT END
COMMAND RIGHT START
TRAIN 1
COMMAND RIGHT END
TURN 236 RESULT
TIME LEFT 0 5 RIGHT 0 5
TRAIN B55
MOVE B24 224
MOVE B34 55
MOVE B35 55
MOVE B36 55
MOVE B40 55
MOVE B41 55
MOVE B42 55
MOVE B43 55
MOVE B44 55
MOVE B46 55
MOVE B47 55
MOVE B48 76
MOVE B50 163
MOVE B51 163
MOVE B52 163
MOVE B53 163
END TURN 236
TURN 237
COMMAND LEFT START
COMMAND LEFT END
COMMAND RIGHT START
MOVE B25 69
TRAIN 3
COMMAND RIGHT END
TURN 237 RESULT
TIME LEFT 0 5 RIGHT 0 5
TRAIN B56 B57 B58
MOVE B24 214
MOVE B25 229
MOVE B34 45
MOVE B35 45
MOVE B36 45
MOVE B40 45
MOVE B41 45
MOVE B42 45
MOVE B43 45
MOVE B44 45
MOVE B46 45
MOVE B47 45
MOVE B48 66
MOVE B50 139
MOVE B51 139
MOVE B52 139
MOVE B53 139
DAMAGE TURRET B34 2
DAMAGE COMBAT A10 6
DAMAGE COMBAT B34 1
SIEGE A 45 4
END TURN 237
TURN 238
COMMAND LEFT START
COMMAND LEFT END
COMMAND RIGHT START
MOVE B58 117
MOVE B57 117
MOVE B56 117
TRAIN 3
COMMAND RIGHT END
TURN 238 RESULT
TIME LEFT 0 5 RIGHT 0 5
TRAIN B59 B60 B61
MOVE B24 194
MOVE B25 224
MOVE B48 59
MOVE B50 117
MOVE B51 117
MOVE B52 117
MOVE B53 117
MOVE B56 229
MOVE B57 229
MOVE B58 229
DAMAGE TURRET B34 2
SIEGE A 45 10
END TURN 238
TURN 239
COMMAND LEFT START
COMMAND LEFT END
COMMAND RIGHT START
MOVE B53 58
MOVE B61 117
MOVE B60 117
MOVE B59 117
UPGRADE 59
TRAIN 1
COMMAND RIGHT END
TURN 239 RESULT
TIME LEFT 0 5 RIGHT 0 5
UPGRADE B 59
TRAIN B62
MOVE B24 176
MOVE B25 214
MOVE B53 95
MOVE B56 224
MOVE B57 224
MOVE B58 224
MOVE B59 229
MOVE B60 229
MOVE B61 229
DAMAGE TURRET B34 2
SIEGE A 45 4
END TURN 239
TURN 240
COMMAND LEFT START
MOVE A11 45
TRAIN 2
COMMAND LEFT END
COMMAND RIGHT START
MOVE B35 117
MOVE B36 117
MOVE B40 117
MOVE B41 117
MOVE B42 117
MOVE B43 117
MOVE B44 117
MOVE B46 117
MOVE B62 117
UPGRADE 45
UPGRADE 59
COMMAND RIGHT END
TURN 240 RESULT
TIME LEFT 0 5 RIGHT 0 5
UPGRADE B 45
UPGRADE B 59
TRAIN A13 A14
MOVE A11 7
MOVE B24 169
MOVE B25 194
MOVE B35 55
MOVE B36 55
MOVE B40 55
MOVE B41 55
MOVE B42 55
MOVE B43 55
MOVE B44 55
MOVE B46 55
MOVE B53 71
MOVE B56 214
MOVE B57 214
MOVE B58 214
MOVE B59 224
MOVE B60 224
MOVE B61 224
MOVE B62 229
END TURN 240
TURN 241
COMMAND LEFT START
TRAIN 2
COMMAND LEFT END
COMMAND RIGHT START
MOVE B32 59
UPGRADE 45
COMMAND RIGHT END
TURN 241 RESULT
TIME LEFT 0 5 RIGHT 0 5
UPGRADE B 45
TRAIN A15 A16
MOVE A11 14
MOVE B24 156
MOVE B25 176
MOVE B32 100
MOVE B35 69
MOVE B36 69
MOVE B40 69
MOVE B41 69
MOVE B42 69
MOVE B43 69
MOVE B44 69
MOVE B46 69
MOVE B53 58
MOVE B56 194
MOVE B57 194
MOVE B58 194
MOVE B59 214
MOVE B60 214
MOVE B61 214
MOVE B62 224
END TURN 241
TURN 242
COMMAND LEFT START
TRAIN 2
COMMAND LEFT END
COMMAND RIGHT START
MOVE B33 45
UPGRADE 58
COMMAND RIGHT END
TURN 242 RESULT
TIME LEFT 0 5 RIGHT 0 5
UPGRADE B 58
TRAIN A17 A18
MOVE A11 26
MOVE B24 134
MOVE B25 169
MOVE B32 92
MOVE B33 95
MOVE B35 80
MOVE B36 80
MOVE B40 80
MOVE B41 80
MOVE B42 80
MOVE B43 80
MOVE B44 80
MOVE B46 80
MOVE B56 176
MOVE B57 176
MOVE B58 176
MOVE B59 194
MOVE B60 194
MOVE B61 194
MOVE B62 214
END TURN 242
TURN 243
COMMAND LEFT START
MOVE A12 69
TRAIN 2
COMMAND LEFT END
COMMAND RIGHT START
UPGRADE 58
COMMAND RIGHT END
TURN 243 RESULT
TIME LEFT 0 5 RIGHT 0 5
UPGRADE B 58
TRAIN A19 A20
MOVE A11 34
MOVE A12 7
MOVE B24 112
MOVE B25 156
MOVE B32 84
MOVE B33 81
MOVE B35 81
MOVE B36 81
MOVE B40 81
MOVE B41 81
MOVE B42 81
MOVE B43 81
MOVE B44 81
MOVE B46 81
MOVE B56 163
MOVE B57 163
MOVE B58 163
MOVE B59 176
MOVE B60 176
MOVE B61 176
MOVE B62 194
END TURN 243
TURN 244
COMMAND LEFT START
MOVE A13 216
MOVE A14 216
MOVE A15 216
MOVE A16 216
MOVE A17 216
MOVE A18 216
MOVE A19 216
COMMAND LEFT END
COMMAND RIGHT START
MOVE B49 58
UPGRADE 59
COMMAND RIGHT END
TURN 244 RESULT
TIME LEFT 0 5 RIGHT 0 5
UPGRADE B 59
MOVE A11 45
MOVE A12 18
MOVE A13 5
MOVE A14 5
MOVE A15 5
MOVE A16 5
MOVE A17 5
MOVE A18 5
MOVE A19 5
MOVE B24 97
MOVE B25 134
MOVE B32 87
MOVE B33 80
MOVE B35 95
MOVE B36 95
MOVE B40 95
MOVE B41 95
MOVE B42 95
MOVE B43 95
MOVE B44 95
MOVE B46 95
MOVE B49 95
MOVE B56 139
MOVE B57 139
MOVE B58 139
MOVE B59 163
MOVE B60 163
MOVE B61 163
MOVE B62 176
DAMAGE TURRET A11 1
DAMAGE COMBAT A11 1
DAMAGE COMBAT B47 1
END TURN 244
TURN 245
COMMAND LEFT START
MOVE A20 76
MOVE A11 0
COMMAND LEFT END
COMMAND RIGHT START
TRAIN 1
COMMAND RIGHT END
TURN 245 RESULT
TIME LEFT 0 5 RIGHT 0 5
TRAIN B63
MOVE A12 29
MOVE A13 10
MOVE A14 10
MOVE A15 10
MOVE A16 10
MOVE A17 10
MOVE A18 10
MOVE A19 10
MOVE A20 5
MOVE B24 80
MOVE B25 112
MOVE B32 76
MOVE B33 69
MOVE B35 117
MOVE B36 117
MOVE B40 117
MOVE B41 117
MOVE B42 117
MOVE B43 117
MOVE B44 117
MOVE B46 117
MOVE B49 71
MOVE B56 117
MOVE B57 117
MOVE B58 117
MOVE B59 139
MOVE B60 139
MOVE B61 139
MOVE B62 163
DAMAGE TURRET A11 1
DAMAGE COMBAT A11 1
DAMAGE COMBAT B47 1
END TURN 245
TURN 246
COMMAND LEFT START
TRAIN 1
COMMAND LEFT END
COMMAND RIGHT START
MOVE B35 59
MOVE B58 103
MOVE B57 44
MOVE B56 44
MOVE B52 44
MOVE B51 44
MOVE B50 44
MOVE B46 44
MOVE B44 44
MOVE B43 44
MOVE B42 44
MOVE B41 44
COMMAND RIGHT END
TURN 246 RESULT
TIME LEFT 0 5 RIGHT 0 5
TRAIN A21
MOVE A12 38
MOVE A13 20
MOVE A14 20
MOVE A15 20
MOVE A16 20
MOVE A17 20
MOVE A18 20
MOVE A19 20
MOVE A20 10
MOVE B24 69
MOVE B25 97
MOVE B32 66
MOVE B33 55
MOVE B35 100
MOVE B41 100
MOVE B42 100
MOVE B43 100
MOVE B44 100
MOVE B46 100
MOVE B49 58
MOVE B50 100
MOVE B51 100
MOVE B52 100
MOVE B56 100
MOVE B57 100
MOVE B58 112
MOVE B59 117
MOVE B60 117
MOVE B61 117
MOVE B62 139
DAMAGE TURRET A11 1
DAMAGE COMBAT A11 1
DAMAGE COMBAT B47 1
END TURN 246
TURN 247
COMMAND LEFT START
COMMAND LEFT END
COMMAND RIGHT START
MOVE B63 117
UPGRADE 58
COMMAND RIGHT END
TURN 247 RESULT
TIME LEFT 0 5 RIGHT 0 5
UPGRADE B 58
MOVE A12 55
MOVE A13 40
MOVE A14 40
MOVE A15 40
MOVE A16 40
MOVE A17 40
MOVE A18 40
MOVE A19 40
MOVE A20 20
MOVE B25 80
MOVE B32 59
MOVE B33 45
MOVE B35 92
MOVE B41 78
MOVE B42 78
MOVE B43 78
MOVE B44 78
MOVE B46 78
MOVE B50 78
MOVE B51 78
MOVE B52 78
MOVE B56 78
MOVE B57 78
MOVE B58 116
MOVE B62 117
MOVE B63 229
END TURN 247
TURN 248
COMMAND LEFT START
COMMAND LEFT END
COMMAND RIGHT START
MOVE B36 58
MOVE B40 58
MOVE B59 58
MOVE B60 58
MOVE B61 58
TRAIN 1
COMMAND RIGHT END
TURN 248 RESULT
TIME LEFT 0 5 RIGHT 0 5
TRAIN B64
MOVE A12 69
MOVE A13 58
MOVE A14 58
MOVE A15 58
MOVE A16 58
MOVE A17 58
MOVE A18 58
MOVE A19 58
MOVE A20 31
MOVE B25 69
MOVE B35 84
MOVE B36 95
MOVE B40 95
MOVE B41 65
MOVE B42 65
MOVE B43 65
MOVE B44 65
MOVE B46 65
MOVE B50 65
MOVE B51 65
MOVE B52 65
MOVE B56 65
MOVE B57 65
MOVE B58 126
MOVE B59 95
MOVE B60 95
MOVE B61 95
MOVE B63 224
DAMAGE TURRET A12 2
DAMAGE TURRET A13 2
DAMAGE COMBAT A12 3
DAMAGE COMBAT A13 2
DAMAGE COMBAT B24 1
DAMAGE COMBAT B49 7
END TURN 248
TURN 249
COMMAND LEFT START
MOVE A12 0
TRAIN 1
COMMAND LEFT END
COMMAND RIGHT START
MOVE B26 117
UPGRADE 45
TRAIN 3
COMMAND RIGHT END
TURN 249 RESULT
TIME LEFT 0 5 RIGHT 0 5
UPGRADE B 45
TRAIN A22 B65 B66 B67
MOVE A20 44
MOVE B26 229
MOVE B35 87
MOVE B36 71
MOVE B40 71
MOVE B41 52
MOVE B42 52
MOVE B43 52
MOVE B44 52
MOVE B46 52
MOVE B50 52
MOVE B51 52
MOVE B52 52
MOVE B56 52
MOVE B57 52
MOVE B58 123
MOVE B59 71
MOVE B60 71
MOVE B61 71
MOVE B63 214
DAMAGE TURRET A12 1
DAMAGE TURRET A13 2
DAMAGE COMBAT A14 2
DAMAGE COMBAT B24 1
DAMAGE COMBAT B49 1
DAMAGE COMBAT B53 6
END TURN 249
TURN 250
COMMAND LEFT START
COMMAND LEFT END
COMMAND RIGHT START
MOVE B27 45
MOVE B67 117
MOVE B66 117
TRAIN 1
COMMAND RIGHT END
TURN 250 RESULT
TIME LEFT 0 5 RIGHT 0 5
TRAIN B68
MOVE A20 47
MOVE B26 224
MOVE B27 229
MOVE B35 76
MOVE B36 58
MOVE B40 58
MOVE B41 44
MOVE B42 44
MOVE B43 44
MOVE B44 44
MOVE B46 44
MOVE B50 44
MOVE B51 44
MOVE B52 44
MOVE B56 44
MOVE B57 44
MOVE B58 106
MOVE B59 58
MOVE B60 58
MOVE B61 58
MOVE B63 194
MOVE B66 229
MOVE B67 229
DAMAGE TURRET A14 2
DAMAGE TURRET B41 2
DAMAGE COMBAT A8 4
DAMAGE COMBAT A14 2
DAMAGE COMBAT A15 4
DAMAGE COMBAT B36 4
DAMAGE COMBAT B41 1
DAMAGE COMBAT B53 2
SIEGE A 44 6
END TURN 250
TURN 251
COMMAND LEFT START
MOVE A21 45
TRAIN 1
COMMAND LEFT END
COMMAND RIGHT START
MOVE B68 117
TRAIN 3
COMMAND RIGHT END
TURN 251 RESULT
TIME LEFT 0 5 RIGHT 0 5
TRAIN A23 B69 B70 B71
MOVE A20 62
MOVE A21 7
MOVE B26 214
MOVE B27 224
MOVE B35 66
MOVE B58 110
MOVE B63 176
MOVE B66 224
MOVE B67 224
MOVE B68 229
DAMAGE TURRET A15 2
DAMAGE TURRET B41 2
DAMAGE COMBAT A16 5
DAMAGE COMBAT B36 3
DAMAGE COMBAT B40 2
SIEGE A 44 10
END TURN 251
TURN 252
COMMAND LEFT START
COMMAND LEFT END
COMMAND RIGHT START
MOVE B71 117
MOVE B70 117
MOVE B69 117
TRAIN 3
COMMAND RIGHT END
TURN 252 RESULT
TIME LEFT 0 5 RIGHT 0 5
TRAIN B72 B73 B74
MOVE A20 76
MOVE A21 14
MOVE B26 194
MOVE B27 214
MOVE B35 59
MOVE B58 120
MOVE B63 163
MOVE B66 214
MOVE B67 214
MOVE B68 224
MOVE B69 229
MOVE B70 229
MOVE B71 229
DAMAGE TURRET A16 1
DAMAGE TURRET A17 1
DAMAGE TURRET A20 2
DAMAGE TURRET B41 2
DAMAGE COMBAT A17 4
DAMAGE COMBAT A20 3
DAMAGE COMBAT B30 1
DAMAGE COMBAT B40 4
SIEGE A 44 2
END TURN 252
TURN 253
COMMAND LEFT START
MOVE A20 0
COMMAND LEFT END
COMMAND RIGHT START
MOVE B41 117
MOVE B42 117
MOVE B43 117
MOVE B44 117
MOVE B46 117
MOVE B50 117
MOVE B51 117
MOVE B52 117
MOVE B56 117
MOVE B74 117
MOVE B73 117
MOVE B72 117
UPGRADE 44
TRAIN 2
COMMAND RIGHT END
TURN 253 RESULT
TIME LEFT 0 5 RIGHT 0 5
UPGRADE B 44
TRAIN B75 B76
MOVE A21 26
MOVE B26 176
MOVE B27 203
MOVE B41 52
MOVE B42 52
MOVE B43 52
MOVE B44 52
MOVE B46 52
MOVE B50 52
MOVE B51 52
MOVE B52 52
MOVE B56 52
MOVE B58 103
MOVE B63 139
MOVE B66 194
MOVE B67 194
MOVE B68 214
MOVE B69 224
MOVE B70 224
MOVE B71 224
MOVE B72 229
MOVE B73 229
MOVE B74 229
DAMAGE TURRET A17 1
DAMAGE TURRET A18 1
DAMAGE TURRET A20 1
DAMAGE COMBAT A18 4
DAMAGE COMBAT B30 1
DAMAGE COMBAT B40 2
DAMAGE COMBAT B59 1
END TURN 253
TURN 254
COMMAND LEFT START
MOVE A22 69
TRAIN 1
COMMAND LEFT END
COMMAND RIGHT START
MOVE B76 14
MOVE B75 117
UPGRADE 103
UPGRADE 44
COMMAND RIGHT END
TURN 254 RESULT
TIME LEFT 0 5 RIGHT 0 5
UPGRADE B 44
UPGRADE B 103
TRAIN A24
MOVE A21 34
MOVE A22 7
MOVE B26 163
MOVE B27 190
MOVE B41 65
MOVE B42 65
MOVE B43 65
MOVE B44 65
MOVE B46 65
MOVE B50 65
MOVE B51 65
MOVE B52 65
MOVE B56 65
MOVE B63 117
MOVE B66 176
MOVE B67 176
MOVE B68 194
MOVE B69 214
MOVE B70 214
MOVE B71 214
MOVE B72 224
MOVE B73 224
MOVE B74 224
MOVE B75 229
MOVE B76 229
DAMAGE TURRET A18 1
DAMAGE TURRET A19 1
DAMAGE COMBAT A19 3
DAMAGE COMBAT B59 2
END TURN 254
TURN 255
COMMAND LEFT START
COMMAND LEFT END
COMMAND RIGHT START
TRAIN 1
COMMAND RIGHT END
TURN 255 RESULT
TIME LEFT 0 5 RIGHT 0 5
TRAIN B77
MOVE A21 45
MOVE A22 18
MOVE B26 139
MOVE B27 187
MOVE B41 78
MOVE B42 78
MOVE B43 78
MOVE B44 78
MOVE B46 78
MOVE B50 78
MOVE B51 78
MOVE B52 78
MOVE B56 78
MOVE B66 163
MOVE B67 163
MOVE B68 176
MOVE B69 194
MOVE B70 194
MOVE B71 194
MOVE B72 214
MOVE B73 214
MOVE B74 214
MOVE B75 224
MOVE B76 224
DAMAGE TURRET A19 2
DAMAGE TURRET A21 2
DAMAGE COMBAT A21 2
DAMAGE COMBAT B47 1
DAMAGE COMBAT B59 1
END TURN 255
TURN 256
COMMAND LEFT START
MOVE A21 44
COMMAND LEFT END
COMMAND RIGHT START
MOVE B38 44
UPGRADE 103
TRAIN 3
COMMAND RIGHT END
TURN 256 RESULT
TIME LEFT 0 5 RIGHT 0 5
UPGRADE B 103
TRAIN B78 B79 B80
MOVE A22 29
MOVE B26 117
MOVE B27 162
MOVE B38 227
MOVE B41 100
MOVE B42 100
MOVE B43 100
MOVE B44 100
MOVE B46 100
MOVE B50 100
MOVE B51 100
MOVE B52 100
MOVE B56 100
MOVE B66 139
MOVE B67 139
MOVE B68 163
MOVE B69 176
MOVE B70 176
MOVE B71 176
MOVE B72 194
MOVE B73 194
MOVE B74 194
MOVE B75 214
MOVE B76 214
DAMAGE TURRET A21 2
DAMAGE COMBAT B47 1
END TURN 256
TURN 257
COMMAND LEFT START
MOVE A23 44
COMMAND LEFT END
COMMAND RIGHT START
MOVE B54 103
MOVE B80 117
MOVE B79 117
UPGRADE 103
COMMAND RIGHT END
TURN 257 RESULT
TIME LEFT 0 5 RIGHT 0 5
UPGRADE B 103
MOVE A22 38
MOVE A23 5
MOVE B27 150
MOVE B38 216
MOVE B41 117
MOVE B42 117
MOVE B43 117
MOVE B44 117
MOVE B46 117
MOVE B50 117
MOVE B51 117
MOVE B52 117
MOVE B54 229
MOVE B56 117
MOVE B66 117
MOVE B67 117
MOVE B68 139
MOVE B69 163
MOVE B70 163
MOVE B71 163
MOVE B72 176
MOVE B73 176
MOVE B74 176
MOVE B75 194
MOVE B76 194
MOVE B79 229
MOVE B80 229
END TURN 257
TURN 258
COMMAND LEFT START
TRAIN 1
COMMAND LEFT END
COMMAND RIGHT START
MOVE B26 103
UPGRADE 44
COMMAND RIGHT END
TURN 258 RESULT
TIME LEFT 0 5 RIGHT 0 5
UPGRADE B 44
TRAIN A25
MOVE A22 55
MOVE A23 10
MOVE B26 112
MOVE B27 136
MOVE B38 205
MOVE B54 224
MOVE B68 117
MOVE B69 139
MOVE B70 139
MOVE B71 139
MOVE B72 163
MOVE B73 163
MOVE B74 163
MOVE B75 176
MOVE B76 176
MOVE B79 224
MOVE B80 224
END TURN 258
TURN 259
COMMAND LEFT START
COMMAND LEFT END
COMMAND RIGHT START
MOVE B41 44
TRAIN 1
COMMAND RIGHT END
TURN 259 RESULT
TIME LEFT 0 5 RIGHT 0 5
TRAIN B81
MOVE A22 69
MOVE A23 20
MOVE B26 116
MOVE B27 123
MOVE B38 196
MOVE B41 100
MOVE B54 225
MOVE B69 117
MOVE B70 117
MOVE B71 117
MOVE B72 139
MOVE B73 139
MOVE B74 139
MOVE B75 163
MOVE B76 169
MOVE B79 214
MOVE B80 214
DAMAGE TURRET A22 2
DAMAGE COMBAT A22 3
DAMAGE COMBAT B24 1
END TURN 259
TURN 260
COMMAND LEFT START
MOVE A22 76
TRAIN 1
COMMAND LEFT END
COMMAND RIGHT START
MOVE B81 117
TRAIN 3
COMMAND RIGHT END
TURN 260 RESULT
TIME LEFT 0 5 RIGHT 0 5
TRAIN A26 B82 B83 B84
MOVE A23 31
MOVE B26 126
MOVE B27 99
MOVE B38 181
MOVE B41 78
MOVE B54 211
MOVE B72 117
MOVE B73 117
MOVE B74 117
MOVE B75 139
MOVE B76 156
MOVE B79 194
MOVE B80 194
MOVE B81 229
DAMAGE TURRET A22 1
DAMAGE COMBAT B24 1
END TURN 260
TURN 261
COMMAND LEFT START
MOVE A24 45
COMMAND LEFT END
COMMAND RIGHT START
MOVE B84 117
MOVE B83 117
MOVE B82 117
TRAIN 3
COMMAND RIGHT END
TURN 261 RESULT
TIME LEFT 0 5 RIGHT 0 5
TRAIN B85 B86 B87
MOVE A23 44
MOVE A24 7
MOVE B26 123
MOVE B27 74
MOVE B38 154
MOVE B41 65
MOVE B54 204
MOVE B75 117
MOVE B76 134
MOVE B79 176
MOVE B80 176
MOVE B81 224
MOVE B82 229
MOVE B83 229
MOVE B84 229
DAMAGE TURRET A23 2
DAMAGE COMBAT A23 1
DAMAGE COMBAT B57 1
END TURN 261
TURN 262
COMMAND LEFT START
MOVE A23 0
COMMAND LEFT END
COMMAND RIGHT START
MOVE B87 117
MOVE B86 117
MOVE B85 117
TRAIN 3
COMMAND RIGHT END
TURN 262 RESULT
TIME LEFT 0 5 RIGHT 0 5
TRAIN B88 B89 B90
MOVE A24 14
MOVE B26 106
MOVE B27 60
MOVE B38 137
MOVE B41 52
MOVE B54 188
MOVE B76 112
MOVE B79 163
MOVE B80 163
MOVE B81 214
MOVE B82 224
MOVE B83 224
MOVE B84 224
MOVE B85 229
MOVE B86 229
MOVE B87 229
DAMAGE TURRET A23 2
DAMAGE COMBAT A23 1
DAMAGE COMBAT B57 1
END TURN 262
TURN 263
COMMAND LEFT START
TRAIN 1
COMMAND LEFT END
COMMAND RIGHT START
MOVE B90 117
MOVE B89 117
MOVE B88 117
TRAIN 3
COMMAND RIGHT END
TURN 263 RESULT
TIME LEFT 0 5 RIGHT 0 5
TRAIN A27 B91 B92 B93
MOVE A24 26
MOVE B26 110
MOVE B27 45
MOVE B38 118
MOVE B41 44
MOVE B54 178
MOVE B76 97
MOVE B79 139
MOVE B80 139
MOVE B81 194
MOVE B82 214
MOVE B83 214
MOVE B84 214
MOVE B85 224
MOVE B86 224
MOVE B87 224
MOVE B88 229
MOVE B89 229
MOVE B90 229
END TURN 263
TURN 264
COMMAND LEFT START
MOVE A25 44
COMMAND LEFT END
COMMAND RIGHT START
MOVE B93 117
MOVE B92 117
MOVE B91 117
TRAIN 3
COMMAND RIGHT END
TURN 264 RESULT
TIME LEFT 0 5 RIGHT 0 5
TRAIN B94 B95 B96
MOVE A24 34
MOVE A25 5
MOVE B26 120
MOVE B38 92
MOVE B54 168
MOVE B76 80
MOVE B79 117
MOVE B80 117
MOVE B81 176
MOVE B82 194
MOVE B83 194
MOVE B84 194
MOVE B85 214
MOVE B86 214
MOVE B87 214
MOVE B88 224
MOVE B89 224
MOVE B90 224
MOVE B91 229
MOVE B92 229
MOVE B93 229
END TURN 264
TURN 265
COMMAND LEFT START
COMMAND LEFT END
COMMAND RIGHT START
MOVE B96 117
MOVE B95 117
MOVE B94 117
TRAIN 3
COMMAND RIGHT END
TURN 265 RESULT
TIME LEFT 0 5 RIGHT 0 5
TRAIN B97 B98 B99
MOVE A24 45
MOVE A25 10
MOVE B26 103
MOVE B38 77
MOVE B54 146
MOVE B76 53
MOVE B81 163
MOVE B82 176
MOVE B83 176
MOVE B84 176
MOVE B85 194
MOVE B86 194
MOVE B87 194
MOVE B88 214
MOVE B89 214
MOVE B90 214
MOVE B91 224
MOVE B92 224
MOVE B93 224
MOVE B94 229
MOVE B95 229
MOVE B96 229
DAMAGE TURRET A24 2
DAMAGE COMBAT A24 3
DAMAGE COMBAT B47 1
END TURN 265
TURN 266
COMMAND LEFT START
MOVE A24 0
TRAIN 1
COMMAND LEFT END
COMMAND RIGHT START
MOVE B99 117
MOVE B98 117
MOVE B97 117
TRAIN 3
COMMAND RIGHT END
TURN 266 RESULT
TIME LEFT 0 5 RIGHT 0 5
TRAIN A28 B100 B101 B102
MOVE A25 20
MOVE B38 68
MOVE B54 132
MOVE B76 38
MOVE B81 139
MOVE B82 163
MOVE B83 163
MOVE B84 163
MOVE B85 176
MOVE B86 176
MOVE B87 176
MOVE B88 194
MOVE B89 194
MOVE B90 194
MOVE B91 214
MOVE B92 214
MOVE B93 214
MOVE B94 224
MOVE B95 224
MOVE B96 224
MOVE B97 229
MOVE B98 229
MOVE B99 229
DAMAGE TURRET A24 1
DAMAGE COMBAT B47 1
END TURN 266
TURN 267
COMMAND LEFT START
MOVE A26 45
COMMAND LEFT END
COMMAND RIGHT START
MOVE B102 117
MOVE B101 117
MOVE B100 117
TRAIN 3
COMMAND RIGHT END
TURN 267 RESULT
TIME LEFT 0 5 RIGHT 0 5
TRAIN B103 B104 B105
MOVE A25 31
MOVE A26 7
MOVE B38 52
MOVE B54 120
MOVE B76 29
MOVE B81 117
MOVE B82 139
MOVE B83 139
MOVE B84 139
MOVE B85 163
MOVE B86 163
MOVE B87 163
MOVE B88 176
MOVE B89 176
MOVE B90 176
MOVE B91 194
MOVE B92 194
MOVE B93 194
MOVE B94 214
MOVE B95 214
MOVE B96 214
MOVE B97 224
MOVE B98 224
MOVE B99 224
MOVE B100 229
MOVE B101 229
MOVE B102 229
END TURN 267
TURN 268
COMMAND LEFT START
COMMAND LEFT END
COMMAND RIGHT START
MOVE B105 117
MOVE B104 117
MOVE B103 117
TRAIN 3
COMMAND RIGHT END
TURN 268 RESULT
TIME LEFT 0 5 RIGHT 0 5
TRAIN B106 B107 B108
MOVE A25 44
MOVE A26 14
MOVE B38 44
MOVE B54 103
MOVE B76 14
MOVE B82 117
MOVE B83 117
MOVE B84 117
MOVE B85 139
MOVE B86 139
MOVE B87 139
MOVE B88 163
MOVE B89 163
MOVE B90 163
MOVE B91 176
MOVE B92 176
MOVE B93 176
MOVE B94 194
MOVE B95 194
MOVE B96 194
MOVE B97 214
MOVE B98 214
MOVE B99 214
MOVE B100 224
MOVE B101 224
MOVE B102 224
MOVE B103 229
MOVE B104 229
MOVE B105 229
DAMAGE TURRET A25 2
DAMAGE TURRET B76 2
DAMAGE COMBAT A6 1
DAMAGE COMBAT A25 3
DAMAGE COMBAT B41 1
DAMAGE COMBAT B76 2
END TURN 268
TURN 269
COMMAND LEFT START
MOVE A25 0
TRAIN 1
COMMAND LEFT END
COMMAND RIGHT START
MOVE B84 0
MOVE B83 0
MOVE B82 0
MOVE B81 0
MOVE B80 0
MOVE B79 0
MOVE B75 0
MOVE B74 0
MOVE B73 0
MOVE B72 0
MOVE B71 0
MOVE B70 0
MOVE B69 0
MOVE B68 0
MOVE B67 0
MOVE B66 0
MOVE B63 0
MOVE B62 0
MOVE B56 0
MOVE B52 0
MOVE B51 0
MOVE B50 0
MOVE B46 0
MOVE B44 0
TRAIN 1
COMMAND RIGHT END
TURN 269 RESULT
TIME LEFT 0 5 RIGHT 0 5
TRAIN A29 B109
MOVE B44 95
MOVE B46 95
MOVE B50 95
MOVE B51 95
MOVE B52 95
MOVE B56 95
MOVE B62 95
MOVE B63 95
MOVE B66 95
MOVE B67 95
MOVE B68 95
MOVE B69 95
MOVE B70 95
MOVE B71 95
MOVE B72 95
MOVE B73 95
MOVE B74 95
MOVE B75 95
MOVE B79 95
MOVE B80 95
MOVE B81 95
MOVE B82 95
MOVE B83 95
MOVE B84 95
MOVE B85 117
MOVE B86 117
MOVE B87 117
MOVE B88 139
MOVE B89 139
MOVE B90 139
MOVE B91 163
MOVE B92 163
MOVE B93 163
MOVE B94 176
MOVE B95 176
MOVE B96 176
MOVE B97 194
MOVE B98 194
MOVE B99 194
MOVE B100 214
MOVE B101 214
MOVE B102 214
MOVE B103 224
MOVE B104 224
MOVE B105 224
DAMAGE TURRET A25 1
DAMAGE TURRET B76 2
DAMAGE COMBAT A6 1
DAMAGE COMBAT B57 1
DAMAGE COMBAT B76 2
END TURN 269
TURN 270
COMMAND LEFT START
COMMAND LEFT END
COMMAND RIGHT START
MOVE B42 44
MOVE B109 14
TRAIN 3
COMMAND RIGHT END
TURN 270 RESULT
TIME LEFT 0 5 RIGHT 0 5
TRAIN B110 B111 B112
MOVE A26 26
MOVE B42 100
MOVE B44 71
MOVE B46 71
MOVE B50 71
MOVE B51 71
MOVE B52 71
MOVE B56 71
MOVE B62 71
MOVE B63 71
MOVE B66 71
MOVE B67 71
MOVE B68 71
MOVE B69 71
MOVE B70 71
MOVE B71 71
MOVE B72 71
MOVE B73 71
MOVE B74 71
MOVE B75 71
MOVE B79 71
MOVE B80 71
MOVE B81 71
MOVE B82 71
MOVE B83 71
MOVE B84 71
MOVE B88 117
MOVE B89 117
MOVE B90 117
MOVE B91 139
MOVE B92 139
MOVE B93 139
MOVE B94 163
MOVE B95 163
MOVE B96 163
MOVE B97 176
MOVE B98 176
MOVE B99 176
MOVE B100 194
MOVE B101 194
MOVE B102 194
MOVE B103 214
MOVE B104 214
MOVE B105 214
MOVE B109 229
END TURN 270
TURN 271
COMMAND LEFT START
MOVE A27 44
COMMAND LEFT END
COMMAND RIGHT START
TRAIN 3
COMMAND RIGHT END
TURN 271 RESULT
TIME LEFT 0 5 RIGHT 0 5
TRAIN B113 B114 B115
MOVE A26 34
MOVE A27 5
MOVE B42 78
MOVE B44 58
MOVE B46 58
MOVE B50 58
MOVE B51 58
MOVE B52 58
MOVE B56 58
MOVE B62 58
MOVE B63 58
MOVE B66 58
MOVE B67 58
MOVE B68 58
MOVE B69 58
MOVE B70 58
MOVE B71 58
MOVE B72 58
MOVE B73 58
MOVE B74 58
MOVE B75 58
MOVE B79 58
MOVE B80 58
MOVE B81 58
MOVE B82 58
MOVE B83 58
MOVE B84 58
MOVE B91 117
MOVE B92 117
MOVE B93 117
MOVE B94 139
MOVE B95 139
MOVE B96 139
MOVE B97 163
MOVE B98 163
MOVE B99 163
MOVE B100 176
MOVE B101 176
MOVE B102 176
MOVE B103 194
MOVE B104 194
MOVE B105 194
MOVE B109 224
END TURN 271
TURN 272
COMMAND LEFT START
TRAIN 1
COMMAND LEFT END
COMMAND RIGHT START
TRAIN 3
COMMAND RIGHT END
TURN 272 RESULT
TIME LEFT 0 5 RIGHT 0 5
TRAIN A30 B116 B117 B118
MOVE A26 45
MOVE A27 10
MOVE B42 65
MOVE B44 40
MOVE B46 40
MOVE B50 40
MOVE B51 40
MOVE B52 40
MOVE B56 40
MOVE B62 40
MOVE B63 40
MOVE B66 40
MOVE B67 40
MOVE B68 40
MOVE B69 40
MOVE B70 40
MOVE B71 40
MOVE B72 40
MOVE B73 40
MOVE B74 40
MOVE B75 40
MOVE B79 40
MOVE B80 40
MOVE B81 40
MOVE B82 40
MOVE B83 40
MOVE B84 40
MOVE B94 117
MOVE B95 117
MOVE B96 117
MOVE B97 139
MOVE B98 139
MOVE B99 139
MOVE B100 163
MOVE B101 163
MOVE B102 163
MOVE B103 176
MOVE B104 176
MOVE B105 176
MOVE B109 214
DAMAGE TURRET A26 2
DAMAGE COMBAT A26 3
DAMAGE COMBAT B47 1
END TURN 272
TURN 273
COMMAND LEFT START
MOVE A26 0
COMMAND LEFT END
COMMAND RIGHT START
TRAIN 1
COMMAND RIGHT END
TURN 273 RESULT
TIME LEFT 0 5 RIGHT 0 5
TRAIN B119
MOVE A27 20
MOVE B42 52
MOVE B44 20
MOVE B46 20
MOVE B50 20
MOVE B51 20
MOVE B52 20
MOVE B56 20
MOVE B62 20
MOVE B63 20
MOVE B66 20
MOVE B67 20
MOVE B68 20
MOVE B69 20
MOVE B70 20
MOVE B71 20
MOVE B72 20
MOVE B73 20
MOVE B74 20
MOVE B75 20
MOVE B79 20
MOVE B80 20
MOVE B81 20
MOVE B82 20
MOVE B83 20
MOVE B84 20
MOVE B97 117
MOVE B98 117
MOVE B99 117
MOVE B100 139
MOVE B101 139
MOVE B102 139
MOVE B103 163
MOVE B104 163
MOVE B105 163
MOVE B109 194
DAMAGE TURRET A26 1
DAMAGE COMBAT A27 6
DAMAGE COMBAT B27 1
DAMAGE COMBAT B44 1
END TURN 273
TURN 274
COMMAND LEFT START
MOVE A28 44
COMMAND LEFT END
COMMAND RIGHT START
MOVE B43 45
TRAIN 3
COMMAND RIGHT END
TURN 274 RESULT
TIME LEFT 0 5 RIGHT 0 5
TRAIN B120 B121 B122
MOVE A28 5
MOVE B42 44
MOVE B43 95
MOVE B44 10
MOVE B46 10
MOVE B50 10
MOVE B51 10
MOVE B52 10
MOVE B56 10
MOVE B62 10
MOVE B63 10
MOVE B66 10
MOVE B67 10
MOVE B68 10
MOVE B69 10
MOVE B70 10
MOVE B71 10
MOVE B72 10
MOVE B73 10
MOVE B74 10
MOVE B75 10
MOVE B79 10
MOVE B80 10
MOVE B81 10
MOVE B82 10
MOVE B83 10
MOVE B84 10
MOVE B100 117
MOVE B101 117
MOVE B102 117
MOVE B103 139
MOVE B104 139
MOVE B105 139
MOVE B109 176
END TURN 274
TURN 275
COMMAND LEFT START
TRAIN 2
COMMAND LEFT END
COMMAND RIGHT START
TRAIN 3
COMMAND RIGHT END
TURN 275 RESULT
TIME LEFT 0 5 RIGHT 0 5
TRAIN A31 A32 B123 B124 B125
MOVE A28 10
MOVE B43 81
MOVE B44 5
MOVE B46 5
MOVE B50 5
MOVE B51 5
MOVE B52 5
MOVE B56 5
MOVE B62 5
MOVE B63 5
MOVE B66 5
MOVE B67 5
MOVE B68 5
MOVE B69 5
MOVE B70 5
MOVE B71 5
MOVE B72 5
MOVE B73 5
MOVE B74 5
MOVE B75 5
MOVE B79 5
MOVE B80 5
MOVE B81 5
MOVE B82 5
MOVE B83 5
MOVE B84 5
MOVE B103 117
MOVE B104 117
MOVE B105 117
MOVE B109 169
END TURN 275
TURN 276
COMMAND LEFT START
TRAIN 2
COMMAND LEFT END
COMMAND RIGHT START
TRAIN 3
COMMAND RIGHT END
TURN 276 RESULT
TIME LEFT 0 5 RIGHT 4 5
TRAIN A33 A34 B126 B127 B128
MOVE A28 20
MOVE B43 80
MOVE B44 0
MOVE B46 0
MOVE B50 0
MOVE B51 0
MOVE B52 0
MOVE B56 0
MOVE B62 0
MOVE B63 0
MOVE B66 0
MOVE B67 0
MOVE B68 0
MOVE B69 0
MOVE B70 0
MOVE B71 0
MOVE B72 0
MOVE B73 0
MOVE B74 0
MOVE B75 0
MOVE B79 0
MOVE B80 0
MOVE B81 0
MOVE B82 0
MOVE B83 0
MOVE B84 0
MOVE B109 156
DAMAGE TURRET B44 2
DAMAGE COMBAT A1 4
DAMAGE COMBAT A7 4
DAMAGE COMBAT A9 6
DAMAGE COMBAT A29 6
DAMAGE COMBAT A30 4
DAMAGE COMBAT B44 5
DAMAGE COMBAT B46 4
END TURN 276
TURN 277
COMMAND LEFT START
TRAIN 1
COMMAND LEFT END
COMMAND RIGHT START
TRAIN 3
COMMAND RIGHT END
TURN 277 RESULT
TIME LEFT 0 5 RIGHT 0 5
TRAIN A35 B129 B130 B131
MOVE A28 31
MOVE B43 69
MOVE B109 134
DAMAGE TURRET B46 2
DAMAGE COMBAT A30 2
DAMAGE COMBAT A31 6
DAMAGE COMBAT A32 6
DAMAGE COMBAT A33 6
DAMAGE COMBAT A34 3
DAMAGE COMBAT B46 2
DAMAGE COMBAT B50 4
END TURN 277
TURN 278
COMMAND LEFT START
COMMAND LEFT END
COMMAND RIGHT START
TRAIN 3
COMMAND RIGHT END
TURN 278 RESULT
TIME LEFT 0 5 RIGHT 0 5
TRAIN B132 B133 B134
MOVE A28 44
MOVE B43 55
MOVE B109 112
DAMAGE TURRET A28 2
DAMAGE TURRET B50 2
DAMAGE COMBAT A28 3
DAMAGE COMBAT A34 3
DAMAGE COMBAT A35 6
DAMAGE COMBAT B50 2
DAMAGE COMBAT B57 1
SIEGE A 0 13
END TURN 278
TURN 279
COMMAND LEFT START
COMMAND LEFT END
COMMAND RIGHT START
TRAIN 3
COMMAND RIGHT END
TURN 279 RESULT
TIME LEFT 0 5 RIGHT 0 5
TRAIN B135 B136 B137
MOVE B43 45
MOVE B109 97
DAMAGE TURRET A28 1
DAMAGE TURRET B51 2
DAMAGE COMBAT B57 1
SIEGE A 0 7
END TURN 279
RESULT RIGHT_WIN HQ_DESTROYED
