[LEFT ""]
[RIGHT ""]
MAP
191 13
-10963 -10755 -10373 -10617 -10381 -9679 -8708 -8474 -8407 -8161 -8234 -8708 -7579 -8396 -8643 -7202 -7283 -7238 -8137 -7045 -7146 -6511 -6547 -6527 -6110 -5913 -5882 -6241 -5925 -5579 -5589 -5511 -5295 -5082 -5236 -5588 -5794 -4627 -4708 -4316 -4464 -4331 -4218 -4377 -3951 -4160 -4069 -3875 -3812 -3759 -3618 -3643 -3263 -3071 -3079 -3066 -2934 -2896 -2815 -2714 -2709 -2547 -2696 -2584 -2495 -2110 -2051 -1903 -1894 -1666 -1714 -1742 -1763 -1822 -1509 -1626 -1382 -1304 -1351 -1226 -887 -907 -813 -827 -799 -739 -660 -731 -518 -332 -144 -175 -10 68 -65 0 65 -68 10 175 144 332 518 731 660 739 799 827 813 907 887 1226 1351 1304 1382 1626 1509 1822 1763 1742 1714 1666 1894 1903 2051 2110 2495 2584 2696 2547 2709 2714 2815 2896 2934 3066 3079 3071 3263 3643 3618 3759 3812 3875 4069 4160 3951 4377 4218 4331 4464 4316 4708 4627 5794 5588 5236 5082 5295 5511 5589 5579 5925 6241 5882 5913 6110 6527 6547 6511 7146 7045 8137 7238 7283 7202 8643 8396 7579 8708 8234 8161 8407 8474 8708 9679 10381 10617 10373 10755 10963
-182 1760 -1658 3292 -3454 4439 958 2106 -2143 3066 -475 6753 -1507 -4178 -5590 -2772 727 2689 -7445 5070 3866 1787 -4128 -957 -5075 3822 -5898 6908 -7080 103 -2509 2669 -4321 -7556 5173 -9571 9435 2444 6794 -2142 -5269 3945 7738 431 4895 -6557 -3894 6023 -990 1189 2132 -9474 10597 3358 -4678 -6841 -5596 6927 70 8468 5433 1571 -3321 -9185 -1937 -7094 -7923 -192 -6085 5129 1868 -3907 7625 3702 -1228 -10677 9959 6497 -4903 -2533 -6033 -7290 1707 -3770 4487 -394 -8271 3325 7836 -1664 6636 10252 2758 -5308 -4049 0 4049 5308 -2758 -10252 -6636 1664 -7836 -3325 8271 394 -4487 3770 -1707 7290 6033 2533 4903 -6497 -9959 10677 1228 -3702 -7625 3907 -1868 -5129 6085 192 7923 7094 1937 9185 3321 -1571 -5433 -8468 -70 -6927 5596 6841 4678 -3358 -10597 9474 -2132 -1189 990 -6023 3894 6557 -4895 -431 -7738 -3945 5269 2142 -6794 -2444 -9435 9571 -5173 7556 4321 -2669 2509 -103 7080 -6908 5898 -3822 5075 957 4128 -1787 -3866 -5070 7445 -2689 -727 2772 5590 4178 1507 -6753 475 -3066 2143 -2106 -958 -4439 3454 -3292 1658 -1760 182
STRONGHOLDS 1 4 52 54 60 72 95 118 130 136 138 186 189
4 1 2 6 10
4 0 3 6 7
4 0 4 8 10
4 1 5 7 9
4 2 8 13 14
5 3 9 11 19 20
5 0 1 7 10 16
6 1 3 6 9 16 17
6 2 4 10 12 13 15
5 3 5 7 17 20
7 0 2 6 8 12 16 23
4 5 19 27 36
4 8 10 15 23
5 4 8 14 15 22
6 4 13 18 22 24 26
6 8 12 13 22 23 30
7 6 7 10 17 21 23 29
7 7 9 16 20 21 25 31
4 14 26 28 35
6 5 11 20 25 27 34
5 5 9 17 19 25
5 16 17 29 31 37
6 13 14 15 24 30 32
7 10 12 15 16 29 30 39
5 14 22 26 32 40
6 17 19 20 31 34 41
6 14 18 24 28 40 45
6 11 19 34 36 38 42
5 18 26 33 35 45
7 16 21 23 37 39 43 48
6 15 22 23 32 39 46
5 17 21 25 37 41
5 22 24 30 40 46
5 28 35 45 51 55
7 19 25 27 38 41 44 47
4 18 28 33 51
4 11 27 42 52
8 21 29 31 41 43 49 50 53
4 27 34 42 47
7 23 29 30 46 48 62 64
7 24 26 32 45 46 54 56
6 25 31 34 37 44 53
7 27 36 38 47 52 57 59
5 29 37 48 49 58
5 34 41 47 53 60
6 26 28 33 40 55 56
6 30 32 39 40 54 62
6 34 38 42 44 57 60
5 29 39 43 58 64
5 37 43 50 58 61
4 37 49 53 61
5 33 35 55 63 75
4 36 42 59 76
8 37 41 44 50 60 61 70 73
6 40 46 56 62 71 78
8 33 45 51 56 63 65 66 68
6 40 45 54 55 68 78
6 42 47 59 60 72 77
6 43 48 49 61 64 67
5 42 52 57 72 76
7 44 47 53 57 69 73 77
6 49 50 53 58 67 70
6 39 46 54 64 71 79
5 51 55 66 75 86
7 39 48 58 62 67 74 79
4 55 66 68 81
5 55 63 65 81 86
7 58 61 64 70 74 82 85
6 55 56 65 78 80 81
5 60 73 77 84 97
6 53 61 67 73 82 87
5 54 62 78 79 83
5 57 59 76 77 88
6 53 60 69 70 84 87
5 64 67 79 85 89
4 51 63 86 99
5 52 59 72 88 91
7 57 60 69 72 88 90 97
8 54 56 68 71 80 83 93 94
7 62 64 71 74 83 89 98
5 68 78 81 93 100
7 65 66 68 80 86 100 102
7 67 70 85 87 92 95 101
5 71 78 79 94 98
5 69 73 87 96 97
5 67 74 82 89 95
6 63 66 75 81 99 102
6 70 73 82 84 92 96
7 72 76 77 90 91 104 109
6 74 79 85 95 98 108
5 77 88 97 109 110
4 76 88 104 115
6 82 87 96 101 107 111
7 78 80 94 100 106 113 121
6 78 83 93 98 103 106
6 82 85 89 101 105 108
6 84 87 92 97 107 112
7 69 77 84 90 96 110 112
6 79 83 89 94 103 108
4 75 86 102 114
5 80 81 93 102 113
6 82 92 95 105 111 116
7 81 86 99 100 113 114 118
6 94 98 106 108 117 120
6 88 91 109 115 124 127
5 95 101 108 116 123
5 93 94 103 117 121
5 92 96 111 112 119
7 89 95 98 103 105 120 123
7 88 90 104 110 122 124 125
5 90 97 109 112 122
7 92 101 107 116 119 126 128
8 96 97 107 110 119 122 134 136
7 93 100 102 118 121 130 133
5 99 102 118 131 138
4 91 104 127 139
5 101 105 111 123 126
6 103 106 120 121 130 137
5 102 113 114 131 133
5 107 111 112 128 136
6 103 108 117 123 129 137
5 93 106 113 117 130
6 109 110 112 125 134 135
7 105 108 116 120 126 129 132
5 104 109 125 127 135
4 109 122 124 135
7 111 116 123 128 132 142 151
5 104 115 124 135 139
6 111 119 126 136 144 151
6 120 123 132 137 140 141
7 113 117 121 133 137 143 146
5 114 118 133 138 148
6 123 126 129 141 142 147
6 113 118 130 131 143 148
6 112 122 135 136 145 150
8 122 124 125 127 134 139 145 157
6 112 119 128 134 144 150
8 117 120 129 130 140 146 149 153
4 114 131 148 154
5 115 127 135 155 157
4 129 137 141 153
5 129 132 140 147 153
5 126 132 147 151 161
6 130 133 146 148 152 156
6 128 136 150 151 158 160
6 134 135 150 157 162 164
5 130 137 143 149 156
5 132 141 142 153 161
7 131 133 138 143 152 154 163
6 137 146 153 156 159 165
7 134 136 144 145 158 164 166
7 126 128 142 144 160 161 167
4 143 148 156 163
8 137 140 141 147 149 159 161 169
4 138 148 163 179
4 139 157 162 172
7 143 146 149 152 163 165 171
5 135 139 145 155 162
5 144 150 160 166 168
5 149 153 165 169 173
6 144 151 158 167 168 175
7 142 147 151 153 167 169 174
5 145 155 157 164 172
6 148 152 154 156 171 179
6 145 150 162 166 172 176
6 149 156 159 170 171 173
5 150 158 164 168 176
7 151 160 161 174 175 178 180
6 158 160 166 175 176 177
5 153 159 161 173 174
5 165 171 173 181 185
6 156 163 165 170 179 185
4 155 162 164 176
7 159 165 169 170 174 181 183
7 161 167 169 173 180 183 184
6 160 167 168 177 178 182
6 164 166 168 172 177 186
5 168 175 176 182 186
4 167 175 180 182
4 154 163 171 185
7 167 174 178 182 184 188 190
5 170 173 183 185 187
6 175 177 178 180 186 188
6 173 174 181 184 187 189
5 174 180 183 189 190
5 170 171 179 181 187
4 176 177 182 188
4 181 183 185 189
4 180 182 186 190
4 183 184 187 190
4 180 184 188 189
END MAP
TURN 1
COMMAND LEFT START
MOVE A1 1
MOVE A2 95
COMMAND LEFT END
COMMAND RIGHT START
TRAIN 1
COMMAND RIGHT END
TURN 1 RESULT
TIME LEFT 5 5 RIGHT 3 5
TRAIN B4
MOVE A1 1
MOVE A2 6
END TURN 1
TURN 2
COMMAND LEFT START
UPGRADE 1
COMMAND LEFT END
COMMAND RIGHT START
TRAIN 1
COMMAND RIGHT END
TURN 2 RESULT
TIME LEFT 0 5 RIGHT 0 5
UPGRADE A 1
TRAIN B5
MOVE A2 16
END TURN 2
TURN 3
COMMAND LEFT START
COMMAND LEFT END
COMMAND RIGHT START
TRAIN 1
COMMAND RIGHT END
TURN 3 RESULT
TIME LEFT 0 5 RIGHT 0 5
TRAIN B6
MOVE A2 29
END TURN 3
TURN 4
COMMAND LEFT START
COMMAND LEFT END
COMMAND RIGHT START
TRAIN 1
COMMAND RIGHT END
TURN 4 RESULT
TIME LEFT 0 5 RIGHT 0 5
TRAIN B7
MOVE A2 43
END TURN 4
TURN 5
COMMAND LEFT START
COMMAND LEFT END
COMMAND RIGHT START
MOVE B1 0
MOVE B2 0
MOVE B3 0
MOVE B4 0
MOVE B5 0
MOVE B6 0
MOVE B7 0
TRAIN 1
COMMAND RIGHT END
TURN 5 RESULT
TIME LEFT 0 5 RIGHT 0 5
TRAIN B8
MOVE A2 58
MOVE B1 184
MOVE B2 184
MOVE B3 184
MOVE B4 184
MOVE B5 184
MOVE B6 184
MOVE B7 184
END TURN 5
TURN 6
COMMAND LEFT START
COMMAND LEFT END
COMMAND RIGHT START
COMMAND RIGHT END
TURN 6 RESULT
TIME LEFT 0 5 RIGHT 0 5
MOVE A2 67
MOVE B1 174
MOVE B2 174
MOVE B3 174
MOVE B4 174
MOVE B5 174
MOVE B6 174
MOVE B7 174
END TURN 6
TURN 7
COMMAND LEFT START
COMMAND LEFT END
COMMAND RIGHT START
COMMAND RIGHT END
TURN 7 RESULT
TIME LEFT 0 5 RIGHT 0 5
MOVE A2 85
MOVE B1 161
MOVE B2 161
MOVE B3 161
MOVE B4 161
MOVE B5 161
MOVE B6 161
MOVE B7 161
END TURN 7
TURN 8
COMMAND LEFT START
COMMAND LEFT END
COMMAND RIGHT START
COMMAND RIGHT END
TURN 8 RESULT
TIME LEFT 0 5 RIGHT 0 5
MOVE A2 95
MOVE B1 147
MOVE B2 147
MOVE B3 147
MOVE B4 147
MOVE B5 147
MOVE B6 147
MOVE B7 147
END TURN 8
TURN 9
COMMAND LEFT START
COMMAND LEFT END
COMMAND RIGHT START
COMMAND RIGHT END
TURN 9 RESULT
TIME LEFT 0 5 RIGHT 0 5
MOVE B1 132
MOVE B2 132
MOVE B3 132
MOVE B4 132
MOVE B5 132
MOVE B6 132
MOVE B7 132
END TURN 9
TURN 10
COMMAND LEFT START
COMMAND LEFT END
COMMAND RIGHT START
COMMAND RIGHT END
TURN 10 RESULT
TIME LEFT 0 5 RIGHT 0 5
MOVE B1 123
MOVE B2 123
MOVE B3 123
MOVE B4 123
MOVE B5 123
MOVE B6 123
MOVE B7 123
END TURN 10
TURN 11
COMMAND LEFT START
TRAIN 1
COMMAND LEFT END
COMMAND RIGHT START
COMMAND RIGHT END
TURN 11 RESULT
TIME LEFT 0 5 RIGHT 0 5
TRAIN A4
MOVE B1 105
MOVE B2 105
MOVE B3 105
MOVE B4 105
MOVE B5 105
MOVE B6 105
MOVE B7 105
END TURN 11
TURN 12
COMMAND LEFT START
TRAIN 1
COMMAND LEFT END
COMMAND RIGHT START
COMMAND RIGHT END
TURN 12 RESULT
TIME LEFT 0 5 RIGHT 0 5
TRAIN A5
MOVE B1 95
MOVE B2 95
MOVE B3 95
MOVE B4 95
MOVE B5 95
MOVE B6 95
MOVE B7 95
DAMAGE COMBAT A2 4
DAMAGE COMBAT B1 1
END TURN 12
TURN 13
COMMAND LEFT START
COMMAND LEFT END
COMMAND RIGHT START
COMMAND RIGHT END
TURN 13 RESULT
TIME LEFT 0 5 RIGHT 0 5
MOVE B1 85
MOVE B2 85
MOVE B3 85
MOVE B4 85
MOVE B5 85
MOVE B6 85
MOVE B7 85
END TURN 13
TURN 14
COMMAND LEFT START
COMMAND LEFT END
COMMAND RIGHT START
COMMAND RIGHT END
TURN 14 RESULT
TIME LEFT 0 5 RIGHT 0 5
MOVE B1 67
MOVE B2 67
MOVE B3 67
MOVE B4 67
MOVE B5 67
MOVE B6 67
MOVE B7 67
END TURN 14
TURN 15
COMMAND LEFT START
COMMAND LEFT END
COMMAND RIGHT START
COMMAND RIGHT END
TURN 15 RESULT
TIME LEFT 0 5 RIGHT 0 5
MOVE B1 58
MOVE B2 58
MOVE B3 58
MOVE B4 58
MOVE B5 58
MOVE B6 58
MOVE B7 58
END TURN 15
TURN 16
COMMAND LEFT START
COMMAND LEFT END
COMMAND RIGHT START
COMMAND RIGHT END
TURN 16 RESULT
TIME LEFT 0 5 RIGHT 0 5
MOVE B1 43
MOVE B2 43
MOVE B3 43
MOVE B4 43
MOVE B5 43
MOVE B6 43
MOVE B7 43
END TURN 16
TURN 17
COMMAND LEFT START
COMMAND LEFT END
COMMAND RIGHT START
COMMAND RIGHT END
TURN 17 RESULT
TIME LEFT 0 5 RIGHT 0 5
MOVE B1 29
MOVE B2 29
MOVE B3 29
MOVE B4 29
MOVE B5 29
MOVE B6 29
MOVE B7 29
END TURN 17
TURN 18
COMMAND LEFT START
COMMAND LEFT END
COMMAND RIGHT START
COMMAND RIGHT END
TURN 18 RESULT
TIME LEFT 0 5 RIGHT 0 5
MOVE B1 16
MOVE B2 16
MOVE B3 16
MOVE B4 16
MOVE B5 16
MOVE B6 16
MOVE B7 16
END TURN 18
TURN 19
COMMAND LEFT START
TRAIN 1
COMMAND LEFT END
COMMAND RIGHT START
COMMAND RIGHT END
TURN 19 RESULT
TIME LEFT 0 5 RIGHT 0 5
TRAIN A6
MOVE B1 6
MOVE B2 6
MOVE B3 6
MOVE B4 6
MOVE B5 6
MOVE B6 6
MOVE B7 6
END TURN 19
TURN 20
COMMAND LEFT START
MOVE A1 0
TRAIN 1
COMMAND LEFT END
COMMAND RIGHT START
COMMAND RIGHT END
TURN 20 RESULT
TIME LEFT 0 5 RIGHT 0 5
TRAIN A7
MOVE A1 0
MOVE B1 0
MOVE B2 0
MOVE B3 0
MOVE B4 0
MOVE B5 0
MOVE B6 0
MOVE B7 0
DAMAGE TURRET B1 1
DAMAGE COMBAT A1 4
DAMAGE COMBAT A3 3
DAMAGE COMBAT B1 2
DAMAGE COMBAT B2 4
END TURN 20
TURN 21
COMMAND LEFT START
TRAIN 1
COMMAND LEFT END
COMMAND RIGHT START
COMMAND RIGHT END
TURN 21 RESULT
TIME LEFT 0 5 RIGHT 0 5
TRAIN A8
DAMAGE TURRET B3 1
DAMAGE COMBAT A3 1
DAMAGE COMBAT A4 4
DAMAGE COMBAT B3 3
DAMAGE COMBAT B4 3
END TURN 21
TURN 22
COMMAND LEFT START
COMMAND LEFT END
COMMAND RIGHT START
COMMAND RIGHT END
TURN 22 RESULT
TIME LEFT 0 5 RIGHT 0 5
DAMAGE TURRET B4 1
DAMAGE COMBAT A5 4
DAMAGE COMBAT B5 4
END TURN 22
TURN 23
COMMAND LEFT START
COMMAND LEFT END
COMMAND RIGHT START
COMMAND RIGHT END
TURN 23 RESULT
TIME LEFT 0 5 RIGHT 0 5
DAMAGE TURRET B6 1
DAMAGE COMBAT A6 2
DAMAGE COMBAT B6 3
END TURN 23
TURN 24
COMMAND LEFT START
COMMAND LEFT END
COMMAND RIGHT START
COMMAND RIGHT END
TURN 24 RESULT
TIME LEFT 2 5 RIGHT 2 5
DAMAGE TURRET B7 1
DAMAGE COMBAT A6 1
DAMAGE COMBAT B7 3
END TURN 24
TURN 25
COMMAND LEFT START
MOVE A6 1
COMMAND LEFT END
COMMAND RIGHT START
COMMAND RIGHT END
TURN 25 RESULT
TIME LEFT 0 5 RIGHT 0 5
MOVE A6 1
END TURN 25
TURN 26
COMMAND LEFT START
COMMAND LEFT END
COMMAND RIGHT START
COMMAND RIGHT END
TURN 26 RESULT
TIME LEFT 0 5 RIGHT 0 5
END TURN 26
TURN 27
COMMAND LEFT START
COMMAND LEFT END
COMMAND RIGHT START
COMMAND RIGHT END
TURN 27 RESULT
TIME LEFT 0 5 RIGHT 0 5
END TURN 27
TURN 28
COMMAND LEFT START
COMMAND LEFT END
COMMAND RIGHT START
COMMAND RIGHT END
TURN 28 RESULT
TIME LEFT 0 5 RIGHT 0 5
END TURN 28
TURN 29
COMMAND LEFT START
COMMAND LEFT END
COMMAND RIGHT START
COMMAND RIGHT END
TURN 29 RESULT
TIME LEFT 0 5 RIGHT 0 5
END TURN 29
TURN 30
COMMAND LEFT START
COMMAND LEFT END
COMMAND RIGHT START
COMMAND RIGHT END
TURN 30 RESULT
TIME LEFT 0 5 RIGHT 0 5
END TURN 30
TURN 31
COMMAND LEFT START
COMMAND LEFT END
COMMAND RIGHT START
COMMAND RIGHT END
TURN 31 RESULT
TIME LEFT 0 5 RIGHT 0 5
END TURN 31
TURN 32
COMMAND LEFT START
COMMAND LEFT END
COMMAND RIGHT START
COMMAND RIGHT END
TURN 32 RESULT
TIME LEFT 0 5 RIGHT 0 5
END TURN 32
TURN 33
COMMAND LEFT START
COMMAND LEFT END
COMMAND RIGHT START
COMMAND RIGHT END
TURN 33 RESULT
TIME LEFT 0 5 RIGHT 0 5
END TURN 33
TURN 34
COMMAND LEFT START
COMMAND LEFT END
COMMAND RIGHT START
COMMAND RIGHT END
TURN 34 RESULT
TIME LEFT 0 5 RIGHT 0 5
END TURN 34
TURN 35
COMMAND LEFT START
COMMAND LEFT END
COMMAND RIGHT START
COMMAND RIGHT END
TURN 35 RESULT
TIME LEFT 0 5 RIGHT 0 5
END TURN 35
TURN 36
COMMAND LEFT START
COMMAND LEFT END
COMMAND RIGHT START
COMMAND RIGHT END
TURN 36 RESULT
TIME LEFT 0 5 RIGHT 0 5
END TURN 36
TURN 37
COMMAND LEFT START
COMMAND LEFT END
COMMAND RIGHT START
COMMAND RIGHT END
TURN 37 RESULT
TIME LEFT 0 5 RIGHT 0 5
END TURN 37
TURN 38
COMMAND LEFT START
COMMAND LEFT END
COMMAND RIGHT START
COMMAND RIGHT END
TURN 38 RESULT
TIME LEFT 0 5 RIGHT 0 5
END TURN 38
TURN 39
COMMAND LEFT START
COMMAND LEFT END
COMMAND RIGHT START
COMMAND RIGHT END
TURN 39 RESULT
TIME LEFT 0 5 RIGHT 0 5
END TURN 39
TURN 40
COMMAND LEFT START
COMMAND LEFT END
COMMAND RIGHT START
COMMAND RIGHT END
TURN 40 RESULT
TIME LEFT 0 5 RIGHT 0 5
END TURN 40
TURN 41
COMMAND LEFT START
MOVE A8 4
COMMAND LEFT END
COMMAND RIGHT START
COMMAND RIGHT END
TURN 41 RESULT
TIME LEFT 0 5 RIGHT 0 5
MOVE A8 2
END TURN 41
TURN 42
COMMAND LEFT START
COMMAND LEFT END
COMMAND RIGHT START
COMMAND RIGHT END
TURN 42 RESULT
TIME LEFT 0 5 RIGHT 0 5
MOVE A8 4
END TURN 42
TURN 43
COMMAND LEFT START
UPGRADE 4
COMMAND LEFT END
COMMAND RIGHT START
COMMAND RIGHT END
TURN 43 RESULT
TIME LEFT 0 5 RIGHT 0 5
UPGRADE A 4
END TURN 43
TURN 44
COMMAND LEFT START
COMMAND LEFT END
COMMAND RIGHT START
COMMAND RIGHT END
TURN 44 RESULT
TIME LEFT 0 5 RIGHT 0 5
END TURN 44
TURN 45
COMMAND LEFT START
COMMAND LEFT END
COMMAND RIGHT START
COMMAND RIGHT END
TURN 45 RESULT
TIME LEFT 0 5 RIGHT 0 5
END TURN 45
TURN 46
COMMAND LEFT START
TRAIN 1
COMMAND LEFT END
COMMAND RIGHT START
COMMAND RIGHT END
TURN 46 RESULT
TIME LEFT 0 5 RIGHT 0 5
TRAIN A9
END TURN 46
TURN 47
COMMAND LEFT START
COMMAND LEFT END
COMMAND RIGHT START
COMMAND RIGHT END
TURN 47 RESULT
TIME LEFT 0 5 RIGHT 0 5
END TURN 47
TURN 48
COMMAND LEFT START
COMMAND LEFT END
COMMAND RIGHT START
COMMAND RIGHT END
TURN 48 RESULT
TIME LEFT 0 5 RIGHT 0 5
END TURN 48
TURN 49
COMMAND LEFT START
COMMAND LEFT END
COMMAND RIGHT START
COMMAND RIGHT END
TURN 49 RESULT
TIME LEFT 0 5 RIGHT 0 5
END TURN 49
TURN 50
COMMAND LEFT START
COMMAND LEFT END
COMMAND RIGHT START
COMMAND RIGHT END
TURN 50 RESULT
TIME LEFT 0 5 RIGHT 0 5
END TURN 50
TURN 51
COMMAND LEFT START
COMMAND LEFT END
COMMAND RIGHT START
COMMAND RIGHT END
TURN 51 RESULT
TIME LEFT 0 5 RIGHT 0 5
END TURN 51
TURN 52
COMMAND LEFT START
COMMAND LEFT END
COMMAND RIGHT START
COMMAND RIGHT END
TURN 52 RESULT
TIME LEFT 0 5 RIGHT 0 5
END TURN 52
TURN 53
COMMAND LEFT START
COMMAND LEFT END
COMMAND RIGHT START
COMMAND RIGHT END
TURN 53 RESULT
TIME LEFT 0 5 RIGHT 0 5
END TURN 53
TURN 54
COMMAND LEFT START
COMMAND LEFT END
COMMAND RIGHT START
COMMAND RIGHT END
TURN 54 RESULT
TIME LEFT 0 5 RIGHT 0 5
END TURN 54
TURN 55
COMMAND LEFT START
COMMAND LEFT END
COMMAND RIGHT START
COMMAND RIGHT END
TURN 55 RESULT
TIME LEFT 0 5 RIGHT 0 5
END TURN 55
TURN 56
COMMAND LEFT START
COMMAND LEFT END
COMMAND RIGHT START
COMMAND RIGHT END
TURN 56 RESULT
TIME LEFT 0 5 RIGHT 0 5
END TURN 56
TURN 57
COMMAND LEFT START
COMMAND LEFT END
COMMAND RIGHT START
COMMAND RIGHT END
TURN 57 RESULT
TIME LEFT 0 5 RIGHT 0 5
END TURN 57
TURN 58
COMMAND LEFT START
COMMAND LEFT END
COMMAND RIGHT START
COMMAND RIGHT END
TURN 58 RESULT
TIME LEFT 0 5 RIGHT 0 5
END TURN 58
TURN 59
COMMAND LEFT START
COMMAND LEFT END
COMMAND RIGHT START
COMMAND RIGHT END
TURN 59 RESULT
TIME LEFT 0 5 RIGHT 0 5
END TURN 59
TURN 60
COMMAND LEFT START
COMMAND LEFT END
COMMAND RIGHT START
COMMAND RIGHT END
TURN 60 RESULT
TIME LEFT 1 5 RIGHT 1 5
END TURN 60
TURN 61
COMMAND LEFT START
COMMAND LEFT END
COMMAND RIGHT START
COMMAND RIGHT END
TURN 61 RESULT
TIME LEFT 0 5 RIGHT 0 5
END TURN 61
TURN 62
COMMAND LEFT START
UPGRADE 0
COMMAND LEFT END
COMMAND RIGHT START
COMMAND RIGHT END
TURN 62 RESULT
TIME LEFT 0 5 RIGHT 0 5
UPGRADE A 0
END TURN 62
TURN 63
COMMAND LEFT START
COMMAND LEFT END
COMMAND RIGHT START
COMMAND RIGHT END
TURN 63 RESULT
TIME LEFT 0 5 RIGHT 0 5
END TURN 63
TURN 64
COMMAND LEFT START
COMMAND LEFT END
COMMAND RIGHT START
COMMAND RIGHT END
TURN 64 RESULT
TIME LEFT 0 5 RIGHT 0 5
END TURN 64
TURN 65
COMMAND LEFT START
COMMAND LEFT END
COMMAND RIGHT START
COMMAND RIGHT END
TURN 65 RESULT
TIME LEFT 0 5 RIGHT 0 5
END TURN 65
TURN 66
COMMAND LEFT START
COMMAND LEFT END
COMMAND RIGHT START
COMMAND RIGHT END
TURN 66 RESULT
TIME LEFT 0 5 RIGHT 0 5
END TURN 66
TURN 67
COMMAND LEFT START
COMMAND LEFT END
COMMAND RIGHT START
COMMAND RIGHT END
TURN 67 RESULT
TIME LEFT 0 5 RIGHT 0 5
END TURN 67
TURN 68
COMMAND LEFT START
COMMAND LEFT END
COMMAND RIGHT START
COMMAND RIGHT END
TURN 68 RESULT
TIME LEFT 0 5 RIGHT 0 5
END TURN 68
TURN 69
COMMAND LEFT START
COMMAND LEFT END
COMMAND RIGHT START
COMMAND RIGHT END
TURN 69 RESULT
TIME LEFT 0 5 RIGHT 0 5
END TURN 69
TURN 70
COMMAND LEFT START
COMMAND LEFT END
COMMAND RIGHT START
COMMAND RIGHT END
TURN 70 RESULT
TIME LEFT 0 5 RIGHT 0 5
END TURN 70
TURN 71
COMMAND LEFT START
COMMAND LEFT END
COMMAND RIGHT START
COMMAND RIGHT END
TURN 71 RESULT
TIME LEFT 0 5 RIGHT 0 5
END TURN 71
TURN 72
COMMAND LEFT START
COMMAND LEFT END
COMMAND RIGHT START
COMMAND RIGHT END
TURN 72 RESULT
TIME LEFT 0 5 RIGHT 0 5
END TURN 72
TURN 73
COMMAND LEFT START
UPGRADE 1
COMMAND LEFT END
COMMAND RIGHT START
COMMAND RIGHT END
TURN 73 RESULT
TIME LEFT 0 5 RIGHT 0 5
UPGRADE A 1
END TURN 73
TURN 74
COMMAND LEFT START
COMMAND LEFT END
COMMAND RIGHT START
COMMAND RIGHT END
TURN 74 RESULT
TIME LEFT 0 5 RIGHT 0 5
END TURN 74
TURN 75
COMMAND LEFT START
TRAIN 1
COMMAND LEFT END
COMMAND RIGHT START
COMMAND RIGHT END
TURN 75 RESULT
TIME LEFT 0 5 RIGHT 0 5
TRAIN A10
END TURN 75
TURN 76
COMMAND LEFT START
MOVE A7 1
COMMAND LEFT END
COMMAND RIGHT START
COMMAND RIGHT END
TURN 76 RESULT
TIME LEFT 0 5 RIGHT 0 5
MOVE A7 1
END TURN 76
TURN 77
COMMAND LEFT START
COMMAND LEFT END
COMMAND RIGHT START
COMMAND RIGHT END
TURN 77 RESULT
TIME LEFT 0 5 RIGHT 0 5
END TURN 77
TURN 78
COMMAND LEFT START
COMMAND LEFT END
COMMAND RIGHT START
COMMAND RIGHT END
TURN 78 RESULT
TIME LEFT 0 5 RIGHT 0 5
END TURN 78
TURN 79
COMMAND LEFT START
COMMAND LEFT END
COMMAND RIGHT START
COMMAND RIGHT END
TURN 79 RESULT
TIME LEFT 0 5 RIGHT 0 5
END TURN 79
TURN 80
COMMAND LEFT START
COMMAND LEFT END
COMMAND RIGHT START
COMMAND RIGHT END
TURN 80 RESULT
TIME LEFT 0 5 RIGHT 0 5
END TURN 80
TURN 81
COMMAND LEFT START
COMMAND LEFT END
COMMAND RIGHT START
COMMAND RIGHT END
TURN 81 RESULT
TIME LEFT 0 5 RIGHT 0 5
END TURN 81
TURN 82
COMMAND LEFT START
COMMAND LEFT END
COMMAND RIGHT START
COMMAND RIGHT END
TURN 82 RESULT
TIME LEFT 0 5 RIGHT 0 5
END TURN 82
TURN 83
COMMAND LEFT START
COMMAND LEFT END
COMMAND RIGHT START
COMMAND RIGHT END
TURN 83 RESULT
TIME LEFT 0 5 RIGHT 0 5
END TURN 83
TURN 84
COMMAND LEFT START
UPGRADE 4
COMMAND LEFT END
COMMAND RIGHT START
COMMAND RIGHT END
TURN 84 RESULT
TIME LEFT 0 5 RIGHT 0 5
UPGRADE A 4
END TURN 84
TURN 85
COMMAND LEFT START
COMMAND LEFT END
COMMAND RIGHT START
COMMAND RIGHT END
TURN 85 RESULT
TIME LEFT 0 5 RIGHT 0 5
END TURN 85
TURN 86
COMMAND LEFT START
TRAIN 1
COMMAND LEFT END
COMMAND RIGHT START
COMMAND RIGHT END
TURN 86 RESULT
TIME LEFT 0 5 RIGHT 0 5
TRAIN A11
END TURN 86
TURN 87
COMMAND LEFT START
MOVE A9 4
COMMAND LEFT END
COMMAND RIGHT START
COMMAND RIGHT END
TURN 87 RESULT
TIME LEFT 0 5 RIGHT 0 5
MOVE A9 2
END TURN 87
TURN 88
COMMAND LEFT START
COMMAND LEFT END
COMMAND RIGHT START
COMMAND RIGHT END
TURN 88 RESULT
TIME LEFT 0 5 RIGHT 0 5
MOVE A9 4
END TURN 88
TURN 89
COMMAND LEFT START
COMMAND LEFT END
COMMAND RIGHT START
COMMAND RIGHT END
TURN 89 RESULT
TIME LEFT 0 5 RIGHT 0 5
END TURN 89
TURN 90
COMMAND LEFT START
COMMAND LEFT END
COMMAND RIGHT START
COMMAND RIGHT END
TURN 90 RESULT
TIME LEFT 0 5 RIGHT 0 5
END TURN 90
TURN 91
COMMAND LEFT START
COMMAND LEFT END
COMMAND RIGHT START
COMMAND RIGHT END
TURN 91 RESULT
TIME LEFT 0 5 RIGHT 0 5
END TURN 91
TURN 92
COMMAND LEFT START
COMMAND LEFT END
COMMAND RIGHT START
COMMAND RIGHT END
TURN 92 RESULT
TIME LEFT 0 5 RIGHT 0 5
END TURN 92
TURN 93
COMMAND LEFT START
COMMAND LEFT END
COMMAND RIGHT START
COMMAND RIGHT END
TURN 93 RESULT
TIME LEFT 0 5 RIGHT 0 5
END TURN 93
TURN 94
COMMAND LEFT START
COMMAND LEFT END
COMMAND RIGHT START
COMMAND RIGHT END
TURN 94 RESULT
TIME LEFT 0 5 RIGHT 0 5
END TURN 94
TURN 95
COMMAND LEFT START
COMMAND LEFT END
COMMAND RIGHT START
COMMAND RIGHT END
TURN 95 RESULT
TIME LEFT 0 5 RIGHT 0 5
END TURN 95
TURN 96
COMMAND LEFT START
COMMAND LEFT END
COMMAND RIGHT START
COMMAND RIGHT END
TURN 96 RESULT
TIME LEFT 0 5 RIGHT 0 5
END TURN 96
TURN 97
COMMAND LEFT START
COMMAND LEFT END
COMMAND RIGHT START
COMMAND RIGHT END
TURN 97 RESULT
TIME LEFT 0 5 RIGHT 0 5
END TURN 97
TURN 98
COMMAND LEFT START
COMMAND LEFT END
COMMAND RIGHT START
COMMAND RIGHT END
TURN 98 RESULT
TIME LEFT 0 5 RIGHT 0 5
END TURN 98
TURN 99
COMMAND LEFT START
UPGRADE 0
COMMAND LEFT END
COMMAND RIGHT START
COMMAND RIGHT END
TURN 99 RESULT
TIME LEFT 0 5 RIGHT 0 5
UPGRADE A 0
END TURN 99
TURN 100
COMMAND LEFT START
COMMAND LEFT END
COMMAND RIGHT START
COMMAND RIGHT END
TURN 100 RESULT
TIME LEFT 0 5 RIGHT 0 5
END TURN 100
TURN 101
COMMAND LEFT START
TRAIN 1
COMMAND LEFT END
COMMAND RIGHT START
COMMAND RIGHT END
TURN 101 RESULT
TIME LEFT 0 5 RIGHT 0 5
TRAIN A12
END TURN 101
TURN 102
COMMAND LEFT START
COMMAND LEFT END
COMMAND RIGHT START
COMMAND RIGHT END
TURN 102 RESULT
TIME LEFT 0 5 RIGHT 0 5
END TURN 102
TURN 103
COMMAND LEFT START
COMMAND LEFT END
COMMAND RIGHT START
COMMAND RIGHT END
TURN 103 RESULT
TIME LEFT 0 5 RIGHT 0 5
END TURN 103
TURN 104
COMMAND LEFT START
COMMAND LEFT END
COMMAND RIGHT START
COMMAND RIGHT END
TURN 104 RESULT
TIME LEFT 0 5 RIGHT 0 5
END TURN 104
TURN 105
COMMAND LEFT START
COMMAND LEFT END
COMMAND RIGHT START
COMMAND RIGHT END
TURN 105 RESULT
TIME LEFT 0 5 RIGHT 0 5
END TURN 105
TURN 106
COMMAND LEFT START
COMMAND LEFT END
COMMAND RIGHT START
COMMAND RIGHT END
TURN 106 RESULT
TIME LEFT 0 5 RIGHT 0 5
END TURN 106
TURN 107
COMMAND LEFT START
UPGRADE 1
COMMAND LEFT END
COMMAND RIGHT START
COMMAND RIGHT END
TURN 107 RESULT
TIME LEFT 0 5 RIGHT 0 5
UPGRADE A 1
END TURN 107
TURN 108
COMMAND LEFT START
COMMAND LEFT END
COMMAND RIGHT START
COMMAND RIGHT END
TURN 108 RESULT
TIME LEFT 0 5 RIGHT 0 5
END TURN 108
TURN 109
COMMAND LEFT START
TRAIN 1
COMMAND LEFT END
COMMAND RIGHT START
COMMAND RIGHT END
TURN 109 RESULT
TIME LEFT 0 5 RIGHT 0 5
TRAIN A13
END TURN 109
TURN 110
COMMAND LEFT START
MOVE A10 1
COMMAND LEFT END
COMMAND RIGHT START
COMMAND RIGHT END
TURN 110 RESULT
TIME LEFT 0 5 RIGHT 0 5
MOVE A10 1
END TURN 110
TURN 111
COMMAND LEFT START
COMMAND LEFT END
COMMAND RIGHT START
COMMAND RIGHT END
TURN 111 RESULT
TIME LEFT 0 5 RIGHT 0 5
END TURN 111
TURN 112
COMMAND LEFT START
COMMAND LEFT END
COMMAND RIGHT START
COMMAND RIGHT END
TURN 112 RESULT
TIME LEFT 0 5 RIGHT 0 5
END TURN 112
TURN 113
COMMAND LEFT START
COMMAND LEFT END
COMMAND RIGHT START
COMMAND RIGHT END
TURN 113 RESULT
TIME LEFT 0 5 RIGHT 0 5
END TURN 113
TURN 114
COMMAND LEFT START
COMMAND LEFT END
COMMAND RIGHT START
COMMAND RIGHT END
TURN 114 RESULT
TIME LEFT 0 5 RIGHT 0 5
END TURN 114
TURN 115
COMMAND LEFT START
UPGRADE 4
COMMAND LEFT END
COMMAND RIGHT START
COMMAND RIGHT END
TURN 115 RESULT
TIME LEFT 0 5 RIGHT 0 5
UPGRADE A 4
END TURN 115
TURN 116
COMMAND LEFT START
TRAIN 1
COMMAND LEFT END
COMMAND RIGHT START
COMMAND RIGHT END
TURN 116 RESULT
TIME LEFT 0 5 RIGHT 0 5
TRAIN A14
END TURN 116
TURN 117
COMMAND LEFT START
MOVE A11 4
COMMAND LEFT END
COMMAND RIGHT START
COMMAND RIGHT END
TURN 117 RESULT
TIME LEFT 0 5 RIGHT 0 5
MOVE A11 2
END TURN 117
TURN 118
COMMAND LEFT START
COMMAND LEFT END
COMMAND RIGHT START
COMMAND RIGHT END
TURN 118 RESULT
TIME LEFT 0 5 RIGHT 0 5
MOVE A11 4
END TURN 118
TURN 119
COMMAND LEFT START
COMMAND LEFT END
COMMAND RIGHT START
COMMAND RIGHT END
TURN 119 RESULT
TIME LEFT 0 5 RIGHT 0 5
END TURN 119
TURN 120
COMMAND LEFT START
COMMAND LEFT END
COMMAND RIGHT START
COMMAND RIGHT END
TURN 120 RESULT
TIME LEFT 0 5 RIGHT 0 5
END TURN 120
TURN 121
COMMAND LEFT START
COMMAND LEFT END
COMMAND RIGHT START
COMMAND RIGHT END
TURN 121 RESULT
TIME LEFT 0 5 RIGHT 0 5
END TURN 121
TURN 122
COMMAND LEFT START
TRAIN 1
COMMAND LEFT END
COMMAND RIGHT START
COMMAND RIGHT END
TURN 122 RESULT
TIME LEFT 0 5 RIGHT 0 5
TRAIN A15
END TURN 122
TURN 123
COMMAND LEFT START
TRAIN 1
COMMAND LEFT END
COMMAND RIGHT START
COMMAND RIGHT END
TURN 123 RESULT
TIME LEFT 0 5 RIGHT 0 5
TRAIN A16
END TURN 123
TURN 124
COMMAND LEFT START
MOVE A16 54
COMMAND LEFT END
COMMAND RIGHT START
COMMAND RIGHT END
TURN 124 RESULT
TIME LEFT 0 5 RIGHT 0 5
MOVE A16 10
END TURN 124
TURN 125
COMMAND LEFT START
TRAIN 2
COMMAND LEFT END
COMMAND RIGHT START
COMMAND RIGHT END
TURN 125 RESULT
TIME LEFT 0 5 RIGHT 0 5
TRAIN A17 A18
MOVE A16 23
END TURN 125
TURN 126
COMMAND LEFT START
TRAIN 1
COMMAND LEFT END
COMMAND RIGHT START
COMMAND RIGHT END
TURN 126 RESULT
TIME LEFT 0 5 RIGHT 0 5
TRAIN A19
MOVE A16 30
END TURN 126
TURN 127
COMMAND LEFT START
TRAIN 1
COMMAND LEFT END
COMMAND RIGHT START
COMMAND RIGHT END
TURN 127 RESULT
TIME LEFT 0 5 RIGHT 0 5
TRAIN A20
MOVE A16 46
END TURN 127
TURN 128
COMMAND LEFT START
TRAIN 1
COMMAND LEFT END
COMMAND RIGHT START
COMMAND RIGHT END
TURN 128 RESULT
TIME LEFT 0 5 RIGHT 0 5
TRAIN A21
MOVE A16 54
END TURN 128
TURN 129
COMMAND LEFT START
UPGRADE 54
COMMAND LEFT END
COMMAND RIGHT START
COMMAND RIGHT END
TURN 129 RESULT
TIME LEFT 0 5 RIGHT 0 5
UPGRADE A 54
END TURN 129
TURN 130
COMMAND LEFT START
COMMAND LEFT END
COMMAND RIGHT START
COMMAND RIGHT END
TURN 130 RESULT
TIME LEFT 0 5 RIGHT 0 5
END TURN 130
TURN 131
COMMAND LEFT START
COMMAND LEFT END
COMMAND RIGHT START
COMMAND RIGHT END
TURN 131 RESULT
TIME LEFT 0 5 RIGHT 0 5
END TURN 131
TURN 132
COMMAND LEFT START
COMMAND LEFT END
COMMAND RIGHT START
COMMAND RIGHT END
TURN 132 RESULT
TIME LEFT 0 5 RIGHT 0 5
END TURN 132
TURN 133
COMMAND LEFT START
MOVE A21 60
COMMAND LEFT END
COMMAND RIGHT START
COMMAND RIGHT END
TURN 133 RESULT
TIME LEFT 0 5 RIGHT 0 5
MOVE A21 6
END TURN 133
TURN 134
COMMAND LEFT START
UPGRADE 54
COMMAND LEFT END
COMMAND RIGHT START
COMMAND RIGHT END
TURN 134 RESULT
TIME LEFT 0 5 RIGHT 0 5
UPGRADE A 54
MOVE A21 16
END TURN 134
TURN 135
COMMAND LEFT START
MOVE A12 54
COMMAND LEFT END
COMMAND RIGHT START
COMMAND RIGHT END
TURN 135 RESULT
TIME LEFT 0 5 RIGHT 0 5
MOVE A12 10
MOVE A21 21
END TURN 135
TURN 136
COMMAND LEFT START
COMMAND LEFT END
COMMAND RIGHT START
COMMAND RIGHT END
TURN 136 RESULT
TIME LEFT 0 5 RIGHT 0 5
MOVE A12 23
MOVE A21 31
END TURN 136
TURN 137
COMMAND LEFT START
COMMAND LEFT END
COMMAND RIGHT START
COMMAND RIGHT END
TURN 137 RESULT
TIME LEFT 0 5 RIGHT 0 5
MOVE A12 30
MOVE A21 41
END TURN 137
TURN 138
COMMAND LEFT START
UPGRADE 54
COMMAND LEFT END
COMMAND RIGHT START
COMMAND RIGHT END
TURN 138 RESULT
TIME LEFT 0 5 RIGHT 0 5
UPGRADE A 54
MOVE A12 46
MOVE A21 44
END TURN 138
TURN 139
COMMAND LEFT START
MOVE A13 54
COMMAND LEFT END
COMMAND RIGHT START
COMMAND RIGHT END
TURN 139 RESULT
TIME LEFT 0 5 RIGHT 0 5
MOVE A12 54
MOVE A13 10
MOVE A21 60
END TURN 139
TURN 140
COMMAND LEFT START
COMMAND LEFT END
COMMAND RIGHT START
COMMAND RIGHT END
TURN 140 RESULT
TIME LEFT 0 5 RIGHT 0 5
MOVE A13 23
END TURN 140
TURN 141
COMMAND LEFT START
MOVE A20 54
MOVE A19 54
MOVE A18 54
COMMAND LEFT END
COMMAND RIGHT START
COMMAND RIGHT END
TURN 141 RESULT
TIME LEFT 0 5 RIGHT 0 5
MOVE A13 30
MOVE A18 10
MOVE A19 10
MOVE A20 10
END TURN 141
TURN 142
COMMAND LEFT START
UPGRADE 60
COMMAND LEFT END
COMMAND RIGHT START
COMMAND RIGHT END
TURN 142 RESULT
TIME LEFT 0 5 RIGHT 0 5
UPGRADE A 60
MOVE A13 46
MOVE A18 23
MOVE A19 23
MOVE A20 23
END TURN 142
TURN 143
COMMAND LEFT START
COMMAND LEFT END
COMMAND RIGHT START
COMMAND RIGHT END
TURN 143 RESULT
TIME LEFT 0 5 RIGHT 0 5
MOVE A13 54
MOVE A18 30
MOVE A19 30
MOVE A20 30
END TURN 143
TURN 144
COMMAND LEFT START
COMMAND LEFT END
COMMAND RIGHT START
COMMAND RIGHT END
TURN 144 RESULT
TIME LEFT 0 5 RIGHT 0 5
MOVE A18 46
MOVE A19 46
MOVE A20 46
END TURN 144
TURN 145
COMMAND LEFT START
COMMAND LEFT END
COMMAND RIGHT START
COMMAND RIGHT END
TURN 145 RESULT
TIME LEFT 0 5 RIGHT 0 5
MOVE A18 54
MOVE A19 54
MOVE A20 54
END TURN 145
TURN 146
COMMAND LEFT START
MOVE A20 95
COMMAND LEFT END
COMMAND RIGHT START
COMMAND RIGHT END
TURN 146 RESULT
TIME LEFT 0 5 RIGHT 0 5
MOVE A20 71
END TURN 146
TURN 147
COMMAND LEFT START
UPGRADE 60
COMMAND LEFT END
COMMAND RIGHT START
COMMAND RIGHT END
TURN 147 RESULT
TIME LEFT 0 5 RIGHT 0 5
UPGRADE A 60
MOVE A20 79
END TURN 147
TURN 148
COMMAND LEFT START
MOVE A12 60
COMMAND LEFT END
COMMAND RIGHT START
COMMAND RIGHT END
TURN 148 RESULT
TIME LEFT 0 5 RIGHT 0 5
MOVE A12 62
MOVE A20 89
END TURN 148
TURN 149
COMMAND LEFT START
UPGRADE 60
COMMAND LEFT END
COMMAND RIGHT START
COMMAND RIGHT END
TURN 149 RESULT
TIME LEFT 0 5 RIGHT 0 5
UPGRADE A 60
MOVE A12 64
MOVE A20 95
END TURN 149
TURN 150
COMMAND LEFT START
MOVE A13 60
COMMAND LEFT END
COMMAND RIGHT START
COMMAND RIGHT END
TURN 150 RESULT
TIME LEFT 0 5 RIGHT 0 5
MOVE A12 58
MOVE A13 62
END TURN 150
TURN 151
COMMAND LEFT START
COMMAND LEFT END
COMMAND RIGHT START
COMMAND RIGHT END
TURN 151 RESULT
TIME LEFT 0 5 RIGHT 0 5
MOVE A12 61
MOVE A13 64
END TURN 151
TURN 152
COMMAND LEFT START
UPGRADE 95
COMMAND LEFT END
COMMAND RIGHT START
COMMAND RIGHT END
TURN 152 RESULT
TIME LEFT 0 5 RIGHT 0 5
UPGRADE A 95
MOVE A12 53
MOVE A13 58
END TURN 152
TURN 153
COMMAND LEFT START
COMMAND LEFT END
COMMAND RIGHT START
COMMAND RIGHT END
TURN 153 RESULT
TIME LEFT 0 5 RIGHT 0 5
MOVE A12 60
MOVE A13 61
END TURN 153
TURN 154
COMMAND LEFT START
COMMAND LEFT END
COMMAND RIGHT START
COMMAND RIGHT END
TURN 154 RESULT
TIME LEFT 0 5 RIGHT 0 5
MOVE A13 53
END TURN 154
TURN 155
COMMAND LEFT START
UPGRADE 95
COMMAND LEFT END
COMMAND RIGHT START
COMMAND RIGHT END
TURN 155 RESULT
TIME LEFT 0 5 RIGHT 0 5
UPGRADE A 95
MOVE A13 60
END TURN 155
TURN 156
COMMAND LEFT START
TRAIN 1
COMMAND LEFT END
COMMAND RIGHT START
COMMAND RIGHT END
TURN 156 RESULT
TIME LEFT 0 5 RIGHT 0 5
TRAIN A22
END TURN 156
TURN 157
COMMAND LEFT START
MOVE A14 95
COMMAND LEFT END
COMMAND RIGHT START
COMMAND RIGHT END
TURN 157 RESULT
TIME LEFT 0 5 RIGHT 0 5
MOVE A14 6
END TURN 157
TURN 158
COMMAND LEFT START
COMMAND LEFT END
COMMAND RIGHT START
COMMAND RIGHT END
TURN 158 RESULT
TIME LEFT 0 5 RIGHT 0 5
MOVE A14 16
END TURN 158
TURN 159
COMMAND LEFT START
UPGRADE 95
TRAIN 1
COMMAND LEFT END
COMMAND RIGHT START
COMMAND RIGHT END
TURN 159 RESULT
TIME LEFT 0 5 RIGHT 0 5
UPGRADE A 95
TRAIN A23
MOVE A14 29
END TURN 159
TURN 160
COMMAND LEFT START
MOVE A15 95
COMMAND LEFT END
COMMAND RIGHT START
COMMAND RIGHT END
TURN 160 RESULT
TIME LEFT 1 5 RIGHT 1 5
MOVE A14 43
MOVE A15 6
END TURN 160
TURN 161
COMMAND LEFT START
COMMAND LEFT END
COMMAND RIGHT START
COMMAND RIGHT END
TURN 161 RESULT
TIME LEFT 0 5 RIGHT 0 5
MOVE A14 58
MOVE A15 16
END TURN 161
TURN 162
COMMAND LEFT START
TRAIN 1
COMMAND LEFT END
COMMAND RIGHT START
COMMAND RIGHT END
TURN 162 RESULT
TIME LEFT 0 5 RIGHT 0 5
TRAIN A24
MOVE A14 67
MOVE A15 29
END TURN 162
TURN 163
COMMAND LEFT START
MOVE A24 95
TRAIN 1
COMMAND LEFT END
COMMAND RIGHT START
COMMAND RIGHT END
TURN 163 RESULT
TIME LEFT 0 5 RIGHT 0 5
TRAIN A25
MOVE A14 85
MOVE A15 43
MOVE A24 6
END TURN 163
TURN 164
COMMAND LEFT START
MOVE A25 95
TRAIN 2
COMMAND LEFT END
COMMAND RIGHT START
COMMAND RIGHT END
TURN 164 RESULT
TIME LEFT 0 5 RIGHT 0 5
TRAIN A26 A27
MOVE A14 95
MOVE A15 58
MOVE A24 16
MOVE A25 6
END TURN 164
TURN 165
COMMAND LEFT START
MOVE A27 72
MOVE A26 95
COMMAND LEFT END
COMMAND RIGHT START
COMMAND RIGHT END
TURN 165 RESULT
TIME LEFT 0 5 RIGHT 0 5
MOVE A15 67
MOVE A24 29
MOVE A25 16
MOVE A26 6
MOVE A27 6
END TURN 165
TURN 166
COMMAND LEFT START
COMMAND LEFT END
COMMAND RIGHT START
COMMAND RIGHT END
TURN 166 RESULT
TIME LEFT 0 5 RIGHT 0 5
MOVE A15 85
MOVE A24 43
MOVE A25 29
MOVE A26 16
MOVE A27 7
END TURN 166
TURN 167
COMMAND LEFT START
COMMAND LEFT END
COMMAND RIGHT START
COMMAND RIGHT END
TURN 167 RESULT
TIME LEFT 0 5 RIGHT 0 5
MOVE A15 95
MOVE A24 58
MOVE A25 43
MOVE A26 29
MOVE A27 17
END TURN 167
TURN 168
COMMAND LEFT START
COMMAND LEFT END
COMMAND RIGHT START
COMMAND RIGHT END
TURN 168 RESULT
TIME LEFT 0 5 RIGHT 0 5
MOVE A24 67
MOVE A25 58
MOVE A26 43
MOVE A27 25
END TURN 168
TURN 169
COMMAND LEFT START
COMMAND LEFT END
COMMAND RIGHT START
COMMAND RIGHT END
TURN 169 RESULT
TIME LEFT 0 5 RIGHT 0 5
MOVE A24 85
MOVE A25 67
MOVE A26 58
MOVE A27 34
END TURN 169
TURN 170
COMMAND LEFT START
COMMAND LEFT END
COMMAND RIGHT START
COMMAND RIGHT END
TURN 170 RESULT
TIME LEFT 0 5 RIGHT 0 5
MOVE A24 95
MOVE A25 85
MOVE A26 67
MOVE A27 47
END TURN 170
TURN 171
COMMAND LEFT START
MOVE A14 0
UPGRADE 0
COMMAND LEFT END
COMMAND RIGHT START
COMMAND RIGHT END
TURN 171 RESULT
TIME LEFT 0 5 RIGHT 0 5
UPGRADE A 0
MOVE A14 85
MOVE A25 95
MOVE A26 85
MOVE A27 57
END TURN 171
TURN 172
COMMAND LEFT START
COMMAND LEFT END
COMMAND RIGHT START
COMMAND RIGHT END
TURN 172 RESULT
TIME LEFT 0 5 RIGHT 0 5
MOVE A14 67
MOVE A26 95
MOVE A27 72
END TURN 172
TURN 173
COMMAND LEFT START
UPGRADE 72
COMMAND LEFT END
COMMAND RIGHT START
COMMAND RIGHT END
TURN 173 RESULT
TIME LEFT 0 5 RIGHT 0 5
UPGRADE A 72
MOVE A14 58
END TURN 173
TURN 174
COMMAND LEFT START
COMMAND LEFT END
COMMAND RIGHT START
COMMAND RIGHT END
TURN 174 RESULT
TIME LEFT 0 5 RIGHT 0 5
MOVE A14 43
END TURN 174
TURN 175
COMMAND LEFT START
MOVE A26 52
COMMAND LEFT END
COMMAND RIGHT START
COMMAND RIGHT END
TURN 175 RESULT
TIME LEFT 0 5 RIGHT 0 5
MOVE A14 29
MOVE A26 101
END TURN 175
TURN 176
COMMAND LEFT START
UPGRADE 72
COMMAND LEFT END
COMMAND RIGHT START
COMMAND RIGHT END
TURN 176 RESULT
TIME LEFT 0 5 RIGHT 0 5
UPGRADE A 72
MOVE A14 16
MOVE A26 92
END TURN 176
TURN 177
COMMAND LEFT START
MOVE A15 72
COMMAND LEFT END
COMMAND RIGHT START
COMMAND RIGHT END
TURN 177 RESULT
TIME LEFT 0 5 RIGHT 0 5
MOVE A14 6
MOVE A15 101
MOVE A26 96
END TURN 177
TURN 178
COMMAND LEFT START
UPGRADE 72
COMMAND LEFT END
COMMAND RIGHT START
COMMAND RIGHT END
TURN 178 RESULT
TIME LEFT 0 5 RIGHT 0 5
UPGRADE A 72
MOVE A14 0
MOVE A15 92
MOVE A26 97
END TURN 178
TURN 179
COMMAND LEFT START
TRAIN 1
COMMAND LEFT END
COMMAND RIGHT START
COMMAND RIGHT END
TURN 179 RESULT
TIME LEFT 0 5 RIGHT 0 5
TRAIN A28
MOVE A15 96
MOVE A26 77
END TURN 179
TURN 180
COMMAND LEFT START
MOVE A14 72
COMMAND LEFT END
COMMAND RIGHT START
COMMAND RIGHT END
TURN 180 RESULT
TIME LEFT 0 5 RIGHT 0 5
MOVE A14 6
MOVE A15 97
MOVE A26 72
END TURN 180
TURN 181
COMMAND LEFT START
TRAIN 1
COMMAND LEFT END
COMMAND RIGHT START
COMMAND RIGHT END
TURN 181 RESULT
TIME LEFT 0 5 RIGHT 0 5
TRAIN A29
MOVE A14 7
MOVE A15 77
MOVE A26 59
END TURN 181
TURN 182
COMMAND LEFT START
MOVE A29 95
TRAIN 2
COMMAND LEFT END
COMMAND RIGHT START
COMMAND RIGHT END
TURN 182 RESULT
TIME LEFT 0 5 RIGHT 0 5
TRAIN A30 A31
MOVE A14 17
MOVE A15 72
MOVE A26 52
MOVE A29 6
END TURN 182
TURN 183
COMMAND LEFT START
MOVE A31 95
MOVE A30 95
UPGRADE 52
COMMAND LEFT END
COMMAND RIGHT START
COMMAND RIGHT END
TURN 183 RESULT
TIME LEFT 0 5 RIGHT 0 5
UPGRADE A 52
MOVE A14 25
MOVE A29 16
MOVE A30 6
MOVE A31 6
END TURN 183
TURN 184
COMMAND LEFT START
UPGRADE 52
COMMAND LEFT END
COMMAND RIGHT START
COMMAND RIGHT END
TURN 184 RESULT
TIME LEFT 0 5 RIGHT 0 5
UPGRADE A 52
MOVE A14 34
MOVE A29 29
MOVE A30 16
MOVE A31 16
END TURN 184
TURN 185
COMMAND LEFT START
TRAIN 1
COMMAND LEFT END
COMMAND RIGHT START
COMMAND RIGHT END
TURN 185 RESULT
TIME LEFT 0 5 RIGHT 0 5
TRAIN A32
MOVE A14 47
MOVE A29 43
MOVE A30 29
MOVE A31 29
END TURN 185
TURN 186
COMMAND LEFT START
MOVE A17 52
COMMAND LEFT END
COMMAND RIGHT START
COMMAND RIGHT END
TURN 186 RESULT
TIME LEFT 0 5 RIGHT 0 5
MOVE A14 57
MOVE A17 6
MOVE A29 58
MOVE A30 43
MOVE A31 43
END TURN 186
TURN 187
COMMAND LEFT START
UPGRADE 52
COMMAND LEFT END
COMMAND RIGHT START
COMMAND RIGHT END
TURN 187 RESULT
TIME LEFT 0 5 RIGHT 0 5
UPGRADE A 52
MOVE A14 72
MOVE A17 7
MOVE A29 67
MOVE A30 58
MOVE A31 58
END TURN 187
TURN 188
COMMAND LEFT START
TRAIN 1
COMMAND LEFT END
COMMAND RIGHT START
COMMAND RIGHT END
TURN 188 RESULT
TIME LEFT 0 5 RIGHT 0 5
TRAIN A33
MOVE A17 17
MOVE A29 85
MOVE A30 67
MOVE A31 67
END TURN 188
TURN 189
COMMAND LEFT START
MOVE A22 52
TRAIN 1
COMMAND LEFT END
COMMAND RIGHT START
COMMAND RIGHT END
TURN 189 RESULT
TIME LEFT 0 5 RIGHT 0 5
TRAIN A34
MOVE A17 25
MOVE A22 6
MOVE A29 95
MOVE A30 85
MOVE A31 85
END TURN 189
TURN 190
COMMAND LEFT START
MOVE A34 95
TRAIN 2
COMMAND LEFT END
COMMAND RIGHT START
COMMAND RIGHT END
TURN 190 RESULT
TIME LEFT 0 5 RIGHT 0 5
TRAIN A35 A36
MOVE A17 34
MOVE A22 7
MOVE A30 95
MOVE A31 95
MOVE A34 6
END TURN 190
TURN 191
COMMAND LEFT START
MOVE A31 130
MOVE A36 95
MOVE A35 95
COMMAND LEFT END
COMMAND RIGHT START
COMMAND RIGHT END
TURN 191 RESULT
TIME LEFT 0 5 RIGHT 0 5
MOVE A17 38
MOVE A22 17
MOVE A31 108
MOVE A34 16
MOVE A35 6
MOVE A36 6
END TURN 191
TURN 192
COMMAND LEFT START
TRAIN 2
COMMAND LEFT END
COMMAND RIGHT START
COMMAND RIGHT END
TURN 192 RESULT
TIME LEFT 0 5 RIGHT 0 5
TRAIN A37 A38
MOVE A17 42
MOVE A22 25
MOVE A31 120
MOVE A34 29
MOVE A35 16
MOVE A36 16
END TURN 192
TURN 193
COMMAND LEFT START
MOVE A38 95
MOVE A37 95
TRAIN 2
COMMAND LEFT END
COMMAND RIGHT START
COMMAND RIGHT END
TURN 193 RESULT
TIME LEFT 0 5 RIGHT 0 5
TRAIN A39 A40
MOVE A17 52
MOVE A22 34
MOVE A31 117
MOVE A34 43
MOVE A35 29
MOVE A36 29
MOVE A37 6
MOVE A38 6
END TURN 193
TURN 194
COMMAND LEFT START
MOVE A40 95
MOVE A39 95
TRAIN 2
COMMAND LEFT END
COMMAND RIGHT START
COMMAND RIGHT END
TURN 194 RESULT
TIME LEFT 0 5 RIGHT 0 5
TRAIN A41 A42
MOVE A22 38
MOVE A31 130
MOVE A34 58
MOVE A35 43
MOVE A36 43
MOVE A37 16
MOVE A38 16
MOVE A39 6
MOVE A40 6
END TURN 194
TURN 195
COMMAND LEFT START
MOVE A30 118
MOVE A42 95
MOVE A41 95
UPGRADE 130
COMMAND LEFT END
COMMAND RIGHT START
COMMAND RIGHT END
TURN 195 RESULT
TIME LEFT 0 5 RIGHT 0 5
UPGRADE A 130
MOVE A22 42
MOVE A30 89
MOVE A34 67
MOVE A35 58
MOVE A36 58
MOVE A37 29
MOVE A38 29
MOVE A39 16
MOVE A40 16
MOVE A41 6
MOVE A42 6
END TURN 195
TURN 196
COMMAND LEFT START
UPGRADE 130
COMMAND LEFT END
COMMAND RIGHT START
COMMAND RIGHT END
TURN 196 RESULT
TIME LEFT 0 5 RIGHT 0 5
UPGRADE A 130
MOVE A22 52
MOVE A30 98
MOVE A34 85
MOVE A35 67
MOVE A36 67
MOVE A37 43
MOVE A38 43
MOVE A39 29
MOVE A40 29
MOVE A41 16
MOVE A42 16
END TURN 196
TURN 197
COMMAND LEFT START
MOVE A20 130
UPGRADE 130
COMMAND LEFT END
COMMAND RIGHT START
COMMAND RIGHT END
TURN 197 RESULT
TIME LEFT 0 5 RIGHT 0 5
UPGRADE A 130
MOVE A20 108
MOVE A30 94
MOVE A34 95
MOVE A35 85
MOVE A36 85
MOVE A37 58
MOVE A38 58
MOVE A39 43
MOVE A40 43
MOVE A41 29
MOVE A42 29
END TURN 197
TURN 198
COMMAND LEFT START
MOVE A24 130
COMMAND LEFT END
COMMAND RIGHT START
COMMAND RIGHT END
TURN 198 RESULT
TIME LEFT 0 5 RIGHT 0 5
MOVE A20 120
MOVE A24 108
MOVE A30 93
MOVE A35 95
MOVE A36 95
MOVE A37 67
MOVE A38 67
MOVE A39 58
MOVE A40 58
MOVE A41 43
MOVE A42 43
END TURN 198
TURN 199
COMMAND LEFT START
TRAIN 2
COMMAND LEFT END
COMMAND RIGHT START
COMMAND RIGHT END
TURN 199 RESULT
TIME LEFT 0 5 RIGHT 0 5
TRAIN A43 A44
MOVE A20 117
MOVE A24 120
MOVE A30 113
MOVE A37 85
MOVE A38 85
MOVE A39 67
MOVE A40 67
MOVE A41 58
MOVE A42 58
END TURN 199
TURN 200
COMMAND LEFT START
MOVE A44 95
MOVE A43 95
TRAIN 2
COMMAND LEFT END
COMMAND RIGHT START
COMMAND RIGHT END
TURN 200 RESULT
TIME LEFT 0 5 RIGHT 0 5
TRAIN A45 A46
MOVE A20 130
MOVE A24 117
MOVE A30 118
MOVE A37 95
MOVE A38 95
MOVE A39 85
MOVE A40 85
MOVE A41 67
MOVE A42 67
MOVE A43 6
MOVE A44 6
END TURN 200
TURN 201
COMMAND LEFT START
MOVE A38 136
UPGRADE 118
COMMAND LEFT END
COMMAND RIGHT START
COMMAND RIGHT END
TURN 201 RESULT
TIME LEFT 0 5 RIGHT 0 5
UPGRADE A 118
MOVE A24 130
MOVE A38 101
MOVE A39 95
MOVE A40 95
MOVE A41 85
MOVE A42 85
MOVE A43 16
MOVE A44 16
END TURN 201
TURN 202
COMMAND LEFT START
MOVE A46 95
UPGRADE 118
COMMAND LEFT END
COMMAND RIGHT START
COMMAND RIGHT END
TURN 202 RESULT
TIME LEFT 0 5 RIGHT 0 5
UPGRADE A 118
MOVE A38 111
MOVE A41 95
MOVE A42 95
MOVE A43 29
MOVE A44 29
MOVE A46 6
END TURN 202
TURN 203
COMMAND LEFT START
MOVE A25 118
UPGRADE 118
COMMAND LEFT END
COMMAND RIGHT START
COMMAND RIGHT END
TURN 203 RESULT
TIME LEFT 0 5 RIGHT 0 5
UPGRADE A 118
MOVE A25 89
MOVE A38 119
MOVE A43 43
MOVE A44 43
MOVE A46 16
END TURN 203
TURN 204
COMMAND LEFT START
MOVE A29 118
MOVE A45 95
COMMAND LEFT END
COMMAND RIGHT START
COMMAND RIGHT END
TURN 204 RESULT
TIME LEFT 0 5 RIGHT 0 5
MOVE A25 98
MOVE A29 89
MOVE A38 136
MOVE A43 58
MOVE A44 58
MOVE A45 6
MOVE A46 29
END TURN 204
TURN 205
COMMAND LEFT START
UPGRADE 136
COMMAND LEFT END
COMMAND RIGHT START
COMMAND RIGHT END
TURN 205 RESULT
TIME LEFT 0 5 RIGHT 0 5
UPGRADE A 136
MOVE A25 94
MOVE A29 98
MOVE A43 67
MOVE A44 67
MOVE A45 16
MOVE A46 43
END TURN 205
TURN 206
COMMAND LEFT START
MOVE A42 138
COMMAND LEFT END
COMMAND RIGHT START
COMMAND RIGHT END
TURN 206 RESULT
TIME LEFT 0 5 RIGHT 0 5
MOVE A25 93
MOVE A29 94
MOVE A42 89
MOVE A43 85
MOVE A44 85
MOVE A45 29
MOVE A46 58
END TURN 206
TURN 207
COMMAND LEFT START
UPGRADE 136
COMMAND LEFT END
COMMAND RIGHT START
COMMAND RIGHT END
TURN 207 RESULT
TIME LEFT 0 5 RIGHT 0 5
UPGRADE A 136
MOVE A25 113
MOVE A29 93
MOVE A42 98
MOVE A43 95
MOVE A44 95
MOVE A45 43
MOVE A46 67
END TURN 207
TURN 208
COMMAND LEFT START
MOVE A34 136
UPGRADE 136
COMMAND LEFT END
COMMAND RIGHT START
COMMAND RIGHT END
TURN 208 RESULT
TIME LEFT 0 5 RIGHT 0 5
UPGRADE A 136
MOVE A25 118
MOVE A29 113
MOVE A34 101
MOVE A42 94
MOVE A45 58
MOVE A46 85
END TURN 208
TURN 209
COMMAND LEFT START
MOVE A35 136
TRAIN 1
COMMAND LEFT END
COMMAND RIGHT START
COMMAND RIGHT END
TURN 209 RESULT
TIME LEFT 0 5 RIGHT 0 5
TRAIN A47
MOVE A29 118
MOVE A34 111
MOVE A35 101
MOVE A42 93
MOVE A45 67
MOVE A46 95
END TURN 209
TURN 210
COMMAND LEFT START
MOVE A47 95
TRAIN 2
COMMAND LEFT END
COMMAND RIGHT START
COMMAND RIGHT END
TURN 210 RESULT
TIME LEFT 0 5 RIGHT 0 5
TRAIN A48 A49
MOVE A34 119
MOVE A35 111
MOVE A42 113
MOVE A45 85
MOVE A47 6
END TURN 210
TURN 211
COMMAND LEFT START
COMMAND LEFT END
COMMAND RIGHT START
COMMAND RIGHT END
TURN 211 RESULT
TIME LEFT 0 5 RIGHT 0 5
MOVE A34 136
MOVE A35 119
MOVE A42 118
MOVE A45 95
MOVE A47 16
END TURN 211
TURN 212
COMMAND LEFT START
COMMAND LEFT END
COMMAND RIGHT START
COMMAND RIGHT END
TURN 212 RESULT
TIME LEFT 0 5 RIGHT 0 5
MOVE A35 136
MOVE A42 131
MOVE A47 29
END TURN 212
TURN 213
COMMAND LEFT START
COMMAND LEFT END
COMMAND RIGHT START
COMMAND RIGHT END
TURN 213 RESULT
TIME LEFT 0 5 RIGHT 0 5
MOVE A42 138
MOVE A47 43
END TURN 213
TURN 214
COMMAND LEFT START
COMMAND LEFT END
COMMAND RIGHT START
COMMAND RIGHT END
TURN 214 RESULT
TIME LEFT 0 5 RIGHT 0 5
MOVE A47 58
END TURN 214
TURN 215
COMMAND LEFT START
COMMAND LEFT END
COMMAND RIGHT START
COMMAND RIGHT END
TURN 215 RESULT
TIME LEFT 0 5 RIGHT 0 5
MOVE A47 67
END TURN 215
TURN 216
COMMAND LEFT START
MOVE A49 95
UPGRADE 0
COMMAND LEFT END
COMMAND RIGHT START
COMMAND RIGHT END
TURN 216 RESULT
TIME LEFT 0 5 RIGHT 0 5
UPGRADE A 0
MOVE A47 85
MOVE A49 6
END TURN 216
TURN 217
COMMAND LEFT START
UPGRADE 138
COMMAND LEFT END
COMMAND RIGHT START
COMMAND RIGHT END
TURN 217 RESULT
TIME LEFT 0 5 RIGHT 0 5
UPGRADE A 138
MOVE A47 95
MOVE A49 16
END TURN 217
TURN 218
COMMAND LEFT START
MOVE A47 189
COMMAND LEFT END
COMMAND RIGHT START
COMMAND RIGHT END
TURN 218 RESULT
TIME LEFT 0 5 RIGHT 0 5
MOVE A47 105
MOVE A49 29
END TURN 218
TURN 219
COMMAND LEFT START
UPGRADE 138
COMMAND LEFT END
COMMAND RIGHT START
COMMAND RIGHT END
TURN 219 RESULT
TIME LEFT 0 5 RIGHT 0 5
UPGRADE A 138
MOVE A47 123
MOVE A49 43
END TURN 219
TURN 220
COMMAND LEFT START
MOVE A36 138
UPGRADE 138
COMMAND LEFT END
COMMAND RIGHT START
COMMAND RIGHT END
TURN 220 RESULT
TIME LEFT 0 5 RIGHT 0 5
UPGRADE A 138
MOVE A36 89
MOVE A47 132
MOVE A49 58
END TURN 220
TURN 221
COMMAND LEFT START
MOVE A37 138
TRAIN 1
COMMAND LEFT END
COMMAND RIGHT START
COMMAND RIGHT END
TURN 221 RESULT
TIME LEFT 0 5 RIGHT 0 5
TRAIN A50
MOVE A36 98
MOVE A37 89
MOVE A47 147
MOVE A49 67
END TURN 221
TURN 222
COMMAND LEFT START
MOVE A50 95
TRAIN 3
COMMAND LEFT END
COMMAND RIGHT START
COMMAND RIGHT END
TURN 222 RESULT
TIME LEFT 0 5 RIGHT 0 5
TRAIN A51 A52 A53
MOVE A36 94
MOVE A37 98
MOVE A47 161
MOVE A49 85
MOVE A50 6
END TURN 222
TURN 223
COMMAND LEFT START
MOVE A53 95
MOVE A52 95
MOVE A51 95
TRAIN 1
COMMAND LEFT END
COMMAND RIGHT START
COMMAND RIGHT END
TURN 223 RESULT
TIME LEFT 0 5 RIGHT 0 5
TRAIN A54
MOVE A36 93
MOVE A37 94
MOVE A47 174
MOVE A49 95
MOVE A50 16
MOVE A51 6
MOVE A52 6
MOVE A53 6
END TURN 223
TURN 224
COMMAND LEFT START
MOVE A54 95
TRAIN 3
COMMAND LEFT END
COMMAND RIGHT START
COMMAND RIGHT END
TURN 224 RESULT
TIME LEFT 0 5 RIGHT 0 5
TRAIN A55 A56 A57
MOVE A36 113
MOVE A37 93
MOVE A47 184
MOVE A50 29
MOVE A51 16
MOVE A52 16
MOVE A53 16
MOVE A54 6
END TURN 224
TURN 225
COMMAND LEFT START
MOVE A57 95
MOVE A56 95
MOVE A55 95
TRAIN 3
COMMAND LEFT END
COMMAND RIGHT START
COMMAND RIGHT END
TURN 225 RESULT
TIME LEFT 0 5 RIGHT 0 5
TRAIN A58 A59 A60
MOVE A36 118
MOVE A37 113
MOVE A47 189
MOVE A50 43
MOVE A51 29
MOVE A52 29
MOVE A53 29
MOVE A54 16
MOVE A55 6
MOVE A56 6
MOVE A57 6
END TURN 225
TURN 226
COMMAND LEFT START
MOVE A49 186
MOVE A60 95
MOVE A59 95
MOVE A58 95
UPGRADE 189
COMMAND LEFT END
COMMAND RIGHT START
COMMAND RIGHT END
TURN 226 RESULT
TIME LEFT 0 5 RIGHT 0 5
UPGRADE A 189
MOVE A36 131
MOVE A37 118
MOVE A49 105
MOVE A50 58
MOVE A51 43
MOVE A52 43
MOVE A53 43
MOVE A54 29
MOVE A55 16
MOVE A56 16
MOVE A57 16
MOVE A58 6
MOVE A59 6
MOVE A60 6
END TURN 226
TURN 227
COMMAND LEFT START
UPGRADE 189
COMMAND LEFT END
COMMAND RIGHT START
COMMAND RIGHT END
TURN 227 RESULT
TIME LEFT 0 5 RIGHT 0 5
UPGRADE A 189
MOVE A36 138
MOVE A37 131
MOVE A49 116
MOVE A50 67
MOVE A51 58
MOVE A52 58
MOVE A53 58
MOVE A54 43
MOVE A55 29
MOVE A56 29
MOVE A57 29
MOVE A58 16
MOVE A59 16
MOVE A60 16
END TURN 227
TURN 228
COMMAND LEFT START
MOVE A39 189
UPGRADE 189
COMMAND LEFT END
COMMAND RIGHT START
COMMAND RIGHT END
TURN 228 RESULT
TIME LEFT 0 5 RIGHT 0 5
UPGRADE A 189
MOVE A37 138
MOVE A39 105
MOVE A49 126
MOVE A50 85
MOVE A51 67
MOVE A52 67
MOVE A53 67
MOVE A54 58
MOVE A55 43
MOVE A56 43
MOVE A57 43
MOVE A58 29
MOVE A59 29
MOVE A60 29
END TURN 228
TURN 229
COMMAND LEFT START
MOVE A40 189
TRAIN 2
COMMAND LEFT END
COMMAND RIGHT START
COMMAND RIGHT END
TURN 229 RESULT
TIME LEFT 0 5 RIGHT 0 5
TRAIN A61 A62
MOVE A39 123
MOVE A40 105
MOVE A49 151
MOVE A50 95
MOVE A51 85
MOVE A52 85
MOVE A53 85
MOVE A54 67
MOVE A55 58
MOVE A56 58
MOVE A57 58
MOVE A58 43
MOVE A59 43
MOVE A60 43
END TURN 229
TURN 230
COMMAND LEFT START
MOVE A62 95
MOVE A61 95
TRAIN 3
COMMAND LEFT END
COMMAND RIGHT START
COMMAND RIGHT END
TURN 230 RESULT
TIME LEFT 0 5 RIGHT 0 5
TRAIN A63 A64 A65
MOVE A39 132
MOVE A40 123
MOVE A49 160
MOVE A51 95
MOVE A52 95
MOVE A53 95
MOVE A54 85
MOVE A55 67
MOVE A56 67
MOVE A57 67
MOVE A58 58
MOVE A59 58
MOVE A60 58
MOVE A61 6
MOVE A62 6
END TURN 230
TURN 231
COMMAND LEFT START
MOVE A65 95
MOVE A64 95
MOVE A63 95
TRAIN 3
COMMAND LEFT END
COMMAND RIGHT START
COMMAND RIGHT END
TURN 231 RESULT
TIME LEFT 0 5 RIGHT 0 5
TRAIN A66 A67 A68
MOVE A39 147
MOVE A40 132
MOVE A49 175
MOVE A54 95
MOVE A55 85
MOVE A56 85
MOVE A57 85
MOVE A58 67
MOVE A59 67
MOVE A60 67
MOVE A61 16
MOVE A62 16
MOVE A63 6
MOVE A64 6
MOVE A65 6
END TURN 231
TURN 232
COMMAND LEFT START
MOVE A54 190
MOVE A53 190
MOVE A52 190
MOVE A51 190
MOVE A50 190
MOVE A46 190
MOVE A45 190
MOVE A44 190
COMMAND LEFT END
COMMAND RIGHT START
COMMAND RIGHT END
TURN 232 RESULT
TIME LEFT 0 5 RIGHT 0 5
MOVE A39 161
MOVE A40 147
MOVE A44 105
MOVE A45 105
MOVE A46 105
MOVE A49 182
MOVE A50 105
MOVE A51 105
MOVE A52 105
MOVE A53 105
MOVE A54 105
MOVE A55 95
MOVE A56 95
MOVE A57 95
MOVE A58 85
MOVE A59 85
MOVE A60 85
MOVE A61 29
MOVE A62 29
MOVE A63 16
MOVE A64 16
MOVE A65 16
END TURN 232
TURN 233
COMMAND LEFT START
TRAIN 3
COMMAND LEFT END
COMMAND RIGHT START
COMMAND RIGHT END
TURN 233 RESULT
TIME LEFT 0 5 RIGHT 0 5
TRAIN A69 A70 A71
MOVE A39 174
MOVE A40 161
MOVE A44 123
MOVE A45 123
MOVE A46 123
MOVE A49 186
MOVE A50 123
MOVE A51 123
MOVE A52 123
MOVE A53 123
MOVE A54 123
MOVE A58 95
MOVE A59 95
MOVE A60 95
MOVE A61 43
MOVE A62 43
MOVE A63 29
MOVE A64 29
MOVE A65 29
END TURN 233
TURN 234
COMMAND LEFT START
UPGRADE 186
TRAIN 3
COMMAND LEFT END
COMMAND RIGHT START
COMMAND RIGHT END
TURN 234 RESULT
TIME LEFT 0 5 RIGHT 0 5
UPGRADE A 186
TRAIN A72 A73 A74
MOVE A39 184
MOVE A40 174
MOVE A44 132
MOVE A45 132
MOVE A46 132
MOVE A50 132
MOVE A51 132
MOVE A52 132
MOVE A53 132
MOVE A54 132
MOVE A61 58
MOVE A62 58
MOVE A63 43
MOVE A64 43
MOVE A65 43
END TURN 234
TURN 235
COMMAND LEFT START
TRAIN 3
COMMAND LEFT END
COMMAND RIGHT START
COMMAND RIGHT END
TURN 235 RESULT
TIME LEFT 0 5 RIGHT 0 5
TRAIN A75 A76 A77
MOVE A39 189
MOVE A40 184
MOVE A44 147
MOVE A45 147
MOVE A46 147
MOVE A50 147
MOVE A51 147
MOVE A52 147
MOVE A53 147
MOVE A54 147
MOVE A61 67
MOVE A62 67
MOVE A63 58
MOVE A64 58
MOVE A65 58
END TURN 235
TURN 236
COMMAND LEFT START
TRAIN 3
COMMAND LEFT END
COMMAND RIGHT START
COMMAND RIGHT END
TURN 236 RESULT
TIME LEFT 0 5 RIGHT 0 5
TRAIN A78 A79 A80
MOVE A40 189
MOVE A44 161
MOVE A45 161
MOVE A46 161
MOVE A50 161
MOVE A51 161
MOVE A52 161
MOVE A53 161
MOVE A54 161
MOVE A61 85
MOVE A62 85
MOVE A63 67
MOVE A64 67
MOVE A65 67
END TURN 236
TURN 237
COMMAND LEFT START
TRAIN 3
COMMAND LEFT END
COMMAND RIGHT START
COMMAND RIGHT END
TURN 237 RESULT
TIME LEFT 0 5 RIGHT 0 5
TRAIN A81 A82 A83
MOVE A44 174
MOVE A45 174
MOVE A46 174
MOVE A50 174
MOVE A51 174
MOVE A52 174
MOVE A53 174
MOVE A54 174
MOVE A61 95
MOVE A62 95
MOVE A63 85
MOVE A64 85
MOVE A65 85
END TURN 237
TURN 238
COMMAND LEFT START
TRAIN 3
COMMAND LEFT END
COMMAND RIGHT START
COMMAND RIGHT END
TURN 238 RESULT
TIME LEFT 0 5 RIGHT 0 5
TRAIN A84 A85 A86
MOVE A44 184
MOVE A45 184
MOVE A46 184
MOVE A50 184
MOVE A51 184
MOVE A52 184
MOVE A53 184
MOVE A54 184
MOVE A63 95
MOVE A64 95
MOVE A65 95
END TURN 238
TURN 239
COMMAND LEFT START
TRAIN 3
COMMAND LEFT END
COMMAND RIGHT START
COMMAND RIGHT END
TURN 239 RESULT
TIME LEFT 0 5 RIGHT 0 5
TRAIN A87 A88 A89
MOVE A44 190
MOVE A45 190
MOVE A46 190
MOVE A50 190
MOVE A51 190
MOVE A52 190
MOVE A53 190
MOVE A54 190
DAMAGE TURRET A44 1
DAMAGE COMBAT A44 1
DAMAGE COMBAT B8 4
SIEGE B 190 4
END TURN 239
TURN 240
COMMAND LEFT START
TRAIN 3
COMMAND LEFT END
COMMAND RIGHT START
COMMAND RIGHT END
TURN 240 RESULT
TIME LEFT 0 5 RIGHT 0 5
TRAIN A90 A91 A92
DAMAGE TURRET A44 1
SIEGE B 190 6
END TURN 240
RESULT LEFT_WIN HQ_DESTROYED
