[LEFT ""]
[RIGHT ""]
MAP
207 17
-11048 -10308 -10480 -10117 -10574 -9524 -9813 -8689 -9890 -8490 -8426 -8308 -7786 -7678 -7796 -7920 -7671 -7650 -7185 -7136 -7235 -8219 -6774 -7303 -8011 -6799 -6940 -6636 -6735 -6517 -6924 -6204 -6212 -6226 -6495 -5844 -5977 -5861 -5589 -6320 -5393 -5375 -5319 -5405 -5203 -4715 -4980 -4606 -4839 -4713 -4542 -4373 -4239 -4191 -4319 -4065 -4073 -3985 -3896 -4570 -4036 -3714 -3670 -3292 -3196 -3115 -3177 -3197 -2943 -2782 -2759 -2830 -2519 -2707 -2666 -2593 -2282 -2146 -2039 -1910 -1901 -1853 -1626 -1699 -1539 -1372 -1299 -1345 -1171 -1152 -1100 -1309 -902 -719 -664 -691 -731 -454 -246 -396 -272 -105 -265 0 265 105 272 396 246 454 731 691 664 719 902 1309 1100 1152 1171 1345 1299 1372 1539 1699 1626 1853 1901 1910 2039 2146 2282 2593 2666 2707 2519 2830 2759 2782 2943 3197 3177 3115 3196 3292 3670 3714 4036 4570 3896 3985 4073 4065 4319 4191 4239 4373 4542 4713 4839 4606 4980 4715 5203 5405 5319 5375 5393 6320 5589 5861 5977 5844 6495 6226 6212 6204 6924 6517 6735 6636 6940 6799 8011 7303 6774 8219 7235 7136 7185 7650 7671 7920 7796 7678 7786 8308 8426 8490 9890 8689 9813 9524 10574 10117 10480 10308 11048
-1079 -2426 -3785 135 1754 -5298 3084 -1339 4965 1073 -2430 -62 2461 3429 -3720 4897 -804 -1994 1675 -2824 478 -6790 -1508 5953 7294 5012 -4952 -573 4004 -3972 -7702 -2331 2081 437 8660 -5802 3547 -3217 5184 -9017 -500 713 2728 -1673 -4285 -2930 1484 4078 -9844 6466 -6398 -1778 3090 2092 -5249 -3935 -777 176 1118 10029 5156 7746 -7438 5983 -4435 2887 -1839 -10444 -5887 9919 6953 -3128 1454 -312 4747 -7946 -6841 -4868 3801 5913 -9153 -2354 -677 8437 7023 -3391 -7540 407 -5892 2562 -1528 10701 -4254 -8657 7460 5246 -10931 8631 -2360 1127 -7696 6374 4101 0 -4101 -6374 7696 -1127 2360 -8631 10931 -5246 -7460 8657 4254 -10701 1528 -2562 5892 -407 7540 3391 -7023 -8437 677 2354 9153 -5913 -3801 4868 6841 7946 -4747 312 -1454 3128 -6953 -9919 5887 10444 1839 -2887 4435 -5983 7438 -7746 -5156 -10029 -1118 -176 777 3935 5249 -2092 -3090 1778 6398 -6466 9844 -4078 -1484 2930 4285 1673 -2728 -713 500 9017 -5184 3217 -3547 5802 -8660 -437 -2081 2331 7702 3972 -4004 573 4952 -5012 -7294 -5953 1508 6790 -478 2824 -1675 1994 804 -4897 3720 -3429 -2461 62 2430 -1073 -4965 1339 -3084 5298 -1754 -135 3785 2426 1079
STRONGHOLDS 6 21 40 47 54 63 85 94 103 112 121 143 152 159 166 185 200
4 1 3 4 7
4 0 2 7 10
4 1 5 10 14
5 0 4 7 9 11
4 0 3 6 9
4 2 14 21 26
6 4 8 9 12 13 15
7 0 1 3 10 11 16 17
3 6 15 24
7 3 4 6 11 12 18 20
6 1 2 7 14 17 19
5 3 7 9 16 20
5 6 9 13 18 32
6 6 12 15 28 32 36
6 2 5 10 19 26 29
7 6 8 13 23 24 25 28
6 7 11 17 20 22 27
5 7 10 16 19 22
5 9 12 20 32 33
7 10 14 17 22 29 31 37
6 9 11 16 18 27 33
4 5 26 30 35
6 16 17 19 27 31 43
6 15 24 25 34 38 49
4 8 15 23 34
4 15 23 28 38
6 5 14 21 29 35 44
6 16 20 22 33 40 43
5 13 15 25 36 38
5 14 19 26 37 44
4 21 35 39 50
5 19 22 37 43 45
8 12 13 18 33 36 41 42 46
6 18 20 27 32 40 41
5 23 24 49 59 61
6 21 26 30 44 50 54
6 13 28 32 38 42 47
5 19 29 31 44 45
7 23 25 28 36 47 49 60
4 30 48 50 62
6 27 33 41 43 56 57
6 32 33 40 46 57 58
6 32 36 46 47 52 53
7 22 27 31 40 45 51 56
7 26 29 35 37 45 54 55
8 31 37 43 44 51 55 66 71
5 32 41 42 53 58
7 36 38 42 52 60 65 74
4 39 62 67 75
6 23 34 38 60 61 63
6 30 35 39 54 62 68
4 43 45 56 66
4 42 47 53 65
6 42 46 52 58 65 72
6 35 44 50 55 64 68
5 44 45 54 64 71
6 40 43 51 57 66 73
5 40 41 56 58 73
6 41 46 53 57 72 73
3 34 61 69
5 38 47 49 63 74
7 34 49 59 63 69 70 83
6 39 48 50 68 75 76
6 49 60 61 70 74 79
5 54 55 68 71 77
7 47 52 53 72 74 78 89
7 45 51 56 71 73 81 82
4 48 75 80 96
7 50 54 62 64 76 77 88
4 59 61 83 91
5 61 63 79 83 84
7 45 55 64 66 77 81 85
7 53 58 65 73 87 89 99
7 56 57 58 66 72 82 87
7 47 60 63 65 78 79 95
6 48 62 67 76 80 86
5 62 68 75 86 88
6 64 68 71 85 88 92
5 65 74 89 95 102
6 63 70 74 84 95 101
5 67 75 86 93 96
6 66 71 82 85 90 98
6 66 73 81 87 90 103
7 61 69 70 84 91 94 97
5 70 79 83 94 101
6 71 77 81 92 98 104
7 75 76 80 88 93 100 105
5 72 73 82 99 103
7 68 76 77 86 92 105 111
6 65 72 78 99 102 108
5 81 82 98 103 107
4 69 83 97 110
5 77 85 88 104 111
5 80 86 96 100 109
5 83 84 97 101 106
7 74 78 79 101 102 114 118
5 67 80 93 109 115
6 83 91 94 106 110 113
6 81 85 90 104 107 117
6 72 87 89 103 108 116
5 86 93 105 109 112
7 79 84 94 95 106 118 120
6 78 89 95 108 114 121
8 82 87 90 99 107 116 119 124
6 85 92 98 111 117 128
7 86 88 100 111 112 122 127
5 94 97 101 113 120
6 90 98 103 117 119 134
6 89 99 102 116 121 125
6 93 96 100 112 115 123
5 91 97 113 126 139
7 88 92 104 105 127 128 132
5 100 105 109 122 123
5 97 106 110 120 126
5 95 102 118 121 129
4 96 109 123 137
5 99 103 108 124 125
6 98 104 107 128 134 141
7 95 101 114 120 129 130 138
5 103 107 124 133 134
7 101 106 113 118 126 130 131
6 102 108 114 125 129 135
5 105 112 123 127 136
7 109 112 115 122 136 137 145
6 103 116 119 125 133 140
6 108 116 121 124 135 140
5 110 113 120 131 139
6 105 111 122 132 136 143
5 104 111 117 132 141
6 114 118 121 135 138 142
5 118 120 131 138 144
6 120 126 130 139 144 158
7 111 127 128 141 143 146 159
7 119 124 134 140 148 149 150
7 107 117 119 133 141 148 153
7 121 125 129 140 142 151 161
5 122 123 127 143 145
4 115 123 145 147
7 118 129 130 142 144 152 156
4 110 126 131 158
7 124 125 133 135 150 155 161
7 117 128 132 134 153 154 159
5 129 135 138 151 152
6 127 132 136 145 146 157
6 130 131 138 156 158 167
7 123 136 137 143 147 157 172
5 132 143 157 159 168
3 137 145 172
6 133 134 149 153 160 165
5 133 148 150 165 166
6 133 140 149 155 163 166
5 135 142 152 161 162
6 138 142 151 156 162 171
6 134 141 148 154 160 164
4 141 153 159 164
4 140 150 161 163
6 138 144 152 167 171 176
6 143 145 146 168 172 183
4 131 139 144 167
7 132 141 146 154 164 168 170
5 148 153 164 165 174
8 135 140 151 155 162 163 169 175
7 151 152 161 169 171 177 180
7 150 155 161 166 175 179 184
6 153 154 159 160 170 174
6 148 149 160 166 173 174
6 149 150 163 165 173 179
4 144 156 158 176
7 146 157 159 170 178 181 183
5 161 162 175 177 187
6 159 164 168 174 178 193
6 152 156 162 176 180 185
5 145 147 157 182 183
6 165 166 174 179 186 188
8 160 164 165 170 173 188 193 194
5 161 163 169 184 187
4 156 167 171 185
5 162 169 180 187 192
5 168 170 181 191 193
6 163 166 173 184 186 190
6 162 171 177 185 192 201
4 168 178 183 191
4 172 183 191 198
6 157 168 172 181 182 191
6 163 175 179 187 189 190
4 171 176 180 201
6 173 179 188 190 195 197
7 169 175 177 184 189 192 196
5 173 174 186 194 197
5 184 187 190 196 199
6 179 184 186 189 195 199
7 178 181 182 183 193 198 200
6 177 180 187 196 201 204
6 170 174 178 191 194 200
5 174 188 193 197 200
5 186 190 197 199 203
6 187 189 192 199 204 205
7 186 188 194 195 200 202 203
3 182 191 200
7 189 190 195 196 203 205 206
6 191 193 194 197 198 202
4 180 185 192 204
4 197 200 203 206
5 195 197 199 202 206
4 192 196 201 205
4 196 199 204 206
4 199 202 203 205
END MAP
TURN 1
COMMAND LEFT START
MOVE A2 103
MOVE A3 6
COMMAND LEFT END
COMMAND RIGHT START
MOVE B1 200
MOVE B2 103
COMMAND RIGHT END
TURN 1 RESULT
TIME LEFT 48 5 RIGHT 0 5
MOVE A2 7
MOVE A3 4
MOVE B1 202
MOVE B2 199
END TURN 1
TURN 2
COMMAND LEFT START
COMMAND LEFT END
COMMAND RIGHT START
COMMAND RIGHT END
TURN 2 RESULT
TIME LEFT 0 5 RIGHT 0 5
MOVE A2 16
MOVE A3 6
MOVE B1 200
MOVE B2 190
END TURN 2
TURN 3
COMMAND LEFT START
UPGRADE 6
COMMAND LEFT END
COMMAND RIGHT START
UPGRADE 200
COMMAND RIGHT END
TURN 3 RESULT
TIME LEFT 0 5 RIGHT 0 5
UPGRADE A 6
UPGRADE B 200
MOVE A2 27
MOVE B2 179
END TURN 3
TURN 4
COMMAND LEFT START
COMMAND LEFT END
COMMAND RIGHT START
COMMAND RIGHT END
TURN 4 RESULT
TIME LEFT 0 5 RIGHT 0 5
MOVE A2 40
MOVE B2 166
END TURN 4
TURN 5
COMMAND LEFT START
COMMAND LEFT END
COMMAND RIGHT START
COMMAND RIGHT END
TURN 5 RESULT
TIME LEFT 0 5 RIGHT 0 5
MOVE A2 56
MOVE B2 150
END TURN 5
TURN 6
COMMAND LEFT START
COMMAND LEFT END
COMMAND RIGHT START
COMMAND RIGHT END
TURN 6 RESULT
TIME LEFT 0 5 RIGHT 0 5
MOVE A2 73
MOVE B2 133
END TURN 6
TURN 7
COMMAND LEFT START
COMMAND LEFT END
COMMAND RIGHT START
COMMAND RIGHT END
TURN 7 RESULT
TIME LEFT 0 5 RIGHT 0 5
MOVE A2 82
MOVE B2 124
END TURN 7
TURN 8
COMMAND LEFT START
COMMAND LEFT END
COMMAND RIGHT START
COMMAND RIGHT END
TURN 8 RESULT
TIME LEFT 0 5 RIGHT 0 5
MOVE A2 103
MOVE B2 103
DAMAGE COMBAT A2 1
DAMAGE COMBAT B2 1
END TURN 8
TURN 9
COMMAND LEFT START
COMMAND LEFT END
COMMAND RIGHT START
COMMAND RIGHT END
TURN 9 RESULT
TIME LEFT 0 5 RIGHT 0 5
DAMAGE COMBAT A2 1
DAMAGE COMBAT B2 1
END TURN 9
TURN 10
COMMAND LEFT START
COMMAND LEFT END
COMMAND RIGHT START
COMMAND RIGHT END
TURN 10 RESULT
TIME LEFT 0 5 RIGHT 0 5
DAMAGE COMBAT A2 1
DAMAGE COMBAT B2 1
END TURN 10
TURN 11
COMMAND LEFT START
COMMAND LEFT END
COMMAND RIGHT START
COMMAND RIGHT END
TURN 11 RESULT
TIME LEFT 0 5 RIGHT 0 5
DAMAGE COMBAT A2 1
DAMAGE COMBAT B2 1
END TURN 11
TURN 12
COMMAND LEFT START
TRAIN 1
COMMAND LEFT END
COMMAND RIGHT START
MOVE B3 103
TRAIN 1
COMMAND RIGHT END
TURN 12 RESULT
TIME LEFT 1 5 RIGHT 0 5
TRAIN A4 B4
MOVE B3 199
END TURN 12
TURN 13
COMMAND LEFT START
MOVE A4 47
COMMAND LEFT END
COMMAND RIGHT START
COMMAND RIGHT END
TURN 13 RESULT
TIME LEFT 1 5 RIGHT 0 5
MOVE A4 3
MOVE B3 190
END TURN 13
TURN 14
COMMAND LEFT START
COMMAND LEFT END
COMMAND RIGHT START
COMMAND RIGHT END
TURN 14 RESULT
TIME LEFT 0 5 RIGHT 0 5
MOVE A4 9
MOVE B3 179
END TURN 14
TURN 15
COMMAND LEFT START
COMMAND LEFT END
COMMAND RIGHT START
COMMAND RIGHT END
TURN 15 RESULT
TIME LEFT 0 5 RIGHT 0 5
MOVE A4 18
MOVE B3 166
END TURN 15
TURN 16
COMMAND LEFT START
COMMAND LEFT END
COMMAND RIGHT START
COMMAND RIGHT END
TURN 16 RESULT
TIME LEFT 0 5 RIGHT 0 5
MOVE A4 32
MOVE B3 150
END TURN 16
TURN 17
COMMAND LEFT START
COMMAND LEFT END
COMMAND RIGHT START
COMMAND RIGHT END
TURN 17 RESULT
TIME LEFT 0 5 RIGHT 0 5
MOVE A4 42
MOVE B3 133
END TURN 17
TURN 18
COMMAND LEFT START
COMMAND LEFT END
COMMAND RIGHT START
COMMAND RIGHT END
TURN 18 RESULT
TIME LEFT 0 5 RIGHT 0 5
MOVE A4 47
MOVE B3 124
END TURN 18
TURN 19
COMMAND LEFT START
UPGRADE 47
COMMAND LEFT END
COMMAND RIGHT START
COMMAND RIGHT END
TURN 19 RESULT
TIME LEFT 1 5 RIGHT 0 5
UPGRADE A 47
MOVE B3 103
END TURN 19
TURN 20
COMMAND LEFT START
COMMAND LEFT END
COMMAND RIGHT START
UPGRADE 103
COMMAND RIGHT END
TURN 20 RESULT
TIME LEFT 1 5 RIGHT 0 5
UPGRADE B 103
END TURN 20
TURN 21
COMMAND LEFT START
COMMAND LEFT END
COMMAND RIGHT START
COMMAND RIGHT END
TURN 21 RESULT
TIME LEFT 1 5 RIGHT 0 5
END TURN 21
TURN 22
COMMAND LEFT START
COMMAND LEFT END
COMMAND RIGHT START
COMMAND RIGHT END
TURN 22 RESULT
TIME LEFT 1 5 RIGHT 0 5
END TURN 22
TURN 23
COMMAND LEFT START
COMMAND LEFT END
COMMAND RIGHT START
TRAIN 1
COMMAND RIGHT END
TURN 23 RESULT
TIME LEFT 1 5 RIGHT 0 5
TRAIN B5
END TURN 23
TURN 24
COMMAND LEFT START
COMMAND LEFT END
COMMAND RIGHT START
COMMAND RIGHT END
TURN 24 RESULT
TIME LEFT 1 5 RIGHT 0 5
END TURN 24
TURN 25
COMMAND LEFT START
COMMAND LEFT END
COMMAND RIGHT START
COMMAND RIGHT END
TURN 25 RESULT
TIME LEFT 1 5 RIGHT 0 5
END TURN 25
TURN 26
COMMAND LEFT START
COMMAND LEFT END
COMMAND RIGHT START
COMMAND RIGHT END
TURN 26 RESULT
TIME LEFT 1 5 RIGHT 0 5
END TURN 26
TURN 27
COMMAND LEFT START
COMMAND LEFT END
COMMAND RIGHT START
COMMAND RIGHT END
TURN 27 RESULT
TIME LEFT 1 5 RIGHT 0 5
END TURN 27
TURN 28
COMMAND LEFT START
TRAIN 1
COMMAND LEFT END
COMMAND RIGHT START
COMMAND RIGHT END
TURN 28 RESULT
TIME LEFT 1 5 RIGHT 0 5
TRAIN A5
END TURN 28
TURN 29
COMMAND LEFT START
MOVE A5 85
COMMAND LEFT END
COMMAND RIGHT START
COMMAND RIGHT END
TURN 29 RESULT
TIME LEFT 0 5 RIGHT 0 5
MOVE A5 7
END TURN 29
TURN 30
COMMAND LEFT START
COMMAND LEFT END
COMMAND RIGHT START
COMMAND RIGHT END
TURN 30 RESULT
TIME LEFT 1 5 RIGHT 0 5
MOVE A5 17
END TURN 30
TURN 31
COMMAND LEFT START
COMMAND LEFT END
COMMAND RIGHT START
COMMAND RIGHT END
TURN 31 RESULT
TIME LEFT 0 5 RIGHT 0 5
MOVE A5 19
END TURN 31
TURN 32
COMMAND LEFT START
COMMAND LEFT END
COMMAND RIGHT START
COMMAND RIGHT END
TURN 32 RESULT
TIME LEFT 0 5 RIGHT 0 5
MOVE A5 37
END TURN 32
TURN 33
COMMAND LEFT START
COMMAND LEFT END
COMMAND RIGHT START
MOVE B5 185
COMMAND RIGHT END
TURN 33 RESULT
TIME LEFT 0 5 RIGHT 0 5
MOVE A5 45
MOVE B5 205
END TURN 33
TURN 34
COMMAND LEFT START
COMMAND LEFT END
COMMAND RIGHT START
COMMAND RIGHT END
TURN 34 RESULT
TIME LEFT 0 5 RIGHT 0 5
MOVE A5 71
MOVE B5 204
END TURN 34
TURN 35
COMMAND LEFT START
COMMAND LEFT END
COMMAND RIGHT START
COMMAND RIGHT END
TURN 35 RESULT
TIME LEFT 0 5 RIGHT 0 5
MOVE A5 85
MOVE B5 201
END TURN 35
TURN 36
COMMAND LEFT START
UPGRADE 85
COMMAND LEFT END
COMMAND RIGHT START
COMMAND RIGHT END
TURN 36 RESULT
TIME LEFT 1 5 RIGHT 0 5
UPGRADE A 85
MOVE B5 185
END TURN 36
TURN 37
COMMAND LEFT START
COMMAND LEFT END
COMMAND RIGHT START
UPGRADE 185
COMMAND RIGHT END
TURN 37 RESULT
TIME LEFT 1 5 RIGHT 0 5
UPGRADE B 185
END TURN 37
TURN 38
COMMAND LEFT START
COMMAND LEFT END
COMMAND RIGHT START
COMMAND RIGHT END
TURN 38 RESULT
TIME LEFT 1 5 RIGHT 0 5
END TURN 38
TURN 39
COMMAND LEFT START
COMMAND LEFT END
COMMAND RIGHT START
TRAIN 1
COMMAND RIGHT END
TURN 39 RESULT
TIME LEFT 1 5 RIGHT 0 5
TRAIN B6
END TURN 39
TURN 40
COMMAND LEFT START
COMMAND LEFT END
COMMAND RIGHT START
COMMAND RIGHT END
TURN 40 RESULT
TIME LEFT 1 5 RIGHT 0 5
END TURN 40
TURN 41
COMMAND LEFT START
TRAIN 1
COMMAND LEFT END
COMMAND RIGHT START
COMMAND RIGHT END
TURN 41 RESULT
TIME LEFT 1 5 RIGHT 0 5
TRAIN A6
END TURN 41
TURN 42
COMMAND LEFT START
MOVE A6 54
COMMAND LEFT END
COMMAND RIGHT START
COMMAND RIGHT END
TURN 42 RESULT
TIME LEFT 0 5 RIGHT 0 5
MOVE A6 7
END TURN 42
TURN 43
COMMAND LEFT START
COMMAND LEFT END
COMMAND RIGHT START
COMMAND RIGHT END
TURN 43 RESULT
TIME LEFT 0 5 RIGHT 0 5
MOVE A6 17
END TURN 43
TURN 44
COMMAND LEFT START
COMMAND LEFT END
COMMAND RIGHT START
COMMAND RIGHT END
TURN 44 RESULT
TIME LEFT 0 5 RIGHT 0 5
MOVE A6 19
END TURN 44
TURN 45
COMMAND LEFT START
COMMAND LEFT END
COMMAND RIGHT START
MOVE B6 166
COMMAND RIGHT END
TURN 45 RESULT
TIME LEFT 0 5 RIGHT 0 5
MOVE A6 37
MOVE B6 199
END TURN 45
TURN 46
COMMAND LEFT START
COMMAND LEFT END
COMMAND RIGHT START
COMMAND RIGHT END
TURN 46 RESULT
TIME LEFT 0 5 RIGHT 0 5
MOVE A6 44
MOVE B6 190
END TURN 46
TURN 47
COMMAND LEFT START
COMMAND LEFT END
COMMAND RIGHT START
COMMAND RIGHT END
TURN 47 RESULT
TIME LEFT 0 5 RIGHT 0 5
MOVE A6 54
MOVE B6 179
END TURN 47
TURN 48
COMMAND LEFT START
UPGRADE 54
COMMAND LEFT END
COMMAND RIGHT START
COMMAND RIGHT END
TURN 48 RESULT
TIME LEFT 1 5 RIGHT 0 5
UPGRADE A 54
MOVE B6 166
END TURN 48
TURN 49
COMMAND LEFT START
COMMAND LEFT END
COMMAND RIGHT START
UPGRADE 166
COMMAND RIGHT END
TURN 49 RESULT
TIME LEFT 1 5 RIGHT 0 5
UPGRADE B 166
END TURN 49
TURN 50
COMMAND LEFT START
COMMAND LEFT END
COMMAND RIGHT START
COMMAND RIGHT END
TURN 50 RESULT
TIME LEFT 1 5 RIGHT 0 5
END TURN 50
TURN 51
COMMAND LEFT START
TRAIN 1
COMMAND LEFT END
COMMAND RIGHT START
COMMAND RIGHT END
TURN 51 RESULT
TIME LEFT 1 5 RIGHT 0 5
TRAIN A7
END TURN 51
TURN 52
COMMAND LEFT START
MOVE A7 63
COMMAND LEFT END
COMMAND RIGHT START
COMMAND RIGHT END
TURN 52 RESULT
TIME LEFT 1 5 RIGHT 0 5
MOVE A7 3
END TURN 52
TURN 53
COMMAND LEFT START
COMMAND LEFT END
COMMAND RIGHT START
COMMAND RIGHT END
TURN 53 RESULT
TIME LEFT 0 5 RIGHT 0 5
MOVE A7 9
END TURN 53
TURN 54
COMMAND LEFT START
COMMAND LEFT END
COMMAND RIGHT START
COMMAND RIGHT END
TURN 54 RESULT
TIME LEFT 0 5 RIGHT 0 5
MOVE A7 18
END TURN 54
TURN 55
COMMAND LEFT START
COMMAND LEFT END
COMMAND RIGHT START
COMMAND RIGHT END
TURN 55 RESULT
TIME LEFT 0 5 RIGHT 0 5
MOVE A7 32
END TURN 55
TURN 56
COMMAND LEFT START
COMMAND LEFT END
COMMAND RIGHT START
COMMAND RIGHT END
TURN 56 RESULT
TIME LEFT 0 5 RIGHT 0 5
MOVE A7 42
END TURN 56
TURN 57
COMMAND LEFT START
COMMAND LEFT END
COMMAND RIGHT START
COMMAND RIGHT END
TURN 57 RESULT
TIME LEFT 0 5 RIGHT 0 5
MOVE A7 47
END TURN 57
TURN 58
COMMAND LEFT START
COMMAND LEFT END
COMMAND RIGHT START
COMMAND RIGHT END
TURN 58 RESULT
TIME LEFT 0 5 RIGHT 0 5
MOVE A7 60
END TURN 58
TURN 59
COMMAND LEFT START
COMMAND LEFT END
COMMAND RIGHT START
UPGRADE 206
COMMAND RIGHT END
TURN 59 RESULT
TIME LEFT 0 5 RIGHT 0 5
UPGRADE B 206
MOVE A7 63
END TURN 59
TURN 60
COMMAND LEFT START
UPGRADE 63
TRAIN 1
COMMAND LEFT END
COMMAND RIGHT START
TRAIN 1
COMMAND RIGHT END
TURN 60 RESULT
TIME LEFT 5 5 RIGHT 3 5
UPGRADE A 63
TRAIN A8 B7
END TURN 60
TURN 61
COMMAND LEFT START
MOVE A8 121
COMMAND LEFT END
COMMAND RIGHT START
COMMAND RIGHT END
TURN 61 RESULT
TIME LEFT 0 5 RIGHT 0 5
MOVE A8 3
END TURN 61
TURN 62
COMMAND LEFT START
COMMAND LEFT END
COMMAND RIGHT START
COMMAND RIGHT END
TURN 62 RESULT
TIME LEFT 0 5 RIGHT 0 5
MOVE A8 11
END TURN 62
TURN 63
COMMAND LEFT START
COMMAND LEFT END
COMMAND RIGHT START
COMMAND RIGHT END
TURN 63 RESULT
TIME LEFT 0 5 RIGHT 0 5
MOVE A8 20
END TURN 63
TURN 64
COMMAND LEFT START
COMMAND LEFT END
COMMAND RIGHT START
COMMAND RIGHT END
TURN 64 RESULT
TIME LEFT 1 5 RIGHT 0 5
MOVE A8 33
END TURN 64
TURN 65
COMMAND LEFT START
COMMAND LEFT END
COMMAND RIGHT START
COMMAND RIGHT END
TURN 65 RESULT
TIME LEFT 0 5 RIGHT 0 5
MOVE A8 41
END TURN 65
TURN 66
COMMAND LEFT START
COMMAND LEFT END
COMMAND RIGHT START
COMMAND RIGHT END
TURN 66 RESULT
TIME LEFT 0 5 RIGHT 0 5
MOVE A8 58
END TURN 66
TURN 67
COMMAND LEFT START
COMMAND LEFT END
COMMAND RIGHT START
COMMAND RIGHT END
TURN 67 RESULT
TIME LEFT 0 5 RIGHT 0 5
MOVE A8 72
END TURN 67
TURN 68
COMMAND LEFT START
COMMAND LEFT END
COMMAND RIGHT START
COMMAND RIGHT END
TURN 68 RESULT
TIME LEFT 0 5 RIGHT 0 5
MOVE A8 89
END TURN 68
TURN 69
COMMAND LEFT START
COMMAND LEFT END
COMMAND RIGHT START
COMMAND RIGHT END
TURN 69 RESULT
TIME LEFT 0 5 RIGHT 0 5
MOVE A8 108
END TURN 69
TURN 70
COMMAND LEFT START
UPGRADE 0
COMMAND LEFT END
COMMAND RIGHT START
COMMAND RIGHT END
TURN 70 RESULT
TIME LEFT 0 5 RIGHT 0 5
UPGRADE A 0
MOVE A8 121
END TURN 70
TURN 71
COMMAND LEFT START
COMMAND LEFT END
COMMAND RIGHT START
COMMAND RIGHT END
TURN 71 RESULT
TIME LEFT 0 5 RIGHT 0 5
END TURN 71
TURN 72
COMMAND LEFT START
COMMAND LEFT END
COMMAND RIGHT START
COMMAND RIGHT END
TURN 72 RESULT
TIME LEFT 0 5 RIGHT 0 5
END TURN 72
TURN 73
COMMAND LEFT START
COMMAND LEFT END
COMMAND RIGHT START
UPGRADE 206
COMMAND RIGHT END
TURN 73 RESULT
TIME LEFT 0 5 RIGHT 0 5
UPGRADE B 206
END TURN 73
TURN 74
COMMAND LEFT START
COMMAND LEFT END
COMMAND RIGHT START
COMMAND RIGHT END
TURN 74 RESULT
TIME LEFT 0 5 RIGHT 0 5
END TURN 74
TURN 75
COMMAND LEFT START
UPGRADE 121
COMMAND LEFT END
COMMAND RIGHT START
TRAIN 1
COMMAND RIGHT END
TURN 75 RESULT
TIME LEFT 1 5 RIGHT 0 5
UPGRADE A 121
TRAIN B8
END TURN 75
TURN 76
COMMAND LEFT START
TRAIN 1
COMMAND LEFT END
COMMAND RIGHT START
COMMAND RIGHT END
TURN 76 RESULT
TIME LEFT 1 5 RIGHT 0 5
TRAIN A9
END TURN 76
TURN 77
COMMAND LEFT START
COMMAND LEFT END
COMMAND RIGHT START
COMMAND RIGHT END
TURN 77 RESULT
TIME LEFT 1 5 RIGHT 0 5
END TURN 77
TURN 78
COMMAND LEFT START
TRAIN 1
COMMAND LEFT END
COMMAND RIGHT START
COMMAND RIGHT END
TURN 78 RESULT
TIME LEFT 1 5 RIGHT 0 5
TRAIN A10
END TURN 78
TURN 79
COMMAND LEFT START
MOVE A10 40
COMMAND LEFT END
COMMAND RIGHT START
COMMAND RIGHT END
TURN 79 RESULT
TIME LEFT 0 5 RIGHT 0 5
MOVE A10 7
END TURN 79
TURN 80
COMMAND LEFT START
COMMAND LEFT END
COMMAND RIGHT START
COMMAND RIGHT END
TURN 80 RESULT
TIME LEFT 1 5 RIGHT 0 5
MOVE A10 16
END TURN 80
TURN 81
COMMAND LEFT START
COMMAND LEFT END
COMMAND RIGHT START
UPGRADE 200
COMMAND RIGHT END
TURN 81 RESULT
TIME LEFT 0 5 RIGHT 0 5
UPGRADE B 200
MOVE A10 27
END TURN 81
TURN 82
COMMAND LEFT START
COMMAND LEFT END
COMMAND RIGHT START
TRAIN 1
COMMAND RIGHT END
TURN 82 RESULT
TIME LEFT 0 5 RIGHT 0 5
TRAIN B9
MOVE A10 40
END TURN 82
TURN 83
COMMAND LEFT START
UPGRADE 40
COMMAND LEFT END
COMMAND RIGHT START
MOVE B4 200
COMMAND RIGHT END
TURN 83 RESULT
TIME LEFT 1 5 RIGHT 0 5
UPGRADE A 40
MOVE B4 202
END TURN 83
TURN 84
COMMAND LEFT START
TRAIN 1
COMMAND LEFT END
COMMAND RIGHT START
COMMAND RIGHT END
TURN 84 RESULT
TIME LEFT 1 5 RIGHT 0 5
TRAIN A11
MOVE B4 200
END TURN 84
TURN 85
COMMAND LEFT START
MOVE A11 21
COMMAND LEFT END
COMMAND RIGHT START
COMMAND RIGHT END
TURN 85 RESULT
TIME LEFT 0 5 RIGHT 0 5
MOVE A11 1
END TURN 85
TURN 86
COMMAND LEFT START
COMMAND LEFT END
COMMAND RIGHT START
COMMAND RIGHT END
TURN 86 RESULT
TIME LEFT 0 5 RIGHT 0 5
MOVE A11 2
END TURN 86
TURN 87
COMMAND LEFT START
COMMAND LEFT END
COMMAND RIGHT START
COMMAND RIGHT END
TURN 87 RESULT
TIME LEFT 0 5 RIGHT 0 5
MOVE A11 5
END TURN 87
TURN 88
COMMAND LEFT START
COMMAND LEFT END
COMMAND RIGHT START
UPGRADE 185
COMMAND RIGHT END
TURN 88 RESULT
TIME LEFT 0 5 RIGHT 0 5
UPGRADE B 185
MOVE A11 21
END TURN 88
TURN 89
COMMAND LEFT START
UPGRADE 21
COMMAND LEFT END
COMMAND RIGHT START
TRAIN 1
COMMAND RIGHT END
TURN 89 RESULT
TIME LEFT 1 5 RIGHT 0 5
UPGRADE A 21
TRAIN B10
END TURN 89
TURN 90
COMMAND LEFT START
COMMAND LEFT END
COMMAND RIGHT START
MOVE B7 185
COMMAND RIGHT END
TURN 90 RESULT
TIME LEFT 1 5 RIGHT 0 5
MOVE B7 205
END TURN 90
TURN 91
COMMAND LEFT START
COMMAND LEFT END
COMMAND RIGHT START
COMMAND RIGHT END
TURN 91 RESULT
TIME LEFT 0 5 RIGHT 0 5
MOVE B7 204
END TURN 91
TURN 92
COMMAND LEFT START
COMMAND LEFT END
COMMAND RIGHT START
COMMAND RIGHT END
TURN 92 RESULT
TIME LEFT 0 5 RIGHT 0 5
MOVE B7 201
END TURN 92
TURN 93
COMMAND LEFT START
COMMAND LEFT END
COMMAND RIGHT START
COMMAND RIGHT END
TURN 93 RESULT
TIME LEFT 1 5 RIGHT 0 5
MOVE B7 185
END TURN 93
TURN 94
COMMAND LEFT START
COMMAND LEFT END
COMMAND RIGHT START
UPGRADE 166
COMMAND RIGHT END
TURN 94 RESULT
TIME LEFT 0 5 RIGHT 0 5
UPGRADE B 166
END TURN 94
TURN 95
COMMAND LEFT START
COMMAND LEFT END
COMMAND RIGHT START
TRAIN 1
COMMAND RIGHT END
TURN 95 RESULT
TIME LEFT 0 5 RIGHT 0 5
TRAIN B11
END TURN 95
TURN 96
COMMAND LEFT START
UPGRADE 0
COMMAND LEFT END
COMMAND RIGHT START
MOVE B8 166
COMMAND RIGHT END
TURN 96 RESULT
TIME LEFT 0 5 RIGHT 0 5
UPGRADE A 0
MOVE B8 199
END TURN 96
TURN 97
COMMAND LEFT START
TRAIN 1
COMMAND LEFT END
COMMAND RIGHT START
COMMAND RIGHT END
TURN 97 RESULT
TIME LEFT 0 5 RIGHT 0 5
TRAIN A12
MOVE B8 190
END TURN 97
TURN 98
COMMAND LEFT START
TRAIN 1
COMMAND LEFT END
COMMAND RIGHT START
COMMAND RIGHT END
TURN 98 RESULT
TIME LEFT 1 5 RIGHT 0 5
TRAIN A13
MOVE B8 179
END TURN 98
TURN 99
COMMAND LEFT START
MOVE A13 73
TRAIN 1
COMMAND LEFT END
COMMAND RIGHT START
COMMAND RIGHT END
TURN 99 RESULT
TIME LEFT 1 5 RIGHT 0 5
TRAIN A14
MOVE A13 7
MOVE B8 166
END TURN 99
TURN 100
COMMAND LEFT START
MOVE A14 85
TRAIN 2
COMMAND LEFT END
COMMAND RIGHT START
UPGRADE 103
COMMAND RIGHT END
TURN 100 RESULT
TIME LEFT 1 5 RIGHT 0 5
UPGRADE B 103
TRAIN A15 A16
MOVE A13 16
MOVE A14 7
END TURN 100
TURN 101
COMMAND LEFT START
MOVE A15 85
MOVE A16 85
TRAIN 1
COMMAND LEFT END
COMMAND RIGHT START
TRAIN 1
COMMAND RIGHT END
TURN 101 RESULT
TIME LEFT 1 5 RIGHT 0 5
TRAIN A17 B12
MOVE A13 27
MOVE A14 17
MOVE A15 7
MOVE A16 7
END TURN 101
TURN 102
COMMAND LEFT START
MOVE A17 85
TRAIN 1
COMMAND LEFT END
COMMAND RIGHT START
MOVE B9 103
COMMAND RIGHT END
TURN 102 RESULT
TIME LEFT 1 5 RIGHT 0 5
TRAIN A18
MOVE A13 40
MOVE A14 19
MOVE A15 17
MOVE A16 17
MOVE A17 7
MOVE B9 199
END TURN 102
TURN 103
COMMAND LEFT START
MOVE A18 85
TRAIN 1
COMMAND LEFT END
COMMAND RIGHT START
COMMAND RIGHT END
TURN 103 RESULT
TIME LEFT 1 5 RIGHT 0 5
TRAIN A19
MOVE A13 56
MOVE A14 37
MOVE A15 19
MOVE A16 19
MOVE A17 17
MOVE A18 7
MOVE B9 190
END TURN 103
TURN 104
COMMAND LEFT START
MOVE A19 85
TRAIN 1
COMMAND LEFT END
COMMAND RIGHT START
COMMAND RIGHT END
TURN 104 RESULT
TIME LEFT 1 5 RIGHT 0 5
TRAIN A20
MOVE A13 73
MOVE A14 45
MOVE A15 37
MOVE A16 37
MOVE A17 19
MOVE A18 17
MOVE A19 7
MOVE B9 179
END TURN 104
TURN 105
COMMAND LEFT START
MOVE A13 40
MOVE A20 85
TRAIN 1
COMMAND LEFT END
COMMAND RIGHT START
COMMAND RIGHT END
TURN 105 RESULT
TIME LEFT 1 5 RIGHT 0 5
TRAIN A21
MOVE A13 56
MOVE A14 71
MOVE A15 45
MOVE A16 45
MOVE A17 37
MOVE A18 19
MOVE A19 17
MOVE A20 7
MOVE B9 166
END TURN 105
TURN 106
COMMAND LEFT START
MOVE A21 190
TRAIN 1
COMMAND LEFT END
COMMAND RIGHT START
UPGRADE 200
COMMAND RIGHT END
TURN 106 RESULT
TIME LEFT 1 5 RIGHT 0 5
UPGRADE B 200
TRAIN A22
MOVE A13 40
MOVE A14 85
MOVE A15 71
MOVE A16 71
MOVE A17 45
MOVE A18 37
MOVE A19 19
MOVE A20 17
MOVE A21 7
MOVE B9 150
END TURN 106
TURN 107
COMMAND LEFT START
MOVE A22 85
MOVE A13 85
TRAIN 1
COMMAND LEFT END
COMMAND RIGHT START
TRAIN 1
COMMAND RIGHT END
TURN 107 RESULT
TIME LEFT 1 5 RIGHT 0 5
TRAIN A23 B13
MOVE A13 56
MOVE A15 85
MOVE A16 85
MOVE A17 71
MOVE A18 45
MOVE A19 37
MOVE A20 19
MOVE A21 16
MOVE A22 7
MOVE B9 133
END TURN 107
TURN 108
COMMAND LEFT START
MOVE A23 85
TRAIN 1
COMMAND LEFT END
COMMAND RIGHT START
MOVE B10 200
COMMAND RIGHT END
TURN 108 RESULT
TIME LEFT 1 5 RIGHT 0 5
TRAIN A24
MOVE A13 66
MOVE A17 85
MOVE A18 71
MOVE A19 45
MOVE A20 37
MOVE A21 27
MOVE A22 17
MOVE A23 7
MOVE B9 124
MOVE B10 202
END TURN 108
TURN 109
COMMAND LEFT START
MOVE A24 85
TRAIN 1
COMMAND LEFT END
COMMAND RIGHT START
COMMAND RIGHT END
TURN 109 RESULT
TIME LEFT 1 5 RIGHT 0 5
TRAIN A25
MOVE A13 81
MOVE A18 85
MOVE A19 71
MOVE A20 45
MOVE A21 40
MOVE A22 19
MOVE A23 17
MOVE A24 7
MOVE B9 103
MOVE B10 200
END TURN 109
TURN 110
COMMAND LEFT START
MOVE A25 85
TRAIN 1
COMMAND LEFT END
COMMAND RIGHT START
COMMAND RIGHT END
TURN 110 RESULT
TIME LEFT 1 5 RIGHT 0 5
TRAIN A26
MOVE A13 85
MOVE A19 85
MOVE A20 71
MOVE A21 56
MOVE A22 37
MOVE A23 19
MOVE A24 17
MOVE A25 7
END TURN 110
TURN 111
COMMAND LEFT START
MOVE A13 103
MOVE A14 103
MOVE A15 103
MOVE A16 103
MOVE A17 103
MOVE A18 103
MOVE A26 85
TRAIN 1
COMMAND LEFT END
COMMAND RIGHT START
UPGRADE 185
COMMAND RIGHT END
TURN 111 RESULT
TIME LEFT 2 5 RIGHT 0 5
UPGRADE B 185
TRAIN A27
MOVE A13 98
MOVE A14 98
MOVE A15 98
MOVE A16 98
MOVE A17 98
MOVE A18 98
MOVE A20 85
MOVE A21 73
MOVE A22 45
MOVE A23 37
MOVE A24 19
MOVE A25 17
MOVE A26 7
END TURN 111
TURN 112
COMMAND LEFT START
MOVE A27 85
COMMAND LEFT END
COMMAND RIGHT START
TRAIN 1
COMMAND RIGHT END
TURN 112 RESULT
TIME LEFT 2 5 RIGHT 0 5
TRAIN B14
MOVE A13 107
MOVE A14 107
MOVE A15 107
MOVE A16 107
MOVE A17 107
MOVE A18 107
MOVE A21 82
MOVE A22 71
MOVE A23 45
MOVE A24 37
MOVE A25 19
MOVE A26 17
MOVE A27 7
END TURN 112
TURN 113
COMMAND LEFT START
TRAIN 1
COMMAND LEFT END
COMMAND RIGHT START
MOVE B11 166
MOVE B12 166
MOVE B13 166
MOVE B1 166
TRAIN 2
COMMAND RIGHT END
TURN 113 RESULT
TIME LEFT 1 5 RIGHT 0 5
TRAIN A28 B15 B16
MOVE A13 103
MOVE A14 103
MOVE A15 103
MOVE A16 103
MOVE A17 103
MOVE A18 103
MOVE A21 103
MOVE A22 85
MOVE A23 71
MOVE A24 45
MOVE A25 37
MOVE A26 19
MOVE A27 17
MOVE B1 194
MOVE B11 199
MOVE B12 199
MOVE B13 199
DAMAGE TURRET A13 1
DAMAGE COMBAT A13 2
DAMAGE COMBAT B3 4
DAMAGE COMBAT B9 3
END TURN 113
TURN 114
COMMAND LEFT START
MOVE A28 85
TRAIN 1
COMMAND LEFT END
COMMAND RIGHT START
TRAIN 1
COMMAND RIGHT END
TURN 114 RESULT
TIME LEFT 2 5 RIGHT 0 5
TRAIN A29 B17
MOVE A23 85
MOVE A24 71
MOVE A25 45
MOVE A26 37
MOVE A27 19
MOVE A28 7
MOVE B1 188
MOVE B11 190
MOVE B12 190
MOVE B13 190
DAMAGE TURRET A13 1
DAMAGE COMBAT A13 1
DAMAGE COMBAT B9 3
SIEGE B 103 4
END TURN 114
TURN 115
COMMAND LEFT START
MOVE A29 85
TRAIN 1
COMMAND LEFT END
COMMAND RIGHT START
MOVE B14 200
TRAIN 1
COMMAND RIGHT END
TURN 115 RESULT
TIME LEFT 4 5 RIGHT 0 5
TRAIN A30 B18
MOVE A21 124
MOVE A24 85
MOVE A25 71
MOVE A26 45
MOVE A27 37
MOVE A28 17
MOVE A29 7
MOVE B1 173
MOVE B11 179
MOVE B12 179
MOVE B13 179
MOVE B14 202
DAMAGE TURRET A13 1
SIEGE B 103 6
END TURN 115
TURN 116
COMMAND LEFT START
MOVE A30 85
TRAIN 1
COMMAND LEFT END
COMMAND RIGHT START
MOVE B15 185
TRAIN 1
COMMAND RIGHT END
TURN 116 RESULT
TIME LEFT 1 5 RIGHT 0 5
TRAIN A31 B19
MOVE A21 133
MOVE A25 85
MOVE A26 71
MOVE A27 45
MOVE A28 19
MOVE A29 17
MOVE A30 7
MOVE B1 166
MOVE B11 166
MOVE B12 166
MOVE B13 166
MOVE B14 200
MOVE B15 205
DAMAGE TURRET A14 1
SIEGE B 103 2
END TURN 116
TURN 117
COMMAND LEFT START
MOVE A14 85
MOVE A15 85
MOVE A16 85
MOVE A17 85
MOVE A31 85
COMMAND LEFT END
COMMAND RIGHT START
COMMAND RIGHT END
TURN 117 RESULT
TIME LEFT 2 5 RIGHT 0 5
MOVE A14 107
MOVE A15 107
MOVE A16 107
MOVE A17 107
MOVE A21 150
MOVE A26 85
MOVE A27 71
MOVE A28 37
MOVE A29 19
MOVE A30 17
MOVE A31 7
MOVE B15 204
END TURN 117
TURN 118
COMMAND LEFT START
COMMAND LEFT END
COMMAND RIGHT START
COMMAND RIGHT END
TURN 118 RESULT
TIME LEFT 1 5 RIGHT 0 5
MOVE A14 98
MOVE A15 98
MOVE A16 98
MOVE A17 98
MOVE A21 166
MOVE A27 85
MOVE A28 45
MOVE A29 37
MOVE A30 19
MOVE A31 17
MOVE B15 201
DAMAGE TURRET A21 1
DAMAGE COMBAT A21 5
DAMAGE COMBAT B1 1
END TURN 118
TURN 119
COMMAND LEFT START
MOVE A19 166
MOVE A20 166
MOVE A22 166
MOVE A23 166
MOVE A24 166
MOVE A25 166
MOVE A26 166
COMMAND LEFT END
COMMAND RIGHT START
COMMAND RIGHT END
TURN 119 RESULT
TIME LEFT 2 5 RIGHT 0 5
MOVE A14 85
MOVE A15 85
MOVE A16 85
MOVE A17 85
MOVE A19 98
MOVE A20 98
MOVE A22 98
MOVE A23 98
MOVE A24 98
MOVE A25 98
MOVE A26 98
MOVE A28 71
MOVE A29 45
MOVE A30 37
MOVE A31 19
MOVE B15 185
END TURN 119
TURN 120
COMMAND LEFT START
COMMAND LEFT END
COMMAND RIGHT START
COMMAND RIGHT END
TURN 120 RESULT
TIME LEFT 1 5 RIGHT 0 5
MOVE A19 107
MOVE A20 107
MOVE A22 107
MOVE A23 107
MOVE A24 107
MOVE A25 107
MOVE A26 107
MOVE A28 85
MOVE A29 71
MOVE A30 45
MOVE A31 37
END TURN 120
TURN 121
COMMAND LEFT START
MOVE A14 103
MOVE A15 103
MOVE A16 103
MOVE A17 103
MOVE A27 103
MOVE A28 103
UPGRADE 103
COMMAND LEFT END
COMMAND RIGHT START
MOVE B13 152
COMMAND RIGHT END
TURN 121 RESULT
TIME LEFT 2 5 RIGHT 0 5
UPGRADE A 103
MOVE A14 98
MOVE A15 98
MOVE A16 98
MOVE A17 98
MOVE A19 119
MOVE A20 119
MOVE A22 119
MOVE A23 119
MOVE A24 119
MOVE A25 119
MOVE A26 119
MOVE A27 98
MOVE A28 98
MOVE A29 85
MOVE A30 71
MOVE A31 45
MOVE B13 163
END TURN 121
TURN 122
COMMAND LEFT START
MOVE A29 195
TRAIN 1
COMMAND LEFT END
COMMAND RIGHT START
UPGRADE 166
COMMAND RIGHT END
TURN 122 RESULT
TIME LEFT 1 5 RIGHT 0 5
UPGRADE B 166
TRAIN A32
MOVE A14 107
MOVE A15 107
MOVE A16 107
MOVE A17 107
MOVE A19 133
MOVE A20 133
MOVE A22 133
MOVE A23 133
MOVE A24 133
MOVE A25 133
MOVE A26 133
MOVE A27 107
MOVE A28 107
MOVE A29 98
MOVE A30 85
MOVE A31 71
MOVE B13 161
END TURN 122
TURN 123
COMMAND LEFT START
MOVE A32 103
MOVE A30 103
TRAIN 1
COMMAND LEFT END
COMMAND RIGHT START
MOVE B19 166
COMMAND RIGHT END
TURN 123 RESULT
TIME LEFT 1 5 RIGHT 0 5
TRAIN A33
MOVE A14 103
MOVE A15 103
MOVE A16 103
MOVE A17 103
MOVE A19 150
MOVE A20 150
MOVE A22 150
MOVE A23 150
MOVE A24 150
MOVE A25 150
MOVE A26 150
MOVE A27 103
MOVE A28 103
MOVE A29 117
MOVE A30 98
MOVE A31 85
MOVE A32 7
MOVE B13 151
MOVE B19 199
END TURN 123
TURN 124
COMMAND LEFT START
MOVE A33 103
MOVE A31 103
TRAIN 1
COMMAND LEFT END
COMMAND RIGHT START
COMMAND RIGHT END
TURN 124 RESULT
TIME LEFT 1 5 RIGHT 0 5
TRAIN A34
MOVE A19 166
MOVE A20 166
MOVE A22 166
MOVE A23 166
MOVE A24 166
MOVE A25 166
MOVE A26 166
MOVE A29 134
MOVE A30 107
MOVE A31 98
MOVE A32 16
MOVE A33 7
MOVE B13 152
MOVE B19 190
DAMAGE TURRET A19 2
DAMAGE COMBAT A19 4
DAMAGE COMBAT A20 1
DAMAGE COMBAT B1 3
DAMAGE COMBAT B6 4
END TURN 124
TURN 125
COMMAND LEFT START
MOVE A34 103
TRAIN 1
COMMAND LEFT END
COMMAND RIGHT START
UPGRADE 152
COMMAND RIGHT END
TURN 125 RESULT
TIME LEFT 1 5 RIGHT 0 5
UPGRADE B 152
TRAIN A35
MOVE A29 148
MOVE A30 103
MOVE A31 107
MOVE A32 27
MOVE A33 16
MOVE A34 7
MOVE B19 179
DAMAGE TURRET A20 2
DAMAGE COMBAT A20 3
DAMAGE COMBAT B8 6
END TURN 125
TURN 126
COMMAND LEFT START
MOVE A35 103
TRAIN 1
COMMAND LEFT END
COMMAND RIGHT START
COMMAND RIGHT END
TURN 126 RESULT
TIME LEFT 1 5 RIGHT 0 5
TRAIN A36
MOVE A29 165
MOVE A31 103
MOVE A32 40
MOVE A33 27
MOVE A34 16
MOVE A35 7
MOVE B19 166
DAMAGE TURRET A22 2
DAMAGE COMBAT A22 3
DAMAGE COMBAT B11 5
END TURN 126
TURN 127
COMMAND LEFT START
MOVE A15 166
MOVE A16 166
MOVE A17 166
MOVE A18 166
MOVE A27 166
MOVE A28 166
MOVE A30 166
MOVE A31 166
MOVE A36 103
COMMAND LEFT END
COMMAND RIGHT START
MOVE B16 166
MOVE B17 166
MOVE B4 166
TRAIN 2
COMMAND RIGHT END
TURN 127 RESULT
TIME LEFT 3 5 RIGHT 0 5
TRAIN B20 B21
MOVE A15 124
MOVE A16 124
MOVE A17 124
MOVE A18 124
MOVE A27 124
MOVE A28 124
MOVE A29 173
MOVE A30 124
MOVE A31 124
MOVE A32 56
MOVE A33 40
MOVE A34 27
MOVE A35 16
MOVE A36 7
MOVE B4 194
MOVE B16 199
MOVE B17 199
DAMAGE TURRET A22 1
DAMAGE TURRET A23 1
DAMAGE COMBAT A23 3
DAMAGE COMBAT B11 1
DAMAGE COMBAT B12 4
END TURN 127
TURN 128
COMMAND LEFT START
TRAIN 1
COMMAND LEFT END
COMMAND RIGHT START
TRAIN 1
COMMAND RIGHT END
TURN 128 RESULT
TIME LEFT 1 5 RIGHT 0 5
TRAIN A37 B22
MOVE A15 133
MOVE A16 133
MOVE A17 133
MOVE A18 133
MOVE A27 133
MOVE A28 133
MOVE A29 186
MOVE A30 133
MOVE A31 133
MOVE A32 73
MOVE A33 56
MOVE A34 40
MOVE A35 27
MOVE A36 16
MOVE B4 188
MOVE B16 190
MOVE B17 190
DAMAGE TURRET A23 2
DAMAGE COMBAT A24 2
DAMAGE COMBAT B12 2
DAMAGE COMBAT B19 2
END TURN 128
TURN 129
COMMAND LEFT START
MOVE A37 103
TRAIN 1
COMMAND LEFT END
COMMAND RIGHT START
MOVE B18 200
COMMAND RIGHT END
TURN 129 RESULT
TIME LEFT 1 5 RIGHT 0 5
TRAIN A38
MOVE A15 150
MOVE A16 150
MOVE A17 150
MOVE A18 150
MOVE A27 150
MOVE A28 150
MOVE A29 195
MOVE A30 150
MOVE A31 150
MOVE A32 82
MOVE A33 73
MOVE A34 56
MOVE A35 40
MOVE A36 27
MOVE A37 7
MOVE B4 173
MOVE B16 179
MOVE B17 179
MOVE B18 202
DAMAGE TURRET A24 2
DAMAGE COMBAT A24 1
DAMAGE COMBAT B19 3
END TURN 129
TURN 130
COMMAND LEFT START
MOVE A29 121
MOVE A38 103
TRAIN 1
COMMAND LEFT END
COMMAND RIGHT START
MOVE B20 200
MOVE B21 200
MOVE B5 200
MOVE B7 200
TRAIN 2
COMMAND RIGHT END
TURN 130 RESULT
TIME LEFT 4 5 RIGHT 0 5
TRAIN A39 B23 B24
MOVE A15 166
MOVE A16 166
MOVE A17 166
MOVE A18 166
MOVE A27 166
MOVE A28 166
MOVE A29 190
MOVE A30 166
MOVE A31 166
MOVE A32 103
MOVE A33 82
MOVE A34 73
MOVE A35 56
MOVE A36 40
MOVE A37 16
MOVE A38 7
MOVE B4 166
MOVE B5 201
MOVE B7 201
MOVE B16 166
MOVE B17 166
MOVE B18 200
MOVE B20 202
MOVE B21 202
DAMAGE TURRET A15 1
DAMAGE TURRET A24 1
DAMAGE COMBAT A15 4
DAMAGE COMBAT B4 4
DAMAGE COMBAT B16 6
DAMAGE COMBAT B19 1
END TURN 130
TURN 131
COMMAND LEFT START
MOVE A32 174
MOVE A39 103
TRAIN 1
COMMAND LEFT END
COMMAND RIGHT START
TRAIN 2
COMMAND RIGHT END
TURN 131 RESULT
TIME LEFT 4 5 RIGHT 1 5
TRAIN A40 B25 B26
MOVE A29 184
MOVE A32 119
MOVE A33 103
MOVE A34 82
MOVE A35 73
MOVE A36 56
MOVE A37 27
MOVE A38 16
MOVE A39 7
MOVE B5 204
MOVE B7 204
MOVE B20 200
MOVE B21 200
DAMAGE TURRET A15 1
DAMAGE TURRET A16 1
DAMAGE COMBAT A16 1
DAMAGE COMBAT B17 6
SIEGE B 166 4
END TURN 131
TURN 132
COMMAND LEFT START
MOVE A40 103
TRAIN 1
COMMAND LEFT END
COMMAND RIGHT START
MOVE B22 185
MOVE B23 185
TRAIN 1
COMMAND RIGHT END
TURN 132 RESULT
TIME LEFT 1 5 RIGHT 0 5
TRAIN A41 B27
MOVE A29 175
MOVE A32 134
MOVE A34 103
MOVE A35 82
MOVE A36 73
MOVE A37 40
MOVE A38 27
MOVE A39 16
MOVE A40 7
MOVE B5 205
MOVE B7 205
MOVE B22 205
MOVE B23 205
DAMAGE TURRET A16 2
SIEGE B 166 9
END TURN 132
TURN 133
COMMAND LEFT START
MOVE A41 103
TRAIN 1
COMMAND LEFT END
COMMAND RIGHT START
TRAIN 1
COMMAND RIGHT END
TURN 133 RESULT
TIME LEFT 3 5 RIGHT 0 5
TRAIN A42 B28
MOVE A29 161
MOVE A32 148
MOVE A35 103
MOVE A36 82
MOVE A37 56
MOVE A38 40
MOVE A39 27
MOVE A40 16
MOVE A41 7
MOVE B5 206
MOVE B7 206
MOVE B22 204
MOVE B23 204
DAMAGE TURRET A16 2
SIEGE B 166 5
END TURN 133
TURN 134
COMMAND LEFT START
MOVE A17 200
MOVE A18 200
MOVE A25 200
MOVE A26 200
MOVE A27 200
MOVE A28 200
MOVE A30 200
MOVE A31 200
MOVE A42 103
COMMAND LEFT END
COMMAND RIGHT START
COMMAND RIGHT END
TURN 134 RESULT
TIME LEFT 3 5 RIGHT 0 5
MOVE A17 173
MOVE A18 173
MOVE A25 173
MOVE A26 173
MOVE A27 173
MOVE A28 173
MOVE A29 135
MOVE A30 173
MOVE A31 173
MOVE A32 160
MOVE A36 103
MOVE A37 73
MOVE A38 56
MOVE A39 40
MOVE A40 27
MOVE A41 16
MOVE A42 7
MOVE B5 202
MOVE B7 202
MOVE B22 201
MOVE B23 201
END TURN 134
TURN 135
COMMAND LEFT START
TRAIN 1
COMMAND LEFT END
COMMAND RIGHT START
COMMAND RIGHT END
TURN 135 RESULT
TIME LEFT 1 5 RIGHT 0 5
TRAIN A43
MOVE A17 188
MOVE A18 188
MOVE A25 188
MOVE A26 188
MOVE A27 188
MOVE A28 188
MOVE A29 121
MOVE A30 188
MOVE A31 188
MOVE A32 174
MOVE A37 82
MOVE A38 73
MOVE A39 56
MOVE A40 40
MOVE A41 27
MOVE A42 16
MOVE B5 200
MOVE B7 200
MOVE B22 185
MOVE B23 185
END TURN 135
TURN 136
COMMAND LEFT START
MOVE A32 103
MOVE A43 103
MOVE A29 103
TRAIN 1
COMMAND LEFT END
COMMAND RIGHT START
COMMAND RIGHT END
TURN 136 RESULT
TIME LEFT 2 5 RIGHT 0 5
TRAIN A44
MOVE A17 194
MOVE A18 194
MOVE A25 194
MOVE A26 194
MOVE A27 194
MOVE A28 194
MOVE A29 108
MOVE A30 194
MOVE A31 194
MOVE A32 160
MOVE A37 103
MOVE A38 82
MOVE A39 73
MOVE A40 56
MOVE A41 40
MOVE A42 27
MOVE A43 7
END TURN 136
TURN 137
COMMAND LEFT START
MOVE A33 135
MOVE A44 103
TRAIN 1
COMMAND LEFT END
COMMAND RIGHT START
COMMAND RIGHT END
TURN 137 RESULT
TIME LEFT 2 5 RIGHT 0 5
TRAIN A45
MOVE A17 200
MOVE A18 200
MOVE A25 200
MOVE A26 200
MOVE A27 200
MOVE A28 200
MOVE A29 99
MOVE A30 200
MOVE A31 200
MOVE A32 148
MOVE A33 116
MOVE A38 103
MOVE A39 82
MOVE A40 73
MOVE A41 56
MOVE A42 40
MOVE A43 16
MOVE A44 7
DAMAGE TURRET A17 2
DAMAGE COMBAT A17 4
DAMAGE COMBAT A18 3
DAMAGE COMBAT B5 4
DAMAGE COMBAT B7 4
END TURN 137
TURN 138
COMMAND LEFT START
MOVE A45 103
TRAIN 1
COMMAND LEFT END
COMMAND RIGHT START
TRAIN 2
COMMAND RIGHT END
TURN 138 RESULT
TIME LEFT 2 5 RIGHT 0 5
TRAIN A46 B29 B30
MOVE A29 103
MOVE A32 134
MOVE A33 125
MOVE A39 103
MOVE A40 82
MOVE A41 73
MOVE A42 56
MOVE A43 27
MOVE A44 16
MOVE A45 7
DAMAGE TURRET A18 2
DAMAGE COMBAT A18 1
DAMAGE COMBAT A25 5
DAMAGE COMBAT B7 1
DAMAGE COMBAT B10 6
END TURN 138
TURN 139
COMMAND LEFT START
MOVE A46 103
TRAIN 1
COMMAND LEFT END
COMMAND RIGHT START
COMMAND RIGHT END
TURN 139 RESULT
TIME LEFT 2 5 RIGHT 0 5
TRAIN A47
MOVE A32 119
MOVE A33 135
MOVE A40 103
MOVE A41 82
MOVE A42 73
MOVE A43 40
MOVE A44 27
MOVE A45 16
MOVE A46 7
DAMAGE TURRET A25 1
DAMAGE TURRET A26 1
DAMAGE COMBAT A26 4
DAMAGE COMBAT B14 6
END TURN 139
TURN 140
COMMAND LEFT START
MOVE A29 152
MOVE A34 152
MOVE A35 152
MOVE A36 152
MOVE A37 152
MOVE A38 152
MOVE A39 152
MOVE A40 152
MOVE A33 121
MOVE A47 103
COMMAND LEFT END
COMMAND RIGHT START
MOVE B30 166
COMMAND RIGHT END
TURN 140 RESULT
TIME LEFT 3 5 RIGHT 0 5
MOVE A29 116
MOVE A32 103
MOVE A33 121
MOVE A34 116
MOVE A35 116
MOVE A36 116
MOVE A37 116
MOVE A38 116
MOVE A39 116
MOVE A40 116
MOVE A41 103
MOVE A42 82
MOVE A43 56
MOVE A44 40
MOVE A45 27
MOVE A46 16
MOVE A47 7
MOVE B30 199
DAMAGE TURRET A26 1
DAMAGE TURRET A27 1
DAMAGE COMBAT A27 3
DAMAGE COMBAT B18 5
END TURN 140
TURN 141
COMMAND LEFT START
MOVE A32 128
MOVE A33 103
TRAIN 1
COMMAND LEFT END
COMMAND RIGHT START
MOVE B29 152
MOVE B28 152
MOVE B27 152
UPGRADE 152
COMMAND RIGHT END
TURN 141 RESULT
TIME LEFT 1 5 RIGHT 0 5
UPGRADE B 152
TRAIN A48
MOVE A29 125
MOVE A32 107
MOVE A33 108
MOVE A34 125
MOVE A35 125
MOVE A36 125
MOVE A37 125
MOVE A38 125
MOVE A39 125
MOVE A40 125
MOVE A42 103
MOVE A43 73
MOVE A44 56
MOVE A45 40
MOVE A46 27
MOVE A47 16
MOVE B27 199
MOVE B28 199
MOVE B29 199
MOVE B30 190
DAMAGE TURRET A27 2
DAMAGE COMBAT A28 3
DAMAGE COMBAT B18 1
DAMAGE COMBAT B20 3
END TURN 141
TURN 142
COMMAND LEFT START
MOVE A48 103
TRAIN 1
COMMAND LEFT END
COMMAND RIGHT START
TRAIN 1
COMMAND RIGHT END
TURN 142 RESULT
TIME LEFT 2 5 RIGHT 0 5
TRAIN A49 B31
MOVE A29 135
MOVE A32 117
MOVE A33 99
MOVE A34 135
MOVE A35 135
MOVE A36 135
MOVE A37 135
MOVE A38 135
MOVE A39 135
MOVE A40 135
MOVE A43 82
MOVE A44 73
MOVE A45 56
MOVE A46 40
MOVE A47 27
MOVE A48 7
MOVE B27 189
MOVE B28 189
MOVE B29 189
MOVE B30 179
DAMAGE TURRET A28 2
DAMAGE COMBAT A28 1
DAMAGE COMBAT A30 1
DAMAGE COMBAT B20 3
END TURN 142
TURN 143
COMMAND LEFT START
MOVE A49 103
TRAIN 1
COMMAND LEFT END
COMMAND RIGHT START
MOVE B31 152
TRAIN 1
COMMAND RIGHT END
TURN 143 RESULT
TIME LEFT 2 5 RIGHT 0 5
TRAIN A50 B32
MOVE A29 142
MOVE A32 128
MOVE A33 103
MOVE A34 142
MOVE A35 142
MOVE A36 142
MOVE A37 142
MOVE A38 142
MOVE A39 142
MOVE A40 142
MOVE A43 103
MOVE A44 82
MOVE A45 73
MOVE A46 56
MOVE A47 40
MOVE A48 16
MOVE A49 7
MOVE B27 187
MOVE B28 187
MOVE B29 187
MOVE B30 166
MOVE B31 199
DAMAGE TURRET A30 2
DAMAGE COMBAT A30 1
DAMAGE COMBAT B21 2
END TURN 143
TURN 144
COMMAND LEFT START
MOVE A32 111
MOVE A50 103
TRAIN 1
COMMAND LEFT END
COMMAND RIGHT START
MOVE B15 152
MOVE B22 152
MOVE B24 152
MOVE B25 152
MOVE B26 152
MOVE B30 185
TRAIN 1
COMMAND RIGHT END
TURN 144 RESULT
TIME LEFT 1 5 RIGHT 0 5
TRAIN A51 B33
MOVE A29 152
MOVE A32 111
MOVE A34 152
MOVE A35 152
MOVE A36 152
MOVE A37 152
MOVE A38 152
MOVE A39 152
MOVE A40 152
MOVE A44 103
MOVE A45 82
MOVE A46 73
MOVE A47 56
MOVE A48 27
MOVE A49 16
MOVE A50 7
MOVE B15 171
MOVE B22 171
MOVE B24 199
MOVE B25 199
MOVE B26 199
MOVE B27 169
MOVE B28 169
MOVE B29 169
MOVE B30 163
MOVE B31 189
DAMAGE TURRET A29 1
DAMAGE TURRET A30 2
DAMAGE COMBAT A29 1
DAMAGE COMBAT A31 1
DAMAGE COMBAT B13 6
DAMAGE COMBAT B21 2
SIEGE B 152 2
END TURN 144
TURN 145
COMMAND LEFT START
MOVE A32 160
MOVE A51 103
TRAIN 1
COMMAND LEFT END
COMMAND RIGHT START
COMMAND RIGHT END
TURN 145 RESULT
TIME LEFT 2 5 RIGHT 0 5
TRAIN A52
MOVE A32 128
MOVE A45 103
MOVE A46 82
MOVE A47 73
MOVE A48 40
MOVE A49 27
MOVE A50 16
MOVE A51 7
MOVE B15 152
MOVE B22 152
MOVE B24 189
MOVE B25 189
MOVE B26 189
MOVE B27 162
MOVE B28 162
MOVE B29 162
MOVE B30 175
MOVE B31 187
DAMAGE TURRET A29 1
DAMAGE TURRET A31 2
DAMAGE COMBAT A29 2
DAMAGE COMBAT A31 1
DAMAGE COMBAT B15 6
DAMAGE COMBAT B21 1
DAMAGE COMBAT B22 2
END TURN 145
TURN 146
COMMAND LEFT START
MOVE A52 103
TRAIN 1
COMMAND LEFT END
COMMAND RIGHT START
TRAIN 1
COMMAND RIGHT END
TURN 146 RESULT
TIME LEFT 1 5 RIGHT 0 5
TRAIN A53 B34
MOVE A32 141
MOVE A46 103
MOVE A47 82
MOVE A48 56
MOVE A49 40
MOVE A50 27
MOVE A51 16
MOVE A52 7
MOVE B24 187
MOVE B25 187
MOVE B26 187
MOVE B27 152
MOVE B28 152
MOVE B29 152
MOVE B30 169
MOVE B31 169
DAMAGE TURRET A29 1
DAMAGE TURRET A31 2
DAMAGE COMBAT A34 4
DAMAGE COMBAT B21 1
DAMAGE COMBAT B22 4
DAMAGE COMBAT B27 4
END TURN 146
TURN 147
COMMAND LEFT START
MOVE A53 103
TRAIN 1
COMMAND LEFT END
COMMAND RIGHT START
MOVE B32 200
COMMAND RIGHT END
TURN 147 RESULT
TIME LEFT 1 5 RIGHT 0 5
TRAIN A54
MOVE A32 153
MOVE A47 103
MOVE A48 73
MOVE A49 56
MOVE A50 40
MOVE A51 27
MOVE A52 16
MOVE A53 7
MOVE B24 169
MOVE B25 169
MOVE B26 169
MOVE B30 177
MOVE B31 162
MOVE B32 202
DAMAGE TURRET A34 1
DAMAGE COMBAT A34 1
DAMAGE COMBAT A35 2
DAMAGE COMBAT B27 2
DAMAGE COMBAT B28 5
END TURN 147
TURN 148
COMMAND LEFT START
MOVE A54 103
COMMAND LEFT END
COMMAND RIGHT START
MOVE B33 200
TRAIN 1
COMMAND RIGHT END
TURN 148 RESULT
TIME LEFT 2 5 RIGHT 0 5
TRAIN B35
MOVE A32 160
MOVE A48 82
MOVE A49 73
MOVE A50 56
MOVE A51 40
MOVE A52 27
MOVE A53 16
MOVE A54 7
MOVE B24 162
MOVE B25 162
MOVE B26 162
MOVE B30 180
MOVE B31 152
MOVE B32 200
MOVE B33 202
DAMAGE TURRET A35 1
DAMAGE COMBAT A35 3
DAMAGE COMBAT B28 1
DAMAGE COMBAT B29 5
END TURN 148
TURN 149
COMMAND LEFT START
MOVE A32 174
TRAIN 1
COMMAND LEFT END
COMMAND RIGHT START
COMMAND RIGHT END
TURN 149 RESULT
TIME LEFT 2 5 RIGHT 0 5
TRAIN A55
MOVE A32 174
MOVE A48 103
MOVE A49 82
MOVE A50 73
MOVE A51 56
MOVE A52 40
MOVE A53 27
MOVE A54 16
MOVE B24 152
MOVE B25 152
MOVE B26 152
MOVE B30 185
MOVE B33 200
DAMAGE TURRET A36 1
DAMAGE COMBAT A36 5
DAMAGE COMBAT B24 4
DAMAGE COMBAT B29 1
END TURN 149
TURN 150
COMMAND LEFT START
MOVE A32 103
MOVE A55 103
TRAIN 1
COMMAND LEFT END
COMMAND RIGHT START
TRAIN 1
COMMAND RIGHT END
TURN 150 RESULT
TIME LEFT 3 5 RIGHT 0 5
TRAIN A56 B36
MOVE A32 160
MOVE A49 103
MOVE A50 82
MOVE A51 73
MOVE A52 56
MOVE A53 40
MOVE A54 27
MOVE A55 7
DAMAGE TURRET A37 1
DAMAGE COMBAT A37 4
DAMAGE COMBAT B24 2
DAMAGE COMBAT B25 2
END TURN 150
TURN 151
COMMAND LEFT START
MOVE A33 190
MOVE A56 103
TRAIN 1
COMMAND LEFT END
COMMAND RIGHT START
TRAIN 1
COMMAND RIGHT END
TURN 151 RESULT
TIME LEFT 2 5 RIGHT 0 5
TRAIN A57 B37
MOVE A32 148
MOVE A33 124
MOVE A50 103
MOVE A51 82
MOVE A52 73
MOVE A53 56
MOVE A54 40
MOVE A55 16
MOVE A56 7
DAMAGE TURRET A37 1
DAMAGE COMBAT A38 3
DAMAGE COMBAT B25 4
END TURN 151
TURN 152
COMMAND LEFT START
MOVE A57 103
TRAIN 1
COMMAND LEFT END
COMMAND RIGHT START
MOVE B34 200
TRAIN 1
COMMAND RIGHT END
TURN 152 RESULT
TIME LEFT 2 5 RIGHT 0 5
TRAIN A58 B38
MOVE A32 134
MOVE A33 133
MOVE A51 103
MOVE A52 82
MOVE A53 73
MOVE A54 56
MOVE A55 27
MOVE A56 16
MOVE A57 7
MOVE B34 202
DAMAGE TURRET A38 1
DAMAGE COMBAT A38 2
DAMAGE COMBAT B26 3
END TURN 152
TURN 153
COMMAND LEFT START
MOVE A41 200
MOVE A42 200
MOVE A43 200
MOVE A44 200
MOVE A45 200
MOVE A46 200
MOVE A47 200
MOVE A48 200
MOVE A49 200
MOVE A50 200
MOVE A51 200
MOVE A58 103
COMMAND LEFT END
COMMAND RIGHT START
MOVE B35 185
COMMAND RIGHT END
TURN 153 RESULT
TIME LEFT 4 5 RIGHT 0 5
MOVE A32 119
MOVE A33 150
MOVE A41 119
MOVE A42 119
MOVE A43 119
MOVE A44 119
MOVE A45 119
MOVE A46 119
MOVE A47 119
MOVE A48 119
MOVE A49 119
MOVE A50 119
MOVE A51 119
MOVE A52 103
MOVE A53 82
MOVE A54 73
MOVE A55 40
MOVE A56 27
MOVE A57 16
MOVE A58 7
MOVE B34 200
MOVE B35 205
DAMAGE TURRET A39 1
DAMAGE COMBAT A39 2
DAMAGE COMBAT B26 2
END TURN 153
TURN 154
COMMAND LEFT START
TRAIN 1
COMMAND LEFT END
COMMAND RIGHT START
COMMAND RIGHT END
TURN 154 RESULT
TIME LEFT 1 5 RIGHT 0 5
TRAIN A59
MOVE A32 103
MOVE A33 166
MOVE A41 134
MOVE A42 134
MOVE A43 134
MOVE A44 134
MOVE A45 134
MOVE A46 134
MOVE A47 134
MOVE A48 134
MOVE A49 134
MOVE A50 134
MOVE A51 134
MOVE A53 103
MOVE A54 82
MOVE A55 56
MOVE A56 40
MOVE A57 27
MOVE A58 16
MOVE B35 204
DAMAGE TURRET A39 1
DAMAGE COMBAT A39 2
DAMAGE COMBAT B26 1
DAMAGE COMBAT B31 1
END TURN 154
TURN 155
COMMAND LEFT START
MOVE A59 103
TRAIN 1
COMMAND LEFT END
COMMAND RIGHT START
TRAIN 1
COMMAND RIGHT END
TURN 155 RESULT
TIME LEFT 1 5 RIGHT 0 5
TRAIN A60 B39
MOVE A33 179
MOVE A41 148
MOVE A42 148
MOVE A43 148
MOVE A44 148
MOVE A45 148
MOVE A46 148
MOVE A47 148
MOVE A48 148
MOVE A49 148
MOVE A50 148
MOVE A51 148
MOVE A54 103
MOVE A55 73
MOVE A56 56
MOVE A57 40
MOVE A58 27
MOVE A59 7
MOVE B35 201
DAMAGE TURRET A40 1
DAMAGE COMBAT A40 1
DAMAGE COMBAT B31 1
END TURN 155
TURN 156
COMMAND LEFT START
MOVE A60 103
TRAIN 1
COMMAND LEFT END
COMMAND RIGHT START
MOVE B39 200
TRAIN 1
COMMAND RIGHT END
TURN 156 RESULT
TIME LEFT 1 5 RIGHT 0 5
TRAIN A61 B40
MOVE A33 190
MOVE A41 160
MOVE A42 160
MOVE A43 160
MOVE A44 160
MOVE A45 160
MOVE A46 160
MOVE A47 160
MOVE A48 160
MOVE A49 160
MOVE A50 160
MOVE A51 160
MOVE A55 82
MOVE A56 73
MOVE A57 56
MOVE A58 40
MOVE A59 16
MOVE A60 7
MOVE B35 185
MOVE B39 202
DAMAGE TURRET A40 1
DAMAGE COMBAT A40 1
DAMAGE COMBAT B31 1
END TURN 156
TURN 157
COMMAND LEFT START
MOVE A33 121
MOVE A61 103
TRAIN 1
COMMAND LEFT END
COMMAND RIGHT START
MOVE B40 200
TRAIN 1
COMMAND RIGHT END
TURN 157 RESULT
TIME LEFT 2 5 RIGHT 0 5
TRAIN A62 B41
MOVE A33 184
MOVE A41 174
MOVE A42 174
MOVE A43 174
MOVE A44 174
MOVE A45 174
MOVE A46 174
MOVE A47 174
MOVE A48 174
MOVE A49 174
MOVE A50 174
MOVE A51 174
MOVE A55 103
MOVE A56 82
MOVE A57 73
MOVE A58 56
MOVE A59 27
MOVE A60 16
MOVE A61 7
MOVE B39 200
MOVE B40 202
DAMAGE TURRET A40 1
DAMAGE COMBAT A40 1
DAMAGE COMBAT B31 1
END TURN 157
TURN 158
COMMAND LEFT START
MOVE A32 135
MOVE A62 103
TRAIN 1
COMMAND LEFT END
COMMAND RIGHT START
MOVE B36 152
MOVE B39 152
COMMAND RIGHT END
TURN 158 RESULT
TIME LEFT 2 5 RIGHT 0 5
TRAIN A63
MOVE A32 116
MOVE A33 175
MOVE A41 194
MOVE A42 194
MOVE A43 194
MOVE A44 194
MOVE A45 194
MOVE A46 194
MOVE A47 194
MOVE A48 194
MOVE A49 194
MOVE A50 194
MOVE A51 194
MOVE A56 103
MOVE A57 82
MOVE A58 73
MOVE A59 40
MOVE A60 27
MOVE A61 16
MOVE A62 7
MOVE B36 199
MOVE B39 197
MOVE B40 200
END TURN 158
TURN 159
COMMAND LEFT START
MOVE A63 103
COMMAND LEFT END
COMMAND RIGHT START
MOVE B32 206
MOVE B33 206
MOVE B34 206
MOVE B40 206
MOVE B23 206
MOVE B30 206
TRAIN 2
COMMAND RIGHT END
TURN 159 RESULT
TIME LEFT 2 5 RIGHT 0 5
TRAIN B42 B43
MOVE A32 125
MOVE A33 161
MOVE A41 200
MOVE A42 200
MOVE A43 200
MOVE A44 200
MOVE A45 200
MOVE A46 200
MOVE A47 200
MOVE A48 200
MOVE A49 200
MOVE A50 200
MOVE A51 200
MOVE A57 103
MOVE A58 82
MOVE A59 56
MOVE A60 40
MOVE A61 27
MOVE A62 16
MOVE A63 7
MOVE B23 201
MOVE B30 201
MOVE B32 202
MOVE B33 202
MOVE B34 202
MOVE B36 189
MOVE B39 195
MOVE B40 202
DAMAGE TURRET A41 2
SIEGE B 200 11
END TURN 159
TURN 160
COMMAND LEFT START
TRAIN 1
COMMAND LEFT END
COMMAND RIGHT START
COMMAND RIGHT END
TURN 160 RESULT
TIME LEFT 6 5 RIGHT 0 5
TRAIN A64
MOVE A32 135
MOVE A33 135
MOVE A58 103
MOVE A59 73
MOVE A60 56
MOVE A61 40
MOVE A62 27
MOVE A63 16
MOVE B23 204
MOVE B30 204
MOVE B32 206
MOVE B33 206
MOVE B34 206
MOVE B36 187
MOVE B39 190
MOVE B40 206
DAMAGE TURRET A41 2
SIEGE B 200 7
END TURN 160
TURN 161
COMMAND LEFT START
MOVE A52 152
MOVE A53 152
MOVE A54 152
MOVE A55 152
MOVE A56 152
MOVE A57 152
MOVE A58 152
MOVE A32 121
MOVE A41 152
MOVE A42 152
MOVE A43 152
MOVE A44 152
MOVE A45 152
MOVE A46 152
MOVE A47 152
MOVE A48 152
MOVE A49 152
MOVE A50 152
MOVE A51 152
MOVE A64 103
COMMAND LEFT END
COMMAND RIGHT START
MOVE B32 185
MOVE B33 185
MOVE B43 152
MOVE B42 152
MOVE B41 152
MOVE B40 152
COMMAND RIGHT END
TURN 161 RESULT
TIME LEFT 6 5 RIGHT 0 5
MOVE A32 121
MOVE A33 121
MOVE A41 197
MOVE A42 197
MOVE A43 197
MOVE A44 197
MOVE A45 197
MOVE A46 197
MOVE A47 197
MOVE A48 197
MOVE A49 197
MOVE A50 197
MOVE A51 197
MOVE A52 116
MOVE A53 116
MOVE A54 116
MOVE A55 116
MOVE A56 116
MOVE A57 116
MOVE A58 116
MOVE A59 82
MOVE A60 73
MOVE A61 56
MOVE A62 40
MOVE A63 27
MOVE A64 7
MOVE B23 205
MOVE B30 205
MOVE B32 205
MOVE B33 205
MOVE B36 169
MOVE B39 184
MOVE B40 199
MOVE B41 199
MOVE B42 199
MOVE B43 199
END TURN 161
TURN 162
COMMAND LEFT START
MOVE A32 162
MOVE A33 103
TRAIN 1
COMMAND LEFT END
COMMAND RIGHT START
COMMAND RIGHT END
TURN 162 RESULT
TIME LEFT 2 5 RIGHT 0 5
TRAIN A65
MOVE A32 135
MOVE A33 108
MOVE A41 195
MOVE A42 195
MOVE A43 195
MOVE A44 195
MOVE A45 195
MOVE A46 195
MOVE A47 195
MOVE A48 195
MOVE A49 195
MOVE A50 195
MOVE A51 195
MOVE A52 125
MOVE A53 125
MOVE A54 125
MOVE A55 125
MOVE A56 125
MOVE A57 125
MOVE A58 125
MOVE A59 103
MOVE A60 82
MOVE A61 73
MOVE A62 56
MOVE A63 40
MOVE A64 16
MOVE B23 206
MOVE B30 206
MOVE B32 204
MOVE B33 204
MOVE B36 162
MOVE B39 175
MOVE B40 189
MOVE B41 189
MOVE B42 189
MOVE B43 189
END TURN 162
TURN 163
COMMAND LEFT START
MOVE A59 121
MOVE A65 103
COMMAND LEFT END
COMMAND RIGHT START
MOVE B23 152
MOVE B30 152
MOVE B34 152
MOVE B37 152
TRAIN 2
COMMAND RIGHT END
TURN 163 RESULT
TIME LEFT 2 5 RIGHT 0 5
TRAIN B44 B45
MOVE A32 151
MOVE A33 99
MOVE A41 190
MOVE A42 190
MOVE A43 190
MOVE A44 190
MOVE A45 190
MOVE A46 190
MOVE A47 190
MOVE A48 190
MOVE A49 190
MOVE A50 190
MOVE A51 190
MOVE A52 135
MOVE A53 135
MOVE A54 135
MOVE A55 135
MOVE A56 135
MOVE A57 135
MOVE A58 135
MOVE A59 99
MOVE A60 103
MOVE A61 82
MOVE A62 73
MOVE A63 56
MOVE A64 27
MOVE A65 7
MOVE B23 199
MOVE B30 199
MOVE B32 201
MOVE B33 201
MOVE B34 199
MOVE B36 152
MOVE B37 199
MOVE B39 169
MOVE B40 187
MOVE B41 187
MOVE B42 187
MOVE B43 187
END TURN 163
TURN 164
COMMAND LEFT START
MOVE A60 121
TRAIN 1
COMMAND LEFT END
COMMAND RIGHT START
TRAIN 2
COMMAND RIGHT END
TURN 164 RESULT
TIME LEFT 2 5 RIGHT 0 5
TRAIN A66 B46 B47
MOVE A32 162
MOVE A33 103
MOVE A41 184
MOVE A42 184
MOVE A43 184
MOVE A44 184
MOVE A45 184
MOVE A46 184
MOVE A47 184
MOVE A48 184
MOVE A49 184
MOVE A50 184
MOVE A51 184
MOVE A52 142
MOVE A53 142
MOVE A54 142
MOVE A55 142
MOVE A56 142
MOVE A57 142
MOVE A58 142
MOVE A59 108
MOVE A60 99
MOVE A61 103
MOVE A62 82
MOVE A63 73
MOVE A64 40
MOVE A65 16
MOVE B23 189
MOVE B30 189
MOVE B32 185
MOVE B33 185
MOVE B34 189
MOVE B37 189
MOVE B39 162
MOVE B40 169
MOVE B41 169
MOVE B42 169
MOVE B43 169
DAMAGE COMBAT A32 1
DAMAGE COMBAT B39 1
END TURN 164
TURN 165
COMMAND LEFT START
MOVE A33 121
MOVE A61 121
MOVE A66 121
MOVE A32 121
TRAIN 1
COMMAND LEFT END
COMMAND RIGHT START
MOVE B38 185
MOVE B44 185
COMMAND RIGHT END
TURN 165 RESULT
TIME LEFT 3 5 RIGHT 0 5
TRAIN A67
MOVE A33 99
MOVE A41 175
MOVE A42 175
MOVE A43 175
MOVE A44 175
MOVE A45 175
MOVE A46 175
MOVE A47 175
MOVE A48 175
MOVE A49 175
MOVE A50 175
MOVE A51 175
MOVE A52 152
MOVE A53 152
MOVE A54 152
MOVE A55 152
MOVE A56 152
MOVE A57 152
MOVE A58 152
MOVE A59 121
MOVE A60 108
MOVE A61 99
MOVE A62 103
MOVE A63 82
MOVE A64 56
MOVE A65 27
MOVE A66 3
MOVE B23 187
MOVE B30 187
MOVE B34 187
MOVE B37 187
MOVE B38 205
MOVE B40 162
MOVE B41 162
MOVE B42 162
MOVE B43 162
MOVE B44 205
DAMAGE TURRET A52 1
DAMAGE COMBAT A32 5
DAMAGE COMBAT A52 2
DAMAGE COMBAT B31 2
DAMAGE COMBAT B36 5
DAMAGE COMBAT B39 1
END TURN 165
TURN 166
COMMAND LEFT START
MOVE A59 189
MOVE A67 103
TRAIN 1
COMMAND LEFT END
COMMAND RIGHT START
COMMAND RIGHT END
TURN 166 RESULT
TIME LEFT 2 5 RIGHT 0 5
TRAIN A68
MOVE A33 108
MOVE A41 169
MOVE A42 169
MOVE A43 169
MOVE A44 169
MOVE A45 169
MOVE A46 169
MOVE A47 169
MOVE A48 169
MOVE A49 169
MOVE A50 169
MOVE A51 169
MOVE A59 135
MOVE A60 121
MOVE A61 108
MOVE A63 103
MOVE A64 73
MOVE A65 40
MOVE A66 11
MOVE A67 7
MOVE B23 169
MOVE B30 169
MOVE B34 169
MOVE B37 169
MOVE B38 204
MOVE B39 152
MOVE B40 152
MOVE B41 152
MOVE B42 152
MOVE B43 152
MOVE B44 204
DAMAGE TURRET A52 1
DAMAGE COMBAT A41 2
DAMAGE COMBAT A42 2
DAMAGE COMBAT A52 2
DAMAGE COMBAT A53 4
DAMAGE COMBAT B23 6
DAMAGE COMBAT B30 5
DAMAGE COMBAT B36 1
DAMAGE COMBAT B39 4
DAMAGE COMBAT B40 2
END TURN 166
TURN 167
COMMAND LEFT START
MOVE A68 103
MOVE A60 103
TRAIN 1
COMMAND LEFT END
COMMAND RIGHT START
TRAIN 2
COMMAND RIGHT END
TURN 167 RESULT
TIME LEFT 2 5 RIGHT 0 5
TRAIN A69 B48 B49
MOVE A33 121
MOVE A59 161
MOVE A60 108
MOVE A61 121
MOVE A64 82
MOVE A65 56
MOVE A66 20
MOVE A67 16
MOVE A68 7
MOVE B38 201
MOVE B44 201
DAMAGE TURRET A53 1
DAMAGE COMBAT A42 3
DAMAGE COMBAT A53 1
DAMAGE COMBAT A54 3
DAMAGE COMBAT B30 1
DAMAGE COMBAT B34 6
DAMAGE COMBAT B37 3
DAMAGE COMBAT B40 4
DAMAGE COMBAT B41 2
END TURN 167
TURN 168
COMMAND LEFT START
MOVE A33 103
MOVE A61 103
MOVE A69 103
COMMAND LEFT END
COMMAND RIGHT START
MOVE B32 152
MOVE B33 152
MOVE B49 185
MOVE B48 185
TRAIN 1
COMMAND RIGHT END
TURN 168 RESULT
TIME LEFT 2 5 RIGHT 0 5
TRAIN B50
MOVE A33 108
MOVE A59 169
MOVE A60 99
MOVE A61 108
MOVE A64 103
MOVE A65 73
MOVE A66 33
MOVE A67 27
MOVE A68 16
MOVE A69 7
MOVE B32 171
MOVE B33 171
MOVE B38 185
MOVE B44 185
MOVE B48 205
MOVE B49 205
DAMAGE TURRET A54 1
DAMAGE COMBAT A42 1
DAMAGE COMBAT A54 2
DAMAGE COMBAT A55 1
DAMAGE COMBAT B37 3
DAMAGE COMBAT B41 4
DAMAGE COMBAT B42 1
END TURN 168
TURN 169
COMMAND LEFT START
TRAIN 1
COMMAND LEFT END
COMMAND RIGHT START
MOVE B50 185
COMMAND RIGHT END
TURN 169 RESULT
TIME LEFT 1 5 RIGHT 0 5
TRAIN A70
MOVE A33 99
MOVE A43 162
MOVE A44 162
MOVE A45 162
MOVE A46 162
MOVE A47 162
MOVE A48 162
MOVE A49 162
MOVE A50 162
MOVE A51 162
MOVE A59 187
MOVE A60 103
MOVE A61 99
MOVE A65 82
MOVE A66 41
MOVE A67 40
MOVE A68 27
MOVE A69 16
MOVE B32 152
MOVE B33 152
MOVE B48 204
MOVE B49 204
MOVE B50 205
DAMAGE TURRET A55 1
DAMAGE COMBAT A55 4
DAMAGE COMBAT B42 4
END TURN 169
TURN 170
COMMAND LEFT START
MOVE A70 103
TRAIN 1
COMMAND LEFT END
COMMAND RIGHT START
COMMAND RIGHT END
TURN 170 RESULT
TIME LEFT 1 5 RIGHT 0 5
TRAIN A71
MOVE A33 103
MOVE A43 152
MOVE A44 152
MOVE A45 152
MOVE A46 152
MOVE A47 152
MOVE A48 152
MOVE A49 152
MOVE A50 152
MOVE A51 152
MOVE A59 189
MOVE A61 103
MOVE A65 103
MOVE A66 58
MOVE A67 56
MOVE A68 40
MOVE A69 27
MOVE A70 7
MOVE B48 201
MOVE B49 201
MOVE B50 204
DAMAGE TURRET A43 1
DAMAGE COMBAT A43 4
DAMAGE COMBAT B32 6
DAMAGE COMBAT B33 5
DAMAGE COMBAT B42 1
END TURN 170
TURN 171
COMMAND LEFT START
MOVE A59 121
MOVE A71 103
TRAIN 1
COMMAND LEFT END
COMMAND RIGHT START
TRAIN 2
COMMAND RIGHT END
TURN 171 RESULT
TIME LEFT 2 5 RIGHT 0 5
TRAIN A72 B51 B52
MOVE A59 187
MOVE A66 72
MOVE A67 73
MOVE A68 56
MOVE A69 40
MOVE A70 16
MOVE A71 7
MOVE B48 185
MOVE B49 185
MOVE B50 201
DAMAGE TURRET A43 1
DAMAGE COMBAT A44 2
DAMAGE COMBAT B33 1
DAMAGE COMBAT B43 6
SIEGE B 152 5
END TURN 171
TURN 172
COMMAND LEFT START
MOVE A33 152
MOVE A60 152
MOVE A61 152
MOVE A62 152
MOVE A63 152
MOVE A64 152
MOVE A65 133
MOVE A72 103
COMMAND LEFT END
COMMAND RIGHT START
MOVE B45 185
MOVE B46 185
MOVE B47 185
TRAIN 1
COMMAND RIGHT END
TURN 172 RESULT
TIME LEFT 3 5 RIGHT 0 5
TRAIN B53
MOVE A33 116
MOVE A59 169
MOVE A60 116
MOVE A61 116
MOVE A62 116
MOVE A63 116
MOVE A64 116
MOVE A65 124
MOVE A66 89
MOVE A67 82
MOVE A68 73
MOVE A69 56
MOVE A70 27
MOVE A71 16
MOVE A72 7
MOVE B45 205
MOVE B46 205
MOVE B47 205
MOVE B50 185
DAMAGE TURRET A44 1
SIEGE B 152 5
END TURN 172
TURN 173
COMMAND LEFT START
MOVE A44 185
MOVE A45 185
MOVE A46 185
MOVE A47 185
MOVE A48 185
MOVE A49 185
MOVE A50 185
MOVE A51 185
MOVE A56 185
MOVE A57 185
MOVE A58 185
COMMAND LEFT END
COMMAND RIGHT START
COMMAND RIGHT END
TURN 173 RESULT
TIME LEFT 4 5 RIGHT 0 5
MOVE A33 125
MOVE A44 171
MOVE A45 171
MOVE A46 171
MOVE A47 171
MOVE A48 171
MOVE A49 171
MOVE A50 171
MOVE A51 171
MOVE A56 171
MOVE A57 171
MOVE A58 171
MOVE A59 161
MOVE A60 125
MOVE A61 125
MOVE A62 125
MOVE A63 125
MOVE A64 125
MOVE A65 133
MOVE A66 108
MOVE A67 103
MOVE A68 82
MOVE A69 73
MOVE A70 40
MOVE A71 27
MOVE A72 16
MOVE B45 204
MOVE B46 204
MOVE B47 204
END TURN 173
TURN 174
COMMAND LEFT START
MOVE A65 153
TRAIN 1
COMMAND LEFT END
COMMAND RIGHT START
COMMAND RIGHT END
TURN 174 RESULT
TIME LEFT 1 5 RIGHT 0 5
TRAIN A73
MOVE A33 135
MOVE A44 185
MOVE A45 185
MOVE A46 185
MOVE A47 185
MOVE A48 185
MOVE A49 185
MOVE A50 185
MOVE A51 185
MOVE A56 185
MOVE A57 185
MOVE A58 185
MOVE A59 135
MOVE A60 135
MOVE A61 135
MOVE A62 135
MOVE A63 135
MOVE A64 135
MOVE A65 148
MOVE A66 121
MOVE A68 103
MOVE A69 82
MOVE A70 56
MOVE A71 40
MOVE A72 27
MOVE B45 201
MOVE B46 201
MOVE B47 201
DAMAGE TURRET A44 2
DAMAGE COMBAT A44 1
DAMAGE COMBAT A45 5
DAMAGE COMBAT B35 6
DAMAGE COMBAT B38 5
END TURN 174
TURN 175
COMMAND LEFT START
MOVE A73 103
MOVE A66 103
TRAIN 1
COMMAND LEFT END
COMMAND RIGHT START
COMMAND RIGHT END
TURN 175 RESULT
TIME LEFT 2 5 RIGHT 0 5
TRAIN A74
MOVE A33 142
MOVE A59 121
MOVE A60 142
MOVE A61 142
MOVE A62 142
MOVE A63 142
MOVE A64 142
MOVE A65 153
MOVE A66 108
MOVE A69 103
MOVE A70 73
MOVE A71 56
MOVE A72 40
MOVE A73 7
MOVE B45 185
MOVE B46 185
MOVE B47 185
DAMAGE TURRET A45 1
DAMAGE TURRET A46 1
DAMAGE COMBAT A46 5
DAMAGE COMBAT A47 3
DAMAGE COMBAT B38 1
DAMAGE COMBAT B44 6
DAMAGE COMBAT B45 3
END TURN 175
TURN 176
COMMAND LEFT START
MOVE A65 197
MOVE A74 103
MOVE A59 103
TRAIN 1
COMMAND LEFT END
COMMAND RIGHT START
COMMAND RIGHT END
TURN 176 RESULT
TIME LEFT 2 5 RIGHT 0 5
TRAIN A75
MOVE A33 152
MOVE A59 108
MOVE A60 152
MOVE A61 152
MOVE A62 152
MOVE A63 152
MOVE A64 152
MOVE A65 160
MOVE A66 99
MOVE A70 82
MOVE A71 73
MOVE A72 56
MOVE A73 16
MOVE A74 7
DAMAGE TURRET A47 2
DAMAGE COMBAT A47 1
DAMAGE COMBAT A48 5
DAMAGE COMBAT B45 3
DAMAGE COMBAT B46 5
END TURN 176
TURN 177
COMMAND LEFT START
MOVE A33 121
MOVE A60 121
MOVE A61 121
MOVE A62 121
MOVE A63 121
MOVE A64 121
MOVE A75 103
TRAIN 1
COMMAND LEFT END
COMMAND RIGHT START
TRAIN 2
COMMAND RIGHT END
TURN 177 RESULT
TIME LEFT 3 5 RIGHT 0 5
TRAIN A76 B54 B55
MOVE A33 142
MOVE A59 99
MOVE A60 142
MOVE A61 142
MOVE A62 142
MOVE A63 142
MOVE A64 142
MOVE A65 174
MOVE A66 103
MOVE A70 103
MOVE A71 82
MOVE A72 73
MOVE A73 27
MOVE A74 16
MOVE A75 7
DAMAGE TURRET A48 1
DAMAGE TURRET A49 1
DAMAGE COMBAT A49 5
DAMAGE COMBAT B46 1
DAMAGE COMBAT B47 6
END TURN 177
TURN 178
COMMAND LEFT START
MOVE A76 103
TRAIN 1
COMMAND LEFT END
COMMAND RIGHT START
COMMAND RIGHT END
TURN 178 RESULT
TIME LEFT 1 5 RIGHT 0 5
TRAIN A77
MOVE A33 129
MOVE A59 103
MOVE A60 129
MOVE A61 129
MOVE A62 129
MOVE A63 129
MOVE A64 129
MOVE A65 188
MOVE A71 103
MOVE A72 82
MOVE A73 40
MOVE A74 27
MOVE A75 16
MOVE A76 7
DAMAGE TURRET A50 2
DAMAGE COMBAT A50 3
DAMAGE COMBAT B48 5
END TURN 178
TURN 179
COMMAND LEFT START
MOVE A77 103
COMMAND LEFT END
COMMAND RIGHT START
COMMAND RIGHT END
TURN 179 RESULT
TIME LEFT 1 5 RIGHT 0 5
MOVE A33 121
MOVE A60 121
MOVE A61 121
MOVE A62 121
MOVE A63 121
MOVE A64 121
MOVE A65 197
MOVE A72 103
MOVE A73 56
MOVE A74 40
MOVE A75 27
MOVE A76 16
MOVE A77 7
DAMAGE TURRET A50 1
DAMAGE TURRET A51 1
DAMAGE COMBAT A51 3
DAMAGE COMBAT B48 1
DAMAGE COMBAT B49 4
END TURN 179
TURN 180
COMMAND LEFT START
MOVE A65 103
MOVE A33 103
MOVE A60 103
MOVE A61 103
MOVE A62 103
MOVE A63 103
MOVE A64 103
TRAIN 1
COMMAND LEFT END
COMMAND RIGHT START
TRAIN 1
COMMAND RIGHT END
TURN 180 RESULT
TIME LEFT 3 5 RIGHT 0 5
TRAIN A78 B56
MOVE A33 108
MOVE A60 108
MOVE A61 108
MOVE A62 108
MOVE A63 108
MOVE A64 108
MOVE A65 186
MOVE A73 73
MOVE A74 56
MOVE A75 40
MOVE A76 27
MOVE A77 16
DAMAGE TURRET A51 2
DAMAGE COMBAT A56 2
DAMAGE COMBAT B49 2
DAMAGE COMBAT B50 2
END TURN 180
TURN 181
COMMAND LEFT START
MOVE A59 128
MOVE A78 103
TRAIN 1
COMMAND LEFT END
COMMAND RIGHT START
TRAIN 2
COMMAND RIGHT END
TURN 181 RESULT
TIME LEFT 2 5 RIGHT 0 5
TRAIN A79 B57 B58
MOVE A33 99
MOVE A59 107
MOVE A60 99
MOVE A61 99
MOVE A62 99
MOVE A63 99
MOVE A64 99
MOVE A65 173
MOVE A73 82
MOVE A74 73
MOVE A75 56
MOVE A76 40
MOVE A77 27
MOVE A78 7
DAMAGE TURRET A56 2
DAMAGE COMBAT A56 1
DAMAGE COMBAT B50 3
END TURN 181
TURN 182
COMMAND LEFT START
MOVE A79 103
TRAIN 1
COMMAND LEFT END
COMMAND RIGHT START
COMMAND RIGHT END
TURN 182 RESULT
TIME LEFT 1 5 RIGHT 0 5
TRAIN A80
MOVE A33 103
MOVE A59 117
MOVE A60 103
MOVE A61 103
MOVE A62 103
MOVE A63 103
MOVE A64 103
MOVE A65 165
MOVE A73 103
MOVE A74 82
MOVE A75 73
MOVE A76 56
MOVE A77 40
MOVE A78 16
MOVE A79 7
DAMAGE TURRET A56 1
DAMAGE TURRET A57 1
DAMAGE COMBAT A57 1
DAMAGE COMBAT B50 1
SIEGE B 185 2
END TURN 182
TURN 183
COMMAND LEFT START
MOVE A33 185
MOVE A60 185
MOVE A61 185
MOVE A62 185
MOVE A63 185
MOVE A64 185
MOVE A66 185
MOVE A67 185
MOVE A68 185
MOVE A69 185
MOVE A80 103
COMMAND LEFT END
COMMAND RIGHT START
COMMAND RIGHT END
TURN 183 RESULT
TIME LEFT 4 5 RIGHT 0 5
MOVE A33 116
MOVE A59 128
MOVE A60 116
MOVE A61 116
MOVE A62 116
MOVE A63 116
MOVE A64 116
MOVE A65 149
MOVE A66 116
MOVE A67 116
MOVE A68 116
MOVE A69 116
MOVE A74 103
MOVE A75 82
MOVE A76 73
MOVE A77 56
MOVE A78 27
MOVE A79 16
MOVE A80 7
DAMAGE TURRET A57 2
SIEGE B 185 2
END TURN 183
TURN 184
COMMAND LEFT START
MOVE A59 111
TRAIN 1
COMMAND LEFT END
COMMAND RIGHT START
COMMAND RIGHT END
TURN 184 RESULT
TIME LEFT 2 5 RIGHT 0 5
TRAIN A81
MOVE A33 125
MOVE A59 111
MOVE A60 125
MOVE A61 125
MOVE A62 125
MOVE A63 125
MOVE A64 125
MOVE A65 133
MOVE A66 125
MOVE A67 125
MOVE A68 125
MOVE A69 125
MOVE A75 103
MOVE A76 82
MOVE A77 73
MOVE A78 40
MOVE A79 27
MOVE A80 16
DAMAGE TURRET A57 2
SIEGE B 185 2
END TURN 184
TURN 185
COMMAND LEFT START
MOVE A59 197
MOVE A81 103
TRAIN 1
COMMAND LEFT END
COMMAND RIGHT START
TRAIN 1
COMMAND RIGHT END
TURN 185 RESULT
TIME LEFT 2 5 RIGHT 0 5
TRAIN A82 B59
MOVE A33 135
MOVE A59 132
MOVE A60 135
MOVE A61 135
MOVE A62 135
MOVE A63 135
MOVE A64 135
MOVE A65 124
MOVE A66 135
MOVE A67 135
MOVE A68 135
MOVE A69 135
MOVE A76 103
MOVE A77 82
MOVE A78 56
MOVE A79 40
MOVE A80 27
MOVE A81 7
DAMAGE TURRET A58 2
SIEGE B 185 1
END TURN 185
TURN 186
COMMAND LEFT START
MOVE A82 103
TRAIN 1
COMMAND LEFT END
COMMAND RIGHT START
COMMAND RIGHT END
TURN 186 RESULT
TIME LEFT 2 5 RIGHT 0 5
TRAIN A83
MOVE A33 151
MOVE A59 159
MOVE A60 151
MOVE A61 151
MOVE A62 151
MOVE A63 151
MOVE A64 151
MOVE A65 103
MOVE A66 151
MOVE A67 151
MOVE A68 151
MOVE A69 151
MOVE A77 103
MOVE A78 73
MOVE A79 56
MOVE A80 40
MOVE A81 16
MOVE A82 7
DAMAGE TURRET A58 2
SIEGE B 185 1
END TURN 186
TURN 187
COMMAND LEFT START
MOVE A83 103
COMMAND LEFT END
COMMAND RIGHT START
MOVE B51 185
MOVE B52 185
MOVE B53 185
COMMAND RIGHT END
TURN 187 RESULT
TIME LEFT 2 5 RIGHT 0 5
MOVE A33 162
MOVE A59 164
MOVE A60 162
MOVE A61 162
MOVE A62 162
MOVE A63 162
MOVE A64 162
MOVE A66 162
MOVE A67 162
MOVE A68 162
MOVE A69 162
MOVE A78 82
MOVE A79 73
MOVE A80 56
MOVE A81 27
MOVE A82 16
MOVE A83 7
MOVE B51 205
MOVE B52 205
MOVE B53 205
DAMAGE TURRET A58 2
SIEGE B 185 1
END TURN 187
TURN 188
COMMAND LEFT START
TRAIN 1
COMMAND LEFT END
COMMAND RIGHT START
MOVE B54 185
MOVE B59 185
MOVE B58 185
COMMAND RIGHT END
TURN 188 RESULT
TIME LEFT 1 5 RIGHT 0 5
TRAIN A84
MOVE A33 180
MOVE A59 174
MOVE A60 180
MOVE A61 180
MOVE A62 180
MOVE A63 180
MOVE A64 180
MOVE A66 180
MOVE A67 180
MOVE A68 180
MOVE A69 180
MOVE A78 103
MOVE A79 82
MOVE A80 73
MOVE A81 40
MOVE A82 27
MOVE A83 16
MOVE B51 204
MOVE B52 204
MOVE B53 204
MOVE B54 205
MOVE B58 205
MOVE B59 205
END TURN 188
TURN 189
COMMAND LEFT START
MOVE A65 185
MOVE A70 185
MOVE A71 185
MOVE A72 185
MOVE A73 185
MOVE A74 185
MOVE A75 185
MOVE A76 185
MOVE A77 185
MOVE A78 185
MOVE A84 103
COMMAND LEFT END
COMMAND RIGHT START
MOVE B55 185
TRAIN 1
COMMAND RIGHT END
TURN 189 RESULT
TIME LEFT 4 5 RIGHT 0 5
TRAIN B60
MOVE A33 185
MOVE A59 188
MOVE A60 185
MOVE A61 185
MOVE A62 185
MOVE A63 185
MOVE A64 185
MOVE A65 116
MOVE A66 185
MOVE A67 185
MOVE A68 185
MOVE A69 185
MOVE A70 116
MOVE A71 116
MOVE A72 116
MOVE A73 116
MOVE A74 116
MOVE A75 116
MOVE A76 116
MOVE A77 116
MOVE A78 116
MOVE A79 103
MOVE A80 82
MOVE A81 56
MOVE A82 40
MOVE A83 27
MOVE A84 7
MOVE B51 201
MOVE B52 201
MOVE B53 201
MOVE B54 204
MOVE B55 205
MOVE B58 204
MOVE B59 204
DAMAGE TURRET A33 2
SIEGE B 185 9
END TURN 189
TURN 190
COMMAND LEFT START
MOVE A33 206
MOVE A60 206
MOVE A61 206
MOVE A62 206
MOVE A63 206
MOVE A64 206
MOVE A66 206
MOVE A67 206
MOVE A68 206
MOVE A69 206
COMMAND LEFT END
COMMAND RIGHT START
COMMAND RIGHT END
TURN 190 RESULT
TIME LEFT 3 5 RIGHT 0 5
MOVE A33 201
MOVE A59 197
MOVE A60 201
MOVE A61 201
MOVE A62 201
MOVE A63 201
MOVE A64 201
MOVE A65 125
MOVE A66 201
MOVE A67 201
MOVE A68 201
MOVE A69 201
MOVE A70 125
MOVE A71 125
MOVE A72 125
MOVE A73 125
MOVE A74 125
MOVE A75 125
MOVE A76 125
MOVE A77 125
MOVE A78 125
MOVE A80 103
MOVE A81 73
MOVE A82 56
MOVE A83 40
MOVE A84 16
MOVE B51 185
MOVE B52 185
MOVE B53 185
MOVE B54 201
MOVE B55 204
MOVE B58 201
MOVE B59 201
DAMAGE COMBAT A33 3
DAMAGE COMBAT B54 6
DAMAGE COMBAT B58 4
END TURN 190
TURN 191
COMMAND LEFT START
MOVE A59 103
TRAIN 1
COMMAND LEFT END
COMMAND RIGHT START
COMMAND RIGHT END
TURN 191 RESULT
TIME LEFT 1 5 RIGHT 0 5
TRAIN A85
MOVE A59 186
MOVE A65 135
MOVE A70 135
MOVE A71 135
MOVE A72 135
MOVE A73 135
MOVE A74 135
MOVE A75 135
MOVE A76 135
MOVE A77 135
MOVE A78 135
MOVE A81 82
MOVE A82 73
MOVE A83 56
MOVE A84 27
MOVE B55 201
DAMAGE COMBAT A33 1
DAMAGE COMBAT A60 2
DAMAGE COMBAT B55 6
DAMAGE COMBAT B58 2
DAMAGE COMBAT B59 2
END TURN 191
TURN 192
COMMAND LEFT START
MOVE A79 128
MOVE A85 103
TRAIN 1
COMMAND LEFT END
COMMAND RIGHT START
COMMAND RIGHT END
TURN 192 RESULT
TIME LEFT 2 5 RIGHT 0 5
TRAIN A86
MOVE A59 173
MOVE A65 151
MOVE A70 151
MOVE A71 151
MOVE A72 151
MOVE A73 151
MOVE A74 151
MOVE A75 151
MOVE A76 151
MOVE A77 151
MOVE A78 151
MOVE A79 107
MOVE A81 103
MOVE A82 82
MOVE A83 73
MOVE A84 40
MOVE A85 7
DAMAGE COMBAT A60 1
DAMAGE COMBAT B59 4
END TURN 192
TURN 193
COMMAND LEFT START
MOVE A86 103
TRAIN 1
COMMAND LEFT END
COMMAND RIGHT START
TRAIN 1
COMMAND RIGHT END
TURN 193 RESULT
TIME LEFT 1 5 RIGHT 0 5
TRAIN A87 B61
MOVE A59 165
MOVE A60 204
MOVE A61 204
MOVE A62 204
MOVE A63 204
MOVE A64 204
MOVE A65 162
MOVE A66 204
MOVE A67 204
MOVE A68 204
MOVE A69 204
MOVE A70 162
MOVE A71 162
MOVE A72 162
MOVE A73 162
MOVE A74 162
MOVE A75 162
MOVE A76 162
MOVE A77 162
MOVE A78 162
MOVE A79 117
MOVE A82 103
MOVE A83 82
MOVE A84 56
MOVE A85 16
MOVE A86 7
END TURN 193
TURN 194
COMMAND LEFT START
MOVE A87 103
TRAIN 1
COMMAND LEFT END
COMMAND RIGHT START
COMMAND RIGHT END
TURN 194 RESULT
TIME LEFT 1 5 RIGHT 0 5
TRAIN A88
MOVE A59 149
MOVE A60 205
MOVE A61 205
MOVE A62 205
MOVE A63 205
MOVE A64 205
MOVE A65 180
MOVE A66 205
MOVE A67 205
MOVE A68 205
MOVE A69 205
MOVE A70 180
MOVE A71 180
MOVE A72 180
MOVE A73 180
MOVE A74 180
MOVE A75 180
MOVE A76 180
MOVE A77 180
MOVE A78 180
MOVE A79 128
MOVE A83 103
MOVE A84 73
MOVE A85 27
MOVE A86 16
MOVE A87 7
END TURN 194
TURN 195
COMMAND LEFT START
MOVE A79 111
MOVE A88 103
COMMAND LEFT END
COMMAND RIGHT START
COMMAND RIGHT END
TURN 195 RESULT
TIME LEFT 2 5 RIGHT 0 5
MOVE A59 133
MOVE A60 206
MOVE A61 206
MOVE A62 206
MOVE A63 206
MOVE A64 206
MOVE A65 185
MOVE A66 206
MOVE A67 206
MOVE A68 206
MOVE A69 206
MOVE A70 185
MOVE A71 185
MOVE A72 185
MOVE A73 185
MOVE A74 185
MOVE A75 185
MOVE A76 185
MOVE A77 185
MOVE A78 185
MOVE A79 111
MOVE A84 82
MOVE A85 40
MOVE A86 27
MOVE A87 16
MOVE A88 7
DAMAGE TURRET A60 2
DAMAGE COMBAT A60 1
DAMAGE COMBAT A61 3
DAMAGE COMBAT A65 3
DAMAGE COMBAT B51 6
DAMAGE COMBAT B52 4
DAMAGE COMBAT B56 6
DAMAGE COMBAT B57 3
END TURN 195
TURN 196
COMMAND LEFT START
MOVE A79 95
MOVE A65 206
MOVE A70 206
MOVE A71 206
MOVE A72 206
MOVE A73 206
MOVE A74 206
MOVE A75 206
MOVE A76 206
MOVE A77 206
MOVE A78 206
COMMAND LEFT END
COMMAND RIGHT START
MOVE B52 206
MOVE B53 206
COMMAND RIGHT END
TURN 196 RESULT
TIME LEFT 4 5 RIGHT 0 5
MOVE A59 124
MOVE A79 104
MOVE A84 103
MOVE A85 56
MOVE A86 40
MOVE A87 27
MOVE A88 16
DAMAGE TURRET A61 2
DAMAGE COMBAT A61 1
DAMAGE COMBAT A62 2
DAMAGE COMBAT A65 2
DAMAGE COMBAT B52 2
DAMAGE COMBAT B53 6
DAMAGE COMBAT B57 3
DAMAGE COMBAT B60 5
END TURN 196
TURN 197
COMMAND LEFT START
TRAIN 1
COMMAND LEFT END
COMMAND RIGHT START
TRAIN 1
COMMAND RIGHT END
TURN 197 RESULT
TIME LEFT 1 5 RIGHT 0 5
TRAIN A89 B62
MOVE A59 103
MOVE A65 201
MOVE A70 201
MOVE A71 201
MOVE A72 201
MOVE A73 201
MOVE A74 201
MOVE A75 201
MOVE A76 201
MOVE A77 201
MOVE A78 201
MOVE A79 98
MOVE A85 73
MOVE A86 56
MOVE A87 40
MOVE A88 27
DAMAGE TURRET A62 2
DAMAGE COMBAT A62 2
DAMAGE COMBAT A63 1
DAMAGE COMBAT B60 1
DAMAGE COMBAT B61 6
END TURN 197
TURN 198
COMMAND LEFT START
MOVE A89 103
TRAIN 1
COMMAND LEFT END
COMMAND RIGHT START
COMMAND RIGHT END
TURN 198 RESULT
TIME LEFT 1 5 RIGHT 0 5
TRAIN A90
MOVE A65 204
MOVE A70 204
MOVE A71 204
MOVE A72 204
MOVE A73 204
MOVE A74 204
MOVE A75 204
MOVE A76 204
MOVE A77 204
MOVE A78 204
MOVE A79 107
MOVE A85 82
MOVE A86 73
MOVE A87 56
MOVE A88 40
MOVE A89 7
DAMAGE TURRET A63 2
DAMAGE COMBAT A63 1
DAMAGE COMBAT B62 6
END TURN 198
TURN 199
COMMAND LEFT START
MOVE A90 103
TRAIN 1
COMMAND LEFT END
COMMAND RIGHT START
COMMAND RIGHT END
TURN 199 RESULT
TIME LEFT 1 5 RIGHT 0 5
TRAIN A91
MOVE A65 205
MOVE A70 205
MOVE A71 205
MOVE A72 205
MOVE A73 205
MOVE A74 205
MOVE A75 205
MOVE A76 205
MOVE A77 205
MOVE A78 205
MOVE A79 103
MOVE A85 103
MOVE A86 82
MOVE A87 73
MOVE A88 56
MOVE A89 16
MOVE A90 7
DAMAGE TURRET A63 2
SIEGE B 206 6
END TURN 199
TURN 200
COMMAND LEFT START
MOVE A91 103
TRAIN 1
COMMAND LEFT END
COMMAND RIGHT START
COMMAND RIGHT END
TURN 200 RESULT
TIME LEFT 2 5 RIGHT 0 5
TRAIN A92
MOVE A65 206
MOVE A70 206
MOVE A71 206
MOVE A72 206
MOVE A73 206
MOVE A74 206
MOVE A75 206
MOVE A76 206
MOVE A77 206
MOVE A78 206
MOVE A79 99
MOVE A86 103
MOVE A87 82
MOVE A88 73
MOVE A89 27
MOVE A90 16
MOVE A91 7
DAMAGE TURRET A64 1
DAMAGE TURRET A65 1
SIEGE B 206 14
END TURN 200
RESULT LEFT_WIN HQ_DESTROYED
