[LEFT ""]
[RIGHT ""]
MAP
245 15
-11008 -10752 -10635 -10168 -9521 -10429 -9443 -8783 -9405 -8628 -8312 -8309 -8634 -8026 -7924 -7915 -8989 -7860 -7730 -8829 -7304 -7250 -6969 -7021 -7048 -6958 -7603 -6898 -6738 -6717 -7616 -6845 -6515 -7091 -6072 -6605 -5963 -5755 -5918 -5838 -5753 -5710 -5407 -5484 -5812 -6115 -5034 -4843 -4926 -4896 -4931 -4826 -4750 -4606 -4486 -4477 -4561 -4326 -4131 -4134 -3938 -4000 -3772 -3760 -3793 -3740 -3571 -3600 -3457 -3629 -3368 -3391 -3437 -3184 -3030 -3082 -2874 -2836 -2911 -2760 -2560 -2523 -2424 -2470 -2390 -2390 -2345 -2185 -2310 -2767 -2190 -2352 -1981 -1954 -1849 -1717 -1787 -1562 -1452 -1521 -1453 -1394 -1371 -1327 -1299 -1142 -865 -698 -1131 -767 -596 -627 -684 -709 -468 -506 -403 -653 -269 -223 -178 -112 0 112 178 223 269 653 403 506 468 709 684 627 596 767 1131 698 865 1142 1299 1327 1371 1394 1453 1521 1452 1562 1787 1717 1849 1954 1981 2352 2190 2767 2310 2185 2345 2390 2390 2470 2424 2523 2560 2760 2911 2836 2874 3082 3030 3184 3437 3391 3368 3629 3457 3600 3571 3740 3793 3760 3772 4000 3938 4134 4131 4326 4561 4477 4486 4606 4750 4826 4931 4896 4926 4843 5034 6115 5812 5484 5407 5710 5753 5838 5918 5755 5963 6605 6072 7091 6515 6845 7616 6717 6738 6898 7603 6958 7048 7021 6969 7250 7304 8829 7730 7860 8989 7915 7924 8026 8634 8309 8312 8628 9405 8783 9443 10429 9521 10168 10635 10752 11008
1428 -779 -3680 -1998 280 4112 2344 -1306 5362 -3125 382 3117 -4331 1512 -1809 5151 -6350 -782 -2844 6871 -4374 3639 -2216 497 1737 5558 7391 2721 -5328 -792 -7587 4407 -3412 8493 4980 -7939 6309 1969 -1746 3619 264 -4517 -3158 -6034 8939 -9218 5924 -2185 -7035 3646 4693 -599 -5207 -3992 743 -9882 10133 1887 3009 7498 -7892 4927 -4531 -5698 -6721 -3156 3985 5745 6637 -1313 -2219 515 -422 1696 -7457 9012 -5219 4974 -4145 3078 -6639 -8193 4166 -3327 904 -168 -1256 8256 7305 -10309 5868 10651 -5037 1903 -6029 -4031 -2633 492 6691 4818 3698 -7087 -1602 -8232 2563 -480 -5049 5443 -11059 -3832 -6022 -2416 843 8272 -8766 6533 2343 10934 3372 4408 -7237 -1340 0 1340 7237 -4408 -3372 -10934 -2343 -6533 8766 -8272 -843 2416 6022 3832 11059 -5443 5049 480 -2563 8232 1602 7087 -3698 -4818 -6691 -492 2633 4031 6029 -1903 5037 -10651 -5868 10309 -7305 -8256 1256 168 -904 3327 -4166 8193 6639 -3078 4145 -4974 5219 -9012 7457 -1696 422 -515 2219 1313 -6637 -5745 -3985 3156 6721 5698 4531 -4927 7892 -7498 -3009 -1887 -10133 9882 -743 3992 5207 599 -4693 -3646 7035 2185 -5924 9218 -8939 6034 3158 4517 -264 -3619 1746 -1969 -6309 7939 -4980 -8493 3412 -4407 7587 792 5328 -2721 -7391 -5558 -1737 -497 2216 -3639 4374 -6871 2844 782 6350 -5151 1809 -1512 4331 -3117 -382 3125 -5362 1306 -2344 -4112 -280 1998 3680 779 -1428
STRONGHOLDS 14 24 41 68 81 87 117 122 127 157 163 176 203 220 230
4 1 4 5 6
5 0 2 3 4 7
5 1 3 9 12 16
4 1 2 7 9
6 0 1 6 7 10 13
4 0 6 8 11
5 0 4 5 11 13
7 1 3 4 9 10 14 17
4 5 11 15 19
7 2 3 7 12 14 18 20
5 4 7 13 17 23
7 5 6 8 13 15 21 27
5 2 9 16 20 28
7 4 6 10 11 23 24 27
6 7 9 17 18 22 29
7 8 11 19 21 25 26 31
4 2 12 28 30
5 7 10 14 23 29
5 9 14 20 22 32
4 8 15 26 33
6 9 12 18 28 32 41
5 11 15 27 31 39
5 14 18 29 32 38
7 10 13 17 24 29 37 40
4 13 23 27 37
5 15 26 31 34 36
5 15 19 25 33 36
6 11 13 21 24 37 39
7 12 16 20 30 35 41 43
7 14 17 22 23 38 40 51
4 16 28 35 45
5 15 21 25 34 39
6 18 20 22 38 41 42
4 19 26 36 44
6 25 31 36 39 46 50
5 28 30 43 45 48
7 25 26 33 34 44 46 59
9 23 24 27 39 40 49 54 57 58
6 22 29 32 42 47 51
7 21 27 31 34 37 49 50
5 23 29 37 51 54
7 20 28 32 42 43 52 53
6 32 38 41 47 53 65
6 28 35 41 48 52 63
4 33 36 56 59
5 30 35 48 55 60
7 34 36 50 59 61 67 68
6 38 42 51 65 69 70
6 35 43 45 60 63 64
5 37 39 50 58 66
6 34 39 46 49 61 66
7 29 38 40 47 54 69 72
5 41 43 53 62 63
5 41 42 52 62 65
7 37 40 51 57 71 72 73
4 45 60 81 89
4 44 59 75 91
4 37 54 58 73
6 37 49 57 66 73 79
8 36 44 46 56 68 75 87 88
6 45 48 55 64 74 81
5 46 50 66 67 77
6 52 53 63 65 76 78
7 43 48 52 62 64 76 80
5 48 60 63 74 80
7 42 47 53 62 70 78 83
7 49 50 58 61 77 79 82
5 46 61 68 77 90
5 46 59 67 88 90
5 47 51 70 72 86
6 47 65 69 83 86 96
5 54 72 73 84 85
6 51 54 69 71 85 86
7 54 57 58 71 79 84 93
5 60 64 80 81 101
4 56 59 87 91
6 62 63 78 80 92 94
6 61 66 67 82 90 99
6 62 65 76 83 92 95
7 58 66 73 82 93 100 104
6 63 64 74 76 94 101
6 55 60 74 89 101 103
5 66 77 79 99 100
5 65 70 78 95 96
5 71 73 85 93 97
6 71 72 84 86 97 105
7 69 70 72 85 96 102 105
5 59 75 88 91 113
6 59 68 87 90 98 113
5 55 81 103 108 114
7 67 68 77 88 98 99 107
5 56 75 87 113 117
5 76 78 94 95 106
6 73 79 84 97 104 112
6 76 80 92 101 106 110
6 78 83 92 96 106 109
7 70 83 86 95 102 109 111
5 84 85 93 105 112
5 88 90 107 113 115
6 77 82 90 100 107 119
6 79 82 99 104 118 119
7 74 80 81 94 103 110 120
5 86 96 105 111 121
5 81 89 101 114 120
6 79 93 100 112 116 118
7 85 86 97 102 112 121 122
7 92 94 95 109 110 125 137
7 90 98 99 115 119 134 138
3 89 114 127
6 95 96 106 111 125 126
6 94 101 106 120 129 137
6 96 102 109 121 126 128
7 93 97 104 105 116 122 123
8 87 88 91 98 115 117 124 130
6 89 103 108 120 127 131
5 98 107 113 124 134
5 104 112 118 123 133
4 91 113 130 136
6 100 104 116 119 133 135
6 99 100 107 118 135 138
6 101 103 110 114 129 131
6 102 105 111 122 128 132
6 105 112 121 123 132 139
6 112 116 122 133 139 142
6 113 115 130 134 141 143
6 106 109 126 137 144 145
6 109 111 125 128 140 144
4 108 114 131 153
5 111 121 126 132 140
5 110 120 131 137 146
6 113 117 124 136 141 155
8 114 120 127 129 146 153 156 157
7 121 122 128 139 140 147 151
6 116 118 123 135 142 148
6 107 115 124 138 143 150
6 118 119 133 138 148 149
3 117 130 155
7 106 110 125 129 145 146 154
7 107 119 134 135 149 150 152
7 122 123 132 142 147 158 159
6 126 128 132 144 151 165
5 124 130 143 155 163
5 123 133 139 148 158
7 124 134 141 150 163 164 170
6 125 126 140 145 162 165
6 125 137 144 154 162 167
5 129 131 137 154 156
5 132 139 151 159 160
7 133 135 142 149 158 161 174
6 135 138 148 152 161 166
6 134 138 143 152 164 168
6 132 140 147 160 165 171
5 138 149 150 166 168
5 127 131 157 169 188
7 137 145 146 156 167 176 177
5 130 136 141 163 189
6 131 146 154 157 176 185
5 131 153 156 169 185
7 139 142 148 159 172 174 175
6 139 147 158 160 172 173
5 147 151 159 171 173
5 148 149 166 174 179
5 144 145 165 167 178
6 141 143 155 170 184 189
6 143 150 168 170 180 181
7 140 144 151 162 171 178 186
6 149 152 161 168 179 182
6 145 154 162 177 178 183
6 150 152 164 166 181 182
4 153 157 185 188
5 143 163 164 180 184
7 151 160 165 173 186 187 190
6 158 159 173 175 190 193
5 159 160 171 172 190
6 148 158 161 175 179 197
5 158 172 174 193 197
5 154 156 177 185 198
5 154 167 176 183 198
7 162 165 167 183 186 194 195
7 161 166 174 182 191 197 202
5 164 170 181 184 196
7 164 168 180 182 192 196 201
6 166 168 179 181 191 192
5 167 177 178 194 198
6 163 170 180 189 196 199
8 156 157 169 176 188 198 200 208
6 165 171 178 187 195 207
4 171 186 190 207
4 153 169 185 200
4 155 163 184 199
7 171 172 173 187 193 204 207
5 179 182 192 202 203
5 181 182 191 201 203
7 172 175 190 197 204 206 215
6 178 183 195 198 205 210
5 178 186 194 205 207
6 180 181 184 199 201 209
6 174 175 179 193 202 206
7 176 177 183 185 194 208 210
5 184 189 196 209 214
4 185 188 208 211
6 181 192 196 203 209 216
6 179 191 197 203 206 212
7 191 192 201 202 212 216 224
5 190 193 207 215 221
7 194 195 207 210 213 217 223
6 193 197 202 212 215 222
9 186 187 190 195 204 205 217 220 221
7 185 198 200 210 211 218 219
5 196 199 201 214 216
6 194 198 205 208 213 219
4 200 208 218 225
6 202 203 206 222 224 226
5 205 210 219 223 229
4 199 209 216 228
7 193 204 206 221 222 227 230
7 201 203 209 214 224 228 232
6 205 207 220 223 231 233
5 208 211 219 225 229
5 208 210 213 218 229
4 207 217 221 231
7 204 207 215 220 227 231 234
5 206 212 215 226 230
5 205 213 217 229 233
6 203 212 216 226 232 235
4 211 218 229 236
5 212 222 224 230 235
5 215 221 230 234 237
4 214 216 232 242
7 213 218 219 223 225 233 236
6 215 222 226 227 235 237
7 217 220 221 233 234 238 240
5 216 224 228 235 242
7 217 223 229 231 236 238 239
5 221 227 231 237 240
7 224 226 230 232 237 241 242
4 225 229 233 239
7 227 230 234 235 240 241 243
5 231 233 239 240 244
4 233 236 238 244
6 231 234 237 238 243 244
4 235 237 242 243
5 228 232 235 241 243
5 237 240 241 242 244
4 238 239 240 243
END MAP
TURN 1
COMMAND LEFT START
TRAIN 1
COMMAND LEFT END
COMMAND RIGHT START
MOVE B2 220
MOVE B3 230
COMMAND RIGHT END
TURN 1 RESULT
TIME LEFT 9 5 RIGHT 0 5
TRAIN A4
MOVE B2 238
MOVE B3 240
END TURN 1
TURN 2
COMMAND LEFT START
TRAIN 1
COMMAND LEFT END
COMMAND RIGHT START
COMMAND RIGHT END
TURN 2 RESULT
TIME LEFT 0 5 RIGHT 0 5
TRAIN A5
MOVE B2 231
MOVE B3 237
END TURN 2
TURN 3
COMMAND LEFT START
TRAIN 1
COMMAND LEFT END
COMMAND RIGHT START
COMMAND RIGHT END
TURN 3 RESULT
TIME LEFT 0 5 RIGHT 0 5
TRAIN A6
MOVE B2 220
MOVE B3 230
END TURN 3
TURN 4
COMMAND LEFT START
TRAIN 1
COMMAND LEFT END
COMMAND RIGHT START
UPGRADE 220
COMMAND RIGHT END
TURN 4 RESULT
TIME LEFT 0 5 RIGHT 0 5
UPGRADE B 220
TRAIN A7
END TURN 4
TURN 5
COMMAND LEFT START
TRAIN 1
COMMAND LEFT END
COMMAND RIGHT START
COMMAND RIGHT END
TURN 5 RESULT
TIME LEFT 0 5 RIGHT 0 5
TRAIN A8
END TURN 5
TURN 6
COMMAND LEFT START
MOVE A2 244
MOVE A3 244
MOVE A4 244
MOVE A5 244
MOVE A6 244
MOVE A7 244
MOVE A8 244
COMMAND LEFT END
COMMAND RIGHT START
COMMAND RIGHT END
TURN 6 RESULT
TIME LEFT 0 5 RIGHT 0 5
MOVE A2 4
MOVE A3 4
MOVE A4 4
MOVE A5 4
MOVE A6 4
MOVE A7 4
MOVE A8 4
END TURN 6
TURN 7
COMMAND LEFT START
COMMAND LEFT END
COMMAND RIGHT START
COMMAND RIGHT END
TURN 7 RESULT
TIME LEFT 0 5 RIGHT 0 5
MOVE A2 10
MOVE A3 10
MOVE A4 10
MOVE A5 10
MOVE A6 10
MOVE A7 10
MOVE A8 10
END TURN 7
TURN 8
COMMAND LEFT START
COMMAND LEFT END
COMMAND RIGHT START
COMMAND RIGHT END
TURN 8 RESULT
TIME LEFT 0 5 RIGHT 0 5
MOVE A2 23
MOVE A3 23
MOVE A4 23
MOVE A5 23
MOVE A6 23
MOVE A7 23
MOVE A8 23
END TURN 8
TURN 9
COMMAND LEFT START
COMMAND LEFT END
COMMAND RIGHT START
COMMAND RIGHT END
TURN 9 RESULT
TIME LEFT 0 5 RIGHT 0 5
MOVE A2 40
MOVE A3 40
MOVE A4 40
MOVE A5 40
MOVE A6 40
MOVE A7 40
MOVE A8 40
END TURN 9
TURN 10
COMMAND LEFT START
COMMAND LEFT END
COMMAND RIGHT START
COMMAND RIGHT END
TURN 10 RESULT
TIME LEFT 0 5 RIGHT 0 5
MOVE A2 54
MOVE A3 54
MOVE A4 54
MOVE A5 54
MOVE A6 54
MOVE A7 54
MOVE A8 54
END TURN 10
TURN 11
COMMAND LEFT START
COMMAND LEFT END
COMMAND RIGHT START
COMMAND RIGHT END
TURN 11 RESULT
TIME LEFT 0 5 RIGHT 0 5
MOVE A2 71
MOVE A3 71
MOVE A4 71
MOVE A5 71
MOVE A6 71
MOVE A7 71
MOVE A8 71
END TURN 11
TURN 12
COMMAND LEFT START
COMMAND LEFT END
COMMAND RIGHT START
COMMAND RIGHT END
TURN 12 RESULT
TIME LEFT 0 5 RIGHT 0 5
MOVE A2 85
MOVE A3 85
MOVE A4 85
MOVE A5 85
MOVE A6 85
MOVE A7 85
MOVE A8 85
END TURN 12
TURN 13
COMMAND LEFT START
COMMAND LEFT END
COMMAND RIGHT START
COMMAND RIGHT END
TURN 13 RESULT
TIME LEFT 0 5 RIGHT 0 5
MOVE A2 105
MOVE A3 105
MOVE A4 105
MOVE A5 105
MOVE A6 105
MOVE A7 105
MOVE A8 105
END TURN 13
TURN 14
COMMAND LEFT START
COMMAND LEFT END
COMMAND RIGHT START
COMMAND RIGHT END
TURN 14 RESULT
TIME LEFT 0 5 RIGHT 0 5
MOVE A2 122
MOVE A3 122
MOVE A4 122
MOVE A5 122
MOVE A6 122
MOVE A7 122
MOVE A8 122
END TURN 14
TURN 15
COMMAND LEFT START
COMMAND LEFT END
COMMAND RIGHT START
UPGRADE 230
COMMAND RIGHT END
TURN 15 RESULT
TIME LEFT 0 5 RIGHT 0 5
UPGRADE B 230
MOVE A2 139
MOVE A3 139
MOVE A4 139
MOVE A5 139
MOVE A6 139
MOVE A7 139
MOVE A8 139
END TURN 15
TURN 16
COMMAND LEFT START
COMMAND LEFT END
COMMAND RIGHT START
COMMAND RIGHT END
TURN 16 RESULT
TIME LEFT 0 5 RIGHT 0 5
MOVE A2 159
MOVE A3 159
MOVE A4 159
MOVE A5 159
MOVE A6 159
MOVE A7 159
MOVE A8 159
END TURN 16
TURN 17
COMMAND LEFT START
COMMAND LEFT END
COMMAND RIGHT START
COMMAND RIGHT END
TURN 17 RESULT
TIME LEFT 0 5 RIGHT 0 5
MOVE A2 173
MOVE A3 173
MOVE A4 173
MOVE A5 173
MOVE A6 173
MOVE A7 173
MOVE A8 173
END TURN 17
TURN 18
COMMAND LEFT START
COMMAND LEFT END
COMMAND RIGHT START
COMMAND RIGHT END
TURN 18 RESULT
TIME LEFT 0 5 RIGHT 0 5
MOVE A2 190
MOVE A3 190
MOVE A4 190
MOVE A5 190
MOVE A6 190
MOVE A7 190
MOVE A8 190
END TURN 18
TURN 19
COMMAND LEFT START
COMMAND LEFT END
COMMAND RIGHT START
TRAIN 1
COMMAND RIGHT END
TURN 19 RESULT
TIME LEFT 0 5 RIGHT 0 5
TRAIN B4
MOVE A2 204
MOVE A3 204
MOVE A4 204
MOVE A5 204
MOVE A6 204
MOVE A7 204
MOVE A8 204
END TURN 19
TURN 20
COMMAND LEFT START
COMMAND LEFT END
COMMAND RIGHT START
COMMAND RIGHT END
TURN 20 RESULT
TIME LEFT 0 5 RIGHT 0 5
MOVE A2 221
MOVE A3 221
MOVE A4 221
MOVE A5 221
MOVE A6 221
MOVE A7 221
MOVE A8 221
END TURN 20
TURN 21
COMMAND LEFT START
COMMAND LEFT END
COMMAND RIGHT START
TRAIN 1
COMMAND RIGHT END
TURN 21 RESULT
TIME LEFT 0 5 RIGHT 0 5
TRAIN B5
MOVE A2 234
MOVE A3 234
MOVE A4 234
MOVE A5 234
MOVE A6 234
MOVE A7 234
MOVE A8 234
END TURN 21
TURN 22
COMMAND LEFT START
COMMAND LEFT END
COMMAND RIGHT START
COMMAND RIGHT END
TURN 22 RESULT
TIME LEFT 0 5 RIGHT 0 5
MOVE A2 240
MOVE A3 240
MOVE A4 240
MOVE A5 240
MOVE A6 240
MOVE A7 240
MOVE A8 240
END TURN 22
TURN 23
COMMAND LEFT START
COMMAND LEFT END
COMMAND RIGHT START
COMMAND RIGHT END
TURN 23 RESULT
TIME LEFT 0 5 RIGHT 0 5
MOVE A2 244
MOVE A3 244
MOVE A4 244
MOVE A5 244
MOVE A6 244
MOVE A7 244
MOVE A8 244
DAMAGE TURRET A2 1
DAMAGE COMBAT A2 3
DAMAGE COMBAT B1 4
DAMAGE COMBAT B4 3
END TURN 23
TURN 24
COMMAND LEFT START
COMMAND LEFT END
COMMAND RIGHT START
COMMAND RIGHT END
TURN 24 RESULT
TIME LEFT 0 5 RIGHT 0 5
DAMAGE TURRET A3 1
DAMAGE COMBAT A3 2
DAMAGE COMBAT B4 1
DAMAGE COMBAT B5 4
SIEGE B 244 1
END TURN 24
TURN 25
COMMAND LEFT START
COMMAND LEFT END
COMMAND RIGHT START
TRAIN 1
COMMAND RIGHT END
TURN 25 RESULT
TIME LEFT 0 5 RIGHT 0 5
TRAIN B6
DAMAGE TURRET A3 1
DAMAGE COMBAT A4 1
DAMAGE COMBAT B6 4
SIEGE B 244 2
END TURN 25
TURN 26
COMMAND LEFT START
COMMAND LEFT END
COMMAND RIGHT START
COMMAND RIGHT END
TURN 26 RESULT
TIME LEFT 0 5 RIGHT 0 5
DAMAGE TURRET A4 1
SIEGE B 244 5
END TURN 26
TURN 27
COMMAND LEFT START
COMMAND LEFT END
COMMAND RIGHT START
COMMAND RIGHT END
TURN 27 RESULT
TIME LEFT 0 5 RIGHT 0 5
DAMAGE TURRET A4 1
SIEGE B 244 2
END TURN 27
RESULT LEFT_WIN HQ_DESTROYED
