[LEFT ""]
[RIGHT ""]
MAP
201 17
-11060 -10732 -9899 -10286 -8926 -10171 -9755 -9040 -8432 -8827 -7989 -8719 -7886 -7610 -7647 -7459 -7577 -7402 -7039 -7250 -6585 -8043 -6657 -6911 -6485 -6597 -7386 -6452 -6986 -5986 -5901 -5713 -5631 -5697 -5484 -5599 -5697 -5214 -5448 -5194 -5165 -4894 -5340 -4750 -4747 -4536 -4889 -4697 -4541 -5109 -4226 -4161 -3785 -3958 -3954 -3918 -3703 -3305 -3515 -3502 -3418 -3438 -3259 -2955 -3030 -2836 -2678 -2643 -2894 -2477 -2382 -2006 -1952 -2016 -2035 -1873 -2031 -2316 -1768 -1740 -1653 -1838 -1488 -1155 -1084 -1169 -1036 -1685 -741 -956 -629 -494 -714 -413 -477 -511 -329 -426 -395 -31 0 31 395 426 329 511 477 413 714 494 629 956 741 1685 1036 1169 1084 1155 1488 1838 1653 1740 1768 2316 2031 1873 2035 2016 1952 2006 2382 2477 2894 2643 2678 2836 3030 2955 3259 3438 3418 3502 3515 3305 3703 3918 3954 3958 3785 4161 4226 5109 4541 4697 4889 4536 4747 4750 5340 4894 5165 5194 5448 5214 5697 5599 5484 5697 5631 5713 5901 5986 6986 6452 7386 6597 6485 6911 6657 8043 6585 7250 7039 7402 7577 7459 7647 7610 7886 8719 7989 8827 8432 9040 9755 10171 8926 10286 9899 10732 11060
-691 1448 2463 -4657 -491 4304 -2916 -1626 460 5576 1806 -5969 2923 -3798 -530 3814 -1643 -2656 765 -6012 -334 7247 4493 5652 -1819 1939 -7778 -3958 8465 3503 -5361 892 -1540 2577 5011 6285 -7514 7290 -3049 -4123 -254 1610 9652 -2057 -5269 2805 -8003 -6598 6344 -9921 5292 -3372 -6984 -972 632 4142 7228 -8171 -5508 -4371 -2545 9428 1660 5916 -122 -6503 -1631 -3415 2978 4396 7817 -659 6551 -5603 2286 -4370 764 -10133 -8084 -7109 -2649 8900 4523 1990 -6212 7400 3299 10686 1107 -233 -7981 -2509 4963 8276 -1558 -4961 -3542 6148 -10868 -7079 0 7079 10868 -6148 3542 4961 1558 -8276 -4963 2509 7981 233 -1107 -10686 -3299 -7400 6212 -1990 -4523 -8900 2649 7109 8084 10133 -764 4370 -2286 5603 -6551 659 -7817 -4396 -2978 3415 1631 6503 122 -5916 -1660 -9428 2545 4371 5508 8171 -7228 -4142 -632 972 6984 3372 -5292 9921 -6344 6598 8003 -2805 5269 2057 -9652 -1610 254 4123 3049 -7290 7514 -6285 -5011 -2577 1540 -892 5361 -3503 -8465 3958 7778 -1939 1819 -5652 -4493 -7247 334 6012 -765 2656 1643 -3814 530 3798 -2923 5969 -1806 -5576 -460 1626 2916 -4304 491 4657 -2463 -1448 691
STRONGHOLDS 13 15 18 35 54 75 82 97 100 103 118 125 146 165 182 185 187
4 1 4 6 7
5 0 2 4 5 8
5 1 5 8 10 12
3 6 11 13
5 0 1 7 8 14
5 1 2 9 12 15
5 0 3 7 13 17
6 0 4 6 14 16 17
6 1 2 4 10 14 18
4 5 15 21 23
5 2 8 12 18 25
4 3 13 19 26
6 2 5 10 15 25 29
6 3 6 11 17 19 27
6 4 7 8 16 18 20
6 5 9 12 22 23 29
5 7 14 17 20 24
7 6 7 13 16 24 27 38
6 8 10 14 20 25 31
6 11 13 26 27 30 36
7 14 16 18 24 31 32 40
4 9 23 28 35
4 15 23 29 34
6 9 15 21 22 34 35
5 16 17 20 32 38
6 10 12 18 29 31 33
4 11 19 36 49
6 13 17 19 30 38 39
4 21 35 37 42
8 12 15 22 25 33 34 45 55
6 19 27 36 39 44 47
7 18 20 25 33 40 41 54
6 20 24 38 40 43 53
5 25 29 31 41 45
7 22 23 29 35 48 50 55
6 21 23 28 34 37 48
6 19 26 30 46 47 49
6 28 35 42 48 56 61
7 17 24 27 32 39 43 51
6 27 30 38 44 51 59
5 20 31 32 53 54
5 31 33 45 54 62
3 28 37 61
5 32 38 51 53 60
5 30 39 47 58 59
6 29 33 41 55 62 68
5 36 47 49 52 57
6 30 36 44 46 52 58
6 34 35 37 50 56 63
5 26 36 46 57 77
5 34 48 55 63 69
6 38 39 43 59 60 67
5 46 47 57 58 65
7 32 40 43 54 60 64 66
6 31 40 41 53 62 64
6 29 34 45 50 68 69
6 37 48 61 63 70 72
7 46 49 52 65 77 78 79
6 44 47 52 59 65 73
7 39 44 51 58 67 73 75
6 43 51 53 66 67 80
6 37 42 56 70 81 87
7 41 45 54 64 68 74 76
6 48 50 56 69 72 82
6 53 54 62 66 71 76
5 52 57 58 73 79
5 53 60 64 71 80
5 51 59 60 75 80
6 45 55 62 69 74 86
6 50 55 63 68 82 86
5 56 61 72 81 85
6 64 66 76 80 89 94
7 56 63 70 82 85 92 97
7 58 59 65 75 79 84 95
5 62 68 76 83 86
6 59 67 73 80 95 96
7 62 64 71 74 83 88 89
5 49 57 78 90 98
4 57 77 79 90
7 57 65 73 78 84 90 99
8 60 66 67 71 75 91 94 96
5 61 70 85 87 93
5 63 69 72 86 92
6 74 76 86 88 106 109
5 73 79 95 99 103
6 70 72 81 93 97 101
8 68 69 74 82 83 92 104 109
4 61 81 93 102
5 76 83 89 100 106
5 71 76 88 94 100
6 77 78 79 98 99 107
5 80 94 96 114 117
6 72 82 86 97 104 105
6 81 85 87 101 102 110
7 71 80 89 91 100 112 117
6 73 75 84 96 103 108
6 75 80 91 95 108 114
6 72 85 92 101 105 116
4 77 90 107 113
6 79 84 90 103 107 115
6 88 89 94 106 111 112
6 85 93 97 110 116 121
4 87 93 110 123
6 84 95 99 108 115 128
6 86 92 105 109 120 125
6 92 97 104 116 125 127
7 83 88 100 109 111 120 129
6 90 98 99 113 115 119
6 95 96 103 114 118 128
5 83 86 104 106 120
6 93 101 102 121 122 123
5 100 106 112 124 129
5 94 100 111 117 124
4 98 107 119 139
8 91 96 108 117 118 126 131 132
6 99 103 107 119 128 130
5 97 101 105 121 127
6 91 94 112 114 124 126
5 108 114 128 131 137
5 107 113 115 130 139
8 104 106 109 125 129 133 134 140
7 101 110 116 122 127 135 143
4 110 121 123 143
5 102 110 122 143 151
7 111 112 117 126 129 136 138
6 104 105 120 127 133 141
5 114 117 124 132 138
7 105 116 121 125 135 141 142
7 103 108 115 118 130 137 144
6 106 111 120 124 134 136
5 115 119 128 139 144
6 114 118 132 137 145 150
6 114 126 131 138 145 155
5 120 125 140 141 149
5 120 129 136 140 147
5 121 127 142 143 148
6 124 129 134 138 146 147
6 118 128 131 144 150 152
7 124 126 132 136 146 155 159
6 113 119 130 144 158 163
6 120 133 134 147 149 157
7 125 127 133 142 149 156 161
6 127 135 141 148 153 156
7 121 122 123 135 148 151 154
6 128 130 137 139 152 163
6 131 132 150 155 166 171
6 136 138 147 159 160 169
7 134 136 140 146 157 160 168
5 135 142 143 153 154
6 133 140 141 157 161 162
5 131 137 145 152 166
5 123 143 154 164 174
6 137 144 150 163 165 166
6 142 148 154 156 164 170
5 143 148 151 153 164
6 132 138 145 159 167 171
5 141 142 153 161 170
5 140 147 149 162 168
3 139 163 172
5 138 146 155 167 169
5 146 147 168 169 180
6 141 149 156 162 170 173
7 149 157 161 168 173 176 183
6 139 144 152 158 165 172
6 151 153 154 170 174 181
6 152 163 166 172 177 179
7 145 150 152 165 171 177 178
5 155 159 169 171 175
6 147 157 160 162 176 180
7 146 159 160 167 175 180 182
6 153 156 161 164 173 181
8 145 155 166 167 175 178 185 188
4 158 163 165 179
6 161 162 170 181 183 187
4 151 164 181 189
6 167 169 171 182 188 190
5 162 168 180 183 184
6 165 166 178 179 185 191
4 166 171 177 185
4 165 172 177 191
7 160 168 169 176 182 184 186
6 164 170 173 174 187 189
6 169 175 180 186 190 192
7 162 173 176 184 187 193 194
5 176 180 183 186 193
6 171 177 178 188 191 195
6 180 182 184 192 193 196
6 173 181 183 189 194 197
6 171 175 185 190 195 198
4 174 181 187 197
5 175 182 188 192 198
4 177 179 185 195
6 182 186 190 196 198 199
6 183 184 186 194 196 200
5 183 187 193 197 200
5 185 188 191 198 199
5 186 192 193 199 200
3 187 189 194
5 188 190 192 195 199
5 192 195 196 198 200
4 193 194 196 199
END MAP
TURN 1
COMMAND LEFT START
TRAIN 1
COMMAND LEFT END
COMMAND RIGHT START
MOVE B2 182
MOVE B3 187
COMMAND RIGHT END
TURN 1 RESULT
TIME LEFT 5 5 RIGHT 0 5
TRAIN A4
MOVE B2 196
MOVE B3 194
END TURN 1
TURN 2
COMMAND LEFT START
TRAIN 1
COMMAND LEFT END
COMMAND RIGHT START
COMMAND RIGHT END
TURN 2 RESULT
TIME LEFT 0 5 RIGHT 0 5
TRAIN A5
MOVE B2 192
MOVE B3 187
END TURN 2
TURN 3
COMMAND LEFT START
TRAIN 1
COMMAND LEFT END
COMMAND RIGHT START
UPGRADE 187
COMMAND RIGHT END
TURN 3 RESULT
TIME LEFT 0 5 RIGHT 0 5
UPGRADE B 187
TRAIN A6
MOVE B2 182
END TURN 3
TURN 4
COMMAND LEFT START
TRAIN 1
COMMAND LEFT END
COMMAND RIGHT START
COMMAND RIGHT END
TURN 4 RESULT
TIME LEFT 0 5 RIGHT 0 5
TRAIN A7
END TURN 4
TURN 5
COMMAND LEFT START
TRAIN 1
COMMAND LEFT END
COMMAND RIGHT START
COMMAND RIGHT END
TURN 5 RESULT
TIME LEFT 0 5 RIGHT 0 5
TRAIN A8
END TURN 5
TURN 6
COMMAND LEFT START
MOVE A2 200
MOVE A3 200
MOVE A4 200
MOVE A5 200
MOVE A6 200
MOVE A7 200
MOVE A8 200
COMMAND LEFT END
COMMAND RIGHT START
COMMAND RIGHT END
TURN 6 RESULT
TIME LEFT 0 5 RIGHT 0 5
MOVE A2 4
MOVE A3 4
MOVE A4 4
MOVE A5 4
MOVE A6 4
MOVE A7 4
MOVE A8 4
END TURN 6
TURN 7
COMMAND LEFT START
COMMAND LEFT END
COMMAND RIGHT START
COMMAND RIGHT END
TURN 7 RESULT
TIME LEFT 0 5 RIGHT 0 5
MOVE A2 14
MOVE A3 14
MOVE A4 14
MOVE A5 14
MOVE A6 14
MOVE A7 14
MOVE A8 14
END TURN 7
TURN 8
COMMAND LEFT START
COMMAND LEFT END
COMMAND RIGHT START
COMMAND RIGHT END
TURN 8 RESULT
TIME LEFT 0 5 RIGHT 0 5
MOVE A2 20
MOVE A3 20
MOVE A4 20
MOVE A5 20
MOVE A6 20
MOVE A7 20
MOVE A8 20
END TURN 8
TURN 9
COMMAND LEFT START
COMMAND LEFT END
COMMAND RIGHT START
COMMAND RIGHT END
TURN 9 RESULT
TIME LEFT 0 5 RIGHT 0 5
MOVE A2 40
MOVE A3 40
MOVE A4 40
MOVE A5 40
MOVE A6 40
MOVE A7 40
MOVE A8 40
END TURN 9
TURN 10
COMMAND LEFT START
COMMAND LEFT END
COMMAND RIGHT START
COMMAND RIGHT END
TURN 10 RESULT
TIME LEFT 0 5 RIGHT 0 5
MOVE A2 53
MOVE A3 53
MOVE A4 53
MOVE A5 53
MOVE A6 53
MOVE A7 53
MOVE A8 53
END TURN 10
TURN 11
COMMAND LEFT START
COMMAND LEFT END
COMMAND RIGHT START
COMMAND RIGHT END
TURN 11 RESULT
TIME LEFT 0 5 RIGHT 0 5
MOVE A2 64
MOVE A3 64
MOVE A4 64
MOVE A5 64
MOVE A6 64
MOVE A7 64
MOVE A8 64
END TURN 11
TURN 12
COMMAND LEFT START
COMMAND LEFT END
COMMAND RIGHT START
COMMAND RIGHT END
TURN 12 RESULT
TIME LEFT 0 5 RIGHT 0 5
MOVE A2 71
MOVE A3 71
MOVE A4 71
MOVE A5 71
MOVE A6 71
MOVE A7 71
MOVE A8 71
END TURN 12
TURN 13
COMMAND LEFT START
COMMAND LEFT END
COMMAND RIGHT START
COMMAND RIGHT END
TURN 13 RESULT
TIME LEFT 0 5 RIGHT 0 5
MOVE A2 89
MOVE A3 89
MOVE A4 89
MOVE A5 89
MOVE A6 89
MOVE A7 89
MOVE A8 89
END TURN 13
TURN 14
COMMAND LEFT START
COMMAND LEFT END
COMMAND RIGHT START
UPGRADE 182
COMMAND RIGHT END
TURN 14 RESULT
TIME LEFT 0 5 RIGHT 0 5
UPGRADE B 182
MOVE A2 100
MOVE A3 100
MOVE A4 100
MOVE A5 100
MOVE A6 100
MOVE A7 100
MOVE A8 100
END TURN 14
TURN 15
COMMAND LEFT START
COMMAND LEFT END
COMMAND RIGHT START
COMMAND RIGHT END
TURN 15 RESULT
TIME LEFT 0 5 RIGHT 0 5
MOVE A2 111
MOVE A3 111
MOVE A4 111
MOVE A5 111
MOVE A6 111
MOVE A7 111
MOVE A8 111
END TURN 15
TURN 16
COMMAND LEFT START
COMMAND LEFT END
COMMAND RIGHT START
COMMAND RIGHT END
TURN 16 RESULT
TIME LEFT 0 5 RIGHT 0 5
MOVE A2 129
MOVE A3 129
MOVE A4 129
MOVE A5 129
MOVE A6 129
MOVE A7 129
MOVE A8 129
END TURN 16
TURN 17
COMMAND LEFT START
COMMAND LEFT END
COMMAND RIGHT START
TRAIN 1
COMMAND RIGHT END
TURN 17 RESULT
TIME LEFT 0 5 RIGHT 0 5
TRAIN B4
MOVE A2 136
MOVE A3 136
MOVE A4 136
MOVE A5 136
MOVE A6 136
MOVE A7 136
MOVE A8 136
END TURN 17
TURN 18
COMMAND LEFT START
COMMAND LEFT END
COMMAND RIGHT START
MOVE B4 185
COMMAND RIGHT END
TURN 18 RESULT
TIME LEFT 0 5 RIGHT 0 5
MOVE A2 147
MOVE A3 147
MOVE A4 147
MOVE A5 147
MOVE A6 147
MOVE A7 147
MOVE A8 147
MOVE B4 199
END TURN 18
TURN 19
COMMAND LEFT START
COMMAND LEFT END
COMMAND RIGHT START
COMMAND RIGHT END
TURN 19 RESULT
TIME LEFT 0 5 RIGHT 0 5
MOVE A2 160
MOVE A3 160
MOVE A4 160
MOVE A5 160
MOVE A6 160
MOVE A7 160
MOVE A8 160
MOVE B4 198
END TURN 19
TURN 20
COMMAND LEFT START
COMMAND LEFT END
COMMAND RIGHT START
MOVE B3 200
COMMAND RIGHT END
TURN 20 RESULT
TIME LEFT 0 5 RIGHT 0 5
MOVE A2 180
MOVE A3 180
MOVE A4 180
MOVE A5 180
MOVE A6 180
MOVE A7 180
MOVE A8 180
MOVE B3 194
MOVE B4 188
END TURN 20
TURN 21
COMMAND LEFT START
COMMAND LEFT END
COMMAND RIGHT START
TRAIN 1
COMMAND RIGHT END
TURN 21 RESULT
TIME LEFT 0 5 RIGHT 0 5
TRAIN B5
MOVE A2 186
MOVE A3 186
MOVE A4 186
MOVE A5 186
MOVE A6 186
MOVE A7 186
MOVE A8 186
MOVE B3 200
MOVE B4 185
END TURN 21
TURN 22
COMMAND LEFT START
COMMAND LEFT END
COMMAND RIGHT START
MOVE B4 200
COMMAND RIGHT END
TURN 22 RESULT
TIME LEFT 0 5 RIGHT 0 5
MOVE A2 196
MOVE A3 196
MOVE A4 196
MOVE A5 196
MOVE A6 196
MOVE A7 196
MOVE A8 196
MOVE B4 188
END TURN 22
TURN 23
COMMAND LEFT START
COMMAND LEFT END
COMMAND RIGHT START
COMMAND RIGHT END
TURN 23 RESULT
TIME LEFT 0 5 RIGHT 0 5
MOVE A2 200
MOVE A3 200
MOVE A4 200
MOVE A5 200
MOVE A6 200
MOVE A7 200
MOVE A8 200
MOVE B4 198
DAMAGE TURRET A2 1
DAMAGE COMBAT A2 3
DAMAGE COMBAT B1 4
DAMAGE COMBAT B3 3
END TURN 23
TURN 24
COMMAND LEFT START
COMMAND LEFT END
COMMAND RIGHT START
COMMAND RIGHT END
TURN 24 RESULT
TIME LEFT 0 5 RIGHT 0 5
MOVE B4 199
DAMAGE TURRET A3 1
DAMAGE COMBAT A3 2
DAMAGE COMBAT B3 1
DAMAGE COMBAT B5 4
SIEGE B 200 1
END TURN 24
TURN 25
COMMAND LEFT START
COMMAND LEFT END
COMMAND RIGHT START
MOVE B2 200
COMMAND RIGHT END
TURN 25 RESULT
TIME LEFT 0 5 RIGHT 0 5
MOVE B2 192
MOVE B4 200
DAMAGE TURRET A3 1
DAMAGE COMBAT A4 1
DAMAGE COMBAT B4 4
SIEGE B 200 2
END TURN 25
TURN 26
COMMAND LEFT START
COMMAND LEFT END
COMMAND RIGHT START
COMMAND RIGHT END
TURN 26 RESULT
TIME LEFT 0 5 RIGHT 0 5
MOVE B2 196
DAMAGE TURRET A4 1
SIEGE B 200 5
END TURN 26
TURN 27
COMMAND LEFT START
COMMAND LEFT END
COMMAND RIGHT START
COMMAND RIGHT END
TURN 27 RESULT
TIME LEFT 0 5 RIGHT 0 5
MOVE B2 200
DAMAGE TURRET A4 1
DAMAGE COMBAT A4 1
DAMAGE COMBAT B2 4
SIEGE B 200 1
END TURN 27
TURN 28
COMMAND LEFT START
COMMAND LEFT END
COMMAND RIGHT START
COMMAND RIGHT END
TURN 28 RESULT
TIME LEFT 0 5 RIGHT 0 5
DAMAGE TURRET A5 1
SIEGE B 200 1
END TURN 28
RESULT LEFT_WIN HQ_DESTROYED
