[LEFT ""]
[RIGHT ""]
MAP
201 17
-11060 -10732 -9899 -10286 -8926 -10171 -9755 -9040 -8432 -8827 -7989 -8719 -7886 -7610 -7647 -7459 -7577 -7402 -7039 -7250 -6585 -8043 -6657 -6911 -6485 -6597 -7386 -6452 -6986 -5986 -5901 -5713 -5631 -5697 -5484 -5599 -5697 -5214 -5448 -5194 -5165 -4894 -5340 -4750 -4747 -4536 -4889 -4697 -4541 -5109 -4226 -4161 -3785 -3958 -3954 -3918 -3703 -3305 -3515 -3502 -3418 -3438 -3259 -2955 -3030 -2836 -2678 -2643 -2894 -2477 -2382 -2006 -1952 -2016 -2035 -1873 -2031 -2316 -1768 -1740 -1653 -1838 -1488 -1155 -1084 -1169 -1036 -1685 -741 -956 -629 -494 -714 -413 -477 -511 -329 -426 -395 -31 0 31 395 426 329 511 477 413 714 494 629 956 741 1685 1036 1169 1084 1155 1488 1838 1653 1740 1768 2316 2031 1873 2035 2016 1952 2006 2382 2477 2894 2643 2678 2836 3030 2955 3259 3438 3418 3502 3515 3305 3703 3918 3954 3958 3785 4161 4226 5109 4541 4697 4889 4536 4747 4750 5340 4894 5165 5194 5448 5214 5697 5599 5484 5697 5631 5713 5901 5986 6986 6452 7386 6597 6485 6911 6657 8043 6585 7250 7039 7402 7577 7459 7647 7610 7886 8719 7989 8827 8432 9040 9755 10171 8926 10286 9899 10732 11060
-691 1448 2463 -4657 -491 4304 -2916 -1626 460 5576 1806 -5969 2923 -3798 -530 3814 -1643 -2656 765 -6012 -334 7247 4493 5652 -1819 1939 -7778 -3958 8465 3503 -5361 892 -1540 2577 5011 6285 -7514 7290 -3049 -4123 -254 1610 9652 -2057 -5269 2805 -8003 -6598 6344 -9921 5292 -3372 -6984 -972 632 4142 7228 -8171 -5508 -4371 -2545 9428 1660 5916 -122 -6503 -1631 -3415 2978 4396 7817 -659 6551 -5603 2286 -4370 764 -10133 -8084 -7109 -2649 8900 4523 1990 -6212 7400 3299 10686 1107 -233 -7981 -2509 4963 8276 -1558 -4961 -3542 6148 -10868 -7079 0 7079 10868 -6148 3542 4961 1558 -8276 -4963 2509 7981 233 -1107 -10686 -3299 -7400 6212 -1990 -4523 -8900 2649 7109 8084 10133 -764 4370 -2286 5603 -6551 659 -7817 -4396 -2978 3415 1631 6503 122 -5916 -1660 -9428 2545 4371 5508 8171 -7228 -4142 -632 972 6984 3372 -5292 9921 -6344 6598 8003 -2805 5269 2057 -9652 -1610 254 4123 3049 -7290 7514 -6285 -5011 -2577 1540 -892 5361 -3503 -8465 3958 7778 -1939 1819 -5652 -4493 -7247 334 6012 -765 2656 1643 -3814 530 3798 -2923 5969 -1806 -5576 -460 1626 2916 -4304 491 4657 -2463 -1448 691
STRONGHOLDS 13 15 18 35 54 75 82 97 100 103 118 125 146 165 182 185 187
4 1 4 6 7
5 0 2 4 5 8
5 1 5 8 10 12
3 6 11 13
5 0 1 7 8 14
5 1 2 9 12 15
5 0 3 7 13 17
6 0 4 6 14 16 17
6 1 2 4 10 14 18
4 5 15 21 23
5 2 8 12 18 25
4 3 13 19 26
6 2 5 10 15 25 29
6 3 6 11 17 19 27
6 4 7 8 16 18 20
6 5 9 12 22 23 29
5 7 14 17 20 24
7 6 7 13 16 24 27 38
6 8 10 14 20 25 31
6 11 13 26 27 30 36
7 14 16 18 24 31 32 40
4 9 23 28 35
4 15 23 29 34
6 9 15 21 22 34 35
5 16 17 20 32 38
6 10 12 18 29 31 33
4 11 19 36 49
6 13 17 19 30 38 39
4 21 35 37 42
8 12 15 22 25 33 34 45 55
6 19 27 36 39 44 47
7 18 20 25 33 40 41 54
6 20 24 38 40 43 53
5 25 29 31 41 45
7 22 23 29 35 48 50 55
6 21 23 28 34 37 48
6 19 26 30 46 47 49
6 28 35 42 48 56 61
7 17 24 27 32 39 43 51
6 27 30 38 44 51 59
5 20 31 32 53 54
5 31 33 45 54 62
3 28 37 61
5 32 38 51 53 60
5 30 39 47 58 59
6 29 33 41 55 62 68
5 36 47 49 52 57
6 30 36 44 46 52 58
6 34 35 37 50 56 63
5 26 36 46 57 77
5 34 48 55 63 69
6 38 39 43 59 60 67
5 46 47 57 58 65
7 32 40 43 54 60 64 66
6 31 40 41 53 62 64
6 29 34 45 50 68 69
6 37 48 61 63 70 72
7 46 49 52 65 77 78 79
6 44 47 52 59 65 73
7 39 44 51 58 67 73 75
6 43 51 53 66 67 80
6 37 42 56 70 81 87
7 41 45 54 64 68 74 76
6 48 50 56 69 72 82
6 53 54 62 66 71 76
5 52 57 58 73 79
5 53 60 64 71 80
5 51 59 60 75 80
6 45 55 62 69 74 86
6 50 55 63 68 82 86
5 56 61 72 81 85
6 64 66 76 80 89 94
7 56 63 70 82 85 92 97
7 58 59 65 75 79 84 95
5 62 68 76 83 86
6 59 67 73 80 95 96
7 62 64 71 74 83 88 89
5 49 57 78 90 98
4 57 77 79 90
7 57 65 73 78 84 90 99
8 60 66 67 71 75 91 94 96
5 61 70 85 87 93
5 63 69 72 86 92
6 74 76 86 88 106 109
5 73 79 95 99 103
6 70 72 81 93 97 101
8 68 69 74 82 83 92 104 109
4 61 81 93 102
5 76 83 89 100 106
5 71 76 88 94 100
6 77 78 79 98 99 107
5 80 94 96 114 117
6 72 82 86 97 104 105
6 81 85 87 101 102 110
7 71 80 89 91 100 112 117
6 73 75 84 96 103 108
6 75 80 91 95 108 114
6 72 85 92 101 105 116
4 77 90 107 113
6 79 84 90 103 107 115
6 88 89 94 106 111 112
6 85 93 97 110 116 121
4 87 93 110 123
6 84 95 99 108 115 128
6 86 92 105 109 120 125
6 92 97 104 116 125 127
7 83 88 100 109 111 120 129
6 90 98 99 113 115 119
6 95 96 103 114 118 128
5 83 86 104 106 120
6 93 101 102 121 122 123
5 100 106 112 124 129
5 94 100 111 117 124
4 98 107 119 139
8 91 96 108 117 118 126 131 132
6 99 103 107 119 128 130
5 97 101 105 121 127
6 91 94 112 114 124 126
5 108 114 128 131 137
5 107 113 115 130 139
8 104 106 109 125 129 133 134 140
7 101 110 116 122 127 135 143
4 110 121 123 143
5 102 110 122 143 151
7 111 112 117 126 129 136 138
6 104 105 120 127 133 141
5 114 117 124 132 138
7 105 116 121 125 135 141 142
7 103 108 115 118 130 137 144
6 106 111 120 124 134 136
5 115 119 128 139 144
6 114 118 132 137 145 150
6 114 126 131 138 145 155
5 120 125 140 141 149
5 120 129 136 140 147
5 121 127 142 143 148
6 124 129 134 138 146 147
6 118 128 131 144 150 152
7 124 126 132 136 146 155 159
6 113 119 130 144 158 163
6 120 133 134 147 149 157
7 125 127 133 142 149 156 161
6 127 135 141 148 153 156
7 121 122 123 135 148 151 154
6 128 130 137 139 152 163
6 131 132 150 155 166 171
6 136 138 147 159 160 169
7 134 136 140 146 157 160 168
5 135 142 143 153 154
6 133 140 141 157 161 162
5 131 137 145 152 166
5 123 143 154 164 174
6 137 144 150 163 165 166
6 142 148 154 156 164 170
5 143 148 151 153 164
6 132 138 145 159 167 171
5 141 142 153 161 170
5 140 147 149 162 168
3 139 163 172
5 138 146 155 167 169
5 146 147 168 169 180
6 141 149 156 162 170 173
7 149 157 161 168 173 176 183
6 139 144 152 158 165 172
6 151 153 154 170 174 181
6 152 163 166 172 177 179
7 145 150 152 165 171 177 178
5 155 159 169 171 175
6 147 157 160 162 176 180
7 146 159 160 167 175 180 182
6 153 156 161 164 173 181
8 145 155 166 167 175 178 185 188
4 158 163 165 179
6 161 162 170 181 183 187
4 151 164 181 189
6 167 169 171 182 188 190
5 162 168 180 183 184
6 165 166 178 179 185 191
4 166 171 177 185
4 165 172 177 191
7 160 168 169 176 182 184 186
6 164 170 173 174 187 189
6 169 175 180 186 190 192
7 162 173 176 184 187 193 194
5 176 180 183 186 193
6 171 177 178 188 191 195
6 180 182 184 192 193 196
6 173 181 183 189 194 197
6 171 175 185 190 195 198
4 174 181 187 197
5 175 182 188 192 198
4 177 179 185 195
6 182 186 190 196 198 199
6 183 184 186 194 196 200
5 183 187 193 197 200
5 185 188 191 198 199
5 186 192 193 199 200
3 187 189 194
5 188 190 192 195 199
5 192 195 196 198 200
4 193 194 196 199
END MAP
TURN 1
COMMAND LEFT START
MOVE A1 200
MOVE A2 200
MOVE A3 200
COMMAND LEFT END
COMMAND RIGHT START
MOVE B2 182
MOVE B3 187
COMMAND RIGHT END
TURN 1 RESULT
TIME LEFT 5 5 RIGHT 0 5
MOVE A1 4
MOVE A2 4
MOVE A3 4
MOVE B2 196
MOVE B3 194
END TURN 1
TURN 2
COMMAND LEFT START
COMMAND LEFT END
COMMAND RIGHT START
COMMAND RIGHT END
TURN 2 RESULT
TIME LEFT 0 5 RIGHT 0 5
MOVE A1 14
MOVE A2 14
MOVE A3 14
MOVE B2 192
MOVE B3 187
END TURN 2
TURN 3
COMMAND LEFT START
COMMAND LEFT END
COMMAND RIGHT START
UPGRADE 187
COMMAND RIGHT END
TURN 3 RESULT
TIME LEFT 0 5 RIGHT 0 5
UPGRADE B 187
MOVE A1 20
MOVE A2 20
MOVE A3 20
MOVE B2 182
END TURN 3
TURN 4
COMMAND LEFT START
COMMAND LEFT END
COMMAND RIGHT START
COMMAND RIGHT END
TURN 4 RESULT
TIME LEFT 0 5 RIGHT 0 5
MOVE A1 40
MOVE A2 40
MOVE A3 40
END TURN 4
TURN 5
COMMAND LEFT START
COMMAND LEFT END
COMMAND RIGHT START
COMMAND RIGHT END
TURN 5 RESULT
TIME LEFT 0 5 RIGHT 0 5
MOVE A1 53
MOVE A2 53
MOVE A3 53
END TURN 5
TURN 6
COMMAND LEFT START
COMMAND LEFT END
COMMAND RIGHT START
COMMAND RIGHT END
TURN 6 RESULT
TIME LEFT 0 5 RIGHT 0 5
MOVE A1 64
MOVE A2 64
MOVE A3 64
END TURN 6
TURN 7
COMMAND LEFT START
COMMAND LEFT END
COMMAND RIGHT START
COMMAND RIGHT END
TURN 7 RESULT
TIME LEFT 0 5 RIGHT 0 5
MOVE A1 71
MOVE A2 71
MOVE A3 71
END TURN 7
TURN 8
COMMAND LEFT START
COMMAND LEFT END
COMMAND RIGHT START
COMMAND RIGHT END
TURN 8 RESULT
TIME LEFT 0 5 RIGHT 0 5
MOVE A1 89
MOVE A2 89
MOVE A3 89
END TURN 8
TURN 9
COMMAND LEFT START
COMMAND LEFT END
COMMAND RIGHT START
COMMAND RIGHT END
TURN 9 RESULT
TIME LEFT 0 5 RIGHT 0 5
MOVE A1 100
MOVE A2 100
MOVE A3 100
END TURN 9
TURN 10
COMMAND LEFT START
COMMAND LEFT END
COMMAND RIGHT START
COMMAND RIGHT END
TURN 10 RESULT
TIME LEFT 0 5 RIGHT 0 5
MOVE A1 111
MOVE A2 111
MOVE A3 111
END TURN 10
TURN 11
COMMAND LEFT START
COMMAND LEFT END
COMMAND RIGHT START
COMMAND RIGHT END
TURN 11 RESULT
TIME LEFT 0 5 RIGHT 0 5
MOVE A1 129
MOVE A2 129
MOVE A3 129
END TURN 11
TURN 12
COMMAND LEFT START
COMMAND LEFT END
COMMAND RIGHT START
COMMAND RIGHT END
TURN 12 RESULT
TIME LEFT 0 5 RIGHT 0 5
MOVE A1 136
MOVE A2 136
MOVE A3 136
END TURN 12
TURN 13
COMMAND LEFT START
COMMAND LEFT END
COMMAND RIGHT START
COMMAND RIGHT END
TURN 13 RESULT
TIME LEFT 0 5 RIGHT 0 5
MOVE A1 147
MOVE A2 147
MOVE A3 147
END TURN 13
TURN 14
COMMAND LEFT START
COMMAND LEFT END
COMMAND RIGHT START
UPGRADE 182
COMMAND RIGHT END
TURN 14 RESULT
TIME LEFT 0 5 RIGHT 0 5
UPGRADE B 182
MOVE A1 160
MOVE A2 160
MOVE A3 160
END TURN 14
TURN 15
COMMAND LEFT START
COMMAND LEFT END
COMMAND RIGHT START
MOVE B3 200
COMMAND RIGHT END
TURN 15 RESULT
TIME LEFT 0 5 RIGHT 0 5
MOVE A1 180
MOVE A2 180
MOVE A3 180
MOVE B3 194
END TURN 15
TURN 16
COMMAND LEFT START
COMMAND LEFT END
COMMAND RIGHT START
COMMAND RIGHT END
TURN 16 RESULT
TIME LEFT 0 5 RIGHT 0 5
MOVE A1 186
MOVE A2 186
MOVE A3 186
MOVE B3 200
END TURN 16
TURN 17
COMMAND LEFT START
COMMAND LEFT END
COMMAND RIGHT START
COMMAND RIGHT END
TURN 17 RESULT
TIME LEFT 0 5 RIGHT 0 5
MOVE A1 196
MOVE A2 196
MOVE A3 196
END TURN 17
TURN 18
COMMAND LEFT START
COMMAND LEFT END
COMMAND RIGHT START
COMMAND RIGHT END
TURN 18 RESULT
TIME LEFT 0 5 RIGHT 0 5
MOVE A1 200
MOVE A2 200
MOVE A3 200
DAMAGE TURRET A1 1
DAMAGE COMBAT A1 2
DAMAGE COMBAT B1 3
END TURN 18
TURN 19
COMMAND LEFT START
COMMAND LEFT END
COMMAND RIGHT START
TRAIN 1
COMMAND RIGHT END
TURN 19 RESULT
TIME LEFT 0 5 RIGHT 0 5
TRAIN B4
DAMAGE TURRET A1 1
DAMAGE COMBAT A2 3
DAMAGE COMBAT B1 1
DAMAGE COMBAT B3 2
END TURN 19
TURN 20
COMMAND LEFT START
COMMAND LEFT END
COMMAND RIGHT START
COMMAND RIGHT END
TURN 20 RESULT
TIME LEFT 0 5 RIGHT 0 5
DAMAGE TURRET A2 1
DAMAGE COMBAT A3 2
DAMAGE COMBAT B3 2
END TURN 20
TURN 21
COMMAND LEFT START
COMMAND LEFT END
COMMAND RIGHT START
COMMAND RIGHT END
TURN 21 RESULT
TIME LEFT 0 5 RIGHT 0 5
DAMAGE TURRET A3 1
DAMAGE COMBAT A3 1
DAMAGE COMBAT B4 1
END TURN 21
TURN 22
COMMAND LEFT START
COMMAND LEFT END
COMMAND RIGHT START
COMMAND RIGHT END
TURN 22 RESULT
TIME LEFT 0 5 RIGHT 0 5
END TURN 22
TURN 23
COMMAND LEFT START
COMMAND LEFT END
COMMAND RIGHT START
TRAIN 1
COMMAND RIGHT END
TURN 23 RESULT
TIME LEFT 0 5 RIGHT 0 5
TRAIN B5
END TURN 23
TURN 24
COMMAND LEFT START
COMMAND LEFT END
COMMAND RIGHT START
MOVE B5 187
COMMAND RIGHT END
TURN 24 RESULT
TIME LEFT 0 5 RIGHT 0 5
MOVE B5 194
END TURN 24
TURN 25
COMMAND LEFT START
COMMAND LEFT END
COMMAND RIGHT START
COMMAND RIGHT END
TURN 25 RESULT
TIME LEFT 0 5 RIGHT 0 5
MOVE B5 187
END TURN 25
TURN 26
COMMAND LEFT START
COMMAND LEFT END
COMMAND RIGHT START
COMMAND RIGHT END
TURN 26 RESULT
TIME LEFT 0 5 RIGHT 0 5
END TURN 26
TURN 27
COMMAND LEFT START
COMMAND LEFT END
COMMAND RIGHT START
TRAIN 1
COMMAND RIGHT END
TURN 27 RESULT
TIME LEFT 0 5 RIGHT 0 5
TRAIN B6
END TURN 27
TURN 28
COMMAND LEFT START
COMMAND LEFT END
COMMAND RIGHT START
MOVE B6 185
COMMAND RIGHT END
TURN 28 RESULT
TIME LEFT 0 5 RIGHT 0 5
MOVE B6 199
END TURN 28
TURN 29
COMMAND LEFT START
COMMAND LEFT END
COMMAND RIGHT START
COMMAND RIGHT END
TURN 29 RESULT
TIME LEFT 0 5 RIGHT 0 5
MOVE B6 198
END TURN 29
TURN 30
COMMAND LEFT START
COMMAND LEFT END
COMMAND RIGHT START
COMMAND RIGHT END
TURN 30 RESULT
TIME LEFT 0 5 RIGHT 0 5
MOVE B6 188
END TURN 30
TURN 31
COMMAND LEFT START
COMMAND LEFT END
COMMAND RIGHT START
COMMAND RIGHT END
TURN 31 RESULT
TIME LEFT 0 5 RIGHT 0 5
MOVE B6 185
END TURN 31
TURN 32
COMMAND LEFT START
COMMAND LEFT END
COMMAND RIGHT START
COMMAND RIGHT END
TURN 32 RESULT
TIME LEFT 0 5 RIGHT 0 5
END TURN 32
TURN 33
COMMAND LEFT START
COMMAND LEFT END
COMMAND RIGHT START
COMMAND RIGHT END
TURN 33 RESULT
TIME LEFT 0 5 RIGHT 0 5
END TURN 33
TURN 34
COMMAND LEFT START
COMMAND LEFT END
COMMAND RIGHT START
COMMAND RIGHT END
TURN 34 RESULT
TIME LEFT 0 5 RIGHT 0 5
END TURN 34
TURN 35
COMMAND LEFT START
COMMAND LEFT END
COMMAND RIGHT START
COMMAND RIGHT END
TURN 35 RESULT
TIME LEFT 0 5 RIGHT 0 5
END TURN 35
TURN 36
COMMAND LEFT START
COMMAND LEFT END
COMMAND RIGHT START
COMMAND RIGHT END
TURN 36 RESULT
TIME LEFT 0 5 RIGHT 0 5
END TURN 36
TURN 37
COMMAND LEFT START
COMMAND LEFT END
COMMAND RIGHT START
COMMAND RIGHT END
TURN 37 RESULT
TIME LEFT 0 5 RIGHT 0 5
END TURN 37
TURN 38
COMMAND LEFT START
COMMAND LEFT END
COMMAND RIGHT START
COMMAND RIGHT END
TURN 38 RESULT
TIME LEFT 0 5 RIGHT 0 5
END TURN 38
TURN 39
COMMAND LEFT START
COMMAND LEFT END
COMMAND RIGHT START
COMMAND RIGHT END
TURN 39 RESULT
TIME LEFT 0 5 RIGHT 0 5
END TURN 39
TURN 40
COMMAND LEFT START
COMMAND LEFT END
COMMAND RIGHT START
COMMAND RIGHT END
TURN 40 RESULT
TIME LEFT 0 5 RIGHT 0 5
END TURN 40
TURN 41
COMMAND LEFT START
COMMAND LEFT END
COMMAND RIGHT START
UPGRADE 185
COMMAND RIGHT END
TURN 41 RESULT
TIME LEFT 0 5 RIGHT 0 5
UPGRADE B 185
END TURN 41
TURN 42
COMMAND LEFT START
COMMAND LEFT END
COMMAND RIGHT START
COMMAND RIGHT END
TURN 42 RESULT
TIME LEFT 0 5 RIGHT 0 5
END TURN 42
TURN 43
COMMAND LEFT START
COMMAND LEFT END
COMMAND RIGHT START
COMMAND RIGHT END
TURN 43 RESULT
TIME LEFT 0 5 RIGHT 0 5
END TURN 43
TURN 44
COMMAND LEFT START
COMMAND LEFT END
COMMAND RIGHT START
TRAIN 1
COMMAND RIGHT END
TURN 44 RESULT
TIME LEFT 0 5 RIGHT 0 5
TRAIN B7
END TURN 44
TURN 45
COMMAND LEFT START
COMMAND LEFT END
COMMAND RIGHT START
MOVE B7 182
COMMAND RIGHT END
TURN 45 RESULT
TIME LEFT 0 5 RIGHT 0 5
MOVE B7 196
END TURN 45
TURN 46
COMMAND LEFT START
COMMAND LEFT END
COMMAND RIGHT START
COMMAND RIGHT END
TURN 46 RESULT
TIME LEFT 0 5 RIGHT 0 5
MOVE B7 192
END TURN 46
TURN 47
COMMAND LEFT START
COMMAND LEFT END
COMMAND RIGHT START
MOVE B2 146
COMMAND RIGHT END
TURN 47 RESULT
TIME LEFT 0 5 RIGHT 0 5
MOVE B2 169
MOVE B7 182
END TURN 47
TURN 48
COMMAND LEFT START
COMMAND LEFT END
COMMAND RIGHT START
COMMAND RIGHT END
TURN 48 RESULT
TIME LEFT 0 5 RIGHT 0 5
MOVE B2 146
END TURN 48
TURN 49
COMMAND LEFT START
COMMAND LEFT END
COMMAND RIGHT START
COMMAND RIGHT END
TURN 49 RESULT
TIME LEFT 0 5 RIGHT 0 5
END TURN 49
TURN 50
COMMAND LEFT START
COMMAND LEFT END
COMMAND RIGHT START
COMMAND RIGHT END
TURN 50 RESULT
TIME LEFT 0 5 RIGHT 0 5
END TURN 50
TURN 51
COMMAND LEFT START
COMMAND LEFT END
COMMAND RIGHT START
COMMAND RIGHT END
TURN 51 RESULT
TIME LEFT 0 5 RIGHT 0 5
END TURN 51
TURN 52
COMMAND LEFT START
COMMAND LEFT END
COMMAND RIGHT START
COMMAND RIGHT END
TURN 52 RESULT
TIME LEFT 0 5 RIGHT 0 5
END TURN 52
TURN 53
COMMAND LEFT START
COMMAND LEFT END
COMMAND RIGHT START
COMMAND RIGHT END
TURN 53 RESULT
TIME LEFT 0 5 RIGHT 0 5
END TURN 53
TURN 54
COMMAND LEFT START
COMMAND LEFT END
COMMAND RIGHT START
UPGRADE 146
COMMAND RIGHT END
TURN 54 RESULT
TIME LEFT 0 5 RIGHT 0 5
UPGRADE B 146
END TURN 54
TURN 55
COMMAND LEFT START
COMMAND LEFT END
COMMAND RIGHT START
COMMAND RIGHT END
TURN 55 RESULT
TIME LEFT 0 5 RIGHT 0 5
END TURN 55
TURN 56
COMMAND LEFT START
COMMAND LEFT END
COMMAND RIGHT START
TRAIN 1
COMMAND RIGHT END
TURN 56 RESULT
TIME LEFT 0 5 RIGHT 0 5
TRAIN B8
END TURN 56
TURN 57
COMMAND LEFT START
COMMAND LEFT END
COMMAND RIGHT START
MOVE B8 185
COMMAND RIGHT END
TURN 57 RESULT
TIME LEFT 0 5 RIGHT 0 5
MOVE B8 199
END TURN 57
TURN 58
COMMAND LEFT START
COMMAND LEFT END
COMMAND RIGHT START
COMMAND RIGHT END
TURN 58 RESULT
TIME LEFT 0 5 RIGHT 0 5
MOVE B8 198
END TURN 58
TURN 59
COMMAND LEFT START
COMMAND LEFT END
COMMAND RIGHT START
COMMAND RIGHT END
TURN 59 RESULT
TIME LEFT 0 5 RIGHT 0 5
MOVE B8 188
END TURN 59
TURN 60
COMMAND LEFT START
COMMAND LEFT END
COMMAND RIGHT START
MOVE B6 165
COMMAND RIGHT END
TURN 60 RESULT
TIME LEFT 0 5 RIGHT 0 5
MOVE B6 177
MOVE B8 185
END TURN 60
TURN 61
COMMAND LEFT START
COMMAND LEFT END
COMMAND RIGHT START
COMMAND RIGHT END
TURN 61 RESULT
TIME LEFT 0 5 RIGHT 0 5
MOVE B6 165
END TURN 61
TURN 62
COMMAND LEFT START
COMMAND LEFT END
COMMAND RIGHT START
COMMAND RIGHT END
TURN 62 RESULT
TIME LEFT 0 5 RIGHT 0 5
END TURN 62
TURN 63
COMMAND LEFT START
COMMAND LEFT END
COMMAND RIGHT START
COMMAND RIGHT END
TURN 63 RESULT
TIME LEFT 0 5 RIGHT 0 5
END TURN 63
TURN 64
COMMAND LEFT START
COMMAND LEFT END
COMMAND RIGHT START
UPGRADE 165
COMMAND RIGHT END
TURN 64 RESULT
TIME LEFT 0 5 RIGHT 0 5
UPGRADE B 165
END TURN 64
TURN 65
COMMAND LEFT START
COMMAND LEFT END
COMMAND RIGHT START
COMMAND RIGHT END
TURN 65 RESULT
TIME LEFT 0 5 RIGHT 0 5
END TURN 65
TURN 66
COMMAND LEFT START
COMMAND LEFT END
COMMAND RIGHT START
TRAIN 1
COMMAND RIGHT END
TURN 66 RESULT
TIME LEFT 0 5 RIGHT 0 5
TRAIN B9
END TURN 66
TURN 67
COMMAND LEFT START
COMMAND LEFT END
COMMAND RIGHT START
MOVE B9 187
COMMAND RIGHT END
TURN 67 RESULT
TIME LEFT 0 5 RIGHT 0 5
MOVE B9 194
END TURN 67
TURN 68
COMMAND LEFT START
COMMAND LEFT END
COMMAND RIGHT START
MOVE B5 125
COMMAND RIGHT END
TURN 68 RESULT
TIME LEFT 0 5 RIGHT 0 5
MOVE B5 173
MOVE B9 187
END TURN 68
TURN 69
COMMAND LEFT START
COMMAND LEFT END
COMMAND RIGHT START
COMMAND RIGHT END
TURN 69 RESULT
TIME LEFT 0 5 RIGHT 0 5
MOVE B5 161
END TURN 69
TURN 70
COMMAND LEFT START
COMMAND LEFT END
COMMAND RIGHT START
COMMAND RIGHT END
TURN 70 RESULT
TIME LEFT 0 5 RIGHT 0 5
MOVE B5 141
END TURN 70
TURN 71
COMMAND LEFT START
COMMAND LEFT END
COMMAND RIGHT START
COMMAND RIGHT END
TURN 71 RESULT
TIME LEFT 0 5 RIGHT 0 5
MOVE B5 125
END TURN 71
TURN 72
COMMAND LEFT START
COMMAND LEFT END
COMMAND RIGHT START
UPGRADE 125
COMMAND RIGHT END
TURN 72 RESULT
TIME LEFT 0 5 RIGHT 0 5
UPGRADE B 125
END TURN 72
TURN 73
COMMAND LEFT START
COMMAND LEFT END
COMMAND RIGHT START
COMMAND RIGHT END
TURN 73 RESULT
TIME LEFT 0 5 RIGHT 0 5
END TURN 73
TURN 74
COMMAND LEFT START
COMMAND LEFT END
COMMAND RIGHT START
TRAIN 1
COMMAND RIGHT END
TURN 74 RESULT
TIME LEFT 0 5 RIGHT 0 5
TRAIN B10
END TURN 74
TURN 75
COMMAND LEFT START
COMMAND LEFT END
COMMAND RIGHT START
MOVE B10 185
COMMAND RIGHT END
TURN 75 RESULT
TIME LEFT 0 5 RIGHT 0 5
MOVE B10 199
END TURN 75
TURN 76
COMMAND LEFT START
COMMAND LEFT END
COMMAND RIGHT START
COMMAND RIGHT END
TURN 76 RESULT
TIME LEFT 0 5 RIGHT 0 5
MOVE B10 198
END TURN 76
TURN 77
COMMAND LEFT START
COMMAND LEFT END
COMMAND RIGHT START
COMMAND RIGHT END
TURN 77 RESULT
TIME LEFT 0 5 RIGHT 0 5
MOVE B10 188
END TURN 77
TURN 78
COMMAND LEFT START
COMMAND LEFT END
COMMAND RIGHT START
MOVE B8 118
COMMAND RIGHT END
TURN 78 RESULT
TIME LEFT 0 5 RIGHT 0 5
MOVE B8 171
MOVE B10 185
END TURN 78
TURN 79
COMMAND LEFT START
COMMAND LEFT END
COMMAND RIGHT START
COMMAND RIGHT END
TURN 79 RESULT
TIME LEFT 0 5 RIGHT 0 5
MOVE B8 145
END TURN 79
TURN 80
COMMAND LEFT START
COMMAND LEFT END
COMMAND RIGHT START
COMMAND RIGHT END
TURN 80 RESULT
TIME LEFT 0 5 RIGHT 0 5
MOVE B8 131
END TURN 80
TURN 81
COMMAND LEFT START
COMMAND LEFT END
COMMAND RIGHT START
TRAIN 1
COMMAND RIGHT END
TURN 81 RESULT
TIME LEFT 0 5 RIGHT 0 5
TRAIN B11
MOVE B8 118
END TURN 81
TURN 82
COMMAND LEFT START
COMMAND LEFT END
COMMAND RIGHT START
MOVE B11 187
UPGRADE 118
COMMAND RIGHT END
TURN 82 RESULT
TIME LEFT 0 5 RIGHT 0 5
UPGRADE B 118
MOVE B11 194
END TURN 82
TURN 83
COMMAND LEFT START
COMMAND LEFT END
COMMAND RIGHT START
MOVE B9 125
COMMAND RIGHT END
TURN 83 RESULT
TIME LEFT 0 5 RIGHT 0 5
MOVE B9 173
MOVE B11 187
END TURN 83
TURN 84
COMMAND LEFT START
COMMAND LEFT END
COMMAND RIGHT START
COMMAND RIGHT END
TURN 84 RESULT
TIME LEFT 0 5 RIGHT 0 5
MOVE B9 161
END TURN 84
TURN 85
COMMAND LEFT START
COMMAND LEFT END
COMMAND RIGHT START
COMMAND RIGHT END
TURN 85 RESULT
TIME LEFT 0 5 RIGHT 0 5
MOVE B9 141
END TURN 85
TURN 86
COMMAND LEFT START
COMMAND LEFT END
COMMAND RIGHT START
MOVE B5 97
COMMAND RIGHT END
TURN 86 RESULT
TIME LEFT 0 5 RIGHT 0 5
MOVE B5 105
MOVE B9 125
END TURN 86
TURN 87
COMMAND LEFT START
COMMAND LEFT END
COMMAND RIGHT START
TRAIN 1
COMMAND RIGHT END
TURN 87 RESULT
TIME LEFT 0 5 RIGHT 0 5
TRAIN B12
MOVE B5 97
END TURN 87
TURN 88
COMMAND LEFT START
COMMAND LEFT END
COMMAND RIGHT START
MOVE B12 149
UPGRADE 97
COMMAND RIGHT END
TURN 88 RESULT
TIME LEFT 0 5 RIGHT 0 5
UPGRADE B 97
MOVE B12 193
END TURN 88
TURN 89
COMMAND LEFT START
COMMAND LEFT END
COMMAND RIGHT START
TRAIN 1
COMMAND RIGHT END
TURN 89 RESULT
TIME LEFT 0 5 RIGHT 0 5
TRAIN B13
MOVE B12 183
END TURN 89
TURN 90
COMMAND LEFT START
COMMAND LEFT END
COMMAND RIGHT START
MOVE B13 182
TRAIN 1
COMMAND RIGHT END
TURN 90 RESULT
TIME LEFT 0 5 RIGHT 0 5
TRAIN B14
MOVE B12 162
MOVE B13 196
END TURN 90
TURN 91
COMMAND LEFT START
COMMAND LEFT END
COMMAND RIGHT START
MOVE B14 187
TRAIN 1
COMMAND RIGHT END
TURN 91 RESULT
TIME LEFT 0 5 RIGHT 0 5
TRAIN B15
MOVE B12 149
MOVE B13 192
MOVE B14 194
END TURN 91
TURN 92
COMMAND LEFT START
COMMAND LEFT END
COMMAND RIGHT START
MOVE B7 146
MOVE B11 125
MOVE B15 185
TRAIN 1
COMMAND RIGHT END
TURN 92 RESULT
TIME LEFT 0 5 RIGHT 0 5
TRAIN B16
MOVE B7 169
MOVE B11 173
MOVE B13 182
MOVE B14 187
MOVE B15 199
END TURN 92
TURN 93
COMMAND LEFT START
COMMAND LEFT END
COMMAND RIGHT START
MOVE B2 100
MOVE B16 160
COMMAND RIGHT END
TURN 93 RESULT
TIME LEFT 0 5 RIGHT 0 5
MOVE B2 136
MOVE B7 146
MOVE B11 161
MOVE B15 198
MOVE B16 196
END TURN 93
TURN 94
COMMAND LEFT START
COMMAND LEFT END
COMMAND RIGHT START
COMMAND RIGHT END
TURN 94 RESULT
TIME LEFT 0 5 RIGHT 0 5
MOVE B2 129
MOVE B11 141
MOVE B15 188
MOVE B16 186
END TURN 94
TURN 95
COMMAND LEFT START
COMMAND LEFT END
COMMAND RIGHT START
MOVE B9 82
MOVE B10 165
COMMAND RIGHT END
TURN 95 RESULT
TIME LEFT 0 5 RIGHT 0 5
MOVE B2 111
MOVE B9 105
MOVE B10 177
MOVE B11 125
MOVE B15 185
MOVE B16 180
END TURN 95
TURN 96
COMMAND LEFT START
COMMAND LEFT END
COMMAND RIGHT START
MOVE B6 103
COMMAND RIGHT END
TURN 96 RESULT
TIME LEFT 0 5 RIGHT 0 5
MOVE B2 100
MOVE B6 152
MOVE B9 92
MOVE B10 165
MOVE B16 160
END TURN 96
TURN 97
COMMAND LEFT START
COMMAND LEFT END
COMMAND RIGHT START
COMMAND RIGHT END
TURN 97 RESULT
TIME LEFT 0 5 RIGHT 0 5
MOVE B6 137
MOVE B9 82
END TURN 97
TURN 98
COMMAND LEFT START
COMMAND LEFT END
COMMAND RIGHT START
UPGRADE 200
COMMAND RIGHT END
TURN 98 RESULT
TIME LEFT 0 5 RIGHT 0 5
UPGRADE B 200
MOVE B6 128
END TURN 98
TURN 99
COMMAND LEFT START
COMMAND LEFT END
COMMAND RIGHT START
MOVE B16 200
TRAIN 1
COMMAND RIGHT END
TURN 99 RESULT
TIME LEFT 0 5 RIGHT 0 5
TRAIN B17
MOVE B6 103
MOVE B16 180
END TURN 99
TURN 100
COMMAND LEFT START
COMMAND LEFT END
COMMAND RIGHT START
MOVE B17 160
COMMAND RIGHT END
TURN 100 RESULT
TIME LEFT 0 5 RIGHT 0 5
MOVE B16 186
MOVE B17 196
END TURN 100
TURN 101
COMMAND LEFT START
COMMAND LEFT END
COMMAND RIGHT START
COMMAND RIGHT END
TURN 101 RESULT
TIME LEFT 0 5 RIGHT 0 5
MOVE B16 196
MOVE B17 186
END TURN 101
TURN 102
COMMAND LEFT START
COMMAND LEFT END
COMMAND RIGHT START
COMMAND RIGHT END
TURN 102 RESULT
TIME LEFT 0 5 RIGHT 0 5
MOVE B16 200
MOVE B17 180
END TURN 102
TURN 103
COMMAND LEFT START
COMMAND LEFT END
COMMAND RIGHT START
COMMAND RIGHT END
TURN 103 RESULT
TIME LEFT 0 5 RIGHT 0 5
MOVE B17 160
END TURN 103
TURN 104
COMMAND LEFT START
COMMAND LEFT END
COMMAND RIGHT START
UPGRADE 100
COMMAND RIGHT END
TURN 104 RESULT
TIME LEFT 0 5 RIGHT 0 5
UPGRADE B 100
END TURN 104
TURN 105
COMMAND LEFT START
COMMAND LEFT END
COMMAND RIGHT START
COMMAND RIGHT END
TURN 105 RESULT
TIME LEFT 0 5 RIGHT 0 5
END TURN 105
TURN 106
COMMAND LEFT START
COMMAND LEFT END
COMMAND RIGHT START
COMMAND RIGHT END
TURN 106 RESULT
TIME LEFT 0 5 RIGHT 0 5
END TURN 106
TURN 107
COMMAND LEFT START
COMMAND LEFT END
COMMAND RIGHT START
COMMAND RIGHT END
TURN 107 RESULT
TIME LEFT 0 5 RIGHT 0 5
END TURN 107
TURN 108
COMMAND LEFT START
COMMAND LEFT END
COMMAND RIGHT START
UPGRADE 97
COMMAND RIGHT END
TURN 108 RESULT
TIME LEFT 0 5 RIGHT 0 5
UPGRADE B 97
END TURN 108
TURN 109
COMMAND LEFT START
COMMAND LEFT END
COMMAND RIGHT START
MOVE B9 97
MOVE B17 82
TRAIN 1
COMMAND RIGHT END
TURN 109 RESULT
TIME LEFT 0 5 RIGHT 0 5
TRAIN B18
MOVE B9 92
MOVE B17 147
END TURN 109
TURN 110
COMMAND LEFT START
COMMAND LEFT END
COMMAND RIGHT START
MOVE B18 160
COMMAND RIGHT END
TURN 110 RESULT
TIME LEFT 0 5 RIGHT 0 5
MOVE B9 97
MOVE B17 134
MOVE B18 196
END TURN 110
TURN 111
COMMAND LEFT START
COMMAND LEFT END
COMMAND RIGHT START
COMMAND RIGHT END
TURN 111 RESULT
TIME LEFT 0 5 RIGHT 0 5
MOVE B17 120
MOVE B18 186
END TURN 111
TURN 112
COMMAND LEFT START
COMMAND LEFT END
COMMAND RIGHT START
COMMAND RIGHT END
TURN 112 RESULT
TIME LEFT 0 5 RIGHT 0 5
MOVE B17 109
MOVE B18 180
END TURN 112
TURN 113
COMMAND LEFT START
COMMAND LEFT END
COMMAND RIGHT START
UPGRADE 100
COMMAND RIGHT END
TURN 113 RESULT
TIME LEFT 0 5 RIGHT 0 5
UPGRADE B 100
MOVE B17 86
MOVE B18 160
END TURN 113
TURN 114
COMMAND LEFT START
COMMAND LEFT END
COMMAND RIGHT START
MOVE B12 125
MOVE B18 149
TRAIN 1
COMMAND RIGHT END
TURN 114 RESULT
TIME LEFT 0 5 RIGHT 0 5
TRAIN B19
MOVE B12 133
MOVE B17 82
MOVE B18 168
END TURN 114
TURN 115
COMMAND LEFT START
COMMAND LEFT END
COMMAND RIGHT START
MOVE B11 100
MOVE B19 160
COMMAND RIGHT END
TURN 115 RESULT
TIME LEFT 0 5 RIGHT 0 5
MOVE B11 120
MOVE B12 125
MOVE B18 157
MOVE B19 196
END TURN 115
TURN 116
COMMAND LEFT START
COMMAND LEFT END
COMMAND RIGHT START
COMMAND RIGHT END
TURN 116 RESULT
TIME LEFT 0 5 RIGHT 0 5
MOVE B11 106
MOVE B18 149
MOVE B19 186
END TURN 116
TURN 117
COMMAND LEFT START
COMMAND LEFT END
COMMAND RIGHT START
COMMAND RIGHT END
TURN 117 RESULT
TIME LEFT 0 5 RIGHT 0 5
MOVE B11 100
MOVE B19 180
END TURN 117
TURN 118
COMMAND LEFT START
COMMAND LEFT END
COMMAND RIGHT START
UPGRADE 118
COMMAND RIGHT END
TURN 118 RESULT
TIME LEFT 0 5 RIGHT 0 5
UPGRADE B 118
MOVE B19 160
END TURN 118
TURN 119
COMMAND LEFT START
COMMAND LEFT END
COMMAND RIGHT START
MOVE B6 118
MOVE B19 146
TRAIN 1
COMMAND RIGHT END
TURN 119 RESULT
TIME LEFT 0 5 RIGHT 0 5
TRAIN B20
MOVE B6 108
MOVE B19 146
END TURN 119
TURN 120
COMMAND LEFT START
COMMAND LEFT END
COMMAND RIGHT START
MOVE B19 103
MOVE B20 160
COMMAND RIGHT END
TURN 120 RESULT
TIME LEFT 0 5 RIGHT 0 5
MOVE B6 118
MOVE B19 138
MOVE B20 196
END TURN 120
TURN 121
COMMAND LEFT START
COMMAND LEFT END
COMMAND RIGHT START
COMMAND RIGHT END
TURN 121 RESULT
TIME LEFT 0 5 RIGHT 0 5
MOVE B19 126
MOVE B20 186
END TURN 121
TURN 122
COMMAND LEFT START
COMMAND LEFT END
COMMAND RIGHT START
UPGRADE 125
COMMAND RIGHT END
TURN 122 RESULT
TIME LEFT 0 5 RIGHT 0 5
UPGRADE B 125
MOVE B19 114
MOVE B20 180
END TURN 122
TURN 123
COMMAND LEFT START
COMMAND LEFT END
COMMAND RIGHT START
MOVE B17 125
MOVE B18 125
TRAIN 1
COMMAND RIGHT END
TURN 123 RESULT
TIME LEFT 0 5 RIGHT 0 5
TRAIN B21
MOVE B17 92
MOVE B18 133
MOVE B19 108
MOVE B20 160
END TURN 123
TURN 124
COMMAND LEFT START
COMMAND LEFT END
COMMAND RIGHT START
MOVE B20 82
MOVE B21 160
COMMAND RIGHT END
TURN 124 RESULT
TIME LEFT 0 5 RIGHT 0 5
MOVE B17 105
MOVE B18 125
MOVE B19 103
MOVE B20 147
MOVE B21 196
END TURN 124
TURN 125
COMMAND LEFT START
COMMAND LEFT END
COMMAND RIGHT START
MOVE B18 149
COMMAND RIGHT END
TURN 125 RESULT
TIME LEFT 0 5 RIGHT 0 5
MOVE B17 125
MOVE B18 133
MOVE B20 134
MOVE B21 186
END TURN 125
TURN 126
COMMAND LEFT START
COMMAND LEFT END
COMMAND RIGHT START
UPGRADE 146
COMMAND RIGHT END
TURN 126 RESULT
TIME LEFT 0 5 RIGHT 0 5
UPGRADE B 146
MOVE B18 149
MOVE B20 120
MOVE B21 180
END TURN 126
TURN 127
COMMAND LEFT START
COMMAND LEFT END
COMMAND RIGHT START
MOVE B18 146
MOVE B19 146
TRAIN 1
COMMAND RIGHT END
TURN 127 RESULT
TIME LEFT 0 5 RIGHT 0 5
TRAIN B22
MOVE B18 140
MOVE B19 108
MOVE B20 109
MOVE B21 160
END TURN 127
TURN 128
COMMAND LEFT START
COMMAND LEFT END
COMMAND RIGHT START
MOVE B21 146
MOVE B22 160
COMMAND RIGHT END
TURN 128 RESULT
TIME LEFT 0 5 RIGHT 0 5
MOVE B18 147
MOVE B19 114
MOVE B20 86
MOVE B21 146
MOVE B22 196
END TURN 128
TURN 129
COMMAND LEFT START
COMMAND LEFT END
COMMAND RIGHT START
MOVE B21 103
COMMAND RIGHT END
TURN 129 RESULT
TIME LEFT 0 5 RIGHT 0 5
MOVE B18 146
MOVE B19 126
MOVE B20 82
MOVE B21 138
MOVE B22 186
END TURN 129
TURN 130
COMMAND LEFT START
COMMAND LEFT END
COMMAND RIGHT START
UPGRADE 165
COMMAND RIGHT END
TURN 130 RESULT
TIME LEFT 0 5 RIGHT 0 5
UPGRADE B 165
MOVE B19 138
MOVE B21 126
MOVE B22 180
END TURN 130
TURN 131
COMMAND LEFT START
COMMAND LEFT END
COMMAND RIGHT START
MOVE B8 165
MOVE B18 149
MOVE B20 100
TRAIN 1
COMMAND RIGHT END
TURN 131 RESULT
TIME LEFT 0 5 RIGHT 0 5
TRAIN B23
MOVE B8 137
MOVE B18 147
MOVE B19 146
MOVE B20 86
MOVE B21 114
MOVE B22 160
END TURN 131
TURN 132
COMMAND LEFT START
COMMAND LEFT END
COMMAND RIGHT START
MOVE B22 82
MOVE B23 160
COMMAND RIGHT END
TURN 132 RESULT
TIME LEFT 0 5 RIGHT 0 5
MOVE B8 152
MOVE B18 140
MOVE B20 83
MOVE B21 108
MOVE B22 147
MOVE B23 196
END TURN 132
TURN 133
COMMAND LEFT START
COMMAND LEFT END
COMMAND RIGHT START
UPGRADE 182
COMMAND RIGHT END
TURN 133 RESULT
TIME LEFT 0 5 RIGHT 0 5
UPGRADE B 182
MOVE B8 165
MOVE B18 149
MOVE B20 88
MOVE B21 103
MOVE B22 134
MOVE B23 186
END TURN 133
TURN 134
COMMAND LEFT START
COMMAND LEFT END
COMMAND RIGHT START
MOVE B2 118
MOVE B18 146
MOVE B19 182
MOVE B21 146
TRAIN 1
COMMAND RIGHT END
TURN 134 RESULT
TIME LEFT 0 5 RIGHT 0 5
TRAIN B24
MOVE B2 112
MOVE B18 140
MOVE B19 169
MOVE B20 100
MOVE B21 108
MOVE B22 120
MOVE B23 180
END TURN 134
TURN 135
COMMAND LEFT START
COMMAND LEFT END
COMMAND RIGHT START
MOVE B24 185
COMMAND RIGHT END
TURN 135 RESULT
TIME LEFT 0 5 RIGHT 0 5
MOVE B2 117
MOVE B18 147
MOVE B19 182
MOVE B21 114
MOVE B22 109
MOVE B23 160
MOVE B24 199
END TURN 135
TURN 136
COMMAND LEFT START
COMMAND LEFT END
COMMAND RIGHT START
COMMAND RIGHT END
TURN 136 RESULT
TIME LEFT 0 5 RIGHT 0 5
MOVE B2 114
MOVE B18 146
MOVE B21 126
MOVE B22 86
MOVE B24 198
END TURN 136
TURN 137
COMMAND LEFT START
COMMAND LEFT END
COMMAND RIGHT START
UPGRADE 185
COMMAND RIGHT END
TURN 137 RESULT
TIME LEFT 0 5 RIGHT 0 5
UPGRADE B 185
MOVE B2 118
MOVE B21 138
MOVE B22 82
MOVE B24 188
END TURN 137
TURN 138
COMMAND LEFT START
COMMAND LEFT END
COMMAND RIGHT START
MOVE B6 165
MOVE B7 118
MOVE B10 185
MOVE B18 149
MOVE B23 146
TRAIN 1
COMMAND RIGHT END
TURN 138 RESULT
TIME LEFT 0 5 RIGHT 0 5
TRAIN B25
MOVE B6 137
MOVE B7 138
MOVE B10 177
MOVE B18 147
MOVE B21 146
MOVE B23 146
MOVE B24 185
END TURN 138
TURN 139
COMMAND LEFT START
COMMAND LEFT END
COMMAND RIGHT START
MOVE B24 165
MOVE B25 160
COMMAND RIGHT END
TURN 139 RESULT
TIME LEFT 0 5 RIGHT 0 5
MOVE B6 152
MOVE B7 132
MOVE B10 185
MOVE B18 140
MOVE B24 177
MOVE B25 196
END TURN 139
TURN 140
COMMAND LEFT START
COMMAND LEFT END
COMMAND RIGHT START
UPGRADE 187
COMMAND RIGHT END
TURN 140 RESULT
TIME LEFT 0 5 RIGHT 0 5
UPGRADE B 187
MOVE B6 165
MOVE B7 131
MOVE B18 149
MOVE B24 165
MOVE B25 186
END TURN 140
TURN 141
COMMAND LEFT START
COMMAND LEFT END
COMMAND RIGHT START
MOVE B18 187
MOVE B22 125
MOVE B24 118
TRAIN 1
COMMAND RIGHT END
TURN 141 RESULT
TIME LEFT 0 5 RIGHT 0 5
TRAIN B26
MOVE B7 118
MOVE B18 161
MOVE B22 92
MOVE B24 152
MOVE B25 180
END TURN 141
TURN 142
COMMAND LEFT START
COMMAND LEFT END
COMMAND RIGHT START
MOVE B26 185
COMMAND RIGHT END
TURN 142 RESULT
TIME LEFT 0 5 RIGHT 0 5
MOVE B18 173
MOVE B22 105
MOVE B24 137
MOVE B25 160
MOVE B26 199
END TURN 142
TURN 143
COMMAND LEFT START
COMMAND LEFT END
COMMAND RIGHT START
MOVE B17 149
UPGRADE 97
COMMAND RIGHT END
TURN 143 RESULT
TIME LEFT 0 5 RIGHT 0 5
UPGRADE B 97
MOVE B17 133
MOVE B18 187
MOVE B22 125
MOVE B24 118
MOVE B26 198
END TURN 143
TURN 144
COMMAND LEFT START
COMMAND LEFT END
COMMAND RIGHT START
MOVE B24 100
MOVE B25 125
TRAIN 1
COMMAND RIGHT END
TURN 144 RESULT
TIME LEFT 0 5 RIGHT 0 5
TRAIN B27
MOVE B17 149
MOVE B24 114
MOVE B25 147
MOVE B26 188
END TURN 144
TURN 145
COMMAND LEFT START
COMMAND LEFT END
COMMAND RIGHT START
MOVE B27 160
COMMAND RIGHT END
TURN 145 RESULT
TIME LEFT 0 5 RIGHT 0 5
MOVE B24 117
MOVE B25 140
MOVE B26 185
MOVE B27 196
END TURN 145
TURN 146
COMMAND LEFT START
COMMAND LEFT END
COMMAND RIGHT START
MOVE B26 165
UPGRADE 100
COMMAND RIGHT END
TURN 146 RESULT
TIME LEFT 0 5 RIGHT 0 5
UPGRADE B 100
MOVE B24 112
MOVE B25 133
MOVE B26 177
MOVE B27 186
END TURN 146
TURN 147
COMMAND LEFT START
COMMAND LEFT END
COMMAND RIGHT START
MOVE B7 100
MOVE B17 146
MOVE B20 82
MOVE B22 97
TRAIN 1
COMMAND RIGHT END
TURN 147 RESULT
TIME LEFT 0 5 RIGHT 0 5
TRAIN B28
MOVE B7 114
MOVE B17 140
MOVE B20 88
MOVE B22 105
MOVE B24 100
MOVE B25 125
MOVE B26 165
MOVE B27 180
END TURN 147
TURN 148
COMMAND LEFT START
COMMAND LEFT END
COMMAND RIGHT START
MOVE B26 103
MOVE B28 149
COMMAND RIGHT END
TURN 148 RESULT
TIME LEFT 0 5 RIGHT 0 5
MOVE B7 117
MOVE B17 147
MOVE B20 83
MOVE B22 97
MOVE B26 152
MOVE B27 160
MOVE B28 193
END TURN 148
TURN 149
COMMAND LEFT START
COMMAND LEFT END
COMMAND RIGHT START
MOVE B21 118
UPGRADE 118
COMMAND RIGHT END
TURN 149 RESULT
TIME LEFT 0 5 RIGHT 0 5
UPGRADE B 118
MOVE B7 112
MOVE B17 146
MOVE B20 86
MOVE B21 138
MOVE B26 137
MOVE B28 183
END TURN 149
TURN 150
COMMAND LEFT START
COMMAND LEFT END
COMMAND RIGHT START
MOVE B17 118
MOVE B27 146
TRAIN 1
COMMAND RIGHT END
TURN 150 RESULT
TIME LEFT 0 5 RIGHT 0 5
TRAIN B29
MOVE B7 100
MOVE B17 138
MOVE B20 82
MOVE B21 132
MOVE B26 128
MOVE B27 146
MOVE B28 162
END TURN 150
TURN 151
COMMAND LEFT START
COMMAND LEFT END
COMMAND RIGHT START
MOVE B29 160
COMMAND RIGHT END
TURN 151 RESULT
TIME LEFT 0 5 RIGHT 0 5
MOVE B17 132
MOVE B21 131
MOVE B26 103
MOVE B28 149
MOVE B29 196
END TURN 151
TURN 152
COMMAND LEFT START
COMMAND LEFT END
COMMAND RIGHT START
UPGRADE 125
COMMAND RIGHT END
TURN 152 RESULT
TIME LEFT 0 5 RIGHT 0 5
UPGRADE B 125
MOVE B17 131
MOVE B21 118
MOVE B29 186
END TURN 152
TURN 153
COMMAND LEFT START
COMMAND LEFT END
COMMAND RIGHT START
MOVE B20 125
MOVE B26 100
MOVE B28 125
TRAIN 1
COMMAND RIGHT END
TURN 153 RESULT
TIME LEFT 0 5 RIGHT 0 5
TRAIN B30
MOVE B17 118
MOVE B20 92
MOVE B26 108
MOVE B28 133
MOVE B29 180
END TURN 153
TURN 154
COMMAND LEFT START
COMMAND LEFT END
COMMAND RIGHT START
MOVE B30 185
COMMAND RIGHT END
TURN 154 RESULT
TIME LEFT 0 5 RIGHT 0 5
MOVE B20 105
MOVE B26 114
MOVE B28 125
MOVE B29 160
MOVE B30 199
END TURN 154
TURN 155
COMMAND LEFT START
COMMAND LEFT END
COMMAND RIGHT START
MOVE B25 149
UPGRADE 146
COMMAND RIGHT END
TURN 155 RESULT
TIME LEFT 0 5 RIGHT 0 5
UPGRADE B 146
MOVE B20 125
MOVE B25 133
MOVE B26 117
MOVE B30 198
END TURN 155
TURN 156
COMMAND LEFT START
COMMAND LEFT END
COMMAND RIGHT START
MOVE B29 146
TRAIN 1
COMMAND RIGHT END
TURN 156 RESULT
TIME LEFT 0 5 RIGHT 0 5
TRAIN B31
MOVE B25 149
MOVE B26 112
MOVE B29 146
MOVE B30 188
END TURN 156
TURN 157
COMMAND LEFT START
COMMAND LEFT END
COMMAND RIGHT START
MOVE B24 82
MOVE B31 160
UPGRADE 165
COMMAND RIGHT END
TURN 157 RESULT
TIME LEFT 0 5 RIGHT 0 5
UPGRADE B 165
MOVE B24 88
MOVE B26 100
MOVE B30 185
MOVE B31 196
END TURN 157
TURN 158
COMMAND LEFT START
COMMAND LEFT END
COMMAND RIGHT START
MOVE B30 165
TRAIN 1
COMMAND RIGHT END
TURN 158 RESULT
TIME LEFT 0 5 RIGHT 0 5
TRAIN B32
MOVE B24 83
MOVE B30 177
MOVE B31 186
END TURN 158
TURN 159
COMMAND LEFT START
COMMAND LEFT END
COMMAND RIGHT START
MOVE B32 185
UPGRADE 182
COMMAND RIGHT END
TURN 159 RESULT
TIME LEFT 0 5 RIGHT 0 5
UPGRADE B 182
MOVE B24 86
MOVE B30 165
MOVE B31 180
MOVE B32 199
END TURN 159
TURN 160
COMMAND LEFT START
COMMAND LEFT END
COMMAND RIGHT START
MOVE B25 146
MOVE B27 182
TRAIN 1
COMMAND RIGHT END
TURN 160 RESULT
TIME LEFT 0 5 RIGHT 0 5
TRAIN B33
MOVE B24 82
MOVE B25 140
MOVE B27 169
MOVE B31 160
MOVE B32 198
END TURN 160
TURN 161
COMMAND LEFT START
COMMAND LEFT END
COMMAND RIGHT START
MOVE B31 149
MOVE B33 160
UPGRADE 82
COMMAND RIGHT END
TURN 161 RESULT
TIME LEFT 0 5 RIGHT 0 5
UPGRADE B 82
MOVE B25 147
MOVE B27 182
MOVE B31 168
MOVE B32 188
MOVE B33 196
END TURN 161
TURN 162
COMMAND LEFT START
COMMAND LEFT END
COMMAND RIGHT START
COMMAND RIGHT END
TURN 162 RESULT
TIME LEFT 0 5 RIGHT 0 5
MOVE B25 146
MOVE B31 157
MOVE B32 185
MOVE B33 186
END TURN 162
TURN 163
COMMAND LEFT START
COMMAND LEFT END
COMMAND RIGHT START
MOVE B32 165
UPGRADE 82
TRAIN 1
COMMAND RIGHT END
TURN 163 RESULT
TIME LEFT 0 5 RIGHT 0 5
UPGRADE B 82
TRAIN B34
MOVE B31 149
MOVE B32 177
MOVE B33 180
END TURN 163
TURN 164
COMMAND LEFT START
COMMAND LEFT END
COMMAND RIGHT START
MOVE B30 103
MOVE B31 125
MOVE B34 149
COMMAND RIGHT END
TURN 164 RESULT
TIME LEFT 0 5 RIGHT 0 5
MOVE B30 152
MOVE B31 133
MOVE B32 165
MOVE B33 160
MOVE B34 193
END TURN 164
TURN 165
COMMAND LEFT START
COMMAND LEFT END
COMMAND RIGHT START
MOVE B20 82
UPGRADE 82
COMMAND RIGHT END
TURN 165 RESULT
TIME LEFT 0 5 RIGHT 0 5
UPGRADE B 82
MOVE B20 105
MOVE B30 137
MOVE B31 125
MOVE B34 183
END TURN 165
TURN 166
COMMAND LEFT START
COMMAND LEFT END
COMMAND RIGHT START
MOVE B33 82
TRAIN 1
COMMAND RIGHT END
TURN 166 RESULT
TIME LEFT 0 5 RIGHT 0 5
TRAIN B35
MOVE B20 92
MOVE B30 128
MOVE B33 147
MOVE B34 162
END TURN 166
TURN 167
COMMAND LEFT START
COMMAND LEFT END
COMMAND RIGHT START
MOVE B35 160
UPGRADE 185
COMMAND RIGHT END
TURN 167 RESULT
TIME LEFT 0 5 RIGHT 0 5
UPGRADE B 185
MOVE B20 82
MOVE B30 103
MOVE B33 134
MOVE B34 149
MOVE B35 196
END TURN 167
TURN 168
COMMAND LEFT START
COMMAND LEFT END
COMMAND RIGHT START
MOVE B8 185
MOVE B17 165
MOVE B30 118
TRAIN 1
COMMAND RIGHT END
TURN 168 RESULT
TIME LEFT 0 5 RIGHT 0 5
TRAIN B36
MOVE B8 177
MOVE B17 137
MOVE B30 108
MOVE B33 120
MOVE B35 186
END TURN 168
TURN 169
COMMAND LEFT START
COMMAND LEFT END
COMMAND RIGHT START
MOVE B36 185
UPGRADE 187
COMMAND RIGHT END
TURN 169 RESULT
TIME LEFT 0 5 RIGHT 0 5
UPGRADE B 187
MOVE B8 185
MOVE B17 152
MOVE B30 118
MOVE B33 109
MOVE B35 180
MOVE B36 199
END TURN 169
TURN 170
COMMAND LEFT START
COMMAND LEFT END
COMMAND RIGHT START
MOVE B34 187
TRAIN 1
COMMAND RIGHT END
TURN 170 RESULT
TIME LEFT 0 5 RIGHT 0 5
TRAIN B37
MOVE B17 165
MOVE B33 86
MOVE B34 161
MOVE B35 160
MOVE B36 198
END TURN 170
TURN 171
COMMAND LEFT START
COMMAND LEFT END
COMMAND RIGHT START
MOVE B35 149
MOVE B37 160
TRAIN 1
COMMAND RIGHT END
TURN 171 RESULT
TIME LEFT 0 5 RIGHT 0 5
TRAIN B38
MOVE B33 82
MOVE B34 173
MOVE B35 168
MOVE B36 188
MOVE B37 196
END TURN 171
TURN 172
COMMAND LEFT START
COMMAND LEFT END
COMMAND RIGHT START
MOVE B38 182
UPGRADE 200
COMMAND RIGHT END
TURN 172 RESULT
TIME LEFT 0 5 RIGHT 0 5
UPGRADE B 200
MOVE B34 187
MOVE B35 157
MOVE B36 185
MOVE B37 186
MOVE B38 196
END TURN 172
TURN 173
COMMAND LEFT START
COMMAND LEFT END
COMMAND RIGHT START
MOVE B11 146
MOVE B19 200
MOVE B21 100
MOVE B25 182
MOVE B36 118
TRAIN 2
COMMAND RIGHT END
TURN 173 RESULT
TIME LEFT 0 5 RIGHT 0 5
TRAIN B39 B40
MOVE B11 111
MOVE B19 192
MOVE B21 114
MOVE B25 169
MOVE B35 149
MOVE B36 171
MOVE B37 180
MOVE B38 192
END TURN 173
TURN 174
COMMAND LEFT START
COMMAND LEFT END
COMMAND RIGHT START
MOVE B27 146
MOVE B39 185
MOVE B40 182
TRAIN 2
COMMAND RIGHT END
TURN 174 RESULT
TIME LEFT 0 5 RIGHT 0 5
TRAIN B41 B42
MOVE B11 129
MOVE B19 196
MOVE B21 117
MOVE B25 182
MOVE B27 169
MOVE B36 145
MOVE B37 160
MOVE B38 182
MOVE B39 199
MOVE B40 196
END TURN 174
TURN 175
COMMAND LEFT START
COMMAND LEFT END
COMMAND RIGHT START
MOVE B23 100
MOVE B41 182
MOVE B42 182
TRAIN 2
COMMAND RIGHT END
TURN 175 RESULT
TIME LEFT 0 5 RIGHT 0 5
TRAIN B43 B44
MOVE B11 136
MOVE B19 200
MOVE B21 112
MOVE B23 136
MOVE B27 146
MOVE B36 131
MOVE B39 198
MOVE B40 192
MOVE B41 196
MOVE B42 196
END TURN 175
TURN 176
COMMAND LEFT START
COMMAND LEFT END
COMMAND RIGHT START
MOVE B43 182
MOVE B44 182
TRAIN 2
COMMAND RIGHT END
TURN 176 RESULT
TIME LEFT 0 5 RIGHT 0 5
TRAIN B45 B46
MOVE B11 146
MOVE B21 100
MOVE B23 129
MOVE B36 118
MOVE B39 188
MOVE B40 182
MOVE B41 192
MOVE B42 192
MOVE B43 196
MOVE B44 196
END TURN 176
TURN 177
COMMAND LEFT START
COMMAND LEFT END
COMMAND RIGHT START
MOVE B40 146
MOVE B45 182
MOVE B46 182
TRAIN 2
COMMAND RIGHT END
TURN 177 RESULT
TIME LEFT 0 5 RIGHT 0 5
TRAIN B47 B48
MOVE B23 111
MOVE B39 185
MOVE B40 169
MOVE B41 182
MOVE B42 182
MOVE B43 192
MOVE B44 192
MOVE B45 196
MOVE B46 196
END TURN 177
TURN 178
COMMAND LEFT START
COMMAND LEFT END
COMMAND RIGHT START
MOVE B39 165
MOVE B41 146
MOVE B42 146
MOVE B47 182
MOVE B48 182
TRAIN 2
COMMAND RIGHT END
TURN 178 RESULT
TIME LEFT 0 5 RIGHT 0 5
TRAIN B49 B50
MOVE B23 100
MOVE B39 177
MOVE B40 146
MOVE B41 169
MOVE B42 169
MOVE B43 182
MOVE B44 182
MOVE B45 192
MOVE B46 192
MOVE B47 196
MOVE B48 196
END TURN 178
TURN 179
COMMAND LEFT START
COMMAND LEFT END
COMMAND RIGHT START
MOVE B40 100
MOVE B43 146
MOVE B44 146
MOVE B49 182
MOVE B50 182
TRAIN 2
COMMAND RIGHT END
TURN 179 RESULT
TIME LEFT 0 5 RIGHT 0 5
TRAIN B51 B52
MOVE B39 165
MOVE B40 136
MOVE B41 146
MOVE B42 146
MOVE B43 169
MOVE B44 169
MOVE B45 182
MOVE B46 182
MOVE B47 192
MOVE B48 192
MOVE B49 196
MOVE B50 196
END TURN 179
TURN 180
COMMAND LEFT START
COMMAND LEFT END
COMMAND RIGHT START
MOVE B39 103
MOVE B41 100
MOVE B42 100
MOVE B45 146
MOVE B46 146
MOVE B51 182
MOVE B52 182
TRAIN 2
COMMAND RIGHT END
TURN 180 RESULT
TIME LEFT 0 5 RIGHT 0 5
TRAIN B53 B54
MOVE B39 152
MOVE B40 129
MOVE B41 136
MOVE B42 136
MOVE B43 146
MOVE B44 146
MOVE B45 169
MOVE B46 169
MOVE B47 182
MOVE B48 182
MOVE B49 192
MOVE B50 192
MOVE B51 196
MOVE B52 196
END TURN 180
TURN 181
COMMAND LEFT START
COMMAND LEFT END
COMMAND RIGHT START
MOVE B43 100
MOVE B44 100
MOVE B47 146
MOVE B48 146
MOVE B53 182
MOVE B54 182
TRAIN 2
COMMAND RIGHT END
TURN 181 RESULT
TIME LEFT 0 5 RIGHT 0 5
TRAIN B55 B56
MOVE B39 137
MOVE B40 111
MOVE B41 129
MOVE B42 129
MOVE B43 136
MOVE B44 136
MOVE B45 146
MOVE B46 146
MOVE B47 169
MOVE B48 169
MOVE B49 182
MOVE B50 182
MOVE B51 192
MOVE B52 192
MOVE B53 196
MOVE B54 196
END TURN 181
TURN 182
COMMAND LEFT START
COMMAND LEFT END
COMMAND RIGHT START
MOVE B45 100
MOVE B46 100
MOVE B49 146
MOVE B50 146
MOVE B55 182
MOVE B56 182
TRAIN 2
COMMAND RIGHT END
TURN 182 RESULT
TIME LEFT 0 5 RIGHT 0 5
TRAIN B57 B58
MOVE B39 128
MOVE B40 100
MOVE B41 111
MOVE B42 111
MOVE B43 129
MOVE B44 129
MOVE B45 136
MOVE B46 136
MOVE B47 146
MOVE B48 146
MOVE B49 169
MOVE B50 169
MOVE B51 182
MOVE B52 182
MOVE B53 192
MOVE B54 192
MOVE B55 196
MOVE B56 196
END TURN 182
TURN 183
COMMAND LEFT START
COMMAND LEFT END
COMMAND RIGHT START
MOVE B47 100
MOVE B48 100
MOVE B51 146
MOVE B52 146
MOVE B57 182
MOVE B58 182
TRAIN 2
COMMAND RIGHT END
TURN 183 RESULT
TIME LEFT 0 5 RIGHT 0 5
TRAIN B59 B60
MOVE B39 103
MOVE B41 100
MOVE B42 100
MOVE B43 111
MOVE B44 111
MOVE B45 129
MOVE B46 129
MOVE B47 136
MOVE B48 136
MOVE B49 146
MOVE B50 146
MOVE B51 169
MOVE B52 169
MOVE B53 182
MOVE B54 182
MOVE B55 192
MOVE B56 192
MOVE B57 196
MOVE B58 196
END TURN 183
TURN 184
COMMAND LEFT START
COMMAND LEFT END
COMMAND RIGHT START
MOVE B49 100
MOVE B50 100
MOVE B53 146
MOVE B54 146
MOVE B59 182
MOVE B60 182
UPGRADE 200
COMMAND RIGHT END
TURN 184 RESULT
TIME LEFT 0 5 RIGHT 0 5
UPGRADE B 200
MOVE B43 100
MOVE B44 100
MOVE B45 111
MOVE B46 111
MOVE B47 129
MOVE B48 129
MOVE B49 136
MOVE B50 136
MOVE B51 146
MOVE B52 146
MOVE B53 169
MOVE B54 169
MOVE B55 182
MOVE B56 182
MOVE B57 192
MOVE B58 192
MOVE B59 196
MOVE B60 196
END TURN 184
TURN 185
COMMAND LEFT START
COMMAND LEFT END
COMMAND RIGHT START
MOVE B25 200
MOVE B51 100
MOVE B52 100
MOVE B55 146
MOVE B56 146
TRAIN 2
COMMAND RIGHT END
TURN 185 RESULT
TIME LEFT 0 5 RIGHT 0 5
TRAIN B61 B62
MOVE B25 192
MOVE B45 100
MOVE B46 100
MOVE B47 111
MOVE B48 111
MOVE B49 129
MOVE B50 129
MOVE B51 136
MOVE B52 136
MOVE B53 146
MOVE B54 146
MOVE B55 169
MOVE B56 169
MOVE B57 182
MOVE B58 182
MOVE B59 192
MOVE B60 192
END TURN 185
TURN 186
COMMAND LEFT START
COMMAND LEFT END
COMMAND RIGHT START
MOVE B53 100
MOVE B54 100
MOVE B57 146
MOVE B58 146
MOVE B61 182
MOVE B62 182
TRAIN 2
COMMAND RIGHT END
TURN 186 RESULT
TIME LEFT 0 5 RIGHT 0 5
TRAIN B63 B64
MOVE B25 196
MOVE B47 100
MOVE B48 100
MOVE B49 111
MOVE B50 111
MOVE B51 129
MOVE B52 129
MOVE B53 136
MOVE B54 136
MOVE B55 146
MOVE B56 146
MOVE B57 169
MOVE B58 169
MOVE B59 182
MOVE B60 182
MOVE B61 196
MOVE B62 196
END TURN 186
TURN 187
COMMAND LEFT START
COMMAND LEFT END
COMMAND RIGHT START
MOVE B55 100
MOVE B56 100
MOVE B60 146
MOVE B63 182
MOVE B64 182
UPGRADE 103
TRAIN 1
COMMAND RIGHT END
TURN 187 RESULT
TIME LEFT 0 5 RIGHT 0 5
UPGRADE B 103
TRAIN B65
MOVE B25 200
MOVE B49 100
MOVE B50 100
MOVE B51 111
MOVE B52 111
MOVE B53 129
MOVE B54 129
MOVE B55 136
MOVE B56 136
MOVE B57 146
MOVE B58 146
MOVE B60 169
MOVE B61 192
MOVE B62 192
MOVE B63 196
MOVE B64 196
END TURN 187
TURN 188
COMMAND LEFT START
COMMAND LEFT END
COMMAND RIGHT START
MOVE B57 100
MOVE B58 100
MOVE B65 182
TRAIN 2
COMMAND RIGHT END
TURN 188 RESULT
TIME LEFT 0 5 RIGHT 0 5
TRAIN B66 B67
MOVE B51 100
MOVE B52 100
MOVE B53 111
MOVE B54 111
MOVE B55 129
MOVE B56 129
MOVE B57 136
MOVE B58 136
MOVE B60 146
MOVE B61 182
MOVE B62 182
MOVE B63 192
MOVE B64 192
MOVE B65 196
END TURN 188
TURN 189
COMMAND LEFT START
COMMAND LEFT END
COMMAND RIGHT START
MOVE B60 100
MOVE B61 146
MOVE B62 146
MOVE B66 182
MOVE B67 182
TRAIN 2
COMMAND RIGHT END
TURN 189 RESULT
TIME LEFT 0 5 RIGHT 0 5
TRAIN B68 B69
MOVE B53 100
MOVE B54 100
MOVE B55 111
MOVE B56 111
MOVE B57 129
MOVE B58 129
MOVE B60 136
MOVE B61 169
MOVE B62 169
MOVE B63 182
MOVE B64 182
MOVE B65 192
MOVE B66 196
MOVE B67 196
END TURN 189
TURN 190
COMMAND LEFT START
COMMAND LEFT END
COMMAND RIGHT START
MOVE B63 146
MOVE B64 146
MOVE B68 182
MOVE B69 182
UPGRADE 103
TRAIN 1
COMMAND RIGHT END
TURN 190 RESULT
TIME LEFT 0 5 RIGHT 0 5
UPGRADE B 103
TRAIN B70
MOVE B55 100
MOVE B56 100
MOVE B57 111
MOVE B58 111
MOVE B60 129
MOVE B61 146
MOVE B62 146
MOVE B63 169
MOVE B64 169
MOVE B65 182
MOVE B66 192
MOVE B67 192
MOVE B68 196
MOVE B69 196
END TURN 190
TURN 191
COMMAND LEFT START
COMMAND LEFT END
COMMAND RIGHT START
MOVE B23 103
MOVE B61 100
MOVE B62 100
MOVE B65 146
MOVE B70 182
TRAIN 2
COMMAND RIGHT END
TURN 191 RESULT
TIME LEFT 0 5 RIGHT 0 5
TRAIN B71 B72
MOVE B23 112
MOVE B57 100
MOVE B58 100
MOVE B60 111
MOVE B61 136
MOVE B62 136
MOVE B63 146
MOVE B64 146
MOVE B65 169
MOVE B66 182
MOVE B67 182
MOVE B68 192
MOVE B69 192
MOVE B70 196
END TURN 191
TURN 192
COMMAND LEFT START
COMMAND LEFT END
COMMAND RIGHT START
MOVE B63 100
MOVE B64 100
MOVE B66 146
MOVE B67 146
MOVE B71 182
MOVE B72 182
TRAIN 2
COMMAND RIGHT END
TURN 192 RESULT
TIME LEFT 0 5 RIGHT 0 5
TRAIN B73 B74
MOVE B23 117
MOVE B60 100
MOVE B61 129
MOVE B62 129
MOVE B63 136
MOVE B64 136
MOVE B65 146
MOVE B66 169
MOVE B67 169
MOVE B68 182
MOVE B69 182
MOVE B70 192
MOVE B71 196
MOVE B72 196
END TURN 192
TURN 193
COMMAND LEFT START
COMMAND LEFT END
COMMAND RIGHT START
MOVE B65 100
MOVE B68 146
MOVE B69 146
MOVE B73 182
MOVE B74 182
UPGRADE 103
TRAIN 1
COMMAND RIGHT END
TURN 193 RESULT
TIME LEFT 0 5 RIGHT 0 5
UPGRADE B 103
TRAIN B75
MOVE B23 114
MOVE B61 111
MOVE B62 111
MOVE B63 129
MOVE B64 129
MOVE B65 136
MOVE B66 146
MOVE B67 146
MOVE B68 169
MOVE B69 169
MOVE B70 182
MOVE B71 192
MOVE B72 192
MOVE B73 196
MOVE B74 196
END TURN 193
TURN 194
COMMAND LEFT START
COMMAND LEFT END
COMMAND RIGHT START
MOVE B40 103
MOVE B66 100
MOVE B67 100
MOVE B70 146
MOVE B75 182
TRAIN 2
COMMAND RIGHT END
TURN 194 RESULT
TIME LEFT 0 5 RIGHT 0 5
TRAIN B76 B77
MOVE B23 108
MOVE B40 112
MOVE B61 100
MOVE B62 100
MOVE B63 111
MOVE B64 111
MOVE B65 129
MOVE B66 136
MOVE B67 136
MOVE B68 146
MOVE B69 146
MOVE B70 169
MOVE B71 182
MOVE B72 182
MOVE B73 192
MOVE B74 192
MOVE B75 196
END TURN 194
TURN 195
COMMAND LEFT START
COMMAND LEFT END
COMMAND RIGHT START
MOVE B68 100
MOVE B69 100
MOVE B71 146
MOVE B72 146
MOVE B76 182
MOVE B77 182
TRAIN 2
COMMAND RIGHT END
TURN 195 RESULT
TIME LEFT 0 5 RIGHT 0 5
TRAIN B78 B79
MOVE B23 103
MOVE B40 117
MOVE B63 100
MOVE B64 100
MOVE B65 111
MOVE B66 129
MOVE B67 129
MOVE B68 136
MOVE B69 136
MOVE B70 146
MOVE B71 169
MOVE B72 169
MOVE B73 182
MOVE B74 182
MOVE B75 192
MOVE B76 196
MOVE B77 196
END TURN 195
TURN 196
COMMAND LEFT START
COMMAND LEFT END
COMMAND RIGHT START
MOVE B70 100
MOVE B73 146
MOVE B74 146
MOVE B78 182
MOVE B79 182
TRAIN 2
COMMAND RIGHT END
TURN 196 RESULT
TIME LEFT 0 5 RIGHT 0 5
TRAIN B80 B81
MOVE B40 114
MOVE B65 100
MOVE B66 111
MOVE B67 111
MOVE B68 129
MOVE B69 129
MOVE B70 136
MOVE B71 146
MOVE B72 146
MOVE B73 169
MOVE B74 169
MOVE B75 182
MOVE B76 192
MOVE B77 192
MOVE B78 196
MOVE B79 196
END TURN 196
TURN 197
COMMAND LEFT START
COMMAND LEFT END
COMMAND RIGHT START
MOVE B71 100
MOVE B72 100
MOVE B75 146
MOVE B80 182
MOVE B81 182
TRAIN 2
COMMAND RIGHT END
TURN 197 RESULT
TIME LEFT 0 5 RIGHT 0 5
TRAIN B82 B83
MOVE B40 108
MOVE B66 100
MOVE B67 100
MOVE B68 111
MOVE B69 111
MOVE B70 129
MOVE B71 136
MOVE B72 136
MOVE B73 146
MOVE B74 146
MOVE B75 169
MOVE B76 182
MOVE B77 182
MOVE B78 192
MOVE B79 192
MOVE B80 196
MOVE B81 196
END TURN 197
TURN 198
COMMAND LEFT START
COMMAND LEFT END
COMMAND RIGHT START
MOVE B73 100
MOVE B74 100
MOVE B76 146
MOVE B77 146
MOVE B82 182
MOVE B83 182
TRAIN 2
COMMAND RIGHT END
TURN 198 RESULT
TIME LEFT 0 5 RIGHT 0 5
TRAIN B84 B85
MOVE B40 103
MOVE B68 100
MOVE B69 100
MOVE B70 111
MOVE B71 129
MOVE B72 129
MOVE B73 136
MOVE B74 136
MOVE B75 146
MOVE B76 169
MOVE B77 169
MOVE B78 182
MOVE B79 182
MOVE B80 192
MOVE B81 192
MOVE B82 196
MOVE B83 196
END TURN 198
TURN 199
COMMAND LEFT START
COMMAND LEFT END
COMMAND RIGHT START
MOVE B75 100
MOVE B78 146
MOVE B79 146
MOVE B84 182
MOVE B85 182
TRAIN 2
COMMAND RIGHT END
TURN 199 RESULT
TIME LEFT 0 5 RIGHT 0 5
TRAIN B86 B87
MOVE B70 100
MOVE B71 111
MOVE B72 111
MOVE B73 129
MOVE B74 129
MOVE B75 136
MOVE B76 146
MOVE B77 146
MOVE B78 169
MOVE B79 169
MOVE B80 182
MOVE B81 182
MOVE B82 192
MOVE B83 192
MOVE B84 196
MOVE B85 196
END TURN 199
TURN 200
COMMAND LEFT START
COMMAND LEFT END
COMMAND RIGHT START
MOVE B76 100
MOVE B77 100
MOVE B80 146
MOVE B81 146
MOVE B86 182
MOVE B87 182
TRAIN 2
COMMAND RIGHT END
TURN 200 RESULT
TIME LEFT 0 5 RIGHT 0 5
TRAIN B88 B89
MOVE B71 100
MOVE B72 100
MOVE B73 111
MOVE B74 111
MOVE B75 129
MOVE B76 136
MOVE B77 136
MOVE B78 146
MOVE B79 146
MOVE B80 169
MOVE B81 169
MOVE B82 182
MOVE B83 182
MOVE B84 192
MOVE B85 192
MOVE B86 196
MOVE B87 196
END TURN 200
TURN 201
COMMAND LEFT START
COMMAND LEFT END
COMMAND RIGHT START
MOVE B78 100
MOVE B79 100
MOVE B82 146
MOVE B83 146
MOVE B88 182
MOVE B89 182
TRAIN 2
COMMAND RIGHT END
TURN 201 RESULT
TIME LEFT 0 5 RIGHT 0 5
TRAIN B90 B91
MOVE B73 100
MOVE B74 100
MOVE B75 111
MOVE B76 129
MOVE B77 129
MOVE B78 136
MOVE B79 136
MOVE B80 146
MOVE B81 146
MOVE B82 169
MOVE B83 169
MOVE B84 182
MOVE B85 182
MOVE B86 192
MOVE B87 192
MOVE B88 196
MOVE B89 196
END TURN 201
TURN 202
COMMAND LEFT START
COMMAND LEFT END
COMMAND RIGHT START
MOVE B80 100
MOVE B81 100
MOVE B84 146
MOVE B85 146
MOVE B90 182
MOVE B91 182
TRAIN 2
COMMAND RIGHT END
TURN 202 RESULT
TIME LEFT 0 5 RIGHT 0 5
TRAIN B92 B93
MOVE B75 100
MOVE B76 111
MOVE B77 111
MOVE B78 129
MOVE B79 129
MOVE B80 136
MOVE B81 136
MOVE B82 146
MOVE B83 146
MOVE B84 169
MOVE B85 169
MOVE B86 182
MOVE B87 182
MOVE B88 192
MOVE B89 192
MOVE B90 196
MOVE B91 196
END TURN 202
TURN 203
COMMAND LEFT START
COMMAND LEFT END
COMMAND RIGHT START
MOVE B82 100
MOVE B83 100
MOVE B86 146
MOVE B87 146
MOVE B92 182
MOVE B93 182
TRAIN 2
COMMAND RIGHT END
TURN 203 RESULT
TIME LEFT 0 5 RIGHT 0 5
TRAIN B94 B95
MOVE B76 100
MOVE B77 100
MOVE B78 111
MOVE B79 111
MOVE B80 129
MOVE B81 129
MOVE B82 136
MOVE B83 136
MOVE B84 146
MOVE B85 146
MOVE B86 169
MOVE B87 169
MOVE B88 182
MOVE B89 182
MOVE B90 192
MOVE B91 192
MOVE B92 196
MOVE B93 196
END TURN 203
TURN 204
COMMAND LEFT START
COMMAND LEFT END
COMMAND RIGHT START
MOVE B84 100
MOVE B85 100
MOVE B88 146
MOVE B89 146
MOVE B94 182
MOVE B95 182
TRAIN 2
COMMAND RIGHT END
TURN 204 RESULT
TIME LEFT 0 5 RIGHT 0 5
TRAIN B96 B97
MOVE B78 100
MOVE B79 100
MOVE B80 111
MOVE B81 111
MOVE B82 129
MOVE B83 129
MOVE B84 136
MOVE B85 136
MOVE B86 146
MOVE B87 146
MOVE B88 169
MOVE B89 169
MOVE B90 182
MOVE B91 182
MOVE B92 192
MOVE B93 192
MOVE B94 196
MOVE B95 196
END TURN 204
TURN 205
COMMAND LEFT START
COMMAND LEFT END
COMMAND RIGHT START
MOVE B86 100
MOVE B87 100
MOVE B90 146
MOVE B91 146
MOVE B96 182
MOVE B97 182
TRAIN 2
COMMAND RIGHT END
TURN 205 RESULT
TIME LEFT 0 5 RIGHT 0 5
TRAIN B98 B99
MOVE B80 100
MOVE B81 100
MOVE B82 111
MOVE B83 111
MOVE B84 129
MOVE B85 129
MOVE B86 136
MOVE B87 136
MOVE B88 146
MOVE B89 146
MOVE B90 169
MOVE B91 169
MOVE B92 182
MOVE B93 182
MOVE B94 192
MOVE B95 192
MOVE B96 196
MOVE B97 196
END TURN 205
TURN 206
COMMAND LEFT START
COMMAND LEFT END
COMMAND RIGHT START
MOVE B88 100
MOVE B89 100
MOVE B92 146
MOVE B93 146
MOVE B98 182
MOVE B99 182
TRAIN 2
COMMAND RIGHT END
TURN 206 RESULT
TIME LEFT 0 5 RIGHT 0 5
TRAIN B100 B101
MOVE B82 100
MOVE B83 100
MOVE B84 111
MOVE B85 111
MOVE B86 129
MOVE B87 129
MOVE B88 136
MOVE B89 136
MOVE B90 146
MOVE B91 146
MOVE B92 169
MOVE B93 169
MOVE B94 182
MOVE B95 182
MOVE B96 192
MOVE B97 192
MOVE B98 196
MOVE B99 196
END TURN 206
TURN 207
COMMAND LEFT START
COMMAND LEFT END
COMMAND RIGHT START
MOVE B90 100
MOVE B91 100
MOVE B94 146
MOVE B95 146
MOVE B100 182
MOVE B101 182
TRAIN 2
COMMAND RIGHT END
TURN 207 RESULT
TIME LEFT 0 5 RIGHT 0 5
TRAIN B102 B103
MOVE B84 100
MOVE B85 100
MOVE B86 111
MOVE B87 111
MOVE B88 129
MOVE B89 129
MOVE B90 136
MOVE B91 136
MOVE B92 146
MOVE B93 146
MOVE B94 169
MOVE B95 169
MOVE B96 182
MOVE B97 182
MOVE B98 192
MOVE B99 192
MOVE B100 196
MOVE B101 196
END TURN 207
TURN 208
COMMAND LEFT START
COMMAND LEFT END
COMMAND RIGHT START
MOVE B92 100
MOVE B93 100
MOVE B96 146
MOVE B97 146
MOVE B102 182
MOVE B103 182
TRAIN 2
COMMAND RIGHT END
TURN 208 RESULT
TIME LEFT 0 5 RIGHT 0 5
TRAIN B104 B105
MOVE B86 100
MOVE B87 100
MOVE B88 111
MOVE B89 111
MOVE B90 129
MOVE B91 129
MOVE B92 136
MOVE B93 136
MOVE B94 146
MOVE B95 146
MOVE B96 169
MOVE B97 169
MOVE B98 182
MOVE B99 182
MOVE B100 192
MOVE B101 192
MOVE B102 196
MOVE B103 196
END TURN 208
TURN 209
COMMAND LEFT START
COMMAND LEFT END
COMMAND RIGHT START
MOVE B94 100
MOVE B95 100
MOVE B98 146
MOVE B99 146
MOVE B104 182
MOVE B105 182
TRAIN 2
COMMAND RIGHT END
TURN 209 RESULT
TIME LEFT 0 5 RIGHT 0 5
TRAIN B106 B107
MOVE B88 100
MOVE B89 100
MOVE B90 111
MOVE B91 111
MOVE B92 129
MOVE B93 129
MOVE B94 136
MOVE B95 136
MOVE B96 146
MOVE B97 146
MOVE B98 169
MOVE B99 169
MOVE B100 182
MOVE B101 182
MOVE B102 192
MOVE B103 192
MOVE B104 196
MOVE B105 196
END TURN 209
TURN 210
COMMAND LEFT START
COMMAND LEFT END
COMMAND RIGHT START
MOVE B96 100
MOVE B97 100
MOVE B100 146
MOVE B101 146
MOVE B106 182
MOVE B107 182
TRAIN 2
COMMAND RIGHT END
TURN 210 RESULT
TIME LEFT 0 5 RIGHT 0 5
TRAIN B108 B109
MOVE B90 100
MOVE B91 100
MOVE B92 111
MOVE B93 111
MOVE B94 129
MOVE B95 129
MOVE B96 136
MOVE B97 136
MOVE B98 146
MOVE B99 146
MOVE B100 169
MOVE B101 169
MOVE B102 182
MOVE B103 182
MOVE B104 192
MOVE B105 192
MOVE B106 196
MOVE B107 196
END TURN 210
TURN 211
COMMAND LEFT START
COMMAND LEFT END
COMMAND RIGHT START
MOVE B98 100
MOVE B99 100
MOVE B102 146
MOVE B103 146
MOVE B108 182
MOVE B109 182
TRAIN 2
COMMAND RIGHT END
TURN 211 RESULT
TIME LEFT 0 5 RIGHT 0 5
TRAIN B110 B111
MOVE B92 100
MOVE B93 100
MOVE B94 111
MOVE B95 111
MOVE B96 129
MOVE B97 129
MOVE B98 136
MOVE B99 136
MOVE B100 146
MOVE B101 146
MOVE B102 169
MOVE B103 169
MOVE B104 182
MOVE B105 182
MOVE B106 192
MOVE B107 192
MOVE B108 196
MOVE B109 196
END TURN 211
TURN 212
COMMAND LEFT START
COMMAND LEFT END
COMMAND RIGHT START
MOVE B100 100
MOVE B101 100
MOVE B104 146
MOVE B105 146
MOVE B110 182
MOVE B111 182
TRAIN 2
COMMAND RIGHT END
TURN 212 RESULT
TIME LEFT 0 5 RIGHT 0 5
TRAIN B112 B113
MOVE B94 100
MOVE B95 100
MOVE B96 111
MOVE B97 111
MOVE B98 129
MOVE B99 129
MOVE B100 136
MOVE B101 136
MOVE B102 146
MOVE B103 146
MOVE B104 169
MOVE B105 169
MOVE B106 182
MOVE B107 182
MOVE B108 192
MOVE B109 192
MOVE B110 196
MOVE B111 196
END TURN 212
TURN 213
COMMAND LEFT START
COMMAND LEFT END
COMMAND RIGHT START
MOVE B102 100
MOVE B103 100
MOVE B106 146
MOVE B107 146
MOVE B112 182
MOVE B113 182
TRAIN 2
COMMAND RIGHT END
TURN 213 RESULT
TIME LEFT 0 5 RIGHT 0 5
TRAIN B114 B115
MOVE B96 100
MOVE B97 100
MOVE B98 111
MOVE B99 111
MOVE B100 129
MOVE B101 129
MOVE B102 136
MOVE B103 136
MOVE B104 146
MOVE B105 146
MOVE B106 169
MOVE B107 169
MOVE B108 182
MOVE B109 182
MOVE B110 192
MOVE B111 192
MOVE B112 196
MOVE B113 196
END TURN 213
TURN 214
COMMAND LEFT START
COMMAND LEFT END
COMMAND RIGHT START
MOVE B104 100
MOVE B105 100
MOVE B108 146
MOVE B109 146
MOVE B114 182
MOVE B115 182
TRAIN 2
COMMAND RIGHT END
TURN 214 RESULT
TIME LEFT 0 5 RIGHT 0 5
TRAIN B116 B117
MOVE B98 100
MOVE B99 100
MOVE B100 111
MOVE B101 111
MOVE B102 129
MOVE B103 129
MOVE B104 136
MOVE B105 136
MOVE B106 146
MOVE B107 146
MOVE B108 169
MOVE B109 169
MOVE B110 182
MOVE B111 182
MOVE B112 192
MOVE B113 192
MOVE B114 196
MOVE B115 196
END TURN 214
TURN 215
COMMAND LEFT START
COMMAND LEFT END
COMMAND RIGHT START
MOVE B106 100
MOVE B107 100
MOVE B110 146
MOVE B111 146
MOVE B116 182
MOVE B117 182
TRAIN 2
COMMAND RIGHT END
TURN 215 RESULT
TIME LEFT 0 5 RIGHT 0 5
TRAIN B118 B119
MOVE B100 100
MOVE B101 100
MOVE B102 111
MOVE B103 111
MOVE B104 129
MOVE B105 129
MOVE B106 136
MOVE B107 136
MOVE B108 146
MOVE B109 146
MOVE B110 169
MOVE B111 169
MOVE B112 182
MOVE B113 182
MOVE B114 192
MOVE B115 192
MOVE B116 196
MOVE B117 196
END TURN 215
TURN 216
COMMAND LEFT START
COMMAND LEFT END
COMMAND RIGHT START
MOVE B108 100
MOVE B109 100
MOVE B112 146
MOVE B113 146
MOVE B118 182
MOVE B119 182
TRAIN 2
COMMAND RIGHT END
TURN 216 RESULT
TIME LEFT 0 5 RIGHT 0 5
TRAIN B120 B121
MOVE B102 100
MOVE B103 100
MOVE B104 111
MOVE B105 111
MOVE B106 129
MOVE B107 129
MOVE B108 136
MOVE B109 136
MOVE B110 146
MOVE B111 146
MOVE B112 169
MOVE B113 169
MOVE B114 182
MOVE B115 182
MOVE B116 192
MOVE B117 192
MOVE B118 196
MOVE B119 196
END TURN 216
TURN 217
COMMAND LEFT START
COMMAND LEFT END
COMMAND RIGHT START
MOVE B110 100
MOVE B111 100
MOVE B114 146
MOVE B115 146
MOVE B120 182
MOVE B121 182
UPGRADE 200
COMMAND RIGHT END
TURN 217 RESULT
TIME LEFT 0 5 RIGHT 0 5
UPGRADE B 200
MOVE B104 100
MOVE B105 100
MOVE B106 111
MOVE B107 111
MOVE B108 129
MOVE B109 129
MOVE B110 136
MOVE B111 136
MOVE B112 146
MOVE B113 146
MOVE B114 169
MOVE B115 169
MOVE B116 182
MOVE B117 182
MOVE B118 192
MOVE B119 192
MOVE B120 196
MOVE B121 196
END TURN 217
TURN 218
COMMAND LEFT START
COMMAND LEFT END
COMMAND RIGHT START
MOVE B38 200
MOVE B112 100
MOVE B113 100
MOVE B116 146
MOVE B117 146
TRAIN 3
COMMAND RIGHT END
TURN 218 RESULT
TIME LEFT 0 5 RIGHT 0 5
TRAIN B122 B123 B124
MOVE B38 192
MOVE B106 100
MOVE B107 100
MOVE B108 111
MOVE B109 111
MOVE B110 129
MOVE B111 129
MOVE B112 136
MOVE B113 136
MOVE B114 146
MOVE B115 146
MOVE B116 169
MOVE B117 169
MOVE B118 182
MOVE B119 182
MOVE B120 192
MOVE B121 192
END TURN 218
TURN 219
COMMAND LEFT START
COMMAND LEFT END
COMMAND RIGHT START
MOVE B41 0
MOVE B42 0
MOVE B43 0
MOVE B44 0
MOVE B45 0
MOVE B46 0
MOVE B47 0
MOVE B48 0
MOVE B49 0
MOVE B50 0
MOVE B51 0
MOVE B52 0
MOVE B53 0
MOVE B54 0
MOVE B55 0
MOVE B56 0
MOVE B57 0
MOVE B58 0
MOVE B60 0
MOVE B61 0
MOVE B62 0
MOVE B63 0
MOVE B64 0
MOVE B65 0
MOVE B66 0
MOVE B67 0
MOVE B68 0
MOVE B69 0
MOVE B70 0
MOVE B71 0
MOVE B72 0
MOVE B73 0
MOVE B74 0
MOVE B75 0
MOVE B76 0
MOVE B77 0
MOVE B78 0
MOVE B79 0
MOVE B80 0
MOVE B81 0
MOVE B82 0
MOVE B83 0
MOVE B84 0
MOVE B85 0
MOVE B86 0
MOVE B87 0
MOVE B88 0
MOVE B89 0
MOVE B90 0
MOVE B91 0
MOVE B92 0
MOVE B93 0
MOVE B94 0
MOVE B95 0
MOVE B96 0
MOVE B97 0
MOVE B98 0
MOVE B114 100
MOVE B115 100
MOVE B118 146
MOVE B119 146
MOVE B122 182
MOVE B123 182
MOVE B124 182
COMMAND RIGHT END
TURN 219 RESULT
TIME LEFT 0 5 RIGHT 0 5
MOVE B38 196
MOVE B41 89
MOVE B42 89
MOVE B43 89
MOVE B44 89
MOVE B45 89
MOVE B46 89
MOVE B47 89
MOVE B48 89
MOVE B49 89
MOVE B50 89
MOVE B51 89
MOVE B52 89
MOVE B53 89
MOVE B54 89
MOVE B55 89
MOVE B56 89
MOVE B57 89
MOVE B58 89
MOVE B60 89
MOVE B61 89
MOVE B62 89
MOVE B63 89
MOVE B64 89
MOVE B65 89
MOVE B66 89
MOVE B67 89
MOVE B68 89
MOVE B69 89
MOVE B70 89
MOVE B71 89
MOVE B72 89
MOVE B73 89
MOVE B74 89
MOVE B75 89
MOVE B76 89
MOVE B77 89
MOVE B78 89
MOVE B79 89
MOVE B80 89
MOVE B81 89
MOVE B82 89
MOVE B83 89
MOVE B84 89
MOVE B85 89
MOVE B86 89
MOVE B87 89
MOVE B88 89
MOVE B89 89
MOVE B90 89
MOVE B91 89
MOVE B92 89
MOVE B93 89
MOVE B94 89
MOVE B95 89
MOVE B96 89
MOVE B97 89
MOVE B98 89
MOVE B108 100
MOVE B109 100
MOVE B110 111
MOVE B111 111
MOVE B112 129
MOVE B113 129
MOVE B114 136
MOVE B115 136
MOVE B116 146
MOVE B117 146
MOVE B118 169
MOVE B119 169
MOVE B120 182
MOVE B121 182
MOVE B122 196
MOVE B123 196
MOVE B124 196
END TURN 219
TURN 220
COMMAND LEFT START
COMMAND LEFT END
COMMAND RIGHT START
MOVE B99 0
MOVE B100 0
MOVE B101 0
MOVE B102 0
MOVE B103 0
MOVE B104 0
MOVE B105 0
MOVE B106 0
MOVE B107 0
MOVE B116 100
MOVE B117 100
MOVE B121 146
COMMAND RIGHT END
TURN 220 RESULT
TIME LEFT 0 5 RIGHT 0 5
MOVE B38 200
MOVE B41 71
MOVE B42 71
MOVE B43 71
MOVE B44 71
MOVE B45 71
MOVE B46 71
MOVE B47 71
MOVE B48 71
MOVE B49 71
MOVE B50 71
MOVE B51 71
MOVE B52 71
MOVE B53 71
MOVE B54 71
MOVE B55 71
MOVE B56 71
MOVE B57 71
MOVE B58 71
MOVE B60 71
MOVE B61 71
MOVE B62 71
MOVE B63 71
MOVE B64 71
MOVE B65 71
MOVE B66 71
MOVE B67 71
MOVE B68 71
MOVE B69 71
MOVE B70 71
MOVE B71 71
MOVE B72 71
MOVE B73 71
MOVE B74 71
MOVE B75 71
MOVE B76 71
MOVE B77 71
MOVE B78 71
MOVE B79 71
MOVE B80 71
MOVE B81 71
MOVE B82 71
MOVE B83 71
MOVE B84 71
MOVE B85 71
MOVE B86 71
MOVE B87 71
MOVE B88 71
MOVE B89 71
MOVE B90 71
MOVE B91 71
MOVE B92 71
MOVE B93 71
MOVE B94 71
MOVE B95 71
MOVE B96 71
MOVE B97 71
MOVE B98 71
MOVE B99 89
MOVE B100 89
MOVE B101 89
MOVE B102 89
MOVE B103 89
MOVE B104 89
MOVE B105 89
MOVE B106 89
MOVE B107 89
MOVE B110 100
MOVE B111 100
MOVE B112 111
MOVE B113 111
MOVE B114 129
MOVE B115 129
MOVE B116 136
MOVE B117 136
MOVE B118 146
MOVE B119 146
MOVE B121 169
MOVE B122 192
MOVE B123 192
MOVE B124 192
END TURN 220
TURN 221
COMMAND LEFT START
COMMAND LEFT END
COMMAND RIGHT START
MOVE B118 100
MOVE B119 100
TRAIN 2
COMMAND RIGHT END
TURN 221 RESULT
TIME LEFT 0 5 RIGHT 0 5
TRAIN B125 B126
MOVE B41 64
MOVE B42 64
MOVE B43 64
MOVE B44 64
MOVE B45 64
MOVE B46 64
MOVE B47 64
MOVE B48 64
MOVE B49 64
MOVE B50 64
MOVE B51 64
MOVE B52 64
MOVE B53 64
MOVE B54 64
MOVE B55 64
MOVE B56 64
MOVE B57 64
MOVE B58 64
MOVE B60 64
MOVE B61 64
MOVE B62 64
MOVE B63 64
MOVE B64 64
MOVE B65 64
MOVE B66 64
MOVE B67 64
MOVE B68 64
MOVE B69 64
MOVE B70 64
MOVE B71 64
MOVE B72 64
MOVE B73 64
MOVE B74 64
MOVE B75 64
MOVE B76 64
MOVE B77 64
MOVE B78 64
MOVE B79 64
MOVE B80 64
MOVE B81 64
MOVE B82 64
MOVE B83 64
MOVE B84 64
MOVE B85 64
MOVE B86 64
MOVE B87 64
MOVE B88 64
MOVE B89 64
MOVE B90 64
MOVE B91 64
MOVE B92 64
MOVE B93 64
MOVE B94 64
MOVE B95 64
MOVE B96 64
MOVE B97 64
MOVE B98 64
MOVE B99 71
MOVE B100 71
MOVE B101 71
MOVE B102 71
MOVE B103 71
MOVE B104 71
MOVE B105 71
MOVE B106 71
MOVE B107 71
MOVE B112 100
MOVE B113 100
MOVE B114 111
MOVE B115 111
MOVE B116 129
MOVE B117 129
MOVE B118 136
MOVE B119 136
MOVE B121 146
MOVE B122 182
MOVE B123 182
MOVE B124 182
END TURN 221
TURN 222
COMMAND LEFT START
COMMAND LEFT END
COMMAND RIGHT START
MOVE B121 100
MOVE B122 146
MOVE B123 146
MOVE B124 146
MOVE B125 182
MOVE B126 182
TRAIN 3
COMMAND RIGHT END
TURN 222 RESULT
TIME LEFT 0 5 RIGHT 0 5
TRAIN B127 B128 B129
MOVE B41 53
MOVE B42 53
MOVE B43 53
MOVE B44 53
MOVE B45 53
MOVE B46 53
MOVE B47 53
MOVE B48 53
MOVE B49 53
MOVE B50 53
MOVE B51 53
MOVE B52 53
MOVE B53 53
MOVE B54 53
MOVE B55 53
MOVE B56 53
MOVE B57 53
MOVE B58 53
MOVE B60 53
MOVE B61 53
MOVE B62 53
MOVE B63 53
MOVE B64 53
MOVE B65 53
MOVE B66 53
MOVE B67 53
MOVE B68 53
MOVE B69 53
MOVE B70 53
MOVE B71 53
MOVE B72 53
MOVE B73 53
MOVE B74 53
MOVE B75 53
MOVE B76 53
MOVE B77 53
MOVE B78 53
MOVE B79 53
MOVE B80 53
MOVE B81 53
MOVE B82 53
MOVE B83 53
MOVE B84 53
MOVE B85 53
MOVE B86 53
MOVE B87 53
MOVE B88 53
MOVE B89 53
MOVE B90 53
MOVE B91 53
MOVE B92 53
MOVE B93 53
MOVE B94 53
MOVE B95 53
MOVE B96 53
MOVE B97 53
MOVE B98 53
MOVE B99 64
MOVE B100 64
MOVE B101 64
MOVE B102 64
MOVE B103 64
MOVE B104 64
MOVE B105 64
MOVE B106 64
MOVE B107 64
MOVE B114 100
MOVE B115 100
MOVE B116 111
MOVE B117 111
MOVE B118 129
MOVE B119 129
MOVE B121 136
MOVE B122 169
MOVE B123 169
MOVE B124 169
MOVE B125 196
MOVE B126 196
END TURN 222
TURN 223
COMMAND LEFT START
COMMAND LEFT END
COMMAND RIGHT START
MOVE B127 182
MOVE B128 182
MOVE B129 182
TRAIN 2
COMMAND RIGHT END
TURN 223 RESULT
TIME LEFT 0 5 RIGHT 0 5
TRAIN B130 B131
MOVE B41 40
MOVE B42 40
MOVE B43 40
MOVE B44 40
MOVE B45 40
MOVE B46 40
MOVE B47 40
MOVE B48 40
MOVE B49 40
MOVE B50 40
MOVE B51 40
MOVE B52 40
MOVE B53 40
MOVE B54 40
MOVE B55 40
MOVE B56 40
MOVE B57 40
MOVE B58 40
MOVE B60 40
MOVE B61 40
MOVE B62 40
MOVE B63 40
MOVE B64 40
MOVE B65 40
MOVE B66 40
MOVE B67 40
MOVE B68 40
MOVE B69 40
MOVE B70 40
MOVE B71 40
MOVE B72 40
MOVE B73 40
MOVE B74 40
MOVE B75 40
MOVE B76 40
MOVE B77 40
MOVE B78 40
MOVE B79 40
MOVE B80 40
MOVE B81 40
MOVE B82 40
MOVE B83 40
MOVE B84 40
MOVE B85 40
MOVE B86 40
MOVE B87 40
MOVE B88 40
MOVE B89 40
MOVE B90 40
MOVE B91 40
MOVE B92 40
MOVE B93 40
MOVE B94 40
MOVE B95 40
MOVE B96 40
MOVE B97 40
MOVE B98 40
MOVE B99 53
MOVE B100 53
MOVE B101 53
MOVE B102 53
MOVE B103 53
MOVE B104 53
MOVE B105 53
MOVE B106 53
MOVE B107 53
MOVE B116 100
MOVE B117 100
MOVE B118 111
MOVE B119 111
MOVE B121 129
MOVE B122 146
MOVE B123 146
MOVE B124 146
MOVE B125 192
MOVE B126 192
MOVE B127 196
MOVE B128 196
MOVE B129 196
END TURN 223
TURN 224
COMMAND LEFT START
COMMAND LEFT END
COMMAND RIGHT START
MOVE B122 100
MOVE B123 100
MOVE B124 100
MOVE B130 182
MOVE B131 182
TRAIN 3
COMMAND RIGHT END
TURN 224 RESULT
TIME LEFT 0 5 RIGHT 0 5
TRAIN B132 B133 B134
MOVE B41 20
MOVE B42 20
MOVE B43 20
MOVE B44 20
MOVE B45 20
MOVE B46 20
MOVE B47 20
MOVE B48 20
MOVE B49 20
MOVE B50 20
MOVE B51 20
MOVE B52 20
MOVE B53 20
MOVE B54 20
MOVE B55 20
MOVE B56 20
MOVE B57 20
MOVE B58 20
MOVE B60 20
MOVE B61 20
MOVE B62 20
MOVE B63 20
MOVE B64 20
MOVE B65 20
MOVE B66 20
MOVE B67 20
MOVE B68 20
MOVE B69 20
MOVE B70 20
MOVE B71 20
MOVE B72 20
MOVE B73 20
MOVE B74 20
MOVE B75 20
MOVE B76 20
MOVE B77 20
MOVE B78 20
MOVE B79 20
MOVE B80 20
MOVE B81 20
MOVE B82 20
MOVE B83 20
MOVE B84 20
MOVE B85 20
MOVE B86 20
MOVE B87 20
MOVE B88 20
MOVE B89 20
MOVE B90 20
MOVE B91 20
MOVE B92 20
MOVE B93 20
MOVE B94 20
MOVE B95 20
MOVE B96 20
MOVE B97 20
MOVE B98 20
MOVE B99 40
MOVE B100 40
MOVE B101 40
MOVE B102 40
MOVE B103 40
MOVE B104 40
MOVE B105 40
MOVE B106 40
MOVE B107 40
MOVE B118 100
MOVE B119 100
MOVE B121 111
MOVE B122 136
MOVE B123 136
MOVE B124 136
MOVE B125 182
MOVE B126 182
MOVE B127 192
MOVE B128 192
MOVE B129 192
MOVE B130 196
MOVE B131 196
END TURN 224
TURN 225
COMMAND LEFT START
COMMAND LEFT END
COMMAND RIGHT START
MOVE B125 146
MOVE B126 146
MOVE B132 182
MOVE B133 182
MOVE B134 182
TRAIN 2
COMMAND RIGHT END
TURN 225 RESULT
TIME LEFT 0 5 RIGHT 0 5
TRAIN B135 B136
MOVE B41 14
MOVE B42 14
MOVE B43 14
MOVE B44 14
MOVE B45 14
MOVE B46 14
MOVE B47 14
MOVE B48 14
MOVE B49 14
MOVE B50 14
MOVE B51 14
MOVE B52 14
MOVE B53 14
MOVE B54 14
MOVE B55 14
MOVE B56 14
MOVE B57 14
MOVE B58 14
MOVE B60 14
MOVE B61 14
MOVE B62 14
MOVE B63 14
MOVE B64 14
MOVE B65 14
MOVE B66 14
MOVE B67 14
MOVE B68 14
MOVE B69 14
MOVE B70 14
MOVE B71 14
MOVE B72 14
MOVE B73 14
MOVE B74 14
MOVE B75 14
MOVE B76 14
MOVE B77 14
MOVE B78 14
MOVE B79 14
MOVE B80 14
MOVE B81 14
MOVE B82 14
MOVE B83 14
MOVE B84 14
MOVE B85 14
MOVE B86 14
MOVE B87 14
MOVE B88 14
MOVE B89 14
MOVE B90 14
MOVE B91 14
MOVE B92 14
MOVE B93 14
MOVE B94 14
MOVE B95 14
MOVE B96 14
MOVE B97 14
MOVE B98 14
MOVE B99 20
MOVE B100 20
MOVE B101 20
MOVE B102 20
MOVE B103 20
MOVE B104 20
MOVE B105 20
MOVE B106 20
MOVE B107 20
MOVE B121 100
MOVE B122 129
MOVE B123 129
MOVE B124 129
MOVE B125 169
MOVE B126 169
MOVE B127 182
MOVE B128 182
MOVE B129 182
MOVE B130 192
MOVE B131 192
MOVE B132 196
MOVE B133 196
MOVE B134 196
END TURN 225
TURN 226
COMMAND LEFT START
COMMAND LEFT END
COMMAND RIGHT START
MOVE B108 0
MOVE B109 0
MOVE B110 0
MOVE B111 0
MOVE B112 0
MOVE B113 0
MOVE B114 0
MOVE B115 0
MOVE B116 0
MOVE B117 0
MOVE B118 0
MOVE B119 0
MOVE B121 0
MOVE B127 146
MOVE B128 146
MOVE B129 146
MOVE B135 182
MOVE B136 182
TRAIN 2
COMMAND RIGHT END
TURN 226 RESULT
TIME LEFT 0 5 RIGHT 0 5
TRAIN B137 B138
MOVE B41 4
MOVE B42 4
MOVE B43 4
MOVE B44 4
MOVE B45 4
MOVE B46 4
MOVE B47 4
MOVE B48 4
MOVE B49 4
MOVE B50 4
MOVE B51 4
MOVE B52 4
MOVE B53 4
MOVE B54 4
MOVE B55 4
MOVE B56 4
MOVE B57 4
MOVE B58 4
MOVE B60 4
MOVE B61 4
MOVE B62 4
MOVE B63 4
MOVE B64 4
MOVE B65 4
MOVE B66 4
MOVE B67 4
MOVE B68 4
MOVE B69 4
MOVE B70 4
MOVE B71 4
MOVE B72 4
MOVE B73 4
MOVE B74 4
MOVE B75 4
MOVE B76 4
MOVE B77 4
MOVE B78 4
MOVE B79 4
MOVE B80 4
MOVE B81 4
MOVE B82 4
MOVE B83 4
MOVE B84 4
MOVE B85 4
MOVE B86 4
MOVE B87 4
MOVE B88 4
MOVE B89 4
MOVE B90 4
MOVE B91 4
MOVE B92 4
MOVE B93 4
MOVE B94 4
MOVE B95 4
MOVE B96 4
MOVE B97 4
MOVE B98 4
MOVE B99 14
MOVE B100 14
MOVE B101 14
MOVE B102 14
MOVE B103 14
MOVE B104 14
MOVE B105 14
MOVE B106 14
MOVE B107 14
MOVE B108 89
MOVE B109 89
MOVE B110 89
MOVE B111 89
MOVE B112 89
MOVE B113 89
MOVE B114 89
MOVE B115 89
MOVE B116 89
MOVE B117 89
MOVE B118 89
MOVE B119 89
MOVE B121 89
MOVE B122 111
MOVE B123 111
MOVE B124 111
MOVE B125 146
MOVE B126 146
MOVE B127 169
MOVE B128 169
MOVE B129 169
MOVE B130 182
MOVE B131 182
MOVE B132 192
MOVE B133 192
MOVE B134 192
MOVE B135 196
MOVE B136 196
END TURN 226
TURN 227
COMMAND LEFT START
COMMAND LEFT END
COMMAND RIGHT START
MOVE B125 100
MOVE B126 100
MOVE B130 146
MOVE B131 146
MOVE B137 182
MOVE B138 182
TRAIN 2
COMMAND RIGHT END
TURN 227 RESULT
TIME LEFT 0 5 RIGHT 0 5
TRAIN B139 B140
MOVE B41 0
MOVE B42 0
MOVE B43 0
MOVE B44 0
MOVE B45 0
MOVE B46 0
MOVE B47 0
MOVE B48 0
MOVE B49 0
MOVE B50 0
MOVE B51 0
MOVE B52 0
MOVE B53 0
MOVE B54 0
MOVE B55 0
MOVE B56 0
MOVE B57 0
MOVE B58 0
MOVE B60 0
MOVE B61 0
MOVE B62 0
MOVE B63 0
MOVE B64 0
MOVE B65 0
MOVE B66 0
MOVE B67 0
MOVE B68 0
MOVE B69 0
MOVE B70 0
MOVE B71 0
MOVE B72 0
MOVE B73 0
MOVE B74 0
MOVE B75 0
MOVE B76 0
MOVE B77 0
MOVE B78 0
MOVE B79 0
MOVE B80 0
MOVE B81 0
MOVE B82 0
MOVE B83 0
MOVE B84 0
MOVE B85 0
MOVE B86 0
MOVE B87 0
MOVE B88 0
MOVE B89 0
MOVE B90 0
MOVE B91 0
MOVE B92 0
MOVE B93 0
MOVE B94 0
MOVE B95 0
MOVE B96 0
MOVE B97 0
MOVE B98 0
MOVE B99 4
MOVE B100 4
MOVE B101 4
MOVE B102 4
MOVE B103 4
MOVE B104 4
MOVE B105 4
MOVE B106 4
MOVE B107 4
MOVE B108 71
MOVE B109 71
MOVE B110 71
MOVE B111 71
MOVE B112 71
MOVE B113 71
MOVE B114 71
MOVE B115 71
MOVE B116 71
MOVE B117 71
MOVE B118 71
MOVE B119 71
MOVE B121 71
MOVE B122 100
MOVE B123 100
MOVE B124 100
MOVE B125 136
MOVE B126 136
MOVE B127 146
MOVE B128 146
MOVE B129 146
MOVE B130 169
MOVE B131 169
MOVE B132 182
MOVE B133 182
MOVE B134 182
MOVE B135 192
MOVE B136 192
MOVE B137 196
MOVE B138 196
DAMAGE TURRET B41 1
SIEGE A 0 10
END TURN 227
RESULT RIGHT_WIN HQ_DESTROYED
