[LEFT ""]
[RIGHT ""]
MAP
243 15
-11201 -11046 -10820 -9395 -10227 -9284 -10214 -9903 -8660 -8564 -9373 -9351 -8356 -8299 -8417 -7951 -7676 -7637 -7651 -7523 -7389 -7287 -7159 -7528 -7355 -6717 -6946 -6664 -7707 -6678 -6647 -6502 -6469 -6556 -7394 -6228 -6106 -5820 -5929 -5714 -6257 -5737 -5404 -5286 -5263 -5345 -5388 -5158 -5109 -5307 -4831 -4662 -4671 -4556 -5089 -4399 -4760 -4370 -4268 -4271 -4173 -3968 -3885 -3923 -3791 -3476 -3545 -3524 -3473 -3289 -3281 -3179 -3207 -3915 -3203 -3026 -3184 -3041 -2811 -2792 -2720 -2646 -2501 -2937 -2486 -2221 -2129 -2187 -2021 -2092 -1986 -1934 -1810 -1624 -1634 -1790 -1683 -1594 -1563 -2031 -1437 -1387 -1237 -1131 -930 -852 -996 -970 -969 -782 -650 -550 -595 -349 -626 -471 -471 -204 -7 -16 -75 0 75 16 7 204 471 471 626 349 595 550 650 782 969 970 996 852 930 1131 1237 1387 1437 2031 1563 1594 1683 1790 1634 1624 1810 1934 1986 2092 2021 2187 2129 2221 2486 2937 2501 2646 2720 2792 2811 3041 3184 3026 3203 3915 3207 3179 3281 3289 3473 3524 3545 3476 3791 3923 3885 3968 4173 4271 4268 4370 4760 4399 5089 4556 4671 4662 4831 5307 5109 5158 5388 5345 5263 5286 5404 5737 6257 5714 5929 5820 6106 6228 7394 6556 6469 6502 6647 6678 7707 6664 6946 6717 7355 7528 7159 7287 7389 7523 7651 7637 7676 7951 8417 8299 8356 9351 9373 8564 8660 9903 10214 9284 10227 9395 10820 11046 11201
-771 1128 -2606 110 2489 -1205 4097 -4089 -2599 -41 -6023 6141 -1221 4246 1153 2559 17 -2466 -4662 -1350 1400 3620 4992 6357 -5978 -493 -3562 569 7939 1962 -4857 -1325 2893 -2435 -7952 4343 6166 -6175 -4549 -1803 8948 1404 5310 -4063 2601 -2860 -128 3896 6628 -7813 -5564 -1309 1110 -3521 -9968 4950 8778 2891 -41 -2625 6477 -4206 -5298 -7291 3750 7677 1618 -2136 5411 2625 610 6872 -418 10055 -3502 -1351 -8601 -5506 3808 4745 -7427 6089 -2672 -10152 9349 -6126 798 2065 -3773 8115 3451 6849 -1438 -248 -8368 -4685 -10975 5649 4721 10882 -7228 -2674 2876 8152 1994 -6338 -5268 1000 7183 4005 -1869 6203 -9515 11067 -3914 8916 -8319 -1056 7516 -2973 5057 0 -5057 2973 -7516 1056 8319 -8916 3914 -11067 9515 -6203 1869 -4005 -7183 -1000 5268 6338 -1994 -8152 -2876 2674 7228 -10882 -4721 -5649 10975 4685 8368 248 1438 -6849 -3451 -8115 3773 -2065 -798 6126 -9349 10152 2672 -6089 7427 -4745 -3808 5506 8601 1351 3502 -10055 418 -6872 -610 -2625 -5411 2136 -1618 -7677 -3750 7291 5298 4206 -6477 2625 41 -2891 -8778 -4950 9968 3521 -1110 1309 5564 7813 -6628 -3896 128 2860 -2601 4063 -5310 -1404 -8948 1803 4549 6175 -6166 -4343 7952 2435 -2893 1325 4857 -1962 -7939 -569 3562 493 5978 -6357 -4992 -3620 -1400 1350 4662 2466 -17 -2559 -1153 -4246 1221 -6141 6023 41 2599 4089 -4097 1205 -2489 -110 2606 -1128 771
STRONGHOLDS 3 6 38 41 45 72 96 121 146 170 197 201 204 236 239
4 1 2 3 5
3 0 3 4
4 0 5 7 8
6 0 1 4 5 9 14
6 1 3 6 13 14 15
6 0 2 3 8 9 12
3 4 11 13
4 2 8 10 18
7 2 5 7 12 17 18 26
5 3 5 12 14 16
4 7 18 24 34
4 6 13 23 28
6 5 8 9 16 17 19
7 4 6 11 15 21 22 23
6 3 4 9 15 16 20
7 4 13 14 20 21 29 32
7 9 12 14 19 20 25 27
5 8 12 19 26 33
6 7 8 10 24 26 30
6 12 16 17 25 31 33
5 14 15 16 27 29
5 13 15 22 32 35
6 13 21 23 35 36 42
5 11 13 22 28 36
5 10 18 30 34 37
5 16 19 27 31 46
8 8 17 18 30 33 38 43 45
6 16 20 25 29 41 46
4 11 23 36 40
6 15 20 27 32 41 44
5 18 24 26 37 38
5 19 25 33 39 46
6 15 21 29 35 44 47
6 17 19 26 31 39 45
5 10 24 37 49 54
5 21 22 32 42 47
6 22 23 28 40 42 48
7 24 30 34 38 49 50 63
5 26 30 37 43 50
6 31 33 45 46 51 59
5 28 36 48 56 73
5 27 29 44 46 52
7 22 35 36 47 48 55 60
6 26 38 45 50 53 61
6 29 32 41 47 52 57
6 26 33 39 43 53 59
8 25 27 31 39 41 51 52 58
7 32 35 42 44 55 57 64
6 36 40 42 56 60 65
5 34 37 54 63 76
6 37 38 43 61 62 63
7 39 46 58 59 67 72 75
7 41 44 46 57 58 66 70
5 43 45 59 61 74
4 34 49 76 83
5 42 47 60 64 68
5 40 48 65 73 84
6 44 47 52 64 66 69
5 46 51 52 70 72
6 39 45 51 53 67 74
6 42 48 55 65 68 71
6 43 50 53 62 74 77
4 50 61 63 77
7 37 49 50 62 76 77 80
7 47 55 57 68 69 78 79
6 48 56 60 71 84 89
6 52 57 69 70 86 87
5 51 59 74 75 82
6 55 60 64 71 79 81
6 57 64 66 78 87 90
5 52 58 66 72 86
6 60 65 68 81 89 91
6 51 58 70 75 86 93
4 40 56 84 99
8 53 59 61 67 77 82 88 95
6 51 67 72 82 92 93
6 49 54 63 80 83 94
7 61 62 63 74 80 85 95
5 64 69 79 90 98
6 64 68 78 81 97 98
6 63 76 77 85 94 100
5 68 71 79 91 97
6 67 74 75 88 92 101
5 54 76 94 96 112
7 56 65 73 89 99 103 115
6 77 80 95 100 105 106
6 66 70 72 87 93 107
7 66 69 86 90 102 104 107
5 74 82 95 101 114
6 65 71 84 91 103 108
6 69 78 87 98 102 109
6 71 81 89 97 108 111
6 75 82 93 101 110 117
7 72 75 86 92 107 117 121
6 76 80 83 100 112 116
6 74 77 85 88 106 114
3 83 112 129
6 79 81 91 98 111 120
6 78 79 90 97 109 120
4 73 84 113 115
6 80 85 94 105 116 124
6 82 88 92 110 114 119
5 87 90 104 109 123
5 84 89 108 115 118
6 87 102 107 123 125 132
6 85 100 106 122 124 131
5 85 95 105 114 122
6 86 87 93 104 121 125
5 89 91 103 111 118
6 90 98 102 120 123 128
5 92 101 117 119 138
6 91 97 108 118 120 137
6 83 94 96 116 127 129
4 99 115 130 146
7 88 95 101 106 119 122 133
7 84 99 103 113 118 126 130
5 94 100 112 124 127
6 92 93 110 121 135 138
7 103 108 111 115 126 137 142
6 101 110 114 133 138 140
7 97 98 109 111 128 136 137
6 93 107 117 125 135 149
7 105 106 114 131 133 144 145
6 102 104 109 128 132 141
7 100 105 116 127 131 134 139
6 104 107 121 132 149 150
5 115 118 130 142 148
7 112 116 124 129 139 143 158
7 109 120 123 136 141 147 154
4 96 112 127 143
6 113 115 126 146 148 159
6 105 122 124 134 145 151
5 104 123 125 141 150
6 114 119 122 140 144 152
5 124 131 139 151 153
6 117 121 138 149 155 156
5 120 128 137 147 157
6 111 118 120 136 142 157
6 110 117 119 135 140 155
5 124 127 134 153 158
5 119 133 138 152 155
6 123 128 132 150 154 160
6 118 126 137 148 157 162
4 127 129 158 169
6 122 133 145 152 163 164
6 122 131 144 151 161 163
3 113 130 159
6 128 136 154 157 165 168
6 126 130 142 159 162 166
7 121 125 135 150 156 167 170
6 125 132 141 149 160 167
6 131 134 145 153 161 171
6 133 140 144 155 164 173
6 134 139 151 158 171 177
5 128 141 147 160 168
7 135 138 140 152 156 173 176
6 135 149 155 170 172 176
6 136 137 142 147 162 165
7 127 139 143 153 169 177 186
5 130 146 148 166 188
6 141 150 154 167 168 175
5 145 151 163 171 174
6 142 148 157 165 166 179
6 144 145 161 164 174 178
5 144 152 163 173 178
7 147 157 162 168 179 180 181
6 148 159 162 179 188 193
6 149 150 160 170 175 191
8 147 154 160 165 175 181 183 189
4 143 158 186 202
6 149 156 167 172 184 191
6 151 153 161 174 177 182
5 156 170 176 184 190
6 152 155 164 176 178 185
6 161 163 171 178 182 187
5 160 167 168 183 191
6 155 156 172 173 185 190
6 153 158 171 182 186 194
7 163 164 173 174 185 187 195
7 162 165 166 180 192 193 205
4 165 179 181 192
6 165 168 180 189 192 199
6 171 174 177 187 194 200
6 168 175 189 191 197 203
5 170 172 190 191 196
6 173 176 178 190 195 198
5 158 169 177 194 202
5 174 178 182 195 200
4 159 166 193 208
5 168 181 183 197 199
7 172 176 184 185 196 198 201
7 167 170 175 183 184 196 203
6 179 180 181 199 204 205
5 166 179 188 205 208
6 177 182 186 200 202 206
7 178 185 187 198 200 207 210
8 184 190 191 201 203 211 215 217
6 183 189 199 203 209 216
6 185 190 195 201 210 213
6 181 189 192 197 204 216
7 182 187 194 195 206 207 220
5 190 196 198 213 215
5 169 186 194 206 214
6 183 191 196 197 209 211
5 192 199 205 212 216
7 179 192 193 204 208 212 218
6 194 200 202 214 219 220
5 195 200 210 220 221
5 188 193 205 218 232
6 197 203 211 216 223 225
6 195 198 207 213 221 227
5 196 203 209 217 223
5 204 205 216 218 224
6 198 201 210 215 222 227
4 202 206 219 231
6 196 201 213 217 222 226
8 197 199 204 209 212 224 225 234
5 196 211 215 223 226
5 205 208 212 224 232
5 206 214 220 229 231
6 200 206 207 219 221 229
5 207 210 220 227 229
5 213 215 226 227 228
6 209 211 217 225 226 230
6 212 216 218 232 234 235
5 209 216 223 230 234
7 215 217 222 223 228 230 233
7 210 213 221 222 228 229 238
6 222 226 227 233 238 239
7 219 220 221 227 231 236 238
6 223 225 226 233 234 237
4 214 219 229 236
4 208 218 224 235
5 226 228 230 237 239
7 216 224 225 230 235 237 240
4 224 232 234 240
3 229 231 238
6 230 233 234 239 240 242
6 227 228 229 236 239 241
6 228 233 237 238 241 242
4 234 235 237 242
3 238 239 242
4 237 239 240 241
END MAP
TURN 1
COMMAND LEFT START
MOVE A3 146
UPGRADE 0
COMMAND LEFT END
COMMAND RIGHT START
MOVE B1 239
MOVE B2 121
COMMAND RIGHT END
TURN 1 RESULT
TIME LEFT 90 5 RIGHT 1 5
UPGRADE A 0
MOVE A3 3
MOVE B1 239
MOVE B2 239
END TURN 1
TURN 2
COMMAND LEFT START
COMMAND LEFT END
COMMAND RIGHT START
UPGRADE 239
COMMAND RIGHT END
TURN 2 RESULT
TIME LEFT 1 5 RIGHT 0 5
UPGRADE B 239
MOVE A3 14
MOVE B2 233
END TURN 2
TURN 3
COMMAND LEFT START
COMMAND LEFT END
COMMAND RIGHT START
COMMAND RIGHT END
TURN 3 RESULT
TIME LEFT 1 5 RIGHT 0 5
MOVE A3 15
MOVE B2 226
END TURN 3
TURN 4
COMMAND LEFT START
COMMAND LEFT END
COMMAND RIGHT START
COMMAND RIGHT END
TURN 4 RESULT
TIME LEFT 0 5 RIGHT 0 5
MOVE A3 21
MOVE B2 217
END TURN 4
TURN 5
COMMAND LEFT START
COMMAND LEFT END
COMMAND RIGHT START
COMMAND RIGHT END
TURN 5 RESULT
TIME LEFT 0 5 RIGHT 0 5
MOVE A3 35
MOVE B2 196
END TURN 5
TURN 6
COMMAND LEFT START
COMMAND LEFT END
COMMAND RIGHT START
COMMAND RIGHT END
TURN 6 RESULT
TIME LEFT 0 5 RIGHT 0 5
MOVE A3 42
MOVE B2 184
END TURN 6
TURN 7
COMMAND LEFT START
COMMAND LEFT END
COMMAND RIGHT START
COMMAND RIGHT END
TURN 7 RESULT
TIME LEFT 0 5 RIGHT 0 5
MOVE A3 60
MOVE B2 170
END TURN 7
TURN 8
COMMAND LEFT START
COMMAND LEFT END
COMMAND RIGHT START
COMMAND RIGHT END
TURN 8 RESULT
TIME LEFT 0 5 RIGHT 0 5
MOVE A3 71
MOVE B2 149
END TURN 8
TURN 9
COMMAND LEFT START
COMMAND LEFT END
COMMAND RIGHT START
COMMAND RIGHT END
TURN 9 RESULT
TIME LEFT 0 5 RIGHT 0 5
MOVE A3 89
MOVE B2 121
END TURN 9
TURN 10
COMMAND LEFT START
COMMAND LEFT END
COMMAND RIGHT START
COMMAND RIGHT END
TURN 10 RESULT
TIME LEFT 0 5 RIGHT 0 5
MOVE A3 103
END TURN 10
TURN 11
COMMAND LEFT START
COMMAND LEFT END
COMMAND RIGHT START
COMMAND RIGHT END
TURN 11 RESULT
TIME LEFT 0 5 RIGHT 0 5
MOVE A3 115
END TURN 11
TURN 12
COMMAND LEFT START
COMMAND LEFT END
COMMAND RIGHT START
COMMAND RIGHT END
TURN 12 RESULT
TIME LEFT 0 5 RIGHT 0 5
MOVE A3 130
END TURN 12
TURN 13
COMMAND LEFT START
COMMAND LEFT END
COMMAND RIGHT START
UPGRADE 121
COMMAND RIGHT END
TURN 13 RESULT
TIME LEFT 1 5 RIGHT 0 5
UPGRADE B 121
MOVE A3 146
END TURN 13
TURN 14
COMMAND LEFT START
COMMAND LEFT END
COMMAND RIGHT START
COMMAND RIGHT END
TURN 14 RESULT
TIME LEFT 1 5 RIGHT 0 5
END TURN 14
TURN 15
COMMAND LEFT START
COMMAND LEFT END
COMMAND RIGHT START
COMMAND RIGHT END
TURN 15 RESULT
TIME LEFT 1 5 RIGHT 0 5
END TURN 15
TURN 16
COMMAND LEFT START
UPGRADE 146
COMMAND LEFT END
COMMAND RIGHT START
TRAIN 1
COMMAND RIGHT END
TURN 16 RESULT
TIME LEFT 0 5 RIGHT 0 5
UPGRADE A 146
TRAIN B4
END TURN 16
TURN 17
COMMAND LEFT START
COMMAND LEFT END
COMMAND RIGHT START
COMMAND RIGHT END
TURN 17 RESULT
TIME LEFT 0 5 RIGHT 0 5
END TURN 17
TURN 18
COMMAND LEFT START
COMMAND LEFT END
COMMAND RIGHT START
COMMAND RIGHT END
TURN 18 RESULT
TIME LEFT 0 5 RIGHT 0 5
END TURN 18
TURN 19
COMMAND LEFT START
COMMAND LEFT END
COMMAND RIGHT START
COMMAND RIGHT END
TURN 19 RESULT
TIME LEFT 0 5 RIGHT 0 5
END TURN 19
TURN 20
COMMAND LEFT START
COMMAND LEFT END
COMMAND RIGHT START
COMMAND RIGHT END
TURN 20 RESULT
TIME LEFT 0 5 RIGHT 0 5
END TURN 20
TURN 21
COMMAND LEFT START
COMMAND LEFT END
COMMAND RIGHT START
COMMAND RIGHT END
TURN 21 RESULT
TIME LEFT 0 5 RIGHT 0 5
END TURN 21
TURN 22
COMMAND LEFT START
COMMAND LEFT END
COMMAND RIGHT START
COMMAND RIGHT END
TURN 22 RESULT
TIME LEFT 0 5 RIGHT 0 5
END TURN 22
TURN 23
COMMAND LEFT START
COMMAND LEFT END
COMMAND RIGHT START
COMMAND RIGHT END
TURN 23 RESULT
TIME LEFT 0 5 RIGHT 0 5
END TURN 23
TURN 24
COMMAND LEFT START
COMMAND LEFT END
COMMAND RIGHT START
COMMAND RIGHT END
TURN 24 RESULT
TIME LEFT 0 5 RIGHT 0 5
END TURN 24
TURN 25
COMMAND LEFT START
COMMAND LEFT END
COMMAND RIGHT START
COMMAND RIGHT END
TURN 25 RESULT
TIME LEFT 0 5 RIGHT 0 5
END TURN 25
TURN 26
COMMAND LEFT START
COMMAND LEFT END
COMMAND RIGHT START
COMMAND RIGHT END
TURN 26 RESULT
TIME LEFT 0 5 RIGHT 0 5
END TURN 26
TURN 27
COMMAND LEFT START
COMMAND LEFT END
COMMAND RIGHT START
MOVE B3 236
COMMAND RIGHT END
TURN 27 RESULT
TIME LEFT 0 5 RIGHT 0 5
MOVE B3 241
END TURN 27
TURN 28
COMMAND LEFT START
COMMAND LEFT END
COMMAND RIGHT START
COMMAND RIGHT END
TURN 28 RESULT
TIME LEFT 0 5 RIGHT 0 5
MOVE B3 238
END TURN 28
TURN 29
COMMAND LEFT START
COMMAND LEFT END
COMMAND RIGHT START
COMMAND RIGHT END
TURN 29 RESULT
TIME LEFT 0 5 RIGHT 0 5
MOVE B3 236
END TURN 29
TURN 30
COMMAND LEFT START
COMMAND LEFT END
COMMAND RIGHT START
UPGRADE 236
COMMAND RIGHT END
TURN 30 RESULT
TIME LEFT 0 5 RIGHT 0 5
UPGRADE B 236
END TURN 30
TURN 31
COMMAND LEFT START
COMMAND LEFT END
COMMAND RIGHT START
COMMAND RIGHT END
TURN 31 RESULT
TIME LEFT 0 5 RIGHT 0 5
END TURN 31
TURN 32
COMMAND LEFT START
TRAIN 1
COMMAND LEFT END
COMMAND RIGHT START
COMMAND RIGHT END
TURN 32 RESULT
TIME LEFT 0 5 RIGHT 0 5
TRAIN A4
END TURN 32
TURN 33
COMMAND LEFT START
MOVE A4 3
COMMAND LEFT END
COMMAND RIGHT START
TRAIN 1
COMMAND RIGHT END
TURN 33 RESULT
TIME LEFT 1 5 RIGHT 0 5
TRAIN B5
MOVE A4 3
END TURN 33
TURN 34
COMMAND LEFT START
UPGRADE 3
COMMAND LEFT END
COMMAND RIGHT START
COMMAND RIGHT END
TURN 34 RESULT
TIME LEFT 0 5 RIGHT 0 5
UPGRADE A 3
END TURN 34
TURN 35
COMMAND LEFT START
COMMAND LEFT END
COMMAND RIGHT START
COMMAND RIGHT END
TURN 35 RESULT
TIME LEFT 0 5 RIGHT 0 5
END TURN 35
TURN 36
COMMAND LEFT START
COMMAND LEFT END
COMMAND RIGHT START
COMMAND RIGHT END
TURN 36 RESULT
TIME LEFT 0 5 RIGHT 0 5
END TURN 36
TURN 37
COMMAND LEFT START
COMMAND LEFT END
COMMAND RIGHT START
COMMAND RIGHT END
TURN 37 RESULT
TIME LEFT 1 5 RIGHT 0 5
END TURN 37
TURN 38
COMMAND LEFT START
COMMAND LEFT END
COMMAND RIGHT START
COMMAND RIGHT END
TURN 38 RESULT
TIME LEFT 0 5 RIGHT 0 5
END TURN 38
TURN 39
COMMAND LEFT START
COMMAND LEFT END
COMMAND RIGHT START
MOVE B5 204
COMMAND RIGHT END
TURN 39 RESULT
TIME LEFT 0 5 RIGHT 0 5
MOVE B5 237
END TURN 39
TURN 40
COMMAND LEFT START
COMMAND LEFT END
COMMAND RIGHT START
COMMAND RIGHT END
TURN 40 RESULT
TIME LEFT 0 5 RIGHT 0 5
MOVE B5 234
END TURN 40
TURN 41
COMMAND LEFT START
COMMAND LEFT END
COMMAND RIGHT START
COMMAND RIGHT END
TURN 41 RESULT
TIME LEFT 0 5 RIGHT 0 5
MOVE B5 216
END TURN 41
TURN 42
COMMAND LEFT START
TRAIN 1
COMMAND LEFT END
COMMAND RIGHT START
COMMAND RIGHT END
TURN 42 RESULT
TIME LEFT 0 5 RIGHT 0 5
TRAIN A5
MOVE B5 204
END TURN 42
TURN 43
COMMAND LEFT START
MOVE A5 6
COMMAND LEFT END
COMMAND RIGHT START
UPGRADE 204
COMMAND RIGHT END
TURN 43 RESULT
TIME LEFT 1 5 RIGHT 0 5
UPGRADE B 204
MOVE A5 1
END TURN 43
TURN 44
COMMAND LEFT START
COMMAND LEFT END
COMMAND RIGHT START
COMMAND RIGHT END
TURN 44 RESULT
TIME LEFT 1 5 RIGHT 0 5
MOVE A5 4
END TURN 44
TURN 45
COMMAND LEFT START
COMMAND LEFT END
COMMAND RIGHT START
COMMAND RIGHT END
TURN 45 RESULT
TIME LEFT 0 5 RIGHT 0 5
MOVE A5 6
END TURN 45
TURN 46
COMMAND LEFT START
UPGRADE 6
COMMAND LEFT END
COMMAND RIGHT START
COMMAND RIGHT END
TURN 46 RESULT
TIME LEFT 0 5 RIGHT 0 5
UPGRADE A 6
END TURN 46
TURN 47
COMMAND LEFT START
COMMAND LEFT END
COMMAND RIGHT START
COMMAND RIGHT END
TURN 47 RESULT
TIME LEFT 1 5 RIGHT 0 5
END TURN 47
TURN 48
COMMAND LEFT START
COMMAND LEFT END
COMMAND RIGHT START
COMMAND RIGHT END
TURN 48 RESULT
TIME LEFT 0 5 RIGHT 0 5
END TURN 48
TURN 49
COMMAND LEFT START
COMMAND LEFT END
COMMAND RIGHT START
COMMAND RIGHT END
TURN 49 RESULT
TIME LEFT 0 5 RIGHT 0 5
END TURN 49
TURN 50
COMMAND LEFT START
COMMAND LEFT END
COMMAND RIGHT START
COMMAND RIGHT END
TURN 50 RESULT
TIME LEFT 0 5 RIGHT 0 5
END TURN 50
TURN 51
COMMAND LEFT START
TRAIN 1
COMMAND LEFT END
COMMAND RIGHT START
COMMAND RIGHT END
TURN 51 RESULT
TIME LEFT 0 5 RIGHT 0 5
TRAIN A6
END TURN 51
TURN 52
COMMAND LEFT START
MOVE A6 38
COMMAND LEFT END
COMMAND RIGHT START
UPGRADE 242
COMMAND RIGHT END
TURN 52 RESULT
TIME LEFT 1 5 RIGHT 0 5
UPGRADE B 242
MOVE A6 5
END TURN 52
TURN 53
COMMAND LEFT START
COMMAND LEFT END
COMMAND RIGHT START
COMMAND RIGHT END
TURN 53 RESULT
TIME LEFT 0 5 RIGHT 0 5
MOVE A6 8
END TURN 53
TURN 54
COMMAND LEFT START
COMMAND LEFT END
COMMAND RIGHT START
TRAIN 1
COMMAND RIGHT END
TURN 54 RESULT
TIME LEFT 0 5 RIGHT 0 5
TRAIN B6
MOVE A6 26
END TURN 54
TURN 55
COMMAND LEFT START
COMMAND LEFT END
COMMAND RIGHT START
COMMAND RIGHT END
TURN 55 RESULT
TIME LEFT 0 5 RIGHT 0 5
MOVE A6 38
END TURN 55
TURN 56
COMMAND LEFT START
UPGRADE 38
COMMAND LEFT END
COMMAND RIGHT START
COMMAND RIGHT END
TURN 56 RESULT
TIME LEFT 0 5 RIGHT 0 5
UPGRADE A 38
END TURN 56
TURN 57
COMMAND LEFT START
COMMAND LEFT END
COMMAND RIGHT START
COMMAND RIGHT END
TURN 57 RESULT
TIME LEFT 1 5 RIGHT 0 5
END TURN 57
TURN 58
COMMAND LEFT START
COMMAND LEFT END
COMMAND RIGHT START
COMMAND RIGHT END
TURN 58 RESULT
TIME LEFT 0 5 RIGHT 0 5
END TURN 58
TURN 59
COMMAND LEFT START
TRAIN 1
COMMAND LEFT END
COMMAND RIGHT START
COMMAND RIGHT END
TURN 59 RESULT
TIME LEFT 0 5 RIGHT 0 5
TRAIN A7
END TURN 59
TURN 60
COMMAND LEFT START
MOVE A7 45
COMMAND LEFT END
COMMAND RIGHT START
COMMAND RIGHT END
TURN 60 RESULT
TIME LEFT 1 5 RIGHT 0 5
MOVE A7 5
END TURN 60
TURN 61
COMMAND LEFT START
COMMAND LEFT END
COMMAND RIGHT START
UPGRADE 239
COMMAND RIGHT END
TURN 61 RESULT
TIME LEFT 1 5 RIGHT 0 5
UPGRADE B 239
MOVE A7 12
END TURN 61
TURN 62
COMMAND LEFT START
COMMAND LEFT END
COMMAND RIGHT START
COMMAND RIGHT END
TURN 62 RESULT
TIME LEFT 0 5 RIGHT 0 5
MOVE A7 19
END TURN 62
TURN 63
COMMAND LEFT START
COMMAND LEFT END
COMMAND RIGHT START
TRAIN 1
COMMAND RIGHT END
TURN 63 RESULT
TIME LEFT 1 5 RIGHT 0 5
TRAIN B7
MOVE A7 33
END TURN 63
TURN 64
COMMAND LEFT START
COMMAND LEFT END
COMMAND RIGHT START
MOVE B4 239
COMMAND RIGHT END
TURN 64 RESULT
TIME LEFT 0 5 RIGHT 0 5
MOVE A7 45
MOVE B4 239
END TURN 64
TURN 65
COMMAND LEFT START
UPGRADE 45
COMMAND LEFT END
COMMAND RIGHT START
COMMAND RIGHT END
TURN 65 RESULT
TIME LEFT 0 5 RIGHT 0 5
UPGRADE A 45
END TURN 65
TURN 66
COMMAND LEFT START
COMMAND LEFT END
COMMAND RIGHT START
COMMAND RIGHT END
TURN 66 RESULT
TIME LEFT 1 5 RIGHT 0 5
END TURN 66
TURN 67
COMMAND LEFT START
TRAIN 1
COMMAND LEFT END
COMMAND RIGHT START
COMMAND RIGHT END
TURN 67 RESULT
TIME LEFT 0 5 RIGHT 0 5
TRAIN A8
END TURN 67
TURN 68
COMMAND LEFT START
MOVE A8 41
COMMAND LEFT END
COMMAND RIGHT START
COMMAND RIGHT END
TURN 68 RESULT
TIME LEFT 1 5 RIGHT 0 5
MOVE A8 3
END TURN 68
TURN 69
COMMAND LEFT START
COMMAND LEFT END
COMMAND RIGHT START
UPGRADE 236
COMMAND RIGHT END
TURN 69 RESULT
TIME LEFT 0 5 RIGHT 0 5
UPGRADE B 236
MOVE A8 9
END TURN 69
TURN 70
COMMAND LEFT START
COMMAND LEFT END
COMMAND RIGHT START
TRAIN 1
COMMAND RIGHT END
TURN 70 RESULT
TIME LEFT 0 5 RIGHT 0 5
TRAIN B8
MOVE A8 16
END TURN 70
TURN 71
COMMAND LEFT START
COMMAND LEFT END
COMMAND RIGHT START
MOVE B6 236
COMMAND RIGHT END
TURN 71 RESULT
TIME LEFT 0 5 RIGHT 0 5
MOVE A8 27
MOVE B6 241
END TURN 71
TURN 72
COMMAND LEFT START
COMMAND LEFT END
COMMAND RIGHT START
COMMAND RIGHT END
TURN 72 RESULT
TIME LEFT 0 5 RIGHT 0 5
MOVE A8 41
MOVE B6 238
END TURN 72
TURN 73
COMMAND LEFT START
UPGRADE 41
COMMAND LEFT END
COMMAND RIGHT START
COMMAND RIGHT END
TURN 73 RESULT
TIME LEFT 0 5 RIGHT 0 5
UPGRADE A 41
MOVE B6 236
END TURN 73
TURN 74
COMMAND LEFT START
TRAIN 1
COMMAND LEFT END
COMMAND RIGHT START
COMMAND RIGHT END
TURN 74 RESULT
TIME LEFT 1 5 RIGHT 1 5
TRAIN A9
END TURN 74
TURN 75
COMMAND LEFT START
MOVE A9 3
COMMAND LEFT END
COMMAND RIGHT START
COMMAND RIGHT END
TURN 75 RESULT
TIME LEFT 1 5 RIGHT 0 5
MOVE A9 3
END TURN 75
TURN 76
COMMAND LEFT START
COMMAND LEFT END
COMMAND RIGHT START
UPGRADE 204
COMMAND RIGHT END
TURN 76 RESULT
TIME LEFT 1 5 RIGHT 0 5
UPGRADE B 204
END TURN 76
TURN 77
COMMAND LEFT START
COMMAND LEFT END
COMMAND RIGHT START
TRAIN 1
COMMAND RIGHT END
TURN 77 RESULT
TIME LEFT 1 5 RIGHT 0 5
TRAIN B9
END TURN 77
TURN 78
COMMAND LEFT START
UPGRADE 3
COMMAND LEFT END
COMMAND RIGHT START
MOVE B7 204
COMMAND RIGHT END
TURN 78 RESULT
TIME LEFT 0 5 RIGHT 0 5
UPGRADE A 3
MOVE B7 237
END TURN 78
TURN 79
COMMAND LEFT START
COMMAND LEFT END
COMMAND RIGHT START
COMMAND RIGHT END
TURN 79 RESULT
TIME LEFT 0 5 RIGHT 0 5
MOVE B7 234
END TURN 79
TURN 80
COMMAND LEFT START
TRAIN 1
COMMAND LEFT END
COMMAND RIGHT START
COMMAND RIGHT END
TURN 80 RESULT
TIME LEFT 1 5 RIGHT 0 5
TRAIN A10
MOVE B7 216
END TURN 80
TURN 81
COMMAND LEFT START
MOVE A10 6
COMMAND LEFT END
COMMAND RIGHT START
COMMAND RIGHT END
TURN 81 RESULT
TIME LEFT 1 5 RIGHT 0 5
MOVE A10 1
MOVE B7 204
END TURN 81
TURN 82
COMMAND LEFT START
COMMAND LEFT END
COMMAND RIGHT START
UPGRADE 121
COMMAND RIGHT END
TURN 82 RESULT
TIME LEFT 1 5 RIGHT 0 5
UPGRADE B 121
MOVE A10 4
END TURN 82
TURN 83
COMMAND LEFT START
COMMAND LEFT END
COMMAND RIGHT START
COMMAND RIGHT END
TURN 83 RESULT
TIME LEFT 0 5 RIGHT 0 5
MOVE A10 6
END TURN 83
TURN 84
COMMAND LEFT START
UPGRADE 6
COMMAND LEFT END
COMMAND RIGHT START
TRAIN 1
COMMAND RIGHT END
TURN 84 RESULT
TIME LEFT 0 5 RIGHT 0 5
UPGRADE A 6
TRAIN B10
END TURN 84
TURN 85
COMMAND LEFT START
TRAIN 1
COMMAND LEFT END
COMMAND RIGHT START
MOVE B8 121
COMMAND RIGHT END
TURN 85 RESULT
TIME LEFT 5 5 RIGHT 0 5
TRAIN A11
MOVE B8 239
END TURN 85
TURN 86
COMMAND LEFT START
MOVE A11 38
COMMAND LEFT END
COMMAND RIGHT START
COMMAND RIGHT END
TURN 86 RESULT
TIME LEFT 1 5 RIGHT 0 5
MOVE A11 5
MOVE B8 233
END TURN 86
TURN 87
COMMAND LEFT START
COMMAND LEFT END
COMMAND RIGHT START
COMMAND RIGHT END
TURN 87 RESULT
TIME LEFT 0 5 RIGHT 0 5
MOVE A11 8
MOVE B8 226
END TURN 87
TURN 88
COMMAND LEFT START
COMMAND LEFT END
COMMAND RIGHT START
COMMAND RIGHT END
TURN 88 RESULT
TIME LEFT 1 5 RIGHT 1 5
MOVE A11 26
MOVE B8 217
END TURN 88
TURN 89
COMMAND LEFT START
COMMAND LEFT END
COMMAND RIGHT START
UPGRADE 239
COMMAND RIGHT END
TURN 89 RESULT
TIME LEFT 0 5 RIGHT 0 5
UPGRADE B 239
MOVE A11 38
MOVE B8 196
END TURN 89
TURN 90
COMMAND LEFT START
UPGRADE 38
COMMAND LEFT END
COMMAND RIGHT START
TRAIN 1
COMMAND RIGHT END
TURN 90 RESULT
TIME LEFT 0 5 RIGHT 0 5
UPGRADE A 38
TRAIN B11
MOVE B8 184
END TURN 90
TURN 91
COMMAND LEFT START
TRAIN 1
COMMAND LEFT END
COMMAND RIGHT START
MOVE B9 239
COMMAND RIGHT END
TURN 91 RESULT
TIME LEFT 0 5 RIGHT 0 5
TRAIN A12
MOVE B8 170
MOVE B9 239
END TURN 91
TURN 92
COMMAND LEFT START
MOVE A12 3
COMMAND LEFT END
COMMAND RIGHT START
COMMAND RIGHT END
TURN 92 RESULT
TIME LEFT 1 5 RIGHT 0 5
MOVE A12 3
MOVE B8 149
END TURN 92
TURN 93
COMMAND LEFT START
MOVE A12 41
COMMAND LEFT END
COMMAND RIGHT START
COMMAND RIGHT END
TURN 93 RESULT
TIME LEFT 1 5 RIGHT 0 5
MOVE A12 9
MOVE B8 121
END TURN 93
TURN 94
COMMAND LEFT START
COMMAND LEFT END
COMMAND RIGHT START
COMMAND RIGHT END
TURN 94 RESULT
TIME LEFT 0 5 RIGHT 0 5
MOVE A12 16
END TURN 94
TURN 95
COMMAND LEFT START
COMMAND LEFT END
COMMAND RIGHT START
COMMAND RIGHT END
TURN 95 RESULT
TIME LEFT 0 5 RIGHT 0 5
MOVE A12 27
END TURN 95
TURN 96
COMMAND LEFT START
COMMAND LEFT END
COMMAND RIGHT START
COMMAND RIGHT END
TURN 96 RESULT
TIME LEFT 0 5 RIGHT 0 5
MOVE A12 41
END TURN 96
TURN 97
COMMAND LEFT START
UPGRADE 41
COMMAND LEFT END
COMMAND RIGHT START
UPGRADE 242
COMMAND RIGHT END
TURN 97 RESULT
TIME LEFT 0 5 RIGHT 0 5
UPGRADE A 41
UPGRADE B 242
END TURN 97
TURN 98
COMMAND LEFT START
TRAIN 1
COMMAND LEFT END
COMMAND RIGHT START
TRAIN 1
COMMAND RIGHT END
TURN 98 RESULT
TIME LEFT 0 5 RIGHT 0 5
TRAIN A13 B12
END TURN 98
TURN 99
COMMAND LEFT START
MOVE A13 3
COMMAND LEFT END
COMMAND RIGHT START
COMMAND RIGHT END
TURN 99 RESULT
TIME LEFT 1 5 RIGHT 0 5
MOVE A13 3
END TURN 99
TURN 100
COMMAND LEFT START
UPGRADE 3
COMMAND LEFT END
COMMAND RIGHT START
COMMAND RIGHT END
TURN 100 RESULT
TIME LEFT 0 5 RIGHT 0 5
UPGRADE A 3
END TURN 100
TURN 101
COMMAND LEFT START
TRAIN 1
COMMAND LEFT END
COMMAND RIGHT START
COMMAND RIGHT END
TURN 101 RESULT
TIME LEFT 1 5 RIGHT 1 5
TRAIN A14
END TURN 101
TURN 102
COMMAND LEFT START
MOVE A14 6
COMMAND LEFT END
COMMAND RIGHT START
UPGRADE 236
COMMAND RIGHT END
TURN 102 RESULT
TIME LEFT 1 5 RIGHT 0 5
UPGRADE B 236
MOVE A14 1
END TURN 102
TURN 103
COMMAND LEFT START
COMMAND LEFT END
COMMAND RIGHT START
TRAIN 1
COMMAND RIGHT END
TURN 103 RESULT
TIME LEFT 0 5 RIGHT 0 5
TRAIN B13
MOVE A14 4
END TURN 103
TURN 104
COMMAND LEFT START
COMMAND LEFT END
COMMAND RIGHT START
MOVE B10 236
COMMAND RIGHT END
TURN 104 RESULT
TIME LEFT 0 5 RIGHT 0 5
MOVE A14 6
MOVE B10 241
END TURN 104
TURN 105
COMMAND LEFT START
UPGRADE 6
COMMAND LEFT END
COMMAND RIGHT START
COMMAND RIGHT END
TURN 105 RESULT
TIME LEFT 1 5 RIGHT 0 5
UPGRADE A 6
MOVE B10 238
END TURN 105
TURN 106
COMMAND LEFT START
TRAIN 1
COMMAND LEFT END
COMMAND RIGHT START
COMMAND RIGHT END
TURN 106 RESULT
TIME LEFT 1 5 RIGHT 0 5
TRAIN A15
MOVE B10 236
END TURN 106
TURN 107
COMMAND LEFT START
COMMAND LEFT END
COMMAND RIGHT START
UPGRADE 204
TRAIN 1
COMMAND RIGHT END
TURN 107 RESULT
TIME LEFT 1 5 RIGHT 0 5
UPGRADE B 204
TRAIN B14
END TURN 107
TURN 108
COMMAND LEFT START
COMMAND LEFT END
COMMAND RIGHT START
MOVE B11 204
COMMAND RIGHT END
TURN 108 RESULT
TIME LEFT 1 5 RIGHT 0 5
MOVE B11 237
END TURN 108
TURN 109
COMMAND LEFT START
COMMAND LEFT END
COMMAND RIGHT START
COMMAND RIGHT END
TURN 109 RESULT
TIME LEFT 1 5 RIGHT 0 5
MOVE B11 234
END TURN 109
TURN 110
COMMAND LEFT START
UPGRADE 0
COMMAND LEFT END
COMMAND RIGHT START
COMMAND RIGHT END
TURN 110 RESULT
TIME LEFT 1 5 RIGHT 0 5
UPGRADE A 0
MOVE B11 216
END TURN 110
TURN 111
COMMAND LEFT START
COMMAND LEFT END
COMMAND RIGHT START
UPGRADE 121
COMMAND RIGHT END
TURN 111 RESULT
TIME LEFT 1 5 RIGHT 0 5
UPGRADE B 121
MOVE B11 204
END TURN 111
TURN 112
COMMAND LEFT START
COMMAND LEFT END
COMMAND RIGHT START
TRAIN 1
COMMAND RIGHT END
TURN 112 RESULT
TIME LEFT 1 5 RIGHT 0 5
TRAIN B15
END TURN 112
TURN 113
COMMAND LEFT START
COMMAND LEFT END
COMMAND RIGHT START
MOVE B12 121
COMMAND RIGHT END
TURN 113 RESULT
TIME LEFT 1 5 RIGHT 0 5
MOVE B12 239
END TURN 113
TURN 114
COMMAND LEFT START
TRAIN 2
COMMAND LEFT END
COMMAND RIGHT START
COMMAND RIGHT END
TURN 114 RESULT
TIME LEFT 1 5 RIGHT 0 5
TRAIN A16 A17
MOVE B12 233
END TURN 114
TURN 115
COMMAND LEFT START
MOVE A16 45
MOVE A17 45
COMMAND LEFT END
COMMAND RIGHT START
TRAIN 1
COMMAND RIGHT END
TURN 115 RESULT
TIME LEFT 2 5 RIGHT 0 5
TRAIN B16
MOVE A16 5
MOVE A17 5
MOVE B12 226
END TURN 115
TURN 116
COMMAND LEFT START
COMMAND LEFT END
COMMAND RIGHT START
TRAIN 1
COMMAND RIGHT END
TURN 116 RESULT
TIME LEFT 1 5 RIGHT 0 5
TRAIN B17
MOVE A16 12
MOVE A17 12
MOVE B12 217
END TURN 116
TURN 117
COMMAND LEFT START
COMMAND LEFT END
COMMAND RIGHT START
MOVE B17 201
COMMAND RIGHT END
TURN 117 RESULT
TIME LEFT 1 5 RIGHT 0 5
MOVE A16 19
MOVE A17 19
MOVE B12 196
MOVE B17 239
END TURN 117
TURN 118
COMMAND LEFT START
TRAIN 2
COMMAND LEFT END
COMMAND RIGHT START
TRAIN 2
COMMAND RIGHT END
TURN 118 RESULT
TIME LEFT 1 5 RIGHT 0 5
TRAIN A18 A19 B18 B19
MOVE A16 33
MOVE A17 33
MOVE B12 184
MOVE B17 233
END TURN 118
TURN 119
COMMAND LEFT START
MOVE A18 38
MOVE A19 38
UPGRADE 45
COMMAND LEFT END
COMMAND RIGHT START
MOVE B19 197
COMMAND RIGHT END
TURN 119 RESULT
TIME LEFT 2 5 RIGHT 0 5
UPGRADE A 45
MOVE A16 45
MOVE A17 45
MOVE A18 5
MOVE A19 5
MOVE B12 170
MOVE B17 226
MOVE B19 237
END TURN 119
TURN 120
COMMAND LEFT START
UPGRADE 45
COMMAND LEFT END
COMMAND RIGHT START
MOVE B18 146
COMMAND RIGHT END
TURN 120 RESULT
TIME LEFT 1 5 RIGHT 1 5
UPGRADE A 45
MOVE A18 8
MOVE A19 8
MOVE B12 149
MOVE B17 215
MOVE B18 237
MOVE B19 230
END TURN 120
TURN 121
COMMAND LEFT START
COMMAND LEFT END
COMMAND RIGHT START
MOVE B16 121
TRAIN 2
COMMAND RIGHT END
TURN 121 RESULT
TIME LEFT 1 5 RIGHT 0 5
TRAIN B20 B21
MOVE A18 26
MOVE A19 26
MOVE B12 121
MOVE B16 239
MOVE B17 201
MOVE B18 234
MOVE B19 223
END TURN 121
TURN 122
COMMAND LEFT START
COMMAND LEFT END
COMMAND RIGHT START
MOVE B21 170
MOVE B20 121
UPGRADE 201
COMMAND RIGHT END
TURN 122 RESULT
TIME LEFT 1 5 RIGHT 1 5
UPGRADE B 201
MOVE A18 38
MOVE A19 38
MOVE B16 233
MOVE B18 216
MOVE B19 209
MOVE B20 239
MOVE B21 239
END TURN 122
TURN 123
COMMAND LEFT START
UPGRADE 38
COMMAND LEFT END
COMMAND RIGHT START
UPGRADE 201
COMMAND RIGHT END
TURN 123 RESULT
TIME LEFT 2 5 RIGHT 0 5
UPGRADE A 38
UPGRADE B 201
MOVE B16 226
MOVE B18 204
MOVE B19 197
MOVE B20 233
MOVE B21 233
END TURN 123
TURN 124
COMMAND LEFT START
MOVE A19 41
COMMAND LEFT END
COMMAND RIGHT START
TRAIN 1
COMMAND RIGHT END
TURN 124 RESULT
TIME LEFT 2 5 RIGHT 0 5
TRAIN B22
MOVE A19 43
MOVE B16 217
MOVE B18 192
MOVE B20 226
MOVE B21 226
END TURN 124
TURN 125
COMMAND LEFT START
TRAIN 2
COMMAND LEFT END
COMMAND RIGHT START
MOVE B13 201
UPGRADE 197
COMMAND RIGHT END
TURN 125 RESULT
TIME LEFT 2 5 RIGHT 0 5
UPGRADE B 197
TRAIN A20 A21
MOVE A19 45
MOVE B13 239
MOVE B16 196
MOVE B18 179
MOVE B20 217
MOVE B21 217
END TURN 125
TURN 126
COMMAND LEFT START
TRAIN 2
COMMAND LEFT END
COMMAND RIGHT START
COMMAND RIGHT END
TURN 126 RESULT
TIME LEFT 1 5 RIGHT 0 5
TRAIN A22 A23
MOVE A19 39
MOVE B13 233
MOVE B16 184
MOVE B18 166
MOVE B20 196
MOVE B21 196
END TURN 126
TURN 127
COMMAND LEFT START
MOVE A20 41
MOVE A21 41
MOVE A22 41
MOVE A23 41
COMMAND LEFT END
COMMAND RIGHT START
COMMAND RIGHT END
TURN 127 RESULT
TIME LEFT 1 5 RIGHT 1 5
MOVE A19 46
MOVE A20 3
MOVE A21 3
MOVE A22 3
MOVE A23 3
MOVE B13 226
MOVE B16 170
MOVE B18 159
MOVE B20 184
MOVE B21 184
END TURN 127
TURN 128
COMMAND LEFT START
TRAIN 2
COMMAND LEFT END
COMMAND RIGHT START
UPGRADE 197
COMMAND RIGHT END
TURN 128 RESULT
TIME LEFT 1 5 RIGHT 0 5
UPGRADE B 197
TRAIN A24 A25
MOVE A19 41
MOVE A20 9
MOVE A21 9
MOVE A22 9
MOVE A23 9
MOVE B13 215
MOVE B16 149
MOVE B18 146
MOVE B20 170
MOVE B21 170
DAMAGE TURRET B18 1
DAMAGE COMBAT A3 1
DAMAGE COMBAT B18 1
END TURN 128
TURN 129
COMMAND LEFT START
MOVE A24 3
MOVE A25 3
UPGRADE 41
TRAIN 2
COMMAND LEFT END
COMMAND RIGHT START
TRAIN 1
COMMAND RIGHT END
TURN 129 RESULT
TIME LEFT 1 5 RIGHT 1 5
UPGRADE A 41
TRAIN A26 A27 B23
MOVE A20 16
MOVE A21 16
MOVE A22 16
MOVE A23 16
MOVE A24 3
MOVE A25 3
MOVE B13 201
MOVE B16 121
MOVE B20 149
DAMAGE TURRET B18 1
DAMAGE COMBAT A3 1
DAMAGE COMBAT B18 1
END TURN 129
TURN 130
COMMAND LEFT START
MOVE A26 38
MOVE A27 38
MOVE A24 41
MOVE A25 41
COMMAND LEFT END
COMMAND RIGHT START
MOVE B2 197
MOVE B23 121
COMMAND RIGHT END
TURN 130 RESULT
TIME LEFT 2 5 RIGHT 0 5
MOVE A20 27
MOVE A21 27
MOVE A22 27
MOVE A23 27
MOVE A24 9
MOVE A25 9
MOVE A26 5
MOVE A27 5
MOVE B2 149
MOVE B20 121
MOVE B23 239
DAMAGE TURRET B18 1
DAMAGE COMBAT A3 1
DAMAGE COMBAT B18 1
END TURN 130
TURN 131
COMMAND LEFT START
COMMAND LEFT END
COMMAND RIGHT START
UPGRADE 170
COMMAND RIGHT END
TURN 131 RESULT
TIME LEFT 1 5 RIGHT 1 5
UPGRADE B 170
MOVE A20 41
MOVE A21 41
MOVE A22 41
MOVE A23 41
MOVE A24 16
MOVE A25 16
MOVE A26 8
MOVE A27 8
MOVE B2 167
MOVE B23 233
END TURN 131
TURN 132
COMMAND LEFT START
TRAIN 2
COMMAND LEFT END
COMMAND RIGHT START
COMMAND RIGHT END
TURN 132 RESULT
TIME LEFT 2 5 RIGHT 0 5
TRAIN A28 A29
MOVE A24 27
MOVE A25 27
MOVE A26 26
MOVE A27 26
MOVE B2 175
MOVE B23 226
END TURN 132
TURN 133
COMMAND LEFT START
MOVE A28 38
MOVE A29 38
MOVE A20 38
MOVE A21 38
MOVE A22 38
MOVE A23 38
TRAIN 1
COMMAND LEFT END
COMMAND RIGHT START
UPGRADE 170
COMMAND RIGHT END
TURN 133 RESULT
TIME LEFT 1 5 RIGHT 1 5
UPGRADE B 170
TRAIN A30
MOVE A20 46
MOVE A21 46
MOVE A22 46
MOVE A23 46
MOVE A24 41
MOVE A25 41
MOVE A26 38
MOVE A27 38
MOVE A28 5
MOVE A29 5
MOVE B2 183
MOVE B23 217
END TURN 133
TURN 134
COMMAND LEFT START
MOVE A30 38
MOVE A24 45
MOVE A25 45
TRAIN 2
COMMAND LEFT END
COMMAND RIGHT START
MOVE B8 170
COMMAND RIGHT END
TURN 134 RESULT
TIME LEFT 2 5 RIGHT 0 5
TRAIN A31 A32
MOVE A20 39
MOVE A21 39
MOVE A22 39
MOVE A23 39
MOVE A24 46
MOVE A25 46
MOVE A28 8
MOVE A29 8
MOVE A30 5
MOVE B2 197
MOVE B8 149
MOVE B23 196
END TURN 134
TURN 135
COMMAND LEFT START
MOVE A31 38
MOVE A32 38
TRAIN 2
COMMAND LEFT END
COMMAND RIGHT START
UPGRADE 201
COMMAND RIGHT END
TURN 135 RESULT
TIME LEFT 2 5 RIGHT 0 5
UPGRADE B 201
TRAIN A33 A34
MOVE A20 45
MOVE A21 45
MOVE A22 45
MOVE A23 45
MOVE A24 39
MOVE A25 39
MOVE A28 26
MOVE A29 26
MOVE A30 8
MOVE A31 5
MOVE A32 5
MOVE B8 170
MOVE B23 184
END TURN 135
TURN 136
COMMAND LEFT START
MOVE A33 38
MOVE A34 38
TRAIN 2
COMMAND LEFT END
COMMAND RIGHT START
TRAIN 1
COMMAND RIGHT END
TURN 136 RESULT
TIME LEFT 1 5 RIGHT 0 5
TRAIN A35 A36 B24
MOVE A20 43
MOVE A21 43
MOVE A22 43
MOVE A23 43
MOVE A24 45
MOVE A25 45
MOVE A28 38
MOVE A29 38
MOVE A30 26
MOVE A31 8
MOVE A32 8
MOVE A33 5
MOVE A34 5
MOVE B23 170
END TURN 136
TURN 137
COMMAND LEFT START
MOVE A35 38
MOVE A36 38
MOVE A24 38
MOVE A25 38
TRAIN 2
COMMAND LEFT END
COMMAND RIGHT START
MOVE B14 201
COMMAND RIGHT END
TURN 137 RESULT
TIME LEFT 2 5 RIGHT 0 5
TRAIN A37 A38
MOVE A20 38
MOVE A21 38
MOVE A22 38
MOVE A23 38
MOVE A24 43
MOVE A25 43
MOVE A30 38
MOVE A31 26
MOVE A32 26
MOVE A33 8
MOVE A34 8
MOVE A35 5
MOVE A36 5
MOVE B14 239
MOVE B23 149
END TURN 137
TURN 138
COMMAND LEFT START
MOVE A37 38
MOVE A38 38
TRAIN 2
COMMAND LEFT END
COMMAND RIGHT START
UPGRADE 197
COMMAND RIGHT END
TURN 138 RESULT
TIME LEFT 1 5 RIGHT 0 5
UPGRADE B 197
TRAIN A39 A40
MOVE A24 38
MOVE A25 38
MOVE A31 38
MOVE A32 38
MOVE A33 26
MOVE A34 26
MOVE A35 8
MOVE A36 8
MOVE A37 5
MOVE A38 5
MOVE B14 233
MOVE B23 121
END TURN 138
TURN 139
COMMAND LEFT START
MOVE A39 38
MOVE A40 38
TRAIN 2
COMMAND LEFT END
COMMAND RIGHT START
MOVE B12 197
COMMAND RIGHT END
TURN 139 RESULT
TIME LEFT 1 5 RIGHT 0 5
TRAIN A41 A42
MOVE A33 38
MOVE A34 38
MOVE A35 26
MOVE A36 26
MOVE A37 8
MOVE A38 8
MOVE A39 5
MOVE A40 5
MOVE B12 149
MOVE B14 226
END TURN 139
TURN 140
COMMAND LEFT START
MOVE A41 38
MOVE A42 38
TRAIN 2
COMMAND LEFT END
COMMAND RIGHT START
UPGRADE 170
COMMAND RIGHT END
TURN 140 RESULT
TIME LEFT 1 5 RIGHT 0 5
UPGRADE B 170
TRAIN A43 A44
MOVE A35 38
MOVE A36 38
MOVE A37 26
MOVE A38 26
MOVE A39 8
MOVE A40 8
MOVE A41 5
MOVE A42 5
MOVE B12 167
MOVE B14 215
END TURN 140
TURN 141
COMMAND LEFT START
MOVE A43 38
MOVE A44 38
TRAIN 2
COMMAND LEFT END
COMMAND RIGHT START
TRAIN 1
COMMAND RIGHT END
TURN 141 RESULT
TIME LEFT 1 5 RIGHT 0 5
TRAIN A45 A46 B25
MOVE A37 38
MOVE A38 38
MOVE A39 26
MOVE A40 26
MOVE A41 8
MOVE A42 8
MOVE A43 5
MOVE A44 5
MOVE B12 175
MOVE B14 201
END TURN 141
TURN 142
COMMAND LEFT START
MOVE A45 45
MOVE A46 45
TRAIN 1
COMMAND LEFT END
COMMAND RIGHT START
MOVE B15 170
COMMAND RIGHT END
TURN 142 RESULT
TIME LEFT 1 5 RIGHT 0 5
TRAIN A47
MOVE A39 38
MOVE A40 38
MOVE A41 26
MOVE A42 26
MOVE A43 8
MOVE A44 8
MOVE A45 5
MOVE A46 5
MOVE B12 183
MOVE B15 239
END TURN 142
TURN 143
COMMAND LEFT START
MOVE A47 45
MOVE A20 45
MOVE A21 45
MOVE A22 45
MOVE A23 45
MOVE A24 45
MOVE A25 45
MOVE A26 45
MOVE A27 45
MOVE A28 45
MOVE A29 45
MOVE A30 45
MOVE A31 45
MOVE A32 45
MOVE A33 45
MOVE A34 45
MOVE A35 45
MOVE A36 45
MOVE A37 45
MOVE A38 45
MOVE A39 45
MOVE A40 45
TRAIN 2
COMMAND LEFT END
COMMAND RIGHT START
TRAIN 1
COMMAND RIGHT END
TURN 143 RESULT
TIME LEFT 1 5 RIGHT 0 5
TRAIN A48 A49 B26
MOVE A20 43
MOVE A21 43
MOVE A22 43
MOVE A23 43
MOVE A24 43
MOVE A25 43
MOVE A26 43
MOVE A27 43
MOVE A28 43
MOVE A29 43
MOVE A30 43
MOVE A31 43
MOVE A32 43
MOVE A33 43
MOVE A34 43
MOVE A35 43
MOVE A36 43
MOVE A37 43
MOVE A38 43
MOVE A39 43
MOVE A40 43
MOVE A41 38
MOVE A42 38
MOVE A43 26
MOVE A44 26
MOVE A45 12
MOVE A46 12
MOVE A47 5
MOVE B12 197
MOVE B15 233
END TURN 143
TURN 144
COMMAND LEFT START
MOVE A48 45
MOVE A49 45
MOVE A41 45
MOVE A42 45
TRAIN 1
COMMAND LEFT END
COMMAND RIGHT START
MOVE B26 121
TRAIN 2
COMMAND RIGHT END
TURN 144 RESULT
TIME LEFT 1 5 RIGHT 0 5
TRAIN A50 B27 B28
MOVE A20 45
MOVE A21 45
MOVE A22 45
MOVE A23 45
MOVE A24 45
MOVE A25 45
MOVE A26 45
MOVE A27 45
MOVE A28 45
MOVE A29 45
MOVE A30 45
MOVE A31 45
MOVE A32 45
MOVE A33 45
MOVE A34 45
MOVE A35 45
MOVE A36 45
MOVE A37 45
MOVE A38 45
MOVE A39 45
MOVE A40 45
MOVE A41 43
MOVE A42 43
MOVE A43 38
MOVE A44 38
MOVE A45 19
MOVE A46 19
MOVE A47 12
MOVE A48 5
MOVE A49 5
MOVE B15 226
MOVE B26 239
END TURN 144
TURN 145
COMMAND LEFT START
MOVE A50 45
MOVE A43 45
MOVE A44 45
TRAIN 2
COMMAND LEFT END
COMMAND RIGHT START
MOVE B28 146
MOVE B27 121
COMMAND RIGHT END
TURN 145 RESULT
TIME LEFT 2 5 RIGHT 0 5
TRAIN A51 A52
MOVE A41 45
MOVE A42 45
MOVE A43 43
MOVE A44 43
MOVE A45 33
MOVE A46 33
MOVE A47 19
MOVE A48 12
MOVE A49 12
MOVE A50 5
MOVE B15 217
MOVE B26 233
MOVE B27 239
MOVE B28 237
END TURN 145
TURN 146
COMMAND LEFT START
MOVE A51 38
MOVE A52 38
MOVE A20 170
MOVE A21 170
MOVE A22 170
MOVE A23 170
MOVE A24 170
MOVE A25 170
MOVE A26 170
MOVE A27 170
MOVE A28 170
MOVE A29 170
MOVE A30 170
MOVE A31 170
MOVE A32 170
MOVE A33 170
MOVE A34 170
MOVE A35 170
MOVE A36 170
MOVE A37 170
MOVE A38 170
MOVE A39 170
MOVE A40 170
MOVE A41 170
MOVE A42 170
TRAIN 1
COMMAND LEFT END
COMMAND RIGHT START
TRAIN 2
COMMAND RIGHT END
TURN 146 RESULT
TIME LEFT 1 5 RIGHT 0 5
TRAIN A53 B29 B30
MOVE A20 59
MOVE A21 59
MOVE A22 59
MOVE A23 59
MOVE A24 59
MOVE A25 59
MOVE A26 59
MOVE A27 59
MOVE A28 59
MOVE A29 59
MOVE A30 59
MOVE A31 59
MOVE A32 59
MOVE A33 59
MOVE A34 59
MOVE A35 59
MOVE A36 59
MOVE A37 59
MOVE A38 59
MOVE A39 59
MOVE A40 59
MOVE A41 59
MOVE A42 59
MOVE A43 45
MOVE A44 45
MOVE A45 45
MOVE A46 45
MOVE A47 33
MOVE A48 19
MOVE A49 19
MOVE A50 12
MOVE A51 5
MOVE A52 5
MOVE B15 196
MOVE B26 226
MOVE B27 233
MOVE B28 234
END TURN 146
TURN 147
COMMAND LEFT START
MOVE A53 45
TRAIN 1
COMMAND LEFT END
COMMAND RIGHT START
MOVE B30 72
MOVE B29 121
TRAIN 2
COMMAND RIGHT END
TURN 147 RESULT
TIME LEFT 1 5 RIGHT 0 5
TRAIN A54 B31 B32
MOVE A20 67
MOVE A21 67
MOVE A22 67
MOVE A23 67
MOVE A24 67
MOVE A25 67
MOVE A26 67
MOVE A27 67
MOVE A28 67
MOVE A29 67
MOVE A30 67
MOVE A31 67
MOVE A32 67
MOVE A33 67
MOVE A34 67
MOVE A35 67
MOVE A36 67
MOVE A37 67
MOVE A38 67
MOVE A39 67
MOVE A40 67
MOVE A41 67
MOVE A42 67
MOVE A47 45
MOVE A48 33
MOVE A49 33
MOVE A50 19
MOVE A51 8
MOVE A52 8
MOVE A53 5
MOVE B15 184
MOVE B26 217
MOVE B27 226
MOVE B28 216
MOVE B29 239
MOVE B30 239
END TURN 147
TURN 148
COMMAND LEFT START
MOVE A54 38
TRAIN 1
COMMAND LEFT END
COMMAND RIGHT START
MOVE B32 41
MOVE B31 121
TRAIN 2
COMMAND RIGHT END
TURN 148 RESULT
TIME LEFT 1 5 RIGHT 0 5
TRAIN A55 B33 B34
MOVE A20 75
MOVE A21 75
MOVE A22 75
MOVE A23 75
MOVE A24 75
MOVE A25 75
MOVE A26 75
MOVE A27 75
MOVE A28 75
MOVE A29 75
MOVE A30 75
MOVE A31 75
MOVE A32 75
MOVE A33 75
MOVE A34 75
MOVE A35 75
MOVE A36 75
MOVE A37 75
MOVE A38 75
MOVE A39 75
MOVE A40 75
MOVE A41 75
MOVE A42 75
MOVE A48 45
MOVE A49 45
MOVE A50 33
MOVE A51 26
MOVE A52 26
MOVE A53 12
MOVE A54 5
MOVE B15 170
MOVE B26 196
MOVE B27 217
MOVE B28 204
MOVE B29 233
MOVE B30 233
MOVE B31 239
MOVE B32 237
END TURN 148
TURN 149
COMMAND LEFT START
MOVE A55 45
TRAIN 1
COMMAND LEFT END
COMMAND RIGHT START
MOVE B34 121
MOVE B33 121
TRAIN 2
COMMAND RIGHT END
TURN 149 RESULT
TIME LEFT 1 5 RIGHT 0 5
TRAIN A56 B35 B36
MOVE A20 93
MOVE A21 93
MOVE A22 93
MOVE A23 93
MOVE A24 93
MOVE A25 93
MOVE A26 93
MOVE A27 93
MOVE A28 93
MOVE A29 93
MOVE A30 93
MOVE A31 93
MOVE A32 93
MOVE A33 93
MOVE A34 93
MOVE A35 93
MOVE A36 93
MOVE A37 93
MOVE A38 93
MOVE A39 93
MOVE A40 93
MOVE A41 93
MOVE A42 93
MOVE A50 45
MOVE A51 38
MOVE A52 38
MOVE A53 19
MOVE A54 8
MOVE A55 5
MOVE B26 184
MOVE B27 196
MOVE B28 192
MOVE B29 226
MOVE B30 226
MOVE B31 233
MOVE B32 230
MOVE B33 239
MOVE B34 239
END TURN 149
TURN 150
COMMAND LEFT START
MOVE A56 45
MOVE A51 45
MOVE A52 45
TRAIN 1
COMMAND LEFT END
COMMAND RIGHT START
MOVE B36 121
MOVE B35 121
TRAIN 2
COMMAND RIGHT END
TURN 150 RESULT
TIME LEFT 1 5 RIGHT 0 5
TRAIN A57 B37 B38
MOVE A20 121
MOVE A21 121
MOVE A22 121
MOVE A23 121
MOVE A24 121
MOVE A25 121
MOVE A26 121
MOVE A27 121
MOVE A28 121
MOVE A29 121
MOVE A30 121
MOVE A31 121
MOVE A32 121
MOVE A33 121
MOVE A34 121
MOVE A35 121
MOVE A36 121
MOVE A37 121
MOVE A38 121
MOVE A39 121
MOVE A40 121
MOVE A41 121
MOVE A42 121
MOVE A51 43
MOVE A52 43
MOVE A53 33
MOVE A54 26
MOVE A55 12
MOVE A56 5
MOVE B26 170
MOVE B27 184
MOVE B28 179
MOVE B29 217
MOVE B30 217
MOVE B31 226
MOVE B32 223
MOVE B33 233
MOVE B34 233
MOVE B35 239
MOVE B36 239
DAMAGE TURRET A20 2
DAMAGE COMBAT A20 3
DAMAGE COMBAT B16 6
DAMAGE COMBAT B20 6
DAMAGE COMBAT B23 6
SIEGE B 121 5
END TURN 150
TURN 151
COMMAND LEFT START
MOVE A57 45
TRAIN 1
COMMAND LEFT END
COMMAND RIGHT START
MOVE B38 170
MOVE B37 170
TRAIN 2
COMMAND RIGHT END
TURN 151 RESULT
TIME LEFT 0 5 RIGHT 0 5
TRAIN A58 B39 B40
MOVE A20 149
MOVE A21 149
MOVE A22 149
MOVE A23 149
MOVE A24 149
MOVE A25 149
MOVE A26 149
MOVE A27 149
MOVE A28 149
MOVE A29 149
MOVE A30 149
MOVE A31 149
MOVE A32 149
MOVE A33 149
MOVE A34 149
MOVE A35 149
MOVE A36 149
MOVE A37 149
MOVE A38 149
MOVE A39 149
MOVE A40 149
MOVE A41 149
MOVE A42 149
MOVE A51 45
MOVE A52 45
MOVE A53 45
MOVE A54 38
MOVE A55 19
MOVE A56 12
MOVE A57 5
MOVE B26 149
MOVE B27 170
MOVE B28 166
MOVE B29 196
MOVE B30 196
MOVE B31 217
MOVE B32 211
MOVE B33 226
MOVE B34 226
MOVE B35 233
MOVE B36 233
MOVE B37 239
MOVE B38 239
DAMAGE COMBAT A20 1
DAMAGE COMBAT B26 6
END TURN 151
TURN 152
COMMAND LEFT START
MOVE A58 3
MOVE A54 45
TRAIN 2
COMMAND LEFT END
COMMAND RIGHT START
MOVE B13 121
MOVE B22 201
TRAIN 2
COMMAND RIGHT END
TURN 152 RESULT
TIME LEFT 1 5 RIGHT 0 5
TRAIN A59 A60 B41 B42
MOVE A21 170
MOVE A22 170
MOVE A23 170
MOVE A24 170
MOVE A25 170
MOVE A26 170
MOVE A27 170
MOVE A28 170
MOVE A29 170
MOVE A30 170
MOVE A31 170
MOVE A32 170
MOVE A33 170
MOVE A34 170
MOVE A35 170
MOVE A36 170
MOVE A37 170
MOVE A38 170
MOVE A39 170
MOVE A40 170
MOVE A41 170
MOVE A42 170
MOVE A54 43
MOVE A55 33
MOVE A56 19
MOVE A57 12
MOVE A58 3
MOVE B13 190
MOVE B22 239
MOVE B27 149
MOVE B28 159
MOVE B29 184
MOVE B30 184
MOVE B31 196
MOVE B32 203
MOVE B33 217
MOVE B34 217
MOVE B35 226
MOVE B36 226
MOVE B37 233
MOVE B38 233
DAMAGE TURRET A21 2
DAMAGE COMBAT A21 3
DAMAGE COMBAT B8 5
DAMAGE COMBAT B15 6
DAMAGE COMBAT B21 6
SIEGE B 170 5
END TURN 152
TURN 153
COMMAND LEFT START
MOVE A59 38
MOVE A60 38
MOVE A58 45
MOVE A43 121
MOVE A44 121
MOVE A45 121
MOVE A46 121
MOVE A47 121
MOVE A48 121
MOVE A49 121
MOVE A50 121
MOVE A51 121
MOVE A52 121
MOVE A53 121
TRAIN 2
COMMAND LEFT END
COMMAND RIGHT START
MOVE B14 121
MOVE B24 201
TRAIN 1
COMMAND RIGHT END
TURN 153 RESULT
TIME LEFT 1 5 RIGHT 0 5
TRAIN A61 A62 B43
MOVE A43 59
MOVE A44 59
MOVE A45 59
MOVE A46 59
MOVE A47 59
MOVE A48 59
MOVE A49 59
MOVE A50 59
MOVE A51 59
MOVE A52 59
MOVE A53 59
MOVE A54 45
MOVE A55 45
MOVE A56 33
MOVE A57 19
MOVE A58 9
MOVE A59 5
MOVE A60 5
MOVE B13 172
MOVE B14 190
MOVE B22 233
MOVE B24 239
MOVE B27 121
MOVE B28 146
MOVE B29 170
MOVE B30 170
MOVE B31 184
MOVE B32 191
MOVE B33 196
MOVE B34 196
MOVE B35 217
MOVE B36 217
MOVE B37 226
MOVE B38 226
DAMAGE TURRET A21 1
DAMAGE TURRET A22 1
DAMAGE TURRET B28 1
DAMAGE COMBAT A3 1
DAMAGE COMBAT A22 2
DAMAGE COMBAT B28 1
DAMAGE COMBAT B29 6
DAMAGE COMBAT B30 6
SIEGE B 170 10
END TURN 153
TURN 154
COMMAND LEFT START
MOVE A61 45
MOVE A62 45
TRAIN 2
COMMAND LEFT END
COMMAND RIGHT START
MOVE B28 204
TRAIN 1
COMMAND RIGHT END
TURN 154 RESULT
TIME LEFT 1 5 RIGHT 0 5
TRAIN A63 A64 B44
MOVE A43 67
MOVE A44 67
MOVE A45 67
MOVE A46 67
MOVE A47 67
MOVE A48 67
MOVE A49 67
MOVE A50 67
MOVE A51 67
MOVE A52 67
MOVE A53 67
MOVE A56 45
MOVE A57 33
MOVE A58 12
MOVE A59 8
MOVE A60 8
MOVE A61 5
MOVE A62 5
MOVE B13 156
MOVE B14 172
MOVE B22 226
MOVE B24 233
MOVE B28 159
MOVE B31 170
MOVE B32 167
MOVE B33 184
MOVE B34 184
MOVE B35 196
MOVE B36 196
MOVE B37 217
MOVE B38 217
DAMAGE TURRET A22 2
DAMAGE COMBAT A22 1
DAMAGE COMBAT B31 6
SIEGE B 170 3
END TURN 154
TURN 155
COMMAND LEFT START
MOVE A63 3
MOVE A64 3
TRAIN 2
COMMAND LEFT END
COMMAND RIGHT START
TRAIN 2
COMMAND RIGHT END
TURN 155 RESULT
TIME LEFT 0 5 RIGHT 0 5
TRAIN A65 A66 B45 B46
MOVE A43 75
MOVE A44 75
MOVE A45 75
MOVE A46 75
MOVE A47 75
MOVE A48 75
MOVE A49 75
MOVE A50 75
MOVE A51 75
MOVE A52 75
MOVE A53 75
MOVE A57 45
MOVE A58 19
MOVE A59 26
MOVE A60 26
MOVE A61 12
MOVE A62 12
MOVE A63 3
MOVE A64 3
MOVE B13 135
MOVE B14 156
MOVE B22 215
MOVE B24 226
MOVE B28 166
MOVE B32 150
MOVE B33 170
MOVE B34 170
MOVE B35 184
MOVE B36 184
MOVE B37 196
MOVE B38 196
DAMAGE COMBAT A23 2
DAMAGE COMBAT B33 6
DAMAGE COMBAT B34 6
END TURN 155
TURN 156
COMMAND LEFT START
MOVE A65 3
MOVE A66 3
MOVE A54 38
MOVE A55 38
MOVE A56 38
MOVE A57 38
MOVE A23 121
MOVE A24 121
MOVE A25 121
MOVE A26 121
MOVE A27 121
MOVE A28 121
MOVE A29 121
MOVE A30 121
MOVE A31 121
MOVE A32 121
MOVE A33 121
MOVE A34 121
MOVE A35 121
MOVE A36 121
MOVE A37 121
MOVE A38 121
MOVE A39 121
MOVE A40 121
MOVE A41 121
MOVE A42 121
TRAIN 1
COMMAND LEFT END
COMMAND RIGHT START
TRAIN 2
COMMAND RIGHT END
TURN 156 RESULT
TIME LEFT 1 5 RIGHT 0 5
TRAIN A67 B47 B48
MOVE A23 149
MOVE A24 149
MOVE A25 149
MOVE A26 149
MOVE A27 149
MOVE A28 149
MOVE A29 149
MOVE A30 149
MOVE A31 149
MOVE A32 149
MOVE A33 149
MOVE A34 149
MOVE A35 149
MOVE A36 149
MOVE A37 149
MOVE A38 149
MOVE A39 149
MOVE A40 149
MOVE A41 149
MOVE A42 149
MOVE A43 93
MOVE A44 93
MOVE A45 93
MOVE A46 93
MOVE A47 93
MOVE A48 93
MOVE A49 93
MOVE A50 93
MOVE A51 93
MOVE A52 93
MOVE A53 93
MOVE A54 43
MOVE A55 43
MOVE A56 43
MOVE A57 43
MOVE A58 33
MOVE A59 38
MOVE A60 38
MOVE A61 19
MOVE A62 19
MOVE A65 3
MOVE A66 3
MOVE B13 121
MOVE B14 135
MOVE B22 201
MOVE B24 215
MOVE B28 179
MOVE B32 125
MOVE B35 170
MOVE B36 170
MOVE B37 184
MOVE B38 184
END TURN 156
TURN 157
COMMAND LEFT START
MOVE A67 45
MOVE A63 45
MOVE A64 45
MOVE A65 45
MOVE A66 45
MOVE A59 45
MOVE A60 45
TRAIN 1
COMMAND LEFT END
COMMAND RIGHT START
TRAIN 2
COMMAND RIGHT END
TURN 157 RESULT
TIME LEFT 2 5 RIGHT 0 5
TRAIN A68 B49 B50
MOVE A23 121
MOVE A24 121
MOVE A25 121
MOVE A26 121
MOVE A27 121
MOVE A28 121
MOVE A29 121
MOVE A30 121
MOVE A31 121
MOVE A32 121
MOVE A33 121
MOVE A34 121
MOVE A35 121
MOVE A36 121
MOVE A37 121
MOVE A38 121
MOVE A39 121
MOVE A40 121
MOVE A41 121
MOVE A42 121
MOVE A43 121
MOVE A44 121
MOVE A45 121
MOVE A46 121
MOVE A47 121
MOVE A48 121
MOVE A49 121
MOVE A50 121
MOVE A51 121
MOVE A52 121
MOVE A53 121
MOVE A54 38
MOVE A55 38
MOVE A56 38
MOVE A57 38
MOVE A58 45
MOVE A59 43
MOVE A60 43
MOVE A61 33
MOVE A62 33
MOVE A63 9
MOVE A64 9
MOVE A65 9
MOVE A66 9
MOVE A67 5
MOVE B14 121
MOVE B24 201
MOVE B28 192
MOVE B32 107
MOVE B35 149
MOVE B36 149
MOVE B37 170
MOVE B38 170
DAMAGE TURRET A23 2
DAMAGE COMBAT A23 2
DAMAGE COMBAT A24 1
DAMAGE COMBAT B13 6
DAMAGE COMBAT B14 6
DAMAGE COMBAT B27 6
SIEGE B 121 13
END TURN 157
TURN 158
COMMAND LEFT START
MOVE A68 45
MOVE A54 45
MOVE A55 45
MOVE A56 45
MOVE A57 45
MOVE A24 204
MOVE A25 204
MOVE A26 204
MOVE A27 204
MOVE A28 204
MOVE A29 204
MOVE A30 204
MOVE A31 204
MOVE A32 204
MOVE A33 204
MOVE A34 204
MOVE A35 204
MOVE A36 204
MOVE A37 204
MOVE A38 204
MOVE A39 204
MOVE A40 204
MOVE A41 204
MOVE A42 204
MOVE A43 204
MOVE A44 204
MOVE A45 204
MOVE A46 204
MOVE A47 204
MOVE A48 204
MOVE A49 204
MOVE A50 204
MOVE A51 204
MOVE A52 204
MOVE A53 204
COMMAND LEFT END
COMMAND RIGHT START
MOVE B37 201
MOVE B50 201
MOVE B49 201
MOVE B48 201
MOVE B47 201
MOVE B46 201
MOVE B45 201
MOVE B44 201
MOVE B43 201
MOVE B42 201
MOVE B41 201
UPGRADE 170
TRAIN 2
COMMAND RIGHT END
TURN 158 RESULT
TIME LEFT 2 5 RIGHT 0 5
UPGRADE B 170
TRAIN B51 B52
MOVE A24 149
MOVE A25 149
MOVE A26 149
MOVE A27 149
MOVE A28 149
MOVE A29 149
MOVE A30 149
MOVE A31 149
MOVE A32 149
MOVE A33 149
MOVE A34 149
MOVE A35 149
MOVE A36 149
MOVE A37 149
MOVE A38 149
MOVE A39 149
MOVE A40 149
MOVE A41 149
MOVE A42 149
MOVE A43 149
MOVE A44 149
MOVE A45 149
MOVE A46 149
MOVE A47 149
MOVE A48 149
MOVE A49 149
MOVE A50 149
MOVE A51 149
MOVE A52 149
MOVE A53 149
MOVE A54 43
MOVE A55 43
MOVE A56 43
MOVE A57 43
MOVE A59 45
MOVE A60 45
MOVE A61 45
MOVE A62 45
MOVE A63 12
MOVE A64 12
MOVE A65 12
MOVE A66 12
MOVE A67 12
MOVE A68 5
MOVE B28 204
MOVE B32 86
MOVE B35 121
MOVE B36 121
MOVE B37 184
MOVE B41 239
MOVE B42 239
MOVE B43 239
MOVE B44 239
MOVE B45 239
MOVE B46 239
MOVE B47 239
MOVE B48 239
MOVE B49 239
MOVE B50 239
END TURN 158
TURN 159
COMMAND LEFT START
COMMAND LEFT END
COMMAND RIGHT START
MOVE B52 170
MOVE B51 170
MOVE B28 170
UPGRADE 121
COMMAND RIGHT END
TURN 159 RESULT
TIME LEFT 1 5 RIGHT 1 5
UPGRADE B 121
MOVE A24 167
MOVE A25 167
MOVE A26 167
MOVE A27 167
MOVE A28 167
MOVE A29 167
MOVE A30 167
MOVE A31 167
MOVE A32 167
MOVE A33 167
MOVE A34 167
MOVE A35 167
MOVE A36 167
MOVE A37 167
MOVE A38 167
MOVE A39 167
MOVE A40 167
MOVE A41 167
MOVE A42 167
MOVE A43 167
MOVE A44 167
MOVE A45 167
MOVE A46 167
MOVE A47 167
MOVE A48 167
MOVE A49 167
MOVE A50 167
MOVE A51 167
MOVE A52 167
MOVE A53 167
MOVE A54 45
MOVE A55 45
MOVE A56 45
MOVE A57 45
MOVE A63 19
MOVE A64 19
MOVE A65 19
MOVE A66 19
MOVE A67 19
MOVE A68 12
MOVE B28 199
MOVE B32 70
MOVE B37 190
MOVE B41 233
MOVE B42 233
MOVE B43 233
MOVE B44 233
MOVE B45 233
MOVE B46 233
MOVE B47 233
MOVE B48 233
MOVE B49 233
MOVE B50 233
MOVE B51 239
MOVE B52 239
END TURN 159
TURN 160
COMMAND LEFT START
COMMAND LEFT END
COMMAND RIGHT START
UPGRADE 170
COMMAND RIGHT END
TURN 160 RESULT
TIME LEFT 1 5 RIGHT 1 5
UPGRADE B 170
MOVE A24 175
MOVE A25 175
MOVE A26 175
MOVE A27 175
MOVE A28 175
MOVE A29 175
MOVE A30 175
MOVE A31 175
MOVE A32 175
MOVE A33 175
MOVE A34 175
MOVE A35 175
MOVE A36 175
MOVE A37 175
MOVE A38 175
MOVE A39 175
MOVE A40 175
MOVE A41 175
MOVE A42 175
MOVE A43 175
MOVE A44 175
MOVE A45 175
MOVE A46 175
MOVE A47 175
MOVE A48 175
MOVE A49 175
MOVE A50 175
MOVE A51 175
MOVE A52 175
MOVE A53 175
MOVE A63 33
MOVE A64 33
MOVE A65 33
MOVE A66 33
MOVE A67 33
MOVE A68 19
MOVE B28 189
MOVE B32 52
MOVE B37 201
MOVE B41 226
MOVE B42 226
MOVE B43 226
MOVE B44 226
MOVE B45 226
MOVE B46 226
MOVE B47 226
MOVE B48 226
MOVE B49 226
MOVE B50 226
MOVE B51 233
MOVE B52 233
END TURN 160
TURN 161
COMMAND LEFT START
MOVE A54 41
MOVE A55 41
MOVE A56 41
MOVE A57 41
MOVE A58 41
MOVE A59 41
MOVE A60 41
MOVE A61 41
MOVE A62 41
TRAIN 1
COMMAND LEFT END
COMMAND RIGHT START
MOVE B37 121
COMMAND RIGHT END
TURN 161 RESULT
TIME LEFT 1 5 RIGHT 1 5
TRAIN A69
MOVE A24 183
MOVE A25 183
MOVE A26 183
MOVE A27 183
MOVE A28 183
MOVE A29 183
MOVE A30 183
MOVE A31 183
MOVE A32 183
MOVE A33 183
MOVE A34 183
MOVE A35 183
MOVE A36 183
MOVE A37 183
MOVE A38 183
MOVE A39 183
MOVE A40 183
MOVE A41 183
MOVE A42 183
MOVE A43 183
MOVE A44 183
MOVE A45 183
MOVE A46 183
MOVE A47 183
MOVE A48 183
MOVE A49 183
MOVE A50 183
MOVE A51 183
MOVE A52 183
MOVE A53 183
MOVE A54 39
MOVE A55 39
MOVE A56 39
MOVE A57 39
MOVE A58 39
MOVE A59 39
MOVE A60 39
MOVE A61 39
MOVE A62 39
MOVE A63 45
MOVE A64 45
MOVE A65 45
MOVE A66 45
MOVE A67 45
MOVE A68 33
MOVE B28 183
MOVE B32 41
MOVE B37 190
MOVE B41 215
MOVE B42 215
MOVE B43 215
MOVE B44 215
MOVE B45 215
MOVE B46 215
MOVE B47 215
MOVE B48 215
MOVE B49 215
MOVE B50 215
MOVE B51 226
MOVE B52 226
DAMAGE TURRET B32 2
DAMAGE COMBAT A8 1
DAMAGE COMBAT A24 1
DAMAGE COMBAT B28 4
DAMAGE COMBAT B32 3
END TURN 161
TURN 162
COMMAND LEFT START
MOVE A69 3
MOVE A63 41
MOVE A64 41
MOVE A65 41
MOVE A66 41
MOVE A67 41
TRAIN 1
COMMAND LEFT END
COMMAND RIGHT START
TRAIN 2
COMMAND RIGHT END
TURN 162 RESULT
TIME LEFT 0 5 RIGHT 0 5
TRAIN A70 B53 B54
MOVE A24 189
MOVE A25 189
MOVE A26 189
MOVE A27 189
MOVE A28 189
MOVE A29 189
MOVE A30 189
MOVE A31 189
MOVE A32 189
MOVE A33 189
MOVE A34 189
MOVE A35 189
MOVE A36 189
MOVE A37 189
MOVE A38 189
MOVE A39 189
MOVE A40 189
MOVE A41 189
MOVE A42 189
MOVE A43 189
MOVE A44 189
MOVE A45 189
MOVE A46 189
MOVE A47 189
MOVE A48 189
MOVE A49 189
MOVE A50 189
MOVE A51 189
MOVE A52 189
MOVE A53 189
MOVE A54 46
MOVE A55 46
MOVE A56 46
MOVE A57 46
MOVE A58 46
MOVE A59 46
MOVE A60 46
MOVE A61 46
MOVE A62 46
MOVE A63 39
MOVE A64 39
MOVE A65 39
MOVE A66 39
MOVE A67 39
MOVE A68 45
MOVE A69 3
MOVE B37 172
MOVE B41 201
MOVE B42 201
MOVE B43 201
MOVE B44 201
MOVE B45 201
MOVE B46 201
MOVE B47 201
MOVE B48 201
MOVE B49 201
MOVE B50 201
MOVE B51 217
MOVE B52 217
DAMAGE TURRET B32 1
DAMAGE COMBAT A8 1
END TURN 162
TURN 163
COMMAND LEFT START
MOVE A70 41
MOVE A69 41
MOVE A68 41
TRAIN 1
COMMAND LEFT END
COMMAND RIGHT START
MOVE B54 121
MOVE B53 121
MOVE B50 146
MOVE B49 121
MOVE B48 121
MOVE B47 121
MOVE B46 121
MOVE B45 121
MOVE B44 121
MOVE B43 121
MOVE B42 121
MOVE B41 121
COMMAND RIGHT END
TURN 163 RESULT
TIME LEFT 1 5 RIGHT 1 5
TRAIN A71
MOVE A24 199
MOVE A25 199
MOVE A26 199
MOVE A27 199
MOVE A28 199
MOVE A29 199
MOVE A30 199
MOVE A31 199
MOVE A32 199
MOVE A33 199
MOVE A34 199
MOVE A35 199
MOVE A36 199
MOVE A37 199
MOVE A38 199
MOVE A39 199
MOVE A40 199
MOVE A41 199
MOVE A42 199
MOVE A43 199
MOVE A44 199
MOVE A45 199
MOVE A46 199
MOVE A47 199
MOVE A48 199
MOVE A49 199
MOVE A50 199
MOVE A51 199
MOVE A52 199
MOVE A53 199
MOVE A54 41
MOVE A55 41
MOVE A56 41
MOVE A57 41
MOVE A58 41
MOVE A59 41
MOVE A60 41
MOVE A61 41
MOVE A62 41
MOVE A63 46
MOVE A64 46
MOVE A65 46
MOVE A66 46
MOVE A67 46
MOVE A68 39
MOVE A69 9
MOVE A70 3
MOVE B37 156
MOVE B41 190
MOVE B42 190
MOVE B43 190
MOVE B44 190
MOVE B45 190
MOVE B46 190
MOVE B47 190
MOVE B48 190
MOVE B49 190
MOVE B50 196
MOVE B51 196
MOVE B52 196
MOVE B53 239
MOVE B54 239
END TURN 163
TURN 164
COMMAND LEFT START
MOVE A71 41
TRAIN 1
COMMAND LEFT END
COMMAND RIGHT START
UPGRADE 121
COMMAND RIGHT END
TURN 164 RESULT
TIME LEFT 1 5 RIGHT 0 5
UPGRADE B 121
TRAIN A72
MOVE A24 204
MOVE A25 204
MOVE A26 204
MOVE A27 204
MOVE A28 204
MOVE A29 204
MOVE A30 204
MOVE A31 204
MOVE A32 204
MOVE A33 204
MOVE A34 204
MOVE A35 204
MOVE A36 204
MOVE A37 204
MOVE A38 204
MOVE A39 204
MOVE A40 204
MOVE A41 204
MOVE A42 204
MOVE A43 204
MOVE A44 204
MOVE A45 204
MOVE A46 204
MOVE A47 204
MOVE A48 204
MOVE A49 204
MOVE A50 204
MOVE A51 204
MOVE A52 204
MOVE A53 204
MOVE A63 41
MOVE A64 41
MOVE A65 41
MOVE A66 41
MOVE A67 41
MOVE A68 46
MOVE A69 16
MOVE A70 9
MOVE A71 3
MOVE B37 135
MOVE B41 172
MOVE B42 172
MOVE B43 172
MOVE B44 172
MOVE B45 172
MOVE B46 172
MOVE B47 172
MOVE B48 172
MOVE B49 172
MOVE B50 203
MOVE B51 184
MOVE B52 184
MOVE B53 233
MOVE B54 233
DAMAGE TURRET A24 2
DAMAGE COMBAT A24 2
DAMAGE COMBAT A25 1
DAMAGE COMBAT B5 4
DAMAGE COMBAT B7 5
DAMAGE COMBAT B11 5
SIEGE B 204 16
END TURN 164
TURN 165
COMMAND LEFT START
MOVE A72 3
COMMAND LEFT END
COMMAND RIGHT START
TRAIN 2
COMMAND RIGHT END
TURN 165 RESULT
TIME LEFT 1 5 RIGHT 0 5
TRAIN B55 B56
MOVE A68 41
MOVE A69 27
MOVE A70 16
MOVE A71 9
MOVE A72 3
MOVE B37 121
MOVE B41 156
MOVE B42 156
MOVE B43 156
MOVE B44 156
MOVE B45 156
MOVE B46 156
MOVE B47 156
MOVE B48 156
MOVE B49 156
MOVE B50 197
MOVE B51 170
MOVE B52 170
MOVE B53 226
MOVE B54 226
DAMAGE TURRET A25 2
SIEGE B 204 2
END TURN 165
TURN 166
COMMAND LEFT START
MOVE A25 197
MOVE A26 197
MOVE A27 197
MOVE A28 197
MOVE A29 197
MOVE A30 197
MOVE A31 197
MOVE A32 197
MOVE A33 197
MOVE A34 197
MOVE A35 197
MOVE A36 197
MOVE A37 197
MOVE A38 197
MOVE A39 197
MOVE A40 197
MOVE A41 197
MOVE A42 197
MOVE A43 197
MOVE A44 197
MOVE A45 197
MOVE A46 197
MOVE A47 197
MOVE A48 197
MOVE A49 197
MOVE A50 197
MOVE A51 197
MOVE A52 197
MOVE A53 197
COMMAND LEFT END
COMMAND RIGHT START
MOVE B52 121
MOVE B56 121
MOVE B55 121
COMMAND RIGHT END
TURN 166 RESULT
TIME LEFT 1 5 RIGHT 1 5
MOVE A25 199
MOVE A26 199
MOVE A27 199
MOVE A28 199
MOVE A29 199
MOVE A30 199
MOVE A31 199
MOVE A32 199
MOVE A33 199
MOVE A34 199
MOVE A35 199
MOVE A36 199
MOVE A37 199
MOVE A38 199
MOVE A39 199
MOVE A40 199
MOVE A41 199
MOVE A42 199
MOVE A43 199
MOVE A44 199
MOVE A45 199
MOVE A46 199
MOVE A47 199
MOVE A48 199
MOVE A49 199
MOVE A50 199
MOVE A51 199
MOVE A52 199
MOVE A53 199
MOVE A69 41
MOVE A70 27
MOVE A71 16
MOVE B41 135
MOVE B42 135
MOVE B43 135
MOVE B44 135
MOVE B45 135
MOVE B46 135
MOVE B47 135
MOVE B48 135
MOVE B49 135
MOVE B50 199
MOVE B52 149
MOVE B53 217
MOVE B54 217
MOVE B55 239
MOVE B56 239
DAMAGE COMBAT A25 1
DAMAGE COMBAT B50 6
END TURN 166
TURN 167
COMMAND LEFT START
MOVE A72 41
COMMAND LEFT END
COMMAND RIGHT START
COMMAND RIGHT END
TURN 167 RESULT
TIME LEFT 1 5 RIGHT 0 5
MOVE A25 197
MOVE A26 197
MOVE A27 197
MOVE A28 197
MOVE A29 197
MOVE A30 197
MOVE A31 197
MOVE A32 197
MOVE A33 197
MOVE A34 197
MOVE A35 197
MOVE A36 197
MOVE A37 197
MOVE A38 197
MOVE A39 197
MOVE A40 197
MOVE A41 197
MOVE A42 197
MOVE A43 197
MOVE A44 197
MOVE A45 197
MOVE A46 197
MOVE A47 197
MOVE A48 197
MOVE A49 197
MOVE A50 197
MOVE A51 197
MOVE A52 197
MOVE A53 197
MOVE A70 41
MOVE A71 27
MOVE A72 9
MOVE B41 121
MOVE B42 121
MOVE B43 121
MOVE B44 121
MOVE B45 121
MOVE B46 121
MOVE B47 121
MOVE B48 121
MOVE B49 121
MOVE B52 121
MOVE B53 196
MOVE B54 196
MOVE B55 233
MOVE B56 233
DAMAGE TURRET A25 2
DAMAGE COMBAT A26 3
DAMAGE COMBAT B2 4
DAMAGE COMBAT B12 6
DAMAGE COMBAT B19 6
SIEGE B 197 13
END TURN 167
TURN 168
COMMAND LEFT START
MOVE A54 201
MOVE A55 201
MOVE A56 201
MOVE A57 201
MOVE A58 201
MOVE A59 201
MOVE A60 201
MOVE A61 201
MOVE A62 201
MOVE A63 201
MOVE A64 201
MOVE A65 201
MOVE A66 201
MOVE A67 201
MOVE A68 201
MOVE A69 201
MOVE A70 201
COMMAND LEFT END
COMMAND RIGHT START
TRAIN 2
COMMAND RIGHT END
TURN 168 RESULT
TIME LEFT 1 5 RIGHT 1 5
TRAIN B57 B58
MOVE A54 52
MOVE A55 52
MOVE A56 52
MOVE A57 52
MOVE A58 52
MOVE A59 52
MOVE A60 52
MOVE A61 52
MOVE A62 52
MOVE A63 52
MOVE A64 52
MOVE A65 52
MOVE A66 52
MOVE A67 52
MOVE A68 52
MOVE A69 52
MOVE A70 52
MOVE A71 41
MOVE A72 16
MOVE B53 184
MOVE B54 184
MOVE B55 226
MOVE B56 226
DAMAGE TURRET A26 2
SIEGE B 197 5
END TURN 168
TURN 169
COMMAND LEFT START
MOVE A71 45
MOVE A26 239
MOVE A27 239
MOVE A28 239
MOVE A29 239
MOVE A30 239
MOVE A31 239
MOVE A32 239
MOVE A33 239
MOVE A34 239
MOVE A35 239
MOVE A36 239
MOVE A37 239
MOVE A38 239
MOVE A39 239
MOVE A40 239
MOVE A41 239
MOVE A42 239
MOVE A43 239
MOVE A44 239
MOVE A45 239
MOVE A46 239
MOVE A47 239
MOVE A48 239
MOVE A49 239
MOVE A50 239
MOVE A51 239
MOVE A52 239
MOVE A53 239
COMMAND LEFT END
COMMAND RIGHT START
MOVE B52 197
COMMAND RIGHT END
TURN 169 RESULT
TIME LEFT 1 5 RIGHT 1 5
MOVE A26 209
MOVE A27 209
MOVE A28 209
MOVE A29 209
MOVE A30 209
MOVE A31 209
MOVE A32 209
MOVE A33 209
MOVE A34 209
MOVE A35 209
MOVE A36 209
MOVE A37 209
MOVE A38 209
MOVE A39 209
MOVE A40 209
MOVE A41 209
MOVE A42 209
MOVE A43 209
MOVE A44 209
MOVE A45 209
MOVE A46 209
MOVE A47 209
MOVE A48 209
MOVE A49 209
MOVE A50 209
MOVE A51 209
MOVE A52 209
MOVE A53 209
MOVE A54 70
MOVE A55 70
MOVE A56 70
MOVE A57 70
MOVE A58 70
MOVE A59 70
MOVE A60 70
MOVE A61 70
MOVE A62 70
MOVE A63 70
MOVE A64 70
MOVE A65 70
MOVE A66 70
MOVE A67 70
MOVE A68 70
MOVE A69 70
MOVE A70 70
MOVE A71 46
MOVE A72 27
MOVE B52 149
MOVE B53 170
MOVE B54 170
MOVE B55 217
MOVE B56 217
END TURN 169
TURN 170
COMMAND LEFT START
TRAIN 2
COMMAND LEFT END
COMMAND RIGHT START
MOVE B58 121
MOVE B57 121
UPGRADE 170
COMMAND RIGHT END
TURN 170 RESULT
TIME LEFT 0 5 RIGHT 0 5
UPGRADE B 170
TRAIN A73 A74
MOVE A26 223
MOVE A27 223
MOVE A28 223
MOVE A29 223
MOVE A30 223
MOVE A31 223
MOVE A32 223
MOVE A33 223
MOVE A34 223
MOVE A35 223
MOVE A36 223
MOVE A37 223
MOVE A38 223
MOVE A39 223
MOVE A40 223
MOVE A41 223
MOVE A42 223
MOVE A43 223
MOVE A44 223
MOVE A45 223
MOVE A46 223
MOVE A47 223
MOVE A48 223
MOVE A49 223
MOVE A50 223
MOVE A51 223
MOVE A52 223
MOVE A53 223
MOVE A54 86
MOVE A55 86
MOVE A56 86
MOVE A57 86
MOVE A58 86
MOVE A59 86
MOVE A60 86
MOVE A61 86
MOVE A62 86
MOVE A63 86
MOVE A64 86
MOVE A65 86
MOVE A66 86
MOVE A67 86
MOVE A68 86
MOVE A69 86
MOVE A70 86
MOVE A71 39
MOVE A72 41
MOVE B52 167
MOVE B53 149
MOVE B54 149
MOVE B55 196
MOVE B56 196
MOVE B57 239
MOVE B58 239
END TURN 170
TURN 171
COMMAND LEFT START
MOVE A73 41
MOVE A74 41
TRAIN 1
COMMAND LEFT END
COMMAND RIGHT START
MOVE B1 242
MOVE B4 242
MOVE B9 242
MOVE B3 242
MOVE B6 242
MOVE B10 242
MOVE B17 242
MOVE B22 242
MOVE B24 242
MOVE B38 242
MOVE B51 242
MOVE B35 242
MOVE B36 242
MOVE B37 242
MOVE B41 242
MOVE B42 242
MOVE B43 242
MOVE B44 242
MOVE B45 242
MOVE B46 242
MOVE B47 242
MOVE B48 242
MOVE B49 242
TRAIN 2
COMMAND RIGHT END
TURN 171 RESULT
TIME LEFT 0 5 RIGHT 0 5
TRAIN A75 B59 B60
MOVE A26 230
MOVE A27 230
MOVE A28 230
MOVE A29 230
MOVE A30 230
MOVE A31 230
MOVE A32 230
MOVE A33 230
MOVE A34 230
MOVE A35 230
MOVE A36 230
MOVE A37 230
MOVE A38 230
MOVE A39 230
MOVE A40 230
MOVE A41 230
MOVE A42 230
MOVE A43 230
MOVE A44 230
MOVE A45 230
MOVE A46 230
MOVE A47 230
MOVE A48 230
MOVE A49 230
MOVE A50 230
MOVE A51 230
MOVE A52 230
MOVE A53 230
MOVE A54 107
MOVE A55 107
MOVE A56 107
MOVE A57 107
MOVE A58 107
MOVE A59 107
MOVE A60 107
MOVE A61 107
MOVE A62 107
MOVE A63 107
MOVE A64 107
MOVE A65 107
MOVE A66 107
MOVE A67 107
MOVE A68 107
MOVE A69 107
MOVE A70 107
MOVE A71 45
MOVE A73 3
MOVE A74 3
MOVE B1 242
MOVE B3 238
MOVE B4 242
MOVE B6 238
MOVE B9 242
MOVE B10 238
MOVE B17 215
MOVE B22 215
MOVE B24 215
MOVE B35 149
MOVE B36 149
MOVE B37 149
MOVE B38 184
MOVE B41 149
MOVE B42 149
MOVE B43 149
MOVE B44 149
MOVE B45 149
MOVE B46 149
MOVE B47 149
MOVE B48 149
MOVE B49 149
MOVE B51 184
MOVE B52 175
MOVE B53 121
MOVE B54 121
MOVE B55 184
MOVE B56 184
MOVE B57 233
MOVE B58 233
END TURN 171
TURN 172
COMMAND LEFT START
MOVE A75 45
MOVE A72 45
COMMAND LEFT END
COMMAND RIGHT START
TRAIN 1
COMMAND RIGHT END
TURN 172 RESULT
TIME LEFT 2 5 RIGHT 0 5
TRAIN B61
MOVE A26 233
MOVE A27 233
MOVE A28 233
MOVE A29 233
MOVE A30 233
MOVE A31 233
MOVE A32 233
MOVE A33 233
MOVE A34 233
MOVE A35 233
MOVE A36 233
MOVE A37 233
MOVE A38 233
MOVE A39 233
MOVE A40 233
MOVE A41 233
MOVE A42 233
MOVE A43 233
MOVE A44 233
MOVE A45 233
MOVE A46 233
MOVE A47 233
MOVE A48 233
MOVE A49 233
MOVE A50 233
MOVE A51 233
MOVE A52 233
MOVE A53 233
MOVE A54 121
MOVE A55 121
MOVE A56 121
MOVE A57 121
MOVE A58 121
MOVE A59 121
MOVE A60 121
MOVE A61 121
MOVE A62 121
MOVE A63 121
MOVE A64 121
MOVE A65 121
MOVE A66 121
MOVE A67 121
MOVE A68 121
MOVE A69 121
MOVE A70 121
MOVE A72 46
MOVE A73 9
MOVE A74 9
MOVE A75 5
MOVE B3 241
MOVE B6 241
MOVE B10 241
MOVE B17 226
MOVE B22 226
MOVE B24 226
MOVE B35 170
MOVE B36 170
MOVE B37 170
MOVE B38 196
MOVE B41 170
MOVE B42 170
MOVE B43 170
MOVE B44 170
MOVE B45 170
MOVE B46 170
MOVE B47 170
MOVE B48 170
MOVE B49 170
MOVE B51 196
MOVE B52 183
MOVE B55 170
MOVE B56 170
MOVE B57 226
MOVE B58 226
DAMAGE TURRET A54 1
DAMAGE COMBAT A54 2
DAMAGE COMBAT B53 6
DAMAGE COMBAT B54 6
SIEGE B 121 5
END TURN 172
TURN 173
COMMAND LEFT START
MOVE A71 38
COMMAND LEFT END
COMMAND RIGHT START
COMMAND RIGHT END
TURN 173 RESULT
TIME LEFT 2 5 RIGHT 0 5
MOVE A26 239
MOVE A27 239
MOVE A28 239
MOVE A29 239
MOVE A30 239
MOVE A31 239
MOVE A32 239
MOVE A33 239
MOVE A34 239
MOVE A35 239
MOVE A36 239
MOVE A37 239
MOVE A38 239
MOVE A39 239
MOVE A40 239
MOVE A41 239
MOVE A42 239
MOVE A43 239
MOVE A44 239
MOVE A45 239
MOVE A46 239
MOVE A47 239
MOVE A48 239
MOVE A49 239
MOVE A50 239
MOVE A51 239
MOVE A52 239
MOVE A53 239
MOVE A54 135
MOVE A55 135
MOVE A56 135
MOVE A57 135
MOVE A58 135
MOVE A59 135
MOVE A60 135
MOVE A61 135
MOVE A62 135
MOVE A63 135
MOVE A64 135
MOVE A65 135
MOVE A66 135
MOVE A67 135
MOVE A68 135
MOVE A69 135
MOVE A70 135
MOVE A71 43
MOVE A72 39
MOVE A73 16
MOVE A74 16
MOVE A75 12
MOVE B3 242
MOVE B6 242
MOVE B10 242
MOVE B17 233
MOVE B22 233
MOVE B24 233
MOVE B35 184
MOVE B36 184
MOVE B37 184
MOVE B38 217
MOVE B41 184
MOVE B42 184
MOVE B43 184
MOVE B44 184
MOVE B45 184
MOVE B46 184
MOVE B47 184
MOVE B48 184
MOVE B49 184
MOVE B51 217
MOVE B52 197
MOVE B55 149
MOVE B56 149
MOVE B57 217
MOVE B58 217
DAMAGE TURRET A26 1
DAMAGE TURRET A27 1
SIEGE B 239 18
END TURN 173
TURN 174
COMMAND LEFT START
MOVE A27 242
MOVE A28 242
MOVE A29 242
MOVE A30 242
MOVE A31 242
MOVE A32 242
MOVE A33 242
MOVE A34 242
MOVE A35 242
MOVE A36 242
MOVE A37 242
MOVE A38 242
MOVE A39 242
MOVE A40 242
MOVE A41 242
MOVE A42 242
MOVE A43 242
MOVE A44 242
MOVE A45 242
MOVE A46 242
MOVE A47 242
MOVE A48 242
MOVE A49 242
MOVE A50 242
MOVE A51 242
MOVE A52 242
MOVE A53 242
COMMAND LEFT END
COMMAND RIGHT START
MOVE B52 242
COMMAND RIGHT END
TURN 174 RESULT
TIME LEFT 1 5 RIGHT 0 5
MOVE A27 242
MOVE A28 242
MOVE A29 242
MOVE A30 242
MOVE A31 242
MOVE A32 242
MOVE A33 242
MOVE A34 242
MOVE A35 242
MOVE A36 242
MOVE A37 242
MOVE A38 242
MOVE A39 242
MOVE A40 242
MOVE A41 242
MOVE A42 242
MOVE A43 242
MOVE A44 242
MOVE A45 242
MOVE A46 242
MOVE A47 242
MOVE A48 242
MOVE A49 242
MOVE A50 242
MOVE A51 242
MOVE A52 242
MOVE A53 242
MOVE A54 156
MOVE A55 156
MOVE A56 156
MOVE A57 156
MOVE A58 156
MOVE A59 156
MOVE A60 156
MOVE A61 156
MOVE A62 156
MOVE A63 156
MOVE A64 156
MOVE A65 156
MOVE A66 156
MOVE A67 156
MOVE A68 156
MOVE A69 156
MOVE A70 156
MOVE A71 38
MOVE A72 45
MOVE A73 27
MOVE A74 27
MOVE A75 19
MOVE B17 239
MOVE B22 239
MOVE B24 239
MOVE B35 196
MOVE B36 196
MOVE B37 196
MOVE B38 226
MOVE B41 196
MOVE B42 196
MOVE B43 196
MOVE B44 196
MOVE B45 196
MOVE B46 196
MOVE B47 196
MOVE B48 196
MOVE B49 196
MOVE B51 226
MOVE B52 209
MOVE B55 121
MOVE B56 121
MOVE B57 196
MOVE B58 196
DAMAGE TURRET A27 2
DAMAGE COMBAT A27 3
DAMAGE COMBAT A28 6
DAMAGE COMBAT A29 3
DAMAGE COMBAT B1 4
DAMAGE COMBAT B3 4
DAMAGE COMBAT B4 4
DAMAGE COMBAT B6 5
DAMAGE COMBAT B9 5
DAMAGE COMBAT B10 5
END TURN 174
TURN 175
COMMAND LEFT START
MOVE A71 45
TRAIN 2
COMMAND LEFT END
COMMAND RIGHT START
MOVE B55 242
COMMAND RIGHT END
TURN 175 RESULT
TIME LEFT 1 5 RIGHT 0 5
TRAIN A76 A77
MOVE A54 172
MOVE A55 172
MOVE A56 172
MOVE A57 172
MOVE A58 172
MOVE A59 172
MOVE A60 172
MOVE A61 172
MOVE A62 172
MOVE A63 172
MOVE A64 172
MOVE A65 172
MOVE A66 172
MOVE A67 172
MOVE A68 172
MOVE A69 172
MOVE A70 172
MOVE A71 43
MOVE A73 41
MOVE A74 41
MOVE A75 33
MOVE B17 242
MOVE B22 242
MOVE B24 242
MOVE B35 217
MOVE B36 217
MOVE B37 217
MOVE B38 233
MOVE B41 217
MOVE B42 217
MOVE B43 217
MOVE B44 217
MOVE B45 217
MOVE B46 217
MOVE B47 217
MOVE B48 217
MOVE B49 217
MOVE B51 233
MOVE B52 223
MOVE B55 149
MOVE B57 184
MOVE B58 184
DAMAGE TURRET A29 2
DAMAGE COMBAT A29 1
DAMAGE COMBAT A30 6
DAMAGE COMBAT A31 2
DAMAGE COMBAT B17 6
DAMAGE COMBAT B22 6
DAMAGE COMBAT B24 6
DAMAGE COMBAT B25 6
DAMAGE COMBAT B39 1
END TURN 175
TURN 176
COMMAND LEFT START
MOVE A76 3
MOVE A77 3
TRAIN 2
COMMAND LEFT END
COMMAND RIGHT START
MOVE B56 242
TRAIN 1
COMMAND RIGHT END
TURN 176 RESULT
TIME LEFT 1 5 RIGHT 0 5
TRAIN A78 A79 B62
MOVE A54 190
MOVE A55 190
MOVE A56 190
MOVE A57 190
MOVE A58 190
MOVE A59 190
MOVE A60 190
MOVE A61 190
MOVE A62 190
MOVE A63 190
MOVE A64 190
MOVE A65 190
MOVE A66 190
MOVE A67 190
MOVE A68 190
MOVE A69 190
MOVE A70 190
MOVE A71 45
MOVE A75 45
MOVE A76 3
MOVE A77 3
MOVE B35 226
MOVE B36 226
MOVE B37 226
MOVE B38 239
MOVE B41 226
MOVE B42 226
MOVE B43 226
MOVE B44 226
MOVE B45 226
MOVE B46 226
MOVE B47 226
MOVE B48 226
MOVE B49 226
MOVE B51 239
MOVE B52 230
MOVE B55 170
MOVE B56 149
MOVE B57 170
MOVE B58 170
DAMAGE TURRET A31 2
DAMAGE COMBAT A31 2
DAMAGE COMBAT A32 4
DAMAGE COMBAT B39 5
DAMAGE COMBAT B40 6
DAMAGE COMBAT B59 6
DAMAGE COMBAT B60 6
END TURN 176
TURN 177
COMMAND LEFT START
MOVE A78 3
MOVE A79 3
COMMAND LEFT END
COMMAND RIGHT START
COMMAND RIGHT END
TURN 177 RESULT
TIME LEFT 1 5 RIGHT 0 5
MOVE A54 201
MOVE A55 201
MOVE A56 201
MOVE A57 201
MOVE A58 201
MOVE A59 201
MOVE A60 201
MOVE A61 201
MOVE A62 201
MOVE A63 201
MOVE A64 201
MOVE A65 201
MOVE A66 201
MOVE A67 201
MOVE A68 201
MOVE A69 201
MOVE A70 201
MOVE A78 3
MOVE A79 3
MOVE B35 233
MOVE B36 233
MOVE B37 233
MOVE B38 242
MOVE B41 233
MOVE B42 233
MOVE B43 233
MOVE B44 233
MOVE B45 233
MOVE B46 233
MOVE B47 233
MOVE B48 233
MOVE B49 233
MOVE B51 242
MOVE B52 237
MOVE B55 184
MOVE B56 170
MOVE B57 149
MOVE B58 149
DAMAGE TURRET A32 2
DAMAGE TURRET A54 2
DAMAGE COMBAT A33 4
DAMAGE COMBAT B38 6
DAMAGE COMBAT B51 6
DAMAGE COMBAT B61 6
DAMAGE COMBAT B62 4
SIEGE B 201 17
END TURN 177
TURN 178
COMMAND LEFT START
MOVE A76 121
MOVE A77 121
MOVE A78 121
MOVE A79 121
MOVE A73 236
MOVE A74 236
MOVE A71 121
MOVE A72 121
MOVE A75 121
TRAIN 2
COMMAND LEFT END
COMMAND RIGHT START
COMMAND RIGHT END
TURN 178 RESULT
TIME LEFT 1 5 RIGHT 0 5
TRAIN A80 A81
MOVE A71 59
MOVE A72 59
MOVE A73 52
MOVE A74 52
MOVE A75 59
MOVE A76 9
MOVE A77 9
MOVE A78 9
MOVE A79 9
MOVE B35 239
MOVE B36 239
MOVE B37 239
MOVE B41 239
MOVE B42 239
MOVE B43 239
MOVE B44 239
MOVE B45 239
MOVE B46 239
MOVE B47 239
MOVE B48 239
MOVE B49 239
MOVE B52 242
MOVE B55 196
MOVE B56 184
MOVE B57 121
MOVE B58 121
DAMAGE TURRET A33 2
DAMAGE TURRET A54 1
DAMAGE TURRET A55 1
DAMAGE COMBAT A34 2
DAMAGE COMBAT B52 6
DAMAGE COMBAT B62 2
SIEGE B 201 1
SIEGE B 242 13
END TURN 178
TURN 179
COMMAND LEFT START
MOVE A80 239
MOVE A81 239
MOVE A55 242
MOVE A56 242
MOVE A57 242
MOVE A58 242
MOVE A59 242
MOVE A60 242
MOVE A61 242
MOVE A62 242
MOVE A63 242
MOVE A64 242
MOVE A65 242
MOVE A66 242
MOVE A67 242
MOVE A68 242
MOVE A69 242
MOVE A70 242
COMMAND LEFT END
COMMAND RIGHT START
MOVE B57 242
MOVE B58 242
COMMAND RIGHT END
TURN 179 RESULT
TIME LEFT 1 5 RIGHT 0 5
MOVE A55 215
MOVE A56 215
MOVE A57 215
MOVE A58 215
MOVE A59 215
MOVE A60 215
MOVE A61 215
MOVE A62 215
MOVE A63 215
MOVE A64 215
MOVE A65 215
MOVE A66 215
MOVE A67 215
MOVE A68 215
MOVE A69 215
MOVE A70 215
MOVE A71 67
MOVE A72 67
MOVE A73 70
MOVE A74 70
MOVE A75 67
MOVE A76 16
MOVE A77 16
MOVE A78 16
MOVE A79 16
MOVE A80 5
MOVE A81 5
MOVE B35 242
MOVE B36 242
MOVE B37 242
MOVE B41 242
MOVE B42 242
MOVE B43 242
MOVE B44 242
MOVE B45 242
MOVE B46 242
MOVE B47 242
MOVE B48 242
MOVE B49 242
MOVE B55 217
MOVE B56 196
MOVE B57 149
MOVE B58 149
DAMAGE TURRET A34 2
DAMAGE COMBAT A34 2
DAMAGE COMBAT A35 6
DAMAGE COMBAT A36 4
DAMAGE COMBAT B35 6
DAMAGE COMBAT B36 6
DAMAGE COMBAT B37 6
DAMAGE COMBAT B41 2
END TURN 179
TURN 180
COMMAND LEFT START
TRAIN 2
COMMAND LEFT END
COMMAND RIGHT START
COMMAND RIGHT END
TURN 180 RESULT
TIME LEFT 1 5 RIGHT 0 5
TRAIN A82 A83
MOVE A55 226
MOVE A56 226
MOVE A57 226
MOVE A58 226
MOVE A59 226
MOVE A60 226
MOVE A61 226
MOVE A62 226
MOVE A63 226
MOVE A64 226
MOVE A65 226
MOVE A66 226
MOVE A67 226
MOVE A68 226
MOVE A69 226
MOVE A70 226
MOVE A71 75
MOVE A72 75
MOVE A73 86
MOVE A74 86
MOVE A75 75
MOVE A76 25
MOVE A77 25
MOVE A78 25
MOVE A79 25
MOVE A80 12
MOVE A81 12
MOVE B55 226
MOVE B56 217
MOVE B57 170
MOVE B58 170
DAMAGE TURRET A36 2
DAMAGE COMBAT A37 6
DAMAGE COMBAT A38 3
DAMAGE COMBAT A55 1
DAMAGE COMBAT B41 4
DAMAGE COMBAT B42 6
DAMAGE COMBAT B43 6
DAMAGE COMBAT B44 2
DAMAGE COMBAT B55 6
END TURN 180
TURN 181
COMMAND LEFT START
MOVE A82 121
MOVE A83 121
COMMAND LEFT END
COMMAND RIGHT START
COMMAND RIGHT END
TURN 181 RESULT
TIME LEFT 1 5 RIGHT 0 5
MOVE A55 233
MOVE A56 233
MOVE A57 233
MOVE A58 233
MOVE A59 233
MOVE A60 233
MOVE A61 233
MOVE A62 233
MOVE A63 233
MOVE A64 233
MOVE A65 233
MOVE A66 233
MOVE A67 233
MOVE A68 233
MOVE A69 233
MOVE A70 233
MOVE A71 93
MOVE A72 93
MOVE A73 93
MOVE A74 93
MOVE A75 93
MOVE A76 46
MOVE A77 46
MOVE A78 46
MOVE A79 46
MOVE A80 19
MOVE A81 19
MOVE A82 3
MOVE A83 3
MOVE B56 226
MOVE B57 184
MOVE B58 184
DAMAGE TURRET A38 2
DAMAGE COMBAT A38 1
DAMAGE COMBAT A39 5
DAMAGE COMBAT B44 4
DAMAGE COMBAT B45 6
DAMAGE COMBAT B46 6
END TURN 181
TURN 182
COMMAND LEFT START
TRAIN 2
COMMAND LEFT END
COMMAND RIGHT START
TRAIN 1
COMMAND RIGHT END
TURN 182 RESULT
TIME LEFT 1 5 RIGHT 0 5
TRAIN A84 A85 B63
MOVE A55 239
MOVE A56 239
MOVE A57 239
MOVE A58 239
MOVE A59 239
MOVE A60 239
MOVE A61 239
MOVE A62 239
MOVE A63 239
MOVE A64 239
MOVE A65 239
MOVE A66 239
MOVE A67 239
MOVE A68 239
MOVE A69 239
MOVE A70 239
MOVE A71 121
MOVE A72 121
MOVE A73 117
MOVE A74 117
MOVE A75 121
MOVE A76 58
MOVE A77 58
MOVE A78 58
MOVE A79 58
MOVE A80 31
MOVE A81 31
MOVE A82 9
MOVE A83 9
MOVE B56 233
MOVE B57 196
MOVE B58 196
DAMAGE TURRET A39 1
DAMAGE TURRET A40 1
DAMAGE TURRET A71 1
DAMAGE COMBAT A40 4
DAMAGE COMBAT B47 6
DAMAGE COMBAT B48 6
DAMAGE COMBAT B49 3
SIEGE B 121 3
END TURN 182
TURN 183
COMMAND LEFT START
MOVE A84 204
MOVE A85 204
MOVE A71 170
MOVE A72 170
MOVE A75 170
TRAIN 1
COMMAND LEFT END
COMMAND RIGHT START
COMMAND RIGHT END
TURN 183 RESULT
TIME LEFT 1 5 RIGHT 0 5
TRAIN A86
MOVE A55 242
MOVE A56 242
MOVE A57 242
MOVE A58 242
MOVE A59 242
MOVE A60 242
MOVE A61 242
MOVE A62 242
MOVE A63 242
MOVE A64 242
MOVE A65 242
MOVE A66 242
MOVE A67 242
MOVE A68 242
MOVE A69 242
MOVE A70 242
MOVE A71 149
MOVE A72 149
MOVE A73 138
MOVE A74 138
MOVE A75 149
MOVE A76 72
MOVE A77 72
MOVE A78 72
MOVE A79 72
MOVE A80 39
MOVE A81 39
MOVE A82 16
MOVE A83 16
MOVE A84 3
MOVE A85 3
MOVE B56 239
MOVE B57 217
MOVE B58 217
DAMAGE TURRET A40 1
DAMAGE TURRET A55 1
DAMAGE COMBAT A55 2
DAMAGE COMBAT B49 3
DAMAGE COMBAT B63 6
SIEGE B 242 7
END TURN 183
RESULT LEFT_WIN HQ_DESTROYED
