[LEFT ""]
[RIGHT ""]
MAP
187 17
-11039 -10082 -10228 -10305 -10412 -8640 -8551 -8404 -8295 -8060 -9169 -7657 -7612 -7545 -8355 -7394 -7800 -8469 -7135 -6594 -6913 -6686 -6699 -6321 -6440 -6594 -6354 -7086 -6170 -7216 -5959 -5659 -5551 -5493 -5450 -5656 -5269 -5366 -5220 -5440 -4946 -4839 -4731 -4474 -4763 -4374 -4464 -4275 -4401 -3950 -4245 -4107 -3844 -3804 -4117 -3616 -3383 -3207 -3217 -3190 -2844 -3092 -3105 -2785 -2902 -2779 -2412 -2988 -2538 -2484 -2885 -1938 -1982 -1829 -1857 -1671 -1704 -1484 -1146 -1500 -947 -1281 -1217 -978 -701 -692 -512 -187 -359 -35 -361 -75 32 0 -32 75 361 35 359 187 512 692 701 978 1217 1281 947 1500 1146 1484 1704 1671 1857 1829 1982 1938 2885 2484 2538 2988 2412 2779 2902 2785 3105 3092 2844 3190 3217 3207 3383 3616 4117 3804 3844 4107 4245 3950 4401 4275 4464 4374 4763 4474 4731 4839 4946 5440 5220 5366 5269 5656 5450 5493 5551 5659 5959 7216 6170 7086 6354 6594 6440 6321 6699 6686 6913 6594 7135 8469 7800 7394 8355 7545 7612 7657 9169 8060 8295 8404 8551 8640 10412 10305 10228 10082 11039
-1056 431 -4031 4261 2161 940 -2766 -1739 4341 2004 6114 -442 -3444 2767 7085 3682 -4771 -6604 4672 5542 6825 1102 -2949 3189 -706 -1972 -4390 8517 -6563 -8419 4369 2143 -4860 -2381 -1522 -9597 -3469 6461 -596 9156 4024 -5531 5268 -6738 537 1516 2928 -8284 -2928 -258 6656 -1884 7636 -4978 9578 4026 -3848 -2783 -1010 2704 6945 5580 -8682 -5381 -7380 1418 -2037 10647 8233 4148 -10727 2787 -7092 596 -5862 -3879 5903 7738 -9873 -630 10693 4109 -2079 -7073 5178 -5758 2237 3310 -4425 -1182 6274 7571 9014 0 -9014 -7571 -6274 1182 4425 -3310 -2237 5758 -5178 7073 2079 -4109 -10693 630 9873 -7738 -5903 3879 5862 -596 7092 -2787 10727 -4148 -8233 -10647 2037 -1418 7380 5381 8682 -5580 -6945 -2704 1010 2783 3848 -4026 -9578 4978 -7636 1884 -6656 258 2928 8284 -2928 -1516 -537 6738 -5268 5531 -4024 -9156 596 -6461 3469 9597 1522 2381 4860 -2143 -4369 8419 6563 -8517 4390 1972 706 -3189 2949 -1102 -6825 -5542 -4672 6604 4771 -3682 -7085 -2767 3444 442 -6114 -2004 -4341 1739 2766 -940 -2161 -4261 4031 -431 1056
STRONGHOLDS 7 15 19 28 56 64 81 90 93 96 105 122 130 158 167 171 179
5 1 2 4 6 7
5 0 4 5 7 11
4 0 6 16 17
3 4 8 10
6 0 1 3 5 8 9
5 1 4 9 11 21
6 0 2 7 12 16 22
6 0 1 6 11 22 25
7 3 4 9 10 13 15 18
5 4 5 8 13 21
5 3 8 14 18 19
6 1 5 7 21 24 25
4 6 16 22 26
6 8 9 15 21 23 31
4 10 19 20 27
5 8 13 18 23 30
6 2 6 12 17 26 28
4 2 16 28 29
5 8 10 15 19 30
7 10 14 18 20 30 37 42
4 14 19 27 37
8 5 9 11 13 24 31 38 44
7 6 7 12 25 26 33 36
6 13 15 30 31 40 46
5 11 21 25 34 38
6 7 11 22 24 33 34
6 12 16 22 28 32 36
4 14 20 37 39
8 16 17 26 29 32 41 43 47
4 17 28 35 47
6 15 18 19 23 40 42
6 13 21 23 44 45 46
5 26 28 36 41 53
6 22 25 34 36 48 51
5 24 25 33 38 51
4 29 47 62 70
7 22 26 32 33 48 53 56
7 19 20 27 39 42 50 52
6 21 24 34 44 49 51
4 27 37 52 54
5 23 30 42 46 55
4 28 32 43 53
7 19 30 37 40 50 55 61
6 28 41 47 53 63 64
5 21 31 38 45 49
6 31 44 46 49 59 65
6 23 31 40 45 55 59
6 28 29 35 43 62 64
5 33 36 51 56 57
7 38 44 45 51 58 65 73
5 37 42 52 60 61
8 33 34 38 48 49 57 58 66
6 37 39 50 54 60 68
6 32 36 41 43 56 63
4 39 52 67 68
6 40 42 46 59 61 69
6 36 48 53 57 63 75
5 48 51 56 66 75
5 49 51 66 73 79
6 45 46 55 65 69 71
6 50 52 61 68 76 77
6 42 50 55 60 69 76
6 35 47 64 70 72 78
6 43 53 56 64 74 75
6 43 47 62 63 72 74
5 45 49 59 71 73
6 51 57 58 75 79 82
3 54 68 80
7 52 54 60 67 77 80 92
6 55 59 61 71 76 81
4 35 62 78 106
7 59 65 69 73 81 86 87
5 62 64 74 78 83
8 49 58 65 71 79 86 93 97
6 63 64 72 75 83 85
9 56 57 63 66 74 82 85 88 99
7 60 61 69 77 81 84 90
6 60 68 76 90 91 92
6 62 70 72 83 94 106
6 58 66 73 82 89 93
5 67 68 92 108 116
6 69 71 76 84 87 98
6 66 75 79 89 99 100
7 72 74 78 85 94 95 96
5 76 81 90 98 101
6 74 75 83 88 96 102
5 71 73 87 97 104
6 71 81 86 98 104 111
5 75 85 99 102 105
5 79 82 93 100 113
6 76 77 84 91 101 103
4 77 90 92 103
6 68 77 80 91 103 108
6 73 79 89 97 107 113
6 78 83 95 106 109 118
4 83 94 96 109
6 83 85 95 102 109 110
5 73 86 93 104 107
5 81 84 87 101 111
6 75 82 88 100 105 115
5 82 89 99 113 115
6 84 90 98 103 111 112
5 85 88 96 105 110
7 90 91 92 101 108 112 114
6 86 87 97 107 111 120
6 88 99 102 110 115 117
5 70 78 94 118 119
6 93 97 104 113 120 128
6 80 92 103 114 116 124
6 94 95 96 110 118 126
7 96 102 105 109 117 125 126
9 87 98 101 104 112 120 123 129 130
6 101 103 111 114 122 123
8 89 93 100 107 115 121 128 137
5 103 108 112 122 124
7 99 100 105 113 117 121 127
4 80 108 124 151
6 105 110 115 125 127 131
7 94 106 109 119 126 132 134
3 106 118 132
6 104 107 111 128 129 135
5 113 115 127 137 141
6 112 114 123 124 139 143
6 111 112 122 130 133 143
6 108 114 116 122 139 151
6 110 117 126 131 136 144
6 109 110 118 125 134 136
6 115 117 121 131 140 141
5 107 113 120 135 137
5 111 120 130 135 138
6 111 123 129 133 138 150
6 117 125 127 140 144 146
4 118 119 134 147
6 123 130 143 145 150 154
6 118 126 132 136 147 149
8 120 128 129 137 138 148 152 153
5 125 126 134 144 149
7 113 121 128 135 141 142 148
5 129 130 135 150 153
6 122 124 143 151 157 158
6 127 131 141 146 155 163
6 121 127 137 140 142 155
5 137 141 148 155 165
6 122 123 133 139 145 158
7 125 131 136 146 149 156 167
4 133 143 154 158
5 131 140 144 156 163
4 132 134 149 159
6 135 137 142 152 162 165
7 134 136 144 147 159 166 167
7 130 133 138 153 154 160 164
4 116 124 139 157
5 135 148 153 161 162
6 135 138 150 152 161 164
5 133 145 150 158 160
6 140 141 142 163 165 173
6 144 146 163 167 168 171
4 139 151 158 169
8 139 143 145 154 157 160 169 170
4 147 149 166 172
6 150 154 158 164 170 174
6 152 153 162 164 175 179
5 148 152 161 165 175
6 140 146 155 156 171 173
7 150 153 160 161 174 179 180
8 142 148 155 162 173 175 177 181
4 149 159 167 172
7 144 149 156 166 168 172 176
5 156 167 171 176 178
4 157 158 170 184
6 158 160 169 174 180 184
5 156 163 168 173 178
4 159 166 167 176
6 155 163 165 171 177 178
4 160 164 170 180
6 161 162 165 179 181 185
5 167 168 172 178 183
5 165 173 178 181 182
7 168 171 173 176 177 182 183
6 161 164 175 180 185 186
6 164 170 174 179 184 186
5 165 175 177 182 185
6 177 178 181 183 185 186
3 176 178 182
4 169 170 180 186
5 175 179 181 182 186
5 179 180 182 184 185
END MAP
TURN 1
COMMAND LEFT START
MOVE A2 93
MOVE A3 7
UPGRADE 0
TRAIN 1
COMMAND LEFT END
COMMAND RIGHT START
MOVE B1 179
MOVE B2 93
COMMAND RIGHT END
TURN 1 RESULT
TIME LEFT 3 5 RIGHT 1 5
UPGRADE A 0
TRAIN A4
MOVE A2 7
MOVE A3 7
MOVE B1 179
MOVE B2 179
END TURN 1
TURN 2
COMMAND LEFT START
COMMAND LEFT END
COMMAND RIGHT START
UPGRADE 179
COMMAND RIGHT END
TURN 2 RESULT
TIME LEFT 4 5 RIGHT 0 5
UPGRADE B 179
MOVE A2 25
MOVE B2 161
END TURN 2
TURN 3
COMMAND LEFT START
COMMAND LEFT END
COMMAND RIGHT START
COMMAND RIGHT END
TURN 3 RESULT
TIME LEFT 4 5 RIGHT 1 5
MOVE A2 34
MOVE B2 152
END TURN 3
TURN 4
COMMAND LEFT START
COMMAND LEFT END
COMMAND RIGHT START
COMMAND RIGHT END
TURN 4 RESULT
TIME LEFT 3 5 RIGHT 0 5
MOVE A2 51
MOVE B2 135
END TURN 4
TURN 5
COMMAND LEFT START
COMMAND LEFT END
COMMAND RIGHT START
COMMAND RIGHT END
TURN 5 RESULT
TIME LEFT 3 5 RIGHT 0 5
MOVE A2 58
MOVE B2 128
END TURN 5
TURN 6
COMMAND LEFT START
COMMAND LEFT END
COMMAND RIGHT START
COMMAND RIGHT END
TURN 6 RESULT
TIME LEFT 5 5 RIGHT 0 5
MOVE A2 79
MOVE B2 107
END TURN 6
TURN 7
COMMAND LEFT START
COMMAND LEFT END
COMMAND RIGHT START
COMMAND RIGHT END
TURN 7 RESULT
TIME LEFT 4 5 RIGHT 0 5
MOVE A2 93
MOVE B2 93
DAMAGE COMBAT A2 1
DAMAGE COMBAT B2 1
END TURN 7
TURN 8
COMMAND LEFT START
COMMAND LEFT END
COMMAND RIGHT START
COMMAND RIGHT END
TURN 8 RESULT
TIME LEFT 5 5 RIGHT 0 5
DAMAGE COMBAT A2 1
DAMAGE COMBAT B2 1
END TURN 8
TURN 9
COMMAND LEFT START
COMMAND LEFT END
COMMAND RIGHT START
COMMAND RIGHT END
TURN 9 RESULT
TIME LEFT 3 5 RIGHT 0 5
DAMAGE COMBAT A2 1
DAMAGE COMBAT B2 1
END TURN 9
TURN 10
COMMAND LEFT START
COMMAND LEFT END
COMMAND RIGHT START
COMMAND RIGHT END
TURN 10 RESULT
TIME LEFT 2 5 RIGHT 0 5
DAMAGE COMBAT A2 1
DAMAGE COMBAT B2 1
END TURN 10
TURN 11
COMMAND LEFT START
COMMAND LEFT END
COMMAND RIGHT START
MOVE B3 93
TRAIN 1
COMMAND RIGHT END
TURN 11 RESULT
TIME LEFT 3 5 RIGHT 1 5
TRAIN B4
MOVE B3 179
END TURN 11
TURN 12
COMMAND LEFT START
COMMAND LEFT END
COMMAND RIGHT START
COMMAND RIGHT END
TURN 12 RESULT
TIME LEFT 6 5 RIGHT 0 5
MOVE B3 161
END TURN 12
TURN 13
COMMAND LEFT START
COMMAND LEFT END
COMMAND RIGHT START
COMMAND RIGHT END
TURN 13 RESULT
TIME LEFT 7 5 RIGHT 0 5
MOVE B3 152
END TURN 13
TURN 14
COMMAND LEFT START
COMMAND LEFT END
COMMAND RIGHT START
COMMAND RIGHT END
TURN 14 RESULT
TIME LEFT 5 5 RIGHT 0 5
MOVE B3 135
END TURN 14
TURN 15
COMMAND LEFT START
COMMAND LEFT END
COMMAND RIGHT START
COMMAND RIGHT END
TURN 15 RESULT
TIME LEFT 2 5 RIGHT 0 5
MOVE B3 128
END TURN 15
TURN 16
COMMAND LEFT START
COMMAND LEFT END
COMMAND RIGHT START
COMMAND RIGHT END
TURN 16 RESULT
TIME LEFT 3 5 RIGHT 0 5
MOVE B3 107
END TURN 16
TURN 17
COMMAND LEFT START
COMMAND LEFT END
COMMAND RIGHT START
COMMAND RIGHT END
TURN 17 RESULT
TIME LEFT 3 5 RIGHT 0 5
MOVE B3 93
END TURN 17
TURN 18
COMMAND LEFT START
COMMAND LEFT END
COMMAND RIGHT START
COMMAND RIGHT END
TURN 18 RESULT
TIME LEFT 2 5 RIGHT 0 5
END TURN 18
TURN 19
COMMAND LEFT START
COMMAND LEFT END
COMMAND RIGHT START
UPGRADE 93
COMMAND RIGHT END
TURN 19 RESULT
TIME LEFT 4 5 RIGHT 0 5
UPGRADE B 93
END TURN 19
TURN 20
COMMAND LEFT START
COMMAND LEFT END
COMMAND RIGHT START
COMMAND RIGHT END
TURN 20 RESULT
TIME LEFT 6 5 RIGHT 0 5
END TURN 20
TURN 21
COMMAND LEFT START
COMMAND LEFT END
COMMAND RIGHT START
COMMAND RIGHT END
TURN 21 RESULT
TIME LEFT 2 5 RIGHT 0 5
END TURN 21
TURN 22
COMMAND LEFT START
COMMAND LEFT END
COMMAND RIGHT START
TRAIN 1
COMMAND RIGHT END
TURN 22 RESULT
TIME LEFT 4 5 RIGHT 0 5
TRAIN B5
END TURN 22
TURN 23
COMMAND LEFT START
UPGRADE 7
COMMAND LEFT END
COMMAND RIGHT START
COMMAND RIGHT END
TURN 23 RESULT
TIME LEFT 5 5 RIGHT 0 5
UPGRADE A 7
END TURN 23
TURN 24
COMMAND LEFT START
COMMAND LEFT END
COMMAND RIGHT START
COMMAND RIGHT END
TURN 24 RESULT
TIME LEFT 4 5 RIGHT 0 5
END TURN 24
TURN 25
COMMAND LEFT START
COMMAND LEFT END
COMMAND RIGHT START
COMMAND RIGHT END
TURN 25 RESULT
TIME LEFT 3 5 RIGHT 0 5
END TURN 25
TURN 26
COMMAND LEFT START
TRAIN 1
COMMAND LEFT END
COMMAND RIGHT START
COMMAND RIGHT END
TURN 26 RESULT
TIME LEFT 6 5 RIGHT 0 5
TRAIN A5
END TURN 26
TURN 27
COMMAND LEFT START
MOVE A4 7
COMMAND LEFT END
COMMAND RIGHT START
COMMAND RIGHT END
TURN 27 RESULT
TIME LEFT 6 5 RIGHT 0 5
MOVE A4 7
END TURN 27
TURN 28
COMMAND LEFT START
COMMAND LEFT END
COMMAND RIGHT START
COMMAND RIGHT END
TURN 28 RESULT
TIME LEFT 3 5 RIGHT 0 5
END TURN 28
TURN 29
COMMAND LEFT START
COMMAND LEFT END
COMMAND RIGHT START
COMMAND RIGHT END
TURN 29 RESULT
TIME LEFT 4 5 RIGHT 0 5
END TURN 29
TURN 30
COMMAND LEFT START
COMMAND LEFT END
COMMAND RIGHT START
COMMAND RIGHT END
TURN 30 RESULT
TIME LEFT 5 5 RIGHT 0 5
END TURN 30
TURN 31
COMMAND LEFT START
COMMAND LEFT END
COMMAND RIGHT START
COMMAND RIGHT END
TURN 31 RESULT
TIME LEFT 3 5 RIGHT 0 5
END TURN 31
TURN 32
COMMAND LEFT START
COMMAND LEFT END
COMMAND RIGHT START
COMMAND RIGHT END
TURN 32 RESULT
TIME LEFT 3 5 RIGHT 0 5
END TURN 32
TURN 33
COMMAND LEFT START
COMMAND LEFT END
COMMAND RIGHT START
MOVE B5 158
COMMAND RIGHT END
TURN 33 RESULT
TIME LEFT 4 5 RIGHT 0 5
MOVE B5 180
END TURN 33
TURN 34
COMMAND LEFT START
COMMAND LEFT END
COMMAND RIGHT START
COMMAND RIGHT END
TURN 34 RESULT
TIME LEFT 3 5 RIGHT 0 5
MOVE B5 170
END TURN 34
TURN 35
COMMAND LEFT START
TRAIN 1
COMMAND LEFT END
COMMAND RIGHT START
COMMAND RIGHT END
TURN 35 RESULT
TIME LEFT 3 5 RIGHT 0 5
TRAIN A6
MOVE B5 158
END TURN 35
TURN 36
COMMAND LEFT START
MOVE A6 7
COMMAND LEFT END
COMMAND RIGHT START
UPGRADE 158
COMMAND RIGHT END
TURN 36 RESULT
TIME LEFT 3 5 RIGHT 0 5
UPGRADE B 158
MOVE A6 7
END TURN 36
TURN 37
COMMAND LEFT START
MOVE A6 93
COMMAND LEFT END
COMMAND RIGHT START
COMMAND RIGHT END
TURN 37 RESULT
TIME LEFT 5 5 RIGHT 0 5
MOVE A6 25
END TURN 37
TURN 38
COMMAND LEFT START
COMMAND LEFT END
COMMAND RIGHT START
TRAIN 1
COMMAND RIGHT END
TURN 38 RESULT
TIME LEFT 5 5 RIGHT 0 5
TRAIN B6
MOVE A6 34
END TURN 38
TURN 39
COMMAND LEFT START
COMMAND LEFT END
COMMAND RIGHT START
COMMAND RIGHT END
TURN 39 RESULT
TIME LEFT 9 5 RIGHT 0 5
MOVE A6 51
END TURN 39
TURN 40
COMMAND LEFT START
COMMAND LEFT END
COMMAND RIGHT START
COMMAND RIGHT END
TURN 40 RESULT
TIME LEFT 13 5 RIGHT 0 5
MOVE A6 58
END TURN 40
TURN 41
COMMAND LEFT START
COMMAND LEFT END
COMMAND RIGHT START
COMMAND RIGHT END
TURN 41 RESULT
TIME LEFT 7 5 RIGHT 0 5
MOVE A6 79
END TURN 41
TURN 42
COMMAND LEFT START
TRAIN 1
COMMAND LEFT END
COMMAND RIGHT START
COMMAND RIGHT END
TURN 42 RESULT
TIME LEFT 7 5 RIGHT 0 5
TRAIN A7
MOVE A6 93
DAMAGE TURRET A6 1
DAMAGE COMBAT A6 1
DAMAGE COMBAT B3 1
END TURN 42
TURN 43
COMMAND LEFT START
MOVE A7 7
COMMAND LEFT END
COMMAND RIGHT START
COMMAND RIGHT END
TURN 43 RESULT
TIME LEFT 18 5 RIGHT 0 5
MOVE A7 7
DAMAGE TURRET A6 1
DAMAGE COMBAT A6 1
DAMAGE COMBAT B3 1
END TURN 43
TURN 44
COMMAND LEFT START
MOVE A7 56
COMMAND LEFT END
COMMAND RIGHT START
COMMAND RIGHT END
TURN 44 RESULT
TIME LEFT 17 5 RIGHT 0 5
MOVE A7 22
DAMAGE TURRET A6 1
DAMAGE COMBAT B3 1
END TURN 44
TURN 45
COMMAND LEFT START
COMMAND LEFT END
COMMAND RIGHT START
COMMAND RIGHT END
TURN 45 RESULT
TIME LEFT 4 5 RIGHT 1 5
MOVE A7 36
END TURN 45
TURN 46
COMMAND LEFT START
COMMAND LEFT END
COMMAND RIGHT START
COMMAND RIGHT END
TURN 46 RESULT
TIME LEFT 6 5 RIGHT 0 5
MOVE A7 56
END TURN 46
TURN 47
COMMAND LEFT START
UPGRADE 56
COMMAND LEFT END
COMMAND RIGHT START
COMMAND RIGHT END
TURN 47 RESULT
TIME LEFT 3 5 RIGHT 0 5
UPGRADE A 56
END TURN 47
TURN 48
COMMAND LEFT START
COMMAND LEFT END
COMMAND RIGHT START
COMMAND RIGHT END
TURN 48 RESULT
TIME LEFT 5 5 RIGHT 0 5
END TURN 48
TURN 49
COMMAND LEFT START
COMMAND LEFT END
COMMAND RIGHT START
COMMAND RIGHT END
TURN 49 RESULT
TIME LEFT 4 5 RIGHT 1 5
END TURN 49
TURN 50
COMMAND LEFT START
TRAIN 1
COMMAND LEFT END
COMMAND RIGHT START
UPGRADE 186
COMMAND RIGHT END
TURN 50 RESULT
TIME LEFT 3 5 RIGHT 0 5
UPGRADE B 186
TRAIN A8
END TURN 50
TURN 51
COMMAND LEFT START
MOVE A8 56
MOVE A4 120
COMMAND LEFT END
COMMAND RIGHT START
COMMAND RIGHT END
TURN 51 RESULT
TIME LEFT 12 5 RIGHT 0 5
MOVE A4 11
MOVE A8 7
END TURN 51
TURN 52
COMMAND LEFT START
TRAIN 1
COMMAND LEFT END
COMMAND RIGHT START
COMMAND RIGHT END
TURN 52 RESULT
TIME LEFT 2 5 RIGHT 0 5
TRAIN A9
MOVE A4 24
MOVE A8 22
END TURN 52
TURN 53
COMMAND LEFT START
MOVE A9 56
COMMAND LEFT END
COMMAND RIGHT START
COMMAND RIGHT END
TURN 53 RESULT
TIME LEFT 12 5 RIGHT 0 5
MOVE A4 38
MOVE A8 36
MOVE A9 7
END TURN 53
TURN 54
COMMAND LEFT START
COMMAND LEFT END
COMMAND RIGHT START
COMMAND RIGHT END
TURN 54 RESULT
TIME LEFT 7 5 RIGHT 0 5
MOVE A4 49
MOVE A8 56
MOVE A9 22
END TURN 54
TURN 55
COMMAND LEFT START
COMMAND LEFT END
COMMAND RIGHT START
COMMAND RIGHT END
TURN 55 RESULT
TIME LEFT 7 5 RIGHT 0 5
MOVE A4 73
MOVE A9 36
END TURN 55
TURN 56
COMMAND LEFT START
COMMAND LEFT END
COMMAND RIGHT START
COMMAND RIGHT END
TURN 56 RESULT
TIME LEFT 14 5 RIGHT 0 5
MOVE A4 97
MOVE A9 56
END TURN 56
TURN 57
COMMAND LEFT START
COMMAND LEFT END
COMMAND RIGHT START
COMMAND RIGHT END
TURN 57 RESULT
TIME LEFT 4 5 RIGHT 0 5
MOVE A4 104
END TURN 57
TURN 58
COMMAND LEFT START
MOVE A8 93
MOVE A9 93
COMMAND LEFT END
COMMAND RIGHT START
COMMAND RIGHT END
TURN 58 RESULT
TIME LEFT 4 5 RIGHT 0 5
MOVE A4 120
MOVE A8 57
MOVE A9 57
END TURN 58
TURN 59
COMMAND LEFT START
COMMAND LEFT END
COMMAND RIGHT START
UPGRADE 179
COMMAND RIGHT END
TURN 59 RESULT
TIME LEFT 4 5 RIGHT 0 5
UPGRADE B 179
MOVE A8 66
MOVE A9 66
END TURN 59
TURN 60
COMMAND LEFT START
TRAIN 1
COMMAND LEFT END
COMMAND RIGHT START
COMMAND RIGHT END
TURN 60 RESULT
TIME LEFT 4 5 RIGHT 0 5
TRAIN A10
MOVE A8 79
MOVE A9 79
END TURN 60
TURN 61
COMMAND LEFT START
MOVE A10 56
COMMAND LEFT END
COMMAND RIGHT START
TRAIN 1
COMMAND RIGHT END
TURN 61 RESULT
TIME LEFT 3 5 RIGHT 0 5
TRAIN B7
MOVE A8 93
MOVE A9 93
MOVE A10 7
DAMAGE TURRET A8 1
DAMAGE COMBAT A8 1
DAMAGE COMBAT B3 1
SIEGE B 93 1
END TURN 61
TURN 62
COMMAND LEFT START
COMMAND LEFT END
COMMAND RIGHT START
MOVE B4 179
COMMAND RIGHT END
TURN 62 RESULT
TIME LEFT 10 5 RIGHT 0 5
MOVE A10 22
MOVE B4 179
DAMAGE TURRET A8 1
SIEGE B 93 2
END TURN 62
TURN 63
COMMAND LEFT START
COMMAND LEFT END
COMMAND RIGHT START
TRAIN 1
COMMAND RIGHT END
TURN 63 RESULT
TIME LEFT 3 5 RIGHT 0 5
TRAIN B8
MOVE A10 36
DAMAGE TURRET A8 1
SIEGE B 93 2
END TURN 63
TURN 64
COMMAND LEFT START
COMMAND LEFT END
COMMAND RIGHT START
COMMAND RIGHT END
TURN 64 RESULT
TIME LEFT 3 5 RIGHT 0 5
MOVE A10 56
DAMAGE TURRET A8 1
SIEGE B 93 1
END TURN 64
TURN 65
COMMAND LEFT START
COMMAND LEFT END
COMMAND RIGHT START
COMMAND RIGHT END
TURN 65 RESULT
TIME LEFT 3 5 RIGHT 0 5
END TURN 65
TURN 66
COMMAND LEFT START
COMMAND LEFT END
COMMAND RIGHT START
COMMAND RIGHT END
TURN 66 RESULT
TIME LEFT 11 5 RIGHT 0 5
END TURN 66
TURN 67
COMMAND LEFT START
UPGRADE 93
COMMAND LEFT END
COMMAND RIGHT START
COMMAND RIGHT END
TURN 67 RESULT
TIME LEFT 4 5 RIGHT 0 5
UPGRADE A 93
END TURN 67
TURN 68
COMMAND LEFT START
COMMAND LEFT END
COMMAND RIGHT START
COMMAND RIGHT END
TURN 68 RESULT
TIME LEFT 2 5 RIGHT 0 5
END TURN 68
TURN 69
COMMAND LEFT START
TRAIN 1
COMMAND LEFT END
COMMAND RIGHT START
COMMAND RIGHT END
TURN 69 RESULT
TIME LEFT 3 5 RIGHT 0 5
TRAIN A11
END TURN 69
TURN 70
COMMAND LEFT START
MOVE A11 93
COMMAND LEFT END
COMMAND RIGHT START
COMMAND RIGHT END
TURN 70 RESULT
TIME LEFT 8 5 RIGHT 0 5
MOVE A11 7
END TURN 70
TURN 71
COMMAND LEFT START
COMMAND LEFT END
COMMAND RIGHT START
UPGRADE 158
COMMAND RIGHT END
TURN 71 RESULT
TIME LEFT 3 5 RIGHT 0 5
UPGRADE B 158
MOVE A11 25
END TURN 71
TURN 72
COMMAND LEFT START
TRAIN 1
COMMAND LEFT END
COMMAND RIGHT START
MOVE B6 158
COMMAND RIGHT END
TURN 72 RESULT
TIME LEFT 5 5 RIGHT 0 5
TRAIN A12
MOVE A11 34
MOVE B6 180
END TURN 72
TURN 73
COMMAND LEFT START
MOVE A12 93
COMMAND LEFT END
COMMAND RIGHT START
COMMAND RIGHT END
TURN 73 RESULT
TIME LEFT 3 5 RIGHT 0 5
MOVE A11 51
MOVE A12 7
MOVE B6 170
END TURN 73
TURN 74
COMMAND LEFT START
COMMAND LEFT END
COMMAND RIGHT START
COMMAND RIGHT END
TURN 74 RESULT
TIME LEFT 8 5 RIGHT 0 5
MOVE A11 58
MOVE A12 25
MOVE B6 158
END TURN 74
TURN 75
COMMAND LEFT START
COMMAND LEFT END
COMMAND RIGHT START
COMMAND RIGHT END
TURN 75 RESULT
TIME LEFT 5 5 RIGHT 0 5
MOVE A11 79
MOVE A12 34
END TURN 75
TURN 76
COMMAND LEFT START
COMMAND LEFT END
COMMAND RIGHT START
COMMAND RIGHT END
TURN 76 RESULT
TIME LEFT 2 5 RIGHT 0 5
MOVE A11 93
MOVE A12 51
END TURN 76
TURN 77
COMMAND LEFT START
COMMAND LEFT END
COMMAND RIGHT START
COMMAND RIGHT END
TURN 77 RESULT
TIME LEFT 11 5 RIGHT 1 5
MOVE A12 58
END TURN 77
TURN 78
COMMAND LEFT START
COMMAND LEFT END
COMMAND RIGHT START
COMMAND RIGHT END
TURN 78 RESULT
TIME LEFT 23 5 RIGHT 0 5
MOVE A12 79
END TURN 78
TURN 79
COMMAND LEFT START
COMMAND LEFT END
COMMAND RIGHT START
COMMAND RIGHT END
TURN 79 RESULT
TIME LEFT 3 5 RIGHT 0 5
MOVE A12 93
END TURN 79
TURN 80
COMMAND LEFT START
COMMAND LEFT END
COMMAND RIGHT START
UPGRADE 179
COMMAND RIGHT END
TURN 80 RESULT
TIME LEFT 4 5 RIGHT 0 5
UPGRADE B 179
END TURN 80
TURN 81
COMMAND LEFT START
COMMAND LEFT END
COMMAND RIGHT START
TRAIN 1
COMMAND RIGHT END
TURN 81 RESULT
TIME LEFT 4 5 RIGHT 0 5
TRAIN B9
END TURN 81
TURN 82
COMMAND LEFT START
COMMAND LEFT END
COMMAND RIGHT START
MOVE B7 179
COMMAND RIGHT END
TURN 82 RESULT
TIME LEFT 5 5 RIGHT 0 5
MOVE B7 179
END TURN 82
TURN 83
COMMAND LEFT START
COMMAND LEFT END
COMMAND RIGHT START
COMMAND RIGHT END
TURN 83 RESULT
TIME LEFT 2 5 RIGHT 0 5
END TURN 83
TURN 84
COMMAND LEFT START
TRAIN 1
COMMAND LEFT END
COMMAND RIGHT START
COMMAND RIGHT END
TURN 84 RESULT
TIME LEFT 3 5 RIGHT 0 5
TRAIN A13
END TURN 84
TURN 85
COMMAND LEFT START
MOVE A13 93
COMMAND LEFT END
COMMAND RIGHT START
COMMAND RIGHT END
TURN 85 RESULT
TIME LEFT 4 5 RIGHT 0 5
MOVE A13 7
END TURN 85
TURN 86
COMMAND LEFT START
COMMAND LEFT END
COMMAND RIGHT START
COMMAND RIGHT END
TURN 86 RESULT
TIME LEFT 4 5 RIGHT 0 5
MOVE A13 25
END TURN 86
TURN 87
COMMAND LEFT START
COMMAND LEFT END
COMMAND RIGHT START
COMMAND RIGHT END
TURN 87 RESULT
TIME LEFT 3 5 RIGHT 0 5
MOVE A13 34
END TURN 87
TURN 88
COMMAND LEFT START
COMMAND LEFT END
COMMAND RIGHT START
UPGRADE 158
COMMAND RIGHT END
TURN 88 RESULT
TIME LEFT 3 5 RIGHT 0 5
UPGRADE B 158
MOVE A13 51
END TURN 88
TURN 89
COMMAND LEFT START
COMMAND LEFT END
COMMAND RIGHT START
TRAIN 1
COMMAND RIGHT END
TURN 89 RESULT
TIME LEFT 3 5 RIGHT 0 5
TRAIN B10
MOVE A13 58
END TURN 89
TURN 90
COMMAND LEFT START
COMMAND LEFT END
COMMAND RIGHT START
MOVE B8 158
COMMAND RIGHT END
TURN 90 RESULT
TIME LEFT 7 5 RIGHT 0 5
MOVE A13 79
MOVE B8 180
END TURN 90
TURN 91
COMMAND LEFT START
UPGRADE 0
COMMAND LEFT END
COMMAND RIGHT START
COMMAND RIGHT END
TURN 91 RESULT
TIME LEFT 4 5 RIGHT 1 5
UPGRADE A 0
MOVE A13 93
MOVE B8 170
END TURN 91
TURN 92
COMMAND LEFT START
MOVE A10 0
COMMAND LEFT END
COMMAND RIGHT START
COMMAND RIGHT END
TURN 92 RESULT
TIME LEFT 4 5 RIGHT 0 5
MOVE A10 36
MOVE B8 158
END TURN 92
TURN 93
COMMAND LEFT START
TRAIN 1
COMMAND LEFT END
COMMAND RIGHT START
COMMAND RIGHT END
TURN 93 RESULT
TIME LEFT 2 5 RIGHT 0 5
TRAIN A14
MOVE A10 22
END TURN 93
TURN 94
COMMAND LEFT START
COMMAND LEFT END
COMMAND RIGHT START
COMMAND RIGHT END
TURN 94 RESULT
TIME LEFT 5 5 RIGHT 0 5
MOVE A10 7
END TURN 94
TURN 95
COMMAND LEFT START
TRAIN 1
COMMAND LEFT END
COMMAND RIGHT START
COMMAND RIGHT END
TURN 95 RESULT
TIME LEFT 4 5 RIGHT 0 5
TRAIN A15
MOVE A10 0
END TURN 95
TURN 96
COMMAND LEFT START
MOVE A11 137
MOVE A14 93
MOVE A15 93
COMMAND LEFT END
COMMAND RIGHT START
TRAIN 1
COMMAND RIGHT END
TURN 96 RESULT
TIME LEFT 7 5 RIGHT 0 5
TRAIN B11
MOVE A11 113
MOVE A14 7
MOVE A15 7
END TURN 96
TURN 97
COMMAND LEFT START
TRAIN 1
COMMAND LEFT END
COMMAND RIGHT START
COMMAND RIGHT END
TURN 97 RESULT
TIME LEFT 3 5 RIGHT 0 5
TRAIN A16
MOVE A11 137
MOVE A14 25
MOVE A15 25
END TURN 97
TURN 98
COMMAND LEFT START
MOVE A16 93
TRAIN 1
COMMAND LEFT END
COMMAND RIGHT START
TRAIN 1
COMMAND RIGHT END
TURN 98 RESULT
TIME LEFT 6 5 RIGHT 0 5
TRAIN A17 B12
MOVE A14 34
MOVE A15 34
MOVE A16 7
END TURN 98
TURN 99
COMMAND LEFT START
MOVE A17 93
COMMAND LEFT END
COMMAND RIGHT START
MOVE B12 171
COMMAND RIGHT END
TURN 99 RESULT
TIME LEFT 20 5 RIGHT 0 5
MOVE A14 51
MOVE A15 51
MOVE A16 25
MOVE A17 7
MOVE B12 185
END TURN 99
TURN 100
COMMAND LEFT START
TRAIN 1
COMMAND LEFT END
COMMAND RIGHT START
COMMAND RIGHT END
TURN 100 RESULT
TIME LEFT 5 5 RIGHT 0 5
TRAIN A18
MOVE A14 58
MOVE A15 58
MOVE A16 34
MOVE A17 25
MOVE B12 181
END TURN 100
TURN 101
COMMAND LEFT START
MOVE A18 93
COMMAND LEFT END
COMMAND RIGHT START
COMMAND RIGHT END
TURN 101 RESULT
TIME LEFT 3 5 RIGHT 0 5
MOVE A14 79
MOVE A15 79
MOVE A16 51
MOVE A17 34
MOVE A18 7
MOVE B12 177
END TURN 101
TURN 102
COMMAND LEFT START
TRAIN 1
COMMAND LEFT END
COMMAND RIGHT START
UPGRADE 186
COMMAND RIGHT END
TURN 102 RESULT
TIME LEFT 4 5 RIGHT 0 5
UPGRADE B 186
TRAIN A19
MOVE A14 93
MOVE A15 93
MOVE A16 58
MOVE A17 51
MOVE A18 25
MOVE B12 173
END TURN 102
TURN 103
COMMAND LEFT START
MOVE A19 93
COMMAND LEFT END
COMMAND RIGHT START
COMMAND RIGHT END
TURN 103 RESULT
TIME LEFT 6 5 RIGHT 0 5
MOVE A16 79
MOVE A17 58
MOVE A18 34
MOVE A19 7
MOVE B12 171
END TURN 103
TURN 104
COMMAND LEFT START
TRAIN 1
COMMAND LEFT END
COMMAND RIGHT START
COMMAND RIGHT END
TURN 104 RESULT
TIME LEFT 6 5 RIGHT 0 5
TRAIN A20
MOVE A16 93
MOVE A17 79
MOVE A18 51
MOVE A19 25
END TURN 104
TURN 105
COMMAND LEFT START
MOVE A20 93
COMMAND LEFT END
COMMAND RIGHT START
COMMAND RIGHT END
TURN 105 RESULT
TIME LEFT 3 5 RIGHT 0 5
MOVE A17 93
MOVE A18 58
MOVE A19 34
MOVE A20 7
END TURN 105
TURN 106
COMMAND LEFT START
COMMAND LEFT END
COMMAND RIGHT START
UPGRADE 171
COMMAND RIGHT END
TURN 106 RESULT
TIME LEFT 5 5 RIGHT 0 5
UPGRADE B 171
MOVE A18 79
MOVE A19 51
MOVE A20 25
END TURN 106
TURN 107
COMMAND LEFT START
TRAIN 1
COMMAND LEFT END
COMMAND RIGHT START
COMMAND RIGHT END
TURN 107 RESULT
TIME LEFT 3 5 RIGHT 0 5
TRAIN A21
MOVE A18 93
MOVE A19 58
MOVE A20 34
END TURN 107
TURN 108
COMMAND LEFT START
MOVE A21 93
COMMAND LEFT END
COMMAND RIGHT START
COMMAND RIGHT END
TURN 108 RESULT
TIME LEFT 5 5 RIGHT 0 5
MOVE A19 79
MOVE A20 51
MOVE A21 7
END TURN 108
TURN 109
COMMAND LEFT START
TRAIN 1
COMMAND LEFT END
COMMAND RIGHT START
COMMAND RIGHT END
TURN 109 RESULT
TIME LEFT 6 5 RIGHT 0 5
TRAIN A22
MOVE A19 93
MOVE A20 58
MOVE A21 25
END TURN 109
TURN 110
COMMAND LEFT START
MOVE A22 93
COMMAND LEFT END
COMMAND RIGHT START
COMMAND RIGHT END
TURN 110 RESULT
TIME LEFT 10 5 RIGHT 0 5
MOVE A20 79
MOVE A21 34
MOVE A22 7
END TURN 110
TURN 111
COMMAND LEFT START
TRAIN 1
COMMAND LEFT END
COMMAND RIGHT START
UPGRADE 171
COMMAND RIGHT END
TURN 111 RESULT
TIME LEFT 3 5 RIGHT 0 5
UPGRADE B 171
TRAIN A23
MOVE A20 93
MOVE A21 51
MOVE A22 25
END TURN 111
TURN 112
COMMAND LEFT START
MOVE A23 93
COMMAND LEFT END
COMMAND RIGHT START
TRAIN 1
COMMAND RIGHT END
TURN 112 RESULT
TIME LEFT 3 5 RIGHT 0 5
TRAIN B13
MOVE A21 58
MOVE A22 34
MOVE A23 7
END TURN 112
TURN 113
COMMAND LEFT START
TRAIN 1
COMMAND LEFT END
COMMAND RIGHT START
MOVE B9 171
COMMAND RIGHT END
TURN 113 RESULT
TIME LEFT 6 5 RIGHT 0 5
TRAIN A24
MOVE A21 79
MOVE A22 51
MOVE A23 25
MOVE B9 185
END TURN 113
TURN 114
COMMAND LEFT START
MOVE A24 93
COMMAND LEFT END
COMMAND RIGHT START
COMMAND RIGHT END
TURN 114 RESULT
TIME LEFT 5 5 RIGHT 0 5
MOVE A21 93
MOVE A22 58
MOVE A23 34
MOVE A24 7
MOVE B9 181
END TURN 114
TURN 115
COMMAND LEFT START
COMMAND LEFT END
COMMAND RIGHT START
COMMAND RIGHT END
TURN 115 RESULT
TIME LEFT 5 5 RIGHT 0 5
MOVE A22 79
MOVE A23 51
MOVE A24 25
MOVE B9 177
END TURN 115
TURN 116
COMMAND LEFT START
TRAIN 1
COMMAND LEFT END
COMMAND RIGHT START
UPGRADE 171
COMMAND RIGHT END
TURN 116 RESULT
TIME LEFT 3 5 RIGHT 0 5
UPGRADE B 171
TRAIN A25
MOVE A22 93
MOVE A23 58
MOVE A24 34
MOVE B9 173
END TURN 116
TURN 117
COMMAND LEFT START
MOVE A25 93
COMMAND LEFT END
COMMAND RIGHT START
TRAIN 1
COMMAND RIGHT END
TURN 117 RESULT
TIME LEFT 4 5 RIGHT 0 5
TRAIN B14
MOVE A23 79
MOVE A24 51
MOVE A25 7
MOVE B9 171
END TURN 117
TURN 118
COMMAND LEFT START
TRAIN 1
COMMAND LEFT END
COMMAND RIGHT START
MOVE B10 171
COMMAND RIGHT END
TURN 118 RESULT
TIME LEFT 4 5 RIGHT 0 5
TRAIN A26
MOVE A23 93
MOVE A24 58
MOVE A25 25
MOVE B10 185
END TURN 118
TURN 119
COMMAND LEFT START
MOVE A26 93
COMMAND LEFT END
COMMAND RIGHT START
COMMAND RIGHT END
TURN 119 RESULT
TIME LEFT 6 5 RIGHT 0 5
MOVE A24 79
MOVE A25 34
MOVE A26 7
MOVE B10 181
END TURN 119
TURN 120
COMMAND LEFT START
COMMAND LEFT END
COMMAND RIGHT START
COMMAND RIGHT END
TURN 120 RESULT
TIME LEFT 3 5 RIGHT 0 5
MOVE A24 93
MOVE A25 51
MOVE A26 25
MOVE B10 177
END TURN 120
TURN 121
COMMAND LEFT START
TRAIN 1
COMMAND LEFT END
COMMAND RIGHT START
COMMAND RIGHT END
TURN 121 RESULT
TIME LEFT 6 5 RIGHT 0 5
TRAIN A27
MOVE A25 58
MOVE A26 34
MOVE B10 173
END TURN 121
TURN 122
COMMAND LEFT START
MOVE A14 66
MOVE A27 93
COMMAND LEFT END
COMMAND RIGHT START
TRAIN 1
COMMAND RIGHT END
TURN 122 RESULT
TIME LEFT 6 5 RIGHT 0 5
TRAIN B15
MOVE A14 79
MOVE A25 79
MOVE A26 51
MOVE A27 7
MOVE B10 171
END TURN 122
TURN 123
COMMAND LEFT START
COMMAND LEFT END
COMMAND RIGHT START
TRAIN 1
COMMAND RIGHT END
TURN 123 RESULT
TIME LEFT 5 5 RIGHT 0 5
TRAIN B16
MOVE A14 66
MOVE A25 93
MOVE A26 58
MOVE A27 25
END TURN 123
TURN 124
COMMAND LEFT START
TRAIN 1
COMMAND LEFT END
COMMAND RIGHT START
MOVE B16 130
COMMAND RIGHT END
TURN 124 RESULT
TIME LEFT 3 5 RIGHT 0 5
TRAIN A28
MOVE A26 79
MOVE A27 34
MOVE B16 179
END TURN 124
TURN 125
COMMAND LEFT START
MOVE A28 93
COMMAND LEFT END
COMMAND RIGHT START
TRAIN 2
COMMAND RIGHT END
TURN 125 RESULT
TIME LEFT 4 5 RIGHT 0 5
TRAIN B17 B18
MOVE A26 93
MOVE A27 51
MOVE A28 7
MOVE B16 164
END TURN 125
TURN 126
COMMAND LEFT START
COMMAND LEFT END
COMMAND RIGHT START
TRAIN 2
COMMAND RIGHT END
TURN 126 RESULT
TIME LEFT 6 5 RIGHT 0 5
TRAIN B19 B20
MOVE A27 58
MOVE A28 25
MOVE B16 150
END TURN 126
TURN 127
COMMAND LEFT START
TRAIN 1
COMMAND LEFT END
COMMAND RIGHT START
TRAIN 1
COMMAND RIGHT END
TURN 127 RESULT
TIME LEFT 5 5 RIGHT 0 5
TRAIN A29 B21
MOVE A27 79
MOVE A28 34
MOVE B16 130
END TURN 127
TURN 128
COMMAND LEFT START
MOVE A29 93
COMMAND LEFT END
COMMAND RIGHT START
UPGRADE 130
COMMAND RIGHT END
TURN 128 RESULT
TIME LEFT 3 5 RIGHT 0 5
UPGRADE B 130
MOVE A27 93
MOVE A28 51
MOVE A29 7
END TURN 128
TURN 129
COMMAND LEFT START
MOVE A14 49
COMMAND LEFT END
COMMAND RIGHT START
COMMAND RIGHT END
TURN 129 RESULT
TIME LEFT 18 5 RIGHT 0 5
MOVE A14 58
MOVE A28 58
MOVE A29 25
END TURN 129
TURN 130
COMMAND LEFT START
MOVE A15 130
MOVE A16 130
MOVE A17 130
MOVE A18 130
MOVE A19 130
MOVE A20 130
COMMAND LEFT END
COMMAND RIGHT START
MOVE B21 167
COMMAND RIGHT END
TURN 130 RESULT
TIME LEFT 14 5 RIGHT 0 5
MOVE A14 49
MOVE A15 107
MOVE A16 107
MOVE A17 107
MOVE A18 107
MOVE A19 107
MOVE A20 107
MOVE A28 79
MOVE A29 34
MOVE B21 185
END TURN 130
TURN 131
COMMAND LEFT START
COMMAND LEFT END
COMMAND RIGHT START
UPGRADE 130
COMMAND RIGHT END
TURN 131 RESULT
TIME LEFT 20 5 RIGHT 0 5
UPGRADE B 130
MOVE A15 120
MOVE A16 120
MOVE A17 120
MOVE A18 120
MOVE A19 120
MOVE A20 120
MOVE A28 93
MOVE A29 51
MOVE B21 181
END TURN 131
TURN 132
COMMAND LEFT START
TRAIN 1
COMMAND LEFT END
COMMAND RIGHT START
MOVE B11 130
COMMAND RIGHT END
TURN 132 RESULT
TIME LEFT 8 5 RIGHT 0 5
TRAIN A30
MOVE A15 129
MOVE A16 129
MOVE A17 129
MOVE A18 129
MOVE A19 129
MOVE A20 129
MOVE A29 58
MOVE B11 179
MOVE B21 177
END TURN 132
TURN 133
COMMAND LEFT START
MOVE A30 93
COMMAND LEFT END
COMMAND RIGHT START
MOVE B5 130
MOVE B6 130
MOVE B1 130
MOVE B4 130
MOVE B13 130
MOVE B14 179
MOVE B15 179
MOVE B17 158
TRAIN 1
COMMAND RIGHT END
TURN 133 RESULT
TIME LEFT 8 5 RIGHT 0 5
TRAIN B22
MOVE A15 130
MOVE A16 130
MOVE A17 130
MOVE A18 130
MOVE A19 130
MOVE A20 130
MOVE A29 79
MOVE A30 7
MOVE B1 164
MOVE B4 164
MOVE B5 145
MOVE B6 145
MOVE B11 164
MOVE B13 179
MOVE B14 179
MOVE B15 179
MOVE B17 180
MOVE B21 173
DAMAGE TURRET A15 1
DAMAGE COMBAT A15 1
DAMAGE COMBAT B16 6
END TURN 133
TURN 134
COMMAND LEFT START
COMMAND LEFT END
COMMAND RIGHT START
MOVE B18 158
COMMAND RIGHT END
TURN 134 RESULT
TIME LEFT 14 5 RIGHT 0 5
MOVE A29 93
MOVE A30 25
MOVE B1 150
MOVE B4 150
MOVE B5 133
MOVE B6 133
MOVE B11 150
MOVE B13 164
MOVE B17 170
MOVE B18 180
MOVE B21 171
DAMAGE TURRET A15 1
SIEGE B 130 6
END TURN 134
TURN 135
COMMAND LEFT START
MOVE A4 56
MOVE A11 56
MOVE A21 56
COMMAND LEFT END
COMMAND RIGHT START
MOVE B7 130
MOVE B14 130
MOVE B19 130
TRAIN 2
COMMAND RIGHT END
TURN 135 RESULT
TIME LEFT 24 5 RIGHT 0 5
TRAIN B23 B24
MOVE A4 107
MOVE A11 113
MOVE A21 79
MOVE A30 34
MOVE B1 130
MOVE B4 130
MOVE B5 130
MOVE B6 130
MOVE B7 164
MOVE B11 130
MOVE B13 150
MOVE B14 164
MOVE B17 158
MOVE B18 170
MOVE B19 179
MOVE B21 168
DAMAGE TURRET A15 1
DAMAGE COMBAT A15 2
DAMAGE COMBAT A16 3
DAMAGE COMBAT B1 4
DAMAGE COMBAT B4 2
END TURN 135
TURN 136
COMMAND LEFT START
MOVE A14 56
MOVE A22 56
MOVE A23 56
MOVE A24 56
MOVE A25 56
MOVE A26 56
TRAIN 1
COMMAND LEFT END
COMMAND RIGHT START
MOVE B8 130
MOVE B20 130
MOVE B22 130
TRAIN 2
COMMAND RIGHT END
TURN 136 RESULT
TIME LEFT 14 5 RIGHT 0 5
TRAIN A31 B25 B26
MOVE A4 93
MOVE A11 89
MOVE A14 51
MOVE A21 66
MOVE A22 79
MOVE A23 79
MOVE A24 79
MOVE A25 79
MOVE A26 79
MOVE A30 51
MOVE B7 150
MOVE B8 145
MOVE B13 130
MOVE B14 150
MOVE B18 158
MOVE B19 164
MOVE B20 179
MOVE B21 167
MOVE B22 179
DAMAGE TURRET A16 1
DAMAGE COMBAT A16 2
DAMAGE COMBAT A17 3
DAMAGE COMBAT B4 2
DAMAGE COMBAT B5 3
END TURN 136
TURN 137
COMMAND LEFT START
MOVE A27 56
MOVE A28 56
MOVE A29 56
MOVE A31 56
COMMAND LEFT END
COMMAND RIGHT START
MOVE B17 130
MOVE B23 130
MOVE B24 130
MOVE B21 179
TRAIN 2
COMMAND RIGHT END
TURN 137 RESULT
TIME LEFT 15 5 RIGHT 0 5
TRAIN B27 B28
MOVE A4 79
MOVE A11 82
MOVE A14 57
MOVE A21 57
MOVE A22 66
MOVE A23 66
MOVE A24 66
MOVE A25 66
MOVE A26 66
MOVE A27 79
MOVE A28 79
MOVE A29 79
MOVE A30 58
MOVE A31 7
MOVE B7 130
MOVE B8 133
MOVE B14 130
MOVE B17 145
MOVE B19 150
MOVE B20 164
MOVE B21 168
MOVE B22 164
MOVE B23 179
MOVE B24 179
DAMAGE TURRET A17 1
DAMAGE COMBAT A17 2
DAMAGE COMBAT A18 4
DAMAGE COMBAT B5 1
DAMAGE COMBAT B6 3
END TURN 137
TURN 138
COMMAND LEFT START
COMMAND LEFT END
COMMAND RIGHT START
MOVE B25 130
MOVE B26 130
MOVE B27 130
TRAIN 2
COMMAND RIGHT END
TURN 138 RESULT
TIME LEFT 14 5 RIGHT 0 5
TRAIN B29 B30
MOVE A4 66
MOVE A11 66
MOVE A14 56
MOVE A21 56
MOVE A22 57
MOVE A23 57
MOVE A24 57
MOVE A25 57
MOVE A26 57
MOVE A27 66
MOVE A28 66
MOVE A29 66
MOVE A30 79
MOVE A31 22
MOVE B8 130
MOVE B17 133
MOVE B19 130
MOVE B20 150
MOVE B21 171
MOVE B22 150
MOVE B23 164
MOVE B24 164
MOVE B25 179
MOVE B26 179
MOVE B27 179
DAMAGE TURRET A18 1
DAMAGE COMBAT A18 1
DAMAGE COMBAT A19 6
DAMAGE COMBAT B6 1
DAMAGE COMBAT B7 2
END TURN 138
TURN 139
COMMAND LEFT START
TRAIN 1
COMMAND LEFT END
COMMAND RIGHT START
MOVE B28 130
MOVE B29 130
MOVE B9 130
TRAIN 1
COMMAND RIGHT END
TURN 139 RESULT
TIME LEFT 9 5 RIGHT 0 5
TRAIN A32 B31
MOVE A4 57
MOVE A11 57
MOVE A22 56
MOVE A23 56
MOVE A24 56
MOVE A25 56
MOVE A26 56
MOVE A27 57
MOVE A28 57
MOVE A29 57
MOVE A30 93
MOVE A31 36
MOVE B9 173
MOVE B17 130
MOVE B20 130
MOVE B21 173
MOVE B22 130
MOVE B23 150
MOVE B24 150
MOVE B25 164
MOVE B26 164
MOVE B27 164
MOVE B28 179
MOVE B29 179
DAMAGE TURRET A20 1
DAMAGE COMBAT A20 5
DAMAGE COMBAT B7 1
END TURN 139
TURN 140
COMMAND LEFT START
MOVE A32 56
COMMAND LEFT END
COMMAND RIGHT START
MOVE B7 158
MOVE B8 158
MOVE B11 186
TRAIN 1
COMMAND RIGHT END
TURN 140 RESULT
TIME LEFT 10 5 RIGHT 0 5
TRAIN B32
MOVE A4 56
MOVE A11 56
MOVE A27 56
MOVE A28 56
MOVE A29 56
MOVE A31 56
MOVE A32 7
MOVE B7 133
MOVE B8 133
MOVE B9 165
MOVE B11 150
MOVE B21 165
MOVE B23 130
MOVE B24 130
MOVE B25 150
MOVE B26 150
MOVE B27 150
MOVE B28 164
MOVE B29 164
END TURN 140
TURN 141
COMMAND LEFT START
TRAIN 1
COMMAND LEFT END
COMMAND RIGHT START
MOVE B13 179
MOVE B14 171
COMMAND RIGHT END
TURN 141 RESULT
TIME LEFT 26 5 RIGHT 0 5
TRAIN A33
MOVE A32 22
MOVE B7 145
MOVE B8 145
MOVE B9 148
MOVE B11 164
MOVE B13 150
MOVE B14 129
MOVE B21 175
MOVE B25 130
MOVE B26 130
MOVE B27 130
MOVE B28 150
MOVE B29 150
END TURN 141
TURN 142
COMMAND LEFT START
MOVE A30 49
MOVE A33 56
COMMAND LEFT END
COMMAND RIGHT START
COMMAND RIGHT END
TURN 142 RESULT
TIME LEFT 12 5 RIGHT 0 5
MOVE A30 73
MOVE A32 36
MOVE A33 7
MOVE B7 158
MOVE B8 158
MOVE B9 135
MOVE B11 179
MOVE B13 164
MOVE B14 135
MOVE B21 179
MOVE B28 130
MOVE B29 130
END TURN 142
TURN 143
COMMAND LEFT START
COMMAND LEFT END
COMMAND RIGHT START
COMMAND RIGHT END
TURN 143 RESULT
TIME LEFT 14 5 RIGHT 0 5
MOVE A30 49
MOVE A32 56
MOVE A33 22
MOVE B9 129
MOVE B11 186
MOVE B13 179
MOVE B14 148
END TURN 143
TURN 144
COMMAND LEFT START
TRAIN 1
COMMAND LEFT END
COMMAND RIGHT START
MOVE B29 167
MOVE B32 130
COMMAND RIGHT END
TURN 144 RESULT
TIME LEFT 15 5 RIGHT 0 5
TRAIN A34
MOVE A33 36
MOVE B9 130
MOVE B14 165
MOVE B29 129
MOVE B32 179
END TURN 144
TURN 145
COMMAND LEFT START
MOVE A34 56
COMMAND LEFT END
COMMAND RIGHT START
UPGRADE 130
COMMAND RIGHT END
TURN 145 RESULT
TIME LEFT 12 5 RIGHT 0 5
UPGRADE B 130
MOVE A33 56
MOVE A34 7
MOVE B14 173
MOVE B29 135
MOVE B32 164
END TURN 145
TURN 146
COMMAND LEFT START
COMMAND LEFT END
COMMAND RIGHT START
COMMAND RIGHT END
TURN 146 RESULT
TIME LEFT 11 5 RIGHT 0 5
MOVE A34 22
MOVE B14 171
MOVE B29 137
MOVE B32 150
END TURN 146
TURN 147
COMMAND LEFT START
TRAIN 1
COMMAND LEFT END
COMMAND RIGHT START
COMMAND RIGHT END
TURN 147 RESULT
TIME LEFT 10 5 RIGHT 0 5
TRAIN A35
MOVE A34 36
MOVE B29 142
MOVE B32 130
END TURN 147
TURN 148
COMMAND LEFT START
COMMAND LEFT END
COMMAND RIGHT START
COMMAND RIGHT END
TURN 148 RESULT
TIME LEFT 24 5 RIGHT 0 5
MOVE A34 56
MOVE B29 155
END TURN 148
TURN 149
COMMAND LEFT START
MOVE A11 49
MOVE A30 120
MOVE A35 93
COMMAND LEFT END
COMMAND RIGHT START
TRAIN 1
COMMAND RIGHT END
TURN 149 RESULT
TIME LEFT 33 5 RIGHT 0 5
TRAIN B33
MOVE A11 57
MOVE A30 73
MOVE A35 7
MOVE B29 163
END TURN 149
TURN 150
COMMAND LEFT START
COMMAND LEFT END
COMMAND RIGHT START
MOVE B33 130
TRAIN 2
COMMAND RIGHT END
TURN 150 RESULT
TIME LEFT 19 5 RIGHT 0 5
TRAIN B34 B35
MOVE A11 51
MOVE A30 97
MOVE A35 25
MOVE B29 156
MOVE B33 179
END TURN 150
TURN 151
COMMAND LEFT START
TRAIN 1
COMMAND LEFT END
COMMAND RIGHT START
TRAIN 1
COMMAND RIGHT END
TURN 151 RESULT
TIME LEFT 33 5 RIGHT 0 5
TRAIN A36 B36
MOVE A11 49
MOVE A30 104
MOVE A35 34
MOVE B29 167
MOVE B33 164
END TURN 151
TURN 152
COMMAND LEFT START
MOVE A4 153
MOVE A36 93
COMMAND LEFT END
COMMAND RIGHT START
UPGRADE 167
COMMAND RIGHT END
TURN 152 RESULT
TIME LEFT 42 5 RIGHT 0 5
UPGRADE B 167
MOVE A4 57
MOVE A30 120
MOVE A35 51
MOVE A36 7
MOVE B33 150
END TURN 152
TURN 153
COMMAND LEFT START
COMMAND LEFT END
COMMAND RIGHT START
COMMAND RIGHT END
TURN 153 RESULT
TIME LEFT 23 5 RIGHT 0 5
MOVE A4 66
MOVE A35 58
MOVE A36 25
MOVE B33 130
END TURN 153
TURN 154
COMMAND LEFT START
COMMAND LEFT END
COMMAND RIGHT START
MOVE B33 122
MOVE B36 130
MOVE B35 130
MOVE B34 130
COMMAND RIGHT END
TURN 154 RESULT
TIME LEFT 23 5 RIGHT 0 5
MOVE A4 79
MOVE A35 79
MOVE A36 34
MOVE B33 123
MOVE B34 179
MOVE B35 179
MOVE B36 179
END TURN 154
TURN 155
COMMAND LEFT START
TRAIN 1
COMMAND LEFT END
COMMAND RIGHT START
UPGRADE 167
COMMAND RIGHT END
TURN 155 RESULT
TIME LEFT 16 5 RIGHT 0 5
UPGRADE B 167
TRAIN A37
MOVE A4 93
MOVE A35 93
MOVE A36 51
MOVE B33 122
MOVE B34 164
MOVE B35 164
MOVE B36 164
END TURN 155
TURN 156
COMMAND LEFT START
MOVE A10 93
COMMAND LEFT END
COMMAND RIGHT START
MOVE B9 167
COMMAND RIGHT END
TURN 156 RESULT
TIME LEFT 25 5 RIGHT 0 5
MOVE A4 107
MOVE A10 7
MOVE A36 58
MOVE B9 129
MOVE B34 150
MOVE B35 150
MOVE B36 150
END TURN 156
TURN 157
COMMAND LEFT START
MOVE A11 73
COMMAND LEFT END
COMMAND RIGHT START
UPGRADE 122
COMMAND RIGHT END
TURN 157 RESULT
TIME LEFT 36 5 RIGHT 0 5
UPGRADE B 122
MOVE A4 128
MOVE A10 25
MOVE A11 73
MOVE A36 79
MOVE B9 135
MOVE B34 130
MOVE B35 130
MOVE B36 130
END TURN 157
TURN 158
COMMAND LEFT START
COMMAND LEFT END
COMMAND RIGHT START
COMMAND RIGHT END
TURN 158 RESULT
TIME LEFT 40 5 RIGHT 0 5
MOVE A4 135
MOVE A10 34
MOVE A36 93
MOVE B9 137
END TURN 158
TURN 159
COMMAND LEFT START
TRAIN 1
COMMAND LEFT END
COMMAND RIGHT START
MOVE B36 90
COMMAND RIGHT END
TURN 159 RESULT
TIME LEFT 28 5 RIGHT 13 5
TRAIN A38
MOVE A4 153
MOVE A10 51
MOVE B9 142
MOVE B36 111
END TURN 159
TURN 160
COMMAND LEFT START
COMMAND LEFT END
COMMAND RIGHT START
UPGRADE 122
COMMAND RIGHT END
TURN 160 RESULT
TIME LEFT 33 5 RIGHT 0 5
UPGRADE B 122
MOVE A10 58
MOVE B9 155
MOVE B36 101
END TURN 160
TURN 161
COMMAND LEFT START
COMMAND LEFT END
COMMAND RIGHT START
MOVE B17 122
COMMAND RIGHT END
TURN 161 RESULT
TIME LEFT 39 5 RIGHT 0 5
MOVE A10 79
MOVE B9 163
MOVE B17 123
MOVE B36 90
END TURN 161
TURN 162
COMMAND LEFT START
TRAIN 1
COMMAND LEFT END
COMMAND RIGHT START
UPGRADE 90
COMMAND RIGHT END
TURN 162 RESULT
TIME LEFT 35 5 RIGHT 0 5
UPGRADE B 90
TRAIN A39
MOVE A10 93
MOVE B9 156
MOVE B17 122
END TURN 162
TURN 163
COMMAND LEFT START
MOVE A39 93
MOVE A11 49
COMMAND LEFT END
COMMAND RIGHT START
COMMAND RIGHT END
TURN 163 RESULT
TIME LEFT 39 5 RIGHT 0 5
MOVE A11 49
MOVE A39 7
MOVE B9 167
END TURN 163
TURN 164
COMMAND LEFT START
COMMAND LEFT END
COMMAND RIGHT START
COMMAND RIGHT END
TURN 164 RESULT
TIME LEFT 25 5 RIGHT 0 5
MOVE A39 25
END TURN 164
TURN 165
COMMAND LEFT START
COMMAND LEFT END
COMMAND RIGHT START
UPGRADE 90
COMMAND RIGHT END
TURN 165 RESULT
TIME LEFT 28 5 RIGHT 0 5
UPGRADE B 90
MOVE A39 34
END TURN 165
TURN 166
COMMAND LEFT START
COMMAND LEFT END
COMMAND RIGHT START
MOVE B19 90
COMMAND RIGHT END
TURN 166 RESULT
TIME LEFT 45 5 RIGHT 0 5
MOVE A39 51
MOVE B19 111
END TURN 166
TURN 167
COMMAND LEFT START
TRAIN 1
COMMAND LEFT END
COMMAND RIGHT START
UPGRADE 167
COMMAND RIGHT END
TURN 167 RESULT
TIME LEFT 25 5 RIGHT 0 5
UPGRADE B 167
TRAIN A40
MOVE A39 58
MOVE B19 101
END TURN 167
TURN 168
COMMAND LEFT START
MOVE A40 93
COMMAND LEFT END
COMMAND RIGHT START
MOVE B20 167
COMMAND RIGHT END
TURN 168 RESULT
TIME LEFT 25 5 RIGHT 0 5
MOVE A39 79
MOVE A40 7
MOVE B19 90
MOVE B20 129
END TURN 168
TURN 169
COMMAND LEFT START
MOVE A11 73
MOVE A30 7
COMMAND LEFT END
COMMAND RIGHT START
UPGRADE 122
COMMAND RIGHT END
TURN 169 RESULT
TIME LEFT 41 5 RIGHT 0 5
UPGRADE B 122
MOVE A11 73
MOVE A30 104
MOVE A39 93
MOVE A40 25
MOVE B20 135
END TURN 169
TURN 170
COMMAND LEFT START
COMMAND LEFT END
COMMAND RIGHT START
MOVE B22 122
MOVE B35 7
COMMAND RIGHT END
TURN 170 RESULT
TIME LEFT 18 5 RIGHT 0 5
MOVE A30 97
MOVE A40 34
MOVE B20 137
MOVE B22 123
MOVE B35 111
END TURN 170
TURN 171
COMMAND LEFT START
TRAIN 1
COMMAND LEFT END
COMMAND RIGHT START
COMMAND RIGHT END
TURN 171 RESULT
TIME LEFT 22 5 RIGHT 0 5
TRAIN A41
MOVE A30 73
MOVE A40 51
MOVE B20 142
MOVE B22 122
MOVE B35 87
END TURN 171
TURN 172
COMMAND LEFT START
MOVE A41 93
MOVE A11 175
COMMAND LEFT END
COMMAND RIGHT START
UPGRADE 90
COMMAND RIGHT END
TURN 172 RESULT
TIME LEFT 43 5 RIGHT 0 5
UPGRADE B 90
MOVE A11 93
MOVE A30 49
MOVE A40 58
MOVE A41 7
MOVE B20 155
MOVE B35 71
END TURN 172
TURN 173
COMMAND LEFT START
COMMAND LEFT END
COMMAND RIGHT START
MOVE B23 90
COMMAND RIGHT END
TURN 173 RESULT
TIME LEFT 24 5 RIGHT 0 5
MOVE A11 113
MOVE A30 38
MOVE A40 79
MOVE A41 25
MOVE B20 163
MOVE B23 111
MOVE B35 59
END TURN 173
TURN 174
COMMAND LEFT START
COMMAND LEFT END
COMMAND RIGHT START
TRAIN 1
COMMAND RIGHT END
TURN 174 RESULT
TIME LEFT 27 5 RIGHT 0 5
TRAIN B37
MOVE A11 137
MOVE A30 24
MOVE A40 93
MOVE A41 34
MOVE B20 156
MOVE B23 101
MOVE B35 46
END TURN 174
TURN 175
COMMAND LEFT START
MOVE A14 0
COMMAND LEFT END
COMMAND RIGHT START
MOVE B37 130
TRAIN 2
COMMAND RIGHT END
TURN 175 RESULT
TIME LEFT 26 5 RIGHT 0 5
TRAIN B38 B39
MOVE A11 148
MOVE A14 36
MOVE A30 11
MOVE A41 51
MOVE B20 167
MOVE B23 90
MOVE B35 31
MOVE B37 179
END TURN 175
TURN 176
COMMAND LEFT START
TRAIN 1
COMMAND LEFT END
COMMAND RIGHT START
MOVE B39 130
MOVE B38 130
TRAIN 2
COMMAND RIGHT END
TURN 176 RESULT
TIME LEFT 17 5 RIGHT 0 5
TRAIN A42 B40 B41
MOVE A11 162
MOVE A14 22
MOVE A30 7
MOVE A41 58
MOVE B35 21
MOVE B37 164
MOVE B38 179
MOVE B39 179
END TURN 176
TURN 177
COMMAND LEFT START
MOVE A42 93
COMMAND LEFT END
COMMAND RIGHT START
MOVE B34 93
MOVE B41 130
MOVE B40 130
COMMAND RIGHT END
TURN 177 RESULT
TIME LEFT 28 5 RIGHT 0 5
MOVE A11 175
MOVE A14 7
MOVE A41 79
MOVE A42 7
MOVE B34 129
MOVE B35 11
MOVE B37 150
MOVE B38 164
MOVE B39 164
MOVE B40 179
MOVE B41 179
END TURN 177
TURN 178
COMMAND LEFT START
MOVE A21 7
COMMAND LEFT END
COMMAND RIGHT START
TRAIN 2
COMMAND RIGHT END
TURN 178 RESULT
TIME LEFT 26 5 RIGHT 0 5
TRAIN B42 B43
MOVE A14 0
MOVE A21 36
MOVE A41 93
MOVE A42 25
MOVE B34 120
MOVE B35 7
MOVE B37 130
MOVE B38 150
MOVE B39 150
MOVE B40 164
MOVE B41 164
DAMAGE TURRET B35 1
DAMAGE COMBAT A3 1
DAMAGE COMBAT B35 2
END TURN 178
TURN 179
COMMAND LEFT START
COMMAND LEFT END
COMMAND RIGHT START
MOVE B43 130
MOVE B42 130
MOVE B37 105
TRAIN 1
COMMAND RIGHT END
TURN 179 RESULT
TIME LEFT 30 5 RIGHT 0 5
TRAIN B44
MOVE A21 22
MOVE A42 34
MOVE B34 107
MOVE B37 129
MOVE B38 130
MOVE B39 130
MOVE B40 150
MOVE B41 150
MOVE B42 179
MOVE B43 179
DAMAGE TURRET B35 1
DAMAGE COMBAT A3 1
DAMAGE COMBAT B35 2
END TURN 179
TURN 180
COMMAND LEFT START
MOVE A14 56
COMMAND LEFT END
COMMAND RIGHT START
MOVE B44 130
TRAIN 2
COMMAND RIGHT END
TURN 180 RESULT
TIME LEFT 39 5 RIGHT 0 5
TRAIN B45 B46
MOVE A14 7
MOVE A21 7
MOVE A42 51
MOVE B34 93
MOVE B37 120
MOVE B40 130
MOVE B41 130
MOVE B42 164
MOVE B43 164
MOVE B44 179
DAMAGE TURRET B34 1
DAMAGE COMBAT A9 1
DAMAGE COMBAT B34 5
END TURN 180
TURN 181
COMMAND LEFT START
TRAIN 1
COMMAND LEFT END
COMMAND RIGHT START
MOVE B46 130
MOVE B45 130
TRAIN 2
COMMAND RIGHT END
TURN 181 RESULT
TIME LEFT 27 5 RIGHT 0 5
TRAIN A43 B47 B48
MOVE A14 22
MOVE A42 58
MOVE B37 107
MOVE B42 150
MOVE B43 150
MOVE B44 164
MOVE B45 179
MOVE B46 179
END TURN 181
TURN 182
COMMAND LEFT START
MOVE A43 56
MOVE A30 49
COMMAND LEFT END
COMMAND RIGHT START
MOVE B48 130
MOVE B47 130
TRAIN 2
COMMAND RIGHT END
TURN 182 RESULT
TIME LEFT 46 5 RIGHT 0 5
TRAIN B49 B50
MOVE A14 36
MOVE A30 11
MOVE A42 79
MOVE A43 7
MOVE B37 113
MOVE B42 130
MOVE B43 130
MOVE B44 150
MOVE B45 164
MOVE B46 164
MOVE B47 179
MOVE B48 179
END TURN 182
TURN 183
COMMAND LEFT START
COMMAND LEFT END
COMMAND RIGHT START
MOVE B50 130
MOVE B49 130
TRAIN 2
COMMAND RIGHT END
TURN 183 RESULT
TIME LEFT 29 5 RIGHT 0 5
TRAIN B51 B52
MOVE A14 56
MOVE A30 24
MOVE A42 93
MOVE A43 22
MOVE B37 115
MOVE B44 130
MOVE B45 150
MOVE B46 150
MOVE B47 164
MOVE B48 164
MOVE B49 179
MOVE B50 179
END TURN 183
TURN 184
COMMAND LEFT START
COMMAND LEFT END
COMMAND RIGHT START
MOVE B52 130
MOVE B51 130
TRAIN 2
COMMAND RIGHT END
TURN 184 RESULT
TIME LEFT 32 5 RIGHT 0 5
TRAIN B53 B54
MOVE A30 38
MOVE A43 36
MOVE B37 105
MOVE B45 130
MOVE B46 130
MOVE B47 150
MOVE B48 150
MOVE B49 164
MOVE B50 164
MOVE B51 179
MOVE B52 179
END TURN 184
TURN 185
COMMAND LEFT START
COMMAND LEFT END
COMMAND RIGHT START
COMMAND RIGHT END
TURN 185 RESULT
TIME LEFT 31 5 RIGHT 0 5
MOVE A30 49
MOVE A43 56
MOVE B47 130
MOVE B48 130
MOVE B49 150
MOVE B50 150
MOVE B51 164
MOVE B52 164
END TURN 185
TURN 186
COMMAND LEFT START
COMMAND LEFT END
COMMAND RIGHT START
COMMAND RIGHT END
TURN 186 RESULT
TIME LEFT 39 5 RIGHT 0 5
MOVE B49 130
MOVE B50 130
MOVE B51 150
MOVE B52 150
END TURN 186
TURN 187
COMMAND LEFT START
TRAIN 1
COMMAND LEFT END
COMMAND RIGHT START
UPGRADE 186
COMMAND RIGHT END
TURN 187 RESULT
TIME LEFT 35 5 RIGHT 0 5
UPGRADE B 186
TRAIN A44
MOVE B51 130
MOVE B52 130
END TURN 187
TURN 188
COMMAND LEFT START
MOVE A44 93
COMMAND LEFT END
COMMAND RIGHT START
COMMAND RIGHT END
TURN 188 RESULT
TIME LEFT 35 5 RIGHT 0 5
MOVE A44 7
END TURN 188
TURN 189
COMMAND LEFT START
COMMAND LEFT END
COMMAND RIGHT START
UPGRADE 105
COMMAND RIGHT END
TURN 189 RESULT
TIME LEFT 29 5 RIGHT 0 5
UPGRADE B 105
MOVE A44 25
END TURN 189
TURN 190
COMMAND LEFT START
COMMAND LEFT END
COMMAND RIGHT START
MOVE B52 93
MOVE B54 105
COMMAND RIGHT END
TURN 190 RESULT
TIME LEFT 34 5 RIGHT 0 5
MOVE A44 34
MOVE B52 129
MOVE B54 185
END TURN 190
TURN 191
COMMAND LEFT START
MOVE A30 73
COMMAND LEFT END
COMMAND RIGHT START
UPGRADE 105
COMMAND RIGHT END
TURN 191 RESULT
TIME LEFT 50 5 RIGHT 0 5
UPGRADE B 105
MOVE A30 73
MOVE A44 51
MOVE B52 120
MOVE B54 181
END TURN 191
TURN 192
COMMAND LEFT START
COMMAND LEFT END
COMMAND RIGHT START
MOVE B51 105
MOVE B50 105
MOVE B49 105
MOVE B48 105
MOVE B47 105
MOVE B46 105
MOVE B45 105
MOVE B44 105
MOVE B43 105
MOVE B42 105
MOVE B41 105
UPGRADE 105
COMMAND RIGHT END
TURN 192 RESULT
TIME LEFT 34 5 RIGHT 0 5
UPGRADE B 105
MOVE A44 58
MOVE B41 129
MOVE B42 129
MOVE B43 129
MOVE B44 129
MOVE B45 129
MOVE B46 129
MOVE B47 129
MOVE B48 129
MOVE B49 129
MOVE B50 129
MOVE B51 129
MOVE B52 107
MOVE B54 165
END TURN 192
TURN 193
COMMAND LEFT START
TRAIN 1
COMMAND LEFT END
COMMAND RIGHT START
MOVE B40 105
MOVE B39 105
MOVE B38 105
MOVE B32 105
MOVE B28 105
MOVE B27 105
COMMAND RIGHT END
TURN 193 RESULT
TIME LEFT 27 5 RIGHT 0 5
TRAIN A45
MOVE A44 79
MOVE B27 129
MOVE B28 129
MOVE B32 129
MOVE B38 129
MOVE B39 129
MOVE B40 129
MOVE B41 120
MOVE B42 120
MOVE B43 120
MOVE B44 120
MOVE B45 120
MOVE B46 120
MOVE B47 120
MOVE B48 120
MOVE B49 120
MOVE B50 120
MOVE B51 120
MOVE B52 93
MOVE B54 155
DAMAGE TURRET B52 1
DAMAGE COMBAT A9 1
DAMAGE COMBAT B52 5
END TURN 193
TURN 194
COMMAND LEFT START
MOVE A9 56
MOVE A10 56
MOVE A12 56
MOVE A13 56
MOVE A36 56
MOVE A39 56
MOVE A40 56
MOVE A41 56
MOVE A42 56
MOVE A45 56
MOVE A35 56
COMMAND LEFT END
COMMAND RIGHT START
COMMAND RIGHT END
TURN 194 RESULT
TIME LEFT 27 5 RIGHT 0 5
MOVE A9 79
MOVE A10 79
MOVE A12 79
MOVE A13 79
MOVE A35 79
MOVE A36 79
MOVE A39 79
MOVE A40 79
MOVE A41 79
MOVE A42 79
MOVE A44 93
MOVE A45 7
MOVE B27 120
MOVE B28 120
MOVE B32 120
MOVE B38 120
MOVE B39 120
MOVE B40 120
MOVE B41 107
MOVE B42 107
MOVE B43 107
MOVE B44 107
MOVE B45 107
MOVE B46 107
MOVE B47 107
MOVE B48 107
MOVE B49 107
MOVE B50 107
MOVE B51 107
MOVE B54 140
END TURN 194
TURN 195
COMMAND LEFT START
MOVE A44 56
MOVE A21 93
MOVE A30 77
COMMAND LEFT END
COMMAND RIGHT START
TRAIN 2
COMMAND RIGHT END
TURN 195 RESULT
TIME LEFT 32 5 RIGHT 0 5
TRAIN B55 B56
MOVE A9 66
MOVE A10 66
MOVE A12 66
MOVE A13 66
MOVE A21 25
MOVE A30 71
MOVE A35 66
MOVE A36 66
MOVE A39 66
MOVE A40 66
MOVE A41 66
MOVE A42 66
MOVE A44 79
MOVE A45 22
MOVE B27 107
MOVE B28 107
MOVE B32 107
MOVE B38 107
MOVE B39 107
MOVE B40 107
MOVE B41 113
MOVE B42 113
MOVE B43 113
MOVE B44 113
MOVE B45 113
MOVE B46 113
MOVE B47 113
MOVE B48 113
MOVE B49 113
MOVE B50 113
MOVE B51 113
MOVE B54 131
END TURN 195
TURN 196
COMMAND LEFT START
MOVE A11 56
COMMAND LEFT END
COMMAND RIGHT START
MOVE B56 81
COMMAND RIGHT END
TURN 196 RESULT
TIME LEFT 20 5 RIGHT 0 5
MOVE A9 57
MOVE A10 57
MOVE A11 165
MOVE A12 57
MOVE A13 57
MOVE A21 34
MOVE A30 81
MOVE A35 57
MOVE A36 57
MOVE A39 57
MOVE A40 57
MOVE A41 57
MOVE A42 57
MOVE A44 66
MOVE A45 36
MOVE B27 113
MOVE B28 113
MOVE B32 113
MOVE B38 113
MOVE B39 113
MOVE B40 113
MOVE B41 115
MOVE B42 115
MOVE B43 115
MOVE B44 115
MOVE B45 115
MOVE B46 115
MOVE B47 115
MOVE B48 115
MOVE B49 115
MOVE B50 115
MOVE B51 115
MOVE B54 117
MOVE B56 179
END TURN 196
TURN 197
COMMAND LEFT START
COMMAND LEFT END
COMMAND RIGHT START
TRAIN 2
COMMAND RIGHT END
TURN 197 RESULT
TIME LEFT 19 5 RIGHT 0 5
TRAIN B57 B58
MOVE A9 56
MOVE A10 56
MOVE A11 155
MOVE A12 56
MOVE A13 56
MOVE A21 51
MOVE A30 76
MOVE A35 56
MOVE A36 56
MOVE A39 56
MOVE A40 56
MOVE A41 56
MOVE A42 56
MOVE A44 57
MOVE A45 56
MOVE B27 115
MOVE B28 115
MOVE B32 115
MOVE B38 115
MOVE B39 115
MOVE B40 115
MOVE B41 105
MOVE B42 105
MOVE B43 105
MOVE B44 105
MOVE B45 105
MOVE B46 105
MOVE B47 105
MOVE B48 105
MOVE B49 105
MOVE B50 105
MOVE B51 105
MOVE B54 105
MOVE B56 164
END TURN 197
TURN 198
COMMAND LEFT START
COMMAND LEFT END
COMMAND RIGHT START
TRAIN 2
COMMAND RIGHT END
TURN 198 RESULT
TIME LEFT 19 5 RIGHT 0 5
TRAIN B59 B60
MOVE A11 140
MOVE A21 58
MOVE A30 77
MOVE A44 56
MOVE B27 105
MOVE B28 105
MOVE B32 105
MOVE B38 105
MOVE B39 105
MOVE B40 105
MOVE B56 150
END TURN 198
TURN 199
COMMAND LEFT START
MOVE A4 56
MOVE A30 56
COMMAND LEFT END
COMMAND RIGHT START
TRAIN 2
COMMAND RIGHT END
TURN 199 RESULT
TIME LEFT 31 5 RIGHT 0 5
TRAIN B61 B62
MOVE A4 135
MOVE A11 127
MOVE A21 79
MOVE A30 76
MOVE B56 130
END TURN 199
TURN 200
COMMAND LEFT START
COMMAND LEFT END
COMMAND RIGHT START
TRAIN 2
COMMAND RIGHT END
TURN 200 RESULT
TIME LEFT 10 5 RIGHT 0 5
TRAIN B63 B64
MOVE A4 128
MOVE A11 115
MOVE A21 93
MOVE A30 81
MOVE B56 111
END TURN 200
TURN 201
COMMAND LEFT START
COMMAND LEFT END
COMMAND RIGHT START
TRAIN 2
COMMAND RIGHT END
TURN 201 RESULT
TIME LEFT 15 5 RIGHT 0 5
TRAIN B65 B66
MOVE A4 107
MOVE A11 99
MOVE A30 71
MOVE B56 98
END TURN 201
TURN 202
COMMAND LEFT START
COMMAND LEFT END
COMMAND RIGHT START
TRAIN 2
COMMAND RIGHT END
TURN 202 RESULT
TIME LEFT 10 5 RIGHT 0 5
TRAIN B67 B68
MOVE A4 93
MOVE A11 75
MOVE A30 73
MOVE B56 81
END TURN 202
TURN 203
COMMAND LEFT START
COMMAND LEFT END
COMMAND RIGHT START
MOVE B54 93
UPGRADE 81
TRAIN 1
COMMAND RIGHT END
TURN 203 RESULT
TIME LEFT 11 5 RIGHT 0 5
UPGRADE B 81
TRAIN B69
MOVE A4 79
MOVE A11 56
MOVE A30 79
MOVE B54 99
END TURN 203
TURN 204
COMMAND LEFT START
COMMAND LEFT END
COMMAND RIGHT START
MOVE B69 105
MOVE B68 105
MOVE B67 105
MOVE B66 105
MOVE B65 105
MOVE B64 105
MOVE B63 105
MOVE B62 105
MOVE B61 105
MOVE B60 105
MOVE B59 105
MOVE B58 105
MOVE B57 105
MOVE B55 105
UPGRADE 81
COMMAND RIGHT END
TURN 204 RESULT
TIME LEFT 18 5 RIGHT 0 5
UPGRADE B 81
MOVE A4 66
MOVE A30 66
MOVE B54 100
MOVE B55 185
MOVE B57 185
MOVE B58 185
MOVE B59 185
MOVE B60 185
MOVE B61 185
MOVE B62 185
MOVE B63 185
MOVE B64 185
MOVE B65 185
MOVE B66 185
MOVE B67 185
MOVE B68 185
MOVE B69 185
END TURN 204
TURN 205
COMMAND LEFT START
TRAIN 1
COMMAND LEFT END
COMMAND RIGHT START
MOVE B27 81
MOVE B51 96
UPGRADE 81
COMMAND RIGHT END
TURN 205 RESULT
TIME LEFT 19 5 RIGHT 0 5
UPGRADE B 81
TRAIN A46
MOVE A4 57
MOVE A30 57
MOVE B27 99
MOVE B51 102
MOVE B54 89
MOVE B55 181
MOVE B57 181
MOVE B58 181
MOVE B59 181
MOVE B60 181
MOVE B61 181
MOVE B62 181
MOVE B63 181
MOVE B64 181
MOVE B65 181
MOVE B66 181
MOVE B67 181
MOVE B68 181
MOVE B69 181
END TURN 205
TURN 206
COMMAND LEFT START
MOVE A46 56
COMMAND LEFT END
COMMAND RIGHT START
MOVE B28 81
TRAIN 2
COMMAND RIGHT END
TURN 206 RESULT
TIME LEFT 19 5 RIGHT 0 5
TRAIN B70 B71
MOVE A4 56
MOVE A30 56
MOVE A46 7
MOVE B27 82
MOVE B28 99
MOVE B51 96
MOVE B54 93
MOVE B55 165
MOVE B57 165
MOVE B58 165
MOVE B59 165
MOVE B60 165
MOVE B61 165
MOVE B62 165
MOVE B63 165
MOVE B64 165
MOVE B65 165
MOVE B66 165
MOVE B67 165
MOVE B68 165
MOVE B69 165
DAMAGE TURRET B54 1
DAMAGE COMBAT A21 1
DAMAGE COMBAT B54 1
END TURN 206
TURN 207
COMMAND LEFT START
MOVE A11 87
COMMAND LEFT END
COMMAND RIGHT START
MOVE B71 105
MOVE B70 105
UPGRADE 96
COMMAND RIGHT END
TURN 207 RESULT
TIME LEFT 26 5 RIGHT 0 5
UPGRADE B 96
MOVE A11 57
MOVE A46 22
MOVE B27 79
MOVE B28 82
MOVE B55 155
MOVE B57 155
MOVE B58 155
MOVE B59 155
MOVE B60 155
MOVE B61 155
MOVE B62 155
MOVE B63 155
MOVE B64 155
MOVE B65 155
MOVE B66 155
MOVE B67 155
MOVE B68 155
MOVE B69 155
MOVE B70 185
MOVE B71 185
DAMAGE TURRET B54 1
DAMAGE COMBAT A21 1
DAMAGE COMBAT B54 1
END TURN 207
TURN 208
COMMAND LEFT START
COMMAND LEFT END
COMMAND RIGHT START
UPGRADE 96
COMMAND RIGHT END
TURN 208 RESULT
TIME LEFT 19 5 RIGHT 0 5
UPGRADE B 96
MOVE A11 66
MOVE A46 36
MOVE B27 73
MOVE B28 79
MOVE B55 140
MOVE B57 140
MOVE B58 140
MOVE B59 140
MOVE B60 140
MOVE B61 140
MOVE B62 140
MOVE B63 140
MOVE B64 140
MOVE B65 140
MOVE B66 140
MOVE B67 140
MOVE B68 140
MOVE B69 140
MOVE B70 181
MOVE B71 181
DAMAGE TURRET B54 1
DAMAGE COMBAT A21 1
DAMAGE COMBAT B54 1
END TURN 208
TURN 209
COMMAND LEFT START
COMMAND LEFT END
COMMAND RIGHT START
MOVE B32 96
MOVE B50 56
COMMAND RIGHT END
TURN 209 RESULT
TIME LEFT 18 5 RIGHT 0 5
MOVE A11 79
MOVE A46 56
MOVE B27 71
MOVE B28 73
MOVE B32 102
MOVE B50 88
MOVE B55 131
MOVE B57 131
MOVE B58 131
MOVE B59 131
MOVE B60 131
MOVE B61 131
MOVE B62 131
MOVE B63 131
MOVE B64 131
MOVE B65 131
MOVE B66 131
MOVE B67 131
MOVE B68 131
MOVE B69 131
MOVE B70 165
MOVE B71 165
END TURN 209
TURN 210
COMMAND LEFT START
COMMAND LEFT END
COMMAND RIGHT START
MOVE B49 93
MOVE B48 93
MOVE B47 93
MOVE B46 93
MOVE B45 93
MOVE B44 93
MOVE B43 93
MOVE B42 93
MOVE B41 93
MOVE B40 93
MOVE B39 93
COMMAND RIGHT END
TURN 210 RESULT
TIME LEFT 13 5 RIGHT 0 5
MOVE A11 73
MOVE B27 81
MOVE B28 71
MOVE B32 96
MOVE B39 99
MOVE B40 99
MOVE B41 99
MOVE B42 99
MOVE B43 99
MOVE B44 99
MOVE B45 99
MOVE B46 99
MOVE B47 99
MOVE B48 99
MOVE B49 99
MOVE B50 75
MOVE B55 117
MOVE B57 117
MOVE B58 117
MOVE B59 117
MOVE B60 117
MOVE B61 117
MOVE B62 117
MOVE B63 117
MOVE B64 117
MOVE B65 117
MOVE B66 117
MOVE B67 117
MOVE B68 117
MOVE B69 117
MOVE B70 155
MOVE B71 155
END TURN 210
TURN 211
COMMAND LEFT START
COMMAND LEFT END
COMMAND RIGHT START
UPGRADE 96
COMMAND RIGHT END
TURN 211 RESULT
TIME LEFT 34 5 RIGHT 0 5
UPGRADE B 96
MOVE A11 86
MOVE B28 81
MOVE B39 100
MOVE B40 100
MOVE B41 100
MOVE B42 100
MOVE B43 100
MOVE B44 100
MOVE B45 100
MOVE B46 100
MOVE B47 100
MOVE B48 100
MOVE B49 100
MOVE B50 56
MOVE B55 105
MOVE B57 105
MOVE B58 105
MOVE B59 105
MOVE B60 105
MOVE B61 105
MOVE B62 105
MOVE B63 105
MOVE B64 105
MOVE B65 105
MOVE B66 105
MOVE B67 105
MOVE B68 105
MOVE B69 105
MOVE B70 140
MOVE B71 140
DAMAGE TURRET B50 1
DAMAGE COMBAT A9 1
DAMAGE COMBAT B50 5
END TURN 211
TURN 212
COMMAND LEFT START
MOVE A21 56
MOVE A31 105
MOVE A32 105
MOVE A33 105
MOVE A34 105
MOVE A35 105
MOVE A36 105
MOVE A39 105
MOVE A40 105
MOVE A4 93
COMMAND LEFT END
COMMAND RIGHT START
MOVE B37 96
MOVE B69 56
COMMAND RIGHT END
TURN 212 RESULT
TIME LEFT 21 5 RIGHT 0 5
MOVE A4 57
MOVE A11 87
MOVE A21 79
MOVE A31 75
MOVE A32 75
MOVE A33 75
MOVE A34 75
MOVE A35 75
MOVE A36 75
MOVE A39 75
MOVE A40 75
MOVE B37 102
MOVE B39 89
MOVE B40 89
MOVE B41 89
MOVE B42 89
MOVE B43 89
MOVE B44 89
MOVE B45 89
MOVE B46 89
MOVE B47 89
MOVE B48 89
MOVE B49 89
MOVE B69 88
MOVE B70 131
MOVE B71 131
END TURN 212
TURN 213
COMMAND LEFT START
COMMAND LEFT END
COMMAND RIGHT START
MOVE B68 64
TRAIN 1
COMMAND RIGHT END
TURN 213 RESULT
TIME LEFT 25 5 RIGHT 0 5
TRAIN B72
MOVE A4 66
MOVE A21 66
MOVE A31 88
MOVE A32 88
MOVE A33 88
MOVE A34 88
MOVE A35 88
MOVE A36 88
MOVE A39 88
MOVE A40 88
MOVE B37 96
MOVE B39 93
MOVE B40 93
MOVE B41 93
MOVE B42 93
MOVE B43 93
MOVE B44 93
MOVE B45 93
MOVE B46 93
MOVE B47 93
MOVE B48 93
MOVE B49 93
MOVE B68 102
MOVE B69 75
MOVE B70 117
MOVE B71 117
DAMAGE TURRET B39 1
SIEGE A 93 6
END TURN 213
TURN 214
COMMAND LEFT START
MOVE A30 35
COMMAND LEFT END
COMMAND RIGHT START
MOVE B72 81
MOVE B67 81
MOVE B66 81
MOVE B65 81
MOVE B64 81
MOVE B63 81
MOVE B62 81
MOVE B61 81
MOVE B60 81
MOVE B59 81
MOVE B58 81
UPGRADE 93
TRAIN 2
COMMAND RIGHT END
TURN 214 RESULT
TIME LEFT 29 5 RIGHT 0 5
UPGRADE B 93
TRAIN B73 B74
MOVE A4 79
MOVE A21 57
MOVE A30 53
MOVE A31 105
MOVE A32 105
MOVE A33 105
MOVE A34 105
MOVE A35 105
MOVE A36 105
MOVE A39 105
MOVE A40 105
MOVE B58 99
MOVE B59 99
MOVE B60 99
MOVE B61 99
MOVE B62 99
MOVE B63 99
MOVE B64 99
MOVE B65 99
MOVE B66 99
MOVE B67 99
MOVE B68 85
MOVE B69 56
MOVE B70 105
MOVE B71 105
MOVE B72 179
DAMAGE TURRET A31 2
DAMAGE TURRET B69 1
DAMAGE COMBAT A9 1
DAMAGE COMBAT A31 4
DAMAGE COMBAT A32 1
DAMAGE COMBAT B38 6
DAMAGE COMBAT B55 2
DAMAGE COMBAT B69 6
END TURN 214
TURN 215
COMMAND LEFT START
MOVE A23 105
MOVE A24 105
COMMAND LEFT END
COMMAND RIGHT START
MOVE B32 105
MOVE B37 105
MOVE B9 105
MOVE B39 96
MOVE B40 96
MOVE B11 167
MOVE B74 93
UPGRADE 93
COMMAND RIGHT END
TURN 215 RESULT
TIME LEFT 22 5 RIGHT 2 5
UPGRADE B 93
MOVE A4 93
MOVE A21 56
MOVE A23 75
MOVE A24 75
MOVE A30 43
MOVE B9 144
MOVE B11 185
MOVE B32 102
MOVE B37 102
MOVE B39 89
MOVE B40 89
MOVE B58 82
MOVE B59 82
MOVE B60 82
MOVE B61 82
MOVE B62 82
MOVE B63 82
MOVE B64 82
MOVE B65 82
MOVE B66 82
MOVE B67 82
MOVE B68 74
MOVE B72 164
MOVE B74 179
DAMAGE TURRET A4 1
DAMAGE TURRET A32 2
DAMAGE COMBAT A4 4
DAMAGE COMBAT A32 3
DAMAGE COMBAT A33 1
DAMAGE COMBAT B41 1
DAMAGE COMBAT B55 5
DAMAGE COMBAT B57 2
END TURN 215
TURN 216
COMMAND LEFT START
MOVE A25 87
COMMAND LEFT END
COMMAND RIGHT START
UPGRADE 93
COMMAND RIGHT END
TURN 216 RESULT
TIME LEFT 23 5 RIGHT 0 5
UPGRADE B 93
MOVE A23 88
MOVE A24 88
MOVE A25 57
MOVE A30 47
MOVE B9 131
MOVE B11 181
MOVE B32 105
MOVE B37 105
MOVE B39 100
MOVE B40 100
MOVE B58 79
MOVE B59 79
MOVE B60 79
MOVE B61 79
MOVE B62 79
MOVE B63 79
MOVE B64 79
MOVE B65 79
MOVE B66 79
MOVE B67 79
MOVE B68 64
MOVE B72 150
MOVE B74 161
DAMAGE TURRET A33 2
DAMAGE COMBAT A33 3
DAMAGE COMBAT A34 2
DAMAGE COMBAT B32 1
DAMAGE COMBAT B57 5
END TURN 216
TURN 217
COMMAND LEFT START
COMMAND LEFT END
COMMAND RIGHT START
UPGRADE 64
COMMAND RIGHT END
TURN 217 RESULT
TIME LEFT 22 5 RIGHT 0 5
UPGRADE B 64
MOVE A23 105
MOVE A24 105
MOVE A25 66
MOVE A30 35
MOVE B9 117
MOVE B11 177
MOVE B39 99
MOVE B40 99
MOVE B58 73
MOVE B59 73
MOVE B60 73
MOVE B61 73
MOVE B62 73
MOVE B63 73
MOVE B64 73
MOVE B65 73
MOVE B66 73
MOVE B67 73
MOVE B72 130
MOVE B74 152
DAMAGE TURRET A34 2
DAMAGE COMBAT A23 2
DAMAGE COMBAT A34 2
DAMAGE COMBAT B32 5
DAMAGE COMBAT B37 2
END TURN 217
TURN 218
COMMAND LEFT START
MOVE A41 0
MOVE A42 0
MOVE A43 0
MOVE A44 0
MOVE A27 0
MOVE A28 0
MOVE A29 0
MOVE A30 94
COMMAND LEFT END
COMMAND RIGHT START
UPGRADE 64
COMMAND RIGHT END
TURN 218 RESULT
TIME LEFT 24 5 RIGHT 0 5
UPGRADE B 64
MOVE A25 79
MOVE A27 36
MOVE A28 36
MOVE A29 36
MOVE A30 70
MOVE A41 36
MOVE A42 36
MOVE A43 36
MOVE A44 36
MOVE B9 105
MOVE B11 173
MOVE B39 88
MOVE B40 88
MOVE B58 71
MOVE B59 71
MOVE B60 71
MOVE B61 71
MOVE B62 71
MOVE B63 71
MOVE B64 71
MOVE B65 71
MOVE B66 71
MOVE B67 71
MOVE B72 111
MOVE B74 135
DAMAGE TURRET A23 2
DAMAGE COMBAT A23 2
DAMAGE COMBAT A24 2
DAMAGE COMBAT B9 2
DAMAGE COMBAT B37 4
END TURN 218
TURN 219
COMMAND LEFT START
MOVE A10 0
MOVE A12 0
MOVE A13 0
COMMAND LEFT END
COMMAND RIGHT START
MOVE B41 64
MOVE B49 19
COMMAND RIGHT END
TURN 219 RESULT
TIME LEFT 14 5 RIGHT 0 5
MOVE A10 36
MOVE A12 36
MOVE A13 36
MOVE A25 73
MOVE A27 22
MOVE A28 22
MOVE A29 22
MOVE A30 78
MOVE A41 22
MOVE A42 22
MOVE A43 22
MOVE A44 22
MOVE B11 171
MOVE B39 102
MOVE B40 102
MOVE B41 89
MOVE B49 73
MOVE B58 81
MOVE B59 81
MOVE B60 81
MOVE B61 81
MOVE B62 81
MOVE B63 81
MOVE B64 81
MOVE B65 81
MOVE B66 81
MOVE B67 81
MOVE B72 98
MOVE B74 128
DAMAGE TURRET A24 2
DAMAGE COMBAT A24 2
DAMAGE COMBAT A25 1
DAMAGE COMBAT A35 1
DAMAGE COMBAT B9 3
DAMAGE COMBAT B49 1
DAMAGE COMBAT B70 2
END TURN 219
TURN 220
COMMAND LEFT START
MOVE A26 0
COMMAND LEFT END
COMMAND RIGHT START
TRAIN 1
COMMAND RIGHT END
TURN 220 RESULT
TIME LEFT 13 5 RIGHT 0 5
TRAIN B75
MOVE A10 22
MOVE A12 22
MOVE A13 22
MOVE A26 36
MOVE A27 7
MOVE A28 7
MOVE A29 7
MOVE A30 94
MOVE A41 7
MOVE A42 7
MOVE A43 7
MOVE A44 7
MOVE B11 168
MOVE B39 96
MOVE B40 96
MOVE B41 82
MOVE B72 81
MOVE B74 107
DAMAGE TURRET A35 2
DAMAGE COMBAT A25 1
DAMAGE COMBAT A35 2
DAMAGE COMBAT B49 1
DAMAGE COMBAT B70 4
END TURN 220
TURN 221
COMMAND LEFT START
MOVE A30 178
COMMAND LEFT END
COMMAND RIGHT START
MOVE B75 93
TRAIN 1
COMMAND RIGHT END
TURN 221 RESULT
TIME LEFT 16 5 RIGHT 0 5
TRAIN B76
MOVE A10 7
MOVE A12 7
MOVE A13 7
MOVE A26 22
MOVE A27 0
MOVE A28 0
MOVE A29 0
MOVE A30 118
MOVE A41 0
MOVE A42 0
MOVE A43 0
MOVE A44 0
MOVE B11 167
MOVE B41 75
MOVE B74 93
MOVE B75 179
DAMAGE TURRET A35 1
DAMAGE TURRET A36 1
DAMAGE COMBAT A25 1
DAMAGE COMBAT A36 2
DAMAGE COMBAT B49 1
DAMAGE COMBAT B70 1
DAMAGE COMBAT B71 3
END TURN 221
TURN 222
COMMAND LEFT START
MOVE A14 0
COMMAND LEFT END
COMMAND RIGHT START
MOVE B76 93
TRAIN 2
COMMAND RIGHT END
TURN 222 RESULT
TIME LEFT 17 5 RIGHT 0 5
TRAIN B77 B78
MOVE A10 0
MOVE A12 0
MOVE A13 0
MOVE A14 36
MOVE A26 7
MOVE A30 134
MOVE B41 74
MOVE B75 161
MOVE B76 179
DAMAGE TURRET A36 2
DAMAGE COMBAT A25 1
DAMAGE COMBAT A36 1
DAMAGE COMBAT B49 1
DAMAGE COMBAT B71 3
END TURN 222
TURN 223
COMMAND LEFT START
MOVE A22 0
COMMAND LEFT END
COMMAND RIGHT START
MOVE B78 93
MOVE B77 93
TRAIN 2
COMMAND RIGHT END
TURN 223 RESULT
TIME LEFT 33 5 RIGHT 0 5
TRAIN B79 B80
MOVE A14 22
MOVE A22 36
MOVE A26 0
MOVE A30 149
MOVE B41 64
MOVE B75 152
MOVE B76 161
MOVE B77 179
MOVE B78 179
DAMAGE TURRET A39 2
DAMAGE COMBAT A25 1
DAMAGE COMBAT A39 1
DAMAGE COMBAT B49 1
DAMAGE COMBAT B71 1
SIEGE B 105 1
END TURN 223
TURN 224
COMMAND LEFT START
COMMAND LEFT END
COMMAND RIGHT START
MOVE B80 93
MOVE B79 93
TRAIN 2
COMMAND RIGHT END
TURN 224 RESULT
TIME LEFT 12 5 RIGHT 0 5
TRAIN B81 B82
MOVE A14 7
MOVE A22 22
MOVE A30 167
MOVE B75 135
MOVE B76 152
MOVE B77 161
MOVE B78 161
MOVE B79 179
MOVE B80 179
DAMAGE TURRET A30 2
DAMAGE TURRET A39 2
DAMAGE COMBAT A25 1
DAMAGE COMBAT A30 3
DAMAGE COMBAT B11 1
DAMAGE COMBAT B49 1
SIEGE B 105 2
END TURN 224
TURN 225
COMMAND LEFT START
TRAIN 1
COMMAND LEFT END
COMMAND RIGHT START
MOVE B74 56
MOVE B48 56
MOVE B47 56
MOVE B46 56
MOVE B45 56
MOVE B44 56
TRAIN 2
COMMAND RIGHT END
TURN 225 RESULT
TIME LEFT 18 5 RIGHT 0 5
TRAIN A47 B83 B84
MOVE A14 0
MOVE A22 7
MOVE B44 79
MOVE B45 79
MOVE B46 79
MOVE B47 79
MOVE B48 79
MOVE B74 79
MOVE B75 128
MOVE B76 135
MOVE B77 152
MOVE B78 152
MOVE B79 161
MOVE B80 161
DAMAGE TURRET A30 1
DAMAGE TURRET A39 1
DAMAGE TURRET A40 1
DAMAGE COMBAT B11 1
SIEGE B 105 2
END TURN 225
TURN 226
COMMAND LEFT START
MOVE A21 0
COMMAND LEFT END
COMMAND RIGHT START
MOVE B84 93
MOVE B83 93
MOVE B82 93
MOVE B81 93
TRAIN 2
COMMAND RIGHT END
TURN 226 RESULT
TIME LEFT 16 5 RIGHT 0 5
TRAIN B85 B86
MOVE A21 36
MOVE A22 0
MOVE B44 66
MOVE B45 66
MOVE B46 66
MOVE B47 66
MOVE B48 66
MOVE B74 66
MOVE B75 107
MOVE B76 128
MOVE B77 135
MOVE B78 135
MOVE B79 152
MOVE B80 152
MOVE B81 179
MOVE B82 179
MOVE B83 179
MOVE B84 179
DAMAGE TURRET A40 2
SIEGE B 105 1
END TURN 226
TURN 227
COMMAND LEFT START
COMMAND LEFT END
COMMAND RIGHT START
MOVE B86 93
TRAIN 2
COMMAND RIGHT END
TURN 227 RESULT
TIME LEFT 15 5 RIGHT 0 5
TRAIN B87 B88
MOVE A21 22
MOVE B44 57
MOVE B45 57
MOVE B46 57
MOVE B47 57
MOVE B48 57
MOVE B74 57
MOVE B75 93
MOVE B76 107
MOVE B77 128
MOVE B78 128
MOVE B79 135
MOVE B80 135
MOVE B81 161
MOVE B82 161
MOVE B83 161
MOVE B84 161
MOVE B86 179
DAMAGE TURRET A40 2
SIEGE B 105 1
END TURN 227
TURN 228
COMMAND LEFT START
MOVE A40 56
MOVE A11 0
MOVE A14 56
MOVE A22 56
MOVE A26 56
MOVE A27 56
COMMAND LEFT END
COMMAND RIGHT START
TRAIN 2
COMMAND RIGHT END
TURN 228 RESULT
TIME LEFT 13 5 RIGHT 0 5
TRAIN B89 B90
MOVE A11 71
MOVE A14 7
MOVE A21 7
MOVE A22 7
MOVE A26 7
MOVE A27 7
MOVE A40 88
MOVE B44 56
MOVE B45 56
MOVE B46 56
MOVE B47 56
MOVE B48 56
MOVE B74 56
MOVE B76 93
MOVE B77 107
MOVE B78 107
MOVE B79 128
MOVE B80 128
MOVE B81 152
MOVE B82 152
MOVE B83 152
MOVE B84 152
MOVE B86 161
DAMAGE TURRET B44 1
DAMAGE COMBAT A7 5
DAMAGE COMBAT A9 1
DAMAGE COMBAT B44 4
END TURN 228
TURN 229
COMMAND LEFT START
MOVE A38 56
COMMAND LEFT END
COMMAND RIGHT START
MOVE B42 105
MOVE B30 105
MOVE B31 105
COMMAND RIGHT END
TURN 229 RESULT
TIME LEFT 20 5 RIGHT 0 5
MOVE A11 59
MOVE A14 22
MOVE A21 0
MOVE A22 22
MOVE A26 22
MOVE A27 22
MOVE A38 7
MOVE A40 75
MOVE B30 185
MOVE B31 185
MOVE B42 89
MOVE B77 93
MOVE B78 93
MOVE B79 107
MOVE B80 107
MOVE B81 135
MOVE B82 135
MOVE B83 135
MOVE B84 135
MOVE B86 152
DAMAGE TURRET B44 1
DAMAGE COMBAT A45 6
DAMAGE COMBAT B45 2
END TURN 229
TURN 230
COMMAND LEFT START
MOVE A47 56
TRAIN 1
COMMAND LEFT END
COMMAND RIGHT START
MOVE B43 105
MOVE B90 93
MOVE B72 93
MOVE B67 93
MOVE B66 93
MOVE B65 93
MOVE B64 93
MOVE B63 93
MOVE B62 93
MOVE B61 93
MOVE B60 93
MOVE B59 93
MOVE B58 93
UPGRADE 186
COMMAND RIGHT END
TURN 230 RESULT
TIME LEFT 12 5 RIGHT 0 5
UPGRADE B 186
TRAIN A48
MOVE A11 46
MOVE A14 36
MOVE A22 36
MOVE A26 36
MOVE A27 36
MOVE A38 22
MOVE A40 56
MOVE A47 7
MOVE B30 181
MOVE B31 181
MOVE B42 100
MOVE B43 89
MOVE B58 87
MOVE B59 87
MOVE B60 87
MOVE B61 87
MOVE B62 87
MOVE B63 87
MOVE B64 87
MOVE B65 87
MOVE B66 87
MOVE B67 87
MOVE B72 87
MOVE B79 93
MOVE B80 93
MOVE B81 128
MOVE B82 128
MOVE B83 128
MOVE B84 128
MOVE B86 135
MOVE B90 179
DAMAGE TURRET B45 1
DAMAGE COMBAT A40 1
DAMAGE COMBAT A46 4
DAMAGE COMBAT B45 2
END TURN 230
TURN 231
COMMAND LEFT START
COMMAND LEFT END
COMMAND RIGHT START
MOVE B75 105
MOVE B80 19
MOVE B89 93
COMMAND RIGHT END
TURN 231 RESULT
TIME LEFT 17 5 RIGHT 0 5
MOVE A11 31
MOVE A14 56
MOVE A22 56
MOVE A26 56
MOVE A27 56
MOVE A38 36
MOVE A47 22
MOVE B30 165
MOVE B31 165
MOVE B42 99
MOVE B43 100
MOVE B58 86
MOVE B59 86
MOVE B60 86
MOVE B61 86
MOVE B62 86
MOVE B63 86
MOVE B64 86
MOVE B65 86
MOVE B66 86
MOVE B67 86
MOVE B72 86
MOVE B75 89
MOVE B80 73
MOVE B81 107
MOVE B82 107
MOVE B83 107
MOVE B84 107
MOVE B86 128
MOVE B89 179
MOVE B90 161
DAMAGE TURRET B45 1
DAMAGE COMBAT A14 3
DAMAGE COMBAT A46 2
DAMAGE COMBAT B46 5
END TURN 231
TURN 232
COMMAND LEFT START
COMMAND LEFT END
COMMAND RIGHT START
MOVE B76 105
UPGRADE 64
COMMAND RIGHT END
TURN 232 RESULT
TIME LEFT 13 5 RIGHT 0 5
UPGRADE B 64
MOVE A11 21
MOVE A38 56
MOVE A47 36
MOVE B30 155
MOVE B31 155
MOVE B42 105
MOVE B43 99
MOVE B58 97
MOVE B59 97
MOVE B60 97
MOVE B61 97
MOVE B62 97
MOVE B63 97
MOVE B64 97
MOVE B65 97
MOVE B66 97
MOVE B67 97
MOVE B72 97
MOVE B75 100
MOVE B76 89
MOVE B80 65
MOVE B81 93
MOVE B82 93
MOVE B83 93
MOVE B84 93
MOVE B86 107
MOVE B89 161
MOVE B90 152
DAMAGE TURRET B46 1
DAMAGE COMBAT A14 3
DAMAGE COMBAT A22 1
DAMAGE COMBAT B47 5
END TURN 232
TURN 233
COMMAND LEFT START
COMMAND LEFT END
COMMAND RIGHT START
MOVE B77 64
TRAIN 1
COMMAND RIGHT END
TURN 233 RESULT
TIME LEFT 13 5 RIGHT 0 5
TRAIN B91
MOVE A11 5
MOVE A47 56
MOVE B30 140
MOVE B31 140
MOVE B43 105
MOVE B58 93
MOVE B59 93
MOVE B60 93
MOVE B61 93
MOVE B62 93
MOVE B63 93
MOVE B64 93
MOVE B65 93
MOVE B66 93
MOVE B67 93
MOVE B72 93
MOVE B75 99
MOVE B76 100
MOVE B77 89
MOVE B80 59
MOVE B86 93
MOVE B89 152
MOVE B90 135
DAMAGE TURRET B47 1
DAMAGE COMBAT A22 3
DAMAGE COMBAT B48 5
END TURN 233
TURN 234
COMMAND LEFT START
TRAIN 1
COMMAND LEFT END
COMMAND RIGHT START
MOVE B91 93
TRAIN 1
COMMAND RIGHT END
TURN 234 RESULT
TIME LEFT 13 5 RIGHT 0 5
TRAIN A49 B92
MOVE A11 1
MOVE B30 131
MOVE B31 131
MOVE B75 105
MOVE B76 99
MOVE B77 82
MOVE B80 46
MOVE B89 135
MOVE B90 128
MOVE B91 179
DAMAGE TURRET B48 1
DAMAGE COMBAT A22 2
DAMAGE COMBAT B74 5
END TURN 234
TURN 235
COMMAND LEFT START
MOVE A49 104
COMMAND LEFT END
COMMAND RIGHT START
MOVE B92 93
TRAIN 3
COMMAND RIGHT END
TURN 235 RESULT
TIME LEFT 19 5 RIGHT 0 5
TRAIN B93 B94 B95
MOVE A11 0
MOVE A49 7
MOVE B30 117
MOVE B31 117
MOVE B76 105
MOVE B77 75
MOVE B80 40
MOVE B89 128
MOVE B90 107
MOVE B91 161
MOVE B92 179
DAMAGE TURRET B74 1
DAMAGE COMBAT A26 1
DAMAGE COMBAT B74 1
END TURN 235
TURN 236
COMMAND LEFT START
MOVE A26 0
MOVE A27 0
COMMAND LEFT END
COMMAND RIGHT START
MOVE B76 93
MOVE B95 93
MOVE B94 93
MOVE B93 93
TRAIN 3
COMMAND RIGHT END
TURN 236 RESULT
TIME LEFT 23 5 RIGHT 0 5
TRAIN B96 B97 B98
MOVE A26 36
MOVE A27 36
MOVE A49 11
MOVE B30 105
MOVE B31 105
MOVE B76 99
MOVE B77 74
MOVE B80 30
MOVE B89 107
MOVE B90 93
MOVE B91 152
MOVE B92 161
MOVE B93 179
MOVE B94 179
MOVE B95 179
END TURN 236
TURN 237
COMMAND LEFT START
COMMAND LEFT END
COMMAND RIGHT START
TRAIN 3
COMMAND RIGHT END
TURN 237 RESULT
TIME LEFT 11 5 RIGHT 0 5
TRAIN B99 B100 B101
MOVE A26 22
MOVE A27 22
MOVE A49 24
MOVE B76 100
MOVE B77 64
MOVE B80 19
MOVE B89 93
MOVE B91 135
MOVE B92 152
MOVE B93 161
MOVE B94 161
MOVE B95 161
END TURN 237
TURN 238
COMMAND LEFT START
TRAIN 1
COMMAND LEFT END
COMMAND RIGHT START
MOVE B90 15
UPGRADE 19
TRAIN 1
COMMAND RIGHT END
TURN 238 RESULT
TIME LEFT 11 5 RIGHT 0 5
UPGRADE B 19
TRAIN A50 B102
MOVE A26 7
MOVE A27 7
MOVE A49 38
MOVE B76 89
MOVE B90 73
MOVE B91 128
MOVE B92 135
MOVE B93 152
MOVE B94 152
MOVE B95 152
END TURN 238
TURN 239
COMMAND LEFT START
COMMAND LEFT END
COMMAND RIGHT START
MOVE B102 93
UPGRADE 19
COMMAND RIGHT END
TURN 239 RESULT
TIME LEFT 18 5 RIGHT 0 5
UPGRADE B 19
MOVE A26 0
MOVE A27 0
MOVE A49 49
MOVE B76 93
MOVE B90 65
MOVE B91 107
MOVE B92 128
MOVE B93 135
MOVE B94 135
MOVE B95 135
MOVE B102 179
END TURN 239
TURN 240
COMMAND LEFT START
COMMAND LEFT END
COMMAND RIGHT START
MOVE B58 19
UPGRADE 19
COMMAND RIGHT END
TURN 240 RESULT
TIME LEFT 12 5 RIGHT 0 5
UPGRADE B 19
MOVE A49 73
MOVE B58 73
MOVE B90 45
MOVE B91 93
MOVE B92 107
MOVE B93 128
MOVE B94 128
MOVE B95 128
MOVE B102 161
DAMAGE COMBAT A49 1
DAMAGE COMBAT B58 1
END TURN 240
TURN 241
COMMAND LEFT START
COMMAND LEFT END
COMMAND RIGHT START
MOVE B53 19
MOVE B101 93
TRAIN 3
COMMAND RIGHT END
TURN 241 RESULT
TIME LEFT 11 5 RIGHT 0 5
TRAIN B103 B104 B105
MOVE B53 179
MOVE B90 31
MOVE B92 93
MOVE B93 107
MOVE B94 107
MOVE B95 107
MOVE B101 179
MOVE B102 152
DAMAGE COMBAT A49 1
DAMAGE COMBAT B58 1
END TURN 241
TURN 242
COMMAND LEFT START
TRAIN 1
COMMAND LEFT END
COMMAND RIGHT START
TRAIN 3
COMMAND RIGHT END
TURN 242 RESULT
TIME LEFT 15 5 RIGHT 0 5
TRAIN A51 B106 B107 B108
MOVE B53 164
MOVE B90 23
MOVE B93 93
MOVE B94 93
MOVE B95 93
MOVE B101 161
MOVE B102 135
DAMAGE COMBAT A49 1
DAMAGE COMBAT B58 1
END TURN 242
TURN 243
COMMAND LEFT START
COMMAND LEFT END
COMMAND RIGHT START
TRAIN 3
COMMAND RIGHT END
TURN 243 RESULT
TIME LEFT 16 5 RIGHT 0 5
TRAIN B109 B110 B111
MOVE B53 150
MOVE B90 15
MOVE B101 152
MOVE B102 128
DAMAGE COMBAT A49 1
DAMAGE COMBAT B58 1
END TURN 243
TURN 244
COMMAND LEFT START
COMMAND LEFT END
COMMAND RIGHT START
MOVE B75 28
MOVE B95 56
MOVE B94 56
MOVE B93 56
MOVE B92 56
MOVE B91 56
MOVE B89 56
MOVE B86 56
MOVE B84 56
MOVE B83 56
MOVE B82 56
MOVE B81 56
MOVE B79 56
MOVE B78 56
MOVE B76 56
MOVE B72 56
MOVE B67 56
MOVE B66 56
MOVE B65 56
MOVE B64 56
MOVE B63 56
MOVE B62 56
MOVE B61 56
UPGRADE 15
COMMAND RIGHT END
TURN 244 RESULT
TIME LEFT 14 5 RIGHT 1 5
UPGRADE B 15
MOVE B53 130
MOVE B61 79
MOVE B62 79
MOVE B63 79
MOVE B64 79
MOVE B65 79
MOVE B66 79
MOVE B67 79
MOVE B72 79
MOVE B75 102
MOVE B76 79
MOVE B78 79
MOVE B79 79
MOVE B81 79
MOVE B82 79
MOVE B83 79
MOVE B84 79
MOVE B86 79
MOVE B89 79
MOVE B91 79
MOVE B92 79
MOVE B93 79
MOVE B94 79
MOVE B95 79
MOVE B101 135
MOVE B102 107
DAMAGE COMBAT A49 1
DAMAGE COMBAT B58 1
END TURN 244
TURN 245
COMMAND LEFT START
MOVE A47 0
COMMAND LEFT END
COMMAND RIGHT START
MOVE B111 93
MOVE B110 93
MOVE B109 93
MOVE B108 93
MOVE B107 93
MOVE B106 93
MOVE B105 93
MOVE B104 93
MOVE B43 93
MOVE B103 93
MOVE B100 93
MOVE B99 93
MOVE B98 93
MOVE B97 93
UPGRADE 15
TRAIN 3
COMMAND RIGHT END
TURN 245 RESULT
TIME LEFT 14 5 RIGHT 0 5
UPGRADE B 15
TRAIN B112 B113 B114
MOVE A47 36
MOVE B43 99
MOVE B53 111
MOVE B61 66
MOVE B62 66
MOVE B63 66
MOVE B64 66
MOVE B65 66
MOVE B66 66
MOVE B67 66
MOVE B72 66
MOVE B75 85
MOVE B76 66
MOVE B78 66
MOVE B79 66
MOVE B81 66
MOVE B82 66
MOVE B83 66
MOVE B84 66
MOVE B86 66
MOVE B89 66
MOVE B91 66
MOVE B92 66
MOVE B93 66
MOVE B94 66
MOVE B95 66
MOVE B97 179
MOVE B98 179
MOVE B99 179
MOVE B100 179
MOVE B101 128
MOVE B102 93
MOVE B103 179
MOVE B104 179
MOVE B105 179
MOVE B106 179
MOVE B107 179
MOVE B108 179
MOVE B109 179
MOVE B110 179
MOVE B111 179
DAMAGE COMBAT A49 1
DAMAGE COMBAT B58 1
END TURN 245
TURN 246
COMMAND LEFT START
MOVE A38 7
TRAIN 1
COMMAND LEFT END
COMMAND RIGHT START
MOVE B73 15
MOVE B114 93
MOVE B113 93
UPGRADE 15
COMMAND RIGHT END
TURN 246 RESULT
TIME LEFT 17 5 RIGHT 0 5
UPGRADE B 15
TRAIN A52
MOVE A38 36
MOVE A47 22
MOVE B43 100
MOVE B53 98
MOVE B58 65
MOVE B61 57
MOVE B62 57
MOVE B63 57
MOVE B64 57
MOVE B65 57
MOVE B66 57
MOVE B67 57
MOVE B72 57
MOVE B73 179
MOVE B75 74
MOVE B76 57
MOVE B78 57
MOVE B79 57
MOVE B81 57
MOVE B82 57
MOVE B83 57
MOVE B84 57
MOVE B86 57
MOVE B89 57
MOVE B91 57
MOVE B92 57
MOVE B93 57
MOVE B94 57
MOVE B95 57
MOVE B97 161
MOVE B98 161
MOVE B99 161
MOVE B100 161
MOVE B101 107
MOVE B103 161
MOVE B104 161
MOVE B105 161
MOVE B106 161
MOVE B107 161
MOVE B108 161
MOVE B109 161
MOVE B110 161
MOVE B111 161
MOVE B113 179
MOVE B114 179
END TURN 246
TURN 247
COMMAND LEFT START
COMMAND LEFT END
COMMAND RIGHT START
TRAIN 1
COMMAND RIGHT END
TURN 247 RESULT
TIME LEFT 18 5 RIGHT 0 5
TRAIN B115
MOVE A38 22
MOVE A47 7
MOVE B43 89
MOVE B53 84
MOVE B58 59
MOVE B61 56
MOVE B62 56
MOVE B63 56
MOVE B64 56
MOVE B65 56
MOVE B66 56
MOVE B67 56
MOVE B72 56
MOVE B73 161
MOVE B75 63
MOVE B76 56
MOVE B78 56
MOVE B79 56
MOVE B81 56
MOVE B82 56
MOVE B83 56
MOVE B84 56
MOVE B86 56
MOVE B89 56
MOVE B91 56
MOVE B92 56
MOVE B93 56
MOVE B94 56
MOVE B95 56
MOVE B97 152
MOVE B98 152
MOVE B99 152
MOVE B100 152
MOVE B101 93
MOVE B103 152
MOVE B104 152
MOVE B105 152
MOVE B106 152
MOVE B107 152
MOVE B108 152
MOVE B109 152
MOVE B110 152
MOVE B111 152
MOVE B113 161
MOVE B114 161
DAMAGE TURRET B61 1
SIEGE A 56 6
END TURN 247
TURN 248
COMMAND LEFT START
MOVE A42 7
MOVE A43 7
MOVE A44 7
MOVE A48 7
MOVE A50 7
MOVE A51 7
MOVE A52 7
MOVE A10 7
MOVE A12 7
MOVE A13 7
MOVE A21 7
MOVE A26 7
MOVE A27 113
MOVE A28 7
MOVE A29 7
COMMAND LEFT END
COMMAND RIGHT START
MOVE B59 15
MOVE B61 93
MOVE B62 93
MOVE B63 93
MOVE B64 93
MOVE B65 93
MOVE B66 93
MOVE B67 93
MOVE B72 93
MOVE B76 93
MOVE B78 93
MOVE B79 93
MOVE B81 93
MOVE B82 93
MOVE B83 93
MOVE B84 93
MOVE B86 93
MOVE B89 93
MOVE B91 93
MOVE B92 93
MOVE B93 93
MOVE B94 93
MOVE B115 93
UPGRADE 56
TRAIN 1
COMMAND RIGHT END
TURN 248 RESULT
TIME LEFT 37 5 RIGHT 0 5
UPGRADE B 56
TRAIN B116
MOVE A10 7
MOVE A12 7
MOVE A13 7
MOVE A21 7
MOVE A26 7
MOVE A27 7
MOVE A28 7
MOVE A29 7
MOVE A38 7
MOVE A42 7
MOVE A43 7
MOVE A44 7
MOVE A47 0
MOVE A48 7
MOVE A50 7
MOVE A51 7
MOVE A52 7
MOVE B43 93
MOVE B53 76
MOVE B58 46
MOVE B59 73
MOVE B61 57
MOVE B62 57
MOVE B63 57
MOVE B64 57
MOVE B65 57
MOVE B66 57
MOVE B67 57
MOVE B72 57
MOVE B73 152
MOVE B75 43
MOVE B76 57
MOVE B78 57
MOVE B79 57
MOVE B81 57
MOVE B82 57
MOVE B83 57
MOVE B84 57
MOVE B86 57
MOVE B89 57
MOVE B91 57
MOVE B92 57
MOVE B93 57
MOVE B94 57
MOVE B97 135
MOVE B98 135
MOVE B99 135
MOVE B100 135
MOVE B103 135
MOVE B104 135
MOVE B105 135
MOVE B106 135
MOVE B107 135
MOVE B108 135
MOVE B109 135
MOVE B110 135
MOVE B111 135
MOVE B113 152
MOVE B114 152
MOVE B115 179
END TURN 248
TURN 249
COMMAND LEFT START
MOVE A38 0
MOVE A42 0
MOVE A43 0
MOVE A44 0
MOVE A48 0
MOVE A50 0
MOVE A51 0
MOVE A52 0
MOVE A10 0
MOVE A12 0
MOVE A13 0
MOVE A21 0
MOVE A26 0
MOVE A28 0
MOVE A29 0
COMMAND LEFT END
COMMAND RIGHT START
MOVE B116 93
UPGRADE 56
COMMAND RIGHT END
TURN 249 RESULT
TIME LEFT 37 5 RIGHT 5 5
UPGRADE B 56
MOVE A10 0
MOVE A12 0
MOVE A13 0
MOVE A21 0
MOVE A26 0
MOVE A27 25
MOVE A28 0
MOVE A29 0
MOVE A38 0
MOVE A42 0
MOVE A43 0
MOVE A44 0
MOVE A48 0
MOVE A50 0
MOVE A51 0
MOVE A52 0
MOVE B53 61
MOVE B58 40
MOVE B59 65
MOVE B61 66
MOVE B62 66
MOVE B63 66
MOVE B64 66
MOVE B65 66
MOVE B66 66
MOVE B67 66
MOVE B72 66
MOVE B73 135
MOVE B75 28
MOVE B76 66
MOVE B78 66
MOVE B79 66
MOVE B81 66
MOVE B82 66
MOVE B83 66
MOVE B84 66
MOVE B86 66
MOVE B89 66
MOVE B91 66
MOVE B92 66
MOVE B93 66
MOVE B94 66
MOVE B97 128
MOVE B98 128
MOVE B99 128
MOVE B100 128
MOVE B103 128
MOVE B104 128
MOVE B105 128
MOVE B106 128
MOVE B107 128
MOVE B108 128
MOVE B109 128
MOVE B110 128
MOVE B111 128
MOVE B113 135
MOVE B114 135
MOVE B115 161
MOVE B116 179
END TURN 249
TURN 250
COMMAND LEFT START
COMMAND LEFT END
COMMAND RIGHT START
MOVE B43 56
UPGRADE 28
UPGRADE 56
COMMAND RIGHT END
TURN 250 RESULT
TIME LEFT 10 5 RIGHT 0 5
UPGRADE B 28
UPGRADE B 56
MOVE A27 34
MOVE B43 79
MOVE B53 42
MOVE B58 30
MOVE B59 45
MOVE B61 79
MOVE B62 79
MOVE B63 79
MOVE B64 79
MOVE B65 79
MOVE B66 79
MOVE B67 79
MOVE B72 79
MOVE B73 120
MOVE B76 79
MOVE B78 79
MOVE B79 79
MOVE B81 79
MOVE B82 79
MOVE B83 79
MOVE B84 79
MOVE B86 79
MOVE B89 79
MOVE B91 79
MOVE B92 79
MOVE B93 79
MOVE B94 79
MOVE B97 107
MOVE B98 107
MOVE B99 107
MOVE B100 107
MOVE B103 107
MOVE B104 107
MOVE B105 107
MOVE B106 107
MOVE B107 107
MOVE B108 107
MOVE B109 107
MOVE B110 107
MOVE B111 107
MOVE B113 128
MOVE B114 128
MOVE B115 152
MOVE B116 161
END TURN 250
TURN 251
COMMAND LEFT START
COMMAND LEFT END
COMMAND RIGHT START
COMMAND RIGHT END
TURN 251 RESULT
TIME LEFT 17 5 RIGHT 0 5
MOVE A27 51
MOVE B43 66
MOVE B53 19
MOVE B58 19
MOVE B59 31
MOVE B61 93
MOVE B62 93
MOVE B63 93
MOVE B64 93
MOVE B65 93
MOVE B66 93
MOVE B67 93
MOVE B72 93
MOVE B73 104
MOVE B76 93
MOVE B78 93
MOVE B79 93
MOVE B81 93
MOVE B82 93
MOVE B83 93
MOVE B84 93
MOVE B86 93
MOVE B89 93
MOVE B91 93
MOVE B92 93
MOVE B93 93
MOVE B94 93
MOVE B97 93
MOVE B98 93
MOVE B99 93
MOVE B100 93
MOVE B103 93
MOVE B104 93
MOVE B105 93
MOVE B106 93
MOVE B107 93
MOVE B108 93
MOVE B109 93
MOVE B110 93
MOVE B111 93
MOVE B113 107
MOVE B114 107
MOVE B115 135
MOVE B116 152
END TURN 251
TURN 252
COMMAND LEFT START
COMMAND LEFT END
COMMAND RIGHT START
MOVE B60 56
UPGRADE 28
COMMAND RIGHT END
TURN 252 RESULT
TIME LEFT 17 5 RIGHT 0 5
UPGRADE B 28
MOVE A27 66
MOVE B43 57
MOVE B59 23
MOVE B60 79
MOVE B73 86
MOVE B113 93
MOVE B114 93
MOVE B115 128
MOVE B116 135
END TURN 252
TURN 253
COMMAND LEFT START
COMMAND LEFT END
COMMAND RIGHT START
MOVE B114 0
MOVE B113 0
MOVE B111 0
MOVE B110 0
MOVE B109 0
MOVE B108 0
MOVE B107 0
MOVE B106 0
MOVE B105 0
MOVE B104 0
MOVE B103 0
MOVE B102 0
MOVE B101 0
MOVE B100 0
MOVE B99 0
MOVE B98 0
MOVE B97 0
MOVE B94 0
MOVE B93 0
MOVE B92 0
MOVE B91 0
MOVE B89 0
MOVE B86 0
MOVE B84 0
MOVE B83 0
MOVE B82 0
MOVE B81 0
MOVE B79 0
MOVE B78 0
MOVE B76 0
MOVE B72 0
MOVE B67 0
MOVE B66 0
MOVE B65 0
MOVE B64 0
MOVE B63 0
TRAIN 1
COMMAND RIGHT END
TURN 253 RESULT
TIME LEFT 10 5 RIGHT 0 5
TRAIN B117
MOVE A27 82
MOVE B43 56
MOVE B59 15
MOVE B60 66
MOVE B63 79
MOVE B64 79
MOVE B65 79
MOVE B66 79
MOVE B67 79
MOVE B72 79
MOVE B73 71
MOVE B76 79
MOVE B78 79
MOVE B79 79
MOVE B81 79
MOVE B82 79
MOVE B83 79
MOVE B84 79
MOVE B86 79
MOVE B89 79
MOVE B91 79
MOVE B92 79
MOVE B93 79
MOVE B94 79
MOVE B97 79
MOVE B98 79
MOVE B99 79
MOVE B100 79
MOVE B101 79
MOVE B102 79
MOVE B103 79
MOVE B104 79
MOVE B105 79
MOVE B106 79
MOVE B107 79
MOVE B108 79
MOVE B109 79
MOVE B110 79
MOVE B111 79
MOVE B113 79
MOVE B114 79
MOVE B115 107
MOVE B116 128
END TURN 253
TURN 254
COMMAND LEFT START
TRAIN 1
COMMAND LEFT END
COMMAND RIGHT START
MOVE B85 28
UPGRADE 28
COMMAND RIGHT END
TURN 254 RESULT
TIME LEFT 19 5 RIGHT 0 5
UPGRADE B 28
TRAIN A53
MOVE A27 89
MOVE B60 57
MOVE B63 58
MOVE B64 58
MOVE B65 58
MOVE B66 58
MOVE B67 58
MOVE B72 58
MOVE B73 59
MOVE B76 58
MOVE B78 58
MOVE B79 58
MOVE B81 58
MOVE B82 58
MOVE B83 58
MOVE B84 58
MOVE B85 185
MOVE B86 58
MOVE B89 58
MOVE B91 58
MOVE B92 58
MOVE B93 58
MOVE B94 58
MOVE B97 58
MOVE B98 58
MOVE B99 58
MOVE B100 58
MOVE B101 58
MOVE B102 58
MOVE B103 58
MOVE B104 58
MOVE B105 58
MOVE B106 58
MOVE B107 58
MOVE B108 58
MOVE B109 58
MOVE B110 58
MOVE B111 58
MOVE B113 58
MOVE B114 58
MOVE B115 93
MOVE B116 107
END TURN 254
TURN 255
COMMAND LEFT START
COMMAND LEFT END
COMMAND RIGHT START
TRAIN 1
COMMAND RIGHT END
TURN 255 RESULT
TIME LEFT 15 5 RIGHT 0 5
TRAIN B118
MOVE A27 113
MOVE B60 56
MOVE B63 51
MOVE B64 51
MOVE B65 51
MOVE B66 51
MOVE B67 51
MOVE B72 51
MOVE B73 46
MOVE B76 51
MOVE B78 51
MOVE B79 51
MOVE B81 51
MOVE B82 51
MOVE B83 51
MOVE B84 51
MOVE B85 181
MOVE B86 51
MOVE B89 51
MOVE B91 51
MOVE B92 51
MOVE B93 51
MOVE B94 51
MOVE B97 51
MOVE B98 51
MOVE B99 51
MOVE B100 51
MOVE B101 51
MOVE B102 51
MOVE B103 51
MOVE B104 51
MOVE B105 51
MOVE B106 51
MOVE B107 51
MOVE B108 51
MOVE B109 51
MOVE B110 51
MOVE B111 51
MOVE B113 51
MOVE B114 51
MOVE B116 93
END TURN 255
TURN 256
COMMAND LEFT START
COMMAND LEFT END
COMMAND RIGHT START
MOVE B61 28
MOVE B118 93
TRAIN 3
COMMAND RIGHT END
TURN 256 RESULT
TIME LEFT 17 5 RIGHT 0 5
TRAIN B119 B120 B121
MOVE B61 79
MOVE B63 34
MOVE B64 34
MOVE B65 34
MOVE B66 34
MOVE B67 34
MOVE B72 34
MOVE B73 23
MOVE B76 34
MOVE B78 34
MOVE B79 34
MOVE B81 34
MOVE B82 34
MOVE B83 34
MOVE B84 34
MOVE B85 165
MOVE B86 34
MOVE B89 34
MOVE B91 34
MOVE B92 34
MOVE B93 34
MOVE B94 34
MOVE B97 34
MOVE B98 34
MOVE B99 34
MOVE B100 34
MOVE B101 34
MOVE B102 34
MOVE B103 34
MOVE B104 34
MOVE B105 34
MOVE B106 34
MOVE B107 34
MOVE B108 34
MOVE B109 34
MOVE B110 34
MOVE B111 34
MOVE B113 34
MOVE B114 34
MOVE B118 179
END TURN 256
TURN 257
COMMAND LEFT START
MOVE A43 11
MOVE A44 7
MOVE A47 7
MOVE A48 7
MOVE A50 7
MOVE A51 7
MOVE A52 7
MOVE A53 7
MOVE A10 7
MOVE A11 33
MOVE A12 7
MOVE A13 7
MOVE A21 7
MOVE A26 7
COMMAND LEFT END
COMMAND RIGHT START
MOVE B121 93
MOVE B120 93
MOVE B119 93
TRAIN 3
COMMAND RIGHT END
TURN 257 RESULT
TIME LEFT 35 5 RIGHT 0 5
TRAIN B122 B123 B124
MOVE A10 7
MOVE A11 7
MOVE A12 7
MOVE A13 7
MOVE A21 7
MOVE A26 7
MOVE A43 7
MOVE A44 7
MOVE A47 7
MOVE A48 7
MOVE A50 7
MOVE A51 7
MOVE A52 7
MOVE A53 7
MOVE B61 66
MOVE B63 25
MOVE B64 25
MOVE B65 25
MOVE B66 25
MOVE B67 25
MOVE B72 25
MOVE B73 15
MOVE B76 25
MOVE B78 25
MOVE B79 25
MOVE B81 25
MOVE B82 25
MOVE B83 25
MOVE B84 25
MOVE B85 155
MOVE B86 25
MOVE B89 25
MOVE B91 25
MOVE B92 25
MOVE B93 25
MOVE B94 25
MOVE B97 25
MOVE B98 25
MOVE B99 25
MOVE B100 25
MOVE B101 25
MOVE B102 25
MOVE B103 25
MOVE B104 25
MOVE B105 25
MOVE B106 25
MOVE B107 25
MOVE B108 25
MOVE B109 25
MOVE B110 25
MOVE B111 25
MOVE B113 25
MOVE B114 25
MOVE B118 161
MOVE B119 179
MOVE B120 179
MOVE B121 179
END TURN 257
TURN 258
COMMAND LEFT START
MOVE A3 0
MOVE A10 0
MOVE A12 0
MOVE A13 0
MOVE A21 0
MOVE A26 0
MOVE A44 0
MOVE A47 0
MOVE A48 0
MOVE A50 0
MOVE A51 0
MOVE A52 0
COMMAND LEFT END
COMMAND RIGHT START
MOVE B124 93
MOVE B123 93
MOVE B122 93
TRAIN 3
COMMAND RIGHT END
TURN 258 RESULT
TIME LEFT 15 5 RIGHT 1 5
TRAIN B125 B126 B127
MOVE A3 0
MOVE A10 0
MOVE A11 25
MOVE A12 0
MOVE A13 0
MOVE A21 0
MOVE A26 0
MOVE A43 11
MOVE A44 0
MOVE A47 0
MOVE A48 0
MOVE A50 0
MOVE A51 0
MOVE A52 0
MOVE B61 57
MOVE B63 7
MOVE B64 7
MOVE B65 7
MOVE B66 7
MOVE B67 7
MOVE B72 7
MOVE B76 7
MOVE B78 7
MOVE B79 7
MOVE B81 7
MOVE B82 7
MOVE B83 7
MOVE B84 7
MOVE B85 140
MOVE B86 7
MOVE B89 7
MOVE B91 7
MOVE B92 7
MOVE B93 7
MOVE B94 7
MOVE B97 7
MOVE B98 7
MOVE B99 7
MOVE B100 7
MOVE B101 7
MOVE B102 7
MOVE B103 7
MOVE B104 7
MOVE B105 7
MOVE B106 7
MOVE B107 7
MOVE B108 7
MOVE B109 7
MOVE B110 7
MOVE B111 7
MOVE B113 7
MOVE B114 7
MOVE B118 152
MOVE B119 161
MOVE B120 161
MOVE B121 161
MOVE B122 179
MOVE B123 179
MOVE B124 179
DAMAGE TURRET B63 1
DAMAGE COMBAT A53 6
DAMAGE COMBAT B63 1
SIEGE A 7 6
END TURN 258
TURN 259
COMMAND LEFT START
COMMAND LEFT END
COMMAND RIGHT START
MOVE B127 93
MOVE B126 93
MOVE B125 93
TRAIN 3
COMMAND RIGHT END
TURN 259 RESULT
TIME LEFT 36 5 RIGHT 1 5
TRAIN B128 B129 B130
MOVE A11 33
MOVE B61 56
MOVE B63 0
MOVE B64 0
MOVE B65 0
MOVE B66 0
MOVE B67 0
MOVE B72 0
MOVE B76 0
MOVE B78 0
MOVE B79 0
MOVE B81 0
MOVE B82 0
MOVE B83 0
MOVE B84 0
MOVE B85 127
MOVE B86 0
MOVE B89 0
MOVE B91 0
MOVE B92 0
MOVE B93 0
MOVE B94 0
MOVE B97 0
MOVE B98 0
MOVE B99 0
MOVE B100 0
MOVE B101 0
MOVE B102 0
MOVE B103 0
MOVE B104 0
MOVE B105 0
MOVE B106 0
MOVE B107 0
MOVE B108 0
MOVE B109 0
MOVE B110 0
MOVE B111 0
MOVE B113 0
MOVE B114 0
MOVE B118 135
MOVE B119 152
MOVE B120 152
MOVE B121 152
MOVE B122 161
MOVE B123 161
MOVE B124 161
MOVE B125 179
MOVE B126 179
MOVE B127 179
DAMAGE TURRET B63 2
DAMAGE COMBAT A1 4
DAMAGE COMBAT A3 2
DAMAGE COMBAT A5 5
DAMAGE COMBAT A10 5
DAMAGE COMBAT A12 5
DAMAGE COMBAT A13 5
DAMAGE COMBAT A21 3
DAMAGE COMBAT A26 5
DAMAGE COMBAT A28 2
DAMAGE COMBAT B63 3
DAMAGE COMBAT B64 7
DAMAGE COMBAT B65 7
DAMAGE COMBAT B66 3
END TURN 259
TURN 260
COMMAND LEFT START
MOVE A43 0
COMMAND LEFT END
COMMAND RIGHT START
MOVE B130 7
TRAIN 3
COMMAND RIGHT END
TURN 260 RESULT
TIME LEFT 9 5 RIGHT 0 5
TRAIN B131 B132 B133
MOVE A43 7
MOVE B61 53
MOVE B85 115
MOVE B118 128
MOVE B119 135
MOVE B120 135
MOVE B121 135
MOVE B122 152
MOVE B123 152
MOVE B124 152
MOVE B125 161
MOVE B126 161
MOVE B127 161
MOVE B130 179
DAMAGE TURRET B66 2
DAMAGE COMBAT A28 4
DAMAGE COMBAT A29 6
DAMAGE COMBAT A37 6
DAMAGE COMBAT A38 6
DAMAGE COMBAT A41 6
DAMAGE COMBAT A42 5
DAMAGE COMBAT B66 2
DAMAGE COMBAT B67 7
DAMAGE COMBAT B72 3
END TURN 260
TURN 261
COMMAND LEFT START
COMMAND LEFT END
COMMAND RIGHT START
TRAIN 3
COMMAND RIGHT END
TURN 261 RESULT
TIME LEFT 12 5 RIGHT 0 5
TRAIN B134 B135 B136
MOVE A43 0
MOVE B61 41
MOVE B85 99
MOVE B118 107
MOVE B119 128
MOVE B120 128
MOVE B121 128
MOVE B122 135
MOVE B123 135
MOVE B124 135
MOVE B125 152
MOVE B126 152
MOVE B127 152
MOVE B130 161
DAMAGE TURRET B72 2
DAMAGE COMBAT A42 1
DAMAGE COMBAT A43 6
DAMAGE COMBAT A44 6
DAMAGE COMBAT A47 6
DAMAGE COMBAT A48 6
DAMAGE COMBAT A50 6
DAMAGE COMBAT B72 2
DAMAGE COMBAT B76 6
END TURN 261
TURN 262
COMMAND LEFT START
MOVE A11 0
COMMAND LEFT END
COMMAND RIGHT START
TRAIN 3
COMMAND RIGHT END
TURN 262 RESULT
TIME LEFT 7 5 RIGHT 0 5
TRAIN B137 B138 B139
MOVE A11 25
MOVE B61 28
MOVE B85 75
MOVE B118 93
MOVE B119 107
MOVE B120 107
MOVE B121 107
MOVE B122 128
MOVE B123 128
MOVE B124 128
MOVE B125 135
MOVE B126 135
MOVE B127 135
MOVE B130 152
DAMAGE TURRET B76 1
DAMAGE TURRET B78 1
DAMAGE COMBAT A51 6
DAMAGE COMBAT A52 6
DAMAGE COMBAT B78 2
SIEGE A 0 18
END TURN 262
TURN 263
COMMAND LEFT START
COMMAND LEFT END
COMMAND RIGHT START
TRAIN 3
COMMAND RIGHT END
TURN 263 RESULT
TIME LEFT 16 5 RIGHT 0 5
TRAIN B140 B141 B142
MOVE A11 7
MOVE B85 63
MOVE B119 93
MOVE B120 93
MOVE B121 93
MOVE B122 107
MOVE B123 107
MOVE B124 107
MOVE B125 128
MOVE B126 128
MOVE B127 128
MOVE B130 135
DAMAGE TURRET B78 2
SIEGE A 0 2
END TURN 263
RESULT RIGHT_WIN HQ_DESTROYED
