[LEFT ""]
[RIGHT ""]
MAP
207 17
-11152 -10943 -10759 -10217 -9611 -9798 -9759 -9058 -9607 -8300 -8877 -8381 -8346 -8805 -9078 -7658 -7435 -7266 -7401 -8222 -8048 -7110 -7278 -7225 -6872 -7081 -6760 -6824 -6532 -6722 -6145 -6606 -6019 -6088 -5882 -5880 -5694 -6510 -5869 -5533 -6174 -5143 -4870 -4790 -4834 -4900 -4989 -4743 -4791 -4665 -4626 -4549 -4441 -4631 -3988 -4318 -4196 -3787 -3705 -3783 -3581 -3560 -3455 -3393 -3522 -3477 -3144 -2724 -2693 -2530 -2706 -2697 -2459 -2467 -2460 -2520 -2452 -2465 -2510 -2334 -1675 -1586 -1822 -1604 -1688 -1182 -1365 -1562 -987 -1032 -1049 -670 -1174 -1204 -892 -864 -1002 -514 -470 -14 -237 -139 425 0 -425 139 237 14 470 514 1002 864 892 1204 1174 670 1049 1032 987 1562 1365 1182 1688 1604 1822 1586 1675 2334 2510 2465 2452 2520 2460 2467 2459 2697 2706 2530 2693 2724 3144 3477 3522 3393 3455 3560 3581 3783 3705 3787 4196 4318 3988 4631 4441 4549 4626 4665 4791 4743 4989 4900 4834 4790 4870 5143 6174 5533 5869 6510 5694 5880 5882 6088 6019 6606 6145 6722 6532 6824 6760 7081 6872 7225 7278 7110 8048 8222 7401 7266 7435 7658 9078 8805 8346 8381 8877 8300 9607 9058 9759 9798 9611 10217 10759 10943 11152
-2015 1000 3304 -3708 2170 -1000 4306 50 5581 -1638 -4115 2410 1292 6410 -5809 4212 605 3012 1863 7617 -7008 5006 -658 -3090 -5165 -2013 5774 -4134 1600 7694 -2796 -7265 -936 4065 5889 -4960 1612 -9010 276 -2015 8974 -3968 5063 -5219 152 6334 3215 7345 1622 -3026 -7723 -6419 -1855 10062 2455 -861 -10190 6262 134 1248 -7576 -5719 7777 -1524 4057 -3260 9229 1367 -7920 -315 7045 -5263 -1901 -3930 -6650 4894 5829 2824 10342 -9204 3881 -5490 7884 6660 2041 8659 -2448 -10034 -7923 1149 -6943 7591 49 10988 -3483 -1200 5382 2437 -5757 4792 6688 3868 10675 0 -10675 -3868 -6688 -4792 5757 -2437 -5382 1200 3483 -10988 -49 -7591 6943 -1149 7923 10034 2448 -8659 -2041 -6660 -7884 5490 -3881 9204 -10342 -2824 -5829 -4894 6650 3930 1901 5263 -7045 315 7920 -1367 -9229 3260 -4057 1524 -7777 5719 7576 -1248 -134 -6262 10190 861 -2455 -10062 1855 6419 7723 3026 -1622 -7345 -3215 -6334 -152 5219 -5063 3968 -8974 2015 -276 9010 -1612 4960 -5889 -4065 936 7265 2796 -7694 -1600 4134 -5774 2013 5165 3090 658 -5006 7008 -7617 -1863 -3012 -605 -4212 5809 -6410 -1292 -2410 4115 1638 -5581 -50 -4306 1000 -2170 3708 -3304 -1000 2015
STRONGHOLDS 31 40 48 67 82 86 90 102 103 104 116 120 124 139 158 166 175
3 1 3 5
5 0 2 4 5 7
4 1 4 6 8
5 0 5 9 10 14
6 1 2 6 7 11 12
5 0 1 3 7 9
5 2 4 8 11 15
7 1 4 5 9 12 16 22
4 2 6 13 15
7 3 5 7 10 22 23 25
6 3 9 14 23 24 27
6 4 6 12 15 17 18
5 4 7 11 16 18
5 8 15 19 21 26
4 3 10 20 24
7 6 8 11 13 17 21 33
6 7 12 18 22 28 38
7 11 15 18 28 33 36 46
5 11 12 16 17 28
4 13 26 29 40
4 14 24 31 37
5 13 15 26 33 34
6 7 9 16 25 32 38
5 9 10 25 27 30
6 10 14 20 27 31 35
6 9 22 23 30 32 39
5 13 19 21 29 34
6 10 23 24 30 35 41
5 16 17 18 36 38
5 19 26 34 40 47
6 23 25 27 39 41 49
6 20 24 35 37 50 51
6 22 25 38 39 44 55
6 15 17 21 34 42 46
7 21 26 29 33 42 45 47
6 24 27 31 41 43 51
6 17 28 38 44 46 48
4 20 31 50 56
6 16 22 28 32 36 44
6 25 30 32 49 52 55
4 19 29 47 53
6 27 30 35 43 49 65
6 33 34 45 46 57 64
5 35 41 51 61 65
7 32 36 38 48 55 58 59
4 34 42 47 57
7 17 33 36 42 48 54 64
7 29 34 40 45 53 57 62
5 36 44 46 54 59
5 30 39 41 52 65
5 31 37 51 56 60
6 31 35 43 50 60 61
5 39 49 55 63 65
5 40 47 62 66 78
6 46 48 59 64 67 77
6 32 39 44 52 58 63
5 37 50 60 79 87
8 42 45 47 62 64 70 75 76
6 44 55 59 63 67 69
5 44 48 54 58 67
7 50 51 56 61 68 74 79
6 43 51 60 65 71 74
6 47 53 57 66 70 82
6 52 55 58 65 69 72
7 42 46 54 57 75 77 80
9 41 43 49 52 61 63 71 72 73
5 53 62 78 82 85
8 54 58 59 69 77 84 89 92
5 60 74 79 88 90
6 58 63 67 72 92 95
5 57 62 76 82 83
5 61 65 73 74 81
6 63 65 69 73 86 95
6 65 71 72 81 86 94
6 60 61 68 71 81 90
5 57 64 76 80 96
5 57 70 75 83 96
5 54 64 67 80 84
4 53 66 85 93
5 56 60 68 87 88
7 64 75 77 84 96 97 101
7 71 73 74 90 94 98 107
6 62 66 70 83 85 91
6 70 76 82 91 96 100
5 67 77 80 89 97
7 66 78 82 91 93 102 118
5 72 73 94 95 109
4 56 79 88 104
8 68 79 87 90 104 106 115 121
6 67 84 92 97 103 111
6 68 74 81 88 98 106
5 82 83 85 100 118
5 67 69 89 95 103
3 78 85 102
6 73 81 86 105 107 109
7 69 72 86 92 103 109 117
8 75 76 80 83 99 100 101 108
7 80 84 89 101 111 112 120
5 81 90 106 107 110
5 96 101 108 112 125
6 83 91 96 108 116 118
5 80 96 97 99 112
4 85 93 118 119
6 89 92 95 111 114 117
4 87 88 113 121
5 94 107 109 110 126
6 88 90 98 110 115 123
5 81 94 98 105 110
5 96 99 100 116 125
7 86 94 95 105 117 122 126
8 98 105 106 107 123 126 130 131
7 89 97 103 114 120 134 137
6 97 99 101 120 125 133
3 104 121 128
5 103 111 117 137 139
5 88 106 121 123 124
6 100 108 118 125 132 138
6 95 103 109 114 122 139
8 85 91 100 102 116 119 127 138
4 102 118 127 150
5 97 111 112 133 134
7 88 104 113 115 124 128 140
5 109 117 126 129 139
6 106 110 115 124 130 136
6 115 121 123 136 140 144
7 99 108 112 116 132 133 135
7 105 109 110 122 129 131 142
5 118 119 138 146 150
4 113 121 140 153
5 122 126 139 142 152
5 110 123 131 136 149
5 110 126 130 142 149
6 116 125 135 138 145 146
6 112 120 125 134 135 141
6 111 120 133 137 141 143
5 125 132 133 141 145
5 123 124 130 144 149
6 111 114 134 139 143 148
5 116 118 127 132 146
8 114 117 122 129 137 147 148 152
5 121 124 128 144 153
9 133 134 135 143 145 154 157 163 165
7 126 129 131 149 152 160 164
6 134 137 141 148 151 154
6 124 136 140 149 153 159
6 132 135 141 146 155 163
7 127 132 138 145 150 155 156
5 139 148 152 158 162
6 137 139 143 147 151 162
8 130 131 136 142 144 159 161 164
5 119 127 146 156 169
6 143 148 154 162 167 174
6 129 139 142 147 158 160
5 128 140 144 159 166
5 141 143 151 157 167
6 145 146 156 163 171 175
5 146 150 155 169 175
5 141 154 165 167 176
5 147 152 160 162 170
7 144 149 153 161 166 172 177
7 142 152 158 164 170 173 189
4 149 159 164 172
7 147 148 151 158 168 170 174
5 141 145 155 165 171
6 142 149 160 161 172 173
6 141 157 163 171 176 179
4 153 159 177 187
6 151 154 157 174 176 181
6 162 170 174 178 184 190
4 150 156 175 186
6 158 160 162 168 178 189
6 155 163 165 175 179 182
7 159 161 164 173 177 180 185
6 160 164 172 185 189 191
6 151 162 167 168 181 184
6 155 156 169 171 182 186
6 157 165 167 179 181 183
5 159 166 172 180 187
5 168 170 188 189 190
6 165 171 176 182 183 196
5 172 177 185 187 193
6 167 174 176 183 184 197
6 171 175 179 186 192 196
5 176 179 181 196 197
6 168 174 181 190 197 199
5 172 173 180 191 193
4 169 175 182 192
4 166 177 180 193
5 178 189 190 194 195
7 160 170 173 178 188 191 195
6 168 178 184 188 194 199
7 173 185 189 193 195 198 200
4 182 186 196 203
5 180 185 187 191 198
5 188 190 195 199 202
6 188 189 191 194 200 202
6 179 182 183 192 197 203
7 181 183 184 196 199 201 203
4 191 193 200 204
7 184 190 194 197 201 202 205
5 191 195 198 202 204
5 197 199 203 205 206
6 194 195 199 200 204 205
5 192 196 197 201 206
4 198 200 202 205
5 199 201 202 204 206
3 201 203 205
END MAP
TURN 1
COMMAND LEFT START
MOVE A1 31
MOVE A2 103
TRAIN 1
COMMAND LEFT END
COMMAND RIGHT START
MOVE B2 175
COMMAND RIGHT END
TURN 1 RESULT
TIME LEFT 7 5 RIGHT 0 5
TRAIN A4
MOVE A1 3
MOVE A2 5
MOVE B2 203
END TURN 1
TURN 2
COMMAND LEFT START
COMMAND LEFT END
COMMAND RIGHT START
COMMAND RIGHT END
TURN 2 RESULT
TIME LEFT 0 5 RIGHT 0 5
MOVE A1 14
MOVE A2 7
MOVE B2 192
END TURN 2
TURN 3
COMMAND LEFT START
COMMAND LEFT END
COMMAND RIGHT START
COMMAND RIGHT END
TURN 3 RESULT
TIME LEFT 0 5 RIGHT 0 5
MOVE A1 20
MOVE A2 16
MOVE B2 186
END TURN 3
TURN 4
COMMAND LEFT START
COMMAND LEFT END
COMMAND RIGHT START
COMMAND RIGHT END
TURN 4 RESULT
TIME LEFT 0 5 RIGHT 0 5
MOVE A1 31
MOVE A2 38
MOVE B2 175
END TURN 4
TURN 5
COMMAND LEFT START
UPGRADE 31
COMMAND LEFT END
COMMAND RIGHT START
UPGRADE 175
COMMAND RIGHT END
TURN 5 RESULT
TIME LEFT 0 5 RIGHT 0 5
UPGRADE A 31
UPGRADE B 175
MOVE A2 44
END TURN 5
TURN 6
COMMAND LEFT START
COMMAND LEFT END
COMMAND RIGHT START
MOVE B3 158
COMMAND RIGHT END
TURN 6 RESULT
TIME LEFT 0 5 RIGHT 0 5
MOVE A2 58
MOVE B3 201
END TURN 6
TURN 7
COMMAND LEFT START
COMMAND LEFT END
COMMAND RIGHT START
COMMAND RIGHT END
TURN 7 RESULT
TIME LEFT 0 5 RIGHT 0 5
MOVE A2 69
MOVE B3 199
END TURN 7
TURN 8
COMMAND LEFT START
COMMAND LEFT END
COMMAND RIGHT START
COMMAND RIGHT END
TURN 8 RESULT
TIME LEFT 0 5 RIGHT 0 5
MOVE A2 92
MOVE B3 190
END TURN 8
TURN 9
COMMAND LEFT START
COMMAND LEFT END
COMMAND RIGHT START
COMMAND RIGHT END
TURN 9 RESULT
TIME LEFT 0 5 RIGHT 0 5
MOVE A2 103
MOVE B3 178
END TURN 9
TURN 10
COMMAND LEFT START
COMMAND LEFT END
COMMAND RIGHT START
COMMAND RIGHT END
TURN 10 RESULT
TIME LEFT 0 5 RIGHT 0 5
MOVE B3 170
END TURN 10
TURN 11
COMMAND LEFT START
COMMAND LEFT END
COMMAND RIGHT START
COMMAND RIGHT END
TURN 11 RESULT
TIME LEFT 0 5 RIGHT 0 5
MOVE B3 158
END TURN 11
TURN 12
COMMAND LEFT START
COMMAND LEFT END
COMMAND RIGHT START
COMMAND RIGHT END
TURN 12 RESULT
TIME LEFT 0 5 RIGHT 0 5
END TURN 12
TURN 13
COMMAND LEFT START
COMMAND LEFT END
COMMAND RIGHT START
COMMAND RIGHT END
TURN 13 RESULT
TIME LEFT 0 5 RIGHT 0 5
END TURN 13
TURN 14
COMMAND LEFT START
COMMAND LEFT END
COMMAND RIGHT START
COMMAND RIGHT END
TURN 14 RESULT
TIME LEFT 0 5 RIGHT 0 5
END TURN 14
TURN 15
COMMAND LEFT START
COMMAND LEFT END
COMMAND RIGHT START
COMMAND RIGHT END
TURN 15 RESULT
TIME LEFT 0 5 RIGHT 0 5
END TURN 15
TURN 16
COMMAND LEFT START
COMMAND LEFT END
COMMAND RIGHT START
UPGRADE 158
COMMAND RIGHT END
TURN 16 RESULT
TIME LEFT 0 5 RIGHT 0 5
UPGRADE B 158
END TURN 16
TURN 17
COMMAND LEFT START
COMMAND LEFT END
COMMAND RIGHT START
COMMAND RIGHT END
TURN 17 RESULT
TIME LEFT 0 5 RIGHT 0 5
END TURN 17
TURN 18
COMMAND LEFT START
COMMAND LEFT END
COMMAND RIGHT START
COMMAND RIGHT END
TURN 18 RESULT
TIME LEFT 0 5 RIGHT 0 5
END TURN 18
TURN 19
COMMAND LEFT START
COMMAND LEFT END
COMMAND RIGHT START
TRAIN 1
COMMAND RIGHT END
TURN 19 RESULT
TIME LEFT 0 5 RIGHT 0 5
TRAIN B4
END TURN 19
TURN 20
COMMAND LEFT START
COMMAND LEFT END
COMMAND RIGHT START
MOVE B4 166
COMMAND RIGHT END
TURN 20 RESULT
TIME LEFT 0 5 RIGHT 0 5
MOVE B4 201
END TURN 20
TURN 21
COMMAND LEFT START
COMMAND LEFT END
COMMAND RIGHT START
COMMAND RIGHT END
TURN 21 RESULT
TIME LEFT 0 5 RIGHT 0 5
MOVE B4 199
END TURN 21
TURN 22
COMMAND LEFT START
UPGRADE 103
COMMAND LEFT END
COMMAND RIGHT START
COMMAND RIGHT END
TURN 22 RESULT
TIME LEFT 0 5 RIGHT 0 5
UPGRADE A 103
MOVE B4 194
END TURN 22
TURN 23
COMMAND LEFT START
COMMAND LEFT END
COMMAND RIGHT START
COMMAND RIGHT END
TURN 23 RESULT
TIME LEFT 0 5 RIGHT 0 5
MOVE B4 195
END TURN 23
TURN 24
COMMAND LEFT START
COMMAND LEFT END
COMMAND RIGHT START
COMMAND RIGHT END
TURN 24 RESULT
TIME LEFT 0 5 RIGHT 0 5
MOVE B4 191
END TURN 24
TURN 25
COMMAND LEFT START
COMMAND LEFT END
COMMAND RIGHT START
COMMAND RIGHT END
TURN 25 RESULT
TIME LEFT 0 5 RIGHT 0 5
MOVE B4 185
END TURN 25
TURN 26
COMMAND LEFT START
COMMAND LEFT END
COMMAND RIGHT START
COMMAND RIGHT END
TURN 26 RESULT
TIME LEFT 0 5 RIGHT 0 5
MOVE B4 180
END TURN 26
TURN 27
COMMAND LEFT START
COMMAND LEFT END
COMMAND RIGHT START
COMMAND RIGHT END
TURN 27 RESULT
TIME LEFT 0 5 RIGHT 0 5
MOVE B4 177
END TURN 27
TURN 28
COMMAND LEFT START
COMMAND LEFT END
COMMAND RIGHT START
COMMAND RIGHT END
TURN 28 RESULT
TIME LEFT 0 5 RIGHT 0 5
MOVE B4 166
END TURN 28
TURN 29
COMMAND LEFT START
COMMAND LEFT END
COMMAND RIGHT START
COMMAND RIGHT END
TURN 29 RESULT
TIME LEFT 0 5 RIGHT 0 5
END TURN 29
TURN 30
COMMAND LEFT START
MOVE A3 48
COMMAND LEFT END
COMMAND RIGHT START
COMMAND RIGHT END
TURN 30 RESULT
TIME LEFT 0 5 RIGHT 0 5
MOVE A3 5
END TURN 30
TURN 31
COMMAND LEFT START
COMMAND LEFT END
COMMAND RIGHT START
COMMAND RIGHT END
TURN 31 RESULT
TIME LEFT 0 5 RIGHT 0 5
MOVE A3 7
END TURN 31
TURN 32
COMMAND LEFT START
COMMAND LEFT END
COMMAND RIGHT START
COMMAND RIGHT END
TURN 32 RESULT
TIME LEFT 0 5 RIGHT 0 5
MOVE A3 16
END TURN 32
TURN 33
COMMAND LEFT START
COMMAND LEFT END
COMMAND RIGHT START
UPGRADE 166
COMMAND RIGHT END
TURN 33 RESULT
TIME LEFT 0 5 RIGHT 0 5
UPGRADE B 166
MOVE A3 28
END TURN 33
TURN 34
COMMAND LEFT START
COMMAND LEFT END
COMMAND RIGHT START
COMMAND RIGHT END
TURN 34 RESULT
TIME LEFT 0 5 RIGHT 0 5
MOVE A3 36
END TURN 34
TURN 35
COMMAND LEFT START
COMMAND LEFT END
COMMAND RIGHT START
TRAIN 1
COMMAND RIGHT END
TURN 35 RESULT
TIME LEFT 0 5 RIGHT 0 5
TRAIN B5
MOVE A3 48
END TURN 35
TURN 36
COMMAND LEFT START
UPGRADE 48
COMMAND LEFT END
COMMAND RIGHT START
MOVE B5 102
COMMAND RIGHT END
TURN 36 RESULT
TIME LEFT 0 5 RIGHT 0 5
UPGRADE A 48
MOVE B5 203
END TURN 36
TURN 37
COMMAND LEFT START
COMMAND LEFT END
COMMAND RIGHT START
COMMAND RIGHT END
TURN 37 RESULT
TIME LEFT 0 5 RIGHT 0 5
MOVE B5 196
END TURN 37
TURN 38
COMMAND LEFT START
TRAIN 1
COMMAND LEFT END
COMMAND RIGHT START
COMMAND RIGHT END
TURN 38 RESULT
TIME LEFT 0 5 RIGHT 0 5
TRAIN A5
MOVE B5 182
END TURN 38
TURN 39
COMMAND LEFT START
COMMAND LEFT END
COMMAND RIGHT START
COMMAND RIGHT END
TURN 39 RESULT
TIME LEFT 0 5 RIGHT 0 5
MOVE B5 171
END TURN 39
TURN 40
COMMAND LEFT START
COMMAND LEFT END
COMMAND RIGHT START
COMMAND RIGHT END
TURN 40 RESULT
TIME LEFT 0 5 RIGHT 0 5
MOVE B5 155
END TURN 40
TURN 41
COMMAND LEFT START
MOVE A5 67
COMMAND LEFT END
COMMAND RIGHT START
COMMAND RIGHT END
TURN 41 RESULT
TIME LEFT 0 5 RIGHT 0 5
MOVE A5 5
MOVE B5 146
END TURN 41
TURN 42
COMMAND LEFT START
COMMAND LEFT END
COMMAND RIGHT START
COMMAND RIGHT END
TURN 42 RESULT
TIME LEFT 0 5 RIGHT 0 5
MOVE A5 7
MOVE B5 127
END TURN 42
TURN 43
COMMAND LEFT START
COMMAND LEFT END
COMMAND RIGHT START
COMMAND RIGHT END
TURN 43 RESULT
TIME LEFT 0 5 RIGHT 0 5
MOVE A5 16
MOVE B5 119
END TURN 43
TURN 44
COMMAND LEFT START
COMMAND LEFT END
COMMAND RIGHT START
COMMAND RIGHT END
TURN 44 RESULT
TIME LEFT 0 5 RIGHT 0 5
MOVE A5 28
MOVE B5 102
END TURN 44
TURN 45
COMMAND LEFT START
COMMAND LEFT END
COMMAND RIGHT START
COMMAND RIGHT END
TURN 45 RESULT
TIME LEFT 0 5 RIGHT 0 5
MOVE A5 36
END TURN 45
TURN 46
COMMAND LEFT START
COMMAND LEFT END
COMMAND RIGHT START
UPGRADE 102
COMMAND RIGHT END
TURN 46 RESULT
TIME LEFT 0 5 RIGHT 0 5
UPGRADE B 102
MOVE A5 48
END TURN 46
TURN 47
COMMAND LEFT START
COMMAND LEFT END
COMMAND RIGHT START
COMMAND RIGHT END
TURN 47 RESULT
TIME LEFT 0 5 RIGHT 0 5
MOVE A5 59
END TURN 47
TURN 48
COMMAND LEFT START
COMMAND LEFT END
COMMAND RIGHT START
TRAIN 1
COMMAND RIGHT END
TURN 48 RESULT
TIME LEFT 0 5 RIGHT 0 5
TRAIN B6
MOVE A5 67
END TURN 48
TURN 49
COMMAND LEFT START
UPGRADE 67
COMMAND LEFT END
COMMAND RIGHT START
MOVE B6 120
COMMAND RIGHT END
TURN 49 RESULT
TIME LEFT 0 5 RIGHT 0 5
UPGRADE A 67
MOVE B6 201
END TURN 49
TURN 50
COMMAND LEFT START
COMMAND LEFT END
COMMAND RIGHT START
COMMAND RIGHT END
TURN 50 RESULT
TIME LEFT 0 5 RIGHT 0 5
MOVE B6 197
END TURN 50
TURN 51
COMMAND LEFT START
COMMAND LEFT END
COMMAND RIGHT START
COMMAND RIGHT END
TURN 51 RESULT
TIME LEFT 0 5 RIGHT 0 5
MOVE B6 181
END TURN 51
TURN 52
COMMAND LEFT START
COMMAND LEFT END
COMMAND RIGHT START
COMMAND RIGHT END
TURN 52 RESULT
TIME LEFT 0 5 RIGHT 0 5
MOVE B6 167
END TURN 52
TURN 53
COMMAND LEFT START
COMMAND LEFT END
COMMAND RIGHT START
COMMAND RIGHT END
TURN 53 RESULT
TIME LEFT 0 5 RIGHT 0 5
MOVE B6 154
END TURN 53
TURN 54
COMMAND LEFT START
COMMAND LEFT END
COMMAND RIGHT START
COMMAND RIGHT END
TURN 54 RESULT
TIME LEFT 0 5 RIGHT 0 5
MOVE B6 143
END TURN 54
TURN 55
COMMAND LEFT START
COMMAND LEFT END
COMMAND RIGHT START
COMMAND RIGHT END
TURN 55 RESULT
TIME LEFT 0 5 RIGHT 0 5
MOVE B6 134
END TURN 55
TURN 56
COMMAND LEFT START
COMMAND LEFT END
COMMAND RIGHT START
COMMAND RIGHT END
TURN 56 RESULT
TIME LEFT 0 5 RIGHT 0 5
MOVE B6 120
END TURN 56
TURN 57
COMMAND LEFT START
COMMAND LEFT END
COMMAND RIGHT START
UPGRADE 120
COMMAND RIGHT END
TURN 57 RESULT
TIME LEFT 0 5 RIGHT 0 5
UPGRADE B 120
END TURN 57
TURN 58
COMMAND LEFT START
UPGRADE 0
COMMAND LEFT END
COMMAND RIGHT START
TRAIN 1
COMMAND RIGHT END
TURN 58 RESULT
TIME LEFT 0 5 RIGHT 0 5
UPGRADE A 0
TRAIN B7
END TURN 58
TURN 59
COMMAND LEFT START
COMMAND LEFT END
COMMAND RIGHT START
MOVE B7 139
COMMAND RIGHT END
TURN 59 RESULT
TIME LEFT 0 5 RIGHT 0 5
MOVE B7 201
END TURN 59
TURN 60
COMMAND LEFT START
TRAIN 1
COMMAND LEFT END
COMMAND RIGHT START
COMMAND RIGHT END
TURN 60 RESULT
TIME LEFT 0 5 RIGHT 0 5
TRAIN A6
MOVE B7 199
END TURN 60
TURN 61
COMMAND LEFT START
COMMAND LEFT END
COMMAND RIGHT START
COMMAND RIGHT END
TURN 61 RESULT
TIME LEFT 0 5 RIGHT 0 5
MOVE B7 190
END TURN 61
TURN 62
COMMAND LEFT START
COMMAND LEFT END
COMMAND RIGHT START
COMMAND RIGHT END
TURN 62 RESULT
TIME LEFT 0 5 RIGHT 0 5
MOVE B7 168
END TURN 62
TURN 63
COMMAND LEFT START
COMMAND LEFT END
COMMAND RIGHT START
COMMAND RIGHT END
TURN 63 RESULT
TIME LEFT 0 5 RIGHT 0 5
MOVE B7 162
END TURN 63
TURN 64
COMMAND LEFT START
COMMAND LEFT END
COMMAND RIGHT START
COMMAND RIGHT END
TURN 64 RESULT
TIME LEFT 0 5 RIGHT 0 5
MOVE B7 147
END TURN 64
TURN 65
COMMAND LEFT START
COMMAND LEFT END
COMMAND RIGHT START
COMMAND RIGHT END
TURN 65 RESULT
TIME LEFT 0 5 RIGHT 0 5
MOVE B7 139
END TURN 65
TURN 66
COMMAND LEFT START
COMMAND LEFT END
COMMAND RIGHT START
UPGRADE 139
COMMAND RIGHT END
TURN 66 RESULT
TIME LEFT 0 5 RIGHT 0 5
UPGRADE B 139
END TURN 66
TURN 67
COMMAND LEFT START
UPGRADE 31
COMMAND LEFT END
COMMAND RIGHT START
TRAIN 1
COMMAND RIGHT END
TURN 67 RESULT
TIME LEFT 0 5 RIGHT 0 5
UPGRADE A 31
TRAIN B8
END TURN 67
TURN 68
COMMAND LEFT START
COMMAND LEFT END
COMMAND RIGHT START
MOVE B8 116
COMMAND RIGHT END
TURN 68 RESULT
TIME LEFT 0 5 RIGHT 0 5
MOVE B8 203
END TURN 68
TURN 69
COMMAND LEFT START
TRAIN 1
COMMAND LEFT END
COMMAND RIGHT START
COMMAND RIGHT END
TURN 69 RESULT
TIME LEFT 0 5 RIGHT 0 5
TRAIN A7
MOVE B8 196
END TURN 69
TURN 70
COMMAND LEFT START
MOVE A4 31
COMMAND LEFT END
COMMAND RIGHT START
COMMAND RIGHT END
TURN 70 RESULT
TIME LEFT 0 5 RIGHT 0 5
MOVE A4 3
MOVE B8 182
END TURN 70
TURN 71
COMMAND LEFT START
COMMAND LEFT END
COMMAND RIGHT START
COMMAND RIGHT END
TURN 71 RESULT
TIME LEFT 0 5 RIGHT 0 5
MOVE A4 14
MOVE B8 171
END TURN 71
TURN 72
COMMAND LEFT START
COMMAND LEFT END
COMMAND RIGHT START
COMMAND RIGHT END
TURN 72 RESULT
TIME LEFT 0 5 RIGHT 0 5
MOVE A4 20
MOVE B8 163
END TURN 72
TURN 73
COMMAND LEFT START
COMMAND LEFT END
COMMAND RIGHT START
COMMAND RIGHT END
TURN 73 RESULT
TIME LEFT 0 5 RIGHT 0 5
MOVE A4 31
MOVE B8 145
END TURN 73
TURN 74
COMMAND LEFT START
COMMAND LEFT END
COMMAND RIGHT START
COMMAND RIGHT END
TURN 74 RESULT
TIME LEFT 0 5 RIGHT 0 5
MOVE B8 132
END TURN 74
TURN 75
COMMAND LEFT START
COMMAND LEFT END
COMMAND RIGHT START
COMMAND RIGHT END
TURN 75 RESULT
TIME LEFT 0 5 RIGHT 0 5
MOVE B8 116
END TURN 75
TURN 76
COMMAND LEFT START
COMMAND LEFT END
COMMAND RIGHT START
UPGRADE 116
COMMAND RIGHT END
TURN 76 RESULT
TIME LEFT 0 5 RIGHT 0 5
UPGRADE B 116
END TURN 76
TURN 77
COMMAND LEFT START
COMMAND LEFT END
COMMAND RIGHT START
COMMAND RIGHT END
TURN 77 RESULT
TIME LEFT 0 5 RIGHT 0 5
END TURN 77
TURN 78
COMMAND LEFT START
COMMAND LEFT END
COMMAND RIGHT START
UPGRADE 206
COMMAND RIGHT END
TURN 78 RESULT
TIME LEFT 0 5 RIGHT 0 5
UPGRADE B 206
END TURN 78
TURN 79
COMMAND LEFT START
COMMAND LEFT END
COMMAND RIGHT START
TRAIN 1
COMMAND RIGHT END
TURN 79 RESULT
TIME LEFT 0 5 RIGHT 0 5
TRAIN B9
END TURN 79
TURN 80
COMMAND LEFT START
UPGRADE 0
COMMAND LEFT END
COMMAND RIGHT START
COMMAND RIGHT END
TURN 80 RESULT
TIME LEFT 0 5 RIGHT 0 5
UPGRADE A 0
END TURN 80
TURN 81
COMMAND LEFT START
COMMAND LEFT END
COMMAND RIGHT START
COMMAND RIGHT END
TURN 81 RESULT
TIME LEFT 0 5 RIGHT 0 5
END TURN 81
TURN 82
COMMAND LEFT START
TRAIN 1
COMMAND LEFT END
COMMAND RIGHT START
COMMAND RIGHT END
TURN 82 RESULT
TIME LEFT 0 5 RIGHT 0 5
TRAIN A8
END TURN 82
TURN 83
COMMAND LEFT START
COMMAND LEFT END
COMMAND RIGHT START
COMMAND RIGHT END
TURN 83 RESULT
TIME LEFT 0 5 RIGHT 0 5
END TURN 83
TURN 84
COMMAND LEFT START
COMMAND LEFT END
COMMAND RIGHT START
COMMAND RIGHT END
TURN 84 RESULT
TIME LEFT 0 5 RIGHT 0 5
END TURN 84
TURN 85
COMMAND LEFT START
COMMAND LEFT END
COMMAND RIGHT START
COMMAND RIGHT END
TURN 85 RESULT
TIME LEFT 0 5 RIGHT 0 5
END TURN 85
TURN 86
COMMAND LEFT START
COMMAND LEFT END
COMMAND RIGHT START
COMMAND RIGHT END
TURN 86 RESULT
TIME LEFT 0 5 RIGHT 0 5
END TURN 86
TURN 87
COMMAND LEFT START
UPGRADE 48
COMMAND LEFT END
COMMAND RIGHT START
COMMAND RIGHT END
TURN 87 RESULT
TIME LEFT 0 5 RIGHT 0 5
UPGRADE A 48
END TURN 87
TURN 88
COMMAND LEFT START
TRAIN 1
COMMAND LEFT END
COMMAND RIGHT START
UPGRADE 206
COMMAND RIGHT END
TURN 88 RESULT
TIME LEFT 0 5 RIGHT 0 5
UPGRADE B 206
TRAIN A9
END TURN 88
TURN 89
COMMAND LEFT START
MOVE A6 48
COMMAND LEFT END
COMMAND RIGHT START
TRAIN 1
COMMAND RIGHT END
TURN 89 RESULT
TIME LEFT 0 5 RIGHT 0 5
TRAIN B10
MOVE A6 5
END TURN 89
TURN 90
COMMAND LEFT START
COMMAND LEFT END
COMMAND RIGHT START
COMMAND RIGHT END
TURN 90 RESULT
TIME LEFT 0 5 RIGHT 0 5
MOVE A6 7
END TURN 90
TURN 91
COMMAND LEFT START
COMMAND LEFT END
COMMAND RIGHT START
COMMAND RIGHT END
TURN 91 RESULT
TIME LEFT 0 5 RIGHT 0 5
MOVE A6 16
END TURN 91
TURN 92
COMMAND LEFT START
COMMAND LEFT END
COMMAND RIGHT START
COMMAND RIGHT END
TURN 92 RESULT
TIME LEFT 0 5 RIGHT 0 5
MOVE A6 28
END TURN 92
TURN 93
COMMAND LEFT START
COMMAND LEFT END
COMMAND RIGHT START
UPGRADE 175
COMMAND RIGHT END
TURN 93 RESULT
TIME LEFT 0 5 RIGHT 0 5
UPGRADE B 175
MOVE A6 36
END TURN 93
TURN 94
COMMAND LEFT START
UPGRADE 67
COMMAND LEFT END
COMMAND RIGHT START
TRAIN 1
COMMAND RIGHT END
TURN 94 RESULT
TIME LEFT 0 5 RIGHT 0 5
UPGRADE A 67
TRAIN B11
MOVE A6 48
END TURN 94
TURN 95
COMMAND LEFT START
TRAIN 1
COMMAND LEFT END
COMMAND RIGHT START
MOVE B11 175
COMMAND RIGHT END
TURN 95 RESULT
TIME LEFT 0 5 RIGHT 0 5
TRAIN A10
MOVE B11 203
END TURN 95
TURN 96
COMMAND LEFT START
MOVE A7 67
COMMAND LEFT END
COMMAND RIGHT START
COMMAND RIGHT END
TURN 96 RESULT
TIME LEFT 0 5 RIGHT 0 5
MOVE A7 5
MOVE B11 192
END TURN 96
TURN 97
COMMAND LEFT START
COMMAND LEFT END
COMMAND RIGHT START
COMMAND RIGHT END
TURN 97 RESULT
TIME LEFT 0 5 RIGHT 0 5
MOVE A7 7
MOVE B11 186
END TURN 97
TURN 98
COMMAND LEFT START
COMMAND LEFT END
COMMAND RIGHT START
UPGRADE 158
COMMAND RIGHT END
TURN 98 RESULT
TIME LEFT 0 5 RIGHT 0 5
UPGRADE B 158
MOVE A7 16
MOVE B11 175
END TURN 98
TURN 99
COMMAND LEFT START
COMMAND LEFT END
COMMAND RIGHT START
TRAIN 1
COMMAND RIGHT END
TURN 99 RESULT
TIME LEFT 0 5 RIGHT 0 5
TRAIN B12
MOVE A7 28
END TURN 99
TURN 100
COMMAND LEFT START
UPGRADE 103
COMMAND LEFT END
COMMAND RIGHT START
MOVE B12 158
COMMAND RIGHT END
TURN 100 RESULT
TIME LEFT 0 5 RIGHT 0 5
UPGRADE A 103
MOVE A7 36
MOVE B12 201
END TURN 100
TURN 101
COMMAND LEFT START
TRAIN 1
COMMAND LEFT END
COMMAND RIGHT START
COMMAND RIGHT END
TURN 101 RESULT
TIME LEFT 0 5 RIGHT 0 5
TRAIN A11
MOVE A7 48
MOVE B12 199
END TURN 101
TURN 102
COMMAND LEFT START
MOVE A8 103
COMMAND LEFT END
COMMAND RIGHT START
COMMAND RIGHT END
TURN 102 RESULT
TIME LEFT 0 5 RIGHT 0 5
MOVE A7 59
MOVE A8 5
MOVE B12 190
END TURN 102
TURN 103
COMMAND LEFT START
COMMAND LEFT END
COMMAND RIGHT START
UPGRADE 166
COMMAND RIGHT END
TURN 103 RESULT
TIME LEFT 0 5 RIGHT 0 5
UPGRADE B 166
MOVE A7 67
MOVE A8 7
MOVE B12 178
END TURN 103
TURN 104
COMMAND LEFT START
COMMAND LEFT END
COMMAND RIGHT START
TRAIN 1
COMMAND RIGHT END
TURN 104 RESULT
TIME LEFT 0 5 RIGHT 0 5
TRAIN B13
MOVE A8 16
MOVE B12 170
END TURN 104
TURN 105
COMMAND LEFT START
COMMAND LEFT END
COMMAND RIGHT START
MOVE B13 166
COMMAND RIGHT END
TURN 105 RESULT
TIME LEFT 0 5 RIGHT 0 5
MOVE A8 38
MOVE B12 158
MOVE B13 201
END TURN 105
TURN 106
COMMAND LEFT START
UPGRADE 31
COMMAND LEFT END
COMMAND RIGHT START
COMMAND RIGHT END
TURN 106 RESULT
TIME LEFT 0 5 RIGHT 0 5
UPGRADE A 31
MOVE A8 44
MOVE B13 199
END TURN 106
TURN 107
COMMAND LEFT START
TRAIN 1
COMMAND LEFT END
COMMAND RIGHT START
COMMAND RIGHT END
TURN 107 RESULT
TIME LEFT 0 5 RIGHT 0 5
TRAIN A12
MOVE A8 58
MOVE B13 194
END TURN 107
TURN 108
COMMAND LEFT START
MOVE A9 31
COMMAND LEFT END
COMMAND RIGHT START
UPGRADE 102
COMMAND RIGHT END
TURN 108 RESULT
TIME LEFT 0 5 RIGHT 0 5
UPGRADE B 102
MOVE A8 69
MOVE A9 3
MOVE B13 195
END TURN 108
TURN 109
COMMAND LEFT START
COMMAND LEFT END
COMMAND RIGHT START
TRAIN 1
COMMAND RIGHT END
TURN 109 RESULT
TIME LEFT 0 5 RIGHT 0 5
TRAIN B14
MOVE A8 92
MOVE A9 14
MOVE B13 191
END TURN 109
TURN 110
COMMAND LEFT START
COMMAND LEFT END
COMMAND RIGHT START
MOVE B14 102
COMMAND RIGHT END
TURN 110 RESULT
TIME LEFT 0 5 RIGHT 0 5
MOVE A8 103
MOVE A9 20
MOVE B13 185
MOVE B14 203
END TURN 110
TURN 111
COMMAND LEFT START
UPGRADE 48
COMMAND LEFT END
COMMAND RIGHT START
COMMAND RIGHT END
TURN 111 RESULT
TIME LEFT 0 5 RIGHT 0 5
UPGRADE A 48
MOVE A9 31
MOVE B13 180
MOVE B14 196
END TURN 111
TURN 112
COMMAND LEFT START
TRAIN 1
COMMAND LEFT END
COMMAND RIGHT START
UPGRADE 120
COMMAND RIGHT END
TURN 112 RESULT
TIME LEFT 0 5 RIGHT 0 5
UPGRADE B 120
TRAIN A13
MOVE B13 177
MOVE B14 182
END TURN 112
TURN 113
COMMAND LEFT START
MOVE A10 48
COMMAND LEFT END
COMMAND RIGHT START
TRAIN 1
COMMAND RIGHT END
TURN 113 RESULT
TIME LEFT 0 5 RIGHT 0 5
TRAIN B15
MOVE A10 5
MOVE B13 166
MOVE B14 171
END TURN 113
TURN 114
COMMAND LEFT START
COMMAND LEFT END
COMMAND RIGHT START
MOVE B15 120
COMMAND RIGHT END
TURN 114 RESULT
TIME LEFT 0 5 RIGHT 0 5
MOVE A10 7
MOVE B14 155
MOVE B15 201
END TURN 114
TURN 115
COMMAND LEFT START
COMMAND LEFT END
COMMAND RIGHT START
COMMAND RIGHT END
TURN 115 RESULT
TIME LEFT 0 5 RIGHT 0 5
MOVE A10 16
MOVE B14 146
MOVE B15 197
END TURN 115
TURN 116
COMMAND LEFT START
UPGRADE 67
COMMAND LEFT END
COMMAND RIGHT START
UPGRADE 139
COMMAND RIGHT END
TURN 116 RESULT
TIME LEFT 0 5 RIGHT 0 5
UPGRADE A 67
UPGRADE B 139
MOVE A10 28
MOVE B14 127
MOVE B15 181
END TURN 116
TURN 117
COMMAND LEFT START
TRAIN 1
COMMAND LEFT END
COMMAND RIGHT START
TRAIN 1
COMMAND RIGHT END
TURN 117 RESULT
TIME LEFT 0 5 RIGHT 0 5
TRAIN A14 B16
MOVE A10 36
MOVE B14 119
MOVE B15 167
END TURN 117
TURN 118
COMMAND LEFT START
MOVE A11 67
COMMAND LEFT END
COMMAND RIGHT START
MOVE B16 139
COMMAND RIGHT END
TURN 118 RESULT
TIME LEFT 0 5 RIGHT 0 5
MOVE A10 48
MOVE A11 5
MOVE B14 102
MOVE B15 154
MOVE B16 201
END TURN 118
TURN 119
COMMAND LEFT START
COMMAND LEFT END
COMMAND RIGHT START
COMMAND RIGHT END
TURN 119 RESULT
TIME LEFT 0 5 RIGHT 0 5
MOVE A11 7
MOVE B15 143
MOVE B16 199
END TURN 119
TURN 120
COMMAND LEFT START
UPGRADE 103
COMMAND LEFT END
COMMAND RIGHT START
UPGRADE 116
COMMAND RIGHT END
TURN 120 RESULT
TIME LEFT 0 5 RIGHT 0 5
UPGRADE A 103
UPGRADE B 116
MOVE A11 16
MOVE B15 134
MOVE B16 190
END TURN 120
TURN 121
COMMAND LEFT START
TRAIN 1
COMMAND LEFT END
COMMAND RIGHT START
TRAIN 1
COMMAND RIGHT END
TURN 121 RESULT
TIME LEFT 0 5 RIGHT 0 5
TRAIN A15 B17
MOVE A11 28
MOVE B15 120
MOVE B16 168
END TURN 121
TURN 122
COMMAND LEFT START
MOVE A12 103
COMMAND LEFT END
COMMAND RIGHT START
MOVE B17 116
COMMAND RIGHT END
TURN 122 RESULT
TIME LEFT 0 5 RIGHT 0 5
MOVE A11 36
MOVE A12 5
MOVE B16 162
MOVE B17 203
END TURN 122
TURN 123
COMMAND LEFT START
COMMAND LEFT END
COMMAND RIGHT START
COMMAND RIGHT END
TURN 123 RESULT
TIME LEFT 0 5 RIGHT 0 5
MOVE A11 48
MOVE A12 7
MOVE B16 147
MOVE B17 196
END TURN 123
TURN 124
COMMAND LEFT START
COMMAND LEFT END
COMMAND RIGHT START
UPGRADE 175
COMMAND RIGHT END
TURN 124 RESULT
TIME LEFT 0 5 RIGHT 0 5
UPGRADE B 175
MOVE A11 59
MOVE A12 16
MOVE B16 139
MOVE B17 182
END TURN 124
TURN 125
COMMAND LEFT START
TRAIN 1
COMMAND LEFT END
COMMAND RIGHT START
TRAIN 1
COMMAND RIGHT END
TURN 125 RESULT
TIME LEFT 0 5 RIGHT 0 5
TRAIN A16 B18
MOVE A11 67
MOVE A12 38
MOVE B17 171
END TURN 125
TURN 126
COMMAND LEFT START
MOVE A16 103
TRAIN 2
COMMAND LEFT END
COMMAND RIGHT START
MOVE B18 175
COMMAND RIGHT END
TURN 126 RESULT
TIME LEFT 0 5 RIGHT 0 5
TRAIN A17 A18
MOVE A12 44
MOVE A16 5
MOVE B17 163
MOVE B18 203
END TURN 126
TURN 127
COMMAND LEFT START
MOVE A18 86
MOVE A17 103
COMMAND LEFT END
COMMAND RIGHT START
COMMAND RIGHT END
TURN 127 RESULT
TIME LEFT 0 5 RIGHT 0 5
MOVE A12 58
MOVE A16 7
MOVE A17 5
MOVE A18 5
MOVE B17 145
MOVE B18 192
END TURN 127
TURN 128
COMMAND LEFT START
TRAIN 2
COMMAND LEFT END
COMMAND RIGHT START
UPGRADE 158
COMMAND RIGHT END
TURN 128 RESULT
TIME LEFT 0 5 RIGHT 0 5
UPGRADE B 158
TRAIN A19 A20
MOVE A12 69
MOVE A16 16
MOVE A17 7
MOVE A18 9
MOVE B17 132
MOVE B18 186
END TURN 128
TURN 129
COMMAND LEFT START
MOVE A20 90
MOVE A19 103
COMMAND LEFT END
COMMAND RIGHT START
TRAIN 1
COMMAND RIGHT END
TURN 129 RESULT
TIME LEFT 0 5 RIGHT 0 5
TRAIN B19
MOVE A12 92
MOVE A16 38
MOVE A17 16
MOVE A18 25
MOVE A19 5
MOVE A20 3
MOVE B17 116
MOVE B18 175
END TURN 129
TURN 130
COMMAND LEFT START
TRAIN 2
COMMAND LEFT END
COMMAND RIGHT START
MOVE B19 158
COMMAND RIGHT END
TURN 130 RESULT
TIME LEFT 0 5 RIGHT 0 5
TRAIN A21 A22
MOVE A12 103
MOVE A16 44
MOVE A17 38
MOVE A18 39
MOVE A19 7
MOVE A20 10
MOVE B19 201
END TURN 130
TURN 131
COMMAND LEFT START
MOVE A22 40
MOVE A21 103
COMMAND LEFT END
COMMAND RIGHT START
UPGRADE 166
COMMAND RIGHT END
TURN 131 RESULT
TIME LEFT 0 5 RIGHT 0 5
UPGRADE B 166
MOVE A16 58
MOVE A17 44
MOVE A18 52
MOVE A19 16
MOVE A20 24
MOVE A21 5
MOVE A22 5
MOVE B19 199
END TURN 131
TURN 132
COMMAND LEFT START
TRAIN 2
COMMAND LEFT END
COMMAND RIGHT START
TRAIN 1
COMMAND RIGHT END
TURN 132 RESULT
TIME LEFT 0 5 RIGHT 0 5
TRAIN A23 A24 B20
MOVE A16 69
MOVE A17 58
MOVE A18 63
MOVE A19 38
MOVE A20 35
MOVE A21 7
MOVE A22 7
MOVE B19 190
END TURN 132
TURN 133
COMMAND LEFT START
MOVE A24 82
MOVE A23 103
COMMAND LEFT END
COMMAND RIGHT START
MOVE B20 166
COMMAND RIGHT END
TURN 133 RESULT
TIME LEFT 0 5 RIGHT 0 5
MOVE A16 92
MOVE A17 69
MOVE A18 72
MOVE A19 44
MOVE A20 43
MOVE A21 16
MOVE A22 12
MOVE A23 5
MOVE A24 5
MOVE B19 178
MOVE B20 201
END TURN 133
TURN 134
COMMAND LEFT START
COMMAND LEFT END
COMMAND RIGHT START
UPGRADE 102
COMMAND RIGHT END
TURN 134 RESULT
TIME LEFT 0 5 RIGHT 0 5
UPGRADE B 102
MOVE A16 103
MOVE A17 92
MOVE A18 86
MOVE A19 58
MOVE A20 61
MOVE A21 38
MOVE A22 11
MOVE A23 7
MOVE A24 7
MOVE B19 170
MOVE B20 199
END TURN 134
TURN 135
COMMAND LEFT START
COMMAND LEFT END
COMMAND RIGHT START
TRAIN 1
COMMAND RIGHT END
TURN 135 RESULT
TIME LEFT 0 5 RIGHT 0 5
TRAIN B21
MOVE A17 103
MOVE A19 69
MOVE A20 74
MOVE A21 44
MOVE A22 15
MOVE A23 16
MOVE A24 12
MOVE B19 158
MOVE B20 194
END TURN 135
TURN 136
COMMAND LEFT START
COMMAND LEFT END
COMMAND RIGHT START
MOVE B21 102
COMMAND RIGHT END
TURN 136 RESULT
TIME LEFT 0 5 RIGHT 0 5
MOVE A19 92
MOVE A20 90
MOVE A21 58
MOVE A22 21
MOVE A23 38
MOVE A24 18
MOVE B20 195
MOVE B21 203
END TURN 136
TURN 137
COMMAND LEFT START
COMMAND LEFT END
COMMAND RIGHT START
UPGRADE 120
COMMAND RIGHT END
TURN 137 RESULT
TIME LEFT 0 5 RIGHT 0 5
UPGRADE B 120
MOVE A19 103
MOVE A21 69
MOVE A22 26
MOVE A23 44
MOVE A24 17
MOVE B20 191
MOVE B21 196
END TURN 137
TURN 138
COMMAND LEFT START
COMMAND LEFT END
COMMAND RIGHT START
TRAIN 1
COMMAND RIGHT END
TURN 138 RESULT
TIME LEFT 0 5 RIGHT 0 5
TRAIN B22
MOVE A21 92
MOVE A22 29
MOVE A23 58
MOVE A24 33
MOVE B20 185
MOVE B21 182
END TURN 138
TURN 139
COMMAND LEFT START
MOVE A2 0
UPGRADE 0
COMMAND LEFT END
COMMAND RIGHT START
MOVE B22 120
COMMAND RIGHT END
TURN 139 RESULT
TIME LEFT 0 5 RIGHT 0 5
UPGRADE A 0
MOVE A2 92
MOVE A21 103
MOVE A22 40
MOVE A23 69
MOVE A24 42
MOVE B20 180
MOVE B21 171
MOVE B22 201
END TURN 139
TURN 140
COMMAND LEFT START
COMMAND LEFT END
COMMAND RIGHT START
UPGRADE 139
COMMAND RIGHT END
TURN 140 RESULT
TIME LEFT 0 5 RIGHT 0 5
UPGRADE B 139
MOVE A2 69
MOVE A23 92
MOVE A24 57
MOVE B20 177
MOVE B21 155
MOVE B22 197
END TURN 140
TURN 141
COMMAND LEFT START
COMMAND LEFT END
COMMAND RIGHT START
TRAIN 1
COMMAND RIGHT END
TURN 141 RESULT
TIME LEFT 0 5 RIGHT 0 5
TRAIN B23
MOVE A2 58
MOVE A23 103
MOVE A24 70
MOVE B20 166
MOVE B21 146
MOVE B22 181
END TURN 141
TURN 142
COMMAND LEFT START
UPGRADE 86
COMMAND LEFT END
COMMAND RIGHT START
MOVE B23 139
COMMAND RIGHT END
TURN 142 RESULT
TIME LEFT 0 5 RIGHT 0 5
UPGRADE A 86
MOVE A2 44
MOVE A24 82
MOVE B21 127
MOVE B22 167
MOVE B23 201
END TURN 142
TURN 143
COMMAND LEFT START
COMMAND LEFT END
COMMAND RIGHT START
UPGRADE 116
TRAIN 1
COMMAND RIGHT END
TURN 143 RESULT
TIME LEFT 0 5 RIGHT 0 5
UPGRADE B 116
TRAIN B24
MOVE A2 38
MOVE B21 119
MOVE B22 154
MOVE B23 199
END TURN 143
TURN 144
COMMAND LEFT START
COMMAND LEFT END
COMMAND RIGHT START
MOVE B24 116
TRAIN 2
COMMAND RIGHT END
TURN 144 RESULT
TIME LEFT 0 5 RIGHT 0 5
TRAIN B25 B26
MOVE A2 16
MOVE B21 102
MOVE B22 143
MOVE B23 190
MOVE B24 203
END TURN 144
TURN 145
COMMAND LEFT START
UPGRADE 90
COMMAND LEFT END
COMMAND RIGHT START
MOVE B25 4
MOVE B26 120
TRAIN 2
COMMAND RIGHT END
TURN 145 RESULT
TIME LEFT 0 5 RIGHT 0 5
UPGRADE A 90
TRAIN B27 B28
MOVE A2 7
MOVE B22 134
MOVE B23 168
MOVE B24 196
MOVE B25 201
MOVE B26 201
END TURN 145
TURN 146
COMMAND LEFT START
COMMAND LEFT END
COMMAND RIGHT START
MOVE B27 120
MOVE B28 120
TRAIN 2
COMMAND RIGHT END
TURN 146 RESULT
TIME LEFT 0 5 RIGHT 0 5
TRAIN B29 B30
MOVE A2 5
MOVE B22 120
MOVE B23 162
MOVE B24 182
MOVE B25 197
MOVE B26 197
MOVE B27 201
MOVE B28 201
END TURN 146
TURN 147
COMMAND LEFT START
UPGRADE 40
COMMAND LEFT END
COMMAND RIGHT START
MOVE B29 120
MOVE B30 120
TRAIN 2
COMMAND RIGHT END
TURN 147 RESULT
TIME LEFT 0 5 RIGHT 0 5
UPGRADE A 40
TRAIN B31 B32
MOVE A2 0
MOVE B23 147
MOVE B24 171
MOVE B25 181
MOVE B26 181
MOVE B27 197
MOVE B28 197
MOVE B29 201
MOVE B30 201
END TURN 147
TURN 148
COMMAND LEFT START
COMMAND LEFT END
COMMAND RIGHT START
MOVE B31 120
MOVE B32 120
TRAIN 2
COMMAND RIGHT END
TURN 148 RESULT
TIME LEFT 0 5 RIGHT 0 5
TRAIN B33 B34
MOVE B23 139
MOVE B24 163
MOVE B25 167
MOVE B26 167
MOVE B27 181
MOVE B28 181
MOVE B29 197
MOVE B30 197
MOVE B31 201
MOVE B32 201
END TURN 148
TURN 149
COMMAND LEFT START
UPGRADE 82
COMMAND LEFT END
COMMAND RIGHT START
MOVE B33 120
MOVE B34 120
TRAIN 2
COMMAND RIGHT END
TURN 149 RESULT
TIME LEFT 0 5 RIGHT 0 5
UPGRADE A 82
TRAIN B35 B36
MOVE B24 145
MOVE B25 154
MOVE B26 154
MOVE B27 167
MOVE B28 167
MOVE B29 181
MOVE B30 181
MOVE B31 197
MOVE B32 197
MOVE B33 201
MOVE B34 201
END TURN 149
TURN 150
COMMAND LEFT START
COMMAND LEFT END
COMMAND RIGHT START
MOVE B35 120
MOVE B36 120
TRAIN 2
COMMAND RIGHT END
TURN 150 RESULT
TIME LEFT 0 5 RIGHT 0 5
TRAIN B37 B38
MOVE B24 132
MOVE B25 143
MOVE B26 143
MOVE B27 154
MOVE B28 154
MOVE B29 167
MOVE B30 167
MOVE B31 181
MOVE B32 181
MOVE B33 197
MOVE B34 197
MOVE B35 201
MOVE B36 201
END TURN 150
TURN 151
COMMAND LEFT START
MOVE A23 104
COMMAND LEFT END
COMMAND RIGHT START
MOVE B37 120
MOVE B38 120
TRAIN 2
COMMAND RIGHT END
TURN 151 RESULT
TIME LEFT 0 5 RIGHT 0 5
TRAIN B39 B40
MOVE A23 95
MOVE B24 116
MOVE B25 134
MOVE B26 134
MOVE B27 143
MOVE B28 143
MOVE B29 154
MOVE B30 154
MOVE B31 167
MOVE B32 167
MOVE B33 181
MOVE B34 181
MOVE B35 197
MOVE B36 197
MOVE B37 201
MOVE B38 201
END TURN 151
TURN 152
COMMAND LEFT START
MOVE A21 124
COMMAND LEFT END
COMMAND RIGHT START
MOVE B39 120
MOVE B40 120
TRAIN 2
COMMAND RIGHT END
TURN 152 RESULT
TIME LEFT 0 5 RIGHT 0 5
TRAIN B41 B42
MOVE A21 117
MOVE A23 86
MOVE B25 111
MOVE B26 120
MOVE B27 134
MOVE B28 134
MOVE B29 143
MOVE B30 143
MOVE B31 154
MOVE B32 154
MOVE B33 167
MOVE B34 167
MOVE B35 181
MOVE B36 181
MOVE B37 197
MOVE B38 197
MOVE B39 201
MOVE B40 201
END TURN 152
TURN 153
COMMAND LEFT START
UPGRADE 40
COMMAND LEFT END
COMMAND RIGHT START
MOVE B26 41
MOVE B41 120
MOVE B42 120
TRAIN 2
COMMAND RIGHT END
TURN 153 RESULT
TIME LEFT 0 5 RIGHT 0 5
UPGRADE A 40
TRAIN B43 B44
MOVE A21 122
MOVE A23 94
MOVE B25 89
MOVE B26 111
MOVE B27 120
MOVE B28 120
MOVE B29 134
MOVE B30 134
MOVE B31 143
MOVE B32 143
MOVE B33 154
MOVE B34 154
MOVE B35 167
MOVE B36 167
MOVE B37 181
MOVE B38 181
MOVE B39 197
MOVE B40 197
MOVE B41 201
MOVE B42 201
END TURN 153
TURN 154
COMMAND LEFT START
TRAIN 1
COMMAND LEFT END
COMMAND RIGHT START
MOVE B43 120
MOVE B44 120
TRAIN 2
COMMAND RIGHT END
TURN 154 RESULT
TIME LEFT 0 5 RIGHT 0 5
TRAIN A25 B45 B46
MOVE A21 126
MOVE A23 81
MOVE B25 67
MOVE B26 103
MOVE B29 120
MOVE B30 120
MOVE B31 134
MOVE B32 134
MOVE B33 143
MOVE B34 143
MOVE B35 154
MOVE B36 154
MOVE B37 167
MOVE B38 167
MOVE B39 181
MOVE B40 181
MOVE B41 197
MOVE B42 197
MOVE B43 201
MOVE B44 201
DAMAGE TURRET B25 2
DAMAGE TURRET B26 2
DAMAGE COMBAT A5 1
DAMAGE COMBAT A8 1
DAMAGE COMBAT B25 3
DAMAGE COMBAT B26 4
END TURN 154
TURN 155
COMMAND LEFT START
MOVE A8 40
MOVE A25 103
UPGRADE 82
COMMAND LEFT END
COMMAND RIGHT START
MOVE B27 41
MOVE B45 120
MOVE B46 120
TRAIN 2
COMMAND RIGHT END
TURN 155 RESULT
TIME LEFT 0 5 RIGHT 0 5
UPGRADE A 82
TRAIN B47 B48
MOVE A8 89
MOVE A21 110
MOVE A23 90
MOVE A25 5
MOVE B27 111
MOVE B31 120
MOVE B32 120
MOVE B33 134
MOVE B34 134
MOVE B35 143
MOVE B36 143
MOVE B37 154
MOVE B38 154
MOVE B39 167
MOVE B40 167
MOVE B41 181
MOVE B42 181
MOVE B43 197
MOVE B44 197
MOVE B45 201
MOVE B46 201
DAMAGE TURRET B25 1
DAMAGE COMBAT A5 1
END TURN 155
TURN 156
COMMAND LEFT START
MOVE A12 82
UPGRADE 86
COMMAND LEFT END
COMMAND RIGHT START
MOVE B28 4
MOVE B47 120
MOVE B48 120
TRAIN 2
COMMAND RIGHT END
TURN 156 RESULT
TIME LEFT 0 5 RIGHT 0 5
UPGRADE A 86
TRAIN B49 B50
MOVE A8 84
MOVE A12 89
MOVE A21 123
MOVE A23 88
MOVE A25 7
MOVE B27 103
MOVE B28 97
MOVE B33 120
MOVE B34 120
MOVE B35 134
MOVE B36 134
MOVE B37 143
MOVE B38 143
MOVE B39 154
MOVE B40 154
MOVE B41 167
MOVE B42 167
MOVE B43 181
MOVE B44 181
MOVE B45 197
MOVE B46 197
MOVE B47 201
MOVE B48 201
DAMAGE TURRET B27 2
DAMAGE COMBAT A16 1
DAMAGE COMBAT B27 3
END TURN 156
TURN 157
COMMAND LEFT START
TRAIN 1
COMMAND LEFT END
COMMAND RIGHT START
MOVE B49 120
MOVE B50 120
TRAIN 2
COMMAND RIGHT END
TURN 157 RESULT
TIME LEFT 0 5 RIGHT 0 5
TRAIN A26 B51 B52
MOVE A8 77
MOVE A12 84
MOVE A21 124
MOVE A23 104
MOVE A25 16
MOVE B28 84
MOVE B35 120
MOVE B36 120
MOVE B37 134
MOVE B38 134
MOVE B39 143
MOVE B40 143
MOVE B41 154
MOVE B42 154
MOVE B43 167
MOVE B44 167
MOVE B45 181
MOVE B46 181
MOVE B47 197
MOVE B48 197
MOVE B49 201
MOVE B50 201
DAMAGE TURRET B27 1
DAMAGE COMBAT A12 1
DAMAGE COMBAT A16 1
DAMAGE COMBAT B28 1
END TURN 157
TURN 158
COMMAND LEFT START
MOVE A2 86
MOVE A21 103
COMMAND LEFT END
COMMAND RIGHT START
MOVE B29 41
MOVE B51 120
MOVE B52 120
TRAIN 2
COMMAND RIGHT END
TURN 158 RESULT
TIME LEFT 0 5 RIGHT 0 5
TRAIN B53 B54
MOVE A2 5
MOVE A8 64
MOVE A21 123
MOVE A25 38
MOVE B29 111
MOVE B37 120
MOVE B38 120
MOVE B39 134
MOVE B40 134
MOVE B41 143
MOVE B42 143
MOVE B43 154
MOVE B44 154
MOVE B45 167
MOVE B46 167
MOVE B47 181
MOVE B48 181
MOVE B49 197
MOVE B50 197
MOVE B51 201
MOVE B52 201
DAMAGE COMBAT A12 1
DAMAGE COMBAT B28 1
END TURN 158
TURN 159
COMMAND LEFT START
UPGRADE 90
COMMAND LEFT END
COMMAND RIGHT START
MOVE B53 120
MOVE B54 120
TRAIN 2
COMMAND RIGHT END
TURN 159 RESULT
TIME LEFT 0 5 RIGHT 0 5
UPGRADE A 90
TRAIN B55 B56
MOVE A2 9
MOVE A8 57
MOVE A21 110
MOVE A25 44
MOVE B29 103
MOVE B39 120
MOVE B40 120
MOVE B41 134
MOVE B42 134
MOVE B43 143
MOVE B44 143
MOVE B45 154
MOVE B46 154
MOVE B47 167
MOVE B48 167
MOVE B49 181
MOVE B50 181
MOVE B51 197
MOVE B52 197
MOVE B53 201
MOVE B54 201
DAMAGE TURRET B29 2
DAMAGE COMBAT A12 1
DAMAGE COMBAT A16 1
DAMAGE COMBAT B28 1
DAMAGE COMBAT B29 3
END TURN 159
TURN 160
COMMAND LEFT START
MOVE A23 90
TRAIN 1
COMMAND LEFT END
COMMAND RIGHT START
MOVE B55 120
MOVE B56 120
TRAIN 2
COMMAND RIGHT END
TURN 160 RESULT
TIME LEFT 0 5 RIGHT 0 5
TRAIN A27 B57 B58
MOVE A2 25
MOVE A8 47
MOVE A21 126
MOVE A23 88
MOVE A25 58
MOVE B41 120
MOVE B42 120
MOVE B43 134
MOVE B44 134
MOVE B45 143
MOVE B46 143
MOVE B47 154
MOVE B48 154
MOVE B49 167
MOVE B50 167
MOVE B51 181
MOVE B52 181
MOVE B53 197
MOVE B54 197
MOVE B55 201
MOVE B56 201
DAMAGE TURRET B29 1
DAMAGE COMBAT A12 1
DAMAGE COMBAT A16 1
DAMAGE COMBAT B28 1
END TURN 160
TURN 161
COMMAND LEFT START
MOVE A27 103
COMMAND LEFT END
COMMAND RIGHT START
MOVE B30 41
MOVE B57 120
MOVE B58 120
TRAIN 2
COMMAND RIGHT END
TURN 161 RESULT
TIME LEFT 0 5 RIGHT 0 5
TRAIN B59 B60
MOVE A2 39
MOVE A8 40
MOVE A21 122
MOVE A23 90
MOVE A25 69
MOVE A27 5
MOVE B30 111
MOVE B43 120
MOVE B44 120
MOVE B45 134
MOVE B46 134
MOVE B47 143
MOVE B48 143
MOVE B49 154
MOVE B50 154
MOVE B51 167
MOVE B52 167
MOVE B53 181
MOVE B54 181
MOVE B55 197
MOVE B56 197
MOVE B57 201
MOVE B58 201
DAMAGE COMBAT A12 1
DAMAGE COMBAT B28 1
END TURN 161
TURN 162
COMMAND LEFT START
UPGRADE 40
COMMAND LEFT END
COMMAND RIGHT START
MOVE B59 120
MOVE B60 120
TRAIN 2
COMMAND RIGHT END
TURN 162 RESULT
TIME LEFT 0 5 RIGHT 0 5
UPGRADE A 40
TRAIN B61 B62
MOVE A2 52
MOVE A21 117
MOVE A25 92
MOVE A27 7
MOVE B30 103
MOVE B45 120
MOVE B46 120
MOVE B47 134
MOVE B48 134
MOVE B49 143
MOVE B50 143
MOVE B51 154
MOVE B52 154
MOVE B53 167
MOVE B54 167
MOVE B55 181
MOVE B56 181
MOVE B57 197
MOVE B58 197
MOVE B59 201
MOVE B60 201
DAMAGE TURRET B30 2
DAMAGE COMBAT A12 1
DAMAGE COMBAT A16 1
DAMAGE COMBAT B28 1
DAMAGE COMBAT B30 3
END TURN 162
TURN 163
COMMAND LEFT START
TRAIN 2
COMMAND LEFT END
COMMAND RIGHT START
MOVE B31 4
MOVE B61 120
MOVE B62 120
TRAIN 2
COMMAND RIGHT END
TURN 163 RESULT
TIME LEFT 0 5 RIGHT 0 5
TRAIN A28 A29 B63 B64
MOVE A2 63
MOVE A21 103
MOVE A25 103
MOVE A27 16
MOVE B31 97
MOVE B47 120
MOVE B48 120
MOVE B49 134
MOVE B50 134
MOVE B51 143
MOVE B52 143
MOVE B53 154
MOVE B54 154
MOVE B55 167
MOVE B56 167
MOVE B57 181
MOVE B58 181
MOVE B59 197
MOVE B60 197
MOVE B61 201
MOVE B62 201
DAMAGE TURRET B30 1
DAMAGE COMBAT A16 1
END TURN 163
TURN 164
COMMAND LEFT START
MOVE A17 40
MOVE A13 82
MOVE A29 103
TRAIN 2
COMMAND LEFT END
COMMAND RIGHT START
MOVE B33 103
MOVE B34 103
MOVE B35 103
MOVE B36 103
MOVE B37 103
MOVE B38 103
MOVE B39 103
MOVE B40 103
MOVE B41 103
MOVE B42 103
MOVE B43 103
MOVE B44 103
MOVE B45 103
MOVE B46 103
MOVE B47 103
MOVE B48 103
MOVE B32 41
MOVE B63 120
MOVE B64 120
TRAIN 2
COMMAND RIGHT END
TURN 164 RESULT
TIME LEFT 0 5 RIGHT 0 5
TRAIN A30 A31 B65 B66
MOVE A2 72
MOVE A13 5
MOVE A17 89
MOVE A27 38
MOVE A29 5
MOVE B31 84
MOVE B32 111
MOVE B33 111
MOVE B34 111
MOVE B35 111
MOVE B36 111
MOVE B37 111
MOVE B38 111
MOVE B39 111
MOVE B40 111
MOVE B41 111
MOVE B42 111
MOVE B43 111
MOVE B44 111
MOVE B45 111
MOVE B46 111
MOVE B47 111
MOVE B48 111
MOVE B49 120
MOVE B50 120
MOVE B51 134
MOVE B52 134
MOVE B53 143
MOVE B54 143
MOVE B55 154
MOVE B56 154
MOVE B57 167
MOVE B58 167
MOVE B59 181
MOVE B60 181
MOVE B61 197
MOVE B62 197
MOVE B63 201
MOVE B64 201
END TURN 164
TURN 165
COMMAND LEFT START
MOVE A31 103
MOVE A30 103
TRAIN 2
COMMAND LEFT END
COMMAND RIGHT START
MOVE B49 103
MOVE B50 103
MOVE B65 120
MOVE B66 120
TRAIN 2
COMMAND RIGHT END
TURN 165 RESULT
TIME LEFT 0 5 RIGHT 0 5
TRAIN A32 A33 B67 B68
MOVE A2 86
MOVE A13 7
MOVE A17 84
MOVE A27 44
MOVE A29 7
MOVE A30 5
MOVE A31 5
MOVE B31 67
MOVE B32 103
MOVE B33 103
MOVE B34 103
MOVE B35 103
MOVE B36 103
MOVE B37 103
MOVE B38 103
MOVE B39 103
MOVE B40 103
MOVE B41 103
MOVE B42 103
MOVE B43 103
MOVE B44 103
MOVE B45 103
MOVE B46 103
MOVE B47 103
MOVE B48 103
MOVE B49 111
MOVE B50 111
MOVE B51 120
MOVE B52 120
MOVE B53 134
MOVE B54 134
MOVE B55 143
MOVE B56 143
MOVE B57 154
MOVE B58 154
MOVE B59 167
MOVE B60 167
MOVE B61 181
MOVE B62 181
MOVE B63 197
MOVE B64 197
MOVE B65 201
MOVE B66 201
DAMAGE TURRET B31 2
DAMAGE TURRET B32 2
DAMAGE COMBAT A5 1
DAMAGE COMBAT A19 6
DAMAGE COMBAT A21 6
DAMAGE COMBAT A25 5
DAMAGE COMBAT B31 3
DAMAGE COMBAT B32 3
END TURN 165
TURN 166
COMMAND LEFT START
MOVE A33 86
MOVE A32 86
TRAIN 2
COMMAND LEFT END
COMMAND RIGHT START
MOVE B51 103
MOVE B52 103
MOVE B67 120
MOVE B68 120
TRAIN 2
COMMAND RIGHT END
TURN 166 RESULT
TIME LEFT 0 5 RIGHT 0 5
TRAIN A34 A35 B69 B70
MOVE A13 12
MOVE A17 77
MOVE A27 58
MOVE A29 16
MOVE A30 7
MOVE A31 7
MOVE A32 5
MOVE A33 5
MOVE B49 103
MOVE B50 103
MOVE B51 111
MOVE B52 111
MOVE B53 120
MOVE B54 120
MOVE B55 134
MOVE B56 134
MOVE B57 143
MOVE B58 143
MOVE B59 154
MOVE B60 154
MOVE B61 167
MOVE B62 167
MOVE B63 181
MOVE B64 181
MOVE B65 197
MOVE B66 197
MOVE B67 201
MOVE B68 201
DAMAGE TURRET B31 1
DAMAGE TURRET B32 1
DAMAGE TURRET B33 1
DAMAGE COMBAT A5 1
DAMAGE COMBAT A25 2
DAMAGE COMBAT B33 1
SIEGE A 103 17
END TURN 166
TURN 167
COMMAND LEFT START
MOVE A14 67
MOVE A35 86
TRAIN 2
COMMAND LEFT END
COMMAND RIGHT START
MOVE B33 41
MOVE B34 4
MOVE B53 103
MOVE B54 103
MOVE B69 120
MOVE B70 120
TRAIN 2
COMMAND RIGHT END
TURN 167 RESULT
TIME LEFT 0 5 RIGHT 0 5
TRAIN A36 A37 B71 B72
MOVE A13 18
MOVE A14 5
MOVE A17 64
MOVE A27 69
MOVE A29 38
MOVE A30 16
MOVE A31 16
MOVE A32 9
MOVE A33 9
MOVE A35 5
MOVE B33 95
MOVE B34 92
MOVE B51 103
MOVE B52 103
MOVE B53 111
MOVE B54 111
MOVE B55 120
MOVE B56 120
MOVE B57 134
MOVE B58 134
MOVE B59 143
MOVE B60 143
MOVE B61 154
MOVE B62 154
MOVE B63 167
MOVE B64 167
MOVE B65 181
MOVE B66 181
MOVE B67 197
MOVE B68 197
MOVE B69 201
MOVE B70 201
DAMAGE TURRET B35 2
SIEGE A 103 1
END TURN 167
TURN 168
COMMAND LEFT START
MOVE A37 86
MOVE A36 86
COMMAND LEFT END
COMMAND RIGHT START
MOVE B55 103
MOVE B56 103
MOVE B71 120
MOVE B72 120
TRAIN 2
COMMAND RIGHT END
TURN 168 RESULT
TIME LEFT 0 5 RIGHT 0 5
TRAIN B73 B74
MOVE A13 17
MOVE A14 7
MOVE A17 57
MOVE A27 92
MOVE A29 44
MOVE A30 38
MOVE A31 38
MOVE A32 25
MOVE A33 25
MOVE A35 9
MOVE A36 5
MOVE A37 5
MOVE B33 72
MOVE B34 69
MOVE B53 103
MOVE B54 103
MOVE B55 111
MOVE B56 111
MOVE B57 120
MOVE B58 120
MOVE B59 134
MOVE B60 134
MOVE B61 143
MOVE B62 143
MOVE B63 154
MOVE B64 154
MOVE B65 167
MOVE B66 167
MOVE B67 181
MOVE B68 181
MOVE B69 197
MOVE B70 197
MOVE B71 201
MOVE B72 201
END TURN 168
TURN 169
COMMAND LEFT START
UPGRADE 82
COMMAND LEFT END
COMMAND RIGHT START
MOVE B35 44
MOVE B36 44
MOVE B37 44
MOVE B38 44
MOVE B39 44
MOVE B40 44
MOVE B41 44
MOVE B42 44
MOVE B43 44
MOVE B44 44
MOVE B45 44
MOVE B46 44
MOVE B47 44
MOVE B48 44
MOVE B49 44
MOVE B50 44
MOVE B51 44
MOVE B52 44
MOVE B53 44
MOVE B54 44
MOVE B73 120
MOVE B74 120
TRAIN 1
COMMAND RIGHT END
TURN 169 RESULT
TIME LEFT 0 5 RIGHT 0 5
UPGRADE A 82
TRAIN B75
MOVE A13 33
MOVE A14 16
MOVE A17 47
MOVE A27 103
MOVE A29 58
MOVE A30 44
MOVE A31 44
MOVE A32 39
MOVE A33 39
MOVE A35 25
MOVE A36 9
MOVE A37 9
MOVE B33 65
MOVE B34 58
MOVE B35 92
MOVE B36 92
MOVE B37 92
MOVE B38 92
MOVE B39 92
MOVE B40 92
MOVE B41 92
MOVE B42 92
MOVE B43 92
MOVE B44 92
MOVE B45 92
MOVE B46 92
MOVE B47 92
MOVE B48 92
MOVE B49 92
MOVE B50 92
MOVE B51 92
MOVE B52 92
MOVE B53 92
MOVE B54 92
MOVE B55 103
MOVE B56 103
MOVE B59 120
MOVE B60 120
MOVE B61 134
MOVE B62 134
MOVE B63 143
MOVE B64 143
MOVE B65 154
MOVE B66 154
MOVE B67 167
MOVE B68 167
MOVE B69 181
MOVE B70 181
MOVE B71 197
MOVE B72 197
MOVE B73 201
MOVE B74 201
DAMAGE COMBAT A27 2
DAMAGE COMBAT A29 1
DAMAGE COMBAT B34 1
DAMAGE COMBAT B55 1
END TURN 169
TURN 170
COMMAND LEFT START
MOVE A27 82
TRAIN 2
COMMAND LEFT END
COMMAND RIGHT START
MOVE B75 120
TRAIN 2
COMMAND RIGHT END
TURN 170 RESULT
TIME LEFT 0 5 RIGHT 0 5
TRAIN A38 A39 B76 B77
MOVE A13 42
MOVE A14 28
MOVE A17 40
MOVE A30 58
MOVE A31 58
MOVE A32 52
MOVE A33 52
MOVE A35 39
MOVE A36 25
MOVE A37 25
MOVE B33 41
MOVE B35 69
MOVE B36 69
MOVE B37 69
MOVE B38 69
MOVE B39 69
MOVE B40 69
MOVE B41 69
MOVE B42 69
MOVE B43 69
MOVE B44 69
MOVE B45 69
MOVE B46 69
MOVE B47 69
MOVE B48 69
MOVE B49 69
MOVE B50 69
MOVE B51 69
MOVE B52 69
MOVE B53 69
MOVE B54 69
MOVE B61 120
MOVE B62 120
MOVE B63 134
MOVE B64 134
MOVE B65 143
MOVE B66 143
MOVE B67 154
MOVE B68 154
MOVE B69 167
MOVE B70 167
MOVE B71 181
MOVE B72 181
MOVE B73 197
MOVE B74 197
MOVE B75 201
DAMAGE COMBAT A27 2
DAMAGE COMBAT A29 1
DAMAGE COMBAT B34 3
DAMAGE COMBAT B55 1
END TURN 170
TURN 171
COMMAND LEFT START
MOVE A39 86
MOVE A38 86
TRAIN 2
COMMAND LEFT END
COMMAND RIGHT START
MOVE B76 120
MOVE B77 120
TRAIN 2
COMMAND RIGHT END
TURN 171 RESULT
TIME LEFT 0 5 RIGHT 0 5
TRAIN A40 A41 B78 B79
MOVE A13 57
MOVE A14 36
MOVE A32 63
MOVE A33 63
MOVE A35 52
MOVE A36 39
MOVE A37 39
MOVE A38 5
MOVE A39 5
MOVE B35 58
MOVE B36 58
MOVE B37 58
MOVE B38 58
MOVE B39 58
MOVE B40 58
MOVE B41 58
MOVE B42 58
MOVE B43 58
MOVE B44 58
MOVE B45 58
MOVE B46 58
MOVE B47 58
MOVE B48 58
MOVE B49 58
MOVE B50 58
MOVE B51 58
MOVE B52 58
MOVE B53 58
MOVE B54 58
MOVE B63 120
MOVE B64 120
MOVE B65 134
MOVE B66 134
MOVE B67 143
MOVE B68 143
MOVE B69 154
MOVE B70 154
MOVE B71 167
MOVE B72 167
MOVE B73 181
MOVE B74 181
MOVE B75 197
MOVE B76 201
MOVE B77 201
DAMAGE COMBAT A27 2
DAMAGE COMBAT A29 5
DAMAGE COMBAT A30 7
DAMAGE COMBAT A31 7
DAMAGE COMBAT B34 2
DAMAGE COMBAT B35 1
DAMAGE COMBAT B55 1
END TURN 171
TURN 172
COMMAND LEFT START
MOVE A41 86
MOVE A40 86
TRAIN 2
COMMAND LEFT END
COMMAND RIGHT START
MOVE B78 120
MOVE B79 120
TRAIN 2
COMMAND RIGHT END
TURN 172 RESULT
TIME LEFT 0 5 RIGHT 0 5
TRAIN A42 A43 B80 B81
MOVE A13 70
MOVE A14 48
MOVE A32 72
MOVE A33 72
MOVE A35 63
MOVE A36 52
MOVE A37 52
MOVE A38 9
MOVE A39 9
MOVE A40 5
MOVE A41 5
MOVE B35 44
MOVE B36 44
MOVE B37 44
MOVE B38 44
MOVE B39 44
MOVE B40 44
MOVE B41 44
MOVE B42 44
MOVE B43 44
MOVE B44 44
MOVE B45 44
MOVE B46 44
MOVE B47 44
MOVE B48 44
MOVE B49 44
MOVE B50 44
MOVE B51 44
MOVE B52 44
MOVE B53 44
MOVE B54 44
MOVE B65 120
MOVE B66 120
MOVE B67 134
MOVE B68 134
MOVE B69 143
MOVE B70 143
MOVE B71 154
MOVE B72 154
MOVE B73 167
MOVE B74 167
MOVE B75 181
MOVE B76 197
MOVE B77 197
MOVE B78 201
MOVE B79 201
DAMAGE COMBAT A27 1
DAMAGE COMBAT B55 1
END TURN 172
TURN 173
COMMAND LEFT START
MOVE A15 82
MOVE A43 86
COMMAND LEFT END
COMMAND RIGHT START
MOVE B36 5
MOVE B37 5
MOVE B38 5
MOVE B39 5
MOVE B40 5
MOVE B41 5
MOVE B42 5
MOVE B43 5
MOVE B44 5
MOVE B45 5
MOVE B46 5
MOVE B47 5
MOVE B48 5
MOVE B49 5
MOVE B50 5
MOVE B51 5
MOVE B52 5
MOVE B53 5
MOVE B54 5
MOVE B35 4
MOVE B55 120
MOVE B56 120
MOVE B80 120
MOVE B81 120
COMMAND RIGHT END
TURN 173 RESULT
TIME LEFT 0 5 RIGHT 0 5
MOVE A13 82
MOVE A14 59
MOVE A15 5
MOVE A32 86
MOVE A33 86
MOVE A35 72
MOVE A36 63
MOVE A37 63
MOVE A38 25
MOVE A39 25
MOVE A40 9
MOVE A41 9
MOVE A43 5
MOVE B35 38
MOVE B36 38
MOVE B37 38
MOVE B38 38
MOVE B39 38
MOVE B40 38
MOVE B41 38
MOVE B42 38
MOVE B43 38
MOVE B44 38
MOVE B45 38
MOVE B46 38
MOVE B47 38
MOVE B48 38
MOVE B49 38
MOVE B50 38
MOVE B51 38
MOVE B52 38
MOVE B53 38
MOVE B54 38
MOVE B55 111
MOVE B56 111
MOVE B67 120
MOVE B68 120
MOVE B69 134
MOVE B70 134
MOVE B71 143
MOVE B72 143
MOVE B73 154
MOVE B74 154
MOVE B75 167
MOVE B76 181
MOVE B77 181
MOVE B78 197
MOVE B79 197
MOVE B80 201
MOVE B81 201
END TURN 173
TURN 174
COMMAND LEFT START
MOVE A33 103
COMMAND LEFT END
COMMAND RIGHT START
TRAIN 1
COMMAND RIGHT END
TURN 174 RESULT
TIME LEFT 0 5 RIGHT 0 5
TRAIN B82
MOVE A14 67
MOVE A15 7
MOVE A33 95
MOVE A35 86
MOVE A36 72
MOVE A37 72
MOVE A38 39
MOVE A39 39
MOVE A40 25
MOVE A41 25
MOVE A43 9
MOVE B35 16
MOVE B36 16
MOVE B37 16
MOVE B38 16
MOVE B39 16
MOVE B40 16
MOVE B41 16
MOVE B42 16
MOVE B43 16
MOVE B44 16
MOVE B45 16
MOVE B46 16
MOVE B47 16
MOVE B48 16
MOVE B49 16
MOVE B50 16
MOVE B51 16
MOVE B52 16
MOVE B53 16
MOVE B54 16
MOVE B55 120
MOVE B56 120
MOVE B69 120
MOVE B70 120
MOVE B71 134
MOVE B72 134
MOVE B73 143
MOVE B74 143
MOVE B75 154
MOVE B76 167
MOVE B77 167
MOVE B78 181
MOVE B79 181
MOVE B80 197
MOVE B81 197
END TURN 174
TURN 175
COMMAND LEFT START
MOVE A1 0
MOVE A4 0
MOVE A9 0
MOVE A2 0
MOVE A18 0
MOVE A32 0
MOVE A35 0
MOVE A20 0
MOVE A23 0
MOVE A8 0
MOVE A17 0
MOVE A22 0
MOVE A13 0
MOVE A24 0
TRAIN 2
COMMAND LEFT END
COMMAND RIGHT START
MOVE B82 120
TRAIN 2
COMMAND RIGHT END
TURN 175 RESULT
TIME LEFT 0 5 RIGHT 0 5
TRAIN A44 A45 B83 B84
MOVE A1 20
MOVE A2 72
MOVE A4 20
MOVE A8 29
MOVE A9 20
MOVE A13 70
MOVE A15 12
MOVE A17 29
MOVE A18 72
MOVE A20 74
MOVE A22 29
MOVE A23 74
MOVE A24 70
MOVE A32 72
MOVE A33 103
MOVE A35 72
MOVE A36 86
MOVE A37 86
MOVE A38 52
MOVE A39 52
MOVE A40 39
MOVE A41 39
MOVE A43 25
MOVE B35 12
MOVE B36 7
MOVE B37 7
MOVE B38 7
MOVE B39 7
MOVE B40 7
MOVE B41 7
MOVE B42 7
MOVE B43 7
MOVE B44 7
MOVE B45 7
MOVE B46 7
MOVE B47 7
MOVE B48 7
MOVE B49 7
MOVE B50 7
MOVE B51 7
MOVE B52 7
MOVE B53 7
MOVE B54 7
MOVE B71 120
MOVE B72 120
MOVE B73 134
MOVE B74 134
MOVE B75 143
MOVE B76 154
MOVE B77 154
MOVE B78 167
MOVE B79 167
MOVE B80 181
MOVE B81 181
MOVE B82 201
DAMAGE COMBAT A15 1
DAMAGE COMBAT B35 1
END TURN 175
TURN 176
COMMAND LEFT START
COMMAND LEFT END
COMMAND RIGHT START
MOVE B83 120
MOVE B84 120
TRAIN 2
COMMAND RIGHT END
TURN 176 RESULT
TIME LEFT 0 5 RIGHT 0 5
TRAIN B85 B86
MOVE A1 14
MOVE A2 63
MOVE A4 14
MOVE A8 26
MOVE A9 14
MOVE A13 57
MOVE A17 26
MOVE A18 63
MOVE A20 61
MOVE A22 26
MOVE A23 61
MOVE A24 57
MOVE A32 63
MOVE A35 63
MOVE A38 63
MOVE A39 63
MOVE A40 52
MOVE A41 52
MOVE A43 39
MOVE B36 5
MOVE B37 5
MOVE B38 5
MOVE B39 5
MOVE B40 5
MOVE B41 5
MOVE B42 5
MOVE B43 5
MOVE B44 5
MOVE B45 5
MOVE B46 5
MOVE B47 5
MOVE B48 5
MOVE B49 5
MOVE B50 5
MOVE B51 5
MOVE B52 5
MOVE B53 5
MOVE B54 5
MOVE B73 120
MOVE B74 120
MOVE B75 134
MOVE B76 143
MOVE B77 143
MOVE B78 154
MOVE B79 154
MOVE B80 167
MOVE B81 167
MOVE B82 197
MOVE B83 201
MOVE B84 201
DAMAGE COMBAT A15 1
DAMAGE COMBAT B35 1
END TURN 176
TURN 177
COMMAND LEFT START
COMMAND LEFT END
COMMAND RIGHT START
MOVE B36 0
MOVE B37 0
MOVE B38 0
MOVE B39 0
MOVE B40 0
MOVE B41 0
MOVE B42 0
MOVE B43 0
MOVE B44 0
MOVE B45 0
MOVE B46 0
MOVE B47 0
MOVE B48 0
MOVE B49 0
MOVE B50 0
MOVE B51 0
MOVE B52 0
MOVE B53 0
MOVE B54 0
MOVE B85 120
MOVE B86 120
COMMAND RIGHT END
TURN 177 RESULT
TIME LEFT 0 5 RIGHT 0 5
MOVE A1 3
MOVE A2 52
MOVE A4 3
MOVE A8 21
MOVE A9 3
MOVE A13 42
MOVE A17 21
MOVE A18 52
MOVE A20 43
MOVE A22 21
MOVE A23 43
MOVE A24 42
MOVE A32 52
MOVE A35 52
MOVE A38 72
MOVE A39 72
MOVE A40 63
MOVE A41 63
MOVE A43 52
MOVE B36 0
MOVE B37 0
MOVE B38 0
MOVE B39 0
MOVE B40 0
MOVE B41 0
MOVE B42 0
MOVE B43 0
MOVE B44 0
MOVE B45 0
MOVE B46 0
MOVE B47 0
MOVE B48 0
MOVE B49 0
MOVE B50 0
MOVE B51 0
MOVE B52 0
MOVE B53 0
MOVE B54 0
MOVE B75 120
MOVE B76 134
MOVE B77 134
MOVE B78 143
MOVE B79 143
MOVE B80 154
MOVE B81 154
MOVE B82 181
MOVE B83 197
MOVE B84 197
MOVE B85 201
MOVE B86 201
DAMAGE TURRET B36 3
DAMAGE COMBAT A15 1
DAMAGE COMBAT A26 7
DAMAGE COMBAT A28 7
DAMAGE COMBAT A34 5
DAMAGE COMBAT B35 1
DAMAGE COMBAT B36 3
DAMAGE COMBAT B37 3
END TURN 177
TURN 178
COMMAND LEFT START
TRAIN 1
COMMAND LEFT END
COMMAND RIGHT START
TRAIN 2
COMMAND RIGHT END
TURN 178 RESULT
TIME LEFT 0 5 RIGHT 0 5
TRAIN A46 B87 B88
MOVE A1 0
MOVE A2 39
MOVE A4 0
MOVE A8 15
MOVE A9 0
MOVE A13 33
MOVE A15 18
MOVE A17 15
MOVE A18 39
MOVE A20 35
MOVE A22 15
MOVE A23 35
MOVE A24 33
MOVE A32 39
MOVE A35 39
MOVE A38 86
MOVE A39 86
MOVE A40 72
MOVE A41 72
MOVE A43 63
MOVE B76 120
MOVE B77 120
MOVE B78 134
MOVE B79 134
MOVE B80 143
MOVE B81 143
MOVE B82 167
MOVE B83 181
MOVE B84 181
MOVE B85 197
MOVE B86 197
DAMAGE TURRET B37 3
DAMAGE COMBAT A1 4
DAMAGE COMBAT A4 4
DAMAGE COMBAT A9 6
DAMAGE COMBAT A34 2
DAMAGE COMBAT A42 2
DAMAGE COMBAT B38 6
DAMAGE COMBAT B39 2
END TURN 178
TURN 179
COMMAND LEFT START
TRAIN 1
COMMAND LEFT END
COMMAND RIGHT START
MOVE B87 120
MOVE B88 120
TRAIN 2
COMMAND RIGHT END
TURN 179 RESULT
TIME LEFT 0 5 RIGHT 0 5
TRAIN A47 B89 B90
MOVE A2 25
MOVE A8 11
MOVE A13 17
MOVE A15 17
MOVE A17 11
MOVE A18 25
MOVE A20 24
MOVE A22 11
MOVE A23 24
MOVE A24 17
MOVE A32 25
MOVE A35 25
MOVE A40 86
MOVE A41 86
MOVE A43 72
MOVE B78 120
MOVE B79 120
MOVE B80 134
MOVE B81 134
MOVE B82 154
MOVE B83 167
MOVE B84 167
MOVE B85 181
MOVE B86 181
MOVE B87 201
MOVE B88 201
DAMAGE TURRET B39 3
DAMAGE COMBAT A42 5
DAMAGE COMBAT A44 7
DAMAGE COMBAT A45 4
DAMAGE COMBAT B39 1
DAMAGE COMBAT B40 4
END TURN 179
TURN 180
COMMAND LEFT START
TRAIN 1
COMMAND LEFT END
COMMAND RIGHT START
MOVE B89 120
MOVE B90 120
TRAIN 1
COMMAND RIGHT END
TURN 180 RESULT
TIME LEFT 0 5 RIGHT 0 5
TRAIN A48 B91
MOVE A2 9
MOVE A8 12
MOVE A13 18
MOVE A15 33
MOVE A17 12
MOVE A18 9
MOVE A20 10
MOVE A22 12
MOVE A23 10
MOVE A24 18
MOVE A32 9
MOVE A35 9
MOVE A43 86
MOVE B80 120
MOVE B81 120
MOVE B82 143
MOVE B83 154
MOVE B84 154
MOVE B85 167
MOVE B86 167
MOVE B87 197
MOVE B88 197
MOVE B89 201
MOVE B90 201
DAMAGE TURRET B40 2
DAMAGE TURRET B41 1
DAMAGE COMBAT A45 3
DAMAGE COMBAT A46 7
DAMAGE COMBAT A47 5
DAMAGE COMBAT B41 4
END TURN 180
TURN 181
COMMAND LEFT START
TRAIN 1
COMMAND LEFT END
COMMAND RIGHT START
MOVE B91 120
TRAIN 2
COMMAND RIGHT END
TURN 181 RESULT
TIME LEFT 0 5 RIGHT 0 5
TRAIN A49 B92 B93
MOVE A2 5
MOVE A8 7
MOVE A13 12
MOVE A15 42
MOVE A17 7
MOVE A18 5
MOVE A20 3
MOVE A22 7
MOVE A23 3
MOVE A24 12
MOVE A32 5
MOVE A35 5
MOVE B82 134
MOVE B83 143
MOVE B84 143
MOVE B85 154
MOVE B86 154
MOVE B87 181
MOVE B88 181
MOVE B89 197
MOVE B90 197
MOVE B91 201
DAMAGE TURRET B41 1
DAMAGE TURRET B42 2
DAMAGE COMBAT A47 2
DAMAGE COMBAT A48 7
DAMAGE COMBAT A49 5
DAMAGE COMBAT B42 3
END TURN 181
TURN 182
COMMAND LEFT START
TRAIN 1
COMMAND LEFT END
COMMAND RIGHT START
MOVE B92 120
MOVE B93 120
TRAIN 2
COMMAND RIGHT END
TURN 182 RESULT
TIME LEFT 0 5 RIGHT 0 5
TRAIN A50 B94 B95
MOVE A2 0
MOVE A8 5
MOVE A13 7
MOVE A15 57
MOVE A17 5
MOVE A18 0
MOVE A20 0
MOVE A22 5
MOVE A23 0
MOVE A24 7
MOVE A32 0
MOVE A35 0
MOVE B82 120
MOVE B83 134
MOVE B84 134
MOVE B85 143
MOVE B86 143
MOVE B87 167
MOVE B88 167
MOVE B89 181
MOVE B90 181
MOVE B91 197
MOVE B92 201
MOVE B93 201
DAMAGE TURRET B42 1
DAMAGE TURRET B43 2
DAMAGE COMBAT A2 4
DAMAGE COMBAT A18 6
DAMAGE COMBAT A20 1
DAMAGE COMBAT A49 2
DAMAGE COMBAT B43 4
DAMAGE COMBAT B44 4
END TURN 182
TURN 183
COMMAND LEFT START
TRAIN 1
COMMAND LEFT END
COMMAND RIGHT START
MOVE B94 120
MOVE B95 120
TRAIN 2
COMMAND RIGHT END
TURN 183 RESULT
TIME LEFT 0 5 RIGHT 0 5
TRAIN A51 B96 B97
MOVE A8 0
MOVE A13 5
MOVE A15 70
MOVE A17 0
MOVE A22 0
MOVE A24 5
MOVE B83 120
MOVE B84 120
MOVE B85 134
MOVE B86 134
MOVE B87 154
MOVE B88 154
MOVE B89 167
MOVE B90 167
MOVE B91 181
MOVE B92 197
MOVE B93 197
MOVE B94 201
MOVE B95 201
DAMAGE TURRET B44 2
DAMAGE TURRET B45 1
DAMAGE COMBAT A8 5
DAMAGE COMBAT A17 1
DAMAGE COMBAT A20 5
DAMAGE COMBAT B45 5
DAMAGE COMBAT B46 4
END TURN 183
TURN 184
COMMAND LEFT START
COMMAND LEFT END
COMMAND RIGHT START
MOVE B96 120
MOVE B97 120
TRAIN 1
COMMAND RIGHT END
TURN 184 RESULT
TIME LEFT 0 5 RIGHT 0 5
TRAIN B98
MOVE A13 0
MOVE A15 82
MOVE A24 0
MOVE B85 120
MOVE B86 120
MOVE B87 143
MOVE B88 143
MOVE B89 154
MOVE B90 154
MOVE B91 167
MOVE B92 181
MOVE B93 181
MOVE B94 197
MOVE B95 197
MOVE B96 201
MOVE B97 201
DAMAGE TURRET B46 2
DAMAGE TURRET B47 1
DAMAGE COMBAT A13 4
DAMAGE COMBAT A17 5
DAMAGE COMBAT B47 5
DAMAGE COMBAT B48 4
END TURN 184
TURN 185
COMMAND LEFT START
COMMAND LEFT END
COMMAND RIGHT START
MOVE B98 120
TRAIN 2
COMMAND RIGHT END
TURN 185 RESULT
TIME LEFT 0 5 RIGHT 0 5
TRAIN B99 B100
MOVE B87 134
MOVE B88 134
MOVE B89 143
MOVE B90 143
MOVE B91 154
MOVE B92 167
MOVE B93 167
MOVE B94 181
MOVE B95 181
MOVE B96 197
MOVE B97 197
MOVE B98 201
DAMAGE TURRET B48 2
DAMAGE TURRET B49 1
DAMAGE COMBAT A13 2
DAMAGE COMBAT A22 5
DAMAGE COMBAT B49 5
DAMAGE COMBAT B50 3
END TURN 185
TURN 186
COMMAND LEFT START
COMMAND LEFT END
COMMAND RIGHT START
MOVE B99 120
MOVE B100 120
TRAIN 2
COMMAND RIGHT END
TURN 186 RESULT
TIME LEFT 0 5 RIGHT 0 5
TRAIN B101 B102
MOVE B87 120
MOVE B88 120
MOVE B89 134
MOVE B90 134
MOVE B91 143
MOVE B92 154
MOVE B93 154
MOVE B94 167
MOVE B95 167
MOVE B96 181
MOVE B97 181
MOVE B98 197
MOVE B99 201
MOVE B100 201
DAMAGE TURRET B50 3
DAMAGE COMBAT A22 1
DAMAGE COMBAT A23 4
DAMAGE COMBAT B51 6
DAMAGE COMBAT B52 1
END TURN 186
TURN 187
COMMAND LEFT START
COMMAND LEFT END
COMMAND RIGHT START
MOVE B101 120
MOVE B102 120
TRAIN 1
COMMAND RIGHT END
TURN 187 RESULT
TIME LEFT 0 5 RIGHT 0 5
TRAIN B103
MOVE B89 120
MOVE B90 120
MOVE B91 134
MOVE B92 143
MOVE B93 143
MOVE B94 154
MOVE B95 154
MOVE B96 167
MOVE B97 167
MOVE B98 181
MOVE B99 197
MOVE B100 197
MOVE B101 201
MOVE B102 201
DAMAGE TURRET B52 3
DAMAGE COMBAT A23 2
DAMAGE COMBAT A24 1
DAMAGE COMBAT B52 2
DAMAGE COMBAT B53 4
END TURN 187
TURN 188
COMMAND LEFT START
COMMAND LEFT END
COMMAND RIGHT START
MOVE B103 120
TRAIN 2
COMMAND RIGHT END
TURN 188 RESULT
TIME LEFT 0 5 RIGHT 0 5
TRAIN B104 B105
MOVE B91 120
MOVE B92 134
MOVE B93 134
MOVE B94 143
MOVE B95 143
MOVE B96 154
MOVE B97 154
MOVE B98 167
MOVE B99 181
MOVE B100 181
MOVE B101 197
MOVE B102 197
MOVE B103 201
DAMAGE TURRET B53 2
DAMAGE TURRET B54 1
DAMAGE COMBAT A24 2
DAMAGE COMBAT B54 5
END TURN 188
TURN 189
COMMAND LEFT START
MOVE A24 31
MOVE A36 90
MOVE A37 40
MOVE A38 31
MOVE A39 31
MOVE A40 40
MOVE A33 82
TRAIN 2
COMMAND LEFT END
COMMAND RIGHT START
MOVE B55 4
MOVE B104 120
MOVE B105 120
TRAIN 2
COMMAND RIGHT END
TURN 189 RESULT
TIME LEFT 0 5 RIGHT 0 5
TRAIN A52 A53 B106 B107
MOVE A24 3
MOVE A33 89
MOVE A36 94
MOVE A37 95
MOVE A38 73
MOVE A39 73
MOVE A40 95
MOVE B55 97
MOVE B92 120
MOVE B93 120
MOVE B94 134
MOVE B95 134
MOVE B96 143
MOVE B97 143
MOVE B98 154
MOVE B99 167
MOVE B100 167
MOVE B101 181
MOVE B102 181
MOVE B103 197
MOVE B104 201
MOVE B105 201
END TURN 189
TURN 190
COMMAND LEFT START
MOVE A32 31
MOVE A35 90
MOVE A3 40
TRAIN 2
COMMAND LEFT END
COMMAND RIGHT START
MOVE B106 120
MOVE B107 120
TRAIN 2
COMMAND RIGHT END
TURN 190 RESULT
TIME LEFT 0 5 RIGHT 0 5
TRAIN A54 A55 B108 B109
MOVE A3 46
MOVE A24 14
MOVE A32 3
MOVE A33 84
MOVE A35 3
MOVE A36 81
MOVE A37 92
MOVE A38 71
MOVE A39 71
MOVE A40 92
MOVE B55 84
MOVE B94 120
MOVE B95 120
MOVE B96 134
MOVE B97 134
MOVE B98 143
MOVE B99 154
MOVE B100 154
MOVE B101 167
MOVE B102 167
MOVE B103 181
MOVE B104 197
MOVE B105 197
MOVE B106 201
MOVE B107 201
DAMAGE COMBAT A33 1
DAMAGE COMBAT B55 1
END TURN 190
TURN 191
COMMAND LEFT START
MOVE A50 31
MOVE A51 90
MOVE A6 40
TRAIN 2
COMMAND LEFT END
COMMAND RIGHT START
MOVE B108 120
MOVE B109 120
TRAIN 1
COMMAND RIGHT END
TURN 191 RESULT
TIME LEFT 0 5 RIGHT 0 5
TRAIN A56 A57 B110
MOVE A3 42
MOVE A6 46
MOVE A24 20
MOVE A32 14
MOVE A35 10
MOVE A36 90
MOVE A37 89
MOVE A38 61
MOVE A39 61
MOVE A40 89
MOVE A50 3
MOVE A51 3
MOVE B96 120
MOVE B97 120
MOVE B98 134
MOVE B99 143
MOVE B100 143
MOVE B101 154
MOVE B102 154
MOVE B103 167
MOVE B104 181
MOVE B105 181
MOVE B106 197
MOVE B107 197
MOVE B108 201
MOVE B109 201
DAMAGE COMBAT A33 1
DAMAGE COMBAT B55 1
END TURN 191
TURN 192
COMMAND LEFT START
MOVE A52 31
MOVE A53 40
TRAIN 2
COMMAND LEFT END
COMMAND RIGHT START
MOVE B56 4
MOVE B110 120
TRAIN 2
COMMAND RIGHT END
TURN 192 RESULT
TIME LEFT 0 5 RIGHT 0 5
TRAIN A58 A59 B111 B112
MOVE A3 45
MOVE A6 42
MOVE A24 31
MOVE A32 20
MOVE A33 80
MOVE A35 24
MOVE A37 84
MOVE A38 51
MOVE A39 51
MOVE A40 84
MOVE A50 14
MOVE A51 10
MOVE A52 3
MOVE A53 5
MOVE B56 97
MOVE B98 120
MOVE B99 134
MOVE B100 134
MOVE B101 143
MOVE B102 143
MOVE B103 154
MOVE B104 167
MOVE B105 167
MOVE B106 181
MOVE B107 181
MOVE B108 197
MOVE B109 197
MOVE B110 201
END TURN 192
TURN 193
COMMAND LEFT START
MOVE A54 40
MOVE A55 48
TRAIN 2
COMMAND LEFT END
COMMAND RIGHT START
MOVE B111 120
MOVE B112 120
TRAIN 1
COMMAND RIGHT END
TURN 193 RESULT
TIME LEFT 0 5 RIGHT 0 5
TRAIN A60 A61 B113
MOVE A3 47
MOVE A6 45
MOVE A32 31
MOVE A33 96
MOVE A35 35
MOVE A37 77
MOVE A38 31
MOVE A39 31
MOVE A40 77
MOVE A50 20
MOVE A51 24
MOVE A52 14
MOVE A53 7
MOVE A54 5
MOVE A55 5
MOVE B56 84
MOVE B99 120
MOVE B100 120
MOVE B101 134
MOVE B102 134
MOVE B103 143
MOVE B104 154
MOVE B105 154
MOVE B106 167
MOVE B107 167
MOVE B108 181
MOVE B109 181
MOVE B110 197
MOVE B111 201
MOVE B112 201
END TURN 193
TURN 194
COMMAND LEFT START
MOVE A56 40
MOVE A57 48
TRAIN 1
COMMAND LEFT END
COMMAND RIGHT START
MOVE B113 120
TRAIN 2
COMMAND RIGHT END
TURN 194 RESULT
TIME LEFT 0 5 RIGHT 0 5
TRAIN A62 B114 B115
MOVE A3 40
MOVE A6 47
MOVE A33 83
MOVE A35 43
MOVE A37 64
MOVE A40 64
MOVE A50 31
MOVE A51 35
MOVE A52 20
MOVE A53 12
MOVE A54 7
MOVE A55 7
MOVE A56 5
MOVE A57 5
MOVE B56 67
MOVE B101 120
MOVE B102 120
MOVE B103 134
MOVE B104 143
MOVE B105 143
MOVE B106 154
MOVE B107 154
MOVE B108 167
MOVE B109 167
MOVE B110 181
MOVE B111 197
MOVE B112 197
MOVE B113 201
DAMAGE TURRET B56 2
DAMAGE COMBAT A7 1
DAMAGE COMBAT B56 3
END TURN 194
TURN 195
COMMAND LEFT START
MOVE A58 82
UPGRADE 86
COMMAND LEFT END
COMMAND RIGHT START
MOVE B114 120
MOVE B115 120
TRAIN 2
COMMAND RIGHT END
TURN 195 RESULT
TIME LEFT 0 5 RIGHT 0 5
UPGRADE A 86
TRAIN B116 B117
MOVE A6 40
MOVE A33 82
MOVE A35 61
MOVE A37 57
MOVE A40 57
MOVE A51 43
MOVE A52 31
MOVE A53 11
MOVE A54 12
MOVE A55 16
MOVE A56 7
MOVE A57 7
MOVE A58 5
MOVE B103 120
MOVE B104 134
MOVE B105 134
MOVE B106 143
MOVE B107 143
MOVE B108 154
MOVE B109 154
MOVE B110 167
MOVE B111 181
MOVE B112 181
MOVE B113 197
MOVE B114 201
MOVE B115 201
DAMAGE TURRET B56 1
DAMAGE COMBAT A7 1
END TURN 195
TURN 196
COMMAND LEFT START
MOVE A24 86
UPGRADE 90
COMMAND LEFT END
COMMAND RIGHT START
MOVE B57 4
MOVE B116 120
MOVE B117 120
TRAIN 1
COMMAND RIGHT END
TURN 196 RESULT
TIME LEFT 0 5 RIGHT 0 5
UPGRADE A 90
TRAIN B118
MOVE A24 51
MOVE A35 74
MOVE A37 47
MOVE A40 47
MOVE A51 61
MOVE A53 15
MOVE A54 11
MOVE A55 28
MOVE A56 12
MOVE A57 16
MOVE A58 7
MOVE B57 97
MOVE B104 120
MOVE B105 120
MOVE B106 134
MOVE B107 134
MOVE B108 143
MOVE B109 143
MOVE B110 154
MOVE B111 167
MOVE B112 167
MOVE B113 181
MOVE B114 197
MOVE B115 197
MOVE B116 201
MOVE B117 201
END TURN 196
TURN 197
COMMAND LEFT START
COMMAND LEFT END
COMMAND RIGHT START
MOVE B118 120
TRAIN 2
COMMAND RIGHT END
TURN 197 RESULT
TIME LEFT 0 5 RIGHT 0 5
TRAIN B119 B120
MOVE A24 61
MOVE A35 90
MOVE A37 40
MOVE A40 40
MOVE A51 74
MOVE A53 21
MOVE A54 15
MOVE A55 36
MOVE A56 11
MOVE A57 28
MOVE A58 12
MOVE B57 84
MOVE B106 120
MOVE B107 120
MOVE B108 134
MOVE B109 134
MOVE B110 143
MOVE B111 154
MOVE B112 154
MOVE B113 167
MOVE B114 181
MOVE B115 181
MOVE B116 197
MOVE B117 197
MOVE B118 201
END TURN 197
TURN 198
COMMAND LEFT START
TRAIN 1
COMMAND LEFT END
COMMAND RIGHT START
MOVE B119 120
MOVE B120 120
TRAIN 1
COMMAND RIGHT END
TURN 198 RESULT
TIME LEFT 0 5 RIGHT 0 5
TRAIN A63 B121
MOVE A24 71
MOVE A51 90
MOVE A53 26
MOVE A54 21
MOVE A55 48
MOVE A56 15
MOVE A57 36
MOVE A58 18
MOVE B57 67
MOVE B108 120
MOVE B109 120
MOVE B110 134
MOVE B111 143
MOVE B112 143
MOVE B113 154
MOVE B114 167
MOVE B115 167
MOVE B116 181
MOVE B117 181
MOVE B118 197
MOVE B119 201
MOVE B120 201
DAMAGE TURRET B57 2
DAMAGE COMBAT A7 1
DAMAGE COMBAT B57 3
END TURN 198
TURN 199
COMMAND LEFT START
MOVE A63 86
TRAIN 2
COMMAND LEFT END
COMMAND RIGHT START
MOVE B121 120
COMMAND RIGHT END
TURN 199 RESULT
TIME LEFT 0 5 RIGHT 0 5
TRAIN A64 A65
MOVE A24 73
MOVE A53 29
MOVE A54 26
MOVE A56 21
MOVE A57 48
MOVE A58 17
MOVE A63 5
MOVE B110 120
MOVE B111 134
MOVE B112 134
MOVE B113 143
MOVE B114 154
MOVE B115 154
MOVE B116 167
MOVE B117 167
MOVE B118 181
MOVE B119 197
MOVE B120 197
MOVE B121 201
DAMAGE TURRET B57 1
DAMAGE COMBAT A7 1
END TURN 199
TURN 200
COMMAND LEFT START
MOVE A65 86
MOVE A64 86
TRAIN 2
COMMAND LEFT END
COMMAND RIGHT START
MOVE B58 4
TRAIN 1
COMMAND RIGHT END
TURN 200 RESULT
TIME LEFT 0 5 RIGHT 0 5
TRAIN A66 A67 B122
MOVE A24 86
MOVE A53 40
MOVE A54 29
MOVE A56 26
MOVE A58 33
MOVE A63 9
MOVE A64 5
MOVE A65 5
MOVE B58 97
MOVE B111 120
MOVE B112 120
MOVE B113 134
MOVE B114 143
MOVE B115 143
MOVE B116 154
MOVE B117 154
MOVE B118 167
MOVE B119 181
MOVE B120 181
MOVE B121 197
END TURN 200
TURN 201
COMMAND LEFT START
MOVE A67 86
MOVE A66 86
TRAIN 2
COMMAND LEFT END
COMMAND RIGHT START
MOVE B122 120
COMMAND RIGHT END
TURN 201 RESULT
TIME LEFT 0 5 RIGHT 0 5
TRAIN A68 A69
MOVE A54 40
MOVE A56 29
MOVE A58 42
MOVE A63 25
MOVE A64 9
MOVE A65 9
MOVE A66 5
MOVE A67 5
MOVE B58 84
MOVE B113 120
MOVE B114 134
MOVE B115 134
MOVE B116 143
MOVE B117 143
MOVE B118 154
MOVE B119 167
MOVE B120 167
MOVE B121 181
MOVE B122 201
END TURN 201
TURN 202
COMMAND LEFT START
MOVE A69 86
MOVE A68 86
TRAIN 2
COMMAND LEFT END
COMMAND RIGHT START
TRAIN 1
COMMAND RIGHT END
TURN 202 RESULT
TIME LEFT 0 5 RIGHT 0 5
TRAIN A70 A71 B123
MOVE A56 40
MOVE A58 57
MOVE A63 39
MOVE A64 25
MOVE A65 25
MOVE A66 9
MOVE A67 9
MOVE A68 5
MOVE A69 5
MOVE B58 67
MOVE B114 120
MOVE B115 120
MOVE B116 134
MOVE B117 134
MOVE B118 143
MOVE B119 154
MOVE B120 154
MOVE B121 167
MOVE B122 197
DAMAGE TURRET B58 2
DAMAGE COMBAT A7 1
DAMAGE COMBAT B58 3
END TURN 202
TURN 203
COMMAND LEFT START
MOVE A71 86
MOVE A70 86
TRAIN 1
COMMAND LEFT END
COMMAND RIGHT START
MOVE B123 120
COMMAND RIGHT END
TURN 203 RESULT
TIME LEFT 0 5 RIGHT 0 5
TRAIN A72
MOVE A58 70
MOVE A63 52
MOVE A64 39
MOVE A65 39
MOVE A66 25
MOVE A67 25
MOVE A68 9
MOVE A69 9
MOVE A70 5
MOVE A71 5
MOVE B116 120
MOVE B117 120
MOVE B118 134
MOVE B119 143
MOVE B120 143
MOVE B121 154
MOVE B122 181
MOVE B123 201
DAMAGE TURRET B58 1
DAMAGE COMBAT A11 1
END TURN 203
TURN 204
COMMAND LEFT START
MOVE A3 67
MOVE A72 86
TRAIN 2
COMMAND LEFT END
COMMAND RIGHT START
MOVE B60 59
MOVE B61 59
MOVE B62 59
MOVE B63 59
MOVE B64 59
MOVE B65 59
MOVE B66 59
MOVE B67 59
MOVE B68 59
MOVE B69 59
MOVE B70 59
MOVE B71 59
MOVE B72 59
MOVE B73 59
MOVE B74 59
MOVE B75 59
MOVE B76 59
MOVE B77 59
MOVE B78 59
MOVE B79 59
MOVE B80 59
MOVE B81 59
MOVE B82 59
MOVE B83 59
MOVE B84 59
MOVE B85 59
MOVE B86 59
MOVE B87 59
MOVE B88 59
MOVE B89 59
MOVE B90 59
MOVE B91 59
MOVE B92 59
MOVE B93 59
MOVE B94 59
MOVE B95 59
MOVE B96 59
MOVE B97 59
MOVE B98 59
MOVE B99 59
MOVE B100 59
MOVE B101 59
MOVE B102 59
MOVE B103 59
MOVE B104 59
MOVE B105 59
MOVE B106 59
MOVE B107 59
MOVE B108 59
MOVE B109 59
MOVE B110 59
MOVE B111 59
MOVE B112 59
MOVE B113 59
MOVE B114 59
MOVE B115 59
MOVE B116 59
MOVE B117 59
MOVE B59 4
TRAIN 1
COMMAND RIGHT END
TURN 204 RESULT
TIME LEFT 0 5 RIGHT 0 5
TRAIN A73 A74 B124
MOVE A3 47
MOVE A58 82
MOVE A63 63
MOVE A64 52
MOVE A65 52
MOVE A66 39
MOVE A67 39
MOVE A68 25
MOVE A69 25
MOVE A70 9
MOVE A71 9
MOVE A72 5
MOVE B59 97
MOVE B60 97
MOVE B61 97
MOVE B62 97
MOVE B63 97
MOVE B64 97
MOVE B65 97
MOVE B66 97
MOVE B67 97
MOVE B68 97
MOVE B69 97
MOVE B70 97
MOVE B71 97
MOVE B72 97
MOVE B73 97
MOVE B74 97
MOVE B75 97
MOVE B76 97
MOVE B77 97
MOVE B78 97
MOVE B79 97
MOVE B80 97
MOVE B81 97
MOVE B82 97
MOVE B83 97
MOVE B84 97
MOVE B85 97
MOVE B86 97
MOVE B87 97
MOVE B88 97
MOVE B89 97
MOVE B90 97
MOVE B91 97
MOVE B92 97
MOVE B93 97
MOVE B94 97
MOVE B95 97
MOVE B96 97
MOVE B97 97
MOVE B98 97
MOVE B99 97
MOVE B100 97
MOVE B101 97
MOVE B102 97
MOVE B103 97
MOVE B104 97
MOVE B105 97
MOVE B106 97
MOVE B107 97
MOVE B108 97
MOVE B109 97
MOVE B110 97
MOVE B111 97
MOVE B112 97
MOVE B113 97
MOVE B114 97
MOVE B115 97
MOVE B116 97
MOVE B117 97
MOVE B118 120
MOVE B119 134
MOVE B120 134
MOVE B121 143
MOVE B122 167
MOVE B123 197
END TURN 204
TURN 205
COMMAND LEFT START
MOVE A74 86
MOVE A73 86
MOVE A56 120
MOVE A52 86
MOVE A50 86
MOVE A54 86
MOVE A53 86
TRAIN 2
COMMAND LEFT END
COMMAND RIGHT START
MOVE B118 59
MOVE B124 120
COMMAND RIGHT END
TURN 205 RESULT
TIME LEFT 0 5 RIGHT 0 5
TRAIN A75 A76
MOVE A3 57
MOVE A50 51
MOVE A52 51
MOVE A53 47
MOVE A54 47
MOVE A56 47
MOVE A63 72
MOVE A64 63
MOVE A65 63
MOVE A66 52
MOVE A67 52
MOVE A68 39
MOVE A69 39
MOVE A70 25
MOVE A71 25
MOVE A72 9
MOVE A73 5
MOVE A74 5
MOVE B59 84
MOVE B60 84
MOVE B61 84
MOVE B62 84
MOVE B63 84
MOVE B64 84
MOVE B65 84
MOVE B66 84
MOVE B67 84
MOVE B68 84
MOVE B69 84
MOVE B70 84
MOVE B71 84
MOVE B72 84
MOVE B73 84
MOVE B74 84
MOVE B75 84
MOVE B76 84
MOVE B77 84
MOVE B78 84
MOVE B79 84
MOVE B80 84
MOVE B81 84
MOVE B82 84
MOVE B83 84
MOVE B84 84
MOVE B85 84
MOVE B86 84
MOVE B87 84
MOVE B88 84
MOVE B89 84
MOVE B90 84
MOVE B91 84
MOVE B92 84
MOVE B93 84
MOVE B94 84
MOVE B95 84
MOVE B96 84
MOVE B97 84
MOVE B98 84
MOVE B99 84
MOVE B100 84
MOVE B101 84
MOVE B102 84
MOVE B103 84
MOVE B104 84
MOVE B105 84
MOVE B106 84
MOVE B107 84
MOVE B108 84
MOVE B109 84
MOVE B110 84
MOVE B111 84
MOVE B112 84
MOVE B113 84
MOVE B114 84
MOVE B115 84
MOVE B116 84
MOVE B117 84
MOVE B118 97
MOVE B119 120
MOVE B120 120
MOVE B121 134
MOVE B122 154
MOVE B123 181
MOVE B124 201
END TURN 205
TURN 206
COMMAND LEFT START
MOVE A76 86
MOVE A75 86
TRAIN 2
COMMAND LEFT END
COMMAND RIGHT START
MOVE B119 59
MOVE B120 59
COMMAND RIGHT END
TURN 206 RESULT
TIME LEFT 0 5 RIGHT 0 5
TRAIN A77 A78
MOVE A3 64
MOVE A50 61
MOVE A52 61
MOVE A53 57
MOVE A54 57
MOVE A56 57
MOVE A63 86
MOVE A64 72
MOVE A65 72
MOVE A66 63
MOVE A67 63
MOVE A68 52
MOVE A69 52
MOVE A70 39
MOVE A71 39
MOVE A72 25
MOVE A73 9
MOVE A74 9
MOVE A75 5
MOVE A76 5
MOVE B59 67
MOVE B60 67
MOVE B61 67
MOVE B62 67
MOVE B63 67
MOVE B64 67
MOVE B65 67
MOVE B66 67
MOVE B67 67
MOVE B68 67
MOVE B69 67
MOVE B70 67
MOVE B71 67
MOVE B72 67
MOVE B73 67
MOVE B74 67
MOVE B75 67
MOVE B76 67
MOVE B77 67
MOVE B78 67
MOVE B79 67
MOVE B80 67
MOVE B81 67
MOVE B82 67
MOVE B83 67
MOVE B84 67
MOVE B85 67
MOVE B86 67
MOVE B87 67
MOVE B88 67
MOVE B89 67
MOVE B90 67
MOVE B91 67
MOVE B92 67
MOVE B93 67
MOVE B94 67
MOVE B95 67
MOVE B96 67
MOVE B97 67
MOVE B98 67
MOVE B99 67
MOVE B100 67
MOVE B101 67
MOVE B102 67
MOVE B103 67
MOVE B104 67
MOVE B105 67
MOVE B106 67
MOVE B107 67
MOVE B108 67
MOVE B109 67
MOVE B110 67
MOVE B111 67
MOVE B112 67
MOVE B113 67
MOVE B114 67
MOVE B115 67
MOVE B116 67
MOVE B117 67
MOVE B118 84
MOVE B119 97
MOVE B120 97
MOVE B121 120
MOVE B122 143
MOVE B123 167
MOVE B124 197
DAMAGE TURRET B59 2
DAMAGE COMBAT A11 5
DAMAGE COMBAT A14 6
DAMAGE COMBAT B59 2
SIEGE A 67 18
END TURN 206
TURN 207
COMMAND LEFT START
MOVE A78 86
MOVE A77 86
TRAIN 2
COMMAND LEFT END
COMMAND RIGHT START
MOVE B121 59
UPGRADE 67
COMMAND RIGHT END
TURN 207 RESULT
TIME LEFT 0 5 RIGHT 0 5
UPGRADE B 67
TRAIN A79 A80
MOVE A3 77
MOVE A50 71
MOVE A52 71
MOVE A53 64
MOVE A54 64
MOVE A56 76
MOVE A64 86
MOVE A65 86
MOVE A66 72
MOVE A67 72
MOVE A68 63
MOVE A69 63
MOVE A70 52
MOVE A71 52
MOVE A72 39
MOVE A73 25
MOVE A74 25
MOVE A75 9
MOVE A76 9
MOVE A77 5
MOVE A78 5
MOVE B59 59
MOVE B60 59
MOVE B61 59
MOVE B62 59
MOVE B63 59
MOVE B64 59
MOVE B65 59
MOVE B66 59
MOVE B67 59
MOVE B68 59
MOVE B69 59
MOVE B70 59
MOVE B71 59
MOVE B72 59
MOVE B73 59
MOVE B74 59
MOVE B75 59
MOVE B76 59
MOVE B77 59
MOVE B78 59
MOVE B79 59
MOVE B80 59
MOVE B81 59
MOVE B82 59
MOVE B83 59
MOVE B84 59
MOVE B85 59
MOVE B86 59
MOVE B87 59
MOVE B88 59
MOVE B89 59
MOVE B90 59
MOVE B91 59
MOVE B92 59
MOVE B93 59
MOVE B94 59
MOVE B95 59
MOVE B96 59
MOVE B97 59
MOVE B98 59
MOVE B99 59
MOVE B100 59
MOVE B101 59
MOVE B102 59
MOVE B103 59
MOVE B104 59
MOVE B105 59
MOVE B106 59
MOVE B107 59
MOVE B108 59
MOVE B109 59
MOVE B110 59
MOVE B111 59
MOVE B112 59
MOVE B113 59
MOVE B114 59
MOVE B115 59
MOVE B116 59
MOVE B117 59
MOVE B118 67
MOVE B119 84
MOVE B120 84
MOVE B121 97
MOVE B122 134
MOVE B123 154
MOVE B124 181
END TURN 207
TURN 208
COMMAND LEFT START
MOVE A80 86
MOVE A79 86
TRAIN 2
COMMAND LEFT END
COMMAND RIGHT START
COMMAND RIGHT END
TURN 208 RESULT
TIME LEFT 0 5 RIGHT 0 5
TRAIN A81 A82
MOVE A3 67
MOVE A50 73
MOVE A52 73
MOVE A53 77
MOVE A54 77
MOVE A56 96
MOVE A66 86
MOVE A67 86
MOVE A68 72
MOVE A69 72
MOVE A70 63
MOVE A71 63
MOVE A72 52
MOVE A73 39
MOVE A74 39
MOVE A75 25
MOVE A76 25
MOVE A77 9
MOVE A78 9
MOVE A79 5
MOVE A80 5
MOVE B59 48
MOVE B118 59
MOVE B119 67
MOVE B120 67
MOVE B121 84
MOVE B122 120
MOVE B123 143
MOVE B124 167
DAMAGE TURRET A3 1
DAMAGE TURRET B59 2
DAMAGE COMBAT A3 2
DAMAGE COMBAT A10 1
DAMAGE COMBAT B119 1
END TURN 208
TURN 209
COMMAND LEFT START
MOVE A82 86
MOVE A81 86
TRAIN 2
COMMAND LEFT END
COMMAND RIGHT START
MOVE B61 7
MOVE B62 7
MOVE B63 7
MOVE B64 7
MOVE B65 7
MOVE B66 7
MOVE B67 7
MOVE B68 7
MOVE B69 7
MOVE B70 7
MOVE B71 7
MOVE B72 7
MOVE B73 7
MOVE B74 7
MOVE B75 7
MOVE B76 7
MOVE B77 7
MOVE B78 7
MOVE B79 7
MOVE B80 7
MOVE B81 7
MOVE B82 7
MOVE B83 7
MOVE B84 7
MOVE B85 7
MOVE B86 7
MOVE B87 7
MOVE B88 7
MOVE B89 7
MOVE B90 7
MOVE B91 7
MOVE B92 7
MOVE B93 7
MOVE B94 7
MOVE B95 7
MOVE B96 7
MOVE B97 7
MOVE B98 7
MOVE B99 7
MOVE B100 7
MOVE B101 7
MOVE B102 7
MOVE B103 7
MOVE B104 7
MOVE B105 7
MOVE B106 7
MOVE B107 7
MOVE B108 7
MOVE B109 7
MOVE B110 7
MOVE B111 7
MOVE B112 7
MOVE B113 7
MOVE B114 7
MOVE B115 7
MOVE B116 7
MOVE B117 7
MOVE B60 4
MOVE B118 67
MOVE B122 67
COMMAND RIGHT END
TURN 209 RESULT
TIME LEFT 0 5 RIGHT 0 5
TRAIN A83 A84
MOVE A50 86
MOVE A52 86
MOVE A53 84
MOVE A54 84
MOVE A56 99
MOVE A68 86
MOVE A69 86
MOVE A70 72
MOVE A71 72
MOVE A72 63
MOVE A73 52
MOVE A74 52
MOVE A75 39
MOVE A76 39
MOVE A77 25
MOVE A78 25
MOVE A79 9
MOVE A80 9
MOVE A81 5
MOVE A82 5
MOVE B60 48
MOVE B61 44
MOVE B62 44
MOVE B63 44
MOVE B64 44
MOVE B65 44
MOVE B66 44
MOVE B67 44
MOVE B68 44
MOVE B69 44
MOVE B70 44
MOVE B71 44
MOVE B72 44
MOVE B73 44
MOVE B74 44
MOVE B75 44
MOVE B76 44
MOVE B77 44
MOVE B78 44
MOVE B79 44
MOVE B80 44
MOVE B81 44
MOVE B82 44
MOVE B83 44
MOVE B84 44
MOVE B85 44
MOVE B86 44
MOVE B87 44
MOVE B88 44
MOVE B89 44
MOVE B90 44
MOVE B91 44
MOVE B92 44
MOVE B93 44
MOVE B94 44
MOVE B95 44
MOVE B96 44
MOVE B97 44
MOVE B98 44
MOVE B99 44
MOVE B100 44
MOVE B101 44
MOVE B102 44
MOVE B103 44
MOVE B104 44
MOVE B105 44
MOVE B106 44
MOVE B107 44
MOVE B108 44
MOVE B109 44
MOVE B110 44
MOVE B111 44
MOVE B112 44
MOVE B113 44
MOVE B114 44
MOVE B115 44
MOVE B116 44
MOVE B117 44
MOVE B118 67
MOVE B121 67
MOVE B122 97
MOVE B123 134
MOVE B124 154
DAMAGE TURRET A3 1
DAMAGE TURRET B60 2
DAMAGE COMBAT A10 1
DAMAGE COMBAT B60 3
DAMAGE COMBAT B119 1
END TURN 209
TURN 210
COMMAND LEFT START
MOVE A84 86
MOVE A83 86
MOVE A69 103
TRAIN 2
COMMAND LEFT END
COMMAND RIGHT START
TRAIN 1
COMMAND RIGHT END
TURN 210 RESULT
TIME LEFT 0 5 RIGHT 0 5
TRAIN A85 A86 B125
MOVE A53 89
MOVE A54 89
MOVE A56 112
MOVE A69 95
MOVE A70 86
MOVE A71 86
MOVE A72 72
MOVE A73 63
MOVE A74 63
MOVE A75 52
MOVE A76 52
MOVE A77 39
MOVE A78 39
MOVE A79 25
MOVE A80 25
MOVE A81 9
MOVE A82 9
MOVE A83 5
MOVE A84 5
MOVE B61 38
MOVE B62 38
MOVE B63 38
MOVE B64 38
MOVE B65 38
MOVE B66 38
MOVE B67 38
MOVE B68 38
MOVE B69 38
MOVE B70 38
MOVE B71 38
MOVE B72 38
MOVE B73 38
MOVE B74 38
MOVE B75 38
MOVE B76 38
MOVE B77 38
MOVE B78 38
MOVE B79 38
MOVE B80 38
MOVE B81 38
MOVE B82 38
MOVE B83 38
MOVE B84 38
MOVE B85 38
MOVE B86 38
MOVE B87 38
MOVE B88 38
MOVE B89 38
MOVE B90 38
MOVE B91 38
MOVE B92 38
MOVE B93 38
MOVE B94 38
MOVE B95 38
MOVE B96 38
MOVE B97 38
MOVE B98 38
MOVE B99 38
MOVE B100 38
MOVE B101 38
MOVE B102 38
MOVE B103 38
MOVE B104 38
MOVE B105 38
MOVE B106 38
MOVE B107 38
MOVE B108 38
MOVE B109 38
MOVE B110 38
MOVE B111 38
MOVE B112 38
MOVE B113 38
MOVE B114 38
MOVE B115 38
MOVE B116 38
MOVE B117 38
MOVE B119 59
MOVE B120 59
MOVE B121 59
MOVE B122 84
MOVE B123 120
MOVE B124 143
DAMAGE TURRET B60 1
DAMAGE COMBAT A10 1
END TURN 210
TURN 211
COMMAND LEFT START
MOVE A71 139
MOVE A70 139
MOVE A68 139
MOVE A67 139
MOVE A66 139
MOVE A65 139
MOVE A64 139
MOVE A63 139
MOVE A52 139
MOVE A50 139
MOVE A43 139
TRAIN 2
COMMAND LEFT END
COMMAND RIGHT START
MOVE B119 7
MOVE B120 7
MOVE B121 7
MOVE B123 67
MOVE B125 67
TRAIN 1
COMMAND RIGHT END
TURN 211 RESULT
TIME LEFT 0 5 RIGHT 0 5
TRAIN A87 A88 B126
MOVE A43 109
MOVE A50 109
MOVE A52 109
MOVE A53 92
MOVE A54 92
MOVE A56 120
MOVE A63 109
MOVE A64 109
MOVE A65 109
MOVE A66 109
MOVE A67 109
MOVE A68 109
MOVE A69 103
MOVE A70 109
MOVE A71 109
MOVE A72 86
MOVE A73 72
MOVE A74 72
MOVE A75 63
MOVE A76 63
MOVE A77 52
MOVE A78 52
MOVE A79 39
MOVE A80 39
MOVE A81 25
MOVE A82 25
MOVE A83 9
MOVE A84 9
MOVE B61 16
MOVE B62 16
MOVE B63 16
MOVE B64 16
MOVE B65 16
MOVE B66 16
MOVE B67 16
MOVE B68 16
MOVE B69 16
MOVE B70 16
MOVE B71 16
MOVE B72 16
MOVE B73 16
MOVE B74 16
MOVE B75 16
MOVE B76 16
MOVE B77 16
MOVE B78 16
MOVE B79 16
MOVE B80 16
MOVE B81 16
MOVE B82 16
MOVE B83 16
MOVE B84 16
MOVE B85 16
MOVE B86 16
MOVE B87 16
MOVE B88 16
MOVE B89 16
MOVE B90 16
MOVE B91 16
MOVE B92 16
MOVE B93 16
MOVE B94 16
MOVE B95 16
MOVE B96 16
MOVE B97 16
MOVE B98 16
MOVE B99 16
MOVE B100 16
MOVE B101 16
MOVE B102 16
MOVE B103 16
MOVE B104 16
MOVE B105 16
MOVE B106 16
MOVE B107 16
MOVE B108 16
MOVE B109 16
MOVE B110 16
MOVE B111 16
MOVE B112 16
MOVE B113 16
MOVE B114 16
MOVE B115 16
MOVE B116 16
MOVE B117 16
MOVE B119 44
MOVE B120 44
MOVE B121 44
MOVE B122 67
MOVE B123 97
MOVE B124 134
MOVE B125 201
DAMAGE TURRET A56 2
DAMAGE COMBAT A56 3
DAMAGE COMBAT B6 1
END TURN 211
TURN 212
COMMAND LEFT START
MOVE A32 0
MOVE A38 0
MOVE A39 0
MOVE A24 0
MOVE A41 0
MOVE A72 0
MOVE A35 0
MOVE A36 0
MOVE A51 0
MOVE A6 0
MOVE A37 0
MOVE A40 0
MOVE A15 0
MOVE A33 0
MOVE A58 0
TRAIN 2
COMMAND LEFT END
COMMAND RIGHT START
MOVE B126 67
TRAIN 2
COMMAND RIGHT END
TURN 212 RESULT
TIME LEFT 0 5 RIGHT 0 5
TRAIN A89 A90 B127 B128
MOVE A6 29
MOVE A15 70
MOVE A24 72
MOVE A32 20
MOVE A33 70
MOVE A35 74
MOVE A36 74
MOVE A37 29
MOVE A38 20
MOVE A39 20
MOVE A40 29
MOVE A41 72
MOVE A43 122
MOVE A50 122
MOVE A51 74
MOVE A52 122
MOVE A53 95
MOVE A54 95
MOVE A58 70
MOVE A63 122
MOVE A64 122
MOVE A65 122
MOVE A66 122
MOVE A67 122
MOVE A68 122
MOVE A70 122
MOVE A71 122
MOVE A72 72
MOVE A73 86
MOVE A74 86
MOVE A75 72
MOVE A76 72
MOVE A77 63
MOVE A78 63
MOVE A79 52
MOVE A80 52
MOVE A81 39
MOVE A82 39
MOVE A83 25
MOVE A84 25
MOVE B61 7
MOVE B62 7
MOVE B63 7
MOVE B64 7
MOVE B65 7
MOVE B66 7
MOVE B67 7
MOVE B68 7
MOVE B69 7
MOVE B70 7
MOVE B71 7
MOVE B72 7
MOVE B73 7
MOVE B74 7
MOVE B75 7
MOVE B76 7
MOVE B77 7
MOVE B78 7
MOVE B79 7
MOVE B80 7
MOVE B81 7
MOVE B82 7
MOVE B83 7
MOVE B84 7
MOVE B85 7
MOVE B86 7
MOVE B87 7
MOVE B88 7
MOVE B89 7
MOVE B90 7
MOVE B91 7
MOVE B92 7
MOVE B93 7
MOVE B94 7
MOVE B95 7
MOVE B96 7
MOVE B97 7
MOVE B98 7
MOVE B99 7
MOVE B100 7
MOVE B101 7
MOVE B102 7
MOVE B103 7
MOVE B104 7
MOVE B105 7
MOVE B106 7
MOVE B107 7
MOVE B108 7
MOVE B109 7
MOVE B110 7
MOVE B111 7
MOVE B112 7
MOVE B113 7
MOVE B114 7
MOVE B115 7
MOVE B116 7
MOVE B117 7
MOVE B119 38
MOVE B120 38
MOVE B121 38
MOVE B123 84
MOVE B124 120
MOVE B125 197
MOVE B126 201
DAMAGE TURRET A56 2
DAMAGE COMBAT B6 1
END TURN 212
TURN 213
COMMAND LEFT START
MOVE A73 0
MOVE A74 0
TRAIN 2
COMMAND LEFT END
COMMAND RIGHT START
MOVE B61 4
MOVE B124 67
MOVE B127 67
MOVE B128 67
COMMAND RIGHT END
TURN 213 RESULT
TIME LEFT 0 5 RIGHT 0 5
TRAIN A91 A92
MOVE A6 26
MOVE A15 57
MOVE A24 63
MOVE A32 14
MOVE A33 57
MOVE A35 61
MOVE A36 61
MOVE A37 26
MOVE A38 14
MOVE A39 14
MOVE A40 26
MOVE A41 63
MOVE A43 139
MOVE A50 139
MOVE A51 61
MOVE A52 139
MOVE A53 86
MOVE A54 86
MOVE A58 57
MOVE A63 139
MOVE A64 139
MOVE A65 139
MOVE A66 139
MOVE A67 139
MOVE A68 139
MOVE A70 139
MOVE A71 139
MOVE A72 63
MOVE A73 72
MOVE A74 72
MOVE A75 86
MOVE A76 86
MOVE A77 72
MOVE A78 72
MOVE A79 63
MOVE A80 63
MOVE A81 52
MOVE A82 52
MOVE A83 39
MOVE A84 39
MOVE B61 4
MOVE B119 16
MOVE B120 16
MOVE B121 16
MOVE B123 67
MOVE B124 97
MOVE B125 181
MOVE B126 197
MOVE B127 201
MOVE B128 201
DAMAGE TURRET A43 2
DAMAGE COMBAT A43 3
DAMAGE COMBAT B7 4
DAMAGE COMBAT B16 6
DAMAGE COMBAT B23 1
END TURN 213
TURN 214
COMMAND LEFT START
MOVE A59 31
MOVE A53 90
MOVE A10 40
MOVE A55 82
MOVE A60 31
MOVE A61 31
MOVE A69 90
MOVE A92 86
MOVE A91 86
MOVE A90 86
MOVE A89 86
MOVE A88 86
TRAIN 2
COMMAND LEFT END
COMMAND RIGHT START
MOVE B122 139
MOVE B123 139
COMMAND RIGHT END
TURN 214 RESULT
TIME LEFT 0 5 RIGHT 0 5
TRAIN A93 A94
MOVE A6 21
MOVE A10 46
MOVE A15 42
MOVE A24 52
MOVE A32 3
MOVE A33 42
MOVE A35 43
MOVE A36 43
MOVE A37 21
MOVE A38 3
MOVE A39 3
MOVE A40 21
MOVE A41 52
MOVE A51 43
MOVE A53 94
MOVE A55 54
MOVE A58 42
MOVE A59 3
MOVE A60 3
MOVE A61 3
MOVE A69 95
MOVE A72 52
MOVE A73 63
MOVE A74 63
MOVE A77 86
MOVE A78 86
MOVE A79 72
MOVE A80 72
MOVE A81 63
MOVE A82 63
MOVE A83 52
MOVE A84 52
MOVE A88 5
MOVE A89 5
MOVE A90 5
MOVE A91 5
MOVE A92 5
MOVE B119 7
MOVE B120 7
MOVE B121 7
MOVE B122 92
MOVE B123 92
MOVE B124 84
MOVE B125 167
MOVE B126 181
MOVE B127 197
MOVE B128 197
DAMAGE TURRET A43 2
DAMAGE COMBAT A50 1
DAMAGE COMBAT B23 5
SIEGE B 139 6
END TURN 214
TURN 215
COMMAND LEFT START
MOVE A62 31
MOVE A54 90
MOVE A50 40
MOVE A52 82
MOVE A75 48
MOVE A63 40
MOVE A94 86
TRAIN 2
COMMAND LEFT END
COMMAND RIGHT START
MOVE B62 139
COMMAND RIGHT END
TURN 215 RESULT
TIME LEFT 0 5 RIGHT 0 5
TRAIN A95 A96
MOVE A6 15
MOVE A10 42
MOVE A15 33
MOVE A24 39
MOVE A32 0
MOVE A33 33
MOVE A35 35
MOVE A36 35
MOVE A37 15
MOVE A38 0
MOVE A39 0
MOVE A40 15
MOVE A41 39
MOVE A50 114
MOVE A51 35
MOVE A52 137
MOVE A53 81
MOVE A54 94
MOVE A55 64
MOVE A58 33
MOVE A59 14
MOVE A60 14
MOVE A61 14
MOVE A62 3
MOVE A63 114
MOVE A69 86
MOVE A72 39
MOVE A73 52
MOVE A74 52
MOVE A75 72
MOVE A79 86
MOVE A80 86
MOVE A81 72
MOVE A82 72
MOVE A83 63
MOVE A84 63
MOVE A88 9
MOVE A89 9
MOVE A90 9
MOVE A91 9
MOVE A92 9
MOVE A94 5
MOVE B62 16
MOVE B122 103
MOVE B123 103
MOVE B124 67
MOVE B125 154
MOVE B126 167
MOVE B127 181
MOVE B128 181
DAMAGE TURRET A64 2
SIEGE B 139 7
END TURN 215
TURN 216
COMMAND LEFT START
MOVE A32 31
MOVE A76 90
MOVE A77 40
MOVE A78 82
MOVE A96 86
MOVE A95 86
MOVE A93 86
MOVE A87 86
COMMAND LEFT END
COMMAND RIGHT START
MOVE B63 0
MOVE B64 0
MOVE B65 0
MOVE B66 0
MOVE B67 0
MOVE B68 0
MOVE B69 0
MOVE B70 0
MOVE B71 0
MOVE B72 0
MOVE B73 0
MOVE B74 0
MOVE B75 0
MOVE B76 0
MOVE B77 0
MOVE B78 0
MOVE B79 0
MOVE B80 0
MOVE B81 0
MOVE B82 0
MOVE B83 0
MOVE B84 0
MOVE B85 0
MOVE B86 0
MOVE B87 0
MOVE B88 0
MOVE B89 0
MOVE B90 0
MOVE B91 0
MOVE B92 0
MOVE B93 0
MOVE B94 0
MOVE B95 0
MOVE B96 0
MOVE B97 0
MOVE B98 0
MOVE B99 0
MOVE B100 0
MOVE B101 0
MOVE B102 0
MOVE B103 0
MOVE B104 0
MOVE B105 0
MOVE B106 0
MOVE B107 0
MOVE B108 0
MOVE B109 0
MOVE B110 0
MOVE B111 0
MOVE B112 0
MOVE B113 0
MOVE B114 0
MOVE B115 0
MOVE B116 0
MOVE B117 0
MOVE B119 0
MOVE B120 0
MOVE B121 0
MOVE B124 206
TRAIN 1
COMMAND RIGHT END
TURN 216 RESULT
TIME LEFT 0 5 RIGHT 0 5
TRAIN B129
MOVE A6 11
MOVE A10 45
MOVE A15 17
MOVE A24 25
MOVE A32 3
MOVE A33 17
MOVE A35 24
MOVE A36 24
MOVE A37 11
MOVE A40 11
MOVE A41 25
MOVE A50 111
MOVE A51 24
MOVE A52 134
MOVE A53 90
MOVE A54 81
MOVE A55 75
MOVE A58 17
MOVE A59 20
MOVE A60 20
MOVE A61 20
MOVE A62 14
MOVE A63 111
MOVE A69 94
MOVE A72 25
MOVE A73 39
MOVE A74 39
MOVE A75 63
MOVE A76 94
MOVE A77 95
MOVE A78 95
MOVE A81 86
MOVE A82 86
MOVE A83 72
MOVE A84 72
MOVE A87 5
MOVE A88 25
MOVE A89 25
MOVE A90 25
MOVE A91 25
MOVE A92 25
MOVE A93 5
MOVE A94 9
MOVE A95 5
MOVE A96 5
MOVE B62 38
MOVE B63 5
MOVE B64 5
MOVE B65 5
MOVE B66 5
MOVE B67 5
MOVE B68 5
MOVE B69 5
MOVE B70 5
MOVE B71 5
MOVE B72 5
MOVE B73 5
MOVE B74 5
MOVE B75 5
MOVE B76 5
MOVE B77 5
MOVE B78 5
MOVE B79 5
MOVE B80 5
MOVE B81 5
MOVE B82 5
MOVE B83 5
MOVE B84 5
MOVE B85 5
MOVE B86 5
MOVE B87 5
MOVE B88 5
MOVE B89 5
MOVE B90 5
MOVE B91 5
MOVE B92 5
MOVE B93 5
MOVE B94 5
MOVE B95 5
MOVE B96 5
MOVE B97 5
MOVE B98 5
MOVE B99 5
MOVE B100 5
MOVE B101 5
MOVE B102 5
MOVE B103 5
MOVE B104 5
MOVE B105 5
MOVE B106 5
MOVE B107 5
MOVE B108 5
MOVE B109 5
MOVE B110 5
MOVE B111 5
MOVE B112 5
MOVE B113 5
MOVE B114 5
MOVE B115 5
MOVE B116 5
MOVE B117 5
MOVE B119 5
MOVE B120 5
MOVE B121 5
MOVE B122 114
MOVE B123 114
MOVE B124 89
MOVE B125 143
MOVE B126 154
MOVE B127 167
MOVE B128 167
DAMAGE TURRET A64 2
DAMAGE COMBAT A87 7
DAMAGE COMBAT A93 7
DAMAGE COMBAT A95 7
DAMAGE COMBAT A96 7
DAMAGE COMBAT B119 4
SIEGE B 139 5
END TURN 216
TURN 217
COMMAND LEFT START
MOVE A53 0
TRAIN 1
COMMAND LEFT END
COMMAND RIGHT START
MOVE B129 67
COMMAND RIGHT END
TURN 217 RESULT
TIME LEFT 0 5 RIGHT 0 5
TRAIN A97
MOVE A6 12
MOVE A10 47
MOVE A15 18
MOVE A24 9
MOVE A32 14
MOVE A33 18
MOVE A35 10
MOVE A36 10
MOVE A37 12
MOVE A40 12
MOVE A41 9
MOVE A50 97
MOVE A51 10
MOVE A52 120
MOVE A53 74
MOVE A54 90
MOVE A55 76
MOVE A58 18
MOVE A59 31
MOVE A60 31
MOVE A61 31
MOVE A62 20
MOVE A63 97
MOVE A69 81
MOVE A72 9
MOVE A73 25
MOVE A74 25
MOVE A75 55
MOVE A76 81
MOVE A77 92
MOVE A78 92
MOVE A83 86
MOVE A84 86
MOVE A88 39
MOVE A89 39
MOVE A90 39
MOVE A91 39
MOVE A92 39
MOVE A94 25
MOVE B62 44
MOVE B63 0
MOVE B64 0
MOVE B65 0
MOVE B66 0
MOVE B67 0
MOVE B68 0
MOVE B69 0
MOVE B70 0
MOVE B71 0
MOVE B72 0
MOVE B73 0
MOVE B74 0
MOVE B75 0
MOVE B76 0
MOVE B77 0
MOVE B78 0
MOVE B79 0
MOVE B80 0
MOVE B81 0
MOVE B82 0
MOVE B83 0
MOVE B84 0
MOVE B85 0
MOVE B86 0
MOVE B87 0
MOVE B88 0
MOVE B89 0
MOVE B90 0
MOVE B91 0
MOVE B92 0
MOVE B93 0
MOVE B94 0
MOVE B95 0
MOVE B96 0
MOVE B97 0
MOVE B98 0
MOVE B99 0
MOVE B100 0
MOVE B101 0
MOVE B102 0
MOVE B103 0
MOVE B104 0
MOVE B105 0
MOVE B106 0
MOVE B107 0
MOVE B108 0
MOVE B109 0
MOVE B110 0
MOVE B111 0
MOVE B112 0
MOVE B113 0
MOVE B114 0
MOVE B115 0
MOVE B116 0
MOVE B117 0
MOVE B120 0
MOVE B121 0
MOVE B122 139
MOVE B123 139
MOVE B124 111
MOVE B125 134
MOVE B126 143
MOVE B127 154
MOVE B128 154
MOVE B129 201
DAMAGE TURRET A52 2
DAMAGE TURRET B63 3
DAMAGE COMBAT A38 7
DAMAGE COMBAT A39 7
DAMAGE COMBAT A52 3
DAMAGE COMBAT A64 2
DAMAGE COMBAT A85 7
DAMAGE COMBAT A86 7
DAMAGE COMBAT A97 7
DAMAGE COMBAT B6 1
DAMAGE COMBAT B63 3
DAMAGE COMBAT B64 2
DAMAGE COMBAT B122 6
DAMAGE COMBAT B123 1
SIEGE A 0 22
END TURN 217
TURN 218
COMMAND LEFT START
MOVE A59 0
MOVE A60 0
MOVE A61 0
MOVE A57 0
MOVE A79 0
MOVE A80 0
MOVE A81 0
MOVE A82 0
MOVE A83 0
MOVE A84 0
MOVE A54 0
MOVE A64 0
MOVE A65 0
MOVE A66 0
MOVE A67 0
MOVE A68 0
MOVE A70 0
MOVE A71 0
COMMAND LEFT END
COMMAND RIGHT START
COMMAND RIGHT END
TURN 218 RESULT
TIME LEFT 0 5 RIGHT 0 5
MOVE A6 7
MOVE A10 40
MOVE A15 12
MOVE A24 5
MOVE A32 20
MOVE A33 12
MOVE A35 3
MOVE A36 3
MOVE A37 7
MOVE A40 7
MOVE A41 5
MOVE A50 80
MOVE A51 3
MOVE A53 61
MOVE A54 74
MOVE A55 83
MOVE A57 36
MOVE A58 12
MOVE A59 20
MOVE A60 20
MOVE A61 20
MOVE A62 31
MOVE A63 80
MOVE A69 90
MOVE A72 5
MOVE A73 9
MOVE A74 9
MOVE A75 44
MOVE A76 90
MOVE A77 89
MOVE A78 89
MOVE A79 72
MOVE A80 72
MOVE A81 72
MOVE A82 72
MOVE A83 72
MOVE A84 72
MOVE A88 52
MOVE A89 52
MOVE A90 52
MOVE A91 52
MOVE A92 52
MOVE A94 39
MOVE B62 58
MOVE B124 134
MOVE B125 111
MOVE B126 134
MOVE B127 143
MOVE B128 143
MOVE B129 197
DAMAGE TURRET A52 2
DAMAGE TURRET B64 3
DAMAGE COMBAT A64 1
DAMAGE COMBAT B6 1
DAMAGE COMBAT B123 5
DAMAGE HUNGER A92 1
DAMAGE HUNGER A94 1
SIEGE A 0 3
END TURN 218
RESULT RIGHT_WIN HQ_DESTROYED
