[LEFT ""]
[RIGHT ""]
MAP
249 15
-11065 -10719 -9687 -10481 -10174 -9018 -9788 -8609 -8456 -8274 -8195 -8964 -8944 -8039 -7851 -7768 -7689 -7673 -8680 -7256 -7093 -7418 -6987 -6979 -6913 -6860 -6772 -6854 -7337 -6376 -7148 -6448 -6324 -6219 -6211 -6081 -5807 -5836 -5889 -5834 -5642 -6211 -5525 -5462 -5564 -5957 -4939 -5016 -5018 -4971 -4882 -4862 -4966 -4833 -4524 -4323 -4365 -4386 -4349 -4390 -4143 -4194 -3980 -3999 -3956 -3953 -3943 -4259 -3758 -3558 -3447 -3456 -3712 -3459 -3463 -3243 -3098 -3176 -3024 -2998 -2925 -2782 -2665 -2619 -2492 -2518 -2446 -2453 -2311 -2233 -2276 -2063 -2078 -2184 -1936 -2273 -1754 -1434 -1514 -1471 -1556 -1736 -1459 -1311 -1175 -1308 -1256 -1227 -1039 -961 -956 -1067 -910 -770 -657 -648 -223 -281 -150 -137 -183 -4 -98 12 0 -12 98 4 183 137 150 281 223 648 657 770 910 1067 956 961 1039 1227 1256 1308 1175 1311 1459 1736 1556 1471 1514 1434 1754 2273 1936 2184 2078 2063 2276 2233 2311 2453 2446 2518 2492 2619 2665 2782 2925 2998 3024 3176 3098 3243 3463 3459 3712 3456 3447 3558 3758 4259 3943 3953 3956 3999 3980 4194 4143 4390 4349 4386 4365 4323 4524 4833 4966 4862 4882 4971 5018 5016 4939 5957 5564 5462 5525 6211 5642 5834 5889 5836 5807 6081 6211 6219 6324 6448 7148 6376 7337 6854 6772 6860 6913 6979 6987 7418 7093 7256 8680 7673 7689 7768 7851 8039 8944 8964 8195 8274 8456 8609 9788 9018 10174 10481 9687 10719 11065
-244 -2998 -1447 1661 3777 490 -4751 -3119 1936 -482 -1509 -6611 5431 -2350 628 -4638 -3564 2901 7124 -929 -1784 4253 -2867 1551 -179 -5729 -4296 6180 -8008 5349 7853 3573 4510 286 2617 -1754 6352 -2908 -4007 -6533 1079 8895 4205 -590 -5259 -9536 -4298 3255 2115 -2100 -7500 -6125 6130 4811 -3367 7018 1094 -1243 -8915 8106 -5036 168 2611 -2578 5980 -6628 3603 10162 4676 -534 -5714 -1772 -10300 1718 -4096 8105 -2824 -7518 5665 3167 6740 4341 246 -1383 -6572 1626 -3953 -5201 5157 8683 -8253 -2739 3570 7342 -794 -9926 2835 -4240 1867 4339 5662 10852 -6102 7515 -227 -11009 978 -7399 -8671 -5120 -2988 -1604 6535 2760 5074 8201 836 -8240 -5672 4163 -6884 -1823 10233 3222 0 -3222 -10233 1823 6884 -4163 5672 8240 -836 -8201 -5074 -2760 -6535 1604 2988 5120 8671 7399 -978 11009 227 -7515 6102 -10852 -5662 -4339 -1867 4240 -2835 9926 794 -7342 -3570 2739 8253 -8683 -5157 5201 3953 -1626 6572 1383 -246 -4341 -6740 -3167 -5665 7518 2824 -8105 4096 -1718 10300 1772 5714 534 -4676 -10162 -3603 6628 -5980 2578 -2611 -168 5036 -8106 8915 1243 -1094 -7018 3367 -4811 -6130 6125 7500 2100 -2115 -3255 4298 9536 5259 590 -4205 -8895 -1079 6533 4007 2908 -6352 1754 -2617 -286 -4510 -3573 -7853 -5349 8008 -6180 4296 5729 179 -1551 2867 -4253 1784 929 -7124 -2901 3564 4638 -628 2350 -5431 6611 1509 482 -1936 3119 4751 -490 -3777 -1661 1447 2998 244
STRONGHOLDS 7 47 52 75 84 106 119 124 129 142 164 173 196 201 241
4 1 2 3 5
4 0 2 6 7
7 0 1 5 7 9 10 13
4 0 4 5 8
5 3 8 12 17 21
6 0 2 3 8 9 14
4 1 7 11 15
6 1 2 6 13 15 16
6 3 4 5 14 17 23
6 2 5 10 14 19 24
5 2 9 13 19 20
4 6 15 25 28
4 4 18 21 27
6 2 7 10 16 20 22
6 5 8 9 23 24 33
6 6 7 11 16 25 26
5 7 13 15 22 26
6 4 8 21 23 31 34
3 12 27 30
5 9 10 20 24 35
5 10 13 19 22 35
7 4 12 17 27 29 31 32
7 13 16 20 26 35 37 38
6 8 14 17 33 34 40
6 9 14 19 33 35 43
6 11 15 26 28 39 44
6 15 16 22 25 38 44
6 12 18 21 29 30 36
5 11 25 39 45 50
7 21 27 32 36 42 52 53
4 18 27 36 41
6 17 21 32 34 42 47
4 21 29 31 42
5 14 23 24 40 43
6 17 23 31 40 47 48
7 19 20 22 24 37 43 49
7 27 29 30 41 52 55 59
5 22 35 38 49 54
6 22 26 37 44 46 54
5 25 28 44 50 51
7 23 33 34 43 48 56 61
4 30 36 59 67
5 29 31 32 47 53
7 24 33 35 40 49 57 61
7 25 26 38 39 46 51 60
4 28 50 58 72
5 38 44 54 60 74
7 31 34 42 48 53 62 66
5 34 40 47 56 62
6 35 37 43 54 57 63
7 28 39 45 51 58 65 77
6 39 44 50 60 65 70
5 29 36 53 55 64
7 29 42 47 52 64 66 68
7 37 38 46 49 63 74 76
6 36 52 59 64 75 80
5 40 48 61 62 73
6 43 49 61 63 69 71
6 45 50 72 77 90 95
5 36 41 55 67 75
5 44 46 51 70 74
7 40 43 56 57 69 73 82
6 47 48 56 66 73 79
5 49 54 57 71 76
6 52 53 55 68 78 80
5 50 51 70 77 84
6 47 53 62 68 79 81
5 41 59 75 89 101
5 53 64 66 78 81
5 57 61 71 82 83
6 51 60 65 74 84 87
5 57 63 69 76 83
4 45 58 95 105
6 56 61 62 79 82 85
7 46 54 60 70 76 86 87
6 55 59 67 80 89 93
7 54 63 71 74 83 86 91
5 50 58 65 84 90
6 64 68 80 81 88 100
7 62 66 73 81 85 92 96
6 55 64 75 78 93 100
7 66 68 78 79 88 92 99
8 61 69 73 83 85 94 104 106
7 69 71 76 82 91 94 111
7 65 70 77 87 90 102 107
6 73 79 82 96 98 106
5 74 76 87 91 97
7 70 74 84 86 97 102 109
4 78 81 99 100
7 67 75 93 101 103 115 122
6 58 77 84 95 107 108
6 76 83 86 97 110 111
4 79 81 96 99
6 75 80 89 100 103 112
4 82 83 104 111
5 58 72 90 105 108
6 79 85 92 98 99 113
6 86 87 91 109 110 129
5 85 96 106 113 127
8 81 88 92 96 100 113 114 119
7 78 80 88 93 99 112 114
4 67 89 122 143
6 84 87 107 109 118 120
5 89 93 112 115 128
7 82 94 106 111 116 124 132
5 72 95 108 126 147
6 82 85 98 104 116 127
6 84 90 102 108 117 120
6 90 95 105 107 117 126
5 87 97 102 118 129
6 91 97 111 121 125 129
7 83 91 94 104 110 121 132
6 93 100 103 114 128 130
6 96 98 99 119 123 127
5 99 100 112 119 130
5 89 103 122 128 131
6 104 106 124 127 137 144
5 107 108 120 126 133
6 102 109 120 129 134 136
8 99 113 114 123 130 138 139 151
7 102 107 117 118 133 136 145
7 110 111 125 132 135 142 150
6 89 101 115 131 140 143
4 113 119 127 138
4 104 116 132 144
4 110 121 129 135
6 105 108 117 133 147 159
7 98 106 113 116 123 137 138
7 103 112 115 130 131 141 146
8 97 109 110 118 125 134 135 149
6 112 114 119 128 139 146
5 115 122 128 140 141
6 104 111 121 124 142 144
5 117 120 126 145 159
5 118 129 136 148 149
6 121 125 129 149 150 152
6 118 120 134 145 148 155
7 116 127 138 144 154 157 165
6 119 123 127 137 151 157
5 119 130 146 151 161
6 122 131 141 143 153 158
6 128 131 140 146 158 164
6 121 132 144 150 163 166
5 101 122 140 153 176
7 116 124 132 137 142 154 166
5 120 133 136 155 159
6 128 130 139 141 161 164
4 105 126 159 181
7 134 136 149 155 160 168 170
8 129 134 135 148 152 156 160 167
5 121 135 142 152 163
6 119 138 139 157 161 162
6 135 149 150 156 163 169
5 140 143 158 176 190
4 137 144 165 166
6 136 145 148 159 168 173
4 149 152 167 169
6 137 138 151 162 165 172
6 140 141 153 164 171 190
7 126 133 145 147 155 173 181
4 148 149 167 170
7 139 146 151 162 164 174 178
5 151 157 161 172 174
6 142 150 152 166 169 175
7 141 146 158 161 171 178 183
7 137 154 157 166 172 177 179
8 142 144 154 163 165 175 179 187
7 149 156 160 169 170 180 182
6 148 155 170 173 184 193
7 152 156 163 167 175 182 186
6 148 160 167 168 180 184
5 158 164 183 190 198
7 157 162 165 174 177 185 194
6 155 159 168 181 189 193
7 161 162 172 178 188 194 202
6 163 166 169 186 187 192
4 143 153 190 203
5 165 172 179 185 191
6 161 164 174 183 188 197
5 165 166 177 187 191
5 167 170 182 184 195
5 147 159 173 189 207
6 167 169 180 186 195 201
5 164 171 178 197 198
6 168 170 180 193 195 196
5 172 177 191 194 199
6 169 175 182 192 200 201
7 166 175 179 191 192 205 208
5 174 178 197 202 204
5 173 181 193 207 212
6 153 158 171 176 198 203
6 177 179 185 187 199 205
5 175 186 187 200 208
6 168 173 184 189 196 212
7 172 174 185 199 202 210 211
7 180 182 184 196 201 206 219
5 184 193 195 212 219
6 178 183 188 198 204 209
7 171 183 190 197 203 209 220
6 185 191 194 205 211 213
5 186 192 201 208 214
7 182 186 195 200 206 214 217
5 174 188 194 204 210
4 176 190 198 220
7 188 197 202 209 210 222 223
7 187 191 199 208 213 215 224
5 195 201 216 217 219
4 181 189 212 218
7 187 192 200 205 214 215 225
5 197 198 204 220 223
6 194 202 204 211 222 226
5 194 199 210 213 226
7 189 193 196 207 218 219 221
7 199 205 211 224 226 228 229
6 200 201 208 217 225 231
5 205 208 224 225 234
4 206 217 219 227
6 201 206 214 216 227 231
4 207 212 221 230
7 195 196 206 212 216 221 227
5 198 203 209 223 237
6 212 218 219 227 230 236
6 204 210 223 226 232 233
6 204 209 220 222 233 237
6 205 213 215 229 234 239
6 208 214 215 231 234 240
7 210 211 213 222 228 232 235
7 216 217 219 221 231 236 244
5 213 226 229 235 238
5 213 224 228 238 239
3 218 221 236
6 214 217 225 227 240 244
5 222 226 233 235 241
6 222 223 232 237 241 242
6 215 224 225 239 240 243
6 226 228 232 238 241 246
4 221 227 230 244
4 220 223 233 242
5 228 229 235 239 246
6 224 229 234 238 243 246
6 225 231 234 243 244 245
6 232 233 235 242 246 247
4 233 237 241 247
6 234 239 240 245 246 248
5 227 231 236 240 245
4 240 243 244 248
7 235 238 239 241 243 247 248
4 241 242 246 248
4 243 245 246 247
END MAP
TURN 1
COMMAND LEFT START
MOVE A2 119
UPGRADE 0
COMMAND LEFT END
COMMAND RIGHT START
MOVE B1 241
TRAIN 1
COMMAND RIGHT END
TURN 1 RESULT
TIME LEFT 68 5 RIGHT 0 5
UPGRADE A 0
TRAIN B4
MOVE A2 5
MOVE B1 246
END TURN 1
TURN 2
COMMAND LEFT START
COMMAND LEFT END
COMMAND RIGHT START
MOVE B4 67
COMMAND RIGHT END
TURN 2 RESULT
TIME LEFT 0 5 RIGHT 0 5
MOVE A2 14
MOVE B1 241
MOVE B4 246
END TURN 2
TURN 3
COMMAND LEFT START
COMMAND LEFT END
COMMAND RIGHT START
UPGRADE 241
COMMAND RIGHT END
TURN 3 RESULT
TIME LEFT 0 5 RIGHT 0 5
UPGRADE B 241
MOVE A2 23
MOVE B4 235
END TURN 3
TURN 4
COMMAND LEFT START
COMMAND LEFT END
COMMAND RIGHT START
COMMAND RIGHT END
TURN 4 RESULT
TIME LEFT 0 5 RIGHT 0 5
MOVE A2 34
MOVE B4 226
END TURN 4
TURN 5
COMMAND LEFT START
COMMAND LEFT END
COMMAND RIGHT START
COMMAND RIGHT END
TURN 5 RESULT
TIME LEFT 0 5 RIGHT 0 5
MOVE A2 47
MOVE B4 211
END TURN 5
TURN 6
COMMAND LEFT START
COMMAND LEFT END
COMMAND RIGHT START
COMMAND RIGHT END
TURN 6 RESULT
TIME LEFT 0 5 RIGHT 0 5
MOVE A2 66
MOVE B4 194
END TURN 6
TURN 7
COMMAND LEFT START
COMMAND LEFT END
COMMAND RIGHT START
COMMAND RIGHT END
TURN 7 RESULT
TIME LEFT 0 5 RIGHT 0 5
MOVE A2 81
MOVE B4 174
END TURN 7
TURN 8
COMMAND LEFT START
COMMAND LEFT END
COMMAND RIGHT START
COMMAND RIGHT END
TURN 8 RESULT
TIME LEFT 0 5 RIGHT 0 5
MOVE A2 99
MOVE B4 161
END TURN 8
TURN 9
COMMAND LEFT START
COMMAND LEFT END
COMMAND RIGHT START
COMMAND RIGHT END
TURN 9 RESULT
TIME LEFT 0 5 RIGHT 0 5
MOVE A2 119
MOVE B4 146
END TURN 9
TURN 10
COMMAND LEFT START
MOVE A2 0
COMMAND LEFT END
COMMAND RIGHT START
COMMAND RIGHT END
TURN 10 RESULT
TIME LEFT 0 5 RIGHT 0 5
MOVE A2 99
MOVE B4 128
END TURN 10
TURN 11
COMMAND LEFT START
COMMAND LEFT END
COMMAND RIGHT START
COMMAND RIGHT END
TURN 11 RESULT
TIME LEFT 2 5 RIGHT 0 5
MOVE A2 81
MOVE B4 103
END TURN 11
TURN 12
COMMAND LEFT START
COMMAND LEFT END
COMMAND RIGHT START
COMMAND RIGHT END
TURN 12 RESULT
TIME LEFT 1 5 RIGHT 0 5
MOVE A2 66
MOVE B4 89
END TURN 12
TURN 13
COMMAND LEFT START
TRAIN 1
COMMAND LEFT END
COMMAND RIGHT START
COMMAND RIGHT END
TURN 13 RESULT
TIME LEFT 1 5 RIGHT 0 5
TRAIN A4
MOVE A2 47
MOVE B4 67
END TURN 13
TURN 14
COMMAND LEFT START
MOVE A4 119
COMMAND LEFT END
COMMAND RIGHT START
MOVE B4 4
COMMAND RIGHT END
TURN 14 RESULT
TIME LEFT 0 5 RIGHT 0 5
MOVE A2 34
MOVE A4 5
MOVE B4 41
END TURN 14
TURN 15
COMMAND LEFT START
COMMAND LEFT END
COMMAND RIGHT START
MOVE B2 201
COMMAND RIGHT END
TURN 15 RESULT
TIME LEFT 0 5 RIGHT 0 5
MOVE A2 23
MOVE A4 14
MOVE B2 243
MOVE B4 30
END TURN 15
TURN 16
COMMAND LEFT START
COMMAND LEFT END
COMMAND RIGHT START
COMMAND RIGHT END
TURN 16 RESULT
TIME LEFT 0 5 RIGHT 0 5
MOVE A2 14
MOVE A4 23
MOVE B2 234
MOVE B4 18
END TURN 16
TURN 17
COMMAND LEFT START
COMMAND LEFT END
COMMAND RIGHT START
COMMAND RIGHT END
TURN 17 RESULT
TIME LEFT 0 5 RIGHT 0 5
MOVE A2 5
MOVE A4 34
MOVE B2 225
MOVE B4 12
END TURN 17
TURN 18
COMMAND LEFT START
COMMAND LEFT END
COMMAND RIGHT START
COMMAND RIGHT END
TURN 18 RESULT
TIME LEFT 0 5 RIGHT 0 5
MOVE A2 0
MOVE A4 47
MOVE B2 214
MOVE B4 4
END TURN 18
TURN 19
COMMAND LEFT START
COMMAND LEFT END
COMMAND RIGHT START
COMMAND RIGHT END
TURN 19 RESULT
TIME LEFT 0 5 RIGHT 0 5
MOVE A4 66
MOVE B2 201
END TURN 19
TURN 20
COMMAND LEFT START
COMMAND LEFT END
COMMAND RIGHT START
COMMAND RIGHT END
TURN 20 RESULT
TIME LEFT 0 5 RIGHT 0 5
MOVE A4 81
END TURN 20
TURN 21
COMMAND LEFT START
COMMAND LEFT END
COMMAND RIGHT START
UPGRADE 201
COMMAND RIGHT END
TURN 21 RESULT
TIME LEFT 1 5 RIGHT 0 5
UPGRADE B 201
MOVE A4 99
END TURN 21
TURN 22
COMMAND LEFT START
COMMAND LEFT END
COMMAND RIGHT START
COMMAND RIGHT END
TURN 22 RESULT
TIME LEFT 0 5 RIGHT 0 5
MOVE A4 119
END TURN 22
TURN 23
COMMAND LEFT START
MOVE A4 0
COMMAND LEFT END
COMMAND RIGHT START
COMMAND RIGHT END
TURN 23 RESULT
TIME LEFT 0 5 RIGHT 0 5
MOVE A4 99
END TURN 23
TURN 24
COMMAND LEFT START
COMMAND LEFT END
COMMAND RIGHT START
COMMAND RIGHT END
TURN 24 RESULT
TIME LEFT 0 5 RIGHT 0 5
MOVE A4 81
END TURN 24
TURN 25
COMMAND LEFT START
COMMAND LEFT END
COMMAND RIGHT START
COMMAND RIGHT END
TURN 25 RESULT
TIME LEFT 0 5 RIGHT 0 5
MOVE A4 66
END TURN 25
TURN 26
COMMAND LEFT START
COMMAND LEFT END
COMMAND RIGHT START
COMMAND RIGHT END
TURN 26 RESULT
TIME LEFT 0 5 RIGHT 0 5
MOVE A4 47
END TURN 26
TURN 27
COMMAND LEFT START
COMMAND LEFT END
COMMAND RIGHT START
COMMAND RIGHT END
TURN 27 RESULT
TIME LEFT 0 5 RIGHT 0 5
MOVE A4 34
END TURN 27
TURN 28
COMMAND LEFT START
COMMAND LEFT END
COMMAND RIGHT START
COMMAND RIGHT END
TURN 28 RESULT
TIME LEFT 0 5 RIGHT 0 5
MOVE A4 23
END TURN 28
TURN 29
COMMAND LEFT START
COMMAND LEFT END
COMMAND RIGHT START
TRAIN 1
COMMAND RIGHT END
TURN 29 RESULT
TIME LEFT 0 5 RIGHT 0 5
TRAIN B5
MOVE A4 14
END TURN 29
TURN 30
COMMAND LEFT START
COMMAND LEFT END
COMMAND RIGHT START
COMMAND RIGHT END
TURN 30 RESULT
TIME LEFT 0 5 RIGHT 0 5
MOVE A4 5
END TURN 30
TURN 31
COMMAND LEFT START
COMMAND LEFT END
COMMAND RIGHT START
COMMAND RIGHT END
TURN 31 RESULT
TIME LEFT 0 5 RIGHT 0 5
MOVE A4 0
END TURN 31
TURN 32
COMMAND LEFT START
COMMAND LEFT END
COMMAND RIGHT START
COMMAND RIGHT END
TURN 32 RESULT
TIME LEFT 1 5 RIGHT 0 5
END TURN 32
TURN 33
COMMAND LEFT START
COMMAND LEFT END
COMMAND RIGHT START
MOVE B3 196
COMMAND RIGHT END
TURN 33 RESULT
TIME LEFT 0 5 RIGHT 0 5
MOVE B3 243
END TURN 33
TURN 34
COMMAND LEFT START
COMMAND LEFT END
COMMAND RIGHT START
COMMAND RIGHT END
TURN 34 RESULT
TIME LEFT 0 5 RIGHT 0 5
MOVE B3 240
END TURN 34
TURN 35
COMMAND LEFT START
COMMAND LEFT END
COMMAND RIGHT START
COMMAND RIGHT END
TURN 35 RESULT
TIME LEFT 0 5 RIGHT 0 5
MOVE B3 231
END TURN 35
TURN 36
COMMAND LEFT START
COMMAND LEFT END
COMMAND RIGHT START
COMMAND RIGHT END
TURN 36 RESULT
TIME LEFT 0 5 RIGHT 0 5
MOVE B3 227
END TURN 36
TURN 37
COMMAND LEFT START
COMMAND LEFT END
COMMAND RIGHT START
COMMAND RIGHT END
TURN 37 RESULT
TIME LEFT 0 5 RIGHT 0 5
MOVE B3 219
END TURN 37
TURN 38
COMMAND LEFT START
COMMAND LEFT END
COMMAND RIGHT START
COMMAND RIGHT END
TURN 38 RESULT
TIME LEFT 0 5 RIGHT 0 5
MOVE B3 196
END TURN 38
TURN 39
COMMAND LEFT START
COMMAND LEFT END
COMMAND RIGHT START
UPGRADE 196
COMMAND RIGHT END
TURN 39 RESULT
TIME LEFT 0 5 RIGHT 0 5
UPGRADE B 196
END TURN 39
TURN 40
COMMAND LEFT START
COMMAND LEFT END
COMMAND RIGHT START
COMMAND RIGHT END
TURN 40 RESULT
TIME LEFT 0 5 RIGHT 0 5
END TURN 40
TURN 41
COMMAND LEFT START
COMMAND LEFT END
COMMAND RIGHT START
COMMAND RIGHT END
TURN 41 RESULT
TIME LEFT 0 5 RIGHT 0 5
END TURN 41
TURN 42
COMMAND LEFT START
COMMAND LEFT END
COMMAND RIGHT START
COMMAND RIGHT END
TURN 42 RESULT
TIME LEFT 0 5 RIGHT 0 5
END TURN 42
TURN 43
COMMAND LEFT START
COMMAND LEFT END
COMMAND RIGHT START
TRAIN 1
COMMAND RIGHT END
TURN 43 RESULT
TIME LEFT 1 5 RIGHT 0 5
TRAIN B6
END TURN 43
TURN 44
COMMAND LEFT START
COMMAND LEFT END
COMMAND RIGHT START
COMMAND RIGHT END
TURN 44 RESULT
TIME LEFT 0 5 RIGHT 0 5
END TURN 44
TURN 45
COMMAND LEFT START
COMMAND LEFT END
COMMAND RIGHT START
COMMAND RIGHT END
TURN 45 RESULT
TIME LEFT 0 5 RIGHT 0 5
END TURN 45
TURN 46
COMMAND LEFT START
COMMAND LEFT END
COMMAND RIGHT START
MOVE B5 142
COMMAND RIGHT END
TURN 46 RESULT
TIME LEFT 0 5 RIGHT 0 5
MOVE B5 243
END TURN 46
TURN 47
COMMAND LEFT START
COMMAND LEFT END
COMMAND RIGHT START
COMMAND RIGHT END
TURN 47 RESULT
TIME LEFT 0 5 RIGHT 0 5
MOVE B5 234
END TURN 47
TURN 48
COMMAND LEFT START
COMMAND LEFT END
COMMAND RIGHT START
COMMAND RIGHT END
TURN 48 RESULT
TIME LEFT 0 5 RIGHT 0 5
MOVE B5 224
END TURN 48
TURN 49
COMMAND LEFT START
COMMAND LEFT END
COMMAND RIGHT START
COMMAND RIGHT END
TURN 49 RESULT
TIME LEFT 0 5 RIGHT 0 5
MOVE B5 205
END TURN 49
TURN 50
COMMAND LEFT START
COMMAND LEFT END
COMMAND RIGHT START
COMMAND RIGHT END
TURN 50 RESULT
TIME LEFT 0 5 RIGHT 0 5
MOVE B5 187
END TURN 50
TURN 51
COMMAND LEFT START
MOVE A3 124
COMMAND LEFT END
COMMAND RIGHT START
COMMAND RIGHT END
TURN 51 RESULT
TIME LEFT 2 5 RIGHT 0 5
MOVE A3 5
MOVE B5 166
END TURN 51
TURN 52
COMMAND LEFT START
COMMAND LEFT END
COMMAND RIGHT START
COMMAND RIGHT END
TURN 52 RESULT
TIME LEFT 0 5 RIGHT 0 5
MOVE A3 14
MOVE B5 142
END TURN 52
TURN 53
COMMAND LEFT START
COMMAND LEFT END
COMMAND RIGHT START
UPGRADE 142
COMMAND RIGHT END
TURN 53 RESULT
TIME LEFT 0 5 RIGHT 0 5
UPGRADE B 142
MOVE A3 24
END TURN 53
TURN 54
COMMAND LEFT START
COMMAND LEFT END
COMMAND RIGHT START
TRAIN 1
COMMAND RIGHT END
TURN 54 RESULT
TIME LEFT 1 5 RIGHT 0 5
TRAIN B7
MOVE A3 43
END TURN 54
TURN 55
COMMAND LEFT START
COMMAND LEFT END
COMMAND RIGHT START
COMMAND RIGHT END
TURN 55 RESULT
TIME LEFT 0 5 RIGHT 0 5
MOVE A3 61
END TURN 55
TURN 56
COMMAND LEFT START
COMMAND LEFT END
COMMAND RIGHT START
COMMAND RIGHT END
TURN 56 RESULT
TIME LEFT 0 5 RIGHT 0 5
MOVE A3 82
END TURN 56
TURN 57
COMMAND LEFT START
COMMAND LEFT END
COMMAND RIGHT START
MOVE B6 124
COMMAND RIGHT END
TURN 57 RESULT
TIME LEFT 0 5 RIGHT 0 5
MOVE A3 104
MOVE B6 243
END TURN 57
TURN 58
COMMAND LEFT START
COMMAND LEFT END
COMMAND RIGHT START
COMMAND RIGHT END
TURN 58 RESULT
TIME LEFT 0 5 RIGHT 0 5
MOVE A3 124
MOVE B6 234
END TURN 58
TURN 59
COMMAND LEFT START
MOVE A4 7
UPGRADE 124
COMMAND LEFT END
COMMAND RIGHT START
COMMAND RIGHT END
TURN 59 RESULT
TIME LEFT 1 5 RIGHT 0 5
UPGRADE A 124
MOVE A4 2
MOVE B6 224
END TURN 59
TURN 60
COMMAND LEFT START
COMMAND LEFT END
COMMAND RIGHT START
TRAIN 1
COMMAND RIGHT END
TURN 60 RESULT
TIME LEFT 0 5 RIGHT 0 5
TRAIN B8
MOVE A4 7
MOVE B6 205
END TURN 60
TURN 61
COMMAND LEFT START
UPGRADE 7
TRAIN 1
COMMAND LEFT END
COMMAND RIGHT START
MOVE B7 164
COMMAND RIGHT END
TURN 61 RESULT
TIME LEFT 1 5 RIGHT 0 5
UPGRADE A 7
TRAIN A5
MOVE B6 187
MOVE B7 246
END TURN 61
TURN 62
COMMAND LEFT START
MOVE A5 47
COMMAND LEFT END
COMMAND RIGHT START
COMMAND RIGHT END
TURN 62 RESULT
TIME LEFT 0 5 RIGHT 0 5
MOVE A5 5
MOVE B6 166
MOVE B7 235
END TURN 62
TURN 63
COMMAND LEFT START
COMMAND LEFT END
COMMAND RIGHT START
COMMAND RIGHT END
TURN 63 RESULT
TIME LEFT 0 5 RIGHT 0 5
MOVE A5 14
MOVE B6 144
MOVE B7 226
END TURN 63
TURN 64
COMMAND LEFT START
COMMAND LEFT END
COMMAND RIGHT START
COMMAND RIGHT END
TURN 64 RESULT
TIME LEFT 1 5 RIGHT 0 5
MOVE A5 23
MOVE B6 124
MOVE B7 210
DAMAGE TURRET B6 1
DAMAGE COMBAT A3 1
DAMAGE COMBAT B6 1
END TURN 64
TURN 65
COMMAND LEFT START
TRAIN 1
COMMAND LEFT END
COMMAND RIGHT START
COMMAND RIGHT END
TURN 65 RESULT
TIME LEFT 0 5 RIGHT 0 5
TRAIN A6
MOVE A5 34
MOVE B7 202
DAMAGE TURRET B6 1
DAMAGE COMBAT A3 1
DAMAGE COMBAT B6 1
END TURN 65
TURN 66
COMMAND LEFT START
MOVE A6 124
COMMAND LEFT END
COMMAND RIGHT START
COMMAND RIGHT END
TURN 66 RESULT
TIME LEFT 0 5 RIGHT 0 5
MOVE A5 47
MOVE A6 5
MOVE B7 188
END TURN 66
TURN 67
COMMAND LEFT START
COMMAND LEFT END
COMMAND RIGHT START
TRAIN 1
COMMAND RIGHT END
TURN 67 RESULT
TIME LEFT 0 5 RIGHT 0 5
TRAIN B9
MOVE A6 14
MOVE B7 178
END TURN 67
TURN 68
COMMAND LEFT START
COMMAND LEFT END
COMMAND RIGHT START
COMMAND RIGHT END
TURN 68 RESULT
TIME LEFT 0 5 RIGHT 0 5
MOVE A6 24
MOVE B7 164
END TURN 68
TURN 69
COMMAND LEFT START
UPGRADE 47
COMMAND LEFT END
COMMAND RIGHT START
MOVE B8 164
UPGRADE 164
COMMAND RIGHT END
TURN 69 RESULT
TIME LEFT 1 5 RIGHT 0 5
UPGRADE A 47
UPGRADE B 164
MOVE A6 43
MOVE B8 246
END TURN 69
TURN 70
COMMAND LEFT START
COMMAND LEFT END
COMMAND RIGHT START
TRAIN 1
COMMAND RIGHT END
TURN 70 RESULT
TIME LEFT 1 5 RIGHT 0 5
TRAIN B10
MOVE A6 61
MOVE B8 235
END TURN 70
TURN 71
COMMAND LEFT START
TRAIN 1
COMMAND LEFT END
COMMAND RIGHT START
MOVE B9 173
COMMAND RIGHT END
TURN 71 RESULT
TIME LEFT 1 5 RIGHT 0 5
TRAIN A7
MOVE A6 82
MOVE B8 226
MOVE B9 243
END TURN 71
TURN 72
COMMAND LEFT START
MOVE A7 75
COMMAND LEFT END
COMMAND RIGHT START
COMMAND RIGHT END
TURN 72 RESULT
TIME LEFT 0 5 RIGHT 0 5
MOVE A6 104
MOVE A7 5
MOVE B8 210
MOVE B9 240
END TURN 72
TURN 73
COMMAND LEFT START
COMMAND LEFT END
COMMAND RIGHT START
COMMAND RIGHT END
TURN 73 RESULT
TIME LEFT 0 5 RIGHT 0 5
MOVE A6 124
MOVE A7 8
MOVE B8 202
MOVE B9 231
END TURN 73
TURN 74
COMMAND LEFT START
COMMAND LEFT END
COMMAND RIGHT START
MOVE B4 31
COMMAND RIGHT END
TURN 74 RESULT
TIME LEFT 0 5 RIGHT 0 5
MOVE A7 17
MOVE B4 21
MOVE B8 188
MOVE B9 227
END TURN 74
TURN 75
COMMAND LEFT START
COMMAND LEFT END
COMMAND RIGHT START
COMMAND RIGHT END
TURN 75 RESULT
TIME LEFT 1 5 RIGHT 0 5
MOVE A7 21
MOVE B4 31
MOVE B8 178
MOVE B9 219
END TURN 75
TURN 76
COMMAND LEFT START
COMMAND LEFT END
COMMAND RIGHT START
COMMAND RIGHT END
TURN 76 RESULT
TIME LEFT 0 5 RIGHT 0 5
MOVE A7 29
MOVE B8 164
MOVE B9 196
END TURN 76
TURN 77
COMMAND LEFT START
COMMAND LEFT END
COMMAND RIGHT START
MOVE B4 17
MOVE B7 119
COMMAND RIGHT END
TURN 77 RESULT
TIME LEFT 0 5 RIGHT 0 5
MOVE A7 52
MOVE B4 17
MOVE B7 146
MOVE B9 193
END TURN 77
TURN 78
COMMAND LEFT START
COMMAND LEFT END
COMMAND RIGHT START
MOVE B4 4
COMMAND RIGHT END
TURN 78 RESULT
TIME LEFT 0 5 RIGHT 0 5
MOVE A7 55
MOVE B4 4
MOVE B7 139
MOVE B9 173
END TURN 78
TURN 79
COMMAND LEFT START
COMMAND LEFT END
COMMAND RIGHT START
UPGRADE 173
COMMAND RIGHT END
TURN 79 RESULT
TIME LEFT 1 5 RIGHT 0 5
UPGRADE B 173
MOVE A7 75
MOVE B7 119
END TURN 79
TURN 80
COMMAND LEFT START
MOVE A6 52
UPGRADE 75
COMMAND LEFT END
COMMAND RIGHT START
COMMAND RIGHT END
TURN 80 RESULT
TIME LEFT 1 5 RIGHT 0 5
UPGRADE A 75
MOVE A6 116
END TURN 80
TURN 81
COMMAND LEFT START
COMMAND LEFT END
COMMAND RIGHT START
COMMAND RIGHT END
TURN 81 RESULT
TIME LEFT 0 5 RIGHT 0 5
MOVE A6 106
END TURN 81
TURN 82
COMMAND LEFT START
COMMAND LEFT END
COMMAND RIGHT START
COMMAND RIGHT END
TURN 82 RESULT
TIME LEFT 0 5 RIGHT 0 5
MOVE A6 85
END TURN 82
TURN 83
COMMAND LEFT START
COMMAND LEFT END
COMMAND RIGHT START
UPGRADE 119
COMMAND RIGHT END
TURN 83 RESULT
TIME LEFT 0 5 RIGHT 0 5
UPGRADE B 119
MOVE A6 79
END TURN 83
TURN 84
COMMAND LEFT START
COMMAND LEFT END
COMMAND RIGHT START
TRAIN 1
COMMAND RIGHT END
TURN 84 RESULT
TIME LEFT 0 5 RIGHT 0 5
TRAIN B11
MOVE A6 66
END TURN 84
TURN 85
COMMAND LEFT START
COMMAND LEFT END
COMMAND RIGHT START
MOVE B10 129
COMMAND RIGHT END
TURN 85 RESULT
TIME LEFT 0 5 RIGHT 0 5
MOVE A6 53
MOVE B10 243
END TURN 85
TURN 86
COMMAND LEFT START
COMMAND LEFT END
COMMAND RIGHT START
COMMAND RIGHT END
TURN 86 RESULT
TIME LEFT 1 5 RIGHT 0 5
MOVE A6 52
MOVE B10 234
END TURN 86
TURN 87
COMMAND LEFT START
UPGRADE 52
COMMAND LEFT END
COMMAND RIGHT START
COMMAND RIGHT END
TURN 87 RESULT
TIME LEFT 1 5 RIGHT 0 5
UPGRADE A 52
MOVE B10 225
END TURN 87
TURN 88
COMMAND LEFT START
TRAIN 1
COMMAND LEFT END
COMMAND RIGHT START
COMMAND RIGHT END
TURN 88 RESULT
TIME LEFT 1 5 RIGHT 0 5
TRAIN A8
MOVE B10 214
END TURN 88
TURN 89
COMMAND LEFT START
MOVE A8 106
COMMAND LEFT END
COMMAND RIGHT START
COMMAND RIGHT END
TURN 89 RESULT
TIME LEFT 0 5 RIGHT 0 5
MOVE A8 5
MOVE B10 201
END TURN 89
TURN 90
COMMAND LEFT START
COMMAND LEFT END
COMMAND RIGHT START
UPGRADE 248
COMMAND RIGHT END
TURN 90 RESULT
TIME LEFT 0 5 RIGHT 0 5
UPGRADE B 248
MOVE A8 14
MOVE B10 182
END TURN 90
TURN 91
COMMAND LEFT START
COMMAND LEFT END
COMMAND RIGHT START
COMMAND RIGHT END
TURN 91 RESULT
TIME LEFT 0 5 RIGHT 0 5
MOVE A8 24
MOVE B10 167
END TURN 91
TURN 92
COMMAND LEFT START
COMMAND LEFT END
COMMAND RIGHT START
COMMAND RIGHT END
TURN 92 RESULT
TIME LEFT 0 5 RIGHT 0 5
MOVE A8 43
MOVE B10 149
END TURN 92
TURN 93
COMMAND LEFT START
COMMAND LEFT END
COMMAND RIGHT START
COMMAND RIGHT END
TURN 93 RESULT
TIME LEFT 0 5 RIGHT 0 5
MOVE A8 61
MOVE B10 129
END TURN 93
TURN 94
COMMAND LEFT START
COMMAND LEFT END
COMMAND RIGHT START
COMMAND RIGHT END
TURN 94 RESULT
TIME LEFT 0 5 RIGHT 0 5
MOVE A8 82
END TURN 94
TURN 95
COMMAND LEFT START
COMMAND LEFT END
COMMAND RIGHT START
UPGRADE 129
COMMAND RIGHT END
TURN 95 RESULT
TIME LEFT 1 5 RIGHT 0 5
UPGRADE B 129
MOVE A8 106
END TURN 95
TURN 96
COMMAND LEFT START
UPGRADE 106
TRAIN 1
COMMAND LEFT END
COMMAND RIGHT START
TRAIN 1
COMMAND RIGHT END
TURN 96 RESULT
TIME LEFT 1 5 RIGHT 0 5
UPGRADE A 106
TRAIN A9 B12
END TURN 96
TURN 97
COMMAND LEFT START
MOVE A9 119
COMMAND LEFT END
COMMAND RIGHT START
COMMAND RIGHT END
TURN 97 RESULT
TIME LEFT 4 5 RIGHT 0 5
MOVE A9 5
END TURN 97
TURN 98
COMMAND LEFT START
COMMAND LEFT END
COMMAND RIGHT START
COMMAND RIGHT END
TURN 98 RESULT
TIME LEFT 0 5 RIGHT 0 5
MOVE A9 14
END TURN 98
TURN 99
COMMAND LEFT START
COMMAND LEFT END
COMMAND RIGHT START
COMMAND RIGHT END
TURN 99 RESULT
TIME LEFT 0 5 RIGHT 0 5
MOVE A9 23
END TURN 99
TURN 100
COMMAND LEFT START
COMMAND LEFT END
COMMAND RIGHT START
COMMAND RIGHT END
TURN 100 RESULT
TIME LEFT 0 5 RIGHT 0 5
MOVE A9 34
END TURN 100
TURN 101
COMMAND LEFT START
COMMAND LEFT END
COMMAND RIGHT START
UPGRADE 241
COMMAND RIGHT END
TURN 101 RESULT
TIME LEFT 0 5 RIGHT 0 5
UPGRADE B 241
MOVE A9 47
END TURN 101
TURN 102
COMMAND LEFT START
COMMAND LEFT END
COMMAND RIGHT START
TRAIN 1
COMMAND RIGHT END
TURN 102 RESULT
TIME LEFT 0 5 RIGHT 0 5
TRAIN B13
MOVE A9 66
END TURN 102
TURN 103
COMMAND LEFT START
COMMAND LEFT END
COMMAND RIGHT START
MOVE B11 241
COMMAND RIGHT END
TURN 103 RESULT
TIME LEFT 0 5 RIGHT 0 5
MOVE A9 81
MOVE B11 246
END TURN 103
TURN 104
COMMAND LEFT START
COMMAND LEFT END
COMMAND RIGHT START
COMMAND RIGHT END
TURN 104 RESULT
TIME LEFT 0 5 RIGHT 0 5
MOVE A9 99
MOVE B11 241
END TURN 104
TURN 105
COMMAND LEFT START
UPGRADE 0
COMMAND LEFT END
COMMAND RIGHT START
COMMAND RIGHT END
TURN 105 RESULT
TIME LEFT 0 5 RIGHT 0 5
UPGRADE A 0
MOVE A9 119
DAMAGE TURRET A9 1
DAMAGE COMBAT A9 1
DAMAGE COMBAT B7 1
END TURN 105
TURN 106
COMMAND LEFT START
COMMAND LEFT END
COMMAND RIGHT START
UPGRADE 201
COMMAND RIGHT END
TURN 106 RESULT
TIME LEFT 0 5 RIGHT 0 5
UPGRADE B 201
DAMAGE TURRET A9 1
DAMAGE COMBAT A9 1
DAMAGE COMBAT B7 1
END TURN 106
TURN 107
COMMAND LEFT START
COMMAND LEFT END
COMMAND RIGHT START
TRAIN 1
COMMAND RIGHT END
TURN 107 RESULT
TIME LEFT 1 5 RIGHT 0 5
TRAIN B14
DAMAGE TURRET A9 1
DAMAGE COMBAT B7 1
END TURN 107
TURN 108
COMMAND LEFT START
COMMAND LEFT END
COMMAND RIGHT START
MOVE B12 201
COMMAND RIGHT END
TURN 108 RESULT
TIME LEFT 0 5 RIGHT 0 5
MOVE B12 243
END TURN 108
TURN 109
COMMAND LEFT START
COMMAND LEFT END
COMMAND RIGHT START
COMMAND RIGHT END
TURN 109 RESULT
TIME LEFT 0 5 RIGHT 0 5
MOVE B12 234
END TURN 109
TURN 110
COMMAND LEFT START
UPGRADE 7
COMMAND LEFT END
COMMAND RIGHT START
COMMAND RIGHT END
TURN 110 RESULT
TIME LEFT 0 5 RIGHT 0 5
UPGRADE A 7
MOVE B12 225
END TURN 110
TURN 111
COMMAND LEFT START
COMMAND LEFT END
COMMAND RIGHT START
UPGRADE 196
COMMAND RIGHT END
TURN 111 RESULT
TIME LEFT 0 5 RIGHT 0 5
UPGRADE B 196
MOVE B12 214
END TURN 111
TURN 112
COMMAND LEFT START
TRAIN 1
COMMAND LEFT END
COMMAND RIGHT START
TRAIN 1
COMMAND RIGHT END
TURN 112 RESULT
TIME LEFT 0 5 RIGHT 0 5
TRAIN A10 B15
MOVE B12 201
END TURN 112
TURN 113
COMMAND LEFT START
MOVE A10 7
COMMAND LEFT END
COMMAND RIGHT START
MOVE B13 196
COMMAND RIGHT END
TURN 113 RESULT
TIME LEFT 0 5 RIGHT 0 5
MOVE A10 2
MOVE B13 243
END TURN 113
TURN 114
COMMAND LEFT START
COMMAND LEFT END
COMMAND RIGHT START
COMMAND RIGHT END
TURN 114 RESULT
TIME LEFT 0 5 RIGHT 0 5
MOVE A10 7
MOVE B13 240
END TURN 114
TURN 115
COMMAND LEFT START
COMMAND LEFT END
COMMAND RIGHT START
UPGRADE 142
COMMAND RIGHT END
TURN 115 RESULT
TIME LEFT 0 5 RIGHT 0 5
UPGRADE B 142
MOVE B13 231
END TURN 115
TURN 116
COMMAND LEFT START
COMMAND LEFT END
COMMAND RIGHT START
TRAIN 1
COMMAND RIGHT END
TURN 116 RESULT
TIME LEFT 0 5 RIGHT 0 5
TRAIN B16
MOVE B13 227
END TURN 116
TURN 117
COMMAND LEFT START
UPGRADE 47
COMMAND LEFT END
COMMAND RIGHT START
MOVE B14 142
COMMAND RIGHT END
TURN 117 RESULT
TIME LEFT 0 5 RIGHT 0 5
UPGRADE A 47
MOVE B13 219
MOVE B14 243
END TURN 117
TURN 118
COMMAND LEFT START
TRAIN 1
COMMAND LEFT END
COMMAND RIGHT START
COMMAND RIGHT END
TURN 118 RESULT
TIME LEFT 1 5 RIGHT 0 5
TRAIN A11
MOVE B13 196
MOVE B14 234
END TURN 118
TURN 119
COMMAND LEFT START
MOVE A11 47
COMMAND LEFT END
COMMAND RIGHT START
COMMAND RIGHT END
TURN 119 RESULT
TIME LEFT 0 5 RIGHT 0 5
MOVE A11 5
MOVE B14 224
END TURN 119
TURN 120
COMMAND LEFT START
COMMAND LEFT END
COMMAND RIGHT START
UPGRADE 164
COMMAND RIGHT END
TURN 120 RESULT
TIME LEFT 0 5 RIGHT 0 5
UPGRADE B 164
MOVE A11 14
MOVE B14 205
END TURN 120
TURN 121
COMMAND LEFT START
COMMAND LEFT END
COMMAND RIGHT START
TRAIN 1
COMMAND RIGHT END
TURN 121 RESULT
TIME LEFT 0 5 RIGHT 0 5
TRAIN B17
MOVE A11 23
MOVE B14 187
END TURN 121
TURN 122
COMMAND LEFT START
UPGRADE 52
COMMAND LEFT END
COMMAND RIGHT START
MOVE B15 164
COMMAND RIGHT END
TURN 122 RESULT
TIME LEFT 0 5 RIGHT 0 5
UPGRADE A 52
MOVE A11 34
MOVE B14 166
MOVE B15 246
END TURN 122
TURN 123
COMMAND LEFT START
TRAIN 1
COMMAND LEFT END
COMMAND RIGHT START
COMMAND RIGHT END
TURN 123 RESULT
TIME LEFT 0 5 RIGHT 0 5
TRAIN A12
MOVE A11 47
MOVE B14 142
MOVE B15 235
END TURN 123
TURN 124
COMMAND LEFT START
MOVE A12 52
COMMAND LEFT END
COMMAND RIGHT START
UPGRADE 173
COMMAND RIGHT END
TURN 124 RESULT
TIME LEFT 0 5 RIGHT 0 5
UPGRADE B 173
MOVE A12 5
MOVE B15 226
END TURN 124
TURN 125
COMMAND LEFT START
COMMAND LEFT END
COMMAND RIGHT START
TRAIN 1
COMMAND RIGHT END
TURN 125 RESULT
TIME LEFT 0 5 RIGHT 0 5
TRAIN B18
MOVE A12 8
MOVE B15 210
END TURN 125
TURN 126
COMMAND LEFT START
COMMAND LEFT END
COMMAND RIGHT START
MOVE B4 31
MOVE B16 173
COMMAND RIGHT END
TURN 126 RESULT
TIME LEFT 0 5 RIGHT 0 5
MOVE A12 17
MOVE B4 21
MOVE B15 202
MOVE B16 243
END TURN 126
TURN 127
COMMAND LEFT START
UPGRADE 106
COMMAND LEFT END
COMMAND RIGHT START
UPGRADE 119
COMMAND RIGHT END
TURN 127 RESULT
TIME LEFT 1 5 RIGHT 0 5
UPGRADE A 106
UPGRADE B 119
MOVE A12 21
MOVE B4 31
MOVE B15 188
MOVE B16 240
END TURN 127
TURN 128
COMMAND LEFT START
TRAIN 1
COMMAND LEFT END
COMMAND RIGHT START
TRAIN 1
COMMAND RIGHT END
TURN 128 RESULT
TIME LEFT 1 5 RIGHT 0 5
TRAIN A13 B19
MOVE A12 29
MOVE B15 178
MOVE B16 231
END TURN 128
TURN 129
COMMAND LEFT START
MOVE A13 106
COMMAND LEFT END
COMMAND RIGHT START
MOVE B4 17
MOVE B17 119
COMMAND RIGHT END
TURN 129 RESULT
TIME LEFT 0 5 RIGHT 0 5
MOVE A12 52
MOVE A13 5
MOVE B4 17
MOVE B15 164
MOVE B16 227
MOVE B17 246
END TURN 129
TURN 130
COMMAND LEFT START
COMMAND LEFT END
COMMAND RIGHT START
MOVE B4 4
COMMAND RIGHT END
TURN 130 RESULT
TIME LEFT 0 5 RIGHT 0 5
MOVE A13 14
MOVE B4 4
MOVE B16 219
MOVE B17 235
END TURN 130
TURN 131
COMMAND LEFT START
COMMAND LEFT END
COMMAND RIGHT START
UPGRADE 129
COMMAND RIGHT END
TURN 131 RESULT
TIME LEFT 1 5 RIGHT 0 5
UPGRADE B 129
MOVE A13 24
MOVE B16 196
MOVE B17 226
END TURN 131
TURN 132
COMMAND LEFT START
UPGRADE 75
COMMAND LEFT END
COMMAND RIGHT START
TRAIN 1
COMMAND RIGHT END
TURN 132 RESULT
TIME LEFT 0 5 RIGHT 0 5
UPGRADE A 75
TRAIN B20
MOVE A13 43
MOVE B16 193
MOVE B17 211
END TURN 132
TURN 133
COMMAND LEFT START
TRAIN 1
COMMAND LEFT END
COMMAND RIGHT START
MOVE B18 129
COMMAND RIGHT END
TURN 133 RESULT
TIME LEFT 0 5 RIGHT 0 5
TRAIN A14
MOVE A13 61
MOVE B16 173
MOVE B17 194
MOVE B18 243
END TURN 133
TURN 134
COMMAND LEFT START
MOVE A14 75
COMMAND LEFT END
COMMAND RIGHT START
COMMAND RIGHT END
TURN 134 RESULT
TIME LEFT 0 5 RIGHT 0 5
MOVE A13 82
MOVE A14 5
MOVE B17 174
MOVE B18 234
END TURN 134
TURN 135
COMMAND LEFT START
COMMAND LEFT END
COMMAND RIGHT START
UPGRADE 241
COMMAND RIGHT END
TURN 135 RESULT
TIME LEFT 0 5 RIGHT 0 5
UPGRADE B 241
MOVE A13 106
MOVE A14 8
MOVE B17 162
MOVE B18 225
END TURN 135
TURN 136
COMMAND LEFT START
COMMAND LEFT END
COMMAND RIGHT START
MOVE B4 31
TRAIN 1
COMMAND RIGHT END
TURN 136 RESULT
TIME LEFT 0 5 RIGHT 0 5
TRAIN B21
MOVE A14 17
MOVE B4 21
MOVE B17 151
MOVE B18 214
END TURN 136
TURN 137
COMMAND LEFT START
UPGRADE 124
COMMAND LEFT END
COMMAND RIGHT START
MOVE B19 241
COMMAND RIGHT END
TURN 137 RESULT
TIME LEFT 0 5 RIGHT 0 5
UPGRADE A 124
MOVE A14 21
MOVE B4 31
MOVE B17 119
MOVE B18 201
MOVE B19 246
END TURN 137
TURN 138
COMMAND LEFT START
TRAIN 1
COMMAND LEFT END
COMMAND RIGHT START
COMMAND RIGHT END
TURN 138 RESULT
TIME LEFT 1 5 RIGHT 0 5
TRAIN A15
MOVE A14 29
MOVE B18 182
MOVE B19 241
END TURN 138
TURN 139
COMMAND LEFT START
MOVE A15 124
COMMAND LEFT END
COMMAND RIGHT START
MOVE B4 17
UPGRADE 201
COMMAND RIGHT END
TURN 139 RESULT
TIME LEFT 1 5 RIGHT 0 5
UPGRADE B 201
MOVE A14 52
MOVE A15 5
MOVE B4 17
MOVE B18 167
END TURN 139
TURN 140
COMMAND LEFT START
COMMAND LEFT END
COMMAND RIGHT START
MOVE B4 4
TRAIN 1
COMMAND RIGHT END
TURN 140 RESULT
TIME LEFT 0 5 RIGHT 0 5
TRAIN B22
MOVE A14 55
MOVE A15 14
MOVE B4 4
MOVE B18 149
END TURN 140
TURN 141
COMMAND LEFT START
COMMAND LEFT END
COMMAND RIGHT START
MOVE B20 201
COMMAND RIGHT END
TURN 141 RESULT
TIME LEFT 0 5 RIGHT 0 5
MOVE A14 75
MOVE A15 24
MOVE B18 129
MOVE B20 243
END TURN 141
TURN 142
COMMAND LEFT START
COMMAND LEFT END
COMMAND RIGHT START
UPGRADE 196
COMMAND RIGHT END
TURN 142 RESULT
TIME LEFT 0 5 RIGHT 0 5
UPGRADE B 196
MOVE A15 43
MOVE B20 234
END TURN 142
TURN 143
COMMAND LEFT START
COMMAND LEFT END
COMMAND RIGHT START
TRAIN 1
COMMAND RIGHT END
TURN 143 RESULT
TIME LEFT 0 5 RIGHT 0 5
TRAIN B23
MOVE A15 61
MOVE B20 225
END TURN 143
TURN 144
COMMAND LEFT START
COMMAND LEFT END
COMMAND RIGHT START
MOVE B21 196
COMMAND RIGHT END
TURN 144 RESULT
TIME LEFT 0 5 RIGHT 0 5
MOVE A15 82
MOVE B20 214
MOVE B21 243
END TURN 144
TURN 145
COMMAND LEFT START
COMMAND LEFT END
COMMAND RIGHT START
UPGRADE 142
COMMAND RIGHT END
TURN 145 RESULT
TIME LEFT 0 5 RIGHT 0 5
UPGRADE B 142
MOVE A15 104
MOVE B20 201
MOVE B21 240
END TURN 145
TURN 146
COMMAND LEFT START
COMMAND LEFT END
COMMAND RIGHT START
TRAIN 1
COMMAND RIGHT END
TURN 146 RESULT
TIME LEFT 0 5 RIGHT 0 5
TRAIN B24
MOVE A15 124
MOVE B21 231
END TURN 146
TURN 147
COMMAND LEFT START
TRAIN 2
COMMAND LEFT END
COMMAND RIGHT START
MOVE B22 142
COMMAND RIGHT END
TURN 147 RESULT
TIME LEFT 1 5 RIGHT 0 5
TRAIN A16 A17
MOVE B21 227
MOVE B22 243
END TURN 147
TURN 148
COMMAND LEFT START
MOVE A17 81
TRAIN 2
COMMAND LEFT END
COMMAND RIGHT START
UPGRADE 164
COMMAND RIGHT END
TURN 148 RESULT
TIME LEFT 1 5 RIGHT 0 5
UPGRADE B 164
TRAIN A18 A19
MOVE A17 5
MOVE B21 219
MOVE B22 234
END TURN 148
TURN 149
COMMAND LEFT START
MOVE A18 124
MOVE A19 124
TRAIN 2
COMMAND LEFT END
COMMAND RIGHT START
TRAIN 1
COMMAND RIGHT END
TURN 149 RESULT
TIME LEFT 1 5 RIGHT 0 5
TRAIN A20 A21 B25
MOVE A17 14
MOVE A18 5
MOVE A19 5
MOVE B21 196
MOVE B22 224
END TURN 149
TURN 150
COMMAND LEFT START
MOVE A20 124
MOVE A21 124
TRAIN 2
COMMAND LEFT END
COMMAND RIGHT START
MOVE B23 164
UPGRADE 173
COMMAND RIGHT END
TURN 150 RESULT
TIME LEFT 1 5 RIGHT 0 5
UPGRADE B 173
TRAIN A22 A23
MOVE A17 23
MOVE A18 14
MOVE A19 14
MOVE A20 5
MOVE A21 5
MOVE B22 205
MOVE B23 246
END TURN 150
TURN 151
COMMAND LEFT START
MOVE A22 124
MOVE A23 124
TRAIN 2
COMMAND LEFT END
COMMAND RIGHT START
TRAIN 1
COMMAND RIGHT END
TURN 151 RESULT
TIME LEFT 1 5 RIGHT 0 5
TRAIN A24 A25 B26
MOVE A17 34
MOVE A18 24
MOVE A19 24
MOVE A20 14
MOVE A21 14
MOVE A22 5
MOVE A23 5
MOVE B22 187
MOVE B23 235
END TURN 151
TURN 152
COMMAND LEFT START
MOVE A24 124
MOVE A25 124
TRAIN 2
COMMAND LEFT END
COMMAND RIGHT START
MOVE B24 173
TRAIN 1
COMMAND RIGHT END
TURN 152 RESULT
TIME LEFT 1 5 RIGHT 0 5
TRAIN A26 A27 B27
MOVE A17 47
MOVE A18 43
MOVE A19 43
MOVE A20 24
MOVE A21 24
MOVE A22 14
MOVE A23 14
MOVE A24 5
MOVE A25 5
MOVE B22 166
MOVE B23 226
MOVE B24 243
END TURN 152
TURN 153
COMMAND LEFT START
MOVE A26 124
MOVE A27 124
TRAIN 2
COMMAND LEFT END
COMMAND RIGHT START
MOVE B25 75
TRAIN 1
COMMAND RIGHT END
TURN 153 RESULT
TIME LEFT 1 5 RIGHT 0 5
TRAIN A28 A29 B28
MOVE A17 66
MOVE A18 61
MOVE A19 61
MOVE A20 43
MOVE A21 43
MOVE A22 24
MOVE A23 24
MOVE A24 14
MOVE A25 14
MOVE A26 5
MOVE A27 5
MOVE B22 142
MOVE B23 210
MOVE B24 240
MOVE B25 246
END TURN 153
TURN 154
COMMAND LEFT START
MOVE A28 124
MOVE A29 124
TRAIN 2
COMMAND LEFT END
COMMAND RIGHT START
UPGRADE 119
COMMAND RIGHT END
TURN 154 RESULT
TIME LEFT 1 5 RIGHT 0 5
UPGRADE B 119
TRAIN A30 A31
MOVE A17 81
MOVE A18 82
MOVE A19 82
MOVE A20 61
MOVE A21 61
MOVE A22 43
MOVE A23 43
MOVE A24 24
MOVE A25 24
MOVE A26 14
MOVE A27 14
MOVE A28 5
MOVE A29 5
MOVE B23 202
MOVE B24 231
MOVE B25 235
END TURN 154
TURN 155
COMMAND LEFT START
MOVE A17 47
MOVE A30 124
MOVE A31 124
TRAIN 2
COMMAND LEFT END
COMMAND RIGHT START
MOVE B26 119
COMMAND RIGHT END
TURN 155 RESULT
TIME LEFT 1 5 RIGHT 0 5
TRAIN A32 A33
MOVE A17 66
MOVE A18 104
MOVE A19 104
MOVE A20 82
MOVE A21 82
MOVE A22 61
MOVE A23 61
MOVE A24 43
MOVE A25 43
MOVE A26 24
MOVE A27 24
MOVE A28 14
MOVE A29 14
MOVE A30 5
MOVE A31 5
MOVE B23 188
MOVE B24 227
MOVE B25 226
MOVE B26 246
END TURN 155
TURN 156
COMMAND LEFT START
MOVE A32 234
MOVE A33 124
TRAIN 2
COMMAND LEFT END
COMMAND RIGHT START
UPGRADE 129
COMMAND RIGHT END
TURN 156 RESULT
TIME LEFT 1 5 RIGHT 0 5
UPGRADE B 129
TRAIN A34 A35
MOVE A17 47
MOVE A18 124
MOVE A19 124
MOVE A20 104
MOVE A21 104
MOVE A22 82
MOVE A23 82
MOVE A24 61
MOVE A25 61
MOVE A26 43
MOVE A27 43
MOVE A28 24
MOVE A29 24
MOVE A30 14
MOVE A31 14
MOVE A32 5
MOVE A33 5
MOVE B23 178
MOVE B24 219
MOVE B25 211
MOVE B26 235
END TURN 156
TURN 157
COMMAND LEFT START
MOVE A34 124
MOVE A35 124
MOVE A17 124
TRAIN 2
COMMAND LEFT END
COMMAND RIGHT START
TRAIN 1
COMMAND RIGHT END
TURN 157 RESULT
TIME LEFT 1 5 RIGHT 0 5
TRAIN A36 A37 B29
MOVE A17 62
MOVE A20 124
MOVE A21 124
MOVE A22 104
MOVE A23 104
MOVE A24 82
MOVE A25 82
MOVE A26 61
MOVE A27 61
MOVE A28 43
MOVE A29 43
MOVE A30 24
MOVE A31 24
MOVE A32 14
MOVE A33 14
MOVE A34 5
MOVE A35 5
MOVE B23 164
MOVE B24 196
MOVE B25 194
MOVE B26 226
END TURN 157
TURN 158
COMMAND LEFT START
MOVE A36 124
MOVE A37 124
TRAIN 2
COMMAND LEFT END
COMMAND RIGHT START
MOVE B27 129
COMMAND RIGHT END
TURN 158 RESULT
TIME LEFT 1 5 RIGHT 0 5
TRAIN A38 A39
MOVE A17 73
MOVE A22 124
MOVE A23 124
MOVE A24 104
MOVE A25 104
MOVE A26 82
MOVE A27 82
MOVE A28 61
MOVE A29 61
MOVE A30 43
MOVE A31 43
MOVE A32 24
MOVE A33 24
MOVE A34 14
MOVE A35 14
MOVE A36 5
MOVE A37 5
MOVE B24 193
MOVE B25 174
MOVE B26 211
MOVE B27 243
END TURN 158
TURN 159
COMMAND LEFT START
MOVE A38 124
MOVE A39 124
TRAIN 2
COMMAND LEFT END
COMMAND RIGHT START
COMMAND RIGHT END
TURN 159 RESULT
TIME LEFT 2 5 RIGHT 0 5
TRAIN A40 A41
MOVE A17 85
MOVE A24 124
MOVE A25 124
MOVE A26 104
MOVE A27 104
MOVE A28 82
MOVE A29 82
MOVE A30 61
MOVE A31 61
MOVE A32 43
MOVE A33 43
MOVE A34 24
MOVE A35 24
MOVE A36 14
MOVE A37 14
MOVE A38 5
MOVE A39 5
MOVE B24 173
MOVE B25 161
MOVE B26 194
MOVE B27 234
END TURN 159
TURN 160
COMMAND LEFT START
MOVE A18 119
MOVE A19 119
MOVE A20 119
MOVE A21 119
MOVE A22 119
MOVE A23 119
MOVE A24 119
MOVE A40 124
MOVE A41 124
TRAIN 2
COMMAND LEFT END
COMMAND RIGHT START
UPGRADE 248
TRAIN 1
COMMAND RIGHT END
TURN 160 RESULT
TIME LEFT 3 5 RIGHT 0 5
UPGRADE B 248
TRAIN A42 A43 B30
MOVE A17 106
MOVE A18 116
MOVE A19 116
MOVE A20 116
MOVE A21 116
MOVE A22 116
MOVE A23 116
MOVE A24 116
MOVE A26 124
MOVE A27 124
MOVE A28 104
MOVE A29 104
MOVE A30 82
MOVE A31 82
MOVE A32 61
MOVE A33 61
MOVE A34 43
MOVE A35 43
MOVE A36 24
MOVE A37 24
MOVE A38 14
MOVE A39 14
MOVE A40 5
MOVE A41 5
MOVE B25 146
MOVE B26 174
MOVE B27 225
END TURN 160
TURN 161
COMMAND LEFT START
MOVE A42 124
MOVE A43 124
TRAIN 2
COMMAND LEFT END
COMMAND RIGHT START
COMMAND RIGHT END
TURN 161 RESULT
TIME LEFT 1 5 RIGHT 0 5
TRAIN A44 A45
MOVE A17 116
MOVE A18 127
MOVE A19 127
MOVE A20 127
MOVE A21 127
MOVE A22 127
MOVE A23 127
MOVE A24 127
MOVE A28 124
MOVE A29 124
MOVE A30 104
MOVE A31 104
MOVE A32 82
MOVE A33 82
MOVE A34 61
MOVE A35 61
MOVE A36 43
MOVE A37 43
MOVE A38 24
MOVE A39 24
MOVE A40 14
MOVE A41 14
MOVE A42 5
MOVE A43 5
MOVE B25 128
MOVE B26 162
MOVE B27 214
END TURN 161
TURN 162
COMMAND LEFT START
MOVE A44 124
MOVE A45 124
TRAIN 2
COMMAND LEFT END
COMMAND RIGHT START
COMMAND RIGHT END
TURN 162 RESULT
TIME LEFT 1 5 RIGHT 0 5
TRAIN A46 A47
MOVE A17 124
MOVE A18 123
MOVE A19 123
MOVE A20 123
MOVE A21 123
MOVE A22 123
MOVE A23 123
MOVE A24 123
MOVE A30 124
MOVE A31 124
MOVE A32 104
MOVE A33 104
MOVE A34 82
MOVE A35 82
MOVE A36 61
MOVE A37 61
MOVE A38 43
MOVE A39 43
MOVE A40 24
MOVE A41 24
MOVE A42 14
MOVE A43 14
MOVE A44 5
MOVE A45 5
MOVE B25 103
MOVE B26 151
MOVE B27 201
END TURN 162
TURN 163
COMMAND LEFT START
MOVE A17 142
MOVE A25 142
MOVE A26 142
MOVE A27 142
MOVE A28 142
MOVE A29 142
MOVE A30 142
MOVE A46 124
MOVE A47 124
TRAIN 1
COMMAND LEFT END
COMMAND RIGHT START
MOVE B7 248
MOVE B17 248
COMMAND RIGHT END
TURN 163 RESULT
TIME LEFT 3 5 RIGHT 0 5
TRAIN A48
MOVE A17 132
MOVE A18 119
MOVE A19 119
MOVE A20 119
MOVE A21 119
MOVE A22 119
MOVE A23 119
MOVE A24 119
MOVE A25 132
MOVE A26 132
MOVE A27 132
MOVE A28 132
MOVE A29 132
MOVE A30 132
MOVE A32 124
MOVE A33 124
MOVE A34 104
MOVE A35 104
MOVE A36 82
MOVE A37 82
MOVE A38 61
MOVE A39 61
MOVE A40 43
MOVE A41 43
MOVE A42 24
MOVE A43 24
MOVE A44 14
MOVE A45 14
MOVE A46 5
MOVE A47 5
MOVE B7 151
MOVE B17 151
MOVE B25 93
MOVE B26 119
MOVE B27 182
DAMAGE TURRET A18 2
DAMAGE COMBAT A18 1
DAMAGE COMBAT B26 5
SIEGE B 119 2
END TURN 163
TURN 164
COMMAND LEFT START
MOVE A48 124
TRAIN 1
COMMAND LEFT END
COMMAND RIGHT START
MOVE B5 248
MOVE B14 248
MOVE B22 248
TRAIN 2
COMMAND RIGHT END
TURN 164 RESULT
TIME LEFT 1 5 RIGHT 0 5
TRAIN A49 B31 B32
MOVE A17 142
MOVE A25 142
MOVE A26 142
MOVE A27 142
MOVE A28 142
MOVE A29 142
MOVE A30 142
MOVE A32 144
MOVE A34 124
MOVE A35 124
MOVE A36 104
MOVE A37 104
MOVE A38 82
MOVE A39 82
MOVE A40 61
MOVE A41 61
MOVE A42 43
MOVE A43 43
MOVE A44 24
MOVE A45 24
MOVE A46 14
MOVE A47 14
MOVE A48 5
MOVE B5 166
MOVE B7 162
MOVE B14 166
MOVE B17 162
MOVE B22 166
MOVE B25 75
MOVE B27 167
DAMAGE TURRET A17 2
DAMAGE TURRET A18 2
DAMAGE TURRET B25 1
DAMAGE COMBAT A7 1
DAMAGE COMBAT B25 2
SIEGE B 119 7
SIEGE B 142 7
END TURN 164
TURN 165
COMMAND LEFT START
MOVE A49 124
TRAIN 2
COMMAND LEFT END
COMMAND RIGHT START
MOVE B28 142
MOVE B29 142
TRAIN 2
COMMAND RIGHT END
TURN 165 RESULT
TIME LEFT 1 5 RIGHT 0 5
TRAIN A50 A51 B33 B34
MOVE A32 166
MOVE A36 124
MOVE A37 124
MOVE A38 104
MOVE A39 104
MOVE A40 82
MOVE A41 82
MOVE A42 61
MOVE A43 61
MOVE A44 43
MOVE A45 43
MOVE A46 24
MOVE A47 24
MOVE A48 14
MOVE A49 5
MOVE B5 187
MOVE B7 174
MOVE B14 187
MOVE B17 174
MOVE B22 187
MOVE B27 149
MOVE B28 243
MOVE B29 243
DAMAGE TURRET A17 2
DAMAGE TURRET A18 1
DAMAGE TURRET A19 1
DAMAGE TURRET B25 1
DAMAGE COMBAT A7 1
DAMAGE COMBAT B25 1
SIEGE B 119 7
SIEGE B 142 7
END TURN 165
TURN 166
COMMAND LEFT START
MOVE A31 142
MOVE A33 142
MOVE A34 142
MOVE A35 142
MOVE A36 142
MOVE A37 142
MOVE A50 124
MOVE A51 124
COMMAND LEFT END
COMMAND RIGHT START
MOVE B30 142
MOVE B31 119
TRAIN 2
COMMAND RIGHT END
TURN 166 RESULT
TIME LEFT 3 5 RIGHT 0 5
TRAIN B35 B36
MOVE A31 132
MOVE A32 187
MOVE A33 132
MOVE A34 132
MOVE A35 132
MOVE A36 132
MOVE A37 132
MOVE A38 124
MOVE A39 124
MOVE A40 104
MOVE A41 104
MOVE A42 82
MOVE A43 82
MOVE A44 61
MOVE A45 61
MOVE A46 43
MOVE A47 43
MOVE A48 24
MOVE A49 14
MOVE A50 5
MOVE A51 5
MOVE B5 205
MOVE B7 194
MOVE B14 205
MOVE B17 194
MOVE B22 205
MOVE B27 129
MOVE B28 234
MOVE B29 234
MOVE B30 243
MOVE B31 246
DAMAGE TURRET A17 2
DAMAGE TURRET A19 2
SIEGE B 119 2
SIEGE B 142 4
END TURN 166
TURN 167
COMMAND LEFT START
MOVE A19 106
MOVE A20 106
MOVE A21 106
MOVE A22 106
MOVE A23 106
MOVE A25 124
MOVE A26 124
MOVE A27 124
MOVE A28 124
MOVE A29 124
COMMAND LEFT END
COMMAND RIGHT START
MOVE B32 119
COMMAND RIGHT END
TURN 167 RESULT
TIME LEFT 4 5 RIGHT 0 5
MOVE A19 113
MOVE A20 113
MOVE A21 113
MOVE A22 113
MOVE A23 113
MOVE A25 132
MOVE A26 132
MOVE A27 132
MOVE A28 132
MOVE A29 132
MOVE A31 142
MOVE A32 205
MOVE A33 142
MOVE A34 142
MOVE A35 142
MOVE A36 142
MOVE A37 142
MOVE A40 124
MOVE A41 124
MOVE A42 104
MOVE A43 104
MOVE A44 82
MOVE A45 82
MOVE A46 61
MOVE A47 61
MOVE A48 43
MOVE A49 24
MOVE A50 14
MOVE A51 14
MOVE B5 224
MOVE B7 211
MOVE B14 224
MOVE B17 211
MOVE B22 224
MOVE B28 224
MOVE B29 224
MOVE B30 234
MOVE B31 235
MOVE B32 246
END TURN 167
TURN 168
COMMAND LEFT START
MOVE A31 124
MOVE A33 124
MOVE A34 124
MOVE A35 124
MOVE A36 124
COMMAND LEFT END
COMMAND RIGHT START
COMMAND RIGHT END
TURN 168 RESULT
TIME LEFT 3 5 RIGHT 0 5
MOVE A19 98
MOVE A20 98
MOVE A21 98
MOVE A22 98
MOVE A23 98
MOVE A25 124
MOVE A26 124
MOVE A27 124
MOVE A28 124
MOVE A29 124
MOVE A31 132
MOVE A32 224
MOVE A33 132
MOVE A34 132
MOVE A35 132
MOVE A36 132
MOVE A42 124
MOVE A43 124
MOVE A44 104
MOVE A45 104
MOVE A46 82
MOVE A47 82
MOVE A48 61
MOVE A49 43
MOVE A50 24
MOVE A51 24
MOVE B5 234
MOVE B7 226
MOVE B14 234
MOVE B17 226
MOVE B22 234
MOVE B28 205
MOVE B29 205
MOVE B30 224
MOVE B31 226
MOVE B32 235
DAMAGE COMBAT A32 1
DAMAGE COMBAT B30 1
END TURN 168
TURN 169
COMMAND LEFT START
MOVE A25 248
MOVE A26 248
MOVE A27 248
MOVE A28 248
MOVE A29 248
MOVE A38 248
MOVE A39 248
MOVE A40 248
MOVE A41 248
COMMAND LEFT END
COMMAND RIGHT START
COMMAND RIGHT END
TURN 169 RESULT
TIME LEFT 5 5 RIGHT 0 5
MOVE A19 106
MOVE A20 106
MOVE A21 106
MOVE A22 106
MOVE A23 106
MOVE A25 144
MOVE A26 144
MOVE A27 144
MOVE A28 144
MOVE A29 144
MOVE A31 124
MOVE A33 124
MOVE A34 124
MOVE A35 124
MOVE A36 124
MOVE A38 144
MOVE A39 144
MOVE A40 144
MOVE A41 144
MOVE A44 124
MOVE A45 124
MOVE A46 104
MOVE A47 104
MOVE A48 82
MOVE A49 61
MOVE A50 43
MOVE A51 43
MOVE B5 243
MOVE B7 235
MOVE B14 243
MOVE B17 235
MOVE B22 243
MOVE B28 187
MOVE B29 187
MOVE B31 211
MOVE B32 226
DAMAGE COMBAT A32 1
DAMAGE COMBAT B30 1
END TURN 169
TURN 170
COMMAND LEFT START
MOVE A31 248
MOVE A33 248
MOVE A34 248
MOVE A35 248
MOVE A36 248
MOVE A42 248
MOVE A43 248
MOVE A44 248
MOVE A45 248
MOVE A19 124
MOVE A20 124
MOVE A21 124
MOVE A22 124
MOVE A23 124
COMMAND LEFT END
COMMAND RIGHT START
COMMAND RIGHT END
TURN 170 RESULT
TIME LEFT 5 5 RIGHT 0 5
MOVE A19 116
MOVE A20 116
MOVE A21 116
MOVE A22 116
MOVE A23 116
MOVE A25 166
MOVE A26 166
MOVE A27 166
MOVE A28 166
MOVE A29 166
MOVE A31 144
MOVE A33 144
MOVE A34 144
MOVE A35 144
MOVE A36 144
MOVE A38 166
MOVE A39 166
MOVE A40 166
MOVE A41 166
MOVE A42 144
MOVE A43 144
MOVE A44 144
MOVE A45 144
MOVE A46 124
MOVE A47 124
MOVE A48 104
MOVE A49 82
MOVE A50 61
MOVE A51 61
MOVE B5 248
MOVE B7 246
MOVE B14 248
MOVE B17 246
MOVE B22 248
MOVE B28 166
MOVE B29 166
MOVE B31 194
MOVE B32 211
DAMAGE COMBAT A25 2
DAMAGE COMBAT A32 1
DAMAGE COMBAT B28 5
DAMAGE COMBAT B29 4
DAMAGE COMBAT B30 1
END TURN 170
TURN 171
COMMAND LEFT START
UPGRADE 119
COMMAND LEFT END
COMMAND RIGHT START
MOVE B1 248
MOVE B2 248
MOVE B3 248
MOVE B8 248
MOVE B9 248
MOVE B11 248
MOVE B12 248
MOVE B13 248
MOVE B15 248
MOVE B16 248
MOVE B19 248
MOVE B20 248
MOVE B21 248
MOVE B23 248
MOVE B24 248
UPGRADE 248
TRAIN 2
COMMAND RIGHT END
TURN 171 RESULT
TIME LEFT 1 5 RIGHT 0 5
UPGRADE A 119
UPGRADE B 248
TRAIN B37 B38
MOVE A19 124
MOVE A20 124
MOVE A21 124
MOVE A22 124
MOVE A23 124
MOVE A31 166
MOVE A33 166
MOVE A34 166
MOVE A35 166
MOVE A36 166
MOVE A42 166
MOVE A43 166
MOVE A44 166
MOVE A45 166
MOVE A48 124
MOVE A49 104
MOVE A50 82
MOVE A51 82
MOVE B1 246
MOVE B2 214
MOVE B3 219
MOVE B7 248
MOVE B8 178
MOVE B9 193
MOVE B11 246
MOVE B12 214
MOVE B13 219
MOVE B15 178
MOVE B16 193
MOVE B17 248
MOVE B19 246
MOVE B20 214
MOVE B21 219
MOVE B23 178
MOVE B24 193
MOVE B31 174
MOVE B32 194
DAMAGE COMBAT A25 1
DAMAGE COMBAT A32 1
DAMAGE COMBAT B29 1
DAMAGE COMBAT B30 1
END TURN 171
TURN 172
COMMAND LEFT START
COMMAND LEFT END
COMMAND RIGHT START
MOVE B7 241
MOVE B5 241
MOVE B14 241
MOVE B17 201
MOVE B22 201
MOVE B33 201
MOVE B34 196
COMMAND RIGHT END
TURN 172 RESULT
TIME LEFT 1 5 RIGHT 0 5
MOVE A25 187
MOVE A26 187
MOVE A27 187
MOVE A28 187
MOVE A29 187
MOVE A31 187
MOVE A33 187
MOVE A34 187
MOVE A35 187
MOVE A36 187
MOVE A38 187
MOVE A39 187
MOVE A40 187
MOVE A41 187
MOVE A42 187
MOVE A43 187
MOVE A44 187
MOVE A45 187
MOVE A49 124
MOVE A50 104
MOVE A51 104
MOVE B1 248
MOVE B2 225
MOVE B3 227
MOVE B5 246
MOVE B7 246
MOVE B8 188
MOVE B9 196
MOVE B11 248
MOVE B12 225
MOVE B13 227
MOVE B14 246
MOVE B15 188
MOVE B16 196
MOVE B17 243
MOVE B19 248
MOVE B20 225
MOVE B21 227
MOVE B22 243
MOVE B23 188
MOVE B24 196
MOVE B31 162
MOVE B32 174
MOVE B33 243
MOVE B34 243
DAMAGE COMBAT A32 1
DAMAGE COMBAT B30 1
END TURN 172
TURN 173
COMMAND LEFT START
MOVE A20 248
MOVE A21 248
MOVE A22 248
MOVE A23 248
MOVE A46 248
MOVE A47 248
MOVE A48 248
MOVE A49 248
MOVE A19 248
COMMAND LEFT END
COMMAND RIGHT START
MOVE B1 196
MOVE B11 196
MOVE B19 164
TRAIN 1
COMMAND RIGHT END
TURN 173 RESULT
TIME LEFT 4 5 RIGHT 0 5
TRAIN B39
MOVE A19 144
MOVE A20 144
MOVE A21 144
MOVE A22 144
MOVE A23 144
MOVE A25 205
MOVE A26 205
MOVE A27 205
MOVE A28 205
MOVE A29 205
MOVE A31 205
MOVE A33 205
MOVE A34 205
MOVE A35 205
MOVE A36 205
MOVE A38 205
MOVE A39 205
MOVE A40 205
MOVE A41 205
MOVE A42 205
MOVE A43 205
MOVE A44 205
MOVE A45 205
MOVE A46 144
MOVE A47 144
MOVE A48 144
MOVE A49 144
MOVE A50 124
MOVE A51 124
MOVE B1 243
MOVE B2 234
MOVE B3 231
MOVE B5 241
MOVE B7 241
MOVE B8 202
MOVE B9 219
MOVE B11 243
MOVE B12 234
MOVE B13 231
MOVE B14 241
MOVE B15 202
MOVE B16 219
MOVE B17 234
MOVE B19 246
MOVE B20 234
MOVE B21 231
MOVE B22 234
MOVE B23 202
MOVE B24 219
MOVE B31 151
MOVE B32 162
MOVE B33 234
MOVE B34 240
DAMAGE COMBAT A32 1
DAMAGE COMBAT B30 1
END TURN 173
TURN 174
COMMAND LEFT START
COMMAND LEFT END
COMMAND RIGHT START
MOVE B5 248
MOVE B7 248
MOVE B14 248
MOVE B35 164
COMMAND RIGHT END
TURN 174 RESULT
TIME LEFT 1 5 RIGHT 0 5
MOVE A19 166
MOVE A20 166
MOVE A21 166
MOVE A22 166
MOVE A23 166
MOVE A25 224
MOVE A26 224
MOVE A27 224
MOVE A28 224
MOVE A29 224
MOVE A31 224
MOVE A33 224
MOVE A34 224
MOVE A35 224
MOVE A36 224
MOVE A38 224
MOVE A39 224
MOVE A40 224
MOVE A41 224
MOVE A42 224
MOVE A43 224
MOVE A44 224
MOVE A45 224
MOVE A46 166
MOVE A47 166
MOVE A48 166
MOVE A49 166
MOVE B1 240
MOVE B2 243
MOVE B3 240
MOVE B5 246
MOVE B7 246
MOVE B8 210
MOVE B9 227
MOVE B11 240
MOVE B12 243
MOVE B13 240
MOVE B14 246
MOVE B15 210
MOVE B16 227
MOVE B17 225
MOVE B19 235
MOVE B20 243
MOVE B21 240
MOVE B22 225
MOVE B23 210
MOVE B24 227
MOVE B31 119
MOVE B32 151
MOVE B33 225
MOVE B34 231
MOVE B35 246
DAMAGE TURRET B31 1
DAMAGE COMBAT A24 1
DAMAGE COMBAT B31 1
END TURN 174
TURN 175
COMMAND LEFT START
MOVE A50 119
MOVE A37 129
UPGRADE 142
COMMAND LEFT END
COMMAND RIGHT START
TRAIN 1
COMMAND RIGHT END
TURN 175 RESULT
TIME LEFT 3 5 RIGHT 0 5
UPGRADE A 142
TRAIN B40
MOVE A19 187
MOVE A20 187
MOVE A21 187
MOVE A22 187
MOVE A23 187
MOVE A25 234
MOVE A26 234
MOVE A27 234
MOVE A28 234
MOVE A29 234
MOVE A31 234
MOVE A33 234
MOVE A34 234
MOVE A35 234
MOVE A36 234
MOVE A37 150
MOVE A38 234
MOVE A39 234
MOVE A40 234
MOVE A41 234
MOVE A42 234
MOVE A43 234
MOVE A44 234
MOVE A45 234
MOVE A46 187
MOVE A47 187
MOVE A48 187
MOVE A49 187
MOVE A50 116
MOVE B1 231
MOVE B2 248
MOVE B3 243
MOVE B5 248
MOVE B7 248
MOVE B8 226
MOVE B9 231
MOVE B11 231
MOVE B12 248
MOVE B13 243
MOVE B14 248
MOVE B15 226
MOVE B16 231
MOVE B17 214
MOVE B19 226
MOVE B20 248
MOVE B21 243
MOVE B22 214
MOVE B23 226
MOVE B24 231
MOVE B32 119
MOVE B33 214
MOVE B34 227
MOVE B35 235
DAMAGE TURRET B31 1
DAMAGE COMBAT A24 2
DAMAGE COMBAT B31 1
END TURN 175
TURN 176
COMMAND LEFT START
MOVE A51 119
TRAIN 1
COMMAND LEFT END
COMMAND RIGHT START
MOVE B7 241
MOVE B2 241
MOVE B5 241
MOVE B12 164
MOVE B14 173
MOVE B20 173
MOVE B36 173
COMMAND RIGHT END
TURN 176 RESULT
TIME LEFT 2 5 RIGHT 0 5
TRAIN A52
MOVE A19 205
MOVE A20 205
MOVE A21 205
MOVE A22 205
MOVE A23 205
MOVE A25 243
MOVE A26 243
MOVE A27 243
MOVE A28 243
MOVE A29 243
MOVE A31 243
MOVE A33 243
MOVE A34 243
MOVE A35 243
MOVE A36 243
MOVE A37 135
MOVE A38 243
MOVE A39 243
MOVE A40 243
MOVE A41 243
MOVE A42 243
MOVE A43 243
MOVE A44 243
MOVE A45 243
MOVE A46 205
MOVE A47 205
MOVE A48 205
MOVE A49 205
MOVE A50 127
MOVE A51 116
MOVE B1 227
MOVE B2 246
MOVE B3 248
MOVE B5 246
MOVE B7 246
MOVE B8 235
MOVE B9 240
MOVE B11 227
MOVE B12 246
MOVE B13 248
MOVE B14 243
MOVE B15 235
MOVE B16 240
MOVE B17 201
MOVE B19 210
MOVE B20 243
MOVE B21 248
MOVE B22 201
MOVE B23 235
MOVE B24 240
MOVE B33 201
MOVE B34 219
MOVE B35 226
MOVE B36 243
DAMAGE TURRET B31 1
DAMAGE COMBAT A24 2
DAMAGE COMBAT A25 3
DAMAGE COMBAT B14 5
DAMAGE COMBAT B20 5
DAMAGE COMBAT B31 1
DAMAGE COMBAT B36 6
END TURN 176
TURN 177
COMMAND LEFT START
COMMAND LEFT END
COMMAND RIGHT START
MOVE B17 248
MOVE B22 248
MOVE B33 248
MOVE B3 173
MOVE B13 173
MOVE B21 173
TRAIN 1
COMMAND RIGHT END
TURN 177 RESULT
TIME LEFT 1 5 RIGHT 0 5
TRAIN B41
MOVE A19 224
MOVE A20 224
MOVE A21 224
MOVE A22 224
MOVE A23 224
MOVE A26 248
MOVE A27 248
MOVE A28 248
MOVE A29 248
MOVE A31 248
MOVE A33 248
MOVE A34 248
MOVE A35 248
MOVE A36 248
MOVE A37 129
MOVE A38 248
MOVE A39 248
MOVE A40 248
MOVE A41 248
MOVE A42 248
MOVE A43 248
MOVE A44 248
MOVE A45 248
MOVE A46 224
MOVE A47 224
MOVE A48 224
MOVE A49 224
MOVE A50 123
MOVE A51 127
MOVE B1 219
MOVE B2 241
MOVE B3 243
MOVE B5 241
MOVE B7 241
MOVE B8 246
MOVE B9 243
MOVE B11 219
MOVE B12 235
MOVE B13 243
MOVE B15 246
MOVE B16 243
MOVE B17 214
MOVE B19 202
MOVE B21 243
MOVE B22 214
MOVE B23 246
MOVE B24 243
MOVE B33 214
MOVE B34 196
MOVE B35 210
DAMAGE TURRET A26 3
DAMAGE TURRET A37 2
DAMAGE TURRET B32 1
DAMAGE COMBAT A24 1
DAMAGE COMBAT A26 3
DAMAGE COMBAT A27 2
DAMAGE COMBAT A37 3
DAMAGE COMBAT B10 1
DAMAGE COMBAT B32 1
DAMAGE COMBAT B37 7
DAMAGE COMBAT B38 7
DAMAGE COMBAT B39 3
END TURN 177
TURN 178
COMMAND LEFT START
COMMAND LEFT END
COMMAND RIGHT START
MOVE B2 248
MOVE B5 248
MOVE B7 248
MOVE B34 248
COMMAND RIGHT END
TURN 178 RESULT
TIME LEFT 2 5 RIGHT 0 5
MOVE A19 234
MOVE A20 234
MOVE A21 234
MOVE A22 234
MOVE A23 234
MOVE A46 234
MOVE A47 234
MOVE A48 234
MOVE A49 234
MOVE A50 119
MOVE A51 123
MOVE B1 196
MOVE B2 246
MOVE B3 240
MOVE B5 246
MOVE B7 246
MOVE B8 248
MOVE B9 248
MOVE B11 196
MOVE B12 226
MOVE B13 240
MOVE B15 248
MOVE B16 248
MOVE B17 225
MOVE B19 188
MOVE B21 240
MOVE B22 225
MOVE B23 248
MOVE B24 248
MOVE B33 225
MOVE B34 219
MOVE B35 202
DAMAGE TURRET A27 3
DAMAGE TURRET A37 1
DAMAGE TURRET B32 1
DAMAGE COMBAT A27 1
DAMAGE COMBAT A28 6
DAMAGE COMBAT A29 2
DAMAGE COMBAT A50 1
DAMAGE COMBAT B8 4
DAMAGE COMBAT B9 4
DAMAGE COMBAT B10 1
DAMAGE COMBAT B15 4
DAMAGE COMBAT B32 1
DAMAGE COMBAT B39 4
END TURN 178
TURN 179
COMMAND LEFT START
COMMAND LEFT END
COMMAND RIGHT START
MOVE B1 248
MOVE B11 248
MOVE B15 241
MOVE B16 241
TRAIN 1
COMMAND RIGHT END
TURN 179 RESULT
TIME LEFT 1 5 RIGHT 0 5
TRAIN B42
MOVE A19 243
MOVE A20 243
MOVE A21 243
MOVE A22 243
MOVE A23 243
MOVE A46 243
MOVE A47 243
MOVE A48 243
MOVE A49 243
MOVE A51 119
MOVE B1 219
MOVE B2 248
MOVE B3 231
MOVE B5 248
MOVE B7 248
MOVE B11 219
MOVE B12 210
MOVE B13 231
MOVE B17 234
MOVE B19 178
MOVE B21 231
MOVE B22 234
MOVE B33 234
MOVE B34 227
MOVE B35 188
DAMAGE TURRET A29 3
DAMAGE TURRET B32 1
DAMAGE COMBAT A29 1
DAMAGE COMBAT A31 6
DAMAGE COMBAT A33 3
DAMAGE COMBAT A50 1
DAMAGE COMBAT B2 4
DAMAGE COMBAT B5 4
DAMAGE COMBAT B7 1
DAMAGE COMBAT B15 1
DAMAGE COMBAT B16 4
DAMAGE COMBAT B32 1
END TURN 179
TURN 180
COMMAND LEFT START
UPGRADE 119
COMMAND LEFT END
COMMAND RIGHT START
MOVE B23 241
TRAIN 1
COMMAND RIGHT END
TURN 180 RESULT
TIME LEFT 1 5 RIGHT 0 5
UPGRADE A 119
TRAIN B43
MOVE A19 248
MOVE A20 248
MOVE A21 248
MOVE A22 248
MOVE A23 248
MOVE A46 248
MOVE A47 248
MOVE A48 248
MOVE A49 248
MOVE B1 227
MOVE B3 227
MOVE B11 227
MOVE B12 202
MOVE B13 227
MOVE B17 243
MOVE B19 164
MOVE B21 227
MOVE B22 243
MOVE B33 243
MOVE B34 231
MOVE B35 178
DAMAGE TURRET A19 3
DAMAGE COMBAT A20 4
DAMAGE COMBAT A33 3
DAMAGE COMBAT B16 1
DAMAGE COMBAT B23 5
DAMAGE COMBAT B24 5
DAMAGE COMBAT B40 7
DAMAGE COMBAT B41 3
END TURN 180
TURN 181
COMMAND LEFT START
COMMAND LEFT END
COMMAND RIGHT START
MOVE B19 248
COMMAND RIGHT END
TURN 181 RESULT
TIME LEFT 1 5 RIGHT 0 5
MOVE B1 231
MOVE B3 219
MOVE B11 231
MOVE B12 188
MOVE B13 219
MOVE B17 248
MOVE B19 178
MOVE B21 219
MOVE B22 248
MOVE B33 248
MOVE B34 240
MOVE B35 164
DAMAGE TURRET A20 2
DAMAGE TURRET A21 1
DAMAGE COMBAT A21 5
DAMAGE COMBAT A22 1
DAMAGE COMBAT B17 5
DAMAGE COMBAT B22 5
DAMAGE COMBAT B33 5
DAMAGE COMBAT B41 4
END TURN 181
TURN 182
COMMAND LEFT START
MOVE A52 142
UPGRADE 142
COMMAND LEFT END
COMMAND RIGHT START
MOVE B35 248
TRAIN 1
COMMAND RIGHT END
TURN 182 RESULT
TIME LEFT 1 5 RIGHT 0 5
UPGRADE A 142
TRAIN B44
MOVE A52 5
MOVE B1 240
MOVE B3 196
MOVE B11 240
MOVE B12 178
MOVE B13 196
MOVE B19 188
MOVE B21 196
MOVE B34 243
MOVE B35 178
DAMAGE TURRET A22 3
DAMAGE COMBAT A22 2
DAMAGE COMBAT A23 2
DAMAGE COMBAT B33 1
DAMAGE COMBAT B42 7
DAMAGE COMBAT B43 7
DAMAGE COMBAT B44 2
END TURN 182
TURN 183
COMMAND LEFT START
COMMAND LEFT END
COMMAND RIGHT START
COMMAND RIGHT END
TURN 183 RESULT
TIME LEFT 1 5 RIGHT 0 5
MOVE A52 14
MOVE B1 243
MOVE B3 193
MOVE B11 243
MOVE B12 164
MOVE B13 193
MOVE B19 202
MOVE B21 193
MOVE B34 248
MOVE B35 188
DAMAGE TURRET A23 3
DAMAGE COMBAT A23 1
DAMAGE COMBAT A34 1
DAMAGE COMBAT B34 6
DAMAGE COMBAT B44 5
SIEGE B 248 5
END TURN 183
TURN 184
COMMAND LEFT START
COMMAND LEFT END
COMMAND RIGHT START
MOVE B12 248
TRAIN 1
COMMAND RIGHT END
TURN 184 RESULT
TIME LEFT 1 5 RIGHT 0 5
TRAIN B45
MOVE A52 24
MOVE B1 248
MOVE B3 173
MOVE B11 248
MOVE B12 178
MOVE B13 173
MOVE B19 210
MOVE B21 173
MOVE B35 202
DAMAGE TURRET A34 3
DAMAGE COMBAT A34 2
DAMAGE COMBAT A35 1
DAMAGE COMBAT B1 4
DAMAGE COMBAT B11 4
DAMAGE COMBAT B45 7
END TURN 184
TURN 185
COMMAND LEFT START
COMMAND LEFT END
COMMAND RIGHT START
MOVE B3 248
MOVE B13 248
MOVE B21 248
COMMAND RIGHT END
TURN 185 RESULT
TIME LEFT 1 5 RIGHT 0 5
MOVE A52 43
MOVE B3 193
MOVE B12 188
MOVE B13 193
MOVE B19 226
MOVE B21 193
MOVE B35 210
DAMAGE TURRET A35 3
SIEGE B 248 14
END TURN 185
TURN 186
COMMAND LEFT START
COMMAND LEFT END
COMMAND RIGHT START
TRAIN 1
COMMAND RIGHT END
TURN 186 RESULT
TIME LEFT 1 5 RIGHT 0 5
TRAIN B46
MOVE A52 61
MOVE B3 196
MOVE B12 202
MOVE B13 196
MOVE B19 235
MOVE B21 196
MOVE B35 226
DAMAGE TURRET A35 2
DAMAGE TURRET A36 1
DAMAGE COMBAT A36 1
DAMAGE COMBAT B46 7
SIEGE B 248 6
END TURN 186
RESULT LEFT_WIN HQ_DESTROYED
