[LEFT ""]
[RIGHT ""]
MAP
229 19
-11126 -10896 -10643 -9986 -10476 -9349 -8766 -10135 -8748 -8309 -9390 -9351 -8271 -8151 -8095 -8018 -8814 -8643 -7752 -7594 -7281 -7222 -6961 -6844 -7040 -6946 -7784 -6880 -6783 -6760 -6626 -6475 -6442 -6036 -6041 -5850 -5687 -5859 -6559 -5716 -5494 -5520 -5238 -5310 -5243 -5190 -4984 -5121 -4981 -5360 -4717 -5485 -4592 -4586 -4633 -4525 -4314 -4220 -4221 -4065 -4025 -4529 -4035 -3860 -3864 -3674 -3623 -3524 -3532 -3559 -3407 -3285 -3190 -3466 -2992 -3133 -2881 -2778 -2555 -2618 -2466 -2515 -2459 -2392 -2712 -2389 -2150 -2079 -2052 -1849 -1805 -1657 -1510 -2091 -1419 -1397 -1626 -1321 -1377 -1443 -1140 -1037 -1135 -1134 -654 -606 -478 -519 -634 -384 -496 -443 -416 13 0 -13 416 443 496 384 634 519 478 606 654 1134 1135 1037 1140 1443 1377 1321 1626 1397 1419 2091 1510 1657 1805 1849 2052 2079 2150 2389 2712 2392 2459 2515 2466 2618 2555 2778 2881 3133 2992 3466 3190 3285 3407 3559 3532 3524 3623 3674 3864 3860 4035 4529 4025 4065 4221 4220 4314 4525 4633 4586 4592 5485 4717 5360 4981 5121 4984 5190 5243 5310 5238 5520 5494 5716 6559 5859 5687 5850 6041 6036 6442 6475 6626 6760 6783 6880 7784 6946 7040 6844 6961 7222 7281 7594 7752 8643 8814 8018 8095 8151 8271 9351 9390 8309 8748 10135 8766 9349 10476 9986 10643 10896 11126
-1410 267 2042 981 3871 -1859 -475 -3334 4265 795 -4349 5606 2781 -2369 -1020 1846 -5563 7199 3835 -3267 -1845 2805 -855 85 6910 4523 -7681 1209 3592 5247 -3018 2354 -4417 5921 -7091 3882 1356 -1617 8338 -5345 2761 -2688 -4340 6809 5237 -6537 -3512 -596 739 9816 -1895 -8568 2523 6227 4255 -5910 -7239 119 -4887 7675 3665 -10143 5121 1481 -2846 -1821 6626 -6176 -3926 -769 3143 5420 418 9354 -5067 -7227 -8595 2567 6249 -2913 -112 1540 -1271 7567 10730 4989 -7403 -6187 3370 4175 -4741 -2464 203 -9610 10362 6859 -3836 1428 2657 -1291 -7605 -5609 5771 -11177 4755 -2049 -874 -3764 8048 2189 -8590 10093 3426 6330 0 -6330 -3426 -10093 8590 -2189 -8048 3764 874 2049 -4755 11177 -5771 5609 7605 1291 -2657 -1428 3836 -6859 -10362 9610 -203 2464 4741 -4175 -3370 6187 7403 -4989 -10730 -7567 1271 -1540 112 2913 -6249 -2567 8595 7227 5067 -9354 -418 -5420 -3143 769 3926 6176 -6626 1821 2846 -1481 -5121 10143 -3665 -7675 4887 -119 7239 5910 -4255 -6227 -2523 8568 1895 -9816 -739 596 3512 6537 -5237 -6809 4340 2688 -2761 5345 -8338 1617 -1356 -3882 7091 -5921 4417 -2354 3018 -5247 -3592 -1209 7681 -4523 -6910 -85 855 -2805 1845 3267 -3835 -7199 5563 -1846 1020 2369 -2781 -5606 4349 -795 -4265 3334 475 1859 -3871 -981 -2042 -267 1410
STRONGHOLDS 23 24 25 32 34 52 61 73 111 114 117 155 167 176 194 196 203 204 205
4 1 5 6 7
4 0 2 3 6
4 1 3 4 12
6 1 2 6 9 12 15
4 2 8 11 12
5 0 6 7 13 14
6 0 1 3 5 9 14
4 0 5 10 13
6 4 11 12 18 25 29
6 3 6 14 15 23 27
4 7 13 16 19
5 4 8 17 24 29
7 2 3 4 8 15 18 21
6 5 7 10 14 19 20
7 5 6 9 13 20 22 23
6 3 9 12 21 27 31
6 10 19 26 32 34 39
3 11 24 38
5 8 12 21 25 28
6 10 13 16 20 30 32
6 13 14 19 22 30 37
5 12 15 18 28 31
5 14 20 23 37 47
7 9 14 22 27 36 47 48
6 11 17 29 33 38 43
5 8 18 28 29 35
3 16 34 51
5 9 15 23 31 36
6 18 21 25 31 35 40
7 8 11 24 25 33 35 44
6 19 20 32 37 41 46
6 15 21 27 28 36 40
6 16 19 30 39 42 46
5 24 29 43 44 53
6 16 26 39 45 51 56
6 25 28 29 40 44 54
6 23 27 31 40 48 52
6 20 22 30 41 47 50
5 17 24 43 49 59
7 16 32 34 42 45 55 58
7 28 31 35 36 52 54 60
5 30 37 46 50 64
4 32 39 46 58
5 24 33 38 53 59
6 29 33 35 53 54 62
4 34 39 55 56
7 30 32 41 42 58 64 68
7 22 23 37 48 50 57 69
6 23 36 47 52 57 63
4 38 59 73 84
6 37 41 47 64 65 69
5 26 34 56 61 76
6 36 40 48 60 63 70
7 33 43 44 59 62 66 71
5 35 40 44 60 62
5 39 45 56 58 67
7 34 45 51 55 67 75 76
5 47 48 63 69 72
7 39 42 46 55 67 68 74
7 38 43 49 53 66 73 83
7 40 52 54 62 70 71 85
4 51 76 93 103
5 44 53 54 60 71
7 48 52 57 70 72 77 81
6 41 46 50 65 68 79
5 50 64 69 79 82
5 53 59 71 78 83
6 55 56 58 74 75 87
7 46 58 64 74 79 90 96
7 47 50 57 65 72 80 82
7 52 60 63 77 85 88 89
6 53 60 62 66 78 85
5 57 63 69 80 81
5 49 59 83 84 94
5 58 67 68 87 90
5 56 67 76 86 87
7 51 56 61 75 86 93 100
5 63 70 81 88 98
6 66 71 83 85 95 102
6 64 65 68 82 91 96
6 69 72 81 82 92 99
7 63 72 77 80 92 97 98
6 65 69 79 80 91 99
7 59 66 73 78 94 95 108
3 49 73 94
6 60 70 71 78 89 102
4 75 76 87 100
7 67 74 75 86 90 100 101
5 70 77 89 98 112
6 70 85 88 102 104 112
6 68 74 87 96 101 107
6 79 82 96 99 105 107
6 80 81 97 99 106 114
6 61 76 100 103 110 117
6 73 83 84 108 111 125
5 78 83 102 108 113
5 68 79 90 91 107
6 81 92 98 109 114 122
6 77 81 88 97 109 112
6 80 82 91 92 105 106
8 76 86 87 93 101 110 115 120
6 87 90 100 107 115 124
6 78 85 89 95 104 113
4 61 93 117 134
6 89 102 112 113 121 127
6 91 99 106 107 116 119
6 92 99 105 114 119 131
7 90 91 96 101 105 116 124
7 83 94 95 111 113 118 128
5 97 98 112 122 123
4 93 100 117 120
5 94 108 118 125 135
7 88 89 98 104 109 121 123
6 95 102 104 108 127 128
6 92 97 106 122 131 136
6 100 101 120 124 126 133
7 105 107 119 124 130 139 140
5 93 103 110 120 134
4 108 111 128 135
5 105 106 116 130 131
7 100 110 115 117 133 134 145
7 104 112 123 127 132 137 138
6 97 109 114 123 129 136
6 109 112 121 122 129 137
6 101 107 115 116 126 139
4 94 111 135 167
6 115 124 133 139 143 150
6 104 113 121 128 138 141
8 108 113 118 127 135 141 142 152
6 122 123 136 137 146 148
6 116 119 131 140 147 151
6 106 114 119 130 136 147
5 121 137 138 149 160
5 115 120 126 145 150
6 103 117 120 144 145 155
6 111 118 125 128 152 167
6 114 122 129 131 147 148
6 121 123 129 132 146 149
6 121 127 132 141 154 160
6 116 124 126 140 143 158
5 116 130 139 151 158
7 127 128 138 142 153 154 161
4 128 141 152 153
6 126 139 150 157 158 168
3 134 155 179
7 120 133 134 150 155 162 169
6 129 137 148 149 159 163
7 130 131 136 148 151 156 165
6 129 136 146 147 156 159
6 132 137 146 160 163 164
6 126 133 143 145 157 162
5 130 140 147 158 165
7 128 135 142 153 167 172 177
5 141 142 152 161 172
5 138 141 160 161 170
5 134 144 145 169 179
5 147 148 159 165 171
6 143 150 162 166 168 175
7 139 140 143 151 165 168 176
7 146 148 156 163 171 178 181
7 132 138 149 154 164 170 182
6 141 153 154 170 172 173
5 145 150 157 169 175
5 146 149 159 164 178
6 149 160 163 178 182 187
7 147 151 156 158 171 176 180
5 157 168 174 175 184
4 125 135 152 177
7 143 157 158 166 174 176 188
7 145 155 162 175 179 185 190
7 154 160 161 173 182 186 189
5 156 159 165 180 181
7 152 153 161 173 177 183 194
5 161 170 172 183 189
5 166 168 184 188 193
7 157 162 166 169 184 185 195
6 158 165 168 180 188 192
5 152 167 172 194 202
6 159 163 164 181 187 191
4 144 155 169 190
6 165 171 176 181 192 205
7 159 171 178 180 191 205 206
7 160 164 170 186 187 196 198
4 172 173 189 194
6 166 174 175 193 195 199
5 169 175 190 195 204
4 170 182 189 196
5 164 178 182 191 198
7 168 174 176 192 193 197 200
7 170 173 183 186 194 196 212
5 169 179 185 204 211
6 178 181 187 198 206 208
6 176 180 188 197 201 205
6 174 184 188 199 200 203
6 172 177 183 189 202 212
5 175 184 185 199 204
6 182 186 189 198 209 212
6 188 192 200 201 207 213
6 182 187 191 196 208 209
7 184 193 195 203 204 217 220
6 188 193 197 203 207 210
5 192 197 205 213 219
3 177 194 212
5 193 199 200 210 220
6 185 190 195 199 211 217
7 180 181 192 201 206 214 219
5 181 191 205 208 214
5 197 200 210 213 216
6 191 198 206 209 214 215
6 196 198 208 212 215 218
5 200 203 207 216 220
3 190 204 217
6 189 194 196 202 209 218
6 197 201 207 216 219 225
7 205 206 208 215 219 222 223
6 208 209 214 218 221 223
7 207 210 213 220 224 225 226
5 199 204 211 220 224
4 209 212 215 221
6 201 205 213 214 222 225
6 199 203 210 216 217 224
4 215 218 223 228
6 214 219 223 225 227 228
5 214 215 221 222 228
4 216 217 220 226
6 213 216 219 222 226 227
4 216 224 225 227
4 222 225 226 228
4 221 222 223 227
END MAP
TURN 1
COMMAND LEFT START
MOVE A2 114
MOVE A3 23
COMMAND LEFT END
COMMAND RIGHT START
MOVE B1 205
TRAIN 1
COMMAND RIGHT END
TURN 1 RESULT
TIME LEFT 0 5 RIGHT 5 5
TRAIN B4
MOVE A2 5
MOVE A3 5
MOVE B1 223
END TURN 1
TURN 2
COMMAND LEFT START
COMMAND LEFT END
COMMAND RIGHT START
MOVE B4 11
COMMAND RIGHT END
TURN 2 RESULT
TIME LEFT 0 5 RIGHT 0 5
MOVE A2 14
MOVE A3 14
MOVE B1 214
MOVE B4 223
END TURN 2
TURN 3
COMMAND LEFT START
COMMAND LEFT END
COMMAND RIGHT START
COMMAND RIGHT END
TURN 3 RESULT
TIME LEFT 0 5 RIGHT 0 5
MOVE A2 22
MOVE A3 23
MOVE B1 205
MOVE B4 215
END TURN 3
TURN 4
COMMAND LEFT START
UPGRADE 23
COMMAND LEFT END
COMMAND RIGHT START
UPGRADE 205
COMMAND RIGHT END
TURN 4 RESULT
TIME LEFT 0 5 RIGHT 0 5
UPGRADE A 23
UPGRADE B 205
MOVE A2 47
MOVE B4 209
END TURN 4
TURN 5
COMMAND LEFT START
COMMAND LEFT END
COMMAND RIGHT START
COMMAND RIGHT END
TURN 5 RESULT
TIME LEFT 0 5 RIGHT 0 5
MOVE A2 69
MOVE B4 198
END TURN 5
TURN 6
COMMAND LEFT START
COMMAND LEFT END
COMMAND RIGHT START
COMMAND RIGHT END
TURN 6 RESULT
TIME LEFT 0 5 RIGHT 0 5
MOVE A2 80
MOVE B4 182
END TURN 6
TURN 7
COMMAND LEFT START
COMMAND LEFT END
COMMAND RIGHT START
COMMAND RIGHT END
TURN 7 RESULT
TIME LEFT 0 5 RIGHT 0 5
MOVE A2 92
MOVE B4 160
END TURN 7
TURN 8
COMMAND LEFT START
COMMAND LEFT END
COMMAND RIGHT START
COMMAND RIGHT END
TURN 8 RESULT
TIME LEFT 0 5 RIGHT 0 5
MOVE A2 114
MOVE B4 132
END TURN 8
TURN 9
COMMAND LEFT START
COMMAND LEFT END
COMMAND RIGHT START
COMMAND RIGHT END
TURN 9 RESULT
TIME LEFT 0 5 RIGHT 0 5
MOVE B4 121
END TURN 9
TURN 10
COMMAND LEFT START
COMMAND LEFT END
COMMAND RIGHT START
COMMAND RIGHT END
TURN 10 RESULT
TIME LEFT 0 5 RIGHT 0 5
MOVE B4 112
END TURN 10
TURN 11
COMMAND LEFT START
COMMAND LEFT END
COMMAND RIGHT START
COMMAND RIGHT END
TURN 11 RESULT
TIME LEFT 0 5 RIGHT 0 5
MOVE B4 89
END TURN 11
TURN 12
COMMAND LEFT START
COMMAND LEFT END
COMMAND RIGHT START
COMMAND RIGHT END
TURN 12 RESULT
TIME LEFT 0 5 RIGHT 0 5
MOVE B4 85
END TURN 12
TURN 13
COMMAND LEFT START
COMMAND LEFT END
COMMAND RIGHT START
COMMAND RIGHT END
TURN 13 RESULT
TIME LEFT 0 5 RIGHT 0 5
MOVE B4 71
END TURN 13
TURN 14
COMMAND LEFT START
COMMAND LEFT END
COMMAND RIGHT START
COMMAND RIGHT END
TURN 14 RESULT
TIME LEFT 0 5 RIGHT 0 5
MOVE B4 62
END TURN 14
TURN 15
COMMAND LEFT START
UPGRADE 114
COMMAND LEFT END
COMMAND RIGHT START
MOVE B2 194
COMMAND RIGHT END
TURN 15 RESULT
TIME LEFT 0 5 RIGHT 0 5
UPGRADE A 114
MOVE B2 221
MOVE B4 44
END TURN 15
TURN 16
COMMAND LEFT START
COMMAND LEFT END
COMMAND RIGHT START
COMMAND RIGHT END
TURN 16 RESULT
TIME LEFT 0 5 RIGHT 0 5
MOVE B2 218
MOVE B4 29
END TURN 16
TURN 17
COMMAND LEFT START
COMMAND LEFT END
COMMAND RIGHT START
COMMAND RIGHT END
TURN 17 RESULT
TIME LEFT 0 5 RIGHT 0 5
MOVE B2 212
MOVE B4 11
END TURN 17
TURN 18
COMMAND LEFT START
COMMAND LEFT END
COMMAND RIGHT START
MOVE B4 2
COMMAND RIGHT END
TURN 18 RESULT
TIME LEFT 0 5 RIGHT 0 5
MOVE B2 194
MOVE B4 4
END TURN 18
TURN 19
COMMAND LEFT START
COMMAND LEFT END
COMMAND RIGHT START
COMMAND RIGHT END
TURN 19 RESULT
TIME LEFT 0 5 RIGHT 0 5
MOVE B4 2
END TURN 19
TURN 20
COMMAND LEFT START
COMMAND LEFT END
COMMAND RIGHT START
COMMAND RIGHT END
TURN 20 RESULT
TIME LEFT 0 5 RIGHT 0 5
END TURN 20
TURN 21
COMMAND LEFT START
COMMAND LEFT END
COMMAND RIGHT START
COMMAND RIGHT END
TURN 21 RESULT
TIME LEFT 0 5 RIGHT 0 5
END TURN 21
TURN 22
COMMAND LEFT START
COMMAND LEFT END
COMMAND RIGHT START
UPGRADE 194
COMMAND RIGHT END
TURN 22 RESULT
TIME LEFT 0 5 RIGHT 0 5
UPGRADE B 194
END TURN 22
TURN 23
COMMAND LEFT START
COMMAND LEFT END
COMMAND RIGHT START
COMMAND RIGHT END
TURN 23 RESULT
TIME LEFT 0 5 RIGHT 0 5
END TURN 23
TURN 24
COMMAND LEFT START
COMMAND LEFT END
COMMAND RIGHT START
COMMAND RIGHT END
TURN 24 RESULT
TIME LEFT 0 5 RIGHT 0 5
END TURN 24
TURN 25
COMMAND LEFT START
COMMAND LEFT END
COMMAND RIGHT START
COMMAND RIGHT END
TURN 25 RESULT
TIME LEFT 0 5 RIGHT 0 5
END TURN 25
TURN 26
COMMAND LEFT START
COMMAND LEFT END
COMMAND RIGHT START
COMMAND RIGHT END
TURN 26 RESULT
TIME LEFT 0 5 RIGHT 0 5
END TURN 26
TURN 27
COMMAND LEFT START
COMMAND LEFT END
COMMAND RIGHT START
COMMAND RIGHT END
TURN 27 RESULT
TIME LEFT 0 5 RIGHT 0 5
END TURN 27
TURN 28
COMMAND LEFT START
TRAIN 1
COMMAND LEFT END
COMMAND RIGHT START
COMMAND RIGHT END
TURN 28 RESULT
TIME LEFT 0 5 RIGHT 0 5
TRAIN A4
END TURN 28
TURN 29
COMMAND LEFT START
MOVE A4 32
COMMAND LEFT END
COMMAND RIGHT START
COMMAND RIGHT END
TURN 29 RESULT
TIME LEFT 0 5 RIGHT 0 5
MOVE A4 5
END TURN 29
TURN 30
COMMAND LEFT START
TRAIN 1
COMMAND LEFT END
COMMAND RIGHT START
TRAIN 1
COMMAND RIGHT END
TURN 30 RESULT
TIME LEFT 0 5 RIGHT 0 5
TRAIN A5 B5
MOVE A4 13
END TURN 30
TURN 31
COMMAND LEFT START
TRAIN 1
COMMAND LEFT END
COMMAND RIGHT START
COMMAND RIGHT END
TURN 31 RESULT
TIME LEFT 0 5 RIGHT 0 5
TRAIN A6
MOVE A4 19
END TURN 31
TURN 32
COMMAND LEFT START
TRAIN 1
COMMAND LEFT END
COMMAND RIGHT START
COMMAND RIGHT END
TURN 32 RESULT
TIME LEFT 0 5 RIGHT 0 5
TRAIN A7
MOVE A4 32
END TURN 32
TURN 33
COMMAND LEFT START
TRAIN 1
COMMAND LEFT END
COMMAND RIGHT START
COMMAND RIGHT END
TURN 33 RESULT
TIME LEFT 0 5 RIGHT 0 5
TRAIN A8
END TURN 33
TURN 34
COMMAND LEFT START
COMMAND LEFT END
COMMAND RIGHT START
MOVE B3 196
COMMAND RIGHT END
TURN 34 RESULT
TIME LEFT 0 5 RIGHT 0 5
MOVE B3 223
END TURN 34
TURN 35
COMMAND LEFT START
TRAIN 1
COMMAND LEFT END
COMMAND RIGHT START
COMMAND RIGHT END
TURN 35 RESULT
TIME LEFT 0 5 RIGHT 0 5
TRAIN A9
MOVE B3 215
END TURN 35
TURN 36
COMMAND LEFT START
COMMAND LEFT END
COMMAND RIGHT START
COMMAND RIGHT END
TURN 36 RESULT
TIME LEFT 0 5 RIGHT 0 5
MOVE B3 209
END TURN 36
TURN 37
COMMAND LEFT START
COMMAND LEFT END
COMMAND RIGHT START
COMMAND RIGHT END
TURN 37 RESULT
TIME LEFT 0 5 RIGHT 0 5
MOVE B3 196
END TURN 37
TURN 38
COMMAND LEFT START
COMMAND LEFT END
COMMAND RIGHT START
COMMAND RIGHT END
TURN 38 RESULT
TIME LEFT 0 5 RIGHT 0 5
END TURN 38
TURN 39
COMMAND LEFT START
COMMAND LEFT END
COMMAND RIGHT START
COMMAND RIGHT END
TURN 39 RESULT
TIME LEFT 0 5 RIGHT 0 5
END TURN 39
TURN 40
COMMAND LEFT START
TRAIN 1
COMMAND LEFT END
COMMAND RIGHT START
UPGRADE 196
COMMAND RIGHT END
TURN 40 RESULT
TIME LEFT 0 5 RIGHT 0 5
UPGRADE B 196
TRAIN A10
END TURN 40
TURN 41
COMMAND LEFT START
COMMAND LEFT END
COMMAND RIGHT START
COMMAND RIGHT END
TURN 41 RESULT
TIME LEFT 0 5 RIGHT 0 5
END TURN 41
TURN 42
COMMAND LEFT START
COMMAND LEFT END
COMMAND RIGHT START
COMMAND RIGHT END
TURN 42 RESULT
TIME LEFT 0 5 RIGHT 0 5
END TURN 42
TURN 43
COMMAND LEFT START
COMMAND LEFT END
COMMAND RIGHT START
COMMAND RIGHT END
TURN 43 RESULT
TIME LEFT 0 5 RIGHT 0 5
END TURN 43
TURN 44
COMMAND LEFT START
TRAIN 1
COMMAND LEFT END
COMMAND RIGHT START
TRAIN 1
COMMAND RIGHT END
TURN 44 RESULT
TIME LEFT 0 5 RIGHT 0 5
TRAIN A11 B6
END TURN 44
TURN 45
COMMAND LEFT START
COMMAND LEFT END
COMMAND RIGHT START
COMMAND RIGHT END
TURN 45 RESULT
TIME LEFT 0 5 RIGHT 0 5
END TURN 45
TURN 46
COMMAND LEFT START
COMMAND LEFT END
COMMAND RIGHT START
COMMAND RIGHT END
TURN 46 RESULT
TIME LEFT 0 5 RIGHT 0 5
END TURN 46
TURN 47
COMMAND LEFT START
COMMAND LEFT END
COMMAND RIGHT START
MOVE B5 176
COMMAND RIGHT END
TURN 47 RESULT
TIME LEFT 0 5 RIGHT 0 5
MOVE B5 222
END TURN 47
TURN 48
COMMAND LEFT START
COMMAND LEFT END
COMMAND RIGHT START
COMMAND RIGHT END
TURN 48 RESULT
TIME LEFT 0 5 RIGHT 0 5
MOVE B5 219
END TURN 48
TURN 49
COMMAND LEFT START
COMMAND LEFT END
COMMAND RIGHT START
COMMAND RIGHT END
TURN 49 RESULT
TIME LEFT 0 5 RIGHT 0 5
MOVE B5 201
END TURN 49
TURN 50
COMMAND LEFT START
TRAIN 1
COMMAND LEFT END
COMMAND RIGHT START
COMMAND RIGHT END
TURN 50 RESULT
TIME LEFT 0 5 RIGHT 0 5
TRAIN A12
MOVE B5 192
END TURN 50
TURN 51
COMMAND LEFT START
COMMAND LEFT END
COMMAND RIGHT START
COMMAND RIGHT END
TURN 51 RESULT
TIME LEFT 0 5 RIGHT 0 5
MOVE B5 176
END TURN 51
TURN 52
COMMAND LEFT START
COMMAND LEFT END
COMMAND RIGHT START
COMMAND RIGHT END
TURN 52 RESULT
TIME LEFT 0 5 RIGHT 0 5
END TURN 52
TURN 53
COMMAND LEFT START
COMMAND LEFT END
COMMAND RIGHT START
UPGRADE 176
COMMAND RIGHT END
TURN 53 RESULT
TIME LEFT 0 5 RIGHT 0 5
UPGRADE B 176
END TURN 53
TURN 54
COMMAND LEFT START
COMMAND LEFT END
COMMAND RIGHT START
COMMAND RIGHT END
TURN 54 RESULT
TIME LEFT 0 5 RIGHT 0 5
END TURN 54
TURN 55
COMMAND LEFT START
COMMAND LEFT END
COMMAND RIGHT START
TRAIN 1
COMMAND RIGHT END
TURN 55 RESULT
TIME LEFT 0 5 RIGHT 0 5
TRAIN B7
END TURN 55
TURN 56
COMMAND LEFT START
TRAIN 1
COMMAND LEFT END
COMMAND RIGHT START
COMMAND RIGHT END
TURN 56 RESULT
TIME LEFT 0 5 RIGHT 0 5
TRAIN A13
END TURN 56
TURN 57
COMMAND LEFT START
COMMAND LEFT END
COMMAND RIGHT START
MOVE B6 203
COMMAND RIGHT END
TURN 57 RESULT
TIME LEFT 0 5 RIGHT 0 5
MOVE B6 227
END TURN 57
TURN 58
COMMAND LEFT START
COMMAND LEFT END
COMMAND RIGHT START
COMMAND RIGHT END
TURN 58 RESULT
TIME LEFT 0 5 RIGHT 0 5
MOVE B6 225
END TURN 58
TURN 59
COMMAND LEFT START
COMMAND LEFT END
COMMAND RIGHT START
COMMAND RIGHT END
TURN 59 RESULT
TIME LEFT 0 5 RIGHT 0 5
MOVE B6 216
END TURN 59
TURN 60
COMMAND LEFT START
COMMAND LEFT END
COMMAND RIGHT START
COMMAND RIGHT END
TURN 60 RESULT
TIME LEFT 0 5 RIGHT 0 5
MOVE B6 210
END TURN 60
TURN 61
COMMAND LEFT START
COMMAND LEFT END
COMMAND RIGHT START
COMMAND RIGHT END
TURN 61 RESULT
TIME LEFT 0 5 RIGHT 0 5
MOVE B6 203
END TURN 61
TURN 62
COMMAND LEFT START
TRAIN 1
COMMAND LEFT END
COMMAND RIGHT START
COMMAND RIGHT END
TURN 62 RESULT
TIME LEFT 0 5 RIGHT 0 5
TRAIN A14
END TURN 62
TURN 63
COMMAND LEFT START
COMMAND LEFT END
COMMAND RIGHT START
UPGRADE 203
COMMAND RIGHT END
TURN 63 RESULT
TIME LEFT 0 5 RIGHT 0 5
UPGRADE B 203
END TURN 63
TURN 64
COMMAND LEFT START
COMMAND LEFT END
COMMAND RIGHT START
COMMAND RIGHT END
TURN 64 RESULT
TIME LEFT 0 5 RIGHT 0 5
END TURN 64
TURN 65
COMMAND LEFT START
COMMAND LEFT END
COMMAND RIGHT START
TRAIN 1
COMMAND RIGHT END
TURN 65 RESULT
TIME LEFT 0 5 RIGHT 0 5
TRAIN B8
END TURN 65
TURN 66
COMMAND LEFT START
COMMAND LEFT END
COMMAND RIGHT START
MOVE B7 167
COMMAND RIGHT END
TURN 66 RESULT
TIME LEFT 0 5 RIGHT 0 5
MOVE B7 221
END TURN 66
TURN 67
COMMAND LEFT START
COMMAND LEFT END
COMMAND RIGHT START
COMMAND RIGHT END
TURN 67 RESULT
TIME LEFT 0 5 RIGHT 0 5
MOVE B7 218
END TURN 67
TURN 68
COMMAND LEFT START
COMMAND LEFT END
COMMAND RIGHT START
COMMAND RIGHT END
TURN 68 RESULT
TIME LEFT 0 5 RIGHT 0 5
MOVE B7 212
END TURN 68
TURN 69
COMMAND LEFT START
TRAIN 1
COMMAND LEFT END
COMMAND RIGHT START
COMMAND RIGHT END
TURN 69 RESULT
TIME LEFT 0 5 RIGHT 0 5
TRAIN A15
MOVE B7 194
END TURN 69
TURN 70
COMMAND LEFT START
COMMAND LEFT END
COMMAND RIGHT START
COMMAND RIGHT END
TURN 70 RESULT
TIME LEFT 0 5 RIGHT 0 5
MOVE B7 177
END TURN 70
TURN 71
COMMAND LEFT START
COMMAND LEFT END
COMMAND RIGHT START
COMMAND RIGHT END
TURN 71 RESULT
TIME LEFT 0 5 RIGHT 0 5
MOVE B7 167
END TURN 71
TURN 72
COMMAND LEFT START
COMMAND LEFT END
COMMAND RIGHT START
UPGRADE 167
COMMAND RIGHT END
TURN 72 RESULT
TIME LEFT 0 5 RIGHT 0 5
UPGRADE B 167
END TURN 72
TURN 73
COMMAND LEFT START
COMMAND LEFT END
COMMAND RIGHT START
TRAIN 1
COMMAND RIGHT END
TURN 73 RESULT
TIME LEFT 0 5 RIGHT 0 5
TRAIN B9
END TURN 73
TURN 74
COMMAND LEFT START
COMMAND LEFT END
COMMAND RIGHT START
MOVE B8 204
COMMAND RIGHT END
TURN 74 RESULT
TIME LEFT 0 5 RIGHT 0 5
MOVE B8 227
END TURN 74
TURN 75
COMMAND LEFT START
COMMAND LEFT END
COMMAND RIGHT START
COMMAND RIGHT END
TURN 75 RESULT
TIME LEFT 0 5 RIGHT 0 5
MOVE B8 225
END TURN 75
TURN 76
COMMAND LEFT START
COMMAND LEFT END
COMMAND RIGHT START
COMMAND RIGHT END
TURN 76 RESULT
TIME LEFT 0 5 RIGHT 0 5
MOVE B8 216
END TURN 76
TURN 77
COMMAND LEFT START
TRAIN 1
COMMAND LEFT END
COMMAND RIGHT START
COMMAND RIGHT END
TURN 77 RESULT
TIME LEFT 0 5 RIGHT 0 5
TRAIN A16
MOVE B8 210
END TURN 77
TURN 78
COMMAND LEFT START
COMMAND LEFT END
COMMAND RIGHT START
COMMAND RIGHT END
TURN 78 RESULT
TIME LEFT 0 5 RIGHT 0 5
MOVE B8 203
END TURN 78
TURN 79
COMMAND LEFT START
COMMAND LEFT END
COMMAND RIGHT START
COMMAND RIGHT END
TURN 79 RESULT
TIME LEFT 0 5 RIGHT 0 5
MOVE B8 199
END TURN 79
TURN 80
COMMAND LEFT START
COMMAND LEFT END
COMMAND RIGHT START
COMMAND RIGHT END
TURN 80 RESULT
TIME LEFT 0 5 RIGHT 0 5
MOVE B8 204
END TURN 80
TURN 81
COMMAND LEFT START
COMMAND LEFT END
COMMAND RIGHT START
UPGRADE 204
TRAIN 1
COMMAND RIGHT END
TURN 81 RESULT
TIME LEFT 0 5 RIGHT 0 5
UPGRADE B 204
TRAIN B10
END TURN 81
TURN 82
COMMAND LEFT START
COMMAND LEFT END
COMMAND RIGHT START
MOVE B9 114
COMMAND RIGHT END
TURN 82 RESULT
TIME LEFT 0 5 RIGHT 0 5
MOVE B9 223
END TURN 82
TURN 83
COMMAND LEFT START
COMMAND LEFT END
COMMAND RIGHT START
COMMAND RIGHT END
TURN 83 RESULT
TIME LEFT 0 5 RIGHT 0 5
MOVE B9 214
END TURN 83
TURN 84
COMMAND LEFT START
COMMAND LEFT END
COMMAND RIGHT START
COMMAND RIGHT END
TURN 84 RESULT
TIME LEFT 0 5 RIGHT 0 5
MOVE B9 206
END TURN 84
TURN 85
COMMAND LEFT START
COMMAND LEFT END
COMMAND RIGHT START
TRAIN 1
COMMAND RIGHT END
TURN 85 RESULT
TIME LEFT 0 5 RIGHT 0 5
TRAIN B11
MOVE B9 181
END TURN 85
TURN 86
COMMAND LEFT START
TRAIN 1
COMMAND LEFT END
COMMAND RIGHT START
MOVE B10 111
COMMAND RIGHT END
TURN 86 RESULT
TIME LEFT 0 5 RIGHT 0 5
TRAIN A17
MOVE B9 159
MOVE B10 223
END TURN 86
TURN 87
COMMAND LEFT START
COMMAND LEFT END
COMMAND RIGHT START
COMMAND RIGHT END
TURN 87 RESULT
TIME LEFT 0 5 RIGHT 0 5
MOVE B9 148
MOVE B10 215
END TURN 87
TURN 88
COMMAND LEFT START
COMMAND LEFT END
COMMAND RIGHT START
UPGRADE 228
COMMAND RIGHT END
TURN 88 RESULT
TIME LEFT 0 5 RIGHT 0 5
UPGRADE B 228
MOVE B9 136
MOVE B10 209
END TURN 88
TURN 89
COMMAND LEFT START
COMMAND LEFT END
COMMAND RIGHT START
TRAIN 1
COMMAND RIGHT END
TURN 89 RESULT
TIME LEFT 0 5 RIGHT 0 5
TRAIN B12
MOVE B9 114
MOVE B10 196
DAMAGE TURRET B9 1
DAMAGE COMBAT A2 1
DAMAGE COMBAT B9 1
END TURN 89
TURN 90
COMMAND LEFT START
MOVE A5 114
MOVE A6 114
MOVE A7 114
MOVE A8 114
MOVE A9 114
MOVE A10 114
MOVE A11 114
MOVE A12 114
MOVE A13 114
MOVE A14 114
MOVE A15 114
MOVE A16 114
MOVE A17 114
COMMAND LEFT END
COMMAND RIGHT START
COMMAND RIGHT END
TURN 90 RESULT
TIME LEFT 0 5 RIGHT 0 5
MOVE A5 5
MOVE A6 5
MOVE A7 5
MOVE A8 5
MOVE A9 5
MOVE A10 5
MOVE A11 5
MOVE A12 5
MOVE A13 5
MOVE A14 5
MOVE A15 5
MOVE A16 5
MOVE A17 5
MOVE B10 189
DAMAGE TURRET B9 1
DAMAGE COMBAT A2 1
DAMAGE COMBAT B9 1
END TURN 90
TURN 91
COMMAND LEFT START
COMMAND LEFT END
COMMAND RIGHT START
COMMAND RIGHT END
TURN 91 RESULT
TIME LEFT 0 5 RIGHT 0 5
MOVE A5 14
MOVE A6 14
MOVE A7 14
MOVE A8 14
MOVE A9 14
MOVE A10 14
MOVE A11 14
MOVE A12 14
MOVE A13 14
MOVE A14 14
MOVE A15 14
MOVE A16 14
MOVE A17 14
MOVE B10 183
END TURN 91
TURN 92
COMMAND LEFT START
COMMAND LEFT END
COMMAND RIGHT START
TRAIN 1
COMMAND RIGHT END
TURN 92 RESULT
TIME LEFT 0 5 RIGHT 0 5
TRAIN B13
MOVE A5 22
MOVE A6 22
MOVE A7 22
MOVE A8 22
MOVE A9 22
MOVE A10 22
MOVE A11 22
MOVE A12 22
MOVE A13 22
MOVE A14 22
MOVE A15 22
MOVE A16 22
MOVE A17 22
MOVE B10 172
END TURN 92
TURN 93
COMMAND LEFT START
COMMAND LEFT END
COMMAND RIGHT START
MOVE B11 155
COMMAND RIGHT END
TURN 93 RESULT
TIME LEFT 0 5 RIGHT 0 5
MOVE A5 47
MOVE A6 47
MOVE A7 47
MOVE A8 47
MOVE A9 47
MOVE A10 47
MOVE A11 47
MOVE A12 47
MOVE A13 47
MOVE A14 47
MOVE A15 47
MOVE A16 47
MOVE A17 47
MOVE B10 152
MOVE B11 227
END TURN 93
TURN 94
COMMAND LEFT START
COMMAND LEFT END
COMMAND RIGHT START
COMMAND RIGHT END
TURN 94 RESULT
TIME LEFT 0 5 RIGHT 0 5
MOVE A5 69
MOVE A6 69
MOVE A7 69
MOVE A8 69
MOVE A9 69
MOVE A10 69
MOVE A11 69
MOVE A12 69
MOVE A13 69
MOVE A14 69
MOVE A15 69
MOVE A16 69
MOVE A17 69
MOVE B10 135
MOVE B11 225
END TURN 94
TURN 95
COMMAND LEFT START
COMMAND LEFT END
COMMAND RIGHT START
COMMAND RIGHT END
TURN 95 RESULT
TIME LEFT 0 5 RIGHT 0 5
MOVE A5 80
MOVE A6 80
MOVE A7 80
MOVE A8 80
MOVE A9 80
MOVE A10 80
MOVE A11 80
MOVE A12 80
MOVE A13 80
MOVE A14 80
MOVE A15 80
MOVE A16 80
MOVE A17 80
MOVE B10 111
MOVE B11 216
END TURN 95
TURN 96
COMMAND LEFT START
COMMAND LEFT END
COMMAND RIGHT START
UPGRADE 111
COMMAND RIGHT END
TURN 96 RESULT
TIME LEFT 0 5 RIGHT 0 5
UPGRADE B 111
MOVE A5 92
MOVE A6 92
MOVE A7 92
MOVE A8 92
MOVE A9 92
MOVE A10 92
MOVE A11 92
MOVE A12 92
MOVE A13 92
MOVE A14 92
MOVE A15 92
MOVE A16 92
MOVE A17 92
MOVE B11 210
END TURN 96
TURN 97
COMMAND LEFT START
TRAIN 1
COMMAND LEFT END
COMMAND RIGHT START
COMMAND RIGHT END
TURN 97 RESULT
TIME LEFT 0 5 RIGHT 0 5
TRAIN A18
MOVE A5 114
MOVE A6 114
MOVE A7 114
MOVE A8 114
MOVE A9 114
MOVE A10 114
MOVE A11 114
MOVE A12 114
MOVE A13 114
MOVE A14 114
MOVE A15 114
MOVE A16 114
MOVE A17 114
MOVE B11 203
END TURN 97
TURN 98
COMMAND LEFT START
COMMAND LEFT END
COMMAND RIGHT START
COMMAND RIGHT END
TURN 98 RESULT
TIME LEFT 0 5 RIGHT 0 5
MOVE B11 199
END TURN 98
TURN 99
COMMAND LEFT START
COMMAND LEFT END
COMMAND RIGHT START
COMMAND RIGHT END
TURN 99 RESULT
TIME LEFT 0 5 RIGHT 0 5
MOVE B11 195
END TURN 99
TURN 100
COMMAND LEFT START
COMMAND LEFT END
COMMAND RIGHT START
COMMAND RIGHT END
TURN 100 RESULT
TIME LEFT 0 5 RIGHT 0 5
MOVE B11 185
END TURN 100
TURN 101
COMMAND LEFT START
COMMAND LEFT END
COMMAND RIGHT START
COMMAND RIGHT END
TURN 101 RESULT
TIME LEFT 0 5 RIGHT 0 5
MOVE B11 169
END TURN 101
TURN 102
COMMAND LEFT START
COMMAND LEFT END
COMMAND RIGHT START
COMMAND RIGHT END
TURN 102 RESULT
TIME LEFT 0 5 RIGHT 0 5
MOVE B11 155
END TURN 102
TURN 103
COMMAND LEFT START
COMMAND LEFT END
COMMAND RIGHT START
UPGRADE 155
TRAIN 1
COMMAND RIGHT END
TURN 103 RESULT
TIME LEFT 0 5 RIGHT 0 5
UPGRADE B 155
TRAIN B14
END TURN 103
TURN 104
COMMAND LEFT START
COMMAND LEFT END
COMMAND RIGHT START
UPGRADE 205
COMMAND RIGHT END
TURN 104 RESULT
TIME LEFT 0 5 RIGHT 0 5
UPGRADE B 205
END TURN 104
TURN 105
COMMAND LEFT START
COMMAND LEFT END
COMMAND RIGHT START
MOVE B12 205
COMMAND RIGHT END
TURN 105 RESULT
TIME LEFT 0 5 RIGHT 0 5
MOVE B12 223
END TURN 105
TURN 106
COMMAND LEFT START
COMMAND LEFT END
COMMAND RIGHT START
COMMAND RIGHT END
TURN 106 RESULT
TIME LEFT 0 5 RIGHT 0 5
MOVE B12 214
END TURN 106
TURN 107
COMMAND LEFT START
COMMAND LEFT END
COMMAND RIGHT START
COMMAND RIGHT END
TURN 107 RESULT
TIME LEFT 0 5 RIGHT 0 5
MOVE B12 205
END TURN 107
TURN 108
COMMAND LEFT START
COMMAND LEFT END
COMMAND RIGHT START
UPGRADE 194
COMMAND RIGHT END
TURN 108 RESULT
TIME LEFT 0 5 RIGHT 0 5
UPGRADE B 194
END TURN 108
TURN 109
COMMAND LEFT START
COMMAND LEFT END
COMMAND RIGHT START
TRAIN 1
COMMAND RIGHT END
TURN 109 RESULT
TIME LEFT 0 5 RIGHT 0 5
TRAIN B15
END TURN 109
TURN 110
COMMAND LEFT START
COMMAND LEFT END
COMMAND RIGHT START
MOVE B13 194
COMMAND RIGHT END
TURN 110 RESULT
TIME LEFT 0 5 RIGHT 0 5
MOVE B13 221
END TURN 110
TURN 111
COMMAND LEFT START
TRAIN 1
COMMAND LEFT END
COMMAND RIGHT START
COMMAND RIGHT END
TURN 111 RESULT
TIME LEFT 0 5 RIGHT 0 5
TRAIN A19
MOVE B13 218
END TURN 111
TURN 112
COMMAND LEFT START
COMMAND LEFT END
COMMAND RIGHT START
COMMAND RIGHT END
TURN 112 RESULT
TIME LEFT 0 5 RIGHT 0 5
MOVE B13 212
END TURN 112
TURN 113
COMMAND LEFT START
COMMAND LEFT END
COMMAND RIGHT START
UPGRADE 196
COMMAND RIGHT END
TURN 113 RESULT
TIME LEFT 0 5 RIGHT 0 5
UPGRADE B 196
MOVE B13 194
END TURN 113
TURN 114
COMMAND LEFT START
COMMAND LEFT END
COMMAND RIGHT START
TRAIN 1
COMMAND RIGHT END
TURN 114 RESULT
TIME LEFT 0 5 RIGHT 0 5
TRAIN B16
END TURN 114
TURN 115
COMMAND LEFT START
COMMAND LEFT END
COMMAND RIGHT START
MOVE B14 196
COMMAND RIGHT END
TURN 115 RESULT
TIME LEFT 0 5 RIGHT 0 5
MOVE B14 223
END TURN 115
TURN 116
COMMAND LEFT START
COMMAND LEFT END
COMMAND RIGHT START
COMMAND RIGHT END
TURN 116 RESULT
TIME LEFT 0 5 RIGHT 0 5
MOVE B14 215
END TURN 116
TURN 117
COMMAND LEFT START
COMMAND LEFT END
COMMAND RIGHT START
UPGRADE 176
COMMAND RIGHT END
TURN 117 RESULT
TIME LEFT 0 5 RIGHT 0 5
UPGRADE B 176
MOVE B14 209
END TURN 117
TURN 118
COMMAND LEFT START
COMMAND LEFT END
COMMAND RIGHT START
TRAIN 1
COMMAND RIGHT END
TURN 118 RESULT
TIME LEFT 0 5 RIGHT 0 5
TRAIN B17
MOVE B14 196
END TURN 118
TURN 119
COMMAND LEFT START
COMMAND LEFT END
COMMAND RIGHT START
MOVE B15 176
COMMAND RIGHT END
TURN 119 RESULT
TIME LEFT 0 5 RIGHT 0 5
MOVE B15 222
END TURN 119
TURN 120
COMMAND LEFT START
COMMAND LEFT END
COMMAND RIGHT START
COMMAND RIGHT END
TURN 120 RESULT
TIME LEFT 0 5 RIGHT 0 5
MOVE B15 219
END TURN 120
TURN 121
COMMAND LEFT START
COMMAND LEFT END
COMMAND RIGHT START
UPGRADE 203
COMMAND RIGHT END
TURN 121 RESULT
TIME LEFT 0 5 RIGHT 0 5
UPGRADE B 203
MOVE B15 201
END TURN 121
TURN 122
COMMAND LEFT START
COMMAND LEFT END
COMMAND RIGHT START
TRAIN 1
COMMAND RIGHT END
TURN 122 RESULT
TIME LEFT 0 5 RIGHT 0 5
TRAIN B18
MOVE B15 192
END TURN 122
TURN 123
COMMAND LEFT START
COMMAND LEFT END
COMMAND RIGHT START
MOVE B16 203
COMMAND RIGHT END
TURN 123 RESULT
TIME LEFT 0 5 RIGHT 0 5
MOVE B15 176
MOVE B16 227
END TURN 123
TURN 124
COMMAND LEFT START
COMMAND LEFT END
COMMAND RIGHT START
UPGRADE 167
COMMAND RIGHT END
TURN 124 RESULT
TIME LEFT 0 5 RIGHT 0 5
UPGRADE B 167
MOVE B16 225
END TURN 124
TURN 125
COMMAND LEFT START
COMMAND LEFT END
COMMAND RIGHT START
TRAIN 1
COMMAND RIGHT END
TURN 125 RESULT
TIME LEFT 0 5 RIGHT 0 5
TRAIN B19
MOVE B16 216
END TURN 125
TURN 126
COMMAND LEFT START
COMMAND LEFT END
COMMAND RIGHT START
MOVE B17 167
COMMAND RIGHT END
TURN 126 RESULT
TIME LEFT 0 5 RIGHT 0 5
MOVE B16 210
MOVE B17 221
END TURN 126
TURN 127
COMMAND LEFT START
COMMAND LEFT END
COMMAND RIGHT START
COMMAND RIGHT END
TURN 127 RESULT
TIME LEFT 0 5 RIGHT 0 5
MOVE B16 203
MOVE B17 218
END TURN 127
TURN 128
COMMAND LEFT START
TRAIN 1
COMMAND LEFT END
COMMAND RIGHT START
UPGRADE 204
COMMAND RIGHT END
TURN 128 RESULT
TIME LEFT 0 5 RIGHT 0 5
UPGRADE B 204
TRAIN A20
MOVE B17 212
END TURN 128
TURN 129
COMMAND LEFT START
COMMAND LEFT END
COMMAND RIGHT START
TRAIN 1
COMMAND RIGHT END
TURN 129 RESULT
TIME LEFT 0 5 RIGHT 0 5
TRAIN B20
MOVE B17 194
END TURN 129
TURN 130
COMMAND LEFT START
COMMAND LEFT END
COMMAND RIGHT START
MOVE B18 204
COMMAND RIGHT END
TURN 130 RESULT
TIME LEFT 0 5 RIGHT 0 5
MOVE B17 177
MOVE B18 227
END TURN 130
TURN 131
COMMAND LEFT START
COMMAND LEFT END
COMMAND RIGHT START
UPGRADE 111
COMMAND RIGHT END
TURN 131 RESULT
TIME LEFT 0 5 RIGHT 0 5
UPGRADE B 111
MOVE B17 167
MOVE B18 225
END TURN 131
TURN 132
COMMAND LEFT START
COMMAND LEFT END
COMMAND RIGHT START
TRAIN 1
COMMAND RIGHT END
TURN 132 RESULT
TIME LEFT 0 5 RIGHT 0 5
TRAIN B21
MOVE B18 216
END TURN 132
TURN 133
COMMAND LEFT START
COMMAND LEFT END
COMMAND RIGHT START
MOVE B19 111
COMMAND RIGHT END
TURN 133 RESULT
TIME LEFT 0 5 RIGHT 0 5
MOVE B18 210
MOVE B19 223
END TURN 133
TURN 134
COMMAND LEFT START
COMMAND LEFT END
COMMAND RIGHT START
UPGRADE 155
COMMAND RIGHT END
TURN 134 RESULT
TIME LEFT 0 5 RIGHT 0 5
UPGRADE B 155
MOVE B18 203
MOVE B19 215
END TURN 134
TURN 135
COMMAND LEFT START
COMMAND LEFT END
COMMAND RIGHT START
TRAIN 1
COMMAND RIGHT END
TURN 135 RESULT
TIME LEFT 0 5 RIGHT 0 5
TRAIN B22
MOVE B18 199
MOVE B19 209
END TURN 135
TURN 136
COMMAND LEFT START
COMMAND LEFT END
COMMAND RIGHT START
MOVE B20 155
COMMAND RIGHT END
TURN 136 RESULT
TIME LEFT 0 5 RIGHT 0 5
MOVE B18 204
MOVE B19 196
MOVE B20 227
END TURN 136
TURN 137
COMMAND LEFT START
COMMAND LEFT END
COMMAND RIGHT START
COMMAND RIGHT END
TURN 137 RESULT
TIME LEFT 0 5 RIGHT 0 5
MOVE B19 189
MOVE B20 225
END TURN 137
TURN 138
COMMAND LEFT START
COMMAND LEFT END
COMMAND RIGHT START
UPGRADE 205
COMMAND RIGHT END
TURN 138 RESULT
TIME LEFT 0 5 RIGHT 0 5
UPGRADE B 205
MOVE B19 183
MOVE B20 216
END TURN 138
TURN 139
COMMAND LEFT START
COMMAND LEFT END
COMMAND RIGHT START
TRAIN 1
COMMAND RIGHT END
TURN 139 RESULT
TIME LEFT 0 5 RIGHT 0 5
TRAIN B23
MOVE B19 172
MOVE B20 210
END TURN 139
TURN 140
COMMAND LEFT START
COMMAND LEFT END
COMMAND RIGHT START
MOVE B21 205
COMMAND RIGHT END
TURN 140 RESULT
TIME LEFT 0 5 RIGHT 0 5
MOVE B19 152
MOVE B20 203
MOVE B21 223
END TURN 140
TURN 141
COMMAND LEFT START
COMMAND LEFT END
COMMAND RIGHT START
UPGRADE 194
COMMAND RIGHT END
TURN 141 RESULT
TIME LEFT 0 5 RIGHT 0 5
UPGRADE B 194
MOVE B19 135
MOVE B20 199
MOVE B21 214
END TURN 141
TURN 142
COMMAND LEFT START
COMMAND LEFT END
COMMAND RIGHT START
TRAIN 1
COMMAND RIGHT END
TURN 142 RESULT
TIME LEFT 0 5 RIGHT 0 5
TRAIN B24
MOVE B19 111
MOVE B20 195
MOVE B21 205
END TURN 142
TURN 143
COMMAND LEFT START
COMMAND LEFT END
COMMAND RIGHT START
MOVE B22 194
COMMAND RIGHT END
TURN 143 RESULT
TIME LEFT 0 5 RIGHT 0 5
MOVE B20 185
MOVE B22 221
END TURN 143
TURN 144
COMMAND LEFT START
COMMAND LEFT END
COMMAND RIGHT START
UPGRADE 196
COMMAND RIGHT END
TURN 144 RESULT
TIME LEFT 0 5 RIGHT 0 5
UPGRADE B 196
MOVE B20 169
MOVE B22 218
END TURN 144
TURN 145
COMMAND LEFT START
COMMAND LEFT END
COMMAND RIGHT START
TRAIN 1
COMMAND RIGHT END
TURN 145 RESULT
TIME LEFT 0 5 RIGHT 0 5
TRAIN B25
MOVE B20 155
MOVE B22 212
END TURN 145
TURN 146
COMMAND LEFT START
COMMAND LEFT END
COMMAND RIGHT START
MOVE B23 196
COMMAND RIGHT END
TURN 146 RESULT
TIME LEFT 0 5 RIGHT 0 5
MOVE B22 194
MOVE B23 223
END TURN 146
TURN 147
COMMAND LEFT START
COMMAND LEFT END
COMMAND RIGHT START
UPGRADE 176
COMMAND RIGHT END
TURN 147 RESULT
TIME LEFT 0 5 RIGHT 0 5
UPGRADE B 176
MOVE B23 215
END TURN 147
TURN 148
COMMAND LEFT START
COMMAND LEFT END
COMMAND RIGHT START
TRAIN 1
COMMAND RIGHT END
TURN 148 RESULT
TIME LEFT 0 5 RIGHT 0 5
TRAIN B26
MOVE B23 209
END TURN 148
TURN 149
COMMAND LEFT START
COMMAND LEFT END
COMMAND RIGHT START
MOVE B24 176
UPGRADE 203
COMMAND RIGHT END
TURN 149 RESULT
TIME LEFT 0 5 RIGHT 0 5
UPGRADE B 203
MOVE B23 196
MOVE B24 222
END TURN 149
TURN 150
COMMAND LEFT START
COMMAND LEFT END
COMMAND RIGHT START
TRAIN 1
COMMAND RIGHT END
TURN 150 RESULT
TIME LEFT 0 5 RIGHT 0 5
TRAIN B27
MOVE B24 219
END TURN 150
TURN 151
COMMAND LEFT START
COMMAND LEFT END
COMMAND RIGHT START
MOVE B25 203
TRAIN 1
COMMAND RIGHT END
TURN 151 RESULT
TIME LEFT 0 5 RIGHT 0 5
TRAIN B28
MOVE B24 201
MOVE B25 227
END TURN 151
TURN 152
COMMAND LEFT START
TRAIN 1
COMMAND LEFT END
COMMAND RIGHT START
MOVE B26 52
UPGRADE 167
TRAIN 1
COMMAND RIGHT END
TURN 152 RESULT
TIME LEFT 0 5 RIGHT 0 5
UPGRADE B 167
TRAIN A21 B29
MOVE B24 192
MOVE B25 225
MOVE B26 223
END TURN 152
TURN 153
COMMAND LEFT START
COMMAND LEFT END
COMMAND RIGHT START
MOVE B27 167
TRAIN 1
COMMAND RIGHT END
TURN 153 RESULT
TIME LEFT 0 5 RIGHT 0 5
TRAIN B30
MOVE B24 176
MOVE B25 216
MOVE B26 215
MOVE B27 221
END TURN 153
TURN 154
COMMAND LEFT START
COMMAND LEFT END
COMMAND RIGHT START
MOVE B28 61
COMMAND RIGHT END
TURN 154 RESULT
TIME LEFT 0 5 RIGHT 0 5
MOVE B25 210
MOVE B26 209
MOVE B27 218
MOVE B28 222
END TURN 154
TURN 155
COMMAND LEFT START
COMMAND LEFT END
COMMAND RIGHT START
UPGRADE 204
COMMAND RIGHT END
TURN 155 RESULT
TIME LEFT 0 5 RIGHT 0 5
UPGRADE B 204
MOVE B25 203
MOVE B26 198
MOVE B27 212
MOVE B28 219
END TURN 155
TURN 156
COMMAND LEFT START
COMMAND LEFT END
COMMAND RIGHT START
TRAIN 1
COMMAND RIGHT END
TURN 156 RESULT
TIME LEFT 0 5 RIGHT 0 5
TRAIN B31
MOVE B26 182
MOVE B27 194
MOVE B28 201
END TURN 156
TURN 157
COMMAND LEFT START
COMMAND LEFT END
COMMAND RIGHT START
MOVE B29 204
UPGRADE 111
COMMAND RIGHT END
TURN 157 RESULT
TIME LEFT 0 5 RIGHT 0 5
UPGRADE B 111
MOVE B26 160
MOVE B27 177
MOVE B28 197
MOVE B29 227
END TURN 157
TURN 158
COMMAND LEFT START
COMMAND LEFT END
COMMAND RIGHT START
TRAIN 1
COMMAND RIGHT END
TURN 158 RESULT
TIME LEFT 0 5 RIGHT 0 5
TRAIN B32
MOVE B26 132
MOVE B27 167
MOVE B28 188
MOVE B29 225
END TURN 158
TURN 159
COMMAND LEFT START
COMMAND LEFT END
COMMAND RIGHT START
MOVE B30 111
UPGRADE 155
COMMAND RIGHT END
TURN 159 RESULT
TIME LEFT 0 5 RIGHT 0 5
UPGRADE B 155
MOVE B26 121
MOVE B28 168
MOVE B29 216
MOVE B30 223
END TURN 159
TURN 160
COMMAND LEFT START
COMMAND LEFT END
COMMAND RIGHT START
TRAIN 1
COMMAND RIGHT END
TURN 160 RESULT
TIME LEFT 0 5 RIGHT 0 5
TRAIN B33
MOVE B26 112
MOVE B28 143
MOVE B29 210
MOVE B30 215
END TURN 160
TURN 161
COMMAND LEFT START
COMMAND LEFT END
COMMAND RIGHT START
MOVE B31 155
COMMAND RIGHT END
TURN 161 RESULT
TIME LEFT 0 5 RIGHT 0 5
MOVE B26 88
MOVE B28 126
MOVE B29 203
MOVE B30 209
MOVE B31 227
END TURN 161
TURN 162
COMMAND LEFT START
COMMAND LEFT END
COMMAND RIGHT START
COMMAND RIGHT END
TURN 162 RESULT
TIME LEFT 0 5 RIGHT 0 5
MOVE B26 70
MOVE B28 115
MOVE B29 199
MOVE B30 196
MOVE B31 225
END TURN 162
TURN 163
COMMAND LEFT START
COMMAND LEFT END
COMMAND RIGHT START
COMMAND RIGHT END
TURN 163 RESULT
TIME LEFT 0 5 RIGHT 0 5
MOVE B26 52
MOVE B28 100
MOVE B29 204
MOVE B30 189
MOVE B31 216
END TURN 163
TURN 164
COMMAND LEFT START
COMMAND LEFT END
COMMAND RIGHT START
UPGRADE 52
TRAIN 1
COMMAND RIGHT END
TURN 164 RESULT
TIME LEFT 0 5 RIGHT 0 5
UPGRADE B 52
TRAIN B34
MOVE B28 76
MOVE B30 183
MOVE B31 210
END TURN 164
TURN 165
COMMAND LEFT START
COMMAND LEFT END
COMMAND RIGHT START
MOVE B32 73
UPGRADE 52
COMMAND RIGHT END
TURN 165 RESULT
TIME LEFT 0 5 RIGHT 0 5
UPGRADE B 52
MOVE B28 61
MOVE B30 172
MOVE B31 203
MOVE B32 223
END TURN 165
TURN 166
COMMAND LEFT START
COMMAND LEFT END
COMMAND RIGHT START
UPGRADE 61
TRAIN 1
COMMAND RIGHT END
TURN 166 RESULT
TIME LEFT 0 5 RIGHT 0 5
UPGRADE B 61
TRAIN B35
MOVE B30 152
MOVE B31 199
MOVE B32 215
END TURN 166
TURN 167
COMMAND LEFT START
COMMAND LEFT END
COMMAND RIGHT START
MOVE B33 52
UPGRADE 61
TRAIN 1
COMMAND RIGHT END
TURN 167 RESULT
TIME LEFT 0 5 RIGHT 0 5
UPGRADE B 61
TRAIN B36
MOVE B30 135
MOVE B31 195
MOVE B32 209
MOVE B33 223
END TURN 167
TURN 168
COMMAND LEFT START
COMMAND LEFT END
COMMAND RIGHT START
MOVE B34 61
TRAIN 1
COMMAND RIGHT END
TURN 168 RESULT
TIME LEFT 0 5 RIGHT 0 5
TRAIN B37
MOVE B30 111
MOVE B31 185
MOVE B32 198
MOVE B33 215
MOVE B34 222
END TURN 168
TURN 169
COMMAND LEFT START
COMMAND LEFT END
COMMAND RIGHT START
MOVE B35 117
UPGRADE 52
COMMAND RIGHT END
TURN 169 RESULT
TIME LEFT 0 5 RIGHT 0 5
UPGRADE B 52
MOVE B31 169
MOVE B32 182
MOVE B33 209
MOVE B34 219
MOVE B35 227
END TURN 169
TURN 170
COMMAND LEFT START
COMMAND LEFT END
COMMAND RIGHT START
TRAIN 1
COMMAND RIGHT END
TURN 170 RESULT
TIME LEFT 0 5 RIGHT 0 5
TRAIN B38
MOVE B31 155
MOVE B32 160
MOVE B33 198
MOVE B34 201
MOVE B35 225
END TURN 170
TURN 171
COMMAND LEFT START
COMMAND LEFT END
COMMAND RIGHT START
MOVE B36 52
UPGRADE 61
COMMAND RIGHT END
TURN 171 RESULT
TIME LEFT 0 5 RIGHT 0 5
UPGRADE B 61
MOVE B32 138
MOVE B33 182
MOVE B34 197
MOVE B35 216
MOVE B36 223
END TURN 171
TURN 172
COMMAND LEFT START
COMMAND LEFT END
COMMAND RIGHT START
TRAIN 1
COMMAND RIGHT END
TURN 172 RESULT
TIME LEFT 0 5 RIGHT 0 5
TRAIN B39
MOVE B32 127
MOVE B33 160
MOVE B34 188
MOVE B35 210
MOVE B36 215
END TURN 172
TURN 173
COMMAND LEFT START
COMMAND LEFT END
COMMAND RIGHT START
MOVE B37 61
COMMAND RIGHT END
TURN 173 RESULT
TIME LEFT 0 5 RIGHT 0 5
MOVE B32 113
MOVE B33 132
MOVE B34 168
MOVE B35 203
MOVE B36 209
MOVE B37 222
END TURN 173
TURN 174
COMMAND LEFT START
COMMAND LEFT END
COMMAND RIGHT START
COMMAND RIGHT END
TURN 174 RESULT
TIME LEFT 0 5 RIGHT 0 5
MOVE B32 95
MOVE B33 121
MOVE B34 143
MOVE B35 199
MOVE B36 198
MOVE B37 219
END TURN 174
TURN 175
COMMAND LEFT START
COMMAND LEFT END
COMMAND RIGHT START
UPGRADE 228
TRAIN 1
COMMAND RIGHT END
TURN 175 RESULT
TIME LEFT 0 5 RIGHT 0 5
UPGRADE B 228
TRAIN B40
MOVE B32 83
MOVE B33 112
MOVE B34 126
MOVE B35 195
MOVE B36 182
MOVE B37 201
END TURN 175
TURN 176
COMMAND LEFT START
COMMAND LEFT END
COMMAND RIGHT START
COMMAND RIGHT END
TURN 176 RESULT
TIME LEFT 0 5 RIGHT 0 5
MOVE B32 73
MOVE B33 88
MOVE B34 115
MOVE B35 185
MOVE B36 160
MOVE B37 197
END TURN 176
TURN 177
COMMAND LEFT START
COMMAND LEFT END
COMMAND RIGHT START
UPGRADE 73
TRAIN 1
COMMAND RIGHT END
TURN 177 RESULT
TIME LEFT 0 5 RIGHT 0 5
UPGRADE B 73
TRAIN B41
MOVE B33 70
MOVE B34 100
MOVE B35 169
MOVE B36 132
MOVE B37 188
END TURN 177
TURN 178
COMMAND LEFT START
COMMAND LEFT END
COMMAND RIGHT START
MOVE B38 34
UPGRADE 73
COMMAND RIGHT END
TURN 178 RESULT
TIME LEFT 0 5 RIGHT 0 5
UPGRADE B 73
MOVE B33 52
MOVE B34 76
MOVE B35 155
MOVE B36 121
MOVE B37 168
MOVE B38 222
END TURN 178
TURN 179
COMMAND LEFT START
COMMAND LEFT END
COMMAND RIGHT START
TRAIN 1
COMMAND RIGHT END
TURN 179 RESULT
TIME LEFT 0 5 RIGHT 0 5
TRAIN B42
MOVE B34 61
MOVE B35 134
MOVE B36 112
MOVE B37 143
MOVE B38 219
END TURN 179
TURN 180
COMMAND LEFT START
COMMAND LEFT END
COMMAND RIGHT START
MOVE B39 73
COMMAND RIGHT END
TURN 180 RESULT
TIME LEFT 0 5 RIGHT 0 5
MOVE B35 117
MOVE B36 88
MOVE B37 126
MOVE B38 201
MOVE B39 223
END TURN 180
TURN 181
COMMAND LEFT START
COMMAND LEFT END
COMMAND RIGHT START
UPGRADE 117
UPGRADE 73
TRAIN 1
COMMAND RIGHT END
TURN 181 RESULT
TIME LEFT 0 5 RIGHT 0 5
UPGRADE B 73
UPGRADE B 117
TRAIN B43
MOVE B36 70
MOVE B37 115
MOVE B38 192
MOVE B39 215
END TURN 181
TURN 182
COMMAND LEFT START
COMMAND LEFT END
COMMAND RIGHT START
MOVE B40 73
UPGRADE 117
TRAIN 1
COMMAND RIGHT END
TURN 182 RESULT
TIME LEFT 0 5 RIGHT 0 5
UPGRADE B 117
TRAIN B44
MOVE B36 52
MOVE B37 100
MOVE B38 176
MOVE B39 209
MOVE B40 223
END TURN 182
TURN 183
COMMAND LEFT START
COMMAND LEFT END
COMMAND RIGHT START
MOVE B41 117
TRAIN 1
COMMAND RIGHT END
TURN 183 RESULT
TIME LEFT 0 5 RIGHT 0 5
TRAIN B45
MOVE B37 76
MOVE B38 158
MOVE B39 198
MOVE B40 215
MOVE B41 227
END TURN 183
TURN 184
COMMAND LEFT START
COMMAND LEFT END
COMMAND RIGHT START
MOVE B42 32
UPGRADE 117
COMMAND RIGHT END
TURN 184 RESULT
TIME LEFT 0 5 RIGHT 0 5
UPGRADE B 117
MOVE B37 61
MOVE B38 139
MOVE B39 182
MOVE B40 209
MOVE B41 225
MOVE B42 223
END TURN 184
TURN 185
COMMAND LEFT START
COMMAND LEFT END
COMMAND RIGHT START
TRAIN 1
COMMAND RIGHT END
TURN 185 RESULT
TIME LEFT 0 5 RIGHT 0 5
TRAIN B46
MOVE B38 124
MOVE B39 160
MOVE B40 198
MOVE B41 216
MOVE B42 214
END TURN 185
TURN 186
COMMAND LEFT START
COMMAND LEFT END
COMMAND RIGHT START
MOVE B43 117
COMMAND RIGHT END
TURN 186 RESULT
TIME LEFT 0 5 RIGHT 0 5
MOVE B38 101
MOVE B39 138
MOVE B40 182
MOVE B41 210
MOVE B42 205
MOVE B43 227
END TURN 186
TURN 187
COMMAND LEFT START
COMMAND LEFT END
COMMAND RIGHT START
COMMAND RIGHT END
TURN 187 RESULT
TIME LEFT 0 5 RIGHT 0 5
MOVE B38 87
MOVE B39 127
MOVE B40 160
MOVE B41 203
MOVE B42 180
MOVE B43 225
END TURN 187
TURN 188
COMMAND LEFT START
COMMAND LEFT END
COMMAND RIGHT START
COMMAND RIGHT END
TURN 188 RESULT
TIME LEFT 0 5 RIGHT 0 5
MOVE B38 75
MOVE B39 113
MOVE B40 138
MOVE B41 199
MOVE B42 165
MOVE B43 216
END TURN 188
TURN 189
COMMAND LEFT START
COMMAND LEFT END
COMMAND RIGHT START
UPGRADE 228
TRAIN 2
COMMAND RIGHT END
TURN 189 RESULT
TIME LEFT 0 5 RIGHT 0 5
UPGRADE B 228
TRAIN B47 B48
MOVE B38 56
MOVE B39 95
MOVE B40 127
MOVE B41 195
MOVE B42 147
MOVE B43 210
END TURN 189
TURN 190
COMMAND LEFT START
COMMAND LEFT END
COMMAND RIGHT START
COMMAND RIGHT END
TURN 190 RESULT
TIME LEFT 0 5 RIGHT 0 5
MOVE B38 34
MOVE B39 83
MOVE B40 113
MOVE B41 185
MOVE B42 131
MOVE B43 203
END TURN 190
TURN 191
COMMAND LEFT START
COMMAND LEFT END
COMMAND RIGHT START
MOVE B44 24
UPGRADE 34
COMMAND RIGHT END
TURN 191 RESULT
TIME LEFT 0 5 RIGHT 0 5
UPGRADE B 34
MOVE B39 73
MOVE B40 95
MOVE B41 169
MOVE B42 119
MOVE B43 199
MOVE B44 223
END TURN 191
TURN 192
COMMAND LEFT START
COMMAND LEFT END
COMMAND RIGHT START
UPGRADE 34
COMMAND RIGHT END
TURN 192 RESULT
TIME LEFT 0 5 RIGHT 0 5
UPGRADE B 34
MOVE B40 83
MOVE B41 155
MOVE B42 105
MOVE B43 195
MOVE B44 215
END TURN 192
TURN 193
COMMAND LEFT START
TRAIN 1
COMMAND LEFT END
COMMAND RIGHT START
TRAIN 1
COMMAND RIGHT END
TURN 193 RESULT
TIME LEFT 0 5 RIGHT 0 5
TRAIN A22 B49
MOVE B40 73
MOVE B41 134
MOVE B42 91
MOVE B43 185
MOVE B44 209
END TURN 193
TURN 194
COMMAND LEFT START
COMMAND LEFT END
COMMAND RIGHT START
MOVE B45 34
COMMAND RIGHT END
TURN 194 RESULT
TIME LEFT 0 5 RIGHT 0 5
MOVE B41 117
MOVE B42 79
MOVE B43 169
MOVE B44 198
MOVE B45 222
END TURN 194
TURN 195
COMMAND LEFT START
COMMAND LEFT END
COMMAND RIGHT START
UPGRADE 34
COMMAND RIGHT END
TURN 195 RESULT
TIME LEFT 0 5 RIGHT 0 5
UPGRADE B 34
MOVE B42 64
MOVE B43 155
MOVE B44 182
MOVE B45 219
END TURN 195
TURN 196
COMMAND LEFT START
COMMAND LEFT END
COMMAND RIGHT START
TRAIN 1
COMMAND RIGHT END
TURN 196 RESULT
TIME LEFT 0 5 RIGHT 0 5
TRAIN B50
MOVE B42 46
MOVE B43 134
MOVE B44 160
MOVE B45 201
END TURN 196
TURN 197
COMMAND LEFT START
COMMAND LEFT END
COMMAND RIGHT START
MOVE B46 34
COMMAND RIGHT END
TURN 197 RESULT
TIME LEFT 0 5 RIGHT 0 5
MOVE B42 32
MOVE B43 117
MOVE B44 132
MOVE B45 192
MOVE B46 222
DAMAGE COMBAT A4 1
DAMAGE COMBAT B42 1
END TURN 197
TURN 198
COMMAND LEFT START
COMMAND LEFT END
COMMAND RIGHT START
COMMAND RIGHT END
TURN 198 RESULT
TIME LEFT 0 5 RIGHT 0 5
MOVE B44 121
MOVE B45 176
MOVE B46 219
DAMAGE COMBAT A4 1
DAMAGE COMBAT B42 1
END TURN 198
TURN 199
COMMAND LEFT START
COMMAND LEFT END
COMMAND RIGHT START
UPGRADE 228
TRAIN 2
COMMAND RIGHT END
TURN 199 RESULT
TIME LEFT 0 5 RIGHT 0 5
UPGRADE B 228
TRAIN B51 B52
MOVE B44 112
MOVE B45 158
MOVE B46 201
DAMAGE COMBAT A4 1
DAMAGE COMBAT B42 1
END TURN 199
TURN 200
COMMAND LEFT START
MOVE A4 24
COMMAND LEFT END
COMMAND RIGHT START
TRAIN 3
COMMAND RIGHT END
TURN 200 RESULT
TIME LEFT 0 5 RIGHT 0 5
TRAIN B53 B54 B55
MOVE B44 89
MOVE B45 139
MOVE B46 192
DAMAGE COMBAT A4 1
DAMAGE COMBAT B42 1
END TURN 200
TURN 201
COMMAND LEFT START
COMMAND LEFT END
COMMAND RIGHT START
MOVE B47 32
UPGRADE 32
TRAIN 3
COMMAND RIGHT END
TURN 201 RESULT
TIME LEFT 0 5 RIGHT 0 5
UPGRADE B 32
TRAIN B56 B57 B58
MOVE B44 85
MOVE B45 124
MOVE B46 176
MOVE B47 223
END TURN 201
TURN 202
COMMAND LEFT START
COMMAND LEFT END
COMMAND RIGHT START
MOVE B48 25
UPGRADE 32
TRAIN 3
COMMAND RIGHT END
TURN 202 RESULT
TIME LEFT 0 5 RIGHT 0 5
UPGRADE B 32
TRAIN B59 B60 B61
MOVE B44 71
MOVE B45 101
MOVE B46 158
MOVE B47 214
MOVE B48 223
END TURN 202
TURN 203
COMMAND LEFT START
COMMAND LEFT END
COMMAND RIGHT START
MOVE B51 34
COMMAND RIGHT END
TURN 203 RESULT
TIME LEFT 0 5 RIGHT 0 5
MOVE B44 53
MOVE B45 87
MOVE B46 139
MOVE B47 205
MOVE B48 215
MOVE B51 222
END TURN 203
TURN 204
COMMAND LEFT START
COMMAND LEFT END
COMMAND RIGHT START
UPGRADE 32
TRAIN 3
COMMAND RIGHT END
TURN 204 RESULT
TIME LEFT 0 5 RIGHT 0 5
UPGRADE B 32
TRAIN B62 B63 B64
MOVE B44 43
MOVE B45 75
MOVE B46 124
MOVE B47 180
MOVE B48 209
MOVE B51 219
END TURN 204
TURN 205
COMMAND LEFT START
COMMAND LEFT END
COMMAND RIGHT START
MOVE B49 32
MOVE B52 34
MOVE B53 34
TRAIN 3
COMMAND RIGHT END
TURN 205 RESULT
TIME LEFT 0 5 RIGHT 0 5
TRAIN B65 B66 B67
MOVE B44 24
MOVE B45 56
MOVE B46 101
MOVE B47 165
MOVE B48 198
MOVE B49 223
MOVE B51 201
MOVE B52 222
MOVE B53 222
END TURN 205
TURN 206
COMMAND LEFT START
COMMAND LEFT END
COMMAND RIGHT START
MOVE B50 24
MOVE B54 34
MOVE B55 34
UPGRADE 24
TRAIN 3
COMMAND RIGHT END
TURN 206 RESULT
TIME LEFT 0 5 RIGHT 0 5
UPGRADE B 24
TRAIN B68 B69 B70
MOVE B45 34
MOVE B46 87
MOVE B47 147
MOVE B48 182
MOVE B49 214
MOVE B50 223
MOVE B51 192
MOVE B52 219
MOVE B53 219
MOVE B54 222
MOVE B55 222
END TURN 206
TURN 207
COMMAND LEFT START
COMMAND LEFT END
COMMAND RIGHT START
MOVE B56 34
MOVE B57 34
MOVE B58 34
UPGRADE 24
TRAIN 3
COMMAND RIGHT END
TURN 207 RESULT
TIME LEFT 0 5 RIGHT 0 5
UPGRADE B 24
TRAIN B71 B72 B73
MOVE B46 75
MOVE B47 131
MOVE B48 160
MOVE B49 205
MOVE B50 215
MOVE B51 176
MOVE B52 201
MOVE B53 201
MOVE B54 219
MOVE B55 219
MOVE B56 222
MOVE B57 222
MOVE B58 222
END TURN 207
TURN 208
COMMAND LEFT START
COMMAND LEFT END
COMMAND RIGHT START
MOVE B59 34
MOVE B60 34
MOVE B61 34
UPGRADE 24
COMMAND RIGHT END
TURN 208 RESULT
TIME LEFT 0 5 RIGHT 0 5
UPGRADE B 24
MOVE B46 56
MOVE B47 119
MOVE B48 132
MOVE B49 180
MOVE B50 209
MOVE B51 158
MOVE B52 192
MOVE B53 192
MOVE B54 201
MOVE B55 201
MOVE B56 219
MOVE B57 219
MOVE B58 219
MOVE B59 222
MOVE B60 222
MOVE B61 222
END TURN 208
TURN 209
COMMAND LEFT START
COMMAND LEFT END
COMMAND RIGHT START
MOVE B62 24
TRAIN 3
COMMAND RIGHT END
TURN 209 RESULT
TIME LEFT 0 5 RIGHT 0 5
TRAIN B74 B75 B76
MOVE B46 34
MOVE B47 105
MOVE B48 121
MOVE B49 165
MOVE B50 198
MOVE B51 139
MOVE B52 176
MOVE B53 176
MOVE B54 192
MOVE B55 192
MOVE B56 201
MOVE B57 201
MOVE B58 201
MOVE B59 219
MOVE B60 219
MOVE B61 219
MOVE B62 223
END TURN 209
TURN 210
COMMAND LEFT START
COMMAND LEFT END
COMMAND RIGHT START
MOVE B63 34
MOVE B64 34
TRAIN 3
COMMAND RIGHT END
TURN 210 RESULT
TIME LEFT 0 5 RIGHT 0 5
TRAIN B77 B78 B79
MOVE B47 91
MOVE B48 112
MOVE B49 147
MOVE B50 182
MOVE B51 124
MOVE B52 158
MOVE B53 158
MOVE B54 176
MOVE B55 176
MOVE B56 192
MOVE B57 192
MOVE B58 192
MOVE B59 201
MOVE B60 201
MOVE B61 201
MOVE B62 215
MOVE B63 222
MOVE B64 222
END TURN 210
TURN 211
COMMAND LEFT START
COMMAND LEFT END
COMMAND RIGHT START
MOVE B65 34
MOVE B66 34
MOVE B67 34
TRAIN 3
COMMAND RIGHT END
TURN 211 RESULT
TIME LEFT 0 5 RIGHT 0 5
TRAIN B80 B81 B82
MOVE B47 79
MOVE B48 88
MOVE B49 131
MOVE B50 160
MOVE B51 101
MOVE B52 139
MOVE B53 139
MOVE B54 158
MOVE B55 158
MOVE B56 176
MOVE B57 176
MOVE B58 176
MOVE B59 192
MOVE B60 192
MOVE B61 192
MOVE B62 209
MOVE B63 219
MOVE B64 219
MOVE B65 222
MOVE B66 222
MOVE B67 222
END TURN 211
TURN 212
COMMAND LEFT START
COMMAND LEFT END
COMMAND RIGHT START
MOVE B68 34
MOVE B69 34
MOVE B70 34
TRAIN 3
COMMAND RIGHT END
TURN 212 RESULT
TIME LEFT 0 5 RIGHT 0 5
TRAIN B83 B84 B85
MOVE B47 64
MOVE B48 70
MOVE B49 119
MOVE B50 132
MOVE B51 87
MOVE B52 124
MOVE B53 124
MOVE B54 139
MOVE B55 139
MOVE B56 158
MOVE B57 158
MOVE B58 158
MOVE B59 176
MOVE B60 176
MOVE B61 176
MOVE B62 198
MOVE B63 201
MOVE B64 201
MOVE B65 219
MOVE B66 219
MOVE B67 219
MOVE B68 222
MOVE B69 222
MOVE B70 222
END TURN 212
TURN 213
COMMAND LEFT START
COMMAND LEFT END
COMMAND RIGHT START
MOVE B71 34
MOVE B72 34
MOVE B73 34
TRAIN 3
COMMAND RIGHT END
TURN 213 RESULT
TIME LEFT 0 5 RIGHT 0 5
TRAIN B86 B87 B88
MOVE B47 46
MOVE B48 60
MOVE B49 105
MOVE B50 121
MOVE B51 75
MOVE B52 101
MOVE B53 101
MOVE B54 124
MOVE B55 124
MOVE B56 139
MOVE B57 139
MOVE B58 139
MOVE B59 158
MOVE B60 158
MOVE B61 158
MOVE B62 182
MOVE B63 192
MOVE B64 192
MOVE B65 201
MOVE B66 201
MOVE B67 201
MOVE B68 219
MOVE B69 219
MOVE B70 219
MOVE B71 222
MOVE B72 222
MOVE B73 222
END TURN 213
TURN 214
COMMAND LEFT START
COMMAND LEFT END
COMMAND RIGHT START
MOVE B74 34
MOVE B75 34
MOVE B76 34
TRAIN 3
COMMAND RIGHT END
TURN 214 RESULT
TIME LEFT 0 5 RIGHT 0 5
TRAIN B89 B90 B91
MOVE B47 32
MOVE B48 54
MOVE B49 91
MOVE B50 112
MOVE B51 56
MOVE B52 87
MOVE B53 87
MOVE B54 101
MOVE B55 101
MOVE B56 124
MOVE B57 124
MOVE B58 124
MOVE B59 139
MOVE B60 139
MOVE B61 139
MOVE B62 160
MOVE B63 176
MOVE B64 176
MOVE B65 192
MOVE B66 192
MOVE B67 192
MOVE B68 201
MOVE B69 201
MOVE B70 201
MOVE B71 219
MOVE B72 219
MOVE B73 219
MOVE B74 222
MOVE B75 222
MOVE B76 222
END TURN 214
TURN 215
COMMAND LEFT START
COMMAND LEFT END
COMMAND RIGHT START
MOVE B77 34
MOVE B78 34
MOVE B79 34
TRAIN 3
COMMAND RIGHT END
TURN 215 RESULT
TIME LEFT 0 5 RIGHT 0 5
TRAIN B92 B93 B94
MOVE B48 35
MOVE B49 79
MOVE B50 89
MOVE B51 34
MOVE B52 75
MOVE B53 75
MOVE B54 87
MOVE B55 87
MOVE B56 101
MOVE B57 101
MOVE B58 101
MOVE B59 124
MOVE B60 124
MOVE B61 124
MOVE B62 132
MOVE B63 158
MOVE B64 158
MOVE B65 176
MOVE B66 176
MOVE B67 176
MOVE B68 192
MOVE B69 192
MOVE B70 192
MOVE B71 201
MOVE B72 201
MOVE B73 201
MOVE B74 219
MOVE B75 219
MOVE B76 219
MOVE B77 222
MOVE B78 222
MOVE B79 222
END TURN 215
TURN 216
COMMAND LEFT START
COMMAND LEFT END
COMMAND RIGHT START
MOVE B80 34
MOVE B81 34
MOVE B82 34
TRAIN 3
COMMAND RIGHT END
TURN 216 RESULT
TIME LEFT 0 5 RIGHT 0 5
TRAIN B95 B96 B97
MOVE B48 25
MOVE B49 64
MOVE B50 85
MOVE B52 56
MOVE B53 56
MOVE B54 75
MOVE B55 75
MOVE B56 87
MOVE B57 87
MOVE B58 87
MOVE B59 101
MOVE B60 101
MOVE B61 101
MOVE B62 121
MOVE B63 139
MOVE B64 139
MOVE B65 158
MOVE B66 158
MOVE B67 158
MOVE B68 176
MOVE B69 176
MOVE B70 176
MOVE B71 192
MOVE B72 192
MOVE B73 192
MOVE B74 201
MOVE B75 201
MOVE B76 201
MOVE B77 219
MOVE B78 219
MOVE B79 219
MOVE B80 222
MOVE B81 222
MOVE B82 222
END TURN 216
TURN 217
COMMAND LEFT START
COMMAND LEFT END
COMMAND RIGHT START
MOVE B38 25
MOVE B83 34
MOVE B84 34
MOVE B85 34
UPGRADE 25
TRAIN 3
COMMAND RIGHT END
TURN 217 RESULT
TIME LEFT 0 5 RIGHT 0 5
UPGRADE B 25
TRAIN B98 B99 B100
MOVE B38 39
MOVE B49 46
MOVE B50 71
MOVE B52 34
MOVE B53 34
MOVE B54 56
MOVE B55 56
MOVE B56 75
MOVE B57 75
MOVE B58 75
MOVE B59 87
MOVE B60 87
MOVE B61 87
MOVE B62 112
MOVE B63 124
MOVE B64 124
MOVE B65 139
MOVE B66 139
MOVE B67 139
MOVE B68 158
MOVE B69 158
MOVE B70 158
MOVE B71 176
MOVE B72 176
MOVE B73 176
MOVE B74 192
MOVE B75 192
MOVE B76 192
MOVE B77 201
MOVE B78 201
MOVE B79 201
MOVE B80 219
MOVE B81 219
MOVE B82 219
MOVE B83 222
MOVE B84 222
MOVE B85 222
END TURN 217
TURN 218
COMMAND LEFT START
COMMAND LEFT END
COMMAND RIGHT START
MOVE B86 34
MOVE B87 34
MOVE B88 34
UPGRADE 25
TRAIN 3
COMMAND RIGHT END
TURN 218 RESULT
TIME LEFT 0 5 RIGHT 0 5
UPGRADE B 25
TRAIN B101 B102 B103
MOVE B38 32
MOVE B49 32
MOVE B50 53
MOVE B54 34
MOVE B55 34
MOVE B56 56
MOVE B57 56
MOVE B58 56
MOVE B59 75
MOVE B60 75
MOVE B61 75
MOVE B62 89
MOVE B63 101
MOVE B64 101
MOVE B65 124
MOVE B66 124
MOVE B67 124
MOVE B68 139
MOVE B69 139
MOVE B70 139
MOVE B71 158
MOVE B72 158
MOVE B73 158
MOVE B74 176
MOVE B75 176
MOVE B76 176
MOVE B77 192
MOVE B78 192
MOVE B79 192
MOVE B80 201
MOVE B81 201
MOVE B82 201
MOVE B83 219
MOVE B84 219
MOVE B85 219
MOVE B86 222
MOVE B87 222
MOVE B88 222
END TURN 218
TURN 219
COMMAND LEFT START
COMMAND LEFT END
COMMAND RIGHT START
MOVE B89 34
MOVE B90 34
MOVE B91 34
UPGRADE 25
TRAIN 3
COMMAND RIGHT END
TURN 219 RESULT
TIME LEFT 0 5 RIGHT 0 5
UPGRADE B 25
TRAIN B104 B105 B106
MOVE B38 30
MOVE B50 43
MOVE B56 34
MOVE B57 34
MOVE B58 34
MOVE B59 56
MOVE B60 56
MOVE B61 56
MOVE B62 85
MOVE B63 87
MOVE B64 87
MOVE B65 101
MOVE B66 101
MOVE B67 101
MOVE B68 124
MOVE B69 124
MOVE B70 124
MOVE B71 139
MOVE B72 139
MOVE B73 139
MOVE B74 158
MOVE B75 158
MOVE B76 158
MOVE B77 176
MOVE B78 176
MOVE B79 176
MOVE B80 192
MOVE B81 192
MOVE B82 192
MOVE B83 201
MOVE B84 201
MOVE B85 201
MOVE B86 219
MOVE B87 219
MOVE B88 219
MOVE B89 222
MOVE B90 222
MOVE B91 222
END TURN 219
TURN 220
COMMAND LEFT START
COMMAND LEFT END
COMMAND RIGHT START
MOVE B92 25
MOVE B93 34
MOVE B94 34
TRAIN 3
COMMAND RIGHT END
TURN 220 RESULT
TIME LEFT 0 5 RIGHT 0 5
TRAIN B107 B108 B109
MOVE B38 20
MOVE B50 24
MOVE B59 34
MOVE B60 34
MOVE B61 34
MOVE B62 71
MOVE B63 75
MOVE B64 75
MOVE B65 87
MOVE B66 87
MOVE B67 87
MOVE B68 101
MOVE B69 101
MOVE B70 101
MOVE B71 124
MOVE B72 124
MOVE B73 124
MOVE B74 139
MOVE B75 139
MOVE B76 139
MOVE B77 158
MOVE B78 158
MOVE B79 158
MOVE B80 176
MOVE B81 176
MOVE B82 176
MOVE B83 192
MOVE B84 192
MOVE B85 192
MOVE B86 201
MOVE B87 201
MOVE B88 201
MOVE B89 219
MOVE B90 219
MOVE B91 219
MOVE B92 223
MOVE B93 222
MOVE B94 222
END TURN 220
TURN 221
COMMAND LEFT START
COMMAND LEFT END
COMMAND RIGHT START
MOVE B95 34
MOVE B96 34
MOVE B97 34
TRAIN 3
COMMAND RIGHT END
TURN 221 RESULT
TIME LEFT 0 5 RIGHT 0 5
TRAIN B110 B111 B112
MOVE B38 22
MOVE B62 53
MOVE B63 56
MOVE B64 56
MOVE B65 75
MOVE B66 75
MOVE B67 75
MOVE B68 87
MOVE B69 87
MOVE B70 87
MOVE B71 101
MOVE B72 101
MOVE B73 101
MOVE B74 124
MOVE B75 124
MOVE B76 124
MOVE B77 139
MOVE B78 139
MOVE B79 139
MOVE B80 158
MOVE B81 158
MOVE B82 158
MOVE B83 176
MOVE B84 176
MOVE B85 176
MOVE B86 192
MOVE B87 192
MOVE B88 192
MOVE B89 201
MOVE B90 201
MOVE B91 201
MOVE B92 215
MOVE B93 219
MOVE B94 219
MOVE B95 222
MOVE B96 222
MOVE B97 222
END TURN 221
TURN 222
COMMAND LEFT START
COMMAND LEFT END
COMMAND RIGHT START
MOVE B98 34
MOVE B99 34
MOVE B100 34
TRAIN 3
COMMAND RIGHT END
TURN 222 RESULT
TIME LEFT 0 5 RIGHT 0 5
TRAIN B113 B114 B115
MOVE B38 23
MOVE B62 43
MOVE B63 34
MOVE B64 34
MOVE B65 56
MOVE B66 56
MOVE B67 56
MOVE B68 75
MOVE B69 75
MOVE B70 75
MOVE B71 87
MOVE B72 87
MOVE B73 87
MOVE B74 101
MOVE B75 101
MOVE B76 101
MOVE B77 124
MOVE B78 124
MOVE B79 124
MOVE B80 139
MOVE B81 139
MOVE B82 139
MOVE B83 158
MOVE B84 158
MOVE B85 158
MOVE B86 176
MOVE B87 176
MOVE B88 176
MOVE B89 192
MOVE B90 192
MOVE B91 192
MOVE B92 209
MOVE B93 201
MOVE B94 201
MOVE B95 219
MOVE B96 219
MOVE B97 219
MOVE B98 222
MOVE B99 222
MOVE B100 222
DAMAGE TURRET B38 1
DAMAGE COMBAT A3 1
DAMAGE COMBAT B38 1
END TURN 222
TURN 223
COMMAND LEFT START
MOVE A5 23
MOVE A6 23
MOVE A7 23
MOVE A8 23
MOVE A9 23
MOVE A10 23
MOVE A11 23
MOVE A12 23
MOVE A13 23
MOVE A14 23
MOVE A15 23
MOVE A16 23
MOVE A17 23
MOVE A18 23
MOVE A19 23
MOVE A20 23
MOVE A21 23
MOVE A22 23
COMMAND LEFT END
COMMAND RIGHT START
MOVE B101 34
MOVE B102 34
MOVE B103 34
TRAIN 3
COMMAND RIGHT END
TURN 223 RESULT
TIME LEFT 0 5 RIGHT 0 5
TRAIN B116 B117 B118
MOVE A5 92
MOVE A6 92
MOVE A7 92
MOVE A8 92
MOVE A9 92
MOVE A10 92
MOVE A11 92
MOVE A12 92
MOVE A13 92
MOVE A14 92
MOVE A15 92
MOVE A16 92
MOVE A17 92
MOVE A18 5
MOVE A19 5
MOVE A20 5
MOVE A21 5
MOVE A22 5
MOVE B62 24
MOVE B65 34
MOVE B66 34
MOVE B67 34
MOVE B68 56
MOVE B69 56
MOVE B70 56
MOVE B71 75
MOVE B72 75
MOVE B73 75
MOVE B74 87
MOVE B75 87
MOVE B76 87
MOVE B77 101
MOVE B78 101
MOVE B79 101
MOVE B80 124
MOVE B81 124
MOVE B82 124
MOVE B83 139
MOVE B84 139
MOVE B85 139
MOVE B86 158
MOVE B87 158
MOVE B88 158
MOVE B89 176
MOVE B90 176
MOVE B91 176
MOVE B92 198
MOVE B93 192
MOVE B94 192
MOVE B95 201
MOVE B96 201
MOVE B97 201
MOVE B98 219
MOVE B99 219
MOVE B100 219
MOVE B101 222
MOVE B102 222
MOVE B103 222
DAMAGE TURRET B38 1
DAMAGE COMBAT A3 1
DAMAGE COMBAT B38 1
END TURN 223
TURN 224
COMMAND LEFT START
COMMAND LEFT END
COMMAND RIGHT START
MOVE B104 34
MOVE B105 34
MOVE B106 34
TRAIN 3
COMMAND RIGHT END
TURN 224 RESULT
TIME LEFT 0 5 RIGHT 0 5
TRAIN B119 B120 B121
MOVE A5 80
MOVE A6 80
MOVE A7 80
MOVE A8 80
MOVE A9 80
MOVE A10 80
MOVE A11 80
MOVE A12 80
MOVE A13 80
MOVE A14 80
MOVE A15 80
MOVE A16 80
MOVE A17 80
MOVE A18 14
MOVE A19 14
MOVE A20 14
MOVE A21 14
MOVE A22 14
MOVE B68 34
MOVE B69 34
MOVE B70 34
MOVE B71 56
MOVE B72 56
MOVE B73 56
MOVE B74 75
MOVE B75 75
MOVE B76 75
MOVE B77 87
MOVE B78 87
MOVE B79 87
MOVE B80 101
MOVE B81 101
MOVE B82 101
MOVE B83 124
MOVE B84 124
MOVE B85 124
MOVE B86 139
MOVE B87 139
MOVE B88 139
MOVE B89 158
MOVE B90 158
MOVE B91 158
MOVE B92 182
MOVE B93 176
MOVE B94 176
MOVE B95 192
MOVE B96 192
MOVE B97 192
MOVE B98 201
MOVE B99 201
MOVE B100 201
MOVE B101 219
MOVE B102 219
MOVE B103 219
MOVE B104 222
MOVE B105 222
MOVE B106 222
DAMAGE TURRET B38 1
DAMAGE COMBAT A3 1
END TURN 224
TURN 225
COMMAND LEFT START
COMMAND LEFT END
COMMAND RIGHT START
MOVE B107 25
MOVE B108 34
MOVE B109 34
TRAIN 3
COMMAND RIGHT END
TURN 225 RESULT
TIME LEFT 0 5 RIGHT 0 5
TRAIN B122 B123 B124
MOVE A5 69
MOVE A6 69
MOVE A7 69
MOVE A8 69
MOVE A9 69
MOVE A10 69
MOVE A11 69
MOVE A12 69
MOVE A13 69
MOVE A14 69
MOVE A15 69
MOVE A16 69
MOVE A17 69
MOVE A18 23
MOVE A19 23
MOVE A20 23
MOVE A21 23
MOVE A22 23
MOVE B71 34
MOVE B72 34
MOVE B73 34
MOVE B74 56
MOVE B75 56
MOVE B76 56
MOVE B77 75
MOVE B78 75
MOVE B79 75
MOVE B80 87
MOVE B81 87
MOVE B82 87
MOVE B83 101
MOVE B84 101
MOVE B85 101
MOVE B86 124
MOVE B87 124
MOVE B88 124
MOVE B89 139
MOVE B90 139
MOVE B91 139
MOVE B92 160
MOVE B93 158
MOVE B94 158
MOVE B95 176
MOVE B96 176
MOVE B97 176
MOVE B98 192
MOVE B99 192
MOVE B100 192
MOVE B101 201
MOVE B102 201
MOVE B103 201
MOVE B104 219
MOVE B105 219
MOVE B106 219
MOVE B107 223
MOVE B108 222
MOVE B109 222
END TURN 225
TURN 226
COMMAND LEFT START
MOVE A18 114
MOVE A19 114
MOVE A20 114
MOVE A21 114
MOVE A22 114
COMMAND LEFT END
COMMAND RIGHT START
MOVE B51 23
MOVE B52 23
MOVE B53 23
MOVE B54 23
MOVE B55 23
MOVE B56 23
MOVE B57 23
MOVE B58 23
MOVE B59 23
MOVE B60 23
MOVE B61 23
MOVE B63 23
MOVE B64 23
MOVE B65 23
MOVE B66 23
MOVE B67 23
MOVE B68 23
MOVE B69 23
MOVE B70 23
MOVE B71 23
MOVE B72 23
MOVE B110 34
MOVE B111 34
MOVE B112 34
TRAIN 3
COMMAND RIGHT END
TURN 226 RESULT
TIME LEFT 0 5 RIGHT 0 5
TRAIN B125 B126 B127
MOVE A5 47
MOVE A6 47
MOVE A7 47
MOVE A8 47
MOVE A9 47
MOVE A10 47
MOVE A11 47
MOVE A12 47
MOVE A13 47
MOVE A14 47
MOVE A15 47
MOVE A16 47
MOVE A17 47
MOVE A18 47
MOVE A19 47
MOVE A20 47
MOVE A21 47
MOVE A22 47
MOVE B51 39
MOVE B52 39
MOVE B53 39
MOVE B54 39
MOVE B55 39
MOVE B56 39
MOVE B57 39
MOVE B58 39
MOVE B59 39
MOVE B60 39
MOVE B61 39
MOVE B63 39
MOVE B64 39
MOVE B65 39
MOVE B66 39
MOVE B67 39
MOVE B68 39
MOVE B69 39
MOVE B70 39
MOVE B71 39
MOVE B72 39
MOVE B74 34
MOVE B75 34
MOVE B76 34
MOVE B77 56
MOVE B78 56
MOVE B79 56
MOVE B80 75
MOVE B81 75
MOVE B82 75
MOVE B83 87
MOVE B84 87
MOVE B85 87
MOVE B86 101
MOVE B87 101
MOVE B88 101
MOVE B89 124
MOVE B90 124
MOVE B91 124
MOVE B92 132
MOVE B93 139
MOVE B94 139
MOVE B95 158
MOVE B96 158
MOVE B97 158
MOVE B98 176
MOVE B99 176
MOVE B100 176
MOVE B101 192
MOVE B102 192
MOVE B103 192
MOVE B104 201
MOVE B105 201
MOVE B106 201
MOVE B107 215
MOVE B108 219
MOVE B109 219
MOVE B110 222
MOVE B111 222
MOVE B112 222
END TURN 226
TURN 227
COMMAND LEFT START
COMMAND LEFT END
COMMAND RIGHT START
MOVE B113 34
MOVE B114 34
MOVE B115 34
TRAIN 3
COMMAND RIGHT END
TURN 227 RESULT
TIME LEFT 0 5 RIGHT 0 5
TRAIN B128 B129 B130
MOVE A5 23
MOVE A6 23
MOVE A7 23
MOVE A8 23
MOVE A9 23
MOVE A10 23
MOVE A11 23
MOVE A12 23
MOVE A13 23
MOVE A14 23
MOVE A15 23
MOVE A16 23
MOVE A17 23
MOVE A18 69
MOVE A19 69
MOVE A20 69
MOVE A21 69
MOVE A22 69
MOVE B51 32
MOVE B52 32
MOVE B53 32
MOVE B54 32
MOVE B55 32
MOVE B56 32
MOVE B57 32
MOVE B58 32
MOVE B59 32
MOVE B60 32
MOVE B61 32
MOVE B63 32
MOVE B64 32
MOVE B65 32
MOVE B66 32
MOVE B67 32
MOVE B68 32
MOVE B69 32
MOVE B70 32
MOVE B71 32
MOVE B72 32
MOVE B77 34
MOVE B78 34
MOVE B79 34
MOVE B80 56
MOVE B81 56
MOVE B82 56
MOVE B83 75
MOVE B84 75
MOVE B85 75
MOVE B86 87
MOVE B87 87
MOVE B88 87
MOVE B89 101
MOVE B90 101
MOVE B91 101
MOVE B92 121
MOVE B93 124
MOVE B94 124
MOVE B95 139
MOVE B96 139
MOVE B97 139
MOVE B98 158
MOVE B99 158
MOVE B100 158
MOVE B101 176
MOVE B102 176
MOVE B103 176
MOVE B104 192
MOVE B105 192
MOVE B106 192
MOVE B107 209
MOVE B108 201
MOVE B109 201
MOVE B110 219
MOVE B111 219
MOVE B112 219
MOVE B113 222
MOVE B114 222
MOVE B115 222
END TURN 227
TURN 228
COMMAND LEFT START
MOVE A5 114
MOVE A6 114
MOVE A7 114
MOVE A8 114
MOVE A9 114
MOVE A10 114
MOVE A11 114
MOVE A12 114
MOVE A13 114
MOVE A14 114
MOVE A15 114
MOVE A16 114
MOVE A17 114
COMMAND LEFT END
COMMAND RIGHT START
MOVE B116 34
MOVE B117 34
MOVE B118 34
TRAIN 3
COMMAND RIGHT END
TURN 228 RESULT
TIME LEFT 0 5 RIGHT 0 5
TRAIN B131 B132 B133
MOVE A5 47
MOVE A6 47
MOVE A7 47
MOVE A8 47
MOVE A9 47
MOVE A10 47
MOVE A11 47
MOVE A12 47
MOVE A13 47
MOVE A14 47
MOVE A15 47
MOVE A16 47
MOVE A17 47
MOVE A18 80
MOVE A19 80
MOVE A20 80
MOVE A21 80
MOVE A22 80
MOVE B51 30
MOVE B52 30
MOVE B53 30
MOVE B54 30
MOVE B55 30
MOVE B56 30
MOVE B57 30
MOVE B58 30
MOVE B59 30
MOVE B60 30
MOVE B61 30
MOVE B63 30
MOVE B64 30
MOVE B65 30
MOVE B66 30
MOVE B67 30
MOVE B68 30
MOVE B69 30
MOVE B70 30
MOVE B71 30
MOVE B72 30
MOVE B80 34
MOVE B81 34
MOVE B82 34
MOVE B83 56
MOVE B84 56
MOVE B85 56
MOVE B86 75
MOVE B87 75
MOVE B88 75
MOVE B89 87
MOVE B90 87
MOVE B91 87
MOVE B92 112
MOVE B93 101
MOVE B94 101
MOVE B95 124
MOVE B96 124
MOVE B97 124
MOVE B98 139
MOVE B99 139
MOVE B100 139
MOVE B101 158
MOVE B102 158
MOVE B103 158
MOVE B104 176
MOVE B105 176
MOVE B106 176
MOVE B107 198
MOVE B108 192
MOVE B109 192
MOVE B110 201
MOVE B111 201
MOVE B112 201
MOVE B113 219
MOVE B114 219
MOVE B115 219
MOVE B116 222
MOVE B117 222
MOVE B118 222
END TURN 228
TURN 229
COMMAND LEFT START
COMMAND LEFT END
COMMAND RIGHT START
MOVE B119 34
MOVE B120 34
MOVE B121 34
TRAIN 3
COMMAND RIGHT END
TURN 229 RESULT
TIME LEFT 0 5 RIGHT 0 5
TRAIN B134 B135 B136
MOVE A5 69
MOVE A6 69
MOVE A7 69
MOVE A8 69
MOVE A9 69
MOVE A10 69
MOVE A11 69
MOVE A12 69
MOVE A13 69
MOVE A14 69
MOVE A15 69
MOVE A16 69
MOVE A17 69
MOVE A18 92
MOVE A19 92
MOVE A20 92
MOVE A21 92
MOVE A22 92
MOVE B51 20
MOVE B52 20
MOVE B53 20
MOVE B54 20
MOVE B55 20
MOVE B56 20
MOVE B57 20
MOVE B58 20
MOVE B59 20
MOVE B60 20
MOVE B61 20
MOVE B63 20
MOVE B64 20
MOVE B65 20
MOVE B66 20
MOVE B67 20
MOVE B68 20
MOVE B69 20
MOVE B70 20
MOVE B71 20
MOVE B72 20
MOVE B83 34
MOVE B84 34
MOVE B85 34
MOVE B86 56
MOVE B87 56
MOVE B88 56
MOVE B89 75
MOVE B90 75
MOVE B91 75
MOVE B92 88
MOVE B93 87
MOVE B94 87
MOVE B95 101
MOVE B96 101
MOVE B97 101
MOVE B98 124
MOVE B99 124
MOVE B100 124
MOVE B101 139
MOVE B102 139
MOVE B103 139
MOVE B104 158
MOVE B105 158
MOVE B106 158
MOVE B107 182
MOVE B108 176
MOVE B109 176
MOVE B110 192
MOVE B111 192
MOVE B112 192
MOVE B113 201
MOVE B114 201
MOVE B115 201
MOVE B116 219
MOVE B117 219
MOVE B118 219
MOVE B119 222
MOVE B120 222
MOVE B121 222
END TURN 229
TURN 230
COMMAND LEFT START
COMMAND LEFT END
COMMAND RIGHT START
MOVE B122 34
MOVE B123 34
MOVE B124 34
TRAIN 3
COMMAND RIGHT END
TURN 230 RESULT
TIME LEFT 0 5 RIGHT 0 5
TRAIN B137 B138 B139
MOVE A5 80
MOVE A6 80
MOVE A7 80
MOVE A8 80
MOVE A9 80
MOVE A10 80
MOVE A11 80
MOVE A12 80
MOVE A13 80
MOVE A14 80
MOVE A15 80
MOVE A16 80
MOVE A17 80
MOVE A18 114
MOVE A19 114
MOVE A20 114
MOVE A21 114
MOVE A22 114
MOVE B51 22
MOVE B52 22
MOVE B53 22
MOVE B54 22
MOVE B55 22
MOVE B56 22
MOVE B57 22
MOVE B58 22
MOVE B59 22
MOVE B60 22
MOVE B61 22
MOVE B63 22
MOVE B64 22
MOVE B65 22
MOVE B66 22
MOVE B67 22
MOVE B68 22
MOVE B69 22
MOVE B70 22
MOVE B71 22
MOVE B72 22
MOVE B86 34
MOVE B87 34
MOVE B88 34
MOVE B89 56
MOVE B90 56
MOVE B91 56
MOVE B92 70
MOVE B93 75
MOVE B94 75
MOVE B95 87
MOVE B96 87
MOVE B97 87
MOVE B98 101
MOVE B99 101
MOVE B100 101
MOVE B101 124
MOVE B102 124
MOVE B103 124
MOVE B104 139
MOVE B105 139
MOVE B106 139
MOVE B107 160
MOVE B108 158
MOVE B109 158
MOVE B110 176
MOVE B111 176
MOVE B112 176
MOVE B113 192
MOVE B114 192
MOVE B115 192
MOVE B116 201
MOVE B117 201
MOVE B118 201
MOVE B119 219
MOVE B120 219
MOVE B121 219
MOVE B122 222
MOVE B123 222
MOVE B124 222
END TURN 230
TURN 231
COMMAND LEFT START
COMMAND LEFT END
COMMAND RIGHT START
MOVE B125 34
MOVE B126 34
MOVE B127 34
TRAIN 3
COMMAND RIGHT END
TURN 231 RESULT
TIME LEFT 0 5 RIGHT 0 5
TRAIN B140 B141 B142
MOVE A5 92
MOVE A6 92
MOVE A7 92
MOVE A8 92
MOVE A9 92
MOVE A10 92
MOVE A11 92
MOVE A12 92
MOVE A13 92
MOVE A14 92
MOVE A15 92
MOVE A16 92
MOVE A17 92
MOVE B51 23
MOVE B52 23
MOVE B53 23
MOVE B54 23
MOVE B55 23
MOVE B56 23
MOVE B57 23
MOVE B58 23
MOVE B59 23
MOVE B60 23
MOVE B61 23
MOVE B63 23
MOVE B64 23
MOVE B65 23
MOVE B66 23
MOVE B67 23
MOVE B68 23
MOVE B69 23
MOVE B70 23
MOVE B71 23
MOVE B72 23
MOVE B89 34
MOVE B90 34
MOVE B91 34
MOVE B92 60
MOVE B93 56
MOVE B94 56
MOVE B95 75
MOVE B96 75
MOVE B97 75
MOVE B98 87
MOVE B99 87
MOVE B100 87
MOVE B101 101
MOVE B102 101
MOVE B103 101
MOVE B104 124
MOVE B105 124
MOVE B106 124
MOVE B107 132
MOVE B108 139
MOVE B109 139
MOVE B110 158
MOVE B111 158
MOVE B112 158
MOVE B113 176
MOVE B114 176
MOVE B115 176
MOVE B116 192
MOVE B117 192
MOVE B118 192
MOVE B119 201
MOVE B120 201
MOVE B121 201
MOVE B122 219
MOVE B123 219
MOVE B124 219
MOVE B125 222
MOVE B126 222
MOVE B127 222
DAMAGE TURRET B51 1
DAMAGE COMBAT A3 1
DAMAGE COMBAT B51 1
SIEGE A 23 6
END TURN 231
TURN 232
COMMAND LEFT START
COMMAND LEFT END
COMMAND RIGHT START
MOVE B45 23
MOVE B128 34
MOVE B129 34
MOVE B130 34
UPGRADE 23
TRAIN 3
COMMAND RIGHT END
TURN 232 RESULT
TIME LEFT 0 5 RIGHT 0 5
UPGRADE B 23
TRAIN B143 B144 B145
MOVE A5 114
MOVE A6 114
MOVE A7 114
MOVE A8 114
MOVE A9 114
MOVE A10 114
MOVE A11 114
MOVE A12 114
MOVE A13 114
MOVE A14 114
MOVE A15 114
MOVE A16 114
MOVE A17 114
MOVE B45 39
MOVE B92 54
MOVE B93 34
MOVE B94 34
MOVE B95 56
MOVE B96 56
MOVE B97 56
MOVE B98 75
MOVE B99 75
MOVE B100 75
MOVE B101 87
MOVE B102 87
MOVE B103 87
MOVE B104 101
MOVE B105 101
MOVE B106 101
MOVE B107 121
MOVE B108 124
MOVE B109 124
MOVE B110 139
MOVE B111 139
MOVE B112 139
MOVE B113 158
MOVE B114 158
MOVE B115 158
MOVE B116 176
MOVE B117 176
MOVE B118 176
MOVE B119 192
MOVE B120 192
MOVE B121 192
MOVE B122 201
MOVE B123 201
MOVE B124 201
MOVE B125 219
MOVE B126 219
MOVE B127 219
MOVE B128 222
MOVE B129 222
MOVE B130 222
END TURN 232
TURN 233
COMMAND LEFT START
COMMAND LEFT END
COMMAND RIGHT START
MOVE B131 23
MOVE B132 23
MOVE B133 23
MOVE B73 23
MOVE B74 23
MOVE B75 23
MOVE B76 23
MOVE B77 23
MOVE B78 23
MOVE B79 23
MOVE B80 23
MOVE B81 23
MOVE B82 23
MOVE B83 23
MOVE B84 23
MOVE B85 23
MOVE B86 23
MOVE B87 23
MOVE B88 23
MOVE B89 23
MOVE B90 23
MOVE B91 23
UPGRADE 23
TRAIN 3
COMMAND RIGHT END
TURN 233 RESULT
TIME LEFT 0 5 RIGHT 0 5
UPGRADE B 23
TRAIN B146 B147 B148
MOVE B45 32
MOVE B73 39
MOVE B74 39
MOVE B75 39
MOVE B76 39
MOVE B77 39
MOVE B78 39
MOVE B79 39
MOVE B80 39
MOVE B81 39
MOVE B82 39
MOVE B83 39
MOVE B84 39
MOVE B85 39
MOVE B86 39
MOVE B87 39
MOVE B88 39
MOVE B89 39
MOVE B90 39
MOVE B91 39
MOVE B92 35
MOVE B95 34
MOVE B96 34
MOVE B97 34
MOVE B98 56
MOVE B99 56
MOVE B100 56
MOVE B101 75
MOVE B102 75
MOVE B103 75
MOVE B104 87
MOVE B105 87
MOVE B106 87
MOVE B107 112
MOVE B108 101
MOVE B109 101
MOVE B110 124
MOVE B111 124
MOVE B112 124
MOVE B113 139
MOVE B114 139
MOVE B115 139
MOVE B116 158
MOVE B117 158
MOVE B118 158
MOVE B119 176
MOVE B120 176
MOVE B121 176
MOVE B122 192
MOVE B123 192
MOVE B124 192
MOVE B125 201
MOVE B126 201
MOVE B127 201
MOVE B128 219
MOVE B129 219
MOVE B130 219
MOVE B131 223
MOVE B132 223
MOVE B133 223
END TURN 233
TURN 234
COMMAND LEFT START
COMMAND LEFT END
COMMAND RIGHT START
MOVE B134 23
MOVE B135 23
MOVE B136 23
MOVE B93 23
MOVE B94 23
MOVE B95 23
UPGRADE 23
TRAIN 3
COMMAND RIGHT END
TURN 234 RESULT
TIME LEFT 0 5 RIGHT 0 5
UPGRADE B 23
TRAIN B149 B150 B151
MOVE B45 30
MOVE B73 32
MOVE B74 32
MOVE B75 32
MOVE B76 32
MOVE B77 32
MOVE B78 32
MOVE B79 32
MOVE B80 32
MOVE B81 32
MOVE B82 32
MOVE B83 32
MOVE B84 32
MOVE B85 32
MOVE B86 32
MOVE B87 32
MOVE B88 32
MOVE B89 32
MOVE B90 32
MOVE B91 32
MOVE B92 25
MOVE B93 39
MOVE B94 39
MOVE B95 39
MOVE B98 34
MOVE B99 34
MOVE B100 34
MOVE B101 56
MOVE B102 56
MOVE B103 56
MOVE B104 75
MOVE B105 75
MOVE B106 75
MOVE B107 88
MOVE B108 87
MOVE B109 87
MOVE B110 101
MOVE B111 101
MOVE B112 101
MOVE B113 124
MOVE B114 124
MOVE B115 124
MOVE B116 139
MOVE B117 139
MOVE B118 139
MOVE B119 158
MOVE B120 158
MOVE B121 158
MOVE B122 176
MOVE B123 176
MOVE B124 176
MOVE B125 192
MOVE B126 192
MOVE B127 192
MOVE B128 201
MOVE B129 201
MOVE B130 201
MOVE B131 214
MOVE B132 214
MOVE B133 214
MOVE B134 223
MOVE B135 223
MOVE B136 223
END TURN 234
TURN 235
COMMAND LEFT START
COMMAND LEFT END
COMMAND RIGHT START
MOVE B137 23
MOVE B138 23
MOVE B139 23
MOVE B96 23
MOVE B97 23
MOVE B98 23
TRAIN 3
COMMAND RIGHT END
TURN 235 RESULT
TIME LEFT 0 5 RIGHT 0 5
TRAIN B152 B153 B154
MOVE B45 20
MOVE B73 30
MOVE B74 30
MOVE B75 30
MOVE B76 30
MOVE B77 30
MOVE B78 30
MOVE B79 30
MOVE B80 30
MOVE B81 30
MOVE B82 30
MOVE B83 30
MOVE B84 30
MOVE B85 30
MOVE B86 30
MOVE B87 30
MOVE B88 30
MOVE B89 30
MOVE B90 30
MOVE B91 30
MOVE B93 32
MOVE B94 32
MOVE B95 32
MOVE B96 39
MOVE B97 39
MOVE B98 39
MOVE B101 34
MOVE B102 34
MOVE B103 34
MOVE B104 56
MOVE B105 56
MOVE B106 56
MOVE B107 70
MOVE B108 75
MOVE B109 75
MOVE B110 87
MOVE B111 87
MOVE B112 87
MOVE B113 101
MOVE B114 101
MOVE B115 101
MOVE B116 124
MOVE B117 124
MOVE B118 124
MOVE B119 139
MOVE B120 139
MOVE B121 139
MOVE B122 158
MOVE B123 158
MOVE B124 158
MOVE B125 176
MOVE B126 176
MOVE B127 176
MOVE B128 192
MOVE B129 192
MOVE B130 192
MOVE B131 206
MOVE B132 206
MOVE B133 206
MOVE B134 214
MOVE B135 214
MOVE B136 214
MOVE B137 223
MOVE B138 223
MOVE B139 223
END TURN 235
TURN 236
COMMAND LEFT START
COMMAND LEFT END
COMMAND RIGHT START
MOVE B140 23
MOVE B141 23
MOVE B142 23
MOVE B99 23
MOVE B100 23
MOVE B101 23
TRAIN 3
COMMAND RIGHT END
TURN 236 RESULT
TIME LEFT 0 5 RIGHT 0 5
TRAIN B155 B156 B157
MOVE B45 22
MOVE B73 20
MOVE B74 20
MOVE B75 20
MOVE B76 20
MOVE B77 20
MOVE B78 20
MOVE B79 20
MOVE B80 20
MOVE B81 20
MOVE B82 20
MOVE B83 20
MOVE B84 20
MOVE B85 20
MOVE B86 20
MOVE B87 20
MOVE B88 20
MOVE B89 20
MOVE B90 20
MOVE B91 20
MOVE B93 30
MOVE B94 30
MOVE B95 30
MOVE B96 32
MOVE B97 32
MOVE B98 32
MOVE B99 39
MOVE B100 39
MOVE B101 39
MOVE B104 34
MOVE B105 34
MOVE B106 34
MOVE B107 60
MOVE B108 56
MOVE B109 56
MOVE B110 75
MOVE B111 75
MOVE B112 75
MOVE B113 87
MOVE B114 87
MOVE B115 87
MOVE B116 101
MOVE B117 101
MOVE B118 101
MOVE B119 124
MOVE B120 124
MOVE B121 124
MOVE B122 139
MOVE B123 139
MOVE B124 139
MOVE B125 158
MOVE B126 158
MOVE B127 158
MOVE B128 176
MOVE B129 176
MOVE B130 176
MOVE B131 181
MOVE B132 181
MOVE B133 181
MOVE B134 206
MOVE B135 206
MOVE B136 206
MOVE B137 214
MOVE B138 214
MOVE B139 214
MOVE B140 223
MOVE B141 223
MOVE B142 223
END TURN 236
TURN 237
COMMAND LEFT START
COMMAND LEFT END
COMMAND RIGHT START
MOVE B143 23
MOVE B144 23
MOVE B145 23
MOVE B102 23
MOVE B103 23
MOVE B104 23
TRAIN 3
COMMAND RIGHT END
TURN 237 RESULT
TIME LEFT 0 5 RIGHT 0 5
TRAIN B158 B159 B160
MOVE B45 23
MOVE B73 22
MOVE B74 22
MOVE B75 22
MOVE B76 22
MOVE B77 22
MOVE B78 22
MOVE B79 22
MOVE B80 22
MOVE B81 22
MOVE B82 22
MOVE B83 22
MOVE B84 22
MOVE B85 22
MOVE B86 22
MOVE B87 22
MOVE B88 22
MOVE B89 22
MOVE B90 22
MOVE B91 22
MOVE B93 20
MOVE B94 20
MOVE B95 20
MOVE B96 30
MOVE B97 30
MOVE B98 30
MOVE B99 32
MOVE B100 32
MOVE B101 32
MOVE B102 39
MOVE B103 39
MOVE B104 39
MOVE B107 54
MOVE B108 34
MOVE B109 34
MOVE B110 56
MOVE B111 56
MOVE B112 56
MOVE B113 75
MOVE B114 75
MOVE B115 75
MOVE B116 87
MOVE B117 87
MOVE B118 87
MOVE B119 101
MOVE B120 101
MOVE B121 101
MOVE B122 124
MOVE B123 124
MOVE B124 124
MOVE B125 139
MOVE B126 139
MOVE B127 139
MOVE B128 158
MOVE B129 158
MOVE B130 158
MOVE B131 159
MOVE B132 159
MOVE B133 159
MOVE B134 181
MOVE B135 181
MOVE B136 181
MOVE B137 206
MOVE B138 206
MOVE B139 206
MOVE B140 214
MOVE B141 214
MOVE B142 214
MOVE B143 223
MOVE B144 223
MOVE B145 223
END TURN 237
TURN 238
COMMAND LEFT START
COMMAND LEFT END
COMMAND RIGHT START
MOVE B146 23
MOVE B147 23
MOVE B148 23
MOVE B105 23
MOVE B106 23
TRAIN 3
COMMAND RIGHT END
TURN 238 RESULT
TIME LEFT 0 5 RIGHT 0 5
TRAIN B161 B162 B163
MOVE B73 23
MOVE B74 23
MOVE B75 23
MOVE B76 23
MOVE B77 23
MOVE B78 23
MOVE B79 23
MOVE B80 23
MOVE B81 23
MOVE B82 23
MOVE B83 23
MOVE B84 23
MOVE B85 23
MOVE B86 23
MOVE B87 23
MOVE B88 23
MOVE B89 23
MOVE B90 23
MOVE B91 23
MOVE B93 22
MOVE B94 22
MOVE B95 22
MOVE B96 20
MOVE B97 20
MOVE B98 20
MOVE B99 30
MOVE B100 30
MOVE B101 30
MOVE B102 32
MOVE B103 32
MOVE B104 32
MOVE B105 39
MOVE B106 39
MOVE B107 35
MOVE B110 34
MOVE B111 34
MOVE B112 34
MOVE B113 56
MOVE B114 56
MOVE B115 56
MOVE B116 75
MOVE B117 75
MOVE B118 75
MOVE B119 87
MOVE B120 87
MOVE B121 87
MOVE B122 101
MOVE B123 101
MOVE B124 101
MOVE B125 124
MOVE B126 124
MOVE B127 124
MOVE B128 139
MOVE B129 139
MOVE B130 139
MOVE B131 146
MOVE B132 146
MOVE B133 146
MOVE B134 159
MOVE B135 159
MOVE B136 159
MOVE B137 181
MOVE B138 181
MOVE B139 181
MOVE B140 206
MOVE B141 206
MOVE B142 206
MOVE B143 214
MOVE B144 214
MOVE B145 214
MOVE B146 223
MOVE B147 223
MOVE B148 223
END TURN 238
TURN 239
COMMAND LEFT START
COMMAND LEFT END
COMMAND RIGHT START
MOVE B52 0
MOVE B53 0
MOVE B54 0
MOVE B55 0
MOVE B56 0
MOVE B57 0
MOVE B58 0
MOVE B59 0
MOVE B60 0
MOVE B61 0
MOVE B63 0
MOVE B64 0
MOVE B65 0
MOVE B66 0
MOVE B67 0
MOVE B68 0
MOVE B69 0
MOVE B70 0
MOVE B71 0
MOVE B72 0
MOVE B73 0
MOVE B74 0
MOVE B75 0
MOVE B76 0
MOVE B77 0
MOVE B78 0
MOVE B79 0
MOVE B80 0
MOVE B81 0
MOVE B82 0
MOVE B83 0
MOVE B84 0
MOVE B85 0
MOVE B86 0
MOVE B87 0
MOVE B88 0
MOVE B89 0
MOVE B90 0
MOVE B149 23
MOVE B150 23
MOVE B151 23
MOVE B108 23
MOVE B109 23
MOVE B110 23
TRAIN 3
COMMAND RIGHT END
TURN 239 RESULT
TIME LEFT 0 5 RIGHT 0 5
TRAIN B164 B165 B166
MOVE B52 14
MOVE B53 14
MOVE B54 14
MOVE B55 14
MOVE B56 14
MOVE B57 14
MOVE B58 14
MOVE B59 14
MOVE B60 14
MOVE B61 14
MOVE B63 14
MOVE B64 14
MOVE B65 14
MOVE B66 14
MOVE B67 14
MOVE B68 14
MOVE B69 14
MOVE B70 14
MOVE B71 14
MOVE B72 14
MOVE B73 14
MOVE B74 14
MOVE B75 14
MOVE B76 14
MOVE B77 14
MOVE B78 14
MOVE B79 14
MOVE B80 14
MOVE B81 14
MOVE B82 14
MOVE B83 14
MOVE B84 14
MOVE B85 14
MOVE B86 14
MOVE B87 14
MOVE B88 14
MOVE B89 14
MOVE B90 14
MOVE B93 23
MOVE B94 23
MOVE B95 23
MOVE B96 22
MOVE B97 22
MOVE B98 22
MOVE B99 20
MOVE B100 20
MOVE B101 20
MOVE B102 30
MOVE B103 30
MOVE B104 30
MOVE B105 32
MOVE B106 32
MOVE B107 25
MOVE B108 39
MOVE B109 39
MOVE B110 39
MOVE B113 34
MOVE B114 34
MOVE B115 34
MOVE B116 56
MOVE B117 56
MOVE B118 56
MOVE B119 75
MOVE B120 75
MOVE B121 75
MOVE B122 87
MOVE B123 87
MOVE B124 87
MOVE B125 101
MOVE B126 101
MOVE B127 101
MOVE B128 124
MOVE B129 124
MOVE B130 124
MOVE B131 129
MOVE B132 129
MOVE B133 129
MOVE B134 146
MOVE B135 146
MOVE B136 146
MOVE B137 159
MOVE B138 159
MOVE B139 159
MOVE B140 181
MOVE B141 181
MOVE B142 181
MOVE B143 206
MOVE B144 206
MOVE B145 206
MOVE B146 214
MOVE B147 214
MOVE B148 214
MOVE B149 223
MOVE B150 223
MOVE B151 223
END TURN 239
TURN 240
COMMAND LEFT START
MOVE A5 0
MOVE A6 0
MOVE A7 0
MOVE A8 0
MOVE A9 0
MOVE A10 0
MOVE A11 0
MOVE A12 0
MOVE A13 0
MOVE A14 0
MOVE A15 0
MOVE A16 0
MOVE A17 0
MOVE A18 0
MOVE A19 0
MOVE A20 0
MOVE A21 0
MOVE A22 0
COMMAND LEFT END
COMMAND RIGHT START
MOVE B152 23
MOVE B153 23
MOVE B154 23
MOVE B111 23
MOVE B112 23
MOVE B113 23
TRAIN 3
COMMAND RIGHT END
TURN 240 RESULT
TIME LEFT 0 5 RIGHT 0 5
TRAIN B167 B168 B169
MOVE A5 92
MOVE A6 92
MOVE A7 92
MOVE A8 92
MOVE A9 92
MOVE A10 92
MOVE A11 92
MOVE A12 92
MOVE A13 92
MOVE A14 92
MOVE A15 92
MOVE A16 92
MOVE A17 92
MOVE A18 92
MOVE A19 92
MOVE A20 92
MOVE A21 92
MOVE A22 92
MOVE B52 5
MOVE B53 5
MOVE B54 5
MOVE B55 5
MOVE B56 5
MOVE B57 5
MOVE B58 5
MOVE B59 5
MOVE B60 5
MOVE B61 5
MOVE B63 5
MOVE B64 5
MOVE B65 5
MOVE B66 5
MOVE B67 5
MOVE B68 5
MOVE B69 5
MOVE B70 5
MOVE B71 5
MOVE B72 5
MOVE B73 5
MOVE B74 5
MOVE B75 5
MOVE B76 5
MOVE B77 5
MOVE B78 5
MOVE B79 5
MOVE B80 5
MOVE B81 5
MOVE B82 5
MOVE B83 5
MOVE B84 5
MOVE B85 5
MOVE B86 5
MOVE B87 5
MOVE B88 5
MOVE B89 5
MOVE B90 5
MOVE B96 23
MOVE B97 23
MOVE B98 23
MOVE B99 22
MOVE B100 22
MOVE B101 22
MOVE B102 20
MOVE B103 20
MOVE B104 20
MOVE B105 30
MOVE B106 30
MOVE B108 32
MOVE B109 32
MOVE B110 32
MOVE B111 39
MOVE B112 39
MOVE B113 39
MOVE B116 34
MOVE B117 34
MOVE B118 34
MOVE B119 56
MOVE B120 56
MOVE B121 56
MOVE B122 75
MOVE B123 75
MOVE B124 75
MOVE B125 87
MOVE B126 87
MOVE B127 87
MOVE B128 101
MOVE B129 101
MOVE B130 101
MOVE B131 122
MOVE B132 122
MOVE B133 122
MOVE B134 129
MOVE B135 129
MOVE B136 129
MOVE B137 146
MOVE B138 146
MOVE B139 146
MOVE B140 159
MOVE B141 159
MOVE B142 159
MOVE B143 181
MOVE B144 181
MOVE B145 181
MOVE B146 206
MOVE B147 206
MOVE B148 206
MOVE B149 214
MOVE B150 214
MOVE B151 214
MOVE B152 223
MOVE B153 223
MOVE B154 223
END TURN 240
TURN 241
COMMAND LEFT START
COMMAND LEFT END
COMMAND RIGHT START
MOVE B155 23
MOVE B156 23
MOVE B157 23
MOVE B114 23
MOVE B115 23
MOVE B116 23
TRAIN 3
COMMAND RIGHT END
TURN 241 RESULT
TIME LEFT 0 5 RIGHT 0 5
TRAIN B170 B171 B172
MOVE A5 80
MOVE A6 80
MOVE A7 80
MOVE A8 80
MOVE A9 80
MOVE A10 80
MOVE A11 80
MOVE A12 80
MOVE A13 80
MOVE A14 80
MOVE A15 80
MOVE A16 80
MOVE A17 80
MOVE A18 80
MOVE A19 80
MOVE A20 80
MOVE A21 80
MOVE A22 80
MOVE B52 0
MOVE B53 0
MOVE B54 0
MOVE B55 0
MOVE B56 0
MOVE B57 0
MOVE B58 0
MOVE B59 0
MOVE B60 0
MOVE B61 0
MOVE B63 0
MOVE B64 0
MOVE B65 0
MOVE B66 0
MOVE B67 0
MOVE B68 0
MOVE B69 0
MOVE B70 0
MOVE B71 0
MOVE B72 0
MOVE B73 0
MOVE B74 0
MOVE B75 0
MOVE B76 0
MOVE B77 0
MOVE B78 0
MOVE B79 0
MOVE B80 0
MOVE B81 0
MOVE B82 0
MOVE B83 0
MOVE B84 0
MOVE B85 0
MOVE B86 0
MOVE B87 0
MOVE B88 0
MOVE B89 0
MOVE B90 0
MOVE B99 23
MOVE B100 23
MOVE B101 23
MOVE B102 22
MOVE B103 22
MOVE B104 22
MOVE B105 20
MOVE B106 20
MOVE B108 30
MOVE B109 30
MOVE B110 30
MOVE B111 32
MOVE B112 32
MOVE B113 32
MOVE B114 39
MOVE B115 39
MOVE B116 39
MOVE B119 34
MOVE B120 34
MOVE B121 34
MOVE B122 56
MOVE B123 56
MOVE B124 56
MOVE B125 75
MOVE B126 75
MOVE B127 75
MOVE B128 87
MOVE B129 87
MOVE B130 87
MOVE B131 97
MOVE B132 97
MOVE B133 97
MOVE B134 122
MOVE B135 122
MOVE B136 122
MOVE B137 129
MOVE B138 129
MOVE B139 129
MOVE B140 146
MOVE B141 146
MOVE B142 146
MOVE B143 159
MOVE B144 159
MOVE B145 159
MOVE B146 181
MOVE B147 181
MOVE B148 181
MOVE B149 206
MOVE B150 206
MOVE B151 206
MOVE B152 214
MOVE B153 214
MOVE B154 214
MOVE B155 223
MOVE B156 223
MOVE B157 223
DAMAGE TURRET B52 1
DAMAGE COMBAT A1 4
DAMAGE COMBAT B52 1
SIEGE A 0 10
END TURN 241
RESULT RIGHT_WIN HQ_DESTROYED
