[LEFT ""]
[RIGHT ""]
MAP
205 17
-11170 -10424 -10645 -9232 -8872 -10031 -9248 -9220 -9182 -8145 -7922 -8202 -8085 -7840 -8730 -7496 -7323 -7973 -7168 -7048 -7023 -6859 -6537 -6774 -6534 -7521 -6432 -6288 -6558 -6288 -6168 -6942 -5889 -5704 -5618 -5533 -5468 -5527 -5576 -5336 -5313 -6061 -5567 -4907 -4928 -4628 -4840 -4637 -4589 -4594 -4400 -4382 -4109 -4255 -4311 -4150 -3948 -4170 -4058 -3788 -3547 -3412 -3350 -3295 -3186 -3116 -2830 -3047 -3029 -2805 -2581 -2535 -2743 -2390 -2294 -2393 -2043 -2143 -2146 -2008 -1864 -1529 -1477 -1444 -1391 -1461 -1177 -1794 -1341 -1262 -1218 -1122 -1155 -961 -696 -177 -249 -18 -217 94 -150 83 0 -83 150 -94 217 18 249 177 696 961 1155 1122 1218 1262 1341 1794 1177 1461 1391 1444 1477 1529 1864 2008 2146 2143 2043 2393 2294 2390 2743 2535 2581 2805 3029 3047 2830 3116 3186 3295 3350 3412 3547 3788 4058 4170 3948 4150 4311 4255 4109 4382 4400 4594 4589 4637 4840 4628 4928 4907 5567 6061 5313 5336 5576 5527 5468 5533 5618 5704 5889 6942 6168 6288 6558 6288 6432 7521 6534 6774 6537 6859 7023 7048 7168 7973 7323 7496 8730 7840 8085 8202 7922 8145 9182 9220 9248 10031 8872 9232 10645 10424 11170
985 3540 -3369 399 1792 -753 -1766 -5349 5126 -2932 -1145 3296 1019 -79 6908 -4015 1598 -5964 2520 4138 415 -3176 -4559 5633 -1162 -8173 -5880 3197 -2128 1252 -5 7550 5029 -2654 -6687 2004 4183 7481 -3965 5953 449 9472 -8945 -469 -4722 -2813 3218 -1829 -6564 1130 -5428 7028 -3801 9702 -10344 5637 2390 4504 -1034 -7143 722 7786 -8617 6371 -1376 3449 4735 -5524 -3018 -4300 -7416 -192 10480 -8750 6845 2186 5675 7984 -6317 -3477 -1742 -5488 3846 -4579 -7982 1705 7234 -10485 -252 9286 -2636 -3707 770 -6777 5687 -8478 -5105 -3647 11021 1290 2407 -7179 0 7179 -2407 -1290 -11021 3647 5105 8478 -5687 6777 -770 3707 2636 -9286 252 10485 -7234 -1705 7982 4579 -3846 5488 1742 3477 6317 -7984 -5675 -2186 -6845 8750 -10480 192 7416 4300 3018 5524 -4735 -3449 1376 -6371 8617 -7786 -722 7143 1034 -4504 -2390 -5637 10344 -9702 3801 -7028 5428 -1130 6564 1829 -3218 2813 4722 469 8945 -9472 -449 -5953 3965 -7481 -4183 -2004 6687 2654 -5029 -7550 5 -1252 2128 -3197 5880 8173 1162 -5633 4559 3176 -415 -4138 -2520 5964 -1598 4015 -6908 79 -1019 -3296 1145 2932 -5126 5349 1766 753 -1792 -399 3369 -3540 -985
STRONGHOLDS 4 37 58 67 68 76 89 100 102 104 115 128 136 137 146 167 200
4 1 3 4 5
4 0 4 8 11
4 5 6 7 9
6 0 4 5 10 12 13
7 0 1 3 11 12 16 18
5 0 2 3 6 10
4 2 5 9 10
5 2 9 15 17 25
5 1 11 14 19 23
7 2 6 7 10 15 21 28
7 3 5 6 9 13 24 28
5 1 4 8 18 19
5 3 4 13 16 20
5 3 10 12 20 24
3 8 23 31
5 7 9 17 21 22
5 4 12 18 20 29
5 7 15 22 25 26
7 4 11 16 19 27 29 35
7 8 11 18 23 27 32 36
6 12 13 16 24 29 30
6 9 15 22 28 33 38
6 15 17 21 26 38 44
7 8 14 19 31 32 37 39
8 10 13 20 28 30 33 43 47
5 7 17 26 34 42
6 17 22 25 34 44 50
5 18 19 35 36 46
5 9 10 21 24 33
6 16 18 20 30 35 40
5 20 24 29 40 43
4 14 23 37 41
5 19 23 36 39 57
6 21 24 28 38 45 47
5 25 26 42 48 50
7 18 27 29 40 46 49 56
5 19 27 32 46 57
7 23 31 39 41 51 53 61
6 21 22 33 44 45 52
6 23 32 37 51 55 57
5 29 30 35 43 49
3 31 37 53
6 25 34 48 54 59 62
7 24 30 40 47 49 58 60
5 22 26 38 50 52
5 33 38 47 52 68
6 27 35 36 56 57 65
7 24 33 43 45 58 64 68
5 34 42 50 59 67
5 35 40 43 56 60
7 26 34 44 48 52 67 69
5 37 39 55 61 63
6 38 44 45 50 68 69
4 37 41 61 72
4 42 62 73 87
5 39 51 57 63 66
6 35 46 49 60 65 75
7 32 36 39 46 55 65 66
5 43 47 60 64 71
6 42 48 62 67 70 78
7 43 49 56 58 71 75 85
7 37 51 53 63 72 74 77
5 42 54 59 70 73
6 51 55 61 66 74 76
5 47 58 68 71 80
6 46 56 57 66 75 82
6 55 57 63 65 76 82
6 48 50 59 69 78 81
7 45 47 52 64 69 79 80
7 50 52 67 68 79 81 83
6 59 62 73 78 84 93
7 58 60 64 80 85 88 92
5 53 61 77 89 98
6 54 62 70 84 87 95
5 61 63 76 77 86
5 56 60 65 82 85
6 63 66 74 82 86 94
5 61 72 74 86 89
5 59 67 70 81 93
6 68 69 80 83 90 91
7 64 68 71 79 88 90 105
6 67 69 78 83 93 96
9 65 66 75 76 85 94 100 107 108
5 69 79 81 91 96
5 70 73 93 95 101
7 60 71 75 82 92 99 100
7 74 76 77 89 94 103 109
4 54 73 95 106
5 71 80 92 102 105
5 72 77 86 98 109
6 79 80 91 97 104 105
5 79 83 90 96 97
5 71 85 88 99 102
7 70 78 81 84 96 101 110
6 76 82 86 103 108 111
7 73 84 87 101 106 115 118
7 81 83 91 93 97 110 122
5 90 91 96 104 122
4 72 89 109 117
7 85 92 100 102 114 116 124
5 82 85 99 107 114
5 84 93 95 110 118
6 88 92 99 105 112 116
5 86 94 109 111 120
5 90 97 105 119 122
7 80 88 90 102 104 112 119
4 87 95 115 132
5 82 100 108 113 114
7 82 94 107 111 113 121 123
7 86 89 98 103 117 120 131
6 93 96 101 118 122 128
7 94 103 108 120 123 126 134
5 102 105 116 119 133
5 107 108 114 121 125
6 99 100 107 113 124 125
5 95 106 118 127 132
5 99 102 112 124 133
4 98 109 131 150
7 95 101 110 115 127 128 130
7 104 105 112 122 129 133 144
5 103 109 111 131 134
5 108 113 123 125 135
9 96 97 104 110 119 128 129 138 139
6 108 111 121 126 135 137
7 99 114 116 125 133 136 140
6 113 114 121 124 135 136
5 111 123 134 137 145
5 115 118 130 132 143
6 110 118 122 130 138 141
5 119 122 139 144 148
5 118 127 128 141 143
6 109 117 120 134 142 150
5 106 115 127 143 151
7 112 116 119 124 140 144 146
6 111 120 126 131 142 145
7 121 123 125 136 137 152 154
7 124 125 135 140 152 157 159
6 123 126 135 145 154 156
6 122 128 139 141 147 149
6 122 129 138 147 148 158
5 124 133 136 146 157
6 128 130 138 143 149 153
5 131 134 145 150 162
7 127 130 132 141 151 153 167
7 119 129 133 146 148 155 161
6 126 134 137 142 156 162
5 133 140 144 157 161
7 138 139 149 158 165 168 172
6 129 139 144 155 158 169
5 138 141 147 153 165
4 117 131 142 162
4 132 143 163 167
6 135 136 154 159 160 166
5 141 143 149 165 167
7 135 137 152 156 160 170 178
5 144 148 161 164 169
5 137 145 154 162 170
7 136 140 146 159 161 171 180
6 139 147 148 168 169 177
5 136 152 157 166 171
5 152 154 166 178 182
7 144 146 155 157 164 174 180
6 142 145 150 156 170 179
3 151 167 173
5 155 161 169 174 175
6 147 149 153 167 172 181
6 152 159 160 171 182 183
7 143 151 153 163 165 173 181
5 147 158 172 177 185
7 148 155 158 164 175 177 186
5 154 156 162 178 179
6 157 159 166 176 180 183
5 147 165 168 181 185
4 163 167 181 190
5 161 164 175 180 184
6 164 169 174 184 186 188
5 171 180 183 194 195
5 158 168 169 185 186
6 154 160 170 179 182 187
5 162 170 178 187 197
8 157 161 171 174 176 184 191 194
7 165 167 172 173 185 190 196
6 160 166 178 183 187 189
6 166 171 176 182 189 195
6 174 175 180 188 191 192
7 168 172 177 181 186 193 196
7 169 175 177 185 188 193 200
5 178 179 182 189 197
5 175 184 186 192 200
5 182 183 187 195 197
3 173 181 196
5 180 184 192 194 201
5 184 188 191 200 201
5 185 186 196 200 203
7 176 180 191 195 198 199 201
7 176 183 189 194 197 198 202
5 181 185 190 193 203
5 179 187 189 195 202
4 194 195 199 202
5 194 198 201 202 204
7 186 188 192 193 201 203 204
6 191 192 194 199 200 204
4 195 197 198 199
4 193 196 200 204
4 199 200 201 203
END MAP
TURN 1
COMMAND LEFT START
MOVE A1 4
TRAIN 1
COMMAND LEFT END
COMMAND RIGHT START
MOVE B3 200
COMMAND RIGHT END
TURN 1 RESULT
TIME LEFT 4 5 RIGHT 18 5
TRAIN A4
MOVE A1 4
MOVE B3 200
END TURN 1
TURN 2
COMMAND LEFT START
MOVE A4 41
UPGRADE 4
COMMAND LEFT END
COMMAND RIGHT START
MOVE B2 167
UPGRADE 200
COMMAND RIGHT END
TURN 2 RESULT
TIME LEFT 0 5 RIGHT 17 5
UPGRADE A 4
UPGRADE B 200
MOVE A4 1
MOVE B2 200
END TURN 2
TURN 3
COMMAND LEFT START
COMMAND LEFT END
COMMAND RIGHT START
COMMAND RIGHT END
TURN 3 RESULT
TIME LEFT 0 5 RIGHT 17 5
MOVE A4 8
MOVE B2 193
END TURN 3
TURN 4
COMMAND LEFT START
COMMAND LEFT END
COMMAND RIGHT START
COMMAND RIGHT END
TURN 4 RESULT
TIME LEFT 0 5 RIGHT 17 5
MOVE A4 14
MOVE B2 185
END TURN 4
TURN 5
COMMAND LEFT START
COMMAND LEFT END
COMMAND RIGHT START
COMMAND RIGHT END
TURN 5 RESULT
TIME LEFT 0 5 RIGHT 18 5
MOVE A4 31
MOVE B2 181
END TURN 5
TURN 6
COMMAND LEFT START
COMMAND LEFT END
COMMAND RIGHT START
COMMAND RIGHT END
TURN 6 RESULT
TIME LEFT 0 5 RIGHT 17 5
MOVE A4 41
MOVE B2 167
END TURN 6
TURN 7
COMMAND LEFT START
MOVE A4 150
COMMAND LEFT END
COMMAND RIGHT START
COMMAND RIGHT END
TURN 7 RESULT
TIME LEFT 3 5 RIGHT 17 5
MOVE A4 53
END TURN 7
TURN 8
COMMAND LEFT START
COMMAND LEFT END
COMMAND RIGHT START
COMMAND RIGHT END
TURN 8 RESULT
TIME LEFT 0 5 RIGHT 17 5
MOVE A4 72
END TURN 8
TURN 9
COMMAND LEFT START
COMMAND LEFT END
COMMAND RIGHT START
COMMAND RIGHT END
TURN 9 RESULT
TIME LEFT 0 5 RIGHT 17 5
MOVE A4 98
END TURN 9
TURN 10
COMMAND LEFT START
COMMAND LEFT END
COMMAND RIGHT START
COMMAND RIGHT END
TURN 10 RESULT
TIME LEFT 0 5 RIGHT 17 5
MOVE A4 117
END TURN 10
TURN 11
COMMAND LEFT START
COMMAND LEFT END
COMMAND RIGHT START
COMMAND RIGHT END
TURN 11 RESULT
TIME LEFT 0 5 RIGHT 17 5
MOVE A4 150
END TURN 11
TURN 12
COMMAND LEFT START
MOVE A4 202
COMMAND LEFT END
COMMAND RIGHT START
COMMAND RIGHT END
TURN 12 RESULT
TIME LEFT 0 5 RIGHT 17 5
MOVE A4 162
END TURN 12
TURN 13
COMMAND LEFT START
COMMAND LEFT END
COMMAND RIGHT START
UPGRADE 167
COMMAND RIGHT END
TURN 13 RESULT
TIME LEFT 0 5 RIGHT 17 5
UPGRADE B 167
MOVE A4 179
END TURN 13
TURN 14
COMMAND LEFT START
COMMAND LEFT END
COMMAND RIGHT START
COMMAND RIGHT END
TURN 14 RESULT
TIME LEFT 0 5 RIGHT 16 5
MOVE A4 197
END TURN 14
TURN 15
COMMAND LEFT START
MOVE A2 37
COMMAND LEFT END
COMMAND RIGHT START
COMMAND RIGHT END
TURN 15 RESULT
TIME LEFT 0 5 RIGHT 16 5
MOVE A2 4
MOVE A4 202
END TURN 15
TURN 16
COMMAND LEFT START
COMMAND LEFT END
COMMAND RIGHT START
TRAIN 1
COMMAND RIGHT END
TURN 16 RESULT
TIME LEFT 0 5 RIGHT 16 5
TRAIN B4
MOVE A2 11
END TURN 16
TURN 17
COMMAND LEFT START
COMMAND LEFT END
COMMAND RIGHT START
MOVE B4 167
COMMAND RIGHT END
TURN 17 RESULT
TIME LEFT 0 5 RIGHT 16 5
MOVE A2 19
MOVE B4 200
END TURN 17
TURN 18
COMMAND LEFT START
COMMAND LEFT END
COMMAND RIGHT START
COMMAND RIGHT END
TURN 18 RESULT
TIME LEFT 0 5 RIGHT 17 5
MOVE A2 23
MOVE B4 193
END TURN 18
TURN 19
COMMAND LEFT START
COMMAND LEFT END
COMMAND RIGHT START
COMMAND RIGHT END
TURN 19 RESULT
TIME LEFT 0 5 RIGHT 17 5
MOVE A2 37
MOVE B4 185
END TURN 19
TURN 20
COMMAND LEFT START
COMMAND LEFT END
COMMAND RIGHT START
TRAIN 1
COMMAND RIGHT END
TURN 20 RESULT
TIME LEFT 0 5 RIGHT 17 5
TRAIN B5
MOVE B4 181
END TURN 20
TURN 21
COMMAND LEFT START
UPGRADE 37
COMMAND LEFT END
COMMAND RIGHT START
MOVE B5 167
COMMAND RIGHT END
TURN 21 RESULT
TIME LEFT 0 5 RIGHT 17 5
UPGRADE A 37
MOVE B4 167
MOVE B5 200
END TURN 21
TURN 22
COMMAND LEFT START
COMMAND LEFT END
COMMAND RIGHT START
COMMAND RIGHT END
TURN 22 RESULT
TIME LEFT 0 5 RIGHT 17 5
MOVE B5 193
END TURN 22
TURN 23
COMMAND LEFT START
COMMAND LEFT END
COMMAND RIGHT START
TRAIN 1
COMMAND RIGHT END
TURN 23 RESULT
TIME LEFT 0 5 RIGHT 17 5
TRAIN B6
MOVE B5 185
END TURN 23
TURN 24
COMMAND LEFT START
COMMAND LEFT END
COMMAND RIGHT START
MOVE B6 167
COMMAND RIGHT END
TURN 24 RESULT
TIME LEFT 0 5 RIGHT 17 5
MOVE B5 181
MOVE B6 200
END TURN 24
TURN 25
COMMAND LEFT START
COMMAND LEFT END
COMMAND RIGHT START
COMMAND RIGHT END
TURN 25 RESULT
TIME LEFT 0 5 RIGHT 17 5
MOVE B5 167
MOVE B6 193
END TURN 25
TURN 26
COMMAND LEFT START
COMMAND LEFT END
COMMAND RIGHT START
COMMAND RIGHT END
TURN 26 RESULT
TIME LEFT 0 5 RIGHT 17 5
MOVE B6 185
END TURN 26
TURN 27
COMMAND LEFT START
COMMAND LEFT END
COMMAND RIGHT START
TRAIN 1
COMMAND RIGHT END
TURN 27 RESULT
TIME LEFT 0 5 RIGHT 17 5
TRAIN B7
MOVE B6 181
END TURN 27
TURN 28
COMMAND LEFT START
COMMAND LEFT END
COMMAND RIGHT START
MOVE B7 167
COMMAND RIGHT END
TURN 28 RESULT
TIME LEFT 0 5 RIGHT 17 5
MOVE B6 167
MOVE B7 200
END TURN 28
TURN 29
COMMAND LEFT START
TRAIN 1
COMMAND LEFT END
COMMAND RIGHT START
COMMAND RIGHT END
TURN 29 RESULT
TIME LEFT 0 5 RIGHT 17 5
TRAIN A5
MOVE B7 193
END TURN 29
TURN 30
COMMAND LEFT START
COMMAND LEFT END
COMMAND RIGHT START
COMMAND RIGHT END
TURN 30 RESULT
TIME LEFT 0 5 RIGHT 17 5
MOVE B7 185
END TURN 30
TURN 31
COMMAND LEFT START
COMMAND LEFT END
COMMAND RIGHT START
TRAIN 1
COMMAND RIGHT END
TURN 31 RESULT
TIME LEFT 0 5 RIGHT 17 5
TRAIN B8
MOVE B7 181
END TURN 31
TURN 32
COMMAND LEFT START
COMMAND LEFT END
COMMAND RIGHT START
MOVE B8 167
COMMAND RIGHT END
TURN 32 RESULT
TIME LEFT 0 5 RIGHT 17 5
MOVE B7 167
MOVE B8 200
END TURN 32
TURN 33
COMMAND LEFT START
MOVE A3 68
COMMAND LEFT END
COMMAND RIGHT START
COMMAND RIGHT END
TURN 33 RESULT
TIME LEFT 0 5 RIGHT 17 5
MOVE A3 3
MOVE B8 193
END TURN 33
TURN 34
COMMAND LEFT START
COMMAND LEFT END
COMMAND RIGHT START
COMMAND RIGHT END
TURN 34 RESULT
TIME LEFT 3 5 RIGHT 17 5
MOVE A3 13
MOVE B8 185
END TURN 34
TURN 35
COMMAND LEFT START
COMMAND LEFT END
COMMAND RIGHT START
COMMAND RIGHT END
TURN 35 RESULT
TIME LEFT 0 5 RIGHT 17 5
MOVE A3 24
MOVE B8 181
END TURN 35
TURN 36
COMMAND LEFT START
COMMAND LEFT END
COMMAND RIGHT START
MOVE B2 0
MOVE B4 0
MOVE B5 0
MOVE B6 0
MOVE B7 0
TRAIN 1
COMMAND RIGHT END
TURN 36 RESULT
TIME LEFT 0 5 RIGHT 17 5
TRAIN B9
MOVE A3 47
MOVE B2 153
MOVE B4 153
MOVE B5 153
MOVE B6 153
MOVE B7 153
MOVE B8 167
END TURN 36
TURN 37
COMMAND LEFT START
COMMAND LEFT END
COMMAND RIGHT START
MOVE B9 167
COMMAND RIGHT END
TURN 37 RESULT
TIME LEFT 0 5 RIGHT 17 5
MOVE A3 68
MOVE B2 141
MOVE B4 141
MOVE B5 141
MOVE B6 141
MOVE B7 141
MOVE B9 200
END TURN 37
TURN 38
COMMAND LEFT START
COMMAND LEFT END
COMMAND RIGHT START
COMMAND RIGHT END
TURN 38 RESULT
TIME LEFT 0 5 RIGHT 17 5
MOVE B2 128
MOVE B4 128
MOVE B5 128
MOVE B6 128
MOVE B7 128
MOVE B9 193
END TURN 38
TURN 39
COMMAND LEFT START
UPGRADE 68
COMMAND LEFT END
COMMAND RIGHT START
COMMAND RIGHT END
TURN 39 RESULT
TIME LEFT 0 5 RIGHT 17 5
UPGRADE A 68
MOVE B2 110
MOVE B4 110
MOVE B5 110
MOVE B6 110
MOVE B7 110
MOVE B9 185
END TURN 39
TURN 40
COMMAND LEFT START
COMMAND LEFT END
COMMAND RIGHT START
COMMAND RIGHT END
TURN 40 RESULT
TIME LEFT 0 5 RIGHT 17 5
MOVE B2 96
MOVE B4 96
MOVE B5 96
MOVE B6 96
MOVE B7 96
MOVE B9 181
END TURN 40
TURN 41
COMMAND LEFT START
COMMAND LEFT END
COMMAND RIGHT START
TRAIN 1
COMMAND RIGHT END
TURN 41 RESULT
TIME LEFT 0 5 RIGHT 17 5
TRAIN B10
MOVE B2 83
MOVE B4 83
MOVE B5 83
MOVE B6 83
MOVE B7 83
MOVE B9 167
END TURN 41
TURN 42
COMMAND LEFT START
COMMAND LEFT END
COMMAND RIGHT START
MOVE B10 167
COMMAND RIGHT END
TURN 42 RESULT
TIME LEFT 0 5 RIGHT 17 5
MOVE B2 79
MOVE B4 79
MOVE B5 79
MOVE B6 79
MOVE B7 79
MOVE B10 200
END TURN 42
TURN 43
COMMAND LEFT START
MOVE A1 0
MOVE A2 0
MOVE A3 0
TRAIN 1
COMMAND LEFT END
COMMAND RIGHT START
COMMAND RIGHT END
TURN 43 RESULT
TIME LEFT 0 5 RIGHT 18 5
TRAIN A6
MOVE A1 0
MOVE A2 23
MOVE A3 47
MOVE B2 68
MOVE B4 68
MOVE B5 68
MOVE B6 68
MOVE B7 68
MOVE B10 193
DAMAGE TURRET B2 1
SIEGE A 68 5
END TURN 43
TURN 44
COMMAND LEFT START
MOVE A1 4
MOVE A5 37
COMMAND LEFT END
COMMAND RIGHT START
COMMAND RIGHT END
TURN 44 RESULT
TIME LEFT 0 5 RIGHT 17 5
MOVE A1 4
MOVE A2 19
MOVE A3 24
MOVE A5 4
MOVE B2 47
MOVE B4 47
MOVE B5 47
MOVE B6 47
MOVE B7 47
MOVE B10 185
END TURN 44
TURN 45
COMMAND LEFT START
MOVE A1 0
TRAIN 1
COMMAND LEFT END
COMMAND RIGHT START
COMMAND RIGHT END
TURN 45 RESULT
TIME LEFT 0 5 RIGHT 18 5
TRAIN A7
MOVE A1 0
MOVE A2 11
MOVE A3 13
MOVE A5 11
MOVE B2 24
MOVE B4 24
MOVE B5 24
MOVE B6 24
MOVE B7 24
MOVE B10 181
END TURN 45
TURN 46
COMMAND LEFT START
MOVE A1 4
MOVE A6 68
COMMAND LEFT END
COMMAND RIGHT START
COMMAND RIGHT END
TURN 46 RESULT
TIME LEFT 0 5 RIGHT 17 5
MOVE A1 4
MOVE A2 4
MOVE A3 3
MOVE A5 19
MOVE A6 3
MOVE B2 13
MOVE B4 13
MOVE B5 13
MOVE B6 13
MOVE B7 13
MOVE B10 167
END TURN 46
TURN 47
COMMAND LEFT START
MOVE A1 0
COMMAND LEFT END
COMMAND RIGHT START
COMMAND RIGHT END
TURN 47 RESULT
TIME LEFT 0 5 RIGHT 18 5
MOVE A1 0
MOVE A2 0
MOVE A3 0
MOVE A5 23
MOVE A6 13
MOVE B2 3
MOVE B4 3
MOVE B5 3
MOVE B6 3
MOVE B7 3
END TURN 47
TURN 48
COMMAND LEFT START
MOVE A1 4
COMMAND LEFT END
COMMAND RIGHT START
COMMAND RIGHT END
TURN 48 RESULT
TIME LEFT 0 5 RIGHT 18 5
MOVE A1 4
MOVE A5 37
MOVE A6 24
MOVE B2 0
MOVE B4 0
MOVE B5 0
MOVE B6 0
MOVE B7 0
DAMAGE TURRET B2 1
DAMAGE COMBAT A2 4
DAMAGE COMBAT A3 1
DAMAGE COMBAT B2 2
DAMAGE COMBAT B4 1
END TURN 48
TURN 49
COMMAND LEFT START
MOVE A1 0
MOVE A5 0
COMMAND LEFT END
COMMAND RIGHT START
COMMAND RIGHT END
TURN 49 RESULT
TIME LEFT 0 5 RIGHT 18 5
MOVE A1 0
MOVE A5 23
MOVE A6 47
DAMAGE TURRET B4 1
DAMAGE COMBAT A1 1
DAMAGE COMBAT A3 3
DAMAGE COMBAT B4 2
DAMAGE COMBAT B5 1
END TURN 49
TURN 50
COMMAND LEFT START
MOVE A1 4
COMMAND LEFT END
COMMAND RIGHT START
COMMAND RIGHT END
TURN 50 RESULT
TIME LEFT 0 5 RIGHT 18 5
MOVE A5 19
MOVE A6 68
DAMAGE TURRET B5 1
DAMAGE COMBAT A1 3
DAMAGE COMBAT B5 2
END TURN 50
TURN 51
COMMAND LEFT START
MOVE A6 0
COMMAND LEFT END
COMMAND RIGHT START
TRAIN 1
COMMAND RIGHT END
TURN 51 RESULT
TIME LEFT 0 5 RIGHT 18 5
TRAIN B11
MOVE A5 11
MOVE A6 47
DAMAGE TURRET B6 1
DAMAGE COMBAT A7 2
DAMAGE COMBAT B6 1
END TURN 51
TURN 52
COMMAND LEFT START
COMMAND LEFT END
COMMAND RIGHT START
MOVE B11 167
TRAIN 1
COMMAND RIGHT END
TURN 52 RESULT
TIME LEFT 0 5 RIGHT 17 5
TRAIN B12
MOVE A5 4
MOVE A6 24
MOVE B11 200
DAMAGE TURRET B6 1
DAMAGE COMBAT A7 2
DAMAGE COMBAT B6 1
END TURN 52
TURN 53
COMMAND LEFT START
COMMAND LEFT END
COMMAND RIGHT START
MOVE B7 167
MOVE B12 167
COMMAND RIGHT END
TURN 53 RESULT
TIME LEFT 0 5 RIGHT 17 5
MOVE A5 0
MOVE A6 13
MOVE B7 3
MOVE B11 193
MOVE B12 200
END TURN 53
TURN 54
COMMAND LEFT START
COMMAND LEFT END
COMMAND RIGHT START
TRAIN 1
COMMAND RIGHT END
TURN 54 RESULT
TIME LEFT 0 5 RIGHT 18 5
TRAIN B13
MOVE A6 3
MOVE B7 13
MOVE B11 185
MOVE B12 193
END TURN 54
TURN 55
COMMAND LEFT START
COMMAND LEFT END
COMMAND RIGHT START
MOVE B13 167
COMMAND RIGHT END
TURN 55 RESULT
TIME LEFT 0 5 RIGHT 18 5
MOVE A6 0
MOVE B7 24
MOVE B11 181
MOVE B12 185
MOVE B13 200
END TURN 55
TURN 56
COMMAND LEFT START
MOVE A5 4
TRAIN 1
COMMAND LEFT END
COMMAND RIGHT START
COMMAND RIGHT END
TURN 56 RESULT
TIME LEFT 0 5 RIGHT 18 5
TRAIN A8
MOVE A5 4
MOVE B7 47
MOVE B11 167
MOVE B12 181
MOVE B13 193
END TURN 56
TURN 57
COMMAND LEFT START
MOVE A6 37
COMMAND LEFT END
COMMAND RIGHT START
COMMAND RIGHT END
TURN 57 RESULT
TIME LEFT 0 5 RIGHT 17 5
MOVE A6 4
MOVE B7 68
MOVE B12 167
MOVE B13 185
DAMAGE TURRET B7 1
SIEGE A 68 1
END TURN 57
TURN 58
COMMAND LEFT START
COMMAND LEFT END
COMMAND RIGHT START
COMMAND RIGHT END
TURN 58 RESULT
TIME LEFT 0 5 RIGHT 17 5
MOVE A6 11
MOVE B7 79
MOVE B13 181
END TURN 58
TURN 59
COMMAND LEFT START
COMMAND LEFT END
COMMAND RIGHT START
COMMAND RIGHT END
TURN 59 RESULT
TIME LEFT 0 5 RIGHT 17 5
MOVE A6 19
MOVE B7 83
MOVE B13 167
END TURN 59
TURN 60
COMMAND LEFT START
COMMAND LEFT END
COMMAND RIGHT START
COMMAND RIGHT END
TURN 60 RESULT
TIME LEFT 0 5 RIGHT 17 5
MOVE A6 23
MOVE B7 96
END TURN 60
TURN 61
COMMAND LEFT START
COMMAND LEFT END
COMMAND RIGHT START
MOVE B8 0
MOVE B9 0
MOVE B10 0
MOVE B11 0
MOVE B12 0
MOVE B13 0
COMMAND RIGHT END
TURN 61 RESULT
TIME LEFT 0 5 RIGHT 17 5
MOVE A6 37
MOVE B7 110
MOVE B8 153
MOVE B9 153
MOVE B10 153
MOVE B11 153
MOVE B12 153
MOVE B13 153
END TURN 61
TURN 62
COMMAND LEFT START
COMMAND LEFT END
COMMAND RIGHT START
COMMAND RIGHT END
TURN 62 RESULT
TIME LEFT 0 5 RIGHT 17 5
MOVE B7 128
MOVE B8 141
MOVE B9 141
MOVE B10 141
MOVE B11 141
MOVE B12 141
MOVE B13 141
END TURN 62
TURN 63
COMMAND LEFT START
COMMAND LEFT END
COMMAND RIGHT START
COMMAND RIGHT END
TURN 63 RESULT
TIME LEFT 0 5 RIGHT 17 5
MOVE B7 141
MOVE B8 128
MOVE B9 128
MOVE B10 128
MOVE B11 128
MOVE B12 128
MOVE B13 128
END TURN 63
TURN 64
COMMAND LEFT START
COMMAND LEFT END
COMMAND RIGHT START
COMMAND RIGHT END
TURN 64 RESULT
TIME LEFT 0 5 RIGHT 17 5
MOVE B7 153
MOVE B8 110
MOVE B9 110
MOVE B10 110
MOVE B11 110
MOVE B12 110
MOVE B13 110
END TURN 64
TURN 65
COMMAND LEFT START
COMMAND LEFT END
COMMAND RIGHT START
COMMAND RIGHT END
TURN 65 RESULT
TIME LEFT 0 5 RIGHT 17 5
MOVE B7 167
MOVE B8 96
MOVE B9 96
MOVE B10 96
MOVE B11 96
MOVE B12 96
MOVE B13 96
END TURN 65
TURN 66
COMMAND LEFT START
TRAIN 1
COMMAND LEFT END
COMMAND RIGHT START
COMMAND RIGHT END
TURN 66 RESULT
TIME LEFT 0 5 RIGHT 17 5
TRAIN A9
MOVE B8 83
MOVE B9 83
MOVE B10 83
MOVE B11 83
MOVE B12 83
MOVE B13 83
END TURN 66
TURN 67
COMMAND LEFT START
COMMAND LEFT END
COMMAND RIGHT START
TRAIN 1
COMMAND RIGHT END
TURN 67 RESULT
TIME LEFT 0 5 RIGHT 17 5
TRAIN B14
MOVE B8 79
MOVE B9 79
MOVE B10 79
MOVE B11 79
MOVE B12 79
MOVE B13 79
END TURN 67
TURN 68
COMMAND LEFT START
COMMAND LEFT END
COMMAND RIGHT START
MOVE B14 167
COMMAND RIGHT END
TURN 68 RESULT
TIME LEFT 0 5 RIGHT 17 5
MOVE B8 68
MOVE B9 68
MOVE B10 68
MOVE B11 68
MOVE B12 68
MOVE B13 68
MOVE B14 200
END TURN 68
TURN 69
COMMAND LEFT START
COMMAND LEFT END
COMMAND RIGHT START
COMMAND RIGHT END
TURN 69 RESULT
TIME LEFT 0 5 RIGHT 17 5
MOVE B8 47
MOVE B9 47
MOVE B10 47
MOVE B11 47
MOVE B12 47
MOVE B13 47
MOVE B14 193
END TURN 69
TURN 70
COMMAND LEFT START
MOVE A8 68
COMMAND LEFT END
COMMAND RIGHT START
TRAIN 1
COMMAND RIGHT END
TURN 70 RESULT
TIME LEFT 0 5 RIGHT 17 5
TRAIN B15
MOVE A8 3
MOVE B8 24
MOVE B9 24
MOVE B10 24
MOVE B11 24
MOVE B12 24
MOVE B13 24
MOVE B14 185
END TURN 70
TURN 71
COMMAND LEFT START
MOVE A5 0
MOVE A6 0
TRAIN 1
COMMAND LEFT END
COMMAND RIGHT START
MOVE B15 167
COMMAND RIGHT END
TURN 71 RESULT
TIME LEFT 0 5 RIGHT 17 5
TRAIN A10
MOVE A5 0
MOVE A6 23
MOVE A8 13
MOVE B8 13
MOVE B9 13
MOVE B10 13
MOVE B11 13
MOVE B12 13
MOVE B13 13
MOVE B14 181
MOVE B15 200
DAMAGE COMBAT A8 4
DAMAGE COMBAT B8 1
END TURN 71
TURN 72
COMMAND LEFT START
MOVE A5 4
MOVE A9 37
TRAIN 1
COMMAND LEFT END
COMMAND RIGHT START
TRAIN 1
COMMAND RIGHT END
TURN 72 RESULT
TIME LEFT 0 5 RIGHT 17 5
TRAIN A11 B16
MOVE A5 4
MOVE A6 19
MOVE A9 4
MOVE B8 3
MOVE B9 3
MOVE B10 3
MOVE B11 3
MOVE B12 3
MOVE B13 3
MOVE B14 167
MOVE B15 193
END TURN 72
TURN 73
COMMAND LEFT START
MOVE A5 0
TRAIN 1
COMMAND LEFT END
COMMAND RIGHT START
MOVE B16 167
COMMAND RIGHT END
TURN 73 RESULT
TIME LEFT 0 5 RIGHT 17 5
TRAIN A12
MOVE A5 0
MOVE A6 11
MOVE A9 11
MOVE B8 0
MOVE B9 0
MOVE B10 0
MOVE B11 0
MOVE B12 0
MOVE B13 0
MOVE B15 185
MOVE B16 200
DAMAGE TURRET B8 1
DAMAGE COMBAT A5 4
DAMAGE COMBAT A10 2
DAMAGE COMBAT B8 2
DAMAGE COMBAT B9 2
END TURN 73
TURN 74
COMMAND LEFT START
MOVE A10 4
COMMAND LEFT END
COMMAND RIGHT START
COMMAND RIGHT END
TURN 74 RESULT
TIME LEFT 0 5 RIGHT 18 5
MOVE A6 4
MOVE A9 19
MOVE B15 181
MOVE B16 193
DAMAGE TURRET B9 1
DAMAGE COMBAT A10 2
DAMAGE COMBAT A11 3
DAMAGE COMBAT B9 1
DAMAGE COMBAT B10 2
END TURN 74
TURN 75
COMMAND LEFT START
MOVE A11 4
COMMAND LEFT END
COMMAND RIGHT START
COMMAND RIGHT END
TURN 75 RESULT
TIME LEFT 0 5 RIGHT 18 5
MOVE A6 0
MOVE A9 23
MOVE B15 167
MOVE B16 185
DAMAGE TURRET B10 1
DAMAGE COMBAT A6 3
DAMAGE COMBAT A11 1
DAMAGE COMBAT B10 1
DAMAGE COMBAT B11 2
END TURN 75
TURN 76
COMMAND LEFT START
MOVE A6 4
COMMAND LEFT END
COMMAND RIGHT START
COMMAND RIGHT END
TURN 76 RESULT
TIME LEFT 0 5 RIGHT 17 5
MOVE A9 37
MOVE B16 181
DAMAGE TURRET B11 1
DAMAGE COMBAT A6 1
DAMAGE COMBAT A12 2
DAMAGE COMBAT B11 1
DAMAGE COMBAT B12 1
END TURN 76
TURN 77
COMMAND LEFT START
MOVE A9 0
COMMAND LEFT END
COMMAND RIGHT START
TRAIN 1
COMMAND RIGHT END
TURN 77 RESULT
TIME LEFT 0 5 RIGHT 17 5
TRAIN B17
MOVE A9 23
MOVE B16 167
DAMAGE TURRET B12 1
DAMAGE COMBAT A12 2
DAMAGE COMBAT B12 1
END TURN 77
TURN 78
COMMAND LEFT START
COMMAND LEFT END
COMMAND RIGHT START
MOVE B17 167
COMMAND RIGHT END
TURN 78 RESULT
TIME LEFT 0 5 RIGHT 17 5
MOVE A9 19
MOVE B17 200
DAMAGE TURRET B12 1
SIEGE A 0 2
END TURN 78
TURN 79
COMMAND LEFT START
COMMAND LEFT END
COMMAND RIGHT START
COMMAND RIGHT END
TURN 79 RESULT
TIME LEFT 0 5 RIGHT 17 5
MOVE A9 11
MOVE B17 193
DAMAGE TURRET B13 1
SIEGE A 0 1
END TURN 79
TURN 80
COMMAND LEFT START
COMMAND LEFT END
COMMAND RIGHT START
COMMAND RIGHT END
TURN 80 RESULT
TIME LEFT 0 5 RIGHT 17 5
MOVE A9 4
MOVE B17 185
DAMAGE TURRET B13 1
SIEGE A 0 1
END TURN 80
TURN 81
COMMAND LEFT START
COMMAND LEFT END
COMMAND RIGHT START
COMMAND RIGHT END
TURN 81 RESULT
TIME LEFT 0 5 RIGHT 17 5
MOVE A9 0
MOVE B17 181
DAMAGE TURRET B13 1
DAMAGE COMBAT A9 1
DAMAGE COMBAT B13 1
END TURN 81
TURN 82
COMMAND LEFT START
COMMAND LEFT END
COMMAND RIGHT START
TRAIN 1
COMMAND RIGHT END
TURN 82 RESULT
TIME LEFT 0 5 RIGHT 17 5
TRAIN B18
MOVE B17 167
END TURN 82
TURN 83
COMMAND LEFT START
COMMAND LEFT END
COMMAND RIGHT START
MOVE B18 167
COMMAND RIGHT END
TURN 83 RESULT
TIME LEFT 0 5 RIGHT 17 5
MOVE B18 200
END TURN 83
TURN 84
COMMAND LEFT START
COMMAND LEFT END
COMMAND RIGHT START
COMMAND RIGHT END
TURN 84 RESULT
TIME LEFT 0 5 RIGHT 17 5
MOVE B18 193
END TURN 84
TURN 85
COMMAND LEFT START
COMMAND LEFT END
COMMAND RIGHT START
COMMAND RIGHT END
TURN 85 RESULT
TIME LEFT 0 5 RIGHT 17 5
MOVE B18 185
END TURN 85
TURN 86
COMMAND LEFT START
COMMAND LEFT END
COMMAND RIGHT START
TRAIN 1
COMMAND RIGHT END
TURN 86 RESULT
TIME LEFT 0 5 RIGHT 17 5
TRAIN B19
MOVE B18 181
END TURN 86
TURN 87
COMMAND LEFT START
TRAIN 1
COMMAND LEFT END
COMMAND RIGHT START
MOVE B19 167
COMMAND RIGHT END
TURN 87 RESULT
TIME LEFT 0 5 RIGHT 17 5
TRAIN A13
MOVE B18 167
MOVE B19 200
END TURN 87
TURN 88
COMMAND LEFT START
MOVE A9 4
COMMAND LEFT END
COMMAND RIGHT START
MOVE B7 0
MOVE B14 0
MOVE B15 0
MOVE B16 0
MOVE B17 0
MOVE B18 0
COMMAND RIGHT END
TURN 88 RESULT
TIME LEFT 0 5 RIGHT 17 5
MOVE A9 4
MOVE B7 153
MOVE B14 153
MOVE B15 153
MOVE B16 153
MOVE B17 153
MOVE B18 153
MOVE B19 193
END TURN 88
TURN 89
COMMAND LEFT START
COMMAND LEFT END
COMMAND RIGHT START
COMMAND RIGHT END
TURN 89 RESULT
TIME LEFT 0 5 RIGHT 17 5
MOVE B7 141
MOVE B14 141
MOVE B15 141
MOVE B16 141
MOVE B17 141
MOVE B18 141
MOVE B19 185
END TURN 89
TURN 90
COMMAND LEFT START
COMMAND LEFT END
COMMAND RIGHT START
COMMAND RIGHT END
TURN 90 RESULT
TIME LEFT 0 5 RIGHT 17 5
MOVE B7 128
MOVE B14 128
MOVE B15 128
MOVE B16 128
MOVE B17 128
MOVE B18 128
MOVE B19 181
END TURN 90
TURN 91
COMMAND LEFT START
COMMAND LEFT END
COMMAND RIGHT START
COMMAND RIGHT END
TURN 91 RESULT
TIME LEFT 0 5 RIGHT 17 5
MOVE B7 110
MOVE B14 110
MOVE B15 110
MOVE B16 110
MOVE B17 110
MOVE B18 110
MOVE B19 167
END TURN 91
TURN 92
COMMAND LEFT START
COMMAND LEFT END
COMMAND RIGHT START
COMMAND RIGHT END
TURN 92 RESULT
TIME LEFT 0 5 RIGHT 17 5
MOVE B7 96
MOVE B14 96
MOVE B15 96
MOVE B16 96
MOVE B17 96
MOVE B18 96
END TURN 92
TURN 93
COMMAND LEFT START
TRAIN 1
COMMAND LEFT END
COMMAND RIGHT START
COMMAND RIGHT END
TURN 93 RESULT
TIME LEFT 0 5 RIGHT 17 5
TRAIN A14
MOVE B7 83
MOVE B14 83
MOVE B15 83
MOVE B16 83
MOVE B17 83
MOVE B18 83
END TURN 93
TURN 94
COMMAND LEFT START
MOVE A13 37
COMMAND LEFT END
COMMAND RIGHT START
TRAIN 1
COMMAND RIGHT END
TURN 94 RESULT
TIME LEFT 0 5 RIGHT 17 5
TRAIN B20
MOVE A13 4
MOVE B7 79
MOVE B14 79
MOVE B15 79
MOVE B16 79
MOVE B17 79
MOVE B18 79
END TURN 94
TURN 95
COMMAND LEFT START
COMMAND LEFT END
COMMAND RIGHT START
MOVE B20 167
COMMAND RIGHT END
TURN 95 RESULT
TIME LEFT 0 5 RIGHT 16 5
MOVE A13 11
MOVE B7 68
MOVE B14 68
MOVE B15 68
MOVE B16 68
MOVE B17 68
MOVE B18 68
MOVE B20 200
END TURN 95
TURN 96
COMMAND LEFT START
COMMAND LEFT END
COMMAND RIGHT START
COMMAND RIGHT END
TURN 96 RESULT
TIME LEFT 0 5 RIGHT 16 5
MOVE A13 19
MOVE B7 47
MOVE B14 47
MOVE B15 47
MOVE B16 47
MOVE B17 47
MOVE B18 47
MOVE B20 193
END TURN 96
TURN 97
COMMAND LEFT START
COMMAND LEFT END
COMMAND RIGHT START
COMMAND RIGHT END
TURN 97 RESULT
TIME LEFT 0 5 RIGHT 16 5
MOVE A13 23
MOVE B7 24
MOVE B14 24
MOVE B15 24
MOVE B16 24
MOVE B17 24
MOVE B18 24
MOVE B20 185
END TURN 97
TURN 98
COMMAND LEFT START
COMMAND LEFT END
COMMAND RIGHT START
COMMAND RIGHT END
TURN 98 RESULT
TIME LEFT 0 5 RIGHT 19 5
MOVE A13 37
MOVE B7 13
MOVE B14 13
MOVE B15 13
MOVE B16 13
MOVE B17 13
MOVE B18 13
MOVE B20 181
END TURN 98
TURN 99
COMMAND LEFT START
MOVE A9 0
MOVE A13 0
TRAIN 1
COMMAND LEFT END
COMMAND RIGHT START
COMMAND RIGHT END
TURN 99 RESULT
TIME LEFT 0 5 RIGHT 17 5
TRAIN A15
MOVE A9 0
MOVE A13 23
MOVE B7 3
MOVE B14 3
MOVE B15 3
MOVE B16 3
MOVE B17 3
MOVE B18 3
MOVE B20 167
END TURN 99
TURN 100
COMMAND LEFT START
MOVE A9 4
MOVE A14 37
COMMAND LEFT END
COMMAND RIGHT START
COMMAND RIGHT END
TURN 100 RESULT
TIME LEFT 0 5 RIGHT 17 5
MOVE A9 4
MOVE A13 19
MOVE A14 4
MOVE B7 0
MOVE B14 0
MOVE B15 0
MOVE B16 0
MOVE B17 0
MOVE B18 0
DAMAGE TURRET B7 1
DAMAGE COMBAT A15 4
DAMAGE COMBAT B7 1
SIEGE A 0 2
END TURN 100
TURN 101
COMMAND LEFT START
MOVE A9 0
COMMAND LEFT END
COMMAND RIGHT START
TRAIN 1
COMMAND RIGHT END
TURN 101 RESULT
TIME LEFT 0 5 RIGHT 16 5
TRAIN B21
MOVE A9 0
MOVE A13 11
MOVE A14 11
DAMAGE TURRET B7 1
DAMAGE COMBAT A9 3
DAMAGE COMBAT B14 1
SIEGE A 0 3
END TURN 101
TURN 102
COMMAND LEFT START
COMMAND LEFT END
COMMAND RIGHT START
MOVE B21 167
COMMAND RIGHT END
TURN 102 RESULT
TIME LEFT 0 5 RIGHT 16 5
MOVE A13 4
MOVE A14 19
MOVE B21 200
DAMAGE TURRET B14 1
SIEGE A 0 1
END TURN 102
RESULT RIGHT_WIN HQ_DESTROYED
