[LEFT ""]
[RIGHT ""]
MAP
245 19
-10916 -10360 -10343 -10014 -10249 -9775 -9967 -8522 -8451 -8457 -8976 -7981 -8004 -7829 -8551 -7541 -8350 -7537 -7413 -7222 -7230 -7240 -7124 -6850 -6764 -7038 -6523 -6490 -6345 -6255 -6855 -6231 -6116 -6268 -6192 -6999 -5902 -5767 -6396 -5499 -5353 -5790 -5149 -5229 -5207 -5273 -5202 -4948 -4900 -4944 -4922 -4579 -4552 -4357 -4299 -4336 -4926 -4327 -4240 -4119 -4123 -4350 -3948 -3851 -3834 -3742 -3592 -3547 -3433 -3721 -3356 -3471 -3060 -3105 -3128 -3063 -2915 -2951 -2719 -2832 -2745 -2806 -2940 -2724 -2649 -2471 -2141 -2311 -2375 -2234 -2025 -1940 -1989 -2125 -1910 -1920 -1737 -1633 -1740 -1659 -1396 -1625 -1423 -1439 -1414 -1175 -983 -946 -861 -775 -651 -652 -615 -626 -571 -721 -401 -444 -148 -148 -251 -122 0 122 251 148 148 444 401 721 571 626 615 652 651 775 861 946 983 1175 1414 1439 1423 1625 1396 1659 1740 1633 1737 1920 1910 2125 1989 1940 2025 2234 2375 2311 2141 2471 2649 2724 2940 2806 2745 2832 2719 2951 2915 3063 3128 3105 3060 3471 3356 3721 3433 3547 3592 3742 3834 3851 3948 4350 4123 4119 4240 4327 4926 4336 4299 4357 4552 4579 4922 4944 4900 4948 5202 5273 5207 5229 5149 5790 5353 5499 6396 5767 5902 6999 6192 6268 6116 6231 6855 6255 6345 6490 6523 7038 6764 6850 7124 7240 7230 7222 7413 7537 8350 7541 8551 7829 8004 7981 8976 8457 8451 8522 9967 9775 10249 10014 10343 10360 10916
-489 1374 -3598 -2157 3232 -5217 4978 2021 422 -605 5953 -3006 -1566 3894 -6704 -4338 7252 573 2739 -482 5205 1571 -1774 4296 -3343 -7070 321 3297 -2385 -1133 7508 5557 1418 -4474 -5560 -8580 2399 4362 8899 102 -3059 -9443 -4471 6420 -1851 3169 -6849 4969 -5636 -786 1563 7454 3902 -8031 2668 -3823 9648 5741 647 -6906 -1762 -10122 -566 -2894 -5361 4353 6409 1535 7694 9985 5223 3339 -1435 -7748 -4660 -6557 -3579 -353 2439 -2561 4146 456 -10137 6640 -5622 1375 3272 5015 8288 -4188 -8220 -6279 -2141 10708 7214 -920 6112 165 -7092 -5405 8054 -10802 -4101 4504 1464 -2883 -1525 -8136 -5169 9511 -6664 7557 -580 6308 4912 3572 1524 -4043 -10578 -7748 2633 -5567 0 5567 -2633 7748 10578 4043 -1524 -3572 -4912 -6308 580 -7557 6664 -9511 5169 8136 1525 2883 -1464 -4504 4101 10802 -8054 5405 7092 -165 -6112 920 -7214 -10708 2141 6279 8220 4188 -8288 -5015 -3272 -1375 5622 -6640 10137 -456 -4146 2561 -2439 353 3579 6557 4660 7748 1435 -3339 -5223 -9985 -7694 -1535 -6409 -4353 5361 2894 566 10122 1762 6906 -647 -5741 -9648 3823 -2668 8031 -3902 -7454 -1563 786 5636 -4969 6849 -3169 1851 -6420 4471 9443 3059 -102 -8899 -4362 -2399 8580 5560 4474 -1418 -5557 -7508 1133 2385 -3297 -321 7070 3343 -4296 1774 -1571 -5205 482 -2739 -573 -7252 4338 6704 -3894 1566 3006 -5953 605 -422 -2021 -4978 5217 -3232 2157 3598 -1374 489
STRONGHOLDS 8 36 64 66 71 73 85 102 109 122 135 142 159 171 173 178 180 208 236
5 1 2 3 8 9
4 0 4 7 8
4 0 3 5 11
5 0 2 9 11 12
4 1 6 7 13
4 2 11 14 15
3 4 10 13
7 1 4 8 13 17 18 21
5 0 1 7 9 17
6 0 3 8 12 17 19
4 6 13 16 20
7 2 3 5 12 15 22 24
5 3 9 11 19 22
8 4 6 7 10 18 20 23 27
5 5 15 25 34 35
6 5 11 14 24 33 34
4 10 20 30 38
6 7 8 9 19 21 26
5 7 13 21 27 36
6 9 12 17 22 26 29
6 10 13 16 23 30 31
6 7 17 18 26 32 36
6 11 12 19 24 28 29
5 13 20 27 31 37
6 11 15 22 28 33 40
4 14 34 35 46
6 17 19 21 29 32 39
6 13 18 23 36 37 45
5 22 24 29 40 44
7 19 22 26 28 39 44 49
6 16 20 31 38 43 51
6 20 23 30 37 43 47
5 21 26 36 39 50
5 15 24 34 40 42
7 14 15 25 33 42 46 48
4 14 25 41 46
6 18 21 27 32 45 50
6 23 27 31 45 47 52
4 16 30 51 56
6 26 29 32 49 50 58
7 24 28 33 42 44 55 63
4 35 46 53 61
6 33 34 40 48 55 64
6 30 31 47 51 57 66
6 28 29 40 49 60 63
6 27 36 37 50 52 54
7 25 34 35 41 48 53 59
6 31 37 43 52 57 65
5 34 42 46 59 64
6 29 39 44 58 60 62
7 32 36 39 45 54 58 67
6 30 38 43 56 66 68
6 37 45 47 54 65 71
6 41 46 59 61 73 82
6 45 50 52 67 71 78
6 40 42 63 64 74 76
4 38 51 68 69
5 43 47 65 66 70
7 39 49 50 62 67 77 81
6 46 48 53 64 73 75
6 44 49 62 63 72 79
3 41 53 82
5 49 58 60 72 77
6 40 44 55 60 76 79
7 42 48 55 59 74 75 84
6 47 52 57 70 71 80
6 43 51 57 68 70 83
6 50 54 58 78 81 85
7 51 56 66 69 83 88 94
4 56 68 88 93
6 57 65 66 80 83 87
6 52 54 65 78 80 86
6 60 62 77 79 92 95
6 53 59 75 82 90 98
5 55 64 76 84 89
6 59 64 73 84 91 98
6 55 63 74 79 89 105
6 58 62 72 81 95 97
6 54 67 71 85 86 104
6 60 63 72 76 92 105
6 65 70 71 86 87 103
5 58 67 77 85 97
5 53 61 73 90 101
6 66 68 70 87 94 96
6 64 74 75 89 91 99
5 67 78 81 97 104
7 71 78 80 103 104 115 120
5 70 80 83 96 103
6 68 69 93 94 100 109
6 74 76 84 99 102 105
5 73 82 98 101 107
5 75 84 98 99 110
5 72 79 95 105 106
4 69 88 109 126
7 68 83 88 96 100 111 113
6 72 77 92 97 106 112
6 83 87 94 103 113 114
8 77 81 85 95 104 112 116 122
6 73 75 90 91 107 110
6 84 89 91 102 108 110
4 88 94 109 111
4 82 90 107 118
5 89 99 105 108 117
6 80 86 87 96 114 115
6 78 85 86 97 116 120
8 76 79 89 92 102 106 117 124
6 92 95 105 112 124 128
7 90 98 101 110 118 119 135
6 99 102 110 117 121 130
7 88 93 100 111 125 126 137
9 91 98 99 107 108 119 121 131 133
6 94 100 109 113 125 134
5 95 97 106 122 128
6 94 96 111 114 123 134
7 96 103 113 115 123 127 136
5 86 103 114 120 127
6 97 104 120 122 132 138
6 102 105 108 124 129 130
4 101 107 135 151
4 107 110 133 135
7 86 104 115 116 127 138 139
4 108 110 130 131
6 97 112 116 128 132 147
4 113 114 134 136
7 105 106 117 128 129 140 158
4 109 111 134 137
4 93 109 137 143
6 114 115 120 136 139 142
6 106 112 122 124 140 147
5 117 124 130 141 158
7 108 117 121 129 131 141 148
6 110 121 130 133 148 150
5 116 122 138 147 149
6 110 119 131 135 144 150
9 111 113 123 125 136 137 145 146 153
7 107 118 119 133 144 151 156
6 114 123 127 134 142 145
7 109 125 126 134 143 146 154
6 116 120 132 139 149 152
8 120 127 138 142 152 155 165 168
6 124 128 147 158 159 166
6 129 130 148 157 158 164
5 127 136 139 145 155
4 126 137 154 162
4 133 135 150 156
6 134 136 142 153 155 160
6 134 137 153 154 169 171
8 122 128 132 140 149 159 163 167
6 130 131 141 150 157 161
6 132 138 147 152 167 172
7 131 133 144 148 156 161 176
4 118 135 156 175
5 138 139 149 165 172
5 134 145 146 160 169
5 137 143 146 162 171
6 139 142 145 160 168 170
6 135 144 150 151 175 176
5 141 148 161 164 174
7 124 129 140 141 164 166 173
5 140 147 163 166 177
6 145 153 155 169 170 180
6 148 150 157 174 176 178
5 143 154 171 183 191
5 147 159 167 177 186
6 141 157 158 173 174 179
6 139 152 168 172 181 184
6 140 158 159 173 177 190
6 147 149 163 172 182 186
6 139 155 165 170 181 189
6 146 153 160 171 180 185
5 155 160 168 180 189
6 146 154 162 169 185 191
6 149 152 165 167 182 184
6 158 164 166 179 190 192
6 157 161 164 178 179 187
4 151 156 176 188
7 150 156 161 175 178 188 193
6 159 163 166 186 190 194
6 161 174 176 187 193 201
6 164 173 174 187 192 197
7 160 169 170 185 189 196 202
6 165 168 184 189 200 204
5 167 172 184 186 195
3 162 191 203
6 165 172 181 182 195 200
6 169 171 180 191 196 198
7 163 167 177 182 194 195 205
5 174 178 179 197 201
4 175 176 193 206
6 168 170 180 181 202 204
6 166 173 177 192 194 199
6 162 171 183 185 198 203
6 173 179 190 197 199 207
6 176 178 188 201 206 214
7 177 186 190 199 205 208 212
6 182 184 186 200 205 215
5 180 185 198 202 210
6 179 187 192 201 207 213
7 185 191 196 203 209 210 219
6 190 192 194 207 208 217
6 181 184 195 204 215 216
6 178 187 193 197 213 214
6 180 189 196 204 210 211
4 183 191 198 209
7 181 189 200 202 211 216 220
6 186 194 195 212 215 218
4 188 193 214 228
6 192 197 199 213 217 221
6 194 199 212 217 223 226
4 198 203 219 230
7 196 198 202 211 219 229 230
5 202 204 210 220 229
5 194 205 208 218 223
6 197 201 207 214 221 224
6 193 201 206 213 224 228
7 195 200 205 216 218 222 225
5 200 204 215 220 222
6 199 207 208 221 226 231
6 205 212 215 223 225 227
4 198 209 210 230
6 204 211 216 222 229 233
5 207 213 217 224 231
6 215 216 220 225 232 233
6 208 212 218 226 227 237
6 213 214 221 228 231 234
6 215 218 222 227 232 235
5 208 217 223 231 237
6 218 223 225 235 236 237
4 206 214 224 234
6 210 211 220 230 233 239
5 209 210 219 229 239
8 217 221 224 226 234 237 238 240
5 222 225 233 235 241
7 220 222 229 232 239 241 242
4 224 228 231 238
6 225 227 232 236 241 244
5 227 235 237 243 244
7 223 226 227 231 236 240 243
3 231 234 240
4 229 230 233 242
4 231 237 238 243
5 232 233 235 242 244
4 233 239 241 244
4 236 237 240 244
5 235 236 241 242 243
END MAP
TURN 1
COMMAND LEFT START
MOVE A2 122
MOVE A3 85
COMMAND LEFT END
COMMAND RIGHT START
MOVE B1 236
MOVE B2 122
COMMAND RIGHT END
TURN 1 RESULT
TIME LEFT 66 5 RIGHT 1 5
MOVE A2 8
MOVE A3 8
MOVE B1 236
MOVE B2 236
END TURN 1
TURN 2
COMMAND LEFT START
COMMAND LEFT END
COMMAND RIGHT START
UPGRADE 236
COMMAND RIGHT END
TURN 2 RESULT
TIME LEFT 0 5 RIGHT 0 5
UPGRADE B 236
MOVE A2 17
MOVE A3 17
MOVE B2 227
END TURN 2
TURN 3
COMMAND LEFT START
COMMAND LEFT END
COMMAND RIGHT START
COMMAND RIGHT END
TURN 3 RESULT
TIME LEFT 0 5 RIGHT 0 5
MOVE A2 26
MOVE A3 26
MOVE B2 218
END TURN 3
TURN 4
COMMAND LEFT START
COMMAND LEFT END
COMMAND RIGHT START
COMMAND RIGHT END
TURN 4 RESULT
TIME LEFT 0 5 RIGHT 0 5
MOVE A2 39
MOVE A3 39
MOVE B2 205
END TURN 4
TURN 5
COMMAND LEFT START
COMMAND LEFT END
COMMAND RIGHT START
COMMAND RIGHT END
TURN 5 RESULT
TIME LEFT 0 5 RIGHT 0 5
MOVE A2 58
MOVE A3 58
MOVE B2 186
END TURN 5
TURN 6
COMMAND LEFT START
COMMAND LEFT END
COMMAND RIGHT START
COMMAND RIGHT END
TURN 6 RESULT
TIME LEFT 0 5 RIGHT 0 5
MOVE A2 81
MOVE A3 67
MOVE B2 163
END TURN 6
TURN 7
COMMAND LEFT START
COMMAND LEFT END
COMMAND RIGHT START
COMMAND RIGHT END
TURN 7 RESULT
TIME LEFT 0 5 RIGHT 0 5
MOVE A2 97
MOVE A3 85
MOVE B2 147
END TURN 7
TURN 8
COMMAND LEFT START
UPGRADE 85
COMMAND LEFT END
COMMAND RIGHT START
COMMAND RIGHT END
TURN 8 RESULT
TIME LEFT 0 5 RIGHT 0 5
UPGRADE A 85
MOVE A2 122
MOVE B2 122
DAMAGE COMBAT A2 1
DAMAGE COMBAT B2 1
END TURN 8
TURN 9
COMMAND LEFT START
COMMAND LEFT END
COMMAND RIGHT START
COMMAND RIGHT END
TURN 9 RESULT
TIME LEFT 0 5 RIGHT 0 5
DAMAGE COMBAT A2 1
DAMAGE COMBAT B2 1
END TURN 9
TURN 10
COMMAND LEFT START
COMMAND LEFT END
COMMAND RIGHT START
COMMAND RIGHT END
TURN 10 RESULT
TIME LEFT 0 5 RIGHT 0 5
DAMAGE COMBAT A2 1
DAMAGE COMBAT B2 1
END TURN 10
TURN 11
COMMAND LEFT START
COMMAND LEFT END
COMMAND RIGHT START
COMMAND RIGHT END
TURN 11 RESULT
TIME LEFT 1 5 RIGHT 0 5
DAMAGE COMBAT A2 1
DAMAGE COMBAT B2 1
END TURN 11
TURN 12
COMMAND LEFT START
COMMAND LEFT END
COMMAND RIGHT START
MOVE B3 122
TRAIN 1
COMMAND RIGHT END
TURN 12 RESULT
TIME LEFT 1 5 RIGHT 0 5
TRAIN B4
MOVE B3 236
END TURN 12
TURN 13
COMMAND LEFT START
TRAIN 1
COMMAND LEFT END
COMMAND RIGHT START
COMMAND RIGHT END
TURN 13 RESULT
TIME LEFT 1 5 RIGHT 0 5
TRAIN A4
MOVE B3 227
END TURN 13
TURN 14
COMMAND LEFT START
MOVE A4 102
COMMAND LEFT END
COMMAND RIGHT START
COMMAND RIGHT END
TURN 14 RESULT
TIME LEFT 0 5 RIGHT 0 5
MOVE A4 9
MOVE B3 218
END TURN 14
TURN 15
COMMAND LEFT START
COMMAND LEFT END
COMMAND RIGHT START
COMMAND RIGHT END
TURN 15 RESULT
TIME LEFT 0 5 RIGHT 0 5
MOVE A4 19
MOVE B3 205
END TURN 15
TURN 16
COMMAND LEFT START
COMMAND LEFT END
COMMAND RIGHT START
COMMAND RIGHT END
TURN 16 RESULT
TIME LEFT 0 5 RIGHT 0 5
MOVE A4 29
MOVE B3 186
END TURN 16
TURN 17
COMMAND LEFT START
COMMAND LEFT END
COMMAND RIGHT START
COMMAND RIGHT END
TURN 17 RESULT
TIME LEFT 0 5 RIGHT 0 5
MOVE A4 44
MOVE B3 163
END TURN 17
TURN 18
COMMAND LEFT START
COMMAND LEFT END
COMMAND RIGHT START
COMMAND RIGHT END
TURN 18 RESULT
TIME LEFT 0 5 RIGHT 0 5
MOVE A4 63
MOVE B3 147
END TURN 18
TURN 19
COMMAND LEFT START
COMMAND LEFT END
COMMAND RIGHT START
COMMAND RIGHT END
TURN 19 RESULT
TIME LEFT 0 5 RIGHT 0 5
MOVE A4 76
MOVE B3 122
END TURN 19
TURN 20
COMMAND LEFT START
COMMAND LEFT END
COMMAND RIGHT START
UPGRADE 122
COMMAND RIGHT END
TURN 20 RESULT
TIME LEFT 0 5 RIGHT 0 5
UPGRADE B 122
MOVE A4 89
END TURN 20
TURN 21
COMMAND LEFT START
COMMAND LEFT END
COMMAND RIGHT START
COMMAND RIGHT END
TURN 21 RESULT
TIME LEFT 0 5 RIGHT 0 5
MOVE A4 102
END TURN 21
TURN 22
COMMAND LEFT START
UPGRADE 102
COMMAND LEFT END
COMMAND RIGHT START
TRAIN 1
COMMAND RIGHT END
TURN 22 RESULT
TIME LEFT 2 5 RIGHT 0 5
UPGRADE A 102
TRAIN B5
END TURN 22
TURN 23
COMMAND LEFT START
COMMAND LEFT END
COMMAND RIGHT START
COMMAND RIGHT END
TURN 23 RESULT
TIME LEFT 1 5 RIGHT 0 5
END TURN 23
TURN 24
COMMAND LEFT START
COMMAND LEFT END
COMMAND RIGHT START
COMMAND RIGHT END
TURN 24 RESULT
TIME LEFT 1 5 RIGHT 0 5
END TURN 24
TURN 25
COMMAND LEFT START
COMMAND LEFT END
COMMAND RIGHT START
COMMAND RIGHT END
TURN 25 RESULT
TIME LEFT 1 5 RIGHT 0 5
END TURN 25
TURN 26
COMMAND LEFT START
COMMAND LEFT END
COMMAND RIGHT START
COMMAND RIGHT END
TURN 26 RESULT
TIME LEFT 1 5 RIGHT 0 5
END TURN 26
TURN 27
COMMAND LEFT START
COMMAND LEFT END
COMMAND RIGHT START
COMMAND RIGHT END
TURN 27 RESULT
TIME LEFT 1 5 RIGHT 0 5
END TURN 27
TURN 28
COMMAND LEFT START
COMMAND LEFT END
COMMAND RIGHT START
COMMAND RIGHT END
TURN 28 RESULT
TIME LEFT 1 5 RIGHT 0 5
END TURN 28
TURN 29
COMMAND LEFT START
COMMAND LEFT END
COMMAND RIGHT START
COMMAND RIGHT END
TURN 29 RESULT
TIME LEFT 1 5 RIGHT 0 5
END TURN 29
TURN 30
COMMAND LEFT START
COMMAND LEFT END
COMMAND RIGHT START
COMMAND RIGHT END
TURN 30 RESULT
TIME LEFT 1 5 RIGHT 0 5
END TURN 30
TURN 31
COMMAND LEFT START
TRAIN 1
COMMAND LEFT END
COMMAND RIGHT START
COMMAND RIGHT END
TURN 31 RESULT
TIME LEFT 1 5 RIGHT 0 5
TRAIN A5
END TURN 31
TURN 32
COMMAND LEFT START
MOVE A5 73
COMMAND LEFT END
COMMAND RIGHT START
MOVE B5 208
COMMAND RIGHT END
TURN 32 RESULT
TIME LEFT 1 5 RIGHT 0 5
MOVE A5 3
MOVE B5 236
END TURN 32
TURN 33
COMMAND LEFT START
COMMAND LEFT END
COMMAND RIGHT START
COMMAND RIGHT END
TURN 33 RESULT
TIME LEFT 0 5 RIGHT 0 5
MOVE A5 11
MOVE B5 227
END TURN 33
TURN 34
COMMAND LEFT START
COMMAND LEFT END
COMMAND RIGHT START
COMMAND RIGHT END
TURN 34 RESULT
TIME LEFT 0 5 RIGHT 0 5
MOVE A5 15
MOVE B5 223
END TURN 34
TURN 35
COMMAND LEFT START
COMMAND LEFT END
COMMAND RIGHT START
COMMAND RIGHT END
TURN 35 RESULT
TIME LEFT 0 5 RIGHT 0 5
MOVE A5 34
MOVE B5 208
END TURN 35
TURN 36
COMMAND LEFT START
COMMAND LEFT END
COMMAND RIGHT START
UPGRADE 208
COMMAND RIGHT END
TURN 36 RESULT
TIME LEFT 0 5 RIGHT 0 5
UPGRADE B 208
MOVE A5 46
END TURN 36
TURN 37
COMMAND LEFT START
COMMAND LEFT END
COMMAND RIGHT START
COMMAND RIGHT END
TURN 37 RESULT
TIME LEFT 0 5 RIGHT 0 5
MOVE A5 59
END TURN 37
TURN 38
COMMAND LEFT START
COMMAND LEFT END
COMMAND RIGHT START
COMMAND RIGHT END
TURN 38 RESULT
TIME LEFT 0 5 RIGHT 0 5
MOVE A5 73
END TURN 38
TURN 39
COMMAND LEFT START
UPGRADE 73
COMMAND LEFT END
COMMAND RIGHT START
TRAIN 1
COMMAND RIGHT END
TURN 39 RESULT
TIME LEFT 1 5 RIGHT 0 5
UPGRADE A 73
TRAIN B6
END TURN 39
TURN 40
COMMAND LEFT START
COMMAND LEFT END
COMMAND RIGHT START
COMMAND RIGHT END
TURN 40 RESULT
TIME LEFT 1 5 RIGHT 0 5
END TURN 40
TURN 41
COMMAND LEFT START
COMMAND LEFT END
COMMAND RIGHT START
COMMAND RIGHT END
TURN 41 RESULT
TIME LEFT 1 5 RIGHT 0 5
END TURN 41
TURN 42
COMMAND LEFT START
COMMAND LEFT END
COMMAND RIGHT START
COMMAND RIGHT END
TURN 42 RESULT
TIME LEFT 1 5 RIGHT 0 5
END TURN 42
TURN 43
COMMAND LEFT START
COMMAND LEFT END
COMMAND RIGHT START
MOVE B6 180
COMMAND RIGHT END
TURN 43 RESULT
TIME LEFT 2 5 RIGHT 0 5
MOVE B6 241
END TURN 43
TURN 44
COMMAND LEFT START
TRAIN 1
COMMAND LEFT END
COMMAND RIGHT START
COMMAND RIGHT END
TURN 44 RESULT
TIME LEFT 1 5 RIGHT 0 5
TRAIN A6
MOVE B6 233
END TURN 44
TURN 45
COMMAND LEFT START
MOVE A6 64
COMMAND LEFT END
COMMAND RIGHT START
COMMAND RIGHT END
TURN 45 RESULT
TIME LEFT 0 5 RIGHT 0 5
MOVE A6 3
MOVE B6 220
END TURN 45
TURN 46
COMMAND LEFT START
COMMAND LEFT END
COMMAND RIGHT START
COMMAND RIGHT END
TURN 46 RESULT
TIME LEFT 0 5 RIGHT 0 5
MOVE A6 11
MOVE B6 211
END TURN 46
TURN 47
COMMAND LEFT START
COMMAND LEFT END
COMMAND RIGHT START
COMMAND RIGHT END
TURN 47 RESULT
TIME LEFT 0 5 RIGHT 0 5
MOVE A6 24
MOVE B6 202
END TURN 47
TURN 48
COMMAND LEFT START
COMMAND LEFT END
COMMAND RIGHT START
COMMAND RIGHT END
TURN 48 RESULT
TIME LEFT 0 5 RIGHT 0 5
MOVE A6 33
MOVE B6 180
END TURN 48
TURN 49
COMMAND LEFT START
COMMAND LEFT END
COMMAND RIGHT START
UPGRADE 180
COMMAND RIGHT END
TURN 49 RESULT
TIME LEFT 0 5 RIGHT 0 5
UPGRADE B 180
MOVE A6 42
END TURN 49
TURN 50
COMMAND LEFT START
COMMAND LEFT END
COMMAND RIGHT START
COMMAND RIGHT END
TURN 50 RESULT
TIME LEFT 0 5 RIGHT 0 5
MOVE A6 64
END TURN 50
TURN 51
COMMAND LEFT START
UPGRADE 64
COMMAND LEFT END
COMMAND RIGHT START
COMMAND RIGHT END
TURN 51 RESULT
TIME LEFT 1 5 RIGHT 0 5
UPGRADE A 64
END TURN 51
TURN 52
COMMAND LEFT START
COMMAND LEFT END
COMMAND RIGHT START
COMMAND RIGHT END
TURN 52 RESULT
TIME LEFT 1 5 RIGHT 0 5
END TURN 52
TURN 53
COMMAND LEFT START
COMMAND LEFT END
COMMAND RIGHT START
COMMAND RIGHT END
TURN 53 RESULT
TIME LEFT 1 5 RIGHT 0 5
END TURN 53
TURN 54
COMMAND LEFT START
COMMAND LEFT END
COMMAND RIGHT START
COMMAND RIGHT END
TURN 54 RESULT
TIME LEFT 1 5 RIGHT 0 5
END TURN 54
TURN 55
COMMAND LEFT START
COMMAND LEFT END
COMMAND RIGHT START
COMMAND RIGHT END
TURN 55 RESULT
TIME LEFT 1 5 RIGHT 0 5
END TURN 55
TURN 56
COMMAND LEFT START
TRAIN 1
COMMAND LEFT END
COMMAND RIGHT START
COMMAND RIGHT END
TURN 56 RESULT
TIME LEFT 0 5 RIGHT 0 5
TRAIN A7
END TURN 56
TURN 57
COMMAND LEFT START
MOVE A7 36
COMMAND LEFT END
COMMAND RIGHT START
COMMAND RIGHT END
TURN 57 RESULT
TIME LEFT 0 5 RIGHT 0 5
MOVE A7 8
END TURN 57
TURN 58
COMMAND LEFT START
COMMAND LEFT END
COMMAND RIGHT START
UPGRADE 244
COMMAND RIGHT END
TURN 58 RESULT
TIME LEFT 0 5 RIGHT 0 5
UPGRADE B 244
MOVE A7 17
END TURN 58
TURN 59
COMMAND LEFT START
COMMAND LEFT END
COMMAND RIGHT START
COMMAND RIGHT END
TURN 59 RESULT
TIME LEFT 0 5 RIGHT 0 5
MOVE A7 21
END TURN 59
TURN 60
COMMAND LEFT START
COMMAND LEFT END
COMMAND RIGHT START
TRAIN 1
COMMAND RIGHT END
TURN 60 RESULT
TIME LEFT 0 5 RIGHT 0 5
TRAIN B7
MOVE A7 36
END TURN 60
TURN 61
COMMAND LEFT START
UPGRADE 36
COMMAND LEFT END
COMMAND RIGHT START
COMMAND RIGHT END
TURN 61 RESULT
TIME LEFT 1 5 RIGHT 0 5
UPGRADE A 36
END TURN 61
TURN 62
COMMAND LEFT START
COMMAND LEFT END
COMMAND RIGHT START
COMMAND RIGHT END
TURN 62 RESULT
TIME LEFT 1 5 RIGHT 0 5
END TURN 62
TURN 63
COMMAND LEFT START
COMMAND LEFT END
COMMAND RIGHT START
COMMAND RIGHT END
TURN 63 RESULT
TIME LEFT 1 5 RIGHT 0 5
END TURN 63
TURN 64
COMMAND LEFT START
COMMAND LEFT END
COMMAND RIGHT START
COMMAND RIGHT END
TURN 64 RESULT
TIME LEFT 1 5 RIGHT 0 5
END TURN 64
TURN 65
COMMAND LEFT START
COMMAND LEFT END
COMMAND RIGHT START
COMMAND RIGHT END
TURN 65 RESULT
TIME LEFT 1 5 RIGHT 0 5
END TURN 65
TURN 66
COMMAND LEFT START
COMMAND LEFT END
COMMAND RIGHT START
COMMAND RIGHT END
TURN 66 RESULT
TIME LEFT 1 5 RIGHT 0 5
END TURN 66
TURN 67
COMMAND LEFT START
TRAIN 1
COMMAND LEFT END
COMMAND RIGHT START
UPGRADE 236
COMMAND RIGHT END
TURN 67 RESULT
TIME LEFT 1 5 RIGHT 0 5
UPGRADE B 236
TRAIN A8
END TURN 67
TURN 68
COMMAND LEFT START
MOVE A8 8
COMMAND LEFT END
COMMAND RIGHT START
COMMAND RIGHT END
TURN 68 RESULT
TIME LEFT 1 5 RIGHT 0 5
MOVE A8 8
END TURN 68
TURN 69
COMMAND LEFT START
UPGRADE 8
COMMAND LEFT END
COMMAND RIGHT START
TRAIN 1
COMMAND RIGHT END
TURN 69 RESULT
TIME LEFT 1 5 RIGHT 0 5
UPGRADE A 8
TRAIN B8
END TURN 69
TURN 70
COMMAND LEFT START
COMMAND LEFT END
COMMAND RIGHT START
MOVE B4 236
COMMAND RIGHT END
TURN 70 RESULT
TIME LEFT 0 5 RIGHT 0 5
MOVE B4 236
END TURN 70
TURN 71
COMMAND LEFT START
COMMAND LEFT END
COMMAND RIGHT START
COMMAND RIGHT END
TURN 71 RESULT
TIME LEFT 0 5 RIGHT 0 5
END TURN 71
TURN 72
COMMAND LEFT START
COMMAND LEFT END
COMMAND RIGHT START
COMMAND RIGHT END
TURN 72 RESULT
TIME LEFT 0 5 RIGHT 0 5
END TURN 72
TURN 73
COMMAND LEFT START
COMMAND LEFT END
COMMAND RIGHT START
COMMAND RIGHT END
TURN 73 RESULT
TIME LEFT 0 5 RIGHT 0 5
END TURN 73
TURN 74
COMMAND LEFT START
COMMAND LEFT END
COMMAND RIGHT START
COMMAND RIGHT END
TURN 74 RESULT
TIME LEFT 0 5 RIGHT 0 5
END TURN 74
TURN 75
COMMAND LEFT START
COMMAND LEFT END
COMMAND RIGHT START
COMMAND RIGHT END
TURN 75 RESULT
TIME LEFT 0 5 RIGHT 0 5
END TURN 75
TURN 76
COMMAND LEFT START
UPGRADE 0
COMMAND LEFT END
COMMAND RIGHT START
COMMAND RIGHT END
TURN 76 RESULT
TIME LEFT 1 5 RIGHT 0 5
UPGRADE A 0
END TURN 76
TURN 77
COMMAND LEFT START
COMMAND LEFT END
COMMAND RIGHT START
COMMAND RIGHT END
TURN 77 RESULT
TIME LEFT 0 5 RIGHT 0 5
END TURN 77
TURN 78
COMMAND LEFT START
COMMAND LEFT END
COMMAND RIGHT START
COMMAND RIGHT END
TURN 78 RESULT
TIME LEFT 0 5 RIGHT 0 5
END TURN 78
TURN 79
COMMAND LEFT START
COMMAND LEFT END
COMMAND RIGHT START
COMMAND RIGHT END
TURN 79 RESULT
TIME LEFT 0 5 RIGHT 0 5
END TURN 79
TURN 80
COMMAND LEFT START
COMMAND LEFT END
COMMAND RIGHT START
UPGRADE 244
COMMAND RIGHT END
TURN 80 RESULT
TIME LEFT 0 5 RIGHT 0 5
UPGRADE B 244
END TURN 80
TURN 81
COMMAND LEFT START
COMMAND LEFT END
COMMAND RIGHT START
TRAIN 1
COMMAND RIGHT END
TURN 81 RESULT
TIME LEFT 0 5 RIGHT 0 5
TRAIN B9
END TURN 81
TURN 82
COMMAND LEFT START
COMMAND LEFT END
COMMAND RIGHT START
COMMAND RIGHT END
TURN 82 RESULT
TIME LEFT 0 5 RIGHT 0 5
END TURN 82
TURN 83
COMMAND LEFT START
COMMAND LEFT END
COMMAND RIGHT START
COMMAND RIGHT END
TURN 83 RESULT
TIME LEFT 0 5 RIGHT 0 5
END TURN 83
TURN 84
COMMAND LEFT START
COMMAND LEFT END
COMMAND RIGHT START
COMMAND RIGHT END
TURN 84 RESULT
TIME LEFT 0 5 RIGHT 0 5
END TURN 84
TURN 85
COMMAND LEFT START
COMMAND LEFT END
COMMAND RIGHT START
COMMAND RIGHT END
TURN 85 RESULT
TIME LEFT 0 5 RIGHT 0 5
END TURN 85
TURN 86
COMMAND LEFT START
COMMAND LEFT END
COMMAND RIGHT START
COMMAND RIGHT END
TURN 86 RESULT
TIME LEFT 1 5 RIGHT 0 5
END TURN 86
TURN 87
COMMAND LEFT START
UPGRADE 0
COMMAND LEFT END
COMMAND RIGHT START
UPGRADE 208
COMMAND RIGHT END
TURN 87 RESULT
TIME LEFT 0 5 RIGHT 0 5
UPGRADE A 0
UPGRADE B 208
END TURN 87
TURN 88
COMMAND LEFT START
TRAIN 1
COMMAND LEFT END
COMMAND RIGHT START
TRAIN 1
COMMAND RIGHT END
TURN 88 RESULT
TIME LEFT 0 5 RIGHT 0 5
TRAIN A9 B10
END TURN 88
TURN 89
COMMAND LEFT START
COMMAND LEFT END
COMMAND RIGHT START
MOVE B7 208
COMMAND RIGHT END
TURN 89 RESULT
TIME LEFT 0 5 RIGHT 0 5
MOVE B7 236
END TURN 89
TURN 90
COMMAND LEFT START
TRAIN 1
COMMAND LEFT END
COMMAND RIGHT START
COMMAND RIGHT END
TURN 90 RESULT
TIME LEFT 0 5 RIGHT 0 5
TRAIN A10
MOVE B7 227
END TURN 90
TURN 91
COMMAND LEFT START
TRAIN 1
COMMAND LEFT END
COMMAND RIGHT START
COMMAND RIGHT END
TURN 91 RESULT
TIME LEFT 0 5 RIGHT 0 5
TRAIN A11
MOVE B7 223
END TURN 91
TURN 92
COMMAND LEFT START
MOVE A11 227
TRAIN 1
COMMAND LEFT END
COMMAND RIGHT START
COMMAND RIGHT END
TURN 92 RESULT
TIME LEFT 1 5 RIGHT 0 5
TRAIN A12
MOVE A11 8
MOVE B7 208
END TURN 92
TURN 93
COMMAND LEFT START
MOVE A12 85
TRAIN 1
COMMAND LEFT END
COMMAND RIGHT START
UPGRADE 180
COMMAND RIGHT END
TURN 93 RESULT
TIME LEFT 1 5 RIGHT 0 5
UPGRADE B 180
TRAIN A13
MOVE A11 17
MOVE A12 8
END TURN 93
TURN 94
COMMAND LEFT START
MOVE A13 85
TRAIN 1
COMMAND LEFT END
COMMAND RIGHT START
TRAIN 1
COMMAND RIGHT END
TURN 94 RESULT
TIME LEFT 1 5 RIGHT 0 5
TRAIN A14 B11
MOVE A11 26
MOVE A12 17
MOVE A13 8
END TURN 94
TURN 95
COMMAND LEFT START
MOVE A14 85
TRAIN 1
COMMAND LEFT END
COMMAND RIGHT START
MOVE B8 180
COMMAND RIGHT END
TURN 95 RESULT
TIME LEFT 1 5 RIGHT 0 5
TRAIN A15
MOVE A11 39
MOVE A12 26
MOVE A13 17
MOVE A14 8
MOVE B8 241
END TURN 95
TURN 96
COMMAND LEFT START
MOVE A15 85
TRAIN 1
COMMAND LEFT END
COMMAND RIGHT START
COMMAND RIGHT END
TURN 96 RESULT
TIME LEFT 1 5 RIGHT 0 5
TRAIN A16
MOVE A11 58
MOVE A12 39
MOVE A13 26
MOVE A14 17
MOVE A15 8
MOVE B8 233
END TURN 96
TURN 97
COMMAND LEFT START
MOVE A16 85
TRAIN 1
COMMAND LEFT END
COMMAND RIGHT START
COMMAND RIGHT END
TURN 97 RESULT
TIME LEFT 1 5 RIGHT 0 5
TRAIN A17
MOVE A11 81
MOVE A12 58
MOVE A13 39
MOVE A14 26
MOVE A15 17
MOVE A16 8
MOVE B8 220
END TURN 97
TURN 98
COMMAND LEFT START
MOVE A17 85
TRAIN 1
COMMAND LEFT END
COMMAND RIGHT START
COMMAND RIGHT END
TURN 98 RESULT
TIME LEFT 4 5 RIGHT 0 5
TRAIN A18
MOVE A11 97
MOVE A12 67
MOVE A13 58
MOVE A14 39
MOVE A15 26
MOVE A16 17
MOVE A17 8
MOVE B8 211
END TURN 98
TURN 99
COMMAND LEFT START
MOVE A18 85
COMMAND LEFT END
COMMAND RIGHT START
UPGRADE 122
COMMAND RIGHT END
TURN 99 RESULT
TIME LEFT 1 5 RIGHT 0 5
UPGRADE B 122
MOVE A11 122
MOVE A12 85
MOVE A13 67
MOVE A14 58
MOVE A15 39
MOVE A16 26
MOVE A17 17
MOVE A18 8
MOVE B8 202
DAMAGE TURRET A11 1
DAMAGE COMBAT A11 1
DAMAGE COMBAT B3 1
END TURN 99
TURN 100
COMMAND LEFT START
TRAIN 1
COMMAND LEFT END
COMMAND RIGHT START
TRAIN 1
COMMAND RIGHT END
TURN 100 RESULT
TIME LEFT 1 5 RIGHT 0 5
TRAIN A19 B12
MOVE A13 85
MOVE A14 67
MOVE A15 58
MOVE A16 39
MOVE A17 26
MOVE A18 17
MOVE B8 180
DAMAGE TURRET A11 1
DAMAGE COMBAT A11 1
DAMAGE COMBAT B3 1
END TURN 100
TURN 101
COMMAND LEFT START
MOVE A19 85
TRAIN 1
COMMAND LEFT END
COMMAND RIGHT START
TRAIN 1
COMMAND RIGHT END
TURN 101 RESULT
TIME LEFT 1 5 RIGHT 0 5
TRAIN A20 B13
MOVE A14 85
MOVE A15 67
MOVE A16 58
MOVE A17 39
MOVE A18 26
MOVE A19 8
DAMAGE TURRET A11 1
DAMAGE COMBAT A11 1
DAMAGE COMBAT B3 1
END TURN 101
TURN 102
COMMAND LEFT START
MOVE A12 225
MOVE A20 85
TRAIN 1
COMMAND LEFT END
COMMAND RIGHT START
MOVE B9 122
MOVE B13 122
COMMAND RIGHT END
TURN 102 RESULT
TIME LEFT 1 5 RIGHT 0 5
TRAIN A21
MOVE A12 104
MOVE A15 85
MOVE A16 67
MOVE A17 58
MOVE A18 39
MOVE A19 17
MOVE A20 8
MOVE B9 236
MOVE B13 236
END TURN 102
TURN 103
COMMAND LEFT START
MOVE A21 85
TRAIN 1
COMMAND LEFT END
COMMAND RIGHT START
COMMAND RIGHT END
TURN 103 RESULT
TIME LEFT 1 5 RIGHT 0 5
TRAIN A22
MOVE A12 116
MOVE A16 85
MOVE A17 67
MOVE A18 58
MOVE A19 26
MOVE A20 17
MOVE A21 8
MOVE B9 227
MOVE B13 227
END TURN 103
TURN 104
COMMAND LEFT START
MOVE A22 85
COMMAND LEFT END
COMMAND RIGHT START
COMMAND RIGHT END
TURN 104 RESULT
TIME LEFT 1 5 RIGHT 0 5
MOVE A12 138
MOVE A17 85
MOVE A18 67
MOVE A19 39
MOVE A20 26
MOVE A21 17
MOVE A22 8
MOVE B9 218
MOVE B13 218
END TURN 104
TURN 105
COMMAND LEFT START
TRAIN 1
COMMAND LEFT END
COMMAND RIGHT START
COMMAND RIGHT END
TURN 105 RESULT
TIME LEFT 1 5 RIGHT 0 5
TRAIN A23
MOVE A12 149
MOVE A18 85
MOVE A19 58
MOVE A20 39
MOVE A21 26
MOVE A22 17
MOVE B9 205
MOVE B13 205
END TURN 105
TURN 106
COMMAND LEFT START
MOVE A13 122
MOVE A14 122
MOVE A15 122
MOVE A16 122
MOVE A17 122
MOVE A18 122
MOVE A23 85
COMMAND LEFT END
COMMAND RIGHT START
UPGRADE 236
COMMAND RIGHT END
TURN 106 RESULT
TIME LEFT 2 5 RIGHT 0 5
UPGRADE B 236
MOVE A12 167
MOVE A13 97
MOVE A14 97
MOVE A15 97
MOVE A16 97
MOVE A17 97
MOVE A18 97
MOVE A19 67
MOVE A20 58
MOVE A21 39
MOVE A22 26
MOVE A23 8
MOVE B9 186
MOVE B13 186
END TURN 106
TURN 107
COMMAND LEFT START
TRAIN 1
COMMAND LEFT END
COMMAND RIGHT START
MOVE B1 208
MOVE B10 208
MOVE B11 208
TRAIN 1
COMMAND RIGHT END
TURN 107 RESULT
TIME LEFT 1 5 RIGHT 0 5
TRAIN A24 B14
MOVE A12 182
MOVE A13 122
MOVE A14 122
MOVE A15 122
MOVE A16 122
MOVE A17 122
MOVE A18 122
MOVE A19 85
MOVE A20 67
MOVE A21 58
MOVE A22 39
MOVE A23 17
MOVE B1 227
MOVE B9 163
MOVE B10 236
MOVE B11 236
MOVE B13 163
DAMAGE TURRET A13 1
DAMAGE COMBAT A13 1
DAMAGE COMBAT B3 1
SIEGE B 122 5
END TURN 107
TURN 108
COMMAND LEFT START
MOVE A24 85
TRAIN 1
COMMAND LEFT END
COMMAND RIGHT START
TRAIN 1
COMMAND RIGHT END
TURN 108 RESULT
TIME LEFT 1 5 RIGHT 0 5
TRAIN A25 B15
MOVE A12 195
MOVE A20 85
MOVE A21 67
MOVE A22 58
MOVE A23 26
MOVE A24 8
MOVE B1 223
MOVE B9 147
MOVE B10 227
MOVE B11 227
MOVE B13 147
DAMAGE TURRET A13 1
SIEGE B 122 6
END TURN 108
TURN 109
COMMAND LEFT START
MOVE A25 85
TRAIN 1
COMMAND LEFT END
COMMAND RIGHT START
TRAIN 1
COMMAND RIGHT END
TURN 109 RESULT
TIME LEFT 1 5 RIGHT 0 5
TRAIN A26 B16
MOVE A12 215
MOVE A21 85
MOVE A22 67
MOVE A23 39
MOVE A24 17
MOVE A25 8
MOVE B1 208
MOVE B9 122
MOVE B10 223
MOVE B11 223
MOVE B13 122
DAMAGE TURRET A13 1
DAMAGE COMBAT A13 2
DAMAGE COMBAT B9 6
END TURN 109
TURN 110
COMMAND LEFT START
MOVE A26 85
COMMAND LEFT END
COMMAND RIGHT START
MOVE B12 236
MOVE B1 236
TRAIN 1
COMMAND RIGHT END
TURN 110 RESULT
TIME LEFT 1 5 RIGHT 0 5
TRAIN B17
MOVE A12 225
MOVE A22 85
MOVE A23 58
MOVE A24 26
MOVE A25 17
MOVE A26 8
MOVE B1 223
MOVE B10 208
MOVE B11 208
MOVE B12 236
DAMAGE TURRET A14 1
DAMAGE COMBAT A14 1
DAMAGE COMBAT B13 5
END TURN 110
TURN 111
COMMAND LEFT START
MOVE A12 85
TRAIN 1
COMMAND LEFT END
COMMAND RIGHT START
MOVE B17 208
TRAIN 1
COMMAND RIGHT END
TURN 111 RESULT
TIME LEFT 1 5 RIGHT 0 5
TRAIN A27 B18
MOVE A12 215
MOVE A23 67
MOVE A24 39
MOVE A25 26
MOVE A26 17
MOVE B1 227
MOVE B17 236
DAMAGE TURRET A14 1
DAMAGE COMBAT A14 1
DAMAGE COMBAT B13 1
SIEGE B 122 1
END TURN 111
TURN 112
COMMAND LEFT START
MOVE A14 85
MOVE A15 85
MOVE A16 85
MOVE A17 85
MOVE A27 85
COMMAND LEFT END
COMMAND RIGHT START
COMMAND RIGHT END
TURN 112 RESULT
TIME LEFT 2 5 RIGHT 0 5
MOVE A12 195
MOVE A14 97
MOVE A15 97
MOVE A16 97
MOVE A17 97
MOVE A23 85
MOVE A24 58
MOVE A25 39
MOVE A26 26
MOVE A27 8
MOVE B1 236
MOVE B17 227
END TURN 112
TURN 113
COMMAND LEFT START
COMMAND LEFT END
COMMAND RIGHT START
COMMAND RIGHT END
TURN 113 RESULT
TIME LEFT 1 5 RIGHT 0 5
MOVE A12 182
MOVE A14 85
MOVE A15 85
MOVE A16 85
MOVE A17 85
MOVE A24 67
MOVE A25 58
MOVE A26 39
MOVE A27 17
MOVE B17 223
END TURN 113
TURN 114
COMMAND LEFT START
COMMAND LEFT END
COMMAND RIGHT START
COMMAND RIGHT END
TURN 114 RESULT
TIME LEFT 1 5 RIGHT 0 5
MOVE A12 167
MOVE A24 85
MOVE A25 67
MOVE A26 58
MOVE A27 26
MOVE B17 208
END TURN 114
TURN 115
COMMAND LEFT START
COMMAND LEFT END
COMMAND RIGHT START
MOVE B17 159
COMMAND RIGHT END
TURN 115 RESULT
TIME LEFT 1 5 RIGHT 0 5
MOVE A12 149
MOVE A25 85
MOVE A26 67
MOVE A27 39
MOVE B17 194
END TURN 115
TURN 116
COMMAND LEFT START
MOVE A14 122
MOVE A15 122
MOVE A16 122
MOVE A17 122
MOVE A19 122
MOVE A20 122
MOVE A21 122
MOVE A22 122
MOVE A23 122
MOVE A24 122
MOVE A25 122
UPGRADE 122
COMMAND LEFT END
COMMAND RIGHT START
UPGRADE 208
COMMAND RIGHT END
TURN 116 RESULT
TIME LEFT 3 5 RIGHT 0 5
UPGRADE A 122
UPGRADE B 208
MOVE A12 138
MOVE A14 97
MOVE A15 97
MOVE A16 97
MOVE A17 97
MOVE A19 97
MOVE A20 97
MOVE A21 97
MOVE A22 97
MOVE A23 97
MOVE A24 97
MOVE A25 97
MOVE A26 85
MOVE A27 58
MOVE B17 177
END TURN 116
TURN 117
COMMAND LEFT START
MOVE A26 218
COMMAND LEFT END
COMMAND RIGHT START
COMMAND RIGHT END
TURN 117 RESULT
TIME LEFT 1 5 RIGHT 0 5
MOVE A12 116
MOVE A14 122
MOVE A15 122
MOVE A16 122
MOVE A17 122
MOVE A19 122
MOVE A20 122
MOVE A21 122
MOVE A22 122
MOVE A23 122
MOVE A24 122
MOVE A25 122
MOVE A26 104
MOVE A27 67
MOVE B17 159
END TURN 117
TURN 118
COMMAND LEFT START
MOVE A15 236
MOVE A16 236
MOVE A17 236
MOVE A18 236
MOVE A19 236
MOVE A20 236
MOVE A21 236
MOVE A22 236
MOVE A23 236
MOVE A24 236
MOVE A25 236
COMMAND LEFT END
COMMAND RIGHT START
MOVE B18 208
COMMAND RIGHT END
TURN 118 RESULT
TIME LEFT 3 5 RIGHT 0 5
MOVE A12 104
MOVE A15 147
MOVE A16 147
MOVE A17 147
MOVE A18 147
MOVE A19 147
MOVE A20 147
MOVE A21 147
MOVE A22 147
MOVE A23 147
MOVE A24 147
MOVE A25 147
MOVE A26 116
MOVE A27 85
MOVE B18 236
END TURN 118
TURN 119
COMMAND LEFT START
MOVE A27 122
TRAIN 1
COMMAND LEFT END
COMMAND RIGHT START
COMMAND RIGHT END
TURN 119 RESULT
TIME LEFT 2 5 RIGHT 0 5
TRAIN A28
MOVE A12 85
MOVE A15 163
MOVE A16 163
MOVE A17 163
MOVE A18 163
MOVE A19 163
MOVE A20 163
MOVE A21 163
MOVE A22 163
MOVE A23 163
MOVE A24 163
MOVE A25 163
MOVE A26 132
MOVE A27 97
MOVE B18 227
END TURN 119
TURN 120
COMMAND LEFT START
MOVE A28 122
MOVE A12 122
TRAIN 1
COMMAND LEFT END
COMMAND RIGHT START
UPGRADE 180
COMMAND RIGHT END
TURN 120 RESULT
TIME LEFT 1 5 RIGHT 0 5
UPGRADE B 180
TRAIN A29
MOVE A12 97
MOVE A15 186
MOVE A16 186
MOVE A17 186
MOVE A18 186
MOVE A19 186
MOVE A20 186
MOVE A21 186
MOVE A22 186
MOVE A23 186
MOVE A24 186
MOVE A25 186
MOVE A26 147
MOVE A27 122
MOVE A28 8
MOVE B18 223
END TURN 120
TURN 121
COMMAND LEFT START
MOVE A29 122
TRAIN 1
COMMAND LEFT END
COMMAND RIGHT START
MOVE B5 180
COMMAND RIGHT END
TURN 121 RESULT
TIME LEFT 1 5 RIGHT 0 5
TRAIN A30
MOVE A12 122
MOVE A15 205
MOVE A16 205
MOVE A17 205
MOVE A18 205
MOVE A19 205
MOVE A20 205
MOVE A21 205
MOVE A22 205
MOVE A23 205
MOVE A24 205
MOVE A25 205
MOVE A26 163
MOVE A28 17
MOVE A29 8
MOVE B5 212
MOVE B18 208
END TURN 121
TURN 122
COMMAND LEFT START
MOVE A30 122
TRAIN 1
COMMAND LEFT END
COMMAND RIGHT START
TRAIN 1
COMMAND RIGHT END
TURN 122 RESULT
TIME LEFT 1 5 RIGHT 0 5
TRAIN A31 B19
MOVE A15 218
MOVE A16 218
MOVE A17 218
MOVE A18 218
MOVE A19 218
MOVE A20 218
MOVE A21 218
MOVE A22 218
MOVE A23 218
MOVE A24 218
MOVE A25 218
MOVE A26 186
MOVE A28 26
MOVE A29 17
MOVE A30 8
MOVE B5 205
END TURN 122
TURN 123
COMMAND LEFT START
MOVE A31 122
COMMAND LEFT END
COMMAND RIGHT START
MOVE B1 244
MOVE B4 244
MOVE B12 244
MOVE B7 244
MOVE B10 244
MOVE B11 244
TRAIN 2
COMMAND RIGHT END
TURN 123 RESULT
TIME LEFT 1 5 RIGHT 0 5
TRAIN B20 B21
MOVE A15 227
MOVE A16 227
MOVE A17 227
MOVE A18 227
MOVE A19 227
MOVE A20 227
MOVE A21 227
MOVE A22 227
MOVE A23 227
MOVE A24 227
MOVE A25 227
MOVE A26 205
MOVE A28 39
MOVE A29 26
MOVE A30 17
MOVE A31 8
MOVE B1 244
MOVE B4 244
MOVE B5 195
MOVE B7 223
MOVE B10 223
MOVE B11 223
MOVE B12 244
END TURN 123
TURN 124
COMMAND LEFT START
TRAIN 1
COMMAND LEFT END
COMMAND RIGHT START
COMMAND RIGHT END
TURN 124 RESULT
TIME LEFT 1 5 RIGHT 0 5
TRAIN A32
MOVE A15 236
MOVE A16 236
MOVE A17 236
MOVE A18 236
MOVE A19 236
MOVE A20 236
MOVE A21 236
MOVE A22 236
MOVE A23 236
MOVE A24 236
MOVE A25 236
MOVE A26 218
MOVE A28 58
MOVE A29 39
MOVE A30 26
MOVE A31 17
MOVE B5 184
MOVE B7 227
MOVE B10 227
MOVE B11 227
DAMAGE TURRET A15 2
SIEGE B 236 11
END TURN 124
TURN 125
COMMAND LEFT START
MOVE A26 122
MOVE A32 122
TRAIN 1
COMMAND LEFT END
COMMAND RIGHT START
TRAIN 1
COMMAND RIGHT END
TURN 125 RESULT
TIME LEFT 2 5 RIGHT 0 5
TRAIN A33 B22
MOVE A26 205
MOVE A28 81
MOVE A29 58
MOVE A30 39
MOVE A31 26
MOVE A32 8
MOVE B5 181
MOVE B7 236
MOVE B10 236
MOVE B11 236
DAMAGE TURRET A15 2
DAMAGE COMBAT A15 2
DAMAGE COMBAT A16 1
DAMAGE COMBAT B7 5
DAMAGE COMBAT B10 6
END TURN 125
TURN 126
COMMAND LEFT START
MOVE A14 159
MOVE A33 122
TRAIN 1
COMMAND LEFT END
COMMAND RIGHT START
COMMAND RIGHT END
TURN 126 RESULT
TIME LEFT 2 5 RIGHT 0 5
TRAIN A34
MOVE A14 147
MOVE A26 186
MOVE A28 97
MOVE A29 81
MOVE A30 58
MOVE A31 39
MOVE A32 17
MOVE A33 8
MOVE B5 189
DAMAGE TURRET A16 2
DAMAGE COMBAT A16 1
DAMAGE COMBAT B11 6
SIEGE B 236 4
END TURN 126
TURN 127
COMMAND LEFT START
MOVE A34 122
COMMAND LEFT END
COMMAND RIGHT START
COMMAND RIGHT END
TURN 127 RESULT
TIME LEFT 1 5 RIGHT 0 5
MOVE A14 159
MOVE A26 163
MOVE A28 122
MOVE A29 97
MOVE A30 81
MOVE A31 58
MOVE A32 26
MOVE A33 17
MOVE A34 8
MOVE B5 180
DAMAGE TURRET A16 2
DAMAGE COMBAT A14 1
DAMAGE COMBAT B17 1
SIEGE B 236 3
END TURN 127
TURN 128
COMMAND LEFT START
MOVE A14 177
MOVE A17 208
MOVE A18 208
MOVE A19 208
MOVE A20 208
MOVE A21 208
MOVE A22 208
MOVE A23 208
MOVE A24 208
MOVE A25 208
COMMAND LEFT END
COMMAND RIGHT START
COMMAND RIGHT END
TURN 128 RESULT
TIME LEFT 3 5 RIGHT 0 5
MOVE A17 227
MOVE A18 227
MOVE A19 227
MOVE A20 227
MOVE A21 227
MOVE A22 227
MOVE A23 227
MOVE A24 227
MOVE A25 227
MOVE A26 147
MOVE A29 122
MOVE A30 97
MOVE A31 81
MOVE A32 39
MOVE A33 26
MOVE A34 17
DAMAGE COMBAT A14 1
DAMAGE COMBAT B17 1
END TURN 128
TURN 129
COMMAND LEFT START
MOVE A27 138
TRAIN 1
COMMAND LEFT END
COMMAND RIGHT START
MOVE B17 208
TRAIN 2
COMMAND RIGHT END
TURN 129 RESULT
TIME LEFT 2 5 RIGHT 0 5
TRAIN A35 B23 B24
MOVE A17 223
MOVE A18 223
MOVE A19 223
MOVE A20 223
MOVE A21 223
MOVE A22 223
MOVE A23 223
MOVE A24 223
MOVE A25 223
MOVE A26 122
MOVE A27 132
MOVE A30 122
MOVE A31 97
MOVE A32 58
MOVE A33 39
MOVE A34 26
MOVE B17 177
END TURN 129
TURN 130
COMMAND LEFT START
MOVE A35 122
TRAIN 1
COMMAND LEFT END
COMMAND RIGHT START
TRAIN 1
COMMAND RIGHT END
TURN 130 RESULT
TIME LEFT 1 5 RIGHT 0 5
TRAIN A36 B25
MOVE A17 208
MOVE A18 208
MOVE A19 208
MOVE A20 208
MOVE A21 208
MOVE A22 208
MOVE A23 208
MOVE A24 208
MOVE A25 208
MOVE A27 138
MOVE A31 122
MOVE A32 81
MOVE A33 58
MOVE A34 39
MOVE A35 8
MOVE B17 194
DAMAGE TURRET A17 2
DAMAGE COMBAT A17 1
DAMAGE COMBAT B18 6
SIEGE B 208 3
END TURN 130
TURN 131
COMMAND LEFT START
MOVE A27 225
MOVE A36 122
TRAIN 1
COMMAND LEFT END
COMMAND RIGHT START
COMMAND RIGHT END
TURN 131 RESULT
TIME LEFT 1 5 RIGHT 0 5
TRAIN A37
MOVE A27 149
MOVE A32 97
MOVE A33 81
MOVE A34 58
MOVE A35 17
MOVE A36 8
MOVE B17 208
DAMAGE TURRET A17 2
DAMAGE COMBAT A17 1
DAMAGE COMBAT B17 4
SIEGE B 208 5
END TURN 131
TURN 132
COMMAND LEFT START
MOVE A37 122
COMMAND LEFT END
COMMAND RIGHT START
TRAIN 1
COMMAND RIGHT END
TURN 132 RESULT
TIME LEFT 1 5 RIGHT 0 5
TRAIN B26
MOVE A27 167
MOVE A32 122
MOVE A33 97
MOVE A34 81
MOVE A35 26
MOVE A36 17
MOVE A37 8
DAMAGE TURRET A18 2
SIEGE B 208 8
END TURN 132
TURN 133
COMMAND LEFT START
TRAIN 1
COMMAND LEFT END
COMMAND RIGHT START
COMMAND RIGHT END
TURN 133 RESULT
TIME LEFT 1 5 RIGHT 0 5
TRAIN A38
MOVE A27 182
MOVE A33 122
MOVE A34 97
MOVE A35 39
MOVE A36 26
MOVE A37 17
DAMAGE TURRET A18 2
SIEGE B 208 2
END TURN 133
TURN 134
COMMAND LEFT START
MOVE A18 122
MOVE A19 122
MOVE A20 122
MOVE A21 122
MOVE A22 122
MOVE A23 122
MOVE A24 122
MOVE A25 122
MOVE A26 66
MOVE A38 122
COMMAND LEFT END
COMMAND RIGHT START
COMMAND RIGHT END
TURN 134 RESULT
TIME LEFT 4 5 RIGHT 0 5
MOVE A18 194
MOVE A19 194
MOVE A20 194
MOVE A21 194
MOVE A22 194
MOVE A23 194
MOVE A24 194
MOVE A25 194
MOVE A26 116
MOVE A27 195
MOVE A34 122
MOVE A35 58
MOVE A36 39
MOVE A37 26
MOVE A38 8
END TURN 134
TURN 135
COMMAND LEFT START
COMMAND LEFT END
COMMAND RIGHT START
COMMAND RIGHT END
TURN 135 RESULT
TIME LEFT 1 5 RIGHT 0 5
MOVE A18 186
MOVE A19 186
MOVE A20 186
MOVE A21 186
MOVE A22 186
MOVE A23 186
MOVE A24 186
MOVE A25 186
MOVE A26 104
MOVE A27 215
MOVE A35 81
MOVE A36 58
MOVE A37 39
MOVE A38 17
END TURN 135
TURN 136
COMMAND LEFT START
COMMAND LEFT END
COMMAND RIGHT START
COMMAND RIGHT END
TURN 136 RESULT
TIME LEFT 1 5 RIGHT 0 5
MOVE A18 163
MOVE A19 163
MOVE A20 163
MOVE A21 163
MOVE A22 163
MOVE A23 163
MOVE A24 163
MOVE A25 163
MOVE A26 86
MOVE A27 225
MOVE A35 97
MOVE A36 81
MOVE A37 58
MOVE A38 26
END TURN 136
TURN 137
COMMAND LEFT START
MOVE A28 85
MOVE A27 122
COMMAND LEFT END
COMMAND RIGHT START
COMMAND RIGHT END
TURN 137 RESULT
TIME LEFT 2 5 RIGHT 0 5
MOVE A18 147
MOVE A19 147
MOVE A20 147
MOVE A21 147
MOVE A22 147
MOVE A23 147
MOVE A24 147
MOVE A25 147
MOVE A26 80
MOVE A27 215
MOVE A28 97
MOVE A35 122
MOVE A36 97
MOVE A37 81
MOVE A38 39
END TURN 137
TURN 138
COMMAND LEFT START
COMMAND LEFT END
COMMAND RIGHT START
COMMAND RIGHT END
TURN 138 RESULT
TIME LEFT 1 5 RIGHT 0 5
MOVE A18 122
MOVE A19 122
MOVE A20 122
MOVE A21 122
MOVE A22 122
MOVE A23 122
MOVE A24 122
MOVE A25 122
MOVE A26 70
MOVE A27 195
MOVE A28 85
MOVE A36 122
MOVE A37 97
MOVE A38 58
END TURN 138
TURN 139
COMMAND LEFT START
MOVE A19 244
MOVE A20 244
MOVE A21 244
MOVE A22 244
MOVE A23 244
MOVE A24 244
MOVE A25 244
MOVE A29 244
MOVE A30 244
MOVE A31 244
MOVE A32 244
MOVE A33 244
MOVE A34 244
MOVE A35 244
MOVE A28 122
COMMAND LEFT END
COMMAND RIGHT START
COMMAND RIGHT END
TURN 139 RESULT
TIME LEFT 5 5 RIGHT 0 5
MOVE A19 147
MOVE A20 147
MOVE A21 147
MOVE A22 147
MOVE A23 147
MOVE A24 147
MOVE A25 147
MOVE A26 66
MOVE A27 182
MOVE A28 97
MOVE A29 147
MOVE A30 147
MOVE A31 147
MOVE A32 147
MOVE A33 147
MOVE A34 147
MOVE A35 147
MOVE A37 122
MOVE A38 81
END TURN 139
TURN 140
COMMAND LEFT START
MOVE A18 159
UPGRADE 66
COMMAND LEFT END
COMMAND RIGHT START
COMMAND RIGHT END
TURN 140 RESULT
TIME LEFT 3 5 RIGHT 0 5
UPGRADE A 66
MOVE A18 147
MOVE A19 163
MOVE A20 163
MOVE A21 163
MOVE A22 163
MOVE A23 163
MOVE A24 163
MOVE A25 163
MOVE A27 167
MOVE A28 122
MOVE A29 163
MOVE A30 163
MOVE A31 163
MOVE A32 163
MOVE A33 163
MOVE A34 163
MOVE A35 163
MOVE A38 97
END TURN 140
TURN 141
COMMAND LEFT START
COMMAND LEFT END
COMMAND RIGHT START
MOVE B26 236
MOVE B25 180
MOVE B24 180
MOVE B23 180
MOVE B22 180
MOVE B21 180
MOVE B20 180
MOVE B19 180
MOVE B16 180
COMMAND RIGHT END
TURN 141 RESULT
TIME LEFT 1 5 RIGHT 0 5
MOVE A18 159
MOVE A19 186
MOVE A20 186
MOVE A21 186
MOVE A22 186
MOVE A23 186
MOVE A24 186
MOVE A25 186
MOVE A27 147
MOVE A29 186
MOVE A30 186
MOVE A31 186
MOVE A32 186
MOVE A33 186
MOVE A34 186
MOVE A35 186
MOVE A38 122
MOVE B16 241
MOVE B19 241
MOVE B20 241
MOVE B21 241
MOVE B22 241
MOVE B23 241
MOVE B24 241
MOVE B25 241
MOVE B26 236
END TURN 141
TURN 142
COMMAND LEFT START
COMMAND LEFT END
COMMAND RIGHT START
MOVE B15 180
MOVE B14 180
UPGRADE 236
COMMAND RIGHT END
TURN 142 RESULT
TIME LEFT 1 5 RIGHT 0 5
UPGRADE B 236
MOVE A19 205
MOVE A20 205
MOVE A21 205
MOVE A22 205
MOVE A23 205
MOVE A24 205
MOVE A25 205
MOVE A27 122
MOVE A29 205
MOVE A30 205
MOVE A31 205
MOVE A32 205
MOVE A33 205
MOVE A34 205
MOVE A35 205
MOVE B14 241
MOVE B15 241
MOVE B16 233
MOVE B19 233
MOVE B20 233
MOVE B21 233
MOVE B22 233
MOVE B23 233
MOVE B24 233
MOVE B25 233
END TURN 142
TURN 143
COMMAND LEFT START
COMMAND LEFT END
COMMAND RIGHT START
COMMAND RIGHT END
TURN 143 RESULT
TIME LEFT 1 5 RIGHT 0 5
MOVE A19 218
MOVE A20 218
MOVE A21 218
MOVE A22 218
MOVE A23 218
MOVE A24 218
MOVE A25 218
MOVE A29 218
MOVE A30 218
MOVE A31 218
MOVE A32 218
MOVE A33 218
MOVE A34 218
MOVE A35 218
MOVE B14 233
MOVE B15 233
MOVE B16 220
MOVE B19 220
MOVE B20 220
MOVE B21 220
MOVE B22 220
MOVE B23 220
MOVE B24 220
MOVE B25 220
END TURN 143
TURN 144
COMMAND LEFT START
COMMAND LEFT END
COMMAND RIGHT START
COMMAND RIGHT END
TURN 144 RESULT
TIME LEFT 1 5 RIGHT 0 5
MOVE A19 227
MOVE A20 227
MOVE A21 227
MOVE A22 227
MOVE A23 227
MOVE A24 227
MOVE A25 227
MOVE A29 227
MOVE A30 227
MOVE A31 227
MOVE A32 227
MOVE A33 227
MOVE A34 227
MOVE A35 227
MOVE B14 220
MOVE B15 220
MOVE B16 211
MOVE B19 211
MOVE B20 211
MOVE B21 211
MOVE B22 211
MOVE B23 211
MOVE B24 211
MOVE B25 211
END TURN 144
TURN 145
COMMAND LEFT START
UPGRADE 159
COMMAND LEFT END
COMMAND RIGHT START
MOVE B26 244
MOVE B5 244
MOVE B6 244
MOVE B8 244
TRAIN 2
COMMAND RIGHT END
TURN 145 RESULT
TIME LEFT 1 5 RIGHT 0 5
UPGRADE A 159
TRAIN B27 B28
MOVE A19 236
MOVE A20 236
MOVE A21 236
MOVE A22 236
MOVE A23 236
MOVE A24 236
MOVE A25 236
MOVE A29 236
MOVE A30 236
MOVE A31 236
MOVE A32 236
MOVE A33 236
MOVE A34 236
MOVE A35 236
MOVE B5 202
MOVE B6 202
MOVE B8 202
MOVE B14 211
MOVE B15 211
MOVE B16 202
MOVE B19 202
MOVE B20 202
MOVE B21 202
MOVE B22 202
MOVE B23 202
MOVE B24 202
MOVE B25 202
MOVE B26 244
DAMAGE TURRET A19 1
SIEGE B 236 6
END TURN 145
TURN 146
COMMAND LEFT START
MOVE A27 173
COMMAND LEFT END
COMMAND RIGHT START
COMMAND RIGHT END
TURN 146 RESULT
TIME LEFT 2 5 RIGHT 0 5
MOVE A19 244
MOVE A20 244
MOVE A21 244
MOVE A22 244
MOVE A23 244
MOVE A24 244
MOVE A25 244
MOVE A27 147
MOVE A29 244
MOVE A30 244
MOVE A31 244
MOVE A32 244
MOVE A33 244
MOVE A34 244
MOVE A35 244
MOVE B5 211
MOVE B6 211
MOVE B8 211
MOVE B14 202
MOVE B15 202
MOVE B16 180
MOVE B19 180
MOVE B20 180
MOVE B21 180
MOVE B22 180
MOVE B23 180
MOVE B24 180
MOVE B25 180
DAMAGE TURRET A19 2
DAMAGE COMBAT A19 3
DAMAGE COMBAT A20 3
DAMAGE COMBAT B1 4
DAMAGE COMBAT B4 4
DAMAGE COMBAT B12 6
END TURN 146
TURN 147
COMMAND LEFT START
COMMAND LEFT END
COMMAND RIGHT START
MOVE B16 244
MOVE B19 244
MOVE B20 244
MOVE B21 244
MOVE B22 244
MOVE B23 244
MOVE B24 244
TRAIN 1
COMMAND RIGHT END
TURN 147 RESULT
TIME LEFT 1 5 RIGHT 0 5
TRAIN B29
MOVE A27 159
MOVE B5 220
MOVE B6 220
MOVE B8 220
MOVE B14 180
MOVE B15 180
MOVE B16 202
MOVE B19 202
MOVE B20 202
MOVE B21 202
MOVE B22 202
MOVE B23 202
MOVE B24 202
DAMAGE TURRET A20 2
DAMAGE COMBAT A20 1
DAMAGE COMBAT A21 3
DAMAGE COMBAT B26 6
DAMAGE COMBAT B27 6
DAMAGE COMBAT B28 1
END TURN 147
TURN 148
COMMAND LEFT START
COMMAND LEFT END
COMMAND RIGHT START
MOVE B14 244
COMMAND RIGHT END
TURN 148 RESULT
TIME LEFT 0 5 RIGHT 0 5
MOVE A27 166
MOVE B5 233
MOVE B6 233
MOVE B8 233
MOVE B14 202
MOVE B16 211
MOVE B19 211
MOVE B20 211
MOVE B21 211
MOVE B22 211
MOVE B23 211
MOVE B24 211
DAMAGE TURRET A21 2
DAMAGE COMBAT A21 1
DAMAGE COMBAT A22 1
DAMAGE COMBAT B28 5
DAMAGE COMBAT B29 6
SIEGE B 244 1
END TURN 148
TURN 149
COMMAND LEFT START
COMMAND LEFT END
COMMAND RIGHT START
MOVE B15 244
COMMAND RIGHT END
TURN 149 RESULT
TIME LEFT 1 5 RIGHT 0 5
MOVE A27 173
MOVE B5 241
MOVE B6 241
MOVE B8 241
MOVE B14 211
MOVE B15 202
MOVE B16 220
MOVE B19 220
MOVE B20 220
MOVE B21 220
MOVE B22 220
MOVE B23 220
MOVE B24 220
DAMAGE TURRET A22 2
SIEGE B 244 11
END TURN 149
TURN 150
COMMAND LEFT START
MOVE A28 71
UPGRADE 173
COMMAND LEFT END
COMMAND RIGHT START
COMMAND RIGHT END
TURN 150 RESULT
TIME LEFT 2 5 RIGHT 0 5
UPGRADE A 173
MOVE A28 97
MOVE B5 244
MOVE B6 244
MOVE B8 244
MOVE B14 220
MOVE B15 211
MOVE B16 233
MOVE B19 233
MOVE B20 233
MOVE B21 233
MOVE B22 233
MOVE B23 233
MOVE B24 233
DAMAGE TURRET A22 2
DAMAGE COMBAT A22 1
DAMAGE COMBAT A23 2
DAMAGE COMBAT B5 4
DAMAGE COMBAT B6 4
DAMAGE COMBAT B8 3
END TURN 150
TURN 151
COMMAND LEFT START
COMMAND LEFT END
COMMAND RIGHT START
MOVE B25 244
COMMAND RIGHT END
TURN 151 RESULT
TIME LEFT 1 5 RIGHT 0 5
MOVE A28 85
MOVE B14 233
MOVE B15 220
MOVE B16 241
MOVE B19 241
MOVE B20 241
MOVE B21 241
MOVE B22 241
MOVE B23 241
MOVE B24 241
MOVE B25 202
DAMAGE TURRET A23 2
DAMAGE COMBAT A23 1
DAMAGE COMBAT B8 2
SIEGE B 244 8
END TURN 151
RESULT LEFT_WIN HQ_DESTROYED
