[LEFT ""]
[RIGHT ""]
MAP
211 15
-10818 -10300 -10418 -9706 -8368 -9176 -9233 -9462 -9133 -8057 -7742 -7753 -7919 -7481 -7304 -7318 -8320 -7263 -7168 -6794 -6702 -6391 -6536 -6470 -6929 -6311 -6064 -6053 -6121 -5951 -5681 -6476 -6395 -5660 -5559 -5413 -5317 -5877 -5207 -4978 -4925 -4636 -4809 -4573 -4716 -4355 -4319 -5082 -4209 -4144 -3855 -4205 -3966 -4280 -3843 -3635 -3653 -3667 -3808 -3117 -3120 -3014 -2761 -3197 -2941 -2870 -2934 -3521 -2976 -2492 -2405 -2400 -2385 -2226 -2334 -2181 -2149 -2226 -1990 -1912 -2008 -1891 -1386 -1536 -1557 -1298 -1479 -1190 -1311 -1231 -1234 -1172 -883 -1097 -848 -901 -856 -697 -674 -655 -334 -223 -222 28 -53 0 53 -28 222 223 334 655 674 697 856 901 848 1097 883 1172 1234 1231 1311 1190 1479 1298 1557 1536 1386 1891 2008 1912 1990 2226 2149 2181 2334 2226 2385 2400 2405 2492 2976 3521 2934 2870 2941 3197 2761 3014 3120 3117 3808 3667 3653 3635 3843 4280 3966 4205 3855 4144 4209 5082 4319 4355 4716 4573 4809 4636 4925 4978 5207 5877 5317 5413 5559 5660 6395 6476 5681 5951 6121 6053 6064 6311 6929 6470 6536 6391 6702 6794 7168 7263 8320 7318 7304 7481 7919 7753 7742 8057 9133 9462 9233 9176 8368 9706 10418 10300 10818
1669 3823 -1662 36 1641 4843 -2968 -4210 -6420 -1665 435 2658 5385 -677 -3340 -2315 7330 -5174 4198 3193 1923 -1174 642 -4046 -6828 -4952 -2178 4495 6352 5446 -3082 -7785 8500 3487 -5300 2285 1265 -9431 -366 7139 -5739 6278 5210 3274 -4090 -6572 827 9422 -7621 7441 4025 -3026 -5412 -1956 -828 5191 -8561 2033 10568 7379 6130 472 -1907 -4210 -5366 -2923 8431 -10553 -6775 1473 9774 -7944 2617 -8947 -715 -3720 5776 4536 -4773 -6173 3547 7699 8709 -10935 -7169 -8435 -3283 -1207 10952 6046 1164 -50 -4541 -2416 -5403 7313 2847 4470 -7474 -6279 -3625 -10222 6288 -8217 1873 0 -1873 8217 -6288 10222 3625 6279 7474 -4470 -2847 -7313 5403 2416 4541 50 -1164 -6046 -10952 1207 3283 8435 7169 10935 -8709 -7699 -3547 6173 4773 -4536 -5776 3720 715 8947 -2617 7944 -9774 -1473 6775 10553 -8431 2923 5366 4210 1907 -472 -6130 -7379 -10568 -2033 8561 -5191 828 1956 5412 3026 -4025 -7441 7621 -9422 -827 6572 4090 -3274 -5210 -6278 5739 -7139 366 9431 -1265 -2285 5300 -3487 -8500 7785 3082 -5446 -6352 -4495 2178 4952 6828 4046 -642 1174 -1923 -3193 -4198 5174 -7330 2315 3340 677 -5385 -2658 -435 1665 6420 4210 2968 -4843 -1641 -36 1662 -3823 -1669
STRONGHOLDS 9 21 33 53 58 73 96 105 114 137 152 157 177 189 201
4 1 2 3 4
4 0 4 5 11
5 0 3 6 7 9
6 0 2 4 9 10 13
6 0 1 3 10 11 20
5 1 11 12 16 18
5 2 7 9 14 15
5 2 6 8 14 17
4 7 17 24 31
5 2 3 6 13 15
5 3 4 13 20 22
6 1 4 5 18 19 20
5 5 16 18 28 29
6 3 9 10 15 21 22
7 6 7 15 17 23 26 30
6 6 9 13 14 21 26
4 5 12 28 32
6 7 8 14 23 24 25
6 5 11 12 19 27 29
6 11 18 20 27 33 35
7 4 10 11 19 22 35 36
5 13 15 22 26 38
6 10 13 20 21 36 38
5 14 17 25 30 44
6 8 17 25 31 34 40
5 17 23 24 34 44
6 14 15 21 30 38 53
5 18 19 29 33 42
6 12 16 29 32 39 41
6 12 18 27 28 41 42
6 14 23 26 44 51 53
6 8 24 37 40 45 48
4 16 28 39 47
5 19 27 35 42 43
4 24 25 40 44
6 19 20 33 36 43 57
6 20 22 35 38 46 57
4 31 48 56 67
7 21 22 26 36 46 53 54
5 28 32 41 47 49
6 24 31 34 44 45 52
7 28 29 39 42 49 55 60
7 27 29 33 41 43 50 55
5 33 35 42 50 57
8 23 25 30 34 40 51 52 63
5 31 40 48 52 68
5 36 38 54 57 61
5 32 39 49 58 66
6 31 37 45 56 68 71
6 39 41 47 59 60 66
7 42 43 55 57 72 77 80
5 30 44 53 63 65
6 40 44 45 63 64 68
7 26 30 38 51 54 62 65
6 38 46 53 61 62 74
6 41 42 50 60 76 77
5 37 48 67 71 73
8 35 36 43 46 50 61 69 72
4 47 66 70 88
5 49 60 66 76 81
5 41 49 55 59 76
7 46 54 57 69 74 90 91
6 53 54 65 74 87 93
7 44 51 52 64 65 75 78
5 52 63 68 78 79
7 51 53 62 63 75 86 93
7 47 49 58 59 70 81 82
4 37 56 73 83
7 45 48 52 64 71 79 84
4 57 61 72 90
4 58 66 82 88
6 48 56 68 73 84 85
6 50 57 69 80 90 96
6 56 67 71 83 85 101
5 54 61 62 87 91
5 63 65 78 86 92
6 55 59 60 77 81 89
6 50 55 76 80 89 97
6 63 64 75 79 92 94
6 64 68 78 84 94 99
5 50 72 77 96 97
6 59 66 76 82 89 95
7 66 70 81 88 95 107 109
4 67 73 101 122
6 68 71 79 85 98 99
6 71 73 84 98 101 103
5 65 75 92 93 100
6 62 74 91 93 105 106
5 58 70 82 109 127
6 76 77 81 95 97 102
7 61 69 72 91 96 104 105
5 61 74 87 90 105
6 75 78 86 94 100 113
6 62 65 86 87 100 106
6 78 79 92 99 108 113
6 81 82 89 102 107 112
6 72 80 90 97 104 110
8 77 80 89 96 102 110 116 118
6 84 85 99 103 108 115
5 79 84 94 98 108
6 86 92 93 106 113 114
6 73 83 85 103 122 128
6 89 95 97 111 112 116
5 85 98 101 115 128
6 90 96 105 110 117 123
8 87 90 91 104 106 119 120 123
6 87 93 100 105 114 120
5 82 95 109 112 125
6 94 98 99 113 115 121
6 82 88 107 125 127 137
6 96 97 104 117 118 124
5 102 112 116 126 131
6 95 102 107 111 125 126
8 92 94 100 108 114 121 130 133
6 100 106 113 120 130 138
6 98 103 108 121 128 129
6 97 102 111 118 131 132
6 104 110 123 124 145 148
6 97 110 116 124 132 135
5 105 120 123 136 149
7 105 106 114 119 138 141 149
6 108 113 115 129 133 134
5 83 101 128 140 152
6 104 105 117 119 136 148
5 110 117 118 135 145
6 107 109 112 126 137 139
6 111 112 125 131 139 142
4 88 109 137 143
7 101 103 115 122 129 140 144
6 115 121 128 134 144 151
5 113 114 133 138 160
6 111 116 126 132 142 146
6 116 118 131 135 146 147
6 113 121 130 134 155 160
6 121 129 133 150 151 155
5 118 124 132 145 147
5 119 123 148 149 156
6 109 125 127 139 143 154
6 114 120 130 141 153 160
6 125 126 137 142 154 162
4 122 128 144 152
4 120 138 149 153
7 126 131 139 146 158 162 165
4 127 137 154 173
7 128 129 140 151 152 161 163
7 117 124 135 147 148 157 159
5 131 132 142 147 158
7 132 135 145 146 158 159 166
6 117 123 136 145 156 157
7 119 120 136 141 153 156 164
5 134 151 155 161 169
5 129 134 144 150 161
4 122 140 144 163
8 138 141 149 160 164 167 174 175
5 137 139 143 162 173
6 133 134 150 160 168 169
6 136 148 149 157 164 172
7 145 148 156 159 172 180 184
6 142 146 147 165 166 170
5 145 147 157 166 180
7 130 133 138 153 155 167 168
6 144 150 151 163 169 171
6 139 142 154 165 173 179
5 144 152 161 171 178
5 149 153 156 172 174
5 142 158 162 170 179
8 147 158 159 170 176 180 185 187
5 153 160 168 175 177
7 155 160 167 169 177 181 183
7 150 155 161 168 171 181 182
6 158 165 166 176 179 186
5 161 163 169 178 182
7 156 157 164 174 184 188 189
4 143 154 162 179
6 153 164 172 175 188 190
6 153 167 174 177 190 191
4 166 170 185 186
5 167 168 175 183 191
4 163 171 182 194
6 162 165 170 173 186 202
6 157 159 166 184 187 196
6 168 169 182 183 192 198
6 169 171 178 181 194 198
5 168 177 181 191 192
6 157 172 180 189 195 196
5 166 176 186 187 193
6 170 176 179 185 193 202
5 166 180 185 193 196
6 172 174 189 190 197 200
5 172 184 188 195 197
7 174 175 188 191 199 200 206
6 175 177 183 190 192 199
6 181 183 191 198 199 205
6 185 186 187 196 202 203
4 178 182 198 205
6 184 189 196 197 201 204
7 180 184 187 193 195 203 204
6 188 189 195 200 201 207
5 181 182 192 194 205
6 190 191 192 205 206 209
5 188 190 197 206 207
5 195 197 204 207 208
4 179 186 193 203
5 193 196 202 204 208
5 195 196 201 203 208
5 192 194 198 199 209
6 190 199 200 207 209 210
6 197 200 201 206 208 210
5 201 203 204 207 210
4 199 205 206 210
4 206 207 208 209
END MAP
TURN 1
COMMAND LEFT START
MOVE A2 9
MOVE A3 21
COMMAND LEFT END
COMMAND RIGHT START
MOVE B1 201
MOVE B2 105
COMMAND RIGHT END
TURN 1 RESULT
TIME LEFT 2 5 RIGHT 0 5
MOVE A2 3
MOVE A3 3
MOVE B1 207
MOVE B2 206
END TURN 1
TURN 2
COMMAND LEFT START
COMMAND LEFT END
COMMAND RIGHT START
COMMAND RIGHT END
TURN 2 RESULT
TIME LEFT 4 5 RIGHT 0 5
MOVE A2 9
MOVE A3 13
MOVE B1 201
MOVE B2 190
END TURN 2
TURN 3
COMMAND LEFT START
UPGRADE 9
COMMAND LEFT END
COMMAND RIGHT START
UPGRADE 201
COMMAND RIGHT END
TURN 3 RESULT
TIME LEFT 4 5 RIGHT 0 5
UPGRADE A 9
UPGRADE B 201
MOVE A3 21
MOVE B2 174
END TURN 3
TURN 4
COMMAND LEFT START
COMMAND LEFT END
COMMAND RIGHT START
COMMAND RIGHT END
TURN 4 RESULT
TIME LEFT 2 5 RIGHT 0 5
MOVE B2 164
END TURN 4
TURN 5
COMMAND LEFT START
COMMAND LEFT END
COMMAND RIGHT START
COMMAND RIGHT END
TURN 5 RESULT
TIME LEFT 3 5 RIGHT 0 5
MOVE B2 149
END TURN 5
TURN 6
COMMAND LEFT START
COMMAND LEFT END
COMMAND RIGHT START
COMMAND RIGHT END
TURN 6 RESULT
TIME LEFT 3 5 RIGHT 0 5
MOVE B2 119
END TURN 6
TURN 7
COMMAND LEFT START
COMMAND LEFT END
COMMAND RIGHT START
COMMAND RIGHT END
TURN 7 RESULT
TIME LEFT 2 5 RIGHT 0 5
MOVE B2 105
END TURN 7
TURN 8
COMMAND LEFT START
COMMAND LEFT END
COMMAND RIGHT START
COMMAND RIGHT END
TURN 8 RESULT
TIME LEFT 5 5 RIGHT 0 5
END TURN 8
TURN 9
COMMAND LEFT START
COMMAND LEFT END
COMMAND RIGHT START
COMMAND RIGHT END
TURN 9 RESULT
TIME LEFT 4 5 RIGHT 0 5
END TURN 9
TURN 10
COMMAND LEFT START
COMMAND LEFT END
COMMAND RIGHT START
COMMAND RIGHT END
TURN 10 RESULT
TIME LEFT 3 5 RIGHT 0 5
END TURN 10
TURN 11
COMMAND LEFT START
COMMAND LEFT END
COMMAND RIGHT START
COMMAND RIGHT END
TURN 11 RESULT
TIME LEFT 3 5 RIGHT 0 5
END TURN 11
TURN 12
COMMAND LEFT START
COMMAND LEFT END
COMMAND RIGHT START
COMMAND RIGHT END
TURN 12 RESULT
TIME LEFT 5 5 RIGHT 0 5
END TURN 12
TURN 13
COMMAND LEFT START
COMMAND LEFT END
COMMAND RIGHT START
COMMAND RIGHT END
TURN 13 RESULT
TIME LEFT 2 5 RIGHT 0 5
END TURN 13
TURN 14
COMMAND LEFT START
UPGRADE 21
COMMAND LEFT END
COMMAND RIGHT START
UPGRADE 105
COMMAND RIGHT END
TURN 14 RESULT
TIME LEFT 2 5 RIGHT 0 5
UPGRADE A 21
UPGRADE B 105
END TURN 14
TURN 15
COMMAND LEFT START
COMMAND LEFT END
COMMAND RIGHT START
COMMAND RIGHT END
TURN 15 RESULT
TIME LEFT 3 5 RIGHT 0 5
END TURN 15
TURN 16
COMMAND LEFT START
COMMAND LEFT END
COMMAND RIGHT START
COMMAND RIGHT END
TURN 16 RESULT
TIME LEFT 5 5 RIGHT 0 5
END TURN 16
TURN 17
COMMAND LEFT START
COMMAND LEFT END
COMMAND RIGHT START
TRAIN 1
COMMAND RIGHT END
TURN 17 RESULT
TIME LEFT 2 5 RIGHT 0 5
TRAIN B4
END TURN 17
TURN 18
COMMAND LEFT START
COMMAND LEFT END
COMMAND RIGHT START
COMMAND RIGHT END
TURN 18 RESULT
TIME LEFT 2 5 RIGHT 0 5
END TURN 18
TURN 19
COMMAND LEFT START
COMMAND LEFT END
COMMAND RIGHT START
COMMAND RIGHT END
TURN 19 RESULT
TIME LEFT 2 5 RIGHT 0 5
END TURN 19
TURN 20
COMMAND LEFT START
COMMAND LEFT END
COMMAND RIGHT START
COMMAND RIGHT END
TURN 20 RESULT
TIME LEFT 3 5 RIGHT 0 5
END TURN 20
TURN 21
COMMAND LEFT START
COMMAND LEFT END
COMMAND RIGHT START
COMMAND RIGHT END
TURN 21 RESULT
TIME LEFT 1 5 RIGHT 0 5
END TURN 21
TURN 22
COMMAND LEFT START
COMMAND LEFT END
COMMAND RIGHT START
COMMAND RIGHT END
TURN 22 RESULT
TIME LEFT 2 5 RIGHT 0 5
END TURN 22
TURN 23
COMMAND LEFT START
COMMAND LEFT END
COMMAND RIGHT START
COMMAND RIGHT END
TURN 23 RESULT
TIME LEFT 2 5 RIGHT 0 5
END TURN 23
TURN 24
COMMAND LEFT START
TRAIN 1
COMMAND LEFT END
COMMAND RIGHT START
COMMAND RIGHT END
TURN 24 RESULT
TIME LEFT 2 5 RIGHT 0 5
TRAIN A4
END TURN 24
TURN 25
COMMAND LEFT START
MOVE A4 96
COMMAND LEFT END
COMMAND RIGHT START
COMMAND RIGHT END
TURN 25 RESULT
TIME LEFT 10 5 RIGHT 0 5
MOVE A4 4
END TURN 25
TURN 26
COMMAND LEFT START
COMMAND LEFT END
COMMAND RIGHT START
COMMAND RIGHT END
TURN 26 RESULT
TIME LEFT 4 5 RIGHT 0 5
MOVE A4 20
END TURN 26
TURN 27
COMMAND LEFT START
COMMAND LEFT END
COMMAND RIGHT START
COMMAND RIGHT END
TURN 27 RESULT
TIME LEFT 4 5 RIGHT 0 5
MOVE A4 35
END TURN 27
TURN 28
COMMAND LEFT START
COMMAND LEFT END
COMMAND RIGHT START
MOVE B3 189
COMMAND RIGHT END
TURN 28 RESULT
TIME LEFT 2 5 RIGHT 0 5
MOVE A4 57
MOVE B3 207
END TURN 28
TURN 29
COMMAND LEFT START
COMMAND LEFT END
COMMAND RIGHT START
COMMAND RIGHT END
TURN 29 RESULT
TIME LEFT 3 5 RIGHT 0 5
MOVE A4 72
MOVE B3 197
END TURN 29
TURN 30
COMMAND LEFT START
COMMAND LEFT END
COMMAND RIGHT START
COMMAND RIGHT END
TURN 30 RESULT
TIME LEFT 4 5 RIGHT 0 5
MOVE A4 96
MOVE B3 189
END TURN 30
TURN 31
COMMAND LEFT START
COMMAND LEFT END
COMMAND RIGHT START
UPGRADE 189
COMMAND RIGHT END
TURN 31 RESULT
TIME LEFT 4 5 RIGHT 0 5
UPGRADE B 189
END TURN 31
TURN 32
COMMAND LEFT START
COMMAND LEFT END
COMMAND RIGHT START
COMMAND RIGHT END
TURN 32 RESULT
TIME LEFT 2 5 RIGHT 0 5
END TURN 32
TURN 33
COMMAND LEFT START
COMMAND LEFT END
COMMAND RIGHT START
TRAIN 1
COMMAND RIGHT END
TURN 33 RESULT
TIME LEFT 3 5 RIGHT 0 5
TRAIN B5
END TURN 33
TURN 34
COMMAND LEFT START
COMMAND LEFT END
COMMAND RIGHT START
COMMAND RIGHT END
TURN 34 RESULT
TIME LEFT 3 5 RIGHT 0 5
END TURN 34
TURN 35
COMMAND LEFT START
COMMAND LEFT END
COMMAND RIGHT START
COMMAND RIGHT END
TURN 35 RESULT
TIME LEFT 4 5 RIGHT 0 5
END TURN 35
TURN 36
COMMAND LEFT START
COMMAND LEFT END
COMMAND RIGHT START
COMMAND RIGHT END
TURN 36 RESULT
TIME LEFT 2 5 RIGHT 0 5
END TURN 36
TURN 37
COMMAND LEFT START
COMMAND LEFT END
COMMAND RIGHT START
COMMAND RIGHT END
TURN 37 RESULT
TIME LEFT 4 5 RIGHT 0 5
END TURN 37
TURN 38
COMMAND LEFT START
COMMAND LEFT END
COMMAND RIGHT START
COMMAND RIGHT END
TURN 38 RESULT
TIME LEFT 3 5 RIGHT 0 5
END TURN 38
TURN 39
COMMAND LEFT START
COMMAND LEFT END
COMMAND RIGHT START
COMMAND RIGHT END
TURN 39 RESULT
TIME LEFT 2 5 RIGHT 0 5
END TURN 39
TURN 40
COMMAND LEFT START
COMMAND LEFT END
COMMAND RIGHT START
MOVE B5 177
COMMAND RIGHT END
TURN 40 RESULT
TIME LEFT 2 5 RIGHT 0 5
MOVE B5 206
END TURN 40
TURN 41
COMMAND LEFT START
COMMAND LEFT END
COMMAND RIGHT START
COMMAND RIGHT END
TURN 41 RESULT
TIME LEFT 3 5 RIGHT 0 5
MOVE B5 199
END TURN 41
TURN 42
COMMAND LEFT START
COMMAND LEFT END
COMMAND RIGHT START
COMMAND RIGHT END
TURN 42 RESULT
TIME LEFT 3 5 RIGHT 0 5
MOVE B5 191
END TURN 42
TURN 43
COMMAND LEFT START
COMMAND LEFT END
COMMAND RIGHT START
COMMAND RIGHT END
TURN 43 RESULT
TIME LEFT 8 5 RIGHT 0 5
MOVE B5 177
END TURN 43
TURN 44
COMMAND LEFT START
COMMAND LEFT END
COMMAND RIGHT START
UPGRADE 177
COMMAND RIGHT END
TURN 44 RESULT
TIME LEFT 3 5 RIGHT 0 5
UPGRADE B 177
END TURN 44
TURN 45
COMMAND LEFT START
COMMAND LEFT END
COMMAND RIGHT START
COMMAND RIGHT END
TURN 45 RESULT
TIME LEFT 14 5 RIGHT 0 5
END TURN 45
TURN 46
COMMAND LEFT START
COMMAND LEFT END
COMMAND RIGHT START
TRAIN 1
COMMAND RIGHT END
TURN 46 RESULT
TIME LEFT 4 5 RIGHT 0 5
TRAIN B6
END TURN 46
TURN 47
COMMAND LEFT START
COMMAND LEFT END
COMMAND RIGHT START
COMMAND RIGHT END
TURN 47 RESULT
TIME LEFT 4 5 RIGHT 0 5
END TURN 47
TURN 48
COMMAND LEFT START
COMMAND LEFT END
COMMAND RIGHT START
COMMAND RIGHT END
TURN 48 RESULT
TIME LEFT 2 5 RIGHT 0 5
END TURN 48
TURN 49
COMMAND LEFT START
COMMAND LEFT END
COMMAND RIGHT START
COMMAND RIGHT END
TURN 49 RESULT
TIME LEFT 4 5 RIGHT 0 5
END TURN 49
TURN 50
COMMAND LEFT START
COMMAND LEFT END
COMMAND RIGHT START
COMMAND RIGHT END
TURN 50 RESULT
TIME LEFT 2 5 RIGHT 0 5
END TURN 50
TURN 51
COMMAND LEFT START
COMMAND LEFT END
COMMAND RIGHT START
COMMAND RIGHT END
TURN 51 RESULT
TIME LEFT 1 5 RIGHT 0 5
END TURN 51
TURN 52
COMMAND LEFT START
COMMAND LEFT END
COMMAND RIGHT START
COMMAND RIGHT END
TURN 52 RESULT
TIME LEFT 1 5 RIGHT 0 5
END TURN 52
TURN 53
COMMAND LEFT START
COMMAND LEFT END
COMMAND RIGHT START
COMMAND RIGHT END
TURN 53 RESULT
TIME LEFT 1 5 RIGHT 0 5
END TURN 53
TURN 54
COMMAND LEFT START
COMMAND LEFT END
COMMAND RIGHT START
COMMAND RIGHT END
TURN 54 RESULT
TIME LEFT 2 5 RIGHT 0 5
END TURN 54
TURN 55
COMMAND LEFT START
COMMAND LEFT END
COMMAND RIGHT START
UPGRADE 210
COMMAND RIGHT END
TURN 55 RESULT
TIME LEFT 1 5 RIGHT 0 5
UPGRADE B 210
END TURN 55
TURN 56
COMMAND LEFT START
COMMAND LEFT END
COMMAND RIGHT START
COMMAND RIGHT END
TURN 56 RESULT
TIME LEFT 2 5 RIGHT 0 5
END TURN 56
TURN 57
COMMAND LEFT START
COMMAND LEFT END
COMMAND RIGHT START
COMMAND RIGHT END
TURN 57 RESULT
TIME LEFT 3 5 RIGHT 0 5
END TURN 57
TURN 58
COMMAND LEFT START
COMMAND LEFT END
COMMAND RIGHT START
COMMAND RIGHT END
TURN 58 RESULT
TIME LEFT 2 5 RIGHT 0 5
END TURN 58
TURN 59
COMMAND LEFT START
COMMAND LEFT END
COMMAND RIGHT START
COMMAND RIGHT END
TURN 59 RESULT
TIME LEFT 2 5 RIGHT 0 5
END TURN 59
TURN 60
COMMAND LEFT START
COMMAND LEFT END
COMMAND RIGHT START
COMMAND RIGHT END
TURN 60 RESULT
TIME LEFT 2 5 RIGHT 0 5
END TURN 60
TURN 61
COMMAND LEFT START
COMMAND LEFT END
COMMAND RIGHT START
COMMAND RIGHT END
TURN 61 RESULT
TIME LEFT 1 5 RIGHT 0 5
END TURN 61
TURN 62
COMMAND LEFT START
COMMAND LEFT END
COMMAND RIGHT START
UPGRADE 201
COMMAND RIGHT END
TURN 62 RESULT
TIME LEFT 1 5 RIGHT 0 5
UPGRADE B 201
END TURN 62
TURN 63
COMMAND LEFT START
COMMAND LEFT END
COMMAND RIGHT START
COMMAND RIGHT END
TURN 63 RESULT
TIME LEFT 5 5 RIGHT 0 5
END TURN 63
TURN 64
COMMAND LEFT START
COMMAND LEFT END
COMMAND RIGHT START
TRAIN 1
COMMAND RIGHT END
TURN 64 RESULT
TIME LEFT 1 5 RIGHT 0 5
TRAIN B7
END TURN 64
TURN 65
COMMAND LEFT START
COMMAND LEFT END
COMMAND RIGHT START
MOVE B4 201
COMMAND RIGHT END
TURN 65 RESULT
TIME LEFT 2 5 RIGHT 0 5
MOVE B4 207
END TURN 65
TURN 66
COMMAND LEFT START
COMMAND LEFT END
COMMAND RIGHT START
COMMAND RIGHT END
TURN 66 RESULT
TIME LEFT 2 5 RIGHT 0 5
MOVE B4 201
END TURN 66
TURN 67
COMMAND LEFT START
COMMAND LEFT END
COMMAND RIGHT START
COMMAND RIGHT END
TURN 67 RESULT
TIME LEFT 1 5 RIGHT 0 5
END TURN 67
TURN 68
COMMAND LEFT START
COMMAND LEFT END
COMMAND RIGHT START
COMMAND RIGHT END
TURN 68 RESULT
TIME LEFT 1 5 RIGHT 0 5
END TURN 68
TURN 69
COMMAND LEFT START
COMMAND LEFT END
COMMAND RIGHT START
COMMAND RIGHT END
TURN 69 RESULT
TIME LEFT 1 5 RIGHT 0 5
END TURN 69
TURN 70
COMMAND LEFT START
COMMAND LEFT END
COMMAND RIGHT START
COMMAND RIGHT END
TURN 70 RESULT
TIME LEFT 1 5 RIGHT 0 5
END TURN 70
TURN 71
COMMAND LEFT START
COMMAND LEFT END
COMMAND RIGHT START
COMMAND RIGHT END
TURN 71 RESULT
TIME LEFT 1 5 RIGHT 0 5
END TURN 71
TURN 72
COMMAND LEFT START
COMMAND LEFT END
COMMAND RIGHT START
COMMAND RIGHT END
TURN 72 RESULT
TIME LEFT 2 5 RIGHT 0 5
END TURN 72
TURN 73
COMMAND LEFT START
COMMAND LEFT END
COMMAND RIGHT START
COMMAND RIGHT END
TURN 73 RESULT
TIME LEFT 1 5 RIGHT 0 5
END TURN 73
TURN 74
COMMAND LEFT START
COMMAND LEFT END
COMMAND RIGHT START
COMMAND RIGHT END
TURN 74 RESULT
TIME LEFT 2 5 RIGHT 0 5
END TURN 74
TURN 75
COMMAND LEFT START
COMMAND LEFT END
COMMAND RIGHT START
UPGRADE 210
COMMAND RIGHT END
TURN 75 RESULT
TIME LEFT 2 5 RIGHT 0 5
UPGRADE B 210
END TURN 75
TURN 76
COMMAND LEFT START
COMMAND LEFT END
COMMAND RIGHT START
COMMAND RIGHT END
TURN 76 RESULT
TIME LEFT 2 5 RIGHT 0 5
END TURN 76
TURN 77
COMMAND LEFT START
COMMAND LEFT END
COMMAND RIGHT START
TRAIN 1
COMMAND RIGHT END
TURN 77 RESULT
TIME LEFT 1 5 RIGHT 0 5
TRAIN B8
END TURN 77
TURN 78
COMMAND LEFT START
COMMAND LEFT END
COMMAND RIGHT START
COMMAND RIGHT END
TURN 78 RESULT
TIME LEFT 1 5 RIGHT 0 5
END TURN 78
TURN 79
COMMAND LEFT START
COMMAND LEFT END
COMMAND RIGHT START
COMMAND RIGHT END
TURN 79 RESULT
TIME LEFT 3 5 RIGHT 0 5
END TURN 79
TURN 80
COMMAND LEFT START
COMMAND LEFT END
COMMAND RIGHT START
COMMAND RIGHT END
TURN 80 RESULT
TIME LEFT 1 5 RIGHT 0 5
END TURN 80
TURN 81
COMMAND LEFT START
COMMAND LEFT END
COMMAND RIGHT START
COMMAND RIGHT END
TURN 81 RESULT
TIME LEFT 2 5 RIGHT 0 5
END TURN 81
TURN 82
COMMAND LEFT START
COMMAND LEFT END
COMMAND RIGHT START
UPGRADE 189
COMMAND RIGHT END
TURN 82 RESULT
TIME LEFT 1 5 RIGHT 0 5
UPGRADE B 189
END TURN 82
TURN 83
COMMAND LEFT START
COMMAND LEFT END
COMMAND RIGHT START
TRAIN 1
COMMAND RIGHT END
TURN 83 RESULT
TIME LEFT 8 5 RIGHT 0 5
TRAIN B9
END TURN 83
TURN 84
COMMAND LEFT START
COMMAND LEFT END
COMMAND RIGHT START
MOVE B6 189
COMMAND RIGHT END
TURN 84 RESULT
TIME LEFT 1 5 RIGHT 0 5
MOVE B6 207
END TURN 84
TURN 85
COMMAND LEFT START
COMMAND LEFT END
COMMAND RIGHT START
COMMAND RIGHT END
TURN 85 RESULT
TIME LEFT 1 5 RIGHT 0 5
MOVE B6 197
END TURN 85
TURN 86
COMMAND LEFT START
COMMAND LEFT END
COMMAND RIGHT START
COMMAND RIGHT END
TURN 86 RESULT
TIME LEFT 1 5 RIGHT 0 5
MOVE B6 189
END TURN 86
TURN 87
COMMAND LEFT START
COMMAND LEFT END
COMMAND RIGHT START
COMMAND RIGHT END
TURN 87 RESULT
TIME LEFT 2 5 RIGHT 0 5
END TURN 87
TURN 88
COMMAND LEFT START
COMMAND LEFT END
COMMAND RIGHT START
UPGRADE 177
COMMAND RIGHT END
TURN 88 RESULT
TIME LEFT 1 5 RIGHT 0 5
UPGRADE B 177
END TURN 88
TURN 89
COMMAND LEFT START
COMMAND LEFT END
COMMAND RIGHT START
TRAIN 1
COMMAND RIGHT END
TURN 89 RESULT
TIME LEFT 1 5 RIGHT 0 5
TRAIN B10
END TURN 89
TURN 90
COMMAND LEFT START
COMMAND LEFT END
COMMAND RIGHT START
MOVE B7 177
COMMAND RIGHT END
TURN 90 RESULT
TIME LEFT 1 5 RIGHT 0 5
MOVE B7 206
END TURN 90
TURN 91
COMMAND LEFT START
COMMAND LEFT END
COMMAND RIGHT START
COMMAND RIGHT END
TURN 91 RESULT
TIME LEFT 3 5 RIGHT 0 5
MOVE B7 199
END TURN 91
TURN 92
COMMAND LEFT START
COMMAND LEFT END
COMMAND RIGHT START
COMMAND RIGHT END
TURN 92 RESULT
TIME LEFT 1 5 RIGHT 0 5
MOVE B7 191
END TURN 92
TURN 93
COMMAND LEFT START
COMMAND LEFT END
COMMAND RIGHT START
COMMAND RIGHT END
TURN 93 RESULT
TIME LEFT 1 5 RIGHT 0 5
MOVE B7 177
END TURN 93
TURN 94
COMMAND LEFT START
COMMAND LEFT END
COMMAND RIGHT START
UPGRADE 105
COMMAND RIGHT END
TURN 94 RESULT
TIME LEFT 2 5 RIGHT 0 5
UPGRADE B 105
END TURN 94
TURN 95
COMMAND LEFT START
COMMAND LEFT END
COMMAND RIGHT START
TRAIN 1
COMMAND RIGHT END
TURN 95 RESULT
TIME LEFT 1 5 RIGHT 0 5
TRAIN B11
END TURN 95
TURN 96
COMMAND LEFT START
COMMAND LEFT END
COMMAND RIGHT START
MOVE B8 105
COMMAND RIGHT END
TURN 96 RESULT
TIME LEFT 1 5 RIGHT 0 5
MOVE B8 206
END TURN 96
TURN 97
COMMAND LEFT START
COMMAND LEFT END
COMMAND RIGHT START
COMMAND RIGHT END
TURN 97 RESULT
TIME LEFT 1 5 RIGHT 0 5
MOVE B8 190
END TURN 97
TURN 98
COMMAND LEFT START
COMMAND LEFT END
COMMAND RIGHT START
COMMAND RIGHT END
TURN 98 RESULT
TIME LEFT 1 5 RIGHT 0 5
MOVE B8 174
END TURN 98
TURN 99
COMMAND LEFT START
COMMAND LEFT END
COMMAND RIGHT START
COMMAND RIGHT END
TURN 99 RESULT
TIME LEFT 4 5 RIGHT 0 5
MOVE B8 164
END TURN 99
TURN 100
COMMAND LEFT START
COMMAND LEFT END
COMMAND RIGHT START
UPGRADE 201
COMMAND RIGHT END
TURN 100 RESULT
TIME LEFT 5 5 RIGHT 0 5
UPGRADE B 201
MOVE B8 149
END TURN 100
TURN 101
COMMAND LEFT START
COMMAND LEFT END
COMMAND RIGHT START
TRAIN 1
COMMAND RIGHT END
TURN 101 RESULT
TIME LEFT 1 5 RIGHT 0 5
TRAIN B12
MOVE B8 119
END TURN 101
TURN 102
COMMAND LEFT START
COMMAND LEFT END
COMMAND RIGHT START
MOVE B9 201
COMMAND RIGHT END
TURN 102 RESULT
TIME LEFT 2 5 RIGHT 0 5
MOVE B8 105
MOVE B9 207
END TURN 102
TURN 103
COMMAND LEFT START
COMMAND LEFT END
COMMAND RIGHT START
COMMAND RIGHT END
TURN 103 RESULT
TIME LEFT 3 5 RIGHT 0 5
MOVE B9 201
END TURN 103
TURN 104
COMMAND LEFT START
COMMAND LEFT END
COMMAND RIGHT START
COMMAND RIGHT END
TURN 104 RESULT
TIME LEFT 1 5 RIGHT 0 5
END TURN 104
TURN 105
COMMAND LEFT START
COMMAND LEFT END
COMMAND RIGHT START
UPGRADE 189
COMMAND RIGHT END
TURN 105 RESULT
TIME LEFT 1 5 RIGHT 0 5
UPGRADE B 189
END TURN 105
TURN 106
COMMAND LEFT START
COMMAND LEFT END
COMMAND RIGHT START
TRAIN 1
COMMAND RIGHT END
TURN 106 RESULT
TIME LEFT 1 5 RIGHT 0 5
TRAIN B13
END TURN 106
TURN 107
COMMAND LEFT START
COMMAND LEFT END
COMMAND RIGHT START
MOVE B10 189
COMMAND RIGHT END
TURN 107 RESULT
TIME LEFT 1 5 RIGHT 0 5
MOVE B10 207
END TURN 107
TURN 108
COMMAND LEFT START
COMMAND LEFT END
COMMAND RIGHT START
COMMAND RIGHT END
TURN 108 RESULT
TIME LEFT 1 5 RIGHT 0 5
MOVE B10 197
END TURN 108
TURN 109
COMMAND LEFT START
COMMAND LEFT END
COMMAND RIGHT START
COMMAND RIGHT END
TURN 109 RESULT
TIME LEFT 1 5 RIGHT 0 5
MOVE B10 189
END TURN 109
TURN 110
COMMAND LEFT START
COMMAND LEFT END
COMMAND RIGHT START
UPGRADE 177
TRAIN 1
COMMAND RIGHT END
TURN 110 RESULT
TIME LEFT 1 5 RIGHT 0 5
UPGRADE B 177
TRAIN B14
END TURN 110
TURN 111
COMMAND LEFT START
COMMAND LEFT END
COMMAND RIGHT START
MOVE B11 177
COMMAND RIGHT END
TURN 111 RESULT
TIME LEFT 3 5 RIGHT 0 5
MOVE B11 206
END TURN 111
TURN 112
COMMAND LEFT START
COMMAND LEFT END
COMMAND RIGHT START
COMMAND RIGHT END
TURN 112 RESULT
TIME LEFT 1 5 RIGHT 0 5
MOVE B11 199
END TURN 112
TURN 113
COMMAND LEFT START
COMMAND LEFT END
COMMAND RIGHT START
COMMAND RIGHT END
TURN 113 RESULT
TIME LEFT 1 5 RIGHT 0 5
MOVE B11 191
END TURN 113
TURN 114
COMMAND LEFT START
COMMAND LEFT END
COMMAND RIGHT START
UPGRADE 105
COMMAND RIGHT END
TURN 114 RESULT
TIME LEFT 1 5 RIGHT 0 5
UPGRADE B 105
MOVE B11 177
END TURN 114
TURN 115
COMMAND LEFT START
COMMAND LEFT END
COMMAND RIGHT START
TRAIN 1
COMMAND RIGHT END
TURN 115 RESULT
TIME LEFT 3 5 RIGHT 0 5
TRAIN B15
END TURN 115
TURN 116
COMMAND LEFT START
COMMAND LEFT END
COMMAND RIGHT START
MOVE B12 105
COMMAND RIGHT END
TURN 116 RESULT
TIME LEFT 3 5 RIGHT 0 5
MOVE B12 206
END TURN 116
TURN 117
COMMAND LEFT START
COMMAND LEFT END
COMMAND RIGHT START
COMMAND RIGHT END
TURN 117 RESULT
TIME LEFT 1 5 RIGHT 0 5
MOVE B12 190
END TURN 117
TURN 118
COMMAND LEFT START
COMMAND LEFT END
COMMAND RIGHT START
TRAIN 1
COMMAND RIGHT END
TURN 118 RESULT
TIME LEFT 1 5 RIGHT 0 5
TRAIN B16
MOVE B12 174
END TURN 118
TURN 119
COMMAND LEFT START
COMMAND LEFT END
COMMAND RIGHT START
TRAIN 2
COMMAND RIGHT END
TURN 119 RESULT
TIME LEFT 1 5 RIGHT 0 5
TRAIN B17 B18
MOVE B12 164
END TURN 119
TURN 120
COMMAND LEFT START
COMMAND LEFT END
COMMAND RIGHT START
MOVE B18 157
COMMAND RIGHT END
TURN 120 RESULT
TIME LEFT 1 5 RIGHT 0 5
MOVE B12 149
MOVE B18 207
END TURN 120
TURN 121
COMMAND LEFT START
COMMAND LEFT END
COMMAND RIGHT START
MOVE B17 114
COMMAND RIGHT END
TURN 121 RESULT
TIME LEFT 2 5 RIGHT 0 5
MOVE B12 119
MOVE B17 206
MOVE B18 197
END TURN 121
TURN 122
COMMAND LEFT START
COMMAND LEFT END
COMMAND RIGHT START
TRAIN 2
COMMAND RIGHT END
TURN 122 RESULT
TIME LEFT 1 5 RIGHT 0 5
TRAIN B19 B20
MOVE B12 105
MOVE B17 190
MOVE B18 189
END TURN 122
TURN 123
COMMAND LEFT START
COMMAND LEFT END
COMMAND RIGHT START
MOVE B20 152
COMMAND RIGHT END
TURN 123 RESULT
TIME LEFT 1 5 RIGHT 0 5
MOVE B17 175
MOVE B18 184
MOVE B20 209
END TURN 123
TURN 124
COMMAND LEFT START
COMMAND LEFT END
COMMAND RIGHT START
COMMAND RIGHT END
TURN 124 RESULT
TIME LEFT 1 5 RIGHT 0 5
MOVE B17 153
MOVE B18 157
MOVE B20 205
END TURN 124
TURN 125
COMMAND LEFT START
COMMAND LEFT END
COMMAND RIGHT START
COMMAND RIGHT END
TURN 125 RESULT
TIME LEFT 1 5 RIGHT 0 5
MOVE B17 138
MOVE B20 194
END TURN 125
TURN 126
COMMAND LEFT START
COMMAND LEFT END
COMMAND RIGHT START
COMMAND RIGHT END
TURN 126 RESULT
TIME LEFT 1 5 RIGHT 0 5
MOVE B17 114
MOVE B20 178
END TURN 126
TURN 127
COMMAND LEFT START
COMMAND LEFT END
COMMAND RIGHT START
COMMAND RIGHT END
TURN 127 RESULT
TIME LEFT 2 5 RIGHT 0 5
MOVE B20 163
END TURN 127
TURN 128
COMMAND LEFT START
COMMAND LEFT END
COMMAND RIGHT START
COMMAND RIGHT END
TURN 128 RESULT
TIME LEFT 1 5 RIGHT 0 5
MOVE B20 152
END TURN 128
TURN 129
COMMAND LEFT START
COMMAND LEFT END
COMMAND RIGHT START
MOVE B19 105
UPGRADE 210
COMMAND RIGHT END
TURN 129 RESULT
TIME LEFT 1 5 RIGHT 0 5
UPGRADE B 210
MOVE B19 206
END TURN 129
TURN 130
COMMAND LEFT START
COMMAND LEFT END
COMMAND RIGHT START
COMMAND RIGHT END
TURN 130 RESULT
TIME LEFT 1 5 RIGHT 0 5
MOVE B19 190
END TURN 130
TURN 131
COMMAND LEFT START
COMMAND LEFT END
COMMAND RIGHT START
COMMAND RIGHT END
TURN 131 RESULT
TIME LEFT 1 5 RIGHT 0 5
MOVE B19 174
END TURN 131
TURN 132
COMMAND LEFT START
COMMAND LEFT END
COMMAND RIGHT START
UPGRADE 157
COMMAND RIGHT END
TURN 132 RESULT
TIME LEFT 2 5 RIGHT 0 5
UPGRADE B 157
MOVE B19 164
END TURN 132
TURN 133
COMMAND LEFT START
COMMAND LEFT END
COMMAND RIGHT START
COMMAND RIGHT END
TURN 133 RESULT
TIME LEFT 2 5 RIGHT 0 5
MOVE B19 149
END TURN 133
TURN 134
COMMAND LEFT START
COMMAND LEFT END
COMMAND RIGHT START
UPGRADE 114
COMMAND RIGHT END
TURN 134 RESULT
TIME LEFT 1 5 RIGHT 0 5
UPGRADE B 114
MOVE B19 119
END TURN 134
TURN 135
COMMAND LEFT START
COMMAND LEFT END
COMMAND RIGHT START
COMMAND RIGHT END
TURN 135 RESULT
TIME LEFT 1 5 RIGHT 0 5
MOVE B19 105
END TURN 135
TURN 136
COMMAND LEFT START
COMMAND LEFT END
COMMAND RIGHT START
UPGRADE 152
COMMAND RIGHT END
TURN 136 RESULT
TIME LEFT 1 5 RIGHT 0 5
UPGRADE B 152
END TURN 136
TURN 137
COMMAND LEFT START
COMMAND LEFT END
COMMAND RIGHT START
COMMAND RIGHT END
TURN 137 RESULT
TIME LEFT 1 5 RIGHT 0 5
END TURN 137
TURN 138
COMMAND LEFT START
COMMAND LEFT END
COMMAND RIGHT START
UPGRADE 157
COMMAND RIGHT END
TURN 138 RESULT
TIME LEFT 1 5 RIGHT 0 5
UPGRADE B 157
END TURN 138
TURN 139
COMMAND LEFT START
COMMAND LEFT END
COMMAND RIGHT START
MOVE B2 157
COMMAND RIGHT END
TURN 139 RESULT
TIME LEFT 5 5 RIGHT 0 5
MOVE B2 123
END TURN 139
TURN 140
COMMAND LEFT START
COMMAND LEFT END
COMMAND RIGHT START
COMMAND RIGHT END
TURN 140 RESULT
TIME LEFT 12 5 RIGHT 0 5
MOVE B2 148
END TURN 140
TURN 141
COMMAND LEFT START
COMMAND LEFT END
COMMAND RIGHT START
UPGRADE 152
TRAIN 1
COMMAND RIGHT END
TURN 141 RESULT
TIME LEFT 1 5 RIGHT 0 5
UPGRADE B 152
TRAIN B21
MOVE B2 157
END TURN 141
TURN 142
COMMAND LEFT START
COMMAND LEFT END
COMMAND RIGHT START
MOVE B13 152
COMMAND RIGHT END
TURN 142 RESULT
TIME LEFT 1 5 RIGHT 0 5
MOVE B13 209
END TURN 142
TURN 143
COMMAND LEFT START
COMMAND LEFT END
COMMAND RIGHT START
UPGRADE 114
COMMAND RIGHT END
TURN 143 RESULT
TIME LEFT 2 5 RIGHT 0 5
UPGRADE B 114
MOVE B13 205
END TURN 143
TURN 144
COMMAND LEFT START
COMMAND LEFT END
COMMAND RIGHT START
TRAIN 1
COMMAND RIGHT END
TURN 144 RESULT
TIME LEFT 1 5 RIGHT 0 5
TRAIN B22
MOVE B13 194
END TURN 144
TURN 145
COMMAND LEFT START
COMMAND LEFT END
COMMAND RIGHT START
MOVE B14 114
COMMAND RIGHT END
TURN 145 RESULT
TIME LEFT 3 5 RIGHT 0 5
MOVE B13 178
MOVE B14 206
END TURN 145
TURN 146
COMMAND LEFT START
COMMAND LEFT END
COMMAND RIGHT START
UPGRADE 157
COMMAND RIGHT END
TURN 146 RESULT
TIME LEFT 1 5 RIGHT 0 5
UPGRADE B 157
MOVE B13 163
MOVE B14 190
END TURN 146
TURN 147
COMMAND LEFT START
COMMAND LEFT END
COMMAND RIGHT START
TRAIN 1
COMMAND RIGHT END
TURN 147 RESULT
TIME LEFT 1 5 RIGHT 0 5
TRAIN B23
MOVE B13 152
MOVE B14 175
END TURN 147
TURN 148
COMMAND LEFT START
COMMAND LEFT END
COMMAND RIGHT START
MOVE B15 157
COMMAND RIGHT END
TURN 148 RESULT
TIME LEFT 2 5 RIGHT 0 5
MOVE B14 153
MOVE B15 207
END TURN 148
TURN 149
COMMAND LEFT START
COMMAND LEFT END
COMMAND RIGHT START
UPGRADE 152
TRAIN 1
COMMAND RIGHT END
TURN 149 RESULT
TIME LEFT 2 5 RIGHT 0 5
UPGRADE B 152
TRAIN B24
MOVE B14 138
MOVE B15 197
END TURN 149
TURN 150
COMMAND LEFT START
COMMAND LEFT END
COMMAND RIGHT START
MOVE B16 152
COMMAND RIGHT END
TURN 150 RESULT
TIME LEFT 7 5 RIGHT 0 5
MOVE B14 114
MOVE B15 189
MOVE B16 209
END TURN 150
TURN 151
COMMAND LEFT START
COMMAND LEFT END
COMMAND RIGHT START
COMMAND RIGHT END
TURN 151 RESULT
TIME LEFT 3 5 RIGHT 0 5
MOVE B15 184
MOVE B16 205
END TURN 151
TURN 152
COMMAND LEFT START
COMMAND LEFT END
COMMAND RIGHT START
UPGRADE 114
TRAIN 1
COMMAND RIGHT END
TURN 152 RESULT
TIME LEFT 3 5 RIGHT 0 5
UPGRADE B 114
TRAIN B25
MOVE B15 157
MOVE B16 194
END TURN 152
TURN 153
COMMAND LEFT START
COMMAND LEFT END
COMMAND RIGHT START
MOVE B21 114
COMMAND RIGHT END
TURN 153 RESULT
TIME LEFT 2 5 RIGHT 0 5
MOVE B16 178
MOVE B21 206
END TURN 153
TURN 154
COMMAND LEFT START
COMMAND LEFT END
COMMAND RIGHT START
TRAIN 1
COMMAND RIGHT END
TURN 154 RESULT
TIME LEFT 1 5 RIGHT 0 5
TRAIN B26
MOVE B16 163
MOVE B21 190
END TURN 154
TURN 155
COMMAND LEFT START
COMMAND LEFT END
COMMAND RIGHT START
MOVE B26 105
TRAIN 2
COMMAND RIGHT END
TURN 155 RESULT
TIME LEFT 1 5 RIGHT 0 5
TRAIN B27 B28
MOVE B16 152
MOVE B21 175
MOVE B26 206
END TURN 155
TURN 156
COMMAND LEFT START
COMMAND LEFT END
COMMAND RIGHT START
MOVE B28 137
MOVE B27 105
COMMAND RIGHT END
TURN 156 RESULT
TIME LEFT 2 5 RIGHT 0 5
MOVE B21 153
MOVE B26 190
MOVE B27 206
MOVE B28 207
END TURN 156
TURN 157
COMMAND LEFT START
COMMAND LEFT END
COMMAND RIGHT START
TRAIN 2
COMMAND RIGHT END
TURN 157 RESULT
TIME LEFT 2 5 RIGHT 0 5
TRAIN B29 B30
MOVE B21 138
MOVE B26 174
MOVE B27 190
MOVE B28 197
END TURN 157
TURN 158
COMMAND LEFT START
COMMAND LEFT END
COMMAND RIGHT START
MOVE B30 53
MOVE B29 105
TRAIN 2
COMMAND RIGHT END
TURN 158 RESULT
TIME LEFT 1 5 RIGHT 0 5
TRAIN B31 B32
MOVE B21 114
MOVE B26 164
MOVE B27 174
MOVE B28 189
MOVE B29 206
MOVE B30 206
END TURN 158
TURN 159
COMMAND LEFT START
COMMAND LEFT END
COMMAND RIGHT START
MOVE B32 73
MOVE B31 105
TRAIN 2
COMMAND RIGHT END
TURN 159 RESULT
TIME LEFT 1 5 RIGHT 0 5
TRAIN B33 B34
MOVE B26 149
MOVE B27 164
MOVE B28 184
MOVE B29 190
MOVE B30 190
MOVE B31 206
MOVE B32 206
END TURN 159
TURN 160
COMMAND LEFT START
COMMAND LEFT END
COMMAND RIGHT START
MOVE B34 21
MOVE B33 105
TRAIN 2
COMMAND RIGHT END
TURN 160 RESULT
TIME LEFT 1 5 RIGHT 0 5
TRAIN B35 B36
MOVE B26 119
MOVE B27 149
MOVE B28 180
MOVE B29 174
MOVE B30 175
MOVE B31 190
MOVE B32 190
MOVE B33 206
MOVE B34 206
END TURN 160
TURN 161
COMMAND LEFT START
COMMAND LEFT END
COMMAND RIGHT START
COMMAND RIGHT END
TURN 161 RESULT
TIME LEFT 4 5 RIGHT 0 5
MOVE B26 105
MOVE B27 119
MOVE B28 166
MOVE B29 164
MOVE B30 153
MOVE B31 174
MOVE B32 175
MOVE B33 190
MOVE B34 190
END TURN 161
TURN 162
COMMAND LEFT START
COMMAND LEFT END
COMMAND RIGHT START
COMMAND RIGHT END
TURN 162 RESULT
TIME LEFT 1 5 RIGHT 0 5
MOVE B27 105
MOVE B28 158
MOVE B29 149
MOVE B30 141
MOVE B31 164
MOVE B32 167
MOVE B33 174
MOVE B34 174
END TURN 162
TURN 163
COMMAND LEFT START
COMMAND LEFT END
COMMAND RIGHT START
COMMAND RIGHT END
TURN 163 RESULT
TIME LEFT 1 5 RIGHT 0 5
MOVE B28 142
MOVE B29 119
MOVE B30 120
MOVE B31 149
MOVE B32 160
MOVE B33 164
MOVE B34 164
END TURN 163
TURN 164
COMMAND LEFT START
COMMAND LEFT END
COMMAND RIGHT START
COMMAND RIGHT END
TURN 164 RESULT
TIME LEFT 1 5 RIGHT 0 5
MOVE B28 139
MOVE B29 105
MOVE B30 106
MOVE B31 119
MOVE B32 133
MOVE B33 149
MOVE B34 149
END TURN 164
TURN 165
COMMAND LEFT START
COMMAND LEFT END
COMMAND RIGHT START
COMMAND RIGHT END
TURN 165 RESULT
TIME LEFT 1 5 RIGHT 0 5
MOVE B28 137
MOVE B30 93
MOVE B31 105
MOVE B32 121
MOVE B33 119
MOVE B34 119
END TURN 165
TURN 166
COMMAND LEFT START
COMMAND LEFT END
COMMAND RIGHT START
MOVE B36 105
UPGRADE 210
COMMAND RIGHT END
TURN 166 RESULT
TIME LEFT 1 5 RIGHT 0 5
UPGRADE B 210
MOVE B30 62
MOVE B32 108
MOVE B33 105
MOVE B34 105
MOVE B36 206
END TURN 166
TURN 167
COMMAND LEFT START
COMMAND LEFT END
COMMAND RIGHT START
MOVE B26 96
MOVE B27 96
MOVE B29 96
MOVE B31 96
MOVE B33 96
COMMAND RIGHT END
TURN 167 RESULT
TIME LEFT 1 5 RIGHT 0 5
MOVE B26 104
MOVE B27 104
MOVE B29 104
MOVE B30 53
MOVE B31 104
MOVE B32 98
MOVE B33 104
MOVE B34 91
MOVE B36 190
END TURN 167
TURN 168
COMMAND LEFT START
COMMAND LEFT END
COMMAND RIGHT START
UPGRADE 137
COMMAND RIGHT END
TURN 168 RESULT
TIME LEFT 4 5 RIGHT 0 5
UPGRADE B 137
MOVE B26 96
MOVE B27 96
MOVE B29 96
MOVE B31 96
MOVE B32 85
MOVE B33 96
MOVE B34 74
MOVE B36 174
DAMAGE COMBAT A4 4
DAMAGE COMBAT B26 1
END TURN 168
TURN 169
COMMAND LEFT START
MOVE A2 21
COMMAND LEFT END
COMMAND RIGHT START
COMMAND RIGHT END
TURN 169 RESULT
TIME LEFT 19 5 RIGHT 0 5
MOVE A2 13
MOVE B32 73
MOVE B34 54
MOVE B36 164
END TURN 169
TURN 170
COMMAND LEFT START
COMMAND LEFT END
COMMAND RIGHT START
UPGRADE 96
COMMAND RIGHT END
TURN 170 RESULT
TIME LEFT 2 5 RIGHT 0 5
UPGRADE B 96
MOVE A2 21
MOVE B34 38
MOVE B36 149
END TURN 170
TURN 171
COMMAND LEFT START
MOVE A3 9
COMMAND LEFT END
COMMAND RIGHT START
MOVE B33 105
MOVE B31 105
MOVE B29 105
MOVE B27 105
UPGRADE 53
COMMAND RIGHT END
TURN 171 RESULT
TIME LEFT 8 5 RIGHT 0 5
UPGRADE B 53
MOVE A3 13
MOVE B27 104
MOVE B29 104
MOVE B31 104
MOVE B33 104
MOVE B34 21
MOVE B36 119
DAMAGE TURRET B34 1
DAMAGE COMBAT A2 1
DAMAGE COMBAT B34 1
END TURN 171
TURN 172
COMMAND LEFT START
COMMAND LEFT END
COMMAND RIGHT START
COMMAND RIGHT END
TURN 172 RESULT
TIME LEFT 4 5 RIGHT 0 5
MOVE A3 9
MOVE B27 105
MOVE B29 105
MOVE B31 105
MOVE B33 105
MOVE B36 105
DAMAGE TURRET B34 1
DAMAGE COMBAT A2 1
DAMAGE COMBAT B34 1
END TURN 172
TURN 173
COMMAND LEFT START
COMMAND LEFT END
COMMAND RIGHT START
MOVE B36 9
MOVE B33 9
MOVE B31 9
MOVE B29 9
MOVE B27 9
MOVE B19 9
UPGRADE 73
COMMAND RIGHT END
TURN 173 RESULT
TIME LEFT 5 5 RIGHT 0 5
UPGRADE B 73
MOVE B19 87
MOVE B27 87
MOVE B29 87
MOVE B31 87
MOVE B33 87
MOVE B36 87
DAMAGE TURRET B34 1
DAMAGE COMBAT A2 1
DAMAGE COMBAT B34 1
END TURN 173
TURN 174
COMMAND LEFT START
COMMAND LEFT END
COMMAND RIGHT START
COMMAND RIGHT END
TURN 174 RESULT
TIME LEFT 4 5 RIGHT 0 5
MOVE B19 62
MOVE B27 62
MOVE B29 62
MOVE B31 62
MOVE B33 62
MOVE B36 62
DAMAGE TURRET B34 1
DAMAGE COMBAT A2 1
END TURN 174
TURN 175
COMMAND LEFT START
COMMAND LEFT END
COMMAND RIGHT START
TRAIN 1
COMMAND RIGHT END
TURN 175 RESULT
TIME LEFT 2 5 RIGHT 0 5
TRAIN B37
MOVE B19 53
MOVE B27 53
MOVE B29 53
MOVE B31 53
MOVE B33 53
MOVE B36 53
END TURN 175
TURN 176
COMMAND LEFT START
COMMAND LEFT END
COMMAND RIGHT START
MOVE B22 105
UPGRADE 137
COMMAND RIGHT END
TURN 176 RESULT
TIME LEFT 1 5 RIGHT 0 5
UPGRADE B 137
MOVE B19 26
MOVE B22 206
MOVE B27 26
MOVE B29 26
MOVE B31 26
MOVE B33 26
MOVE B36 26
END TURN 176
TURN 177
COMMAND LEFT START
TRAIN 1
COMMAND LEFT END
COMMAND RIGHT START
TRAIN 1
COMMAND RIGHT END
TURN 177 RESULT
TIME LEFT 8 5 RIGHT 0 5
TRAIN A5 B38
MOVE B19 15
MOVE B22 190
MOVE B27 15
MOVE B29 15
MOVE B31 15
MOVE B33 15
MOVE B36 15
END TURN 177
TURN 178
COMMAND LEFT START
MOVE A3 0
TRAIN 1
COMMAND LEFT END
COMMAND RIGHT START
MOVE B23 137
UPGRADE 96
COMMAND RIGHT END
TURN 178 RESULT
TIME LEFT 6 5 RIGHT 0 5
UPGRADE B 96
TRAIN A6
MOVE A3 3
MOVE B19 9
MOVE B22 174
MOVE B23 207
MOVE B27 9
MOVE B29 9
MOVE B31 9
MOVE B33 9
MOVE B36 9
DAMAGE TURRET B19 1
SIEGE A 9 6
END TURN 178
TURN 179
COMMAND LEFT START
MOVE A5 21
MOVE A6 21
COMMAND LEFT END
COMMAND RIGHT START
UPGRADE 9
TRAIN 1
COMMAND RIGHT END
TURN 179 RESULT
TIME LEFT 2 5 RIGHT 0 5
UPGRADE B 9
TRAIN B39
MOVE A3 0
MOVE A5 3
MOVE A6 3
MOVE B22 164
MOVE B23 197
END TURN 179
TURN 180
COMMAND LEFT START
MOVE A3 21
TRAIN 1
COMMAND LEFT END
COMMAND RIGHT START
MOVE B19 96
MOVE B36 33
MOVE B39 105
MOVE B33 105
MOVE B31 105
MOVE B29 105
COMMAND RIGHT END
TURN 180 RESULT
TIME LEFT 2 5 RIGHT 0 5
TRAIN A7
MOVE A3 3
MOVE A5 13
MOVE A6 13
MOVE B19 13
MOVE B22 149
MOVE B23 189
MOVE B29 15
MOVE B31 15
MOVE B33 15
MOVE B36 13
MOVE B39 206
DAMAGE COMBAT A5 2
DAMAGE COMBAT B19 2
END TURN 180
TURN 181
COMMAND LEFT START
MOVE A7 33
COMMAND LEFT END
COMMAND RIGHT START
UPGRADE 73
COMMAND RIGHT END
TURN 181 RESULT
TIME LEFT 7 5 RIGHT 0 5
UPGRADE B 73
MOVE A3 13
MOVE A7 4
MOVE B22 119
MOVE B23 184
MOVE B29 26
MOVE B31 26
MOVE B33 26
MOVE B39 190
DAMAGE COMBAT A5 2
DAMAGE COMBAT B19 3
END TURN 181
TURN 182
COMMAND LEFT START
MOVE A1 21
COMMAND LEFT END
COMMAND RIGHT START
TRAIN 2
COMMAND RIGHT END
TURN 182 RESULT
TIME LEFT 23 5 RIGHT 0 5
TRAIN B40 B41
MOVE A1 3
MOVE A7 11
MOVE B22 105
MOVE B23 180
MOVE B29 53
MOVE B31 53
MOVE B33 53
MOVE B39 174
DAMAGE COMBAT A3 1
DAMAGE COMBAT B36 2
END TURN 182
TURN 183
COMMAND LEFT START
COMMAND LEFT END
COMMAND RIGHT START
MOVE B24 96
MOVE B25 73
UPGRADE 53
COMMAND RIGHT END
TURN 183 RESULT
TIME LEFT 3 5 RIGHT 0 5
UPGRADE B 53
MOVE A1 13
MOVE A7 19
MOVE B23 166
MOVE B24 206
MOVE B25 206
MOVE B29 62
MOVE B31 62
MOVE B33 62
MOVE B39 164
DAMAGE COMBAT A3 1
DAMAGE COMBAT B36 3
END TURN 183
TURN 184
COMMAND LEFT START
COMMAND LEFT END
COMMAND RIGHT START
TRAIN 1
COMMAND RIGHT END
TURN 184 RESULT
TIME LEFT 8 5 RIGHT 0 5
TRAIN B42
MOVE A7 33
MOVE B23 158
MOVE B24 190
MOVE B25 190
MOVE B29 87
MOVE B31 87
MOVE B33 87
MOVE B39 149
DAMAGE COMBAT A3 1
DAMAGE COMBAT B36 2
END TURN 184
TURN 185
COMMAND LEFT START
UPGRADE 33
COMMAND LEFT END
COMMAND RIGHT START
MOVE B35 53
UPGRADE 9
COMMAND RIGHT END
TURN 185 RESULT
TIME LEFT 3 5 RIGHT 0 5
UPGRADE B 9
UPGRADE A 33
MOVE A1 21
MOVE A3 21
MOVE A6 21
MOVE B23 142
MOVE B24 174
MOVE B25 175
MOVE B29 105
MOVE B31 105
MOVE B33 105
MOVE B35 206
MOVE B39 119
END TURN 185
TURN 186
COMMAND LEFT START
MOVE A3 0
TRAIN 1
COMMAND LEFT END
COMMAND RIGHT START
MOVE B8 9
MOVE B33 33
UPGRADE 137
COMMAND RIGHT END
TURN 186 RESULT
TIME LEFT 2 5 RIGHT 0 5
UPGRADE B 137
TRAIN A8
MOVE A3 13
MOVE B8 87
MOVE B23 139
MOVE B24 164
MOVE B25 167
MOVE B33 90
MOVE B35 190
MOVE B39 105
END TURN 186
TURN 187
COMMAND LEFT START
MOVE A8 96
COMMAND LEFT END
COMMAND RIGHT START
MOVE B12 137
UPGRADE 96
COMMAND RIGHT END
TURN 187 RESULT
TIME LEFT 2 5 RIGHT 0 5
UPGRADE B 96
MOVE A3 3
MOVE A8 4
MOVE B8 62
MOVE B12 104
MOVE B23 137
MOVE B24 149
MOVE B25 160
MOVE B33 69
MOVE B35 175
END TURN 187
TURN 188
COMMAND LEFT START
COMMAND LEFT END
COMMAND RIGHT START
MOVE B22 96
UPGRADE 73
COMMAND RIGHT END
TURN 188 RESULT
TIME LEFT 2 5 RIGHT 0 5
UPGRADE B 73
MOVE A3 0
MOVE A8 20
MOVE B8 53
MOVE B12 110
MOVE B22 104
MOVE B24 136
MOVE B25 133
MOVE B33 57
MOVE B35 153
END TURN 188
TURN 189
COMMAND LEFT START
COMMAND LEFT END
COMMAND RIGHT START
TRAIN 1
COMMAND RIGHT END
TURN 189 RESULT
TIME LEFT 2 5 RIGHT 0 5
TRAIN B43
MOVE A8 35
MOVE B8 26
MOVE B12 118
MOVE B22 96
MOVE B24 123
MOVE B25 121
MOVE B33 43
MOVE B35 141
END TURN 189
TURN 190
COMMAND LEFT START
COMMAND LEFT END
COMMAND RIGHT START
MOVE B37 73
UPGRADE 53
COMMAND RIGHT END
TURN 190 RESULT
TIME LEFT 4 5 RIGHT 0 5
UPGRADE B 53
MOVE A8 57
MOVE B8 15
MOVE B12 116
MOVE B24 104
MOVE B25 108
MOVE B33 33
MOVE B35 120
MOVE B37 206
DAMAGE TURRET B33 1
DAMAGE COMBAT A7 1
DAMAGE COMBAT B33 1
END TURN 190
TURN 191
COMMAND LEFT START
TRAIN 1
COMMAND LEFT END
COMMAND RIGHT START
TRAIN 1
COMMAND RIGHT END
TURN 191 RESULT
TIME LEFT 3 5 RIGHT 0 5
TRAIN A9 B44
MOVE A8 72
MOVE B8 9
MOVE B12 111
MOVE B24 96
MOVE B25 98
MOVE B35 106
MOVE B37 190
DAMAGE TURRET B33 1
DAMAGE COMBAT A7 1
DAMAGE COMBAT B33 1
END TURN 191
TURN 192
COMMAND LEFT START
MOVE A9 21
COMMAND LEFT END
COMMAND RIGHT START
MOVE B38 53
UPGRADE 9
COMMAND RIGHT END
TURN 192 RESULT
TIME LEFT 4 5 RIGHT 0 5
UPGRADE B 9
MOVE A8 96
MOVE A9 3
MOVE B12 112
MOVE B25 85
MOVE B35 93
MOVE B37 175
MOVE B38 206
DAMAGE TURRET A8 2
DAMAGE TURRET B33 1
DAMAGE COMBAT A7 1
DAMAGE COMBAT A8 2
DAMAGE COMBAT B26 1
DAMAGE COMBAT B33 1
END TURN 192
TURN 193
COMMAND LEFT START
COMMAND LEFT END
COMMAND RIGHT START
TRAIN 1
COMMAND RIGHT END
TURN 193 RESULT
TIME LEFT 3 5 RIGHT 0 5
TRAIN B45
MOVE A9 13
MOVE B12 125
MOVE B25 73
MOVE B35 62
MOVE B37 167
MOVE B38 190
DAMAGE TURRET B33 1
DAMAGE COMBAT A7 1
END TURN 193
TURN 194
COMMAND LEFT START
MOVE A6 33
COMMAND LEFT END
COMMAND RIGHT START
MOVE B40 9
TRAIN 1
COMMAND RIGHT END
TURN 194 RESULT
TIME LEFT 5 5 RIGHT 0 5
TRAIN B46
MOVE A6 38
MOVE A9 21
MOVE B12 137
MOVE B35 53
MOVE B37 160
MOVE B38 175
MOVE B40 206
END TURN 194
TURN 195
COMMAND LEFT START
MOVE A9 73
COMMAND LEFT END
COMMAND RIGHT START
MOVE B46 105
TRAIN 3
COMMAND RIGHT END
TURN 195 RESULT
TIME LEFT 3 5 RIGHT 0 5
TRAIN B47 B48 B49
MOVE A6 36
MOVE A9 26
MOVE B37 133
MOVE B38 153
MOVE B40 190
MOVE B46 206
END TURN 195
TURN 196
COMMAND LEFT START
COMMAND LEFT END
COMMAND RIGHT START
MOVE B49 33
MOVE B48 58
MOVE B47 105
TRAIN 1
COMMAND RIGHT END
TURN 196 RESULT
TIME LEFT 1 5 RIGHT 0 5
TRAIN B50
MOVE A6 35
MOVE A9 30
MOVE B37 121
MOVE B38 141
MOVE B40 175
MOVE B46 190
MOVE B47 206
MOVE B48 207
MOVE B49 206
END TURN 196
TURN 197
COMMAND LEFT START
COMMAND LEFT END
COMMAND RIGHT START
MOVE B50 105
TRAIN 3
COMMAND RIGHT END
TURN 197 RESULT
TIME LEFT 1 5 RIGHT 0 5
TRAIN B51 B52 B53
MOVE A6 33
MOVE A9 44
MOVE B37 108
MOVE B38 120
MOVE B40 153
MOVE B46 174
MOVE B47 190
MOVE B48 197
MOVE B49 190
MOVE B50 206
END TURN 197
TURN 198
COMMAND LEFT START
COMMAND LEFT END
COMMAND RIGHT START
MOVE B53 105
MOVE B52 105
MOVE B51 105
TRAIN 3
COMMAND RIGHT END
TURN 198 RESULT
TIME LEFT 1 5 RIGHT 0 5
TRAIN B54 B55 B56
MOVE A9 52
MOVE B37 98
MOVE B38 106
MOVE B40 141
MOVE B46 164
MOVE B47 174
MOVE B48 189
MOVE B49 174
MOVE B50 190
MOVE B51 206
MOVE B52 206
MOVE B53 206
END TURN 198
TURN 199
COMMAND LEFT START
COMMAND LEFT END
COMMAND RIGHT START
MOVE B56 105
MOVE B55 105
MOVE B54 105
TRAIN 3
COMMAND RIGHT END
TURN 199 RESULT
TIME LEFT 2 5 RIGHT 0 5
TRAIN B57 B58 B59
MOVE A9 68
MOVE B37 85
MOVE B38 93
MOVE B40 120
MOVE B46 149
MOVE B47 164
MOVE B48 184
MOVE B49 164
MOVE B50 174
MOVE B51 190
MOVE B52 190
MOVE B53 190
MOVE B54 206
MOVE B55 206
MOVE B56 206
END TURN 199
TURN 200
COMMAND LEFT START
TRAIN 1
COMMAND LEFT END
COMMAND RIGHT START
MOVE B59 105
MOVE B58 105
MOVE B57 105
TRAIN 3
COMMAND RIGHT END
TURN 200 RESULT
TIME LEFT 5 5 RIGHT 0 5
TRAIN A10 B60 B61 B62
MOVE A9 71
MOVE B37 73
MOVE B38 62
MOVE B40 106
MOVE B46 119
MOVE B47 149
MOVE B48 180
MOVE B49 149
MOVE B50 164
MOVE B51 174
MOVE B52 174
MOVE B53 174
MOVE B54 190
MOVE B55 190
MOVE B56 190
MOVE B57 206
MOVE B58 206
MOVE B59 206
END TURN 200
TURN 201
COMMAND LEFT START
MOVE A10 58
COMMAND LEFT END
COMMAND RIGHT START
MOVE B62 105
MOVE B61 105
MOVE B60 105
TRAIN 3
COMMAND RIGHT END
TURN 201 RESULT
TIME LEFT 4 5 RIGHT 0 5
TRAIN B63 B64 B65
MOVE A9 73
MOVE A10 1
MOVE B38 53
MOVE B40 93
MOVE B46 105
MOVE B47 119
MOVE B48 166
MOVE B49 119
MOVE B50 149
MOVE B51 164
MOVE B52 164
MOVE B53 164
MOVE B54 174
MOVE B55 174
MOVE B56 174
MOVE B57 190
MOVE B58 190
MOVE B59 190
MOVE B60 206
MOVE B61 206
MOVE B62 206
DAMAGE TURRET A9 2
DAMAGE COMBAT A9 2
DAMAGE COMBAT B25 1
END TURN 201
TURN 202
COMMAND LEFT START
COMMAND LEFT END
COMMAND RIGHT START
MOVE B65 105
MOVE B64 105
MOVE B63 105
TRAIN 3
COMMAND RIGHT END
TURN 202 RESULT
TIME LEFT 2 5 RIGHT 0 5
TRAIN B66 B67 B68
MOVE A10 5
MOVE B40 62
MOVE B47 105
MOVE B48 158
MOVE B49 105
MOVE B50 119
MOVE B51 149
MOVE B52 149
MOVE B53 149
MOVE B54 164
MOVE B55 164
MOVE B56 164
MOVE B57 174
MOVE B58 174
MOVE B59 174
MOVE B60 190
MOVE B61 190
MOVE B62 190
MOVE B63 206
MOVE B64 206
MOVE B65 206
END TURN 202
TURN 203
COMMAND LEFT START
COMMAND LEFT END
COMMAND RIGHT START
MOVE B68 105
MOVE B67 105
MOVE B66 105
TRAIN 3
COMMAND RIGHT END
TURN 203 RESULT
TIME LEFT 2 5 RIGHT 0 5
TRAIN B69 B70 B71
MOVE A10 16
MOVE B40 53
MOVE B48 142
MOVE B49 90
MOVE B50 105
MOVE B51 119
MOVE B52 119
MOVE B53 119
MOVE B54 149
MOVE B55 149
MOVE B56 149
MOVE B57 164
MOVE B58 164
MOVE B59 164
MOVE B60 174
MOVE B61 174
MOVE B62 174
MOVE B63 190
MOVE B64 190
MOVE B65 190
MOVE B66 206
MOVE B67 206
MOVE B68 206
END TURN 203
TURN 204
COMMAND LEFT START
COMMAND LEFT END
COMMAND RIGHT START
MOVE B50 21
MOVE B47 21
MOVE B46 21
MOVE B39 21
COMMAND RIGHT END
TURN 204 RESULT
TIME LEFT 3 5 RIGHT 0 5
MOVE A10 32
MOVE B39 91
MOVE B40 26
MOVE B46 91
MOVE B47 91
MOVE B48 126
MOVE B49 69
MOVE B50 91
MOVE B51 105
MOVE B52 105
MOVE B53 105
MOVE B54 119
MOVE B55 119
MOVE B56 119
MOVE B57 149
MOVE B58 149
MOVE B59 149
MOVE B60 164
MOVE B61 164
MOVE B62 164
MOVE B63 174
MOVE B64 174
MOVE B65 174
MOVE B66 190
MOVE B67 190
MOVE B68 190
END TURN 204
TURN 205
COMMAND LEFT START
COMMAND LEFT END
COMMAND RIGHT START
MOVE B71 105
MOVE B70 105
MOVE B69 105
TRAIN 3
COMMAND RIGHT END
TURN 205 RESULT
TIME LEFT 3 5 RIGHT 0 5
TRAIN B72 B73 B74
MOVE A10 47
MOVE B39 74
MOVE B40 15
MOVE B46 74
MOVE B47 74
MOVE B48 112
MOVE B49 57
MOVE B50 74
MOVE B54 105
MOVE B55 105
MOVE B56 105
MOVE B57 119
MOVE B58 119
MOVE B59 119
MOVE B60 149
MOVE B61 149
MOVE B62 149
MOVE B63 164
MOVE B64 164
MOVE B65 164
MOVE B66 174
MOVE B67 174
MOVE B68 174
MOVE B69 206
MOVE B70 206
MOVE B71 206
END TURN 205
TURN 206
COMMAND LEFT START
COMMAND LEFT END
COMMAND RIGHT START
MOVE B74 105
MOVE B73 105
MOVE B72 105
TRAIN 3
COMMAND RIGHT END
TURN 206 RESULT
TIME LEFT 2 5 RIGHT 0 5
TRAIN B75 B76 B77
MOVE A10 58
MOVE B39 54
MOVE B40 9
MOVE B46 54
MOVE B47 54
MOVE B48 107
MOVE B49 43
MOVE B50 54
MOVE B57 105
MOVE B58 105
MOVE B59 105
MOVE B60 119
MOVE B61 119
MOVE B62 119
MOVE B63 149
MOVE B64 149
MOVE B65 149
MOVE B66 164
MOVE B67 164
MOVE B68 164
MOVE B69 190
MOVE B70 190
MOVE B71 190
MOVE B72 206
MOVE B73 206
MOVE B74 206
END TURN 206
TURN 207
COMMAND LEFT START
UPGRADE 58
COMMAND LEFT END
COMMAND RIGHT START
MOVE B59 0
MOVE B58 0
MOVE B57 0
MOVE B56 0
MOVE B55 0
MOVE B54 0
MOVE B53 0
MOVE B52 0
MOVE B51 0
COMMAND RIGHT END
TURN 207 RESULT
TIME LEFT 5 5 RIGHT 0 5
UPGRADE A 58
MOVE B39 38
MOVE B46 38
MOVE B47 38
MOVE B48 82
MOVE B49 33
MOVE B50 38
MOVE B51 91
MOVE B52 91
MOVE B53 91
MOVE B54 91
MOVE B55 91
MOVE B56 91
MOVE B57 91
MOVE B58 91
MOVE B59 91
MOVE B60 105
MOVE B61 105
MOVE B62 105
MOVE B63 119
MOVE B64 119
MOVE B65 119
MOVE B66 149
MOVE B67 149
MOVE B68 149
MOVE B69 174
MOVE B70 174
MOVE B71 174
MOVE B72 190
MOVE B73 190
MOVE B74 190
DAMAGE TURRET B49 1
DAMAGE COMBAT A6 1
DAMAGE COMBAT B49 1
END TURN 207
TURN 208
COMMAND LEFT START
MOVE A1 0
UPGRADE 0
TRAIN 1
COMMAND LEFT END
COMMAND RIGHT START
TRAIN 3
COMMAND RIGHT END
TURN 208 RESULT
TIME LEFT 9 5 RIGHT 0 5
UPGRADE A 0
TRAIN A11 B78 B79 B80
MOVE A1 13
MOVE B39 21
MOVE B46 21
MOVE B47 21
MOVE B48 70
MOVE B50 21
MOVE B51 61
MOVE B52 61
MOVE B53 61
MOVE B54 61
MOVE B55 61
MOVE B56 61
MOVE B57 61
MOVE B58 61
MOVE B59 61
MOVE B63 105
MOVE B64 105
MOVE B65 105
MOVE B66 119
MOVE B67 119
MOVE B68 119
MOVE B69 164
MOVE B70 164
MOVE B71 164
MOVE B72 174
MOVE B73 174
MOVE B74 174
DAMAGE TURRET B39 1
DAMAGE TURRET B49 1
DAMAGE COMBAT A6 1
DAMAGE COMBAT B49 1
SIEGE A 21 4
END TURN 208
TURN 209
COMMAND LEFT START
TRAIN 1
COMMAND LEFT END
COMMAND RIGHT START
TRAIN 3
COMMAND RIGHT END
TURN 209 RESULT
TIME LEFT 6 5 RIGHT 0 5
TRAIN A12 B81 B82 B83
MOVE A1 3
MOVE B48 58
MOVE B51 46
MOVE B52 46
MOVE B53 46
MOVE B54 46
MOVE B55 46
MOVE B56 46
MOVE B57 46
MOVE B58 46
MOVE B59 46
MOVE B66 105
MOVE B67 105
MOVE B68 105
MOVE B69 149
MOVE B70 149
MOVE B71 149
MOVE B72 164
MOVE B73 164
MOVE B74 164
DAMAGE TURRET B39 1
DAMAGE TURRET B48 1
DAMAGE TURRET B49 1
DAMAGE COMBAT A6 1
DAMAGE COMBAT A10 1
DAMAGE COMBAT B48 1
DAMAGE COMBAT B49 1
SIEGE A 21 2
END TURN 209
TURN 210
COMMAND LEFT START
COMMAND LEFT END
COMMAND RIGHT START
UPGRADE 21
TRAIN 3
COMMAND RIGHT END
TURN 210 RESULT
TIME LEFT 10 5 RIGHT 0 5
UPGRADE B 21
TRAIN B84 B85 B86
MOVE A1 0
MOVE B51 36
MOVE B52 36
MOVE B53 36
MOVE B54 36
MOVE B55 36
MOVE B56 36
MOVE B57 36
MOVE B58 36
MOVE B59 36
MOVE B69 119
MOVE B70 119
MOVE B71 119
MOVE B72 149
MOVE B73 149
MOVE B74 149
DAMAGE TURRET B48 1
DAMAGE TURRET B49 1
DAMAGE COMBAT A6 1
DAMAGE COMBAT A10 1
DAMAGE COMBAT B48 1
DAMAGE COMBAT B49 1
END TURN 210
TURN 211
COMMAND LEFT START
MOVE A12 33
COMMAND LEFT END
COMMAND RIGHT START
MOVE B68 33
MOVE B67 33
MOVE B66 33
MOVE B65 33
MOVE B64 33
MOVE B63 33
MOVE B62 33
MOVE B61 33
MOVE B60 33
COMMAND RIGHT END
TURN 211 RESULT
TIME LEFT 5 5 RIGHT 0 5
MOVE A12 4
MOVE B51 20
MOVE B52 20
MOVE B53 20
MOVE B54 20
MOVE B55 20
MOVE B56 20
MOVE B57 20
MOVE B58 20
MOVE B59 20
MOVE B60 90
MOVE B61 90
MOVE B62 90
MOVE B63 90
MOVE B64 90
MOVE B65 90
MOVE B66 90
MOVE B67 90
MOVE B68 90
MOVE B69 105
MOVE B70 105
MOVE B71 105
MOVE B72 119
MOVE B73 119
MOVE B74 119
DAMAGE TURRET B48 1
DAMAGE COMBAT A10 1
DAMAGE COMBAT B48 1
END TURN 211
TURN 212
COMMAND LEFT START
TRAIN 1
COMMAND LEFT END
COMMAND RIGHT START
MOVE B86 105
MOVE B85 105
MOVE B84 105
MOVE B83 105
MOVE B82 105
UPGRADE 21
TRAIN 3
COMMAND RIGHT END
TURN 212 RESULT
TIME LEFT 17 5 RIGHT 0 5
UPGRADE B 21
TRAIN A13 B87 B88 B89
MOVE A12 11
MOVE B51 4
MOVE B52 4
MOVE B53 4
MOVE B54 4
MOVE B55 4
MOVE B56 4
MOVE B57 4
MOVE B58 4
MOVE B59 4
MOVE B60 69
MOVE B61 69
MOVE B62 69
MOVE B63 69
MOVE B64 69
MOVE B65 69
MOVE B66 69
MOVE B67 69
MOVE B68 69
MOVE B72 105
MOVE B73 105
MOVE B74 105
MOVE B82 206
MOVE B83 206
MOVE B84 206
MOVE B85 206
MOVE B86 206
DAMAGE TURRET B48 1
DAMAGE COMBAT A10 1
DAMAGE COMBAT B48 1
END TURN 212
TURN 213
COMMAND LEFT START
TRAIN 1
COMMAND LEFT END
COMMAND RIGHT START
MOVE B74 58
UPGRADE 21
TRAIN 3
COMMAND RIGHT END
TURN 213 RESULT
TIME LEFT 14 5 RIGHT 0 5
UPGRADE B 21
TRAIN A14 B90 B91 B92
MOVE A12 19
MOVE B51 0
MOVE B52 0
MOVE B53 0
MOVE B54 0
MOVE B55 0
MOVE B56 0
MOVE B57 0
MOVE B58 0
MOVE B59 0
MOVE B60 57
MOVE B61 57
MOVE B62 57
MOVE B63 57
MOVE B64 57
MOVE B65 57
MOVE B66 57
MOVE B67 57
MOVE B68 57
MOVE B74 104
MOVE B82 190
MOVE B83 190
MOVE B84 190
MOVE B85 190
MOVE B86 190
DAMAGE TURRET B51 2
DAMAGE COMBAT A1 4
DAMAGE COMBAT A3 1
DAMAGE COMBAT A11 4
DAMAGE COMBAT B51 5
END TURN 213
TURN 214
COMMAND LEFT START
TRAIN 1
COMMAND LEFT END
COMMAND RIGHT START
MOVE B92 105
TRAIN 3
COMMAND RIGHT END
TURN 214 RESULT
TIME LEFT 6 5 RIGHT 0 5
TRAIN A15 B93 B94 B95
MOVE A12 33
MOVE B60 43
MOVE B61 43
MOVE B62 43
MOVE B63 43
MOVE B64 43
MOVE B65 43
MOVE B66 43
MOVE B67 43
MOVE B68 43
MOVE B74 96
MOVE B82 174
MOVE B83 174
MOVE B84 174
MOVE B85 174
MOVE B86 174
MOVE B92 206
DAMAGE TURRET B51 1
DAMAGE TURRET B52 1
DAMAGE COMBAT A11 1
DAMAGE COMBAT A13 5
DAMAGE COMBAT A14 3
DAMAGE COMBAT B52 4
END TURN 214
TURN 215
COMMAND LEFT START
MOVE A12 58
TRAIN 1
COMMAND LEFT END
COMMAND RIGHT START
TRAIN 3
COMMAND RIGHT END
TURN 215 RESULT
TIME LEFT 19 5 RIGHT 0 5
TRAIN A16 B96 B97 B98
MOVE A12 42
MOVE B60 33
MOVE B61 33
MOVE B62 33
MOVE B63 33
MOVE B64 33
MOVE B65 33
MOVE B66 33
MOVE B67 33
MOVE B68 33
MOVE B74 97
MOVE B82 164
MOVE B83 164
MOVE B84 164
MOVE B85 164
MOVE B86 164
MOVE B92 190
DAMAGE TURRET B52 2
DAMAGE TURRET B60 1
DAMAGE COMBAT A14 2
DAMAGE COMBAT A15 5
DAMAGE COMBAT A16 1
DAMAGE COMBAT B52 1
DAMAGE COMBAT B53 2
SIEGE A 33 6
END TURN 215
TURN 216
COMMAND LEFT START
TRAIN 1
COMMAND LEFT END
COMMAND RIGHT START
UPGRADE 33
TRAIN 3
COMMAND RIGHT END
TURN 216 RESULT
TIME LEFT 9 5 RIGHT 0 5
UPGRADE B 33
TRAIN A17 B99 B100 B101
MOVE A12 41
MOVE B74 89
MOVE B82 149
MOVE B83 149
MOVE B84 149
MOVE B85 149
MOVE B86 149
MOVE B92 174
DAMAGE TURRET B53 2
DAMAGE COMBAT A16 4
DAMAGE COMBAT A17 3
DAMAGE COMBAT B53 2
END TURN 216
TURN 217
COMMAND LEFT START
TRAIN 1
COMMAND LEFT END
COMMAND RIGHT START
UPGRADE 33
TRAIN 3
COMMAND RIGHT END
TURN 217 RESULT
TIME LEFT 16 5 RIGHT 0 5
UPGRADE B 33
TRAIN A18 B102 B103 B104
MOVE A12 39
MOVE B74 81
MOVE B82 119
MOVE B83 119
MOVE B84 119
MOVE B85 119
MOVE B86 119
MOVE B92 164
DAMAGE TURRET B53 2
DAMAGE COMBAT A17 2
DAMAGE COMBAT A18 5
DAMAGE COMBAT B54 2
END TURN 217
TURN 218
COMMAND LEFT START
TRAIN 1
COMMAND LEFT END
COMMAND RIGHT START
MOVE B54 9
MOVE B55 9
MOVE B56 9
MOVE B57 9
MOVE B58 9
MOVE B59 9
MOVE B50 105
MOVE B68 105
MOVE B67 105
MOVE B66 105
MOVE B65 105
MOVE B64 105
MOVE B63 105
MOVE B104 105
MOVE B103 105
MOVE B102 105
MOVE B101 105
UPGRADE 33
TRAIN 3
COMMAND RIGHT END
TURN 218 RESULT
TIME LEFT 17 5 RIGHT 0 5
UPGRADE B 33
TRAIN A19 B105 B106 B107
MOVE A12 47
MOVE B50 38
MOVE B54 3
MOVE B55 3
MOVE B56 3
MOVE B57 3
MOVE B58 3
MOVE B59 3
MOVE B63 43
MOVE B64 43
MOVE B65 43
MOVE B66 43
MOVE B67 43
MOVE B68 43
MOVE B74 66
MOVE B82 105
MOVE B83 105
MOVE B84 105
MOVE B85 105
MOVE B86 105
MOVE B92 149
MOVE B101 206
MOVE B102 206
MOVE B103 206
MOVE B104 206
END TURN 218
TURN 219
COMMAND LEFT START
TRAIN 1
COMMAND LEFT END
COMMAND RIGHT START
MOVE B86 0
MOVE B85 0
MOVE B84 0
MOVE B83 0
MOVE B82 0
MOVE B73 0
MOVE B72 0
MOVE B71 0
MOVE B70 0
MOVE B69 0
COMMAND RIGHT END
TURN 219 RESULT
TIME LEFT 6 5 RIGHT 0 5
TRAIN A20
MOVE A12 58
MOVE B50 54
MOVE B54 9
MOVE B55 9
MOVE B56 9
MOVE B57 9
MOVE B58 9
MOVE B59 9
MOVE B63 57
MOVE B64 57
MOVE B65 57
MOVE B66 57
MOVE B67 57
MOVE B68 57
MOVE B69 91
MOVE B70 91
MOVE B71 91
MOVE B72 91
MOVE B73 91
MOVE B74 58
MOVE B82 91
MOVE B83 91
MOVE B84 91
MOVE B85 91
MOVE B86 91
MOVE B92 119
MOVE B101 190
MOVE B102 190
MOVE B103 190
MOVE B104 190
DAMAGE TURRET B74 1
DAMAGE COMBAT A12 1
DAMAGE COMBAT B74 1
END TURN 219
TURN 220
COMMAND LEFT START
MOVE A20 137
COMMAND LEFT END
COMMAND RIGHT START
TRAIN 3
COMMAND RIGHT END
TURN 220 RESULT
TIME LEFT 3 5 RIGHT 0 5
TRAIN B108 B109 B110
MOVE A20 4
MOVE B50 74
MOVE B63 69
MOVE B64 69
MOVE B65 69
MOVE B66 69
MOVE B67 69
MOVE B68 69
MOVE B69 61
MOVE B70 61
MOVE B71 61
MOVE B72 61
MOVE B73 61
MOVE B82 61
MOVE B83 61
MOVE B84 61
MOVE B85 61
MOVE B86 61
MOVE B92 105
MOVE B101 174
MOVE B102 174
MOVE B103 174
MOVE B104 174
DAMAGE TURRET B74 1
DAMAGE COMBAT A12 1
DAMAGE COMBAT B74 1
END TURN 220
TURN 221
COMMAND LEFT START
COMMAND LEFT END
COMMAND RIGHT START
TRAIN 3
COMMAND RIGHT END
TURN 221 RESULT
TIME LEFT 14 5 RIGHT 0 5
TRAIN B111 B112 B113
MOVE A20 20
MOVE B50 91
MOVE B63 90
MOVE B64 90
MOVE B65 90
MOVE B66 90
MOVE B67 90
MOVE B68 90
MOVE B69 46
MOVE B70 46
MOVE B71 46
MOVE B72 46
MOVE B73 46
MOVE B82 46
MOVE B83 46
MOVE B84 46
MOVE B85 46
MOVE B86 46
MOVE B101 164
MOVE B102 164
MOVE B103 164
MOVE B104 164
DAMAGE TURRET B74 1
DAMAGE COMBAT A12 1
DAMAGE COMBAT B74 1
END TURN 221
TURN 222
COMMAND LEFT START
COMMAND LEFT END
COMMAND RIGHT START
TRAIN 3
COMMAND RIGHT END
TURN 222 RESULT
TIME LEFT 5 5 RIGHT 0 5
TRAIN B114 B115 B116
MOVE A20 35
MOVE B50 105
MOVE B63 105
MOVE B64 105
MOVE B65 105
MOVE B66 105
MOVE B67 105
MOVE B68 105
MOVE B69 36
MOVE B70 36
MOVE B71 36
MOVE B72 36
MOVE B73 36
MOVE B82 36
MOVE B83 36
MOVE B84 36
MOVE B85 36
MOVE B86 36
MOVE B101 149
MOVE B102 149
MOVE B103 149
MOVE B104 149
DAMAGE TURRET B74 1
DAMAGE COMBAT A12 1
DAMAGE COMBAT B74 1
END TURN 222
TURN 223
COMMAND LEFT START
TRAIN 1
COMMAND LEFT END
COMMAND RIGHT START
MOVE B92 58
TRAIN 3
COMMAND RIGHT END
TURN 223 RESULT
TIME LEFT 14 5 RIGHT 0 5
TRAIN A21 B117 B118 B119
MOVE A20 43
MOVE B69 20
MOVE B70 20
MOVE B71 20
MOVE B72 20
MOVE B73 20
MOVE B82 20
MOVE B83 20
MOVE B84 20
MOVE B85 20
MOVE B86 20
MOVE B92 104
MOVE B101 119
MOVE B102 119
MOVE B103 119
MOVE B104 119
END TURN 223
TURN 224
COMMAND LEFT START
TRAIN 1
COMMAND LEFT END
COMMAND RIGHT START
TRAIN 3
COMMAND RIGHT END
TURN 224 RESULT
TIME LEFT 9 5 RIGHT 0 5
TRAIN A22 B120 B121 B122
MOVE A20 50
MOVE B69 4
MOVE B70 4
MOVE B71 4
MOVE B72 4
MOVE B73 4
MOVE B82 4
MOVE B83 4
MOVE B84 4
MOVE B85 4
MOVE B86 4
MOVE B92 96
MOVE B101 105
MOVE B102 105
MOVE B103 105
MOVE B104 105
END TURN 224
TURN 225
COMMAND LEFT START
TRAIN 1
COMMAND LEFT END
COMMAND RIGHT START
TRAIN 3
COMMAND RIGHT END
TURN 225 RESULT
TIME LEFT 12 5 RIGHT 0 5
TRAIN A23 B123 B124 B125
MOVE A20 77
MOVE B69 0
MOVE B70 0
MOVE B71 0
MOVE B72 0
MOVE B73 0
MOVE B82 0
MOVE B83 0
MOVE B84 0
MOVE B85 0
MOVE B86 0
MOVE B92 97
DAMAGE TURRET B69 2
DAMAGE COMBAT A19 5
DAMAGE COMBAT A21 5
DAMAGE COMBAT B69 4
END TURN 225
TURN 226
COMMAND LEFT START
TRAIN 1
COMMAND LEFT END
COMMAND RIGHT START
TRAIN 3
COMMAND RIGHT END
TURN 226 RESULT
TIME LEFT 8 5 RIGHT 0 5
TRAIN A24 B126 B127 B128
MOVE A20 89
MOVE B92 89
DAMAGE TURRET B69 2
DAMAGE COMBAT A20 1
DAMAGE COMBAT A22 5
DAMAGE COMBAT A23 5
DAMAGE COMBAT B70 3
DAMAGE COMBAT B92 1
END TURN 226
TURN 227
COMMAND LEFT START
TRAIN 1
COMMAND LEFT END
COMMAND RIGHT START
TRAIN 3
COMMAND RIGHT END
TURN 227 RESULT
TIME LEFT 9 5 RIGHT 0 5
TRAIN A25 B129 B130 B131
DAMAGE TURRET B70 2
DAMAGE COMBAT A20 1
DAMAGE COMBAT A24 5
DAMAGE COMBAT A25 4
DAMAGE COMBAT B70 2
DAMAGE COMBAT B92 1
END TURN 227
TURN 228
COMMAND LEFT START
TRAIN 1
COMMAND LEFT END
COMMAND RIGHT START
TRAIN 3
COMMAND RIGHT END
TURN 228 RESULT
TIME LEFT 7 5 RIGHT 0 5
TRAIN A26 B132 B133 B134
DAMAGE TURRET B70 1
DAMAGE TURRET B71 1
DAMAGE COMBAT A20 1
DAMAGE COMBAT A25 1
DAMAGE COMBAT A26 5
DAMAGE COMBAT B71 2
DAMAGE COMBAT B92 1
SIEGE A 0 3
END TURN 228
TURN 229
COMMAND LEFT START
TRAIN 1
COMMAND LEFT END
COMMAND RIGHT START
TRAIN 3
COMMAND RIGHT END
TURN 229 RESULT
TIME LEFT 6 5 RIGHT 0 5
TRAIN A27 B135 B136 B137
DAMAGE TURRET B71 2
DAMAGE COMBAT A20 1
DAMAGE COMBAT A27 5
DAMAGE COMBAT B71 1
DAMAGE COMBAT B92 1
SIEGE A 0 3
END TURN 229
TURN 230
COMMAND LEFT START
TRAIN 1
COMMAND LEFT END
COMMAND RIGHT START
TRAIN 3
COMMAND RIGHT END
TURN 230 RESULT
TIME LEFT 16 5 RIGHT 0 5
TRAIN A28 B138 B139 B140
DAMAGE TURRET B71 2
DAMAGE COMBAT A20 1
DAMAGE COMBAT A28 5
DAMAGE COMBAT B72 1
DAMAGE COMBAT B92 1
SIEGE A 0 3
END TURN 230
TURN 231
COMMAND LEFT START
TRAIN 1
COMMAND LEFT END
COMMAND RIGHT START
TRAIN 3
COMMAND RIGHT END
TURN 231 RESULT
TIME LEFT 12 5 RIGHT 0 5
TRAIN A29 B141 B142 B143
MOVE B92 81
DAMAGE TURRET B72 2
DAMAGE COMBAT A29 5
DAMAGE COMBAT B72 1
SIEGE A 0 2
END TURN 231
TURN 232
COMMAND LEFT START
TRAIN 1
COMMAND LEFT END
COMMAND RIGHT START
TRAIN 3
COMMAND RIGHT END
TURN 232 RESULT
TIME LEFT 5 5 RIGHT 0 5
TRAIN A30 B144 B145 B146
MOVE B92 66
DAMAGE TURRET B72 2
DAMAGE COMBAT A30 5
DAMAGE COMBAT B72 1
SIEGE A 0 2
END TURN 232
TURN 233
COMMAND LEFT START
TRAIN 1
COMMAND LEFT END
COMMAND RIGHT START
TRAIN 3
COMMAND RIGHT END
TURN 233 RESULT
TIME LEFT 5 5 RIGHT 0 5
TRAIN A31 B147 B148 B149
MOVE B92 58
DAMAGE TURRET B72 1
DAMAGE TURRET B73 1
DAMAGE TURRET B92 1
DAMAGE COMBAT A12 1
DAMAGE COMBAT A31 5
DAMAGE COMBAT B73 1
DAMAGE COMBAT B92 1
SIEGE A 0 2
END TURN 233
RESULT RIGHT_WIN HQ_DESTROYED
