[LEFT ""]
[RIGHT ""]
MAP
231 17
-11025 -10881 -11001 -9242 -9568 -8709 -9063 -9905 -9630 -8619 -8420 -9475 -9281 -8091 -7700 -7580 -7598 -7477 -7453 -7847 -7074 -7090 -6856 -7803 -6924 -6742 -6546 -6617 -6427 -6766 -5956 -6823 -6022 -7154 -5913 -6056 -5976 -5696 -5692 -5418 -5212 -5136 -5807 -5077 -5890 -4942 -5037 -4883 -4703 -4859 -4797 -4643 -4597 -4246 -4567 -4399 -4048 -4032 -3864 -3795 -3815 -3738 -3681 -3765 -3583 -3556 -3383 -3380 -3374 -3204 -2990 -3136 -2871 -2914 -2601 -2800 -2646 -2638 -2987 -2909 -2504 -2326 -2443 -2339 -2176 -2053 -1798 -2060 -1923 -1726 -1663 -1604 -1443 -1374 -1414 -1171 -1419 -1336 -1221 -1199 -1099 -1009 -1020 -951 -909 -592 -580 -269 -376 -375 -157 -315 -142 161 -83 0 83 -161 142 315 157 375 376 269 580 592 909 951 1020 1009 1099 1199 1221 1336 1419 1171 1414 1374 1443 1604 1663 1726 1923 2060 1798 2053 2176 2339 2443 2326 2504 2909 2987 2638 2646 2800 2601 2914 2871 3136 2990 3204 3374 3380 3383 3556 3583 3765 3681 3738 3815 3795 3864 4032 4048 4399 4567 4246 4597 4643 4797 4859 4703 4883 5037 4942 5890 5077 5807 5136 5212 5418 5692 5696 5976 6056 5913 7154 6022 6823 5956 6766 6427 6617 6546 6742 6924 7803 6856 7090 7074 7847 7453 7477 7598 7580 7700 8091 9281 9475 8420 8619 9630 9905 9063 8709 9568 9242 11001 10881 11025
-218 -2220 1874 445 2608 1385 -3116 -4359 3791 -414 -1804 5909 -6007 754 2311 3467 5059 -685 -3472 -6381 515 -4631 1786 7415 -2605 4950 3587 -1628 5964 -6751 -5489 8464 -4154 -8257 4688 -541 883 2885 -2358 6140 -1452 2057 9397 3922 -9573 650 -6274 -4117 -530 -2824 -7766 5241 7281 -6824 9921 -9974 4195 -1697 6375 -7720 1384 -3261 171 -5517 2806 -4611 4984 -6474 9175 7691 -2078 -931 -7771 -8667 19 5849 4120 -3833 -10604 10743 -7011 -6015 1423 6982 -2786 -4963 -1296 2631 8435 5417 -7926 -9033 -6811 7546 691 -3111 3483 10809 6574 1785 4536 -308 -11191 -4338 -5980 8198 -8138 2514 10167 -9096 3600 5924 -4968 1457 -7116 0 7116 -1457 4968 -5924 -3600 9096 -10167 -2514 8138 -8198 5980 4338 11191 308 -4536 -1785 -6574 -10809 -3483 3111 -691 -7546 6811 9033 7926 -5417 -8435 -2631 1296 4963 2786 -6982 -1423 6015 7011 -10743 10604 3833 -4120 -5849 -19 8667 7771 931 2078 -7691 -9175 6474 -4984 4611 -2806 5517 -171 3261 -1384 7720 -6375 1697 -4195 9974 -9921 6824 -7281 -5241 7766 2824 530 4117 6274 -650 9573 -3922 -9397 -2057 1452 -6140 2358 -2885 -883 541 -4688 8257 4154 -8464 5489 6751 -5964 1628 -3587 -4950 2605 -7415 -1786 4631 -515 6381 3472 685 -5059 -3467 -2311 -754 6007 -5909 1804 414 -3791 4359 3116 -1385 -2608 -445 -1874 2220 218
STRONGHOLDS 7 8 25 39 48 72 98 109 115 121 132 158 182 191 205 222 223
4 1 2 3 9
5 0 6 7 9 10
5 0 3 4 5 8
5 0 2 5 9 13
5 2 5 8 14 15
5 2 3 4 13 14
4 1 7 10 18
5 1 6 12 18 21
5 2 4 11 15 16
6 0 1 3 10 13 17
7 1 6 9 17 18 24 27
3 8 16 23
4 7 19 21 33
7 3 5 9 14 17 20 22
6 4 5 13 15 22 26
6 4 8 14 16 25 26
6 8 11 15 23 25 28
6 9 10 13 20 27 35
6 6 7 10 21 24 32
4 12 21 29 33
5 13 17 22 35 36
7 7 12 18 19 29 30 32
7 13 14 20 26 36 37 41
4 11 16 28 31
5 10 18 27 32 38
5 15 16 26 28 34
7 14 15 22 25 34 37 43
6 10 17 24 35 38 40
6 16 23 25 31 34 39
6 19 21 30 33 46 50
5 21 29 32 46 47
5 23 28 39 42 52
7 18 21 24 30 38 47 49
5 12 19 29 44 50
6 25 26 28 39 43 51
7 17 20 27 36 40 45 48
5 20 22 35 41 45
4 22 26 41 43
5 24 27 32 40 49
6 28 31 34 51 52 58
6 27 35 38 48 49 57
7 22 36 37 43 45 60 64
3 31 52 54
7 26 34 37 41 51 56 64
3 33 50 55
6 35 36 41 48 60 62
6 29 30 47 50 53 63
7 30 32 46 49 61 63 65
6 35 40 45 57 62 71
6 32 38 40 47 57 61
7 29 33 44 46 53 55 59
6 34 39 43 56 58 66
7 31 39 42 54 58 68 69
5 46 50 59 63 67
4 42 52 68 79
5 44 50 59 73 78
5 43 51 64 66 76
6 40 48 49 61 70 71
7 39 51 52 66 69 75 83
6 50 53 55 67 72 73
5 41 45 62 64 82
7 47 49 57 65 70 77 84
6 45 48 60 71 74 82
7 46 47 53 65 67 81 85
7 41 43 56 60 76 82 87
5 47 61 63 77 85
6 51 56 58 75 76 89
6 53 59 63 72 80 81
5 52 54 69 79 88
5 52 58 68 83 88
5 57 61 71 84 86
6 48 57 62 70 74 86
5 59 67 73 80 90
6 55 59 72 78 90 91
6 62 71 82 86 94 101
4 58 66 83 89
7 56 64 66 87 89 96 100
6 61 65 84 85 95 103
4 55 73 91 102
4 54 68 88 97
5 67 72 81 90 92
6 63 67 80 85 92 104
7 60 62 64 74 87 94 99
7 58 69 75 88 89 93 98
5 61 70 77 86 95
6 63 65 77 81 103 104
7 70 71 74 84 95 101 117
5 64 76 82 96 99
8 68 69 79 83 93 97 105 108
7 66 75 76 83 98 100 111
6 72 73 80 91 92 106
6 73 78 90 102 106 109
6 80 81 90 104 106 114
5 83 88 98 105 116
6 74 82 99 101 113 115
7 77 84 86 103 117 120 123
6 76 87 99 100 107 110
4 79 88 108 128
5 83 89 93 111 116
6 82 87 94 96 107 113
6 76 89 96 110 111 118
5 74 86 94 115 117
5 78 91 109 122 133
6 77 85 95 104 112 120
7 81 85 92 103 112 114 119
6 88 93 108 116 121 124
6 90 91 92 109 114 125
5 96 99 110 113 135
5 88 97 105 121 128
5 91 102 106 122 125
6 96 100 107 118 127 135
6 89 98 100 116 118 126
5 103 104 119 120 130
7 94 99 107 115 129 135 144
7 92 104 106 119 125 132 137
6 94 101 113 117 129 136
7 93 98 105 111 124 126 138
7 86 95 101 115 123 131 136
5 100 110 111 126 127
6 104 112 114 130 132 141
6 95 103 112 123 130 134
5 105 108 124 128 139
5 102 109 125 133 142
5 95 117 120 131 134
6 105 116 121 138 139 140
6 106 109 114 122 137 142
7 111 116 118 127 138 145 149
6 110 118 126 135 145 153
5 97 108 121 139 152
5 113 115 136 144 156
6 112 119 120 134 141 154
6 117 123 134 136 143 148
5 114 119 137 141 147
4 102 122 142 151
6 120 123 130 131 143 154
7 107 110 113 127 144 146 153
6 115 117 129 131 148 156
5 114 125 132 142 147
6 116 124 126 140 149 150
6 121 124 128 140 152 157
6 124 138 139 150 157 158
7 119 130 132 147 154 155 164
8 122 125 133 137 147 151 161 162
5 131 134 148 154 166
7 113 129 135 146 156 159 160
6 126 127 149 153 165 167
5 135 144 153 160 169
7 132 137 141 142 155 161 172
7 131 136 143 156 166 168 170
6 126 138 145 150 163 167
5 138 140 149 158 163
4 133 142 162 176
4 128 139 157 175
6 127 135 145 146 165 169
7 130 134 141 143 164 166 174
4 141 147 164 172
6 129 136 144 148 159 168
6 139 140 152 158 171 175
5 140 150 157 163 171
6 144 156 160 168 173 182
5 144 146 159 169 173
5 142 147 162 172 178
5 142 151 161 176 178
6 149 150 158 167 171 177
6 141 154 155 172 174 179
5 145 153 167 169 183
7 143 148 154 170 174 187 189
7 145 149 163 165 177 183 184
6 148 156 159 170 182 185
7 146 153 160 165 173 181 183
5 148 166 168 185 189
6 157 158 163 175 177 180
7 147 155 161 164 178 179 191
6 159 160 169 181 182 190
5 154 164 166 179 187
5 152 157 171 180 186
4 151 162 178 188
5 163 167 171 180 184
7 161 162 172 176 188 191 199
6 164 172 174 187 191 196
7 171 175 177 184 186 197 201
6 169 173 183 190 192 198
6 159 168 173 185 190 195
7 165 167 169 181 184 198 200
6 167 177 180 183 200 201
6 168 170 182 189 194 195
3 175 180 197
7 166 174 179 189 193 196 204
3 176 178 199
7 166 170 185 187 193 194 208
6 173 181 182 192 195 203
6 172 178 179 196 199 202
5 181 190 198 203 206
4 187 189 204 208
5 185 189 195 208 210
7 182 185 190 194 203 210 213
6 179 187 191 202 204 205
5 180 186 201 211 218
7 181 183 192 200 206 209 212
5 178 188 191 202 207
5 183 184 198 201 209
6 180 184 197 200 209 211
6 191 196 199 205 207 214
6 190 192 195 206 213 220
7 187 193 196 205 208 215 216
5 196 202 204 214 215
5 192 198 203 212 220
4 199 202 214 219
7 189 193 194 204 210 216 217
7 198 200 201 211 212 218 223
5 194 195 208 213 217
4 197 201 209 218
6 198 206 209 220 223 224
6 195 203 210 217 220 221
6 202 205 207 215 219 222
6 204 205 214 216 222 226
6 204 208 215 217 225 226
7 208 210 213 216 221 225 227
4 197 209 211 223
3 207 214 222
7 203 206 212 213 221 224 229
6 213 217 220 227 229 230
5 214 215 219 226 228
5 209 212 218 224 229
4 212 220 223 229
5 216 217 226 227 228
5 215 216 222 225 228
5 217 221 225 228 230
5 222 225 226 227 230
5 220 221 223 224 230
4 221 227 228 229
END MAP
TURN 1
COMMAND LEFT START
UPGRADE 0
COMMAND LEFT END
COMMAND RIGHT START
MOVE B1 223
MOVE B2 115
COMMAND RIGHT END
TURN 1 RESULT
TIME LEFT 44 5 RIGHT 1 5
UPGRADE A 0
MOVE B1 229
MOVE B2 221
END TURN 1
TURN 2
COMMAND LEFT START
MOVE A3 7
COMMAND LEFT END
COMMAND RIGHT START
COMMAND RIGHT END
TURN 2 RESULT
TIME LEFT 0 5 RIGHT 0 5
MOVE A3 1
MOVE B1 223
MOVE B2 213
END TURN 2
TURN 3
COMMAND LEFT START
COMMAND LEFT END
COMMAND RIGHT START
UPGRADE 223
COMMAND RIGHT END
TURN 3 RESULT
TIME LEFT 0 5 RIGHT 0 5
UPGRADE B 223
MOVE A3 7
MOVE B2 195
END TURN 3
TURN 4
COMMAND LEFT START
COMMAND LEFT END
COMMAND RIGHT START
COMMAND RIGHT END
TURN 4 RESULT
TIME LEFT 0 5 RIGHT 0 5
MOVE B2 182
END TURN 4
TURN 5
COMMAND LEFT START
COMMAND LEFT END
COMMAND RIGHT START
COMMAND RIGHT END
TURN 5 RESULT
TIME LEFT 0 5 RIGHT 0 5
MOVE B2 168
END TURN 5
TURN 6
COMMAND LEFT START
COMMAND LEFT END
COMMAND RIGHT START
COMMAND RIGHT END
TURN 6 RESULT
TIME LEFT 0 5 RIGHT 0 5
MOVE B2 156
END TURN 6
TURN 7
COMMAND LEFT START
COMMAND LEFT END
COMMAND RIGHT START
COMMAND RIGHT END
TURN 7 RESULT
TIME LEFT 0 5 RIGHT 0 5
MOVE B2 129
END TURN 7
TURN 8
COMMAND LEFT START
COMMAND LEFT END
COMMAND RIGHT START
COMMAND RIGHT END
TURN 8 RESULT
TIME LEFT 0 5 RIGHT 0 5
MOVE B2 115
END TURN 8
TURN 9
COMMAND LEFT START
COMMAND LEFT END
COMMAND RIGHT START
COMMAND RIGHT END
TURN 9 RESULT
TIME LEFT 0 5 RIGHT 0 5
END TURN 9
TURN 10
COMMAND LEFT START
COMMAND LEFT END
COMMAND RIGHT START
COMMAND RIGHT END
TURN 10 RESULT
TIME LEFT 0 5 RIGHT 0 5
END TURN 10
TURN 11
COMMAND LEFT START
COMMAND LEFT END
COMMAND RIGHT START
COMMAND RIGHT END
TURN 11 RESULT
TIME LEFT 0 5 RIGHT 0 5
END TURN 11
TURN 12
COMMAND LEFT START
COMMAND LEFT END
COMMAND RIGHT START
COMMAND RIGHT END
TURN 12 RESULT
TIME LEFT 0 5 RIGHT 0 5
END TURN 12
TURN 13
COMMAND LEFT START
COMMAND LEFT END
COMMAND RIGHT START
COMMAND RIGHT END
TURN 13 RESULT
TIME LEFT 0 5 RIGHT 0 5
END TURN 13
TURN 14
COMMAND LEFT START
COMMAND LEFT END
COMMAND RIGHT START
UPGRADE 115
COMMAND RIGHT END
TURN 14 RESULT
TIME LEFT 0 5 RIGHT 0 5
UPGRADE B 115
END TURN 14
TURN 15
COMMAND LEFT START
COMMAND LEFT END
COMMAND RIGHT START
COMMAND RIGHT END
TURN 15 RESULT
TIME LEFT 0 5 RIGHT 0 5
END TURN 15
TURN 16
COMMAND LEFT START
UPGRADE 7
COMMAND LEFT END
COMMAND RIGHT START
COMMAND RIGHT END
TURN 16 RESULT
TIME LEFT 0 5 RIGHT 0 5
UPGRADE A 7
END TURN 16
TURN 17
COMMAND LEFT START
COMMAND LEFT END
COMMAND RIGHT START
TRAIN 1
COMMAND RIGHT END
TURN 17 RESULT
TIME LEFT 0 5 RIGHT 0 5
TRAIN B4
END TURN 17
TURN 18
COMMAND LEFT START
COMMAND LEFT END
COMMAND RIGHT START
COMMAND RIGHT END
TURN 18 RESULT
TIME LEFT 0 5 RIGHT 0 5
END TURN 18
TURN 19
COMMAND LEFT START
COMMAND LEFT END
COMMAND RIGHT START
COMMAND RIGHT END
TURN 19 RESULT
TIME LEFT 0 5 RIGHT 0 5
END TURN 19
TURN 20
COMMAND LEFT START
COMMAND LEFT END
COMMAND RIGHT START
COMMAND RIGHT END
TURN 20 RESULT
TIME LEFT 0 5 RIGHT 0 5
END TURN 20
TURN 21
COMMAND LEFT START
TRAIN 1
COMMAND LEFT END
COMMAND RIGHT START
COMMAND RIGHT END
TURN 21 RESULT
TIME LEFT 0 5 RIGHT 0 5
TRAIN A4
END TURN 21
TURN 22
COMMAND LEFT START
COMMAND LEFT END
COMMAND RIGHT START
COMMAND RIGHT END
TURN 22 RESULT
TIME LEFT 0 5 RIGHT 0 5
END TURN 22
TURN 23
COMMAND LEFT START
COMMAND LEFT END
COMMAND RIGHT START
COMMAND RIGHT END
TURN 23 RESULT
TIME LEFT 0 5 RIGHT 0 5
END TURN 23
TURN 24
COMMAND LEFT START
COMMAND LEFT END
COMMAND RIGHT START
COMMAND RIGHT END
TURN 24 RESULT
TIME LEFT 0 5 RIGHT 0 5
END TURN 24
TURN 25
COMMAND LEFT START
COMMAND LEFT END
COMMAND RIGHT START
COMMAND RIGHT END
TURN 25 RESULT
TIME LEFT 0 5 RIGHT 0 5
END TURN 25
TURN 26
COMMAND LEFT START
COMMAND LEFT END
COMMAND RIGHT START
COMMAND RIGHT END
TURN 26 RESULT
TIME LEFT 0 5 RIGHT 0 5
END TURN 26
TURN 27
COMMAND LEFT START
COMMAND LEFT END
COMMAND RIGHT START
COMMAND RIGHT END
TURN 27 RESULT
TIME LEFT 0 5 RIGHT 0 5
END TURN 27
TURN 28
COMMAND LEFT START
COMMAND LEFT END
COMMAND RIGHT START
COMMAND RIGHT END
TURN 28 RESULT
TIME LEFT 0 5 RIGHT 0 5
END TURN 28
TURN 29
COMMAND LEFT START
COMMAND LEFT END
COMMAND RIGHT START
MOVE B3 222
COMMAND RIGHT END
TURN 29 RESULT
TIME LEFT 0 5 RIGHT 0 5
MOVE B3 228
END TURN 29
TURN 30
COMMAND LEFT START
COMMAND LEFT END
COMMAND RIGHT START
COMMAND RIGHT END
TURN 30 RESULT
TIME LEFT 0 5 RIGHT 0 5
MOVE B3 222
END TURN 30
TURN 31
COMMAND LEFT START
COMMAND LEFT END
COMMAND RIGHT START
UPGRADE 222
COMMAND RIGHT END
TURN 31 RESULT
TIME LEFT 0 5 RIGHT 0 5
UPGRADE B 222
END TURN 31
TURN 32
COMMAND LEFT START
COMMAND LEFT END
COMMAND RIGHT START
COMMAND RIGHT END
TURN 32 RESULT
TIME LEFT 0 5 RIGHT 0 5
END TURN 32
TURN 33
COMMAND LEFT START
COMMAND LEFT END
COMMAND RIGHT START
TRAIN 1
COMMAND RIGHT END
TURN 33 RESULT
TIME LEFT 0 5 RIGHT 1 5
TRAIN B5
END TURN 33
TURN 34
COMMAND LEFT START
UPGRADE 7
COMMAND LEFT END
COMMAND RIGHT START
COMMAND RIGHT END
TURN 34 RESULT
TIME LEFT 1 5 RIGHT 1 5
UPGRADE A 7
END TURN 34
TURN 35
COMMAND LEFT START
MOVE A4 7
COMMAND LEFT END
COMMAND RIGHT START
COMMAND RIGHT END
TURN 35 RESULT
TIME LEFT 2 5 RIGHT 2 5
MOVE A4 1
END TURN 35
TURN 36
COMMAND LEFT START
COMMAND LEFT END
COMMAND RIGHT START
COMMAND RIGHT END
TURN 36 RESULT
TIME LEFT 0 5 RIGHT 0 5
MOVE A4 7
END TURN 36
TURN 37
COMMAND LEFT START
COMMAND LEFT END
COMMAND RIGHT START
COMMAND RIGHT END
TURN 37 RESULT
TIME LEFT 0 5 RIGHT 0 5
END TURN 37
TURN 38
COMMAND LEFT START
TRAIN 1
COMMAND LEFT END
COMMAND RIGHT START
COMMAND RIGHT END
TURN 38 RESULT
TIME LEFT 0 5 RIGHT 0 5
TRAIN A5
END TURN 38
TURN 39
COMMAND LEFT START
MOVE A5 8
COMMAND LEFT END
COMMAND RIGHT START
COMMAND RIGHT END
TURN 39 RESULT
TIME LEFT 2 5 RIGHT 0 5
MOVE A5 2
END TURN 39
TURN 40
COMMAND LEFT START
COMMAND LEFT END
COMMAND RIGHT START
MOVE B5 182
COMMAND RIGHT END
TURN 40 RESULT
TIME LEFT 0 5 RIGHT 0 5
MOVE A5 8
MOVE B5 221
END TURN 40
TURN 41
COMMAND LEFT START
COMMAND LEFT END
COMMAND RIGHT START
COMMAND RIGHT END
TURN 41 RESULT
TIME LEFT 0 5 RIGHT 0 5
MOVE B5 213
END TURN 41
TURN 42
COMMAND LEFT START
COMMAND LEFT END
COMMAND RIGHT START
COMMAND RIGHT END
TURN 42 RESULT
TIME LEFT 0 5 RIGHT 0 5
MOVE B5 195
END TURN 42
TURN 43
COMMAND LEFT START
COMMAND LEFT END
COMMAND RIGHT START
COMMAND RIGHT END
TURN 43 RESULT
TIME LEFT 0 5 RIGHT 0 5
MOVE B5 182
END TURN 43
TURN 44
COMMAND LEFT START
COMMAND LEFT END
COMMAND RIGHT START
UPGRADE 182
COMMAND RIGHT END
TURN 44 RESULT
TIME LEFT 0 5 RIGHT 0 5
UPGRADE B 182
END TURN 44
TURN 45
COMMAND LEFT START
COMMAND LEFT END
COMMAND RIGHT START
COMMAND RIGHT END
TURN 45 RESULT
TIME LEFT 0 5 RIGHT 0 5
END TURN 45
TURN 46
COMMAND LEFT START
COMMAND LEFT END
COMMAND RIGHT START
TRAIN 1
COMMAND RIGHT END
TURN 46 RESULT
TIME LEFT 0 5 RIGHT 0 5
TRAIN B6
END TURN 46
TURN 47
COMMAND LEFT START
UPGRADE 8
COMMAND LEFT END
COMMAND RIGHT START
COMMAND RIGHT END
TURN 47 RESULT
TIME LEFT 0 5 RIGHT 0 5
UPGRADE A 8
END TURN 47
TURN 48
COMMAND LEFT START
COMMAND LEFT END
COMMAND RIGHT START
COMMAND RIGHT END
TURN 48 RESULT
TIME LEFT 0 5 RIGHT 0 5
END TURN 48
TURN 49
COMMAND LEFT START
COMMAND LEFT END
COMMAND RIGHT START
COMMAND RIGHT END
TURN 49 RESULT
TIME LEFT 0 5 RIGHT 0 5
END TURN 49
TURN 50
COMMAND LEFT START
TRAIN 1
COMMAND LEFT END
COMMAND RIGHT START
COMMAND RIGHT END
TURN 50 RESULT
TIME LEFT 0 5 RIGHT 0 5
TRAIN A6
END TURN 50
TURN 51
COMMAND LEFT START
MOVE A6 213
COMMAND LEFT END
COMMAND RIGHT START
COMMAND RIGHT END
TURN 51 RESULT
TIME LEFT 0 5 RIGHT 0 5
MOVE A6 9
END TURN 51
TURN 52
COMMAND LEFT START
COMMAND LEFT END
COMMAND RIGHT START
COMMAND RIGHT END
TURN 52 RESULT
TIME LEFT 0 5 RIGHT 0 5
MOVE A6 17
END TURN 52
TURN 53
COMMAND LEFT START
COMMAND LEFT END
COMMAND RIGHT START
COMMAND RIGHT END
TURN 53 RESULT
TIME LEFT 0 5 RIGHT 0 5
MOVE A6 35
END TURN 53
TURN 54
COMMAND LEFT START
COMMAND LEFT END
COMMAND RIGHT START
COMMAND RIGHT END
TURN 54 RESULT
TIME LEFT 1 5 RIGHT 0 5
MOVE A6 48
END TURN 54
TURN 55
COMMAND LEFT START
COMMAND LEFT END
COMMAND RIGHT START
UPGRADE 230
COMMAND RIGHT END
TURN 55 RESULT
TIME LEFT 1 5 RIGHT 0 5
UPGRADE B 230
MOVE A6 62
END TURN 55
TURN 56
COMMAND LEFT START
COMMAND LEFT END
COMMAND RIGHT START
COMMAND RIGHT END
TURN 56 RESULT
TIME LEFT 0 5 RIGHT 0 5
MOVE A6 74
END TURN 56
TURN 57
COMMAND LEFT START
COMMAND LEFT END
COMMAND RIGHT START
COMMAND RIGHT END
TURN 57 RESULT
TIME LEFT 0 5 RIGHT 0 5
MOVE A6 101
END TURN 57
TURN 58
COMMAND LEFT START
COMMAND LEFT END
COMMAND RIGHT START
COMMAND RIGHT END
TURN 58 RESULT
TIME LEFT 0 5 RIGHT 0 5
MOVE A6 115
DAMAGE TURRET A6 1
DAMAGE COMBAT A6 1
DAMAGE COMBAT B2 1
END TURN 58
TURN 59
COMMAND LEFT START
COMMAND LEFT END
COMMAND RIGHT START
COMMAND RIGHT END
TURN 59 RESULT
TIME LEFT 1 5 RIGHT 0 5
DAMAGE TURRET A6 1
DAMAGE COMBAT A6 1
DAMAGE COMBAT B2 1
END TURN 59
TURN 60
COMMAND LEFT START
COMMAND LEFT END
COMMAND RIGHT START
COMMAND RIGHT END
TURN 60 RESULT
TIME LEFT 0 5 RIGHT 0 5
DAMAGE TURRET A6 1
DAMAGE COMBAT B2 1
END TURN 60
TURN 61
COMMAND LEFT START
TRAIN 1
COMMAND LEFT END
COMMAND RIGHT START
COMMAND RIGHT END
TURN 61 RESULT
TIME LEFT 0 5 RIGHT 0 5
TRAIN A7
END TURN 61
TURN 62
COMMAND LEFT START
MOVE A7 213
COMMAND LEFT END
COMMAND RIGHT START
UPGRADE 223
COMMAND RIGHT END
TURN 62 RESULT
TIME LEFT 0 5 RIGHT 0 5
UPGRADE B 223
MOVE A7 9
END TURN 62
TURN 63
COMMAND LEFT START
COMMAND LEFT END
COMMAND RIGHT START
COMMAND RIGHT END
TURN 63 RESULT
TIME LEFT 6 5 RIGHT 5 5
MOVE A7 17
END TURN 63
TURN 64
COMMAND LEFT START
COMMAND LEFT END
COMMAND RIGHT START
TRAIN 1
COMMAND RIGHT END
TURN 64 RESULT
TIME LEFT 0 5 RIGHT 0 5
TRAIN B7
MOVE A7 35
END TURN 64
TURN 65
COMMAND LEFT START
COMMAND LEFT END
COMMAND RIGHT START
MOVE B4 223
COMMAND RIGHT END
TURN 65 RESULT
TIME LEFT 0 5 RIGHT 0 5
MOVE A7 48
MOVE B4 229
END TURN 65
TURN 66
COMMAND LEFT START
COMMAND LEFT END
COMMAND RIGHT START
COMMAND RIGHT END
TURN 66 RESULT
TIME LEFT 1 5 RIGHT 0 5
MOVE A7 62
MOVE B4 223
END TURN 66
TURN 67
COMMAND LEFT START
UPGRADE 0
COMMAND LEFT END
COMMAND RIGHT START
COMMAND RIGHT END
TURN 67 RESULT
TIME LEFT 0 5 RIGHT 0 5
UPGRADE A 0
MOVE A7 74
END TURN 67
TURN 68
COMMAND LEFT START
COMMAND LEFT END
COMMAND RIGHT START
COMMAND RIGHT END
TURN 68 RESULT
TIME LEFT 0 5 RIGHT 0 5
MOVE A7 101
END TURN 68
TURN 69
COMMAND LEFT START
COMMAND LEFT END
COMMAND RIGHT START
COMMAND RIGHT END
TURN 69 RESULT
TIME LEFT 0 5 RIGHT 0 5
MOVE A7 115
DAMAGE TURRET A7 1
DAMAGE COMBAT A7 1
DAMAGE COMBAT B2 1
END TURN 69
TURN 70
COMMAND LEFT START
COMMAND LEFT END
COMMAND RIGHT START
TRAIN 1
COMMAND RIGHT END
TURN 70 RESULT
TIME LEFT 0 5 RIGHT 0 5
TRAIN B8
MOVE A7 129
END TURN 70
TURN 71
COMMAND LEFT START
TRAIN 1
COMMAND LEFT END
COMMAND RIGHT START
TRAIN 1
COMMAND RIGHT END
TURN 71 RESULT
TIME LEFT 0 5 RIGHT 0 5
TRAIN A8 B9
MOVE A7 156
END TURN 71
TURN 72
COMMAND LEFT START
COMMAND LEFT END
COMMAND RIGHT START
MOVE B1 115
COMMAND RIGHT END
TURN 72 RESULT
TIME LEFT 0 5 RIGHT 0 5
MOVE A7 168
MOVE B1 209
END TURN 72
TURN 73
COMMAND LEFT START
COMMAND LEFT END
COMMAND RIGHT START
TRAIN 1
COMMAND RIGHT END
TURN 73 RESULT
TIME LEFT 0 5 RIGHT 0 5
TRAIN B10
MOVE A7 182
MOVE B1 198
DAMAGE TURRET A7 1
DAMAGE COMBAT A7 1
DAMAGE COMBAT B5 1
END TURN 73
TURN 74
COMMAND LEFT START
COMMAND LEFT END
COMMAND RIGHT START
TRAIN 1
COMMAND RIGHT END
TURN 74 RESULT
TIME LEFT 0 5 RIGHT 0 5
TRAIN B11
MOVE B1 183
DAMAGE TURRET A7 1
DAMAGE COMBAT B5 1
END TURN 74
TURN 75
COMMAND LEFT START
TRAIN 2
COMMAND LEFT END
COMMAND RIGHT START
MOVE B6 115
COMMAND RIGHT END
TURN 75 RESULT
TIME LEFT 1 5 RIGHT 0 5
TRAIN A9 A10
MOVE B1 169
MOVE B6 221
END TURN 75
TURN 76
COMMAND LEFT START
COMMAND LEFT END
COMMAND RIGHT START
MOVE B7 115
COMMAND RIGHT END
TURN 76 RESULT
TIME LEFT 1 5 RIGHT 0 5
MOVE B1 160
MOVE B6 213
MOVE B7 221
END TURN 76
TURN 77
COMMAND LEFT START
COMMAND LEFT END
COMMAND RIGHT START
MOVE B8 115
COMMAND RIGHT END
TURN 77 RESULT
TIME LEFT 0 5 RIGHT 0 5
MOVE B1 144
MOVE B6 195
MOVE B7 213
MOVE B8 221
END TURN 77
TURN 78
COMMAND LEFT START
COMMAND LEFT END
COMMAND RIGHT START
MOVE B9 115
COMMAND RIGHT END
TURN 78 RESULT
TIME LEFT 0 5 RIGHT 0 5
MOVE B1 129
MOVE B6 182
MOVE B7 195
MOVE B8 213
MOVE B9 221
END TURN 78
TURN 79
COMMAND LEFT START
COMMAND LEFT END
COMMAND RIGHT START
MOVE B10 115
COMMAND RIGHT END
TURN 79 RESULT
TIME LEFT 0 5 RIGHT 0 5
MOVE B1 115
MOVE B6 168
MOVE B7 182
MOVE B8 195
MOVE B9 213
MOVE B10 221
END TURN 79
TURN 80
COMMAND LEFT START
COMMAND LEFT END
COMMAND RIGHT START
TRAIN 1
COMMAND RIGHT END
TURN 80 RESULT
TIME LEFT 0 5 RIGHT 0 5
TRAIN B12
MOVE B6 156
MOVE B7 168
MOVE B8 182
MOVE B9 195
MOVE B10 213
END TURN 80
TURN 81
COMMAND LEFT START
UPGRADE 7
COMMAND LEFT END
COMMAND RIGHT START
TRAIN 1
COMMAND RIGHT END
TURN 81 RESULT
TIME LEFT 0 5 RIGHT 0 5
UPGRADE A 7
TRAIN B13
MOVE B6 129
MOVE B7 156
MOVE B8 168
MOVE B9 182
MOVE B10 195
END TURN 81
TURN 82
COMMAND LEFT START
MOVE A9 7
COMMAND LEFT END
COMMAND RIGHT START
MOVE B11 223
UPGRADE 222
COMMAND RIGHT END
TURN 82 RESULT
TIME LEFT 0 5 RIGHT 0 5
UPGRADE B 222
MOVE A9 1
MOVE B6 115
MOVE B7 129
MOVE B8 156
MOVE B9 168
MOVE B10 182
MOVE B11 229
END TURN 82
TURN 83
COMMAND LEFT START
COMMAND LEFT END
COMMAND RIGHT START
MOVE B1 222
COMMAND RIGHT END
TURN 83 RESULT
TIME LEFT 0 5 RIGHT 0 5
MOVE A9 7
MOVE B1 136
MOVE B7 115
MOVE B8 129
MOVE B9 156
MOVE B10 168
MOVE B11 223
END TURN 83
TURN 84
COMMAND LEFT START
COMMAND LEFT END
COMMAND RIGHT START
COMMAND RIGHT END
TURN 84 RESULT
TIME LEFT 0 5 RIGHT 0 5
MOVE B1 148
MOVE B8 115
MOVE B9 129
MOVE B10 156
END TURN 84
TURN 85
COMMAND LEFT START
COMMAND LEFT END
COMMAND RIGHT START
COMMAND RIGHT END
TURN 85 RESULT
TIME LEFT 0 5 RIGHT 0 5
MOVE B1 170
MOVE B9 115
MOVE B10 129
END TURN 85
TURN 86
COMMAND LEFT START
COMMAND LEFT END
COMMAND RIGHT START
COMMAND RIGHT END
TURN 86 RESULT
TIME LEFT 0 5 RIGHT 0 5
MOVE B1 189
MOVE B10 115
END TURN 86
TURN 87
COMMAND LEFT START
UPGRADE 8
COMMAND LEFT END
COMMAND RIGHT START
COMMAND RIGHT END
TURN 87 RESULT
TIME LEFT 0 5 RIGHT 0 5
UPGRADE A 8
MOVE B1 193
END TURN 87
TURN 88
COMMAND LEFT START
MOVE A10 8
COMMAND LEFT END
COMMAND RIGHT START
COMMAND RIGHT END
TURN 88 RESULT
TIME LEFT 0 5 RIGHT 0 5
MOVE A10 2
MOVE B1 204
END TURN 88
TURN 89
COMMAND LEFT START
COMMAND LEFT END
COMMAND RIGHT START
MOVE B10 205
COMMAND RIGHT END
TURN 89 RESULT
TIME LEFT 0 5 RIGHT 0 5
MOVE A10 8
MOVE B1 215
MOVE B10 136
END TURN 89
TURN 90
COMMAND LEFT START
TRAIN 1
COMMAND LEFT END
COMMAND RIGHT START
COMMAND RIGHT END
TURN 90 RESULT
TIME LEFT 0 5 RIGHT 0 5
TRAIN A11
MOVE B1 222
MOVE B10 148
END TURN 90
TURN 91
COMMAND LEFT START
TRAIN 1
COMMAND LEFT END
COMMAND RIGHT START
COMMAND RIGHT END
TURN 91 RESULT
TIME LEFT 0 5 RIGHT 0 5
TRAIN A12
MOVE B10 166
END TURN 91
TURN 92
COMMAND LEFT START
TRAIN 1
COMMAND LEFT END
COMMAND RIGHT START
COMMAND RIGHT END
TURN 92 RESULT
TIME LEFT 0 5 RIGHT 0 5
TRAIN A13
MOVE B10 187
END TURN 92
TURN 93
COMMAND LEFT START
COMMAND LEFT END
COMMAND RIGHT START
COMMAND RIGHT END
TURN 93 RESULT
TIME LEFT 0 5 RIGHT 0 5
MOVE B10 196
END TURN 93
TURN 94
COMMAND LEFT START
TRAIN 1
COMMAND LEFT END
COMMAND RIGHT START
MOVE B6 230
UPGRADE 230
COMMAND RIGHT END
TURN 94 RESULT
TIME LEFT 0 5 RIGHT 0 5
UPGRADE B 230
TRAIN A14
MOVE B6 129
MOVE B10 205
END TURN 94
TURN 95
COMMAND LEFT START
TRAIN 1
COMMAND LEFT END
COMMAND RIGHT START
COMMAND RIGHT END
TURN 95 RESULT
TIME LEFT 0 5 RIGHT 0 5
TRAIN A15
MOVE B6 156
END TURN 95
TURN 96
COMMAND LEFT START
COMMAND LEFT END
COMMAND RIGHT START
COMMAND RIGHT END
TURN 96 RESULT
TIME LEFT 0 5 RIGHT 0 5
MOVE B6 168
END TURN 96
TURN 97
COMMAND LEFT START
TRAIN 1
COMMAND LEFT END
COMMAND RIGHT START
COMMAND RIGHT END
TURN 97 RESULT
TIME LEFT 0 5 RIGHT 0 5
TRAIN A16
MOVE B6 182
END TURN 97
TURN 98
COMMAND LEFT START
TRAIN 1
COMMAND LEFT END
COMMAND RIGHT START
COMMAND RIGHT END
TURN 98 RESULT
TIME LEFT 0 5 RIGHT 0 5
TRAIN A17
MOVE B6 195
END TURN 98
TURN 99
COMMAND LEFT START
TRAIN 1
COMMAND LEFT END
COMMAND RIGHT START
UPGRADE 205
COMMAND RIGHT END
TURN 99 RESULT
TIME LEFT 2 5 RIGHT 1 5
UPGRADE B 205
TRAIN A18
MOVE B6 213
END TURN 99
TURN 100
COMMAND LEFT START
COMMAND LEFT END
COMMAND RIGHT START
COMMAND RIGHT END
TURN 100 RESULT
TIME LEFT 1 5 RIGHT 0 5
MOVE B6 221
END TURN 100
TURN 101
COMMAND LEFT START
TRAIN 1
COMMAND LEFT END
COMMAND RIGHT START
COMMAND RIGHT END
TURN 101 RESULT
TIME LEFT 0 5 RIGHT 0 5
TRAIN A19
MOVE B6 230
END TURN 101
TURN 102
COMMAND LEFT START
TRAIN 1
COMMAND LEFT END
COMMAND RIGHT START
COMMAND RIGHT END
TURN 102 RESULT
TIME LEFT 0 5 RIGHT 0 5
TRAIN A20
END TURN 102
TURN 103
COMMAND LEFT START
COMMAND LEFT END
COMMAND RIGHT START
COMMAND RIGHT END
TURN 103 RESULT
TIME LEFT 0 5 RIGHT 0 5
END TURN 103
TURN 104
COMMAND LEFT START
TRAIN 1
COMMAND LEFT END
COMMAND RIGHT START
MOVE B9 191
COMMAND RIGHT END
TURN 104 RESULT
TIME LEFT 3 5 RIGHT 0 5
TRAIN A21
MOVE B9 136
END TURN 104
TURN 105
COMMAND LEFT START
COMMAND LEFT END
COMMAND RIGHT START
UPGRADE 205
COMMAND RIGHT END
TURN 105 RESULT
TIME LEFT 1 5 RIGHT 0 5
UPGRADE B 205
MOVE B9 148
END TURN 105
TURN 106
COMMAND LEFT START
TRAIN 1
COMMAND LEFT END
COMMAND RIGHT START
MOVE B7 205
COMMAND RIGHT END
TURN 106 RESULT
TIME LEFT 0 5 RIGHT 0 5
TRAIN A22
MOVE B7 136
MOVE B9 166
END TURN 106
TURN 107
COMMAND LEFT START
TRAIN 1
COMMAND LEFT END
COMMAND RIGHT START
COMMAND RIGHT END
TURN 107 RESULT
TIME LEFT 0 5 RIGHT 0 5
TRAIN A23
MOVE B7 148
MOVE B9 174
END TURN 107
TURN 108
COMMAND LEFT START
COMMAND LEFT END
COMMAND RIGHT START
COMMAND RIGHT END
TURN 108 RESULT
TIME LEFT 0 5 RIGHT 0 5
MOVE B7 166
MOVE B9 179
END TURN 108
TURN 109
COMMAND LEFT START
TRAIN 1
COMMAND LEFT END
COMMAND RIGHT START
UPGRADE 182
COMMAND RIGHT END
TURN 109 RESULT
TIME LEFT 0 5 RIGHT 0 5
UPGRADE B 182
TRAIN A24
MOVE B7 187
MOVE B9 191
END TURN 109
TURN 110
COMMAND LEFT START
COMMAND LEFT END
COMMAND RIGHT START
MOVE B9 182
TRAIN 1
COMMAND RIGHT END
TURN 110 RESULT
TIME LEFT 0 5 RIGHT 0 5
TRAIN B14
MOVE B7 196
MOVE B9 179
END TURN 110
TURN 111
COMMAND LEFT START
TRAIN 1
COMMAND LEFT END
COMMAND RIGHT START
COMMAND RIGHT END
TURN 111 RESULT
TIME LEFT 0 5 RIGHT 0 5
TRAIN A25
MOVE B7 205
MOVE B9 187
END TURN 111
TURN 112
COMMAND LEFT START
TRAIN 1
COMMAND LEFT END
COMMAND RIGHT START
COMMAND RIGHT END
TURN 112 RESULT
TIME LEFT 1 5 RIGHT 0 5
TRAIN A26
MOVE B9 189
END TURN 112
TURN 113
COMMAND LEFT START
COMMAND LEFT END
COMMAND RIGHT START
COMMAND RIGHT END
TURN 113 RESULT
TIME LEFT 1 5 RIGHT 0 5
MOVE B9 185
END TURN 113
TURN 114
COMMAND LEFT START
TRAIN 1
COMMAND LEFT END
COMMAND RIGHT START
UPGRADE 115
COMMAND RIGHT END
TURN 114 RESULT
TIME LEFT 0 5 RIGHT 0 5
UPGRADE B 115
TRAIN A27
MOVE B9 182
END TURN 114
TURN 115
COMMAND LEFT START
COMMAND LEFT END
COMMAND RIGHT START
MOVE B6 115
COMMAND RIGHT END
TURN 115 RESULT
TIME LEFT 0 5 RIGHT 0 5
MOVE B6 221
END TURN 115
TURN 116
COMMAND LEFT START
TRAIN 1
COMMAND LEFT END
COMMAND RIGHT START
COMMAND RIGHT END
TURN 116 RESULT
TIME LEFT 0 5 RIGHT 0 5
TRAIN A28
MOVE B6 213
END TURN 116
TURN 117
COMMAND LEFT START
COMMAND LEFT END
COMMAND RIGHT START
COMMAND RIGHT END
TURN 117 RESULT
TIME LEFT 0 5 RIGHT 0 5
MOVE B6 195
END TURN 117
TURN 118
COMMAND LEFT START
TRAIN 1
COMMAND LEFT END
COMMAND RIGHT START
UPGRADE 223
TRAIN 1
COMMAND RIGHT END
TURN 118 RESULT
TIME LEFT 0 5 RIGHT 0 5
UPGRADE B 223
TRAIN A29 B15
MOVE B6 182
END TURN 118
TURN 119
COMMAND LEFT START
COMMAND LEFT END
COMMAND RIGHT START
MOVE B12 223
COMMAND RIGHT END
TURN 119 RESULT
TIME LEFT 0 5 RIGHT 0 5
MOVE B6 168
MOVE B12 229
END TURN 119
TURN 120
COMMAND LEFT START
TRAIN 1
COMMAND LEFT END
COMMAND RIGHT START
COMMAND RIGHT END
TURN 120 RESULT
TIME LEFT 0 5 RIGHT 0 5
TRAIN A30
MOVE B6 156
MOVE B12 223
END TURN 120
TURN 121
COMMAND LEFT START
COMMAND LEFT END
COMMAND RIGHT START
COMMAND RIGHT END
TURN 121 RESULT
TIME LEFT 2 5 RIGHT 0 5
MOVE B6 129
END TURN 121
TURN 122
COMMAND LEFT START
TRAIN 1
COMMAND LEFT END
COMMAND RIGHT START
UPGRADE 222
COMMAND RIGHT END
TURN 122 RESULT
TIME LEFT 0 5 RIGHT 0 5
UPGRADE B 222
TRAIN A31
MOVE B6 115
END TURN 122
TURN 123
COMMAND LEFT START
COMMAND LEFT END
COMMAND RIGHT START
TRAIN 1
COMMAND RIGHT END
TURN 123 RESULT
TIME LEFT 0 5 RIGHT 0 5
TRAIN B16
END TURN 123
TURN 124
COMMAND LEFT START
TRAIN 1
COMMAND LEFT END
COMMAND RIGHT START
MOVE B13 222
COMMAND RIGHT END
TURN 124 RESULT
TIME LEFT 0 5 RIGHT 0 5
TRAIN A32
MOVE B13 228
END TURN 124
TURN 125
COMMAND LEFT START
COMMAND LEFT END
COMMAND RIGHT START
COMMAND RIGHT END
TURN 125 RESULT
TIME LEFT 0 5 RIGHT 0 5
MOVE B13 222
END TURN 125
TURN 126
COMMAND LEFT START
COMMAND LEFT END
COMMAND RIGHT START
UPGRADE 205
COMMAND RIGHT END
TURN 126 RESULT
TIME LEFT 0 5 RIGHT 0 5
UPGRADE B 205
END TURN 126
TURN 127
COMMAND LEFT START
COMMAND LEFT END
COMMAND RIGHT START
TRAIN 1
COMMAND RIGHT END
TURN 127 RESULT
TIME LEFT 0 5 RIGHT 0 5
TRAIN B17
END TURN 127
TURN 128
COMMAND LEFT START
COMMAND LEFT END
COMMAND RIGHT START
MOVE B14 205
COMMAND RIGHT END
TURN 128 RESULT
TIME LEFT 0 5 RIGHT 0 5
MOVE B14 227
END TURN 128
TURN 129
COMMAND LEFT START
COMMAND LEFT END
COMMAND RIGHT START
COMMAND RIGHT END
TURN 129 RESULT
TIME LEFT 8 5 RIGHT 0 5
MOVE B14 225
END TURN 129
TURN 130
COMMAND LEFT START
TRAIN 1
COMMAND LEFT END
COMMAND RIGHT START
UPGRADE 182
TRAIN 1
COMMAND RIGHT END
TURN 130 RESULT
TIME LEFT 0 5 RIGHT 0 5
UPGRADE B 182
TRAIN A33 B18
MOVE B14 216
END TURN 130
TURN 131
COMMAND LEFT START
COMMAND LEFT END
COMMAND RIGHT START
MOVE B15 182
COMMAND RIGHT END
TURN 131 RESULT
TIME LEFT 0 5 RIGHT 0 5
MOVE B14 215
MOVE B15 221
END TURN 131
TURN 132
COMMAND LEFT START
COMMAND LEFT END
COMMAND RIGHT START
COMMAND RIGHT END
TURN 132 RESULT
TIME LEFT 2 5 RIGHT 0 5
MOVE B14 205
MOVE B15 213
END TURN 132
TURN 133
COMMAND LEFT START
TRAIN 1
COMMAND LEFT END
COMMAND RIGHT START
COMMAND RIGHT END
TURN 133 RESULT
TIME LEFT 2 5 RIGHT 0 5
TRAIN A34
MOVE B15 195
END TURN 133
TURN 134
COMMAND LEFT START
COMMAND LEFT END
COMMAND RIGHT START
UPGRADE 115
TRAIN 1
COMMAND RIGHT END
TURN 134 RESULT
TIME LEFT 0 5 RIGHT 0 5
UPGRADE B 115
TRAIN B19
MOVE B15 182
END TURN 134
TURN 135
COMMAND LEFT START
TRAIN 1
COMMAND LEFT END
COMMAND RIGHT START
MOVE B16 115
COMMAND RIGHT END
TURN 135 RESULT
TIME LEFT 0 5 RIGHT 0 5
TRAIN A35
MOVE B16 221
END TURN 135
TURN 136
COMMAND LEFT START
COMMAND LEFT END
COMMAND RIGHT START
COMMAND RIGHT END
TURN 136 RESULT
TIME LEFT 0 5 RIGHT 0 5
MOVE B16 213
END TURN 136
TURN 137
COMMAND LEFT START
COMMAND LEFT END
COMMAND RIGHT START
TRAIN 1
COMMAND RIGHT END
TURN 137 RESULT
TIME LEFT 1 5 RIGHT 0 5
TRAIN B20
MOVE B16 195
END TURN 137
TURN 138
COMMAND LEFT START
TRAIN 1
COMMAND LEFT END
COMMAND RIGHT START
MOVE B20 115
TRAIN 2
COMMAND RIGHT END
TURN 138 RESULT
TIME LEFT 1 5 RIGHT 0 5
TRAIN A36 B21 B22
MOVE B16 182
MOVE B20 221
END TURN 138
TURN 139
COMMAND LEFT START
COMMAND LEFT END
COMMAND RIGHT START
MOVE B22 191
MOVE B21 115
COMMAND RIGHT END
TURN 139 RESULT
TIME LEFT 0 5 RIGHT 0 5
MOVE B16 168
MOVE B20 213
MOVE B21 221
MOVE B22 227
END TURN 139
TURN 140
COMMAND LEFT START
TRAIN 1
COMMAND LEFT END
COMMAND RIGHT START
COMMAND RIGHT END
TURN 140 RESULT
TIME LEFT 0 5 RIGHT 0 5
TRAIN A37
MOVE B16 156
MOVE B20 195
MOVE B21 213
MOVE B22 225
END TURN 140
TURN 141
COMMAND LEFT START
COMMAND LEFT END
COMMAND RIGHT START
COMMAND RIGHT END
TURN 141 RESULT
TIME LEFT 2 5 RIGHT 0 5
MOVE B16 129
MOVE B20 182
MOVE B21 195
MOVE B22 216
END TURN 141
TURN 142
COMMAND LEFT START
COMMAND LEFT END
COMMAND RIGHT START
COMMAND RIGHT END
TURN 142 RESULT
TIME LEFT 0 5 RIGHT 0 5
MOVE B16 115
MOVE B20 168
MOVE B21 182
MOVE B22 204
END TURN 142
TURN 143
COMMAND LEFT START
TRAIN 1
COMMAND LEFT END
COMMAND RIGHT START
COMMAND RIGHT END
TURN 143 RESULT
TIME LEFT 0 5 RIGHT 0 5
TRAIN A38
MOVE B20 156
MOVE B21 168
MOVE B22 196
END TURN 143
TURN 144
COMMAND LEFT START
COMMAND LEFT END
COMMAND RIGHT START
COMMAND RIGHT END
TURN 144 RESULT
TIME LEFT 0 5 RIGHT 0 5
MOVE B20 129
MOVE B21 156
MOVE B22 191
END TURN 144
TURN 145
COMMAND LEFT START
COMMAND LEFT END
COMMAND RIGHT START
MOVE B22 230
UPGRADE 230
COMMAND RIGHT END
TURN 145 RESULT
TIME LEFT 0 5 RIGHT 0 5
UPGRADE B 230
MOVE B20 115
MOVE B21 129
MOVE B22 196
END TURN 145
TURN 146
COMMAND LEFT START
TRAIN 1
COMMAND LEFT END
COMMAND RIGHT START
COMMAND RIGHT END
TURN 146 RESULT
TIME LEFT 0 5 RIGHT 0 5
TRAIN A39
MOVE B21 115
MOVE B22 204
END TURN 146
TURN 147
COMMAND LEFT START
COMMAND LEFT END
COMMAND RIGHT START
MOVE B21 191
COMMAND RIGHT END
TURN 147 RESULT
TIME LEFT 0 5 RIGHT 0 5
MOVE B21 136
MOVE B22 216
END TURN 147
TURN 148
COMMAND LEFT START
COMMAND LEFT END
COMMAND RIGHT START
TRAIN 2
COMMAND RIGHT END
TURN 148 RESULT
TIME LEFT 0 5 RIGHT 0 5
TRAIN B23 B24
MOVE B21 148
MOVE B22 225
END TURN 148
TURN 149
COMMAND LEFT START
TRAIN 1
COMMAND LEFT END
COMMAND RIGHT START
MOVE B24 115
TRAIN 2
COMMAND RIGHT END
TURN 149 RESULT
TIME LEFT 0 5 RIGHT 0 5
TRAIN A40 B25 B26
MOVE B21 166
MOVE B22 227
MOVE B24 221
END TURN 149
TURN 150
COMMAND LEFT START
COMMAND LEFT END
COMMAND RIGHT START
MOVE B26 115
MOVE B25 115
TRAIN 2
COMMAND RIGHT END
TURN 150 RESULT
TIME LEFT 0 5 RIGHT 0 5
TRAIN B27 B28
MOVE B21 174
MOVE B22 230
MOVE B24 213
MOVE B25 221
MOVE B26 221
END TURN 150
TURN 151
COMMAND LEFT START
COMMAND LEFT END
COMMAND RIGHT START
MOVE B28 115
MOVE B27 115
MOVE B23 115
TRAIN 2
COMMAND RIGHT END
TURN 151 RESULT
TIME LEFT 0 5 RIGHT 0 5
TRAIN B29 B30
MOVE B21 179
MOVE B23 221
MOVE B24 195
MOVE B25 213
MOVE B26 213
MOVE B27 221
MOVE B28 221
END TURN 151
TURN 152
COMMAND LEFT START
TRAIN 1
COMMAND LEFT END
COMMAND RIGHT START
MOVE B30 115
MOVE B29 115
TRAIN 2
COMMAND RIGHT END
TURN 152 RESULT
TIME LEFT 0 5 RIGHT 0 5
TRAIN A41 B31 B32
MOVE B21 191
MOVE B23 213
MOVE B24 182
MOVE B25 195
MOVE B26 195
MOVE B27 213
MOVE B28 213
MOVE B29 221
MOVE B30 221
END TURN 152
TURN 153
COMMAND LEFT START
COMMAND LEFT END
COMMAND RIGHT START
MOVE B32 115
MOVE B31 115
UPGRADE 191
COMMAND RIGHT END
TURN 153 RESULT
TIME LEFT 0 5 RIGHT 0 5
UPGRADE B 191
MOVE B23 195
MOVE B24 168
MOVE B25 182
MOVE B26 182
MOVE B27 195
MOVE B28 195
MOVE B29 213
MOVE B30 213
MOVE B31 221
MOVE B32 221
END TURN 153
TURN 154
COMMAND LEFT START
COMMAND LEFT END
COMMAND RIGHT START
COMMAND RIGHT END
TURN 154 RESULT
TIME LEFT 0 5 RIGHT 0 5
MOVE B23 182
MOVE B24 156
MOVE B25 168
MOVE B26 168
MOVE B27 182
MOVE B28 182
MOVE B29 195
MOVE B30 195
MOVE B31 213
MOVE B32 213
END TURN 154
TURN 155
COMMAND LEFT START
COMMAND LEFT END
COMMAND RIGHT START
UPGRADE 191
COMMAND RIGHT END
TURN 155 RESULT
TIME LEFT 0 5 RIGHT 0 5
UPGRADE B 191
MOVE B23 168
MOVE B24 129
MOVE B25 156
MOVE B26 156
MOVE B27 168
MOVE B28 168
MOVE B29 182
MOVE B30 182
MOVE B31 195
MOVE B32 195
END TURN 155
TURN 156
COMMAND LEFT START
TRAIN 1
COMMAND LEFT END
COMMAND RIGHT START
MOVE B6 191
COMMAND RIGHT END
TURN 156 RESULT
TIME LEFT 0 5 RIGHT 0 5
TRAIN A42
MOVE B6 136
MOVE B23 156
MOVE B24 115
MOVE B25 129
MOVE B26 129
MOVE B27 156
MOVE B28 156
MOVE B29 168
MOVE B30 168
MOVE B31 182
MOVE B32 182
END TURN 156
TURN 157
COMMAND LEFT START
COMMAND LEFT END
COMMAND RIGHT START
UPGRADE 191
COMMAND RIGHT END
TURN 157 RESULT
TIME LEFT 0 5 RIGHT 0 5
UPGRADE B 191
MOVE B6 148
MOVE B23 129
MOVE B25 115
MOVE B26 115
MOVE B27 129
MOVE B28 129
MOVE B29 156
MOVE B30 156
MOVE B31 168
MOVE B32 168
END TURN 157
TURN 158
COMMAND LEFT START
COMMAND LEFT END
COMMAND RIGHT START
MOVE B8 191
COMMAND RIGHT END
TURN 158 RESULT
TIME LEFT 0 5 RIGHT 0 5
MOVE B6 166
MOVE B8 136
MOVE B23 115
MOVE B27 115
MOVE B28 115
MOVE B29 129
MOVE B30 129
MOVE B31 156
MOVE B32 156
END TURN 158
TURN 159
COMMAND LEFT START
TRAIN 1
COMMAND LEFT END
COMMAND RIGHT START
MOVE B28 158
COMMAND RIGHT END
TURN 159 RESULT
TIME LEFT 0 5 RIGHT 0 5
TRAIN A43
MOVE B6 174
MOVE B8 148
MOVE B28 113
MOVE B29 115
MOVE B30 115
MOVE B31 129
MOVE B32 129
END TURN 159
TURN 160
COMMAND LEFT START
COMMAND LEFT END
COMMAND RIGHT START
TRAIN 2
COMMAND RIGHT END
TURN 160 RESULT
TIME LEFT 0 5 RIGHT 0 5
TRAIN B33 B34
MOVE B6 179
MOVE B8 166
MOVE B28 135
MOVE B31 115
MOVE B32 115
END TURN 160
TURN 161
COMMAND LEFT START
COMMAND LEFT END
COMMAND RIGHT START
MOVE B34 115
MOVE B33 115
TRAIN 1
COMMAND RIGHT END
TURN 161 RESULT
TIME LEFT 0 5 RIGHT 0 5
TRAIN B35
MOVE B6 191
MOVE B8 174
MOVE B28 127
MOVE B33 221
MOVE B34 221
END TURN 161
TURN 162
COMMAND LEFT START
COMMAND LEFT END
COMMAND RIGHT START
MOVE B35 115
TRAIN 2
COMMAND RIGHT END
TURN 162 RESULT
TIME LEFT 0 5 RIGHT 0 5
TRAIN B36 B37
MOVE B8 179
MOVE B28 145
MOVE B33 213
MOVE B34 213
MOVE B35 221
END TURN 162
TURN 163
COMMAND LEFT START
TRAIN 1
COMMAND LEFT END
COMMAND RIGHT START
MOVE B37 115
MOVE B36 115
TRAIN 2
COMMAND RIGHT END
TURN 163 RESULT
TIME LEFT 0 5 RIGHT 0 5
TRAIN A44 B38 B39
MOVE B8 191
MOVE B28 149
MOVE B33 195
MOVE B34 195
MOVE B35 213
MOVE B36 221
MOVE B37 221
END TURN 163
TURN 164
COMMAND LEFT START
COMMAND LEFT END
COMMAND RIGHT START
MOVE B39 115
MOVE B38 115
TRAIN 2
COMMAND RIGHT END
TURN 164 RESULT
TIME LEFT 0 5 RIGHT 0 5
TRAIN B40 B41
MOVE B28 150
MOVE B33 182
MOVE B34 182
MOVE B35 195
MOVE B36 213
MOVE B37 213
MOVE B38 221
MOVE B39 221
END TURN 164
TURN 165
COMMAND LEFT START
COMMAND LEFT END
COMMAND RIGHT START
MOVE B41 115
MOVE B40 115
TRAIN 2
COMMAND RIGHT END
TURN 165 RESULT
TIME LEFT 0 5 RIGHT 0 5
TRAIN B42 B43
MOVE B28 158
MOVE B33 168
MOVE B34 168
MOVE B35 182
MOVE B36 195
MOVE B37 195
MOVE B38 213
MOVE B39 213
MOVE B40 221
MOVE B41 221
END TURN 165
TURN 166
COMMAND LEFT START
COMMAND LEFT END
COMMAND RIGHT START
MOVE B43 115
MOVE B42 115
UPGRADE 158
COMMAND RIGHT END
TURN 166 RESULT
TIME LEFT 0 5 RIGHT 0 5
UPGRADE B 158
MOVE B33 156
MOVE B34 156
MOVE B35 168
MOVE B36 182
MOVE B37 182
MOVE B38 195
MOVE B39 195
MOVE B40 213
MOVE B41 213
MOVE B42 221
MOVE B43 221
END TURN 166
TURN 167
COMMAND LEFT START
TRAIN 1
COMMAND LEFT END
COMMAND RIGHT START
MOVE B32 132
COMMAND RIGHT END
TURN 167 RESULT
TIME LEFT 0 5 RIGHT 0 5
TRAIN A45
MOVE B32 117
MOVE B33 129
MOVE B34 129
MOVE B35 156
MOVE B36 168
MOVE B37 168
MOVE B38 182
MOVE B39 182
MOVE B40 195
MOVE B41 195
MOVE B42 213
MOVE B43 213
END TURN 167
TURN 168
COMMAND LEFT START
COMMAND LEFT END
COMMAND RIGHT START
UPGRADE 158
COMMAND RIGHT END
TURN 168 RESULT
TIME LEFT 0 5 RIGHT 0 5
UPGRADE B 158
MOVE B32 123
MOVE B33 115
MOVE B34 115
MOVE B35 129
MOVE B36 156
MOVE B37 156
MOVE B38 168
MOVE B39 168
MOVE B40 182
MOVE B41 182
MOVE B42 195
MOVE B43 195
END TURN 168
TURN 169
COMMAND LEFT START
COMMAND LEFT END
COMMAND RIGHT START
MOVE B16 158
UPGRADE 158
COMMAND RIGHT END
TURN 169 RESULT
TIME LEFT 0 5 RIGHT 0 5
UPGRADE B 158
MOVE B16 113
MOVE B32 120
MOVE B35 115
MOVE B36 129
MOVE B37 129
MOVE B38 156
MOVE B39 156
MOVE B40 168
MOVE B41 168
MOVE B42 182
MOVE B43 182
END TURN 169
TURN 170
COMMAND LEFT START
COMMAND LEFT END
COMMAND RIGHT START
MOVE B20 158
COMMAND RIGHT END
TURN 170 RESULT
TIME LEFT 1 5 RIGHT 0 5
MOVE B16 135
MOVE B20 113
MOVE B32 112
MOVE B36 115
MOVE B37 115
MOVE B38 129
MOVE B39 129
MOVE B40 156
MOVE B41 156
MOVE B42 168
MOVE B43 168
END TURN 170
TURN 171
COMMAND LEFT START
TRAIN 1
COMMAND LEFT END
COMMAND RIGHT START
COMMAND RIGHT END
TURN 171 RESULT
TIME LEFT 0 5 RIGHT 0 5
TRAIN A46
MOVE B16 127
MOVE B20 135
MOVE B32 119
MOVE B38 115
MOVE B39 115
MOVE B40 129
MOVE B41 129
MOVE B42 156
MOVE B43 156
END TURN 171
TURN 172
COMMAND LEFT START
COMMAND LEFT END
COMMAND RIGHT START
TRAIN 2
COMMAND RIGHT END
TURN 172 RESULT
TIME LEFT 0 5 RIGHT 0 5
TRAIN B44 B45
MOVE B16 145
MOVE B20 127
MOVE B32 132
MOVE B40 115
MOVE B41 115
MOVE B42 129
MOVE B43 129
END TURN 172
TURN 173
COMMAND LEFT START
COMMAND LEFT END
COMMAND RIGHT START
MOVE B45 115
MOVE B44 115
UPGRADE 132
COMMAND RIGHT END
TURN 173 RESULT
TIME LEFT 0 5 RIGHT 0 5
UPGRADE B 132
MOVE B16 149
MOVE B20 145
MOVE B42 115
MOVE B43 115
MOVE B44 221
MOVE B45 221
END TURN 173
TURN 174
COMMAND LEFT START
COMMAND LEFT END
COMMAND RIGHT START
MOVE B43 98
COMMAND RIGHT END
TURN 174 RESULT
TIME LEFT 0 5 RIGHT 0 5
MOVE B16 150
MOVE B20 149
MOVE B43 113
MOVE B44 213
MOVE B45 213
END TURN 174
TURN 175
COMMAND LEFT START
COMMAND LEFT END
COMMAND RIGHT START
UPGRADE 132
COMMAND RIGHT END
TURN 175 RESULT
TIME LEFT 0 5 RIGHT 0 5
UPGRADE B 132
MOVE B16 158
MOVE B20 150
MOVE B43 107
MOVE B44 195
MOVE B45 195
END TURN 175
TURN 176
COMMAND LEFT START
TRAIN 1
COMMAND LEFT END
COMMAND RIGHT START
MOVE B23 132
COMMAND RIGHT END
TURN 176 RESULT
TIME LEFT 0 5 RIGHT 0 5
TRAIN A47
MOVE B20 158
MOVE B23 117
MOVE B43 110
MOVE B44 182
MOVE B45 182
END TURN 176
TURN 177
COMMAND LEFT START
COMMAND LEFT END
COMMAND RIGHT START
UPGRADE 132
COMMAND RIGHT END
TURN 177 RESULT
TIME LEFT 0 5 RIGHT 0 5
UPGRADE B 132
MOVE B23 123
MOVE B43 118
MOVE B44 168
MOVE B45 168
END TURN 177
TURN 178
COMMAND LEFT START
COMMAND LEFT END
COMMAND RIGHT START
MOVE B24 132
COMMAND RIGHT END
TURN 178 RESULT
TIME LEFT 0 5 RIGHT 0 5
MOVE B23 120
MOVE B24 117
MOVE B43 111
MOVE B44 156
MOVE B45 156
END TURN 178
TURN 179
COMMAND LEFT START
COMMAND LEFT END
COMMAND RIGHT START
TRAIN 2
COMMAND RIGHT END
TURN 179 RESULT
TIME LEFT 0 5 RIGHT 0 5
TRAIN B46 B47
MOVE B23 112
MOVE B24 123
MOVE B43 98
MOVE B44 129
MOVE B45 129
END TURN 179
TURN 180
COMMAND LEFT START
TRAIN 1
COMMAND LEFT END
COMMAND RIGHT START
MOVE B47 115
MOVE B46 115
UPGRADE 98
COMMAND RIGHT END
TURN 180 RESULT
TIME LEFT 0 5 RIGHT 0 5
UPGRADE B 98
TRAIN A48
MOVE B23 119
MOVE B24 120
MOVE B44 115
MOVE B45 115
MOVE B46 221
MOVE B47 221
END TURN 180
TURN 181
COMMAND LEFT START
COMMAND LEFT END
COMMAND RIGHT START
MOVE B45 109
COMMAND RIGHT END
TURN 181 RESULT
TIME LEFT 0 5 RIGHT 0 5
MOVE B23 132
MOVE B24 112
MOVE B45 117
MOVE B46 213
MOVE B47 213
END TURN 181
TURN 182
COMMAND LEFT START
COMMAND LEFT END
COMMAND RIGHT START
UPGRADE 98
COMMAND RIGHT END
TURN 182 RESULT
TIME LEFT 0 5 RIGHT 0 5
UPGRADE B 98
MOVE B24 119
MOVE B45 123
MOVE B46 195
MOVE B47 195
END TURN 182
TURN 183
COMMAND LEFT START
COMMAND LEFT END
COMMAND RIGHT START
MOVE B25 98
UPGRADE 98
COMMAND RIGHT END
TURN 183 RESULT
TIME LEFT 0 5 RIGHT 0 5
UPGRADE B 98
MOVE B24 132
MOVE B25 113
MOVE B45 120
MOVE B46 182
MOVE B47 182
END TURN 183
TURN 184
COMMAND LEFT START
COMMAND LEFT END
COMMAND RIGHT START
MOVE B26 98
COMMAND RIGHT END
TURN 184 RESULT
TIME LEFT 0 5 RIGHT 0 5
MOVE B25 107
MOVE B26 113
MOVE B45 112
MOVE B46 168
MOVE B47 168
END TURN 184
TURN 185
COMMAND LEFT START
TRAIN 1
COMMAND LEFT END
COMMAND RIGHT START
TRAIN 2
COMMAND RIGHT END
TURN 185 RESULT
TIME LEFT 0 5 RIGHT 0 5
TRAIN A49 B48 B49
MOVE B25 110
MOVE B26 107
MOVE B45 119
MOVE B46 156
MOVE B47 156
END TURN 185
TURN 186
COMMAND LEFT START
COMMAND LEFT END
COMMAND RIGHT START
MOVE B49 115
MOVE B48 115
TRAIN 2
COMMAND RIGHT END
TURN 186 RESULT
TIME LEFT 0 5 RIGHT 0 5
TRAIN B50 B51
MOVE B25 118
MOVE B26 110
MOVE B45 114
MOVE B46 129
MOVE B47 129
MOVE B48 221
MOVE B49 221
END TURN 186
TURN 187
COMMAND LEFT START
COMMAND LEFT END
COMMAND RIGHT START
MOVE B51 115
MOVE B50 115
TRAIN 2
COMMAND RIGHT END
TURN 187 RESULT
TIME LEFT 0 5 RIGHT 0 5
TRAIN B52 B53
MOVE B25 111
MOVE B26 118
MOVE B45 106
MOVE B46 115
MOVE B47 115
MOVE B48 213
MOVE B49 213
MOVE B50 221
MOVE B51 221
END TURN 187
TURN 188
COMMAND LEFT START
COMMAND LEFT END
COMMAND RIGHT START
TRAIN 2
COMMAND RIGHT END
TURN 188 RESULT
TIME LEFT 0 5 RIGHT 0 5
TRAIN B54 B55
MOVE B25 98
MOVE B26 111
MOVE B45 109
MOVE B48 195
MOVE B49 195
MOVE B50 213
MOVE B51 213
END TURN 188
TURN 189
COMMAND LEFT START
COMMAND LEFT END
COMMAND RIGHT START
COMMAND RIGHT END
TURN 189 RESULT
TIME LEFT 3 5 RIGHT 0 5
MOVE B26 98
MOVE B48 182
MOVE B49 182
MOVE B50 195
MOVE B51 195
END TURN 189
TURN 190
COMMAND LEFT START
COMMAND LEFT END
COMMAND RIGHT START
COMMAND RIGHT END
TURN 190 RESULT
TIME LEFT 1 5 RIGHT 1 5
MOVE B48 168
MOVE B49 168
MOVE B50 182
MOVE B51 182
END TURN 190
TURN 191
COMMAND LEFT START
TRAIN 1
COMMAND LEFT END
COMMAND RIGHT START
COMMAND RIGHT END
TURN 191 RESULT
TIME LEFT 0 5 RIGHT 0 5
TRAIN A50
MOVE B48 156
MOVE B49 156
MOVE B50 168
MOVE B51 168
END TURN 191
TURN 192
COMMAND LEFT START
COMMAND LEFT END
COMMAND RIGHT START
COMMAND RIGHT END
TURN 192 RESULT
TIME LEFT 0 5 RIGHT 0 5
MOVE B48 129
MOVE B49 129
MOVE B50 156
MOVE B51 156
END TURN 192
TURN 193
COMMAND LEFT START
COMMAND LEFT END
COMMAND RIGHT START
COMMAND RIGHT END
TURN 193 RESULT
TIME LEFT 0 5 RIGHT 0 5
MOVE B48 115
MOVE B49 115
MOVE B50 129
MOVE B51 129
END TURN 193
TURN 194
COMMAND LEFT START
COMMAND LEFT END
COMMAND RIGHT START
MOVE B55 115
MOVE B54 115
MOVE B53 115
UPGRADE 230
COMMAND RIGHT END
TURN 194 RESULT
TIME LEFT 0 5 RIGHT 0 5
UPGRADE B 230
MOVE B50 115
MOVE B51 115
MOVE B53 221
MOVE B54 221
MOVE B55 221
END TURN 194
TURN 195
COMMAND LEFT START
COMMAND LEFT END
COMMAND RIGHT START
UPGRADE 109
COMMAND RIGHT END
TURN 195 RESULT
TIME LEFT 0 5 RIGHT 0 5
UPGRADE B 109
MOVE B53 213
MOVE B54 213
MOVE B55 213
END TURN 195
TURN 196
COMMAND LEFT START
COMMAND LEFT END
COMMAND RIGHT START
COMMAND RIGHT END
TURN 196 RESULT
TIME LEFT 0 5 RIGHT 0 5
MOVE B53 195
MOVE B54 195
MOVE B55 195
END TURN 196
TURN 197
COMMAND LEFT START
TRAIN 1
COMMAND LEFT END
COMMAND RIGHT START
MOVE B51 121
COMMAND RIGHT END
TURN 197 RESULT
TIME LEFT 0 5 RIGHT 0 5
TRAIN A51
MOVE B51 113
MOVE B53 182
MOVE B54 182
MOVE B55 182
END TURN 197
TURN 198
COMMAND LEFT START
COMMAND LEFT END
COMMAND RIGHT START
UPGRADE 109
COMMAND RIGHT END
TURN 198 RESULT
TIME LEFT 2 5 RIGHT 2 5
UPGRADE B 109
MOVE B51 107
MOVE B53 168
MOVE B54 168
MOVE B55 168
END TURN 198
TURN 199
COMMAND LEFT START
COMMAND LEFT END
COMMAND RIGHT START
MOVE B27 109
UPGRADE 109
COMMAND RIGHT END
TURN 199 RESULT
TIME LEFT 0 5 RIGHT 5 5
UPGRADE B 109
MOVE B27 117
MOVE B51 110
MOVE B53 156
MOVE B54 156
MOVE B55 156
END TURN 199
TURN 200
COMMAND LEFT START
COMMAND LEFT END
COMMAND RIGHT START
MOVE B29 109
TRAIN 2
COMMAND RIGHT END
TURN 200 RESULT
TIME LEFT 1 5 RIGHT 1 5
TRAIN B56 B57
MOVE B27 123
MOVE B29 117
MOVE B51 118
MOVE B53 129
MOVE B54 129
MOVE B55 129
END TURN 200
TURN 201
COMMAND LEFT START
COMMAND LEFT END
COMMAND RIGHT START
MOVE B57 115
MOVE B56 115
TRAIN 3
COMMAND RIGHT END
TURN 201 RESULT
TIME LEFT 0 5 RIGHT 0 5
TRAIN B58 B59 B60
MOVE B27 120
MOVE B29 123
MOVE B51 111
MOVE B53 115
MOVE B54 115
MOVE B55 115
MOVE B56 221
MOVE B57 221
END TURN 201
TURN 202
COMMAND LEFT START
COMMAND LEFT END
COMMAND RIGHT START
MOVE B60 115
MOVE B59 115
MOVE B58 115
TRAIN 3
COMMAND RIGHT END
TURN 202 RESULT
TIME LEFT 0 5 RIGHT 0 5
TRAIN B61 B62 B63
MOVE B27 112
MOVE B29 120
MOVE B51 116
MOVE B56 213
MOVE B57 213
MOVE B58 221
MOVE B59 221
MOVE B60 221
END TURN 202
TURN 203
COMMAND LEFT START
TRAIN 1
COMMAND LEFT END
COMMAND RIGHT START
MOVE B63 115
MOVE B62 115
MOVE B61 115
TRAIN 3
COMMAND RIGHT END
TURN 203 RESULT
TIME LEFT 0 5 RIGHT 0 5
TRAIN A52 B64 B65 B66
MOVE B27 119
MOVE B29 112
MOVE B51 124
MOVE B56 195
MOVE B57 195
MOVE B58 213
MOVE B59 213
MOVE B60 213
MOVE B61 221
MOVE B62 221
MOVE B63 221
END TURN 203
TURN 204
COMMAND LEFT START
COMMAND LEFT END
COMMAND RIGHT START
MOVE B66 115
MOVE B65 115
MOVE B64 115
TRAIN 3
COMMAND RIGHT END
TURN 204 RESULT
TIME LEFT 0 5 RIGHT 0 5
TRAIN B67 B68 B69
MOVE B27 114
MOVE B29 119
MOVE B51 121
MOVE B56 182
MOVE B57 182
MOVE B58 195
MOVE B59 195
MOVE B60 195
MOVE B61 213
MOVE B62 213
MOVE B63 213
MOVE B64 221
MOVE B65 221
MOVE B66 221
END TURN 204
TURN 205
COMMAND LEFT START
COMMAND LEFT END
COMMAND RIGHT START
MOVE B69 115
MOVE B68 115
MOVE B67 115
UPGRADE 121
COMMAND RIGHT END
TURN 205 RESULT
TIME LEFT 0 5 RIGHT 0 5
UPGRADE B 121
MOVE B27 106
MOVE B29 114
MOVE B56 168
MOVE B57 168
MOVE B58 182
MOVE B59 182
MOVE B60 182
MOVE B61 195
MOVE B62 195
MOVE B63 195
MOVE B64 213
MOVE B65 213
MOVE B66 213
MOVE B67 221
MOVE B68 221
MOVE B69 221
END TURN 205
TURN 206
COMMAND LEFT START
COMMAND LEFT END
COMMAND RIGHT START
MOVE B55 48
COMMAND RIGHT END
TURN 206 RESULT
TIME LEFT 0 5 RIGHT 0 5
MOVE B27 109
MOVE B29 106
MOVE B55 101
MOVE B56 156
MOVE B57 156
MOVE B58 168
MOVE B59 168
MOVE B60 168
MOVE B61 182
MOVE B62 182
MOVE B63 182
MOVE B64 195
MOVE B65 195
MOVE B66 195
MOVE B67 213
MOVE B68 213
MOVE B69 213
END TURN 206
TURN 207
COMMAND LEFT START
COMMAND LEFT END
COMMAND RIGHT START
UPGRADE 121
COMMAND RIGHT END
TURN 207 RESULT
TIME LEFT 0 5 RIGHT 0 5
UPGRADE B 121
MOVE B29 109
MOVE B55 74
MOVE B56 129
MOVE B57 129
MOVE B58 156
MOVE B59 156
MOVE B60 156
MOVE B61 168
MOVE B62 168
MOVE B63 168
MOVE B64 182
MOVE B65 182
MOVE B66 182
MOVE B67 195
MOVE B68 195
MOVE B69 195
END TURN 207
TURN 208
COMMAND LEFT START
COMMAND LEFT END
COMMAND RIGHT START
MOVE B30 121
UPGRADE 121
COMMAND RIGHT END
TURN 208 RESULT
TIME LEFT 0 5 RIGHT 0 5
UPGRADE B 121
MOVE B30 113
MOVE B55 62
MOVE B56 115
MOVE B57 115
MOVE B58 129
MOVE B59 129
MOVE B60 129
MOVE B61 156
MOVE B62 156
MOVE B63 156
MOVE B64 168
MOVE B65 168
MOVE B66 168
MOVE B67 182
MOVE B68 182
MOVE B69 182
END TURN 208
TURN 209
COMMAND LEFT START
COMMAND LEFT END
COMMAND RIGHT START
MOVE B31 121
TRAIN 2
COMMAND RIGHT END
TURN 209 RESULT
TIME LEFT 0 5 RIGHT 0 5
TRAIN B70 B71
MOVE B30 107
MOVE B31 113
MOVE B55 48
MOVE B58 115
MOVE B59 115
MOVE B60 115
MOVE B61 129
MOVE B62 129
MOVE B63 129
MOVE B64 156
MOVE B65 156
MOVE B66 156
MOVE B67 168
MOVE B68 168
MOVE B69 168
END TURN 209
TURN 210
COMMAND LEFT START
TRAIN 1
COMMAND LEFT END
COMMAND RIGHT START
MOVE B60 72
MOVE B71 115
MOVE B70 115
UPGRADE 48
COMMAND RIGHT END
TURN 210 RESULT
TIME LEFT 0 5 RIGHT 0 5
UPGRADE B 48
TRAIN A53
MOVE B30 110
MOVE B31 107
MOVE B60 117
MOVE B61 115
MOVE B62 115
MOVE B63 115
MOVE B64 129
MOVE B65 129
MOVE B66 129
MOVE B67 156
MOVE B68 156
MOVE B69 156
MOVE B70 221
MOVE B71 221
END TURN 210
TURN 211
COMMAND LEFT START
COMMAND LEFT END
COMMAND RIGHT START
UPGRADE 48
COMMAND RIGHT END
TURN 211 RESULT
TIME LEFT 0 5 RIGHT 0 5
UPGRADE B 48
MOVE B30 118
MOVE B31 110
MOVE B60 95
MOVE B64 115
MOVE B65 115
MOVE B66 115
MOVE B67 129
MOVE B68 129
MOVE B69 129
MOVE B70 213
MOVE B71 213
END TURN 211
TURN 212
COMMAND LEFT START
COMMAND LEFT END
COMMAND RIGHT START
MOVE B33 48
UPGRADE 48
COMMAND RIGHT END
TURN 212 RESULT
TIME LEFT 1 5 RIGHT 0 5
UPGRADE B 48
MOVE B30 111
MOVE B31 118
MOVE B33 101
MOVE B60 103
MOVE B67 115
MOVE B68 115
MOVE B69 115
MOVE B70 195
MOVE B71 195
END TURN 212
TURN 213
COMMAND LEFT START
COMMAND LEFT END
COMMAND RIGHT START
MOVE B34 48
COMMAND RIGHT END
TURN 213 RESULT
TIME LEFT 0 5 RIGHT 0 5
MOVE B30 116
MOVE B31 111
MOVE B33 74
MOVE B34 101
MOVE B60 85
MOVE B70 182
MOVE B71 182
END TURN 213
TURN 214
COMMAND LEFT START
COMMAND LEFT END
COMMAND RIGHT START
TRAIN 3
COMMAND RIGHT END
TURN 214 RESULT
TIME LEFT 0 5 RIGHT 0 5
TRAIN B72 B73 B74
MOVE B30 124
MOVE B31 116
MOVE B33 62
MOVE B34 74
MOVE B60 81
MOVE B70 168
MOVE B71 168
END TURN 214
TURN 215
COMMAND LEFT START
COMMAND LEFT END
COMMAND RIGHT START
MOVE B74 115
MOVE B73 115
MOVE B72 115
TRAIN 3
COMMAND RIGHT END
TURN 215 RESULT
TIME LEFT 0 5 RIGHT 0 5
TRAIN B75 B76 B77
MOVE B30 121
MOVE B31 124
MOVE B33 48
MOVE B34 62
MOVE B60 80
MOVE B70 156
MOVE B71 156
MOVE B72 221
MOVE B73 221
MOVE B74 221
END TURN 215
TURN 216
COMMAND LEFT START
COMMAND LEFT END
COMMAND RIGHT START
MOVE B77 115
MOVE B76 115
MOVE B75 115
TRAIN 1
COMMAND RIGHT END
TURN 216 RESULT
TIME LEFT 0 5 RIGHT 0 5
TRAIN B78
MOVE B31 121
MOVE B34 48
MOVE B60 72
MOVE B70 129
MOVE B71 129
MOVE B72 213
MOVE B73 213
MOVE B74 213
MOVE B75 221
MOVE B76 221
MOVE B77 221
END TURN 216
TURN 217
COMMAND LEFT START
COMMAND LEFT END
COMMAND RIGHT START
MOVE B69 39
MOVE B78 115
UPGRADE 72
COMMAND RIGHT END
TURN 217 RESULT
TIME LEFT 0 5 RIGHT 0 5
UPGRADE B 72
MOVE B69 94
MOVE B70 115
MOVE B71 115
MOVE B72 195
MOVE B73 195
MOVE B74 195
MOVE B75 213
MOVE B76 213
MOVE B77 213
MOVE B78 221
END TURN 217
TURN 218
COMMAND LEFT START
TRAIN 1
COMMAND LEFT END
COMMAND RIGHT START
UPGRADE 72
COMMAND RIGHT END
TURN 218 RESULT
TIME LEFT 0 5 RIGHT 0 5
UPGRADE B 72
TRAIN A54
MOVE B69 82
MOVE B72 182
MOVE B73 182
MOVE B74 182
MOVE B75 195
MOVE B76 195
MOVE B77 195
MOVE B78 213
END TURN 218
TURN 219
COMMAND LEFT START
COMMAND LEFT END
COMMAND RIGHT START
MOVE B35 72
UPGRADE 72
COMMAND RIGHT END
TURN 219 RESULT
TIME LEFT 0 5 RIGHT 0 5
UPGRADE B 72
MOVE B35 117
MOVE B69 64
MOVE B72 168
MOVE B73 168
MOVE B74 168
MOVE B75 182
MOVE B76 182
MOVE B77 182
MOVE B78 195
END TURN 219
TURN 220
COMMAND LEFT START
COMMAND LEFT END
COMMAND RIGHT START
MOVE B36 72
TRAIN 2
COMMAND RIGHT END
TURN 220 RESULT
TIME LEFT 0 5 RIGHT 0 5
TRAIN B79 B80
MOVE B35 95
MOVE B36 117
MOVE B69 56
MOVE B72 156
MOVE B73 156
MOVE B74 156
MOVE B75 168
MOVE B76 168
MOVE B77 168
MOVE B78 182
END TURN 220
TURN 221
COMMAND LEFT START
COMMAND LEFT END
COMMAND RIGHT START
MOVE B80 115
MOVE B79 115
TRAIN 3
COMMAND RIGHT END
TURN 221 RESULT
TIME LEFT 0 5 RIGHT 0 5
TRAIN B81 B82 B83
MOVE B35 103
MOVE B36 95
MOVE B69 51
MOVE B72 129
MOVE B73 129
MOVE B74 129
MOVE B75 156
MOVE B76 156
MOVE B77 156
MOVE B78 168
MOVE B79 221
MOVE B80 221
END TURN 221
TURN 222
COMMAND LEFT START
COMMAND LEFT END
COMMAND RIGHT START
TRAIN 3
COMMAND RIGHT END
TURN 222 RESULT
TIME LEFT 0 5 RIGHT 0 5
TRAIN B84 B85 B86
MOVE B35 85
MOVE B36 103
MOVE B69 39
MOVE B72 115
MOVE B73 115
MOVE B74 115
MOVE B75 129
MOVE B76 129
MOVE B77 129
MOVE B78 156
MOVE B79 213
MOVE B80 213
END TURN 222
TURN 223
COMMAND LEFT START
COMMAND LEFT END
COMMAND RIGHT START
MOVE B74 25
MOVE B86 115
MOVE B85 115
MOVE B84 115
MOVE B83 115
MOVE B82 115
MOVE B81 115
UPGRADE 39
TRAIN 1
COMMAND RIGHT END
TURN 223 RESULT
TIME LEFT 0 5 RIGHT 1 5
UPGRADE B 39
TRAIN B87
MOVE B35 81
MOVE B36 85
MOVE B74 94
MOVE B75 115
MOVE B76 115
MOVE B77 115
MOVE B78 129
MOVE B79 195
MOVE B80 195
MOVE B81 221
MOVE B82 221
MOVE B83 221
MOVE B84 221
MOVE B85 221
MOVE B86 221
END TURN 223
TURN 224
COMMAND LEFT START
COMMAND LEFT END
COMMAND RIGHT START
MOVE B87 115
UPGRADE 39
COMMAND RIGHT END
TURN 224 RESULT
TIME LEFT 0 5 RIGHT 0 5
UPGRADE B 39
MOVE B35 80
MOVE B36 81
MOVE B74 82
MOVE B78 115
MOVE B79 182
MOVE B80 182
MOVE B81 213
MOVE B82 213
MOVE B83 213
MOVE B84 213
MOVE B85 213
MOVE B86 213
MOVE B87 221
END TURN 224
TURN 225
COMMAND LEFT START
COMMAND LEFT END
COMMAND RIGHT START
MOVE B37 39
UPGRADE 39
COMMAND RIGHT END
TURN 225 RESULT
TIME LEFT 0 5 RIGHT 0 5
UPGRADE B 39
MOVE B35 72
MOVE B36 80
MOVE B37 94
MOVE B74 64
MOVE B79 168
MOVE B80 168
MOVE B81 195
MOVE B82 195
MOVE B83 195
MOVE B84 195
MOVE B85 195
MOVE B86 195
MOVE B87 213
END TURN 225
TURN 226
COMMAND LEFT START
COMMAND LEFT END
COMMAND RIGHT START
MOVE B38 39
TRAIN 2
COMMAND RIGHT END
TURN 226 RESULT
TIME LEFT 0 5 RIGHT 0 5
TRAIN B88 B89
MOVE B36 72
MOVE B37 82
MOVE B38 94
MOVE B74 43
MOVE B79 156
MOVE B80 156
MOVE B81 182
MOVE B82 182
MOVE B83 182
MOVE B84 182
MOVE B85 182
MOVE B86 182
MOVE B87 195
END TURN 226
TURN 227
COMMAND LEFT START
COMMAND LEFT END
COMMAND RIGHT START
MOVE B89 115
MOVE B88 115
TRAIN 3
COMMAND RIGHT END
TURN 227 RESULT
TIME LEFT 0 5 RIGHT 0 5
TRAIN B90 B91 B92
MOVE B37 64
MOVE B38 82
MOVE B74 34
MOVE B79 129
MOVE B80 129
MOVE B81 168
MOVE B82 168
MOVE B83 168
MOVE B84 168
MOVE B85 168
MOVE B86 168
MOVE B87 182
MOVE B88 221
MOVE B89 221
END TURN 227
TURN 228
COMMAND LEFT START
COMMAND LEFT END
COMMAND RIGHT START
MOVE B92 115
MOVE B91 115
MOVE B90 115
TRAIN 3
COMMAND RIGHT END
TURN 228 RESULT
TIME LEFT 0 5 RIGHT 0 5
TRAIN B93 B94 B95
MOVE B37 56
MOVE B38 64
MOVE B74 25
MOVE B79 115
MOVE B80 115
MOVE B81 156
MOVE B82 156
MOVE B83 156
MOVE B84 156
MOVE B85 156
MOVE B86 156
MOVE B87 168
MOVE B88 213
MOVE B89 213
MOVE B90 221
MOVE B91 221
MOVE B92 221
END TURN 228
TURN 229
COMMAND LEFT START
COMMAND LEFT END
COMMAND RIGHT START
MOVE B80 7
MOVE B79 8
MOVE B78 8
MOVE B77 8
MOVE B76 8
MOVE B75 8
MOVE B73 8
MOVE B72 8
MOVE B71 8
MOVE B70 8
MOVE B68 8
MOVE B67 8
MOVE B66 8
MOVE B65 8
MOVE B64 8
MOVE B63 8
MOVE B62 8
MOVE B61 8
MOVE B59 8
MOVE B58 8
MOVE B57 8
MOVE B56 8
MOVE B54 8
MOVE B53 8
MOVE B50 8
MOVE B49 8
MOVE B48 8
MOVE B47 8
MOVE B46 8
MOVE B44 8
MOVE B42 8
MOVE B41 8
UPGRADE 25
COMMAND RIGHT END
TURN 229 RESULT
TIME LEFT 0 5 RIGHT 0 5
UPGRADE B 25
MOVE B37 51
MOVE B38 56
MOVE B41 94
MOVE B42 94
MOVE B44 94
MOVE B46 94
MOVE B47 94
MOVE B48 94
MOVE B49 94
MOVE B50 94
MOVE B53 94
MOVE B54 94
MOVE B56 94
MOVE B57 94
MOVE B58 94
MOVE B59 94
MOVE B61 94
MOVE B62 94
MOVE B63 94
MOVE B64 94
MOVE B65 94
MOVE B66 94
MOVE B67 94
MOVE B68 94
MOVE B70 94
MOVE B71 94
MOVE B72 94
MOVE B73 94
MOVE B75 94
MOVE B76 94
MOVE B77 94
MOVE B78 94
MOVE B79 94
MOVE B80 101
MOVE B81 129
MOVE B82 129
MOVE B83 129
MOVE B84 129
MOVE B85 129
MOVE B86 129
MOVE B87 156
MOVE B88 195
MOVE B89 195
MOVE B90 213
MOVE B91 213
MOVE B92 213
END TURN 229
TURN 230
COMMAND LEFT START
COMMAND LEFT END
COMMAND RIGHT START
MOVE B95 115
MOVE B94 115
MOVE B93 115
UPGRADE 25
COMMAND RIGHT END
TURN 230 RESULT
TIME LEFT 0 5 RIGHT 0 5
UPGRADE B 25
MOVE B37 39
MOVE B38 51
MOVE B41 82
MOVE B42 82
MOVE B44 82
MOVE B46 82
MOVE B47 82
MOVE B48 82
MOVE B49 82
MOVE B50 82
MOVE B53 82
MOVE B54 82
MOVE B56 82
MOVE B57 82
MOVE B58 82
MOVE B59 82
MOVE B61 82
MOVE B62 82
MOVE B63 82
MOVE B64 82
MOVE B65 82
MOVE B66 82
MOVE B67 82
MOVE B68 82
MOVE B70 82
MOVE B71 82
MOVE B72 82
MOVE B73 82
MOVE B75 82
MOVE B76 82
MOVE B77 82
MOVE B78 82
MOVE B79 82
MOVE B80 86
MOVE B81 115
MOVE B82 115
MOVE B83 115
MOVE B84 115
MOVE B85 115
MOVE B86 115
MOVE B87 129
MOVE B88 182
MOVE B89 182
MOVE B90 195
MOVE B91 195
MOVE B92 195
MOVE B93 221
MOVE B94 221
MOVE B95 221
END TURN 230
TURN 231
COMMAND LEFT START
COMMAND LEFT END
COMMAND RIGHT START
MOVE B39 25
UPGRADE 25
COMMAND RIGHT END
TURN 231 RESULT
TIME LEFT 0 5 RIGHT 0 5
UPGRADE B 25
MOVE B38 39
MOVE B39 94
MOVE B41 60
MOVE B42 60
MOVE B44 60
MOVE B46 60
MOVE B47 60
MOVE B48 60
MOVE B49 60
MOVE B50 60
MOVE B53 60
MOVE B54 60
MOVE B56 60
MOVE B57 60
MOVE B58 60
MOVE B59 60
MOVE B61 60
MOVE B62 60
MOVE B63 60
MOVE B64 60
MOVE B65 60
MOVE B66 60
MOVE B67 60
MOVE B68 60
MOVE B70 60
MOVE B71 60
MOVE B72 60
MOVE B73 60
MOVE B75 60
MOVE B76 60
MOVE B77 60
MOVE B78 60
MOVE B79 60
MOVE B80 70
MOVE B87 115
MOVE B88 168
MOVE B89 168
MOVE B90 182
MOVE B91 182
MOVE B92 182
MOVE B93 213
MOVE B94 213
MOVE B95 213
END TURN 231
TURN 232
COMMAND LEFT START
COMMAND LEFT END
COMMAND RIGHT START
MOVE B40 25
TRAIN 3
COMMAND RIGHT END
TURN 232 RESULT
TIME LEFT 0 5 RIGHT 0 5
TRAIN B96 B97 B98
MOVE B39 82
MOVE B40 94
MOVE B41 41
MOVE B42 41
MOVE B44 41
MOVE B46 41
MOVE B47 41
MOVE B48 41
MOVE B49 41
MOVE B50 41
MOVE B53 41
MOVE B54 41
MOVE B56 41
MOVE B57 41
MOVE B58 41
MOVE B59 41
MOVE B61 41
MOVE B62 41
MOVE B63 41
MOVE B64 41
MOVE B65 41
MOVE B66 41
MOVE B67 41
MOVE B68 41
MOVE B70 41
MOVE B71 41
MOVE B72 41
MOVE B73 41
MOVE B75 41
MOVE B76 41
MOVE B77 41
MOVE B78 41
MOVE B79 41
MOVE B80 61
MOVE B88 156
MOVE B89 156
MOVE B90 168
MOVE B91 168
MOVE B92 168
MOVE B93 195
MOVE B94 195
MOVE B95 195
END TURN 232
TURN 233
COMMAND LEFT START
COMMAND LEFT END
COMMAND RIGHT START
MOVE B98 115
MOVE B97 115
MOVE B96 115
TRAIN 3
COMMAND RIGHT END
TURN 233 RESULT
TIME LEFT 0 5 RIGHT 0 5
TRAIN B99 B100 B101
MOVE B39 64
MOVE B40 82
MOVE B41 37
MOVE B42 37
MOVE B44 37
MOVE B46 37
MOVE B47 37
MOVE B48 37
MOVE B49 37
MOVE B50 37
MOVE B53 37
MOVE B54 37
MOVE B56 37
MOVE B57 37
MOVE B58 37
MOVE B59 37
MOVE B61 37
MOVE B62 37
MOVE B63 37
MOVE B64 37
MOVE B65 37
MOVE B66 37
MOVE B67 37
MOVE B68 37
MOVE B70 37
MOVE B71 37
MOVE B72 37
MOVE B73 37
MOVE B75 37
MOVE B76 37
MOVE B77 37
MOVE B78 37
MOVE B79 37
MOVE B80 47
MOVE B88 129
MOVE B89 129
MOVE B90 156
MOVE B91 156
MOVE B92 156
MOVE B93 182
MOVE B94 182
MOVE B95 182
MOVE B96 221
MOVE B97 221
MOVE B98 221
END TURN 233
TURN 234
COMMAND LEFT START
COMMAND LEFT END
COMMAND RIGHT START
MOVE B101 115
MOVE B100 115
MOVE B99 115
TRAIN 3
COMMAND RIGHT END
TURN 234 RESULT
TIME LEFT 0 5 RIGHT 0 5
TRAIN B102 B103 B104
MOVE B39 43
MOVE B40 64
MOVE B41 26
MOVE B42 26
MOVE B44 26
MOVE B46 26
MOVE B47 26
MOVE B48 26
MOVE B49 26
MOVE B50 26
MOVE B53 26
MOVE B54 26
MOVE B56 26
MOVE B57 26
MOVE B58 26
MOVE B59 26
MOVE B61 26
MOVE B62 26
MOVE B63 26
MOVE B64 26
MOVE B65 26
MOVE B66 26
MOVE B67 26
MOVE B68 26
MOVE B70 26
MOVE B71 26
MOVE B72 26
MOVE B73 26
MOVE B75 26
MOVE B76 26
MOVE B77 26
MOVE B78 26
MOVE B79 26
MOVE B80 32
MOVE B88 115
MOVE B89 115
MOVE B90 129
MOVE B91 129
MOVE B92 129
MOVE B93 168
MOVE B94 168
MOVE B95 168
MOVE B96 213
MOVE B97 213
MOVE B98 213
MOVE B99 221
MOVE B100 221
MOVE B101 221
END TURN 234
TURN 235
COMMAND LEFT START
COMMAND LEFT END
COMMAND RIGHT START
MOVE B104 115
MOVE B103 115
MOVE B102 115
TRAIN 3
COMMAND RIGHT END
TURN 235 RESULT
TIME LEFT 0 5 RIGHT 0 5
TRAIN B105 B106 B107
MOVE B39 34
MOVE B40 43
MOVE B41 15
MOVE B42 15
MOVE B44 15
MOVE B46 15
MOVE B47 15
MOVE B48 15
MOVE B49 15
MOVE B50 15
MOVE B53 15
MOVE B54 15
MOVE B56 15
MOVE B57 15
MOVE B58 15
MOVE B59 15
MOVE B61 15
MOVE B62 15
MOVE B63 15
MOVE B64 15
MOVE B65 15
MOVE B66 15
MOVE B67 15
MOVE B68 15
MOVE B70 15
MOVE B71 15
MOVE B72 15
MOVE B73 15
MOVE B75 15
MOVE B76 15
MOVE B77 15
MOVE B78 15
MOVE B79 15
MOVE B80 21
MOVE B90 115
MOVE B91 115
MOVE B92 115
MOVE B93 156
MOVE B94 156
MOVE B95 156
MOVE B96 195
MOVE B97 195
MOVE B98 195
MOVE B99 213
MOVE B100 213
MOVE B101 213
MOVE B102 221
MOVE B103 221
MOVE B104 221
END TURN 235
TURN 236
COMMAND LEFT START
COMMAND LEFT END
COMMAND RIGHT START
MOVE B107 115
MOVE B106 115
MOVE B105 115
TRAIN 3
COMMAND RIGHT END
TURN 236 RESULT
TIME LEFT 0 5 RIGHT 0 5
TRAIN B108 B109 B110
MOVE B39 25
MOVE B40 34
MOVE B41 8
MOVE B42 8
MOVE B44 8
MOVE B46 8
MOVE B47 8
MOVE B48 8
MOVE B49 8
MOVE B50 8
MOVE B53 8
MOVE B54 8
MOVE B56 8
MOVE B57 8
MOVE B58 8
MOVE B59 8
MOVE B61 8
MOVE B62 8
MOVE B63 8
MOVE B64 8
MOVE B65 8
MOVE B66 8
MOVE B67 8
MOVE B68 8
MOVE B70 8
MOVE B71 8
MOVE B72 8
MOVE B73 8
MOVE B75 8
MOVE B76 8
MOVE B77 8
MOVE B78 8
MOVE B79 8
MOVE B80 7
MOVE B93 129
MOVE B94 129
MOVE B95 129
MOVE B96 182
MOVE B97 182
MOVE B98 182
MOVE B99 195
MOVE B100 195
MOVE B101 195
MOVE B102 213
MOVE B103 213
MOVE B104 213
MOVE B105 221
MOVE B106 221
MOVE B107 221
DAMAGE TURRET B41 1
DAMAGE TURRET B80 2
DAMAGE COMBAT A3 1
DAMAGE COMBAT A5 5
DAMAGE COMBAT A10 6
DAMAGE COMBAT B41 2
DAMAGE COMBAT B80 3
SIEGE A 8 12
END TURN 236
TURN 237
COMMAND LEFT START
COMMAND LEFT END
COMMAND RIGHT START
MOVE B41 115
MOVE B42 115
MOVE B44 115
MOVE B46 115
MOVE B47 115
MOVE B48 115
MOVE B49 115
MOVE B50 115
MOVE B53 115
MOVE B54 115
MOVE B56 115
MOVE B57 115
MOVE B58 115
MOVE B59 115
MOVE B61 115
MOVE B62 115
MOVE B63 115
MOVE B64 115
MOVE B65 115
MOVE B66 115
MOVE B67 115
MOVE B68 115
MOVE B70 115
MOVE B71 115
MOVE B72 115
MOVE B73 115
MOVE B75 115
MOVE B76 115
MOVE B77 115
MOVE B78 115
MOVE B110 115
MOVE B109 115
MOVE B108 115
UPGRADE 8
TRAIN 3
COMMAND RIGHT END
TURN 237 RESULT
TIME LEFT 0 5 RIGHT 1 5
UPGRADE B 8
TRAIN B111 B112 B113
MOVE B40 25
MOVE B41 15
MOVE B42 15
MOVE B44 15
MOVE B46 15
MOVE B47 15
MOVE B48 15
MOVE B49 15
MOVE B50 15
MOVE B53 15
MOVE B54 15
MOVE B56 15
MOVE B57 15
MOVE B58 15
MOVE B59 15
MOVE B61 15
MOVE B62 15
MOVE B63 15
MOVE B64 15
MOVE B65 15
MOVE B66 15
MOVE B67 15
MOVE B68 15
MOVE B70 15
MOVE B71 15
MOVE B72 15
MOVE B73 15
MOVE B75 15
MOVE B76 15
MOVE B77 15
MOVE B78 15
MOVE B93 115
MOVE B94 115
MOVE B95 115
MOVE B96 168
MOVE B97 168
MOVE B98 168
MOVE B99 182
MOVE B100 182
MOVE B101 182
MOVE B102 195
MOVE B103 195
MOVE B104 195
MOVE B105 213
MOVE B106 213
MOVE B107 213
MOVE B108 221
MOVE B109 221
MOVE B110 221
DAMAGE TURRET B80 2
DAMAGE COMBAT A3 1
DAMAGE COMBAT B80 1
END TURN 237
TURN 238
COMMAND LEFT START
MOVE A54 48
COMMAND LEFT END
COMMAND RIGHT START
MOVE B113 115
MOVE B112 115
MOVE B111 115
UPGRADE 8
TRAIN 2
COMMAND RIGHT END
TURN 238 RESULT
TIME LEFT 1 5 RIGHT 0 5
UPGRADE B 8
TRAIN B114 B115
MOVE A54 9
MOVE B41 26
MOVE B42 26
MOVE B44 26
MOVE B46 26
MOVE B47 26
MOVE B48 26
MOVE B49 26
MOVE B50 26
MOVE B53 26
MOVE B54 26
MOVE B56 26
MOVE B57 26
MOVE B58 26
MOVE B59 26
MOVE B61 26
MOVE B62 26
MOVE B63 26
MOVE B64 26
MOVE B65 26
MOVE B66 26
MOVE B67 26
MOVE B68 26
MOVE B70 26
MOVE B71 26
MOVE B72 26
MOVE B73 26
MOVE B75 26
MOVE B76 26
MOVE B77 26
MOVE B78 26
MOVE B96 156
MOVE B97 156
MOVE B98 156
MOVE B99 168
MOVE B100 168
MOVE B101 168
MOVE B102 182
MOVE B103 182
MOVE B104 182
MOVE B105 195
MOVE B106 195
MOVE B107 195
MOVE B108 213
MOVE B109 213
MOVE B110 213
MOVE B111 221
MOVE B112 221
MOVE B113 221
END TURN 238
TURN 239
COMMAND LEFT START
COMMAND LEFT END
COMMAND RIGHT START
MOVE B81 8
MOVE B115 115
MOVE B114 115
UPGRADE 8
COMMAND RIGHT END
TURN 239 RESULT
TIME LEFT 0 5 RIGHT 0 5
UPGRADE B 8
MOVE A54 17
MOVE B41 37
MOVE B42 37
MOVE B44 37
MOVE B46 37
MOVE B47 37
MOVE B48 37
MOVE B49 37
MOVE B50 37
MOVE B53 37
MOVE B54 37
MOVE B56 37
MOVE B57 37
MOVE B58 37
MOVE B59 37
MOVE B61 37
MOVE B62 37
MOVE B63 37
MOVE B64 37
MOVE B65 37
MOVE B66 37
MOVE B67 37
MOVE B68 37
MOVE B70 37
MOVE B71 37
MOVE B72 37
MOVE B73 37
MOVE B75 37
MOVE B76 37
MOVE B77 37
MOVE B78 37
MOVE B81 94
MOVE B96 129
MOVE B97 129
MOVE B98 129
MOVE B99 156
MOVE B100 156
MOVE B101 156
MOVE B102 168
MOVE B103 168
MOVE B104 168
MOVE B105 182
MOVE B106 182
MOVE B107 182
MOVE B108 195
MOVE B109 195
MOVE B110 195
MOVE B111 213
MOVE B112 213
MOVE B113 213
MOVE B114 221
MOVE B115 221
END TURN 239
TURN 240
COMMAND LEFT START
MOVE A53 39
COMMAND LEFT END
COMMAND RIGHT START
MOVE B82 8
MOVE B95 7
TRAIN 3
COMMAND RIGHT END
TURN 240 RESULT
TIME LEFT 0 5 RIGHT 0 5
TRAIN B116 B117 B118
MOVE A53 3
MOVE A54 35
MOVE B41 41
MOVE B42 41
MOVE B44 41
MOVE B46 41
MOVE B47 41
MOVE B48 41
MOVE B49 41
MOVE B50 41
MOVE B53 41
MOVE B54 41
MOVE B56 41
MOVE B57 41
MOVE B58 41
MOVE B59 41
MOVE B61 41
MOVE B62 41
MOVE B63 41
MOVE B64 41
MOVE B65 41
MOVE B66 41
MOVE B67 41
MOVE B68 41
MOVE B70 41
MOVE B71 41
MOVE B72 41
MOVE B73 41
MOVE B75 41
MOVE B76 41
MOVE B77 41
MOVE B78 41
MOVE B81 82
MOVE B82 94
MOVE B95 101
MOVE B96 115
MOVE B97 115
MOVE B98 115
MOVE B99 129
MOVE B100 129
MOVE B101 129
MOVE B102 156
MOVE B103 156
MOVE B104 156
MOVE B105 168
MOVE B106 168
MOVE B107 168
MOVE B108 182
MOVE B109 182
MOVE B110 182
MOVE B111 195
MOVE B112 195
MOVE B113 195
MOVE B114 213
MOVE B115 213
END TURN 240
TURN 241
COMMAND LEFT START
COMMAND LEFT END
COMMAND RIGHT START
MOVE B118 115
MOVE B117 115
MOVE B116 115
TRAIN 3
COMMAND RIGHT END
TURN 241 RESULT
TIME LEFT 0 5 RIGHT 0 5
TRAIN B119 B120 B121
MOVE A53 5
MOVE A54 48
MOVE B41 60
MOVE B42 60
MOVE B44 60
MOVE B46 60
MOVE B47 60
MOVE B48 60
MOVE B49 60
MOVE B50 60
MOVE B53 60
MOVE B54 60
MOVE B56 60
MOVE B57 60
MOVE B58 60
MOVE B59 60
MOVE B61 60
MOVE B62 60
MOVE B63 60
MOVE B64 60
MOVE B65 60
MOVE B66 60
MOVE B67 60
MOVE B68 60
MOVE B70 60
MOVE B71 60
MOVE B72 60
MOVE B73 60
MOVE B75 60
MOVE B76 60
MOVE B77 60
MOVE B78 60
MOVE B81 60
MOVE B82 82
MOVE B95 86
MOVE B99 115
MOVE B100 115
MOVE B101 115
MOVE B102 129
MOVE B103 129
MOVE B104 129
MOVE B105 156
MOVE B106 156
MOVE B107 156
MOVE B108 168
MOVE B109 168
MOVE B110 168
MOVE B111 182
MOVE B112 182
MOVE B113 182
MOVE B114 195
MOVE B115 195
MOVE B116 221
MOVE B117 221
MOVE B118 221
DAMAGE TURRET A54 2
DAMAGE COMBAT A54 3
DAMAGE COMBAT B33 1
END TURN 241
TURN 242
COMMAND LEFT START
MOVE A54 0
COMMAND LEFT END
COMMAND RIGHT START
MOVE B121 115
MOVE B120 115
MOVE B119 115
TRAIN 3
COMMAND RIGHT END
TURN 242 RESULT
TIME LEFT 1 5 RIGHT 0 5
TRAIN B122 B123 B124
MOVE A53 14
MOVE B41 82
MOVE B42 82
MOVE B44 82
MOVE B46 82
MOVE B47 82
MOVE B48 82
MOVE B49 82
MOVE B50 82
MOVE B53 82
MOVE B54 82
MOVE B56 82
MOVE B57 82
MOVE B58 82
MOVE B59 82
MOVE B61 82
MOVE B62 82
MOVE B63 82
MOVE B64 82
MOVE B65 82
MOVE B66 82
MOVE B67 82
MOVE B68 82
MOVE B70 82
MOVE B71 82
MOVE B72 82
MOVE B73 82
MOVE B75 82
MOVE B76 82
MOVE B77 82
MOVE B78 82
MOVE B81 41
MOVE B82 60
MOVE B95 70
MOVE B102 115
MOVE B103 115
MOVE B104 115
MOVE B105 129
MOVE B106 129
MOVE B107 129
MOVE B108 156
MOVE B109 156
MOVE B110 156
MOVE B111 168
MOVE B112 168
MOVE B113 168
MOVE B114 182
MOVE B115 182
MOVE B116 213
MOVE B117 213
MOVE B118 213
MOVE B119 221
MOVE B120 221
MOVE B121 221
DAMAGE TURRET A54 1
DAMAGE COMBAT B33 1
END TURN 242
TURN 243
COMMAND LEFT START
COMMAND LEFT END
COMMAND RIGHT START
MOVE B124 115
MOVE B123 115
MOVE B122 115
TRAIN 3
COMMAND RIGHT END
TURN 243 RESULT
TIME LEFT 0 5 RIGHT 0 5
TRAIN B125 B126 B127
MOVE A53 26
MOVE B41 94
MOVE B42 94
MOVE B44 94
MOVE B46 94
MOVE B47 94
MOVE B48 94
MOVE B49 94
MOVE B50 94
MOVE B53 94
MOVE B54 94
MOVE B56 94
MOVE B57 94
MOVE B58 94
MOVE B59 94
MOVE B61 94
MOVE B62 94
MOVE B63 94
MOVE B64 94
MOVE B65 94
MOVE B66 94
MOVE B67 94
MOVE B68 94
MOVE B70 94
MOVE B71 94
MOVE B72 94
MOVE B73 94
MOVE B75 94
MOVE B76 94
MOVE B77 94
MOVE B78 94
MOVE B81 37
MOVE B82 41
MOVE B95 61
MOVE B105 115
MOVE B106 115
MOVE B107 115
MOVE B108 129
MOVE B109 129
MOVE B110 129
MOVE B111 156
MOVE B112 156
MOVE B113 156
MOVE B114 168
MOVE B115 168
MOVE B116 195
MOVE B117 195
MOVE B118 195
MOVE B119 213
MOVE B120 213
MOVE B121 213
MOVE B122 221
MOVE B123 221
MOVE B124 221
END TURN 243
TURN 244
COMMAND LEFT START
MOVE A52 72
COMMAND LEFT END
COMMAND RIGHT START
MOVE B127 115
MOVE B126 115
MOVE B125 115
TRAIN 3
COMMAND RIGHT END
TURN 244 RESULT
TIME LEFT 0 5 RIGHT 1 5
TRAIN B128 B129 B130
MOVE A52 1
MOVE A53 34
MOVE B41 115
MOVE B42 115
MOVE B44 115
MOVE B46 115
MOVE B47 115
MOVE B48 115
MOVE B49 115
MOVE B50 115
MOVE B53 115
MOVE B54 115
MOVE B56 115
MOVE B57 115
MOVE B58 115
MOVE B59 115
MOVE B61 115
MOVE B62 115
MOVE B63 115
MOVE B64 115
MOVE B65 115
MOVE B66 115
MOVE B67 115
MOVE B68 115
MOVE B70 115
MOVE B71 115
MOVE B72 115
MOVE B73 115
MOVE B75 115
MOVE B76 115
MOVE B77 115
MOVE B78 115
MOVE B81 26
MOVE B82 37
MOVE B95 47
MOVE B108 115
MOVE B109 115
MOVE B110 115
MOVE B111 129
MOVE B112 129
MOVE B113 129
MOVE B114 156
MOVE B115 156
MOVE B116 182
MOVE B117 182
MOVE B118 182
MOVE B119 195
MOVE B120 195
MOVE B121 195
MOVE B122 213
MOVE B123 213
MOVE B124 213
MOVE B125 221
MOVE B126 221
MOVE B127 221
END TURN 244
TURN 245
COMMAND LEFT START
COMMAND LEFT END
COMMAND RIGHT START
MOVE B130 115
MOVE B129 115
MOVE B128 115
TRAIN 3
COMMAND RIGHT END
TURN 245 RESULT
TIME LEFT 0 5 RIGHT 3 5
TRAIN B131 B132 B133
MOVE A52 6
MOVE A53 39
MOVE B81 15
MOVE B82 26
MOVE B95 32
MOVE B111 115
MOVE B112 115
MOVE B113 115
MOVE B114 129
MOVE B115 129
MOVE B116 168
MOVE B117 168
MOVE B118 168
MOVE B119 182
MOVE B120 182
MOVE B121 182
MOVE B122 195
MOVE B123 195
MOVE B124 195
MOVE B125 213
MOVE B126 213
MOVE B127 213
MOVE B128 221
MOVE B129 221
MOVE B130 221
DAMAGE TURRET A53 2
DAMAGE COMBAT A53 3
DAMAGE COMBAT B37 1
END TURN 245
TURN 246
COMMAND LEFT START
MOVE A53 0
COMMAND LEFT END
COMMAND RIGHT START
MOVE B113 0
MOVE B112 0
MOVE B111 0
MOVE B110 0
MOVE B109 0
MOVE B108 0
MOVE B107 0
MOVE B106 0
MOVE B105 0
MOVE B104 0
MOVE B103 0
MOVE B102 0
MOVE B101 0
MOVE B100 0
MOVE B99 0
MOVE B98 0
MOVE B97 0
MOVE B96 0
MOVE B94 0
MOVE B93 0
MOVE B92 0
MOVE B91 0
MOVE B90 0
MOVE B89 0
MOVE B88 0
MOVE B87 0
MOVE B86 0
MOVE B85 0
MOVE B84 0
MOVE B83 0
MOVE B78 0
MOVE B77 0
MOVE B76 0
MOVE B75 0
MOVE B73 0
MOVE B72 0
MOVE B71 0
MOVE B70 0
MOVE B68 0
MOVE B67 0
MOVE B66 0
MOVE B65 0
MOVE B64 0
MOVE B63 0
MOVE B62 0
MOVE B61 0
MOVE B59 0
MOVE B58 0
MOVE B57 0
MOVE B56 0
MOVE B54 0
MOVE B53 0
MOVE B50 0
MOVE B49 0
MOVE B48 0
MOVE B47 0
MOVE B46 0
MOVE B44 0
COMMAND RIGHT END
TURN 246 RESULT
TIME LEFT 0 5 RIGHT 2 5
MOVE A52 18
MOVE B44 101
MOVE B46 101
MOVE B47 101
MOVE B48 101
MOVE B49 101
MOVE B50 101
MOVE B53 101
MOVE B54 101
MOVE B56 101
MOVE B57 101
MOVE B58 101
MOVE B59 101
MOVE B61 101
MOVE B62 101
MOVE B63 101
MOVE B64 101
MOVE B65 101
MOVE B66 101
MOVE B67 101
MOVE B68 101
MOVE B70 101
MOVE B71 101
MOVE B72 101
MOVE B73 101
MOVE B75 101
MOVE B76 101
MOVE B77 101
MOVE B78 101
MOVE B81 8
MOVE B82 15
MOVE B83 101
MOVE B84 101
MOVE B85 101
MOVE B86 101
MOVE B87 101
MOVE B88 101
MOVE B89 101
MOVE B90 101
MOVE B91 101
MOVE B92 101
MOVE B93 101
MOVE B94 101
MOVE B95 21
MOVE B96 101
MOVE B97 101
MOVE B98 101
MOVE B99 101
MOVE B100 101
MOVE B101 101
MOVE B102 101
MOVE B103 101
MOVE B104 101
MOVE B105 101
MOVE B106 101
MOVE B107 101
MOVE B108 101
MOVE B109 101
MOVE B110 101
MOVE B111 101
MOVE B112 101
MOVE B113 101
MOVE B114 115
MOVE B115 115
MOVE B116 156
MOVE B117 156
MOVE B118 156
MOVE B119 168
MOVE B120 168
MOVE B121 168
MOVE B122 182
MOVE B123 182
MOVE B124 182
MOVE B125 195
MOVE B126 195
MOVE B127 195
MOVE B128 213
MOVE B129 213
MOVE B130 213
DAMAGE TURRET A53 1
DAMAGE COMBAT B37 1
END TURN 246
TURN 247
COMMAND LEFT START
COMMAND LEFT END
COMMAND RIGHT START
TRAIN 3
COMMAND RIGHT END
TURN 247 RESULT
TIME LEFT 0 5 RIGHT 1 5
TRAIN B134 B135 B136
MOVE A52 21
MOVE B44 74
MOVE B46 74
MOVE B47 74
MOVE B48 74
MOVE B49 74
MOVE B50 74
MOVE B53 74
MOVE B54 74
MOVE B56 74
MOVE B57 74
MOVE B58 74
MOVE B59 74
MOVE B61 74
MOVE B62 74
MOVE B63 74
MOVE B64 74
MOVE B65 74
MOVE B66 74
MOVE B67 74
MOVE B68 74
MOVE B70 74
MOVE B71 74
MOVE B72 74
MOVE B73 74
MOVE B75 74
MOVE B76 74
MOVE B77 74
MOVE B78 74
MOVE B82 8
MOVE B83 74
MOVE B84 74
MOVE B85 74
MOVE B86 74
MOVE B87 74
MOVE B88 74
MOVE B89 74
MOVE B90 74
MOVE B91 74
MOVE B92 74
MOVE B93 74
MOVE B94 74
MOVE B95 7
MOVE B96 74
MOVE B97 74
MOVE B98 74
MOVE B99 74
MOVE B100 74
MOVE B101 74
MOVE B102 74
MOVE B103 74
MOVE B104 74
MOVE B105 74
MOVE B106 74
MOVE B107 74
MOVE B108 74
MOVE B109 74
MOVE B110 74
MOVE B111 74
MOVE B112 74
MOVE B113 74
MOVE B116 129
MOVE B117 129
MOVE B118 129
MOVE B119 156
MOVE B120 156
MOVE B121 156
MOVE B122 168
MOVE B123 168
MOVE B124 168
MOVE B125 182
MOVE B126 182
MOVE B127 182
MOVE B128 195
MOVE B129 195
MOVE B130 195
DAMAGE TURRET B95 2
DAMAGE COMBAT A3 1
DAMAGE COMBAT B95 3
END TURN 247
TURN 248
COMMAND LEFT START
COMMAND LEFT END
COMMAND RIGHT START
TRAIN 3
COMMAND RIGHT END
TURN 248 RESULT
TIME LEFT 0 5 RIGHT 1 5
TRAIN B137 B138 B139
MOVE A52 30
MOVE B44 62
MOVE B46 62
MOVE B47 62
MOVE B48 62
MOVE B49 62
MOVE B50 62
MOVE B53 62
MOVE B54 62
MOVE B56 62
MOVE B57 62
MOVE B58 62
MOVE B59 62
MOVE B61 62
MOVE B62 62
MOVE B63 62
MOVE B64 62
MOVE B65 62
MOVE B66 62
MOVE B67 62
MOVE B68 62
MOVE B70 62
MOVE B71 62
MOVE B72 62
MOVE B73 62
MOVE B75 62
MOVE B76 62
MOVE B77 62
MOVE B78 62
MOVE B83 62
MOVE B84 62
MOVE B85 62
MOVE B86 62
MOVE B87 62
MOVE B88 62
MOVE B89 62
MOVE B90 62
MOVE B91 62
MOVE B92 62
MOVE B93 62
MOVE B94 62
MOVE B96 62
MOVE B97 62
MOVE B98 62
MOVE B99 62
MOVE B100 62
MOVE B101 62
MOVE B102 62
MOVE B103 62
MOVE B104 62
MOVE B105 62
MOVE B106 62
MOVE B107 62
MOVE B108 62
MOVE B109 62
MOVE B110 62
MOVE B111 62
MOVE B112 62
MOVE B113 62
MOVE B116 115
MOVE B117 115
MOVE B118 115
MOVE B119 129
MOVE B120 129
MOVE B121 129
MOVE B122 156
MOVE B123 156
MOVE B124 156
MOVE B125 168
MOVE B126 168
MOVE B127 168
MOVE B128 182
MOVE B129 182
MOVE B130 182
DAMAGE TURRET B95 2
DAMAGE COMBAT A3 1
DAMAGE COMBAT B95 1
END TURN 248
TURN 249
COMMAND LEFT START
COMMAND LEFT END
COMMAND RIGHT START
MOVE B118 7
TRAIN 3
COMMAND RIGHT END
TURN 249 RESULT
TIME LEFT 0 5 RIGHT 0 5
TRAIN B140 B141 B142
MOVE A52 46
MOVE B44 48
MOVE B46 48
MOVE B47 48
MOVE B48 48
MOVE B49 48
MOVE B50 48
MOVE B53 48
MOVE B54 48
MOVE B56 48
MOVE B57 48
MOVE B58 48
MOVE B59 48
MOVE B61 48
MOVE B62 48
MOVE B63 48
MOVE B64 48
MOVE B65 48
MOVE B66 48
MOVE B67 48
MOVE B68 48
MOVE B70 48
MOVE B71 48
MOVE B72 48
MOVE B73 48
MOVE B75 48
MOVE B76 48
MOVE B77 48
MOVE B78 48
MOVE B83 48
MOVE B84 48
MOVE B85 48
MOVE B86 48
MOVE B87 48
MOVE B88 48
MOVE B89 48
MOVE B90 48
MOVE B91 48
MOVE B92 48
MOVE B93 48
MOVE B94 48
MOVE B96 48
MOVE B97 48
MOVE B98 48
MOVE B99 48
MOVE B100 48
MOVE B101 48
MOVE B102 48
MOVE B103 48
MOVE B104 48
MOVE B105 48
MOVE B106 48
MOVE B107 48
MOVE B108 48
MOVE B109 48
MOVE B110 48
MOVE B111 48
MOVE B112 48
MOVE B113 48
MOVE B118 101
MOVE B119 115
MOVE B120 115
MOVE B121 115
MOVE B122 129
MOVE B123 129
MOVE B124 129
MOVE B125 156
MOVE B126 156
MOVE B127 156
MOVE B128 168
MOVE B129 168
MOVE B130 168
END TURN 249
TURN 250
COMMAND LEFT START
COMMAND LEFT END
COMMAND RIGHT START
TRAIN 3
COMMAND RIGHT END
TURN 250 RESULT
TIME LEFT 0 5 RIGHT 0 5
TRAIN B143 B144 B145
MOVE A52 53
MOVE B44 35
MOVE B46 35
MOVE B47 35
MOVE B48 35
MOVE B49 35
MOVE B50 35
MOVE B53 35
MOVE B54 35
MOVE B56 35
MOVE B57 35
MOVE B58 35
MOVE B59 35
MOVE B61 35
MOVE B62 35
MOVE B63 35
MOVE B64 35
MOVE B65 35
MOVE B66 35
MOVE B67 35
MOVE B68 35
MOVE B70 35
MOVE B71 35
MOVE B72 35
MOVE B73 35
MOVE B75 35
MOVE B76 35
MOVE B77 35
MOVE B78 35
MOVE B83 35
MOVE B84 35
MOVE B85 35
MOVE B86 35
MOVE B87 35
MOVE B88 35
MOVE B89 35
MOVE B90 35
MOVE B91 35
MOVE B92 35
MOVE B93 35
MOVE B94 35
MOVE B96 35
MOVE B97 35
MOVE B98 35
MOVE B99 35
MOVE B100 35
MOVE B101 35
MOVE B102 35
MOVE B103 35
MOVE B104 35
MOVE B105 35
MOVE B106 35
MOVE B107 35
MOVE B108 35
MOVE B109 35
MOVE B110 35
MOVE B111 35
MOVE B112 35
MOVE B113 35
MOVE B118 86
MOVE B122 115
MOVE B123 115
MOVE B124 115
MOVE B125 129
MOVE B126 129
MOVE B127 129
MOVE B128 156
MOVE B129 156
MOVE B130 156
END TURN 250
TURN 251
COMMAND LEFT START
COMMAND LEFT END
COMMAND RIGHT START
TRAIN 3
COMMAND RIGHT END
TURN 251 RESULT
TIME LEFT 0 5 RIGHT 0 5
TRAIN B146 B147 B148
MOVE A52 59
MOVE B44 17
MOVE B46 17
MOVE B47 17
MOVE B48 17
MOVE B49 17
MOVE B50 17
MOVE B53 17
MOVE B54 17
MOVE B56 17
MOVE B57 17
MOVE B58 17
MOVE B59 17
MOVE B61 17
MOVE B62 17
MOVE B63 17
MOVE B64 17
MOVE B65 17
MOVE B66 17
MOVE B67 17
MOVE B68 17
MOVE B70 17
MOVE B71 17
MOVE B72 17
MOVE B73 17
MOVE B75 17
MOVE B76 17
MOVE B77 17
MOVE B78 17
MOVE B83 17
MOVE B84 17
MOVE B85 17
MOVE B86 17
MOVE B87 17
MOVE B88 17
MOVE B89 17
MOVE B90 17
MOVE B91 17
MOVE B92 17
MOVE B93 17
MOVE B94 17
MOVE B96 17
MOVE B97 17
MOVE B98 17
MOVE B99 17
MOVE B100 17
MOVE B101 17
MOVE B102 17
MOVE B103 17
MOVE B104 17
MOVE B105 17
MOVE B106 17
MOVE B107 17
MOVE B108 17
MOVE B109 17
MOVE B110 17
MOVE B111 17
MOVE B112 17
MOVE B113 17
MOVE B118 70
MOVE B125 115
MOVE B126 115
MOVE B127 115
MOVE B128 129
MOVE B129 129
MOVE B130 129
END TURN 251
TURN 252
COMMAND LEFT START
COMMAND LEFT END
COMMAND RIGHT START
TRAIN 3
COMMAND RIGHT END
TURN 252 RESULT
TIME LEFT 2 5 RIGHT 0 5
TRAIN B149 B150 B151
MOVE A52 72
MOVE B44 9
MOVE B46 9
MOVE B47 9
MOVE B48 9
MOVE B49 9
MOVE B50 9
MOVE B53 9
MOVE B54 9
MOVE B56 9
MOVE B57 9
MOVE B58 9
MOVE B59 9
MOVE B61 9
MOVE B62 9
MOVE B63 9
MOVE B64 9
MOVE B65 9
MOVE B66 9
MOVE B67 9
MOVE B68 9
MOVE B70 9
MOVE B71 9
MOVE B72 9
MOVE B73 9
MOVE B75 9
MOVE B76 9
MOVE B77 9
MOVE B78 9
MOVE B83 9
MOVE B84 9
MOVE B85 9
MOVE B86 9
MOVE B87 9
MOVE B88 9
MOVE B89 9
MOVE B90 9
MOVE B91 9
MOVE B92 9
MOVE B93 9
MOVE B94 9
MOVE B96 9
MOVE B97 9
MOVE B98 9
MOVE B99 9
MOVE B100 9
MOVE B101 9
MOVE B102 9
MOVE B103 9
MOVE B104 9
MOVE B105 9
MOVE B106 9
MOVE B107 9
MOVE B108 9
MOVE B109 9
MOVE B110 9
MOVE B111 9
MOVE B112 9
MOVE B113 9
MOVE B118 61
MOVE B128 115
MOVE B129 115
MOVE B130 115
DAMAGE TURRET A52 2
DAMAGE COMBAT A52 3
DAMAGE COMBAT B35 1
END TURN 252
TURN 253
COMMAND LEFT START
COMMAND LEFT END
COMMAND RIGHT START
TRAIN 3
COMMAND RIGHT END
TURN 253 RESULT
TIME LEFT 0 5 RIGHT 0 5
TRAIN B152 B153 B154
MOVE B44 0
MOVE B46 0
MOVE B47 0
MOVE B48 0
MOVE B49 0
MOVE B50 0
MOVE B53 0
MOVE B54 0
MOVE B56 0
MOVE B57 0
MOVE B58 0
MOVE B59 0
MOVE B61 0
MOVE B62 0
MOVE B63 0
MOVE B64 0
MOVE B65 0
MOVE B66 0
MOVE B67 0
MOVE B68 0
MOVE B70 0
MOVE B71 0
MOVE B72 0
MOVE B73 0
MOVE B75 0
MOVE B76 0
MOVE B77 0
MOVE B78 0
MOVE B83 0
MOVE B84 0
MOVE B85 0
MOVE B86 0
MOVE B87 0
MOVE B88 0
MOVE B89 0
MOVE B90 0
MOVE B91 0
MOVE B92 0
MOVE B93 0
MOVE B94 0
MOVE B96 0
MOVE B97 0
MOVE B98 0
MOVE B99 0
MOVE B100 0
MOVE B101 0
MOVE B102 0
MOVE B103 0
MOVE B104 0
MOVE B105 0
MOVE B106 0
MOVE B107 0
MOVE B108 0
MOVE B109 0
MOVE B110 0
MOVE B111 0
MOVE B112 0
MOVE B113 0
MOVE B118 47
DAMAGE TURRET A52 1
DAMAGE TURRET B44 2
DAMAGE COMBAT A1 4
DAMAGE COMBAT A2 4
DAMAGE COMBAT A8 6
DAMAGE COMBAT A11 6
DAMAGE COMBAT A12 6
DAMAGE COMBAT A13 6
DAMAGE COMBAT A14 6
DAMAGE COMBAT A15 6
DAMAGE COMBAT A16 6
DAMAGE COMBAT A17 6
DAMAGE COMBAT A18 2
DAMAGE COMBAT B35 1
DAMAGE COMBAT B44 5
DAMAGE COMBAT B46 7
DAMAGE COMBAT B47 7
DAMAGE COMBAT B48 7
DAMAGE COMBAT B49 7
DAMAGE COMBAT B50 7
DAMAGE COMBAT B53 4
END TURN 253
TURN 254
COMMAND LEFT START
COMMAND LEFT END
COMMAND RIGHT START
TRAIN 3
COMMAND RIGHT END
TURN 254 RESULT
TIME LEFT 0 5 RIGHT 0 5
TRAIN B155 B156 B157
MOVE B118 32
DAMAGE TURRET B53 2
DAMAGE COMBAT A18 4
DAMAGE COMBAT A19 6
DAMAGE COMBAT A20 6
DAMAGE COMBAT A21 6
DAMAGE COMBAT A22 6
DAMAGE COMBAT A23 6
DAMAGE COMBAT A24 6
DAMAGE COMBAT A25 6
DAMAGE COMBAT A26 6
DAMAGE COMBAT B53 1
DAMAGE COMBAT B54 7
DAMAGE COMBAT B56 8
DAMAGE COMBAT B57 8
DAMAGE COMBAT B58 8
DAMAGE COMBAT B59 2
END TURN 254
TURN 255
COMMAND LEFT START
COMMAND LEFT END
COMMAND RIGHT START
TRAIN 3
COMMAND RIGHT END
TURN 255 RESULT
TIME LEFT 0 5 RIGHT 0 5
TRAIN B158 B159 B160
MOVE B118 21
DAMAGE TURRET B59 2
DAMAGE COMBAT A27 6
DAMAGE COMBAT A28 6
DAMAGE COMBAT A29 6
DAMAGE COMBAT A30 6
DAMAGE COMBAT A31 6
DAMAGE COMBAT A32 6
DAMAGE COMBAT A33 6
DAMAGE COMBAT A34 5
DAMAGE COMBAT B59 4
DAMAGE COMBAT B61 8
DAMAGE COMBAT B62 8
DAMAGE COMBAT B63 5
END TURN 255
TURN 256
COMMAND LEFT START
TRAIN 2
COMMAND LEFT END
COMMAND RIGHT START
TRAIN 3
COMMAND RIGHT END
TURN 256 RESULT
TIME LEFT 0 5 RIGHT 0 5
TRAIN A55 A56 B161 B162 B163
MOVE B118 7
DAMAGE TURRET B63 2
DAMAGE TURRET B118 2
DAMAGE COMBAT A4 1
DAMAGE COMBAT A34 1
DAMAGE COMBAT A35 6
DAMAGE COMBAT A36 6
DAMAGE COMBAT A37 6
DAMAGE COMBAT A38 6
DAMAGE COMBAT A39 6
DAMAGE COMBAT A40 6
DAMAGE COMBAT A41 6
DAMAGE COMBAT A42 1
DAMAGE COMBAT B63 1
DAMAGE COMBAT B64 8
DAMAGE COMBAT B65 8
DAMAGE COMBAT B66 3
DAMAGE COMBAT B118 2
END TURN 256
TURN 257
COMMAND LEFT START
TRAIN 2
COMMAND LEFT END
COMMAND RIGHT START
TRAIN 3
COMMAND RIGHT END
TURN 257 RESULT
TIME LEFT 0 5 RIGHT 0 5
TRAIN A57 A58 B164 B165 B166
DAMAGE TURRET B66 2
DAMAGE TURRET B118 2
DAMAGE COMBAT A4 1
DAMAGE COMBAT A42 5
DAMAGE COMBAT A43 6
DAMAGE COMBAT A44 6
DAMAGE COMBAT A45 6
DAMAGE COMBAT A46 6
DAMAGE COMBAT A47 6
DAMAGE COMBAT A48 6
DAMAGE COMBAT B66 3
DAMAGE COMBAT B67 8
DAMAGE COMBAT B68 3
DAMAGE COMBAT B118 2
END TURN 257
TURN 258
COMMAND LEFT START
TRAIN 1
COMMAND LEFT END
COMMAND RIGHT START
MOVE B130 7
MOVE B129 7
MOVE B128 7
MOVE B127 7
MOVE B126 7
MOVE B125 7
MOVE B124 7
MOVE B123 7
MOVE B122 7
MOVE B121 7
MOVE B120 7
MOVE B119 7
MOVE B117 7
MOVE B116 7
MOVE B115 7
MOVE B114 7
COMMAND RIGHT END
TURN 258 RESULT
TIME LEFT 0 5 RIGHT 0 5
TRAIN A59
MOVE B114 101
MOVE B115 101
MOVE B116 101
MOVE B117 101
MOVE B119 101
MOVE B120 101
MOVE B121 101
MOVE B122 101
MOVE B123 101
MOVE B124 101
MOVE B125 101
MOVE B126 101
MOVE B127 101
MOVE B128 101
MOVE B129 101
MOVE B130 101
DAMAGE TURRET B68 2
DAMAGE COMBAT A49 6
DAMAGE COMBAT A50 6
DAMAGE COMBAT A51 6
DAMAGE COMBAT A55 6
DAMAGE COMBAT A56 6
DAMAGE COMBAT A57 6
DAMAGE COMBAT A58 3
DAMAGE COMBAT B68 3
DAMAGE COMBAT B70 5
END TURN 258
TURN 259
COMMAND LEFT START
TRAIN 2
COMMAND LEFT END
COMMAND RIGHT START
MOVE B17 115
MOVE B166 115
MOVE B165 115
MOVE B164 115
MOVE B163 115
MOVE B162 115
MOVE B161 115
MOVE B160 115
MOVE B159 115
TRAIN 3
COMMAND RIGHT END
TURN 259 RESULT
TIME LEFT 0 5 RIGHT 0 5
TRAIN A60 A61 B167 B168 B169
MOVE B17 221
MOVE B114 86
MOVE B115 86
MOVE B116 86
MOVE B117 86
MOVE B119 86
MOVE B120 86
MOVE B121 86
MOVE B122 86
MOVE B123 86
MOVE B124 86
MOVE B125 86
MOVE B126 86
MOVE B127 86
MOVE B128 86
MOVE B129 86
MOVE B130 86
MOVE B159 221
MOVE B160 221
MOVE B161 221
MOVE B162 221
MOVE B163 221
MOVE B164 221
MOVE B165 221
MOVE B166 221
DAMAGE TURRET B70 2
DAMAGE COMBAT A58 3
DAMAGE COMBAT A59 6
DAMAGE COMBAT A60 6
DAMAGE COMBAT A61 6
DAMAGE COMBAT B70 1
DAMAGE COMBAT B71 3
SIEGE A 0 17
END TURN 259
TURN 260
COMMAND LEFT START
TRAIN 2
COMMAND LEFT END
COMMAND RIGHT START
MOVE B169 115
MOVE B168 115
TRAIN 3
COMMAND RIGHT END
TURN 260 RESULT
TIME LEFT 0 5 RIGHT 0 5
TRAIN A62 A63 B170 B171 B172
MOVE B17 213
MOVE B114 70
MOVE B115 70
MOVE B116 70
MOVE B117 70
MOVE B119 70
MOVE B120 70
MOVE B121 70
MOVE B122 70
MOVE B123 70
MOVE B124 70
MOVE B125 70
MOVE B126 70
MOVE B127 70
MOVE B128 70
MOVE B129 70
MOVE B130 70
MOVE B159 213
MOVE B160 213
MOVE B161 213
MOVE B162 213
MOVE B163 213
MOVE B164 213
MOVE B165 213
MOVE B166 213
MOVE B168 221
MOVE B169 221
DAMAGE TURRET B71 2
DAMAGE COMBAT A62 6
DAMAGE COMBAT A63 6
DAMAGE COMBAT B71 2
SIEGE A 0 3
END TURN 260
RESULT RIGHT_WIN HQ_DESTROYED
