[LEFT ""]
[RIGHT ""]
MAP
227 19
-11092 -10888 -10284 -10298 -10150 -9031 -9392 -8665 -9458 -8261 -8388 -8159 -9055 -8269 -7742 -7811 -7682 -7357 -8036 -7403 -7364 -7157 -7097 -7025 -7036 -6942 -6797 -6383 -6284 -6332 -6147 -6199 -5915 -5948 -5772 -5827 -6815 -5804 -5610 -5776 -5474 -5434 -5197 -5730 -4935 -4924 -4767 -4663 -4651 -5541 -4449 -4311 -4547 -4459 -4279 -4408 -4211 -3891 -3831 -3796 -3782 -3841 -3723 -3684 -3851 -3380 -3255 -3119 -3195 -3279 -2838 -3005 -3049 -2863 -3780 -2644 -2311 -2613 -2502 -2365 -2306 -2286 -2542 -2208 -2152 -2056 -1912 -1938 -1961 -1735 -1612 -1344 -1556 -1257 -1116 -1270 -1138 -1004 -908 -905 -1118 -999 -964 -842 -578 -550 -107 -216 -406 -138 -200 -67 -12 0 12 67 200 138 406 216 107 550 578 842 964 999 1118 905 908 1004 1138 1270 1116 1257 1556 1344 1612 1735 1961 1938 1912 2056 2152 2208 2542 2286 2306 2365 2502 2613 2311 2644 3780 2863 3049 3005 2838 3279 3195 3119 3255 3380 3851 3684 3723 3841 3782 3796 3831 3891 4211 4408 4279 4459 4547 4311 4449 5541 4651 4663 4767 4924 4935 5730 5197 5434 5474 5776 5610 5804 6815 5827 5772 5948 5915 6199 6147 6332 6284 6383 6797 6942 7036 7025 7097 7157 7364 7403 8036 7357 7682 7811 7742 8269 9055 8159 8388 8261 9458 8665 9392 9031 10150 10298 10284 10888 11092
92 -1945 4165 2318 -4021 73 1163 -1763 5764 3111 -2886 -240 -6659 -4715 1921 4413 5617 -3049 7657 -848 776 -2048 -4061 -6185 3991 2900 5039 -4864 981 5880 -1213 1972 4093 -91 3074 -3332 -8056 -2189 5000 6769 -4879 -6416 1366 -9614 2741 -1631 -7473 5430 -2874 8845 6583 -5216 4371 -878 1792 162 -4015 -8025 3728 2753 -2098 -6504 7463 937 -10032 4875 -1196 -4269 -2885 8665 -363 1795 6114 7598 10546 -7351 475 3080 -6215 -3683 4803 -1570 -10542 -8364 -5248 7113 -2411 10766 1698 8275 6007 -3002 3287 -7726 -3909 -9810 4357 9453 2232 7490 -1070 1088 -5063 -6664 5321 -5833 2984 -7553 6481 -4342 -11204 -1299 8585 0 -8585 1299 11204 4342 -6481 7553 -2984 5833 -5321 6664 5063 -1088 1070 -7490 -2232 -9453 -4357 9810 3909 7726 -3287 3002 -6007 -8275 -1698 -10766 2411 -7113 5248 8364 10542 1570 -4803 3683 6215 -3080 -475 7351 -10546 -7598 -6114 -1795 363 -8665 2885 4269 1196 -4875 10032 -937 -7463 6504 2098 -2753 -3728 8025 4015 -162 -1792 878 -4371 5216 -6583 -8845 2874 -5430 7473 1631 -2741 9614 -1366 6416 4879 -6769 -5000 2189 8056 3332 -3074 91 -4093 -1972 1213 -5880 -981 4864 -5039 -2900 -3991 6185 4061 2048 -776 848 -7657 3049 -5617 -4413 -1921 4715 6659 240 2886 -3111 -5764 1763 -1163 -73 4021 -2318 -4165 1945 -92
STRONGHOLDS 2 6 10 16 23 44 50 51 112 113 114 175 176 182 203 210 216 220 224
4 1 3 5 6
5 0 4 5 7 10
4 3 8 9 15
4 0 2 6 9
4 1 10 12 13
6 0 1 6 7 11 20
6 0 3 5 9 14 20
6 1 5 10 11 19 21
4 2 15 16 18
7 2 3 6 14 15 24 25
7 1 4 7 13 17 21 22
4 5 7 19 20
4 4 13 23 36
6 4 10 12 22 23 27
5 6 9 20 25 31
6 2 8 9 16 24 26
5 8 15 18 26 29
5 10 21 22 35 37
5 8 16 29 39 49
6 7 11 20 21 30 33
8 5 6 11 14 19 28 31 33
6 7 10 17 19 30 37
5 10 13 17 27 35
5 12 13 27 36 41
6 9 15 25 26 32 34
5 9 14 24 31 34
6 15 16 24 29 32 38
6 13 22 23 35 40 41
4 20 31 33 42
6 16 18 26 38 39 47
6 19 21 33 37 45 53
7 14 20 25 28 34 42 44
5 24 26 34 38 52
7 19 20 28 30 42 53 55
6 24 25 31 32 44 52
7 17 22 27 37 40 48 56
5 12 23 41 43 46
6 17 21 30 35 45 48
5 26 29 32 47 52
5 18 29 47 49 50
5 27 35 41 51 56
7 23 27 36 40 46 51 61
7 28 31 33 44 54 55 63
4 36 46 57 64
7 31 34 42 52 54 58 59
5 30 37 48 53 60
5 36 41 43 57 61
7 29 38 39 50 52 65 72
6 35 37 45 56 60 68
6 18 39 50 62 69 74
5 39 47 49 62 72
7 40 41 56 61 67 78 84
7 32 34 38 44 47 58 65
7 30 33 45 55 60 66 70
5 42 44 59 63 71
5 33 42 53 63 70
6 35 40 48 51 67 68
6 43 46 61 64 75 83
6 44 52 59 65 77 80
5 44 54 58 71 77
6 45 48 53 66 68 81
6 41 46 51 57 75 78
5 49 50 69 72 73
6 42 54 55 70 71 76
4 43 57 82 83
5 47 52 58 72 80
4 53 60 70 81
5 51 56 68 79 84
7 48 56 60 67 79 81 86
7 49 62 73 74 87 89 97
7 53 55 63 66 76 81 100
6 54 59 63 76 77 88
8 47 50 62 65 73 80 85 90
5 62 69 72 85 89
3 49 69 87
6 57 61 78 83 93 103
6 63 70 71 88 100 101
6 58 59 71 80 88 92
5 51 61 75 84 103
6 67 68 84 86 91 94
7 58 65 72 77 90 92 96
6 60 66 68 70 86 100
4 64 83 95 110
6 57 64 75 82 93 95
8 51 67 78 79 94 102 103 105
5 72 73 89 90 99
5 68 79 81 91 100
4 69 74 97 116
6 71 76 77 92 98 101
6 69 73 85 97 99 112
7 72 80 85 96 99 104 108
6 79 86 94 100 111 120
6 77 80 88 96 98 106
6 75 83 95 103 107 114
6 79 84 91 102 109 120
6 82 83 93 110 114 129
6 80 90 92 104 106 117
6 69 87 89 112 116 131
5 88 92 101 106 115
6 85 89 90 108 112 119
8 70 76 81 86 91 101 111 113
6 76 88 98 100 113 115
5 84 94 105 109 122
7 75 78 84 93 105 107 118
6 90 96 108 117 121 124
5 84 102 103 118 122
7 92 96 98 115 117 132 135
5 93 103 114 118 127
6 90 99 104 119 121 123
5 94 102 120 122 130
4 82 95 129 139
6 91 100 113 120 125 128
6 89 97 99 119 131 133
6 100 101 111 115 125 126
6 93 95 107 127 129 137
6 98 101 106 113 126 135
4 87 97 131 144
5 96 104 106 124 132
6 103 105 107 122 127 136
5 99 108 112 123 133
7 91 94 109 111 128 130 134
5 104 108 123 124 142
6 102 105 109 118 130 136
7 108 119 121 133 142 148 151
5 104 117 121 132 142
6 111 113 126 128 138 150
8 113 115 125 135 140 145 150 156
6 107 114 118 136 137 141
5 111 120 125 134 138
6 95 110 114 137 139 157
6 109 120 122 134 136 146
6 97 112 116 133 143 144
6 106 117 124 135 142 147
6 112 119 123 131 143 151
6 120 128 130 138 146 149
6 106 115 126 132 140 147
7 118 122 127 130 141 146 154
6 114 127 129 141 153 157
6 125 128 134 149 150 155
4 110 129 152 157
5 126 135 145 147 158
5 127 136 137 153 154
8 121 123 124 132 147 148 159 175
6 131 133 144 151 162 169
4 116 131 143 162
6 126 140 156 158 160 166
7 130 134 136 149 154 161 168
6 132 135 140 142 158 159
5 123 142 151 165 175
6 134 138 146 155 167 168
6 125 126 138 155 156 163
6 123 133 143 148 165 169
3 139 157 177
5 137 141 154 157 164
8 136 141 146 153 161 164 176 179
6 138 149 150 163 167 172
7 126 145 150 160 163 171 173
7 129 137 139 152 153 164 177
7 140 145 147 159 166 170 178
5 142 147 158 170 175
4 145 156 166 173
5 146 154 168 174 179
4 143 144 169 183
6 150 155 156 171 172 184
5 153 154 157 176 177
6 148 151 169 175 180 185
6 145 158 160 173 178 181
5 149 155 168 172 182
6 146 149 161 167 174 182
6 143 151 162 165 180 183
6 158 159 175 178 186 191
5 156 163 173 184 193
5 155 163 167 182 184
7 156 160 166 171 181 193 196
7 161 168 179 182 188 192 194
7 142 148 159 165 170 185 186
5 154 164 177 179 187
6 152 157 164 176 187 208
6 158 166 170 181 189 191
7 154 161 174 176 187 188 197
5 165 169 183 185 190
5 166 173 178 189 196
7 167 168 172 174 184 192 195
4 162 169 180 190
7 163 171 172 182 193 195 198
7 165 175 180 186 190 199 203
5 170 175 185 191 199
5 176 177 179 197 208
5 174 179 194 197 200
6 178 181 191 196 205 209
5 180 183 185 203 214
7 170 178 186 189 199 204 209
6 174 182 194 195 201 202
7 171 173 184 196 198 206 207
5 174 188 192 200 202
7 182 184 192 198 201 206 212
6 173 181 189 193 205 207
6 179 187 188 200 208 210
4 184 193 195 206
6 185 186 191 203 204 213
6 188 194 197 202 210 211
5 192 195 202 212 217
6 192 194 200 201 211 217
5 185 190 199 213 214
5 191 199 209 213 216
6 189 196 207 209 216 219
8 193 195 198 207 212 215 220 221
6 193 196 205 206 215 219
5 177 187 197 210 218
5 189 191 204 205 216
5 197 200 208 211 218
6 200 202 210 217 218 224
5 195 201 206 217 220
6 199 203 204 214 216 222
4 190 203 213 222
4 206 207 219 221
7 204 205 209 213 219 222 225
7 201 202 211 212 220 223 224
4 208 210 211 224
6 205 207 215 216 221 225
6 206 212 217 221 223 226
6 206 215 219 220 225 226
4 213 214 216 225
4 217 220 224 226
4 211 217 218 223
5 216 219 221 222 226
4 220 221 223 225
END MAP
TURN 1
COMMAND LEFT START
MOVE A1 6
MOVE A2 113
COMMAND LEFT END
COMMAND RIGHT START
MOVE B2 100
MOVE B3 220
TRAIN 1
COMMAND RIGHT END
TURN 1 RESULT
TIME LEFT 7 5 RIGHT 5 5
TRAIN B4
MOVE A1 6
MOVE A2 5
MOVE B2 221
MOVE B3 220
END TURN 1
TURN 2
COMMAND LEFT START
UPGRADE 6
COMMAND LEFT END
COMMAND RIGHT START
UPGRADE 220
COMMAND RIGHT END
TURN 2 RESULT
TIME LEFT 0 5 RIGHT 0 5
UPGRADE A 6
UPGRADE B 220
MOVE A2 20
MOVE B2 206
END TURN 2
TURN 3
COMMAND LEFT START
COMMAND LEFT END
COMMAND RIGHT START
COMMAND RIGHT END
TURN 3 RESULT
TIME LEFT 0 5 RIGHT 0 5
MOVE A2 28
MOVE B2 198
END TURN 3
TURN 4
COMMAND LEFT START
COMMAND LEFT END
COMMAND RIGHT START
COMMAND RIGHT END
TURN 4 RESULT
TIME LEFT 0 5 RIGHT 0 5
MOVE A2 42
MOVE B2 184
END TURN 4
TURN 5
COMMAND LEFT START
COMMAND LEFT END
COMMAND RIGHT START
COMMAND RIGHT END
TURN 5 RESULT
TIME LEFT 0 5 RIGHT 0 5
MOVE A2 63
MOVE B2 163
END TURN 5
TURN 6
COMMAND LEFT START
COMMAND LEFT END
COMMAND RIGHT START
COMMAND RIGHT END
TURN 6 RESULT
TIME LEFT 0 5 RIGHT 0 5
MOVE A2 76
MOVE B2 150
END TURN 6
TURN 7
COMMAND LEFT START
COMMAND LEFT END
COMMAND RIGHT START
COMMAND RIGHT END
TURN 7 RESULT
TIME LEFT 0 5 RIGHT 0 5
MOVE A2 101
MOVE B2 125
END TURN 7
TURN 8
COMMAND LEFT START
COMMAND LEFT END
COMMAND RIGHT START
COMMAND RIGHT END
TURN 8 RESULT
TIME LEFT 0 5 RIGHT 0 5
MOVE A2 113
MOVE B2 111
END TURN 8
TURN 9
COMMAND LEFT START
COMMAND LEFT END
COMMAND RIGHT START
COMMAND RIGHT END
TURN 9 RESULT
TIME LEFT 0 5 RIGHT 0 5
MOVE B2 100
END TURN 9
TURN 10
COMMAND LEFT START
COMMAND LEFT END
COMMAND RIGHT START
MOVE B2 216
COMMAND RIGHT END
TURN 10 RESULT
TIME LEFT 0 5 RIGHT 0 5
MOVE B2 111
END TURN 10
TURN 11
COMMAND LEFT START
COMMAND LEFT END
COMMAND RIGHT START
COMMAND RIGHT END
TURN 11 RESULT
TIME LEFT 0 5 RIGHT 0 5
MOVE B2 125
END TURN 11
TURN 12
COMMAND LEFT START
COMMAND LEFT END
COMMAND RIGHT START
COMMAND RIGHT END
TURN 12 RESULT
TIME LEFT 0 5 RIGHT 0 5
MOVE B2 150
END TURN 12
TURN 13
COMMAND LEFT START
UPGRADE 113
COMMAND LEFT END
COMMAND RIGHT START
COMMAND RIGHT END
TURN 13 RESULT
TIME LEFT 0 5 RIGHT 0 5
UPGRADE A 113
MOVE B2 156
END TURN 13
TURN 14
COMMAND LEFT START
COMMAND LEFT END
COMMAND RIGHT START
MOVE B4 220
COMMAND RIGHT END
TURN 14 RESULT
TIME LEFT 0 5 RIGHT 0 5
MOVE B2 173
MOVE B4 220
END TURN 14
TURN 15
COMMAND LEFT START
COMMAND LEFT END
COMMAND RIGHT START
COMMAND RIGHT END
TURN 15 RESULT
TIME LEFT 0 5 RIGHT 0 5
MOVE B2 196
END TURN 15
TURN 16
COMMAND LEFT START
TRAIN 1
COMMAND LEFT END
COMMAND RIGHT START
COMMAND RIGHT END
TURN 16 RESULT
TIME LEFT 0 5 RIGHT 0 5
TRAIN A4
MOVE B2 205
END TURN 16
TURN 17
COMMAND LEFT START
COMMAND LEFT END
COMMAND RIGHT START
COMMAND RIGHT END
TURN 17 RESULT
TIME LEFT 0 5 RIGHT 0 5
MOVE B2 216
END TURN 17
TURN 18
COMMAND LEFT START
COMMAND LEFT END
COMMAND RIGHT START
COMMAND RIGHT END
TURN 18 RESULT
TIME LEFT 0 5 RIGHT 0 5
END TURN 18
TURN 19
COMMAND LEFT START
COMMAND LEFT END
COMMAND RIGHT START
COMMAND RIGHT END
TURN 19 RESULT
TIME LEFT 0 5 RIGHT 0 5
END TURN 19
TURN 20
COMMAND LEFT START
COMMAND LEFT END
COMMAND RIGHT START
UPGRADE 216
COMMAND RIGHT END
TURN 20 RESULT
TIME LEFT 0 5 RIGHT 0 5
UPGRADE B 216
END TURN 20
TURN 21
COMMAND LEFT START
COMMAND LEFT END
COMMAND RIGHT START
MOVE B4 224
COMMAND RIGHT END
TURN 21 RESULT
TIME LEFT 0 5 RIGHT 0 5
MOVE B4 223
END TURN 21
TURN 22
COMMAND LEFT START
COMMAND LEFT END
COMMAND RIGHT START
COMMAND RIGHT END
TURN 22 RESULT
TIME LEFT 0 5 RIGHT 0 5
MOVE B4 224
END TURN 22
TURN 23
COMMAND LEFT START
COMMAND LEFT END
COMMAND RIGHT START
COMMAND RIGHT END
TURN 23 RESULT
TIME LEFT 0 5 RIGHT 0 5
END TURN 23
TURN 24
COMMAND LEFT START
COMMAND LEFT END
COMMAND RIGHT START
COMMAND RIGHT END
TURN 24 RESULT
TIME LEFT 0 5 RIGHT 0 5
END TURN 24
TURN 25
COMMAND LEFT START
COMMAND LEFT END
COMMAND RIGHT START
COMMAND RIGHT END
TURN 25 RESULT
TIME LEFT 0 5 RIGHT 0 5
END TURN 25
TURN 26
COMMAND LEFT START
COMMAND LEFT END
COMMAND RIGHT START
COMMAND RIGHT END
TURN 26 RESULT
TIME LEFT 0 5 RIGHT 0 5
END TURN 26
TURN 27
COMMAND LEFT START
COMMAND LEFT END
COMMAND RIGHT START
COMMAND RIGHT END
TURN 27 RESULT
TIME LEFT 0 5 RIGHT 0 5
END TURN 27
TURN 28
COMMAND LEFT START
MOVE A3 2
COMMAND LEFT END
COMMAND RIGHT START
COMMAND RIGHT END
TURN 28 RESULT
TIME LEFT 0 5 RIGHT 0 5
MOVE A3 3
END TURN 28
TURN 29
COMMAND LEFT START
COMMAND LEFT END
COMMAND RIGHT START
COMMAND RIGHT END
TURN 29 RESULT
TIME LEFT 0 5 RIGHT 0 5
MOVE A3 2
END TURN 29
TURN 30
COMMAND LEFT START
UPGRADE 2
COMMAND LEFT END
COMMAND RIGHT START
COMMAND RIGHT END
TURN 30 RESULT
TIME LEFT 0 5 RIGHT 0 5
UPGRADE A 2
END TURN 30
TURN 31
COMMAND LEFT START
COMMAND LEFT END
COMMAND RIGHT START
COMMAND RIGHT END
TURN 31 RESULT
TIME LEFT 0 5 RIGHT 0 5
END TURN 31
TURN 32
COMMAND LEFT START
COMMAND LEFT END
COMMAND RIGHT START
COMMAND RIGHT END
TURN 32 RESULT
TIME LEFT 0 5 RIGHT 0 5
END TURN 32
TURN 33
COMMAND LEFT START
TRAIN 1
COMMAND LEFT END
COMMAND RIGHT START
COMMAND RIGHT END
TURN 33 RESULT
TIME LEFT 0 5 RIGHT 0 5
TRAIN A5
END TURN 33
TURN 34
COMMAND LEFT START
COMMAND LEFT END
COMMAND RIGHT START
UPGRADE 224
COMMAND RIGHT END
TURN 34 RESULT
TIME LEFT 0 5 RIGHT 0 5
UPGRADE B 224
END TURN 34
TURN 35
COMMAND LEFT START
COMMAND LEFT END
COMMAND RIGHT START
COMMAND RIGHT END
TURN 35 RESULT
TIME LEFT 0 5 RIGHT 0 5
END TURN 35
TURN 36
COMMAND LEFT START
COMMAND LEFT END
COMMAND RIGHT START
COMMAND RIGHT END
TURN 36 RESULT
TIME LEFT 0 5 RIGHT 0 5
END TURN 36
TURN 37
COMMAND LEFT START
COMMAND LEFT END
COMMAND RIGHT START
COMMAND RIGHT END
TURN 37 RESULT
TIME LEFT 0 5 RIGHT 0 5
END TURN 37
TURN 38
COMMAND LEFT START
COMMAND LEFT END
COMMAND RIGHT START
COMMAND RIGHT END
TURN 38 RESULT
TIME LEFT 0 5 RIGHT 0 5
END TURN 38
TURN 39
COMMAND LEFT START
COMMAND LEFT END
COMMAND RIGHT START
COMMAND RIGHT END
TURN 39 RESULT
TIME LEFT 0 5 RIGHT 0 5
END TURN 39
TURN 40
COMMAND LEFT START
COMMAND LEFT END
COMMAND RIGHT START
COMMAND RIGHT END
TURN 40 RESULT
TIME LEFT 0 5 RIGHT 0 5
END TURN 40
TURN 41
COMMAND LEFT START
MOVE A5 10
COMMAND LEFT END
COMMAND RIGHT START
COMMAND RIGHT END
TURN 41 RESULT
TIME LEFT 0 5 RIGHT 0 5
MOVE A5 1
END TURN 41
TURN 42
COMMAND LEFT START
COMMAND LEFT END
COMMAND RIGHT START
COMMAND RIGHT END
TURN 42 RESULT
TIME LEFT 0 5 RIGHT 0 5
MOVE A5 10
END TURN 42
TURN 43
COMMAND LEFT START
UPGRADE 10
COMMAND LEFT END
COMMAND RIGHT START
COMMAND RIGHT END
TURN 43 RESULT
TIME LEFT 0 5 RIGHT 0 5
UPGRADE A 10
END TURN 43
TURN 44
COMMAND LEFT START
COMMAND LEFT END
COMMAND RIGHT START
COMMAND RIGHT END
TURN 44 RESULT
TIME LEFT 0 5 RIGHT 0 5
END TURN 44
TURN 45
COMMAND LEFT START
TRAIN 1
COMMAND LEFT END
COMMAND RIGHT START
COMMAND RIGHT END
TURN 45 RESULT
TIME LEFT 0 5 RIGHT 0 5
TRAIN A6
END TURN 45
TURN 46
COMMAND LEFT START
COMMAND LEFT END
COMMAND RIGHT START
UPGRADE 226
COMMAND RIGHT END
TURN 46 RESULT
TIME LEFT 0 5 RIGHT 0 5
UPGRADE B 226
END TURN 46
TURN 47
COMMAND LEFT START
COMMAND LEFT END
COMMAND RIGHT START
COMMAND RIGHT END
TURN 47 RESULT
TIME LEFT 0 5 RIGHT 0 5
END TURN 47
TURN 48
COMMAND LEFT START
COMMAND LEFT END
COMMAND RIGHT START
TRAIN 1
COMMAND RIGHT END
TURN 48 RESULT
TIME LEFT 0 5 RIGHT 0 5
TRAIN B5
END TURN 48
TURN 49
COMMAND LEFT START
COMMAND LEFT END
COMMAND RIGHT START
COMMAND RIGHT END
TURN 49 RESULT
TIME LEFT 0 5 RIGHT 0 5
END TURN 49
TURN 50
COMMAND LEFT START
COMMAND LEFT END
COMMAND RIGHT START
COMMAND RIGHT END
TURN 50 RESULT
TIME LEFT 0 5 RIGHT 0 5
END TURN 50
TURN 51
COMMAND LEFT START
COMMAND LEFT END
COMMAND RIGHT START
COMMAND RIGHT END
TURN 51 RESULT
TIME LEFT 0 5 RIGHT 0 5
END TURN 51
TURN 52
COMMAND LEFT START
COMMAND LEFT END
COMMAND RIGHT START
COMMAND RIGHT END
TURN 52 RESULT
TIME LEFT 0 5 RIGHT 0 5
END TURN 52
TURN 53
COMMAND LEFT START
COMMAND LEFT END
COMMAND RIGHT START
COMMAND RIGHT END
TURN 53 RESULT
TIME LEFT 0 5 RIGHT 0 5
END TURN 53
TURN 54
COMMAND LEFT START
UPGRADE 0
COMMAND LEFT END
COMMAND RIGHT START
COMMAND RIGHT END
TURN 54 RESULT
TIME LEFT 0 5 RIGHT 0 5
UPGRADE A 0
END TURN 54
TURN 55
COMMAND LEFT START
COMMAND LEFT END
COMMAND RIGHT START
COMMAND RIGHT END
TURN 55 RESULT
TIME LEFT 0 5 RIGHT 0 5
END TURN 55
TURN 56
COMMAND LEFT START
COMMAND LEFT END
COMMAND RIGHT START
COMMAND RIGHT END
TURN 56 RESULT
TIME LEFT 0 5 RIGHT 0 5
END TURN 56
TURN 57
COMMAND LEFT START
COMMAND LEFT END
COMMAND RIGHT START
COMMAND RIGHT END
TURN 57 RESULT
TIME LEFT 0 5 RIGHT 0 5
END TURN 57
TURN 58
COMMAND LEFT START
COMMAND LEFT END
COMMAND RIGHT START
COMMAND RIGHT END
TURN 58 RESULT
TIME LEFT 0 5 RIGHT 0 5
END TURN 58
TURN 59
COMMAND LEFT START
COMMAND LEFT END
COMMAND RIGHT START
COMMAND RIGHT END
TURN 59 RESULT
TIME LEFT 0 5 RIGHT 0 5
END TURN 59
TURN 60
COMMAND LEFT START
COMMAND LEFT END
COMMAND RIGHT START
COMMAND RIGHT END
TURN 60 RESULT
TIME LEFT 0 5 RIGHT 0 5
END TURN 60
TURN 61
COMMAND LEFT START
UPGRADE 2
COMMAND LEFT END
COMMAND RIGHT START
COMMAND RIGHT END
TURN 61 RESULT
TIME LEFT 0 5 RIGHT 0 5
UPGRADE A 2
END TURN 61
TURN 62
COMMAND LEFT START
COMMAND LEFT END
COMMAND RIGHT START
COMMAND RIGHT END
TURN 62 RESULT
TIME LEFT 0 5 RIGHT 0 5
END TURN 62
TURN 63
COMMAND LEFT START
TRAIN 1
COMMAND LEFT END
COMMAND RIGHT START
COMMAND RIGHT END
TURN 63 RESULT
TIME LEFT 0 5 RIGHT 0 5
TRAIN A7
END TURN 63
TURN 64
COMMAND LEFT START
MOVE A4 2
COMMAND LEFT END
COMMAND RIGHT START
UPGRADE 226
COMMAND RIGHT END
TURN 64 RESULT
TIME LEFT 0 5 RIGHT 0 5
UPGRADE B 226
MOVE A4 3
END TURN 64
TURN 65
COMMAND LEFT START
COMMAND LEFT END
COMMAND RIGHT START
TRAIN 1
COMMAND RIGHT END
TURN 65 RESULT
TIME LEFT 0 5 RIGHT 0 5
TRAIN B6
MOVE A4 2
END TURN 65
TURN 66
COMMAND LEFT START
COMMAND LEFT END
COMMAND RIGHT START
COMMAND RIGHT END
TURN 66 RESULT
TIME LEFT 0 5 RIGHT 0 5
END TURN 66
TURN 67
COMMAND LEFT START
COMMAND LEFT END
COMMAND RIGHT START
COMMAND RIGHT END
TURN 67 RESULT
TIME LEFT 0 5 RIGHT 0 5
END TURN 67
TURN 68
COMMAND LEFT START
COMMAND LEFT END
COMMAND RIGHT START
COMMAND RIGHT END
TURN 68 RESULT
TIME LEFT 0 5 RIGHT 0 5
END TURN 68
TURN 69
COMMAND LEFT START
COMMAND LEFT END
COMMAND RIGHT START
COMMAND RIGHT END
TURN 69 RESULT
TIME LEFT 0 5 RIGHT 0 5
END TURN 69
TURN 70
COMMAND LEFT START
COMMAND LEFT END
COMMAND RIGHT START
COMMAND RIGHT END
TURN 70 RESULT
TIME LEFT 0 5 RIGHT 0 5
END TURN 70
TURN 71
COMMAND LEFT START
COMMAND LEFT END
COMMAND RIGHT START
COMMAND RIGHT END
TURN 71 RESULT
TIME LEFT 0 5 RIGHT 0 5
END TURN 71
TURN 72
COMMAND LEFT START
COMMAND LEFT END
COMMAND RIGHT START
COMMAND RIGHT END
TURN 72 RESULT
TIME LEFT 0 5 RIGHT 0 5
END TURN 72
TURN 73
COMMAND LEFT START
COMMAND LEFT END
COMMAND RIGHT START
COMMAND RIGHT END
TURN 73 RESULT
TIME LEFT 0 5 RIGHT 0 5
END TURN 73
TURN 74
COMMAND LEFT START
UPGRADE 0
COMMAND LEFT END
COMMAND RIGHT START
COMMAND RIGHT END
TURN 74 RESULT
TIME LEFT 0 5 RIGHT 0 5
UPGRADE A 0
END TURN 74
TURN 75
COMMAND LEFT START
COMMAND LEFT END
COMMAND RIGHT START
COMMAND RIGHT END
TURN 75 RESULT
TIME LEFT 0 5 RIGHT 0 5
END TURN 75
TURN 76
COMMAND LEFT START
TRAIN 1
COMMAND LEFT END
COMMAND RIGHT START
COMMAND RIGHT END
TURN 76 RESULT
TIME LEFT 0 5 RIGHT 0 5
TRAIN A8
END TURN 76
TURN 77
COMMAND LEFT START
COMMAND LEFT END
COMMAND RIGHT START
COMMAND RIGHT END
TURN 77 RESULT
TIME LEFT 0 5 RIGHT 0 5
END TURN 77
TURN 78
COMMAND LEFT START
COMMAND LEFT END
COMMAND RIGHT START
COMMAND RIGHT END
TURN 78 RESULT
TIME LEFT 0 5 RIGHT 0 5
END TURN 78
TURN 79
COMMAND LEFT START
COMMAND LEFT END
COMMAND RIGHT START
COMMAND RIGHT END
TURN 79 RESULT
TIME LEFT 0 5 RIGHT 0 5
END TURN 79
TURN 80
COMMAND LEFT START
COMMAND LEFT END
COMMAND RIGHT START
COMMAND RIGHT END
TURN 80 RESULT
TIME LEFT 0 5 RIGHT 0 5
END TURN 80
TURN 81
COMMAND LEFT START
UPGRADE 6
COMMAND LEFT END
COMMAND RIGHT START
COMMAND RIGHT END
TURN 81 RESULT
TIME LEFT 0 5 RIGHT 0 5
UPGRADE A 6
END TURN 81
TURN 82
COMMAND LEFT START
TRAIN 1
COMMAND LEFT END
COMMAND RIGHT START
COMMAND RIGHT END
TURN 82 RESULT
TIME LEFT 0 5 RIGHT 0 5
TRAIN A9
END TURN 82
TURN 83
COMMAND LEFT START
MOVE A6 6
COMMAND LEFT END
COMMAND RIGHT START
COMMAND RIGHT END
TURN 83 RESULT
TIME LEFT 0 5 RIGHT 0 5
MOVE A6 6
END TURN 83
TURN 84
COMMAND LEFT START
COMMAND LEFT END
COMMAND RIGHT START
COMMAND RIGHT END
TURN 84 RESULT
TIME LEFT 0 5 RIGHT 0 5
END TURN 84
TURN 85
COMMAND LEFT START
COMMAND LEFT END
COMMAND RIGHT START
COMMAND RIGHT END
TURN 85 RESULT
TIME LEFT 0 5 RIGHT 0 5
END TURN 85
TURN 86
COMMAND LEFT START
COMMAND LEFT END
COMMAND RIGHT START
COMMAND RIGHT END
TURN 86 RESULT
TIME LEFT 0 5 RIGHT 0 5
END TURN 86
TURN 87
COMMAND LEFT START
UPGRADE 10
COMMAND LEFT END
COMMAND RIGHT START
COMMAND RIGHT END
TURN 87 RESULT
TIME LEFT 0 5 RIGHT 0 5
UPGRADE A 10
END TURN 87
TURN 88
COMMAND LEFT START
TRAIN 1
COMMAND LEFT END
COMMAND RIGHT START
COMMAND RIGHT END
TURN 88 RESULT
TIME LEFT 0 5 RIGHT 0 5
TRAIN A10
END TURN 88
TURN 89
COMMAND LEFT START
MOVE A7 10
COMMAND LEFT END
COMMAND RIGHT START
COMMAND RIGHT END
TURN 89 RESULT
TIME LEFT 0 5 RIGHT 0 5
MOVE A7 1
END TURN 89
TURN 90
COMMAND LEFT START
COMMAND LEFT END
COMMAND RIGHT START
COMMAND RIGHT END
TURN 90 RESULT
TIME LEFT 0 5 RIGHT 0 5
MOVE A7 10
END TURN 90
TURN 91
COMMAND LEFT START
COMMAND LEFT END
COMMAND RIGHT START
UPGRADE 226
COMMAND RIGHT END
TURN 91 RESULT
TIME LEFT 0 5 RIGHT 0 5
UPGRADE B 226
END TURN 91
TURN 92
COMMAND LEFT START
COMMAND LEFT END
COMMAND RIGHT START
COMMAND RIGHT END
TURN 92 RESULT
TIME LEFT 0 5 RIGHT 0 5
END TURN 92
TURN 93
COMMAND LEFT START
UPGRADE 113
COMMAND LEFT END
COMMAND RIGHT START
TRAIN 1
COMMAND RIGHT END
TURN 93 RESULT
TIME LEFT 0 5 RIGHT 0 5
UPGRADE A 113
TRAIN B7
END TURN 93
TURN 94
COMMAND LEFT START
TRAIN 1
COMMAND LEFT END
COMMAND RIGHT START
COMMAND RIGHT END
TURN 94 RESULT
TIME LEFT 0 5 RIGHT 0 5
TRAIN A11
END TURN 94
TURN 95
COMMAND LEFT START
MOVE A8 113
COMMAND LEFT END
COMMAND RIGHT START
COMMAND RIGHT END
TURN 95 RESULT
TIME LEFT 0 5 RIGHT 0 5
MOVE A8 5
END TURN 95
TURN 96
COMMAND LEFT START
COMMAND LEFT END
COMMAND RIGHT START
COMMAND RIGHT END
TURN 96 RESULT
TIME LEFT 0 5 RIGHT 0 5
MOVE A8 20
END TURN 96
TURN 97
COMMAND LEFT START
COMMAND LEFT END
COMMAND RIGHT START
COMMAND RIGHT END
TURN 97 RESULT
TIME LEFT 0 5 RIGHT 0 5
MOVE A8 28
END TURN 97
TURN 98
COMMAND LEFT START
UPGRADE 2
COMMAND LEFT END
COMMAND RIGHT START
COMMAND RIGHT END
TURN 98 RESULT
TIME LEFT 0 5 RIGHT 0 5
UPGRADE A 2
MOVE A8 42
END TURN 98
TURN 99
COMMAND LEFT START
TRAIN 1
COMMAND LEFT END
COMMAND RIGHT START
COMMAND RIGHT END
TURN 99 RESULT
TIME LEFT 0 5 RIGHT 0 5
TRAIN A12
MOVE A8 63
END TURN 99
TURN 100
COMMAND LEFT START
MOVE A9 2
COMMAND LEFT END
COMMAND RIGHT START
COMMAND RIGHT END
TURN 100 RESULT
TIME LEFT 0 5 RIGHT 0 5
MOVE A8 76
MOVE A9 3
END TURN 100
TURN 101
COMMAND LEFT START
COMMAND LEFT END
COMMAND RIGHT START
COMMAND RIGHT END
TURN 101 RESULT
TIME LEFT 0 5 RIGHT 0 5
MOVE A8 101
MOVE A9 2
END TURN 101
TURN 102
COMMAND LEFT START
COMMAND LEFT END
COMMAND RIGHT START
COMMAND RIGHT END
TURN 102 RESULT
TIME LEFT 0 5 RIGHT 0 5
MOVE A8 113
END TURN 102
TURN 103
COMMAND LEFT START
COMMAND LEFT END
COMMAND RIGHT START
COMMAND RIGHT END
TURN 103 RESULT
TIME LEFT 0 5 RIGHT 0 5
END TURN 103
TURN 104
COMMAND LEFT START
UPGRADE 6
TRAIN 1
COMMAND LEFT END
COMMAND RIGHT START
COMMAND RIGHT END
TURN 104 RESULT
TIME LEFT 0 5 RIGHT 0 5
UPGRADE A 6
TRAIN A13
END TURN 104
TURN 105
COMMAND LEFT START
MOVE A10 6
COMMAND LEFT END
COMMAND RIGHT START
COMMAND RIGHT END
TURN 105 RESULT
TIME LEFT 0 5 RIGHT 0 5
MOVE A10 6
END TURN 105
TURN 106
COMMAND LEFT START
COMMAND LEFT END
COMMAND RIGHT START
COMMAND RIGHT END
TURN 106 RESULT
TIME LEFT 0 5 RIGHT 0 5
END TURN 106
TURN 107
COMMAND LEFT START
COMMAND LEFT END
COMMAND RIGHT START
COMMAND RIGHT END
TURN 107 RESULT
TIME LEFT 0 5 RIGHT 0 5
END TURN 107
TURN 108
COMMAND LEFT START
UPGRADE 10
COMMAND LEFT END
COMMAND RIGHT START
COMMAND RIGHT END
TURN 108 RESULT
TIME LEFT 0 5 RIGHT 0 5
UPGRADE A 10
END TURN 108
TURN 109
COMMAND LEFT START
TRAIN 1
COMMAND LEFT END
COMMAND RIGHT START
COMMAND RIGHT END
TURN 109 RESULT
TIME LEFT 0 5 RIGHT 0 5
TRAIN A14
END TURN 109
TURN 110
COMMAND LEFT START
MOVE A11 10
COMMAND LEFT END
COMMAND RIGHT START
COMMAND RIGHT END
TURN 110 RESULT
TIME LEFT 0 5 RIGHT 0 5
MOVE A11 1
END TURN 110
TURN 111
COMMAND LEFT START
COMMAND LEFT END
COMMAND RIGHT START
COMMAND RIGHT END
TURN 111 RESULT
TIME LEFT 0 5 RIGHT 0 5
MOVE A11 10
END TURN 111
TURN 112
COMMAND LEFT START
UPGRADE 113
COMMAND LEFT END
COMMAND RIGHT START
COMMAND RIGHT END
TURN 112 RESULT
TIME LEFT 0 5 RIGHT 0 5
UPGRADE A 113
END TURN 112
TURN 113
COMMAND LEFT START
TRAIN 1
COMMAND LEFT END
COMMAND RIGHT START
COMMAND RIGHT END
TURN 113 RESULT
TIME LEFT 0 5 RIGHT 0 5
TRAIN A15
END TURN 113
TURN 114
COMMAND LEFT START
MOVE A12 113
COMMAND LEFT END
COMMAND RIGHT START
COMMAND RIGHT END
TURN 114 RESULT
TIME LEFT 0 5 RIGHT 0 5
MOVE A12 5
END TURN 114
TURN 115
COMMAND LEFT START
COMMAND LEFT END
COMMAND RIGHT START
COMMAND RIGHT END
TURN 115 RESULT
TIME LEFT 0 5 RIGHT 0 5
MOVE A12 20
END TURN 115
TURN 116
COMMAND LEFT START
TRAIN 1
COMMAND LEFT END
COMMAND RIGHT START
COMMAND RIGHT END
TURN 116 RESULT
TIME LEFT 0 5 RIGHT 0 5
TRAIN A16
MOVE A12 28
END TURN 116
TURN 117
COMMAND LEFT START
TRAIN 1
COMMAND LEFT END
COMMAND RIGHT START
COMMAND RIGHT END
TURN 117 RESULT
TIME LEFT 0 5 RIGHT 0 5
TRAIN A17
MOVE A12 42
END TURN 117
TURN 118
COMMAND LEFT START
MOVE A17 44
COMMAND LEFT END
COMMAND RIGHT START
COMMAND RIGHT END
TURN 118 RESULT
TIME LEFT 0 5 RIGHT 0 5
MOVE A12 63
MOVE A17 6
END TURN 118
TURN 119
COMMAND LEFT START
TRAIN 2
COMMAND LEFT END
COMMAND RIGHT START
COMMAND RIGHT END
TURN 119 RESULT
TIME LEFT 0 5 RIGHT 0 5
TRAIN A18 A19
MOVE A12 76
MOVE A17 14
END TURN 119
TURN 120
COMMAND LEFT START
MOVE A19 16
COMMAND LEFT END
COMMAND RIGHT START
COMMAND RIGHT END
TURN 120 RESULT
TIME LEFT 0 5 RIGHT 0 5
MOVE A12 101
MOVE A17 31
MOVE A19 6
END TURN 120
TURN 121
COMMAND LEFT START
MOVE A18 23
COMMAND LEFT END
COMMAND RIGHT START
COMMAND RIGHT END
TURN 121 RESULT
TIME LEFT 0 5 RIGHT 0 5
MOVE A12 113
MOVE A17 44
MOVE A18 1
MOVE A19 9
END TURN 121
TURN 122
COMMAND LEFT START
UPGRADE 44
TRAIN 1
COMMAND LEFT END
COMMAND RIGHT START
COMMAND RIGHT END
TURN 122 RESULT
TIME LEFT 0 5 RIGHT 0 5
UPGRADE A 44
TRAIN A20
MOVE A18 4
MOVE A19 15
END TURN 122
TURN 123
COMMAND LEFT START
MOVE A20 51
COMMAND LEFT END
COMMAND RIGHT START
COMMAND RIGHT END
TURN 123 RESULT
TIME LEFT 0 5 RIGHT 0 5
MOVE A18 13
MOVE A19 16
MOVE A20 1
END TURN 123
TURN 124
COMMAND LEFT START
MOVE A16 113
UPGRADE 16
COMMAND LEFT END
COMMAND RIGHT START
COMMAND RIGHT END
TURN 124 RESULT
TIME LEFT 0 5 RIGHT 0 5
UPGRADE A 16
MOVE A16 5
MOVE A18 23
MOVE A20 10
END TURN 124
TURN 125
COMMAND LEFT START
UPGRADE 23
COMMAND LEFT END
COMMAND RIGHT START
COMMAND RIGHT END
TURN 125 RESULT
TIME LEFT 0 5 RIGHT 0 5
UPGRADE A 23
MOVE A16 20
MOVE A20 22
END TURN 125
TURN 126
COMMAND LEFT START
COMMAND LEFT END
COMMAND RIGHT START
UPGRADE 226
COMMAND RIGHT END
TURN 126 RESULT
TIME LEFT 0 5 RIGHT 0 5
UPGRADE B 226
MOVE A16 28
MOVE A20 27
END TURN 126
TURN 127
COMMAND LEFT START
UPGRADE 16
COMMAND LEFT END
COMMAND RIGHT START
TRAIN 1
COMMAND RIGHT END
TURN 127 RESULT
TIME LEFT 0 5 RIGHT 0 5
UPGRADE A 16
TRAIN B8
MOVE A16 42
MOVE A20 40
END TURN 127
TURN 128
COMMAND LEFT START
TRAIN 1
COMMAND LEFT END
COMMAND RIGHT START
TRAIN 1
COMMAND RIGHT END
TURN 128 RESULT
TIME LEFT 0 5 RIGHT 0 5
TRAIN A21 B9
MOVE A16 63
MOVE A20 51
END TURN 128
TURN 129
COMMAND LEFT START
MOVE A13 16
COMMAND LEFT END
COMMAND RIGHT START
MOVE B9 182
COMMAND RIGHT END
TURN 129 RESULT
TIME LEFT 0 5 RIGHT 0 5
MOVE A13 6
MOVE A16 76
MOVE B9 220
END TURN 129
TURN 130
COMMAND LEFT START
UPGRADE 51
COMMAND LEFT END
COMMAND RIGHT START
TRAIN 1
COMMAND RIGHT END
TURN 130 RESULT
TIME LEFT 0 5 RIGHT 0 5
UPGRADE A 51
TRAIN B10
MOVE A13 9
MOVE A16 101
MOVE B9 212
END TURN 130
TURN 131
COMMAND LEFT START
COMMAND LEFT END
COMMAND RIGHT START
MOVE B10 113
COMMAND RIGHT END
TURN 131 RESULT
TIME LEFT 0 5 RIGHT 0 5
MOVE A13 15
MOVE A16 113
MOVE B9 195
MOVE B10 221
END TURN 131
TURN 132
COMMAND LEFT START
UPGRADE 23
COMMAND LEFT END
COMMAND RIGHT START
COMMAND RIGHT END
TURN 132 RESULT
TIME LEFT 0 5 RIGHT 0 5
UPGRADE A 23
MOVE A13 16
MOVE B9 182
MOVE B10 206
END TURN 132
TURN 133
COMMAND LEFT START
MOVE A2 23
COMMAND LEFT END
COMMAND RIGHT START
COMMAND RIGHT END
TURN 133 RESULT
TIME LEFT 0 5 RIGHT 0 5
MOVE A2 100
MOVE B10 198
END TURN 133
TURN 134
COMMAND LEFT START
UPGRADE 44
COMMAND LEFT END
COMMAND RIGHT START
COMMAND RIGHT END
TURN 134 RESULT
TIME LEFT 0 5 RIGHT 0 5
UPGRADE A 44
MOVE A2 81
MOVE B10 184
END TURN 134
TURN 135
COMMAND LEFT START
TRAIN 1
COMMAND LEFT END
COMMAND RIGHT START
UPGRADE 182
COMMAND RIGHT END
TURN 135 RESULT
TIME LEFT 0 5 RIGHT 0 5
UPGRADE B 182
TRAIN A22
MOVE A2 68
MOVE B10 163
END TURN 135
TURN 136
COMMAND LEFT START
MOVE A14 44
COMMAND LEFT END
COMMAND RIGHT START
TRAIN 1
COMMAND RIGHT END
TURN 136 RESULT
TIME LEFT 0 5 RIGHT 0 5
TRAIN B11
MOVE A2 56
MOVE A14 6
MOVE B10 150
END TURN 136
TURN 137
COMMAND LEFT START
COMMAND LEFT END
COMMAND RIGHT START
MOVE B11 203
TRAIN 1
COMMAND RIGHT END
TURN 137 RESULT
TIME LEFT 0 5 RIGHT 0 5
TRAIN B12
MOVE A2 40
MOVE A14 14
MOVE B10 125
MOVE B11 225
END TURN 137
TURN 138
COMMAND LEFT START
COMMAND LEFT END
COMMAND RIGHT START
MOVE B12 210
COMMAND RIGHT END
TURN 138 RESULT
TIME LEFT 0 5 RIGHT 0 5
MOVE A2 27
MOVE A14 31
MOVE B10 113
MOVE B11 222
MOVE B12 220
DAMAGE TURRET B10 2
DAMAGE COMBAT A8 1
DAMAGE COMBAT B10 3
END TURN 138
TURN 139
COMMAND LEFT START
COMMAND LEFT END
COMMAND RIGHT START
COMMAND RIGHT END
TURN 139 RESULT
TIME LEFT 0 5 RIGHT 0 5
MOVE A2 23
MOVE A14 44
MOVE B11 213
MOVE B12 217
DAMAGE TURRET B10 2
DAMAGE COMBAT A8 1
DAMAGE COMBAT B10 1
END TURN 139
TURN 140
COMMAND LEFT START
COMMAND LEFT END
COMMAND RIGHT START
COMMAND RIGHT END
TURN 140 RESULT
TIME LEFT 0 5 RIGHT 0 5
MOVE B11 203
MOVE B12 211
END TURN 140
TURN 141
COMMAND LEFT START
COMMAND LEFT END
COMMAND RIGHT START
UPGRADE 203
COMMAND RIGHT END
TURN 141 RESULT
TIME LEFT 0 5 RIGHT 0 5
UPGRADE B 203
MOVE B12 210
END TURN 141
TURN 142
COMMAND LEFT START
UPGRADE 0
COMMAND LEFT END
COMMAND RIGHT START
COMMAND RIGHT END
TURN 142 RESULT
TIME LEFT 0 5 RIGHT 0 5
UPGRADE A 0
END TURN 142
TURN 143
COMMAND LEFT START
TRAIN 1
COMMAND LEFT END
COMMAND RIGHT START
COMMAND RIGHT END
TURN 143 RESULT
TIME LEFT 0 5 RIGHT 0 5
TRAIN A23
END TURN 143
TURN 144
COMMAND LEFT START
UPGRADE 51
COMMAND LEFT END
COMMAND RIGHT START
COMMAND RIGHT END
TURN 144 RESULT
TIME LEFT 0 5 RIGHT 0 5
UPGRADE A 51
END TURN 144
TURN 145
COMMAND LEFT START
TRAIN 1
COMMAND LEFT END
COMMAND RIGHT START
UPGRADE 210
COMMAND RIGHT END
TURN 145 RESULT
TIME LEFT 0 5 RIGHT 0 5
UPGRADE B 210
TRAIN A24
END TURN 145
TURN 146
COMMAND LEFT START
MOVE A15 51
COMMAND LEFT END
COMMAND RIGHT START
TRAIN 1
COMMAND RIGHT END
TURN 146 RESULT
TIME LEFT 0 5 RIGHT 0 5
TRAIN B13
MOVE A15 1
END TURN 146
TURN 147
COMMAND LEFT START
UPGRADE 16
TRAIN 1
COMMAND LEFT END
COMMAND RIGHT START
MOVE B13 175
TRAIN 1
COMMAND RIGHT END
TURN 147 RESULT
TIME LEFT 0 5 RIGHT 0 5
UPGRADE A 16
TRAIN A25 B14
MOVE A15 10
MOVE B13 225
END TURN 147
TURN 148
COMMAND LEFT START
MOVE A21 16
COMMAND LEFT END
COMMAND RIGHT START
MOVE B14 176
TRAIN 1
COMMAND RIGHT END
TURN 148 RESULT
TIME LEFT 0 5 RIGHT 0 5
TRAIN B15
MOVE A15 22
MOVE A21 6
MOVE B13 216
MOVE B14 220
END TURN 148
TURN 149
COMMAND LEFT START
UPGRADE 23
COMMAND LEFT END
COMMAND RIGHT START
MOVE B15 112
TRAIN 1
COMMAND RIGHT END
TURN 149 RESULT
TIME LEFT 0 5 RIGHT 0 5
UPGRADE A 23
TRAIN B16
MOVE A15 27
MOVE A21 9
MOVE B13 204
MOVE B14 217
MOVE B15 225
END TURN 149
TURN 150
COMMAND LEFT START
TRAIN 1
COMMAND LEFT END
COMMAND RIGHT START
MOVE B16 114
TRAIN 1
COMMAND RIGHT END
TURN 150 RESULT
TIME LEFT 0 5 RIGHT 0 5
TRAIN A26 B17
MOVE A15 40
MOVE A21 15
MOVE B13 199
MOVE B14 202
MOVE B15 216
MOVE B16 220
END TURN 150
TURN 151
COMMAND LEFT START
MOVE A22 23
COMMAND LEFT END
COMMAND RIGHT START
MOVE B17 220
COMMAND RIGHT END
TURN 151 RESULT
TIME LEFT 0 5 RIGHT 0 5
MOVE A15 51
MOVE A21 16
MOVE A22 1
MOVE B13 186
MOVE B14 194
MOVE B15 204
MOVE B16 212
MOVE B17 220
END TURN 151
TURN 152
COMMAND LEFT START
UPGRADE 44
TRAIN 1
COMMAND LEFT END
COMMAND RIGHT START
COMMAND RIGHT END
TURN 152 RESULT
TIME LEFT 0 5 RIGHT 0 5
UPGRADE A 44
TRAIN A27
MOVE A22 4
MOVE B13 175
MOVE B14 188
MOVE B15 199
MOVE B16 195
END TURN 152
TURN 153
COMMAND LEFT START
MOVE A23 44
COMMAND LEFT END
COMMAND RIGHT START
COMMAND RIGHT END
TURN 153 RESULT
TIME LEFT 0 5 RIGHT 0 5
MOVE A22 13
MOVE A23 6
MOVE B14 179
MOVE B15 185
MOVE B16 182
END TURN 153
TURN 154
COMMAND LEFT START
UPGRADE 51
TRAIN 1
COMMAND LEFT END
COMMAND RIGHT START
MOVE B17 51
UPGRADE 175
COMMAND RIGHT END
TURN 154 RESULT
TIME LEFT 0 5 RIGHT 0 5
UPGRADE A 51
UPGRADE B 175
TRAIN A28
MOVE A22 23
MOVE A23 14
MOVE B14 176
MOVE B15 165
MOVE B16 168
MOVE B17 212
END TURN 154
TURN 155
COMMAND LEFT START
MOVE A24 51
COMMAND LEFT END
COMMAND RIGHT START
COMMAND RIGHT END
TURN 155 RESULT
TIME LEFT 0 5 RIGHT 0 5
MOVE A23 31
MOVE A24 1
MOVE B15 151
MOVE B16 146
MOVE B17 195
END TURN 155
TURN 156
COMMAND LEFT START
TRAIN 1
COMMAND LEFT END
COMMAND RIGHT START
COMMAND RIGHT END
TURN 156 RESULT
TIME LEFT 0 5 RIGHT 0 5
TRAIN A29
MOVE A23 44
MOVE A24 10
MOVE B15 133
MOVE B16 136
MOVE B17 182
END TURN 156
TURN 157
COMMAND LEFT START
MOVE A29 113
TRAIN 2
COMMAND LEFT END
COMMAND RIGHT START
UPGRADE 176
COMMAND RIGHT END
TURN 157 RESULT
TIME LEFT 0 5 RIGHT 0 5
UPGRADE B 176
TRAIN A30 A31
MOVE A24 22
MOVE A29 5
MOVE B15 112
MOVE B16 127
MOVE B17 167
END TURN 157
TURN 158
COMMAND LEFT START
MOVE A31 50
MOVE A30 113
COMMAND LEFT END
COMMAND RIGHT START
COMMAND RIGHT END
TURN 158 RESULT
TIME LEFT 0 5 RIGHT 0 5
MOVE A24 27
MOVE A29 20
MOVE A30 5
MOVE A31 6
MOVE B16 114
MOVE B17 149
END TURN 158
TURN 159
COMMAND LEFT START
COMMAND LEFT END
COMMAND RIGHT START
COMMAND RIGHT END
TURN 159 RESULT
TIME LEFT 0 5 RIGHT 0 5
MOVE A24 40
MOVE A29 28
MOVE A30 20
MOVE A31 9
MOVE B17 134
END TURN 159
TURN 160
COMMAND LEFT START
COMMAND LEFT END
COMMAND RIGHT START
UPGRADE 112
COMMAND RIGHT END
TURN 160 RESULT
TIME LEFT 0 5 RIGHT 0 5
UPGRADE B 112
MOVE A24 51
MOVE A29 42
MOVE A30 28
MOVE A31 24
MOVE B17 120
END TURN 160
TURN 161
COMMAND LEFT START
COMMAND LEFT END
COMMAND RIGHT START
COMMAND RIGHT END
TURN 161 RESULT
TIME LEFT 0 5 RIGHT 0 5
MOVE A29 63
MOVE A30 42
MOVE A31 32
MOVE B17 91
END TURN 161
TURN 162
COMMAND LEFT START
COMMAND LEFT END
COMMAND RIGHT START
COMMAND RIGHT END
TURN 162 RESULT
TIME LEFT 0 5 RIGHT 0 5
MOVE A29 76
MOVE A30 63
MOVE A31 38
MOVE B17 79
END TURN 162
TURN 163
COMMAND LEFT START
COMMAND LEFT END
COMMAND RIGHT START
UPGRADE 114
COMMAND RIGHT END
TURN 163 RESULT
TIME LEFT 0 5 RIGHT 0 5
UPGRADE B 114
MOVE A29 101
MOVE A30 76
MOVE A31 47
MOVE B17 67
END TURN 163
TURN 164
COMMAND LEFT START
UPGRADE 0
TRAIN 1
COMMAND LEFT END
COMMAND RIGHT START
TRAIN 2
COMMAND RIGHT END
TURN 164 RESULT
TIME LEFT 0 5 RIGHT 0 5
UPGRADE A 0
TRAIN A32 B18 B19
MOVE A29 113
MOVE A30 101
MOVE A31 50
MOVE B17 51
DAMAGE TURRET B17 2
DAMAGE COMBAT A15 1
DAMAGE COMBAT B17 3
END TURN 164
TURN 165
COMMAND LEFT START
COMMAND LEFT END
COMMAND RIGHT START
MOVE B18 44
MOVE B19 50
TRAIN 1
COMMAND RIGHT END
TURN 165 RESULT
TIME LEFT 0 5 RIGHT 0 5
TRAIN B20
MOVE A30 113
MOVE B18 221
MOVE B19 221
DAMAGE TURRET B17 2
DAMAGE COMBAT A15 1
DAMAGE COMBAT B17 1
END TURN 165
TURN 166
COMMAND LEFT START
UPGRADE 50
COMMAND LEFT END
COMMAND RIGHT START
MOVE B20 10
TRAIN 2
COMMAND RIGHT END
TURN 166 RESULT
TIME LEFT 0 5 RIGHT 0 5
UPGRADE A 50
TRAIN B21 B22
MOVE B18 215
MOVE B19 215
MOVE B20 221
END TURN 166
TURN 167
COMMAND LEFT START
MOVE A30 112
COMMAND LEFT END
COMMAND RIGHT START
MOVE B21 6
MOVE B22 16
TRAIN 1
COMMAND RIGHT END
TURN 167 RESULT
TIME LEFT 0 5 RIGHT 0 5
TRAIN B23
MOVE A30 115
MOVE B18 207
MOVE B19 207
MOVE B20 206
MOVE B21 221
MOVE B22 221
END TURN 167
TURN 168
COMMAND LEFT START
UPGRADE 50
COMMAND LEFT END
COMMAND RIGHT START
MOVE B23 2
TRAIN 1
COMMAND RIGHT END
TURN 168 RESULT
TIME LEFT 0 5 RIGHT 0 5
UPGRADE A 50
TRAIN B24
MOVE A30 106
MOVE B18 196
MOVE B19 196
MOVE B20 198
MOVE B21 215
MOVE B22 215
MOVE B23 221
END TURN 168
TURN 169
COMMAND LEFT START
MOVE A8 50
UPGRADE 50
COMMAND LEFT END
COMMAND RIGHT START
TRAIN 2
COMMAND RIGHT END
TURN 169 RESULT
TIME LEFT 0 5 RIGHT 0 5
UPGRADE A 50
TRAIN B25 B26
MOVE A8 101
MOVE A30 117
MOVE B18 173
MOVE B19 181
MOVE B20 184
MOVE B21 207
MOVE B22 207
MOVE B23 215
END TURN 169
TURN 170
COMMAND LEFT START
TRAIN 1
COMMAND LEFT END
COMMAND RIGHT START
MOVE B24 113
MOVE B25 113
MOVE B26 113
TRAIN 1
COMMAND RIGHT END
TURN 170 RESULT
TIME LEFT 0 5 RIGHT 0 5
TRAIN A33 B27
MOVE A8 98
MOVE A30 104
MOVE B18 160
MOVE B19 166
MOVE B20 163
MOVE B21 196
MOVE B22 196
MOVE B23 207
MOVE B24 221
MOVE B25 221
MOVE B26 221
END TURN 170
TURN 171
COMMAND LEFT START
MOVE A25 50
TRAIN 3
COMMAND LEFT END
COMMAND RIGHT START
TRAIN 2
COMMAND RIGHT END
TURN 171 RESULT
TIME LEFT 0 5 RIGHT 0 5
TRAIN A34 A35 A36 B28 B29
MOVE A8 92
MOVE A25 6
MOVE A30 108
MOVE B18 145
MOVE B19 158
MOVE B20 150
MOVE B21 173
MOVE B22 181
MOVE B23 196
MOVE B24 206
MOVE B25 206
MOVE B26 206
END TURN 171
TURN 172
COMMAND LEFT START
MOVE A36 114
MOVE A35 113
MOVE A34 113
COMMAND LEFT END
COMMAND RIGHT START
TRAIN 1
COMMAND RIGHT END
TURN 172 RESULT
TIME LEFT 0 5 RIGHT 0 5
TRAIN B30
MOVE A8 80
MOVE A25 9
MOVE A30 119
MOVE A34 5
MOVE A35 5
MOVE A36 1
MOVE B18 126
MOVE B19 147
MOVE B20 125
MOVE B21 160
MOVE B22 166
MOVE B23 173
MOVE B24 198
MOVE B25 198
MOVE B26 198
END TURN 172
TURN 173
COMMAND LEFT START
TRAIN 2
COMMAND LEFT END
COMMAND RIGHT START
MOVE B27 51
MOVE B28 51
MOVE B29 51
MOVE B30 51
TRAIN 1
COMMAND RIGHT END
TURN 173 RESULT
TIME LEFT 0 5 RIGHT 0 5
TRAIN A37 A38 B31
MOVE A8 72
MOVE A25 24
MOVE A30 112
MOVE A34 20
MOVE A35 20
MOVE A36 10
MOVE B18 115
MOVE B19 132
MOVE B20 111
MOVE B21 145
MOVE B22 158
MOVE B23 160
MOVE B24 184
MOVE B25 184
MOVE B26 184
MOVE B27 221
MOVE B28 221
MOVE B29 221
MOVE B30 221
DAMAGE TURRET A30 1
DAMAGE COMBAT A30 1
DAMAGE COMBAT B15 1
END TURN 173
TURN 174
COMMAND LEFT START
MOVE A38 113
MOVE A37 113
TRAIN 3
COMMAND LEFT END
COMMAND RIGHT START
MOVE B31 51
TRAIN 1
COMMAND RIGHT END
TURN 174 RESULT
TIME LEFT 0 5 RIGHT 0 5
TRAIN A39 A40 A41 B32
MOVE A8 50
MOVE A25 32
MOVE A34 28
MOVE A35 28
MOVE A36 22
MOVE A37 5
MOVE A38 5
MOVE B18 101
MOVE B19 117
MOVE B20 100
MOVE B21 126
MOVE B22 147
MOVE B23 145
MOVE B24 163
MOVE B25 163
MOVE B26 163
MOVE B27 206
MOVE B28 206
MOVE B29 206
MOVE B30 206
MOVE B31 221
DAMAGE TURRET A30 1
DAMAGE COMBAT A30 1
DAMAGE COMBAT B15 1
END TURN 174
TURN 175
COMMAND LEFT START
TRAIN 3
COMMAND LEFT END
COMMAND RIGHT START
MOVE B32 51
TRAIN 2
COMMAND RIGHT END
TURN 175 RESULT
TIME LEFT 0 5 RIGHT 0 5
TRAIN A42 A43 A44 B33 B34
MOVE A25 38
MOVE A34 42
MOVE A35 42
MOVE A36 27
MOVE A37 20
MOVE A38 20
MOVE B18 88
MOVE B19 104
MOVE B20 81
MOVE B21 115
MOVE B22 132
MOVE B23 126
MOVE B24 150
MOVE B25 150
MOVE B26 150
MOVE B27 198
MOVE B28 198
MOVE B29 198
MOVE B30 198
MOVE B31 206
MOVE B32 221
DAMAGE TURRET A30 1
DAMAGE COMBAT A30 1
DAMAGE COMBAT B15 1
END TURN 175
TURN 176
COMMAND LEFT START
MOVE A44 113
MOVE A43 113
MOVE A42 113
MOVE A41 113
MOVE A40 113
MOVE A39 113
TRAIN 3
COMMAND LEFT END
COMMAND RIGHT START
MOVE B33 51
MOVE B34 51
TRAIN 1
COMMAND RIGHT END
TURN 176 RESULT
TIME LEFT 0 5 RIGHT 0 5
TRAIN A45 A46 A47 B35
MOVE A25 47
MOVE A34 63
MOVE A35 63
MOVE A36 41
MOVE A37 28
MOVE A38 28
MOVE A39 5
MOVE A40 5
MOVE A41 5
MOVE A42 5
MOVE A43 5
MOVE A44 5
MOVE B18 71
MOVE B19 90
MOVE B20 60
MOVE B21 101
MOVE B22 117
MOVE B23 115
MOVE B24 125
MOVE B25 125
MOVE B26 125
MOVE B27 184
MOVE B28 184
MOVE B29 184
MOVE B30 184
MOVE B31 198
MOVE B32 206
MOVE B33 221
MOVE B34 221
DAMAGE TURRET A30 1
DAMAGE COMBAT B15 1
END TURN 176
TURN 177
COMMAND LEFT START
TRAIN 3
COMMAND LEFT END
COMMAND RIGHT START
MOVE B35 51
TRAIN 1
COMMAND RIGHT END
TURN 177 RESULT
TIME LEFT 0 5 RIGHT 0 5
TRAIN A48 A49 A50 B36
MOVE A25 50
MOVE A34 76
MOVE A35 76
MOVE A36 61
MOVE A37 42
MOVE A38 42
MOVE A39 20
MOVE A40 20
MOVE A41 20
MOVE A42 20
MOVE A43 20
MOVE A44 20
MOVE B18 59
MOVE B19 72
MOVE B20 48
MOVE B21 76
MOVE B22 96
MOVE B23 101
MOVE B24 113
MOVE B25 113
MOVE B26 113
MOVE B27 172
MOVE B28 172
MOVE B29 172
MOVE B30 172
MOVE B31 184
MOVE B32 198
MOVE B33 206
MOVE B34 206
MOVE B35 221
DAMAGE TURRET B24 2
DAMAGE COMBAT A12 3
DAMAGE COMBAT A34 1
DAMAGE COMBAT B21 2
DAMAGE COMBAT B24 3
END TURN 177
TURN 178
COMMAND LEFT START
MOVE A50 44
MOVE A49 44
MOVE A48 44
MOVE A47 44
MOVE A46 44
MOVE A45 44
TRAIN 3
COMMAND LEFT END
COMMAND RIGHT START
MOVE B36 51
TRAIN 1
COMMAND RIGHT END
TURN 178 RESULT
TIME LEFT 0 5 RIGHT 0 5
TRAIN A51 A52 A53 B37
MOVE A36 75
MOVE A37 63
MOVE A38 63
MOVE A39 28
MOVE A40 28
MOVE A41 28
MOVE A42 28
MOVE A43 28
MOVE A44 28
MOVE A45 6
MOVE A46 6
MOVE A47 6
MOVE A48 6
MOVE A49 6
MOVE A50 6
MOVE B18 44
MOVE B19 50
MOVE B20 35
MOVE B22 80
MOVE B23 88
MOVE B27 155
MOVE B28 155
MOVE B29 155
MOVE B30 155
MOVE B31 172
MOVE B32 184
MOVE B33 198
MOVE B34 198
MOVE B35 206
MOVE B36 221
DAMAGE TURRET B18 2
DAMAGE TURRET B19 2
DAMAGE TURRET B24 2
DAMAGE COMBAT A8 1
DAMAGE COMBAT A12 3
DAMAGE COMBAT A14 1
DAMAGE COMBAT A34 1
DAMAGE COMBAT B18 3
DAMAGE COMBAT B19 3
DAMAGE COMBAT B21 2
DAMAGE COMBAT B24 1
DAMAGE COMBAT B25 2
END TURN 178
TURN 179
COMMAND LEFT START
MOVE A53 51
MOVE A52 51
MOVE A51 51
TRAIN 3
COMMAND LEFT END
COMMAND RIGHT START
TRAIN 1
COMMAND RIGHT END
TURN 179 RESULT
TIME LEFT 0 5 RIGHT 0 5
TRAIN A54 A55 A56 B38
MOVE A36 93
MOVE A37 76
MOVE A38 76
MOVE A39 42
MOVE A40 42
MOVE A41 42
MOVE A42 42
MOVE A43 42
MOVE A44 42
MOVE A45 14
MOVE A46 14
MOVE A47 14
MOVE A48 14
MOVE A49 14
MOVE A50 14
MOVE A51 1
MOVE A52 1
MOVE A53 1
MOVE B20 17
MOVE B22 65
MOVE B23 71
MOVE B27 138
MOVE B28 138
MOVE B29 138
MOVE B30 138
MOVE B31 155
MOVE B32 172
MOVE B33 184
MOVE B34 184
MOVE B35 198
MOVE B36 206
DAMAGE TURRET B18 2
DAMAGE TURRET B19 2
DAMAGE TURRET B25 2
DAMAGE COMBAT A8 1
DAMAGE COMBAT A14 1
DAMAGE COMBAT A16 2
DAMAGE COMBAT A34 1
DAMAGE COMBAT B18 1
DAMAGE COMBAT B19 1
DAMAGE COMBAT B21 4
DAMAGE COMBAT B25 2
END TURN 179
TURN 180
COMMAND LEFT START
MOVE A56 44
MOVE A55 44
MOVE A54 44
TRAIN 3
COMMAND LEFT END
COMMAND RIGHT START
MOVE B37 6
TRAIN 2
COMMAND RIGHT END
TURN 180 RESULT
TIME LEFT 0 5 RIGHT 0 5
TRAIN A57 A58 A59 B39 B40
MOVE A34 101
MOVE A35 101
MOVE A36 114
MOVE A37 101
MOVE A38 101
MOVE A39 63
MOVE A40 63
MOVE A41 63
MOVE A42 63
MOVE A43 63
MOVE A44 63
MOVE A45 31
MOVE A46 31
MOVE A47 31
MOVE A48 31
MOVE A49 31
MOVE A50 31
MOVE A51 10
MOVE A52 10
MOVE A53 10
MOVE A54 6
MOVE A55 6
MOVE A56 6
MOVE B20 10
MOVE B22 47
MOVE B23 59
MOVE B27 128
MOVE B28 128
MOVE B29 128
MOVE B30 128
MOVE B31 138
MOVE B32 155
MOVE B33 172
MOVE B34 172
MOVE B35 184
MOVE B36 198
MOVE B37 221
DAMAGE TURRET A36 1
DAMAGE TURRET B20 2
DAMAGE TURRET B25 2
DAMAGE COMBAT A5 1
DAMAGE COMBAT A16 2
DAMAGE COMBAT A36 1
DAMAGE COMBAT B16 1
DAMAGE COMBAT B20 6
DAMAGE COMBAT B26 2
END TURN 180
TURN 181
COMMAND LEFT START
MOVE A59 44
MOVE A58 112
MOVE A57 44
TRAIN 3
COMMAND LEFT END
COMMAND RIGHT START
TRAIN 1
COMMAND RIGHT END
TURN 181 RESULT
TIME LEFT 0 5 RIGHT 1 5
TRAIN A60 A61 A62 B41
MOVE A34 113
MOVE A35 113
MOVE A37 113
MOVE A38 113
MOVE A39 76
MOVE A40 76
MOVE A41 76
MOVE A42 76
MOVE A43 76
MOVE A44 76
MOVE A45 44
MOVE A46 44
MOVE A47 44
MOVE A48 44
MOVE A49 44
MOVE A50 44
MOVE A51 22
MOVE A52 22
MOVE A53 22
MOVE A54 14
MOVE A55 14
MOVE A56 14
MOVE A57 6
MOVE A58 6
MOVE A59 6
MOVE B22 29
MOVE B23 44
MOVE B27 120
MOVE B28 120
MOVE B29 120
MOVE B30 120
MOVE B31 128
MOVE B32 138
MOVE B33 155
MOVE B34 155
MOVE B35 172
MOVE B36 184
MOVE B37 215
DAMAGE TURRET A36 1
DAMAGE TURRET B23 2
DAMAGE TURRET B26 2
DAMAGE COMBAT A14 1
DAMAGE COMBAT A16 1
DAMAGE COMBAT A36 1
DAMAGE COMBAT B16 1
DAMAGE COMBAT B23 6
DAMAGE COMBAT B26 4
END TURN 181
TURN 182
COMMAND LEFT START
MOVE A62 113
MOVE A50 113
MOVE A49 113
MOVE A48 113
MOVE A47 113
MOVE A46 113
MOVE A45 113
MOVE A61 113
MOVE A60 113
TRAIN 3
COMMAND LEFT END
COMMAND RIGHT START
TRAIN 2
COMMAND RIGHT END
TURN 182 RESULT
TIME LEFT 0 5 RIGHT 0 5
TRAIN A63 A64 A65 B42 B43
MOVE A39 101
MOVE A40 101
MOVE A41 101
MOVE A42 101
MOVE A43 101
MOVE A44 101
MOVE A45 59
MOVE A46 59
MOVE A47 59
MOVE A48 59
MOVE A49 59
MOVE A50 59
MOVE A51 27
MOVE A52 27
MOVE A53 27
MOVE A54 31
MOVE A55 31
MOVE A56 31
MOVE A57 14
MOVE A58 14
MOVE A59 14
MOVE A60 5
MOVE A61 5
MOVE A62 5
MOVE B22 16
MOVE B27 91
MOVE B28 91
MOVE B29 91
MOVE B30 91
MOVE B31 120
MOVE B32 128
MOVE B33 138
MOVE B34 138
MOVE B35 155
MOVE B36 172
MOVE B37 207
DAMAGE TURRET A36 1
DAMAGE TURRET B22 2
DAMAGE COMBAT A13 1
DAMAGE COMBAT A36 1
DAMAGE COMBAT B16 1
DAMAGE COMBAT B22 3
END TURN 182
TURN 183
COMMAND LEFT START
MOVE A65 113
MOVE A64 113
MOVE A63 113
TRAIN 3
COMMAND LEFT END
COMMAND RIGHT START
TRAIN 1
COMMAND RIGHT END
TURN 183 RESULT
TIME LEFT 0 5 RIGHT 1 5
TRAIN A66 A67 A68 B44
MOVE A39 113
MOVE A40 113
MOVE A41 113
MOVE A42 113
MOVE A43 113
MOVE A44 113
MOVE A45 71
MOVE A46 71
MOVE A47 71
MOVE A48 71
MOVE A49 71
MOVE A50 71
MOVE A51 40
MOVE A52 40
MOVE A53 40
MOVE A54 44
MOVE A55 44
MOVE A56 44
MOVE A57 31
MOVE A58 31
MOVE A59 31
MOVE A60 20
MOVE A61 20
MOVE A62 20
MOVE A63 5
MOVE A64 5
MOVE A65 5
MOVE B27 79
MOVE B28 79
MOVE B29 79
MOVE B30 79
MOVE B31 91
MOVE B32 120
MOVE B33 128
MOVE B34 128
MOVE B35 138
MOVE B36 155
MOVE B37 196
DAMAGE TURRET A36 1
DAMAGE TURRET B22 2
DAMAGE COMBAT A13 1
DAMAGE COMBAT A36 1
DAMAGE COMBAT B16 1
DAMAGE COMBAT B22 1
END TURN 183
TURN 184
COMMAND LEFT START
MOVE A56 113
MOVE A55 113
MOVE A54 113
MOVE A68 113
MOVE A67 113
MOVE A66 113
TRAIN 3
COMMAND LEFT END
COMMAND RIGHT START
TRAIN 1
COMMAND RIGHT END
TURN 184 RESULT
TIME LEFT 0 5 RIGHT 1 5
TRAIN A69 A70 A71 B45
MOVE A45 88
MOVE A46 88
MOVE A47 88
MOVE A48 88
MOVE A49 88
MOVE A50 88
MOVE A51 51
MOVE A52 51
MOVE A53 51
MOVE A54 59
MOVE A55 59
MOVE A56 59
MOVE A57 44
MOVE A58 44
MOVE A59 44
MOVE A60 28
MOVE A61 28
MOVE A62 28
MOVE A63 20
MOVE A64 20
MOVE A65 20
MOVE A66 5
MOVE A67 5
MOVE A68 5
MOVE B27 67
MOVE B28 67
MOVE B29 67
MOVE B30 67
MOVE B31 79
MOVE B32 91
MOVE B33 120
MOVE B34 120
MOVE B35 128
MOVE B36 138
MOVE B37 173
END TURN 184
TURN 185
COMMAND LEFT START
MOVE A59 113
MOVE A57 113
TRAIN 3
COMMAND LEFT END
COMMAND RIGHT START
TRAIN 2
COMMAND RIGHT END
TURN 185 RESULT
TIME LEFT 0 5 RIGHT 3 5
TRAIN A72 A73 A74 B46 B47
MOVE A45 101
MOVE A46 101
MOVE A47 101
MOVE A48 101
MOVE A49 101
MOVE A50 101
MOVE A54 71
MOVE A55 71
MOVE A56 71
MOVE A57 59
MOVE A58 58
MOVE A59 59
MOVE A60 42
MOVE A61 42
MOVE A62 42
MOVE A63 28
MOVE A64 28
MOVE A65 28
MOVE A66 20
MOVE A67 20
MOVE A68 20
MOVE B27 51
MOVE B28 51
MOVE B29 51
MOVE B30 51
MOVE B31 67
MOVE B32 79
MOVE B33 91
MOVE B34 91
MOVE B35 120
MOVE B36 128
MOVE B37 160
DAMAGE TURRET B27 2
DAMAGE COMBAT A15 4
DAMAGE COMBAT B27 6
END TURN 185
TURN 186
COMMAND LEFT START
MOVE A74 113
MOVE A73 113
MOVE A72 113
MOVE A71 113
MOVE A70 113
MOVE A69 113
TRAIN 3
COMMAND LEFT END
COMMAND RIGHT START
COMMAND RIGHT END
TURN 186 RESULT
TIME LEFT 0 5 RIGHT 4 5
TRAIN A75 A76 A77
MOVE A45 113
MOVE A46 113
MOVE A47 113
MOVE A48 113
MOVE A49 113
MOVE A50 113
MOVE A54 88
MOVE A55 88
MOVE A56 88
MOVE A57 71
MOVE A58 80
MOVE A59 71
MOVE A60 63
MOVE A61 63
MOVE A62 63
MOVE A63 42
MOVE A64 42
MOVE A65 42
MOVE A66 28
MOVE A67 28
MOVE A68 28
MOVE A69 5
MOVE A70 5
MOVE A71 5
MOVE A72 5
MOVE A73 5
MOVE A74 5
MOVE B31 51
MOVE B32 67
MOVE B33 79
MOVE B34 79
MOVE B35 91
MOVE B36 120
MOVE B37 145
DAMAGE TURRET B28 2
DAMAGE COMBAT A20 4
DAMAGE COMBAT B28 5
END TURN 186
TURN 187
COMMAND LEFT START
MOVE A77 113
MOVE A76 113
MOVE A75 113
TRAIN 3
COMMAND LEFT END
COMMAND RIGHT START
TRAIN 1
COMMAND RIGHT END
TURN 187 RESULT
TIME LEFT 0 5 RIGHT 5 5
TRAIN A78 A79 A80 B48
MOVE A54 101
MOVE A55 101
MOVE A56 101
MOVE A57 88
MOVE A58 90
MOVE A59 88
MOVE A60 76
MOVE A61 76
MOVE A62 76
MOVE A63 63
MOVE A64 63
MOVE A65 63
MOVE A66 42
MOVE A67 42
MOVE A68 42
MOVE A69 20
MOVE A70 20
MOVE A71 20
MOVE A72 20
MOVE A73 20
MOVE A74 20
MOVE A75 5
MOVE A76 5
MOVE A77 5
MOVE B32 51
MOVE B33 67
MOVE B34 67
MOVE B35 79
MOVE B36 91
MOVE B37 126
DAMAGE TURRET B28 1
DAMAGE TURRET B29 1
DAMAGE COMBAT A20 2
DAMAGE COMBAT A24 3
DAMAGE COMBAT B29 5
END TURN 187
TURN 188
COMMAND LEFT START
MOVE A50 114
MOVE A80 113
MOVE A79 113
MOVE A78 113
TRAIN 3
COMMAND LEFT END
COMMAND RIGHT START
TRAIN 2
COMMAND RIGHT END
TURN 188 RESULT
TIME LEFT 0 5 RIGHT 6 5
TRAIN A81 A82 A83 B49 B50
MOVE A50 111
MOVE A54 113
MOVE A55 113
MOVE A56 113
MOVE A57 101
MOVE A58 99
MOVE A59 101
MOVE A60 101
MOVE A61 101
MOVE A62 101
MOVE A63 76
MOVE A64 76
MOVE A65 76
MOVE A66 63
MOVE A67 63
MOVE A68 63
MOVE A69 28
MOVE A70 28
MOVE A71 28
MOVE A72 28
MOVE A73 28
MOVE A74 28
MOVE A75 20
MOVE A76 20
MOVE A77 20
MOVE A78 5
MOVE A79 5
MOVE A80 5
MOVE B33 51
MOVE B34 51
MOVE B35 67
MOVE B36 79
MOVE B37 115
DAMAGE TURRET B29 2
DAMAGE COMBAT A24 4
DAMAGE COMBAT A51 2
DAMAGE COMBAT B30 4
END TURN 188
TURN 189
COMMAND LEFT START
MOVE A2 51
MOVE A18 51
MOVE A5 51
MOVE A7 51
MOVE A26 10
MOVE A27 10
MOVE A28 23
MOVE A16 23
TRAIN 2
COMMAND LEFT END
COMMAND RIGHT START
TRAIN 1
COMMAND RIGHT END
TURN 189 RESULT
TIME LEFT 0 5 RIGHT 12 5
TRAIN A84 A85 B51
MOVE A2 41
MOVE A5 22
MOVE A7 22
MOVE A16 100
MOVE A18 41
MOVE A26 1
MOVE A27 1
MOVE A28 1
MOVE A50 120
MOVE A57 113
MOVE A58 112
MOVE A59 113
MOVE A60 113
MOVE A61 113
MOVE A62 113
MOVE A63 101
MOVE A64 101
MOVE A65 101
MOVE A66 76
MOVE A67 76
MOVE A68 76
MOVE A69 42
MOVE A70 42
MOVE A71 42
MOVE A72 42
MOVE A73 42
MOVE A74 42
MOVE A75 28
MOVE A76 28
MOVE A77 28
MOVE A78 20
MOVE A79 20
MOVE A80 20
MOVE B35 51
MOVE B36 67
MOVE B37 101
DAMAGE TURRET A58 1
DAMAGE TURRET B30 2
DAMAGE COMBAT A51 6
DAMAGE COMBAT A58 1
DAMAGE COMBAT A63 1
DAMAGE COMBAT B15 1
DAMAGE COMBAT B30 2
DAMAGE COMBAT B31 1
DAMAGE COMBAT B37 3
END TURN 189
TURN 190
COMMAND LEFT START
TRAIN 2
COMMAND LEFT END
COMMAND RIGHT START
TRAIN 1
COMMAND RIGHT END
TURN 190 RESULT
TIME LEFT 0 5 RIGHT 18 5
TRAIN A86 A87 B52
MOVE A2 51
MOVE A5 27
MOVE A7 27
MOVE A16 81
MOVE A18 51
MOVE A26 10
MOVE A27 10
MOVE A28 4
MOVE A50 109
MOVE A66 101
MOVE A67 101
MOVE A68 101
MOVE A69 63
MOVE A70 63
MOVE A71 63
MOVE A72 63
MOVE A73 63
MOVE A74 63
MOVE A75 42
MOVE A76 42
MOVE A77 42
MOVE A78 28
MOVE A79 28
MOVE A80 28
MOVE B36 51
DAMAGE TURRET A58 1
DAMAGE TURRET B31 2
DAMAGE COMBAT A2 4
DAMAGE COMBAT A18 2
DAMAGE COMBAT A58 1
DAMAGE COMBAT A63 1
DAMAGE COMBAT B15 1
DAMAGE COMBAT B31 4
DAMAGE COMBAT B37 5
END TURN 190
TURN 191
COMMAND LEFT START
MOVE A87 113
MOVE A86 113
MOVE A85 113
MOVE A84 113
TRAIN 3
COMMAND LEFT END
COMMAND RIGHT START
MOVE B38 6
MOVE B39 113
MOVE B40 113
MOVE B41 113
MOVE B42 113
MOVE B43 113
MOVE B44 113
MOVE B45 113
MOVE B46 113
MOVE B47 113
MOVE B48 113
MOVE B49 113
MOVE B50 113
MOVE B51 113
MOVE B52 113
TRAIN 1
COMMAND RIGHT END
TURN 191 RESULT
TIME LEFT 0 5 RIGHT 1 5
TRAIN A88 A89 A90 B53
MOVE A5 40
MOVE A7 40
MOVE A16 68
MOVE A28 13
MOVE A50 122
MOVE A63 113
MOVE A64 113
MOVE A65 113
MOVE A66 113
MOVE A67 113
MOVE A68 113
MOVE A69 76
MOVE A70 76
MOVE A71 76
MOVE A72 76
MOVE A73 76
MOVE A74 76
MOVE A75 63
MOVE A76 63
MOVE A77 63
MOVE A78 42
MOVE A79 42
MOVE A80 42
MOVE A84 5
MOVE A85 5
MOVE A86 5
MOVE A87 5
MOVE B38 221
MOVE B39 221
MOVE B40 221
MOVE B41 221
MOVE B42 221
MOVE B43 221
MOVE B44 221
MOVE B45 221
MOVE B46 221
MOVE B47 221
MOVE B48 221
MOVE B49 221
MOVE B50 221
MOVE B51 221
MOVE B52 221
DAMAGE TURRET A58 1
DAMAGE TURRET B31 1
DAMAGE TURRET B32 1
DAMAGE COMBAT A18 4
DAMAGE COMBAT A52 2
DAMAGE COMBAT A58 1
DAMAGE COMBAT B15 1
DAMAGE COMBAT B32 3
END TURN 191
TURN 192
COMMAND LEFT START
MOVE A90 113
MOVE A89 113
MOVE A88 113
TRAIN 2
COMMAND LEFT END
COMMAND RIGHT START
MOVE B53 113
TRAIN 1
COMMAND RIGHT END
TURN 192 RESULT
TIME LEFT 1 5 RIGHT 0 5
TRAIN A91 A92 B54
MOVE A5 51
MOVE A7 51
MOVE A16 56
MOVE A28 23
MOVE A50 118
MOVE A69 101
MOVE A70 101
MOVE A71 101
MOVE A72 101
MOVE A73 101
MOVE A74 101
MOVE A75 76
MOVE A76 76
MOVE A77 76
MOVE A78 63
MOVE A79 63
MOVE A80 63
MOVE A84 20
MOVE A85 20
MOVE A86 20
MOVE A87 20
MOVE A88 5
MOVE A89 5
MOVE A90 5
MOVE B38 215
MOVE B39 206
MOVE B40 206
MOVE B41 206
MOVE B42 206
MOVE B43 206
MOVE B44 206
MOVE B45 206
MOVE B46 206
MOVE B47 206
MOVE B48 206
MOVE B49 206
MOVE B50 206
MOVE B51 206
MOVE B52 206
MOVE B53 221
DAMAGE TURRET A58 1
DAMAGE TURRET B32 2
DAMAGE COMBAT A5 3
DAMAGE COMBAT A7 2
DAMAGE COMBAT A58 1
DAMAGE COMBAT B15 1
DAMAGE COMBAT B32 2
DAMAGE COMBAT B33 2
END TURN 192
TURN 193
COMMAND LEFT START
MOVE A68 112
MOVE A92 113
MOVE A91 113
TRAIN 3
COMMAND LEFT END
COMMAND RIGHT START
MOVE B54 112
TRAIN 1
COMMAND RIGHT END
TURN 193 RESULT
TIME LEFT 1 5 RIGHT 0 5
TRAIN A93 A94 A95 B55
MOVE A16 40
MOVE A50 107
MOVE A68 115
MOVE A69 113
MOVE A70 113
MOVE A71 113
MOVE A72 113
MOVE A73 113
MOVE A74 113
MOVE A75 101
MOVE A76 101
MOVE A77 101
MOVE A78 76
MOVE A79 76
MOVE A80 76
MOVE A84 28
MOVE A85 28
MOVE A86 28
MOVE A87 28
MOVE A88 20
MOVE A89 20
MOVE A90 20
MOVE A91 5
MOVE A92 5
MOVE B38 207
MOVE B39 198
MOVE B40 198
MOVE B41 198
MOVE B42 198
MOVE B43 198
MOVE B44 198
MOVE B45 198
MOVE B46 198
MOVE B47 198
MOVE B48 198
MOVE B49 198
MOVE B50 198
MOVE B51 198
MOVE B52 198
MOVE B53 206
MOVE B54 225
DAMAGE TURRET B33 2
DAMAGE COMBAT A7 3
DAMAGE COMBAT A52 1
DAMAGE COMBAT B33 3
END TURN 193
TURN 194
COMMAND LEFT START
MOVE A74 226
MOVE A73 226
MOVE A72 226
MOVE A71 226
MOVE A70 226
MOVE A69 226
MOVE A67 226
MOVE A66 226
MOVE A65 226
MOVE A64 226
MOVE A63 226
MOVE A62 226
MOVE A61 226
MOVE A60 226
MOVE A59 226
MOVE A57 226
MOVE A56 226
MOVE A55 226
MOVE A54 226
MOVE A49 226
MOVE A48 226
MOVE A47 226
MOVE A46 226
MOVE A45 226
MOVE A44 226
MOVE A43 226
MOVE A42 226
MOVE A41 226
MOVE A40 226
MOVE A39 226
MOVE A38 226
MOVE A37 226
MOVE A35 226
TRAIN 1
COMMAND LEFT END
COMMAND RIGHT START
TRAIN 1
COMMAND RIGHT END
TURN 194 RESULT
TIME LEFT 0 5 RIGHT 0 5
TRAIN A96 B56
MOVE A16 27
MOVE A35 125
MOVE A37 125
MOVE A38 125
MOVE A39 125
MOVE A40 125
MOVE A41 125
MOVE A42 125
MOVE A43 125
MOVE A44 125
MOVE A45 125
MOVE A46 125
MOVE A47 125
MOVE A48 125
MOVE A49 125
MOVE A50 114
MOVE A54 125
MOVE A55 125
MOVE A56 125
MOVE A57 125
MOVE A59 125
MOVE A60 125
MOVE A61 125
MOVE A62 125
MOVE A63 125
MOVE A64 125
MOVE A65 125
MOVE A66 125
MOVE A67 125
MOVE A68 106
MOVE A69 125
MOVE A70 125
MOVE A71 125
MOVE A72 125
MOVE A73 125
MOVE A74 125
MOVE A75 113
MOVE A76 113
MOVE A77 113
MOVE A78 101
MOVE A79 101
MOVE A80 101
MOVE A84 42
MOVE A85 42
MOVE A86 42
MOVE A87 42
MOVE A88 28
MOVE A89 28
MOVE A90 28
MOVE A91 20
MOVE A92 20
MOVE B38 196
MOVE B39 184
MOVE B40 184
MOVE B41 184
MOVE B42 184
MOVE B43 184
MOVE B44 184
MOVE B45 184
MOVE B46 184
MOVE B47 184
MOVE B48 184
MOVE B49 184
MOVE B50 184
MOVE B51 184
MOVE B52 184
MOVE B53 198
MOVE B54 216
DAMAGE TURRET A50 1
DAMAGE TURRET B33 1
DAMAGE TURRET B34 1
DAMAGE COMBAT A50 1
DAMAGE COMBAT A52 4
DAMAGE COMBAT B16 1
DAMAGE COMBAT B34 2
END TURN 194
TURN 195
COMMAND LEFT START
TRAIN 1
COMMAND LEFT END
COMMAND RIGHT START
TRAIN 1
COMMAND RIGHT END
TURN 195 RESULT
TIME LEFT 0 5 RIGHT 0 5
TRAIN A97 B57
MOVE A16 23
MOVE A35 150
MOVE A37 150
MOVE A38 150
MOVE A39 150
MOVE A40 150
MOVE A41 150
MOVE A42 150
MOVE A43 150
MOVE A44 150
MOVE A45 150
MOVE A46 150
MOVE A47 150
MOVE A48 150
MOVE A49 150
MOVE A54 150
MOVE A55 150
MOVE A56 150
MOVE A57 150
MOVE A59 150
MOVE A60 150
MOVE A61 150
MOVE A62 150
MOVE A63 150
MOVE A64 150
MOVE A65 150
MOVE A66 150
MOVE A67 150
MOVE A68 117
MOVE A69 150
MOVE A70 150
MOVE A71 150
MOVE A72 150
MOVE A73 150
MOVE A74 150
MOVE A78 113
MOVE A79 113
MOVE A80 113
MOVE A84 63
MOVE A85 63
MOVE A86 63
MOVE A87 63
MOVE A88 42
MOVE A89 42
MOVE A90 42
MOVE A91 28
MOVE A92 28
MOVE B38 173
MOVE B39 163
MOVE B40 163
MOVE B41 163
MOVE B42 163
MOVE B43 163
MOVE B44 163
MOVE B45 163
MOVE B46 163
MOVE B47 163
MOVE B48 163
MOVE B49 163
MOVE B50 163
MOVE B51 163
MOVE B52 163
MOVE B53 184
MOVE B54 204
DAMAGE TURRET A50 1
DAMAGE TURRET B34 2
DAMAGE COMBAT A50 1
DAMAGE COMBAT A52 1
DAMAGE COMBAT A53 2
DAMAGE COMBAT B16 1
DAMAGE COMBAT B34 2
END TURN 195
TURN 196
COMMAND LEFT START
TRAIN 2
COMMAND LEFT END
COMMAND RIGHT START
TRAIN 1
COMMAND RIGHT END
TURN 196 RESULT
TIME LEFT 0 5 RIGHT 0 5
TRAIN A98 A99 B58
MOVE A35 163
MOVE A37 163
MOVE A38 163
MOVE A39 163
MOVE A40 163
MOVE A41 163
MOVE A42 163
MOVE A43 163
MOVE A44 163
MOVE A45 163
MOVE A46 163
MOVE A47 163
MOVE A48 163
MOVE A49 163
MOVE A54 163
MOVE A55 163
MOVE A56 163
MOVE A57 163
MOVE A59 163
MOVE A60 163
MOVE A61 163
MOVE A62 163
MOVE A63 163
MOVE A64 163
MOVE A65 163
MOVE A66 163
MOVE A67 163
MOVE A68 104
MOVE A69 163
MOVE A70 163
MOVE A71 163
MOVE A72 163
MOVE A73 163
MOVE A74 163
MOVE A84 76
MOVE A85 76
MOVE A86 76
MOVE A87 76
MOVE A88 63
MOVE A89 63
MOVE A90 63
MOVE A91 42
MOVE A92 42
MOVE B38 160
MOVE B39 150
MOVE B40 150
MOVE B41 150
MOVE B42 150
MOVE B43 150
MOVE B44 150
MOVE B45 150
MOVE B46 150
MOVE B47 150
MOVE B48 150
MOVE B49 150
MOVE B50 150
MOVE B51 150
MOVE B52 150
MOVE B53 163
MOVE B54 199
DAMAGE TURRET A50 1
DAMAGE TURRET B34 1
DAMAGE TURRET B35 1
DAMAGE COMBAT A50 1
DAMAGE COMBAT A53 3
DAMAGE COMBAT A63 1
DAMAGE COMBAT B16 1
DAMAGE COMBAT B35 1
DAMAGE COMBAT B53 8
END TURN 196
TURN 197
COMMAND LEFT START
MOVE A99 113
MOVE A98 113
MOVE A97 113
MOVE A96 113
MOVE A95 113
MOVE A94 113
MOVE A93 113
TRAIN 2
COMMAND LEFT END
COMMAND RIGHT START
TRAIN 2
COMMAND RIGHT END
TURN 197 RESULT
TIME LEFT 0 5 RIGHT 6 5
TRAIN A100 A101 B59 B60
MOVE A35 184
MOVE A37 184
MOVE A38 184
MOVE A39 184
MOVE A40 184
MOVE A41 184
MOVE A42 184
MOVE A43 184
MOVE A44 184
MOVE A45 184
MOVE A46 184
MOVE A47 184
MOVE A48 184
MOVE A49 184
MOVE A54 184
MOVE A55 184
MOVE A56 184
MOVE A57 184
MOVE A59 184
MOVE A60 184
MOVE A61 184
MOVE A62 184
MOVE A63 184
MOVE A64 184
MOVE A65 184
MOVE A66 184
MOVE A67 184
MOVE A68 108
MOVE A69 184
MOVE A70 184
MOVE A71 184
MOVE A72 184
MOVE A73 184
MOVE A74 184
MOVE A84 101
MOVE A85 101
MOVE A86 101
MOVE A87 101
MOVE A88 76
MOVE A89 76
MOVE A90 76
MOVE A91 63
MOVE A92 63
MOVE A93 5
MOVE A94 5
MOVE A95 5
MOVE A96 5
MOVE A97 5
MOVE A98 5
MOVE A99 5
MOVE B38 145
MOVE B39 125
MOVE B40 125
MOVE B41 125
MOVE B42 125
MOVE B43 125
MOVE B44 125
MOVE B45 125
MOVE B46 125
MOVE B47 125
MOVE B48 125
MOVE B49 125
MOVE B50 125
MOVE B51 125
MOVE B52 125
MOVE B54 185
DAMAGE TURRET A50 1
DAMAGE TURRET B35 2
DAMAGE COMBAT A50 1
DAMAGE COMBAT A53 2
DAMAGE COMBAT B16 1
DAMAGE COMBAT B35 1
END TURN 197
TURN 198
COMMAND LEFT START
MOVE A101 113
MOVE A100 113
TRAIN 2
COMMAND LEFT END
COMMAND RIGHT START
MOVE B55 114
TRAIN 1
COMMAND RIGHT END
TURN 198 RESULT
TIME LEFT 0 5 RIGHT 6 5
TRAIN A102 A103 B61
MOVE A35 198
MOVE A37 198
MOVE A38 198
MOVE A39 198
MOVE A40 198
MOVE A41 198
MOVE A42 198
MOVE A43 198
MOVE A44 198
MOVE A45 198
MOVE A46 198
MOVE A47 198
MOVE A48 198
MOVE A49 198
MOVE A54 198
MOVE A55 198
MOVE A56 198
MOVE A57 198
MOVE A59 198
MOVE A60 198
MOVE A61 198
MOVE A62 198
MOVE A63 198
MOVE A64 198
MOVE A65 198
MOVE A66 198
MOVE A67 198
MOVE A68 119
MOVE A69 198
MOVE A70 198
MOVE A71 198
MOVE A72 198
MOVE A73 198
MOVE A74 198
MOVE A84 113
MOVE A85 113
MOVE A86 113
MOVE A87 113
MOVE A88 101
MOVE A89 101
MOVE A90 101
MOVE A91 76
MOVE A92 76
MOVE A93 20
MOVE A94 20
MOVE A95 20
MOVE A96 20
MOVE A97 20
MOVE A98 20
MOVE A99 20
MOVE A100 5
MOVE A101 5
MOVE B38 126
MOVE B39 113
MOVE B40 113
MOVE B41 113
MOVE B42 113
MOVE B43 113
MOVE B44 113
MOVE B45 113
MOVE B46 113
MOVE B47 113
MOVE B48 113
MOVE B49 113
MOVE B50 113
MOVE B51 113
MOVE B52 113
MOVE B54 165
MOVE B55 220
DAMAGE TURRET B35 2
DAMAGE TURRET B39 2
DAMAGE COMBAT A29 7
DAMAGE COMBAT A34 5
DAMAGE COMBAT A53 1
DAMAGE COMBAT A75 2
DAMAGE COMBAT B35 1
DAMAGE COMBAT B39 6
DAMAGE COMBAT B40 6
SIEGE A 51 1
END TURN 198
TURN 199
COMMAND LEFT START
MOVE A103 44
MOVE A102 44
TRAIN 3
COMMAND LEFT END
COMMAND RIGHT START
COMMAND RIGHT END
TURN 199 RESULT
TIME LEFT 0 5 RIGHT 7 5
TRAIN A104 A105 A106
MOVE A35 206
MOVE A37 206
MOVE A38 206
MOVE A39 206
MOVE A40 206
MOVE A41 206
MOVE A42 206
MOVE A43 206
MOVE A44 206
MOVE A45 206
MOVE A46 206
MOVE A47 206
MOVE A48 206
MOVE A49 206
MOVE A54 206
MOVE A55 206
MOVE A56 206
MOVE A57 206
MOVE A59 206
MOVE A60 206
MOVE A61 206
MOVE A62 206
MOVE A63 206
MOVE A64 206
MOVE A65 206
MOVE A66 206
MOVE A67 206
MOVE A68 112
MOVE A69 206
MOVE A70 206
MOVE A71 206
MOVE A72 206
MOVE A73 206
MOVE A74 206
MOVE A88 113
MOVE A89 113
MOVE A90 113
MOVE A91 101
MOVE A92 101
MOVE A93 28
MOVE A94 28
MOVE A95 28
MOVE A96 28
MOVE A97 28
MOVE A98 28
MOVE A99 28
MOVE A100 20
MOVE A101 20
MOVE A102 6
MOVE A103 6
MOVE B38 115
MOVE B54 151
MOVE B55 212
DAMAGE TURRET A68 1
DAMAGE TURRET B36 2
DAMAGE TURRET B40 2
DAMAGE COMBAT A75 6
DAMAGE COMBAT A76 7
DAMAGE COMBAT B41 8
DAMAGE COMBAT B42 5
SIEGE A 51 1
SIEGE B 112 1
END TURN 199
TURN 200
COMMAND LEFT START
MOVE A106 44
MOVE A105 44
MOVE A104 44
TRAIN 3
COMMAND LEFT END
COMMAND RIGHT START
MOVE B3 226
TRAIN 1
COMMAND RIGHT END
TURN 200 RESULT
TIME LEFT 0 5 RIGHT 8 5
TRAIN A107 A108 A109 B62
MOVE A35 221
MOVE A37 221
MOVE A38 221
MOVE A39 221
MOVE A40 221
MOVE A41 221
MOVE A42 221
MOVE A43 221
MOVE A44 221
MOVE A45 221
MOVE A46 221
MOVE A47 221
MOVE A48 221
MOVE A49 221
MOVE A54 221
MOVE A55 221
MOVE A56 221
MOVE A57 221
MOVE A59 221
MOVE A60 221
MOVE A61 221
MOVE A62 221
MOVE A63 221
MOVE A64 221
MOVE A65 221
MOVE A66 221
MOVE A67 221
MOVE A69 221
MOVE A70 221
MOVE A71 221
MOVE A72 221
MOVE A73 221
MOVE A74 221
MOVE A91 113
MOVE A92 113
MOVE A93 42
MOVE A94 42
MOVE A95 42
MOVE A96 42
MOVE A97 42
MOVE A98 42
MOVE A99 42
MOVE A100 28
MOVE A101 28
MOVE A102 14
MOVE A103 14
MOVE A104 6
MOVE A105 6
MOVE A106 6
MOVE B3 226
MOVE B38 101
MOVE B54 133
MOVE B55 195
DAMAGE TURRET A68 1
DAMAGE TURRET B36 2
DAMAGE TURRET B42 2
DAMAGE COMBAT A76 1
DAMAGE COMBAT A77 8
DAMAGE COMBAT A78 2
DAMAGE COMBAT B42 1
DAMAGE COMBAT B43 8
DAMAGE COMBAT B44 5
SIEGE A 51 1
SIEGE B 112 1
END TURN 200
TURN 201
COMMAND LEFT START
MOVE A109 44
MOVE A108 44
MOVE A107 44
TRAIN 3
COMMAND LEFT END
COMMAND RIGHT START
MOVE B2 226
MOVE B4 226
TRAIN 1
COMMAND RIGHT END
TURN 201 RESULT
TIME LEFT 0 5 RIGHT 7 5
TRAIN A110 A111 A112 B63
MOVE A35 226
MOVE A37 226
MOVE A38 226
MOVE A39 226
MOVE A40 226
MOVE A41 226
MOVE A42 226
MOVE A43 226
MOVE A44 226
MOVE A45 226
MOVE A46 226
MOVE A47 226
MOVE A48 226
MOVE A49 226
MOVE A54 226
MOVE A55 226
MOVE A56 226
MOVE A57 226
MOVE A59 226
MOVE A60 226
MOVE A61 226
MOVE A62 226
MOVE A63 226
MOVE A64 226
MOVE A65 226
MOVE A66 226
MOVE A67 226
MOVE A69 226
MOVE A70 226
MOVE A71 226
MOVE A72 226
MOVE A73 226
MOVE A74 226
MOVE A93 63
MOVE A94 63
MOVE A95 63
MOVE A96 63
MOVE A97 63
MOVE A98 63
MOVE A99 63
MOVE A100 42
MOVE A101 42
MOVE A102 31
MOVE A103 31
MOVE A104 14
MOVE A105 14
MOVE A106 14
MOVE A107 6
MOVE A108 6
MOVE A109 6
MOVE B2 225
MOVE B4 223
MOVE B38 76
MOVE B54 112
MOVE B55 182
DAMAGE TURRET A63 3
DAMAGE TURRET A68 1
DAMAGE TURRET B36 2
DAMAGE TURRET B44 2
DAMAGE COMBAT A35 8
DAMAGE COMBAT A37 4
DAMAGE COMBAT A63 2
DAMAGE COMBAT A68 1
DAMAGE COMBAT A78 6
DAMAGE COMBAT A79 3
DAMAGE COMBAT B1 4
DAMAGE COMBAT B3 4
DAMAGE COMBAT B5 5
DAMAGE COMBAT B6 6
DAMAGE COMBAT B7 7
DAMAGE COMBAT B8 7
DAMAGE COMBAT B44 1
DAMAGE COMBAT B45 8
DAMAGE COMBAT B46 3
DAMAGE COMBAT B54 1
SIEGE A 51 1
END TURN 201
TURN 202
COMMAND LEFT START
MOVE A112 44
MOVE A111 44
MOVE A110 44
TRAIN 3
COMMAND LEFT END
COMMAND RIGHT START
TRAIN 1
COMMAND RIGHT END
TURN 202 RESULT
TIME LEFT 0 5 RIGHT 0 5
TRAIN A113 A114 A115 B64
MOVE A93 76
MOVE A94 76
MOVE A95 76
MOVE A96 76
MOVE A97 76
MOVE A98 76
MOVE A99 76
MOVE A100 63
MOVE A101 63
MOVE A102 44
MOVE A103 44
MOVE A104 31
MOVE A105 31
MOVE A106 31
MOVE A107 14
MOVE A108 14
MOVE A109 14
MOVE A110 6
MOVE A111 6
MOVE A112 6
MOVE B2 226
MOVE B4 226
MOVE B38 63
MOVE B55 168
DAMAGE TURRET A37 3
DAMAGE TURRET A68 1
DAMAGE TURRET B36 2
DAMAGE TURRET B46 2
DAMAGE COMBAT A37 1
DAMAGE COMBAT A38 8
DAMAGE COMBAT A39 3
DAMAGE COMBAT A68 1
DAMAGE COMBAT A79 5
DAMAGE COMBAT A80 2
DAMAGE COMBAT A100 1
DAMAGE COMBAT B2 4
DAMAGE COMBAT B4 4
DAMAGE COMBAT B8 1
DAMAGE COMBAT B38 2
DAMAGE COMBAT B46 3
DAMAGE COMBAT B47 8
DAMAGE COMBAT B54 1
DAMAGE COMBAT B56 8
DAMAGE COMBAT B57 8
DAMAGE COMBAT B58 6
SIEGE A 51 1
END TURN 202
TURN 203
COMMAND LEFT START
MOVE A14 51
MOVE A17 51
MOVE A32 51
MOVE A115 44
MOVE A114 44
TRAIN 3
COMMAND LEFT END
COMMAND RIGHT START
TRAIN 1
COMMAND RIGHT END
TURN 203 RESULT
TIME LEFT 0 5 RIGHT 0 5
TRAIN A116 A117 A118 B65
MOVE A14 42
MOVE A17 42
MOVE A32 1
MOVE A93 101
MOVE A94 101
MOVE A95 101
MOVE A96 101
MOVE A97 101
MOVE A98 101
MOVE A99 101
MOVE A104 44
MOVE A105 44
MOVE A106 44
MOVE A107 31
MOVE A108 31
MOVE A109 31
MOVE A110 14
MOVE A111 14
MOVE A112 14
MOVE A114 6
MOVE A115 6
MOVE B55 146
DAMAGE TURRET A39 3
DAMAGE TURRET A68 1
DAMAGE TURRET B48 2
DAMAGE COMBAT A39 2
DAMAGE COMBAT A40 6
DAMAGE COMBAT A68 1
DAMAGE COMBAT A80 5
DAMAGE COMBAT A100 1
DAMAGE COMBAT B38 2
DAMAGE COMBAT B48 6
DAMAGE COMBAT B49 4
DAMAGE COMBAT B54 1
DAMAGE COMBAT B58 2
DAMAGE COMBAT B59 8
DAMAGE COMBAT B60 8
DAMAGE COMBAT B61 8
DAMAGE COMBAT B62 3
END TURN 203
TURN 204
COMMAND LEFT START
MOVE A23 51
MOVE A118 44
MOVE A117 44
MOVE A106 112
MOVE A116 44
COMMAND LEFT END
COMMAND RIGHT START
TRAIN 2
COMMAND RIGHT END
TURN 204 RESULT
TIME LEFT 0 5 RIGHT 0 5
TRAIN B66 B67
MOVE A14 55
MOVE A17 55
MOVE A23 42
MOVE A32 10
MOVE A93 113
MOVE A94 113
MOVE A95 113
MOVE A96 113
MOVE A97 113
MOVE A98 113
MOVE A99 113
MOVE A106 58
MOVE A107 44
MOVE A108 44
MOVE A109 44
MOVE A110 31
MOVE A111 31
MOVE A112 31
MOVE A114 14
MOVE A115 14
MOVE A116 6
MOVE A117 6
MOVE A118 6
MOVE B55 136
DAMAGE TURRET A40 2
DAMAGE TURRET A41 1
DAMAGE TURRET B49 2
DAMAGE COMBAT A41 6
DAMAGE COMBAT A80 1
DAMAGE COMBAT A84 3
DAMAGE COMBAT A100 1
DAMAGE COMBAT B38 2
DAMAGE COMBAT B49 2
DAMAGE COMBAT B50 8
DAMAGE COMBAT B51 7
DAMAGE COMBAT B62 5
DAMAGE COMBAT B63 8
DAMAGE COMBAT B64 8
DAMAGE COMBAT B65 7
END TURN 204
TURN 205
COMMAND LEFT START
MOVE A102 51
MOVE A109 216
MOVE A108 216
MOVE A107 216
MOVE A105 216
COMMAND LEFT END
COMMAND RIGHT START
TRAIN 1
COMMAND RIGHT END
TURN 205 RESULT
TIME LEFT 0 5 RIGHT 0 5
TRAIN B68
MOVE A14 53
MOVE A17 53
MOVE A23 55
MOVE A32 22
MOVE A102 42
MOVE A105 59
MOVE A106 80
MOVE A107 59
MOVE A108 59
MOVE A109 59
MOVE A110 44
MOVE A111 44
MOVE A112 44
MOVE A114 31
MOVE A115 31
MOVE A116 14
MOVE A117 14
MOVE A118 14
MOVE B55 127
DAMAGE TURRET A41 1
DAMAGE TURRET A42 2
DAMAGE TURRET B51 1
DAMAGE TURRET B52 1
DAMAGE COMBAT A42 4
DAMAGE COMBAT A84 2
DAMAGE COMBAT A100 1
DAMAGE COMBAT B38 2
DAMAGE COMBAT B52 7
DAMAGE COMBAT B65 1
DAMAGE COMBAT B66 8
DAMAGE COMBAT B67 8
DAMAGE COMBAT B68 8
SIEGE B 226 2
END TURN 205
TURN 206
COMMAND LEFT START
MOVE A84 51
MOVE A99 220
MOVE A98 220
MOVE A97 220
MOVE A96 220
MOVE A95 220
MOVE A94 220
MOVE A93 220
MOVE A92 220
MOVE A91 220
MOVE A90 220
MOVE A89 220
MOVE A88 220
MOVE A87 220
COMMAND LEFT END
COMMAND RIGHT START
COMMAND RIGHT END
TURN 206 RESULT
TIME LEFT 0 5 RIGHT 0 5
MOVE A14 45
MOVE A17 45
MOVE A23 53
MOVE A32 27
MOVE A84 100
MOVE A87 125
MOVE A88 125
MOVE A89 125
MOVE A90 125
MOVE A91 125
MOVE A92 125
MOVE A93 125
MOVE A94 125
MOVE A95 125
MOVE A96 125
MOVE A97 125
MOVE A98 125
MOVE A99 125
MOVE A100 76
MOVE A101 76
MOVE A102 55
MOVE A105 77
MOVE A106 90
MOVE A107 77
MOVE A108 77
MOVE A109 77
MOVE A114 44
MOVE A115 44
MOVE A116 31
MOVE A117 31
MOVE A118 31
MOVE B55 114
DAMAGE TURRET A42 2
DAMAGE TURRET A43 1
SIEGE B 226 26
END TURN 206
TURN 207
COMMAND LEFT START
MOVE A103 51
MOVE A115 114
MOVE A114 113
MOVE A112 113
TRAIN 3
COMMAND LEFT END
COMMAND RIGHT START
TRAIN 1
COMMAND RIGHT END
TURN 207 RESULT
TIME LEFT 0 5 RIGHT 0 5
TRAIN A119 A120 A121 B69
MOVE A14 48
MOVE A17 48
MOVE A23 45
MOVE A32 40
MOVE A84 86
MOVE A87 150
MOVE A88 150
MOVE A89 150
MOVE A90 150
MOVE A91 150
MOVE A92 150
MOVE A93 150
MOVE A94 150
MOVE A95 150
MOVE A96 150
MOVE A97 150
MOVE A98 150
MOVE A99 150
MOVE A100 101
MOVE A101 101
MOVE A102 53
MOVE A103 42
MOVE A105 92
MOVE A106 99
MOVE A107 92
MOVE A108 92
MOVE A109 92
MOVE A112 59
MOVE A114 59
MOVE A115 54
MOVE A116 44
MOVE A117 44
MOVE A118 44
DAMAGE TURRET A43 3
DAMAGE COMBAT A43 1
DAMAGE COMBAT B69 8
SIEGE B 226 2
END TURN 207
RESULT LEFT_WIN HQ_DESTROYED
