[LEFT ""]
[RIGHT ""]
MAP
215 15
-11120 -10920 -10641 -10391 -9146 -9812 -8753 -8658 -9462 -9475 -8327 -8099 -9150 -7941 -7578 -7832 -7484 -8155 -7388 -7296 -7161 -7542 -6605 -8045 -6708 -6713 -6538 -6537 -6400 -6283 -6294 -6094 -5998 -5564 -6005 -5563 -5586 -5474 -5445 -5109 -5758 -5304 -5184 -4916 -5128 -4903 -4703 -4803 -4964 -4211 -4380 -4277 -5247 -4236 -4265 -4104 -3901 -3787 -3868 -3755 -3548 -3236 -3399 -3318 -3317 -3267 -3119 -3186 -2860 -3228 -2636 -2574 -2490 -2479 -2375 -2458 -2470 -2724 -2139 -1957 -2091 -1985 -2094 -1770 -1914 -1551 -1335 -1259 -1629 -1145 -1301 -978 -1191 -1134 -931 -1009 -889 -1031 -1107 -943 -914 -204 -277 -337 -188 -199 22 0 -22 199 188 337 277 204 914 943 1107 1031 889 1009 931 1134 1191 978 1301 1145 1629 1259 1335 1551 1914 1770 2094 1985 2091 1957 2139 2724 2470 2458 2375 2479 2490 2574 2636 3228 2860 3186 3119 3267 3317 3318 3399 3236 3548 3755 3868 3787 3901 4104 4265 4236 5247 4277 4380 4211 4964 4803 4703 4903 5128 4916 5184 5304 5758 5109 5445 5474 5586 5563 6005 5564 5998 6094 6294 6283 6400 6537 6538 6713 6708 8045 6605 7542 7161 7296 7388 8155 7484 7832 7578 7941 9150 8099 8327 9475 9462 8658 8753 9812 9146 10391 10641 10920 11120
113 -1922 3623 -3592 214 1807 -1102 -2060 4796 -4837 3263 -91 6233 -2712 -3793 1925 4699 -5507 540 -1622 3358 7307 2576 -7595 1576 -2707 -6038 4401 -1014 -3837 315 -5099 -7251 -2052 7279 3818 1536 -126 4819 -2902 -9650 5751 -1000 -7224 2874 -4129 388 -5243 7623 -8329 1427 -6143 9656 -1153 5164 6505 3352 2313 4267 -3472 7560 5814 9014 550 -4819 -2244 -803 -7065 -8158 -10066 4205 7357 2887 -5472 8549 1575 -3578 10612 -6416 -2608 -939 4977 6369 -4575 302 -1828 -8127 7921 -10818 -3610 -7024 7002 2712 1708 8785 -801 5781 11134 4266 721 -5763 -7088 3600 -2469 -4842 -10058 1313 0 -1313 10058 4842 2469 -3600 7088 5763 -721 -4266 -11134 -5781 801 -8785 -1708 -2712 -7002 7024 3610 10818 -7921 8127 1828 -302 4575 -6369 -4977 939 2608 6416 -10612 3578 -1575 -8549 5472 -2887 -7357 -4205 10066 8158 7065 803 2244 4819 -550 -9014 -5814 -7560 3472 -4267 -2313 -3352 -6505 -5164 1153 -9656 6143 -1427 8329 -7623 5243 -388 4129 -2874 7224 1000 -5751 9650 2902 -4819 126 -1536 -3818 -7279 2052 7251 5099 -315 3837 1014 -4401 6038 2707 -1576 7595 -2576 -7307 -3358 1622 -540 5507 -4699 -1925 3793 2712 -6233 91 -3263 4837 -4796 2060 1102 -1807 -214 3592 -3623 1922 -113
STRONGHOLDS 30 57 69 76 84 100 102 107 112 114 130 138 145 157 184
5 1 2 4 5 6
4 0 3 6 7
4 0 5 8 10
4 1 7 9 13
6 0 5 6 11 15 18
5 0 2 4 10 15
6 0 1 4 7 11 19
5 1 3 6 13 19
4 2 10 12 16
5 3 13 14 17 23
6 2 5 8 15 16 20
5 4 6 18 19 28
3 8 16 21
6 3 7 9 14 19 25
6 9 13 17 25 29 31
7 4 5 10 18 20 22 24
8 8 10 12 20 21 27 34 41
5 9 14 23 26 31
6 4 11 15 24 28 30
6 6 7 11 13 25 28
6 10 15 16 22 27 35
4 12 16 34 52
6 15 20 24 35 36 44
5 9 17 26 32 40
5 15 18 22 30 36
7 13 14 19 28 29 33 39
6 17 23 31 32 43 47
5 16 20 35 38 41
8 11 18 19 25 30 33 37 42
5 14 25 31 39 45
5 18 24 28 36 37
6 14 17 26 29 45 47
5 23 26 40 43 49
5 25 28 39 42 53
5 16 21 41 48 52
7 20 22 27 38 44 56 58
7 22 24 30 37 44 46 50
5 28 30 36 42 46
5 27 35 41 54 58
7 25 29 33 45 53 59 65
4 23 32 49 69
7 16 27 34 38 48 54 55
5 28 33 37 46 53
6 26 32 47 49 51 67
6 22 35 36 50 56 57
6 29 31 39 47 59 64
6 36 37 42 50 53 63
6 26 31 43 45 51 64
6 34 41 52 55 60 62
6 32 40 43 67 68 69
5 36 44 46 57 63
5 43 47 64 67 73
5 21 34 48 62 77
7 33 39 42 46 63 65 66
5 38 41 55 58 61
5 41 48 54 60 61
6 35 44 57 58 70 72
6 44 50 56 63 72 75
6 35 38 54 56 61 70
5 39 45 64 65 76
6 48 55 61 62 71 74
8 54 55 58 60 70 71 81 82
5 48 52 60 74 77
7 46 50 53 57 66 75 84
7 45 47 51 59 73 76 83
8 39 53 59 66 76 79 80 85
5 53 63 65 80 84
6 43 49 51 68 73 78
6 49 67 69 78 86 90
5 40 49 68 86 88
6 56 58 61 72 81 98
6 60 61 74 82 87 91
6 56 57 70 75 92 98
6 51 64 67 78 83 100
6 60 62 71 77 87 94
6 57 63 72 84 92 93
6 59 64 65 79 83 89
5 52 62 74 94 97
5 67 68 73 90 100
5 65 76 85 89 103
5 65 66 84 85 95
5 61 70 82 96 98
5 61 71 81 91 96
6 64 73 76 89 100 104
7 63 66 75 80 93 95 99
6 65 79 80 95 103 108
7 68 69 88 90 101 105 120
5 71 74 91 94 113
4 69 86 105 117
6 76 79 83 103 104 112
5 68 78 86 100 101
5 71 82 87 96 113
6 72 75 93 98 102 111
6 75 84 92 99 106 111
7 74 77 87 97 109 113 128
6 80 84 85 99 107 108
7 81 82 91 98 110 113 114
4 77 94 109 126
7 70 72 81 92 96 102 110
5 84 93 95 106 107
7 73 78 83 90 101 104 118
7 86 90 100 118 120 123 127
5 92 98 110 111 125
7 79 85 89 108 112 121 122
6 83 89 100 112 116 118
4 86 88 117 120
6 93 99 107 111 119 129
6 95 99 106 108 115 119
6 85 95 103 107 115 121
4 94 97 126 128
6 96 98 102 114 125 131
7 92 93 102 106 125 129 135
5 89 103 104 116 122
7 87 91 94 96 114 124 128
7 96 110 113 124 131 136 141
5 107 108 119 121 130
7 104 112 118 122 133 142 144
4 88 105 120 137
7 100 101 104 116 123 132 133
6 106 107 115 129 130 134
7 86 101 105 117 127 137 140
6 103 108 115 122 130 139
6 103 112 116 121 139 142
5 101 118 127 132 143
5 113 114 128 136 146
6 102 110 111 131 135 138
4 97 109 128 145
5 101 120 123 140 143
7 94 109 113 124 126 145 146
6 106 111 119 134 135 149
7 115 119 121 134 139 148 151
6 110 114 125 138 141 150
5 118 123 133 143 153
5 116 118 132 144 153
5 119 129 130 148 149
5 111 125 129 138 149
5 114 124 141 146 147
5 117 120 140 152 162
6 125 131 135 149 150 155
6 121 122 130 142 151 157
6 120 127 137 143 152 154
6 114 131 136 147 150 163
6 116 122 139 144 157 158
6 123 127 132 140 153 154
6 116 133 142 153 156 158
5 126 128 146 165 174
6 124 128 136 145 147 165
6 136 141 146 163 165 171
5 130 134 149 151 161
8 129 134 135 138 148 155 161 175
7 131 138 141 155 163 167 169
7 130 139 148 157 161 164 168
5 137 140 154 162 166
8 132 133 143 144 154 156 159 160
6 140 143 152 153 159 166
5 138 149 150 169 175
6 144 153 158 160 176 179
6 139 142 151 158 164 170
6 142 144 156 157 170 179
5 153 154 160 166 173
5 153 156 159 173 176
7 148 149 151 168 172 175 181
5 137 152 166 180 193
5 141 147 150 167 171
5 151 157 168 170 178
6 145 146 147 171 174 182
6 152 154 159 162 173 180
6 150 163 169 171 183 188
6 151 161 164 172 177 178
6 150 155 167 175 183 185
6 157 158 164 178 179 192
6 147 163 165 167 182 188
5 161 168 177 181 186
7 159 160 166 176 180 187 198
4 145 165 182 191
7 149 155 161 169 181 185 189
5 156 160 173 179 187
5 168 172 178 184 186
7 164 168 170 177 184 190 192
7 156 158 170 176 187 192 194
5 162 166 173 193 198
5 161 172 175 186 189
5 165 171 174 188 191
6 167 169 185 188 197 200
5 177 178 186 190 196
5 169 175 183 189 200
8 172 177 181 184 189 195 196 203
5 173 176 179 194 198
6 167 171 182 183 191 197
7 175 181 185 186 195 200 201
5 178 184 192 196 199
5 174 182 188 197 205
6 170 178 179 190 194 199
4 162 180 198 202
6 179 187 192 198 199 204
6 186 189 201 203 207 208
6 184 186 190 199 203 210
5 183 188 191 200 205
8 173 180 187 193 194 202 204 206
7 190 192 194 196 204 209 210
6 183 185 189 197 201 205
6 189 195 200 205 207 211
3 193 198 206
5 186 195 196 208 210
6 194 198 199 206 209 212
5 191 197 200 201 211
4 198 202 204 212
5 195 201 208 211 213
6 195 203 207 210 213 214
5 199 204 210 212 214
6 196 199 203 208 209 214
4 201 205 207 213
4 204 206 209 214
4 207 208 211 214
5 208 209 210 212 213
END MAP
TURN 1
COMMAND LEFT START
MOVE A1 30
MOVE A2 107
COMMAND LEFT END
COMMAND RIGHT START
MOVE B3 184
UPGRADE 214
COMMAND RIGHT END
TURN 1 RESULT
TIME LEFT 0 5 RIGHT 11 5
UPGRADE B 214
MOVE A1 4
MOVE A2 4
MOVE B3 210
END TURN 1
TURN 2
COMMAND LEFT START
COMMAND LEFT END
COMMAND RIGHT START
COMMAND RIGHT END
TURN 2 RESULT
TIME LEFT 0 5 RIGHT 0 5
MOVE A1 18
MOVE A2 11
MOVE B3 196
END TURN 2
TURN 3
COMMAND LEFT START
COMMAND LEFT END
COMMAND RIGHT START
COMMAND RIGHT END
TURN 3 RESULT
TIME LEFT 0 5 RIGHT 0 5
MOVE A1 30
MOVE A2 28
MOVE B3 184
END TURN 3
TURN 4
COMMAND LEFT START
UPGRADE 30
COMMAND LEFT END
COMMAND RIGHT START
COMMAND RIGHT END
TURN 4 RESULT
TIME LEFT 0 5 RIGHT 0 5
UPGRADE A 30
MOVE A2 42
END TURN 4
TURN 5
COMMAND LEFT START
COMMAND LEFT END
COMMAND RIGHT START
COMMAND RIGHT END
TURN 5 RESULT
TIME LEFT 0 5 RIGHT 0 5
MOVE A2 53
END TURN 5
TURN 6
COMMAND LEFT START
COMMAND LEFT END
COMMAND RIGHT START
COMMAND RIGHT END
TURN 6 RESULT
TIME LEFT 0 5 RIGHT 0 5
MOVE A2 66
END TURN 6
TURN 7
COMMAND LEFT START
COMMAND LEFT END
COMMAND RIGHT START
COMMAND RIGHT END
TURN 7 RESULT
TIME LEFT 0 5 RIGHT 0 5
MOVE A2 80
END TURN 7
TURN 8
COMMAND LEFT START
COMMAND LEFT END
COMMAND RIGHT START
COMMAND RIGHT END
TURN 8 RESULT
TIME LEFT 0 5 RIGHT 0 5
MOVE A2 95
END TURN 8
TURN 9
COMMAND LEFT START
COMMAND LEFT END
COMMAND RIGHT START
COMMAND RIGHT END
TURN 9 RESULT
TIME LEFT 0 5 RIGHT 0 5
MOVE A2 107
END TURN 9
TURN 10
COMMAND LEFT START
COMMAND LEFT END
COMMAND RIGHT START
COMMAND RIGHT END
TURN 10 RESULT
TIME LEFT 0 5 RIGHT 0 5
END TURN 10
TURN 11
COMMAND LEFT START
COMMAND LEFT END
COMMAND RIGHT START
COMMAND RIGHT END
TURN 11 RESULT
TIME LEFT 0 5 RIGHT 0 5
END TURN 11
TURN 12
COMMAND LEFT START
COMMAND LEFT END
COMMAND RIGHT START
COMMAND RIGHT END
TURN 12 RESULT
TIME LEFT 0 5 RIGHT 0 5
END TURN 12
TURN 13
COMMAND LEFT START
COMMAND LEFT END
COMMAND RIGHT START
COMMAND RIGHT END
TURN 13 RESULT
TIME LEFT 0 5 RIGHT 0 5
END TURN 13
TURN 14
COMMAND LEFT START
COMMAND LEFT END
COMMAND RIGHT START
COMMAND RIGHT END
TURN 14 RESULT
TIME LEFT 0 5 RIGHT 0 5
END TURN 14
TURN 15
COMMAND LEFT START
UPGRADE 107
COMMAND LEFT END
COMMAND RIGHT START
COMMAND RIGHT END
TURN 15 RESULT
TIME LEFT 0 5 RIGHT 0 5
UPGRADE A 107
END TURN 15
TURN 16
COMMAND LEFT START
COMMAND LEFT END
COMMAND RIGHT START
COMMAND RIGHT END
TURN 16 RESULT
TIME LEFT 0 5 RIGHT 0 5
END TURN 16
TURN 17
COMMAND LEFT START
COMMAND LEFT END
COMMAND RIGHT START
UPGRADE 184
COMMAND RIGHT END
TURN 17 RESULT
TIME LEFT 0 5 RIGHT 0 5
UPGRADE B 184
END TURN 17
TURN 18
COMMAND LEFT START
TRAIN 1
COMMAND LEFT END
COMMAND RIGHT START
COMMAND RIGHT END
TURN 18 RESULT
TIME LEFT 0 5 RIGHT 0 5
TRAIN A4
END TURN 18
TURN 19
COMMAND LEFT START
COMMAND LEFT END
COMMAND RIGHT START
COMMAND RIGHT END
TURN 19 RESULT
TIME LEFT 0 5 RIGHT 0 5
END TURN 19
TURN 20
COMMAND LEFT START
COMMAND LEFT END
COMMAND RIGHT START
TRAIN 1
COMMAND RIGHT END
TURN 20 RESULT
TIME LEFT 0 5 RIGHT 0 5
TRAIN B4
END TURN 20
TURN 21
COMMAND LEFT START
COMMAND LEFT END
COMMAND RIGHT START
MOVE B4 157
COMMAND RIGHT END
TURN 21 RESULT
TIME LEFT 0 5 RIGHT 0 5
MOVE B4 210
END TURN 21
TURN 22
COMMAND LEFT START
COMMAND LEFT END
COMMAND RIGHT START
COMMAND RIGHT END
TURN 22 RESULT
TIME LEFT 0 5 RIGHT 0 5
MOVE B4 196
END TURN 22
TURN 23
COMMAND LEFT START
COMMAND LEFT END
COMMAND RIGHT START
COMMAND RIGHT END
TURN 23 RESULT
TIME LEFT 0 5 RIGHT 0 5
MOVE B4 190
END TURN 23
TURN 24
COMMAND LEFT START
COMMAND LEFT END
COMMAND RIGHT START
TRAIN 1
COMMAND RIGHT END
TURN 24 RESULT
TIME LEFT 1 5 RIGHT 1 5
TRAIN B5
MOVE B4 178
END TURN 24
TURN 25
COMMAND LEFT START
COMMAND LEFT END
COMMAND RIGHT START
MOVE B5 138
COMMAND RIGHT END
TURN 25 RESULT
TIME LEFT 0 5 RIGHT 0 5
MOVE B4 164
MOVE B5 208
END TURN 25
TURN 26
COMMAND LEFT START
MOVE A3 57
COMMAND LEFT END
COMMAND RIGHT START
COMMAND RIGHT END
TURN 26 RESULT
TIME LEFT 0 5 RIGHT 0 5
MOVE A3 4
MOVE B4 157
MOVE B5 195
END TURN 26
TURN 27
COMMAND LEFT START
COMMAND LEFT END
COMMAND RIGHT START
COMMAND RIGHT END
TURN 27 RESULT
TIME LEFT 1 5 RIGHT 1 5
MOVE A3 18
MOVE B5 189
END TURN 27
TURN 28
COMMAND LEFT START
COMMAND LEFT END
COMMAND RIGHT START
COMMAND RIGHT END
TURN 28 RESULT
TIME LEFT 0 5 RIGHT 0 5
MOVE A3 24
MOVE B5 175
END TURN 28
TURN 29
COMMAND LEFT START
COMMAND LEFT END
COMMAND RIGHT START
COMMAND RIGHT END
TURN 29 RESULT
TIME LEFT 0 5 RIGHT 1 5
MOVE A3 36
MOVE B5 155
END TURN 29
TURN 30
COMMAND LEFT START
COMMAND LEFT END
COMMAND RIGHT START
COMMAND RIGHT END
TURN 30 RESULT
TIME LEFT 0 5 RIGHT 0 5
MOVE A3 50
MOVE B5 138
END TURN 30
TURN 31
COMMAND LEFT START
COMMAND LEFT END
COMMAND RIGHT START
COMMAND RIGHT END
TURN 31 RESULT
TIME LEFT 0 5 RIGHT 0 5
MOVE A3 57
END TURN 31
TURN 32
COMMAND LEFT START
UPGRADE 57
COMMAND LEFT END
COMMAND RIGHT START
COMMAND RIGHT END
TURN 32 RESULT
TIME LEFT 1 5 RIGHT 1 5
UPGRADE A 57
END TURN 32
TURN 33
COMMAND LEFT START
COMMAND LEFT END
COMMAND RIGHT START
COMMAND RIGHT END
TURN 33 RESULT
TIME LEFT 0 5 RIGHT 0 5
END TURN 33
TURN 34
COMMAND LEFT START
TRAIN 1
COMMAND LEFT END
COMMAND RIGHT START
COMMAND RIGHT END
TURN 34 RESULT
TIME LEFT 1 5 RIGHT 1 5
TRAIN A5
END TURN 34
TURN 35
COMMAND LEFT START
COMMAND LEFT END
COMMAND RIGHT START
COMMAND RIGHT END
TURN 35 RESULT
TIME LEFT 0 5 RIGHT 1 5
END TURN 35
TURN 36
COMMAND LEFT START
COMMAND LEFT END
COMMAND RIGHT START
COMMAND RIGHT END
TURN 36 RESULT
TIME LEFT 0 5 RIGHT 0 5
END TURN 36
TURN 37
COMMAND LEFT START
MOVE A4 84
COMMAND LEFT END
COMMAND RIGHT START
COMMAND RIGHT END
TURN 37 RESULT
TIME LEFT 0 5 RIGHT 0 5
MOVE A4 4
END TURN 37
TURN 38
COMMAND LEFT START
COMMAND LEFT END
COMMAND RIGHT START
UPGRADE 157
COMMAND RIGHT END
TURN 38 RESULT
TIME LEFT 0 5 RIGHT 0 5
UPGRADE B 157
MOVE A4 18
END TURN 38
TURN 39
COMMAND LEFT START
COMMAND LEFT END
COMMAND RIGHT START
COMMAND RIGHT END
TURN 39 RESULT
TIME LEFT 1 5 RIGHT 1 5
MOVE A4 30
END TURN 39
TURN 40
COMMAND LEFT START
COMMAND LEFT END
COMMAND RIGHT START
COMMAND RIGHT END
TURN 40 RESULT
TIME LEFT 0 5 RIGHT 0 5
MOVE A4 37
END TURN 40
TURN 41
COMMAND LEFT START
COMMAND LEFT END
COMMAND RIGHT START
COMMAND RIGHT END
TURN 41 RESULT
TIME LEFT 1 5 RIGHT 1 5
MOVE A4 46
END TURN 41
TURN 42
COMMAND LEFT START
COMMAND LEFT END
COMMAND RIGHT START
COMMAND RIGHT END
TURN 42 RESULT
TIME LEFT 0 5 RIGHT 1 5
MOVE A4 63
END TURN 42
TURN 43
COMMAND LEFT START
COMMAND LEFT END
COMMAND RIGHT START
COMMAND RIGHT END
TURN 43 RESULT
TIME LEFT 0 5 RIGHT 1 5
MOVE A4 84
END TURN 43
TURN 44
COMMAND LEFT START
UPGRADE 84
COMMAND LEFT END
COMMAND RIGHT START
COMMAND RIGHT END
TURN 44 RESULT
TIME LEFT 0 5 RIGHT 0 5
UPGRADE A 84
END TURN 44
TURN 45
COMMAND LEFT START
COMMAND LEFT END
COMMAND RIGHT START
COMMAND RIGHT END
TURN 45 RESULT
TIME LEFT 0 5 RIGHT 0 5
END TURN 45
TURN 46
COMMAND LEFT START
TRAIN 1
COMMAND LEFT END
COMMAND RIGHT START
COMMAND RIGHT END
TURN 46 RESULT
TIME LEFT 0 5 RIGHT 0 5
TRAIN A6
END TURN 46
TURN 47
COMMAND LEFT START
COMMAND LEFT END
COMMAND RIGHT START
COMMAND RIGHT END
TURN 47 RESULT
TIME LEFT 0 5 RIGHT 1 5
END TURN 47
TURN 48
COMMAND LEFT START
MOVE A5 76
COMMAND LEFT END
COMMAND RIGHT START
UPGRADE 138
COMMAND RIGHT END
TURN 48 RESULT
TIME LEFT 0 5 RIGHT 0 5
UPGRADE B 138
MOVE A5 6
END TURN 48
TURN 49
COMMAND LEFT START
COMMAND LEFT END
COMMAND RIGHT START
COMMAND RIGHT END
TURN 49 RESULT
TIME LEFT 0 5 RIGHT 1 5
MOVE A5 19
END TURN 49
TURN 50
COMMAND LEFT START
COMMAND LEFT END
COMMAND RIGHT START
TRAIN 1
COMMAND RIGHT END
TURN 50 RESULT
TIME LEFT 1 5 RIGHT 1 5
TRAIN B6
MOVE A5 25
END TURN 50
TURN 51
COMMAND LEFT START
COMMAND LEFT END
COMMAND RIGHT START
MOVE B6 130
COMMAND RIGHT END
TURN 51 RESULT
TIME LEFT 1 5 RIGHT 1 5
MOVE A5 39
MOVE B6 210
END TURN 51
TURN 52
COMMAND LEFT START
COMMAND LEFT END
COMMAND RIGHT START
TRAIN 1
COMMAND RIGHT END
TURN 52 RESULT
TIME LEFT 0 5 RIGHT 0 5
TRAIN B7
MOVE A5 59
MOVE B6 196
END TURN 52
TURN 53
COMMAND LEFT START
COMMAND LEFT END
COMMAND RIGHT START
MOVE B7 145
COMMAND RIGHT END
TURN 53 RESULT
TIME LEFT 0 5 RIGHT 0 5
MOVE A5 76
MOVE B6 184
MOVE B7 213
END TURN 53
TURN 54
COMMAND LEFT START
UPGRADE 76
COMMAND LEFT END
COMMAND RIGHT START
TRAIN 1
COMMAND RIGHT END
TURN 54 RESULT
TIME LEFT 1 5 RIGHT 1 5
UPGRADE A 76
TRAIN B8
MOVE B6 177
MOVE B7 211
END TURN 54
TURN 55
COMMAND LEFT START
COMMAND LEFT END
COMMAND RIGHT START
MOVE B8 102
COMMAND RIGHT END
TURN 55 RESULT
TIME LEFT 0 5 RIGHT 0 5
MOVE B6 168
MOVE B7 205
MOVE B8 208
END TURN 55
TURN 56
COMMAND LEFT START
TRAIN 1
COMMAND LEFT END
COMMAND RIGHT START
COMMAND RIGHT END
TURN 56 RESULT
TIME LEFT 1 5 RIGHT 1 5
TRAIN A7
MOVE B6 151
MOVE B7 197
MOVE B8 195
END TURN 56
TURN 57
COMMAND LEFT START
MOVE A6 102
COMMAND LEFT END
COMMAND RIGHT START
COMMAND RIGHT END
TURN 57 RESULT
TIME LEFT 1 5 RIGHT 1 5
MOVE A6 4
MOVE B6 130
MOVE B7 188
MOVE B8 189
END TURN 57
TURN 58
COMMAND LEFT START
TRAIN 1
COMMAND LEFT END
COMMAND RIGHT START
MOVE B6 138
COMMAND RIGHT END
TURN 58 RESULT
TIME LEFT 1 5 RIGHT 1 5
TRAIN A8
MOVE A6 18
MOVE B6 134
MOVE B7 171
MOVE B8 175
END TURN 58
TURN 59
COMMAND LEFT START
TRAIN 1
COMMAND LEFT END
COMMAND RIGHT START
TRAIN 1
COMMAND RIGHT END
TURN 59 RESULT
TIME LEFT 1 5 RIGHT 0 5
TRAIN A9 B9
MOVE A6 24
MOVE B6 129
MOVE B7 165
MOVE B8 155
END TURN 59
TURN 60
COMMAND LEFT START
COMMAND LEFT END
COMMAND RIGHT START
MOVE B9 138
TRAIN 1
COMMAND RIGHT END
TURN 60 RESULT
TIME LEFT 1 5 RIGHT 1 5
TRAIN B10
MOVE A6 36
MOVE B6 135
MOVE B7 145
MOVE B8 138
MOVE B9 208
END TURN 60
TURN 61
COMMAND LEFT START
COMMAND LEFT END
COMMAND RIGHT START
MOVE B7 138
MOVE B10 138
COMMAND RIGHT END
TURN 61 RESULT
TIME LEFT 0 5 RIGHT 0 5
MOVE A6 50
MOVE B6 138
MOVE B7 146
MOVE B8 125
MOVE B9 195
MOVE B10 208
END TURN 61
TURN 62
COMMAND LEFT START
COMMAND LEFT END
COMMAND RIGHT START
TRAIN 1
COMMAND RIGHT END
TURN 62 RESULT
TIME LEFT 1 5 RIGHT 1 5
TRAIN B11
MOVE A6 57
MOVE B7 147
MOVE B8 102
MOVE B9 189
MOVE B10 195
END TURN 62
TURN 63
COMMAND LEFT START
COMMAND LEFT END
COMMAND RIGHT START
MOVE B8 138
MOVE B11 138
COMMAND RIGHT END
TURN 63 RESULT
TIME LEFT 1 5 RIGHT 0 5
MOVE A6 72
MOVE B7 141
MOVE B8 125
MOVE B9 175
MOVE B10 189
MOVE B11 208
END TURN 63
TURN 64
COMMAND LEFT START
COMMAND LEFT END
COMMAND RIGHT START
TRAIN 1
COMMAND RIGHT END
TURN 64 RESULT
TIME LEFT 1 5 RIGHT 1 5
TRAIN B12
MOVE A6 92
MOVE B7 131
MOVE B8 138
MOVE B9 155
MOVE B10 175
MOVE B11 195
END TURN 64
TURN 65
COMMAND LEFT START
MOVE A7 100
COMMAND LEFT END
COMMAND RIGHT START
MOVE B12 138
TRAIN 1
COMMAND RIGHT END
TURN 65 RESULT
TIME LEFT 1 5 RIGHT 1 5
TRAIN B13
MOVE A6 102
MOVE A7 6
MOVE B7 138
MOVE B9 138
MOVE B10 155
MOVE B11 189
MOVE B12 208
END TURN 65
TURN 66
COMMAND LEFT START
MOVE A9 107
UPGRADE 102
COMMAND LEFT END
COMMAND RIGHT START
MOVE B13 138
COMMAND RIGHT END
TURN 66 RESULT
TIME LEFT 1 5 RIGHT 1 5
UPGRADE A 102
MOVE A7 19
MOVE A9 4
MOVE B10 138
MOVE B11 175
MOVE B12 195
MOVE B13 208
END TURN 66
TURN 67
COMMAND LEFT START
COMMAND LEFT END
COMMAND RIGHT START
COMMAND RIGHT END
TURN 67 RESULT
TIME LEFT 1 5 RIGHT 1 5
MOVE A7 25
MOVE A9 11
MOVE B11 155
MOVE B12 189
MOVE B13 195
END TURN 67
TURN 68
COMMAND LEFT START
COMMAND LEFT END
COMMAND RIGHT START
TRAIN 1
COMMAND RIGHT END
TURN 68 RESULT
TIME LEFT 1 5 RIGHT 1 5
TRAIN B14
MOVE A7 29
MOVE A9 28
MOVE B11 138
MOVE B12 175
MOVE B13 189
END TURN 68
TURN 69
COMMAND LEFT START
COMMAND LEFT END
COMMAND RIGHT START
MOVE B14 138
COMMAND RIGHT END
TURN 69 RESULT
TIME LEFT 1 5 RIGHT 1 5
MOVE A7 45
MOVE A9 42
MOVE B12 155
MOVE B13 175
MOVE B14 208
END TURN 69
TURN 70
COMMAND LEFT START
COMMAND LEFT END
COMMAND RIGHT START
COMMAND RIGHT END
TURN 70 RESULT
TIME LEFT 0 5 RIGHT 1 5
MOVE A7 64
MOVE A9 53
MOVE B12 138
MOVE B13 155
MOVE B14 195
END TURN 70
TURN 71
COMMAND LEFT START
COMMAND LEFT END
COMMAND RIGHT START
TRAIN 1
COMMAND RIGHT END
TURN 71 RESULT
TIME LEFT 1 5 RIGHT 1 5
TRAIN B15
MOVE A7 73
MOVE A9 66
MOVE B13 138
MOVE B14 189
END TURN 71
TURN 72
COMMAND LEFT START
COMMAND LEFT END
COMMAND RIGHT START
MOVE B15 138
COMMAND RIGHT END
TURN 72 RESULT
TIME LEFT 1 5 RIGHT 1 5
MOVE A7 100
MOVE A9 80
MOVE B14 175
MOVE B15 208
END TURN 72
TURN 73
COMMAND LEFT START
UPGRADE 0
COMMAND LEFT END
COMMAND RIGHT START
TRAIN 1
COMMAND RIGHT END
TURN 73 RESULT
TIME LEFT 1 5 RIGHT 1 5
UPGRADE A 0
TRAIN B16
MOVE A9 95
MOVE B14 155
MOVE B15 195
END TURN 73
TURN 74
COMMAND LEFT START
COMMAND LEFT END
COMMAND RIGHT START
MOVE B8 214
MOVE B9 157
MOVE B10 184
COMMAND RIGHT END
TURN 74 RESULT
TIME LEFT 0 5 RIGHT 1 5
MOVE A9 107
MOVE B8 155
MOVE B9 149
MOVE B10 149
MOVE B14 138
MOVE B15 189
END TURN 74
TURN 75
COMMAND LEFT START
MOVE A2 0
COMMAND LEFT END
COMMAND RIGHT START
COMMAND RIGHT END
TURN 75 RESULT
TIME LEFT 1 5 RIGHT 1 5
MOVE A2 95
MOVE B8 175
MOVE B9 148
MOVE B10 161
MOVE B15 175
END TURN 75
TURN 76
COMMAND LEFT START
COMMAND LEFT END
COMMAND RIGHT START
TRAIN 1
COMMAND RIGHT END
TURN 76 RESULT
TIME LEFT 1 5 RIGHT 0 5
TRAIN B17
MOVE A2 80
MOVE B8 189
MOVE B9 151
MOVE B10 172
MOVE B15 155
END TURN 76
TURN 77
COMMAND LEFT START
COMMAND LEFT END
COMMAND RIGHT START
COMMAND RIGHT END
TURN 77 RESULT
TIME LEFT 0 5 RIGHT 0 5
MOVE A2 66
MOVE B8 195
MOVE B9 157
MOVE B10 177
MOVE B15 138
END TURN 77
TURN 78
COMMAND LEFT START
COMMAND LEFT END
COMMAND RIGHT START
COMMAND RIGHT END
TURN 78 RESULT
TIME LEFT 0 5 RIGHT 1 5
MOVE A2 53
MOVE B8 208
MOVE B10 184
END TURN 78
TURN 79
COMMAND LEFT START
UPGRADE 100
COMMAND LEFT END
COMMAND RIGHT START
TRAIN 1
COMMAND RIGHT END
TURN 79 RESULT
TIME LEFT 2 5 RIGHT 2 5
UPGRADE A 100
TRAIN B18
MOVE A2 42
MOVE B8 214
END TURN 79
TURN 80
COMMAND LEFT START
COMMAND LEFT END
COMMAND RIGHT START
MOVE B17 138
MOVE B18 138
COMMAND RIGHT END
TURN 80 RESULT
TIME LEFT 1 5 RIGHT 1 5
MOVE A2 28
MOVE B17 208
MOVE B18 208
END TURN 80
TURN 81
COMMAND LEFT START
COMMAND LEFT END
COMMAND RIGHT START
COMMAND RIGHT END
TURN 81 RESULT
TIME LEFT 0 5 RIGHT 0 5
MOVE A2 11
MOVE B17 195
MOVE B18 195
END TURN 81
TURN 82
COMMAND LEFT START
COMMAND LEFT END
COMMAND RIGHT START
TRAIN 1
COMMAND RIGHT END
TURN 82 RESULT
TIME LEFT 1 5 RIGHT 0 5
TRAIN B19
MOVE A2 4
MOVE B17 189
MOVE B18 189
END TURN 82
TURN 83
COMMAND LEFT START
COMMAND LEFT END
COMMAND RIGHT START
MOVE B11 130
MOVE B12 145
MOVE B19 138
COMMAND RIGHT END
TURN 83 RESULT
TIME LEFT 0 5 RIGHT 1 5
MOVE A2 0
MOVE B11 135
MOVE B12 131
MOVE B17 175
MOVE B18 175
MOVE B19 208
END TURN 83
TURN 84
COMMAND LEFT START
UPGRADE 30
COMMAND LEFT END
COMMAND RIGHT START
MOVE B13 114
COMMAND RIGHT END
TURN 84 RESULT
TIME LEFT 1 5 RIGHT 0 5
UPGRADE A 30
MOVE B11 129
MOVE B12 141
MOVE B13 131
MOVE B17 155
MOVE B18 155
MOVE B19 195
END TURN 84
TURN 85
COMMAND LEFT START
TRAIN 1
COMMAND LEFT END
COMMAND RIGHT START
COMMAND RIGHT END
TURN 85 RESULT
TIME LEFT 0 5 RIGHT 1 5
TRAIN A10
MOVE B11 134
MOVE B12 147
MOVE B13 114
MOVE B17 138
MOVE B18 138
MOVE B19 189
END TURN 85
TURN 86
COMMAND LEFT START
MOVE A2 30
COMMAND LEFT END
COMMAND RIGHT START
COMMAND RIGHT END
TURN 86 RESULT
TIME LEFT 1 5 RIGHT 0 5
MOVE A2 4
MOVE B11 130
MOVE B12 146
MOVE B19 175
END TURN 86
TURN 87
COMMAND LEFT START
COMMAND LEFT END
COMMAND RIGHT START
COMMAND RIGHT END
TURN 87 RESULT
TIME LEFT 0 5 RIGHT 1 5
MOVE A2 18
MOVE B12 145
MOVE B19 155
END TURN 87
TURN 88
COMMAND LEFT START
COMMAND LEFT END
COMMAND RIGHT START
COMMAND RIGHT END
TURN 88 RESULT
TIME LEFT 0 5 RIGHT 0 5
MOVE A2 30
MOVE B19 138
END TURN 88
TURN 89
COMMAND LEFT START
COMMAND LEFT END
COMMAND RIGHT START
COMMAND RIGHT END
TURN 89 RESULT
TIME LEFT 0 5 RIGHT 1 5
END TURN 89
TURN 90
COMMAND LEFT START
UPGRADE 57
COMMAND LEFT END
COMMAND RIGHT START
COMMAND RIGHT END
TURN 90 RESULT
TIME LEFT 0 5 RIGHT 0 5
UPGRADE A 57
END TURN 90
TURN 91
COMMAND LEFT START
TRAIN 1
COMMAND LEFT END
COMMAND RIGHT START
COMMAND RIGHT END
TURN 91 RESULT
TIME LEFT 1 5 RIGHT 1 5
TRAIN A11
END TURN 91
TURN 92
COMMAND LEFT START
MOVE A8 57
COMMAND LEFT END
COMMAND RIGHT START
COMMAND RIGHT END
TURN 92 RESULT
TIME LEFT 0 5 RIGHT 0 5
MOVE A8 4
END TURN 92
TURN 93
COMMAND LEFT START
COMMAND LEFT END
COMMAND RIGHT START
COMMAND RIGHT END
TURN 93 RESULT
TIME LEFT 1 5 RIGHT 1 5
MOVE A8 18
END TURN 93
TURN 94
COMMAND LEFT START
COMMAND LEFT END
COMMAND RIGHT START
COMMAND RIGHT END
TURN 94 RESULT
TIME LEFT 3 5 RIGHT 3 5
MOVE A8 24
END TURN 94
TURN 95
COMMAND LEFT START
UPGRADE 76
COMMAND LEFT END
COMMAND RIGHT START
COMMAND RIGHT END
TURN 95 RESULT
TIME LEFT 0 5 RIGHT 0 5
UPGRADE A 76
MOVE A8 36
END TURN 95
TURN 96
COMMAND LEFT START
TRAIN 1
COMMAND LEFT END
COMMAND RIGHT START
UPGRADE 130
COMMAND RIGHT END
TURN 96 RESULT
TIME LEFT 1 5 RIGHT 0 5
UPGRADE B 130
TRAIN A12
MOVE A8 50
END TURN 96
TURN 97
COMMAND LEFT START
MOVE A10 76
COMMAND LEFT END
COMMAND RIGHT START
MOVE B14 130
MOVE B15 130
MOVE B17 130
MOVE B18 130
COMMAND RIGHT END
TURN 97 RESULT
TIME LEFT 0 5 RIGHT 1 5
MOVE A8 57
MOVE A10 6
MOVE B14 135
MOVE B15 135
MOVE B17 135
MOVE B18 135
END TURN 97
TURN 98
COMMAND LEFT START
COMMAND LEFT END
COMMAND RIGHT START
COMMAND RIGHT END
TURN 98 RESULT
TIME LEFT 0 5 RIGHT 2 5
MOVE A10 19
MOVE B14 129
MOVE B15 129
MOVE B17 129
MOVE B18 129
END TURN 98
TURN 99
COMMAND LEFT START
COMMAND LEFT END
COMMAND RIGHT START
COMMAND RIGHT END
TURN 99 RESULT
TIME LEFT 0 5 RIGHT 1 5
MOVE A10 25
MOVE B14 134
MOVE B15 134
MOVE B17 134
MOVE B18 134
END TURN 99
TURN 100
COMMAND LEFT START
UPGRADE 84
COMMAND LEFT END
COMMAND RIGHT START
COMMAND RIGHT END
TURN 100 RESULT
TIME LEFT 0 5 RIGHT 0 5
UPGRADE A 84
MOVE A10 39
MOVE B14 130
MOVE B15 130
MOVE B17 130
MOVE B18 130
END TURN 100
TURN 101
COMMAND LEFT START
TRAIN 1
COMMAND LEFT END
COMMAND RIGHT START
COMMAND RIGHT END
TURN 101 RESULT
TIME LEFT 1 5 RIGHT 1 5
TRAIN A13
MOVE A10 59
END TURN 101
TURN 102
COMMAND LEFT START
MOVE A11 84
COMMAND LEFT END
COMMAND RIGHT START
COMMAND RIGHT END
TURN 102 RESULT
TIME LEFT 0 5 RIGHT 0 5
MOVE A10 76
MOVE A11 4
END TURN 102
TURN 103
COMMAND LEFT START
COMMAND LEFT END
COMMAND RIGHT START
MOVE B13 138
MOVE B17 138
MOVE B18 138
MOVE B12 138
COMMAND RIGHT END
TURN 103 RESULT
TIME LEFT 0 5 RIGHT 0 5
MOVE A11 18
MOVE B12 146
MOVE B13 131
MOVE B17 134
MOVE B18 134
END TURN 103
TURN 104
COMMAND LEFT START
COMMAND LEFT END
COMMAND RIGHT START
MOVE B19 130
TRAIN 1
COMMAND RIGHT END
TURN 104 RESULT
TIME LEFT 0 5 RIGHT 4 5
TRAIN B20
MOVE A11 30
MOVE B12 147
MOVE B13 138
MOVE B17 129
MOVE B18 129
MOVE B19 135
END TURN 104
TURN 105
COMMAND LEFT START
UPGRADE 100
COMMAND LEFT END
COMMAND RIGHT START
MOVE B13 145
MOVE B20 138
COMMAND RIGHT END
TURN 105 RESULT
TIME LEFT 0 5 RIGHT 1 5
UPGRADE A 100
MOVE A11 37
MOVE B12 141
MOVE B13 131
MOVE B17 135
MOVE B18 135
MOVE B19 129
MOVE B20 208
END TURN 105
TURN 106
COMMAND LEFT START
TRAIN 1
COMMAND LEFT END
COMMAND RIGHT START
COMMAND RIGHT END
TURN 106 RESULT
TIME LEFT 0 5 RIGHT 0 5
TRAIN A14
MOVE A11 46
MOVE B12 131
MOVE B13 141
MOVE B17 138
MOVE B18 138
MOVE B19 134
MOVE B20 195
END TURN 106
TURN 107
COMMAND LEFT START
MOVE A12 100
COMMAND LEFT END
COMMAND RIGHT START
MOVE B17 114
COMMAND RIGHT END
TURN 107 RESULT
TIME LEFT 1 5 RIGHT 1 5
MOVE A11 63
MOVE A12 6
MOVE B12 138
MOVE B13 147
MOVE B17 131
MOVE B19 130
MOVE B20 189
END TURN 107
TURN 108
COMMAND LEFT START
COMMAND LEFT END
COMMAND RIGHT START
MOVE B19 138
COMMAND RIGHT END
TURN 108 RESULT
TIME LEFT 2 5 RIGHT 2 5
MOVE A11 84
MOVE A12 19
MOVE B13 146
MOVE B17 114
MOVE B19 134
MOVE B20 175
END TURN 108
TURN 109
COMMAND LEFT START
UPGRADE 102
COMMAND LEFT END
COMMAND RIGHT START
MOVE B12 130
MOVE B17 138
UPGRADE 114
COMMAND RIGHT END
TURN 109 RESULT
TIME LEFT 0 5 RIGHT 0 5
UPGRADE A 102
UPGRADE B 114
MOVE A12 25
MOVE B12 135
MOVE B13 145
MOVE B17 131
MOVE B19 129
MOVE B20 155
END TURN 109
TURN 110
COMMAND LEFT START
TRAIN 1
COMMAND LEFT END
COMMAND RIGHT START
MOVE B7 114
MOVE B18 114
MOVE B13 114
COMMAND RIGHT END
TURN 110 RESULT
TIME LEFT 1 5 RIGHT 1 5
TRAIN A15
MOVE A12 29
MOVE B7 131
MOVE B12 129
MOVE B13 128
MOVE B17 138
MOVE B18 131
MOVE B19 135
MOVE B20 138
END TURN 110
TURN 111
COMMAND LEFT START
MOVE A13 102
COMMAND LEFT END
COMMAND RIGHT START
MOVE B17 114
MOVE B20 114
COMMAND RIGHT END
TURN 111 RESULT
TIME LEFT 2 5 RIGHT 2 5
MOVE A12 45
MOVE A13 4
MOVE B7 114
MOVE B12 134
MOVE B13 124
MOVE B17 131
MOVE B18 114
MOVE B19 138
MOVE B20 131
END TURN 111
TURN 112
COMMAND LEFT START
COMMAND LEFT END
COMMAND RIGHT START
MOVE B19 114
COMMAND RIGHT END
TURN 112 RESULT
TIME LEFT 2 5 RIGHT 2 5
MOVE A12 64
MOVE A13 18
MOVE B12 130
MOVE B13 114
MOVE B17 114
MOVE B19 131
MOVE B20 114
END TURN 112
TURN 113
COMMAND LEFT START
UPGRADE 107
COMMAND LEFT END
COMMAND RIGHT START
MOVE B15 114
COMMAND RIGHT END
TURN 113 RESULT
TIME LEFT 0 5 RIGHT 2 5
UPGRADE A 107
MOVE A12 73
MOVE A13 24
MOVE B15 134
MOVE B19 114
END TURN 113
TURN 114
COMMAND LEFT START
TRAIN 1
COMMAND LEFT END
COMMAND RIGHT START
MOVE B18 130
COMMAND RIGHT END
TURN 114 RESULT
TIME LEFT 1 5 RIGHT 1 5
TRAIN A16
MOVE A12 100
MOVE A13 36
MOVE B15 129
MOVE B18 131
END TURN 114
TURN 115
COMMAND LEFT START
MOVE A14 107
COMMAND LEFT END
COMMAND RIGHT START
COMMAND RIGHT END
TURN 115 RESULT
TIME LEFT 1 5 RIGHT 1 5
MOVE A13 50
MOVE A14 4
MOVE B15 135
MOVE B18 138
END TURN 115
TURN 116
COMMAND LEFT START
COMMAND LEFT END
COMMAND RIGHT START
COMMAND RIGHT END
TURN 116 RESULT
TIME LEFT 0 5 RIGHT 0 5
MOVE A13 57
MOVE A14 11
MOVE B15 138
MOVE B18 135
END TURN 116
TURN 117
COMMAND LEFT START
UPGRADE 30
COMMAND LEFT END
COMMAND RIGHT START
COMMAND RIGHT END
TURN 117 RESULT
TIME LEFT 0 5 RIGHT 0 5
UPGRADE A 30
MOVE A13 72
MOVE A14 28
MOVE B15 131
MOVE B18 129
END TURN 117
TURN 118
COMMAND LEFT START
TRAIN 1
COMMAND LEFT END
COMMAND RIGHT START
COMMAND RIGHT END
TURN 118 RESULT
TIME LEFT 1 5 RIGHT 1 5
TRAIN A17
MOVE A13 92
MOVE A14 42
MOVE B15 114
MOVE B18 134
END TURN 118
TURN 119
COMMAND LEFT START
MOVE A15 30
COMMAND LEFT END
COMMAND RIGHT START
COMMAND RIGHT END
TURN 119 RESULT
TIME LEFT 1 5 RIGHT 1 5
MOVE A13 102
MOVE A14 53
MOVE A15 4
MOVE B18 130
END TURN 119
TURN 120
COMMAND LEFT START
COMMAND LEFT END
COMMAND RIGHT START
COMMAND RIGHT END
TURN 120 RESULT
TIME LEFT 0 5 RIGHT 0 5
MOVE A14 66
MOVE A15 18
END TURN 120
TURN 121
COMMAND LEFT START
UPGRADE 57
COMMAND LEFT END
COMMAND RIGHT START
COMMAND RIGHT END
TURN 121 RESULT
TIME LEFT 0 5 RIGHT 0 5
UPGRADE A 57
MOVE A14 80
MOVE A15 30
END TURN 121
TURN 122
COMMAND LEFT START
TRAIN 1
COMMAND LEFT END
COMMAND RIGHT START
COMMAND RIGHT END
TURN 122 RESULT
TIME LEFT 0 5 RIGHT 0 5
TRAIN A18
MOVE A14 95
END TURN 122
TURN 123
COMMAND LEFT START
MOVE A16 57
COMMAND LEFT END
COMMAND RIGHT START
COMMAND RIGHT END
TURN 123 RESULT
TIME LEFT 2 5 RIGHT 2 5
MOVE A14 107
MOVE A16 4
END TURN 123
TURN 124
COMMAND LEFT START
COMMAND LEFT END
COMMAND RIGHT START
MOVE B19 130
MOVE B20 130
COMMAND RIGHT END
TURN 124 RESULT
TIME LEFT 0 5 RIGHT 0 5
MOVE A16 18
MOVE B19 131
MOVE B20 131
END TURN 124
TURN 125
COMMAND LEFT START
UPGRADE 76
TRAIN 1
COMMAND LEFT END
COMMAND RIGHT START
UPGRADE 214
COMMAND RIGHT END
TURN 125 RESULT
TIME LEFT 0 5 RIGHT 0 5
UPGRADE A 76
UPGRADE B 214
TRAIN A19
MOVE A16 24
MOVE B19 138
MOVE B20 138
END TURN 125
TURN 126
COMMAND LEFT START
MOVE A17 76
COMMAND LEFT END
COMMAND RIGHT START
COMMAND RIGHT END
TURN 126 RESULT
TIME LEFT 1 5 RIGHT 1 5
MOVE A16 36
MOVE A17 6
MOVE B19 135
MOVE B20 135
END TURN 126
TURN 127
COMMAND LEFT START
COMMAND LEFT END
COMMAND RIGHT START
TRAIN 1
COMMAND RIGHT END
TURN 127 RESULT
TIME LEFT 1 5 RIGHT 1 5
TRAIN B21
MOVE A16 50
MOVE A17 19
MOVE B19 129
MOVE B20 129
END TURN 127
TURN 128
COMMAND LEFT START
UPGRADE 84
TRAIN 1
COMMAND LEFT END
COMMAND RIGHT START
TRAIN 1
COMMAND RIGHT END
TURN 128 RESULT
TIME LEFT 0 5 RIGHT 0 5
UPGRADE A 84
TRAIN A20 B22
MOVE A16 57
MOVE A17 25
MOVE B19 134
MOVE B20 134
END TURN 128
TURN 129
COMMAND LEFT START
MOVE A18 84
COMMAND LEFT END
COMMAND RIGHT START
MOVE B22 114
COMMAND RIGHT END
TURN 129 RESULT
TIME LEFT 0 5 RIGHT 0 5
MOVE A17 39
MOVE A18 4
MOVE B19 130
MOVE B20 130
MOVE B22 208
END TURN 129
TURN 130
COMMAND LEFT START
COMMAND LEFT END
COMMAND RIGHT START
MOVE B19 114
TRAIN 1
COMMAND RIGHT END
TURN 130 RESULT
TIME LEFT 1 5 RIGHT 1 5
TRAIN B23
MOVE A17 59
MOVE A18 18
MOVE B19 134
MOVE B22 195
END TURN 130
TURN 131
COMMAND LEFT START
UPGRADE 100
COMMAND LEFT END
COMMAND RIGHT START
TRAIN 1
COMMAND RIGHT END
TURN 131 RESULT
TIME LEFT 1 5 RIGHT 1 5
UPGRADE A 100
TRAIN B24
MOVE A17 76
MOVE A18 30
MOVE B19 129
MOVE B22 189
END TURN 131
TURN 132
COMMAND LEFT START
TRAIN 1
COMMAND LEFT END
COMMAND RIGHT START
MOVE B23 145
COMMAND RIGHT END
TURN 132 RESULT
TIME LEFT 0 5 RIGHT 0 5
TRAIN A21
MOVE A18 37
MOVE B19 135
MOVE B22 185
MOVE B23 213
END TURN 132
TURN 133
COMMAND LEFT START
MOVE A19 100
COMMAND LEFT END
COMMAND RIGHT START
COMMAND RIGHT END
TURN 133 RESULT
TIME LEFT 0 5 RIGHT 0 5
MOVE A18 46
MOVE A19 6
MOVE B19 138
MOVE B22 169
MOVE B23 211
END TURN 133
TURN 134
COMMAND LEFT START
UPGRADE 102
COMMAND LEFT END
COMMAND RIGHT START
COMMAND RIGHT END
TURN 134 RESULT
TIME LEFT 1 5 RIGHT 1 5
UPGRADE A 102
MOVE A18 63
MOVE A19 19
MOVE B19 131
MOVE B22 150
MOVE B23 205
END TURN 134
TURN 135
COMMAND LEFT START
TRAIN 1
COMMAND LEFT END
COMMAND RIGHT START
COMMAND RIGHT END
TURN 135 RESULT
TIME LEFT 1 5 RIGHT 1 5
TRAIN A22
MOVE A18 84
MOVE A19 25
MOVE B19 114
MOVE B22 141
MOVE B23 197
END TURN 135
TURN 136
COMMAND LEFT START
MOVE A20 102
COMMAND LEFT END
COMMAND RIGHT START
COMMAND RIGHT END
TURN 136 RESULT
TIME LEFT 0 5 RIGHT 0 5
MOVE A19 29
MOVE A20 4
MOVE B22 114
MOVE B23 188
END TURN 136
TURN 137
COMMAND LEFT START
UPGRADE 107
TRAIN 1
COMMAND LEFT END
COMMAND RIGHT START
COMMAND RIGHT END
TURN 137 RESULT
TIME LEFT 0 5 RIGHT 0 5
UPGRADE A 107
TRAIN A23
MOVE A19 45
MOVE A20 18
MOVE B23 171
END TURN 137
TURN 138
COMMAND LEFT START
MOVE A21 107
COMMAND LEFT END
COMMAND RIGHT START
COMMAND RIGHT END
TURN 138 RESULT
TIME LEFT 0 5 RIGHT 1 5
MOVE A19 64
MOVE A20 24
MOVE A21 4
MOVE B23 165
END TURN 138
TURN 139
COMMAND LEFT START
COMMAND LEFT END
COMMAND RIGHT START
MOVE B24 184
UPGRADE 184
COMMAND RIGHT END
TURN 139 RESULT
TIME LEFT 1 5 RIGHT 1 5
UPGRADE B 184
MOVE A19 73
MOVE A20 36
MOVE A21 11
MOVE B23 145
MOVE B24 210
END TURN 139
TURN 140
COMMAND LEFT START
TRAIN 1
COMMAND LEFT END
COMMAND RIGHT START
COMMAND RIGHT END
TURN 140 RESULT
TIME LEFT 0 5 RIGHT 0 5
TRAIN A24
MOVE A19 100
MOVE A20 50
MOVE A21 28
MOVE B24 196
END TURN 140
TURN 141
COMMAND LEFT START
MOVE A24 107
TRAIN 1
COMMAND LEFT END
COMMAND RIGHT START
TRAIN 1
COMMAND RIGHT END
TURN 141 RESULT
TIME LEFT 0 5 RIGHT 0 5
TRAIN A25 B25
MOVE A20 57
MOVE A21 42
MOVE A24 4
MOVE B24 184
END TURN 141
TURN 142
COMMAND LEFT START
UPGRADE 0
COMMAND LEFT END
COMMAND RIGHT START
COMMAND RIGHT END
TURN 142 RESULT
TIME LEFT 0 5 RIGHT 2 5
UPGRADE A 0
MOVE A20 72
MOVE A21 53
MOVE A24 11
END TURN 142
TURN 143
COMMAND LEFT START
COMMAND LEFT END
COMMAND RIGHT START
COMMAND RIGHT END
TURN 143 RESULT
TIME LEFT 0 5 RIGHT 0 5
MOVE A20 92
MOVE A21 66
MOVE A24 28
END TURN 143
TURN 144
COMMAND LEFT START
TRAIN 1
COMMAND LEFT END
COMMAND RIGHT START
COMMAND RIGHT END
TURN 144 RESULT
TIME LEFT 0 5 RIGHT 0 5
TRAIN A26
MOVE A20 102
MOVE A21 80
MOVE A24 42
END TURN 144
TURN 145
COMMAND LEFT START
MOVE A26 107
TRAIN 2
COMMAND LEFT END
COMMAND RIGHT START
TRAIN 2
COMMAND RIGHT END
TURN 145 RESULT
TIME LEFT 0 5 RIGHT 1 5
TRAIN A27 A28 B26 B27
MOVE A21 95
MOVE A24 53
MOVE A26 4
END TURN 145
TURN 146
COMMAND LEFT START
MOVE A28 107
MOVE A27 107
TRAIN 2
COMMAND LEFT END
COMMAND RIGHT START
COMMAND RIGHT END
TURN 146 RESULT
TIME LEFT 1 5 RIGHT 1 5
TRAIN A29 A30
MOVE A21 107
MOVE A24 66
MOVE A26 11
MOVE A27 4
MOVE A28 4
END TURN 146
TURN 147
COMMAND LEFT START
MOVE A30 107
MOVE A29 107
TRAIN 2
COMMAND LEFT END
COMMAND RIGHT START
MOVE B22 130
MOVE B25 130
MOVE B26 130
MOVE B23 114
MOVE B27 114
COMMAND RIGHT END
TURN 147 RESULT
TIME LEFT 0 5 RIGHT 0 5
TRAIN A31 A32
MOVE A24 80
MOVE A26 28
MOVE A27 11
MOVE A28 11
MOVE A29 4
MOVE A30 4
MOVE B22 131
MOVE B23 128
MOVE B25 210
MOVE B26 210
MOVE B27 208
END TURN 147
TURN 148
COMMAND LEFT START
MOVE A32 107
MOVE A31 107
TRAIN 2
COMMAND LEFT END
COMMAND RIGHT START
COMMAND RIGHT END
TURN 148 RESULT
TIME LEFT 0 5 RIGHT 1 5
TRAIN A33 A34
MOVE A24 95
MOVE A26 42
MOVE A27 28
MOVE A28 28
MOVE A29 11
MOVE A30 11
MOVE A31 4
MOVE A32 4
MOVE B22 138
MOVE B23 124
MOVE B25 196
MOVE B26 196
MOVE B27 195
END TURN 148
TURN 149
COMMAND LEFT START
MOVE A34 107
MOVE A33 107
TRAIN 2
COMMAND LEFT END
COMMAND RIGHT START
COMMAND RIGHT END
TURN 149 RESULT
TIME LEFT 1 5 RIGHT 1 5
TRAIN A35 A36
MOVE A24 107
MOVE A26 53
MOVE A27 42
MOVE A28 42
MOVE A29 28
MOVE A30 28
MOVE A31 11
MOVE A32 11
MOVE A33 4
MOVE A34 4
MOVE B22 135
MOVE B23 114
MOVE B25 184
MOVE B26 184
MOVE B27 189
END TURN 149
TURN 150
COMMAND LEFT START
MOVE A36 107
MOVE A35 107
MOVE A24 112
COMMAND LEFT END
COMMAND RIGHT START
MOVE B23 130
TRAIN 2
COMMAND RIGHT END
TURN 150 RESULT
TIME LEFT 0 5 RIGHT 0 5
TRAIN B28 B29
MOVE A24 108
MOVE A26 66
MOVE A27 53
MOVE A28 53
MOVE A29 42
MOVE A30 42
MOVE A31 28
MOVE A32 28
MOVE A33 11
MOVE A34 11
MOVE A35 4
MOVE A36 4
MOVE B22 129
MOVE B23 131
MOVE B25 177
MOVE B26 177
MOVE B27 185
END TURN 150
TURN 151
COMMAND LEFT START
TRAIN 2
COMMAND LEFT END
COMMAND RIGHT START
MOVE B28 130
MOVE B29 114
COMMAND RIGHT END
TURN 151 RESULT
TIME LEFT 0 5 RIGHT 0 5
TRAIN A37 A38
MOVE A24 103
MOVE A26 80
MOVE A27 66
MOVE A28 66
MOVE A29 53
MOVE A30 53
MOVE A31 42
MOVE A32 42
MOVE A33 28
MOVE A34 28
MOVE A35 11
MOVE A36 11
MOVE B22 134
MOVE B23 138
MOVE B25 168
MOVE B26 168
MOVE B27 169
MOVE B28 210
MOVE B29 208
END TURN 151
TURN 152
COMMAND LEFT START
MOVE A38 107
MOVE A37 107
TRAIN 2
COMMAND LEFT END
COMMAND RIGHT START
COMMAND RIGHT END
TURN 152 RESULT
TIME LEFT 2 5 RIGHT 2 5
TRAIN A39 A40
MOVE A24 112
MOVE A26 95
MOVE A27 80
MOVE A28 80
MOVE A29 66
MOVE A30 66
MOVE A31 53
MOVE A32 53
MOVE A33 42
MOVE A34 42
MOVE A35 28
MOVE A36 28
MOVE A37 4
MOVE A38 4
MOVE B22 130
MOVE B23 135
MOVE B25 151
MOVE B26 151
MOVE B27 150
MOVE B28 196
MOVE B29 195
END TURN 152
TURN 153
COMMAND LEFT START
MOVE A40 107
MOVE A39 107
UPGRADE 112
TRAIN 2
COMMAND LEFT END
COMMAND RIGHT START
MOVE B22 114
UPGRADE 157
COMMAND RIGHT END
TURN 153 RESULT
TIME LEFT 0 5 RIGHT 0 5
UPGRADE A 112
UPGRADE B 157
TRAIN A41 A42
MOVE A26 107
MOVE A27 95
MOVE A28 95
MOVE A29 80
MOVE A30 80
MOVE A31 66
MOVE A32 66
MOVE A33 53
MOVE A34 53
MOVE A35 42
MOVE A36 42
MOVE A37 11
MOVE A38 11
MOVE A39 4
MOVE A40 4
MOVE B22 134
MOVE B23 129
MOVE B25 130
MOVE B26 130
MOVE B27 141
MOVE B28 184
MOVE B29 189
END TURN 153
TURN 154
COMMAND LEFT START
MOVE A42 107
MOVE A41 107
UPGRADE 112
COMMAND LEFT END
COMMAND RIGHT START
MOVE B26 145
COMMAND RIGHT END
TURN 154 RESULT
TIME LEFT 1 5 RIGHT 1 5
UPGRADE A 112
MOVE A27 107
MOVE A28 107
MOVE A29 95
MOVE A30 95
MOVE A31 80
MOVE A32 80
MOVE A33 66
MOVE A34 66
MOVE A35 53
MOVE A36 53
MOVE A37 28
MOVE A38 28
MOVE A39 11
MOVE A40 11
MOVE A41 4
MOVE A42 4
MOVE B22 129
MOVE B23 134
MOVE B26 134
MOVE B27 114
MOVE B28 177
MOVE B29 185
END TURN 154
TURN 155
COMMAND LEFT START
MOVE A9 112
UPGRADE 112
COMMAND LEFT END
COMMAND RIGHT START
MOVE B27 130
TRAIN 1
COMMAND RIGHT END
TURN 155 RESULT
TIME LEFT 0 5 RIGHT 1 5
UPGRADE A 112
TRAIN B30
MOVE A9 108
MOVE A29 107
MOVE A30 107
MOVE A31 95
MOVE A32 95
MOVE A33 80
MOVE A34 80
MOVE A35 66
MOVE A36 66
MOVE A37 42
MOVE A38 42
MOVE A39 28
MOVE A40 28
MOVE A41 11
MOVE A42 11
MOVE B22 135
MOVE B23 130
MOVE B26 129
MOVE B27 131
MOVE B28 168
MOVE B29 169
END TURN 155
TURN 156
COMMAND LEFT START
MOVE A14 112
COMMAND LEFT END
COMMAND RIGHT START
MOVE B30 130
TRAIN 1
COMMAND RIGHT END
TURN 156 RESULT
TIME LEFT 0 5 RIGHT 0 5
TRAIN B31
MOVE A9 103
MOVE A14 108
MOVE A31 107
MOVE A32 107
MOVE A33 95
MOVE A34 95
MOVE A35 80
MOVE A36 80
MOVE A37 53
MOVE A38 53
MOVE A39 42
MOVE A40 42
MOVE A41 28
MOVE A42 28
MOVE B22 138
MOVE B26 135
MOVE B27 138
MOVE B28 151
MOVE B29 150
MOVE B30 210
END TURN 156
TURN 157
COMMAND LEFT START
MOVE A32 69
COMMAND LEFT END
COMMAND RIGHT START
MOVE B31 114
TRAIN 1
COMMAND RIGHT END
TURN 157 RESULT
TIME LEFT 0 5 RIGHT 2 5
TRAIN B32
MOVE A9 112
MOVE A14 103
MOVE A32 108
MOVE A33 107
MOVE A34 107
MOVE A35 95
MOVE A36 95
MOVE A37 66
MOVE A38 66
MOVE A39 53
MOVE A40 53
MOVE A41 42
MOVE A42 42
MOVE B22 131
MOVE B26 138
MOVE B27 135
MOVE B28 130
MOVE B29 141
MOVE B30 196
MOVE B31 208
END TURN 157
TURN 158
COMMAND LEFT START
MOVE A34 157
COMMAND LEFT END
COMMAND RIGHT START
MOVE B32 157
COMMAND RIGHT END
TURN 158 RESULT
TIME LEFT 0 5 RIGHT 0 5
MOVE A14 112
MOVE A32 103
MOVE A34 115
MOVE A35 107
MOVE A36 107
MOVE A37 80
MOVE A38 80
MOVE A39 66
MOVE A40 66
MOVE A41 53
MOVE A42 53
MOVE B22 114
MOVE B26 131
MOVE B27 129
MOVE B29 114
MOVE B30 184
MOVE B31 195
MOVE B32 210
END TURN 158
TURN 159
COMMAND LEFT START
TRAIN 2
COMMAND LEFT END
COMMAND RIGHT START
TRAIN 1
COMMAND RIGHT END
TURN 159 RESULT
TIME LEFT 1 5 RIGHT 1 5
TRAIN A43 A44 B33
MOVE A32 89
MOVE A34 121
MOVE A37 95
MOVE A38 95
MOVE A39 80
MOVE A40 80
MOVE A41 66
MOVE A42 66
MOVE B26 141
MOVE B27 134
MOVE B30 177
MOVE B31 189
MOVE B32 196
END TURN 159
TURN 160
COMMAND LEFT START
MOVE A44 107
MOVE A43 107
MOVE A36 145
TRAIN 2
COMMAND LEFT END
COMMAND RIGHT START
TRAIN 1
COMMAND RIGHT END
TURN 160 RESULT
TIME LEFT 1 5 RIGHT 1 5
TRAIN A45 A46 B34
MOVE A32 83
MOVE A34 139
MOVE A36 106
MOVE A37 107
MOVE A38 107
MOVE A39 95
MOVE A40 95
MOVE A41 80
MOVE A42 80
MOVE A43 4
MOVE A44 4
MOVE B26 147
MOVE B27 130
MOVE B30 168
MOVE B31 185
MOVE B32 190
END TURN 160
TURN 161
COMMAND LEFT START
MOVE A46 107
MOVE A45 107
TRAIN 2
COMMAND LEFT END
COMMAND RIGHT START
COMMAND RIGHT END
TURN 161 RESULT
TIME LEFT 0 5 RIGHT 0 5
TRAIN A47 A48
MOVE A32 73
MOVE A34 157
MOVE A36 111
MOVE A39 107
MOVE A40 107
MOVE A41 95
MOVE A42 95
MOVE A43 11
MOVE A44 11
MOVE A45 4
MOVE A46 4
MOVE B26 146
MOVE B30 151
MOVE B31 169
MOVE B32 178
DAMAGE TURRET A34 1
DAMAGE COMBAT A34 2
DAMAGE COMBAT B4 1
END TURN 161
TURN 162
COMMAND LEFT START
MOVE A40 114
MOVE A39 114
MOVE A38 114
MOVE A37 114
MOVE A35 114
MOVE A33 114
MOVE A31 114
MOVE A30 114
MOVE A29 114
MOVE A28 114
MOVE A27 114
COMMAND LEFT END
COMMAND RIGHT START
MOVE B22 138
MOVE B29 138
MOVE B28 157
MOVE B33 157
TRAIN 1
COMMAND RIGHT END
TURN 162 RESULT
TIME LEFT 0 5 RIGHT 1 5
TRAIN B35
MOVE A27 106
MOVE A28 106
MOVE A29 106
MOVE A30 106
MOVE A31 106
MOVE A32 67
MOVE A33 106
MOVE A35 106
MOVE A36 125
MOVE A37 106
MOVE A38 106
MOVE A39 106
MOVE A40 106
MOVE A41 107
MOVE A42 107
MOVE A43 28
MOVE A44 28
MOVE A45 11
MOVE A46 11
MOVE B22 131
MOVE B26 145
MOVE B28 139
MOVE B29 131
MOVE B30 130
MOVE B31 150
MOVE B32 164
MOVE B33 210
DAMAGE TURRET A34 1
DAMAGE COMBAT A34 2
DAMAGE COMBAT B4 1
END TURN 162
TURN 163
COMMAND LEFT START
MOVE A48 107
MOVE A47 107
TRAIN 2
COMMAND LEFT END
COMMAND RIGHT START
MOVE B26 114
MOVE B30 114
TRAIN 1
COMMAND RIGHT END
TURN 163 RESULT
TIME LEFT 1 5 RIGHT 1 5
TRAIN A49 A50 B36
MOVE A27 111
MOVE A28 111
MOVE A29 111
MOVE A30 111
MOVE A31 111
MOVE A32 68
MOVE A33 111
MOVE A35 111
MOVE A36 131
MOVE A37 111
MOVE A38 111
MOVE A39 111
MOVE A40 111
MOVE A43 42
MOVE A44 42
MOVE A45 28
MOVE A46 28
MOVE A47 4
MOVE A48 4
MOVE B22 138
MOVE B26 128
MOVE B28 157
MOVE B29 138
MOVE B30 134
MOVE B31 141
MOVE B32 157
MOVE B33 196
END TURN 163
TURN 164
COMMAND LEFT START
MOVE A50 107
MOVE A49 107
MOVE A42 157
TRAIN 2
COMMAND LEFT END
COMMAND RIGHT START
MOVE B25 138
MOVE B27 138
MOVE B32 138
MOVE B34 138
MOVE B35 138
MOVE B36 138
COMMAND RIGHT END
TURN 164 RESULT
TIME LEFT 0 5 RIGHT 0 5
TRAIN A51 A52
MOVE A27 102
MOVE A28 102
MOVE A29 102
MOVE A30 102
MOVE A31 102
MOVE A32 69
MOVE A33 102
MOVE A35 102
MOVE A36 141
MOVE A37 102
MOVE A38 102
MOVE A39 102
MOVE A40 102
MOVE A42 115
MOVE A43 53
MOVE A44 53
MOVE A45 42
MOVE A46 42
MOVE A47 11
MOVE A48 11
MOVE A49 4
MOVE A50 4
MOVE B25 134
MOVE B26 124
MOVE B27 134
MOVE B30 129
MOVE B31 114
MOVE B32 151
MOVE B33 190
MOVE B34 208
MOVE B35 208
MOVE B36 208
END TURN 164
TURN 165
COMMAND LEFT START
MOVE A52 107
MOVE A51 107
UPGRADE 69
TRAIN 2
COMMAND LEFT END
COMMAND RIGHT START
MOVE B22 114
MOVE B29 114
TRAIN 1
COMMAND RIGHT END
TURN 165 RESULT
TIME LEFT 3 5 RIGHT 3 5
UPGRADE A 69
TRAIN A53 A54 B37
MOVE A27 110
MOVE A28 110
MOVE A29 110
MOVE A30 110
MOVE A31 110
MOVE A33 110
MOVE A35 110
MOVE A36 147
MOVE A37 110
MOVE A38 110
MOVE A39 110
MOVE A40 110
MOVE A42 121
MOVE A43 66
MOVE A44 66
MOVE A45 53
MOVE A46 53
MOVE A47 28
MOVE A48 28
MOVE A49 11
MOVE A50 11
MOVE A51 4
MOVE A52 4
MOVE B22 131
MOVE B25 129
MOVE B26 114
MOVE B27 129
MOVE B29 131
MOVE B30 135
MOVE B32 148
MOVE B33 178
MOVE B34 195
MOVE B35 195
MOVE B36 195
END TURN 165
TURN 166
COMMAND LEFT START
MOVE A54 107
MOVE A53 107
UPGRADE 69
COMMAND LEFT END
COMMAND RIGHT START
MOVE B37 130
TRAIN 1
COMMAND RIGHT END
TURN 166 RESULT
TIME LEFT 0 5 RIGHT 0 5
UPGRADE A 69
TRAIN B38
MOVE A27 114
MOVE A28 114
MOVE A29 114
MOVE A30 114
MOVE A31 114
MOVE A33 114
MOVE A35 114
MOVE A36 146
MOVE A37 114
MOVE A38 114
MOVE A39 114
MOVE A40 114
MOVE A42 139
MOVE A43 80
MOVE A44 80
MOVE A45 66
MOVE A46 66
MOVE A47 42
MOVE A48 42
MOVE A49 28
MOVE A50 28
MOVE A51 11
MOVE A52 11
MOVE A53 4
MOVE A54 4
MOVE B22 114
MOVE B25 135
MOVE B27 135
MOVE B29 114
MOVE B30 138
MOVE B32 149
MOVE B33 164
MOVE B34 189
MOVE B35 189
MOVE B36 189
MOVE B37 210
DAMAGE TURRET A27 1
DAMAGE COMBAT A27 5
DAMAGE COMBAT A28 4
DAMAGE COMBAT B7 5
DAMAGE COMBAT B13 5
DAMAGE COMBAT B15 1
END TURN 166
TURN 167
COMMAND LEFT START
TRAIN 1
COMMAND LEFT END
COMMAND RIGHT START
MOVE B38 114
COMMAND RIGHT END
TURN 167 RESULT
TIME LEFT 3 5 RIGHT 3 5
TRAIN A55
MOVE A36 145
MOVE A42 157
MOVE A43 95
MOVE A44 95
MOVE A45 80
MOVE A46 80
MOVE A47 53
MOVE A48 53
MOVE A49 42
MOVE A50 42
MOVE A51 28
MOVE A52 28
MOVE A53 11
MOVE A54 11
MOVE B25 138
MOVE B27 138
MOVE B30 131
MOVE B32 138
MOVE B33 157
MOVE B34 175
MOVE B35 175
MOVE B36 175
MOVE B37 196
MOVE B38 208
DAMAGE TURRET A28 1
DAMAGE TURRET A42 1
DAMAGE COMBAT A28 1
DAMAGE COMBAT A29 6
DAMAGE COMBAT A42 4
DAMAGE COMBAT B4 1
DAMAGE COMBAT B15 4
DAMAGE COMBAT B17 5
DAMAGE COMBAT B19 1
END TURN 167
TURN 168
COMMAND LEFT START
MOVE A22 69
UPGRADE 145
UPGRADE 69
COMMAND LEFT END
COMMAND RIGHT START
MOVE B25 114
MOVE B27 114
MOVE B32 114
MOVE B23 157
TRAIN 1
COMMAND RIGHT END
TURN 168 RESULT
TIME LEFT 0 5 RIGHT 1 5
UPGRADE A 69
UPGRADE A 145
TRAIN B39
MOVE A22 1
MOVE A43 107
MOVE A44 107
MOVE A45 95
MOVE A46 95
MOVE A47 66
MOVE A48 66
MOVE A49 53
MOVE A50 53
MOVE A51 42
MOVE A52 42
MOVE A53 28
MOVE A54 28
MOVE B23 139
MOVE B25 131
MOVE B27 131
MOVE B30 114
MOVE B32 131
MOVE B34 155
MOVE B35 155
MOVE B36 155
MOVE B37 184
MOVE B38 195
DAMAGE TURRET A30 1
DAMAGE TURRET A42 1
DAMAGE COMBAT A30 5
DAMAGE COMBAT A31 1
DAMAGE COMBAT B4 1
DAMAGE COMBAT B19 4
DAMAGE COMBAT B22 4
END TURN 168
TURN 169
COMMAND LEFT START
MOVE A21 69
UPGRADE 145
COMMAND LEFT END
COMMAND RIGHT START
MOVE B33 114
MOVE B39 130
TRAIN 1
COMMAND RIGHT END
TURN 169 RESULT
TIME LEFT 1 5 RIGHT 1 5
UPGRADE A 145
TRAIN B40
MOVE A21 108
MOVE A22 3
MOVE A45 107
MOVE A46 107
MOVE A47 80
MOVE A48 80
MOVE A49 66
MOVE A50 66
MOVE A51 53
MOVE A52 53
MOVE A53 42
MOVE A54 42
MOVE B23 157
MOVE B25 114
MOVE B27 114
MOVE B32 114
MOVE B33 151
MOVE B34 138
MOVE B35 138
MOVE B36 138
MOVE B37 177
MOVE B38 189
MOVE B39 210
DAMAGE TURRET A31 1
DAMAGE COMBAT A31 4
DAMAGE COMBAT A33 4
DAMAGE COMBAT B22 2
DAMAGE COMBAT B25 5
END TURN 169
TURN 170
COMMAND LEFT START
MOVE A26 145
COMMAND LEFT END
COMMAND RIGHT START
MOVE B34 114
MOVE B28 130
MOVE B35 130
MOVE B36 130
COMMAND RIGHT END
TURN 170 RESULT
TIME LEFT 0 5 RIGHT 0 5
MOVE A21 103
MOVE A22 9
MOVE A26 106
MOVE A47 95
MOVE A48 95
MOVE A49 80
MOVE A50 80
MOVE A51 66
MOVE A52 66
MOVE A53 53
MOVE A54 53
MOVE B28 139
MOVE B33 148
MOVE B34 131
MOVE B35 135
MOVE B36 135
MOVE B37 168
MOVE B38 185
MOVE B39 196
DAMAGE TURRET A33 1
DAMAGE COMBAT A33 1
DAMAGE COMBAT A35 6
DAMAGE COMBAT B25 1
DAMAGE COMBAT B26 5
END TURN 170
TURN 171
COMMAND LEFT START
UPGRADE 145
COMMAND LEFT END
COMMAND RIGHT START
MOVE B40 114
TRAIN 1
COMMAND RIGHT END
TURN 171 RESULT
TIME LEFT 2 5 RIGHT 2 5
UPGRADE A 145
TRAIN B41
MOVE A21 89
MOVE A22 17
MOVE A26 111
MOVE A47 107
MOVE A48 107
MOVE A49 95
MOVE A50 95
MOVE A51 80
MOVE A52 80
MOVE A53 66
MOVE A54 66
MOVE B28 130
MOVE B33 149
MOVE B34 114
MOVE B35 129
MOVE B36 129
MOVE B37 151
MOVE B38 169
MOVE B39 184
MOVE B40 208
DAMAGE TURRET A37 1
DAMAGE COMBAT A37 5
DAMAGE COMBAT A38 2
DAMAGE COMBAT B26 1
DAMAGE COMBAT B27 3
END TURN 171
TURN 172
COMMAND LEFT START
MOVE A41 145
COMMAND LEFT END
COMMAND RIGHT START
MOVE B41 138
TRAIN 1
COMMAND RIGHT END
TURN 172 RESULT
TIME LEFT 0 5 RIGHT 0 5
TRAIN B42
MOVE A21 83
MOVE A22 26
MOVE A26 125
MOVE A41 106
MOVE A49 107
MOVE A50 107
MOVE A51 95
MOVE A52 95
MOVE A53 80
MOVE A54 80
MOVE B33 138
MOVE B35 134
MOVE B36 134
MOVE B37 130
MOVE B38 150
MOVE B39 177
MOVE B40 195
MOVE B41 208
DAMAGE TURRET A38 1
DAMAGE COMBAT A38 3
DAMAGE COMBAT A39 3
DAMAGE COMBAT B27 3
END TURN 172
TURN 173
COMMAND LEFT START
MOVE A50 157
COMMAND LEFT END
COMMAND RIGHT START
MOVE B42 114
COMMAND RIGHT END
TURN 173 RESULT
TIME LEFT 1 5 RIGHT 1 5
MOVE A21 73
MOVE A22 43
MOVE A26 131
MOVE A41 111
MOVE A50 115
MOVE A51 107
MOVE A52 107
MOVE A53 95
MOVE A54 95
MOVE B33 131
MOVE B35 130
MOVE B36 130
MOVE B38 141
MOVE B39 168
MOVE B40 189
MOVE B41 195
MOVE B42 208
DAMAGE TURRET A39 1
DAMAGE COMBAT A26 1
DAMAGE COMBAT A39 2
DAMAGE COMBAT A40 3
DAMAGE COMBAT B29 2
DAMAGE COMBAT B33 1
END TURN 173
TURN 174
COMMAND LEFT START
TRAIN 2
COMMAND LEFT END
COMMAND RIGHT START
MOVE B37 138
TRAIN 1
COMMAND RIGHT END
TURN 174 RESULT
TIME LEFT 0 5 RIGHT 0 5
TRAIN A56 A57 B43
MOVE A21 67
MOVE A22 49
MOVE A41 125
MOVE A50 121
MOVE A53 107
MOVE A54 107
MOVE B37 134
MOVE B38 114
MOVE B39 151
MOVE B40 185
MOVE B41 189
MOVE B42 195
DAMAGE TURRET A40 1
DAMAGE COMBAT A26 1
DAMAGE COMBAT A40 2
DAMAGE COMBAT B29 1
DAMAGE COMBAT B33 1
END TURN 174
TURN 175
COMMAND LEFT START
MOVE A57 107
MOVE A56 107
TRAIN 2
COMMAND LEFT END
COMMAND RIGHT START
MOVE B43 130
TRAIN 1
COMMAND RIGHT END
TURN 175 RESULT
TIME LEFT 1 5 RIGHT 1 5
TRAIN A58 A59 B44
MOVE A21 68
MOVE A22 69
MOVE A41 131
MOVE A50 139
MOVE A56 4
MOVE A57 4
MOVE B37 129
MOVE B39 130
MOVE B40 169
MOVE B41 175
MOVE B42 189
MOVE B43 210
DAMAGE COMBAT A26 1
DAMAGE COMBAT B33 2
END TURN 175
TURN 176
COMMAND LEFT START
MOVE A59 107
MOVE A58 107
TRAIN 2
COMMAND LEFT END
COMMAND RIGHT START
MOVE B39 114
COMMAND RIGHT END
TURN 176 RESULT
TIME LEFT 0 5 RIGHT 0 5
TRAIN A60 A61
MOVE A21 69
MOVE A50 157
MOVE A56 11
MOVE A57 11
MOVE A58 4
MOVE A59 4
MOVE B37 135
MOVE B39 134
MOVE B40 150
MOVE B41 155
MOVE B42 185
MOVE B43 196
DAMAGE TURRET A50 1
DAMAGE COMBAT A26 1
DAMAGE COMBAT A50 3
DAMAGE COMBAT B4 1
DAMAGE COMBAT B33 2
END TURN 176
TURN 177
COMMAND LEFT START
MOVE A61 107
MOVE A60 107
TRAIN 2
COMMAND LEFT END
COMMAND RIGHT START
MOVE B44 130
TRAIN 1
COMMAND RIGHT END
TURN 177 RESULT
TIME LEFT 3 5 RIGHT 3 5
TRAIN A62 A63 B45
MOVE A26 141
MOVE A41 141
MOVE A56 28
MOVE A57 28
MOVE A58 11
MOVE A59 11
MOVE A60 4
MOVE A61 4
MOVE B37 138
MOVE B39 129
MOVE B40 141
MOVE B41 138
MOVE B42 169
MOVE B43 184
MOVE B44 210
DAMAGE TURRET A50 1
DAMAGE COMBAT A26 1
DAMAGE COMBAT A50 1
DAMAGE COMBAT B9 1
DAMAGE COMBAT B40 2
END TURN 177
TURN 178
COMMAND LEFT START
MOVE A63 107
MOVE A62 107
MOVE A54 157
TRAIN 2
COMMAND LEFT END
COMMAND RIGHT START
MOVE B37 114
MOVE B41 157
TRAIN 1
COMMAND RIGHT END
TURN 178 RESULT
TIME LEFT 1 5 RIGHT 1 5
TRAIN A64 A65 B46
MOVE A54 115
MOVE A56 42
MOVE A57 42
MOVE A58 28
MOVE A59 28
MOVE A60 11
MOVE A61 11
MOVE A62 4
MOVE A63 4
MOVE B37 131
MOVE B39 135
MOVE B41 149
MOVE B42 150
MOVE B43 177
MOVE B44 196
DAMAGE COMBAT A26 1
DAMAGE COMBAT B40 2
END TURN 178
TURN 179
COMMAND LEFT START
MOVE A23 145
MOVE A65 107
TRAIN 2
COMMAND LEFT END
COMMAND RIGHT START
COMMAND RIGHT END
TURN 179 RESULT
TIME LEFT 1 5 RIGHT 1 5
TRAIN A66 A67
MOVE A23 5
MOVE A54 121
MOVE A56 53
MOVE A57 53
MOVE A58 42
MOVE A59 42
MOVE A60 28
MOVE A61 28
MOVE A62 11
MOVE A63 11
MOVE A65 4
MOVE B37 114
MOVE B39 138
MOVE B41 148
MOVE B42 141
MOVE B43 168
MOVE B44 184
DAMAGE COMBAT A41 2
DAMAGE COMBAT B40 1
END TURN 179
TURN 180
COMMAND LEFT START
MOVE A67 107
MOVE A66 107
TRAIN 2
COMMAND LEFT END
COMMAND RIGHT START
TRAIN 1
COMMAND RIGHT END
TURN 180 RESULT
TIME LEFT 0 5 RIGHT 1 5
TRAIN A68 A69 B47
MOVE A23 15
MOVE A54 139
MOVE A56 66
MOVE A57 66
MOVE A58 53
MOVE A59 53
MOVE A60 42
MOVE A61 42
MOVE A62 28
MOVE A63 28
MOVE A65 11
MOVE A66 4
MOVE A67 4
MOVE B39 131
MOVE B41 151
MOVE B43 151
MOVE B44 177
DAMAGE COMBAT A41 2
DAMAGE COMBAT B40 1
END TURN 180
TURN 181
COMMAND LEFT START
MOVE A69 107
UPGRADE 0
COMMAND LEFT END
COMMAND RIGHT START
TRAIN 1
COMMAND RIGHT END
TURN 181 RESULT
TIME LEFT 1 5 RIGHT 1 5
UPGRADE A 0
TRAIN B48
MOVE A23 22
MOVE A54 157
MOVE A56 80
MOVE A57 80
MOVE A58 66
MOVE A59 66
MOVE A60 53
MOVE A61 53
MOVE A62 42
MOVE A63 42
MOVE A65 28
MOVE A66 11
MOVE A67 11
MOVE A69 4
MOVE B39 114
MOVE B41 157
MOVE B43 130
MOVE B44 168
DAMAGE TURRET A54 1
DAMAGE COMBAT A41 1
DAMAGE COMBAT A54 3
DAMAGE COMBAT B9 1
DAMAGE COMBAT B42 1
END TURN 181
TURN 182
COMMAND LEFT START
COMMAND LEFT END
COMMAND RIGHT START
MOVE B43 157
MOVE B38 157
COMMAND RIGHT END
TURN 182 RESULT
TIME LEFT 0 5 RIGHT 0 5
MOVE A23 44
MOVE A56 95
MOVE A57 95
MOVE A58 80
MOVE A59 80
MOVE A60 66
MOVE A61 66
MOVE A62 53
MOVE A63 53
MOVE A65 42
MOVE A66 28
MOVE A67 28
MOVE A69 11
MOVE B38 131
MOVE B43 139
MOVE B44 151
DAMAGE TURRET A54 1
DAMAGE COMBAT A41 1
DAMAGE COMBAT A54 1
DAMAGE COMBAT B9 1
DAMAGE COMBAT B42 1
END TURN 182
TURN 183
COMMAND LEFT START
TRAIN 1
COMMAND LEFT END
COMMAND RIGHT START
MOVE B37 130
TRAIN 1
COMMAND RIGHT END
TURN 183 RESULT
TIME LEFT 2 5 RIGHT 2 5
TRAIN A70 B49
MOVE A23 56
MOVE A56 107
MOVE A57 107
MOVE A58 95
MOVE A59 95
MOVE A60 80
MOVE A61 80
MOVE A62 66
MOVE A63 66
MOVE A65 53
MOVE A66 42
MOVE A67 42
MOVE A69 28
MOVE B37 131
MOVE B38 138
MOVE B42 114
MOVE B43 157
MOVE B44 130
END TURN 183
TURN 184
COMMAND LEFT START
MOVE A25 145
MOVE A57 157
COMMAND LEFT END
COMMAND RIGHT START
TRAIN 1
COMMAND RIGHT END
TURN 184 RESULT
TIME LEFT 0 5 RIGHT 0 5
TRAIN B50
MOVE A23 70
MOVE A25 5
MOVE A57 115
MOVE A58 107
MOVE A59 107
MOVE A60 95
MOVE A61 95
MOVE A62 80
MOVE A63 80
MOVE A65 66
MOVE A66 53
MOVE A67 53
MOVE A69 42
MOVE B37 138
MOVE B38 149
END TURN 184
TURN 185
COMMAND LEFT START
MOVE A59 114
MOVE A58 114
MOVE A56 114
MOVE A53 114
MOVE A52 114
MOVE A51 114
MOVE A49 114
MOVE A48 114
MOVE A47 114
MOVE A46 114
MOVE A45 114
COMMAND LEFT END
COMMAND RIGHT START
COMMAND RIGHT END
TURN 185 RESULT
TIME LEFT 1 5 RIGHT 1 5
MOVE A23 81
MOVE A25 15
MOVE A45 106
MOVE A46 106
MOVE A47 106
MOVE A48 106
MOVE A49 106
MOVE A51 106
MOVE A52 106
MOVE A53 106
MOVE A56 106
MOVE A57 121
MOVE A58 106
MOVE A59 106
MOVE A60 107
MOVE A61 107
MOVE A62 95
MOVE A63 95
MOVE A65 80
MOVE A66 66
MOVE A67 66
MOVE A69 53
MOVE B37 135
MOVE B38 148
END TURN 185
TURN 186
COMMAND LEFT START
TRAIN 2
COMMAND LEFT END
COMMAND RIGHT START
TRAIN 1
COMMAND RIGHT END
TURN 186 RESULT
TIME LEFT 1 5 RIGHT 1 5
TRAIN A71 A72 B51
MOVE A23 96
MOVE A25 22
MOVE A45 111
MOVE A46 111
MOVE A47 111
MOVE A48 111
MOVE A49 111
MOVE A51 111
MOVE A52 111
MOVE A53 111
MOVE A56 111
MOVE A57 139
MOVE A58 111
MOVE A59 111
MOVE A62 107
MOVE A63 107
MOVE A65 95
MOVE A66 80
MOVE A67 80
MOVE A69 66
MOVE B37 129
MOVE B38 151
END TURN 186
TURN 187
COMMAND LEFT START
MOVE A72 107
MOVE A71 107
TRAIN 2
COMMAND LEFT END
COMMAND RIGHT START
MOVE B42 138
MOVE B43 138
MOVE B44 138
MOVE B45 138
MOVE B46 138
MOVE B47 138
MOVE B48 138
MOVE B49 138
MOVE B50 114
MOVE B51 114
TRAIN 1
COMMAND RIGHT END
TURN 187 RESULT
TIME LEFT 1 5 RIGHT 1 5
TRAIN A73 A74 B52
MOVE A23 113
MOVE A25 44
MOVE A45 102
MOVE A46 102
MOVE A47 102
MOVE A48 102
MOVE A49 102
MOVE A51 102
MOVE A52 102
MOVE A53 102
MOVE A56 102
MOVE A57 157
MOVE A58 102
MOVE A59 102
MOVE A65 107
MOVE A66 95
MOVE A67 95
MOVE A69 80
MOVE A71 4
MOVE A72 4
MOVE B37 134
MOVE B38 157
MOVE B42 131
MOVE B43 151
MOVE B44 134
MOVE B45 208
MOVE B46 208
MOVE B47 208
MOVE B48 208
MOVE B49 208
MOVE B50 208
MOVE B51 208
DAMAGE TURRET A57 1
DAMAGE COMBAT A57 4
DAMAGE COMBAT B9 1
END TURN 187
TURN 188
COMMAND LEFT START
MOVE A74 107
MOVE A73 107
TRAIN 2
COMMAND LEFT END
COMMAND RIGHT START
MOVE B52 114
COMMAND RIGHT END
TURN 188 RESULT
TIME LEFT 1 5 RIGHT 1 5
TRAIN A75 A76
MOVE A23 128
MOVE A25 56
MOVE A45 110
MOVE A46 110
MOVE A47 110
MOVE A48 110
MOVE A49 110
MOVE A51 110
MOVE A52 110
MOVE A53 110
MOVE A56 110
MOVE A58 110
MOVE A59 110
MOVE A66 107
MOVE A67 107
MOVE A69 95
MOVE A71 11
MOVE A72 11
MOVE A73 4
MOVE A74 4
MOVE B37 130
MOVE B42 138
MOVE B43 148
MOVE B44 129
MOVE B45 195
MOVE B46 195
MOVE B47 195
MOVE B48 195
MOVE B49 195
MOVE B50 195
MOVE B51 195
MOVE B52 208
DAMAGE TURRET A57 1
DAMAGE COMBAT B9 1
END TURN 188
TURN 189
COMMAND LEFT START
MOVE A76 107
MOVE A75 107
MOVE A67 157
TRAIN 2
COMMAND LEFT END
COMMAND RIGHT START
MOVE B42 114
TRAIN 1
COMMAND RIGHT END
TURN 189 RESULT
TIME LEFT 1 5 RIGHT 1 5
TRAIN A77 A78 B53
MOVE A23 145
MOVE A25 70
MOVE A45 114
MOVE A46 114
MOVE A47 114
MOVE A48 114
MOVE A49 114
MOVE A51 114
MOVE A52 114
MOVE A53 114
MOVE A56 114
MOVE A58 114
MOVE A59 114
MOVE A67 115
MOVE A69 107
MOVE A71 28
MOVE A72 28
MOVE A73 11
MOVE A74 11
MOVE A75 4
MOVE A76 4
MOVE B42 131
MOVE B43 149
MOVE B44 135
MOVE B45 189
MOVE B46 189
MOVE B47 189
MOVE B48 189
MOVE B49 189
MOVE B50 189
MOVE B51 189
MOVE B52 195
DAMAGE TURRET A45 1
DAMAGE COMBAT A45 5
DAMAGE COMBAT A46 1
DAMAGE COMBAT B29 3
DAMAGE COMBAT B30 6
DAMAGE COMBAT B31 2
END TURN 189
TURN 190
COMMAND LEFT START
MOVE A78 107
MOVE A77 107
TRAIN 2
COMMAND LEFT END
COMMAND RIGHT START
MOVE B37 114
MOVE B53 114
COMMAND RIGHT END
TURN 190 RESULT
TIME LEFT 1 5 RIGHT 1 5
TRAIN A79 A80
MOVE A25 81
MOVE A67 121
MOVE A71 42
MOVE A72 42
MOVE A73 28
MOVE A74 28
MOVE A75 11
MOVE A76 11
MOVE A77 4
MOVE A78 4
MOVE B37 134
MOVE B42 114
MOVE B43 138
MOVE B44 138
MOVE B45 175
MOVE B46 175
MOVE B47 175
MOVE B48 175
MOVE B49 175
MOVE B50 185
MOVE B51 185
MOVE B52 189
MOVE B53 208
DAMAGE TURRET A46 1
DAMAGE COMBAT A46 4
DAMAGE COMBAT A47 1
DAMAGE COMBAT B31 4
DAMAGE COMBAT B32 2
DAMAGE COMBAT B42 4
END TURN 190
TURN 191
COMMAND LEFT START
MOVE A80 107
MOVE A79 107
TRAIN 2
COMMAND LEFT END
COMMAND RIGHT START
MOVE B43 114
MOVE B44 114
TRAIN 1
COMMAND RIGHT END
TURN 191 RESULT
TIME LEFT 0 5 RIGHT 0 5
TRAIN A81 A82 B54
MOVE A25 96
MOVE A67 139
MOVE A71 53
MOVE A72 53
MOVE A73 42
MOVE A74 42
MOVE A75 28
MOVE A76 28
MOVE A77 11
MOVE A78 11
MOVE A79 4
MOVE A80 4
MOVE B37 129
MOVE B43 131
MOVE B44 131
MOVE B45 155
MOVE B46 155
MOVE B47 155
MOVE B48 155
MOVE B49 155
MOVE B50 169
MOVE B51 169
MOVE B52 185
MOVE B53 195
DAMAGE TURRET A47 1
DAMAGE COMBAT A47 3
DAMAGE COMBAT B32 4
DAMAGE COMBAT B34 5
END TURN 191
TURN 192
COMMAND LEFT START
MOVE A82 107
MOVE A81 107
TRAIN 2
COMMAND LEFT END
COMMAND RIGHT START
MOVE B54 114
TRAIN 1
COMMAND RIGHT END
TURN 192 RESULT
TIME LEFT 2 5 RIGHT 2 5
TRAIN A83 A84 B55
MOVE A25 113
MOVE A67 157
MOVE A71 66
MOVE A72 66
MOVE A73 53
MOVE A74 53
MOVE A75 42
MOVE A76 42
MOVE A77 28
MOVE A78 28
MOVE A79 11
MOVE A80 11
MOVE A81 4
MOVE A82 4
MOVE B37 135
MOVE B43 114
MOVE B44 114
MOVE B45 138
MOVE B46 138
MOVE B47 138
MOVE B48 138
MOVE B49 138
MOVE B50 150
MOVE B51 150
MOVE B52 169
MOVE B53 189
MOVE B54 208
DAMAGE TURRET A47 1
DAMAGE TURRET A67 1
DAMAGE COMBAT A48 4
DAMAGE COMBAT A67 3
DAMAGE COMBAT B23 1
DAMAGE COMBAT B34 1
DAMAGE COMBAT B39 6
DAMAGE COMBAT B43 2
END TURN 192
TURN 193
COMMAND LEFT START
MOVE A84 107
MOVE A83 107
TRAIN 2
COMMAND LEFT END
COMMAND RIGHT START
MOVE B45 114
MOVE B46 114
MOVE B47 130
MOVE B48 130
MOVE B49 157
MOVE B55 157
COMMAND RIGHT END
TURN 193 RESULT
TIME LEFT 0 5 RIGHT 0 5
TRAIN A85 A86
MOVE A25 128
MOVE A71 80
MOVE A72 80
MOVE A73 66
MOVE A74 66
MOVE A75 53
MOVE A76 53
MOVE A77 42
MOVE A78 42
MOVE A79 28
MOVE A80 28
MOVE A81 11
MOVE A82 11
MOVE A83 4
MOVE A84 4
MOVE B37 138
MOVE B45 131
MOVE B46 131
MOVE B47 135
MOVE B48 135
MOVE B49 149
MOVE B50 141
MOVE B51 141
MOVE B52 150
MOVE B53 185
MOVE B54 195
MOVE B55 210
DAMAGE TURRET A48 1
DAMAGE TURRET A67 1
DAMAGE COMBAT A48 1
DAMAGE COMBAT A49 1
DAMAGE COMBAT A67 1
DAMAGE COMBAT B23 1
DAMAGE COMBAT B43 4
DAMAGE COMBAT B44 4
END TURN 193
TURN 194
COMMAND LEFT START
MOVE A86 107
MOVE A85 107
MOVE A69 157
TRAIN 2
COMMAND LEFT END
COMMAND RIGHT START
TRAIN 1
COMMAND RIGHT END
TURN 194 RESULT
TIME LEFT 2 5 RIGHT 2 5
TRAIN A87 A88 B56
MOVE A25 145
MOVE A69 115
MOVE A71 95
MOVE A72 95
MOVE A73 80
MOVE A74 80
MOVE A75 66
MOVE A76 66
MOVE A77 53
MOVE A78 53
MOVE A79 42
MOVE A80 42
MOVE A81 28
MOVE A82 28
MOVE A83 11
MOVE A84 11
MOVE A85 4
MOVE A86 4
MOVE B37 131
MOVE B45 114
MOVE B46 114
MOVE B47 129
MOVE B48 129
MOVE B49 148
MOVE B50 114
MOVE B51 114
MOVE B52 141
MOVE B53 169
MOVE B54 189
MOVE B55 196
DAMAGE TURRET A49 1
DAMAGE COMBAT A49 4
DAMAGE COMBAT A51 1
DAMAGE COMBAT B44 2
DAMAGE COMBAT B45 5
END TURN 194
TURN 195
COMMAND LEFT START
MOVE A88 107
MOVE A87 107
TRAIN 2
COMMAND LEFT END
COMMAND RIGHT START
MOVE B56 114
TRAIN 1
COMMAND RIGHT END
TURN 195 RESULT
TIME LEFT 0 5 RIGHT 0 5
TRAIN A89 A90 B57
MOVE A69 121
MOVE A71 107
MOVE A72 107
MOVE A73 95
MOVE A74 95
MOVE A75 80
MOVE A76 80
MOVE A77 66
MOVE A78 66
MOVE A79 53
MOVE A80 53
MOVE A81 42
MOVE A82 42
MOVE A83 28
MOVE A84 28
MOVE A85 11
MOVE A86 11
MOVE A87 4
MOVE A88 4
MOVE B37 114
MOVE B47 134
MOVE B48 134
MOVE B49 151
MOVE B52 114
MOVE B53 150
MOVE B54 185
MOVE B55 190
MOVE B56 208
DAMAGE TURRET A51 1
DAMAGE COMBAT A51 4
DAMAGE COMBAT A52 2
DAMAGE COMBAT B37 5
DAMAGE COMBAT B45 1
END TURN 195
TURN 196
COMMAND LEFT START
MOVE A90 107
MOVE A89 107
TRAIN 2
COMMAND LEFT END
COMMAND RIGHT START
MOVE B57 114
COMMAND RIGHT END
TURN 196 RESULT
TIME LEFT 2 5 RIGHT 2 5
TRAIN A91 A92
MOVE A69 139
MOVE A73 107
MOVE A74 107
MOVE A75 95
MOVE A76 95
MOVE A77 80
MOVE A78 80
MOVE A79 66
MOVE A80 66
MOVE A81 53
MOVE A82 53
MOVE A83 42
MOVE A84 42
MOVE A85 28
MOVE A86 28
MOVE A87 11
MOVE A88 11
MOVE A89 4
MOVE A90 4
MOVE B47 130
MOVE B48 130
MOVE B49 157
MOVE B53 141
MOVE B54 169
MOVE B55 178
MOVE B56 195
MOVE B57 208
DAMAGE TURRET A52 1
DAMAGE COMBAT A52 3
DAMAGE COMBAT A53 2
DAMAGE COMBAT B37 1
DAMAGE COMBAT B46 4
END TURN 196
TURN 197
COMMAND LEFT START
MOVE A92 107
UPGRADE 0
COMMAND LEFT END
COMMAND RIGHT START
MOVE B47 114
MOVE B48 114
TRAIN 1
COMMAND RIGHT END
TURN 197 RESULT
TIME LEFT 0 5 RIGHT 0 5
UPGRADE A 0
TRAIN B58
MOVE A69 157
MOVE A75 107
MOVE A76 107
MOVE A77 95
MOVE A78 95
MOVE A79 80
MOVE A80 80
MOVE A81 66
MOVE A82 66
MOVE A83 53
MOVE A84 53
MOVE A85 42
MOVE A86 42
MOVE A87 28
MOVE A88 28
MOVE A89 11
MOVE A90 11
MOVE A92 4
MOVE B47 134
MOVE B48 134
MOVE B53 114
MOVE B54 150
MOVE B55 164
MOVE B56 189
MOVE B57 195
DAMAGE TURRET A53 1
DAMAGE TURRET A69 1
DAMAGE COMBAT A53 3
DAMAGE COMBAT A56 2
DAMAGE COMBAT A69 4
DAMAGE COMBAT B23 1
DAMAGE COMBAT B46 2
DAMAGE COMBAT B50 2
END TURN 197
TURN 198
COMMAND LEFT START
MOVE A76 130
MOVE A75 130
MOVE A74 130
MOVE A73 130
MOVE A72 130
MOVE A71 130
MOVE A66 130
MOVE A65 130
MOVE A63 130
MOVE A62 130
MOVE A61 130
MOVE A60 130
COMMAND LEFT END
COMMAND RIGHT START
MOVE B58 130
TRAIN 1
COMMAND RIGHT END
TURN 198 RESULT
TIME LEFT 1 5 RIGHT 1 5
TRAIN B59
MOVE A60 115
MOVE A61 115
MOVE A62 115
MOVE A63 115
MOVE A65 115
MOVE A66 115
MOVE A71 115
MOVE A72 115
MOVE A73 115
MOVE A74 115
MOVE A75 115
MOVE A76 115
MOVE A77 107
MOVE A78 107
MOVE A79 95
MOVE A80 95
MOVE A81 80
MOVE A82 80
MOVE A83 66
MOVE A84 66
MOVE A85 53
MOVE A86 53
MOVE A87 42
MOVE A88 42
MOVE A89 28
MOVE A90 28
MOVE A92 11
MOVE B47 129
MOVE B48 129
MOVE B54 141
MOVE B55 157
MOVE B56 185
MOVE B57 189
MOVE B58 210
DAMAGE TURRET A56 1
DAMAGE TURRET A69 1
DAMAGE COMBAT A56 3
DAMAGE COMBAT A58 1
DAMAGE COMBAT B23 1
DAMAGE COMBAT B50 3
END TURN 198
TURN 199
COMMAND LEFT START
MOVE A78 157
COMMAND LEFT END
COMMAND RIGHT START
MOVE B49 130
MOVE B55 114
COMMAND RIGHT END
TURN 199 RESULT
TIME LEFT 1 5 RIGHT 1 5
MOVE A60 130
MOVE A61 130
MOVE A62 130
MOVE A63 130
MOVE A65 130
MOVE A66 130
MOVE A71 130
MOVE A72 130
MOVE A73 130
MOVE A74 130
MOVE A75 130
MOVE A76 130
MOVE A78 115
MOVE A79 107
MOVE A80 107
MOVE A81 95
MOVE A82 95
MOVE A83 80
MOVE A84 80
MOVE A85 66
MOVE A86 66
MOVE A87 53
MOVE A88 53
MOVE A89 42
MOVE A90 42
MOVE A92 28
MOVE B47 135
MOVE B48 135
MOVE B49 139
MOVE B54 114
MOVE B55 151
MOVE B56 169
MOVE B57 185
MOVE B58 196
DAMAGE TURRET A58 1
DAMAGE TURRET A60 1
DAMAGE COMBAT A58 4
DAMAGE COMBAT A59 1
DAMAGE COMBAT A60 5
DAMAGE COMBAT A61 3
DAMAGE COMBAT B11 5
DAMAGE COMBAT B12 5
DAMAGE COMBAT B14 2
DAMAGE COMBAT B50 1
DAMAGE COMBAT B51 1
END TURN 199
TURN 200
COMMAND LEFT START
TRAIN 1
COMMAND LEFT END
COMMAND RIGHT START
MOVE B59 130
TRAIN 1
COMMAND RIGHT END
TURN 200 RESULT
TIME LEFT 1 5 RIGHT 1 5
TRAIN A93 B60
MOVE A78 121
MOVE A81 107
MOVE A82 107
MOVE A83 95
MOVE A84 95
MOVE A85 80
MOVE A86 80
MOVE A87 66
MOVE A88 66
MOVE A89 53
MOVE A90 53
MOVE A92 42
MOVE B47 138
MOVE B48 138
MOVE B49 130
MOVE B55 148
MOVE B56 150
MOVE B57 169
MOVE B58 184
MOVE B59 210
DAMAGE TURRET A59 1
DAMAGE TURRET A61 1
DAMAGE COMBAT A59 4
DAMAGE COMBAT A61 2
DAMAGE COMBAT A62 5
DAMAGE COMBAT B14 3
DAMAGE COMBAT B18 5
DAMAGE COMBAT B20 3
DAMAGE COMBAT B51 1
END TURN 200
TURN 201
COMMAND LEFT START
MOVE A93 107
TRAIN 3
COMMAND LEFT END
COMMAND RIGHT START
MOVE B60 130
TRAIN 1
COMMAND RIGHT END
TURN 201 RESULT
TIME LEFT 1 5 RIGHT 1 5
TRAIN A94 A95 A96 B61
MOVE A78 139
MOVE A83 107
MOVE A84 107
MOVE A85 95
MOVE A86 95
MOVE A87 80
MOVE A88 80
MOVE A89 66
MOVE A90 66
MOVE A92 53
MOVE A93 4
MOVE B47 131
MOVE B48 131
MOVE B55 149
MOVE B56 141
MOVE B57 150
MOVE B58 177
MOVE B59 196
MOVE B60 210
DAMAGE TURRET A62 1
DAMAGE COMBAT A63 5
DAMAGE COMBAT B20 2
DAMAGE COMBAT B28 6
DAMAGE COMBAT B35 2
END TURN 201
TURN 202
COMMAND LEFT START
MOVE A96 107
MOVE A95 107
MOVE A94 107
TRAIN 3
COMMAND LEFT END
COMMAND RIGHT START
MOVE B61 130
TRAIN 1
COMMAND RIGHT END
TURN 202 RESULT
TIME LEFT 0 5 RIGHT 0 5
TRAIN A97 A98 A99 B62
MOVE A78 157
MOVE A85 107
MOVE A86 107
MOVE A87 95
MOVE A88 95
MOVE A89 80
MOVE A90 80
MOVE A92 66
MOVE A93 11
MOVE A94 4
MOVE A95 4
MOVE A96 4
MOVE B47 114
MOVE B48 114
MOVE B55 138
MOVE B56 114
MOVE B57 141
MOVE B58 168
MOVE B59 184
MOVE B60 196
MOVE B61 210
DAMAGE TURRET A63 1
DAMAGE TURRET A78 1
DAMAGE COMBAT A65 3
DAMAGE COMBAT A78 3
DAMAGE COMBAT B23 1
DAMAGE COMBAT B35 4
DAMAGE COMBAT B36 5
END TURN 202
TURN 203
COMMAND LEFT START
MOVE A99 107
MOVE A98 107
MOVE A97 107
TRAIN 3
COMMAND LEFT END
COMMAND RIGHT START
MOVE B54 130
MOVE B56 130
MOVE B62 130
TRAIN 1
COMMAND RIGHT END
TURN 203 RESULT
TIME LEFT 2 5 RIGHT 2 5
TRAIN A100 A101 A102 B63
MOVE A87 107
MOVE A88 107
MOVE A89 95
MOVE A90 95
MOVE A92 80
MOVE A93 28
MOVE A94 11
MOVE A95 11
MOVE A96 11
MOVE A97 4
MOVE A98 4
MOVE A99 4
MOVE B54 131
MOVE B55 131
MOVE B56 131
MOVE B57 114
MOVE B58 151
MOVE B59 177
MOVE B60 184
MOVE B61 196
MOVE B62 210
DAMAGE TURRET A65 1
DAMAGE TURRET A78 1
DAMAGE COMBAT A65 2
DAMAGE COMBAT A78 2
DAMAGE COMBAT B23 1
DAMAGE COMBAT B36 1
DAMAGE COMBAT B49 6
SIEGE B 130 1
END TURN 203
TURN 204
COMMAND LEFT START
MOVE A88 114
MOVE A87 114
MOVE A86 114
MOVE A85 114
MOVE A84 114
MOVE A83 114
MOVE A82 114
MOVE A81 114
MOVE A80 114
MOVE A79 114
MOVE A77 114
COMMAND LEFT END
COMMAND RIGHT START
MOVE B57 130
MOVE B63 130
COMMAND RIGHT END
TURN 204 RESULT
TIME LEFT 0 5 RIGHT 0 5
MOVE A77 106
MOVE A79 106
MOVE A80 106
MOVE A81 106
MOVE A82 106
MOVE A83 106
MOVE A84 106
MOVE A85 106
MOVE A86 106
MOVE A87 106
MOVE A88 106
MOVE A89 107
MOVE A90 107
MOVE A92 95
MOVE A93 42
MOVE A94 28
MOVE A95 28
MOVE A96 28
MOVE A97 11
MOVE A98 11
MOVE A99 11
MOVE B54 138
MOVE B55 114
MOVE B56 138
MOVE B57 131
MOVE B58 130
MOVE B59 168
MOVE B60 177
MOVE B61 184
MOVE B62 196
MOVE B63 210
DAMAGE TURRET A66 1
DAMAGE COMBAT A66 1
DAMAGE COMBAT B58 6
SIEGE B 130 1
END TURN 204
TURN 205
COMMAND LEFT START
MOVE A102 107
MOVE A101 107
MOVE A100 107
TRAIN 3
COMMAND LEFT END
COMMAND RIGHT START
MOVE B55 130
TRAIN 1
COMMAND RIGHT END
TURN 205 RESULT
TIME LEFT 2 5 RIGHT 2 5
TRAIN A103 A104 A105 B64
MOVE A77 111
MOVE A79 111
MOVE A80 111
MOVE A81 111
MOVE A82 111
MOVE A83 111
MOVE A84 111
MOVE A85 111
MOVE A86 111
MOVE A87 111
MOVE A88 111
MOVE A92 107
MOVE A93 53
MOVE A94 42
MOVE A95 42
MOVE A96 42
MOVE A97 28
MOVE A98 28
MOVE A99 28
MOVE A100 4
MOVE A101 4
MOVE A102 4
MOVE B54 135
MOVE B55 131
MOVE B56 135
MOVE B57 138
MOVE B59 151
MOVE B60 168
MOVE B61 177
MOVE B62 184
MOVE B63 196
DAMAGE TURRET A66 1
SIEGE B 130 4
END TURN 205
TURN 206
COMMAND LEFT START
MOVE A105 107
MOVE A104 107
MOVE A103 107
UPGRADE 130
TRAIN 3
COMMAND LEFT END
COMMAND RIGHT START
MOVE B64 138
TRAIN 1
COMMAND RIGHT END
TURN 206 RESULT
TIME LEFT 0 5 RIGHT 0 5
UPGRADE A 130
TRAIN A106 A107 A108 B65
MOVE A77 102
MOVE A79 102
MOVE A80 102
MOVE A81 102
MOVE A82 102
MOVE A83 102
MOVE A84 102
MOVE A85 102
MOVE A86 102
MOVE A87 102
MOVE A88 102
MOVE A93 66
MOVE A94 53
MOVE A95 53
MOVE A96 53
MOVE A97 42
MOVE A98 42
MOVE A99 42
MOVE A100 11
MOVE A101 11
MOVE A102 11
MOVE A103 4
MOVE A104 4
MOVE A105 4
MOVE B54 129
MOVE B55 138
MOVE B56 129
MOVE B57 135
MOVE B59 130
MOVE B60 151
MOVE B61 168
MOVE B62 177
MOVE B63 184
MOVE B64 208
DAMAGE TURRET B59 1
DAMAGE COMBAT A66 1
DAMAGE COMBAT B59 5
END TURN 206
TURN 207
COMMAND LEFT START
MOVE A108 107
MOVE A107 107
MOVE A106 107
MOVE A76 107
MOVE A75 107
MOVE A74 107
MOVE A73 107
MOVE A72 107
UPGRADE 130
COMMAND LEFT END
COMMAND RIGHT START
MOVE B65 138
COMMAND RIGHT END
TURN 207 RESULT
TIME LEFT 2 5 RIGHT 2 5
UPGRADE A 130
MOVE A72 115
MOVE A73 115
MOVE A74 115
MOVE A75 115
MOVE A76 115
MOVE A77 110
MOVE A79 110
MOVE A80 110
MOVE A81 110
MOVE A82 110
MOVE A83 110
MOVE A84 110
MOVE A85 110
MOVE A86 110
MOVE A87 110
MOVE A88 110
MOVE A93 80
MOVE A94 66
MOVE A95 66
MOVE A96 66
MOVE A97 53
MOVE A98 53
MOVE A99 53
MOVE A100 28
MOVE A101 28
MOVE A102 28
MOVE A103 11
MOVE A104 11
MOVE A105 11
MOVE A106 4
MOVE A107 4
MOVE A108 4
MOVE B54 134
MOVE B55 135
MOVE B56 134
MOVE B57 129
MOVE B60 130
MOVE B61 151
MOVE B62 168
MOVE B63 177
MOVE B64 195
MOVE B65 208
DAMAGE TURRET B60 1
DAMAGE COMBAT A66 1
DAMAGE COMBAT B60 2
END TURN 207
TURN 208
COMMAND LEFT START
MOVE A43 130
MOVE A44 130
MOVE A89 130
MOVE A90 130
TRAIN 2
COMMAND LEFT END
COMMAND RIGHT START
TRAIN 1
COMMAND RIGHT END
TURN 208 RESULT
TIME LEFT 0 5 RIGHT 0 5
TRAIN A109 A110 B66
MOVE A43 115
MOVE A44 115
MOVE A72 107
MOVE A73 107
MOVE A74 107
MOVE A75 107
MOVE A76 107
MOVE A77 114
MOVE A79 114
MOVE A80 114
MOVE A81 114
MOVE A82 114
MOVE A83 114
MOVE A84 114
MOVE A85 114
MOVE A86 114
MOVE A87 114
MOVE A88 114
MOVE A89 115
MOVE A90 115
MOVE A93 95
MOVE A94 80
MOVE A95 80
MOVE A96 80
MOVE A97 66
MOVE A98 66
MOVE A99 66
MOVE A100 42
MOVE A101 42
MOVE A102 42
MOVE A103 28
MOVE A104 28
MOVE A105 28
MOVE A106 11
MOVE A107 11
MOVE A108 11
MOVE B54 130
MOVE B55 129
MOVE B56 130
MOVE B57 134
MOVE B61 130
MOVE B62 151
MOVE B63 168
MOVE B64 189
MOVE B65 195
DAMAGE TURRET A77 1
DAMAGE TURRET B60 1
DAMAGE COMBAT A66 1
DAMAGE COMBAT A71 3
DAMAGE COMBAT A77 5
DAMAGE COMBAT B47 6
DAMAGE COMBAT B48 1
DAMAGE COMBAT B51 4
DAMAGE COMBAT B60 2
END TURN 208
TURN 209
COMMAND LEFT START
MOVE A110 107
MOVE A109 107
TRAIN 3
COMMAND LEFT END
COMMAND RIGHT START
MOVE B66 114
TRAIN 1
COMMAND RIGHT END
TURN 209 RESULT
TIME LEFT 2 5 RIGHT 2 5
TRAIN A111 A112 A113 B67
MOVE A43 130
MOVE A44 130
MOVE A89 130
MOVE A90 130
MOVE A93 107
MOVE A94 95
MOVE A95 95
MOVE A96 95
MOVE A97 80
MOVE A98 80
MOVE A99 80
MOVE A100 53
MOVE A101 53
MOVE A102 53
MOVE A103 42
MOVE A104 42
MOVE A105 42
MOVE A106 28
MOVE A107 28
MOVE A108 28
MOVE A109 4
MOVE A110 4
MOVE B55 134
MOVE B57 130
MOVE B62 130
MOVE B63 151
MOVE B64 175
MOVE B65 189
MOVE B66 208
DAMAGE TURRET A77 1
DAMAGE TURRET B54 1
DAMAGE COMBAT A43 1
DAMAGE COMBAT A71 4
DAMAGE COMBAT A79 3
DAMAGE COMBAT B48 5
DAMAGE COMBAT B52 6
DAMAGE COMBAT B54 5
END TURN 209
TURN 210
COMMAND LEFT START
MOVE A72 130
MOVE A73 130
MOVE A74 130
MOVE A113 107
MOVE A112 107
MOVE A111 107
TRAIN 3
COMMAND LEFT END
COMMAND RIGHT START
MOVE B67 114
TRAIN 1
COMMAND RIGHT END
TURN 210 RESULT
TIME LEFT 0 5 RIGHT 0 5
TRAIN A114 A115 A116 B68
MOVE A72 115
MOVE A73 115
MOVE A74 115
MOVE A94 107
MOVE A95 107
MOVE A96 107
MOVE A97 95
MOVE A98 95
MOVE A99 95
MOVE A100 66
MOVE A101 66
MOVE A102 66
MOVE A103 53
MOVE A104 53
MOVE A105 53
MOVE A106 42
MOVE A107 42
MOVE A108 42
MOVE A109 11
MOVE A110 11
MOVE A111 4
MOVE A112 4
MOVE A113 4
MOVE B55 130
MOVE B63 130
MOVE B64 155
MOVE B65 175
MOVE B66 195
MOVE B67 208
DAMAGE TURRET A79 1
DAMAGE TURRET B55 1
DAMAGE COMBAT A43 5
DAMAGE COMBAT A44 1
DAMAGE COMBAT A79 1
DAMAGE COMBAT B53 6
DAMAGE COMBAT B55 4
SIEGE B 114 4
END TURN 210
TURN 211
COMMAND LEFT START
MOVE A96 138
MOVE A95 138
MOVE A94 138
MOVE A93 138
MOVE A92 138
COMMAND LEFT END
COMMAND RIGHT START
MOVE B68 114
COMMAND RIGHT END
TURN 211 RESULT
TIME LEFT 2 5 RIGHT 2 5
MOVE A72 130
MOVE A73 130
MOVE A74 130
MOVE A92 119
MOVE A93 119
MOVE A94 119
MOVE A95 119
MOVE A96 119
MOVE A97 107
MOVE A98 107
MOVE A99 107
MOVE A100 80
MOVE A101 80
MOVE A102 80
MOVE A103 66
MOVE A104 66
MOVE A105 66
MOVE A106 53
MOVE A107 53
MOVE A108 53
MOVE A109 28
MOVE A110 28
MOVE A111 11
MOVE A112 11
MOVE A113 11
MOVE B64 138
MOVE B65 155
MOVE B66 189
MOVE B67 195
MOVE B68 208
DAMAGE TURRET A79 1
DAMAGE TURRET B55 1
DAMAGE COMBAT A44 5
DAMAGE COMBAT A72 1
DAMAGE COMBAT B56 6
SIEGE B 114 2
END TURN 211
TURN 212
COMMAND LEFT START
MOVE A79 107
MOVE A80 107
MOVE A81 107
MOVE A82 107
MOVE A83 107
MOVE A84 107
MOVE A85 107
MOVE A86 107
MOVE A87 107
MOVE A116 107
MOVE A115 107
MOVE A114 107
UPGRADE 114
TRAIN 3
COMMAND LEFT END
COMMAND RIGHT START
TRAIN 1
COMMAND RIGHT END
TURN 212 RESULT
TIME LEFT 0 5 RIGHT 0 5
UPGRADE A 114
TRAIN A117 A118 A119 B69
MOVE A79 110
MOVE A80 110
MOVE A81 110
MOVE A82 110
MOVE A83 110
MOVE A84 110
MOVE A85 110
MOVE A86 110
MOVE A87 110
MOVE A92 129
MOVE A93 129
MOVE A94 129
MOVE A95 129
MOVE A96 129
MOVE A100 95
MOVE A101 95
MOVE A102 95
MOVE A103 80
MOVE A104 80
MOVE A105 80
MOVE A106 66
MOVE A107 66
MOVE A108 66
MOVE A109 42
MOVE A110 42
MOVE A111 28
MOVE A112 28
MOVE A113 28
MOVE A114 4
MOVE A115 4
MOVE A116 4
MOVE B65 138
MOVE B66 185
MOVE B67 189
MOVE B68 195
DAMAGE TURRET B57 1
DAMAGE COMBAT A72 4
DAMAGE COMBAT B57 5
END TURN 212
TURN 213
COMMAND LEFT START
MOVE A119 107
MOVE A118 107
MOVE A117 107
UPGRADE 114
COMMAND LEFT END
COMMAND RIGHT START
MOVE B69 138
COMMAND RIGHT END
TURN 213 RESULT
TIME LEFT 1 5 RIGHT 1 5
UPGRADE A 114
MOVE A79 102
MOVE A80 102
MOVE A81 102
MOVE A82 102
MOVE A83 102
MOVE A84 102
MOVE A85 102
MOVE A86 102
MOVE A87 102
MOVE A92 135
MOVE A93 135
MOVE A94 135
MOVE A95 135
MOVE A96 135
MOVE A100 107
MOVE A101 107
MOVE A102 107
MOVE A103 95
MOVE A104 95
MOVE A105 95
MOVE A106 80
MOVE A107 80
MOVE A108 80
MOVE A109 53
MOVE A110 53
MOVE A111 42
MOVE A112 42
MOVE A113 42
MOVE A114 11
MOVE A115 11
MOVE A116 11
MOVE A117 4
MOVE A118 4
MOVE A119 4
MOVE B66 169
MOVE B67 185
MOVE B68 189
MOVE B69 208
DAMAGE TURRET B61 1
DAMAGE COMBAT A72 2
DAMAGE COMBAT A73 1
DAMAGE COMBAT B61 5
END TURN 213
TURN 214
COMMAND LEFT START
MOVE A75 114
UPGRADE 114
COMMAND LEFT END
COMMAND RIGHT START
TRAIN 1
COMMAND RIGHT END
TURN 214 RESULT
TIME LEFT 1 5 RIGHT 1 5
UPGRADE A 114
TRAIN B70
MOVE A75 106
MOVE A79 111
MOVE A80 111
MOVE A81 111
MOVE A82 111
MOVE A83 111
MOVE A84 111
MOVE A85 111
MOVE A86 111
MOVE A87 111
MOVE A92 138
MOVE A93 138
MOVE A94 138
MOVE A95 138
MOVE A96 138
MOVE A103 107
MOVE A104 107
MOVE A105 107
MOVE A106 95
MOVE A107 95
MOVE A108 95
MOVE A109 66
MOVE A110 66
MOVE A111 53
MOVE A112 53
MOVE A113 53
MOVE A114 28
MOVE A115 28
MOVE A116 28
MOVE A117 11
MOVE A118 11
MOVE A119 11
MOVE B66 150
MOVE B67 169
MOVE B68 185
MOVE B69 195
DAMAGE TURRET A92 1
DAMAGE TURRET B62 1
DAMAGE COMBAT A73 2
DAMAGE COMBAT A92 4
DAMAGE COMBAT B5 5
DAMAGE COMBAT B62 4
END TURN 214
TURN 215
COMMAND LEFT START
MOVE A76 114
MOVE A105 157
MOVE A104 157
MOVE A103 157
MOVE A102 157
MOVE A101 157
MOVE A100 157
MOVE A99 157
COMMAND LEFT END
COMMAND RIGHT START
MOVE B70 138
TRAIN 1
COMMAND RIGHT END
TURN 215 RESULT
TIME LEFT 0 5 RIGHT 0 5
TRAIN B71
MOVE A75 111
MOVE A76 106
MOVE A79 106
MOVE A80 106
MOVE A81 106
MOVE A82 106
MOVE A83 106
MOVE A84 106
MOVE A85 106
MOVE A86 106
MOVE A87 106
MOVE A99 115
MOVE A100 115
MOVE A101 115
MOVE A102 115
MOVE A103 115
MOVE A104 115
MOVE A105 115
MOVE A106 107
MOVE A107 107
MOVE A108 107
MOVE A109 80
MOVE A110 80
MOVE A111 66
MOVE A112 66
MOVE A113 66
MOVE A114 42
MOVE A115 42
MOVE A116 42
MOVE A117 28
MOVE A118 28
MOVE A119 28
MOVE B66 141
MOVE B67 150
MOVE B68 169
MOVE B69 189
MOVE B70 208
DAMAGE TURRET A92 1
DAMAGE TURRET B62 1
DAMAGE COMBAT A73 2
DAMAGE COMBAT A92 1
DAMAGE COMBAT A93 2
DAMAGE COMBAT B6 5
DAMAGE COMBAT B63 4
END TURN 215
TURN 216
COMMAND LEFT START
TRAIN 3
COMMAND LEFT END
COMMAND RIGHT START
MOVE B71 138
TRAIN 1
COMMAND RIGHT END
TURN 216 RESULT
TIME LEFT 3 5 RIGHT 3 5
TRAIN A120 A121 A122 B72
MOVE A75 102
MOVE A76 111
MOVE A79 107
MOVE A80 107
MOVE A81 107
MOVE A82 107
MOVE A83 107
MOVE A84 107
MOVE A85 107
MOVE A86 107
MOVE A87 107
MOVE A99 121
MOVE A100 121
MOVE A101 121
MOVE A102 121
MOVE A103 121
MOVE A104 121
MOVE A105 121
MOVE A109 95
MOVE A110 95
MOVE A111 80
MOVE A112 80
MOVE A113 80
MOVE A114 53
MOVE A115 53
MOVE A116 53
MOVE A117 42
MOVE A118 42
MOVE A119 42
MOVE B66 114
MOVE B67 141
MOVE B68 150
MOVE B69 175
MOVE B70 195
MOVE B71 208
DAMAGE TURRET A93 1
DAMAGE TURRET B63 1
DAMAGE TURRET B66 2
DAMAGE COMBAT A73 1
DAMAGE COMBAT A88 1
DAMAGE COMBAT A93 2
DAMAGE COMBAT B63 1
DAMAGE COMBAT B64 4
DAMAGE COMBAT B66 1
END TURN 216
TURN 217
COMMAND LEFT START
MOVE A90 184
MOVE A122 107
MOVE A121 107
MOVE A120 107
UPGRADE 130
COMMAND LEFT END
COMMAND RIGHT START
MOVE B72 138
COMMAND RIGHT END
TURN 217 RESULT
TIME LEFT 0 5 RIGHT 0 5
UPGRADE A 130
MOVE A75 110
MOVE A76 102
MOVE A90 151
MOVE A99 139
MOVE A100 139
MOVE A101 139
MOVE A102 139
MOVE A103 139
MOVE A104 139
MOVE A105 139
MOVE A109 107
MOVE A110 107
MOVE A111 95
MOVE A112 95
MOVE A113 95
MOVE A114 66
MOVE A115 66
MOVE A116 66
MOVE A117 53
MOVE A118 53
MOVE A119 53
MOVE A120 4
MOVE A121 4
MOVE A122 4
MOVE B67 114
MOVE B68 141
MOVE B69 155
MOVE B70 189
MOVE B71 195
MOVE B72 208
DAMAGE TURRET A93 1
DAMAGE TURRET B66 2
DAMAGE COMBAT A88 2
DAMAGE COMBAT A93 2
DAMAGE COMBAT B64 2
DAMAGE COMBAT B65 2
DAMAGE COMBAT B66 1
END TURN 217
TURN 218
COMMAND LEFT START
TRAIN 2
COMMAND LEFT END
COMMAND RIGHT START
TRAIN 1
COMMAND RIGHT END
TURN 218 RESULT
TIME LEFT 0 5 RIGHT 0 5
TRAIN A123 A124 B73
MOVE A75 114
MOVE A76 110
MOVE A90 168
MOVE A99 157
MOVE A100 157
MOVE A101 157
MOVE A102 157
MOVE A103 157
MOVE A104 157
MOVE A105 157
MOVE A111 107
MOVE A112 107
MOVE A113 107
MOVE A114 80
MOVE A115 80
MOVE A116 80
MOVE A117 66
MOVE A118 66
MOVE A119 66
MOVE A120 11
MOVE A121 11
MOVE A122 11
MOVE B68 114
MOVE B69 138
MOVE B70 175
MOVE B71 189
MOVE B72 195
DAMAGE TURRET A94 1
DAMAGE TURRET A99 1
DAMAGE TURRET B67 2
DAMAGE COMBAT A88 2
DAMAGE COMBAT A94 2
DAMAGE COMBAT A99 2
DAMAGE COMBAT B38 6
DAMAGE COMBAT B41 1
DAMAGE COMBAT B65 3
DAMAGE COMBAT B67 2
END TURN 218
TURN 219
COMMAND LEFT START
MOVE A124 107
MOVE A123 107
TRAIN 3
COMMAND LEFT END
COMMAND RIGHT START
MOVE B73 138
TRAIN 1
COMMAND RIGHT END
TURN 219 RESULT
TIME LEFT 3 5 RIGHT 3 5
TRAIN A125 A126 A127 B74
MOVE A76 114
MOVE A90 177
MOVE A114 95
MOVE A115 95
MOVE A116 95
MOVE A117 80
MOVE A118 80
MOVE A119 80
MOVE A120 28
MOVE A121 28
MOVE A122 28
MOVE A123 4
MOVE A124 4
MOVE B70 155
MOVE B71 175
MOVE B72 189
MOVE B73 208
DAMAGE TURRET A94 1
DAMAGE TURRET A99 1
DAMAGE TURRET B67 2
DAMAGE COMBAT A88 2
DAMAGE COMBAT A94 2
DAMAGE COMBAT A99 1
DAMAGE COMBAT B41 5
DAMAGE COMBAT B65 1
DAMAGE COMBAT B68 3
DAMAGE COMBAT B69 2
SIEGE B 157 2
END TURN 219
TURN 220
COMMAND LEFT START
MOVE A127 107
MOVE A126 107
MOVE A125 107
TRAIN 1
COMMAND LEFT END
COMMAND RIGHT START
MOVE B21 157
MOVE B74 157
MOVE B16 157
COMMAND RIGHT END
TURN 220 RESULT
TIME LEFT 0 5 RIGHT 0 5
TRAIN A128
MOVE A90 184
MOVE A114 107
MOVE A115 107
MOVE A116 107
MOVE A117 95
MOVE A118 95
MOVE A119 95
MOVE A120 42
MOVE A121 42
MOVE A122 42
MOVE A123 11
MOVE A124 11
MOVE A125 4
MOVE A126 4
MOVE A127 4
MOVE B16 210
MOVE B21 210
MOVE B70 138
MOVE B71 155
MOVE B72 175
MOVE B73 195
MOVE B74 210
DAMAGE TURRET A90 1
DAMAGE TURRET A94 1
DAMAGE TURRET A99 1
DAMAGE TURRET B68 2
DAMAGE COMBAT A75 1
DAMAGE COMBAT A90 3
DAMAGE COMBAT A94 1
DAMAGE COMBAT A95 1
DAMAGE COMBAT B3 1
DAMAGE COMBAT B68 1
DAMAGE COMBAT B69 3
SIEGE B 157 7
END TURN 220
TURN 221
COMMAND LEFT START
MOVE A79 114
MOVE A128 107
TRAIN 3
COMMAND LEFT END
COMMAND RIGHT START
TRAIN 1
COMMAND RIGHT END
TURN 221 RESULT
TIME LEFT 3 5 RIGHT 3 5
TRAIN A129 A130 A131 B75
MOVE A79 106
MOVE A117 107
MOVE A118 107
MOVE A119 107
MOVE A120 53
MOVE A121 53
MOVE A122 53
MOVE A123 28
MOVE A124 28
MOVE A125 11
MOVE A126 11
MOVE A127 11
MOVE A128 4
MOVE B16 196
MOVE B21 196
MOVE B71 138
MOVE B72 155
MOVE B73 189
MOVE B74 196
DAMAGE TURRET A90 1
DAMAGE TURRET A95 1
DAMAGE TURRET A99 1
DAMAGE COMBAT A90 2
DAMAGE COMBAT A95 3
DAMAGE COMBAT B3 1
DAMAGE COMBAT B69 1
DAMAGE COMBAT B70 1
SIEGE B 157 3
END TURN 221
TURN 222
COMMAND LEFT START
MOVE A99 107
MOVE A100 107
MOVE A101 107
MOVE A102 107
MOVE A103 107
MOVE A104 107
MOVE A119 184
MOVE A131 107
MOVE A130 107
MOVE A129 107
UPGRADE 157
TRAIN 3
COMMAND LEFT END
COMMAND RIGHT START
MOVE B24 138
MOVE B75 138
COMMAND RIGHT END
TURN 222 RESULT
TIME LEFT 0 5 RIGHT 0 5
UPGRADE A 157
TRAIN A132 A133 A134
MOVE A79 111
MOVE A99 139
MOVE A100 139
MOVE A101 139
MOVE A102 139
MOVE A103 139
MOVE A104 139
MOVE A119 115
MOVE A120 66
MOVE A121 66
MOVE A122 66
MOVE A123 42
MOVE A124 42
MOVE A125 28
MOVE A126 28
MOVE A127 28
MOVE A128 11
MOVE A129 4
MOVE A130 4
MOVE A131 4
MOVE B16 190
MOVE B21 190
MOVE B24 177
MOVE B72 138
MOVE B73 175
MOVE B74 190
MOVE B75 208
DAMAGE TURRET A95 1
DAMAGE COMBAT A95 2
DAMAGE COMBAT A96 1
DAMAGE COMBAT B70 2
END TURN 222
TURN 223
COMMAND LEFT START
MOVE A134 107
MOVE A133 107
MOVE A132 107
UPGRADE 157
COMMAND LEFT END
COMMAND RIGHT START
TRAIN 1
COMMAND RIGHT END
TURN 223 RESULT
TIME LEFT 3 5 RIGHT 3 5
UPGRADE A 157
TRAIN B76
MOVE A79 102
MOVE A99 121
MOVE A100 121
MOVE A101 121
MOVE A102 121
MOVE A103 121
MOVE A104 121
MOVE A119 130
MOVE A120 80
MOVE A121 80
MOVE A122 80
MOVE A123 53
MOVE A124 53
MOVE A125 42
MOVE A126 42
MOVE A127 42
MOVE A128 28
MOVE A129 11
MOVE A130 11
MOVE A131 11
MOVE A132 4
MOVE A133 4
MOVE A134 4
MOVE B16 178
MOVE B21 178
MOVE B24 172
MOVE B73 155
MOVE B74 178
MOVE B75 195
DAMAGE TURRET A96 1
DAMAGE COMBAT A96 3
DAMAGE COMBAT B70 1
END TURN 223
TURN 224
COMMAND LEFT START
MOVE A80 157
UPGRADE 157
COMMAND LEFT END
COMMAND RIGHT START
MOVE B76 138
COMMAND RIGHT END
TURN 224 RESULT
TIME LEFT 0 5 RIGHT 0 5
UPGRADE A 157
MOVE A79 110
MOVE A80 115
MOVE A99 115
MOVE A100 115
MOVE A101 115
MOVE A102 115
MOVE A103 115
MOVE A104 115
MOVE A119 151
MOVE A120 95
MOVE A121 95
MOVE A122 95
MOVE A123 66
MOVE A124 66
MOVE A125 53
MOVE A126 53
MOVE A127 53
MOVE A128 42
MOVE A129 28
MOVE A130 28
MOVE A131 28
MOVE A132 11
MOVE A133 11
MOVE A134 11
MOVE B16 164
MOVE B21 164
MOVE B24 161
MOVE B73 138
MOVE B74 164
MOVE B75 189
MOVE B76 208
DAMAGE TURRET A96 1
DAMAGE COMBAT A96 2
DAMAGE COMBAT B70 1
END TURN 224
TURN 225
COMMAND LEFT START
MOVE A81 157
TRAIN 2
COMMAND LEFT END
COMMAND RIGHT START
TRAIN 1
COMMAND RIGHT END
TURN 225 RESULT
TIME LEFT 2 5 RIGHT 2 5
TRAIN A135 A136 B77
MOVE A79 114
MOVE A80 121
MOVE A81 115
MOVE A99 107
MOVE A100 107
MOVE A101 107
MOVE A102 107
MOVE A103 107
MOVE A104 107
MOVE A119 168
MOVE A120 107
MOVE A121 107
MOVE A122 107
MOVE A123 80
MOVE A124 80
MOVE A125 66
MOVE A126 66
MOVE A127 66
MOVE A128 53
MOVE A129 42
MOVE A130 42
MOVE A131 42
MOVE A132 28
MOVE A133 28
MOVE A134 28
MOVE B16 157
MOVE B21 157
MOVE B24 149
MOVE B74 157
MOVE B75 175
MOVE B76 195
DAMAGE TURRET B16 2
DAMAGE COMBAT A105 3
DAMAGE COMBAT B16 1
END TURN 225
TURN 226
COMMAND LEFT START
MOVE A136 107
MOVE A135 107
TRAIN 3
COMMAND LEFT END
COMMAND RIGHT START
COMMAND RIGHT END
TURN 226 RESULT
TIME LEFT 0 5 RIGHT 0 5
TRAIN A137 A138 A139
MOVE A80 139
MOVE A81 121
MOVE A119 177
MOVE A123 95
MOVE A124 95
MOVE A125 80
MOVE A126 80
MOVE A127 80
MOVE A128 66
MOVE A129 53
MOVE A130 53
MOVE A131 53
MOVE A132 42
MOVE A133 42
MOVE A134 42
MOVE A135 4
MOVE A136 4
MOVE B24 138
MOVE B75 155
MOVE B76 189
DAMAGE TURRET B16 2
DAMAGE COMBAT A105 3
DAMAGE COMBAT B21 1
END TURN 226
TURN 227
COMMAND LEFT START
MOVE A139 107
MOVE A138 107
MOVE A137 107
TRAIN 3
COMMAND LEFT END
COMMAND RIGHT START
MOVE B77 138
TRAIN 1
COMMAND RIGHT END
TURN 227 RESULT
TIME LEFT 2 5 RIGHT 2 5
TRAIN A140 A141 A142 B78
MOVE A80 157
MOVE A81 139
MOVE A119 184
MOVE A123 107
MOVE A124 107
MOVE A125 95
MOVE A126 95
MOVE A127 95
MOVE A128 80
MOVE A129 66
MOVE A130 66
MOVE A131 66
MOVE A132 53
MOVE A133 53
MOVE A134 53
MOVE A135 11
MOVE A136 11
MOVE A137 4
MOVE A138 4
MOVE A139 4
MOVE B75 138
MOVE B76 175
MOVE B77 208
DAMAGE TURRET A119 1
DAMAGE TURRET B21 2
DAMAGE COMBAT A105 2
DAMAGE COMBAT A119 2
DAMAGE COMBAT B3 1
DAMAGE COMBAT B21 2
END TURN 227
TURN 228
COMMAND LEFT START
MOVE A142 107
MOVE A141 107
MOVE A140 107
TRAIN 1
COMMAND LEFT END
COMMAND RIGHT START
COMMAND RIGHT END
TURN 228 RESULT
TIME LEFT 1 5 RIGHT 0 5
TRAIN A143
MOVE A81 157
MOVE A125 107
MOVE A126 107
MOVE A127 107
MOVE A128 95
MOVE A129 80
MOVE A130 80
MOVE A131 80
MOVE A132 66
MOVE A133 66
MOVE A134 66
MOVE A135 28
MOVE A136 28
MOVE A137 11
MOVE A138 11
MOVE A139 11
MOVE A140 4
MOVE A141 4
MOVE A142 4
MOVE B76 155
MOVE B77 195
DAMAGE TURRET A119 1
DAMAGE TURRET B21 1
DAMAGE TURRET B74 1
DAMAGE COMBAT A80 2
DAMAGE COMBAT A119 2
DAMAGE COMBAT B3 1
DAMAGE COMBAT B74 2
END TURN 228
TURN 229
COMMAND LEFT START
MOVE A143 107
TRAIN 1
COMMAND LEFT END
COMMAND RIGHT START
MOVE B78 138
TRAIN 1
COMMAND RIGHT END
TURN 229 RESULT
TIME LEFT 1 5 RIGHT 1 5
TRAIN A144 B79
MOVE A128 107
MOVE A129 95
MOVE A130 95
MOVE A131 95
MOVE A132 80
MOVE A133 80
MOVE A134 80
MOVE A135 42
MOVE A136 42
MOVE A137 28
MOVE A138 28
MOVE A139 28
MOVE A140 11
MOVE A141 11
MOVE A142 11
MOVE A143 4
MOVE B76 138
MOVE B77 189
MOVE B78 208
DAMAGE TURRET A119 1
DAMAGE TURRET B74 2
DAMAGE COMBAT A80 1
DAMAGE COMBAT A119 1
DAMAGE COMBAT B10 1
DAMAGE COMBAT B74 1
END TURN 229
TURN 230
COMMAND LEFT START
MOVE A82 157
MOVE A128 184
MOVE A144 107
TRAIN 3
COMMAND LEFT END
COMMAND RIGHT START
MOVE B79 184
COMMAND RIGHT END
TURN 230 RESULT
TIME LEFT 1 5 RIGHT 1 5
TRAIN A145 A146 A147
MOVE A82 115
MOVE A128 115
MOVE A129 107
MOVE A130 107
MOVE A131 107
MOVE A132 95
MOVE A133 95
MOVE A134 95
MOVE A135 53
MOVE A136 53
MOVE A137 42
MOVE A138 42
MOVE A139 42
MOVE A140 28
MOVE A141 28
MOVE A142 28
MOVE A143 11
MOVE A144 4
MOVE B77 175
MOVE B78 195
MOVE B79 210
END TURN 230
TURN 231
COMMAND LEFT START
MOVE A131 214
MOVE A130 214
MOVE A129 214
MOVE A127 214
MOVE A126 214
MOVE A125 214
MOVE A124 214
MOVE A123 214
MOVE A122 214
MOVE A121 214
MOVE A120 214
MOVE A118 214
MOVE A117 214
MOVE A116 214
MOVE A115 214
MOVE A114 214
MOVE A113 214
MOVE A112 214
MOVE A111 214
MOVE A110 214
MOVE A109 214
MOVE A108 214
MOVE A107 214
MOVE A106 214
MOVE A104 214
MOVE A103 214
MOVE A102 214
MOVE A101 214
MOVE A100 214
MOVE A99 214
MOVE A98 214
MOVE A97 214
MOVE A87 214
MOVE A86 214
MOVE A85 214
COMMAND LEFT END
COMMAND RIGHT START
COMMAND RIGHT END
TURN 231 RESULT
TIME LEFT 0 5 RIGHT 0 5
MOVE A82 121
MOVE A85 119
MOVE A86 119
MOVE A87 119
MOVE A97 119
MOVE A98 119
MOVE A99 119
MOVE A100 119
MOVE A101 119
MOVE A102 119
MOVE A103 119
MOVE A104 119
MOVE A106 119
MOVE A107 119
MOVE A108 119
MOVE A109 119
MOVE A110 119
MOVE A111 119
MOVE A112 119
MOVE A113 119
MOVE A114 119
MOVE A115 119
MOVE A116 119
MOVE A117 119
MOVE A118 119
MOVE A120 119
MOVE A121 119
MOVE A122 119
MOVE A123 119
MOVE A124 119
MOVE A125 119
MOVE A126 119
MOVE A127 119
MOVE A128 130
MOVE A129 119
MOVE A130 119
MOVE A131 119
MOVE A132 107
MOVE A133 107
MOVE A134 107
MOVE A135 66
MOVE A136 66
MOVE A137 53
MOVE A138 53
MOVE A139 53
MOVE A140 42
MOVE A141 42
MOVE A142 42
MOVE A143 28
MOVE A144 11
MOVE B77 155
MOVE B78 189
MOVE B79 196
END TURN 231
TURN 232
COMMAND LEFT START
TRAIN 3
COMMAND LEFT END
COMMAND RIGHT START
TRAIN 1
COMMAND RIGHT END
TURN 232 RESULT
TIME LEFT 0 5 RIGHT 0 5
TRAIN A148 A149 A150 B80
MOVE A82 139
MOVE A85 134
MOVE A86 134
MOVE A87 134
MOVE A97 134
MOVE A98 134
MOVE A99 134
MOVE A100 134
MOVE A101 134
MOVE A102 134
MOVE A103 134
MOVE A104 134
MOVE A106 134
MOVE A107 134
MOVE A108 134
MOVE A109 134
MOVE A110 134
MOVE A111 134
MOVE A112 134
MOVE A113 134
MOVE A114 134
MOVE A115 134
MOVE A116 134
MOVE A117 134
MOVE A118 134
MOVE A120 134
MOVE A121 134
MOVE A122 134
MOVE A123 134
MOVE A124 134
MOVE A125 134
MOVE A126 134
MOVE A127 134
MOVE A128 151
MOVE A129 134
MOVE A130 134
MOVE A131 134
MOVE A135 80
MOVE A136 80
MOVE A137 66
MOVE A138 66
MOVE A139 66
MOVE A140 53
MOVE A141 53
MOVE A142 53
MOVE A143 42
MOVE A144 28
MOVE B77 138
MOVE B78 175
MOVE B79 184
END TURN 232
TURN 233
COMMAND LEFT START
TRAIN 3
COMMAND LEFT END
COMMAND RIGHT START
MOVE B77 157
MOVE B80 130
COMMAND RIGHT END
TURN 233 RESULT
TIME LEFT 3 5 RIGHT 3 5
TRAIN A151 A152 A153
MOVE A82 157
MOVE A85 148
MOVE A86 148
MOVE A87 148
MOVE A97 148
MOVE A98 148
MOVE A99 148
MOVE A100 148
MOVE A101 148
MOVE A102 148
MOVE A103 148
MOVE A104 148
MOVE A106 148
MOVE A107 148
MOVE A108 148
MOVE A109 148
MOVE A110 148
MOVE A111 148
MOVE A112 148
MOVE A113 148
MOVE A114 148
MOVE A115 148
MOVE A116 148
MOVE A117 148
MOVE A118 148
MOVE A120 148
MOVE A121 148
MOVE A122 148
MOVE A123 148
MOVE A124 148
MOVE A125 148
MOVE A126 148
MOVE A127 148
MOVE A128 168
MOVE A129 148
MOVE A130 148
MOVE A131 148
MOVE A135 95
MOVE A136 95
MOVE A137 80
MOVE A138 80
MOVE A139 80
MOVE A140 66
MOVE A141 66
MOVE A142 66
MOVE A143 53
MOVE A144 42
MOVE B77 149
MOVE B78 155
MOVE B80 210
END TURN 233
TURN 234
COMMAND LEFT START
TRAIN 3
COMMAND LEFT END
COMMAND RIGHT START
TRAIN 1
COMMAND RIGHT END
TURN 234 RESULT
TIME LEFT 0 5 RIGHT 0 5
TRAIN A154 A155 A156 B81
MOVE A85 161
MOVE A86 161
MOVE A87 161
MOVE A97 161
MOVE A98 161
MOVE A99 161
MOVE A100 161
MOVE A101 161
MOVE A102 161
MOVE A103 161
MOVE A104 161
MOVE A106 161
MOVE A107 161
MOVE A108 161
MOVE A109 161
MOVE A110 161
MOVE A111 161
MOVE A112 161
MOVE A113 161
MOVE A114 161
MOVE A115 161
MOVE A116 161
MOVE A117 161
MOVE A118 161
MOVE A120 161
MOVE A121 161
MOVE A122 161
MOVE A123 161
MOVE A124 161
MOVE A125 161
MOVE A126 161
MOVE A127 161
MOVE A128 177
MOVE A129 161
MOVE A130 161
MOVE A131 161
MOVE A135 107
MOVE A136 107
MOVE A137 95
MOVE A138 95
MOVE A139 95
MOVE A140 80
MOVE A141 80
MOVE A142 80
MOVE A143 66
MOVE A144 53
MOVE B77 148
MOVE B78 138
MOVE B80 196
END TURN 234
TURN 235
COMMAND LEFT START
TRAIN 3
COMMAND LEFT END
COMMAND RIGHT START
COMMAND RIGHT END
TURN 235 RESULT
TIME LEFT 3 5 RIGHT 3 5
TRAIN A157 A158 A159
MOVE A85 172
MOVE A86 172
MOVE A87 172
MOVE A97 172
MOVE A98 172
MOVE A99 172
MOVE A100 172
MOVE A101 172
MOVE A102 172
MOVE A103 172
MOVE A104 172
MOVE A106 172
MOVE A107 172
MOVE A108 172
MOVE A109 172
MOVE A110 172
MOVE A111 172
MOVE A112 172
MOVE A113 172
MOVE A114 172
MOVE A115 172
MOVE A116 172
MOVE A117 172
MOVE A118 172
MOVE A120 172
MOVE A121 172
MOVE A122 172
MOVE A123 172
MOVE A124 172
MOVE A125 172
MOVE A126 172
MOVE A127 172
MOVE A128 184
MOVE A129 172
MOVE A130 172
MOVE A131 172
MOVE A137 107
MOVE A138 107
MOVE A139 107
MOVE A140 95
MOVE A141 95
MOVE A142 95
MOVE A143 80
MOVE A144 66
MOVE B77 151
MOVE B80 184
DAMAGE TURRET A128 1
DAMAGE COMBAT A128 3
DAMAGE COMBAT B10 1
END TURN 235
TURN 236
COMMAND LEFT START
TRAIN 3
COMMAND LEFT END
COMMAND RIGHT START
COMMAND RIGHT END
TURN 236 RESULT
TIME LEFT 0 5 RIGHT 0 5
TRAIN A160 A161 A162
MOVE A85 186
MOVE A86 186
MOVE A87 186
MOVE A97 186
MOVE A98 186
MOVE A99 186
MOVE A100 186
MOVE A101 186
MOVE A102 186
MOVE A103 186
MOVE A104 186
MOVE A106 186
MOVE A107 186
MOVE A108 186
MOVE A109 186
MOVE A110 186
MOVE A111 186
MOVE A112 186
MOVE A113 186
MOVE A114 186
MOVE A115 186
MOVE A116 186
MOVE A117 186
MOVE A118 186
MOVE A120 186
MOVE A121 186
MOVE A122 186
MOVE A123 186
MOVE A124 186
MOVE A125 186
MOVE A126 186
MOVE A127 186
MOVE A129 186
MOVE A130 186
MOVE A131 186
MOVE A140 107
MOVE A141 107
MOVE A142 107
MOVE A143 95
MOVE A144 80
MOVE B77 157
DAMAGE TURRET A128 1
DAMAGE TURRET B77 2
DAMAGE COMBAT A80 1
DAMAGE COMBAT A128 3
DAMAGE COMBAT B10 1
DAMAGE COMBAT B77 3
END TURN 236
TURN 237
COMMAND LEFT START
MOVE A142 184
MOVE A141 184
MOVE A140 184
MOVE A139 184
MOVE A138 184
MOVE A137 184
MOVE A136 184
MOVE A135 184
MOVE A134 184
MOVE A133 184
MOVE A132 184
COMMAND LEFT END
COMMAND RIGHT START
TRAIN 1
COMMAND RIGHT END
TURN 237 RESULT
TIME LEFT 3 5 RIGHT 3 5
TRAIN B82
MOVE A85 203
MOVE A86 203
MOVE A87 203
MOVE A97 203
MOVE A98 203
MOVE A99 203
MOVE A100 203
MOVE A101 203
MOVE A102 203
MOVE A103 203
MOVE A104 203
MOVE A106 203
MOVE A107 203
MOVE A108 203
MOVE A109 203
MOVE A110 203
MOVE A111 203
MOVE A112 203
MOVE A113 203
MOVE A114 203
MOVE A115 203
MOVE A116 203
MOVE A117 203
MOVE A118 203
MOVE A120 203
MOVE A121 203
MOVE A122 203
MOVE A123 203
MOVE A124 203
MOVE A125 203
MOVE A126 203
MOVE A127 203
MOVE A129 203
MOVE A130 203
MOVE A131 203
MOVE A132 115
MOVE A133 115
MOVE A134 115
MOVE A135 115
MOVE A136 115
MOVE A137 115
MOVE A138 115
MOVE A139 115
MOVE A140 115
MOVE A141 115
MOVE A142 115
MOVE A143 107
MOVE A144 95
MOVE B80 177
DAMAGE TURRET B77 1
DAMAGE COMBAT A80 1
END TURN 237
TURN 238
COMMAND LEFT START
MOVE A162 107
MOVE A161 107
MOVE A160 107
MOVE A159 107
MOVE A158 107
MOVE A157 107
MOVE A156 107
MOVE A155 107
TRAIN 3
COMMAND LEFT END
COMMAND RIGHT START
COMMAND RIGHT END
TURN 238 RESULT
TIME LEFT 0 5 RIGHT 0 5
TRAIN A163 A164 A165
MOVE A85 210
MOVE A86 210
MOVE A87 210
MOVE A97 210
MOVE A98 210
MOVE A99 210
MOVE A100 210
MOVE A101 210
MOVE A102 210
MOVE A103 210
MOVE A104 210
MOVE A106 210
MOVE A107 210
MOVE A108 210
MOVE A109 210
MOVE A110 210
MOVE A111 210
MOVE A112 210
MOVE A113 210
MOVE A114 210
MOVE A115 210
MOVE A116 210
MOVE A117 210
MOVE A118 210
MOVE A120 210
MOVE A121 210
MOVE A122 210
MOVE A123 210
MOVE A124 210
MOVE A125 210
MOVE A126 210
MOVE A127 210
MOVE A129 210
MOVE A130 210
MOVE A131 210
MOVE A132 130
MOVE A133 130
MOVE A134 130
MOVE A135 130
MOVE A136 130
MOVE A137 130
MOVE A138 130
MOVE A139 130
MOVE A140 130
MOVE A141 130
MOVE A142 130
MOVE A144 107
MOVE A155 4
MOVE A156 4
MOVE A157 4
MOVE A158 4
MOVE A159 4
MOVE A160 4
MOVE A161 4
MOVE A162 4
MOVE B80 168
END TURN 238
TURN 239
COMMAND LEFT START
MOVE A165 107
TRAIN 3
COMMAND LEFT END
COMMAND RIGHT START
TRAIN 1
COMMAND RIGHT END
TURN 239 RESULT
TIME LEFT 3 5 RIGHT 3 5
TRAIN A166 A167 A168 B83
MOVE A85 214
MOVE A86 214
MOVE A87 214
MOVE A97 214
MOVE A98 214
MOVE A99 214
MOVE A100 214
MOVE A101 214
MOVE A102 214
MOVE A103 214
MOVE A104 214
MOVE A106 214
MOVE A107 214
MOVE A108 214
MOVE A109 214
MOVE A110 214
MOVE A111 214
MOVE A112 214
MOVE A113 214
MOVE A114 214
MOVE A115 214
MOVE A116 214
MOVE A117 214
MOVE A118 214
MOVE A120 214
MOVE A121 214
MOVE A122 214
MOVE A123 214
MOVE A124 214
MOVE A125 214
MOVE A126 214
MOVE A127 214
MOVE A129 214
MOVE A130 214
MOVE A131 214
MOVE A132 151
MOVE A133 151
MOVE A134 151
MOVE A135 151
MOVE A136 151
MOVE A137 151
MOVE A138 151
MOVE A139 151
MOVE A140 151
MOVE A141 151
MOVE A142 151
MOVE A155 11
MOVE A156 11
MOVE A157 11
MOVE A158 11
MOVE A159 11
MOVE A160 11
MOVE A161 11
MOVE A162 11
MOVE A165 4
MOVE B80 151
DAMAGE TURRET A85 1
DAMAGE TURRET A99 1
DAMAGE COMBAT A85 6
DAMAGE COMBAT A132 1
DAMAGE COMBAT B1 4
DAMAGE COMBAT B2 4
DAMAGE COMBAT B8 5
DAMAGE COMBAT B80 6
DAMAGE COMBAT B81 6
DAMAGE COMBAT B82 6
DAMAGE COMBAT B83 6
SIEGE B 214 4
END TURN 239
TURN 240
COMMAND LEFT START
TRAIN 3
COMMAND LEFT END
COMMAND RIGHT START
MOVE B78 214
COMMAND RIGHT END
TURN 240 RESULT
TIME LEFT 0 5 RIGHT 0 5
TRAIN A169 A170 A171
MOVE A132 168
MOVE A133 168
MOVE A134 168
MOVE A135 168
MOVE A136 168
MOVE A137 168
MOVE A138 168
MOVE A139 168
MOVE A140 168
MOVE A141 168
MOVE A142 168
MOVE A155 28
MOVE A156 28
MOVE A157 28
MOVE A158 28
MOVE A159 28
MOVE A160 28
MOVE A161 28
MOVE A162 28
MOVE A165 11
MOVE B78 155
DAMAGE TURRET A86 2
SIEGE B 214 16
END TURN 240
RESULT LEFT_WIN HQ_DESTROYED
